10-05 12:10:16.818 31502 31502 F 13.MorseCodeApp: runtime.cc:709]   native: #41 pc 00671998  /apex/com.android.art/lib64/libart.so (void art::interpreter::ExecuteSwitchImplCpp<false>+1280) (BuildId: eb4ec0f1d1c7267591d83fa87cb36390)
10-05 12:10:16.818 31502 31502 F 13.MorseCodeApp: runtime.cc:709]   native: #42 pc 002ff738  /apex/com.android.art/lib64/libart.so (ExecuteSwitchImplAsm+8) (BuildId: eb4ec0f1d1c7267591d83fa87cb36390)
10-05 12:10:16.818 31502 31502 F 13.MorseCodeApp: runtime.cc:709]   native: #43 pc 001c6db4  /system/framework/framework.jar (offset 9000) (android.app.ActivityThread$H.handleMessage)
10-05 12:10:16.818 31502 31502 F 13.MorseCodeApp: runtime.cc:709]   native: #44 pc 002ff130  /apex/com.android.art/lib64/libart.so (art::interpreter::ArtInterpreterToInterpreterBridge+412) (BuildId: eb4ec0f1d1c7267591d83fa87cb36390)
10-05 12:10:16.818 31502 31502 F 13.MorseCodeApp: runtime.cc:709]   native: #45 pc 0066ab6c  /apex/com.android.art/lib64/libart.so (bool art::interpreter::DoCall<false>+2068) (BuildId: eb4ec0f1d1c7267591d83fa87cb36390)
10-05 12:10:16.818 31502 31502 F 13.MorseCodeApp: runtime.cc:709]   native: #46 pc 006717fc  /apex/com.android.art/lib64/libart.so (void art::interpreter::ExecuteSwitchImplCpp<false>+868) (BuildId: eb4ec0f1d1c7267591d83fa87cb36390)
10-05 12:10:16.818 31502 31502 F 13.MorseCodeApp: runtime.cc:709]   native: #47 pc 002ff738  /apex/com.android.art/lib64/libart.so (ExecuteSwitchImplAsm+8) (BuildId: eb4ec0f1d1c7267591d83fa87cb36390)
10-05 12:10:16.818 31502 31502 F 13.MorseCodeApp: runtime.cc:709]   native: #48 pc 0020c0c8  /system/framework/framework.jar (offset 1236000) (android.os.Handler.dispatchMessage)
10-05 12:10:16.818 31502 31502 F 13.MorseCodeApp: runtime.cc:709]   native: #49 pc 002ff130  /apex/com.android.art/lib64/libart.so (art::interpreter::ArtInterpreterToInterpreterBridge+412) (BuildId: eb4ec0f1d1c7267591d83fa87cb36390)
10-05 12:10:16.818 31502 31502 F 13.MorseCodeApp: runtime.cc:709]   native: #50 pc 0066ab6c  /apex/com.android.art/lib64/libart.so (bool art::interpreter::DoCall<false>+2068) (BuildId: eb4ec0f1d1c7267591d83fa87cb36390)
10-05 12:10:16.818 31502 31502 F 13.MorseCodeApp: runtime.cc:709]   native: #51 pc 006717fc  /apex/com.android.art/lib64/libart.so (void art::interpreter::ExecuteSwitchImplCpp<false>+868) (BuildId: eb4ec0f1d1c7267591d83fa87cb36390)
10-05 12:10:16.818 31502 31502 F 13.MorseCodeApp: runtime.cc:709]   native: #52 pc 002ff738  /apex/com.android.art/lib64/libart.so (ExecuteSwitchImplAsm+8) (BuildId: eb4ec0f1d1c7267591d83fa87cb36390)
10-05 12:10:16.818 31502 31502 F 13.MorseCodeApp: runtime.cc:709]   native: #53 pc 002405d0  /system/framework/framework.jar (offset 1236000) (android.os.Looper.loopOnce)
10-05 12:10:16.818 31502 31502 F 13.MorseCodeApp: runtime.cc:709]   native: #54 pc 002ff130  /apex/com.android.art/lib64/libart.so (art::interpreter::ArtInterpreterToInterpreterBridge+412) (BuildId: eb4ec0f1d1c7267591d83fa87cb36390)
10-05 12:10:16.818 31502 31502 F 13.MorseCodeApp: runtime.cc:709]   native: #55 pc 0066ab6c  /apex/com.android.art/lib64/libart.so (bool art::interpreter::DoCall<false>+2068) (BuildId: eb4ec0f1d1c7267591d83fa87cb36390)
10-05 12:10:16.818 31502 31502 F 13.MorseCodeApp: runtime.cc:709]   native: #56 pc 00671998  /apex/com.android.art/lib64/libart.so (void art::interpreter::ExecuteSwitchImplCpp<false>+1280) (BuildId: eb4ec0f1d1c7267591d83fa87cb36390)
10-05 12:10:16.818 31502 31502 F 13.MorseCodeApp: runtime.cc:709]   native: #57 pc 002ff738  /apex/com.android.art/lib64/libart.so (ExecuteSwitchImplAsm+8) (BuildId: eb4ec0f1d1c7267591d83fa87cb36390)
10-05 12:10:16.818 31502 31502 F 13.MorseCodeApp: runtime.cc:709]   native: #58 pc 00240e0c  /system/framework/framework.jar (offset 1236000) (android.os.Looper.loop)
10-05 12:10:16.818 31502 31502 F 13.MorseCodeApp: runtime.cc:709]   native: #59 pc 002ff130  /apex/com.android.art/lib64/libart.so (art::interpreter::ArtInterpreterToInterpreterBridge+412) (BuildId: eb4ec0f1d1c7267591d83fa87cb36390)
10-05 12:10:16.818 31502 31502 F 13.MorseCodeApp: runtime.cc:709]   native: #60 pc 0066ab6c  /apex/com.android.art/lib64/libart.so (bool art::interpreter::DoCall<false>+2068) (BuildId: eb4ec0f1d1c7267591d83fa87cb36390)
10-05 12:10:16.818 31502 31502 F 13.MorseCodeApp: runtime.cc:709]   native: #61 pc 00671998  /apex/com.android.art/lib64/libart.so (void art::interpreter::ExecuteSwitchImplCpp<false>+1280) (BuildId: eb4ec0f1d1c7267591d83fa87cb36390)
10-05 12:10:16.818 31502 31502 F 13.MorseCodeApp: runtime.cc:709]   native: #62 pc 002ff738  /apex/com.android.art/lib64/libart.so (ExecuteSwitchImplAsm+8) (BuildId: eb4ec0f1d1c7267591d83fa87cb36390)
10-05 12:10:16.818 31502 31502 F 13.MorseCodeApp: runtime.cc:709]   native: #63 pc 001d2e58  /system/framework/framework.jar (offset 9000) (android.app.ActivityThread.main)
10-05 12:10:16.818 31502 31502 F 13.MorseCodeApp: runtime.cc:709]   native: #64 pc 00300b2c  /apex/com.android.art/lib64/libart.so (art::interpreter::Execute +332) (BuildId: eb4ec0f1d1c7267591d83fa87cb36390)
10-05 12:10:16.818 31502 31502 F 13.MorseCodeApp: runtime.cc:709]   native: #65 pc 00300360  /apex/com.android.art/lib64/libart.so (artQuickToInterpreterBridge+888) (BuildId: eb4ec0f1d1c7267591d83fa87cb36390)
10-05 12:10:16.818 31502 31502 F 13.MorseCodeApp: runtime.cc:709]   native: #66 pc 0032e638  /apex/com.android.art/lib64/libart.so (art_quick_to_interpreter_bridge+88) (BuildId: eb4ec0f1d1c7267591d83fa87cb36390)
10-05 12:10:16.818 31502 31502 F 13.MorseCodeApp: runtime.cc:709]   native: #67 pc 00317460  /apex/com.android.art/lib64/libart.so (art_quick_invoke_static_stub+640) (BuildId: eb4ec0f1d1c7267591d83fa87cb36390)
10-05 12:10:16.818 31502 31502 F 13.MorseCodeApp: runtime.cc:709]   native: #68 pc 00311508  /apex/com.android.art/lib64/libart.so (_jobject* art::InvokeMethod<8>+544) (BuildId: eb4ec0f1d1c7267591d83fa87cb36390)
10-05 12:10:16.818 31502 31502 F 13.MorseCodeApp: runtime.cc:709]   native: #69 pc 005c82c8  /apex/com.android.art/lib64/libart.so (art::Method_invoke +32) (BuildId: eb4ec0f1d1c7267591d83fa87cb36390)
10-05 12:10:16.818 31502 31502 F 13.MorseCodeApp: runtime.cc:709]   native: #70 pc 0032e500  /apex/com.android.art/lib64/libart.so (art_quick_generic_jni_trampoline+144) (BuildId: eb4ec0f1d1c7267591d83fa87cb36390)
10-05 12:10:16.818 31502 31502 F 13.MorseCodeApp: runtime.cc:709]   native: #71 pc 00317194  /apex/com.android.art/lib64/libart.so (art_quick_invoke_stub+612) (BuildId: eb4ec0f1d1c7267591d83fa87cb36390)
10-05 12:10:16.818 31502 31502 F 13.MorseCodeApp: runtime.cc:709]   native: #72 pc 0066a984  /apex/com.android.art/lib64/libart.so (bool art::interpreter::DoCall<false>+1580) (BuildId: eb4ec0f1d1c7267591d83fa87cb36390)
10-05 12:10:16.818 31502 31502 F 13.MorseCodeApp: runtime.cc:709]   native: #73 pc 006717fc  /apex/com.android.art/lib64/libart.so (void art::interpreter::ExecuteSwitchImplCpp<false>+868) (BuildId: eb4ec0f1d1c7267591d83fa87cb36390)
10-05 12:10:16.818 31502 31502 F 13.MorseCodeApp: runtime.cc:709]   native: #74 pc 002ff738  /apex/com.android.art/lib64/libart.so (ExecuteSwitchImplAsm+8) (BuildId: eb4ec0f1d1c7267591d83fa87cb36390)
10-05 12:10:16.818 31502 31502 F 13.MorseCodeApp: runtime.cc:709]   native: #75 pc 0026b500  /system/framework/framework.jar (offset 2540000) (com.android.internal.os.RuntimeInit$MethodAndArgsCaller.run)
10-05 12:10:16.818 31502 31502 F 13.MorseCodeApp: runtime.cc:709]   native: #76 pc 00300b2c  /apex/com.android.art/lib64/libart.so (art::interpreter::Execute +332) (BuildId: eb4ec0f1d1c7267591d83fa87cb36390)
10-05 12:10:16.818 31502 31502 F 13.MorseCodeApp: runtime.cc:709]   native: #77 pc 00300360  /apex/com.android.art/lib64/libart.so (artQuickToInterpreterBridge+888) (BuildId: eb4ec0f1d1c7267591d83fa87cb36390)
10-05 12:10:16.818 31502 31502 F 13.MorseCodeApp: runtime.cc:709]   native: #78 pc 0032e638  /apex/com.android.art/lib64/libart.so (art_quick_to_interpreter_bridge+88) (BuildId: eb4ec0f1d1c7267591d83fa87cb36390)
10-05 12:10:16.818 31502 31502 F 13.MorseCodeApp: runtime.cc:709]   native: #79 pc 00c88c94  /data/misc/apexdata/com.android.art/dalvik-cache/arm64/boot.oat (com.android.internal.os.ZygoteInit.main+3396)
10-05 12:10:16.818 31502 31502 F 13.MorseCodeApp: runtime.cc:709]   native: #80 pc 00317460  /apex/com.android.art/lib64/libart.so (art_quick_invoke_static_stub+640) (BuildId: eb4ec0f1d1c7267591d83fa87cb36390)
10-05 12:10:16.818 31502 31502 F 13.MorseCodeApp: runtime.cc:709]   native: #81 pc 00316100  /apex/com.android.art/lib64/libart.so (art::JValue art::InvokeWithVarArgs<_jmethodID*>+800) (BuildId: eb4ec0f1d1c7267591d83fa87cb36390)
10-05 12:10:16.818 31502 31502 F 13.MorseCodeApp: runtime.cc:709]   native: #82 pc 00639868  /apex/com.android.art/lib64/libart.so (art::JNI<true>::CallStaticVoidMethodV+156) (BuildId: eb4ec0f1d1c7267591d83fa87cb36390)
10-05 12:10:16.818 31502 31502 F 13.MorseCodeApp: runtime.cc:709]   native: #83 pc 000e4be8  /system/lib64/libandroid_runtime.so (_JNIEnv::CallStaticVoidMethod+108) (BuildId: 96bc85c3087967ee04ca966c88e241c6)
10-05 12:10:16.818 31502 31502 F 13.MorseCodeApp: runtime.cc:709]   native: #84 pc 000f15bc  /system/lib64/libandroid_runtime.so (android::AndroidRuntime::start+856) (BuildId: 96bc85c3087967ee04ca966c88e241c6)
10-05 12:10:16.818 31502 31502 F 13.MorseCodeApp: runtime.cc:709]   native: #85 pc 00002558  /system/bin/app_process64 (main+1280) (BuildId: ebc4de4123be37be82a02e9a1a415547)
10-05 12:10:16.818 31502 31502 F 13.MorseCodeApp: runtime.cc:709]   native: #86 pc 00053e50  /apex/com.android.runtime/lib64/bionic/libc.so (__libc_init+108) (BuildId: edc1b601d9f8344c1eccd3d77a458f65)
10-05 12:10:16.818 31502 31502 F 13.MorseCodeApp: runtime.cc:709]   at java.lang.Runtime.nativeLoad(Native method)
10-05 12:10:16.818 31502 31502 F 13.MorseCodeApp: runtime.cc:709]   at java.lang.Runtime.loadLibrary0(Runtime.java:1088)
10-05 12:10:16.818 31502 31502 F 13.MorseCodeApp: runtime.cc:709]   - locked <@addr=0x709ddd60> (a java.lang.Runtime)
10-05 12:10:16.818 31502 31502 F 13.MorseCodeApp: runtime.cc:709]   at java.lang.Runtime.loadLibrary0(Runtime.java:1012)
10-05 12:10:16.818 31502 31502 F 13.MorseCodeApp: runtime.cc:709]   at java.lang.System.loadLibrary(System.java:1765)
10-05 12:10:16.818 31502 31502 F 13.MorseCodeApp: runtime.cc:709]   at com.csparks113.MorseCodeApp.MainApplication.onCreate(MainApplication.kt:49)
10-05 12:10:16.818 31502 31502 F 13.MorseCodeApp: runtime.cc:709]   at android.app.Instrumentation.callApplicationOnCreate(Instrumentation.java:1316)
10-05 12:10:16.818 31502 31502 F 13.MorseCodeApp: runtime.cc:709]   at android.app.ActivityThread.handleBindApplication(ActivityThread.java:7848)
10-05 12:10:16.818 31502 31502 F 13.MorseCodeApp: runtime.cc:709]   at android.app.ActivityThread.-$$Nest$mhandleBindApplication(unavailable:0)
10-05 12:10:16.818 31502 31502 F 13.MorseCodeApp: runtime.cc:709]   at android.app.ActivityThread$H.handleMessage(ActivityThread.java:2486)
10-05 12:10:16.818 31502 31502 F 13.MorseCodeApp: runtime.cc:709]   at android.os.Handler.dispatchMessage(Handler.java:106)
10-05 12:10:16.818 31502 31502 F 13.MorseCodeApp: runtime.cc:709]   at android.os.Looper.loopOnce(Looper.java:230)
10-05 12:10:16.818 31502 31502 F 13.MorseCodeApp: runtime.cc:709]   at android.os.Looper.loop(Looper.java:319)
10-05 12:10:16.818 31502 31502 F 13.MorseCodeApp: runtime.cc:709]   at android.app.ActivityThread.main(ActivityThread.java:9063)
10-05 12:10:16.818 31502 31502 F 13.MorseCodeApp: runtime.cc:709]   at java.lang.reflect.Method.invoke(Native method)
10-05 12:10:16.818 31502 31502 F 13.MorseCodeApp: runtime.cc:709]   at com.android.internal.os.RuntimeInit$MethodAndArgsCaller.run(RuntimeInit.java:588)
10-05 12:10:16.818 31502 31502 F 13.MorseCodeApp: runtime.cc:709]   at com.android.internal.os.ZygoteInit.main(ZygoteInit.java:1103)
10-05 12:10:16.818 31502 31502 F 13.MorseCodeApp: runtime.cc:709] Pending exception java.lang.ClassNotFoundException: Didn't find class "com.margelo.nitro.com.morsecode.generated.HybridHapticsSpec" on path: DexPathList[[zip file "/data/app/~~lE5LGPa7YBDGdETfthyYjA==/com.csparks113.MorseCodeApp-5vJNDaguLfJslm_kMD0wRg==/base.apk"],nativeLibraryDirectories=[/data/app/~~lE5LGPa7YBDGdETfthyYjA==/com.csparks113.MorseCodeApp-5vJNDaguLfJslm_kMD0wRg==/lib/arm64, /data/app/~~lE5LGPa7YBDGdETfthyYjA==/com.csparks113.MorseCodeApp-5vJNDaguLfJslm_kMD0wRg==/base.apk!/lib/arm64-v8a, /system/lib64, /system_ext/lib64]]
10-05 12:10:16.818 31502 31502 F 13.MorseCodeApp: runtime.cc:709] (Throwable with no stack trace)
10-05 12:10:16.818 31502 31502 F 13.MorseCodeApp: runtime.cc:709] 
10-05 12:10:16.818 31502 31502 F 13.MorseCodeApp: runtime.cc:717] JNI DETECTED ERROR IN APPLICATION: JNI NewGlobalRef called with pending exception java.lang.ClassNotFoundException: Didn't find class "com.margelo.nitro.com.morsecode.generated.HybridHapticsSpec" on path: DexPathList[[zip file "/data/app/~~lE5LGPa7YBDGdETfthyYjA==/com.csparks113.MorseCodeApp-5vJNDaguLfJslm_kMD0wRg==/base.apk"],nativeLibraryDirectories=[/data/app/~~lE5LGPa7YBDGdETfthyYjA==/com.csparks113.MorseCodeApp-5vJNDaguLfJslm_kMD0wRg==/lib/arm64, /data/app/~~lE5LGPa7YBDGdETfthyYjA==/com.csparks113.MorseCodeApp-5vJNDaguLfJslm_kMD0wRg==/base.apk!/lib/arm64-v8a, /system/lib64, /system_ext/lib64]]
10-05 12:10:16.818 31502 31502 F 13.MorseCodeApp: runtime.cc:717] (Throwable with no stack trace)
10-05 12:10:16.818 31502 31502 F 13.MorseCodeApp: runtime.cc:717] 
10-05 12:10:16.818 31502 31502 F 13.MorseCodeApp: runtime.cc:717]     in call to NewGlobalRef
10-05 12:10:16.818 31502 31502 F 13.MorseCodeApp: runtime.cc:717]     from java.lang.String java.lang.Runtime.nativeLoad(java.lang.String, java.lang.ClassLoader, java.lang.Class)
--------- beginning of crash
10-05 12:10:16.818 31502 31502 F libc    : Fatal signal 6 (SIGABRT), code -1 (SI_QUEUE) in tid 31502 (13.MorseCodeApp), pid 31502 (13.MorseCodeApp)
10-05 12:10:16.819  2682  6725 V WindowManager: Relayout hash=f234a46, pid=4186, syncId=-1: mAttrs={(0,0)(fillxfill) sim={adjust=nothing forwardNavigation} layoutInDisplayCutoutMode=shortEdges ty=BASE_APPLICATION fmt=TRANSPARENT wanim=0x10302f2
10-05 12:10:16.819  2682  6725 V WindowManager:   fl=81910100
10-05 12:10:16.819  2682  6725 V WindowManager:   pfl=1e008040
10-05 12:10:16.819  2682  6725 V WindowManager:   bhv=SHOW_TRANSIENT_BARS_BY_SWIPE
10-05 12:10:16.819  2682  6725 V WindowManager:   fitSides= screenDimDuration=200000 naviIconColor=0}
10-05 12:10:16.820  4186  4186 I ViewRootImpl@b7c15db[LauncherActivity]: Relayout returned: old=(0,0,1080,2340) new=(0,0,1080,2340) relayoutAsync=false req=(1080,2340)8 dur=3 res=0x402 s={false 0x0} ch=true seqId=0
10-05 12:10:16.821  1942  1942 I Layer   : id=8782 Destroyed Transition Root: Task=6311#8782
10-05 12:10:16.865 31526 31526 I crash_dump64: obtaining output fd from tombstoned, type: kDebuggerdTombstoneProto
10-05 12:10:16.866  1180  1180 I tombstoned: received crash request for pid 31502
10-05 12:10:16.866 31526 31526 I crash_dump64: performing dump of process 31502 (target tid = 31502)
10-05 12:10:16.988 31526 31526 F DEBUG   : *** *** *** *** *** *** *** *** *** *** *** *** *** *** *** ***
10-05 12:10:16.988 31526 31526 F DEBUG   : Build fingerprint: 'samsung/g0qsqw/g0q:14/UP1A.231005.007/S906USQU6EXH8:user/release-keys'
10-05 12:10:16.988 31526 31526 F DEBUG   : Revision: '14'
10-05 12:10:16.988 31526 31526 F DEBUG   : ABI: 'arm64'
10-05 12:10:16.988 31526 31526 F DEBUG   : Processor: '7'
10-05 12:10:16.988 31526 31526 F DEBUG   : Timestamp: 2025-10-05 12:10:16.872622199-0400
10-05 12:10:16.988 31526 31526 F DEBUG   : Process uptime: 1s
10-05 12:10:16.988 31526 31526 F DEBUG   : Cmdline: com.csparks113.MorseCodeApp
10-05 12:10:16.988 31526 31526 F DEBUG   : pid: 31502, tid: 31502, name: 13.MorseCodeApp  >>> com.csparks113.MorseCodeApp <<<
10-05 12:10:16.988 31526 31526 F DEBUG   : uid: 10470
10-05 12:10:16.988 31526 31526 F DEBUG   : tagged_addr_ctrl: 0000000000000001 (PR_TAGGED_ADDR_ENABLE)
10-05 12:10:16.988 31526 31526 F DEBUG   : pac_enabled_keys: 000000000000000f (PR_PAC_APIAKEY, PR_PAC_APIBKEY, PR_PAC_APDAKEY, PR_PAC_APDBKEY)
10-05 12:10:16.988 31526 31526 F DEBUG   : signal 6 (SIGABRT), code -1 (SI_QUEUE), fault addr --------
10-05 12:10:16.988 31526 31526 F DEBUG   : Abort message: 'JNI DETECTED ERROR IN APPLICATION: JNI NewGlobalRef called with pending exception java.lang.ClassNotFoundException: Didn't find class "com.margelo.nitro.com.morsecode.generated.HybridHapticsSpec" on path: DexPathList[[zip file "/data/app/~~lE5LGPa7YBDGdETfthyYjA==/com.csparks113.MorseCodeApp-5vJNDaguLfJslm_kMD0wRg==/base.apk"],nativeLibraryDirectories=[/data/app/~~lE5LGPa7YBDGdETfthyYjA==/com.csparks113.MorseCodeApp-5vJNDaguLfJslm_kMD0wRg==/lib/arm64, /data/app/~~lE5LGPa7YBDGdETfthyYjA==/com.csparks113.MorseCodeApp-5vJNDaguLfJslm_kMD0wRg==/base.apk!/lib/arm64-v8a, /system/lib64, /system_ext/lib64]]
10-05 12:10:16.988 31526 31526 F DEBUG   : (Throwable with no stack trace)
10-05 12:10:16.988 31526 31526 F DEBUG   : 
10-05 12:10:16.988 31526 31526 F DEBUG   :     in call to NewGlobalRef
10-05 12:10:16.988 31526 31526 F DEBUG   :     from java.lang.String java.lang.Runtime.nativeLoad(java.lang.String, java.lang.ClassLoader, java.lang.Class)'
10-05 12:10:16.988 31526 31526 F DEBUG   :     x0  0000000000000000  x1  0000000000007b0e  x2  0000000000000006  x3  0000007fc88ba940
10-05 12:10:16.988 31526 31526 F DEBUG   :     x4  5151441f43445342  x5  5151441f43445342  x6  5151441f43445342  x7  7f7f7f7f7f7f7f7f
10-05 12:10:16.988 31526 31526 F DEBUG   :     x8  00000000000000f0  x9  00000074d1855278  x10 0000000000000001  x11 00000074d189db60
10-05 12:10:16.988 31526 31526 F DEBUG   :     x12 00000000000064c0  x13 0000000000000000  x14 0000007fc88b9730  x15 0000023850ad8b85
10-05 12:10:16.988 31526 31526 F DEBUG   :     x16 00000074d1906d18  x17 00000074d18e1680  x18 0000007501ecc000  x19 0000000000007b0e
10-05 12:10:16.988 31526 31526 F DEBUG   :     x20 0000000000007b0e  x21 00000000ffffffff  x22 00000071dda0d000  x23 00000071dda0ee20
10-05 12:10:16.988 31526 31526 F DEBUG   :     x24 00000075010d7000  x25 00000075010d7000  x26 0000000000000000  x27 20c49ba5e353f7cf
10-05 12:10:16.988 31526 31526 F DEBUG   :     x28 00000071dce9a8a8  x29 0000007fc88ba9c0
10-05 12:10:16.988 31526 31526 F DEBUG   :     lr  00000074d188e704  sp  0000007fc88ba920  pc  00000074d188e730  pst 0000000000001000
10-05 12:10:16.988 31526 31526 F DEBUG   : 83 total frames
10-05 12:10:16.988 31526 31526 F DEBUG   : backtrace:
10-05 12:10:16.988 31526 31526 F DEBUG   :       #00 pc 000000000005b730  /apex/com.android.runtime/lib64/bionic/libc.so (abort+168) (BuildId: edc1b601d9f8344c1eccd3d77a458f65)
10-05 12:10:16.988 31526 31526 F DEBUG   :       #01 pc 00000000008a0f04  /apex/com.android.art/lib64/libart.so (art::Runtime::Abort(char const*)+476) (BuildId: eb4ec0f1d1c7267591d83fa87cb36390)
10-05 12:10:16.988 31526 31526 F DEBUG   :       #02 pc 0000000000016188  /apex/com.android.art/lib64/libbase.so (android::base::SetAborter(std::__1::function<void (char const*)>&&)::$_0::__invoke(char const*)+80) (BuildId: 8aca1185566f3990ce9d6c61841c18af)
10-05 12:10:16.988 31526 31526 F DEBUG   :       #03 pc 0000000000015730  /apex/com.android.art/lib64/libbase.so (android::base::LogMessage::~LogMessage()+544) (BuildId: 8aca1185566f3990ce9d6c61841c18af)
10-05 12:10:16.988 31526 31526 F DEBUG   :       #04 pc 00000000002f6200  /apex/com.android.art/lib64/libart.so (art::JavaVMExt::JniAbort(char const*, char const*)+804) (BuildId: eb4ec0f1d1c7267591d83fa87cb36390)
10-05 12:10:16.988 31526 31526 F DEBUG   :       #05 pc 00000000002f5e94  /apex/com.android.art/lib64/libart.so (art::JavaVMExt::JniAbortV(char const*, char const*, std::__va_list)+104) (BuildId: eb4ec0f1d1c7267591d83fa87cb36390)
10-05 12:10:16.988 31526 31526 F DEBUG   :       #06 pc 0000000000377598  /apex/com.android.art/lib64/libart.so (art::(anonymous namespace)::ScopedCheck::AbortF(char const*, ...) (.__uniq.99033978352804627313491551960229047428)+140) (BuildId: eb4ec0f1d1c7267591d83fa87cb36390)
10-05 12:10:16.988 31526 31526 F DEBUG   :       #07 pc 0000000000374da4  /apex/com.android.art/lib64/libart.so (art::(anonymous namespace)::ScopedCheck::Check(art::ScopedObjectAccess&, bool, char const*, art::(anonymous namespace)::JniValueType*) (.__uniq.99033978352804627313491551960229047428)+3244) (BuildId: eb4ec0f1d1c7267591d83fa87cb36390)
10-05 12:10:16.988 31526 31526 F DEBUG   :       #08 pc 000000000036d7d4  /apex/com.android.art/lib64/libart.so (art::(anonymous namespace)::CheckJNI::NewRef(char const*, _JNIEnv*, _jobject*, art::IndirectRefKind) (.__uniq.99033978352804627313491551960229047428)+196) (BuildId: eb4ec0f1d1c7267591d83fa87cb36390)
10-05 12:10:16.988 31526 31526 F DEBUG   :       #09 pc 0000000000591708  /apex/com.android.art/lib64/libart.so (art::JavaVMExt::LoadNativeLibrary(_JNIEnv*, std::__1::basic_string<char, std::__1::char_traits<char>, std::__1::allocator<char> > const&, _jobject*, _jclass*, std::__1::basic_string<char, std::__1::char_traits<char>, std::__1::allocator<char> >*)+1324) (BuildId: eb4ec0f1d1c7267591d83fa87cb36390)
10-05 12:10:16.988 31526 31526 F DEBUG   :       #10 pc 000000000000575c  /apex/com.android.art/lib64/libopenjdkjvm.so (JVM_NativeLoad+368) (BuildId: 5ec440a4f93756cbcc55ec51703f911e)
10-05 12:10:16.988 31526 31526 F DEBUG   :       #11 pc 00000000020da210  /memfd:jit-cache (deleted) (offset 0x2000000) (art_jni_trampoline+176)
10-05 12:10:16.988 31526 31526 F DEBUG   :       #12 pc 0000000002024158  /memfd:jit-cache (deleted) (offset 0x2000000) (java.lang.Runtime.loadLibrary0+408)
10-05 12:10:16.988 31526 31526 F DEBUG   :       #13 pc 00000000020238a0  /memfd:jit-cache (deleted) (offset 0x2000000) (java.lang.Runtime.loadLibrary0+160)
10-05 12:10:16.988 31526 31526 F DEBUG   :       #14 pc 0000000002023630  /memfd:jit-cache (deleted) (offset 0x2000000) (java.lang.System.loadLibrary+160)
10-05 12:10:16.988 31526 31526 F DEBUG   :       #15 pc 0000000000317460  /apex/com.android.art/lib64/libart.so (art_quick_invoke_static_stub+640) (BuildId: eb4ec0f1d1c7267591d83fa87cb36390)
10-05 12:10:16.988 31526 31526 F DEBUG   :       #16 pc 000000000066ab80  /apex/com.android.art/lib64/libart.so (bool art::interpreter::DoCall<false>(art::ArtMethod*, art::Thread*, art::ShadowFrame&, art::Instruction const*, unsigned short, bool, art::JValue*)+2088) (BuildId: eb4ec0f1d1c7267591d83fa87cb36390)
10-05 12:10:16.988 31526 31526 F DEBUG   :       #17 pc 0000000000671998  /apex/com.android.art/lib64/libart.so (void art::interpreter::ExecuteSwitchImplCpp<false>(art::interpreter::SwitchImplContext*)+1280) (BuildId: eb4ec0f1d1c7267591d83fa87cb36390)
10-05 12:10:16.988 31526 31526 F DEBUG   :       #18 pc 00000000002ff738  /apex/com.android.art/lib64/libart.so (ExecuteSwitchImplAsm+8) (BuildId: eb4ec0f1d1c7267591d83fa87cb36390)
10-05 12:10:16.988 31526 31526 F DEBUG   :       #19 pc 0000000000000fe8  [anon:dalvik-classes20.dex extracted in memory from /data/app/~~lE5LGPa7YBDGdETfthyYjA==/com.csparks113.MorseCodeApp-5vJNDaguLfJslm_kMD0wRg==/base.apk] (com.csparks113.MorseCodeApp.MainApplication.onCreate+0)
10-05 12:10:16.988 31526 31526 F DEBUG   :       #20 pc 00000000002ff130  /apex/com.android.art/lib64/libart.so (art::interpreter::ArtInterpreterToInterpreterBridge(art::Thread*, art::CodeItemDataAccessor const&, art::ShadowFrame*, art::JValue*)+412) (BuildId: eb4ec0f1d1c7267591d83fa87cb36390)
10-05 12:10:16.988 31526 31526 F DEBUG   :       #21 pc 000000000066ab6c  /apex/com.android.art/lib64/libart.so (bool art::interpreter::DoCall<false>(art::ArtMethod*, art::Thread*, art::ShadowFrame&, art::Instruction const*, unsigned short, bool, art::JValue*)+2068) (BuildId: eb4ec0f1d1c7267591d83fa87cb36390)
10-05 12:10:16.988 31526 31526 F DEBUG   :       #22 pc 00000000006717fc  /apex/com.android.art/lib64/libart.so (void art::interpreter::ExecuteSwitchImplCpp<false>(art::interpreter::SwitchImplContext*)+868) (BuildId: eb4ec0f1d1c7267591d83fa87cb36390)
10-05 12:10:16.988 31526 31526 F DEBUG   :       #23 pc 00000000002ff738  /apex/com.android.art/lib64/libart.so (ExecuteSwitchImplAsm+8) (BuildId: eb4ec0f1d1c7267591d83fa87cb36390)
10-05 12:10:16.988 31526 31526 F DEBUG   :       #24 pc 000000000025d3dc  /system/framework/framework.jar (android.app.Instrumentation.callApplicationOnCreate+0)
10-05 12:10:16.988 31526 31526 F DEBUG   :       #25 pc 00000000002ff130  /apex/com.android.art/lib64/libart.so (art::interpreter::ArtInterpreterToInterpreterBridge(art::Thread*, art::CodeItemDataAccessor const&, art::ShadowFrame*, art::JValue*)+412) (BuildId: eb4ec0f1d1c7267591d83fa87cb36390)
10-05 12:10:16.988 31526 31526 F DEBUG   :       #26 pc 000000000066ab6c  /apex/com.android.art/lib64/libart.so (bool art::interpreter::DoCall<false>(art::ArtMethod*, art::Thread*, art::ShadowFrame&, art::Instruction const*, unsigned short, bool, art::JValue*)+2068) (BuildId: eb4ec0f1d1c7267591d83fa87cb36390)
10-05 12:10:16.988 31526 31526 F DEBUG   :       #27 pc 00000000006717fc  /apex/com.android.art/lib64/libart.so (void art::interpreter::ExecuteSwitchImplCpp<false>(art::interpreter::SwitchImplContext*)+868) (BuildId: eb4ec0f1d1c7267591d83fa87cb36390)
10-05 12:10:16.988 31526 31526 F DEBUG   :       #28 pc 00000000002ff738  /apex/com.android.art/lib64/libart.so (ExecuteSwitchImplAsm+8) (BuildId: eb4ec0f1d1c7267591d83fa87cb36390)
10-05 12:10:16.988 31526 31526 F DEBUG   :       #29 pc 00000000001ceb14  /system/framework/framework.jar (android.app.ActivityThread.handleBindApplication+0)
10-05 12:10:16.988 31526 31526 F DEBUG   :       #30 pc 00000000002ff130  /apex/com.android.art/lib64/libart.so (art::interpreter::ArtInterpreterToInterpreterBridge(art::Thread*, art::CodeItemDataAccessor const&, art::ShadowFrame*, art::JValue*)+412) (BuildId: eb4ec0f1d1c7267591d83fa87cb36390)
10-05 12:10:16.988 31526 31526 F DEBUG   :       #31 pc 000000000066ab6c  /apex/com.android.art/lib64/libart.so (bool art::interpreter::DoCall<false>(art::ArtMethod*, art::Thread*, art::ShadowFrame&, art::Instruction const*, unsigned short, bool, art::JValue*)+2068) (BuildId: eb4ec0f1d1c7267591d83fa87cb36390)
10-05 12:10:16.988 31526 31526 F DEBUG   :       #32 pc 00000000006717fc  /apex/com.android.art/lib64/libart.so (void art::interpreter::ExecuteSwitchImplCpp<false>(art::interpreter::SwitchImplContext*)+868) (BuildId: eb4ec0f1d1c7267591d83fa87cb36390)
10-05 12:10:16.988 31526 31526 F DEBUG   :       #33 pc 00000000002ff738  /apex/com.android.art/lib64/libart.so (ExecuteSwitchImplAsm+8) (BuildId: eb4ec0f1d1c7267591d83fa87cb36390)
10-05 12:10:16.988 31526 31526 F DEBUG   :       #34 pc 00000000001cbaf4  /system/framework/framework.jar (android.app.ActivityThread.-$$Nest$mhandleBindApplication+0)
10-05 12:10:16.988 31526 31526 F DEBUG   :       #35 pc 00000000002ff130  /apex/com.android.art/lib64/libart.so (art::interpreter::ArtInterpreterToInterpreterBridge(art::Thread*, art::CodeItemDataAccessor const&, art::ShadowFrame*, art::JValue*)+412) (BuildId: eb4ec0f1d1c7267591d83fa87cb36390)
10-05 12:10:16.988 31526 31526 F DEBUG   :       #36 pc 000000000066ab6c  /apex/com.android.art/lib64/libart.so (bool art::interpreter::DoCall<false>(art::ArtMethod*, art::Thread*, art::ShadowFrame&, art::Instruction const*, unsigned short, bool, art::JValue*)+2068) (BuildId: eb4ec0f1d1c7267591d83fa87cb36390)
10-05 12:10:16.988 31526 31526 F DEBUG   :       #37 pc 0000000000671998  /apex/com.android.art/lib64/libart.so (void art::interpreter::ExecuteSwitchImplCpp<false>(art::interpreter::SwitchImplContext*)+1280) (BuildId: eb4ec0f1d1c7267591d83fa87cb36390)
10-05 12:10:16.988 31526 31526 F DEBUG   :       #38 pc 00000000002ff738  /apex/com.android.art/lib64/libart.so (ExecuteSwitchImplAsm+8) (BuildId: eb4ec0f1d1c7267591d83fa87cb36390)
10-05 12:10:16.988 31526 31526 F DEBUG   :       #39 pc 00000000001c6db4  /system/framework/framework.jar (android.app.ActivityThread$H.handleMessage+0)
10-05 12:10:16.988 31526 31526 F DEBUG   :       #40 pc 00000000002ff130  /apex/com.android.art/lib64/libart.so (art::interpreter::ArtInterpreterToInterpreterBridge(art::Thread*, art::CodeItemDataAccessor const&, art::ShadowFrame*, art::JValue*)+412) (BuildId: eb4ec0f1d1c7267591d83fa87cb36390)
10-05 12:10:16.988 31526 31526 F DEBUG   :       #41 pc 000000000066ab6c  /apex/com.android.art/lib64/libart.so (bool art::interpreter::DoCall<false>(art::ArtMethod*, art::Thread*, art::ShadowFrame&, art::Instruction const*, unsigned short, bool, art::JValue*)+2068) (BuildId: eb4ec0f1d1c7267591d83fa87cb36390)
10-05 12:10:16.988 31526 31526 F DEBUG   :       #42 pc 00000000006717fc  /apex/com.android.art/lib64/libart.so (void art::interpreter::ExecuteSwitchImplCpp<false>(art::interpreter::SwitchImplContext*)+868) (BuildId: eb4ec0f1d1c7267591d83fa87cb36390)
10-05 12:10:16.988 31526 31526 F DEBUG   :       #43 pc 00000000002ff738  /apex/com.android.art/lib64/libart.so (ExecuteSwitchImplAsm+8) (BuildId: eb4ec0f1d1c7267591d83fa87cb36390)
10-05 12:10:16.988 31526 31526 F DEBUG   :       #44 pc 000000000020c0c8  /system/framework/framework.jar (android.os.Handler.dispatchMessage+0)
10-05 12:10:16.988 31526 31526 F DEBUG   :       #45 pc 00000000002ff130  /apex/com.android.art/lib64/libart.so (art::interpreter::ArtInterpreterToInterpreterBridge(art::Thread*, art::CodeItemDataAccessor const&, art::ShadowFrame*, art::JValue*)+412) (BuildId: eb4ec0f1d1c7267591d83fa87cb36390)
10-05 12:10:16.988 31526 31526 F DEBUG   :       #46 pc 000000000066ab6c  /apex/com.android.art/lib64/libart.so (bool art::interpreter::DoCall<false>(art::ArtMethod*, art::Thread*, art::ShadowFrame&, art::Instruction const*, unsigned short, bool, art::JValue*)+2068) (BuildId: eb4ec0f1d1c7267591d83fa87cb36390)
10-05 12:10:16.988 31526 31526 F DEBUG   :       #47 pc 00000000006717fc  /apex/com.android.art/lib64/libart.so (void art::interpreter::ExecuteSwitchImplCpp<false>(art::interpreter::SwitchImplContext*)+868) (BuildId: eb4ec0f1d1c7267591d83fa87cb36390)
10-05 12:10:16.988 31526 31526 F DEBUG   :       #48 pc 00000000002ff738  /apex/com.android.art/lib64/libart.so (ExecuteSwitchImplAsm+8) (BuildId: eb4ec0f1d1c7267591d83fa87cb36390)
10-05 12:10:16.988 31526 31526 F DEBUG   :       #49 pc 00000000002405d0  /system/framework/framework.jar (android.os.Looper.loopOnce+0)
10-05 12:10:16.988 31526 31526 F DEBUG   :       #50 pc 00000000002ff130  /apex/com.android.art/lib64/libart.so (art::interpreter::ArtInterpreterToInterpreterBridge(art::Thread*, art::CodeItemDataAccessor const&, art::ShadowFrame*, art::JValue*)+412) (BuildId: eb4ec0f1d1c7267591d83fa87cb36390)
10-05 12:10:16.988 31526 31526 F DEBUG   :       #51 pc 000000000066ab6c  /apex/com.android.art/lib64/libart.so (bool art::interpreter::DoCall<false>(art::ArtMethod*, art::Thread*, art::ShadowFrame&, art::Instruction const*, unsigned short, bool, art::JValue*)+2068) (BuildId: eb4ec0f1d1c7267591d83fa87cb36390)
10-05 12:10:16.988 31526 31526 F DEBUG   :       #52 pc 0000000000671998  /apex/com.android.art/lib64/libart.so (void art::interpreter::ExecuteSwitchImplCpp<false>(art::interpreter::SwitchImplContext*)+1280) (BuildId: eb4ec0f1d1c7267591d83fa87cb36390)
10-05 12:10:16.988 31526 31526 F DEBUG   :       #53 pc 00000000002ff738  /apex/com.android.art/lib64/libart.so (ExecuteSwitchImplAsm+8) (BuildId: eb4ec0f1d1c7267591d83fa87cb36390)
10-05 12:10:16.988 31526 31526 F DEBUG   :       #54 pc 0000000000240e0c  /system/framework/framework.jar (android.os.Looper.loop+0)
10-05 12:10:16.988 31526 31526 F DEBUG   :       #55 pc 00000000002ff130  /apex/com.android.art/lib64/libart.so (art::interpreter::ArtInterpreterToInterpreterBridge(art::Thread*, art::CodeItemDataAccessor const&, art::ShadowFrame*, art::JValue*)+412) (BuildId: eb4ec0f1d1c7267591d83fa87cb36390)
10-05 12:10:16.988 31526 31526 F DEBUG   :       #56 pc 000000000066ab6c  /apex/com.android.art/lib64/libart.so (bool art::interpreter::DoCall<false>(art::ArtMethod*, art::Thread*, art::ShadowFrame&, art::Instruction const*, unsigned short, bool, art::JValue*)+2068) (BuildId: eb4ec0f1d1c7267591d83fa87cb36390)
10-05 12:10:16.988 31526 31526 F DEBUG   :       #57 pc 0000000000671998  /apex/com.android.art/lib64/libart.so (void art::interpreter::ExecuteSwitchImplCpp<false>(art::interpreter::SwitchImplContext*)+1280) (BuildId: eb4ec0f1d1c7267591d83fa87cb36390)
10-05 12:10:16.988 31526 31526 F DEBUG   :       #58 pc 00000000002ff738  /apex/com.android.art/lib64/libart.so (ExecuteSwitchImplAsm+8) (BuildId: eb4ec0f1d1c7267591d83fa87cb36390)
10-05 12:10:16.988 31526 31526 F DEBUG   :       #59 pc 00000000001d2e58  /system/framework/framework.jar (android.app.ActivityThread.main+0)
10-05 12:10:16.988 31526 31526 F DEBUG   :       #60 pc 0000000000300b2c  /apex/com.android.art/lib64/libart.so (art::interpreter::Execute(art::Thread*, art::CodeItemDataAccessor const&, art::ShadowFrame&, art::JValue, bool, bool) (.__uniq.112435418011751916792819755956732575238.llvm.4837409187647361565)+332) (BuildId: eb4ec0f1d1c7267591d83fa87cb36390)
10-05 12:10:16.988 31526 31526 F DEBUG   :       #61 pc 0000000000300360  /apex/com.android.art/lib64/libart.so (artQuickToInterpreterBridge+888) (BuildId: eb4ec0f1d1c7267591d83fa87cb36390)
10-05 12:10:16.989 31526 31526 F DEBUG   :       #62 pc 000000000032e638  /apex/com.android.art/lib64/libart.so (art_quick_to_interpreter_bridge+88) (BuildId: eb4ec0f1d1c7267591d83fa87cb36390)
10-05 12:10:16.989 31526 31526 F DEBUG   :       #63 pc 0000000000317460  /apex/com.android.art/lib64/libart.so (art_quick_invoke_static_stub+640) (BuildId: eb4ec0f1d1c7267591d83fa87cb36390)
10-05 12:10:16.989 31526 31526 F DEBUG   :       #64 pc 0000000000311508  /apex/com.android.art/lib64/libart.so (_jobject* art::InvokeMethod<(art::PointerSize)8>(art::ScopedObjectAccessAlreadyRunnable const&, _jobject*, _jobject*, _jobject*, unsigned long)+544) (BuildId: eb4ec0f1d1c7267591d83fa87cb36390)
10-05 12:10:16.989 31526 31526 F DEBUG   :       #65 pc 00000000005c82c8  /apex/com.android.art/lib64/libart.so (art::Method_invoke(_JNIEnv*, _jobject*, _jobject*, _jobjectArray*) (.__uniq.165753521025965369065708152063621506277)+32) (BuildId: eb4ec0f1d1c7267591d83fa87cb36390)
10-05 12:10:16.989 31526 31526 F DEBUG   :       #66 pc 000000000032e500  /apex/com.android.art/lib64/libart.so (art_quick_generic_jni_trampoline+144) (BuildId: eb4ec0f1d1c7267591d83fa87cb36390)
10-05 12:10:16.989 31526 31526 F DEBUG   :       #67 pc 0000000000317194  /apex/com.android.art/lib64/libart.so (art_quick_invoke_stub+612) (BuildId: eb4ec0f1d1c7267591d83fa87cb36390)
10-05 12:10:16.989 31526 31526 F DEBUG   :       #68 pc 000000000066a984  /apex/com.android.art/lib64/libart.so (bool art::interpreter::DoCall<false>(art::ArtMethod*, art::Thread*, art::ShadowFrame&, art::Instruction const*, unsigned short, bool, art::JValue*)+1580) (BuildId: eb4ec0f1d1c7267591d83fa87cb36390)
10-05 12:10:16.989 31526 31526 F DEBUG   :       #69 pc 00000000006717fc  /apex/com.android.art/lib64/libart.so (void art::interpreter::ExecuteSwitchImplCpp<false>(art::interpreter::SwitchImplContext*)+868) (BuildId: eb4ec0f1d1c7267591d83fa87cb36390)
10-05 12:10:16.989 31526 31526 F DEBUG   :       #70 pc 00000000002ff738  /apex/com.android.art/lib64/libart.so (ExecuteSwitchImplAsm+8) (BuildId: eb4ec0f1d1c7267591d83fa87cb36390)
10-05 12:10:16.989 31526 31526 F DEBUG   :       #71 pc 000000000026b500  /system/framework/framework.jar (com.android.internal.os.RuntimeInit$MethodAndArgsCaller.run+0)
10-05 12:10:16.989 31526 31526 F DEBUG   :       #72 pc 0000000000300b2c  /apex/com.android.art/lib64/libart.so (art::interpreter::Execute(art::Thread*, art::CodeItemDataAccessor const&, art::ShadowFrame&, art::JValue, bool, bool) (.__uniq.112435418011751916792819755956732575238.llvm.4837409187647361565)+332) (BuildId: eb4ec0f1d1c7267591d83fa87cb36390)
10-05 12:10:16.989 31526 31526 F DEBUG   :       #73 pc 0000000000300360  /apex/com.android.art/lib64/libart.so (artQuickToInterpreterBridge+888) (BuildId: eb4ec0f1d1c7267591d83fa87cb36390)
10-05 12:10:16.989 31526 31526 F DEBUG   :       #74 pc 000000000032e638  /apex/com.android.art/lib64/libart.so (art_quick_to_interpreter_bridge+88) (BuildId: eb4ec0f1d1c7267591d83fa87cb36390)
10-05 12:10:16.989 31526 31526 F DEBUG   :       #75 pc 0000000000c88c94  /data/misc/apexdata/com.android.art/dalvik-cache/arm64/boot.oat (com.android.internal.os.ZygoteInit.main+3396)
10-05 12:10:16.989 31526 31526 F DEBUG   :       #76 pc 0000000000317460  /apex/com.android.art/lib64/libart.so (art_quick_invoke_static_stub+640) (BuildId: eb4ec0f1d1c7267591d83fa87cb36390)
10-05 12:10:16.989 31526 31526 F DEBUG   :       #77 pc 0000000000316100  /apex/com.android.art/lib64/libart.so (art::JValue art::InvokeWithVarArgs<_jmethodID*>(art::ScopedObjectAccessAlreadyRunnable const&, _jobject*, _jmethodID*, std::__va_list)+800) (BuildId: eb4ec0f1d1c7267591d83fa87cb36390)
10-05 12:10:16.989 31526 31526 F DEBUG   :       #78 pc 0000000000639868  /apex/com.android.art/lib64/libart.so (art::JNI<true>::CallStaticVoidMethodV(_JNIEnv*, _jclass*, _jmethodID*, std::__va_list)+156) (BuildId: eb4ec0f1d1c7267591d83fa87cb36390)
10-05 12:10:16.989 31526 31526 F DEBUG   :       #79 pc 00000000000e4be8  /system/lib64/libandroid_runtime.so (_JNIEnv::CallStaticVoidMethod(_jclass*, _jmethodID*, ...)+108) (BuildId: 96bc85c3087967ee04ca966c88e241c6)
10-05 12:10:16.989 31526 31526 F DEBUG   :       #80 pc 00000000000f15bc  /system/lib64/libandroid_runtime.so (android::AndroidRuntime::start(char const*, android::Vector<android::String8> const&, bool)+856) (BuildId: 96bc85c3087967ee04ca966c88e241c6)
10-05 12:10:16.989 31526 31526 F DEBUG   :       #81 pc 0000000000002558  /system/bin/app_process64 (main+1280) (BuildId: ebc4de4123be37be82a02e9a1a415547)
10-05 12:10:16.989 31526 31526 F DEBUG   :       #82 pc 0000000000053e50  /apex/com.android.runtime/lib64/bionic/libc.so (__libc_init+108) (BuildId: edc1b601d9f8344c1eccd3d77a458f65)
10-05 12:10:16.999  1180  1180 E tombstoned: Tombstone written to: tombstone_06
10-05 12:10:17.000  2682 31530 I DropBoxManagerService: add tag=data_app_native_crash isTagEnabled=true flags=0x6
10-05 12:10:17.000  2682 31529 W ActivityTaskManager:   Force finishing activity com.csparks113.MorseCodeApp/.MainActivity
10-05 12:10:17.000  2682 31529 D WindowManager: Transition is created, t=TransitionRecord{a5177d0 id=-1 type=CLOSE flags=0x10}, caller=com.android.server.wm.TransitionController.createTransition:339 com.android.server.wm.TransitionController.requestTransitionIfNeeded:824 com.android.server.wm.TransitionController.requestTransitionIfNeeded:730 com.android.server.wm.DisplayContent.requestTransitionAndLegacyPrepare:6986 com.android.server.wm.DisplayContent.requestTransitionAndLegacyPrepare:6979 
10-05 12:10:17.000  2682 31529 D WindowManager: SyncGroup is created, id=630, name=Transition, caller=com.android.server.wm.BLASTSyncEngine$SyncGroup.<init>:0 com.android.server.wm.BLASTSyncEngine.prepareSyncSet:523 com.android.server.wm.BLASTSyncEngine.startSyncSet:528 com.android.server.wm.Transition.startCollecting:704 com.android.server.wm.TransitionController.moveToCollecting:360 com.android.server.wm.TransitionController.createTransition:341 com.android.server.wm.TransitionController.requestTransitionIfNeeded:824 
10-05 12:10:17.001  2682 31529 W WindowManager: setSyncMethod, id=630, method=0, caller=com.android.server.wm.Transition.startCollecting:706 com.android.server.wm.TransitionController.moveToCollecting:360 com.android.server.wm.TransitionController.createTransition:341 
10-05 12:10:17.001  2682 31529 V WindowManager: Start collecting in Transition: TransitionRecord{a5177d0 id=630 type=CLOSE flags=0x10}, caller=com.android.server.wm.TransitionController.createTransition:341 com.android.server.wm.TransitionController.requestTransitionIfNeeded:824 com.android.server.wm.TransitionController.requestTransitionIfNeeded:730 com.android.server.wm.DisplayContent.requestTransitionAndLegacyPrepare:6986 com.android.server.wm.DisplayContent.requestTransitionAndLegacyPrepare:6979 
10-05 12:10:17.001  2682 31532 W ActivityManager: crash : com.csparks113.MorseCodeApp,10470
10-05 12:10:17.001  2682 31529 V WindowManager: Requesting StartTransition: TransitionRecord{a5177d0 id=630 type=CLOSE flags=0x10}, caller=com.android.server.wm.TransitionController.requestTransitionIfNeeded:824 com.android.server.wm.TransitionController.requestTransitionIfNeeded:730 com.android.server.wm.DisplayContent.requestTransitionAndLegacyPrepare:6986 com.android.server.wm.DisplayContent.requestTransitionAndLegacyPrepare:6979 com.android.server.wm.Task.finishTopCrashedActivityLocked:6892 
10-05 12:10:17.001  3753  3813 V WindowManagerShell: Transition requested: android.os.BinderProxy@fc6dddd TransitionRequestInfo { type = CLOSE, triggerTask = null, remoteTransition = null, displayChange = null }
10-05 12:10:17.001  2682 31529 D ActivityTaskManager: scheduleTopResumedActivityChanged, onTop=false, r=ActivityRecord{73f29c5 u0 com.csparks113.MorseCodeApp/.MainActivity t6311 f}}, caller=com.android.server.wm.ActivityTaskSupervisor.updateTopResumedActivityIfNeeded:2873 com.android.server.wm.TaskDisplayArea.positionChildTaskAt:569 com.android.server.wm.TaskDisplayArea.positionChildAt:485 com.android.server.wm.WindowContainer.positionChildAt:993 com.android.server.wm.Task.positionChildAt:3373 com.android.server.wm.Task.moveToFront:6140 
10-05 12:10:17.002  2682 31529 D SGM:FgCheckThread: TaskStackListener.onTaskFocusChanged(), taskId=6311, focused=false
10-05 12:10:17.002  2682 31529 D SGM:FgCheckThread: TaskStackListener.onTaskFocusChanged(), taskId=6118, focused=true
10-05 12:10:17.002  2682 31529 D SGM:FgCheckThread:   sendRunningComponentFocus(), pkgName: com.sec.android.app.launcher, userId: 0
10-05 12:10:17.002  2682  3292 D SGM:FgCheckThread: onLooperPrepared(), msg: MSG_TASK_FOCUSED, pkgName: com.sec.android.app.launcher, userId: 0
10-05 12:10:17.002  2682  3292 D SGM:FgCheckThread: handleTaskFocused().
10-05 12:10:17.002  2682 31529 D InputDispatcher: Focused application(0): ActivityRecord{8b8ea7a u0 com.sec.android.app.launcher/.activities.LauncherActivity t6118}
10-05 12:10:17.002  2682  3517 D AS.MultiSoundManager: mForegroundUid = 10153
10-05 12:10:17.002  2682  3292 D SGM:FgCheckThread: sendFocusOutConditionally() - mPrevNotiPkg: (unknown), userId: 0
10-05 12:10:17.003  2682  3239 I BootReceiver: Copying /data/tombstones/tombstone_06 to DropBox (SYSTEM_TOMBSTONE)
10-05 12:10:17.003  2682 31529 D SGM:FgCheckThread: TaskStackListener.onTaskFocusChanged(), taskId=6311, focused=false
10-05 12:10:17.003  2682 31529 D SGM:FgCheckThread: TaskStackListener.onTaskFocusChanged(), taskId=6118, focused=true
10-05 12:10:17.003  2682  3292 D SGM:FgCheckThread:   handleTaskFocused(), pkgName: com.sec.android.app.launcher, userID:0 mResumedPkgMap does not containsKey.
10-05 12:10:17.003  2682 31529 D SGM:FgCheckThread:   sendRunningComponentFocus(), pkgName: com.sec.android.app.launcher, userId: 0
10-05 12:10:17.003  2682  3239 I DropBoxManagerService: add tag=SYSTEM_TOMBSTONE isTagEnabled=true flags=0x6
10-05 12:10:17.003  2682  3292 D SGM:FgCheckThread: onLooperPrepared(), msg: MSG_TASK_FOCUSED, pkgName: com.sec.android.app.launcher, userId: 0
10-05 12:10:17.003  2682  3292 D SGM:FgCheckThread: handleTaskFocused().
10-05 12:10:17.003  2682  3292 D SGM:FgCheckThread:   handleTaskFocused(), pkgName: com.sec.android.app.launcher, userID:0 mResumedPkgMap does not containsKey.
10-05 12:10:17.003  2682 31529 V WindowManager: Collecting in transition 630: Task{48eba4b #6311 type=standard A=10470:com.csparks113.MorseCodeApp}, caller=com.android.server.wm.Transition.collect:753 com.android.server.wm.Transition.collectExistenceChange:936 com.android.server.wm.TransitionController.collectExistenceChange:1025 com.android.server.wm.TransitionController.requestCloseTransitionIfNeeded:963 com.android.server.wm.ActivityRecord.finishIfPossible:4361 
10-05 12:10:17.003  2682  3517 D AS.MultiSoundManager: mForegroundUid = 10153
10-05 12:10:17.003  2682 31529 D WindowManager: prepareSync <SYNC_STATE_WAITING_FOR_DRAW>, mPrepareSyncSeqId=0, win=Window{bb5cc7d u0 Splash Screen com.csparks113.MorseCodeApp}
10-05 12:10:17.003  2682 31529 V WindowManager: Collecting in transition 630: ActivityRecord{73f29c5 u0 com.csparks113.MorseCodeApp/.MainActivity t6311 f}}, caller=com.android.server.wm.Transition.collect:753 com.android.server.wm.TransitionController.collect:975 com.android.server.wm.ActivityRecord.setVisibility:6429 com.android.server.wm.ActivityRecord.setVisibility:6381 com.android.server.wm.ActivityRecord.finishIfPossible:4440 
10-05 12:10:17.003  2682 31529 D WindowManager: VisibleRequested updated, r=ActivityRecord{73f29c5 u0 com.csparks113.MorseCodeApp/.MainActivity t6311 f}}
10-05 12:10:17.006  2682  6725 V WindowManager: Starting Transition 630, caller=com.android.server.wm.WindowOrganizerController.startTransition:382 com.android.server.wm.WindowOrganizerController.startTransition:313 android.window.IWindowOrganizerController$Stub.onTransact:257 
10-05 12:10:17.006  2682  6725 V Transition:  allReady query: used=true, override=false, defer=0, states=Display{#0 state=ON size=1080x2340 ROTATION_0}:false
10-05 12:10:17.006  2682  2812 I ActivityManager: Showing crash dialog for package com.csparks113.MorseCodeApp u0
10-05 12:10:17.007  2682  2812 D IAFDDiagnosis: parseExpType start
10-05 12:10:17.007  2682  2812 D IAFDDiagnosis: parseExpType fail, skip, callstack as the following:
10-05 12:10:17.007  2682  2812 W System.err: java.lang.StringIndexOutOfBoundsException: begin 14, end 270, length 256
10-05 12:10:17.007  2682  2861 D IAFDDBManager: syncDBType(): mCurDBIndex=1, curDBVer=5
10-05 12:10:17.008  4186 31214 I HoneySpace.RecentTasks: onRecentTasksChanged
10-05 12:10:17.008  4186  4351 I HoneySpace.TopTaskSource: onTaskMovedToFront : taskId = 6118
10-05 12:10:17.008  2682  2861 D IAFDDBManager: syncDBType(): mCurDBIndex=1, curDBVer=5
10-05 12:10:17.008  4186  4351 I HoneySpace.TopTaskSource: onTaskFocusChanged(): taskId = 6118
10-05 12:10:17.008  2682  2812 W System.err: 	at java.lang.String.checkBoundsBeginEnd(String.java:4519)
10-05 12:10:17.008  2682  2812 W System.err: 	at java.lang.String.substring(String.java:2537)
10-05 12:10:17.008  2682  2812 W System.err: 	at com.sec.android.iaft.IAFDDiagnosis.getCauseForNE(IAFDDiagnosis.java:234)
10-05 12:10:17.008  2682  2812 W System.err: 	at com.sec.android.iaft.IAFDDiagnosis.parseExpTypeInternal(IAFDDiagnosis.java:379)
10-05 12:10:17.008  2682  2812 W System.err: 	at com.sec.android.iaft.IAFDDiagnosis.parseExpType(IAFDDiagnosis.java:550)
10-05 12:10:17.008  2682  2812 W System.err: 	at com.android.server.am.AppErrors.handleShowAppErrorUi(AppErrors.java:1171)
10-05 12:10:17.008  2682  2812 W System.err: 	at com.android.server.am.ActivityManagerService$UiHandler.handleMessage(ActivityManagerService.java:2041)
10-05 12:10:17.008  2682  2812 W System.err: 	at android.os.Handler.dispatchMessage(Handler.java:106)
10-05 12:10:17.008  2682  2812 W System.err: 	at android.os.Looper.loopOnce(Looper.java:230)
10-05 12:10:17.008  2682  2812 W System.err: 	at android.os.Looper.loop(Looper.java:319)
10-05 12:10:17.008  2682  2812 W System.err: 	at android.os.HandlerThread.run(HandlerThread.java:67)
10-05 12:10:17.008  2682  2812 W System.err: 	at com.android.server.ServiceThread.run(ServiceThread.java:46)
10-05 12:10:17.008  2682  2812 W System.err: 	at com.android.server.UiThread.run(UiThread.java:52)
10-05 12:10:17.008  4186  4353 I HoneySpace.TopTaskUseCase: topTasks 6118 ComponentInfo{com.sec.android.app.launcher/com.sec.android.app.launcher.Launcher}
10-05 12:10:17.008  4186  4351 I HoneySpace.TopTaskSource: onTaskFocusChanged(): taskId = 6118
10-05 12:10:17.008  2682  2812 I Dialog  : mIsDeviceDefault = true, mIsSamsungBasicInteraction = false, isMetaDataInActivity = false
10-05 12:10:17.008  4186  4351 I HoneySpace.TopTaskSource: onTaskMovedToFront : taskId = 6118
10-05 12:10:17.008  4186  4351 I HoneySpace.TopTaskSource: onTaskMovedToFront : taskId = 6118
10-05 12:10:17.011  2682  2812 D ActivityManager: !@AM_BOOT_PROGRESS , ensureBootCompleted booting:false /enableScreen:false /caller:com.android.server.am.ActivityManagerService$UiHandler.handleMessage:2042 android.os.Handler.dispatchMessage:106 
10-05 12:10:17.011  2682  3239 I DropBoxManagerService: add tag=SYSTEM_TOMBSTONE_PROTO_WITH_HEADERS isTagEnabled=true flags=0x4
10-05 12:10:17.012  2682  2812 I DecorView: setWindowBackground: isPopOver=false color=fff6f6f8 d=android.graphics.drawable.InsetDrawable@c5de98a
10-05 12:10:17.010  6282  6282 W DMASA[D]: [d]Diagnostic is not agreed
10-05 12:10:17.016  2682  2812 D ScrollView: initGoToTop
10-05 12:10:17.016  2682  2812 D ScrollView: initGoToTop
10-05 12:10:17.018  2682  2812 W Settings: Setting show_button_background has moved from android.provider.Settings.System to android.provider.Settings.Global, returning read-only value.
10-05 12:10:17.021  1942  1942 I BpBinder: onLastStrongRef automatically unlinking death recipients: 
10-05 12:10:17.021  6325  6325 I SDHMS:BarTender:Gatherer:AppError: update AppError : uid=10470, pkg=com.csparks113.MorseCodeApp, errorType=crash
10-05 12:10:17.021  2682  2812 D RestrictionPolicy: isGoogleCrashReportAllowed : ret=true userId =0
10-05 12:10:17.021  2682  2812 W Settings: Setting accessibility_reduce_transparency has moved from android.provider.Settings.System to android.provider.Settings.Global, returning read-only value.
10-05 12:10:17.021  2682  2812 I WindowManager: WindowManagerGlobal#addView, ty=2003, view=DecorView@628b866[MorseCodeApp], caller=android.view.WindowManagerImpl.addView:150 android.app.Dialog.show:506 com.android.server.am.ErrorDialogController$$ExternalSyntheticLambda2.accept:0 
10-05 12:10:17.024  2682  3326 D NativeCustomFrequencyManager: [NativeCFMS] BpCustomFrequencyManager::BpCustomFrequencyManager()
