10-05 02:02:37.721 20089 20138 I SLPASVC : [+++LPA.DEV+++] EuiccLogicalChannel::openBySlot():  physicalSlotIndex = 1, portIndex = 0            [at com.samsung.euicc.lpaService.gsma.phase2.es10.uicc.EuiccLogicalChannel.openBySlot(EuiccLogicalChannel.java:23)]
10-05 02:02:37.759  2682  3509 V MdnieScenarioControlService: mAclOffEnabled : false
10-05 02:02:37.759 20089 20138 I SLPASVC : 0x00000001 was opened                                                                               [at com.samsung.euicc.lpaService.gsma.phase2.es10.uicc.EuiccLogicalChannel.openBySlot(EuiccLogicalChannel.java:104)]
10-05 02:02:37.760 20089 20138 I SLPASVC :  cla: 80 ins: E2 Le: 00                                                                             [at com.samsung.euicc.lpaService.gsma.phase2.es10.uicc.EuiccLogicalChannel.storeData(EuiccLogicalChannel.java:87)]
10-05 02:02:37.760 20089 20138 I SLPASVC : [STORE DATA] blockNumber : 0                                                                        [at com.samsung.euicc.lpaService.gsma.phase2.es10.uicc.EuiccLogicalChannel.storeData(EuiccLogicalChannel.java:145)]
10-05 02:02:37.760 20089 20138 I SLPASVC : case 4 command APDU                                                                                 [at com.samsung.euicc.lpaService.gsma.phase2.es10.uicc.EuiccLogicalChannel.getCmdApdu(EuiccLogicalChannel.java:125)]
10-05 02:02:37.776 20089 20138 I SLPASVC : APDU StatusWord - 9X XX                                                                             [at com.samsung.euicc.lpaService.gsma.phase2.es10.uicc.EuiccLogicalChannel.handleResponse(EuiccLogicalChannel.java:42)]
10-05 02:02:37.777 20089 20138 I SLPASVC : EuiccLogicalChannel::close(): 1                                                                     [at com.samsung.euicc.lpaService.gsma.phase2.es10.uicc.EuiccLogicalChannel.close(EuiccLogicalChannel.java:17)]
10-05 02:02:37.789 20089 20134 E SLPASVC : Notification List is null!!                                                                         [at com.samsung.euicc.util.NotificationUtils.a(NotificationUtils.java:230)]
10-05 02:02:37.789 20089 20089 I SLPASVC : To Client: ConnectResponse                                                                          [at com.samsung.euicc.lpaService.worker.RxHandler.handleMessage(RxHandler.java:1122)]
10-05 02:02:37.789 20089 20089 I SLPASVC : force TriggerNotificationJob                                                                        [at com.samsung.euicc.lpaService.LpaServiceHandler.handleMessage(LpaServiceHandler.java:156)]
10-05 02:02:37.790 20089 20089 W SLPASVC : getAllPendingJobs: [(job:31856/com.samsung.aasaservice/.AASAJobService), (job:205877643/android/com.android.server.companion.InactiveAssociationsRemovalService), (job:16964307/android/com.android.server.appsearch.contactsindexer.ContactsIndexerMaintenanceService), (job:9543859/android/com.samsung.android.server.pm.rescueparty.SystemFileBackupManager$BackupJobService), (job:808/android/com.android.server.MountServiceIdler), (job:16985783/android/com.android.server.appsearch.contactsindexer.ContactsIndexerMaintenanceService), (job:634789/com.samsung.android.da.daagent/.service.SendSaLogService), (job:1/com.android.providers.settings/.WriteFallbackSettingsFilesJobService), (job:9846994/com.samsung.android.app.omcagent/.rna.VersionCheckJob), (job:2131427369/com.android.settings/.fuelgauge.batterytip.AnomalyCleanupJobService), (job:50016279/com.samsung.android.lool/androidx.work.impl.background.systemjob.SystemJobService), (job:1145656139/android/com.android.server.storage.DiskStatsLoggingService), (job:191934935/android/com.android.server.blob.BlobStoreIdleJobService), (job:237039804/android/com.android.server.notification.NotificationHistoryJobService), (job:44015503/com.samsung.android.lool/com.samsung.android.sm.external.service.WeeklyBgJobService), (job:13254266/android/com.android.server.camera.CameraStatsJobService), (job:543678/com.sec.android.soagent/.service.HeartBeatJobService), (job:203142925/android/com.android.server.pm.DynamicCodeLoggingService), (job:7259101/android/com.samsung.android.server.pm.role.RoleLogger$RoleLoggingService), (job:497024/com.sec.android.diagmonagent/.sa.scheduler.DataLoggingUploadJobService), (job:50016259/com.samsung.android.lool/androidx.work.impl.background.systemjob.SystemJobService), (job:204561367/android/com.android.server.people.data.DataMaintenanceService), (job:10895/android/com.samsung.android.localeoverlaymanager.LocaleOverlaysSanityService), (job:44015506/com.samsung.android.lool/com.samsung.android.sm.external.service.DailyJobService), (job:27873780/android/com.android.server.art.BackgroundDexoptJobService), (job:50016281/com.samsung.android.lool/androidx.work.impl.background.systemjob.SystemJobService), (job:16942831/android/com.android.server.appsearch.contactsindexer.ContactsIndexerMaintenanceService), (job:52418896/android/com.android.server.backup.FullBackupJob), (job:3229/com.samsung.euicc/androidx.work.impl.background.systemjob.SystemJobService), (job:100/com.samsung.euicc/.lpaService.NotificationJobService), (job:1740526926/android/com.android.server.BinaryTransparencyService$UpdateMeasurementsJobService), (job:3155/com.samsung.euicc/androidx.work.impl.background.systemjob.SystemJobService), (job:2030028/android/com.android.server.pm.DynamicCodeLoggingService), (job:2131427370/com.android.settings/.fuelgauge.batterytip.AnomalyConfigJobService), (job:3923512/android/com.android.server.display.BrightnessIdleJob), (job:882313/android/com.android.server.net.watchlist.ReportWatchlistJobService), (job:860414/com.samsung.android.svcagent/com.samsung.android.service.svcagent.DailyBgJobService), (job:8452948/android/com.samsung.android.server.pm.rescueparty.SystemFileBackupManager$BackupJobService), (job:52417896/android/com.android.server.backup.KeyValueBackupJob), (job:813/android/com.android.server.NandswapManager), (job:814/android/com.android.server.NandswapManager), (job:765123/android/com.android.server.PruneInstantAppsJobService), (job:2000/com.samsung.android.forest/.core.WeeklyJobService)][at com.samsung.euicc.lpaService.LpaJobScheduler.a(LpaJobScheduler.java:27)]
10-05 02:02:37.791 20089 20089 I SLPASVC : From Service : ConnectResponse                                                                      [at com.samsung.euicc.service.EuiccServiceImpl.p(EuiccServiceImpl.java:53)]
10-05 02:02:37.791 20089 20089 I SLPASVC : ConnectRequest callback slot: 1                                                                     [at com.samsung.euicc.service.a.handleMessage(a.java:128)]
10-05 02:02:37.791 20089 20089 I SLPASVC : Connected successfully token: 1348482573                                                            [at com.samsung.euicc.service.a.handleMessage(a.java:161)]
10-05 02:02:37.791 20089 20128 I SLPASVC : +blockingSendRequest(): com.samsung.euicc.lib.message.ListProfileRequest@6311369                    [at com.samsung.euicc.service.EuiccServiceImpl.onGetEuiccProfileInfoList(EuiccServiceImpl.java:25)]
10-05 02:02:37.791 20089 20142 I LPAPSH  : doWork()                                                                                            [at com.samsung.euicc.push.PushRegistrationWorker.n(PushRegistrationWorker.java:5)]
10-05 02:02:37.792 20089 20141 I SLPASVC : Job scheduled - jobId : 101                                                                         [at v.b.run(b.java:30)]
10-05 02:02:37.793 20089 20127 I SLPASVC : EVENT_LIST_PROFILE_REQUEST                                                                          [at com.samsung.euicc.service.LpaResponseHandler.handleMessage(LpaResponseHandler.java:79)]
10-05 02:02:37.793 20089 20127 I SLPASVC : To Service : ListProfileRequest                                                                     [at com.samsung.euicc.service.LpaResponseHandler.handleMessage(LpaResponseHandler.java:117)]
10-05 02:02:37.793 20089 20089 I SLPASVC : From Client: ListProfileRequest (1348482573, com.samsung.euicc)                                     [at com.samsung.euicc.lpaService.worker.RxHandler.handleMessage(RxHandler.java:660)]
10-05 02:02:37.793 20089 20089 I SLPASVC : worker set busy!                                                                                    [at com.samsung.euicc.lpaService.worker.RxHandler.handleMessage(RxHandler.java:1325)]
10-05 02:02:37.793 20089 20089 I SLPASVC : in progress message list size: 1                                                                    [at com.samsung.euicc.lpaService.worker.TxHandler.a(TxHandler.java:146)]
10-05 02:02:37.793 20089 20089 I SLPASVC : source key: 1348482573, target workerhandler:(com.samsung.euicc,Handler (com.samsung.euicc.lpaService.worker.WorkerHandler) {c3cfd1c})[at com.samsung.euicc.lpaService.worker.RxHandler.handleMessage(RxHandler.java:1387)]
10-05 02:02:37.794 20089 20134 E SLPASVC : not blocking request: ListProfileRequest                                                            [at com.samsung.euicc.lpaService.gsma.phase2.state.Idle.b(Idle.java:110)]
10-05 02:02:37.795  2682  2815 I WindowManager: Reparenting to original parent: Surface(name=ActivityRecord{928064a u0 com.csparks113.MorseCodeApp/.MainActivity t6298})/@0xf5bb94d, destroy=true, surface=Surface(name=cb3fc09 com.csparks113.MorseCodeApp/com.csparks113.MorseCodeApp.MainActivity)/@0x3a22341
10-05 02:02:37.795  2682  2815 E WindowManager: win=Window{cb3fc09 u0 com.csparks113.MorseCodeApp/com.csparks113.MorseCodeApp.MainActivity EXITING} destroySurfaces: appStopped=false cleanupOnResume=false win.mWindowRemovalAllowed=true win.mRemoveOnExit=true win.mViewVisibility=0 caller=com.android.server.wm.WindowState.onExitAnimationDone:5781 com.android.server.wm.WindowStateAnimator.onAnimationFinished:214 com.android.server.wm.WindowState.onAnimationFinished:6011 com.android.server.wm.WindowContainer$$ExternalSyntheticLambda4.onAnimationFinished:0 com.android.server.wm.SurfaceAnimator.lambda$getFinishedCallback$0:140 com.android.server.wm.SurfaceAnimator.$r8$lambda$eYT7rjaBOE8bCIRq043wVzQ_RTM:0 com.android.server.wm.SurfaceAnimator$$ExternalSyntheticLambda1.run:0 
10-05 02:02:37.796  2682  2815 I WindowManager: Destroying surface Surface(name=com.csparks113.MorseCodeApp/com.csparks113.MorseCodeApp.MainActivity$_19659)/@0xebc2723 called by com.android.server.wm.WindowStateAnimator.destroySurface:811 com.android.server.wm.WindowStateAnimator.destroySurfaceLocked:478 com.android.server.wm.WindowState.destroySurfaceUnchecked:4219 com.android.server.wm.WindowState.destroySurface:4193 com.android.server.wm.WindowState.onExitAnimationDone:5781 com.android.server.wm.WindowStateAnimator.onAnimationFinished:214 com.android.server.wm.WindowState.onAnimationFinished:6011 com.android.server.wm.WindowContainer$$ExternalSyntheticLambda4.onAnimationFinished:0 
10-05 02:02:37.796 20089 20142 I LPAPSH  : init SMP                                                                                            [at com.samsung.euicc.push.SmpInitializer.j(SmpInitializer.java:77)]
10-05 02:02:37.796 20089 20134 I SLPASVC : create portArray: 1348482573                                                                        [at com.samsung.euicc.lpaService.gsma.phase2.es10.uicc.EuiccCommandInterface.get(EuiccCommandInterface.java:25)]
10-05 02:02:37.797 20089 20134 I SLPASVC : create EuiccCommandInterface(): workerId = 1348482573, portIndex = 0                                [at com.samsung.euicc.lpaService.gsma.phase2.es10.uicc.EuiccCommandInterface.<init>(EuiccCommandInterface.java:26)]
10-05 02:02:37.797 20089 20142 I FirebaseApp: Device unlocked: initializing all Firebase APIs for app [DEFAULT]
10-05 02:02:37.798  2682  2814 W ActivityManager: setHasOverlayUi called on unknown pid: 19659
10-05 02:02:37.798 20089 20138 I SLPASVC : [+++LPA.DEV+++] EuiccLogicalChannel::openBySlot():  physicalSlotIndex = 1, portIndex = 0            [at com.samsung.euicc.lpaService.gsma.phase2.es10.uicc.EuiccLogicalChannel.openBySlot(EuiccLogicalChannel.java:23)]
10-05 02:02:37.798 20089 20144 I SLPASVC : blockingGetNetworkLockInfo(): 00F000                                                                [at com.samsung.euicc.push.SmpInitializer.b(SmpInitializer.java:1)]
10-05 02:02:37.799 20089 20144 I SLPASVC : profile owner mccmnc: 00F000                                                                        [at com.samsung.euicc.push.SmpInitializer.b(SmpInitializer.java:1)]
10-05 02:02:37.799 20089 20150 I OemRilRequestHandler: connectToRilService(): com.sec.phone.SecPhoneService                                                [at com.samsung.euicc.internal.lib.phone.OemRilRequestHandler.connectToRilService(OemRilRequestHandler.java:21)]
10-05 02:02:37.799 20089 20150 W ContextImpl: Calling a method in the system process without a qualified user: android.app.ContextImpl.bindService:2059 android.content.ContextWrapper.bindService:878 com.samsung.euicc.internal.lib.phone.OemRilRequestHandler.connectToRilService:44 com.samsung.euicc.internal.lib.phone.OemRilRequestHandler.invokeOemRilRequest:4 com.samsung.euicc.internal.lib.phone.OemRilRequestHandler.invokeOemRilRequest:1 
10-05 02:02:37.799 20089 20120 I WM-WorkerWrapper: Worker result SUCCESS for Work [ id=90dc8d3a-1b45-4d7f-a219-1c5cde2d49bc, tags={ com.samsung.euicc.push.PushRegistrationWorker, PushRegistrationWorker } ]
10-05 02:02:37.802  1942  1942 I Layer   : Layer::reparent [com.csparks113.MorseCodeApp/com.csparks113.MorseCodeApp.MainActivity$_19659#8119] newParentHandle : null -------------------------
10-05 02:02:37.802  1942  1942 I Layer   : id=8119 removeFromCurrentState com.csparks113.MorseCodeApp/com.csparks113.MorseCodeApp.MainActivity$_19659#8119 (121)
10-05 02:02:37.802  1942  1942 I Layer   : Layer::reparent [com.csparks113.MorseCodeApp/com.csparks113.MorseCodeApp.MainActivity$_19659#8119] End -------------------------
10-05 02:02:37.802  1942  1942 I Layer   : Layer::reparent [cb3fc09 com.csparks113.MorseCodeApp/com.csparks113.MorseCodeApp.MainActivity#8116] newParentHandle : null -------------------------
10-05 02:02:37.802  1942  1942 I Layer   : id=8116 removeFromCurrentState cb3fc09 com.csparks113.MorseCodeApp/com.csparks113.MorseCodeApp.MainActivity#8116 (121)
10-05 02:02:37.802  1942  1942 I Layer   : Layer::reparent [cb3fc09 com.csparks113.MorseCodeApp/com.csparks113.MorseCodeApp.MainActivity#8116] End -------------------------
10-05 02:02:37.802  1942  1942 I Layer   : Layer::reparent [Surface(name=cb3fc09 com.csparks113.MorseCodeApp/com.csparks113.MorseCodeApp.MainActivity)/@0x3a22341 - animation-leash of window_animation#8127] newParentHandle : null -------------------------
10-05 02:02:37.802  1942  1942 I Layer   : id=8127 removeFromCurrentState Surface(name=cb3fc09 com.csparks113.MorseCodeApp/com.csparks113.MorseCodeApp.MainActivity)/@0x3a22341 - animation-leash of window_animation#8127 (121)
10-05 02:02:37.802  1942  1942 I Layer   : Layer::reparent [Surface(name=cb3fc09 com.csparks113.MorseCodeApp/com.csparks113.MorseCodeApp.MainActivity)/@0x3a22341 - animation-leash of window_animation#8127] End -------------------------
10-05 02:02:37.803  1942  1942 I Layer   : Layer [com.csparks113.MorseCodeApp/com.csparks113.MorseCodeApp.MainActivity$_19659#8119] hidden!! flag(1)
10-05 02:02:37.802  1817  7399 I sensors-hal: handle_sns_std_sensor_event:311, [SSC_LIGHT] P: 3(3),m:7,c:5,b:29,c0:160,l:3,f(r):104,u(bl):100,j:1
10-05 02:02:37.803  1942  1942 I SurfaceFlinger: id=8119 Removed com.csparks113.MorseCodeApp/com.csparks113.MorseCodeApp.MainActivity$_19659#8119 (121)
10-05 02:02:37.803  1942  1942 I SurfaceFlinger: id=8127 Removed Surface(name=cb3fc09 com.csparks113.MorseCodeApp/com.csparks113.MorseCodeApp.MainActivity)/@0x3a22341 - animation-leash of window_animation#8127 (121)
10-05 02:02:37.805  2682  3363 W JobScheduler: Job didn't exist in JobStore: 5c93198 #1000/3229 com.samsung.euicc/androidx.work.impl.background.systemjob.SystemJobService
10-05 02:02:37.806  2682  3498 D ConnectivityService:  Removing from current network [113 WIFI], leaving 150 requests.
10-05 02:02:37.808 20089 20089 I OemRilRequestHandler: sec phone onServiceConnected()                                                                      [at com.samsung.euicc.internal.lib.phone.OemRilRequestHandler.onServiceConnected(OemRilRequestHandler.java:5)]
10-05 02:02:37.811  1942  1942 E BpTransactionCompletedListener: Failed to transact (-32)
10-05 02:02:37.811  1942  1942 I Layer   : id=8119 Destroyed com.csparks113.MorseCodeApp/com.csparks113.MorseCodeApp.MainActivity$_19659#8119
10-05 02:02:37.811  1942  1942 I Layer   : id=8127 Destroyed Surface(name=cb3fc09 com.csparks113.MorseCodeApp/com.csparks113.MorseCodeApp.MainActivity)/@0x3a22341 - animation-leash of window_animation#8127
10-05 02:02:37.821 20089 20150 I OemRilRequestHandler: unbindRilService                                                                                    [at com.samsung.euicc.internal.lib.phone.OemRilRequestHandler.unbindRilService(OemRilRequestHandler.java:5)]
10-05 02:02:37.822 20089 20150 I SLPASVC : got network lock response                                                                           [at com.samsung.euicc.storage.NetworkLockInfo$RilResponseHandler.handleMessage(NetworkLockInfo$RilResponseHandler.java:20)]
10-05 02:02:37.823 20089 20150 I SLPASVC : AsyncResult network lock result - 1                                                                 [at com.samsung.euicc.storage.NetworkLockInfo$RilResponseHandler.handleMessage(NetworkLockInfo$RilResponseHandler.java:94)]
10-05 02:02:37.824 20089 20144 I LPAPSH  : initGoogleDs(): 1                                                                                   [at com.samsung.euicc.push.SmpInitializer.a(SmpInitializer.java:406)]
10-05 02:02:37.824 20089 20144 I FirebaseApp: Device unlocked: initializing all Firebase APIs for app thl-mcs-d-odccsm
10-05 02:02:37.826 20089 20089 I SLPASVC : androidDsToken: e1wt4fuERoOR8IxSYVPQC_:APA91bEx_ZP_MvCpgWe82QyuXvYUKPLp3zat15RgCtLsJ57Woo0ARZPueCTs7snwLGK9nOxf9UeoFv8y452yH8WXdRE5jqH-uuoG7zpVrP27WOEgNXNWktw[at com.samsung.euicc.util.EuiccSvcLog.sp(EuiccSvcLog.java:21)]
10-05 02:02:37.826 20089 20144 I LPAPSH  : initSamsungDs(): 1                                                                                  [at com.samsung.euicc.push.SmpInitializer.a(SmpInitializer.java:531)]
10-05 02:02:37.826 20089 20089 I LPAPSH  : init SMP: dsdo8sOPTYSHfviogTWtbB:APA91bG8wiMLC9yWHdECtEQwKLZA22WUsnA2ENE5vaa21yMGYFKL5Us2JE7rTnMG2HWkKcPZhVaitqANiJYobpCJQh3RE-uLyUzH-8PesPXHAaEr0cqmBwg[at B.j.a(j.java:5)]
10-05 02:02:37.826 20089 20089 I SmpLog  : [SMP] init. D:false O:DEVICE_BASED S:false M:false P:FCM_PRIMARY_MODE A:a
10-05 02:02:37.827 20089 20144 I LPAPSH  : register GoogleDs FCM Token: 0                                                                      [at com.samsung.euicc.push.SmpInitializer.a(SmpInitializer.java:187)]
10-05 02:02:37.830 20089 20144 I SLPASVC : normalized URL : https://pssi.live.esimdiscovery.com/                                               [at com.samsung.euicc.push.SmpInitializer.a(SmpInitializer.java:281)]
10-05 02:02:37.830 20089 20159 I SmpLog  : [SMP] Test mode: false, v:3.3.10.0, com.samsung.euicc
10-05 02:02:37.831 20089 20159 I SmpLog  : [SMP] ptype:fcm, token:...qmBwg (142), D:false, O:DEVICE_BASED, S:true, M:false, P:FCM_PRIMARY_MODE
10-05 02:02:37.831  1112 15961 E keystore2: system/security/keystore2/src/error.rs:182 - Rc(r#KEY_NOT_FOUND), "system/security/keystore2/src/service.rs:188: In get_key_entry, while trying to load key info. 1000, Some(\"esimdiscovery\")"
10-05 02:02:37.833 20089 20138 I SLPASVC : 0x00000001 was opened                                                                               [at com.samsung.euicc.lpaService.gsma.phase2.es10.uicc.EuiccLogicalChannel.openBySlot(EuiccLogicalChannel.java:104)]
10-05 02:02:37.833 20089 20138 I SLPASVC :  cla: 80 ins: E2 Le: 00                                                                             [at com.samsung.euicc.lpaService.gsma.phase2.es10.uicc.EuiccLogicalChannel.storeData(EuiccLogicalChannel.java:87)]
10-05 02:02:37.833 20089 20138 I SLPASVC : [STORE DATA] blockNumber : 0                                                                        [at com.samsung.euicc.lpaService.gsma.phase2.es10.uicc.EuiccLogicalChannel.storeData(EuiccLogicalChannel.java:145)]
10-05 02:02:37.833 20089 20138 I SLPASVC : case 4 command APDU                                                                                 [at com.samsung.euicc.lpaService.gsma.phase2.es10.uicc.EuiccLogicalChannel.getCmdApdu(EuiccLogicalChannel.java:125)]
10-05 02:02:37.837  1112 15961 W keystore2: system/security/keystore2/src/remote_provisioning.rs:112 - Not Support: Km(r#HARDWARE_TYPE_UNAVAILABLE), "system/security/keystore2/src/rkpd_client.rs:229: Trying to get to IRegistration service."
10-05 02:02:37.838 20089 20159 I SmpLog  : [SMP] SEND BR : smp init success
10-05 02:02:37.838 20089 20159 W ContextImpl: Calling a method in the system process without a qualified user: android.app.ContextImpl.sendBroadcast:1281 android.content.ContextWrapper.sendBroadcast:513 com.samsung.android.sdk.smp.common.util.BroadcastUtil.e:43 com.samsung.android.sdk.smp.interfaceimpl.SmpInterfaceImpl.d:133 com.samsung.android.sdk.smp.interfaceimpl.SmpInterfaceImpl.b:295 
10-05 02:02:37.842  1121  1121 D keymint_swd: keymint_swd keymint [ERR] (swd_attest_ids_params:1567) Not support ID Attestation. tag = 2415919814
10-05 02:02:37.842  1121  1121 D keymint_swd: keymint_swd keymint [WRN] (swd_run_cb:260) swd_generate_key() returns -66
10-05 02:02:37.842  1121  1121 E android.hardware.security.keymint-service: !@nwd_unpack_cmd error : ret
10-05 02:02:37.842  1121  1121 D android.hardware.security.keymint-service: generateKeyInternal: ret -66
10-05 02:02:37.842  1112 15961 E keystore2: system/security/keystore2/src/error.rs:180 - system/security/keystore2/src/security_level.rs:699: In generate_key. 1000, Some("esimdiscovery")
10-05 02:02:37.842  1112 15961 E keystore2: 
10-05 02:02:37.842  1112 15961 E keystore2: Caused by:
10-05 02:02:37.842  1112 15961 E keystore2:     0: system/security/keystore2/src/security_level.rs:697: While generating Key without explicit attestation key.
10-05 02:02:37.842  1112 15961 E keystore2:     1: Error::Km(r#CANNOT_ATTEST_IDS)
10-05 02:02:37.844  1112 15961 E keystore2: system/security/keystore2/src/error.rs:182 - Rc(r#KEY_NOT_FOUND), "system/security/keystore2/src/service.rs:188: In get_key_entry, while trying to load key info. 1000, Some(\"esimdiscovery\")"
10-05 02:02:37.844  1112 15961 E keystore2: system/security/keystore2/src/error.rs:182 - Rc(r#KEY_NOT_FOUND), "system/security/keystore2/src/service.rs:391: In delete_key: Trying to unbind the key. 1000, Some(\"esimdiscovery\")"
10-05 02:02:37.844 20089 20144 W System.err: java.security.ProviderException: Failed to generate key pair.
10-05 02:02:37.844 20089 20144 W System.err: 	at android.security.keystore2.AndroidKeyStoreKeyPairGeneratorSpi.generateKeyPair(AndroidKeyStoreKeyPairGeneratorSpi.java:664)
10-05 02:02:37.844 20089 20144 W System.err: 	at java.security.KeyPairGenerator$Delegate.generateKeyPair(KeyPairGenerator.java:750)
10-05 02:02:37.844 20089 20144 W System.err: 	at com.samsung.euicc.lpaService.gsma.es9.Es9Client$Builder.h(Es9Client.java:109)
10-05 02:02:37.844 20089 20144 W System.err: 	at com.samsung.euicc.lpaService.gsma.es9.Es9Client$Builder.i(Es9Client.java:29)
10-05 02:02:37.844 20089 20144 W System.err: 	at com.samsung.euicc.lpaService.gsma.es9.Es9Client$Builder.g(Es9Client.java:35)
10-05 02:02:37.844 20089 20144 W System.err: 	at com.samsung.euicc.lpaService.gsma.es9.Es9Client$Builder.k(Es9Client.java:3)
10-05 02:02:37.844 20089 20144 W System.err: 	at com.samsung.euicc.push.SmpInitializer.a(SmpInitializer.java:284)
10-05 02:02:37.844 20089 20144 W System.err: 	at B.h.handleMessage(R8$$SyntheticClass:3)
10-05 02:02:37.844 20089 20144 W System.err: 	at android.os.Handler.dispatchMessage(Handler.java:102)
10-05 02:02:37.844 20089 20144 W System.err: 	at android.os.Looper.loopOnce(Looper.java:230)
10-05 02:02:37.844 20089 20144 W System.err: 	at android.os.Looper.loop(Looper.java:319)
10-05 02:02:37.844 20089 20144 W System.err: 	at android.os.HandlerThread.run(HandlerThread.java:67)
10-05 02:02:37.844 20089 20144 W System.err: Caused by: android.security.KeyStoreException: Unable to attest device ids (internal Keystore code: -66 message: system/security/keystore2/src/security_level.rs:699: In generate_key. 1000, Some("esimdiscovery")
10-05 02:02:37.844 20089 20144 W System.err: 
10-05 02:02:37.844 20089 20144 W System.err: Caused by:
10-05 02:02:37.844 20089 20144 W System.err:     0: system/security/keystore2/src/security_level.rs:697: While generating Key without explicit attestation key.
10-05 02:02:37.844 20089 20144 W System.err:     1: Error::Km(r#CANNOT_ATTEST_IDS)) (public error code: 8 internal Keystore code: -66)
10-05 02:02:37.844 20089 20144 W System.err: 	at android.security.KeyStore2.getKeyStoreException(KeyStore2.java:435)
10-05 02:02:37.844 20089 20144 W System.err: 	at android.security.KeyStoreSecurityLevel.handleExceptions(KeyStoreSecurityLevel.java:60)
10-05 02:02:37.844 20089 20144 W System.err: 	at android.security.KeyStoreSecurityLevel.generateKey(KeyStoreSecurityLevel.java:161)
10-05 02:02:37.844 20089 20144 W System.err: 	at android.security.keystore2.AndroidKeyStoreKeyPairGeneratorSpi.generateKeyPair(AndroidKeyStoreKeyPairGeneratorSpi.java:651)
10-05 02:02:37.845 20089 20144 W System.err: 	... 11 more
10-05 02:02:37.846 20089 20089 I LPAPSH  : com.samsung.android.sdk.smp.smpInitResult                                                           [at com.samsung.euicc.push.SmpReceiver.onReceive(SmpReceiver.java:7)]
10-05 02:02:37.846 20089 20089 I LPAPSH  : smp init success                                                                                    [at com.samsung.euicc.push.SmpReceiver.onReceive(SmpReceiver.java:162)]
10-05 02:02:37.847 20089 20089 I SmpLog  : [SMP] get token : ...qmBwg (142)
10-05 02:02:37.847 20089 20089 I LPAPSH  : getPushToken : dsdo8sOPTYSHfviogTWtbB:APA91bG8wiMLC9yWHdECtEQwKLZA22WUsnA2ENE5vaa21yMGYFKL5Us2JE7rTnMG2HWkKcPZhVaitqANiJYobpCJQh3RE-uLyUzH-8PesPXHAaEr0cqmBwg[at com.samsung.euicc.push.SmpReceiver.onReceive(SmpReceiver.java:216)]
10-05 02:02:37.847 20089 20089 W ContextImpl: Calling a method in the system process without a qualified user: android.app.ContextImpl.startService:1960 android.content.ContextWrapper.startService:842 android.content.ContextWrapper.startService:842 com.samsung.euicc.push.SmpReceiver.onReceive:234 android.app.ActivityThread.handleReceiver:4981 
10-05 02:02:37.848 20089 20089 I LPAPSH  : onCreate                                                                                            [at com.samsung.euicc.push.SMDSService.onCreate(SMDSService.java:8)]
10-05 02:02:37.849 20089 20089 I LPAPSH  : onStartCommand 3                                                                                    [at com.samsung.euicc.push.SMDSService.onStartCommand(SMDSService.java:33)]
10-05 02:02:37.849 20089 20089 E LPAPSH  : handler exist                                                                                       [at com.samsung.euicc.push.SMDSService.f(SMDSService.java:9)]
10-05 02:02:37.849 20089 20162 I LPAPSH  : handleMessage 3                                                                                     [at com.samsung.euicc.push.SMDSService$SMDSHandler.handleMessage(SMDSService$SMDSHandler.java:19)]
10-05 02:02:37.850 20089 20162 E LPAPSH  : token already updated                                                                               [at com.samsung.euicc.push.SMDSService.c(SMDSService.java:48)]
10-05 02:02:37.852 20089 20138 I SLPASVC : APDU StatusWord - 9X XX                                                                             [at com.samsung.euicc.lpaService.gsma.phase2.es10.uicc.EuiccLogicalChannel.handleResponse(EuiccLogicalChannel.java:42)]
10-05 02:02:37.853 20089 20138 I SLPASVC : EuiccLogicalChannel::close(): 1                                                                     [at com.samsung.euicc.lpaService.gsma.phase2.es10.uicc.EuiccLogicalChannel.close(EuiccLogicalChannel.java:17)]
10-05 02:02:37.867 20089 20134 I SLPASVC : Renew cache information. Profiles num : 0                                                           [at com.samsung.euicc.lpaService.gsma.phase2.state.ProfileManagement.n(ProfileManagement.java:77)]
10-05 02:02:37.868 20089 20134 I SLPASVC : writeFile : 0                                                                                       [at com.samsung.euicc.util.FileUtils.a(FileUtils.java:39)]
10-05 02:02:37.871 20089 20089 I SLPASVC : in progress message list size: 2                                                                    [at com.samsung.euicc.lpaService.worker.TxHandler.a(TxHandler.java:146)]
10-05 02:02:37.871 20089 20089 I SLPASVC : To Client: ListProfileInfo (1348482573, com.samsung.euicc)                                          [at com.samsung.euicc.lpaService.worker.TxHandler.handleMessage(TxHandler.java:98)]
10-05 02:02:37.871 20089 20127 I SLPASVC : EVENT_LIST_PROFILE_RESPONSE                                                                         [at com.samsung.euicc.service.LpaResponseHandler.a(LpaResponseHandler.java:13)]
10-05 02:02:37.871 20089 20127 I SLPASVC : From Service : ListProfileInfo                                                                      [at com.samsung.euicc.service.EuiccServiceImpl.p(EuiccServiceImpl.java:53)]
10-05 02:02:37.871 20089 20089 I SLPASVC : in progress remove : ListProfileResponse                                                            [at com.samsung.euicc.lpaService.worker.TxHandler.a(TxHandler.java:85)]
10-05 02:02:37.871 20089 20089 I SLPASVC : in progress clear                                                                                   [at com.samsung.euicc.lpaService.worker.TxHandler.a(TxHandler.java:103)]
10-05 02:02:37.871 20089 20089 I SLPASVC : request done                                                                                        [at com.samsung.euicc.lpaService.worker.RxHandler.h(RxHandler.java:8)]
10-05 02:02:37.871 20089 20089 I SLPASVC : no pending request                                                                                  [at com.samsung.euicc.lpaService.worker.RxHandler.h(RxHandler.java:26)]
10-05 02:02:37.871 20089 20089 I SLPASVC : To Client: ListProfileResponse (1348482573, com.samsung.euicc)                                      [at com.samsung.euicc.lpaService.worker.TxHandler.handleMessage(TxHandler.java:98)]
10-05 02:02:37.871 20089 20127 I SLPASVC : EVENT_LIST_PROFILE_RESPONSE                                                                         [at com.samsung.euicc.service.LpaResponseHandler.a(LpaResponseHandler.java:13)]
10-05 02:02:37.871 20089 20127 I SLPASVC : From Service : ListProfileResponse                                                                  [at com.samsung.euicc.service.EuiccServiceImpl.p(EuiccServiceImpl.java:53)]
10-05 02:02:37.871 20089 20127 I SLPASVC : +releaseBlockingSendRequest()                                                                       [at com.samsung.euicc.service.EuiccServiceImpl.o(EuiccServiceImpl.java:5)]
10-05 02:02:37.871 20089 20127 I SLPASVC : -releaseBlockingSendRequest()                                                                       [at com.samsung.euicc.service.EuiccServiceImpl.o(EuiccServiceImpl.java:24)]
10-05 02:02:37.871 20089 20134 I SLPASVC : request done                                                                                        [at com.samsung.euicc.lpaService.worker.RxHandler.h(RxHandler.java:8)]
10-05 02:02:37.871 20089 20134 I SLPASVC : no pending request                                                                                  [at com.samsung.euicc.lpaService.worker.RxHandler.h(RxHandler.java:26)]
10-05 02:02:37.872 20089 20128 I SLPASVC : -blockingSendRequest()                                                                              [at com.samsung.euicc.service.EuiccServiceImpl.onGetEuiccProfileInfoList(EuiccServiceImpl.java:25)]
10-05 02:02:37.872 20089 20128 I SLPASVC : completed get profile info list !                                                                   [at com.samsung.euicc.service.EuiccServiceImpl.onGetEuiccProfileInfoList(EuiccServiceImpl.java:25)]
10-05 02:02:37.872 20089 20128 I SLPASVC : completed get profile info list                                                                     [at com.samsung.euicc.service.EuiccServiceImpl.onGetEuiccProfileInfoList(EuiccServiceImpl.java:33)]
10-05 02:02:37.872  3735  3849 D EuiccConnector: handleMessage: E msg.what=6
10-05 02:02:37.872  3735  3849 D EuiccConnector: processMsg: ConnectedState
10-05 02:02:37.872  3735  3849 D EuiccConnector: handleMessage: X
10-05 02:02:37.873  2682  3559 I UMR     : ReclaimerPolicyManager: update policy 0 -> 2
10-05 02:02:37.874  2682 25338 I UMR     : KswapdReclaimer: suppress begin
10-05 02:02:37.884  3682  3682 I wpa_supplicant: Heartbeat 6965
10-05 02:02:37.983 20089 20164 I SLPASVC : DataUsage interceptor setThreadStats                                                                [at com.samsung.euicc.lpaService.bootstrap.NetworkUsageCheckInterceptor.a(NetworkUsageCheckInterceptor.java:8)]
10-05 02:02:37.999  1817 16709 I sensors-hal: handle_sns_client_event:550, [0][113085] accel_sample [-0.004, -0.151,  9.927] 90665706040342
10-05 02:02:38.024  2682  3626 D NetdEventListenerService: DNS Requested by 113, 1000, 36
10-05 02:02:38.055  1814  1814 I android.hardware.health@2.1-service-samsung: updateLrpSysfs: write: 266
10-05 02:02:38.057  2682  3443 D BatteryService: Sending ACTION_BATTERY_CHANGED: level:100, status:5, health:2, remain:0, ac:false, usb:true, wireless:false, pogo:false, misc:0x20000, charge_type:1, charger_type:0, voltage:4243, temperature:257, online:4, charging_status:0, cycle_count:0, current_avg:-18, ps:false, hvc:false, capacity:280000, current_event:0x0, current_now:-462, mcc:0, mcv:0, cc:4125000, present:true, scale:100, technology:Li-ion
10-05 02:02:38.061  2682  3619 I DeviceBatteryInfoService: action: android.intent.action.BATTERY_CHANGED
10-05 02:02:38.061  2682  3619 I DeviceBatteryInfoService: phone battery level: 100
10-05 02:02:38.061  2682  3619 I DeviceBatteryInfoService: phone battery status: 5
10-05 02:02:38.064  2682  3469 D MotionRecognitionService: [SAR]  onReceive : ACTION_BATTERY_CHANGED, Plugged: 2
10-05 02:02:38.064  2682  2682 D AdaptiveBrightnessLongtermModelBuilder: Received android.intent.action.BATTERY_CHANGED
10-05 02:02:38.065  3753  3753 I AODBatteryManager: updateBatteryData: ACTION_BATTERY_CHANGED
10-05 02:02:38.065  3735  3735 D SemBigDataInfoController: Intent: android.intent.action.BATTERY_CHANGED
10-05 02:02:38.065  3753  3753 I AODBatteryManager: getChargeEstimateTime: not charging
10-05 02:02:38.065  3735  3735 D SemBigDataInfoController: Intent: android.intent.action.BATTERY_CHANGED
10-05 02:02:38.065  3753  3753 I AODBatteryManager: saveBatteryData : AOD BatteryData [mBatteryLevel=100, mBatteryStatus=FULL, mBatteryPlugType=USB, mBatteryPlugged=true, mRemainingChargeTime=0, mBatteryChargingType=0, mBatteryChargerType=NORMAL, mBatteryOnline=USB, mBatterySwellingMode=NONE, mBatteryProtectMode=false, mBatteryProtectModeType=0, mSleepChargingEvent=null, mSleepChargingEventFinishTime=null]
10-05 02:02:38.065  3753  3753 I PowerUI : mBootCompleted = true |  mFullyConnected = true
10-05 02:02:38.065  3753  3753 I PowerUI : BATTERY_HEALTH_CHECK extraHealth=2 mBatteryMiscEvent=131072
10-05 02:02:38.065  3753  3753 I PowerUI : dismissAdaptiveProtectionNotification
10-05 02:02:38.066  3753  3753 D SecPowerUI.Notification: SecBatteryStatsSnapshot{batteryLevel=100, currentBatteryMode=0, chargingTime=0, chargingType=0, batteryHealth=2, automaticTestMode=false, isHiccupState=false, optChargingFinishTime=}
10-05 02:02:38.067  2682  6372 D KNOX_MDM_SettingsProvider: isChangeAllowed() : name = key_sleep_charging
10-05 02:02:38.068  2682  6372 D KNOX_MDM_SettingsProvider: edmUri: content://com.sec.knox.provider/RestrictionPolicy3
10-05 02:02:38.068  2682  6372 D KNOX_MDM_SettingsProvider: projectionArgs: isSettingsChangesAllowed
10-05 02:02:38.068  2682  6372 D KNOX_MDM_SettingsProvider: selectionArgs: false
10-05 02:02:38.068  2682  6372 D KNOX_MDM_SettingsProvider: selectionArgs: 10048
10-05 02:02:38.068  2682  6372 D SecContentProvider: query(), uri = 17 selection = isSettingsChangesAllowed
10-05 02:02:38.068  2682  6372 D SecContentProvider: called from android.uid.systemui:10048
10-05 02:02:38.068  2682  6372 D RestrictionPolicy: isSettingsChangesAllowedAsUser, userId 0 : true
10-05 02:02:38.068  2682  6372 D KNOX_MDM_SettingsProvider: ret = 1
10-05 02:02:38.069  3753 10917 D SecPowerUI.Notification: dismissing low battery warning: level=100
10-05 02:02:38.069  3753 10917 D SecPowerUI.Notification: updateNotification mWarning=false mPlaySound=false
10-05 02:02:38.069  3753 10917 D SecPowerUI.Notification: SecBatteryStatsSnapshot{batteryLevel=100, currentBatteryMode=0, chargingTime=0, chargingType=0, batteryHealth=2, automaticTestMode=false, isHiccupState=false, optChargingFinishTime=}
10-05 02:02:38.070  3753  3753 W PowerUI : Plug reason
10-05 02:02:38.070  3753  3753 W PowerUI : Skip charging animation - by plug status
10-05 02:02:38.070  3753  3753 D PowerUI : priorPlugType = 2 mPlugType = 2 priorBatteryStatus = 5 mBatteryStatus = 5
10-05 02:02:38.070  3753  3753 W PowerUI : Plug reason
10-05 02:02:38.070  3753  3753 W PowerUI : Skip charging sound - by plug status
10-05 02:02:38.070  3753  3753 I PowerUI : oldMisalign : false, curMisalign : false
10-05 02:02:38.070  3753  3753 D SecPowerUI.Notification: dismissSlowByChargerConnectionInfoPopUp()
10-05 02:02:38.070  3753  3753 D SecPowerUI.Notification: dismissChargingNotification()
10-05 02:02:38.070  3753  3753 D SecPowerUI.Notification: SecBatteryStatsSnapshot{batteryLevel=100, currentBatteryMode=0, chargingTime=0, chargingType=0, batteryHealth=2, automaticTestMode=false, isHiccupState=false, optChargingFinishTime=}
10-05 02:02:38.070  3753 10917 D SecPowerUI.Notification: 1. restoreScreenTimeOut - saved_value : :
10-05 02:02:38.070  3753 10917 E SecPowerUI.Notification: no saved value, so we do nothing !!
10-05 02:02:38.070  3753  3753 D PowerUI : Battery swelling mode - priorBatterySwellingMode = 0 mBatterySwellingMode = 0 mBatteryStatus = 5
10-05 02:02:38.070  3753  3753 I PowerUI : mBatteryMiscEvent = 131072
10-05 02:02:38.071  3753  3753 I PowerUI : checkBatteryProtectionNotification : 5, pb value : 0, plugType : 2, level : 100
10-05 02:02:38.071  3753  3753 D SecPowerUI.Notification: SecBatteryStatsSnapshot{batteryLevel=100, currentBatteryMode=0, chargingTime=0, chargingType=0, batteryHealth=2, automaticTestMode=false, isHiccupState=false, optChargingFinishTime=}
10-05 02:02:38.071  3753  3753 D PowerUI : checkBatteryProtectionTipsNotification, first : false
10-05 02:02:38.072  3753  3753 D SamsungBatteryMeterDrawable: onBatteryLevelChanged isSomethingChanged: false
10-05 02:02:38.072 18944 18944 I [SCPMV2][SystemMonitorReceiver]: onReceive: android.intent.action.BATTERY_CHANGED
10-05 02:02:38.072  3753  3753 D SamsungBatteryMeterDrawable: onBatteryLevelChanged isSomethingChanged: false
10-05 02:02:38.072  3753  3753 D SamsungBatteryMeterDrawable: onBatteryLevelChanged isSomethingChanged: false
10-05 02:02:38.073  3753  3753 D KeyguardUpdateMonitor: handleBatteryUpdate
10-05 02:02:38.077  1112 15961 E keystore2: system/security/keystore2/src/error.rs:182 - Rc(r#KEY_NOT_FOUND), "system/security/keystore2/src/service.rs:188: In get_key_entry, while trying to load key info. 1000, Some(\"esimdiscovery\")"
10-05 02:02:38.078  1112 15961 E keystore2: system/security/keystore2/src/error.rs:182 - Rc(r#KEY_NOT_FOUND), "system/security/keystore2/src/service.rs:188: In get_key_entry, while trying to load key info. 1000, Some(\"esimdiscovery\")"
10-05 02:02:38.078 20089 20164 W System.err: java.lang.NullPointerException: Attempt to invoke virtual method 'java.security.PrivateKey java.security.KeyStore$PrivateKeyEntry.getPrivateKey()' on a null object reference
10-05 02:02:38.078 20089 20164 W System.err: 	at com.samsung.euicc.lpaService.gsma.es9.Es9Client$Builder$1.getPrivateKey(Es9Client.java:10)
10-05 02:02:38.078 20089 20164 W System.err: 	at com.android.org.conscrypt.NativeSsl.setCertificate(NativeSsl.java:237)
10-05 02:02:38.078 20089 20164 W System.err: 	at com.android.org.conscrypt.NativeSsl.chooseClientCertificate(NativeSsl.java:226)
10-05 02:02:38.078 20089 20164 W System.err: 	at com.android.org.conscrypt.ConscryptEngine.clientCertificateRequested(ConscryptEngine.java:1651)
10-05 02:02:38.078 20089 20164 W System.err: 	at com.android.org.conscrypt.NativeCrypto.ENGINE_SSL_read_direct(Native Method)
10-05 02:02:38.078 20089 20164 W System.err: 	at com.android.org.conscrypt.NativeSsl.readDirectByteBuffer(NativeSsl.java:571)
10-05 02:02:38.078 20089 20164 W System.err: 	at com.android.org.conscrypt.ConscryptEngine.readPlaintextDataDirect(ConscryptEngine.java:1092)
10-05 02:02:38.078 20089 20164 W System.err: 	at com.android.org.conscrypt.ConscryptEngine.readPlaintextData(ConscryptEngine.java:1076)
10-05 02:02:38.078 20089 20164 W System.err: 	at com.android.org.conscrypt.ConscryptEngine.unwrap(ConscryptEngine.java:873)
10-05 02:02:38.078 20089 20164 W System.err: 	at com.android.org.conscrypt.ConscryptEngine.unwrap(ConscryptEngine.java:744)
10-05 02:02:38.078 20089 20164 W System.err: 	at com.android.org.conscrypt.ConscryptEngine.unwrap(ConscryptEngine.java:709)
10-05 02:02:38.078 20089 20164 W System.err: 	at com.android.org.conscrypt.ConscryptEngineSocket$SSLInputStream.processDataFromSocket(ConscryptEngineSocket.java:907)
10-05 02:02:38.078 20089 20164 W System.err: 	at com.android.org.conscrypt.ConscryptEngineSocket$SSLInputStream.-$$Nest$mprocessDataFromSocket(Unknown Source:0)
10-05 02:02:38.078 20089 20164 W System.err: 	at com.android.org.conscrypt.ConscryptEngineSocket.doHandshake(ConscryptEngineSocket.java:242)
10-05 02:02:38.078 20089 20164 W System.err: 	at com.android.org.conscrypt.ConscryptEngineSocket.startHandshake(ConscryptEngineSocket.java:224)
10-05 02:02:38.078 20089 20164 W System.err: 	at okhttp3.internal.connection.RealConnection.i(RealConnection.kt:133)
10-05 02:02:38.078 20089 20164 W System.err: 	at okhttp3.internal.connection.RealConnection.e(RealConnection.kt:190)
10-05 02:02:38.078 20089 20164 W System.err: 	at okhttp3.internal.connection.ExchangeFinder.b(ExchangeFinder.kt:283)
10-05 02:02:38.078 20089 20164 W System.err: 	at okhttp3.internal.connection.ExchangeFinder.a(ExchangeFinder.kt:43)
10-05 02:02:38.078 20089 20164 W System.err: 	at okhttp3.internal.connection.RealCall.r(RealCall.kt:27)
10-05 02:02:38.078 20089 20164 W System.err: 	at okhttp3.internal.connection.ConnectInterceptor.a(ConnectInterceptor.kt:5)
10-05 02:02:38.078 20089 20164 W System.err: 	at okhttp3.internal.http.RealInterceptorChain.j(RealInterceptorChain.kt:137)
10-05 02:02:38.078 20089 20164 W System.err: 	at okhttp3.internal.cache.CacheInterceptor.a(CacheInterceptor.kt:149)
10-05 02:02:38.078 20089 20164 W System.err: 	at okhttp3.internal.http.RealInterceptorChain.j(RealInterceptorChain.kt:137)
10-05 02:02:38.078 20089 20164 W System.err: 	at okhttp3.internal.http.BridgeInterceptor.a(BridgeInterceptor.kt:152)
10-05 02:02:38.078 20089 20164 W System.err: 	at okhttp3.internal.http.RealInterceptorChain.j(RealInterceptorChain.kt:137)
10-05 02:02:38.078 20089 20164 W System.err: 	at okhttp3.internal.http.RetryAndFollowUpInterceptor.a(RetryAndFollowUpInterceptor.kt:28)
10-05 02:02:38.078 20089 20164 W System.err: 	at okhttp3.internal.http.RealInterceptorChain.j(RealInterceptorChain.kt:137)
10-05 02:02:38.078 20089 20164 W System.err: 	at okhttp3.logging.HttpLoggingInterceptor.a(HttpLoggingInterceptor.kt:416)
10-05 02:02:38.078 20089 20164 W System.err: 	at okhttp3.internal.http.RealInterceptorChain.j(RealInterceptorChain.kt:137)
10-05 02:02:38.078 20089 20164 W System.err: 	at com.samsung.euicc.lpaService.bootstrap.NetworkUsageCheckInterceptor.a(NetworkUsageCheckInterceptor.java:15)
10-05 02:02:38.078 20089 20164 W System.err: 	at okhttp3.internal.http.RealInterceptorChain.j(RealInterceptorChain.kt:137)
10-05 02:02:38.078 20089 20164 W System.err: 	at okhttp3.internal.connection.RealCall.q(RealCall.kt:112)
10-05 02:02:38.078 20089 20164 W System.err: 	at okhttp3.internal.connection.RealCall$AsyncCall.run(RealCall.kt:34)
10-05 02:02:38.078 20089 20164 W System.err: 	at java.util.concurrent.ThreadPoolExecutor.runWorker(ThreadPoolExecutor.java:1156)
10-05 02:02:38.078 20089 20164 W System.err: 	at java.util.concurrent.ThreadPoolExecutor$Worker.run(ThreadPoolExecutor.java:651)
10-05 02:02:38.078 20089 20164 W System.err: 	at java.lang.Thread.run(Thread.java:1119)
10-05 02:02:38.095  3753  3813 V WindowManagerShell: Transition animation finished (aborted=false), notifying core (#581)android.os.BinderProxy@257beda@0
10-05 02:02:38.096  3753  3813 I SurfaceControl: apply is called, name=FinishTransaction_SyncId<581>, caller=android.view.SurfaceControl$Transaction.apply:2933 com.android.wm.shell.transition.Transitions.onFinish:302 com.android.wm.shell.transition.Transitions$$ExternalSyntheticLambda6.onTransitionFinished:15 com.android.wm.shell.transition.DefaultTransitionHandler$$ExternalSyntheticLambda5.run:125 com.android.wm.shell.transition.DefaultTransitionHandler$$ExternalSyntheticLambda3.run:52 android.os.Handler.handleCallback:958 
10-05 02:02:38.098  2682  6372 V WindowManager: Finish Transition: TransitionRecord{1d83c97 id=581 type=CLOSE flags=0x0}, caller=com.android.server.wm.WindowOrganizerController.finishTransition:454 android.window.IWindowOrganizerController$Stub.onTransact:286 com.android.server.wm.WindowOrganizerController.onTransact:217 
10-05 02:02:38.099  2682  2811 V WindowManager: Finish Transition #581: created at 10-05 02:02:37.488 collect-started=1.869ms request-sent=2.466ms started=25.618ms ready=25.552ms sent=70.476ms finished=610.694ms
10-05 02:02:38.099  1942  2098 I SurfaceFlinger: id=8113 Removed com.csparks113.MorseCodeApp/com.csparks113.MorseCodeApp.MainActivity$_19659#8113 (119)
10-05 02:02:38.099  1942  2098 I SurfaceFlinger: id=8116 Removed cb3fc09 com.csparks113.MorseCodeApp/com.csparks113.MorseCodeApp.MainActivity#8116 (119)
10-05 02:02:38.099  1942  2098 I SurfaceFlinger: id=8112 Removed 87ada9b com.csparks113.MorseCodeApp/com.csparks113.MorseCodeApp.MainActivity#8112 (119)
10-05 02:02:38.100  4186  4186 I HoneySpace.Launcher: onEnterAnimationComplete
10-05 02:02:38.100  2682  6372 D WindowManager: Starting window removed Window{60c37ab u0 Splash Screen com.csparks113.MorseCodeApp EXITING}
10-05 02:02:38.100  2682  6372 V WindowManager: Remove Window{60c37ab u0 Splash Screen com.csparks113.MorseCodeApp EXITING}: mSurfaceController=Surface(name=Splash Screen com.csparks113.MorseCodeApp$_3753)/@0x4bd4349 mAnimatingExit=true mRemoveOnExit=true mHasSurface=true surfaceShowing=true animating=false app-animation=false mDisplayFrozen=false callers=com.android.server.wm.WindowToken.removeAllWindowsIfPossible:258 com.android.server.wm.ActivityRecord.removeIfPossible:5220 com.android.server.wm.ActivityRecord.handleCompleteDeferredRemoval:5227 com.android.server.wm.WindowContainer.handleCompleteDeferredRemoval:1510 com.android.server.wm.TaskFragment.handleCompleteDeferredRemoval:3445 com.android.server.wm.WindowContainer.handleCompleteDeferredRemoval:1510 
10-05 02:02:38.100  2682  6372 I WindowManager: Destroying surface Surface(name=Splash Screen com.csparks113.MorseCodeApp$_3753)/@0x4bd4349 called by com.android.server.wm.WindowStateAnimator.destroySurface:811 com.android.server.wm.WindowStateAnimator.destroySurfaceLocked:478 com.android.server.wm.WindowState.removeImmediately:2958 com.android.server.wm.WindowState.removeIfPossible:3226 com.android.server.wm.WindowToken.removeAllWindowsIfPossible:258 com.android.server.wm.ActivityRecord.removeIfPossible:5220 com.android.server.wm.ActivityRecord.handleCompleteDeferredRemoval:5227 com.android.server.wm.WindowContainer.handleCompleteDeferredRemoval:1510 
10-05 02:02:38.102  1942  3303 I SurfaceFlinger: id=8111 Removed 9ffffec ActivityRecordInputSink com.csparks113.MorseCodeApp/.MainActivity#8111 (119)
10-05 02:02:38.103  1942  1942 I Layer   : Layer [Task=6298#8104] hidden!! flag(1)
10-05 02:02:38.103  1942  1942 I Layer   : Layer::reparent [Task=6298#8104] newParent : DefaultTaskDisplayArea_d0#12 , isRemovedFromCurrentState : 0 -------------------------
10-05 02:02:38.103  1942  3303 I SurfaceFlinger: id=8131 createSurf, flag=24004, Task=6298#8131
10-05 02:02:38.103  1942  1942 I Layer   : Layer::reparent [Task=6298#8104] End -------------------------
10-05 02:02:38.103  1942  1942 I Layer   : Layer::reparent [Transition Root: Task=6298#8128] newParentHandle : null -------------------------
10-05 02:02:38.103  1942  1942 I Layer   : id=8128 removeFromCurrentState Transition Root: Task=6298#8128 (120)
10-05 02:02:38.103  1942  1942 I Layer   : id=52 removeFromCurrentState Task=1#52 (120)
10-05 02:02:38.103  1942  1942 I Layer   : id=134 removeFromCurrentState Task=6118#134 (120)
10-05 02:02:38.103  1942  1942 I Layer   : id=135 removeFromCurrentState ActivityRecord{8b8ea7a u0 com.sec.android.app.launcher/.activities.LauncherActivity t6118}#135 (120)
10-05 02:02:38.103  1942  1942 I Layer   : id=141 removeFromCurrentState e20640f ActivityRecordInputSink com.sec.android.app.launcher/.Launcher#141 (120)
