10-05 12:10:31.311  1817 30650 I sensors-hal: handle_sns_std_sensor_event:311, [SSC_LIGHT] P: 78(78),m:7,c:21,b:70,c0:3376,l:78,f(r):104,u(bl):100,j:70
10-05 12:10:31.312  1076  1076 D io_stats: !@   8,0 r 5140604 141842954 w 2091399 51642124 d 630819 75590316 f 0 198826 iot 2479408 0 th 0 0 0 pt 0 inp 0 0 76909.210
10-05 12:10:31.319  1817 30852 I sensors-hal: handle_sns_client_event:550, [0][5775] accel_sample [-0.020, -0.155,  9.934] 127139026556018
10-05 12:10:31.726  2682  3598 I SemWifiEleStateTracker: Ele Parameters BD : 11 13 10 13 12 11 MD : -114 -114 -114 -114 -114 -114 WD : -25 -27 -25 -26 -26 -25 GC : false false false false false false SC : false false false false false false SH : false false false false false false TB : false false false false false false
10-05 12:10:32.100  2682  6925 W ProcessStats: Tracking association SourceState{a912cd2 com.google.android.googlequicksearchbox:googleapp/10259 BTop #152693} whose proc state 2 is better than process ProcessState{c340c64 com.google.android.gms.persistent/10256 pkg=com.google.android.gms} proc state 4 (33 skipped)
10-05 12:10:32.178  2682  6725 D CustomizedBinderCallsStatsInternal: reportCpuUsage() : 1%
10-05 12:10:32.179  2682  2830 I BinderCallsStats: Collected cpu time : 0us, collected call count : 0 for 127044242 ms
10-05 12:10:32.313  2682  5737 D SemWifiUsabilityStatsMonitor: onWifiUsabilityStats - seqNum 16219, isSameBssidAndFreq true
10-05 12:10:33.314  1076  1076 D io_stats: !@   8,0 r 5140604 141842954 w 2091407 51642148 d 630819 75590316 f 0 198828 iot 2479420 0 th 0 0 0 pt 0 inp 0 0 76911.211
10-05 12:10:33.314  1076  1076 D io_stats: !@ Write_top(KB): appmanager:auth(29961) 16 android.hardwar(1814) 8
10-05 12:10:33.328  1817 30852 I sensors-hal: handle_sns_client_event:550, [0][5880] accel_sample [-0.005, -0.154,  9.931] 127141034584143
10-05 12:10:34.365  1828 31548 I HYPER-HAL: [RequestManager.cpp]releaseLocked(): Released ID : 3662595
10-05 12:10:34.509  1817 30650 I sensors-hal: handle_sns_std_sensor_event:311, [SSC_LIGHT] P: 78(78),m:7,c:21,b:70,c0:3376,l:78,f(r):104,u(bl):100,j:70
10-05 12:10:35.315  1076  1076 D io_stats: !@   8,0 r 5140604 141842954 w 2091410 51642168 d 630819 75590316 f 0 198828 iot 2479428 0 th 0 0 0 pt 0 inp 0 0 76913.213
10-05 12:10:35.336  1817 30852 I sensors-hal: handle_sns_client_event:550, [0][5985] accel_sample [ 0.009, -0.146,  9.927] 127143042611851
10-05 12:10:35.417  2682  5737 D SemWifiUsabilityStatsMonitor: onWifiUsabilityStats - seqNum 16220, isSameBssidAndFreq true
10-05 12:10:35.908  2682 31568 D WifiConnectivityMonitor.DnsThread:  [|211]
10-05 12:10:35.911  2682  3600 D WifiConnectivityMonitor.NetworkStatsAnalyzer: DNS resultType : 0, responseTime : 211
10-05 12:10:35.961  2682  3598 D OpenNetworkQos[4.00]: updateBssidLatestDnsResultType - result: 0
10-05 12:10:35.962  2682  3598 D OpenNetworkQos[4.00]: updateBssidNoInternet: mBssidNoInternet = false
10-05 12:10:35.962  2682  3598 D OpenNetworkQos[4.00]: getOpenNetworkQosNoInternetStatus: false
10-05 12:10:35.962  2682  3598 D OpenNetworkQos[4.00]: getOpenNetworkQosScores: 26 30 0 
10-05 12:10:35.962  2682  3598 D KNOX_MDM_SettingsProvider: isChangeAllowed() : name = wifi_wcm_qos_sharing_score_summary
10-05 12:10:35.963  2682  3598 I WifiProfileShare: network QoS data was changed (internet), updateQoSData networkType: true, qosData: false
10-05 12:10:35.963  2682  4646 V WifiProfileShare.Caster: update wips network, size: 0
10-05 12:10:35.964  2682  4646 D WifiProfileShare: nearby scanning settings run
10-05 12:10:35.964  2682  4646 D WifiProfileShare: network score provider settings enabled
10-05 12:10:35.965  2682  4646 D OpenNetworkQos[4.00]: getOpenNetworkQosScores: 26 30 0 
10-05 12:10:35.965  2682  4646 D OpenNetworkQos[4.00]: getOpenNetworkQosNoInternetStatus: false
10-05 12:10:35.965  2682  4646 I WifiProfileShare.Caster: current network type: 0, score: [26, 30, 0]
10-05 12:10:35.968  2682  4646 V WifiProfileShare.Cache: update network score 48:22:54:**:**:73
10-05 12:10:35.968  2682  4646 D WifiProfileShare.ScanMatcher: getMcfDataList size:2
10-05 12:10:35.969  2682  4646 I WifiProfileShare.Caster: qos data was updated , before:type:QOS, pBssid:6f:87:3b, qosData:78 after:type:QOS, pBssid:6f:87:3b, qosData:78
10-05 12:10:35.972  2682  4646 I [MCFSDK_android_1.2.13040]_4_McfCasterImpl: isNetworkEnabled - type : 1 ret : true
10-05 12:10:35.972  2682  4646 D WifiProfileShare.McfCast: -ME--- mIsNetworkEnabled :true
10-05 12:10:35.973  2682  4646 D WifiProfileShare.McfCast: updateQoSData ignored, same contents
10-05 12:10:35.973  2682  4646 D WifiProfileShare.MCF: success update QosData !
10-05 12:10:35.974  2682  4646 I [MCFSDK_android_1.2.13040]_4_McfCasterImpl: isNetworkEnabled - type : 1 ret : true
10-05 12:10:35.974  2682  4646 D WifiProfileShare.McfCast: -ME--- mIsNetworkEnabled :true
10-05 12:10:35.974  2682  4646 D WifiProfileShare.McfCast: -ME--- updatePasswordDate pwdData size:2
10-05 12:10:36.410  1817 30660 I sensors-hal: handle_sns_client_event:185, auto_rotation_debug_2 mode,255, type,1,0 acc,-0.010,-0.184,9.928, ar,0, ver,12, pedo,1,e,0,i,3
10-05 12:10:37.318  1076  1076 D io_stats: !@ Write_top(KB): kworker/u16:1(28377) 20
10-05 12:10:37.347  1817 30852 I sensors-hal: handle_sns_client_event:550, [0][6090] accel_sample [ 0.034, -0.164,  9.910] 127145050638726
10-05 12:10:37.394  1817 30650 I sensors-hal: handle_sns_std_sensor_event:311, [SSC_LIGHT] P: 77(77),m:7,c:21,b:70,c0:3360,l:77,f(r):104,u(bl):100,j:70
10-05 12:10:37.982  2682  3600 D WifiConnectivityMonitor.NetworkStatsAnalyzer: Backhaul Disconnection due to RetransSeg
10-05 12:10:37.983  2682  3600 D WifiConnectivityMonitor.NetworkStatsAnalyzer: Backhaul result - RSSI:-25, CE:5, PE:5, TI:11, PTI:11, TW:0, PTW:0, Tx:1, Rx:8, TxS:0, RxS:0, RESULT:true, IC:0, ICT:5, WC:0, WCT:5, R:0, RC:9, IE:0, EC:0
10-05 12:10:38.138  2682  3326 D OpenGLRenderer: RenderThread::destroyRenderingContext()
10-05 12:10:38.209  6325  7185 I SDHMS:C : SIOP:: AP:260 BAT:260 USB:265 CHG:267 PA:287 WIFI:267 CF:263 BLK:0 SUBBAT:0 SKIN:269 SKINF:268 SKINB:269 LRP:269 LRP2:269 LRF2:268 LRB2:269 AP2:269 CHG2:269 WIFI2:268 UANT2:266 DANT2:262 RCV2:265 SPK2:265 FCAM:265 UPSPK:261 DNSPK:265 AMB:232 AVGCUR:-22
10-05 12:10:38.524  2682  5737 D SemWifiUsabilityStatsMonitor: onWifiUsabilityStats - seqNum 16221, isSameBssidAndFreq true
10-05 12:10:38.534  3753  3753 D StatusBarIconController: ignoring old pipeline callback because the new wifi icon is enabled
10-05 12:10:38.536  3753  3843 D Tile.WifiTile: handleUpdateState isTransient=false transientEnabling =false cb.isTransient=false state.state = 2 mStateBeforeClick.value =false enabled =true
10-05 12:10:38.574  1942  2182 I VSyncReactor: Current= 24, Period= 120, hwcPeriod= 24
10-05 12:10:38.594  1942  1942 I SurfaceFlinger: SFWD update time=76916492382949
10-05 12:10:38.596  1942  1942 D SurfaceFlinger: GPIS:: requestGPISForClientComposition
10-05 12:10:38.605  1942  3360 D NativeSemDvfsManager: acquire:: timeout = 2000 mIsAcquired = 1  mTagName : SurfaceFlinger 
10-05 12:10:38.606  1942  3360 E NativeCustomFrequencyManager: [NativeCFMS] BpCustomFrequencyManager::acquire()
10-05 12:10:38.607  1828  1872 I HYPER-HAL: [RequestManager.cpp]acquire(): Acquired ID : 4330153  [1942 / 1000]    HINT : SF_GPU_MINLOCK    list : [TIMEOUT / 2000] 
10-05 12:10:39.320  1076  1076 D io_stats: !@   8,0 r 5140604 141842954 w 2091450 51642332 d 630838 75590532 f 0 198832 iot 2479456 0 th 0 0 0 pt 0 inp 0 0 76917.217
10-05 12:10:39.355  1817 30852 I sensors-hal: handle_sns_client_event:550, [0][6195] accel_sample [ 0.032, -0.153,  9.924] 127147058664872
10-05 12:10:39.727  1817  1817 I sensors-hal: set_config:61, sample_period_ns is adjusted to 200000000 based on min/max delay_ns
10-05 12:10:39.727  1817  1817 I sensors-hal: batch:512, com.samsung.sensor.light_cct/1511, period=200000000, max_latency=0 request completed
10-05 12:10:39.728  1817  1817 I sensors-hal: activate:428, com.samsung.sensor.light_cct/1511 en=1
10-05 12:10:39.728  1817  1817 I sensors-hal: get_qmi_debug_flag:239, support_qmi_debug : false
10-05 12:10:39.731  1800  2011 E minksocket: MinkIPC_QRTR_Service: client with node 1 port 78c3 went down
10-05 12:10:39.732  1800  2011 E minksocket: MinkIPC_QRTR_Service: client with node 1 port 78c4 went down
10-05 12:10:39.734  1800  2011 E minksocket: MinkIPC_QRTR_Service: client with node 1 port 78c5 went down
10-05 12:10:39.735  1817  1817 I sensors-hal: send_sync_sensor_request:450, send sync request
10-05 12:10:39.736  1817  1817 I sensors-hal: send_sync_sensor_request:476, wait for notification of response
10-05 12:10:39.737  1800  2011 E minksocket: MinkIPC_QRTR_Service: client with node 1 port 78c6 went down
10-05 12:10:39.739  1817 31573 I sensors-hal: ssc_conn_resp_cb:835, resp_value = 0
10-05 12:10:39.739  1817  1817 I sensors-hal: send_sync_sensor_request:482, takes 3 ms to receive the response with 0
10-05 12:10:39.739  1817  1817 I sensors-hal: activate:446, com.samsung.sensor.light_cct/1511 en=1 completed
10-05 12:10:39.740  2682  3511 D SensorManager: registerListener :: 1511, STK33915 Light CCT  Non-wakeup, 200000, 0, com.samsung.android.displaysolution.EyeComfortSolutionService$2@8e21c72
10-05 12:10:39.793  1817 31573 I sensors-hal: handle_indication_realtime:467,  SCHED_FIFO(10) for qmi_cbk
10-05 12:10:39.794  1817 31573 I sensors-hal: handle_sns_std_sensor_event:89, light_cct: ts = 127147504405080 ns; value = [78, 78, 46, 51, 70, 70, 2, 13, 211, -1]
10-05 12:10:39.796  1817  1817 I sensors-hal: activate:428, com.samsung.sensor.light_cct/1511 en=0
10-05 12:10:39.798  1817  1817 I sensors-hal: deactivate:382, disconnect qmi to disable sensor
10-05 12:10:39.798  1817  1817 I sensors-hal: activate:446, com.samsung.sensor.light_cct/1511 en=0 completed
10-05 12:10:39.799  2682  3511 D SensorManager: unregisterListener :: com.samsung.android.displaysolution.EyeComfortSolutionService$2@8e21c72
10-05 12:10:39.801  1800  2011 E minksocket: MinkIPC_QRTR_Service: client with node 1 port 78c7 went down
10-05 12:10:40.384  3753  3843 D SBluetoothTile:  handleUpdateState enabled = false connected = false connecting = false changedState =false bluetoothState = 10 enabledChanging = false state = BooleanState[spec=Bluetooth,icon=ResourceIcon[resId=0x7f080de8],iconSupplier=null,label=Bluetooth,secondaryLabel=,contentDescription=Bluetooth,Off,stateDescription=null,dualLabelContentDescription=null,expandedAccessibilityClassName=null,disabledByPolicy=false,dualTarget=true,isTransient=false,state=1,slash="null",sideViewCustomDrawable=null,tileClassName=null,value=false,forceExpandIcon=false]
10-05 12:10:40.386  3753  3843 D Tile.WifiTile: handleUpdateState isTransient=false transientEnabling =false cb.isTransient=false state.state = 2 mStateBeforeClick.value =false enabled =true
10-05 12:10:40.388  3753  3843 D Tile.WifiTile: handleUpdateState isTransient=false transientEnabling =false cb.isTransient=false state.state = 2 mStateBeforeClick.value =false enabled =true
10-05 12:10:40.390  3753  3843 W Settings: Setting all_sound_off has moved from android.provider.Settings.System to android.provider.Settings.Global, returning read-only value.
10-05 12:10:40.393  2682  6725 D CompatibilityChangeReporter: Compat change id reported: 202110963; UID 10048; state: ENABLED
10-05 12:10:40.394  2682  6725 D CompatibilityChangeReporter: Compat change id reported: 202110963; UID 10048; state: DISABLED
10-05 12:10:40.396  3753  3843 D DeviceState: isESIM() :0 : false
10-05 12:10:40.396  3753  3843 D NetworkController.MobileSignalController(1): isPowerOffServiceState,mCurrentState.getVoiceServiceState() = 0,mCurrentState.airplaneMode = false,mCurrentState.canCellularVoiceService() = true,mCurrentState.getMobileDataRegState() = true
10-05 12:10:40.396  3753  3843 D AirplaneModeTile:  handleUpdateState mIsWiFiOnlyDevice false isNoSimState false isNoSimState  isPowerOffServiceState false mSetting.getValue() 0
10-05 12:10:40.396  3753  3843 D AirplaneModeTile:  handleUpdateState:  value = false, state = 1
10-05 12:10:40.397  3753  3753 D SBluetoothTile: onBluetoothStateChange enabled: false isShowingDetail(): false
10-05 12:10:40.397  3753  3753 D SBluetoothTile: onBluetoothStateChange enabled: false isShowingDetail(): false
10-05 12:10:40.399  3753  3843 D SBluetoothTile:  handleUpdateState enabled = false connected = false connecting = false changedState =false bluetoothState = 10 enabledChanging = false state = BooleanState[spec=Bluetooth,icon=ResourceIcon[resId=0x7f080de8],iconSupplier=null,label=Bluetooth,secondaryLabel=,contentDescription=Bluetooth,Off,stateDescription=null,dualLabelContentDescription=null,expandedAccessibilityClassName=null,disabledByPolicy=false,dualTarget=true,isTransient=false,state=1,slash="null",sideViewCustomDrawable=null,tileClassName=null,value=false,forceExpandIcon=false]
10-05 12:10:40.400  3753  3843 D SBluetoothTile:  handleUpdateState enabled = false connected = false connecting = false changedState =false bluetoothState = 10 enabledChanging = false state = BooleanState[spec=Bluetooth,icon=ResourceIcon[resId=0x7f080de8],iconSupplier=null,label=Bluetooth,secondaryLabel=,contentDescription=Bluetooth,Off,stateDescription=null,dualLabelContentDescription=null,expandedAccessibilityClassName=null,disabledByPolicy=false,dualTarget=true,isTransient=false,state=1,slash="null",sideViewCustomDrawable=null,tileClassName=null,value=false,forceExpandIcon=false]
10-05 12:10:40.401  3753  3843 D SBluetoothTile:  handleUpdateState enabled = false connected = false connecting = false changedState =false bluetoothState = 10 enabledChanging = false state = BooleanState[spec=Bluetooth,icon=ResourceIcon[resId=0x7f080de8],iconSupplier=null,label=Bluetooth,secondaryLabel=,contentDescription=Bluetooth,Off,stateDescription=null,dualLabelContentDescription=null,expandedAccessibilityClassName=null,disabledByPolicy=false,dualTarget=true,isTransient=false,state=1,slash="null",sideViewCustomDrawable=null,tileClassName=null,value=false,forceExpandIcon=false]
10-05 12:10:40.611  1828 31571 I HYPER-HAL: [RequestManager.cpp]releaseLocked(): Released ID : 4330153
10-05 12:10:40.765  3682  3682 I wpa_supplicant: Heartbeat 7742
10-05 12:10:41.073  1817 30650 I sensors-hal: handle_sns_std_sensor_event:311, [SSC_LIGHT] P: 77(77),m:7,c:21,b:70,c0:3360,l:77,f(r):104,u(bl):100,j:67
10-05 12:10:41.323  1076  1076 D io_stats: !@ Write_top(KB): f2fs_ckpt-254:5(4355) 44 init(1) 16 kworker/u16:3(28794) 8
10-05 12:10:41.363  1817 30852 I sensors-hal: handle_sns_client_event:550, [0][6300] accel_sample [-0.045, -0.094,  9.924] 127149066690080
10-05 12:10:41.638  2682  5737 D SemWifiUsabilityStatsMonitor: onWifiUsabilityStats - seqNum 16222, isSameBssidAndFreq true
10-05 12:10:43.324  1076  1076 D io_stats: !@   8,0 r 5140604 141842954 w 2091458 51642356 d 630838 75590532 f 0 198834 iot 2479464 0 th 0 0 0 pt 0 inp 0 0 76921.222
10-05 12:10:43.371  1817 30852 I sensors-hal: handle_sns_client_event:550, [0][6405] accel_sample [ 0.035, -0.197,  9.922] 127151074714560
10-05 12:10:44.429  1817 30650 I sensors-hal: handle_sns_std_sensor_event:311, [SSC_LIGHT] P: 77(77),m:7,c:21,b:70,c0:3360,l:77,f(r):104,u(bl):100,j:70
10-05 12:10:44.479  2682  3598 I SemWifiEleStateTracker: Ele Parameters BD : 13 12 13 12 13 13 MD : -114 -114 -114 -114 -114 -114 WD : -25 -26 -25 -25 -25 -26 GC : false false false false false false SC : false false false false false false SH : false false false false false false TB : false false false false false false
10-05 12:10:44.734  2682  5737 D SemWifiUsabilityStatsMonitor: onWifiUsabilityStats - seqNum 16223, isSameBssidAndFreq true
10-05 12:10:44.738  3753  3753 D StatusBarIconController: ignoring old pipeline callback because the new wifi icon is enabled
10-05 12:10:44.739  3753  3843 D Tile.WifiTile: handleUpdateState isTransient=false transientEnabling =false cb.isTransient=false state.state = 2 mStateBeforeClick.value =false enabled =true
10-05 12:10:44.797  2682  2814 D LocalDisplayAdapter: updateActiveModeLocked for d=4630947232161729154, mActiveModeId=6, mActiveSfDisplayMode=DisplayMode{id=5, width=1080, height=2340, xDpi=391.885, yDpi=393.615, refreshRate=24.000002, appVsyncOffsetNanos=0, presentationDeadlineNanos=42666666, supportedHdrTypes=[2, 3, 4], group=1080}
10-05 12:10:44.800  2682  2814 I DisplayDeviceRepository: Display device changed: DisplayDeviceInfo{"Built-in Screen": uniqueId="local:4630947232161729154", 1080 x 2340, modeId 6, renderFrameRate 24.000002, defaultModeId 1, supportedModes [{id=1, width=1080, height=2340, fps=120.00001, alternativeRefreshRates=[10.0, 24.000002, 30.000002, 48.000004, 60.000004, 96.00001], supportedHdrTypes=[2, 3, 4]}, {id=2, width=1080, height=2340, fps=96.00001, alternativeRefreshRates=[10.0, 24.000002, 30.000002, 48.000004, 60.000004, 120.00001], supportedHdrTypes=[2, 3, 4]}, {id=3, width=1080, height=2340, fps=60.000004, alternativeRefreshRates=[10.0, 24.000002, 30.000002, 48.000004, 96.00001, 120.00001], supportedHdrTypes=[2, 3, 4]}, {id=4, width=1080, height=2340, fps=48.000004, alternativeRefreshRates=[10.0, 24.000002, 30.000002, 60.000004, 96.00001, 120.00001], supportedHdrTypes=[2, 3, 4]}, {id=5, width=1080, height=2340, fps=30.000002, alternativeRefreshRates=[10.0, 24.000002, 48.000004, 60.000004, 96.00001, 120.00001], supportedHdrTypes=[2, 3, 4]}, {id=6, width=1080, height=2340, fps=24.000002, alternativeRefreshRates=[10.0, 30.000002, 48.000004, 60.000004, 96.00001, 120.00001], supportedHdrTypes=[2, 3, 4]}, {id=7, width=1080, height=2340, fps=10.0, alternativeRefreshRates=[24.000002, 30.000002, 48.000004, 60.000004, 96.00001, 120.00001], supportedHdrTypes=[2, 3, 4]}], colorMode 0, supportedColorModes [0, 7, 9], hdrCapabilities HdrCapabilities{mSupportedHdrTypes=[2, 3, 4], mMaxLuminance=450.0, mMaxAverageLuminance=225.00024, mMinLuminance=5.0E-4}, allmSupported false, gameContentTypeSupported false, density 450, 391.885 x 393.615 dpi, appVsyncOff 0, presDeadline 42666666, cutout DisplayCutout{insets=Rect(0, 74 - 0, 0) waterfall=Insets{left=0, top=0, right=0, bottom=0} boundingRect={Bounds=[Rect(0, 0 - 0, 0), Rect(514, 0 - 566, 74), Rect(0, 0 - 0, 0), Rect(0, 0 - 0, 0)]} cutoutPathParserInfo={CutoutPathParserInfo{displayWidth=1080 displayHeight=2340 physicalDisplayWidth=1080 physicalDisplayHeight=2340 density={2.8125} cutoutSpec={M 0,0 H -9.244444444444444 V 26.31111111111111 H 9.244444444444444 V 0 H 0 Z @dp} rotation={0} scale={1.0} physicalPixelDisplaySizeRatio={1.0}}}}, touch INTERNAL, rotation 0, type INTERNAL, address {port=130, model=0x40446df8ca940a}, deviceProductInfo DeviceProductInfo{name=, manufacturerPnpId=QCM, productId=1, modelYear=null, manufactureDate=ManufactureDate{week=27, year=2006}, connectionToSinkType=0}, state ON, committedState ON, frameRateOverride , brightnessMinimum 0.0, brightnessMaximum 1.0, brightnessDefault 0.5019608, hdrSdrRatio NaN, roundedCorners RoundedCorners{[RoundedCorner{position=TopLeft, radius=101, center=Point(101, 101)}, RoundedCorner{position=TopRight, radius=101, center=Point(979, 101)}, RoundedCorner{position=BottomRight, radius=101, center=Point(979, 2239)}, RoundedCorner{position=BottomLeft, radius=101, center=Point(101, 2239)}]}, FLAG_ALLOWED_TO_BE_DEFAULT_DISPLAY, FLAG_ROTATES_WITH_CONTENT, FLAG_SECURE, FLAG_SUPPORTS_PROTECTED_BUFFERS, FLAG_TRUSTED, installOrientation 0, displayShape DisplayShape{ spec=-311912193 displayWidth=1080 displayHeight=2340 physicalPixelDisplaySizeRatio=1.0 rotation=0 offsetX=0 offsetY=0 scale=1.0}}
10-05 12:10:44.806  2682  2682 D SGM:GameManager: onDisplayChanged. displyId: 0, state: 2
10-05 12:10:44.807  2682  2682 D AODManagerService: requestReCalToTSP IsSingleTouchMode = truerequestedReCalToTSP = false / previousDisplayState = ON
10-05 12:10:44.810  4186  4186 I ViewRootImpl@b7c15db[LauncherActivity]: onDisplayChanged oldDisplayState=2 newDisplayState=2
10-05 12:10:44.810  4186 31216 I HoneySpace.RefreshRateSource: singleFrameMs 41
10-05 12:10:44.810  4186 31212 I HoneySpace.DeXLaunchService: Display changed - 0
10-05 12:10:44.810  4186 31543 I HoneySpace.Memory-Monitor: current state = 2, didTrim = false
10-05 12:10:44.810  2682  3292 D SGM:FgCheckThread: onLooperPrepared(), msg: MSG_LCD_ON
10-05 12:10:44.811  4186  4186 I ViewRootImpl@6c9be1f[RecentsTransitionOverlay]: onDisplayChanged oldDisplayState=2 newDisplayState=2
10-05 12:10:44.811  4186  4186 I ViewRootImpl@3d39e80[RecentsActivity]: onDisplayChanged oldDisplayState=2 newDisplayState=2
10-05 12:10:44.811  4186  4186 I ViewRootImpl@2936c7[CocktailBarService]: onDisplayChanged oldDisplayState=2 newDisplayState=2
10-05 12:10:44.812  2682  5272 D LiftUpHandler: [LTW] Stopped already.
10-05 12:10:44.813  7285  7285 I ViewRootImpl@cceb72c[InputMethod]: onDisplayChanged oldDisplayState=2 newDisplayState=2
10-05 12:10:44.813  3753  3813 I ViewRootImpl@97bbd94[ShellDropTarget]: onDisplayChanged oldDisplayState=2 newDisplayState=2
10-05 12:10:44.813  3753  3843 D DisplayLifecycle: updateDisplay id = 0
10-05 12:10:44.814  2682  2814 D DisplayManagerService: Ignore redundant display event 0/2 to 10258/26162
10-05 12:10:44.815  3753  3843 D StackScroller: onDisplayChanged for predraw skip to 2
10-05 12:10:44.817  2682  2814 D RefreshRateModeManager: updateDefaultDisplayToken: android.os.BinderProxy@8e5808d, isChanged: false
10-05 12:10:44.819 19310 19310 I ViewRootImpl@25e23de[HintService]: onDisplayChanged oldDisplayState=2 newDisplayState=2
10-05 12:10:44.820  3753  3753 I ViewRootImpl@ebdea00[LockscreenShortcutBlur]: onDisplayChanged oldDisplayState=2 newDisplayState=2
10-05 12:10:44.820  3753  3753 I ViewRootImpl@e375d57[NavigationBar0]: onDisplayChanged oldDisplayState=2 newDisplayState=2
10-05 12:10:44.820  3753  3753 I ViewRootImpl@eaa7ab4[NotificationShade]: onDisplayChanged oldDisplayState=2 newDisplayState=2
10-05 12:10:44.820  3753  3753 I ViewRootImpl@1b6a14d[StatusBar]: onDisplayChanged oldDisplayState=2 newDisplayState=2
10-05 12:10:44.820  3753  3753 I ViewRootImpl@8e629f9[Bouncer]: onDisplayChanged oldDisplayState=2 newDisplayState=2
10-05 12:10:44.820  3753  3753 I ViewRootImpl@33a11c8[KeyguardBiometricToastView]: onDisplayChanged oldDisplayState=2 newDisplayState=2
10-05 12:10:44.830  1942  1942 D SurfaceFlinger: GPIS:: requestGPISForClientComposition
10-05 12:10:44.835  1942  3360 D NativeSemDvfsManager: acquire:: timeout = 2000 mIsAcquired = 1  mTagName : SurfaceFlinger 
10-05 12:10:44.835  1942  3360 E NativeCustomFrequencyManager: [NativeCFMS] BpCustomFrequencyManager::acquire()
10-05 12:10:44.835  1828  1872 I HYPER-HAL: [RequestManager.cpp]acquire(): Acquired ID : 4330153  [1942 / 1000]    HINT : SF_GPU_MINLOCK    list : [TIMEOUT / 2000] 
10-05 12:10:45.326  1076  1076 D io_stats: !@   8,0 r 5140604 141842954 w 2091465 51642480 d 630838 75590532 f 0 198834 iot 2479472 0 th 0 0 0 pt 0 inp 0 0 76923.223
10-05 12:10:45.326  1076  1076 D io_stats: !@ Write_top(KB): kworker/u16:0(29699) 124 appmanager:auth(29961) 16
10-05 12:10:45.379  1817 30852 I sensors-hal: handle_sns_client_event:550, [0][6510] accel_sample [-0.059, -0.159,  9.932] 127153082738205
10-05 12:10:45.971  1817 30660 I sensors-hal: handle_sns_client_event:185, auto_rotation_debug_2 mode,255, type,1,0 acc,0.024,-0.122,9.937, ar,0, ver,12, pedo,1,e,0,i,3
10-05 12:10:46.839  1828 31575 I HYPER-HAL: [RequestManager.cpp]releaseLocked(): Released ID : 4330153
10-05 12:10:47.387  1817 30852 I sensors-hal: handle_sns_client_event:550, [0][6615] accel_sample [-0.020, -0.188,  9.926] 127155090761122
10-05 12:10:47.630  1817 30650 I sensors-hal: handle_sns_std_sensor_event:311, [SSC_LIGHT] P: 78(78),m:7,c:21,b:70,c0:3376,l:78,f(r):104,u(bl):100,j:70
10-05 12:10:47.851  2682  5737 D SemWifiUsabilityStatsMonitor: onWifiUsabilityStats - seqNum 16224, isSameBssidAndFreq true
10-05 12:10:47.989  2682  3600 D WifiConnectivityMonitor.NetworkStatsAnalyzer: Backhaul Disconnection due to RetransSeg
10-05 12:10:47.990  2682  3600 D WifiConnectivityMonitor.NetworkStatsAnalyzer: Backhaul result - RSSI:-27, CE:5, PE:5, TI:11, PTI:11, TW:0, PTW:0, Tx:0, Rx:6, TxS:0, RxS:0, RESULT:true, IC:0, ICT:5, WC:0, WCT:5, R:0, RC:10, IE:0, EC:0
10-05 12:10:48.435  2682  2819 E Watchdog: !@Sync: 2562 heap: 102 / 120 FD: 1093 [2025-10-05 12:10:48.435]
10-05 12:10:49.331  1076  1076 D io_stats: !@   8,0 r 5140604 141842954 w 2091516 51642700 d 630859 75590708 f 0 198844 iot 2479500 0 th 0 0 0 pt 0 inp 0 0 76927.229
10-05 12:10:49.331  1076  1076 D io_stats: !@ Write_top(KB): f2fs_ckpt-254:5(4355) 40 init(1) 32 kworker/u16:3(28794) 4
10-05 12:10:49.395  1817 30852 I sensors-hal: handle_sns_client_event:550, [0][6720] accel_sample [-0.022, -0.224,  9.939] 127157098783310
10-05 12:10:49.809  1817  1817 I sensors-hal: set_config:61, sample_period_ns is adjusted to 200000000 based on min/max delay_ns
10-05 12:10:49.809  1817  1817 I sensors-hal: batch:512, com.samsung.sensor.light_cct/1511, period=200000000, max_latency=0 request completed
10-05 12:10:49.809  1817  1817 I sensors-hal: activate:428, com.samsung.sensor.light_cct/1511 en=1
10-05 12:10:49.811  1817  1817 I sensors-hal: get_qmi_debug_flag:239, support_qmi_debug : false
10-05 12:10:49.813  1800  2011 E minksocket: MinkIPC_QRTR_Service: client with node 1 port 78c8 went down
10-05 12:10:49.815  1800  2011 E minksocket: MinkIPC_QRTR_Service: client with node 1 port 78c9 went down
10-05 12:10:49.819  1800  2011 E minksocket: MinkIPC_QRTR_Service: client with node 1 port 78ca went down
10-05 12:10:49.821  1817  1817 I sensors-hal: send_sync_sensor_request:450, send sync request
10-05 12:10:49.821  1817  1817 I sensors-hal: send_sync_sensor_request:476, wait for notification of response
10-05 12:10:49.824  1817 31577 I sensors-hal: ssc_conn_resp_cb:835, resp_value = 0
10-05 12:10:49.824  1817  1817 I sensors-hal: send_sync_sensor_request:482, takes 3 ms to receive the response with 0
10-05 12:10:49.824  1817  1817 I sensors-hal: activate:446, com.samsung.sensor.light_cct/1511 en=1 completed
10-05 12:10:49.824  1800  2011 E minksocket: MinkIPC_QRTR_Service: client with node 1 port 78cb went down
10-05 12:10:49.825  2682  3511 D SensorManager: registerListener :: 1511, STK33915 Light CCT  Non-wakeup, 200000, 0, com.samsung.android.displaysolution.EyeComfortSolutionService$2@8e21c72
10-05 12:10:49.871  1817 31577 I sensors-hal: handle_indication_realtime:467,  SCHED_FIFO(10) for qmi_cbk
10-05 12:10:49.871  1817 31577 I sensors-hal: handle_sns_std_sensor_event:89, light_cct: ts = 127157584405133 ns; value = [77, 77, 46, 51, 70, 70, 2, 13, 210, -1]
10-05 12:10:49.874  1817  1817 I sensors-hal: activate:428, com.samsung.sensor.light_cct/1511 en=0
10-05 12:10:49.875  1817  1817 I sensors-hal: deactivate:382, disconnect qmi to disable sensor
10-05 12:10:49.875  1817  1817 I sensors-hal: activate:446, com.samsung.sensor.light_cct/1511 en=0 completed
10-05 12:10:49.876  2682  3511 D SensorManager: unregisterListener :: com.samsung.android.displaysolution.EyeComfortSolutionService$2@8e21c72
10-05 12:10:49.878  1800  2011 E minksocket: MinkIPC_QRTR_Service: client with node 1 port 78cc went down
10-05 12:10:50.352  1817 30650 I sensors-hal: handle_sns_std_sensor_event:311, [SSC_LIGHT] P: 77(77),m:7,c:21,b:70,c0:3360,l:77,f(r):104,u(bl):100,j:70
10-05 12:10:50.766  3682  3682 I wpa_supplicant: Heartbeat 7743
10-05 12:10:51.010  2682  5737 D SemWifiUsabilityStatsMonitor: onWifiUsabilityStats - seqNum 16225, isSameBssidAndFreq true
10-05 12:10:51.403  1817 30852 I sensors-hal: handle_sns_client_event:550, [0][6825] accel_sample [-0.044, -0.233,  9.883] 127159106804768
10-05 12:10:53.288  2682  3534 D UsbStatsMonitor: 0 0 0 0 0 0 0 0 0 0 0 0 7 0 0 0 0 0 0 0 0 0 0 0 0 0 0 0 0 0 0 0 0 0 0 0 0 0 0 0 0 0 0 0 0 0 0 0 0 0 0 0 0 0 70841190580250
10-05 12:10:53.335  1076  1076 D io_stats: !@   8,0 r 5140604 141842954 w 2091524 51642724 d 630859 75590708 f 0 198846 iot 2479508 0 th 0 0 0 pt 0 inp 0 0 76931.233
10-05 12:10:53.336  1076  1076 D io_stats: !@ Write_top(KB): appmanager:auth(29961) 16
10-05 12:10:53.411  1817 30852 I sensors-hal: handle_sns_client_event:550, [0][6930] accel_sample [ 0.007, -0.172,  9.929] 127161114825601
10-05 12:10:54.142  2682  5737 D SemWifiUsabilityStatsMonitor: onWifiUsabilityStats - seqNum 16226, isSameBssidAndFreq true
10-05 12:10:54.832  1817 30650 I sensors-hal: handle_sns_std_sensor_event:311, [SSC_LIGHT] P: 78(78),m:7,c:21,b:70,c0:3376,l:78,f(r):104,u(bl):100,j:72
10-05 12:10:55.339  1076  1076 D io_stats: !@   8,0 r 5140604 141842954 w 2091525 51642728 d 630859 75590708 f 0 198846 iot 2479520 0 th 0 0 0 pt 0 inp 0 0 76933.237
10-05 12:10:55.417  1817 30852 I sensors-hal: handle_sns_client_event:550, [0][7035] accel_sample [ 0.020, -0.145,  9.934] 127163122845705
10-05 12:10:55.532  1817 30660 I sensors-hal: handle_sns_client_event:185, auto_rotation_debug_2 mode,255, type,1,0 acc,0.000,-0.086,9.935, ar,0, ver,12, pedo,1,e,0,i,3
10-05 12:10:57.331  2682  5737 D SemWifiUsabilityStatsMonitor: onWifiUsabilityStats - seqNum 16227, isSameBssidAndFreq true
10-05 12:10:57.340  1076  1076 D io_stats: !@ Write_top(KB): kworker/u16:4(30600) 4
10-05 12:10:57.393  2682  3598 I SemWifiEleStateTracker: Ele Parameters BD : 13 13 11 13 11 13 MD : -114 -114 -114 -114 -114 -114 WD : -26 -26 -27 -26 -25 -25 GC : false false false false false false SC : false false false false false false SH : false false false false false false TB : false false false false false false
10-05 12:10:57.427  1817 30852 I sensors-hal: handle_sns_client_event:550, [0][7140] accel_sample [-0.016, -0.093,  9.935] 127165130865289
10-05 12:10:57.998  2682  3600 D WifiConnectivityMonitor.NetworkStatsAnalyzer: Backhaul Disconnection due to RetransSeg
10-05 12:10:57.999  2682  3600 D WifiConnectivityMonitor.NetworkStatsAnalyzer: Backhaul result - RSSI:-25, CE:5, PE:5, TI:11, PTI:11, TW:0, PTW:0, Tx:0, Rx:6, TxS:0, RxS:0, RESULT:true, IC:0, ICT:5, WC:0, WCT:5, R:0, RC:11, IE:0, EC:0
10-05 12:10:58.559  2682 12042 I AfterimageCompensationService: AfcThread mLuminance : 95 , AfpcPeriodCount : 1665 , rotation : 0 , AOD : false
10-05 12:10:58.566  1942  2103 D RenderEngine: [SEC_GC_CMN_SF_EFFECTS] drawLayersInternal,1279, Rendering layer  at index 0
10-05 12:10:58.567  1942  2103 D RenderEngine: [SEC_GC_CMN_SF_EFFECTS] drawLayersInternal,1279, Rendering layer Wallpaper BBQ wrapper 5_system#105 at index 1
10-05 12:10:58.567  1942  2103 D RenderEngine: [SEC_GC_CMN_SF_EFFECTS] drawLayersInternal,1279, Rendering layer com.sec.android.app.launcher/com.sec.android.app.launcher.activities.LauncherActivity$_4186#8752 at index 2
10-05 12:10:58.568  1942  2103 D RenderEngine: [SEC_GC_CMN_SF_EFFECTS] drawLayersInternal,1527, Generating fresh effectOutput for region blur in layer LauncherActivity$_4186#8752, blur radius 150
10-05 12:10:58.569  1942  2103 D RenderEngine: [SEC_GC_CMN_SF_EFFECTS] drawLayersInternal,1279, Rendering layer StatusBar$_3753#107 at index 3
10-05 12:10:58.569  1942  2103 D RenderEngine: [SEC_GC_CMN_SF_EFFECTS] drawLayersInternal,1279, Rendering layer com.sec.android.app.launcher/com.samsung.app.honeyspace.edge.CocktailBarService$_4186#8761 at index 4
10-05 12:10:58.569  1942  2103 D RenderEngine: [SEC_GC_CMN_SF_EFFECTS] drawLayersInternal,1279, Rendering layer NavigationBar0$_3753#101 at index 5
10-05 12:10:58.590  2682 12042 D system_server: mAFPC_Read - w = 1080, h = 2340, s = 8, f = 4, s_size = 10183680, luminance = 95, count = 1665, captureOrientation = 0
10-05 12:10:59.151  1817 30650 I sensors-hal: handle_sns_std_sensor_event:311, [SSC_LIGHT] P: 78(78),m:7,c:21,b:70,c0:3376,l:78,f(r):104,u(bl):100,j:70
10-05 12:10:59.341  1076  1076 D io_stats: !@   8,0 r 5140604 141842954 w 2091550 51642832 d 630869 75590796 f 0 198851 iot 2479532 0 th 0 0 0 pt 0 inp 0 0 76937.239
10-05 12:10:59.344  1419  1555 V CpEventLog(u0): cp_state: [                 contacts = {contacts=106, raw_contacts=130, data=333, account={secphone(1)=103, google(2)=0, google(3)=0, sim(4)=3, sim2(5)=0, agg(6)=0, samsung(7)=0, mobileservice(8)=0, com.samsung.android.email(9)=0, duo(10)=24, com.microsoft.msa.ltw(12)=0, com.microsoft.skydrive(13)=0, com.facebook.messenger(16)=0, com.duolingo(17)=0, com.facebook.auth.login(18)=0, com.facebook.auth.login(19)=0}, trash=0, trash_acc={}, trash_sync=0, database=contacts2.db} ]
10-05 12:10:59.344  1419  1555 V CpEventLog(u0): cp_state: [               aggregated = {[1,10]=24, [1]=79, [4]=3} ]
10-05 12:10:59.344  1419  1555 V CpEventLog(u0): cp_state: [                  request = {} ]
10-05 12:10:59.344  1419  1555 V CpEventLog(u0): cp_state: [                    calls = {types={[100]=18, [200]=43, [300]=457, [1000]=1982}, database=calllog.db} ]
10-05 12:10:59.344  1419  1555 V CpEventLog(u0): cp_state: [                  profile = {contacts=0, raw_contacts=0, data=0, account={secphone(1)=0, google(2)=0, google(3)=0, sim(4)=0, sim2(5)=0, agg(6)=0, samsung(7)=0, mobileservice(8)=0, com.samsung.android.email(9)=0, duo(10)=0, com.microsoft.msa.ltw(12)=0, com.microsoft.skydrive(13)=0, com.facebook.messenger(16)=0, com.duolingo(17)=0, com.facebook.auth.login(18)=0, com.facebook.auth.login(19)=0}, trash=0, trash_acc={}, trash_sync=0, database=profile.db} ]
10-05 12:10:59.344  1419  1555 V CpEventLog(u0): cp_state: [               sa_profile = {contacts=1, raw_contacts=1, data=2, account={secphone(1)=1, google(2)=0, google(3)=0, sim(4)=0, sim2(5)=0, agg(6)=0, samsung(7)=0, mobileservice(8)=0, com.samsung.android.email(9)=0, duo(10)=0, com.microsoft.msa.ltw(12)=0, com.microsoft.skydrive(13)=0, com.facebook.messenger(16)=0, com.duolingo(17)=0, com.facebook.auth.login(18)=0, com.facebook.auth.login(19)=0}, trash=0, trash_acc={}, trash_sync=0, database=profile_sa.db} ]
10-05 12:10:59.344  1419  1555 V CpEventLog(u0): cp_state: [                      etc = {binders=0, country_iso=US, version=15.2.26, db_version=1802, csc=/GCF} ]
10-05 12:10:59.344  1419  1555 V CpEventLog(u0): cp_state: ------------------------------------------------------------------------------
10-05 12:10:59.432  1817 30852 I sensors-hal: handle_sns_client_event:550, [0][7245] accel_sample [-0.007, -0.162,  9.933] 127167138884247
10-05 12:10:59.888  1817  1817 I sensors-hal: set_config:61, sample_period_ns is adjusted to 200000000 based on min/max delay_ns
10-05 12:10:59.889  1817  1817 I sensors-hal: batch:512, com.samsung.sensor.light_cct/1511, period=200000000, max_latency=0 request completed
10-05 12:10:59.889  1817  1817 I sensors-hal: activate:428, com.samsung.sensor.light_cct/1511 en=1
10-05 12:10:59.890  1817  1817 I sensors-hal: get_qmi_debug_flag:239, support_qmi_debug : false
10-05 12:10:59.894  1800  2011 E minksocket: MinkIPC_QRTR_Service: client with node 1 port 78cd went down
10-05 12:10:59.895  1800  2011 E minksocket: MinkIPC_QRTR_Service: client with node 1 port 78ce went down
10-05 12:10:59.897  1800  2011 E minksocket: MinkIPC_QRTR_Service: client with node 1 port 78cf went down
10-05 12:10:59.899  1817  1817 I sensors-hal: send_sync_sensor_request:450, send sync request
10-05 12:10:59.899  1817  1817 I sensors-hal: send_sync_sensor_request:476, wait for notification of response
10-05 12:10:59.901  1800  2011 E minksocket: MinkIPC_QRTR_Service: client with node 1 port 78d0 went down
10-05 12:10:59.902  1817 31583 I sensors-hal: ssc_conn_resp_cb:835, resp_value = 0
10-05 12:10:59.902  1817  1817 I sensors-hal: send_sync_sensor_request:482, takes 3 ms to receive the response with 0
10-05 12:10:59.902  1817  1817 I sensors-hal: activate:446, com.samsung.sensor.light_cct/1511 en=1 completed
10-05 12:10:59.903  2682  3511 D SensorManager: registerListener :: 1511, STK33915 Light CCT  Non-wakeup, 200000, 0, com.samsung.android.displaysolution.EyeComfortSolutionService$2@8e21c72
10-05 12:10:59.949  1817 31583 I sensors-hal: handle_indication_realtime:467,  SCHED_FIFO(10) for qmi_cbk
10-05 12:10:59.949  1817 31583 I sensors-hal: handle_sns_std_sensor_event:89, light_cct: ts = 127167664401747 ns; value = [78, 78, 46, 51, 70, 70, 2, 13, 211, -1]
10-05 12:10:59.951  1817  1817 I sensors-hal: activate:428, com.samsung.sensor.light_cct/1511 en=0
10-05 12:10:59.952  1800  2011 E minksocket: MinkIPC_QRTR_Service: client with node 1 port 78d1 went down
10-05 12:10:59.953  1817  1817 I sensors-hal: deactivate:382, disconnect qmi to disable sensor
10-05 12:10:59.953  1817  1817 I sensors-hal: activate:446, com.samsung.sensor.light_cct/1511 en=0 completed
10-05 12:10:59.953  2682  3511 D SensorManager: unregisterListener :: com.samsung.android.displaysolution.EyeComfortSolutionService$2@8e21c72
10-05 12:11:00.012  3753  4392 I DateTimeView: updateAll - getTimeFormat
10-05 12:11:00.013  3753  3753 D FaceWidgetPagesController: onTimeChanged()
10-05 12:11:00.014  3753  4392 D QSClockBellTower: onReceive(android.intent.action.TIME_TICK) mTimeZoneString:America/New_York
10-05 12:11:00.016  3753  3753 D QSClockBellTower: He is ready to ring the bell. (((QSClockBellSound - TimeText:12:11, TimeContentDescription:12:11PM, DateText:Sun, October 5, ShortDateText:Sun, Oct 5, Demo:false, QuickStar-Second(false|12:34:56), QuickStar-DateText:Sun, Oct 5)))
10-05 12:11:00.017  2682  2682 I EyeComfortSolutionService: action  :  android.intent.action.TIME_TICK
10-05 12:11:00.018  3753  3753 D QSClock : StatusBar clock=12:11 notifyTimeChanged(QSClockBellSound - TimeText:12:11, TimeContentDescription:12:11PM, DateText:Sun, October 5, ShortDateText:Sun, Oct 5, Demo:false, QuickStar-Second(false|12:34:56), QuickStar-DateText:Sun, Oct 5) clockVisibleByPolicy=true, clockVisibleByUser=true, visible=true, parent=android.widget.LinearLayout{9f15454 V.E...... ......ID 0,0-94,52 #7f0a05a9 app:id/left_clock_container}
10-05 12:11:00.019  3753  3753 D QSClockBellTower: Everyone heard the bell. run(currentTime:1759680660015, getTime():Sun Oct 05 12:11:00 EDT 2025, getTimeZone():libcore.util.ZoneInfo[mDstSavings=3600000,mUseDst=true,mDelegate=[id="America/New_York",mRawOffset=-18000000,mEarliestRawOffset=-17762000,transitions=360]])
10-05 12:11:00.053  1942  2182 I VSyncReactor: Current= 24, Period= 24, hwcPeriod= 24
10-05 12:11:00.058  3753  3753 D QsExpandAnimator: mIsDateButtonOverlapped = false >> false, (346.0 + 375) = 721.0 : 984
10-05 12:11:00.063  3753  3753 W View    : requestLayout() improperly called by android.widget.FrameLayout{6e4c170 V.E...... ......ID 0,136-1080,2205 #7f0a0866 app:id/qs_frame} during layout: running second layout pass
10-05 12:11:00.083  1942  1942 D SurfaceFlinger: GPIS:: requestGPISForClientComposition
10-05 12:11:00.091  1942  3360 D NativeSemDvfsManager: acquire:: timeout = 2000 mIsAcquired = 1  mTagName : SurfaceFlinger 
10-05 12:11:00.092  1942  3360 E NativeCustomFrequencyManager: [NativeCFMS] BpCustomFrequencyManager::acquire()
10-05 12:11:00.092  1828  1872 I HYPER-HAL: [RequestManager.cpp]acquire(): Acquired ID : 4330153  [1942 / 1000]    HINT : SF_GPU_MINLOCK    list : [TIMEOUT / 2000] 
10-05 12:11:00.521  2682  5737 D SemWifiUsabilityStatsMonitor: onWifiUsabilityStats - seqNum 16228, isSameBssidAndFreq true
10-05 12:11:00.769  3682  3682 I wpa_supplicant: Heartbeat 7744
10-05 12:11:01.004  4186 31214 I HoneySpace.LiveIconSupplier: time tick - 43, CLOCK, 12:11 - 12:10, 148371866
10-05 12:11:01.005  4186 31212 I HoneySpace.LiveIconSupplier: time tick - 2, CLOCK, 12:11 - 12:10, 34241043
10-05 12:11:01.008  4186 31214 I LauncherActivityInfo: Trying to load live icon for com.sec.android.app.clockpackage
10-05 12:11:01.012  4186 31214 I LiveIconUtil: getLiveIcon was called in ClockPackage
10-05 12:11:01.013  4186 31214 I LiveIconUtil: getLiveIcon res = com.sec.android.app.clockpackage
10-05 12:11:01.020  4186 31214 I LiveIconUtil: stdIconSize : 135 , targetIconSize : 191
10-05 12:11:01.020  4186 31214 I LiveIconUtil: iconDpi : 640 , mTargetIconDpi : 450
10-05 12:11:01.073  4186 31214 I AppIconSolution: load= live icon for com.sec.android.app.clockpackage, from overlay = false
10-05 12:11:01.073  4186 31214 I LauncherActivityInfo: packageName: com.sec.android.app.clockpackage, useThemeIcon: false, height: 288, width: 288, density: 640
10-05 12:11:01.077  4186 31214 I HoneySpace.LiveIconSupplier: updateIcon - 43, CLOCK, true - 12:11, 241123374
10-05 12:11:01.077  4186 31212 I HoneySpace.LiveIconSupplier: updateIcon - 2, CLOCK, true - 12:11, 176606373
10-05 12:11:01.095  1942  2182 I VSyncReactor: Current= 24, Period= 24, hwcPeriod= 24
10-05 12:11:01.139  1942  1942 I HWComposer: [4630947232161729154] ActiveConfigToHWC, ID : 0
10-05 12:11:01.140  1942  1942 I LayerHistory: com.sec.android.app.launcher/com.sec.android.app.launcher.activities.LauncherActivity$_4186#8752 Max (can't resolve refresh rate)
10-05 12:11:01.140  1942  1942 I LayerHistory: StatusBar$_3753#107 voted 0, 0.00 fps
10-05 12:11:01.140  1942  1942 I SurfaceFlinger: scored - choose 120.00 Hz
10-05 12:11:01.141  1942  1942 D SurfaceFlinger: GPIS:: requestGPISForClientComposition
10-05 12:11:01.144  1842  2174 I SDM     : HWCDisplay::SubmitDisplayConfig: [DispConfigs] config 9 => 0, hs_mode 3 => 3
10-05 12:11:01.144  1842  2174 I SDM     : HWDeviceDRM::SetDisplaySwitchMode: [DispConfigs] check hs_mode 3
10-05 12:11:01.144  1842  2174 I SDM     : HWDeviceDRM::SetDisplaySwitchMode: [DispConfigs] Set mode index:0 1080x2340x120xcmdHS, hs_mode(3), found_mode(0)
10-05 12:11:01.144  1842  2174 I SDM     : HWDeviceDRM::UpdateMixerAttributes: Mixer WxH 1080x2340-1 for Peripheral
10-05 12:11:01.144  1842  2174 I SDM     : HWCDisplay::SubmitDisplayConfig: Active configuration changed from config 9 to 0
10-05 12:11:01.164  1942  2182 I VSyncReactor: Current= 24, Period= 120, hwcPeriod= 120
10-05 12:11:01.180  2682  2814 D LocalDisplayAdapter: updateActiveModeLocked for d=4630947232161729154, mActiveModeId=1, mActiveSfDisplayMode=DisplayMode{id=0, width=1080, height=2340, xDpi=391.885, yDpi=393.615, refreshRate=120.00001, appVsyncOffsetNanos=100000, presentationDeadlineNanos=9233333, supportedHdrTypes=[2, 3, 4], group=1080}
10-05 12:11:01.182  2682  2814 I DisplayDeviceRepository: Display device changed: DisplayDeviceInfo{"Built-in Screen": uniqueId="local:4630947232161729154", 1080 x 2340, modeId 1, renderFrameRate 120.00001, defaultModeId 1, supportedModes [{id=1, width=1080, height=2340, fps=120.00001, alternativeRefreshRates=[10.0, 24.000002, 30.000002, 48.000004, 60.000004, 96.00001], supportedHdrTypes=[2, 3, 4]}, {id=2, width=1080, height=2340, fps=96.00001, alternativeRefreshRates=[10.0, 24.000002, 30.000002, 48.000004, 60.000004, 120.00001], supportedHdrTypes=[2, 3, 4]}, {id=3, width=1080, height=2340, fps=60.000004, alternativeRefreshRates=[10.0, 24.000002, 30.000002, 48.000004, 96.00001, 120.00001], supportedHdrTypes=[2, 3, 4]}, {id=4, width=1080, height=2340, fps=48.000004, alternativeRefreshRates=[10.0, 24.000002, 30.000002, 60.000004, 96.00001, 120.00001], supportedHdrTypes=[2, 3, 4]}, {id=5, width=1080, height=2340, fps=30.000002, alternativeRefreshRates=[10.0, 24.000002, 48.000004, 60.000004, 96.00001, 120.00001], supportedHdrTypes=[2, 3, 4]}, {id=6, width=1080, height=2340, fps=24.000002, alternativeRefreshRates=[10.0, 30.000002, 48.000004, 60.000004, 96.00001, 120.00001], supportedHdrTypes=[2, 3, 4]}, {id=7, width=1080, height=2340, fps=10.0, alternativeRefreshRates=[24.000002, 30.000002, 48.000004, 60.000004, 96.00001, 120.00001], supportedHdrTypes=[2, 3, 4]}], colorMode 0, supportedColorModes [0, 7, 9], hdrCapabilities HdrCapabilities{mSupportedHdrTypes=[2, 3, 4], mMaxLuminance=450.0, mMaxAverageLuminance=225.00024, mMinLuminance=5.0E-4}, allmSupported false, gameContentTypeSupported false, density 450, 391.885 x 393.615 dpi, appVsyncOff 100000, presDeadline 9233333, cutout DisplayCutout{insets=Rect(0, 74 - 0, 0) waterfall=Insets{left=0, top=0, right=0, bottom=0} boundingRect={Bounds=[Rect(0, 0 - 0, 0), Rect(514, 0 - 566, 74), Rect(0, 0 - 0, 0), Rect(0, 0 - 0, 0)]} cutoutPathParserInfo={CutoutPathParserInfo{displayWidth=1080 displayHeight=2340 physicalDisplayWidth=1080 physicalDisplayHeight=2340 density={2.8125} cutoutSpec={M 0,0 H -9.244444444444444 V 26.31111111111111 H 9.244444444444444 V 0 H 0 Z @dp} rotation={0} scale={1.0} physicalPixelDisplaySizeRatio={1.0}}}}, touch INTERNAL, rotation 0, type INTERNAL, address {port=130, model=0x40446df8ca940a}, deviceProductInfo DeviceProductInfo{name=, manufacturerPnpId=QCM, productId=1, modelYear=null, manufactureDate=ManufactureDate{week=27, year=2006}, connectionToSinkType=0}, state ON, committedState ON, frameRateOverride , brightnessMinimum 0.0, brightnessMaximum 1.0, brightnessDefault 0.5019608, hdrSdrRatio NaN, roundedCorners RoundedCorners{[RoundedCorner{position=TopLeft, radius=101, center=Point(101, 101)}, RoundedCorner{position=TopRight, radius=101, center=Point(979, 101)}, RoundedCorner{position=BottomRight, radius=101, center=Point(979, 2239)}, RoundedCorner{position=BottomLeft, radius=101, center=Point(101, 2239)}]}, FLAG_ALLOWED_TO_BE_DEFAULT_DISPLAY, FLAG_ROTATES_WITH_CONTENT, FLAG_SECURE, FLAG_SUPPORTS_PROTECTED_BUFFERS, FLAG_TRUSTED, installOrientation 0, displayShape DisplayShape{ spec=-311912193 displayWidth=1080 displayHeight=2340 physicalPixelDisplaySizeRatio=1.0 rotation=0 offsetX=0 offsetY=0 scale=1.0}}
10-05 12:11:01.187  2682  2682 D SGM:GameManager: onDisplayChanged. displyId: 0, state: 2
10-05 12:11:01.188  2682  3292 D SGM:FgCheckThread: onLooperPrepared(), msg: MSG_LCD_ON
10-05 12:11:01.188  2682  2682 D AODManagerService: requestReCalToTSP IsSingleTouchMode = truerequestedReCalToTSP = false / previousDisplayState = ON
10-05 12:11:01.189  2682  5272 D LiftUpHandler: [LTW] Stopped already.
10-05 12:11:01.191  3753  3813 I ViewRootImpl@97bbd94[ShellDropTarget]: onDisplayChanged oldDisplayState=2 newDisplayState=2
10-05 12:11:01.193  3753  3843 D DisplayLifecycle: updateDisplay id = 0
10-05 12:11:01.193  3753  3843 D StackScroller: onDisplayChanged for predraw skip to 2
10-05 12:11:01.193  3753  3753 I ViewRootImpl@ebdea00[LockscreenShortcutBlur]: onDisplayChanged oldDisplayState=2 newDisplayState=2
10-05 12:11:01.193  3753  3753 I ViewRootImpl@e375d57[NavigationBar0]: onDisplayChanged oldDisplayState=2 newDisplayState=2
10-05 12:11:01.193  3753  3753 I ViewRootImpl@eaa7ab4[NotificationShade]: onDisplayChanged oldDisplayState=2 newDisplayState=2
10-05 12:11:01.193  3753  3753 I ViewRootImpl@1b6a14d[StatusBar]: onDisplayChanged oldDisplayState=2 newDisplayState=2
10-05 12:11:01.193  2682  2814 D DisplayManagerService: Ignore redundant display event 0/2 to 10258/26162
10-05 12:11:01.194  3753  3753 I ViewRootImpl@8e629f9[Bouncer]: onDisplayChanged oldDisplayState=2 newDisplayState=2
10-05 12:11:01.194  3753  3753 I ViewRootImpl@33a11c8[KeyguardBiometricToastView]: onDisplayChanged oldDisplayState=2 newDisplayState=2
10-05 12:11:01.194  4186  4186 I ViewRootImpl@b7c15db[LauncherActivity]: onDisplayChanged oldDisplayState=2 newDisplayState=2
10-05 12:11:01.194  4186  4186 I ViewRootImpl@6c9be1f[RecentsTransitionOverlay]: onDisplayChanged oldDisplayState=2 newDisplayState=2
10-05 12:11:01.194  4186  4186 I ViewRootImpl@3d39e80[RecentsActivity]: onDisplayChanged oldDisplayState=2 newDisplayState=2
10-05 12:11:01.194  4186  4186 I ViewRootImpl@2936c7[CocktailBarService]: onDisplayChanged oldDisplayState=2 newDisplayState=2
10-05 12:11:01.194  4186 31212 I HoneySpace.RefreshRateSource: singleFrameMs 8
10-05 12:11:01.194  4186 31212 I HoneySpace.DeXLaunchService: Display changed - 0
10-05 12:11:01.194  4186 31212 I HoneySpace.Memory-Monitor: current state = 2, didTrim = false
10-05 12:11:01.197 19310 19310 I ViewRootImpl@25e23de[HintService]: onDisplayChanged oldDisplayState=2 newDisplayState=2
10-05 12:11:01.198  7285  7285 I ViewRootImpl@cceb72c[InputMethod]: onDisplayChanged oldDisplayState=2 newDisplayState=2
10-05 12:11:01.199  2682  2814 D RefreshRateModeManager: updateDefaultDisplayToken: android.os.BinderProxy@8e5808d, isChanged: false
10-05 12:11:01.271  1814  1814 I android.hardware.health@2.1-service-samsung: updateLrpSysfs: write: 268
10-05 12:11:01.342  1076  1076 D io_stats: !@   8,0 r 5140605 141842958 w 2091550 51642832 d 630869 75590796 f 0 198851 iot 2479540 0 th 0 0 0 pt 0 inp 0 0 76939.240
10-05 12:11:01.343  1076  1076 D io_stats: !@ Read_top(KB): chbox:googleapp(7473) 4
10-05 12:11:01.343  1076  1076 D io_stats: !@ Write_top(KB): f2fs_ckpt-254:5(4355) 16 init(1) 16
10-05 12:11:01.397  1814  1847 E BatteryDump: !@new_battery_dump : 4300,-2,475,550,100,259,265,264,259,0,269,262,0,Full,NO_CHARGING,None,Good,USB,1,Normal,0,0,5400,0x0,0x20000,0x0,0,0,0000,0000,00000000,0,0,0,0,954,4301,10000,990,0,
10-05 12:11:01.441  1817 30852 I sensors-hal: handle_sns_client_event:550, [0][7350] accel_sample [-0.022, -0.121,  9.926] 127169146902685
10-05 12:11:01.462  1942  1942 I HWComposer: [4630947232161729154] ActiveConfigToHWC, ID : 9
10-05 12:11:01.462  1942  1942 I LayerHistory: com.sec.android.app.launcher/com.sec.android.app.launcher.activities.LauncherActivity$_4186#8752 Max (can't resolve refresh rate)
10-05 12:11:01.462  1942  1942 I SurfaceFlinger: Idle - choose 24.00 Hz
10-05 12:11:01.463  1942  2182 I VSyncReactor: Current= 120, Period= 24, hwcPeriod= 120
10-05 12:11:01.464  1842  2174 I SDM     : HWCDisplay::SubmitDisplayConfig: [DispConfigs] config 0 => 9, hs_mode 3 => 3
10-05 12:11:01.464  1842  2174 I SDM     : HWDeviceDRM::SetDisplaySwitchMode: [DispConfigs] check hs_mode 3
10-05 12:11:01.464  1842  2174 I SDM     : HWDeviceDRM::SetDisplaySwitchMode: [DispConfigs] Set mode index:10 1080x2340x24xcmdPHS, hs_mode(3), found_mode(1)
10-05 12:11:01.464  1842  2174 I SDM     : HWDeviceDRM::UpdateMixerAttributes: Mixer WxH 1080x2340-1 for Peripheral
10-05 12:11:01.464  1842  2174 I SDM     : HWCDisplay::SubmitDisplayConfig: Active configuration changed from config 0 to 9
10-05 12:11:01.470  1942  2182 I VSyncReactor: Current= 120, Period= 24, hwcPeriod= 24
10-05 12:11:02.096  1828 31584 I HYPER-HAL: [RequestManager.cpp]releaseLocked(): Released ID : 4330153
