10-05 12:10:17.093  7285  7285 I HBD     : a IC have been unbinding,  RemoteInputConnection{idHash=#d838ba6}
10-05 12:10:17.093  7285  7285 I HBD     : HoneyBoardService [PF_CL][onFinishInput]  0 ms 
10-05 12:10:17.093  7285  7285 I HBD     : HoneyBoardService [IMI] onStartInput - caller pid : 4186 , caller uid : 10153 
10-05 12:10:17.093  7285  7285 I HBD     : m updateConfigs 
10-05 12:10:17.093  7285  7285 I HBD     : m isEnabledNightMode : false 
10-05 12:10:17.094  7285  7285 I HBD     : a IC have been binding, RemoteInputConnection{idHash=#d838ba6} 
10-05 12:10:17.094  7285  7285 I HBD     : h [EditorInputType]setPrivateImeOptionsToTable privateImeOptions ( null )
10-05 12:10:17.094  7285  7285 I HBD     : b incognitoMode : false 
10-05 12:10:17.094  7285  7285 I HBD     : a needOff = true , isForceOff = false, isNullInputClass : true 
10-05 12:10:17.094  7285  7285 I HBD     : h getDefaultInputRange : UNKNOWN 
10-05 12:10:17.094  7285  7285 I HBD     : h getDefaultInputRange : UNKNOWN 
10-05 12:10:17.094  7285  7285 I HBD     : h getDefaultInputRange : UNKNOWN 
10-05 12:10:17.095  7285  7285 I HBD     : a needOff = true , isForceOff = false, isNullInputClass : true 
10-05 12:10:17.095  7285  7285 I HBD     : a update cached prediction status : false 
10-05 12:10:17.095  7285  7285 I HBD     : h getDefaultInputRange : UNKNOWN 
10-05 12:10:17.095  7285  7285 I HBD     : a currentState : 0 
10-05 12:10:17.095  7285  7285 I HBD     : a [UpdatePolicy] [post] a: 0 cl: 65537 kit: [0/0] vt: 0 ir: 1 
10-05 12:10:17.095  7285  7285 I HBD     : a [NRIC] resetNoResponseState 
10-05 12:10:17.096  7285  7285 I HBD     : a needOff = true , isForceOff = false, isNullInputClass : true 
10-05 12:10:17.096  7285  7285 I HBD     : a update cached prediction status : false 
10-05 12:10:17.096  7285  7285 I HBD     : b [AiWriter] setContact : com.sec.android.app.launcher
10-05 12:10:17.096  1942  1942 I Layer   : id=8781 Destroyed Splash Screen com.csparks113.MorseCodeApp$_3753#8781
10-05 12:10:17.096  7285  7285 I HBD     : HoneyBoardService [PF_OP][onStartInput]  3 ms 
10-05 12:10:17.097  4186  6557 I ViewRootImpl@b7c15db[LauncherActivity]: mWNT: t=0xb400007240ccce70 mBlastBufferQueue=0xb4000071e0ccfe10 fn= 7 mRenderHdrSdrRatio=1.0 caller= com.android.systemui.shared.launcher.ViewRootImplCompat.mergeWithNextTransaction:4 com.honeyspace.transition.utils.SurfaceTransactionApplier.scheduleApply$lambda$1:26 com.honeyspace.transition.utils.SurfaceTransactionApplier.c:0 
10-05 12:10:17.105  4186  6564 I ViewRootImpl@b7c15db[LauncherActivity]: mWNT: t=0xb400007240cb5030 mBlastBufferQueue=0xb4000071e0ccfe10 fn= 8 mRenderHdrSdrRatio=1.0 caller= com.android.systemui.shared.launcher.ViewRootImplCompat.mergeWithNextTransaction:4 com.honeyspace.transition.utils.SurfaceTransactionApplier.scheduleApply$lambda$1:26 com.honeyspace.transition.utils.SurfaceTransactionApplier.c:0 
10-05 12:10:17.113  4186  6557 I ViewRootImpl@b7c15db[LauncherActivity]: mWNT: t=0xb400007240c83db0 mBlastBufferQueue=0xb4000071e0ccfe10 fn= 9 mRenderHdrSdrRatio=1.0 caller= com.android.systemui.shared.launcher.ViewRootImplCompat.mergeWithNextTransaction:4 com.honeyspace.transition.utils.SurfaceTransactionApplier.scheduleApply$lambda$1:26 com.honeyspace.transition.utils.SurfaceTransactionApplier.c:0 
10-05 12:10:17.122  4186  6564 I ViewRootImpl@b7c15db[LauncherActivity]: mWNT: t=0xb400007240d52050 mBlastBufferQueue=0xb4000071e0ccfe10 fn= 10 mRenderHdrSdrRatio=1.0 caller= com.android.systemui.shared.launcher.ViewRootImplCompat.mergeWithNextTransaction:4 com.honeyspace.transition.utils.SurfaceTransactionApplier.scheduleApply$lambda$1:26 com.honeyspace.transition.utils.SurfaceTransactionApplier.c:0 
10-05 12:10:17.130  4186  6557 I ViewRootImpl@b7c15db[LauncherActivity]: mWNT: t=0xb400007240d47cb0 mBlastBufferQueue=0xb4000071e0ccfe10 fn= 11 mRenderHdrSdrRatio=1.0 caller= com.android.systemui.shared.launcher.ViewRootImplCompat.mergeWithNextTransaction:4 com.honeyspace.transition.utils.SurfaceTransactionApplier.scheduleApply$lambda$1:26 com.honeyspace.transition.utils.SurfaceTransactionApplier.c:0 
10-05 12:10:17.139  4186  6564 I ViewRootImpl@b7c15db[LauncherActivity]: mWNT: t=0xb400007240d2fa50 mBlastBufferQueue=0xb4000071e0ccfe10 fn= 12 mRenderHdrSdrRatio=1.0 caller= com.android.systemui.shared.launcher.ViewRootImplCompat.mergeWithNextTransaction:4 com.honeyspace.transition.utils.SurfaceTransactionApplier.scheduleApply$lambda$1:26 com.honeyspace.transition.utils.SurfaceTransactionApplier.c:0 
10-05 12:10:17.147  4186  6557 I ViewRootImpl@b7c15db[LauncherActivity]: mWNT: t=0xb400007240ca21b0 mBlastBufferQueue=0xb4000071e0ccfe10 fn= 13 mRenderHdrSdrRatio=1.0 caller= com.android.systemui.shared.launcher.ViewRootImplCompat.mergeWithNextTransaction:4 com.honeyspace.transition.utils.SurfaceTransactionApplier.scheduleApply$lambda$1:26 com.honeyspace.transition.utils.SurfaceTransactionApplier.c:0 
10-05 12:10:17.155  4186  6564 I ViewRootImpl@b7c15db[LauncherActivity]: mWNT: t=0xb400007240cadcb0 mBlastBufferQueue=0xb4000071e0ccfe10 fn= 14 mRenderHdrSdrRatio=1.0 caller= com.android.systemui.shared.launcher.ViewRootImplCompat.mergeWithNextTransaction:4 com.honeyspace.transition.utils.SurfaceTransactionApplier.scheduleApply$lambda$1:26 com.honeyspace.transition.utils.SurfaceTransactionApplier.c:0 
10-05 12:10:17.164  4186  6557 I ViewRootImpl@b7c15db[LauncherActivity]: mWNT: t=0xb400007240cc8170 mBlastBufferQueue=0xb4000071e0ccfe10 fn= 15 mRenderHdrSdrRatio=1.0 caller= com.android.systemui.shared.launcher.ViewRootImplCompat.mergeWithNextTransaction:4 com.honeyspace.transition.utils.SurfaceTransactionApplier.scheduleApply$lambda$1:26 com.honeyspace.transition.utils.SurfaceTransactionApplier.c:0 
10-05 12:10:17.172  4186  6564 I ViewRootImpl@b7c15db[LauncherActivity]: mWNT: t=0xb400007240d017f0 mBlastBufferQueue=0xb4000071e0ccfe10 fn= 16 mRenderHdrSdrRatio=1.0 caller= com.android.systemui.shared.launcher.ViewRootImplCompat.mergeWithNextTransaction:4 com.honeyspace.transition.utils.SurfaceTransactionApplier.scheduleApply$lambda$1:26 com.honeyspace.transition.utils.SurfaceTransactionApplier.c:0 
10-05 12:10:17.180  4186  6557 I ViewRootImpl@b7c15db[LauncherActivity]: mWNT: t=0xb400007240d4b7d0 mBlastBufferQueue=0xb4000071e0ccfe10 fn= 17 mRenderHdrSdrRatio=1.0 caller= com.android.systemui.shared.launcher.ViewRootImplCompat.mergeWithNextTransaction:4 com.honeyspace.transition.utils.SurfaceTransactionApplier.scheduleApply$lambda$1:26 com.honeyspace.transition.utils.SurfaceTransactionApplier.c:0 
10-05 12:10:17.189  4186  6564 I ViewRootImpl@b7c15db[LauncherActivity]: mWNT: t=0xb400007240d58610 mBlastBufferQueue=0xb4000071e0ccfe10 fn= 18 mRenderHdrSdrRatio=1.0 caller= com.android.systemui.shared.launcher.ViewRootImplCompat.mergeWithNextTransaction:4 com.honeyspace.transition.utils.SurfaceTransactionApplier.scheduleApply$lambda$1:26 com.honeyspace.transition.utils.SurfaceTransactionApplier.c:0 
10-05 12:10:17.191  1942  1942 D SurfaceFlinger: Display 4630947232161729154 HWC layers:
10-05 12:10:17.191  1942  1942 D SurfaceFlinger:      CLIENT | 0xb4000077f4e28c00 | 0100 | RGBA_8888    |   92.0   71.0 1106.0 2269.0 |    0    0 1080 2340 | Wallpaper BBQ wrapper 5_system#105
10-05 12:10:17.191  1942  1942 D SurfaceFlinger:      CLIENT | 0xb4000077f4e427c0 | 0100 | RGBA_8888    |    0.0    0.0 1080.0 2340.0 |    0    0 1080 2340 | com.sec.android.app.launcher/com.sec[...]tivities.LauncherActivity$_4186#8752 (blurRegions)
10-05 12:10:17.191  1942  1942 D SurfaceFlinger:  SOLID_COLOR |              | 0000 |  Unknown  |    0.0    0.0    0.0    0.0 |    0    0 1080 2340 | Dim Layer for - WindowedMagnification:0:31#8796
10-05 12:10:17.191  1942  1942 D SurfaceFlinger:      DEVICE | 0xb4000077f4e39730 | 0100 | RGBA_8888    |    0.0    0.0 1080.0   74.0 |    0    0 1080   74 | StatusBar$_3753#107
10-05 12:10:17.191  1942  1942 D SurfaceFlinger:      DEVICE | 0xb4000077f4e3ef80 | 0100 | RGBA_8888    |    0.0    0.0   67.0  441.0 | 1013  565 1080 1006 | com.sec.android.app.launcher/com.sam[...]e.edge.CocktailBarService$_4186#8761
10-05 12:10:17.191  1942  1942 D SurfaceFlinger:      DEVICE | 0xb4000077f4e3c3a0 | 0100 | RGBA_8888    |    0.0    0.0 1080.0  135.0 |    0 2205 1080 2340 | NavigationBar0$_3753#101
10-05 12:10:17.191  1942  1942 D SurfaceFlinger: 
10-05 12:10:17.197  4186  6557 I ViewRootImpl@b7c15db[LauncherActivity]: mWNT: t=0xb400007240d27650 mBlastBufferQueue=0xb4000071e0ccfe10 fn= 19 mRenderHdrSdrRatio=1.0 caller= com.android.systemui.shared.launcher.ViewRootImplCompat.mergeWithNextTransaction:4 com.honeyspace.transition.utils.SurfaceTransactionApplier.scheduleApply$lambda$1:26 com.honeyspace.transition.utils.SurfaceTransactionApplier.c:0 
10-05 12:10:17.205  4186  4186 I HoneySpace.AppCloseAnimationDelegate: matrix:Matrix{[0.39008558, 0.0, 238.20958][0.0, 0.39008567, 593.8188][0.0, 0.0, 1.0]}, alpha:0.47169954, rect:RectF(238.20958, 744.7819, 659.502, 1300.2639), crop:Rect(0, 387 - 1080, 1811)
10-05 12:10:17.205  4186  6564 I ViewRootImpl@b7c15db[LauncherActivity]: mWNT: t=0xb400007240cbb330 mBlastBufferQueue=0xb4000071e0ccfe10 fn= 20 mRenderHdrSdrRatio=1.0 caller= com.android.systemui.shared.launcher.ViewRootImplCompat.mergeWithNextTransaction:4 com.honeyspace.transition.utils.SurfaceTransactionApplier.scheduleApply$lambda$1:26 com.honeyspace.transition.utils.SurfaceTransactionApplier.c:0 
10-05 12:10:17.214  4186  6557 I ViewRootImpl@b7c15db[LauncherActivity]: mWNT: t=0xb400007240d52e10 mBlastBufferQueue=0xb4000071e0ccfe10 fn= 21 mRenderHdrSdrRatio=1.0 caller= com.android.systemui.shared.launcher.ViewRootImplCompat.mergeWithNextTransaction:4 com.honeyspace.transition.utils.SurfaceTransactionApplier.scheduleApply$lambda$1:26 com.honeyspace.transition.utils.SurfaceTransactionApplier.c:0 
10-05 12:10:17.222  4186  6564 I ViewRootImpl@b7c15db[LauncherActivity]: mWNT: t=0xb400007240d57430 mBlastBufferQueue=0xb4000071e0ccfe10 fn= 22 mRenderHdrSdrRatio=1.0 caller= com.android.systemui.shared.launcher.ViewRootImplCompat.mergeWithNextTransaction:4 com.honeyspace.transition.utils.SurfaceTransactionApplier.scheduleApply$lambda$1:26 com.honeyspace.transition.utils.SurfaceTransactionApplier.c:0 
10-05 12:10:17.223  4186 31545 I HoneySpace.AppCloseAnimationDelegate: Transaction committed! targetRect-RectF(328.0, 903.0, 501.0, 1076.0)
10-05 12:10:17.230  1817 30650 I sensors-hal: handle_sns_std_sensor_event:311, [SSC_LIGHT] P: 75(75),m:7,c:9,b:70,c0:3280,l:77,f(r):104,u(bl):100,j:70
10-05 12:10:17.230  4186  6557 I ViewRootImpl@b7c15db[LauncherActivity]: mWNT: t=0xb400007240d56a90 mBlastBufferQueue=0xb4000071e0ccfe10 fn= 23 mRenderHdrSdrRatio=1.0 caller= com.android.systemui.shared.launcher.ViewRootImplCompat.mergeWithNextTransaction:4 com.honeyspace.transition.utils.SurfaceTransactionApplier.scheduleApply$lambda$1:26 com.honeyspace.transition.utils.SurfaceTransactionApplier.c:0 
10-05 12:10:17.238  4186  6564 I ViewRootImpl@b7c15db[LauncherActivity]: mWNT: t=0xb400007240d47310 mBlastBufferQueue=0xb4000071e0ccfe10 fn= 24 mRenderHdrSdrRatio=1.0 caller= com.android.systemui.shared.launcher.ViewRootImplCompat.mergeWithNextTransaction:4 com.honeyspace.transition.utils.SurfaceTransactionApplier.scheduleApply$lambda$1:26 com.honeyspace.transition.utils.SurfaceTransactionApplier.c:0 
10-05 12:10:17.247  4186  6557 I ViewRootImpl@b7c15db[LauncherActivity]: mWNT: t=0xb400007240d54830 mBlastBufferQueue=0xb4000071e0ccfe10 fn= 25 mRenderHdrSdrRatio=1.0 caller= com.android.systemui.shared.launcher.ViewRootImplCompat.mergeWithNextTransaction:4 com.honeyspace.transition.utils.SurfaceTransactionApplier.scheduleApply$lambda$1:26 com.honeyspace.transition.utils.SurfaceTransactionApplier.c:0 
10-05 12:10:17.256  4186  6564 I ViewRootImpl@b7c15db[LauncherActivity]: mWNT: t=0xb400007240d2f370 mBlastBufferQueue=0xb4000071e0ccfe10 fn= 26 mRenderHdrSdrRatio=1.0 caller= com.android.systemui.shared.launcher.ViewRootImplCompat.mergeWithNextTransaction:4 com.honeyspace.transition.utils.SurfaceTransactionApplier.scheduleApply$lambda$1:26 com.honeyspace.transition.utils.SurfaceTransactionApplier.c:0 
10-05 12:10:17.263  1817 30852 I sensors-hal: handle_sns_client_event:550, [0][5040] accel_sample [ 0.010, -0.102,  9.928] 127124970367292
10-05 12:10:17.264  4186  6557 I ViewRootImpl@b7c15db[LauncherActivity]: mWNT: t=0xb400007240d35a90 mBlastBufferQueue=0xb4000071e0ccfe10 fn= 27 mRenderHdrSdrRatio=1.0 caller= com.android.systemui.shared.launcher.ViewRootImplCompat.mergeWithNextTransaction:4 com.honeyspace.transition.utils.SurfaceTransactionApplier.scheduleApply$lambda$1:26 com.honeyspace.transition.utils.SurfaceTransactionApplier.c:0 
10-05 12:10:17.272  4186  6564 I ViewRootImpl@b7c15db[LauncherActivity]: mWNT: t=0xb400007240c9bd50 mBlastBufferQueue=0xb4000071e0ccfe10 fn= 28 mRenderHdrSdrRatio=1.0 caller= com.android.systemui.shared.launcher.ViewRootImplCompat.mergeWithNextTransaction:4 com.honeyspace.transition.utils.SurfaceTransactionApplier.scheduleApply$lambda$1:26 com.honeyspace.transition.utils.SurfaceTransactionApplier.c:0 
10-05 12:10:17.281  4186  6557 I ViewRootImpl@b7c15db[LauncherActivity]: mWNT: t=0xb400007240cb3a30 mBlastBufferQueue=0xb4000071e0ccfe10 fn= 29 mRenderHdrSdrRatio=1.0 caller= com.android.systemui.shared.launcher.ViewRootImplCompat.mergeWithNextTransaction:4 com.honeyspace.transition.utils.SurfaceTransactionApplier.scheduleApply$lambda$1:26 com.honeyspace.transition.utils.SurfaceTransactionApplier.c:0 
10-05 12:10:17.282  1817 30660 I sensors-hal: handle_sns_client_event:185, auto_rotation_debug_2 mode,255, type,1,0 acc,-0.026,-0.146,9.925, ar,0, ver,12, pedo,1,e,0,i,3
10-05 12:10:17.289  4186  6564 I ViewRootImpl@b7c15db[LauncherActivity]: mWNT: t=0xb400007240d4d1f0 mBlastBufferQueue=0xb4000071e0ccfe10 fn= 30 mRenderHdrSdrRatio=1.0 caller= com.android.systemui.shared.launcher.ViewRootImplCompat.mergeWithNextTransaction:4 com.honeyspace.transition.utils.SurfaceTransactionApplier.scheduleApply$lambda$1:26 com.honeyspace.transition.utils.SurfaceTransactionApplier.c:0 
10-05 12:10:17.295  1076  1076 D io_stats: !@   8,0 r 5140549 141828874 w 2091236 51634244 d 630725 75589500 f 0 198813 iot 2479100 0 th 0 0 0 pt 0 inp 0 0 76895.193
10-05 12:10:17.295  1076  1076 D io_stats: !@ Read_top(KB): loop47(4619) 2560 system_server(2682) 344 kworker/5:2H(31412) 4
10-05 12:10:17.296  1076  1076 D io_stats: !@ Write_top(KB): f2fs_ckpt-254:5(4355) 108 c.android.sdhms(6325) 28 android.dqagent(31418) 24
10-05 12:10:17.297  4186  6557 I ViewRootImpl@b7c15db[LauncherActivity]: mWNT: t=0xb400007240d4c2d0 mBlastBufferQueue=0xb4000071e0ccfe10 fn= 31 mRenderHdrSdrRatio=1.0 caller= com.android.systemui.shared.launcher.ViewRootImplCompat.mergeWithNextTransaction:4 com.honeyspace.transition.utils.SurfaceTransactionApplier.scheduleApply$lambda$1:26 com.honeyspace.transition.utils.SurfaceTransactionApplier.c:0 
10-05 12:10:17.305  4186  6564 I ViewRootImpl@b7c15db[LauncherActivity]: mWNT: t=0xb400007240d19370 mBlastBufferQueue=0xb4000071e0ccfe10 fn= 32 mRenderHdrSdrRatio=1.0 caller= com.android.systemui.shared.launcher.ViewRootImplCompat.mergeWithNextTransaction:4 com.honeyspace.transition.utils.SurfaceTransactionApplier.scheduleApply$lambda$1:26 com.honeyspace.transition.utils.SurfaceTransactionApplier.c:0 
10-05 12:10:17.314  4186  6557 I ViewRootImpl@b7c15db[LauncherActivity]: mWNT: t=0xb400007240d38ab0 mBlastBufferQueue=0xb4000071e0ccfe10 fn= 33 mRenderHdrSdrRatio=1.0 caller= com.android.systemui.shared.launcher.ViewRootImplCompat.mergeWithNextTransaction:4 com.honeyspace.transition.utils.SurfaceTransactionApplier.scheduleApply$lambda$1:26 com.honeyspace.transition.utils.SurfaceTransactionApplier.c:0 
10-05 12:10:17.322  4186  6564 I ViewRootImpl@b7c15db[LauncherActivity]: mWNT: t=0xb400007240d3d4f0 mBlastBufferQueue=0xb4000071e0ccfe10 fn= 34 mRenderHdrSdrRatio=1.0 caller= com.android.systemui.shared.launcher.ViewRootImplCompat.mergeWithNextTransaction:4 com.honeyspace.transition.utils.SurfaceTransactionApplier.scheduleApply$lambda$1:26 com.honeyspace.transition.utils.SurfaceTransactionApplier.c:0 
10-05 12:10:17.330  4186  6557 I ViewRootImpl@b7c15db[LauncherActivity]: mWNT: t=0xb400007240d32a70 mBlastBufferQueue=0xb4000071e0ccfe10 fn= 35 mRenderHdrSdrRatio=1.0 caller= com.android.systemui.shared.launcher.ViewRootImplCompat.mergeWithNextTransaction:4 com.honeyspace.transition.utils.SurfaceTransactionApplier.scheduleApply$lambda$1:26 com.honeyspace.transition.utils.SurfaceTransactionApplier.c:0 
10-05 12:10:17.339  4186  6564 I ViewRootImpl@b7c15db[LauncherActivity]: mWNT: t=0xb400007240d218d0 mBlastBufferQueue=0xb4000071e0ccfe10 fn= 36 mRenderHdrSdrRatio=1.0 caller= com.android.systemui.shared.launcher.ViewRootImplCompat.mergeWithNextTransaction:4 com.honeyspace.transition.utils.SurfaceTransactionApplier.scheduleApply$lambda$1:26 com.honeyspace.transition.utils.SurfaceTransactionApplier.c:0 
10-05 12:10:17.347  4186  6557 I ViewRootImpl@b7c15db[LauncherActivity]: mWNT: t=0xb400007240d492b0 mBlastBufferQueue=0xb4000071e0ccfe10 fn= 37 mRenderHdrSdrRatio=1.0 caller= com.android.systemui.shared.launcher.ViewRootImplCompat.mergeWithNextTransaction:4 com.honeyspace.transition.utils.SurfaceTransactionApplier.scheduleApply$lambda$1:26 com.honeyspace.transition.utils.SurfaceTransactionApplier.c:0 
10-05 12:10:17.355  4186  6564 I ViewRootImpl@b7c15db[LauncherActivity]: mWNT: t=0xb400007240c6c7b0 mBlastBufferQueue=0xb4000071e0ccfe10 fn= 38 mRenderHdrSdrRatio=1.0 caller= com.android.systemui.shared.launcher.ViewRootImplCompat.mergeWithNextTransaction:4 com.honeyspace.transition.utils.SurfaceTransactionApplier.scheduleApply$lambda$1:26 com.honeyspace.transition.utils.SurfaceTransactionApplier.c:0 
10-05 12:10:17.363  4186  6557 I ViewRootImpl@b7c15db[LauncherActivity]: mWNT: t=0xb400007240cf1db0 mBlastBufferQueue=0xb4000071e0ccfe10 fn= 39 mRenderHdrSdrRatio=1.0 caller= com.android.systemui.shared.launcher.ViewRootImplCompat.mergeWithNextTransaction:4 com.honeyspace.transition.utils.SurfaceTransactionApplier.scheduleApply$lambda$1:26 com.honeyspace.transition.utils.SurfaceTransactionApplier.c:0 
10-05 12:10:17.367  1828 31498 I HYPER-HAL: [RequestManager.cpp]releaseLocked(): Released ID : 3657182
10-05 12:10:17.372  4186  6564 I ViewRootImpl@b7c15db[LauncherActivity]: mWNT: t=0xb400007240cc3cb0 mBlastBufferQueue=0xb4000071e0ccfe10 fn= 40 mRenderHdrSdrRatio=1.0 caller= com.android.systemui.shared.launcher.ViewRootImplCompat.mergeWithNextTransaction:4 com.honeyspace.transition.utils.SurfaceTransactionApplier.scheduleApply$lambda$1:26 com.honeyspace.transition.utils.SurfaceTransactionApplier.c:0 
10-05 12:10:17.380  2682  2815 I WindowManager: Reparenting to original parent: Surface(name=WindowToken{3613743 type=2003 android.view.ViewRootImpl$W@3076ffd})/@0xc76439b, destroy=true, surface=Surface(name=d21c0 Application Error: com.csparks113.MorseCodeApp)/@0xc329baa
10-05 12:10:17.381  4186  6557 I ViewRootImpl@b7c15db[LauncherActivity]: mWNT: t=0xb400007240ce41b0 mBlastBufferQueue=0xb4000071e0ccfe10 fn= 41 mRenderHdrSdrRatio=1.0 caller= com.android.systemui.shared.launcher.ViewRootImplCompat.mergeWithNextTransaction:4 com.honeyspace.transition.utils.SurfaceTransactionApplier.scheduleApply$lambda$1:26 com.honeyspace.transition.utils.SurfaceTransactionApplier.c:0 
10-05 12:10:17.381  2682  2815 I WindowManager: Reparenting to original parent: Surface(name=WindowedMagnification:0:31)/@0x780a9cc, destroy=true, surface=Surface(name=Dim Layer for - WindowedMagnification:0:31)/@0x31f0f11
10-05 12:10:17.383  2682  2815 I WindowManager: Destroying surface Surface(name=Application Error: com.csparks113.MorseCodeApp)/@0x56b7e77 called by com.android.server.wm.WindowStateAnimator.destroySurface:811 com.android.server.wm.WindowStateAnimator.destroySurfaceLocked:478 com.android.server.wm.WindowState.destroySurfaceUnchecked:4219 com.android.server.wm.RootWindowContainer.performSurfacePlacementNoTrace:1063 com.android.server.wm.RootWindowContainer.performSurfacePlacement:929 com.android.server.wm.WindowSurfacePlacer.performSurfacePlacementLoop:185 com.android.server.wm.WindowSurfacePlacer.performSurfacePlacement:134 com.android.server.wm.WindowSurfacePlacer.performSurfacePlacement:123 
10-05 12:10:17.388  1942  1942 I Layer   : Layer::reparent [d21c0 Application Error: com.csparks113.MorseCodeApp#8787] newParent : WindowToken{3613743 type=2003 android.view.ViewRootImpl$W@3076ffd}#8786 , isRemovedFromCurrentState : 0 -------------------------
10-05 12:10:17.388  1942  1942 I Layer   : Layer::reparent [d21c0 Application Error: com.csparks113.MorseCodeApp#8787] End -------------------------
10-05 12:10:17.388  1942  1942 I Layer   : Layer::reparent [Dim Layer for - WindowedMagnification:0:31#8796] newParentHandle : null -------------------------
10-05 12:10:17.388  1942  1942 I Layer   : id=8796 removeFromCurrentState Dim Layer for - WindowedMagnification:0:31#8796 (124)
10-05 12:10:17.388  1942  1942 I Layer   : Layer::reparent [Dim Layer for - WindowedMagnification:0:31#8796] End -------------------------
10-05 12:10:17.389  1942  1942 I Layer   : Layer::reparent [Surface(name=d21c0 Application Error: com.csparks113.MorseCodeApp)/@0xc329baa - animation-leash of window_animation#8798] newParentHandle : null -------------------------
10-05 12:10:17.389  1942  1942 I Layer   : id=8798 removeFromCurrentState Surface(name=d21c0 Application Error: com.csparks113.MorseCodeApp)/@0xc329baa - animation-leash of window_animation#8798 (124)
10-05 12:10:17.389  1942  1942 I Layer   : Layer::reparent [Surface(name=d21c0 Application Error: com.csparks113.MorseCodeApp)/@0xc329baa - animation-leash of window_animation#8798] End -------------------------
10-05 12:10:17.389  1942  1942 I Layer   : Layer [Application Error: com.csparks113.MorseCodeApp#8790] hidden!! flag(1)
10-05 12:10:17.389  1942  1942 I Layer   : Layer::reparent [Surface(name=Dim Layer for - WindowedMagnification:0:31)/@0x31f0f11 - animation-leash of dimmer#8801] newParentHandle : null -------------------------
10-05 12:10:17.389  1942  1942 I Layer   : id=8801 removeFromCurrentState Surface(name=Dim Layer for - WindowedMagnification:0:31)/@0x31f0f11 - animation-leash of dimmer#8801 (124)
10-05 12:10:17.389  1942  1942 I Layer   : Layer::reparent [Surface(name=Dim Layer for - WindowedMagnification:0:31)/@0x31f0f11 - animation-leash of dimmer#8801] End -------------------------
10-05 12:10:17.389  1942  1942 I Layer   : Layer::reparent [Application Error: com.csparks113.MorseCodeApp#8790] newParentHandle : null -------------------------
10-05 12:10:17.389  1942  1942 I Layer   : id=8790 removeFromCurrentState Application Error: com.csparks113.MorseCodeApp#8790 (124)
10-05 12:10:17.389  1942  1942 I Layer   : Layer::reparent [Application Error: com.csparks113.MorseCodeApp#8790] End -------------------------
10-05 12:10:17.389  1942  1942 I SurfaceFlinger: id=8790 Removed Application Error: com.csparks113.MorseCodeApp#8790 (124)
10-05 12:10:17.389  1942  1942 I SurfaceFlinger: id=8796 Removed Dim Layer for - WindowedMagnification:0:31#8796 (124)
10-05 12:10:17.389  1942  1942 I SurfaceFlinger: id=8798 Removed Surface(name=d21c0 Application Error: com.csparks113.MorseCodeApp)/@0xc329baa - animation-leash of window_animation#8798 (124)
10-05 12:10:17.389  1942  1942 I SurfaceFlinger: id=8801 Removed Surface(name=Dim Layer for - WindowedMagnification:0:31)/@0x31f0f11 - animation-leash of dimmer#8801 (124)
10-05 12:10:17.391  4186  6564 I ViewRootImpl@b7c15db[LauncherActivity]: mWNT: t=0xb400007240d3e830 mBlastBufferQueue=0xb4000071e0ccfe10 fn= 42 mRenderHdrSdrRatio=1.0 caller= com.android.systemui.shared.launcher.ViewRootImplCompat.mergeWithNextTransaction:4 com.honeyspace.transition.utils.SurfaceTransactionApplier.scheduleApply$lambda$1:26 com.honeyspace.transition.utils.SurfaceTransactionApplier.c:0 
10-05 12:10:17.392  1942  1942 D SurfaceFlinger: Display 4630947232161729154 HWC layers:
10-05 12:10:17.392  1942  1942 D SurfaceFlinger:      CLIENT | 0xb4000077f4e28c00 | 0100 | RGBA_8888    |   59.0    1.0 1139.0 2339.0 |    0    0 1080 2340 | Wallpaper BBQ wrapper 5_system#105
10-05 12:10:17.392  1942  1942 D SurfaceFlinger:      CLIENT | 0xb4000077f4e427c0 | 0100 | RGBA_8888    |    0.0    0.0 1080.0 2340.0 |    0    0 1080 2340 | com.sec.android.app.launcher/com.sec[...]tivities.LauncherActivity$_4186#8752 (blurRegions)
10-05 12:10:17.392  1942  1942 D SurfaceFlinger:      DEVICE | 0xb4000077f4e39730 | 0100 | RGBA_8888    |    0.0    0.0 1080.0   74.0 |    0    0 1080   74 | StatusBar$_3753#107
10-05 12:10:17.392  1942  1942 D SurfaceFlinger:      DEVICE | 0xb4000077f4e3ef80 | 0100 | RGBA_8888    |    0.0    0.0   67.0  441.0 | 1013  565 1080 1006 | com.sec.android.app.launcher/com.sam[...]e.edge.CocktailBarService$_4186#8761
10-05 12:10:17.392  1942  1942 D SurfaceFlinger:      DEVICE | 0xb4000077f4e3c3a0 | 0100 | RGBA_8888    |    0.0    0.0 1080.0  135.0 |    0 2205 1080 2340 | NavigationBar0$_3753#101
10-05 12:10:17.392  1942  1942 D SurfaceFlinger: 
10-05 12:10:17.396  1942  1942 I Layer   : Layer::reparent [d21c0 Application Error: com.csparks113.MorseCodeApp#8787] newParentHandle : null -------------------------
10-05 12:10:17.396  1942  1942 I Layer   : id=8787 removeFromCurrentState d21c0 Application Error: com.csparks113.MorseCodeApp#8787 (124)
10-05 12:10:17.397  1942  1942 I Layer   : Layer::reparent [d21c0 Application Error: com.csparks113.MorseCodeApp#8787] End -------------------------
10-05 12:10:17.397  1942  1942 I Layer   : Layer::reparent [WindowToken{3613743 type=2003 android.view.ViewRootImpl$W@3076ffd}#8786] newParentHandle : null -------------------------
10-05 12:10:17.397  1942  1942 I Layer   : id=8786 removeFromCurrentState WindowToken{3613743 type=2003 android.view.ViewRootImpl$W@3076ffd}#8786 (124)
10-05 12:10:17.397  1942  1942 I Layer   : Layer::reparent [WindowToken{3613743 type=2003 android.view.ViewRootImpl$W@3076ffd}#8786] End -------------------------
10-05 12:10:17.397  1942  1942 I Layer   : id=8790 Destroyed Application Error: com.csparks113.MorseCodeApp#8790
10-05 12:10:17.397  1942  1942 I Layer   : id=8801 Destroyed Surface(name=Dim Layer for - WindowedMagnification:0:31)/@0x31f0f11 - animation-leash of dimmer#8801
10-05 12:10:17.397  1942  1942 I Layer   : id=8796 Destroyed Dim Layer for - WindowedMagnification:0:31#8796
10-05 12:10:17.397  1942  1942 I Layer   : id=8798 Destroyed Surface(name=d21c0 Application Error: com.csparks113.MorseCodeApp)/@0xc329baa - animation-leash of window_animation#8798
10-05 12:10:17.397  1942  1942 I SurfaceFlinger: id=8786 Removed WindowToken{3613743 type=2003 android.view.ViewRootImpl$W@3076ffd}#8786 (120)
10-05 12:10:17.397  1942  1942 I SurfaceFlinger: id=8787 Removed d21c0 Application Error: com.csparks113.MorseCodeApp#8787 (120)
10-05 12:10:17.398  4186  6557 I ViewRootImpl@b7c15db[LauncherActivity]: mWNT: t=0xb400007240d4e7f0 mBlastBufferQueue=0xb4000071e0ccfe10 fn= 43 mRenderHdrSdrRatio=1.0 caller= com.android.systemui.shared.launcher.ViewRootImplCompat.mergeWithNextTransaction:4 com.honeyspace.transition.utils.SurfaceTransactionApplier.scheduleApply$lambda$1:26 com.honeyspace.transition.utils.SurfaceTransactionApplier.c:0 
10-05 12:10:17.405  1942  1942 I Layer   : id=8787 Destroyed d21c0 Application Error: com.csparks113.MorseCodeApp#8787
10-05 12:10:17.405  1942  1942 I Layer   : id=8786 Destroyed WindowToken{3613743 type=2003 android.view.ViewRootImpl$W@3076ffd}#8786
10-05 12:10:17.406  4186  6564 I ViewRootImpl@b7c15db[LauncherActivity]: mWNT: t=0xb400007240d02710 mBlastBufferQueue=0xb4000071e0ccfe10 fn= 44 mRenderHdrSdrRatio=1.0 caller= com.android.systemui.shared.launcher.ViewRootImplCompat.mergeWithNextTransaction:4 com.honeyspace.transition.utils.SurfaceTransactionApplier.scheduleApply$lambda$1:26 com.honeyspace.transition.utils.SurfaceTransactionApplier.c:0 
10-05 12:10:17.413  4186  4186 I HoneySpace.DeJankUtils: postAfterTraversal is called b9.k@fbbdfa2, immediate : true detail : app transition end
10-05 12:10:17.413  4186  4186 I HoneySpace.HoneyScreenManagerImpl: transitionAnimator is ended, onCancel: false
10-05 12:10:17.413  4186  4186 I HoneySpace.ContentsAnimator: ContentsAnimator end
10-05 12:10:17.414  4186  4186 I HoneySpace.WallpaperAnimator: wallpaper animation end
10-05 12:10:17.414  4186  4186 I HoneySpace.IconView: setIconVisible : visible-true, currentForceHideBadge-true
10-05 12:10:17.414  4186  4186 I HoneySpace.AppCloseAnimationDelegate: [AppClose] END-(1)-0-(0)-0-(0)-0-(3)-1-(5)-0-(9)-0-(8)-0-(8)-0-(9)-0-(8)-0-(8)-1-(8)-0-(8)-0-(8)-1-(8)-0-(8)-0-(8)-1-(8)-0-(8)-0-(9)-0-(8)-0-(8)-0-(9)-0-(8)-0-(8)-0-(9)-0-(8)-0-(8)-1-(8)-0-(8)-0-(8)-0-(8)-1-(8)-0-(8)-0-(9)-0-(8)-0-(8)-0-(9)-0-(8)-0-(8)-0-(9)-0-(10)-0-(7)-0-(8)-0-(9)-0
10-05 12:10:17.414  4186  4186 I HoneySpace.AppCloseAnimationDelegate: window animator end
10-05 12:10:17.414  4186  4186 I HoneySpace.AppCloseAnimationDelegate: animatorSet end
10-05 12:10:17.414  4186  4186 I HoneySpace.AnimationResult: finish, false
10-05 12:10:17.415  2682  6725 I WindowManager: Cancelling animation restarting=false, leash=Surface(name=Surface(name=RemoteWallpaperAnim:1:1)/@0x2c6c564 - animation-leash of remote_wallpaper)/@0x9d8da68
10-05 12:10:17.415  2682  6725 I WindowManager: Reparenting to original parent: Surface(name=OneHanded:0:14)/@0xe1eb3cd, destroy=false, surface=Surface(name=RemoteWallpaperAnim:1:1)/@0x2c6c564
10-05 12:10:17.415  2682  6725 D WindowManager: finishRemoteWallpaperAnimation, success=true
10-05 12:10:17.416  4186  6557 I ViewRootImpl@b7c15db[LauncherActivity]: mWNT: t=0xb400007240cb0cd0 mBlastBufferQueue=0xb4000071e0ccfe10 fn= 45 mRenderHdrSdrRatio=1.0 caller= com.android.systemui.shared.launcher.ViewRootImplCompat.mergeWithNextTransaction:4 com.honeyspace.transition.utils.SurfaceTransactionApplier.scheduleApply$lambda$1:26 com.honeyspace.transition.utils.SurfaceTransactionApplier.c:0 
10-05 12:10:17.417  3753  3813 V WindowManagerShell: Transition animation finished (aborted=false), notifying core (#630)android.os.BinderProxy@fc6dddd@0
10-05 12:10:17.417  4186 10337 I HoneySpace.AnimationResult: asyncFinishRunnable run
10-05 12:10:17.417  3753  3813 I SurfaceControl: apply is called, name=FinishTransaction_SyncId<630>, caller=android.view.SurfaceControl$Transaction.apply:2933 com.android.wm.shell.transition.Transitions.onFinish:302 com.android.wm.shell.transition.Transitions$$ExternalSyntheticLambda6.onTransitionFinished:15 com.android.wm.shell.transition.RemoteTransitionHandler$1$$ExternalSyntheticLambda0.run:118 android.os.Handler.handleCallback:958 android.os.Handler.dispatchMessage:99 
10-05 12:10:17.417  4186  4186 I HoneySpace.AnimationResult: completeCallback run
10-05 12:10:17.419  2682  6725 V WindowManager: Finish Transition: TransitionRecord{a5177d0 id=630 type=CLOSE flags=0x10}, caller=com.android.server.wm.WindowOrganizerController.finishTransition:454 android.window.IWindowOrganizerController$Stub.onTransact:286 com.android.server.wm.WindowOrganizerController.onTransact:217 
10-05 12:10:17.420  2682  2811 V WindowManager: Finish Transition #630: created at 10-05 12:10:17.000 collect-started=0.292ms request-sent=0.465ms started=5.436ms ready=36.995ms sent=56.428ms finished=418.894ms
10-05 12:10:17.421  1942  2097 I SurfaceFlinger: id=8785 Removed f27aa2f ActivityRecordInputSink com.csparks113.MorseCodeApp/.MainActivity#8785 (118)
10-05 12:10:17.421  4186  4186 I HoneySpace.Launcher: onEnterAnimationComplete
10-05 12:10:17.421  1942  2097 I SurfaceFlinger: id=8803 createSurf, flag=24004, Task=6311#8803
10-05 12:10:17.421  1942  1942 I Layer   : Layer::reparent [Task=1#52] newParent : DefaultTaskDisplayArea_d0#12 , isRemovedFromCurrentState : 0 -------------------------
10-05 12:10:17.421  4186  4186 I HoneySpace.DeJankUtils: traversals callback's received
10-05 12:10:17.421  4186  4186 I HoneySpace.DeJankUtils: doActionRunnable is called b9.k@fbbdfa2, immediate = true, detail : app transition end
10-05 12:10:17.421  1942  1942 I Layer   : Layer::reparent [Task=1#52] End -------------------------
10-05 12:10:17.421  1942  1942 I Layer   : Layer [Task=6311#8778] hidden!! flag(1)
10-05 12:10:17.421  1942  1942 I Layer   : Layer::reparent [Task=6311#8778] newParent : DefaultTaskDisplayArea_d0#12 , isRemovedFromCurrentState : 0 -------------------------
10-05 12:10:17.421  1942  1942 I Layer   : Layer::reparent [Task=6311#8778] End -------------------------
10-05 12:10:17.421  1942  1942 I Layer   : Layer::reparent [Transition Root: Task=1#8791] newParentHandle : null -------------------------
10-05 12:10:17.421  1942  1942 I Layer   : id=8791 removeFromCurrentState Transition Root: Task=1#8791 (119)
10-05 12:10:17.421  1942  1942 I Layer   : id=8793 removeFromCurrentState Surface(name=Task=1)/@0x4be53ff_transition-leash#8793 (119)
10-05 12:10:17.421  1942  1942 I Layer   : id=8794 removeFromCurrentState Surface(name=Task=6311)/@0xcae311b_transition-leash#8794 (119)
10-05 12:10:17.421  1942  1942 I Layer   : Layer::reparent [Transition Root: Task=1#8791] End -------------------------
10-05 12:10:17.421  1942  1942 I Layer   : Layer::reparent [Transition Root: Task=1#8791] newParentHandle : null -------------------------
10-05 12:10:17.421  1942  1942 I Layer   : id=8791 removeFromCurrentState Transition Root: Task=1#8791 (119)
10-05 12:10:17.422  1942  1942 I Layer   : id=8793 removeFromCurrentState Surface(name=Task=1)/@0x4be53ff_transition-leash#8793 (119)
10-05 12:10:17.422  1942  1942 I Layer   : id=8794 removeFromCurrentState Surface(name=Task=6311)/@0xcae311b_transition-leash#8794 (119)
10-05 12:10:17.422  1942  1942 I Layer   : Layer::reparent [Transition Root: Task=1#8791] End -------------------------
10-05 12:10:17.422  4186  4186 I HoneySpace.AppTransitionAnimationAwait: proceed 1
10-05 12:10:17.422  1942  1942 I SurfaceFlinger: id=8791 Removed Transition Root: Task=1#8791 (119)
10-05 12:10:17.422  1942  1942 I SurfaceFlinger: id=8780 Removed bb5cc7d Splash Screen com.csparks113.MorseCodeApp#8780 (119)
10-05 12:10:17.423  2682  6725 D ChangeTransitionController: onTransitionFinished: TransitionRecord{a5177d0 id=630 type=CLOSE flags=0x10}
10-05 12:10:17.423  3753  3813 V WindowManagerShell: Track 0 became idle
10-05 12:10:17.423  3753  3813 V WindowManagerShell: All active transition animations finished
10-05 12:10:17.425  4186  4186 I HoneySpace.TaskListViewModel: onTaskRemoved : 6311
10-05 12:10:17.425  4186  4186 I HoneySpace.TaskListPot: taskRemoveId, taskId = 6311
10-05 12:10:17.425  4186  4186 I HoneySpace.BaseRecentsView: INVALID_TASK_POSITION 6311
10-05 12:10:17.426  4186  4186 I HoneySpace.TaskListViewModel: onTaskRemoved : 6311
10-05 12:10:17.426  4186  4186 I HoneySpace.TaskListPot: taskRemoveId, taskId = 6311
10-05 12:10:17.426  4186  4186 I HoneySpace.BaseRecentsView: INVALID_TASK_POSITION 6311
10-05 12:10:17.426  4186 31216 I HoneySpace.RecentTasks: onRecentTasksChanged
10-05 12:10:17.426  4186  4351 I HoneySpace.TopTaskSource: onTaskRemoved: 6311
10-05 12:10:17.427  4186  4351 I HoneySpace.TopTaskSource: onTaskRemoved: 6311
10-05 12:10:17.431  1942  1942 I Layer   : Layer::reparent [RemoteWallpaperAnim:1:1#8] newParent : OneHanded:0:14#5 , isRemovedFromCurrentState : 0 -------------------------
10-05 12:10:17.431  1942  1942 I Layer   : Layer::reparent [RemoteWallpaperAnim:1:1#8] End -------------------------
10-05 12:10:17.431  1942  1942 I Layer   : Layer::reparent [Surface(name=RemoteWallpaperAnim:1:1)/@0x2c6c564 - animation-leash of remote_wallpaper#8802] newParentHandle : null -------------------------
10-05 12:10:17.431  1942  1942 I Layer   : id=8802 removeFromCurrentState Surface(name=RemoteWallpaperAnim:1:1)/@0x2c6c564 - animation-leash of remote_wallpaper#8802 (119)
10-05 12:10:17.431  1942  1942 I Layer   : Layer::reparent [Surface(name=RemoteWallpaperAnim:1:1)/@0x2c6c564 - animation-leash of remote_wallpaper#8802] End -------------------------
10-05 12:10:17.431  1942  1942 I Layer   : Layer::reparent [ActivityRecord{73f29c5 u0 com.csparks113.MorseCodeApp/.MainActivity t6311}#8779] newParentHandle : null -------------------------
10-05 12:10:17.431  1942  1942 I Layer   : id=8779 removeFromCurrentState ActivityRecord{73f29c5 u0 com.csparks113.MorseCodeApp/.MainActivity t6311}#8779 (119)
10-05 12:10:17.431  1942  1942 I Layer   : id=8785 removeFromCurrentState f27aa2f ActivityRecordInputSink com.csparks113.MorseCodeApp/.MainActivity#8785 (119)
10-05 12:10:17.431  1942  1942 I Layer   : Layer::reparent [ActivityRecord{73f29c5 u0 com.csparks113.MorseCodeApp/.MainActivity t6311}#8779] End -------------------------
10-05 12:10:17.431  1942  1942 I Layer   : Layer::reparent [Task=6311#8778] newParentHandle : null -------------------------
10-05 12:10:17.431  1942  1942 I Layer   : id=8778 removeFromCurrentState Task=6311#8778 (119)
10-05 12:10:17.431  1942  1942 I Layer   : Layer::reparent [Task=6311#8778] End -------------------------
10-05 12:10:17.431  1942  1942 I Layer   : Layer::reparent [Task=6311#8803] newParentHandle : null -------------------------
10-05 12:10:17.431  1942  1942 I Layer   : id=8803 removeFromCurrentState Task=6311#8803 (119)
10-05 12:10:17.431  1942  1942 I Layer   : Layer::reparent [Task=6311#8803] End -------------------------
10-05 12:10:17.431  1942  1942 I Layer   : id=8780 Destroyed bb5cc7d Splash Screen com.csparks113.MorseCodeApp#8780
10-05 12:10:17.431  1942  1942 I Layer   : id=8791 Destroyed Transition Root: Task=1#8791
10-05 12:10:17.432  1942  1942 I SurfaceFlinger: id=8803 Removed Task=6311#8803 (117)
10-05 12:10:17.432  1942  1942 I SurfaceFlinger: id=8779 Removed ActivityRecord{73f29c5 u0 com.csparks113.MorseCodeApp/.MainActivity t6311}#8779 (117)
10-05 12:10:17.432  1942  1942 I SurfaceFlinger: id=8802 Removed Surface(name=RemoteWallpaperAnim:1:1)/@0x2c6c564 - animation-leash of remote_wallpaper#8802 (117)
10-05 12:10:17.436  1942  2473 I SurfaceFlinger: id=8794 Removed Surface(name=Task=6311)/@0xcae311b_transition-leash#8794 (117)
10-05 12:10:17.436  1942  2473 I SurfaceFlinger: id=8793 Removed Surface(name=Task=1)/@0x4be53ff_transition-leash#8793 (117)
10-05 12:10:17.438  1942  1942 I Layer   : id=8803 Destroyed Task=6311#8803
10-05 12:10:17.438  1942  1942 I Layer   : id=8793 Destroyed Surface(name=Task=1)/@0x4be53ff_transition-leash#8793
10-05 12:10:17.439  1942  1942 I Layer   : id=8779 Destroyed ActivityRecord{73f29c5 u0 com.csparks113.MorseCodeApp/.MainActivity t6311}#8779
10-05 12:10:17.439  1942  1942 I Layer   : id=8785 Destroyed f27aa2f ActivityRecordInputSink com.csparks113.MorseCodeApp/.MainActivity#8785
10-05 12:10:17.439  1942  1942 I Layer   : id=8794 Destroyed Surface(name=Task=6311)/@0xcae311b_transition-leash#8794
10-05 12:10:17.439  1942  1942 I Layer   : id=8802 Destroyed Surface(name=RemoteWallpaperAnim:1:1)/@0x2c6c564 - animation-leash of remote_wallpaper#8802
10-05 12:10:17.503  2682  2814 W ActivityTaskManager: Activity top resumed state loss timeout for ActivityRecord{73f29c5 u0 com.csparks113.MorseCodeApp/.MainActivity t-1 f}}
10-05 12:10:17.503  2682  2814 D ActivityTaskManager: scheduleTopResumedActivityChanged, onTop=true, r=ActivityRecord{8b8ea7a u0 com.sec.android.app.launcher/.activities.LauncherActivity t6118}, caller=com.android.server.wm.ActivityTaskSupervisor.scheduleTopResumedActivityStateIfNeeded:2904 com.android.server.wm.ActivityTaskSupervisor.handleTopResumedStateReleased:2933 com.android.server.wm.ActivityTaskSupervisor$ActivityTaskSupervisorHandler.handleMessageInner:3360 com.android.server.wm.ActivityTaskSupervisor$ActivityTaskSupervisorHandler.handleMessage:3252 android.os.Handler.dispatchMessage:106 android.os.Looper.loopOnce:230 
10-05 12:10:17.613  3753  3753 D StatusBarIconController: ignoring old pipeline callbacks, because the new mobile icons are enabled
10-05 12:10:17.689  1942  1942 I HWComposer: [4630947232161729154] ActiveConfigToHWC, ID : 9
10-05 12:10:17.689  1942  1942 I LayerHistory: com.sec.android.app.launcher/com.sec.android.app.launcher.activities.LauncherActivity$_4186#8752 Max (can't resolve refresh rate)
10-05 12:10:17.689  1942  1942 I LayerHistory: NavigationBar0$_3753#101 Max (can't resolve refresh rate)
10-05 12:10:17.689  1942  1942 I LayerHistory: StatusBar$_3753#107 voted 0, 0.00 fps
10-05 12:10:17.689  1942  1942 I SurfaceFlinger: Idle - choose 24.00 Hz
10-05 12:10:17.690  1942  1942 D SurfaceFlinger: GPIS:: requestGPISForClientComposition
10-05 12:10:17.690  1842  2174 I SDM     : HWCDisplay::SubmitDisplayConfig: [DispConfigs] config 0 => 9, hs_mode 3 => 3
10-05 12:10:17.690  1842  2174 I SDM     : HWDeviceDRM::SetDisplaySwitchMode: [DispConfigs] check hs_mode 3
10-05 12:10:17.690  1842  2174 I SDM     : HWDeviceDRM::SetDisplaySwitchMode: [DispConfigs] Set mode index:10 1080x2340x24xcmdPHS, hs_mode(3), found_mode(1)
10-05 12:10:17.690  1842  2174 I SDM     : HWDeviceDRM::UpdateMixerAttributes: Mixer WxH 1080x2340-1 for Peripheral
10-05 12:10:17.690  1842  2174 I SDM     : HWCDisplay::SubmitDisplayConfig: Active configuration changed from config 0 to 9
10-05 12:10:17.696  1942  2182 I VSyncReactor: Current= 120, Period= 24, hwcPeriod= 24
10-05 12:10:17.840  1828 31539 I HYPER-HAL: [RequestManager.cpp]releaseLocked(): Released ID : 3681572
10-05 12:10:17.860  1828 31496 I HYPER-HAL: [RequestManager.cpp]releaseLocked(): Released ID : 20107327
10-05 12:10:17.969  2682  3600 D WifiConnectivityMonitor.NetworkStatsAnalyzer: Backhaul Disconnection due to RetransSeg
10-05 12:10:17.969  2682  3600 D WifiConnectivityMonitor.NetworkStatsAnalyzer: Backhaul result - RSSI:-25, CE:5, PE:5, TI:11, PTI:11, TW:0, PTW:0, Tx:23, Rx:48, TxS:18, RxS:20, RESULT:true, IC:0, ICT:5, WC:0, WCT:5, R:0, RC:7, IE:0, EC:0
10-05 12:10:18.022  2682  2812 D AnimatorSet: mReversing is false. Don't call initChildren.
10-05 12:10:18.022  2682  2812 D AnimatorSet: mReversing is false. Don't call initChildren.
10-05 12:10:18.022  2682  2812 D AnimatorSet: mReversing is false. Don't call initChildren.
10-05 12:10:18.048  6325  6954 I SemDvfsHyPerManager: acquire hyper - BaseTABoost/6325@21, type = 1090523139
10-05 12:10:18.049  1828  1872 I HYPER-HAL: [RequestManager.cpp]acquire(): Acquired ID : 20139052  [6325 / 21]    HINT :      list : [TABoost / 1] 
10-05 12:10:18.376  1828 31500 I HYPER-HAL: [RequestManager.cpp]releaseLocked(): Released ID : 4330153
10-05 12:10:18.428  2682  2819 E Watchdog: !@Sync: 2561 heap: 116 / 120 FD: 1088 [2025-10-05 12:10:18.428]
10-05 12:10:18.432  1858  1879 E ANDR-PERF-UTIL: Failed to update node /proc/sys/walt/sched_per_task_boost with value 31502 0
10-05 12:10:18.432  1858  1879 E ANDR-PERF-OPTSHANDLER: can't reset task 31502
10-05 12:10:18.432  1858  1879 E ANDR-PERF-RESOURCEQS: Failed to reset optimization [3, 32]
10-05 12:10:18.539  1828 31541 I HYPER-HAL: [RequestManager.cpp]releaseLocked(): Released ID : 20113670
10-05 12:10:18.939  2682  3598 I SemWifiEleStateTracker: Ele Parameters BD : 13 13 13 13 13 13 MD : -115 -115 -115 -114 -114 -114 WD : -25 -26 -26 -26 -28 -25 GC : false false false false false false SC : false false false false false false SH : false false false false false false TB : false false false false false false
10-05 12:10:19.112  3753  3753 D StatusBarIconController: ignoring old pipeline callbacks, because the new mobile icons are enabled
10-05 12:10:19.271  1817 30852 I sensors-hal: handle_sns_client_event:550, [0][5145] accel_sample [-0.002, -0.096,  9.926] 127126978390833
10-05 12:10:19.296  1076  1076 D io_stats: !@   8,0 r 5140549 141828874 w 2091318 51635488 d 630791 75590132 f 0 198818 iot 2479144 0 th 0 0 0 pt 0 inp 0 0 76897.194
10-05 12:10:19.309  1817 30650 I sensors-hal: handle_sns_std_sensor_event:311, [SSC_LIGHT] P: 78(78),m:7,c:21,b:70,c0:3376,l:78,f(r):104,u(bl):100,j:70
10-05 12:10:19.357  2682  4524 I SemDvfsHyPerManager: acquire hyper - AMS_RESUME_TAIL/2682@23, type = -999
10-05 12:10:19.357  2682  4524 I SemDvfsHyPerManager: acquire hyper - AMS_ACT_LAZY/2682@24, type = -999
10-05 12:10:19.357  2682  4524 D ActivityManagerPerformance: AMP_acquire() TAIL
10-05 12:10:19.357  2682  4524 D ActivityManagerPerformance: AMP_release() APP_SWITCH
10-05 12:10:19.357  1828  1872 I HYPER-HAL: [RequestManager.cpp]acquire(): Acquired ID : 3659888  [2682 / 23]    HINT : AMS_RESUME_TAIL    list : 
10-05 12:10:19.361  1828  1872 I HYPER-HAL: [RequestManager.cpp]acquire(): Acquired ID : 3662595  [2682 / 24]    HINT : AMS_ACT_LAZY    list : 
10-05 12:10:19.364  2682  4547 D FreecessController: BG freezed, skip OLAF unfreeze for (com.samsung.android.game.gamehome, 10083).
10-05 12:10:19.365  2682  4547 D FreecessController: BG freezed, skip OLAF unfreeze for (com.microsoft.skydrive, 10105).
10-05 12:10:19.367  1828  1872 I HYPER-HAL: [RequestManager.cpp]releaseLocked(): Released ID : 3665303
10-05 12:10:19.372  2682  4547 D FreecessController: BG freezed, skip OLAF unfreeze for (com.google.android.gm, 10276).
10-05 12:10:19.372  2682  4547 D FreecessController: BG freezed, skip OLAF unfreeze for (com.google.android.youtube, 10278).
10-05 12:10:19.373 26162 26264 I PlayCommon: [270] Preparing logs for uploading
10-05 12:10:19.373  2682  4547 D FreecessController: BG freezed, skip OLAF unfreeze for (com.linkedin.android, 10322).
10-05 12:10:19.373  2682  4547 D FreecessController: BG freezed, skip OLAF unfreeze for (com.duolingo, 10324).
10-05 12:10:19.373  2682  4547 D FreecessController: BG freezed, skip OLAF unfreeze for (com.facebook.katana, 10326).
10-05 12:10:19.374  2682  4547 D FreecessController: BG freezed, skip OLAF unfreeze for (com.savved.uptick, 10414).
10-05 12:10:19.374 19310 11618 I SAMSUNGWALLET: [Hint_ProcessStatusChange] fg Change, pid : 31502 , isNotify : true , isForeground : true , fg list : [4186, 31502]
10-05 12:10:19.375 19310 11618 I SAMSUNGWALLET: [Hint_ProcessStatusChange] invoke foreground activities changed - onProcessDied pid:31502 uid : 10470
10-05 12:10:19.375 26162 26264 W PlayCommon: [270] No account for auth token provided
10-05 12:10:19.375 26162 26264 I PlayCommon: [270] Connecting to server: https://play.googleapis.com/play/log?format=raw&proto_v2=true
10-05 12:10:19.376 19310 19310 I ViewRootImpl@25e23de[HintService]: onDisplayChanged oldDisplayState=2 newDisplayState=2
10-05 12:10:19.381  2682  3626 D NetdEventListenerService: DNS Requested by 113, 10258, 1
10-05 12:10:19.381  2682  4547 D FreecessController: com.openai.chatgpt(state: Frozen -> Initial, Reason: uidIdle)
10-05 12:10:19.382 19310 19974 I SAMSUNGWALLET: [Hint_SimpleHintProcessMonitor] isHomePackageRunning topPkgName = com.sec.android.app.launcher, topClsName = com.sec.android.app.launcher.Launcher, return true , se : true
10-05 12:10:19.383  2682  4547 I PowerManagerService: [PWL] SetWakeLockEnableDisable uid = 10258 , disable= false
10-05 12:10:19.384  2682  4547 I PowerManagerService: [PWL] can not change uid =  10258
10-05 12:10:19.384 19310 19310 I SAMSUNGWALLET: [Hint_IntroHintService] Hint Status - already invisible, skip hide : [4000000] - 4000000
10-05 12:10:19.388 19310 19974 I SAMSUNGWALLET: [Hint_SimpleHintProcessMonitor] isHomePackageRunning topPkgName = com.sec.android.app.launcher, topClsName = com.sec.android.app.launcher.Launcher, return true , se : true
10-05 12:10:19.389 19310 19310 I SAMSUNGWALLET: [Hint_IntroHintService] Hint Status - already invisible, skip hide : [4000000] - 4000000
10-05 12:10:19.422  4186  6824 I HoneySpace.PredictionDataSourceImpl: TYPE_SUGGESTED_APPS updated: 9
10-05 12:10:19.428  4186  6827 I HoneySpace.PredictionDataSourceImpl: TYPE_RECOMMENDED_WIDGETS updated: 40
10-05 12:10:19.564  1817  1817 I sensors-hal: set_config:61, sample_period_ns is adjusted to 200000000 based on min/max delay_ns
10-05 12:10:19.565  1817  1817 I sensors-hal: batch:512, com.samsung.sensor.light_cct/1511, period=200000000, max_latency=0 request completed
10-05 12:10:19.565  1817  1817 I sensors-hal: activate:428, com.samsung.sensor.light_cct/1511 en=1
10-05 12:10:19.566  1817  1817 I sensors-hal: get_qmi_debug_flag:239, support_qmi_debug : false
10-05 12:10:19.569  1800  2011 E minksocket: MinkIPC_QRTR_Service: client with node 1 port 78b9 went down
10-05 12:10:19.570  1800  2011 E minksocket: MinkIPC_QRTR_Service: client with node 1 port 78ba went down
10-05 12:10:19.574  1800  2011 E minksocket: MinkIPC_QRTR_Service: client with node 1 port 78bb went down
10-05 12:10:19.575  1817  1817 I sensors-hal: send_sync_sensor_request:450, send sync request
10-05 12:10:19.575  1817  1817 I sensors-hal: send_sync_sensor_request:476, wait for notification of response
10-05 12:10:19.576  1800  2011 E minksocket: MinkIPC_QRTR_Service: client with node 1 port 78bc went down
10-05 12:10:19.578  1817 31553 I sensors-hal: ssc_conn_resp_cb:835, resp_value = 0
10-05 12:10:19.578  1817  1817 I sensors-hal: send_sync_sensor_request:482, takes 2 ms to receive the response with 0
10-05 12:10:19.578  1817  1817 I sensors-hal: activate:446, com.samsung.sensor.light_cct/1511 en=1 completed
10-05 12:10:19.578  2682  3511 D SensorManager: registerListener :: 1511, STK33915 Light CCT  Non-wakeup, 200000, 0, com.samsung.android.displaysolution.EyeComfortSolutionService$2@8e21c72
10-05 12:10:19.629  1817 31553 I sensors-hal: handle_indication_realtime:467,  SCHED_FIFO(10) for qmi_cbk
10-05 12:10:19.630  1817 31553 I sensors-hal: handle_sns_std_sensor_event:89, light_cct: ts = 127127344400417 ns; value = [77, 77, 46, 51, 72, 70, 2, 13, 210, -1]
10-05 12:10:19.631  1817  1817 I sensors-hal: activate:428, com.samsung.sensor.light_cct/1511 en=0
10-05 12:10:19.632  1817  1817 I sensors-hal: deactivate:382, disconnect qmi to disable sensor
10-05 12:10:19.633  1800  2011 E minksocket: MinkIPC_QRTR_Service: client with node 1 port 78bd went down
10-05 12:10:19.633  1817  1817 I sensors-hal: activate:446, com.samsung.sensor.light_cct/1511 en=0 completed
10-05 12:10:19.633  2682  3511 D SensorManager: unregisterListener :: com.samsung.android.displaysolution.EyeComfortSolutionService$2@8e21c72
