10-05 02:02:44.002  2682  2814 I DisplayDeviceRepository: Display device changed: DisplayDeviceInfo{"Built-in Screen": uniqueId="local:4630947232161729154", 1080 x 2340, modeId 1, renderFrameRate 120.00001, defaultModeId 1, supportedModes [{id=1, width=1080, height=2340, fps=120.00001, alternativeRefreshRates=[10.0, 24.000002, 30.000002, 48.000004, 60.000004, 96.00001], supportedHdrTypes=[2, 3, 4]}, {id=2, width=1080, height=2340, fps=96.00001, alternativeRefreshRates=[10.0, 24.000002, 30.000002, 48.000004, 60.000004, 120.00001], supportedHdrTypes=[2, 3, 4]}, {id=3, width=1080, height=2340, fps=60.000004, alternativeRefreshRates=[10.0, 24.000002, 30.000002, 48.000004, 96.00001, 120.00001], supportedHdrTypes=[2, 3, 4]}, {id=4, width=1080, height=2340, fps=48.000004, alternativeRefreshRates=[10.0, 24.000002, 30.000002, 60.000004, 96.00001, 120.00001], supportedHdrTypes=[2, 3, 4]}, {id=5, width=1080, height=2340, fps=30.000002, alternativeRefreshRates=[10.0, 24.000002, 48.000004, 60.000004, 96.00001, 120.00001], supportedHdrTypes=[2, 3, 4]}, {id=6, width=1080, height=2340, fps=24.000002, alternativeRefreshRates=[10.0, 30.000002, 48.000004, 60.000004, 96.00001, 120.00001], supportedHdrTypes=[2, 3, 4]}, {id=7, width=1080, height=2340, fps=10.0, alternativeRefreshRates=[24.000002, 30.000002, 48.000004, 60.000004, 96.00001, 120.00001], supportedHdrTypes=[2, 3, 4]}], colorMode 0, supportedColorModes [0, 7, 9], hdrCapabilities HdrCapabilities{mSupportedHdrTypes=[2, 3, 4], mMaxLuminance=450.0, mMaxAverageLuminance=225.00024, mMinLuminance=5.0E-4}, allmSupported false, gameContentTypeSupported false, density 450, 391.885 x 393.615 dpi, appVsyncOff 100000, presDeadline 9233333, cutout DisplayCutout{insets=Rect(0, 74 - 0, 0) waterfall=Insets{left=0, top=0, right=0, bottom=0} boundingRect={Bounds=[Rect(0, 0 - 0, 0), Rect(514, 0 - 566, 74), Rect(0, 0 - 0, 0), Rect(0, 0 - 0, 0)]} cutoutPathParserInfo={CutoutPathParserInfo{displayWidth=1080 displayHeight=2340 physicalDisplayWidth=1080 physicalDisplayHeight=2340 density={2.8125} cutoutSpec={M 0,0 H -9.244444444444444 V 26.31111111111111 H 9.244444444444444 V 0 H 0 Z @dp} rotation={0} scale={1.0} physicalPixelDisplaySizeRatio={1.0}}}}, touch INTERNAL, rotation 0, type INTERNAL, address {port=130, model=0x40446df8ca940a}, deviceProductInfo DeviceProductInfo{name=, manufacturerPnpId=QCM, productId=1, modelYear=null, manufactureDate=ManufactureDate{week=27, year=2006}, connectionToSinkType=0}, state ON, committedState ON, frameRateOverride , brightnessMinimum 0.0, brightnessMaximum 1.0, brightnessDefault 0.5019608, hdrSdrRatio NaN, roundedCorners RoundedCorners{[RoundedCorner{position=TopLeft, radius=101, center=Point(101, 101)}, RoundedCorner{position=TopRight, radius=101, center=Point(979, 101)}, RoundedCorner{position=BottomRight, radius=101, center=Point(979, 2239)}, RoundedCorner{position=BottomLeft, radius=101, center=Point(101, 2239)}]}, FLAG_ALLOWED_TO_BE_DEFAULT_DISPLAY, FLAG_ROTATES_WITH_CONTENT, FLAG_SECURE, FLAG_SUPPORTS_PROTECTED_BUFFERS, FLAG_TRUSTED, installOrientation 0, displayShape DisplayShape{ spec=-311912193 displayWidth=1080 displayHeight=2340 physicalPixelDisplaySizeRatio=1.0 rotation=0 offsetX=0 offsetY=0 scale=1.0}}
10-05 02:02:44.002  2682  3363 D SGM:FgCheckThread:   sendRunningComponentFocus(), pkgName: com.csparks113.MorseCodeApp, userId: 0
10-05 02:02:44.003  2682  3363 D ActivityTaskManager: scheduleTopResumedActivityChanged, onTop=true, r=ActivityRecord{528b u0 com.csparks113.MorseCodeApp/.MainActivity t6299}, caller=com.android.server.wm.ActivityTaskSupervisor.scheduleTopResumedActivityStateIfNeeded:2904 com.android.server.wm.ActivityTaskSupervisor.updateTopResumedActivityIfNeeded:2896 com.android.server.wm.TaskFragment.setResumedActivity:580 com.android.server.wm.TaskFragment.onActivityStateChanged:904 com.android.server.wm.ActivityRecord.setState:6892 com.android.server.wm.Task.minimalResumeActivityLocked:6255 
10-05 02:02:44.003  2682  3292 D SGM:FgCheckThread: onLooperPrepared(), msg: MSG_TASK_FOCUSED, pkgName: com.csparks113.MorseCodeApp, userId: 0
10-05 02:02:44.003  2682  3292 D SGM:FgCheckThread: handleTaskFocused().
10-05 02:02:44.003  2682  3292 D SGM:FgCheckThread:   handleTaskFocused(), pkgName: com.csparks113.MorseCodeApp, userID:0
10-05 02:02:44.003  2682  3292 D SGM:FgCheckThread: handleResume().
10-05 02:02:44.003  2682  3292 D SGM:FgCheckThread: sendFocusOutConditionally() - mPrevNotiPkg: (unknown), userId: 0
10-05 02:02:44.003  2682  3292 D SGM:FgCheckThread:   handleResume(). pkgName: com.csparks113.MorseCodeApp, userId: 0, isTunableApp: null
10-05 02:02:44.003  2682  3292 D SGM:FgCheckThread: notifyFocusInOut(). of pkg: com.csparks113.MorseCodeApp, type: 4, isTunableApp: false, userId: 0
10-05 02:02:44.003  2682  3292 D SGM:FgCheckThread:   notifyFocusInOut(). unexpected mPrevNotiType: -1
10-05 02:02:44.003  2682  3292 D SGM:SystemHelper: callReleaseBlock needReleaseBlock:false
10-05 02:02:44.003  2682  3363 D WindowManagerServiceExt: notifyOccludeChangeNotice: cn=ComponentInfo{com.csparks113.MorseCodeApp/com.csparks113.MorseCodeApp.MainActivity} occludesParent=true isInSplitScreenMode=false styleFloating=false caller=com.android.server.wm.ActivityRecord.completeResumeLocked:7556 com.android.server.wm.Task.minimalResumeActivityLocked:6256 com.android.server.wm.ActivityTaskSupervisor.realStartActivityLocked:1187 com.android.server.wm.RootWindowContainer$AttachApplicationHelper.test:4369 com.android.server.wm.RootWindowContainer$AttachApplicationHelper.test:4305 
10-05 02:02:44.003  4186  4351 I HoneySpace.TopTaskSource: onTaskFocusChanged(): taskId = 6299
10-05 02:02:44.003  4186  4351 I HoneySpace.TopTaskSource: onTaskMovedToFront : taskId = 6299
10-05 02:02:44.004  2682  3517 D AS.MultiSoundManager: mForegroundUid = 10470
10-05 02:02:44.004  2682  3517 D AS.MultiSoundManager: mForegroundUid = 10470
10-05 02:02:44.004  2682  2814 I ActivityManager: Changes in 10470 19 to 2, 0 to 63
10-05 02:02:44.004  4186  4353 I HoneySpace.TopTaskUseCase: topTasks 6299 ComponentInfo{com.csparks113.MorseCodeApp/com.csparks113.MorseCodeApp.MainActivity}
10-05 02:02:44.005 20207 20207 D CompatibilityChangeReporter: Compat change id reported: 171979766; UID 10470; state: ENABLED
10-05 02:02:44.006 20207 20207 D CompatibilityChangeReporter: Compat change id reported: 242716250; UID 10470; state: ENABLED
10-05 02:02:44.006  2682  2814 D SGM:GameManager: identifyGamePackage. com.csparks113.MorseCodeApp, mCurrentUserId: 0, callerUserId: 0, callingMethodInfo: com.samsung.android.game.SemGameManager.isGamePackage(SemGameManager.java:111)
10-05 02:02:44.006  2682  2814 D SGM:PkgDataHelper: getGamePkgData(). com.csparks113.MorseCodeApp
10-05 02:02:44.006  2682  2814 D SGM:SemGameManager: isGamePackage(), pkgName=com.csparks113.MorseCodeApp, ret=false
10-05 02:02:44.006  4186  4351 I HoneySpace.TopTaskSource: onTaskFocusChanged(): taskId = 6299
10-05 02:02:44.006  4186  4351 I HoneySpace.TopTaskSource: onTaskMovedToFront : taskId = 6299
10-05 02:02:44.006  2682  2814 I GameSDK@LifeCycle: noteResumeComponent(): package name  : com.csparks113.MorseCodeApp
10-05 02:02:44.007  2682  3544 I CocktailBarManagerServiceContainer: handleMessage: entry what = 5
10-05 02:02:44.007  4186  4186 I Edge.ActivityUtils: HomePackage : com.sec.android.app.launcher, resumePackageName : com.csparks113.MorseCodeApp
10-05 02:02:44.007  2682  2812 D PkgPredictorService-SecIpmManagerServiceImpl: onForegroundActivitiesChanged pid:20207 uid:10470
10-05 02:02:44.008  2682  3474 V NetworkPolicy: getFirewallRuleWifi UID:10470 policy:0
10-05 02:02:44.008  1942  1942 I Layer   : id=8125 Destroyed Surface(name=d881b57 StatusBar)/@0xb0f33d1 - animation-leash of insets_animation#8125
10-05 02:02:44.008  1942  1942 I Layer   : id=8126 Destroyed Surface(name=c6857fd NavigationBar0)/@0xc27c980 - animation-leash of insets_animation#8126
10-05 02:02:44.008  2682  2814 D SGM:FgCheckThread: noteResumeComponent(), received pkgName: com.csparks113.MorseCodeApp, userId: 0
10-05 02:02:44.009  2682  3292 D SGM:FgCheckThread: onLooperPrepared(), msg: MSG_APP_RESUME, pkgName: com.csparks113.MorseCodeApp, userid: 0
10-05 02:02:44.009  2682  3292 D SGM:FgCheckThread: handleResume().
10-05 02:02:44.009  2682  3292 D SGM:FgCheckThread: sendFocusOutConditionally() - mPrevNotiPkg: (unknown), userId: 0
10-05 02:02:44.009  2682  3292 D SGM:FgCheckThread:   handleResume(). pkgName: com.csparks113.MorseCodeApp, userId: 0, isTunableApp: null
10-05 02:02:44.009  2682  3292 D SGM:FgCheckThread: notifyFocusInOut(). of pkg: com.csparks113.MorseCodeApp, type: 4, isTunableApp: false, userId: 0
10-05 02:02:44.009  2682  3292 D SGM:FgCheckThread:   notifyFocusInOut(). unexpected mPrevNotiType: -1
10-05 02:02:44.009  2682  3292 D SGM:SystemHelper: callReleaseBlock needReleaseBlock:false
10-05 02:02:44.010  2682  2682 D SGM:GameManager: onDisplayChanged. displyId: 0, state: 2
10-05 02:02:44.010  2682  5272 D LiftUpHandler: [LTW] Stopped already.
10-05 02:02:44.010  2682  3292 D SGM:FgCheckThread: onLooperPrepared(), msg: MSG_LCD_ON
10-05 02:02:44.010  2682  2682 D AODManagerService: requestReCalToTSP IsSingleTouchMode = truerequestedReCalToTSP = true / previousDisplayState = ON
10-05 02:02:44.011  2682  2814 D DisplayManagerService: Ignore redundant display event 0/2 to 10258/14072
10-05 02:02:44.011  2682  2814 D DisplayManagerService: Ignore redundant display event 0/2 to 10269/28463
10-05 02:02:44.012  3753  3813 I ViewRootImpl@97bbd94[ShellDropTarget]: onDisplayChanged oldDisplayState=2 newDisplayState=2
10-05 02:02:44.012  2682  2814 D RefreshRateModeManager: updateDefaultDisplayToken: android.os.BinderProxy@8e5808d, isChanged: false
10-05 02:02:44.012  4186  4186 I ViewRootImpl@b7c15db[LauncherActivity]: onDisplayChanged oldDisplayState=2 newDisplayState=2
10-05 02:02:44.012  4186  4186 I ViewRootImpl@6c9be1f[RecentsTransitionOverlay]: onDisplayChanged oldDisplayState=2 newDisplayState=2
10-05 02:02:44.012  4186  4186 I ViewRootImpl@3d39e80[RecentsActivity]: onDisplayChanged oldDisplayState=2 newDisplayState=2
10-05 02:02:44.012  4186  4186 I ViewRootImpl@2936c7[CocktailBarService]: onDisplayChanged oldDisplayState=2 newDisplayState=2
10-05 02:02:44.012  7285  7285 I ViewRootImpl@cceb72c[InputMethod]: onDisplayChanged oldDisplayState=2 newDisplayState=2
10-05 02:02:44.012  4186 14066 I HoneySpace.DeXLaunchService: Display changed - 0
10-05 02:02:44.012  4186 14066 I HoneySpace.Memory-Monitor: current state = 2, didTrim = false
10-05 02:02:44.012  4186 14066 I HoneySpace.RefreshRateSource: singleFrameMs 8
10-05 02:02:44.013  3753  3843 D DisplayLifecycle: updateDisplay id = 0
10-05 02:02:44.014  3753  3753 I ViewRootImpl@ebdea00[LockscreenShortcutBlur]: onDisplayChanged oldDisplayState=2 newDisplayState=2
10-05 02:02:44.014  3753  3753 I ViewRootImpl@e375d57[NavigationBar0]: onDisplayChanged oldDisplayState=2 newDisplayState=2
10-05 02:02:44.014  3753  3753 I ViewRootImpl@eaa7ab4[NotificationShade]: onDisplayChanged oldDisplayState=2 newDisplayState=2
10-05 02:02:44.014  3753  3843 D StackScroller: onDisplayChanged for predraw skip to 2
10-05 02:02:44.014  3753  3753 I ViewRootImpl@1b6a14d[StatusBar]: onDisplayChanged oldDisplayState=2 newDisplayState=2
10-05 02:02:44.015  3753  3753 I ViewRootImpl@8e629f9[Bouncer]: onDisplayChanged oldDisplayState=2 newDisplayState=2
10-05 02:02:44.015  3753  3753 I ViewRootImpl@996f964[KeyguardBiometricToastView]: onDisplayChanged oldDisplayState=2 newDisplayState=2
10-05 02:02:44.022  1817 16709 I sensors-hal: handle_sns_client_event:550, [0][113400] accel_sample [ 0.037, -0.190,  9.939] 90671730059717
10-05 02:02:44.046  7473  7473 I bnew    : onPause
10-05 02:02:44.050  3753  3827 I InsetsSourceConsumer: applyRequestedVisibilityToControl: visible=true, type=statusBars, host=Splash Screen com.csparks113.MorseCodeApp
10-05 02:02:44.050  3753  3827 I InsetsSourceConsumer: applyRequestedVisibilityToControl: visible=true, type=navigationBars, host=Splash Screen com.csparks113.MorseCodeApp
10-05 02:02:44.050  3753  3827 I ViewRootImpl@adb6e5c[MorseCodeApp]: onDisplayChanged oldDisplayState=2 newDisplayState=2
10-05 02:02:44.052  4186 20085 I HoneySpace.RecentTasks: onRecentTasksChanged
10-05 02:02:44.052  6325  6366 I SDHMS:l : onTaskStackChanged
10-05 02:02:44.054  6325  6954 I SemDvfsHyPerManager: acquire hyper - BaseTABoost/6325@21, type = 1090523139
10-05 02:02:44.054  1828  1872 I HYPER-HAL: [RequestManager.cpp]acquire(): Acquired ID : 20139052  [6325 / 21]    HINT :      list : [TABoost / 1] 
10-05 02:02:44.069  1942  1942 D SurfaceFlinger: Display 4630947232161729154 HWC layers:
10-05 02:02:44.069  1942  1942 D SurfaceFlinger:      CLIENT | 0xb4000077f4e28c00 | 0100 | RGBA_8888    |   59.0    0.0 1139.0 2340.0 |    0    0 1080 2340 | Wallpaper BBQ wrapper 5_system#105
10-05 02:02:44.069  1942  1942 D SurfaceFlinger:      CLIENT | 0xb4000077f4e40210 | 0100 | RGBA_8888    |    0.0    0.0 1080.0 2340.0 |    0    0 1080 2340 | com.sec.android.app.launcher/com.sec[...]tivities.LauncherActivity$_4186#8124 (blurRegions)
10-05 02:02:44.069  1942  1942 D SurfaceFlinger:      CLIENT | 0xb4000077f4e2e330 | 0100 | RGBA_8888    |    0.0    0.0 1080.0 2340.0 |   79  170 1001 2170 | Splash Screen com.csparks113.MorseCodeApp$_3753#8135
10-05 02:02:44.069  1942  1942 D SurfaceFlinger:      DEVICE | 0xb4000077f4e318a0 | 0100 | RGBA_8888    |    0.0    0.0 1080.0   74.0 |    0    0 1080   74 | StatusBar$_3753#107
10-05 02:02:44.069  1942  1942 D SurfaceFlinger:      DEVICE | 0xb4000077f4e25a80 | 0100 | RGBA_8888    |    0.0    0.0   67.0  441.0 | 1013  565 1080 1006 | com.sec.android.app.launcher/com.sam[...]e.edge.CocktailBarService$_4186#7507
10-05 02:02:44.069  1942  1942 D SurfaceFlinger:      DEVICE | 0xb4000077f4e40840 | 0100 | RGBA_8888    |    0.0    0.0 1080.0  135.0 |    0 2205 1080 2340 | NavigationBar0$_3753#101
10-05 02:02:44.069  1942  1942 D SurfaceFlinger: 
10-05 02:02:44.138  2682  3509 D MdnieScenarioControlService:  packageName : com.csparks113.MorseCodeApp    className : com.csparks113.MorseCodeApp.MainActivity
10-05 02:02:44.139  2682  3509 V MdnieScenarioControlService: setUIMode from UI function(3)
10-05 02:02:44.218 20207 20207 D nativeloader: Configuring clns-4 for other apk /data/app/~~Ouj4VrWbMmgyTfnSczPhfg==/com.csparks113.MorseCodeApp-f12bSwlFV4dbTw3aR08x_g==/base.apk. target_sdk_version=36, uses_libraries=, library_path=/data/app/~~Ouj4VrWbMmgyTfnSczPhfg==/com.csparks113.MorseCodeApp-f12bSwlFV4dbTw3aR08x_g==/lib/arm64:/data/app/~~Ouj4VrWbMmgyTfnSczPhfg==/com.csparks113.MorseCodeApp-f12bSwlFV4dbTw3aR08x_g==/base.apk!/lib/arm64-v8a, permitted_path=/data:/mnt/expand:/data/user/0/com.csparks113.MorseCodeApp
10-05 02:02:44.222 20207 20207 D nativeloader: Load libframework-connectivity-jni.so using APEX ns com_android_tethering for caller /apex/com.android.tethering/javalib/framework-connectivity.jar: ok
10-05 02:02:44.222  2682  3361 E VpnManagerService: Exception occured while trying to get the getProxyInfoForUid for knoxvpn uid 10470
10-05 02:02:44.222  2682  3361 D VpnManagerService: Exception: java.lang.NullPointerException: Attempt to invoke interface method 'int com.samsung.android.knox.zt.networktrust.filter.IKnoxNetworkFilterService.getKnoxNwFilterHttpProxyPort(int, java.lang.String)' on a null object reference
10-05 02:02:44.222  2682  3361 D VpnManagerService: 	at com.android.server.VpnManagerService.getKnoxNwFilterHttpProxyPort(VpnManagerService.java:1967)
10-05 02:02:44.222  2682  3361 D VpnManagerService: 	at com.android.server.VpnManagerService.getKnoxVpnZtnaProxyInfoForUid(VpnManagerService.java:1265)
10-05 02:02:44.222  2682  3361 D VpnManagerService: 	at android.net.IVpnManager$Stub.onTransact(IVpnManager.java:794)
10-05 02:02:44.222  2682  3361 D VpnManagerService: 	at android.os.Binder.execTransactInternal(Binder.java:1375)
10-05 02:02:44.222  2682  3361 D VpnManagerService: 	at android.os.Binder.execTransact(Binder.java:1311)
10-05 02:02:44.223 20207 20207 V GraphicsEnvironment: Currently set values for:
10-05 02:02:44.224 20207 20207 V GraphicsEnvironment:   angle_gl_driver_selection_pkgs=[]
10-05 02:02:44.224 20207 20207 V GraphicsEnvironment:   angle_gl_driver_selection_values=[]
10-05 02:02:44.224 20207 20207 V GraphicsEnvironment: ANGLE GameManagerService for com.csparks113.MorseCodeApp: false
10-05 02:02:44.224 20207 20207 V GraphicsEnvironment: com.csparks113.MorseCodeApp is not listed in per-application setting
10-05 02:02:44.224 20207 20207 V GraphicsEnvironment: App is not on the allowlist for updatable production driver.
10-05 02:02:44.240  2682  3509 V MdnieScenarioControlService: mAclOffEnabled : false
10-05 02:02:44.268 20207 20207 I morseNitroOnLoad: Loading morseNitro C++ library...
10-05 02:02:44.292 20207 20207 D nativeloader: Load /data/app/~~Ouj4VrWbMmgyTfnSczPhfg==/com.csparks113.MorseCodeApp-f12bSwlFV4dbTw3aR08x_g==/base.apk!/lib/arm64-v8a/libmorseNitro.so using class loader ns clns-4 (caller=/data/app/~~Ouj4VrWbMmgyTfnSczPhfg==/com.csparks113.MorseCodeApp-f12bSwlFV4dbTw3aR08x_g==/base.apk!classes19.dex): ok
10-05 02:02:44.293 20207 20207 I Nitro.HybridObjectRegistry: Registering HybridObject "OutputsAudio"...
10-05 02:02:44.293 20207 20207 I Nitro.HybridObjectRegistry: Successfully registered HybridObject "OutputsAudio"!
10-05 02:02:44.293 20207 20207 I morseNitroOnLoad: Successfully loaded morseNitro C++ library!
10-05 02:02:44.294 20207 20207 W SoLoader: Initializing SoLoader: 0
10-05 02:02:44.294 20207 20207 W SoLoader: Recording new base apk path: /data/app/~~Ouj4VrWbMmgyTfnSczPhfg==/com.csparks113.MorseCodeApp-f12bSwlFV4dbTw3aR08x_g==/base.apk
10-05 02:02:44.294 20207 20207 W SoLoader: Previously recorded 0 base apk paths.
10-05 02:02:44.295 20207 20207 I SoLoader: Preparing SO source: DirectorySoSource[root = /vendor/lib64 flags = 2]
10-05 02:02:44.295 20207 20207 I SoLoader: Preparing SO source: DirectorySoSource[root = /system/lib64 flags = 2]
10-05 02:02:44.295 20207 20207 I SoLoader: Preparing SO source: DirectApkSoSource[root = [/data/app/~~Ouj4VrWbMmgyTfnSczPhfg==/com.csparks113.MorseCodeApp-f12bSwlFV4dbTw3aR08x_g==/base.apk!/lib/arm64-v8a]]
10-05 02:02:44.309  4186  4186 I Edge.TrayVisibilityController: getComputedTrayVisible : keyguardState = 1
10-05 02:02:44.309  4186  4186 I Edge.TrayVisibilityController: updateTrayVisible: State=1 visible=1 mCurrentVisible=1 specificMode=0
10-05 02:02:44.309  4186  4186 I Edge.TrayStateController: onNotifyUpdateTray: state=0
10-05 02:02:44.328 20207 20207 I SoLoader: Preparing SO source: ApplicationSoSource[DirectorySoSource[root = /data/app/~~Ouj4VrWbMmgyTfnSczPhfg==/com.csparks113.MorseCodeApp-f12bSwlFV4dbTw3aR08x_g==/lib/arm64 flags = 0]]
10-05 02:02:44.328 20207 20207 I SoLoader: init finish: 4 SO sources prepared
10-05 02:02:44.328 20207 20207 W SoLoader: SoLoader initialized: 8
10-05 02:02:44.328 20207 20207 W SoLoader: SoLoader already initialized
10-05 02:02:44.370 20207 20207 D nativeloader: Load /data/app/~~Ouj4VrWbMmgyTfnSczPhfg==/com.csparks113.MorseCodeApp-f12bSwlFV4dbTw3aR08x_g==/base.apk!/lib/arm64-v8a/libc++_shared.so using class loader ns clns-4 (caller=/data/app/~~Ouj4VrWbMmgyTfnSczPhfg==/com.csparks113.MorseCodeApp-f12bSwlFV4dbTw3aR08x_g==/base.apk!classes21.dex): ok
10-05 02:02:44.386 20207 20207 D nativeloader: Load /data/app/~~Ouj4VrWbMmgyTfnSczPhfg==/com.csparks113.MorseCodeApp-f12bSwlFV4dbTw3aR08x_g==/base.apk!/lib/arm64-v8a/libjsi.so using class loader ns clns-4 (caller=/data/app/~~Ouj4VrWbMmgyTfnSczPhfg==/com.csparks113.MorseCodeApp-f12bSwlFV4dbTw3aR08x_g==/base.apk!classes21.dex): ok
10-05 02:02:44.391 20207 20207 D nativeloader: Load /data/app/~~Ouj4VrWbMmgyTfnSczPhfg==/com.csparks113.MorseCodeApp-f12bSwlFV4dbTw3aR08x_g==/base.apk!/lib/arm64-v8a/libfbjni.so using class loader ns clns-4 (caller=/data/app/~~Ouj4VrWbMmgyTfnSczPhfg==/com.csparks113.MorseCodeApp-f12bSwlFV4dbTw3aR08x_g==/base.apk!classes21.dex): ok
10-05 02:02:44.391 20207 20207 D nativeloader: Load /data/app/~~Ouj4VrWbMmgyTfnSczPhfg==/com.csparks113.MorseCodeApp-f12bSwlFV4dbTw3aR08x_g==/base.apk!/lib/arm64-v8a/libreactnative.so using class loader ns clns-4 (caller=/data/app/~~Ouj4VrWbMmgyTfnSczPhfg==/com.csparks113.MorseCodeApp-f12bSwlFV4dbTw3aR08x_g==/base.apk!classes21.dex): ok
10-05 02:02:44.391 20207 20207 D jni_lib_merge: Entering merged library JNI_OnLoad.
10-05 02:02:44.391 20207 20207 D jni_lib_merge: Preparing 12 pre-merged libs (including stub)
10-05 02:02:44.391 20207 20207 D jni_lib_merge: Preparing to register libfabricjni_so.  onload_func: 0x7146a0f9a0
10-05 02:02:44.391 20207 20207 D jni_lib_merge: Preparing to register libreact_devsupportjni_so.  onload_func: 0x7146c06b28
10-05 02:02:44.391 20207 20207 D jni_lib_merge: Preparing to register libreact_featureflagsjni_so.  onload_func: 0x7146c15094
10-05 02:02:44.391 20207 20207 D jni_lib_merge: Preparing to register libreact_newarchdefaults_so.  onload_func: 0x7146c7d224
10-05 02:02:44.391 20207 20207 D jni_lib_merge: Preparing to register libreactnativeblob_so.  onload_func: 0x7146e6d834
10-05 02:02:44.391 20207 20207 D jni_lib_merge: Preparing to register libreactnativejni_so.  onload_func: 0x7146ebb23c
10-05 02:02:44.391 20207 20207 D jni_lib_merge: Preparing to register libreactnativejni_common_so.  onload_func: 0x7146ecbbc4
10-05 02:02:44.391 20207 20207 D jni_lib_merge: Preparing to register librninstance_so.  onload_func: 0x7146f132e4
10-05 02:02:44.391 20207 20207 D jni_lib_merge: Preparing to register libturbomodulejsijni_so.  onload_func: 0x714702bb28
10-05 02:02:44.391 20207 20207 D jni_lib_merge: Preparing to register libuimanagerjni_so.  onload_func: 0x7147044b78
10-05 02:02:44.391 20207 20207 D jni_lib_merge: Preparing to register libyoga_so.  onload_func: 0x71470545fc
10-05 02:02:44.391 20207 20207 D jni_lib_merge: About to register 11 actual methods.
10-05 02:02:44.401 20207 20207 D nativeloader: Load /data/app/~~Ouj4VrWbMmgyTfnSczPhfg==/com.csparks113.MorseCodeApp-f12bSwlFV4dbTw3aR08x_g==/base.apk!/lib/arm64-v8a/libreact_codegen_rnscreens.so using class loader ns clns-4 (caller=/data/app/~~Ouj4VrWbMmgyTfnSczPhfg==/com.csparks113.MorseCodeApp-f12bSwlFV4dbTw3aR08x_g==/base.apk!classes21.dex): ok
10-05 02:02:44.401 20207 20207 D jni_lib_merge: Entering merged library JNI_OnLoad.
10-05 02:02:44.401 20207 20207 D jni_lib_merge: Preparing 12 pre-merged libs (including stub)
10-05 02:02:44.401 20207 20207 D jni_lib_merge: Preparing to register libfabricjni_so.  onload_func: 0x7146a0f9a0
10-05 02:02:44.401 20207 20207 D jni_lib_merge: Preparing to register libreact_devsupportjni_so.  onload_func: 0x7146c06b28
10-05 02:02:44.401 20207 20207 D jni_lib_merge: Preparing to register libreact_featureflagsjni_so.  onload_func: 0x7146c15094
10-05 02:02:44.401 20207 20207 D jni_lib_merge: Preparing to register libreact_newarchdefaults_so.  onload_func: 0x7146c7d224
10-05 02:02:44.401 20207 20207 D jni_lib_merge: Preparing to register libreactnativeblob_so.  onload_func: 0x7146e6d834
10-05 02:02:44.401 20207 20207 D jni_lib_merge: Preparing to register libreactnativejni_so.  onload_func: 0x7146ebb23c
10-05 02:02:44.401 20207 20207 D jni_lib_merge: Preparing to register libreactnativejni_common_so.  onload_func: 0x7146ecbbc4
10-05 02:02:44.401 20207 20207 D jni_lib_merge: Preparing to register librninstance_so.  onload_func: 0x7146f132e4
10-05 02:02:44.401 20207 20207 D jni_lib_merge: Preparing to register libturbomodulejsijni_so.  onload_func: 0x714702bb28
10-05 02:02:44.401 20207 20207 D jni_lib_merge: Preparing to register libuimanagerjni_so.  onload_func: 0x7147044b78
10-05 02:02:44.401 20207 20207 D jni_lib_merge: Preparing to register libyoga_so.  onload_func: 0x71470545fc
10-05 02:02:44.401 20207 20207 D jni_lib_merge: About to register 11 actual methods.
10-05 02:02:44.401  3753  3813 V WindowManagerShell: Transition animation finished (aborted=false), notifying core (#582)android.os.BinderProxy@2b1c7a9@0
10-05 02:02:44.401  3753  3813 I SurfaceControl: apply is called, name=FinishTransaction_SyncId<582>, caller=android.view.SurfaceControl$Transaction.apply:2933 com.android.wm.shell.transition.Transitions.onFinish:302 com.android.wm.shell.transition.Transitions$$ExternalSyntheticLambda6.onTransitionFinished:15 com.android.wm.shell.transition.DefaultTransitionHandler$$ExternalSyntheticLambda5.run:125 com.android.wm.shell.transition.DefaultTransitionHandler$$ExternalSyntheticLambda3.run:52 android.os.Handler.handleCallback:958 
10-05 02:02:44.402  2682  3361 V WindowManager: Finish Transition: TransitionRecord{8d0d05a id=582 type=OPEN flags=0x0}, caller=com.android.server.wm.WindowOrganizerController.finishTransition:454 android.window.IWindowOrganizerController$Stub.onTransact:286 com.android.server.wm.WindowOrganizerController.onTransact:217 
10-05 02:02:44.402  2682  2811 V WindowManager: Finish Transition #582: created at 10-05 02:02:43.930 collect-started=0.308ms request-sent=9.888ms started=12.052ms ready=52.035ms sent=54.17ms finished=472.161ms
10-05 02:02:44.403  2682  3361 V WindowManager: Setting visibility of Window{f234a46 u0 com.sec.android.app.launcher/com.sec.android.app.launcher.activities.LauncherActivity}: false, caller=com.android.server.wm.WindowContainer.sendAppVisibilityToClients:1305 com.android.server.wm.WindowToken.setClientVisible:454 com.android.server.wm.ActivityRecord.setClientVisible:8235 com.android.server.wm.ActivityRecord.postApplyAnimation:6766 com.android.server.wm.ActivityRecord.commitVisibility:6709 
10-05 02:02:44.403  4186  4186 I ViewRootImpl@b7c15db[LauncherActivity]: handleAppVisibility mAppVisible = true visible = false
10-05 02:02:44.403  2682  3361 V WindowManager: Setting visibility of Window{63dfc6c u0 com.android.systemui.wallpapers.ImageWallpaper_system}: false, caller=com.android.server.wm.WindowContainer.sendAppVisibilityToClients:1305 com.android.server.wm.WindowToken.setClientVisible:454 com.android.server.wm.WallpaperWindowToken.setVisible:199 com.android.server.wm.WallpaperWindowToken.commitVisibility:266 com.android.server.wm.Transition.finishTransition:1542 
10-05 02:02:44.403  3753  3772 I WallpaperService: dispatchAppVisibility: system, visible=false
10-05 02:02:44.403  2682  3361 D ChangeTransitionController: onTransitionFinished: TransitionRecord{8d0d05a id=582 type=OPEN flags=0x0}
10-05 02:02:44.403  3753  3963 I WallpaperService: reportVisibility: visibility changed. visible=false
10-05 02:02:44.403  3753  3963 I ImageWallpaper[CanvasEngine_d0_w1]:  onVisibilityChanged: visible=false , displayId=0
10-05 02:02:44.404  3753  3813 V WindowManagerShell: Track 0 became idle
10-05 02:02:44.404  3753  3813 V WindowManagerShell: All active transition animations finished
10-05 02:02:44.405 20207 20207 D nativeloader: Load /data/app/~~Ouj4VrWbMmgyTfnSczPhfg==/com.csparks113.MorseCodeApp-f12bSwlFV4dbTw3aR08x_g==/base.apk!/lib/arm64-v8a/libreact_codegen_RNCSlider.so using class loader ns clns-4 (caller=/data/app/~~Ouj4VrWbMmgyTfnSczPhfg==/com.csparks113.MorseCodeApp-f12bSwlFV4dbTw3aR08x_g==/base.apk!classes21.dex): ok
10-05 02:02:44.405  2682  2814 D PowerManagerService: [api] setScreenDimDurationOverrideFromWindowManagerInternal: timeoutMillis: -1
10-05 02:02:44.408  1942  1942 I Layer   : Layer::reparent [Transition Root: Task=6299#8136] newParentHandle : null -------------------------
10-05 02:02:44.409  1942  1942 I Layer   : id=8136 removeFromCurrentState Transition Root: Task=6299#8136 (117)
10-05 02:02:44.409 20207 20207 D nativeloader: Load /data/app/~~Ouj4VrWbMmgyTfnSczPhfg==/com.csparks113.MorseCodeApp-f12bSwlFV4dbTw3aR08x_g==/base.apk!/lib/arm64-v8a/libreact_codegen_rnsvg.so using class loader ns clns-4 (caller=/data/app/~~Ouj4VrWbMmgyTfnSczPhfg==/com.csparks113.MorseCodeApp-f12bSwlFV4dbTw3aR08x_g==/base.apk!classes21.dex): ok
10-05 02:02:44.409  1942  1942 I Layer   : id=52 removeFromCurrentState Task=1#52 (117)
10-05 02:02:44.409  1942  1942 I Layer   : id=134 removeFromCurrentState Task=6118#134 (117)
10-05 02:02:44.409 20207 20207 D jni_lib_merge: Entering merged library JNI_OnLoad.
10-05 02:02:44.409  1942  1942 I Layer   : id=135 removeFromCurrentState ActivityRecord{8b8ea7a u0 com.sec.android.app.launcher/.activities.LauncherActivity t6118}#135 (117)
10-05 02:02:44.409  1942  1942 I Layer   : id=141 removeFromCurrentState e20640f ActivityRecordInputSink com.sec.android.app.launcher/.Launcher#141 (117)
10-05 02:02:44.409 20207 20207 D jni_lib_merge: Preparing 12 pre-merged libs (including stub)
10-05 02:02:44.409  1942  1942 I Layer   : id=136 removeFromCurrentState f234a46 com.sec.android.app.launcher/com.sec.android.app.launcher.activities.LauncherActivity#136 (117)
10-05 02:02:44.409 20207 20207 D jni_lib_merge: Preparing to register libfabricjni_so.  onload_func: 0x7146a0f9a0
10-05 02:02:44.409 20207 20207 D jni_lib_merge: Preparing to register libreact_devsupportjni_so.  onload_func: 0x7146c06b28
10-05 02:02:44.409  1942  1942 I Layer   : id=8124 removeFromCurrentState com.sec.android.app.launcher/com.sec.android.app.launcher.activities.LauncherActivity$_4186#8124 (117)
10-05 02:02:44.409 20207 20207 D jni_lib_merge: Preparing to register libreact_featureflagsjni_so.  onload_func: 0x7146c15094
10-05 02:02:44.409 20207 20207 D jni_lib_merge: Preparing to register libreact_newarchdefaults_so.  onload_func: 0x7146c7d224
10-05 02:02:44.409  1942  1942 I Layer   : id=17 removeFromCurrentState ImeContainer#17 (117)
10-05 02:02:44.409 20207 20207 D jni_lib_merge: Preparing to register libreactnativeblob_so.  onload_func: 0x7146e6d834
10-05 02:02:44.409 20207 20207 D jni_lib_merge: Preparing to register libreactnativejni_so.  onload_func: 0x7146ebb23c
10-05 02:02:44.409  1942  1942 I Layer   : id=130 removeFromCurrentState WindowToken{a38bb2d type=2011 android.os.Binder@230ce44}#130 (117)
10-05 02:02:44.409 20207 20207 D jni_lib_merge: Preparing to register libreactnativejni_common_so.  onload_func: 0x7146ecbbc4
10-05 02:02:44.409 20207 20207 D jni_lib_merge: Preparing to register librninstance_so.  onload_func: 0x7146f132e4
10-05 02:02:44.409  1942  1942 I Layer   : id=8130 removeFromCurrentState Surface(name=169e2c6 InputMethod)/@0x60b5b7c - animation-leash of insets_animation#8130 (117)
10-05 02:02:44.409 20207 20207 D jni_lib_merge: Preparing to register libturbomodulejsijni_so.  onload_func: 0x714702bb28
10-05 02:02:44.409 20207 20207 D jni_lib_merge: Preparing to register libuimanagerjni_so.  onload_func: 0x7147044b78
10-05 02:02:44.409 20207 20207 D jni_lib_merge: Preparing to register libyoga_so.  onload_func: 0x71470545fc
10-05 02:02:44.409  1942  1942 I Layer   : id=154 removeFromCurrentState 169e2c6 InputMethod#154 (117)
10-05 02:02:44.409 20207 20207 D jni_lib_merge: About to register 11 actual methods.
10-05 02:02:44.409  1942  1942 I Layer   : id=8132 removeFromCurrentState Task=6299#8132 (117)
10-05 02:02:44.409  1942  1942 I Layer   : id=8133 removeFromCurrentState ActivityRecord{528b u0 com.csparks113.MorseCodeApp/.MainActivity t6299}#8133 (117)
10-05 02:02:44.409  1942  1942 I Layer   : id=8139 removeFromCurrentState 3267805 ActivityRecordInputSink com.csparks113.MorseCodeApp/.MainActivity#8139 (117)
10-05 02:02:44.409  1942  1942 I Layer   : id=8134 removeFromCurrentState 4f30380 Splash Screen com.csparks113.MorseCodeApp#8134 (117)
10-05 02:02:44.409  1942  1942 I Layer   : id=8135 removeFromCurrentState Splash Screen com.csparks113.MorseCodeApp$_3753#8135 (117)
10-05 02:02:44.409  1942  1942 I Layer   : Layer::reparent [Transition Root: Task=6299#8136] End -------------------------
10-05 02:02:44.409  1942  1942 I Layer   : Layer::reparent [Task=6299#8132] newParent : DefaultTaskDisplayArea_d0#12 , isRemovedFromCurrentState : 0 -------------------------
10-05 02:02:44.409  1942  1942 I Layer   : id=8132 addToCurrentState Task=6299#8132 (117)
10-05 02:02:44.409  1942  1942 I Layer   : id=8133 addToCurrentState ActivityRecord{528b u0 com.csparks113.MorseCodeApp/.MainActivity t6299}#8133 (117)
10-05 02:02:44.409  1942  1942 I Layer   : id=8139 addToCurrentState 3267805 ActivityRecordInputSink com.csparks113.MorseCodeApp/.MainActivity#8139 (117)
10-05 02:02:44.409  1942  1942 I Layer   : id=8134 addToCurrentState 4f30380 Splash Screen com.csparks113.MorseCodeApp#8134 (117)
10-05 02:02:44.409  1942  1942 I Layer   : id=8135 addToCurrentState Splash Screen com.csparks113.MorseCodeApp$_3753#8135 (117)
10-05 02:02:44.409  1942  1942 I Layer   : Layer::reparent [Task=6299#8132] End -------------------------
10-05 02:02:44.409  1942  1942 I Layer   : Layer [Task=1#52] hidden!! flag(1)
10-05 02:02:44.409  1942  1942 I Layer   : Layer::reparent [Task=1#52] newParent : DefaultTaskDisplayArea_d0#12 , isRemovedFromCurrentState : 0 -------------------------
10-05 02:02:44.409  1942  1942 I Layer   : id=52 addToCurrentState Task=1#52 (117)
10-05 02:02:44.409  1942  1942 I Layer   : id=134 addToCurrentState Task=6118#134 (117)
10-05 02:02:44.409  1942  1942 I Layer   : id=135 addToCurrentState ActivityRecord{8b8ea7a u0 com.sec.android.app.launcher/.activities.LauncherActivity t6118}#135 (117)
10-05 02:02:44.409  1942  1942 I Layer   : id=141 addToCurrentState e20640f ActivityRecordInputSink com.sec.android.app.launcher/.Launcher#141 (117)
10-05 02:02:44.409  1942  1942 I Layer   : id=136 addToCurrentState f234a46 com.sec.android.app.launcher/com.sec.android.app.launcher.activities.LauncherActivity#136 (117)
10-05 02:02:44.409  1942  1942 I Layer   : id=8124 addToCurrentState com.sec.android.app.launcher/com.sec.android.app.launcher.activities.LauncherActivity$_4186#8124 (117)
10-05 02:02:44.409  1942  1942 I Layer   : id=17 addToCurrentState ImeContainer#17 (117)
10-05 02:02:44.409  1942  1942 I Layer   : id=130 addToCurrentState WindowToken{a38bb2d type=2011 android.os.Binder@230ce44}#130 (117)
10-05 02:02:44.409  1942  1942 I Layer   : id=8130 addToCurrentState Surface(name=169e2c6 InputMethod)/@0x60b5b7c - animation-leash of insets_animation#8130 (117)
10-05 02:02:44.409  1942  1942 I Layer   : id=154 addToCurrentState 169e2c6 InputMethod#154 (117)
10-05 02:02:44.409  1942  1942 I Layer   : Layer::reparent [Task=1#52] End -------------------------
10-05 02:02:44.409  1942  1942 I Layer   : Layer::reparent [Transition Root: Task=6299#8136] newParentHandle : null -------------------------
10-05 02:02:44.409  1942  1942 I Layer   : id=8136 removeFromCurrentState Transition Root: Task=6299#8136 (117)
10-05 02:02:44.409  1942  1942 I Layer   : Layer::reparent [Transition Root: Task=6299#8136] End -------------------------
10-05 02:02:44.409  1942  1942 I Layer   : Layer [com.android.systemui.wallpapers.ImageWallpaper_system$_3753#104] hidden!! flag(1)
10-05 02:02:44.409  1942  1942 I Layer   : Layer [com.sec.android.app.launcher/com.sec.android.app.launcher.activities.LauncherActivity$_4186#8124] hidden!! flag(1)
10-05 02:02:44.409  1942  1942 I Layer   : Layer [ActivityRecord{8b8ea7a u0 com.sec.android.app.launcher/.activities.LauncherActivity t6118}#135] hidden!! flag(1)
10-05 02:02:44.409  1942  1942 I Layer   : Layer [Task=6118#134] hidden!! flag(1)
10-05 02:02:44.409  4186  4186 I ViewRootImpl@b7c15db[LauncherActivity]: destroyHardwareResources: Callers=android.view.ViewRootImpl.performTraversals:3989 android.view.ViewRootImpl.doTraversal:3345 android.view.ViewRootImpl$TraversalRunnable.run:11437 android.view.Choreographer$CallbackRecord.run:1690 android.view.Choreographer$CallbackRecord.run:1699 android.view.Choreographer.doCallbacks:1154 android.view.Choreographer.doFrame:1080 android.view.Choreographer$FrameDisplayEventReceiver.run:1647 android.os.Handler.handleCallback:958 android.os.Handler.dispatchMessage:99 
10-05 02:02:44.409  1942  1942 I SurfaceFlinger: id=8136 Removed Transition Root: Task=6299#8136 (117)
10-05 02:02:44.410  1942  1942 D SurfaceFlinger: Display 4630947232161729154 HWC layers:
10-05 02:02:44.410  1942  1942 D SurfaceFlinger:      DEVICE | 0xb4000077f4e2e330 | 0100 | RGBA_8888    |    0.0    0.0 1080.0 2340.0 |    0    0 1080 2340 | Splash Screen com.csparks113.MorseCodeApp$_3753#8135
10-05 02:02:44.410  1942  1942 D SurfaceFlinger:      DEVICE | 0xb4000077f4e318a0 | 0100 | RGBA_8888    |    0.0    0.0 1080.0   74.0 |    0    0 1080   74 | StatusBar$_3753#107
10-05 02:02:44.410  1942  1942 D SurfaceFlinger:      DEVICE | 0xb4000077f4e25a80 | 0100 | RGBA_8888    |    0.0    0.0   67.0  441.0 | 1013  565 1080 1006 | com.sec.android.app.launcher/com.sam[...]e.edge.CocktailBarService$_4186#7507
10-05 02:02:44.410  1942  1942 D SurfaceFlinger:      DEVICE | 0xb4000077f4e40840 | 0100 | RGBA_8888    |    0.0    0.0 1080.0  135.0 |    0 2205 1080 2340 | NavigationBar0$_3753#101
10-05 02:02:44.410  1942  1942 D SurfaceFlinger: 
10-05 02:02:44.411  2682  3361 V WindowManager: Relayout Window{f234a46 u0 com.sec.android.app.launcher/com.sec.android.app.launcher.activities.LauncherActivity}: viewVisibility=8 req=1080x2340 ty=1 d0
10-05 02:02:44.413 20207 20207 D nativeloader: Load /data/app/~~Ouj4VrWbMmgyTfnSczPhfg==/com.csparks113.MorseCodeApp-f12bSwlFV4dbTw3aR08x_g==/base.apk!/lib/arm64-v8a/libreact_codegen_safeareacontext.so using class loader ns clns-4 (caller=/data/app/~~Ouj4VrWbMmgyTfnSczPhfg==/com.csparks113.MorseCodeApp-f12bSwlFV4dbTw3aR08x_g==/base.apk!classes21.dex): ok
10-05 02:02:44.413  2682  3361 V WindowManager: Relayout hash=f234a46, pid=4186, syncId=-1: mAttrs={(0,0)(fillxfill) sim={adjust=nothing forwardNavigation} layoutInDisplayCutoutMode=shortEdges ty=BASE_APPLICATION fmt=TRANSPARENT wanim=0x10302f2
10-05 02:02:44.413  2682  3361 V WindowManager:   fl=81910100
10-05 02:02:44.413  2682  3361 V WindowManager:   pfl=1e008040
10-05 02:02:44.413  2682  3361 V WindowManager:   bhv=SHOW_TRANSIENT_BARS_BY_SWIPE
10-05 02:02:44.413  2682  3361 V WindowManager:   fitSides= screenDimDuration=200000 naviIconColor=0}
10-05 02:02:44.415  4186  4186 I ViewRootImpl@b7c15db[LauncherActivity]: Relayout returned: old=(0,0,1080,2340) new=(0,0,1080,2340) relayoutAsync=false req=(1080,2340)8 dur=2 res=0x402 s={false 0x0} ch=true seqId=0
10-05 02:02:44.415 20207 20207 D nativeloader: Load /data/app/~~Ouj4VrWbMmgyTfnSczPhfg==/com.csparks113.MorseCodeApp-f12bSwlFV4dbTw3aR08x_g==/base.apk!/lib/arm64-v8a/libappmodules.so using class loader ns clns-4 (caller=/data/app/~~Ouj4VrWbMmgyTfnSczPhfg==/com.csparks113.MorseCodeApp-f12bSwlFV4dbTw3aR08x_g==/base.apk!classes21.dex): ok
10-05 02:02:44.416 20207 20207 I MainApplication: New Architecture native libraries loaded successfully.
10-05 02:02:44.416 20207 20207 I MainApplication: Runtime New Architecture enabled: true
10-05 02:02:44.416  2682  3361 I ActivityManager: Flag disabled. Ignoring finishAttachApplication from uid: 10470. pid: 20207
10-05 02:02:44.417  1942  1942 I Layer   : id=8136 Destroyed Transition Root: Task=6299#8136
10-05 02:02:44.418 20207 20207 D OpenGLRenderer: HWUI - treat SMPTE_170M as sRGB
10-05 02:02:44.420 20207 20228 I AdrenoGLES-0: QUALCOMM build                   : 770ea4bdb9, Ief8f71bb1e
10-05 02:02:44.420 20207 20228 I AdrenoGLES-0: Build Date                       : 02/01/24
10-05 02:02:44.420 20207 20228 I AdrenoGLES-0: OpenGL ES Shader Compiler Version: EV031.36.08.25
10-05 02:02:44.420 20207 20228 I AdrenoGLES-0: Local Branch                     : 
10-05 02:02:44.420 20207 20228 I AdrenoGLES-0: Remote Branch                    : 
10-05 02:02:44.420 20207 20228 I AdrenoGLES-0: Remote Branch                    : 
10-05 02:02:44.420 20207 20228 I AdrenoGLES-0: Reconstruct Branch               : 
10-05 02:02:44.420 20207 20228 I AdrenoGLES-0: Build Config                     : S P 12.1.1 AArch64
10-05 02:02:44.420 20207 20228 I AdrenoGLES-0: Driver Path                      : /vendor/lib64/egl/libGLESv2_adreno.so
10-05 02:02:44.420 20207 20228 I AdrenoGLES-0: Driver Version                   : 0615.0
10-05 02:02:44.423 20207 20228 I AdrenoGLES-0: PFP: 0x01730155, ME: 0x00000000
10-05 02:02:44.425   906   906 I hwservicemanager: getTransport: Cannot find entry vendor.qti.qspmhal@1.0::IQspmhal/default in either framework or device VINTF manifest.
10-05 02:02:44.425 20207 20228 W Adreno-AppProfiles: Could not find QSPM HAL service. Skipping adreno profile processing.
10-05 02:02:44.426 20207 20207 I MainActivity: createReactActivityDelegate: runtimeNewArchitecture=true
10-05 02:02:44.434 20207 20207 D AppCompatDelegate: Checking for metadata for AppLocalesMetadataHolderService : Service not found
10-05 02:02:44.447 20207 20207 I DecorView: setWindowBackground: isPopOver=false color=fffafafa d=android.graphics.drawable.ColorDrawable@7ac5474
10-05 02:02:44.449 20207 20207 I 13.MorseCodeApp: hiddenapi: Accessing hidden method Landroid/view/ViewGroup;->makeOptionalFitsSystemWindows()V (runtime_flags=0, domain=platform, api=unsupported) from Landroidx/appcompat/widget/ViewUtils; (domain=app) using reflection: allowed
10-05 02:02:44.460 20207 20207 D PhoneWindow: forceLight changed to false [] from com.android.internal.policy.PhoneWindow.updateForceLightNavigationBar:4376 com.android.internal.policy.PhoneWindow.setNavigationBarColor:4067 com.facebook.react.views.view.WindowUtilKt.enableEdgeToEdge:116 java.lang.reflect.Method.invoke:-2 expo.modules.ReactActivityDelegateWrapper$onCreate$1.invokeSuspend:573 
10-05 02:02:44.481  1817  1817 I sensors-hal: flush:532, android.sensor.accelerometer/11
10-05 02:02:44.482  1817  1817 I sensors-hal: send_sync_sensor_request:450, send sync request
10-05 02:02:44.482  1817  1817 I sensors-hal: send_sync_sensor_request:476, wait for notification of response
10-05 02:02:44.483  1817 16709 I sensors-hal: ssc_conn_resp_cb:835, resp_value = 0
10-05 02:02:44.483  1817  1817 I sensors-hal: send_sync_sensor_request:482, takes 0 ms to receive the response with 0
10-05 02:02:44.483  1817  1817 I sensors-hal: flush:538, android.sensor.accelerometer/11 completed
10-05 02:02:44.483 20207 20207 D SensorManager: registerListener :: 11, lsm6dso LSM6DSO Accelerometer Non-wakeup, 66667, 0, 
10-05 02:02:44.487 20207 20207 W unknown:BridgelessReact: ReactHost{0}.startSurface(surfaceId = 0): Schedule
10-05 02:02:44.487 20207 20207 W unknown:BridgelessReact: ReactHost{0}.attachSurface(surfaceId = 0)
10-05 02:02:44.488 20207 20237 W unknown:BridgelessReact: ReactHost{0}.getOrCreateReactInstanceTask()
10-05 02:02:44.488 20207 20237 W unknown:BridgelessReact: ReactHost{0}.getOrCreateReactInstanceTask(): Start
10-05 02:02:44.488 20207 20237 W unknown:BridgelessReact: ReactHost{0}.getJSBundleLoader()
10-05 02:02:44.488 20207 20237 W unknown:BridgelessReact: ReactHost{0}.isMetroRunning()
10-05 02:02:44.491 20207 20207 W unknown:BridgelessReact: ReactHost{0}.onHostResume(activity)
10-05 02:02:44.494 20207 20207 D CompatibilityChangeReporter: Compat change id reported: 237531167; UID 10470; state: DISABLED
10-05 02:02:44.496 20207 20228 D NativeCustomFrequencyManager: [NativeCFMS] BpCustomFrequencyManager::BpCustomFrequencyManager()
10-05 02:02:44.498  2682  6846 D InputTransport: Input channel constructed: '647bf72', fd=1015
10-05 02:02:44.498  2682  6846 D InputTransport: Input channel constructed: '647bf72', fd=1024
10-05 02:02:44.498  2682  6846 D InputTransport: Input channel constructed: '647bf72', fd=1032
10-05 02:02:44.499  1942  2097 I SurfaceFlinger: id=8140 createSurf, flag=84004, 647bf72 com.csparks113.MorseCodeApp/com.csparks113.MorseCodeApp.MainActivity#8140
10-05 02:02:44.499  2682  6846 D RestrictionPolicy: isScreenCaptureEnabled : ret=true userId=0
10-05 02:02:44.500  2682  6846 D InputTransport: Input channel destroyed: '647bf72', fd=1032
10-05 02:02:44.500 20207 20207 I InsetsController: onStateChanged: host=com.csparks113.MorseCodeApp/com.csparks113.MorseCodeApp.MainActivity, from=android.view.ViewRootImpl.setView:1797, state=InsetsState: {mDisplayFrame=Rect(0, 0 - 1080, 2340), mDisplayCutout=DisplayCutout{insets=Rect(0, 74 - 0, 0) waterfall=Insets{left=0, top=0, right=0, bottom=0} boundingRect={Bounds=[Rect(0, 0 - 0, 0), Rect(514, 0 - 566, 74), Rect(0, 0 - 0, 0), Rect(0, 0 - 0, 0)]} cutoutPathParserInfo={CutoutPathParserInfo{displayWidth=1080 displayHeight=2340 physicalDisplayWidth=1080 physicalDisplayHeight=2340 density={2.8125} cutoutSpec={M 0,0 H -9.244444444444444 V 26.31111111111111 H 9.244444444444444 V 0 H 0 Z @dp} rotation={0} scale={1.0} physicalPixelDisplaySizeRatio={1.0}}}}, mRoundedCorners=RoundedCorners{[RoundedCorner{position=TopLeft, radius=101, center=Point(101, 101)}, RoundedCorner{position=TopRight, radius=101, center=Point(979, 101)}, RoundedCorner{position=BottomRight, radius=101, center=Point(979, 2239)}, RoundedCorner{position=BottomLeft, radius=101, center=Point(101, 2239)}]}  mRoundedCornerFrame=Rect(0, 0 - 1080, 2340), mPrivacyIndicatorBounds=PrivacyIndicatorBounds {static bounds=Rect(956, 0 - 1080, 74) rotation=0}, mDisplayShape=DisplayShape{ spec=-311912193 displayWidth=1080 displayHeight=2340 physicalPixelDisplaySizeRatio=1.0 rotation=0 offsetX=0 offsetY=0 scale=1.0}, mSources= { InsetsSource: {d7ac0001 mType=navigationBars mFrame=[0,2205][1080,2340] mVisible=true mFlags=[]}, InsetsSource: {d7ac0004 mType=systemGestures mFrame=[0,0][0,0] mVisible=true mFlags=[]}, InsetsSource: {d7ac0005 mType=mandatorySystemGestures mFrame=[0,2205][1080,2340] mVisible=true mFlags=[]}, InsetsSource: {d7ac0006 mType=tappableElement mFrame=[0,2205][1080,2340] mVisible=true mFlags=[]}, InsetsSource: {d7ac0024 mType=systemGestures mFrame=[0,0][0,0] mVisible=true mFlags=[]}, InsetsSource: {f8e40000 mType=statusBars mFrame=[0,0][1080,74] mVisible=true mFlags=[]}, InsetsSource: {f8e40005 mType=mandatorySystemGestures mFrame=[0,0][1080,108] mVisible=true mFlags=[]}, InsetsSource: {f8e40006 mType=tappableElement mFrame=[0,0][1080,74] mVisible=true mFlags=[]}, InsetsSource: {27 mType=displayCutout mFrame=[0,0][1080,74] mVisible=true mFlags=[]} }
10-05 02:02:44.501 20207 20207 I ViewRootImpl@eea2bcb[MainActivity]: synced displayState. AttachInfo displayState=2
10-05 02:02:44.501 20207 20207 I ViewRootImpl@eea2bcb[MainActivity]: setView = com.android.internal.policy.DecorView@8b24943 TM=true
10-05 02:02:44.502 20207 20207 I IDS_TAG : Starting IDS observe window
10-05 02:02:44.502 20207 20207 I IDS_TAG : Getting Shared Preference for com.csparks113.MorseCodeApp.MainApplication@22ecbc7 uid = 10470
10-05 02:02:44.502  2682  3626 D NetdEventListenerService: DNS Requested by 113, 10470, 0
10-05 02:02:44.502  2682  3626 D NetdEventListenerService: DNS Requested by 113, 10470, 0
10-05 02:02:44.503  2682  3626 D NetdEventListenerService: DNS Requested by 113, 10470, 1
10-05 02:02:44.503 20207 20207 I IDS_TAG : App com.csparks113.MorseCodeApp.MainApplication@22ecbc7 has not finished training
10-05 02:02:44.504 20207 20207 I IDS_TAG : Closing IDS observe window
10-05 02:02:44.504 20207 20207 I IDS_TAG : Getting Shared Preference for com.csparks113.MorseCodeApp.MainApplication@22ecbc7 uid = 10470
10-05 02:02:44.504 20207 20207 I IDS_TAG : IDS count updated to 2 for com.csparks113.MorseCodeApp.MainApplication@22ecbc7
10-05 02:02:44.508  2682  3363 D CoreBackPreview: Window{647bf72 u0 com.csparks113.MorseCodeApp/com.csparks113.MorseCodeApp.MainActivity}: Setting back callback OnBackInvokedCallbackInfo{mCallback=android.window.IOnBackInvokedCallback$Stub$Proxy@3003b79, mPriority=0, mIsAnimationCallback=false}
10-05 02:02:44.508  2682  3363 V WindowManager: Relayout Window{647bf72 u0 com.csparks113.MorseCodeApp/com.csparks113.MorseCodeApp.MainActivity}: viewVisibility=0 req=1080x2340 ty=1 d0
10-05 02:02:44.508  2682  3363 D RestrictionPolicy: isScreenCaptureEnabled : ret=true userId=0
10-05 02:02:44.509  1942  2097 I SurfaceFlinger: id=8141 createSurf, flag=44004, com.csparks113.MorseCodeApp/com.csparks113.MorseCodeApp.MainActivity$_20207#8141
10-05 02:02:44.509  1942  1942 I Layer   : Layer [647bf72 com.csparks113.MorseCodeApp/com.csparks113.MorseCodeApp.MainActivity#8140] hidden!! flag(0)
10-05 02:02:44.509  2682  3363 D WindowManager: makeSurface duration=1 name=com.csparks113.MorseCodeApp/com.csparks113.MorseCodeApp.MainActivity$_20207
10-05 02:02:44.510  2682  3363 V WindowManager: Changing focus from null to Window{647bf72 u0 com.csparks113.MorseCodeApp/com.csparks113.MorseCodeApp.MainActivity} displayId=0 Callers=com.android.server.wm.RootWindowContainer.updateFocusedWindowLocked:581 com.android.server.wm.WindowManagerService.updateFocusedWindowLocked:6910 com.android.server.wm.WindowManagerService.relayoutWindow:2777 com.android.server.wm.Session.relayout:282 
10-05 02:02:44.510  2682  3363 I WindowManager: Cancelling animation restarting=true, leash=Surface(name=Surface(name=d881b57 StatusBar)/@0xb0f33d1 - animation-leash of insets_animation)/@0x8e84c5b
10-05 02:02:44.510  2682  3363 I WindowManager: Reparenting to original parent: Surface(name=WindowToken{92e68f1 type=2000 android.os.BinderProxy@948d27b})/@0xbe8ee36, destroy=false, surface=Surface(name=d881b57 StatusBar)/@0xb0f33d1
10-05 02:02:44.510  2682  3363 I WindowManager: Reparenting to leash, surface=Surface(name=d881b57 StatusBar)/@0xb0f33d1, leashParent=Surface(name=WindowToken{92e68f1 type=2000 android.os.BinderProxy@948d27b})/@0xbe8ee36
10-05 02:02:44.510  1942  2097 I SurfaceFlinger: id=8142 createSurf, flag=24000, Surface(name=d881b57 StatusBar)/@0xb0f33d1 - animation-leash of insets_animation#8142
10-05 02:02:44.511  2682  3363 D WindowManager: makeSurface duration=1 leash=Surface(name=Surface(name=d881b57 StatusBar)/@0xb0f33d1 - animation-leash of insets_animation)/@0x74d451f
