--------- beginning of main
10-05 02:02:31.976  1817 16709 I sensors-hal: handle_sns_client_event:550, [0][112770] accel_sample [-0.025,  0.078,  9.921] 90659682024717
10-05 02:02:32.042  1817  7399 I sensors-hal: handle_sns_std_sensor_event:311, [SSC_LIGHT] P: 3(3),m:7,c:0,b:29,c0:160,l:3,f(r):104,u(bl):100,j:1
10-05 02:02:32.409  2682  5737 D SemWifiUsabilityStatsMonitor: onWifiUsabilityStats - seqNum 14704, isSameBssidAndFreq true
--------- beginning of system
10-05 02:02:32.519  1076  1076 D io_stats: !@   8,0 r 4121863 110942390 w 1491899 41726688 d 507197 29813360 f 0 144112 iot 1966380 0 th 0 0 0 pt 0 inp 0 0 69153.365
10-05 02:02:32.519  1076  1076 D io_stats: !@ Write_top(KB): init(1) 32 f2fs_ckpt-254:5(4355) 20 appmanager:auth(17426) 16
10-05 02:02:33.262  1817  1817 I sensors-hal: set_config:61, sample_period_ns is adjusted to 200000000 based on min/max delay_ns
10-05 02:02:33.263  1817  1817 I sensors-hal: batch:512, com.samsung.sensor.light_cct/1511, period=200000000, max_latency=0 request completed
10-05 02:02:33.263  1817  1817 I sensors-hal: activate:428, com.samsung.sensor.light_cct/1511 en=1
10-05 02:02:33.264  1817  1817 I sensors-hal: get_qmi_debug_flag:239, support_qmi_debug : false
10-05 02:02:33.268  1800  2011 E minksocket: MinkIPC_QRTR_Service: client with node 1 port 6c25 went down
10-05 02:02:33.272  1800  2011 E minksocket: MinkIPC_QRTR_Service: client with node 1 port 6c26 went down
10-05 02:02:33.273  1763  1777 W statsd  : Failed to enforce ttl: no such table: metric_6030121734662762106
10-05 02:02:33.274  1763  1777 W statsd  : Failed to enforce ttl: no such table: metric_1438751853209320724
10-05 02:02:33.275  1763  1777 W statsd  : Failed to enforce ttl: no such table: metric_8356095735508471469
10-05 02:02:33.275  1763  1777 W statsd  : Failed to enforce ttl: no such table: metric_7162059460816968599
10-05 02:02:33.275  1800  2011 E minksocket: MinkIPC_QRTR_Service: client with node 1 port 6c27 went down
10-05 02:02:33.277  1817  1817 I sensors-hal: send_sync_sensor_request:450, send sync request
10-05 02:02:33.277  1817  1817 I sensors-hal: send_sync_sensor_request:476, wait for notification of response
10-05 02:02:33.279  1817 20068 I sensors-hal: ssc_conn_resp_cb:835, resp_value = 0
10-05 02:02:33.280  1800  2011 E minksocket: MinkIPC_QRTR_Service: client with node 1 port 6c28 went down
10-05 02:02:33.280  1817  1817 I sensors-hal: send_sync_sensor_request:482, takes 2 ms to receive the response with 0
10-05 02:02:33.280  1817  1817 I sensors-hal: activate:446, com.samsung.sensor.light_cct/1511 en=1 completed
10-05 02:02:33.280  2682  3511 D SensorManager: registerListener :: 1511, STK33915 Light CCT  Non-wakeup, 200000, 0, com.samsung.android.displaysolution.EyeComfortSolutionService$2@8e21c72
10-05 02:02:33.324  1817 20068 I sensors-hal: handle_indication_realtime:467,  SCHED_FIFO(10) for qmi_cbk
10-05 02:02:33.324  1817 20068 I sensors-hal: handle_sns_std_sensor_event:89, light_cct: ts = 90661036749040 ns; value = [3, 3, 1, 2, 1, 29, 2, 0, 10, -1]
10-05 02:02:33.327  1817  1817 I sensors-hal: activate:428, com.samsung.sensor.light_cct/1511 en=0
10-05 02:02:33.328  1817  1817 I sensors-hal: deactivate:382, disconnect qmi to disable sensor
10-05 02:02:33.328  1817  1817 I sensors-hal: activate:446, com.samsung.sensor.light_cct/1511 en=0 completed
10-05 02:02:33.329  2682  3511 D SensorManager: unregisterListener :: com.samsung.android.displaysolution.EyeComfortSolutionService$2@8e21c72
10-05 02:02:33.331  1800  2011 E minksocket: MinkIPC_QRTR_Service: client with node 1 port 6c29 went down
10-05 02:02:33.804  1817  7417 I sensors-hal: handle_sns_client_event:185, auto_rotation_debug_2 mode,255, type,1,0 acc,0.005,-0.158,9.925, ar,0, ver,12, pedo,1,e,0,i,3
10-05 02:02:33.986  1817 16709 I sensors-hal: handle_sns_client_event:550, [0][112875] accel_sample [-0.061, -0.116,  9.932] 90661690029717
10-05 02:02:34.520  1076  1076 D io_stats: !@   8,0 r 4121874 110942446 w 1491900 41726692 d 507197 29813360 f 0 144112 iot 1966400 0 th 0 0 0 pt 0 inp 0 0 69155.367
10-05 02:02:35.537  2682  5737 D SemWifiUsabilityStatsMonitor: onWifiUsabilityStats - seqNum 14705, isSameBssidAndFreq true
10-05 02:02:35.994  1817 16709 I sensors-hal: handle_sns_client_event:550, [0][112980] accel_sample [ 0.023, -0.154,  9.923] 90663698034926
10-05 02:02:36.340  2682 20070 D WifiConnectivityMonitor.DnsThread:  [|206]
10-05 02:02:36.342  2682  3600 D WifiConnectivityMonitor.NetworkStatsAnalyzer: DNS resultType : 0, responseTime : 206
10-05 02:02:36.343  2682  3598 D OpenNetworkQos[4.00]: updateBssidLatestDnsResultType - result: 0
10-05 02:02:36.343  2682  3598 D OpenNetworkQos[4.00]: updateBssidNoInternet: mBssidNoInternet = false
10-05 02:02:36.343  2682  3598 D OpenNetworkQos[4.00]: getOpenNetworkQosNoInternetStatus: false
10-05 02:02:36.343  2682  3598 D OpenNetworkQos[4.00]: getOpenNetworkQosScores: 26 30 0 
10-05 02:02:36.343  2682  3598 D KNOX_MDM_SettingsProvider: isChangeAllowed() : name = wifi_wcm_qos_sharing_score_summary
10-05 02:02:36.344  2682  3598 I WifiProfileShare: network QoS data was changed (internet), updateQoSData networkType: true, qosData: false
10-05 02:02:36.345  2682  4646 V WifiProfileShare.Caster: update wips network, size: 0
10-05 02:02:36.345  2682  4646 D WifiProfileShare: nearby scanning settings run
10-05 02:02:36.345  2682  4646 D WifiProfileShare: network score provider settings enabled
10-05 02:02:36.346  2682  4646 D OpenNetworkQos[4.00]: getOpenNetworkQosScores: 26 30 0 
10-05 02:02:36.346  2682  4646 D OpenNetworkQos[4.00]: getOpenNetworkQosNoInternetStatus: false
10-05 02:02:36.346  2682  4646 I WifiProfileShare.Caster: current network type: 0, score: [26, 30, 0]
10-05 02:02:36.347  2682  4646 V WifiProfileShare.Cache: update network score 48:22:54:**:**:73
10-05 02:02:36.347  2682  4646 D WifiProfileShare.ScanMatcher: getMcfDataList size:2
10-05 02:02:36.348  2682  4646 I WifiProfileShare.Caster: qos data was updated , before:type:QOS, pBssid:6f:87:3b, qosData:78 after:type:QOS, pBssid:6f:87:3b, qosData:78
10-05 02:02:36.350  2682  4646 I [MCFSDK_android_1.2.13040]_4_McfCasterImpl: isNetworkEnabled - type : 1 ret : true
10-05 02:02:36.350  2682  4646 D WifiProfileShare.McfCast: -ME--- mIsNetworkEnabled :true
10-05 02:02:36.350  2682  4646 D WifiProfileShare.McfCast: updateQoSData ignored, same contents
10-05 02:02:36.350  2682  4646 D WifiProfileShare.MCF: success update QosData !
10-05 02:02:36.351  2682  4646 I [MCFSDK_android_1.2.13040]_4_McfCasterImpl: isNetworkEnabled - type : 1 ret : true
10-05 02:02:36.351  2682  4646 D WifiProfileShare.McfCast: -ME--- mIsNetworkEnabled :true
10-05 02:02:36.351  2682  4646 D WifiProfileShare.McfCast: -ME--- updatePasswordDate pwdData size:2
10-05 02:02:36.521  1076  1076 D io_stats: !@ Read_top(KB): loop15(1240) 28 binder:1763_2(1763) 28
10-05 02:02:36.522  1076  1076 D io_stats: !@ Write_top(KB): kworker/u16:4(18810) 4
10-05 02:02:37.476  2682  6655 D ActivityManager: force stop from com.android.server.am.ActivityManagerService.forceStopPackage:4555 com.android.server.am.ActivityManagerShellCommand.runForceStop:1710 
10-05 02:02:37.477  2682  6655 I ActivityManager: Force stopping com.csparks113.MorseCodeApp appid=10470 user=0: from pid 20073
10-05 02:02:37.479  2682  2812 D DisplayManagerService: Drop pending events for gone uid 10470
10-05 02:02:37.481  2682  6655 I ActivityManager: Killing 19659:com.csparks113.MorseCodeApp/u0a470 (adj 0): stop com.csparks113.MorseCodeApp due to from pid 20073
10-05 02:02:37.487  2682  6655 D ActivityManager: proc ProcessRecord{9055533 19659:com.csparks113.MorseCodeApp/u0a470} already removed. so we skip next process.
10-05 02:02:37.487  2682  6655 W ActivityTaskManager: Force removing ActivityRecord{928064a u0 com.csparks113.MorseCodeApp/.MainActivity t6298 f}}: app died, no saved state
10-05 02:02:37.488  2682  6655 D WindowManager: Transition is created, t=TransitionRecord{1d83c97 id=-1 type=CLOSE flags=0x0}, caller=com.android.server.wm.TransitionController.createTransition:339 com.android.server.wm.TransitionController.requestCloseTransitionIfNeeded:960 com.android.server.wm.ActivityRecord.handleAppDied:5182 com.android.server.wm.WindowProcessController.handleAppDied:1480 com.android.server.wm.ActivityTaskManagerService$LocalService.handleAppDied:7896 
10-05 02:02:37.489  2682  6655 D WindowManager: SyncGroup is created, id=581, name=Transition, caller=com.android.server.wm.BLASTSyncEngine$SyncGroup.<init>:0 com.android.server.wm.BLASTSyncEngine.prepareSyncSet:523 com.android.server.wm.BLASTSyncEngine.startSyncSet:528 com.android.server.wm.Transition.startCollecting:704 com.android.server.wm.TransitionController.moveToCollecting:360 com.android.server.wm.TransitionController.createTransition:341 com.android.server.wm.TransitionController.requestCloseTransitionIfNeeded:960 
10-05 02:02:37.490  2682  6655 W WindowManager: setSyncMethod, id=581, method=0, caller=com.android.server.wm.Transition.startCollecting:706 com.android.server.wm.TransitionController.moveToCollecting:360 com.android.server.wm.TransitionController.createTransition:341 
10-05 02:02:37.490  2682  6655 V WindowManager: Start collecting in Transition: TransitionRecord{1d83c97 id=581 type=CLOSE flags=0x0}, caller=com.android.server.wm.TransitionController.createTransition:341 com.android.server.wm.TransitionController.requestCloseTransitionIfNeeded:960 com.android.server.wm.ActivityRecord.handleAppDied:5182 com.android.server.wm.WindowProcessController.handleAppDied:1480 com.android.server.wm.ActivityTaskManagerService$LocalService.handleAppDied:7896 
10-05 02:02:37.490  2682  6655 V WindowManager: Requesting StartTransition: TransitionRecord{1d83c97 id=581 type=CLOSE flags=0x0}, caller=com.android.server.wm.TransitionController.requestCloseTransitionIfNeeded:960 com.android.server.wm.ActivityRecord.handleAppDied:5182 com.android.server.wm.WindowProcessController.handleAppDied:1480 com.android.server.wm.ActivityTaskManagerService$LocalService.handleAppDied:7896 com.android.server.am.ActivityManagerService.handleAppDiedLocked:3978 
10-05 02:02:37.490  2682  2812 D SensorService: setUidStateForConnection uid= 10470 , ident = 0xb400007240c7f630 , state= 1
10-05 02:02:37.491  2682  6655 V WindowManager: Collecting in transition 581: Task{f3169bb #6298 type=standard A=10470:com.csparks113.MorseCodeApp}, caller=com.android.server.wm.Transition.collect:753 com.android.server.wm.Transition.collectExistenceChange:936 com.android.server.wm.TransitionController.collectExistenceChange:1025 com.android.server.wm.TransitionController.requestCloseTransitionIfNeeded:963 com.android.server.wm.ActivityRecord.handleAppDied:5182 
10-05 02:02:37.491  2682  6655 D WindowManager: prepareSync <SYNC_STATE_WAITING_FOR_DRAW>, mPrepareSyncSeqId=0, win=Window{60c37ab u0 Splash Screen com.csparks113.MorseCodeApp}
10-05 02:02:37.491  2682  6655 D WindowManager: prepareSync <SYNC_STATE_WAITING_FOR_DRAW>, mPrepareSyncSeqId=0, win=Window{cb3fc09 u0 com.csparks113.MorseCodeApp/com.csparks113.MorseCodeApp.MainActivity}
10-05 02:02:37.491  2682  6655 D WindowManager: prepareSync <SYNC_STATE_WAITING_FOR_DRAW>, mPrepareSyncSeqId=0, win=Window{87ada9b u0 com.csparks113.MorseCodeApp/com.csparks113.MorseCodeApp.MainActivity}
10-05 02:02:37.492  2682  6655 V WindowManager: Cleaning splash screen token=ActivityRecord{928064a u0 com.csparks113.MorseCodeApp/.MainActivity t6298 f}}
10-05 02:02:37.493  2682  6655 V WindowManager: Collecting in transition 581: ActivityRecord{928064a u0 com.csparks113.MorseCodeApp/.MainActivity t6298 f}}, caller=com.android.server.wm.Transition.collect:753 com.android.server.wm.TransitionController.collect:975 com.android.server.wm.ActivityRecord.onRemovedFromDisplay:5272 com.android.server.wm.DisplayContent.removeAppToken:1892 com.android.server.wm.ActivityRecord.removeFromHistory:4899 
10-05 02:02:37.493  2682  6655 D SGM:FgCheckThread: TaskStackListener.onTaskFocusChanged(), taskId=6298, focused=false
10-05 02:02:37.494  2682  6655 V WindowManager: Changing focus from Window{cb3fc09 u0 com.csparks113.MorseCodeApp/com.csparks113.MorseCodeApp.MainActivity} to null displayId=0 Callers=com.android.server.wm.RootWindowContainer.updateFocusedWindowLocked:581 com.android.server.wm.WindowManagerService.updateFocusedWindowLocked:6910 com.android.server.wm.ActivityRecord.onRemovedFromDisplay:5326 com.android.server.wm.DisplayContent.removeAppToken:1892 
10-05 02:02:37.494  2682  6655 I WindowManager: Cancelling animation restarting=true, leash=Surface(name=Surface(name=d881b57 StatusBar)/@0xb0f33d1 - animation-leash of insets_animation)/@0xfc0f63c
10-05 02:02:37.494  2682  6655 I WindowManager: Reparenting to original parent: Surface(name=WindowToken{92e68f1 type=2000 android.os.BinderProxy@948d27b})/@0xbe8ee36, destroy=false, surface=Surface(name=d881b57 StatusBar)/@0xb0f33d1
10-05 02:02:37.495  2682  6655 I WindowManager: Reparenting to leash, surface=Surface(name=d881b57 StatusBar)/@0xb0f33d1, leashParent=Surface(name=WindowToken{92e68f1 type=2000 android.os.BinderProxy@948d27b})/@0xbe8ee36
10-05 02:02:37.495  1942  2098 I SurfaceFlinger: id=8122 createSurf, flag=24000, Surface(name=d881b57 StatusBar)/@0xb0f33d1 - animation-leash of insets_animation#8122
10-05 02:02:37.496  2682  6655 D WindowManager: makeSurface duration=1 leash=Surface(name=Surface(name=d881b57 StatusBar)/@0xb0f33d1 - animation-leash of insets_animation)/@0x720e2a2
10-05 02:02:37.496  3753  3813 V WindowManagerShell: Transition requested: android.os.BinderProxy@257beda TransitionRequestInfo { type = CLOSE, triggerTask = TaskInfo{userId=0 taskId=6298 displayId=0 isRunning=false baseIntent=Intent { flg=0x10000000 cmp=com.csparks113.MorseCodeApp/.MainActivity } baseActivity=null topActivity=null origActivity=null realActivity=ComponentInfo{com.csparks113.MorseCodeApp/com.csparks113.MorseCodeApp.MainActivity} numActivities=0 lastActiveTime=90494201 supportsMultiWindow=true resizeMode=1 isResizeable=true minWidth=-1 minHeight=-1 maxWidth=-1 maxHeight=-1 defaultMinSize=220 token=WCT{android.window.IWindowContainerToken$Stub$Proxy@21edf0b} topActivityType=1 pictureInPictureParams=null shouldDockBigOverlays=false launchIntoPipHostTaskId=-1 lastParentTaskIdBeforePip=-1 displayCutoutSafeInsets=Rect(0, 74 - 0, 0) topActivityInfo=null launchCookies=[] positionInParent=Point(0, 0) parentTaskId=-1 isFocused=true isVisible=true isVisibleRequested=true isSleeping=false topActivityInSizeCompat=false topActivityEligibleForLetterboxEducation= false topActivityLetterboxed= false isFromDoubleTap= false topActivityLetterboxVerticalPosition= -1 topActivityLetterboxHorizontalPosition= -1 topActivityLetterboxWidth=-1 topActivityLetterboxHeight=-1 locusId=null displayAreaFeatureId=1 cameraCompatControlState=hidden originallySupportedMultiWindow=true hasWallpaper=false topActivityInFixedAspectRatio=false rootAffinity=10470:com.csparks113.MorseCodeApp topActivityInDisplayCompat=false topActivityInBoundsCompat=false topActivityBounds=null singleTapFromLetterbox=false isTopTaskInStage=false CoverLauncherWidgetTask=false CoverScreenTask=false isAllowedSeamlessRotation=false isTopTransparentActivity=false hasPopOver=false}, remoteTransition = null, displayChange = null }
10-05 02:02:37.496  2682  6655 D InsetsSourceProvider: updateControlForTarget: control=InsetsSourceControl: {f8e40000 mType=statusBars initiallyVisible mSurfacePosition=Point(0, 0) mInsetsHint=Insets{left=0, top=74, right=0, bottom=0}}, target=Window{60c37ab u0 Splash Screen com.csparks113.MorseCodeApp}, from=com.android.server.wm.InsetsStateController.onControlTargetChanged:363 com.android.server.wm.InsetsStateController.onBarControlTargetChanged:329 com.android.server.wm.InsetsPolicy.updateBarControlTarget:173 com.android.server.wm.InsetsPolicy.updateSystemBars:843 com.android.server.wm.DisplayPolicy.updateSystemBarsLw:3484 
10-05 02:02:37.497  2682  6655 I WindowManager: Cancelling animation restarting=true, leash=Surface(name=Surface(name=c6857fd NavigationBar0)/@0xc27c980 - animation-leash of insets_animation)/@0x8192d1a
10-05 02:02:37.497  2682  6655 I WindowManager: Reparenting to original parent: Surface(name=WindowToken{f2670c1 type=2019 android.os.BinderProxy@fa9c545})/@0x555fbb9, destroy=false, surface=Surface(name=c6857fd NavigationBar0)/@0xc27c980
10-05 02:02:37.497  2682  6655 I WindowManager: Reparenting to leash, surface=Surface(name=c6857fd NavigationBar0)/@0xc27c980, leashParent=Surface(name=WindowToken{f2670c1 type=2019 android.os.BinderProxy@fa9c545})/@0x555fbb9
10-05 02:02:37.497  1942  3303 I SurfaceFlinger: id=8123 createSurf, flag=24000, Surface(name=c6857fd NavigationBar0)/@0xc27c980 - animation-leash of insets_animation#8123
10-05 02:02:37.498  2682  6655 D WindowManager: makeSurface duration=1 leash=Surface(name=Surface(name=c6857fd NavigationBar0)/@0xc27c980 - animation-leash of insets_animation)/@0x7327ef0
10-05 02:02:37.498  2682  6655 D InsetsSourceProvider: updateControlForTarget: control=InsetsSourceControl: {d7ac0001 mType=navigationBars initiallyVisible mSurfacePosition=Point(0, 2205) mInsetsHint=Insets{left=0, top=0, right=0, bottom=135}}, target=Window{60c37ab u0 Splash Screen com.csparks113.MorseCodeApp}, from=com.android.server.wm.InsetsStateController.onControlTargetChanged:363 com.android.server.wm.InsetsStateController.onBarControlTargetChanged:332 com.android.server.wm.InsetsPolicy.updateBarControlTarget:173 com.android.server.wm.InsetsPolicy.updateSystemBars:843 com.android.server.wm.DisplayPolicy.updateSystemBarsLw:3484 
10-05 02:02:37.499  2682  6655 V SystemKeyManager: updateFocusedWindow() is called, 
10-05 02:02:37.499  2682  6655 I SemDvfsHyPerManager: acquire hyper - AMS_APP_HOME/2682@31, type = -999
10-05 02:02:37.500  1828  1872 I HYPER-HAL: [RequestManager.cpp]acquire(): Acquired ID : 3681572  [2682 / 31]    HINT : AMS_APP_HOME    list : 
10-05 02:02:37.501  2682  2855 I libprocessgroup: Successfully killed process cgroup uid 10470 pid 19659 in 15ms
10-05 02:02:37.501  6325  6325 I SemDvfsHyPerManager: acquire hyper - APP_START_HOME/6325@17, type = -999
10-05 02:02:37.502  2682  6655 D ActivityManagerPerformance: AMP_acquire() HOME
10-05 02:02:37.502  2682  6655 V WindowManager: Collecting in transition 581: ActivityRecord{8b8ea7a u0 com.sec.android.app.launcher/.activities.LauncherActivity t6118}, caller=com.android.server.wm.Transition.collect:753 com.android.server.wm.TransitionController.collect:975 com.android.server.wm.ActivityRecord.setVisibility:6429 com.android.server.wm.ActivityRecord.setVisibility:6381 com.android.server.wm.TaskFragment.resumeTopActivity:1741 
10-05 02:02:37.502  2682  6655 D WindowManager: prepareSync <SYNC_STATE_WAITING_FOR_DRAW>, mPrepareSyncSeqId=0, win=Window{f234a46 u0 com.sec.android.app.launcher/com.sec.android.app.launcher.activities.LauncherActivity}
10-05 02:02:37.503  2682  6655 V WindowManager: Setting visibility of Window{f234a46 u0 com.sec.android.app.launcher/com.sec.android.app.launcher.activities.LauncherActivity}: true, caller=com.android.server.wm.WindowContainer.sendAppVisibilityToClients:1305 com.android.server.wm.WindowToken.setClientVisible:454 com.android.server.wm.ActivityRecord.setClientVisible:8235 com.android.server.wm.ActivityRecord.setVisibility:6532 com.android.server.wm.ActivityRecord.setVisibility:6381 
10-05 02:02:37.504  2682  6655 V WindowManager: rotationForOrientation(orient=SCREEN_ORIENTATION_NOSENSOR (5), last=ROTATION_0 (0)); user=ROTATION_0 (0) USER_ROTATION_LOCKED
10-05 02:02:37.504  2682  6655 D WindowManager: rotationForOrientation, orientationSource=ActivityRecord{8b8ea7a u0 com.sec.android.app.launcher/.activities.LauncherActivity t6118}
10-05 02:02:37.504  2682  6655 V WindowManager: Computed rotation=ROTATION_0 (0) for display id=0 based on lastOrientation=SCREEN_ORIENTATION_NOSENSOR (5) and oldRotation=ROTATION_0 (0), caller=com.android.server.wm.DisplayRotation.updateOrientation:525 com.android.server.wm.DisplayContent.updateOrientation:2181 com.android.server.wm.DisplayContent.updateOrientation:2097 com.android.server.wm.RootWindowContainer.ensureVisibilityAndConfig:2083 com.android.server.wm.TaskFragment.resumeTopActivity:1779 com.android.server.wm.TaskFragment.resumeTopActivity:1387 
10-05 02:02:37.504  4186  4186 I ViewRootImpl@b7c15db[LauncherActivity]: handleAppVisibility mAppVisible = false visible = true
10-05 02:02:37.506  2682  6655 V WindowManager: Collecting in transition 581: ActivityRecord{8b8ea7a u0 com.sec.android.app.launcher/.activities.LauncherActivity t6118}, caller=com.android.server.wm.Transition.collect:753 com.android.server.wm.TransitionController.collect:975 com.android.server.wm.ActivityRecord.setVisibility:6429 com.android.server.wm.ActivityRecord.setVisibility:6381 com.android.server.wm.ActivityRecord.completeResumeLocked:7499 
10-05 02:02:37.506  2682  6655 D WindowManagerServiceExt: notifyOccludeChangeNotice: reset caller=com.android.server.wm.ActivityRecord.completeResumeLocked:7556 com.android.server.wm.TaskFragment.resumeTopActivity:1876 com.android.server.wm.TaskFragment.resumeTopActivity:1387 com.android.server.wm.Task.resumeTopActivityInnerLocked:6560 com.android.server.wm.Task.resumeTopActivityUncheckedLocked:6447 
10-05 02:02:37.507  4186  4186 I ViewRootImpl@b7c15db[LauncherActivity]: stopped(false) old = true
10-05 02:02:37.507  1828  1872 I HYPER-HAL: [RequestManager.cpp]acquire(): Acquired ID : 20113670  [6325 / 17]    HINT : APP_START    list : [KERNEL_APP_START_NOTIFY / 0] [TIMEOUT / 1500] 
10-05 02:02:37.510  4186  4186 I HoneySpace.Launcher: !@Boot_EBS_D: Launcher.onStart()
10-05 02:02:37.511  2682  6655 I ActivityManager: Changes in 10153 5 to 2, 56 to 63
10-05 02:02:37.511  4186  4186 I HoneySpace.Launcher: !@Boot_EBS_D: Launcher.onResume()
10-05 02:02:37.511  2682  6655 W ProcessStats: Tracking association SourceState{4703561 com.samsung.android.spay/10402 ImpBg #122556} whose proc state 6 is better than process ProcessState{fc0c659 com.samsung.android.spayfw/5279 pkg=com.samsung.android.spayfw} proc state 8 (0 skipped)
10-05 02:02:37.512  3753  3827 I InsetsController: onStateChanged: host=Splash Screen com.csparks113.MorseCodeApp, from=android.view.ViewRootImpl$ViewRootHandler.handleMessageImpl:7279, state=InsetsState: {mDisplayFrame=Rect(0, 0 - 1080, 2340), mDisplayCutout=DisplayCutout{insets=Rect(0, 74 - 0, 0) waterfall=Insets{left=0, top=0, right=0, bottom=0} boundingRect={Bounds=[Rect(0, 0 - 0, 0), Rect(514, 0 - 566, 74), Rect(0, 0 - 0, 0), Rect(0, 0 - 0, 0)]} cutoutPathParserInfo={CutoutPathParserInfo{displayWidth=1080 displayHeight=2340 physicalDisplayWidth=1080 physicalDisplayHeight=2340 density={2.8125} cutoutSpec={M 0,0 H -9.244444444444444 V 26.31111111111111 H 9.244444444444444 V 0 H 0 Z @dp} rotation={0} scale={1.0} physicalPixelDisplaySizeRatio={1.0}}}}, mRoundedCorners=RoundedCorners{[RoundedCorner{position=TopLeft, radius=101, center=Point(101, 101)}, RoundedCorner{position=TopRight, radius=101, center=Point(979, 101)}, RoundedCorner{position=BottomRight, radius=101, center=Point(979, 2239)}, RoundedCorner{position=BottomLeft, radius=101, center=Point(101, 2239)}]}  mRoundedCornerFrame=Rect(0, 0 - 1080, 2340), mPrivacyIndicatorBounds=PrivacyIndicatorBounds {static bounds=Rect(956, 0 - 1080, 74) rotation=0}, mDisplayShape=DisplayShape{ spec=-311912193 displayWidth=1080 displayHeight=2340 physicalPixelDisplaySizeRatio=1.0 rotation=0 offsetX=0 offsetY=0 scale=1.0}, mSources= { InsetsSource: {d7ac0001 mType=navigationBars mFrame=[0,2205][1080,2340] mVisible=true mFlags=[]}, InsetsSource: {d7ac0004 mType=systemGestures mFrame=[0,0][0,0] mVisible=true mFlags=[]}, InsetsSource: {d7ac0005 mType=mandatorySystemGestures mFrame=[0,2205][1080,2340] mVisible=true mFlags=[]}, InsetsSource: {d7ac0006 mType=tappableElement mFrame=[0,2205][1080,2340] mVisible=true mFlags=[]}, InsetsSource: {d7ac0024 mType=systemGestures mFrame=[0,0][0,0] mVisible=true mFlags=[]}, InsetsSource: {f8e40000 mType=statusBars mFrame=[0,0][1080,74] mVisible=true mFlags=[]}, InsetsSource: {f8e40005 mType=mandatorySystemGestures mFrame=[0,0][1080,108] mVisible=true mFlags=[]}, InsetsSource: {f8e40006 mType=tappableElement mFrame=[0,0][1080,74] mVisible=true mFlags=[]}, InsetsSource: {3 mType=ime mFrame=[0,0][0,0] mVisible=false mFlags=[]}, InsetsSource: {27 mType=displayCutout mFrame=[0,0][1080,74] mVisible=true mFlags=[]} }
10-05 02:02:37.513  4186  4186 I HoneySpace.Launcher: updateLauncherShowing false -> true
10-05 02:02:37.513  2682  3219 V WindowManager: Starting Transition 581, caller=com.android.server.wm.WindowOrganizerController.startTransition:382 com.android.server.wm.WindowOrganizerController.startTransition:313 android.window.IWindowOrganizerController$Stub.onTransact:257 
10-05 02:02:37.513  2682  3219 V Transition:  allReady query: used=true, override=false, defer=0, states=Display{#0 state=ON size=1080x2340 ROTATION_0}:true
10-05 02:02:37.514  4186  4186 I HoneySpace.ShellTransitionManager: myHomeResumed
10-05 02:02:37.514  3753  3827 I InsetsSourceConsumer: applyRequestedVisibilityToControl: visible=true, type=statusBars, host=Splash Screen com.csparks113.MorseCodeApp
10-05 02:02:37.515 19310 11618 I SAMSUNGWALLET: [Hint_ProcessStatusChange] invoke foreground activities changed - onProcessDied pid:19659 uid : 10470
10-05 02:02:37.516  3753  3827 I InsetsSourceConsumer: applyRequestedVisibilityToControl: visible=true, type=navigationBars, host=Splash Screen com.csparks113.MorseCodeApp
10-05 02:02:37.516  4186 18313 I HoneySpace.PredictionDataSourceImpl: requestPredictionUpdate 0 true
10-05 02:02:37.517  2682  2814 W System.err: java.lang.NullPointerException: Attempt to invoke virtual method 'java.lang.String android.content.ComponentName.getPackageName()' on a null object reference
10-05 02:02:37.517  4186 19580 I HoneySpace.RecentTasks: onRecentTasksChanged
10-05 02:02:37.520  1942  1942 I Layer   : Layer::reparent [d881b57 StatusBar#96] newParent : Surface(name=d881b57 StatusBar)/@0xb0f33d1 - animation-leash of insets_animation#8122 , isRemovedFromCurrentState : 0 -------------------------
10-05 02:02:37.520  1942  1942 I Layer   : Layer::reparent [d881b57 StatusBar#96] End -------------------------
10-05 02:02:37.520  1942  1942 I Layer   : Layer::reparent [Surface(name=d881b57 StatusBar)/@0xb0f33d1 - animation-leash of insets_animation#8117] newParentHandle : null -------------------------
10-05 02:02:37.520  1942  1942 I Layer   : id=8117 removeFromCurrentState Surface(name=d881b57 StatusBar)/@0xb0f33d1 - animation-leash of insets_animation#8117 (120)
10-05 02:02:37.520  1942  1942 I Layer   : Layer::reparent [Surface(name=d881b57 StatusBar)/@0xb0f33d1 - animation-leash of insets_animation#8117] End -------------------------
10-05 02:02:37.520  1942  1942 I Layer   : Layer::reparent [c6857fd NavigationBar0#85] newParent : Surface(name=c6857fd NavigationBar0)/@0xc27c980 - animation-leash of insets_animation#8123 , isRemovedFromCurrentState : 0 -------------------------
10-05 02:02:37.521  1942  1942 I Layer   : Layer::reparent [c6857fd NavigationBar0#85] End -------------------------
10-05 02:02:37.521  1942  1942 I Layer   : Layer::reparent [Surface(name=c6857fd NavigationBar0)/@0xc27c980 - animation-leash of insets_animation#8118] newParentHandle : null -------------------------
10-05 02:02:37.521  1942  1942 I Layer   : id=8118 removeFromCurrentState Surface(name=c6857fd NavigationBar0)/@0xc27c980 - animation-leash of insets_animation#8118 (120)
10-05 02:02:37.521  1942  1942 I Layer   : Layer::reparent [Surface(name=c6857fd NavigationBar0)/@0xc27c980 - animation-leash of insets_animation#8118] End -------------------------
10-05 02:02:37.521  2682  2814 W System.err: 	at com.samsung.android.server.wifi.SemWifiOptimizer$6.noteResumeComponent(SemWifiOptimizer.java:19)
10-05 02:02:37.522  2682  2814 W System.err: 	at com.android.server.usage.UsageStatsService$LocalService.reportEvent(UsageStatsService.java:3123)
10-05 02:02:37.522  2682  2814 W System.err: 	at com.android.server.am.ActivityManagerService.updateActivityUsageStats(ActivityManagerService.java:3524)
10-05 02:02:37.522  2682  2814 W System.err: 	at com.android.server.am.ActivityManagerService$LocalService.updateActivityUsageStatsWithIntent(ActivityManagerService.java:21166)
10-05 02:02:37.523  2682  2814 W System.err: 	at com.android.server.wm.ActivityTaskManagerService$$ExternalSyntheticLambda26.accept(R8$$SyntheticClass:0)
10-05 02:02:37.523  2682  2814 W System.err: 	at com.android.internal.util.function.pooled.PooledLambdaImpl.doInvoke(PooledLambdaImpl.java:384)
10-05 02:02:37.523  2682  2814 W System.err: 	at com.android.internal.util.function.pooled.PooledLambdaImpl.invoke(PooledLambdaImpl.java:204)
10-05 02:02:37.523  2682  2814 W System.err: 	at com.android.internal.util.function.pooled.OmniFunction.run(OmniFunction.java:87)
10-05 02:02:37.524  2682  2814 W System.err: 	at android.os.Handler.handleCallback(Handler.java:958)
10-05 02:02:37.524  2682  2814 W System.err: 	at android.os.Handler.dispatchMessage(Handler.java:99)
10-05 02:02:37.524  2682  2814 W System.err: 	at android.os.Looper.loopOnce(Looper.java:230)
10-05 02:02:37.524  2682  2814 W System.err: 	at android.os.Looper.loop(Looper.java:319)
10-05 02:02:37.524  2682  2814 W System.err: 	at android.os.HandlerThread.run(HandlerThread.java:67)
10-05 02:02:37.524  2682  2814 W System.err: 	at com.android.server.ServiceThread.run(ServiceThread.java:46)
10-05 02:02:37.524  2682  2814 I GameSDK@LifeCycle: noteResumeComponent(): package name  : com.sec.android.app.launcher
10-05 02:02:37.525  2682  2812 D PkgPredictorService-SecIpmManagerServiceImpl: onForegroundActivitiesChanged pid:4186 uid:10153
10-05 02:02:37.525  2682  3219 I AppWidgetServiceImpl: startListening callbacks : com.android.internal.appwidget.IAppWidgetHost$Stub$Proxy@e20278f
10-05 02:02:37.525  2682  2815 D WindowManager: SyncGroup 581:  Unfinished container: ActivityRecord{8b8ea7a u0 com.sec.android.app.launcher/.activities.LauncherActivity t6118} mSyncState=2
10-05 02:02:37.525  2682  2812 D NetworkPolicy: already checked 10153
10-05 02:02:37.525  2682  4476 V PkgPredictorService-SecIpmManagerServiceImpl: discard foreground app:com.sec.android.app.launcher 1|true
10-05 02:02:37.526  4186 18313 I HoneySpace.PredictionDataSourceImpl: requestPredictionUpdate 1 true
10-05 02:02:37.526  2682  2812 D ScreenCurtainController: onForegroundActivitiesChanged: com.sec.android.app.launcher
10-05 02:02:37.527  2682  3544 I CocktailBarManagerServiceContainer: handleMessage: entry what = 5
10-05 02:02:37.528 19310 19974 I SAMSUNGWALLET: [Hint_SimpleHintProcessMonitor] isHomePackageRunning topPkgName = com.sec.android.app.launcher, topClsName = com.sec.android.app.launcher.Launcher, return true , se : true
10-05 02:02:37.528 19310 11618 I SAMSUNGWALLET: [Hint_ProcessStatusChange] fg Change, pid : 4186 , isNotify : true , isForeground : true , fg list : [4186]
10-05 02:02:37.528 19310 19310 I SAMSUNGWALLET: [Hint_IntroHintService] Hint Status - already invisible, skip hide : [4000000] - 4000000
10-05 02:02:37.529 19310 19974 I SAMSUNGWALLET: [Hint_SimpleHintProcessMonitor] isHomePackageRunning topPkgName = com.sec.android.app.launcher, topClsName = com.sec.android.app.launcher.Launcher, return true , se : true
10-05 02:02:37.529  2682  2814 W System.err: java.lang.NullPointerException: Attempt to invoke virtual method 'java.lang.String android.content.ComponentName.getPackageName()' on a null object reference
10-05 02:02:37.529  2682  2814 W System.err: 	at com.samsung.android.server.wifi.tcp.SemWifiTransportLayerMonitor$3.noteResumeComponent(SemWifiTransportLayerMonitor.java:69)
10-05 02:02:37.529  2682  2814 W System.err: 	at com.android.server.usage.UsageStatsService$LocalService.reportEvent(UsageStatsService.java:3123)
10-05 02:02:37.529  2682  2814 W System.err: 	at com.android.server.am.ActivityManagerService.updateActivityUsageStats(ActivityManagerService.java:3524)
10-05 02:02:37.529  2682  2814 W System.err: 	at com.android.server.am.ActivityManagerService$LocalService.updateActivityUsageStatsWithIntent(ActivityManagerService.java:21166)
10-05 02:02:37.529  2682  2814 W System.err: 	at com.android.server.wm.ActivityTaskManagerService$$ExternalSyntheticLambda26.accept(R8$$SyntheticClass:0)
10-05 02:02:37.529  2682  2814 W System.err: 	at com.android.internal.util.function.pooled.PooledLambdaImpl.doInvoke(PooledLambdaImpl.java:384)
10-05 02:02:37.529  2682  2814 W System.err: 	at com.android.internal.util.function.pooled.PooledLambdaImpl.invoke(PooledLambdaImpl.java:204)
10-05 02:02:37.529  2682  2814 W System.err: 	at com.android.internal.util.function.pooled.OmniFunction.run(OmniFunction.java:87)
10-05 02:02:37.529  2682  2814 W System.err: 	at android.os.Handler.handleCallback(Handler.java:958)
10-05 02:02:37.529  2682  2814 W System.err: 	at android.os.Handler.dispatchMessage(Handler.java:99)
10-05 02:02:37.529  2682  2814 W System.err: 	at android.os.Looper.loopOnce(Looper.java:230)
10-05 02:02:37.529  2682  2814 W System.err: 	at android.os.Looper.loop(Looper.java:319)
10-05 02:02:37.529  2682  2814 W System.err: 	at android.os.HandlerThread.run(HandlerThread.java:67)
10-05 02:02:37.529  2682  2814 W System.err: 	at com.android.server.ServiceThread.run(ServiceThread.java:46)
10-05 02:02:37.529  2682  2814 D SGM:FgCheckThread: noteResumeComponent(), received pkgName: com.sec.android.app.launcher, userId: 0
10-05 02:02:37.529 19310 19310 I SAMSUNGWALLET: [Hint_IntroHintService] Hint Status - already invisible, skip hide : [4000000] - 4000000
10-05 02:02:37.530  4186 15110 I HoneySpace.LiveIconSupplier: time tick - 43, CLOCK, 02:02 - 01:59, 148371866
10-05 02:02:37.530  4186 14066 I HoneySpace.SPayHandler: same state show=false currentDefaultPage=true
10-05 02:02:37.530  4186 13363 I HoneySpace.LiveIconSupplier: time tick - 2, CLOCK, 02:02 - 01:59, 34241043
10-05 02:02:37.530  4186  4186 I SearchHoneyPot: onViewCreated: onResume
10-05 02:02:37.531  2682  3219 V WindowManager: Relayout Window{f234a46 u0 com.sec.android.app.launcher/com.sec.android.app.launcher.activities.LauncherActivity}: viewVisibility=0 req=1080x2340 ty=1 d0
10-05 02:02:37.531  2682  3219 D RestrictionPolicy: isScreenCaptureEnabled : ret=true userId=0
10-05 02:02:37.532  6325  6325 I SDHMS:LOAD: type: LoadsFreqs, value: 0:0:0:0:0:0:0:0:0:0:0:0
10-05 02:02:37.532  1942  2098 I SurfaceFlinger: id=8124 createSurf, flag=44004, com.sec.android.app.launcher/com.sec.android.app.launcher.activities.LauncherActivity$_4186#8124
10-05 02:02:37.532  2682  3219 D WindowManager: makeSurface duration=1 name=com.sec.android.app.launcher/com.sec.android.app.launcher.activities.LauncherActivity$_4186
10-05 02:02:37.532  4186 15110 I LauncherActivityInfo: Trying to load live icon for com.sec.android.app.clockpackage
10-05 02:02:37.533  3735  3735 D CarrierSvcBindHelper: onHandleForceStop: [com.csparks113.MorseCodeApp]
10-05 02:02:37.533  2682  3219 D WindowManager: SyncGroup 581:  Unfinished container: ActivityRecord{8b8ea7a u0 com.sec.android.app.launcher/.activities.LauncherActivity t6118} mSyncState=2
10-05 02:02:37.533  2682  3219 V WindowManager: Changing focus from null to Window{f234a46 u0 com.sec.android.app.launcher/com.sec.android.app.launcher.activities.LauncherActivity} displayId=0 Callers=com.android.server.wm.RootWindowContainer.updateFocusedWindowLocked:581 com.android.server.wm.WindowManagerService.updateFocusedWindowLocked:6910 com.android.server.wm.WindowManagerService.relayoutWindow:2777 com.android.server.wm.Session.relayout:282 
10-05 02:02:37.533  2682  3219 I WindowManager: Cancelling animation restarting=true, leash=Surface(name=Surface(name=d881b57 StatusBar)/@0xb0f33d1 - animation-leash of insets_animation)/@0x720e2a2
10-05 02:02:37.533  2682  3219 I WindowManager: Reparenting to original parent: Surface(name=WindowToken{92e68f1 type=2000 android.os.BinderProxy@948d27b})/@0xbe8ee36, destroy=false, surface=Surface(name=d881b57 StatusBar)/@0xb0f33d1
10-05 02:02:37.534  2682  3219 I WindowManager: Reparenting to leash, surface=Surface(name=d881b57 StatusBar)/@0xb0f33d1, leashParent=Surface(name=WindowToken{92e68f1 type=2000 android.os.BinderProxy@948d27b})/@0xbe8ee36
10-05 02:02:37.534  3735  3735 D CarrierSvcBindHelper: No carrier app for: 0
10-05 02:02:37.534  3735  3735 D CarrierSvcBindHelper: No carrier app for: 1
10-05 02:02:37.534  1942  3303 I SurfaceFlinger: id=8125 createSurf, flag=24000, Surface(name=d881b57 StatusBar)/@0xb0f33d1 - animation-leash of insets_animation#8125
10-05 02:02:37.535  2682  3219 D WindowManager: makeSurface duration=1 leash=Surface(name=Surface(name=d881b57 StatusBar)/@0xb0f33d1 - animation-leash of insets_animation)/@0x1a023fa
10-05 02:02:37.535  2682  3219 D InsetsSourceProvider: updateControlForTarget: control=InsetsSourceControl: {f8e40000 mType=statusBars initiallyVisible mSurfacePosition=Point(0, 0) mInsetsHint=Insets{left=0, top=74, right=0, bottom=0}}, target=Window{f234a46 u0 com.sec.android.app.launcher/com.sec.android.app.launcher.activities.LauncherActivity}, from=com.android.server.wm.InsetsStateController.onControlTargetChanged:363 com.android.server.wm.InsetsStateController.onBarControlTargetChanged:329 com.android.server.wm.InsetsPolicy.updateBarControlTarget:173 com.android.server.wm.InsetsPolicy.updateSystemBars:843 com.android.server.wm.DisplayPolicy.updateSystemBarsLw:3484 
10-05 02:02:37.535  2682  3219 I WindowManager: Cancelling animation restarting=true, leash=Surface(name=Surface(name=c6857fd NavigationBar0)/@0xc27c980 - animation-leash of insets_animation)/@0x7327ef0
10-05 02:02:37.535  2682  3219 I WindowManager: Reparenting to original parent: Surface(name=WindowToken{f2670c1 type=2019 android.os.BinderProxy@fa9c545})/@0x555fbb9, destroy=false, surface=Surface(name=c6857fd NavigationBar0)/@0xc27c980
10-05 02:02:37.535  2682  3219 I WindowManager: Reparenting to leash, surface=Surface(name=c6857fd NavigationBar0)/@0xc27c980, leashParent=Surface(name=WindowToken{f2670c1 type=2019 android.os.BinderProxy@fa9c545})/@0x555fbb9
10-05 02:02:37.535  2682  6722 D InputMethodManagerService: removeClient
10-05 02:02:37.535  2682  6722 D InputTransport: Input channel destroyed: 'ClientS', fd=1045
10-05 02:02:37.535  2682  6722 I ImeTracker: com.csparks113.MorseCodeApp:997bf21e: onRequestHide at ORIGIN_SERVER_HIDE_INPUT reason HIDE_REMOVE_CLIENT
10-05 02:02:37.535  2682  6722 D InputMethodManagerService: setWindowStateInner, windowToken=android.os.BinderProxy@8575910, state=ImeTargetWindowState{ imeToken android.os.Binder@8bb2fa1 imeFocusChanged true hasEditorFocused false requestedImeVisible false imeDisplayId 0 softInputModeState STATE_UNSPECIFIED|ADJUST_RESIZE|IS_FORWARD_NAVIGATION isStartInputByGainFocus true}
10-05 02:02:37.536  2682  6722 I ImeTracker: com.csparks113.MorseCodeApp:997bf21e: onCancelled at PHASE_SERVER_SHOULD_HIDE
10-05 02:02:37.536  2682  6722 V InputMethodManagerService: hideCurrentInputLocked : canceled, shouldHideSoftInput=false, mInputShown=false, mImeWindowVis=0
10-05 02:02:37.536  1942  3365 I SurfaceFlinger: id=8117 Removed Surface(name=d881b57 StatusBar)/@0xb0f33d1 - animation-leash of insets_animation#8117 (122)
10-05 02:02:37.536  1942  3365 I SurfaceFlinger: id=8118 Removed Surface(name=c6857fd NavigationBar0)/@0xc27c980 - animation-leash of insets_animation#8118 (122)
10-05 02:02:37.536  1817  1817 I sensors-hal: set_config:61, sample_period_ns is adjusted to 20000000 based on min/max delay_ns
10-05 02:02:37.536  4693  4693 I adbd    : Remote process closed the socket (on MSG_PEEK)
10-05 02:02:37.536  1817  1817 I sensors-hal: batch:512, android.sensor.accelerometer/11, period=20000000, max_latency=0 request completed
10-05 02:02:37.536  1942  2098 I SurfaceFlinger: id=8126 createSurf, flag=24000, Surface(name=c6857fd NavigationBar0)/@0xc27c980 - animation-leash of insets_animation#8126
10-05 02:02:37.537  2682  3219 D WindowManager: makeSurface duration=2 leash=Surface(name=Surface(name=c6857fd NavigationBar0)/@0xc27c980 - animation-leash of insets_animation)/@0x7bc85c6
10-05 02:02:37.537  2682  3219 D InsetsSourceProvider: updateControlForTarget: control=InsetsSourceControl: {d7ac0001 mType=navigationBars initiallyVisible mSurfacePosition=Point(0, 2205) mInsetsHint=Insets{left=0, top=0, right=0, bottom=135}}, target=Window{f234a46 u0 com.sec.android.app.launcher/com.sec.android.app.launcher.activities.LauncherActivity}, from=com.android.server.wm.InsetsStateController.onControlTargetChanged:363 com.android.server.wm.InsetsStateController.onBarControlTargetChanged:332 com.android.server.wm.InsetsPolicy.updateBarControlTarget:173 com.android.server.wm.InsetsPolicy.updateSystemBars:843 com.android.server.wm.DisplayPolicy.updateSystemBarsLw:3484 
10-05 02:02:37.537  2682  3219 D WindowManager: updateSystemBarAttributes: displayId=0, win=Window{f234a46 u0 com.sec.android.app.launcher/com.sec.android.app.launcher.activities.LauncherActivity}, navColorWin=Window{60c37ab u0 Splash Screen com.csparks113.MorseCodeApp}, focusedCanBeNavColorWin=false, behavior=2, appearance=0, statusBarAppearanceRegions=[AppearanceRegion{ bounds=[0,0][1080,2340]}], requestedVisibilities=-9, from=com.android.server.wm.DisplayPolicy.focusChangedLw:2988 com.android.server.wm.DisplayContent.updateFocusedWindowLocked:4900 com.android.server.wm.RootWindowContainer.updateFocusedWindowLocked:581 
10-05 02:02:37.537  2682  3219 V SystemKeyManager: updateFocusedWindow() is called, com.sec.android.app.launcher/com.sec.android.app.launcher.activities.LauncherActivity
10-05 02:02:37.538  2682  3219 V WindowManager: Relayout hash=f234a46, pid=4186, syncId=-1: mAttrs={(0,0)(fillxfill) sim={adjust=nothing forwardNavigation} layoutInDisplayCutoutMode=shortEdges ty=BASE_APPLICATION fmt=TRANSPARENT wanim=0x10302f2
10-05 02:02:37.538  2682  3219 V WindowManager:   fl=81910100
10-05 02:02:37.538  2682  3219 V WindowManager:   pfl=1e008040
10-05 02:02:37.538  2682  3219 V WindowManager:   bhv=SHOW_TRANSIENT_BARS_BY_SWIPE
10-05 02:02:37.538  2682  3219 V WindowManager:   fitSides= screenDimDuration=200000 naviIconColor=0}
10-05 02:02:37.538  2682  2738 V ActivityManager: Got obituary of 19659:com.csparks113.MorseCodeApp
10-05 02:02:37.538  4186  4186 I BufferQueueProducer: [](id:105a00000157,api:0,p:-1,c:4186) setDequeueTimeout:2077252342
10-05 02:02:37.539  1765  1765 I Zygote  : Process 19659 exited due to signal 9 (Killed)
10-05 02:02:37.539  4186  4186 I BLASTBufferQueue_Java: new BLASTBufferQueue, mName= ViewRootImpl@b7c15db[LauncherActivity] mNativeObject= 0xb4000071e0cdc610 sc.mNativeObject= 0xb400007350c9a2d0 caller= android.view.ViewRootImpl.updateBlastSurfaceIfNeeded:3085 android.view.ViewRootImpl.relayoutWindow:10224 android.view.ViewRootImpl.performTraversals:4167 android.view.ViewRootImpl.doTraversal:3345 android.view.ViewRootImpl$TraversalRunnable.run:11437 android.view.Choreographer$CallbackRecord.run:1690 android.view.Choreographer$CallbackRecord.run:1699 android.view.Choreographer.doCallbacks:1154 android.view.Choreographer.doFrame:1080 android.view.Choreographer$FrameDisplayEventReceiver.run:1647 
10-05 02:02:37.539  3735  3849 D EuiccConnector: handleMessage: E msg.what=1
10-05 02:02:37.539  2682  6649 I WindowManager: WIN DEATH: Window{87ada9b u0 com.csparks113.MorseCodeApp/com.csparks113.MorseCodeApp.MainActivity}
10-05 02:02:37.539  4186  4186 I BLASTBufferQueue_Java: update, w= 1080 h= 2340 mName = ViewRootImpl@b7c15db[LauncherActivity] mNativeObject= 0xb4000071e0cdc610 sc.mNativeObject= 0xb400007350c9a2d0 format= -2 caller= android.graphics.BLASTBufferQueue.<init>:89 android.view.ViewRootImpl.updateBlastSurfaceIfNeeded:3085 android.view.ViewRootImpl.relayoutWindow:10224 android.view.ViewRootImpl.performTraversals:4167 android.view.ViewRootImpl.doTraversal:3345 android.view.ViewRootImpl$TraversalRunnable.run:11437 
10-05 02:02:37.539  3735  3849 D EuiccConnector: processMsg: AvailableState
10-05 02:02:37.539  3735  3849 D EuiccConnector: processMsg: UnavailableState
10-05 02:02:37.539  2682  6649 D InputTransport: Input channel destroyed: '87ada9b', fd=1033
10-05 02:02:37.539  4186  4186 I ViewRootImpl@b7c15db[LauncherActivity]: Relayout returned: old=(0,0,1080,2340) new=(0,0,1080,2340) relayoutAsync=false req=(1080,2340)0 dur=7 res=0x403 s={true 0xb400007410d41710} ch=true seqId=0
10-05 02:02:37.539  2682  6649 W InputManager-JNI: Input channel object '87ada9b com.csparks113.MorseCodeApp/com.csparks113.MorseCodeApp.MainActivity (client)' was disposed without first being removed with the input manager!
10-05 02:02:37.539  2682  6649 D InputTransport: Input channel destroyed: '87ada9b', fd=1034
10-05 02:02:37.539  2682  6649 V WindowManager: Remove Window{87ada9b u0 com.csparks113.MorseCodeApp/com.csparks113.MorseCodeApp.MainActivity}: mSurfaceController=Surface(name=com.csparks113.MorseCodeApp/com.csparks113.MorseCodeApp.MainActivity$_19659)/@0x92b7987 mAnimatingExit=false mRemoveOnExit=false mHasSurface=true surfaceShowing=false animating=false app-animation=false mDisplayFrozen=false callers=com.android.server.wm.WindowState$DeathRecipient.binderDied:3698 android.os.IBinder$DeathRecipient.binderDied:325 android.os.BinderProxy.sendDeathNotice:781 <bottom of call stack> <bottom of call stack> <bottom of call stack> 
10-05 02:02:37.539  2682  6649 I WindowManager: Destroying surface Surface(name=com.csparks113.MorseCodeApp/com.csparks113.MorseCodeApp.MainActivity$_19659)/@0x92b7987 called by com.android.server.wm.WindowStateAnimator.destroySurface:811 com.android.server.wm.WindowStateAnimator.destroySurfaceLocked:478 com.android.server.wm.WindowState.removeImmediately:2958 com.android.server.wm.WindowState.removeIfPossible:3226 com.android.server.wm.WindowState$DeathRecipient.binderDied:3698 android.os.IBinder$DeathRecipient.binderDied:325 android.os.BinderProxy.sendDeathNotice:781 <bottom of call stack> 
10-05 02:02:37.539  2682  6649 D RestrictionPolicy: isScreenCaptureEnabled : ret=true userId=0
10-05 02:02:37.539  4186  4186 I ViewRootImpl@b7c15db[LauncherActivity]: Setup new sync=wmsSync-ViewRootImpl@b7c15db[LauncherActivity]#56
10-05 02:02:37.539  4186  4186 I ViewRootImpl@b7c15db[LauncherActivity]: Creating new active sync group ViewRootImpl@b7c15db[LauncherActivity]#57
10-05 02:02:37.540  4186  4186 I SurfaceSyncGroup: addLocalSync=ViewRootImpl@b7c15db[LauncherActivity]#57 to name=wmsSync-ViewRootImpl@b7c15db[LauncherActivity]#56, callers=android.window.SurfaceSyncGroup.add:431 android.window.SurfaceSyncGroup.add:392 android.window.SurfaceSyncGroup.add:340 android.view.ViewRootImpl.createSyncIfNeeded:4912 android.view.ViewRootImpl.performTraversals:4796 android.view.ViewRootImpl.doTraversal:3345 
10-05 02:02:37.540  3735  3849 D EuiccConnector: transitionTo: destState=AvailableState
10-05 02:02:37.540  4186  4186 I ViewRootImpl@b7c15db[LauncherActivity]: registerCallbacksForSync syncBuffer=false
10-05 02:02:37.541  2682  6649 D WindowManager: SyncGroup 581:  Unfinished container: ActivityRecord{8b8ea7a u0 com.sec.android.app.launcher/.activities.LauncherActivity t6118} mSyncState=2
10-05 02:02:37.541  4141  4141 D RegisteredNfcFServicesCache: Service unchanged, not updating
10-05 02:02:37.542  4186  6557 I ViewRootImpl@b7c15db[LauncherActivity]: Received frameDrawingCallback syncResult=0 frameNum=1.
10-05 02:02:37.542  4186  6557 I ViewRootImpl@b7c15db[LauncherActivity]: mWNT: t=0xb400007240ca58b0 mBlastBufferQueue=0xb4000071e0cdc610 fn= 1 mRenderHdrSdrRatio=1.0 caller= android.view.ViewRootImpl$8.onFrameDraw:13946 android.view.ThreadedRenderer$1.onFrameDraw:792 <bottom of call stack> 
10-05 02:02:37.542  4186  6557 I ViewRootImpl@b7c15db[LauncherActivity]: Setting up sync and frameCommitCallback
10-05 02:02:37.542  2682  2811 D LocationManagerService: package com.csparks113.MorseCodeApp reset
10-05 02:02:37.543  3753  3753 D SysUiState: SysUiState changed: old=0x10020000 new=0x10000000
10-05 02:02:37.544  3735  3849 D EuiccConnector: handleMessage: new destination call exit/enter
10-05 02:02:37.544  3735  3849 D EuiccConnector: setupTempStateStackWithStatesToEnter: X mTempStateStackCount=1,curStateInfo: state=UnavailableState,active=true,parent=null
10-05 02:02:37.544  3735  3849 D EuiccConnector: invokeExitMethods: AvailableState
10-05 02:02:37.544  3735  3849 D EuiccConnector: moveTempStackToStateStack: i=0,j=1
10-05 02:02:37.544  3735  3849 D EuiccConnector: moveTempStackToStateStack: X mStateStackTop=1,startingIndex=1,Top=AvailableState
10-05 02:02:37.544  3735  3849 D EuiccConnector: invokeEnterMethods: AvailableState
10-05 02:02:37.544  3735  3849 D EuiccConnector: handleMessage: X
10-05 02:02:37.544  4186 20085 I HoneySpace.SystemUiRepository: systemUiFlags: awake
10-05 02:02:37.545  2682  3363 I WindowManager: WIN DEATH: Window{cb3fc09 u0 com.csparks113.MorseCodeApp/com.csparks113.MorseCodeApp.MainActivity}
10-05 02:02:37.545  2682  3363 D InputTransport: Input channel destroyed: 'cb3fc09', fd=1007
10-05 02:02:37.545  2682  3363 W InputManager-JNI: Input channel object 'cb3fc09 com.csparks113.MorseCodeApp/com.csparks113.MorseCodeApp.MainActivity (client)' was disposed without first being removed with the input manager!
10-05 02:02:37.545  2682  3363 D InputTransport: Input channel destroyed: 'cb3fc09', fd=1042
10-05 02:02:37.545  2682  3363 V WindowManager: Remove Window{cb3fc09 u0 com.csparks113.MorseCodeApp/com.csparks113.MorseCodeApp.MainActivity}: mSurfaceController=Surface(name=com.csparks113.MorseCodeApp/com.csparks113.MorseCodeApp.MainActivity$_19659)/@0xebc2723 mAnimatingExit=false mRemoveOnExit=false mHasSurface=true surfaceShowing=true animating=false app-animation=false mDisplayFrozen=false callers=com.android.server.wm.WindowState$DeathRecipient.binderDied:3698 android.os.IBinder$DeathRecipient.binderDied:325 android.os.BinderProxy.sendDeathNotice:781 <bottom of call stack> <bottom of call stack> <bottom of call stack> 
