--------- beginning of system
10-05 12:10:10.758  3682  3682 I wpa_supplicant: Heartbeat 7739
--------- beginning of main
10-05 12:10:11.240  1817 30852 I sensors-hal: handle_sns_client_event:550, [0][4725] accel_sample [-0.022, -0.118,  9.916] 127118946292917
10-05 12:10:11.292  1076  1076 D io_stats: !@   8,0 r 5140504 141824686 w 2091142 51633848 d 630725 75589500 f 0 198805 iot 2478980 0 th 0 0 0 pt 0 inp 0 0 76889.189
10-05 12:10:12.121  3753  3753 D MobileSignalTransitionManager: updateSignalTransition
10-05 12:10:12.122  3753  3753 D StatusBarIconController: ignoring old pipeline callbacks, because the new mobile icons are enabled
10-05 12:10:12.160  1942  2182 I VSyncReactor: Current= 24, Period= 24, hwcPeriod= 24
10-05 12:10:12.203  1942  1942 D SurfaceFlinger: GPIS:: requestGPISForClientComposition
10-05 12:10:12.210  1942  3360 D NativeSemDvfsManager: acquire:: timeout = 2000 mIsAcquired = 1  mTagName : SurfaceFlinger 
10-05 12:10:12.211  1942  3360 E NativeCustomFrequencyManager: [NativeCFMS] BpCustomFrequencyManager::acquire()
10-05 12:10:12.211  1828  1872 I HYPER-HAL: [RequestManager.cpp]acquire(): Acquired ID : 4330153  [1942 / 1000]    HINT : SF_GPU_MINLOCK    list : [TIMEOUT / 2000] 
10-05 12:10:12.419 31021 31328 I PlayCommon: [261] Preparing logs for uploading
10-05 12:10:12.439 31021 31328 D CompatibilityChangeReporter: Compat change id reported: 247079863; UID 10258; state: ENABLED
10-05 12:10:12.443 31021 31328 I PlayCommon: [261] Connecting to server for timestamp: https://play.googleapis.com/play/log/timestamp
10-05 12:10:12.525  2682  3626 D NetdEventListenerService: DNS Requested by 113, 10258, 71
10-05 12:10:12.907 31021 31328 I PlayCommon: [261] Connecting to server: https://play.googleapis.com/play/log?format=raw&proto_v2=true
10-05 12:10:13.101 31021 31328 I PlayCommon: [261] Successfully uploaded logs.
10-05 12:10:13.247  1817 30852 I sensors-hal: handle_sns_client_event:550, [0][4830] accel_sample [ 0.026, -0.056,  9.931] 127120954318229
10-05 12:10:13.293  1076  1076 D io_stats: !@   8,0 r 5140509 141825966 w 2091153 51633884 d 630725 75589500 f 0 198807 iot 2479020 0 th 0 0 0 pt 0 inp 0 0 76891.191
10-05 12:10:13.294  1076  1076 D io_stats: !@ Read_top(KB): loop47(4619) 12032 com.sec.epdg(3895) 4
10-05 12:10:13.294  1076  1076 D io_stats: !@ Write_top(KB): appmanager:auth(29961) 16 kworker/u16:1(28377) 12 ding:background(31021) 8
10-05 12:10:13.557  2682  5737 D SemWifiUsabilityStatsMonitor: onWifiUsabilityStats - seqNum 16213, isSameBssidAndFreq true
10-05 12:10:13.560  2682  3574 I SemWifiLinkQualityMonitor: Link stat: 672 / 43 / 1.53 (26) / 816 / -29.0 || 100.0 : 816.00 / 0.5 : 0.65 / 0.55 : 0.06 / G (G) || 0.25 ms / 31.95 Mbps / N || 0 / N / 0 N / 0 Y
10-05 12:10:13.564  3753  3753 D StatusBarIconController: ignoring old pipeline callback because the new wifi icon is enabled
10-05 12:10:13.564  3753  3843 D Tile.WifiTile: handleUpdateState isTransient=false transientEnabling =false cb.isTransient=false state.state = 2 mStateBeforeClick.value =false enabled =true
10-05 12:10:13.578  1942  2182 I VSyncReactor: Current= 24, Period= 24, hwcPeriod= 24
10-05 12:10:13.620  1942  1942 D SurfaceFlinger: GPIS:: requestGPISForClientComposition
10-05 12:10:14.033  1817 30650 I sensors-hal: handle_sns_std_sensor_event:311, [SSC_LIGHT] P: 77(77),m:7,c:21,b:70,c0:3360,l:77,f(r):104,u(bl):100,j:72
10-05 12:10:14.213  1828 31482 I HYPER-HAL: [RequestManager.cpp]releaseLocked(): Released ID : 4330153
10-05 12:10:15.257  1817 30852 I sensors-hal: handle_sns_client_event:550, [0][4935] accel_sample [-0.065, -0.127,  9.917] 127122962343021
10-05 12:10:15.294  1076  1076 D io_stats: !@   8,0 r 5140513 141826990 w 2091153 51633884 d 630725 75589500 f 0 198807 iot 2479040 0 th 0 0 0 pt 0 inp 0 1 76893.192
10-05 12:10:15.620  3753  3753 D StatusBarIconController: ignoring old pipeline callbacks, because the new mobile icons are enabled
10-05 12:10:16.346  2682  2831 I SemDvfsHyPerManager: acquire hyper - APP_LAUNCH/2682@36, type = -999
10-05 12:10:16.347  2682  6364 D ActivityTaskManager: startActivityAsUser: callingPid=31492, callingUid=2000, caller=com.android.server.wm.ActivityTaskManagerService.startActivityAsUser:1870 com.android.server.am.ActivityManagerService.startActivityAsUserWithFeature:3821 com.android.server.am.ActivityManagerShellCommand.runStartActivity:779 com.android.server.am.ActivityManagerShellCommand.onCommand:253 com.android.modules.utils.BasicShellCommandHandler.exec:97 android.os.ShellCommand.exec:38 com.android.server.am.ActivityManagerService.onShellCommand:12013 
10-05 12:10:16.347  1828  1872 I HYPER-HAL: [RequestManager.cpp]acquire(): Acquired ID : 3695157  [2682 / 36]    HINT : APP_LAUNCH    list : 
10-05 12:10:16.348  2682  2814 I ChimeraSystemEventListener: appLaunchIntent package name is: com.csparks113.MorseCodeApp
10-05 12:10:16.348  2682  6364 D CompatibilityChangeReporter: Compat change id reported: 161252188; UID 10470; state: DISABLED
10-05 12:10:16.349  2682  6364 W ActivityTaskManager: callingPackage for (uid=2000, pid=31492) has no WPC
10-05 12:10:16.350  6325  6325 I SemDvfsHyPerManager: acquire hyper - APP_START_SHORT/6325@16, type = -999
10-05 12:10:16.351  2682  6364 D WindowManager: Transition is created, t=TransitionRecord{917f83c id=-1 type=OPEN flags=0x0}, caller=com.android.server.wm.TransitionController.createAndStartCollecting:1830 com.android.server.wm.ActivityStarter.startActivityUnchecked:2374 com.android.server.wm.ActivityStarter.executeRequest:1959 com.android.server.wm.ActivityStarter.execute:1075 com.android.server.wm.ActivityTaskManagerService.startActivityAsUser:2011 
10-05 12:10:16.352  2682  6364 D WindowManager: SyncGroup is created, id=629, name=Transition, caller=com.android.server.wm.BLASTSyncEngine$SyncGroup.<init>:0 com.android.server.wm.BLASTSyncEngine.prepareSyncSet:523 com.android.server.wm.BLASTSyncEngine.startSyncSet:528 com.android.server.wm.Transition.startCollecting:704 com.android.server.wm.TransitionController.moveToCollecting:360 com.android.server.wm.TransitionController.createAndStartCollecting:1831 com.android.server.wm.ActivityStarter.startActivityUnchecked:2374 
10-05 12:10:16.352  2682  6364 W WindowManager: setSyncMethod, id=629, method=0, caller=com.android.server.wm.Transition.startCollecting:706 com.android.server.wm.TransitionController.moveToCollecting:360 com.android.server.wm.TransitionController.createAndStartCollecting:1831 
10-05 12:10:16.352  2682  6364 V WindowManager: Start collecting in Transition: TransitionRecord{917f83c id=629 type=OPEN flags=0x0}, caller=com.android.server.wm.TransitionController.createAndStartCollecting:1831 com.android.server.wm.ActivityStarter.startActivityUnchecked:2374 com.android.server.wm.ActivityStarter.executeRequest:1959 com.android.server.wm.ActivityStarter.execute:1075 com.android.server.wm.ActivityTaskManagerService.startActivityAsUser:2011 
10-05 12:10:16.352  2682  6364 V WindowManager: Collecting in transition 629: ActivityRecord{73f29c5 u0 com.csparks113.MorseCodeApp/.MainActivity, caller=com.android.server.wm.Transition.collect:753 com.android.server.wm.TransitionController.collect:975 com.android.server.wm.ActivityStarter.startActivityUnchecked:2407 com.android.server.wm.ActivityStarter.executeRequest:1959 com.android.server.wm.ActivityStarter.execute:1075 
10-05 12:10:16.352  2682  6364 D ActivityTaskManager: TaskLaunchParamsModifier:task=null activity=ActivityRecord{73f29c5 u0 com.csparks113.MorseCodeApp/.MainActivity t-1} display-id=0 task-display-area-windowing-mode=1 suggested-display-area=DefaultTaskDisplayArea_d0@71422232
10-05 12:10:16.353  2682  6364 D ActivityTaskManager: TaskLaunchParamsModifier:task=null activity=ActivityRecord{73f29c5 u0 com.csparks113.MorseCodeApp/.MainActivity t-1} display-id=0 task-display-area-windowing-mode=1 suggested-display-area=DefaultTaskDisplayArea_d0@71422232 non-freeform-task-display-area display-area=DefaultTaskDisplayArea_d0@71422232 activity-requested-portrait freeform-size-mismatch=Rect(81, 554 - 999, 1724)
10-05 12:10:16.353  1828  1872 I HYPER-HAL: [RequestManager.cpp]acquire(): Acquired ID : 20107327  [6325 / 16]    HINT : APP_START    list : [TIMEOUT / 1500] 
10-05 12:10:16.353  2682  4524 I SemDvfsHyPerManager: acquire hyper - AMS_APP_SWITCH/2682@25, type = -999
10-05 12:10:16.354  1828  1872 I HYPER-HAL: [RequestManager.cpp]acquire(): Acquired ID : 3665303  [2682 / 25]    HINT : AMS_APP_SWITCH    list : 
10-05 12:10:16.354  2682  4524 D ActivityManagerPerformance: AMP_acquire() APP_SWITCH
10-05 12:10:16.355  1942  2098 I SurfaceFlinger: id=8778 createSurf, flag=24004, Task=6311#8778
10-05 12:10:16.356  2682  6364 D ActivityTaskManager: TaskLaunchParamsModifier:task=Task{48eba4b #6311 type=standard A=10470:com.csparks113.MorseCodeApp} activity=ActivityRecord{73f29c5 u0 com.csparks113.MorseCodeApp/.MainActivity t-1} display-from-task=0 display-id=0 task-display-area-windowing-mode=1 suggested-display-area=DefaultTaskDisplayArea_d0@71422232 inherit-from-task=fullscreen non-freeform-task-display-area display-area=DefaultTaskDisplayArea_d0@71422232 activity-requested-portrait freeform-size-mismatch=Rect(81, 554 - 999, 1724)
10-05 12:10:16.356  2682  6364 V WindowManager: Collecting in transition 629: Task{48eba4b #6311 type=standard A=10470:com.csparks113.MorseCodeApp}, caller=com.android.server.wm.Transition.collect:753 com.android.server.wm.Transition.collectExistenceChange:936 com.android.server.wm.TransitionController.collectExistenceChange:1025 com.android.server.wm.ActivityStarter.setNewTask:4833 com.android.server.wm.ActivityStarter.startActivityInner:3041 
10-05 12:10:16.357  1942  2098 I SurfaceFlinger: id=8779 createSurf, flag=84004, ActivityRecord{73f29c5 u0 com.csparks113.MorseCodeApp/.MainActivity t6311}#8779
10-05 12:10:16.357  2682  6364 D ActivityTaskManager: scheduleTopResumedActivityChanged, onTop=false, r=ActivityRecord{8b8ea7a u0 com.sec.android.app.launcher/.activities.LauncherActivity t6118}, caller=com.android.server.wm.ActivityTaskSupervisor.updateTopResumedActivityIfNeeded:2873 com.android.server.wm.TaskDisplayArea.positionChildTaskAt:569 com.android.server.wm.TaskDisplayArea.positionChildAt:485 com.android.server.wm.Task.moveToFront:6140 com.android.server.wm.ActivityStarter.startActivityInner:3069 com.android.server.wm.ActivityStarter.startActivityUnchecked:2410 
10-05 12:10:16.359  6325  6325 I SemDvfsHyPerManager: acquire hyper - APP_START_SHORT/6325@16, type = -999
10-05 12:10:16.359  1828  1872 I HYPER-HAL: [RequestManager.cpp]acquire(): Acquired ID : 20107327  [6325 / 16]    HINT : APP_START    list : [TIMEOUT / 1500] 
10-05 12:10:16.360  2682  6364 V WindowManager: Checking theme of starting window: 0x7f100222
10-05 12:10:16.360  2682  6364 V WindowManager: Translucent=false Floating=false ShowWallpaper=false Disable=false
10-05 12:10:16.360  2682  6364 V WindowManager: Creating SplashScreenStartingData
10-05 12:10:16.360  2682  6364 D ActivityTaskManager: Add starting ActivityRecord{73f29c5 u0 com.csparks113.MorseCodeApp/.MainActivity t6311}: typeParam=139 startingData=com.android.server.wm.SplashScreenStartingData@7ed9d41
10-05 12:10:16.360  2682  6364 V WindowManager: Added starting ActivityRecord{73f29c5 u0 com.csparks113.MorseCodeApp/.MainActivity t6311}: startingWindow=null startingView=com.android.server.wm.StartingSurfaceController$StartingSurface@75bf2e6
10-05 12:10:16.362  2682  6364 V WindowManager: Collecting in transition 629: ActivityRecord{73f29c5 u0 com.csparks113.MorseCodeApp/.MainActivity t6311}, caller=com.android.server.wm.Transition.collect:753 com.android.server.wm.Transition.collectExistenceChange:936 com.android.server.wm.TransitionController.collectExistenceChange:1025 com.android.server.wm.ActivityStarter.handleStartResult:2632 com.android.server.wm.ActivityStarter.startActivityUnchecked:2415 
10-05 12:10:16.362  2682  6364 V WindowManager: Requesting StartTransition: TransitionRecord{917f83c id=629 type=OPEN flags=0x0}, caller=com.android.server.wm.ActivityStarter.handleStartResult:2666 com.android.server.wm.ActivityStarter.startActivityUnchecked:2415 com.android.server.wm.ActivityStarter.executeRequest:1959 com.android.server.wm.ActivityStarter.execute:1075 com.android.server.wm.ActivityTaskManagerService.startActivityAsUser:2011 
10-05 12:10:16.362  2682  6364 I ActivityTaskManager: START u0 {flg=0x10000000 cmp=com.csparks113.MorseCodeApp/.MainActivity} with LAUNCH_SINGLE_TASK from uid 2000 (BAL_ALLOW_PERMISSION) result code=0
10-05 12:10:16.362  2682  6364 I Pageboost: stop alp
10-05 12:10:16.363  2682  6364 I UMR     : ReclaimerPolicyManager: update policy 0 -> 3
10-05 12:10:16.363  2682  6364 I SemDvfsHyPerManager: acquire hyper - AMS_APP_LAUNCH/2682@22, type = -999
10-05 12:10:16.363  4583  4583 E pageboostd: Received HALT command code 2
10-05 12:10:16.363  1828  1872 I HYPER-HAL: [RequestManager.cpp]acquire(): Acquired ID : 3657182  [2682 / 22]    HINT : AMS_APP_LAUNCH    list : 
10-05 12:10:16.363  2682 25338 I UMR     : KswapdReclaimer: suppress begin
10-05 12:10:16.365  3753  3813 V WindowManagerShell: Transition requested: android.os.BinderProxy@d13faec TransitionRequestInfo { type = OPEN, triggerTask = TaskInfo{userId=0 taskId=6311 displayId=0 isRunning=true baseIntent=Intent { flg=0x10000000 cmp=com.csparks113.MorseCodeApp/.MainActivity } baseActivity=ComponentInfo{com.csparks113.MorseCodeApp/com.csparks113.MorseCodeApp.MainActivity} topActivity=ComponentInfo{com.csparks113.MorseCodeApp/com.csparks113.MorseCodeApp.MainActivity} origActivity=null realActivity=ComponentInfo{com.csparks113.MorseCodeApp/com.csparks113.MorseCodeApp.MainActivity} numActivities=1 lastActiveTime=127124083 supportsMultiWindow=true resizeMode=1 isResizeable=true minWidth=-1 minHeight=-1 maxWidth=-1 maxHeight=-1 defaultMinSize=220 token=WCT{android.window.IWindowContainerToken$Stub$Proxy@67deeb5} topActivityType=1 pictureInPictureParams=null shouldDockBigOverlays=false launchIntoPipHostTaskId=-1 lastParentTaskIdBeforePip=-1 displayCutoutSafeInsets=Rect(0, 74 - 0, 0) topActivityInfo=ActivityInfo{757f94a com.csparks113.MorseCodeApp.MainActivity} launchCookies=[] positionInParent=Point(0, 0) parentTaskId=-1 isFocused=false isVisible=false isVisibleRequested=false isSleeping=false topActivityInSizeCompat=false topActivityEligibleForLetterboxEducation= false topActivityLetterboxed= false isFromDoubleTap= false topActivityLetterboxVerticalPosition= -1 topActivityLetterboxHorizontalPosition= -1 topActivityLetterboxWidth=-1 topActivityLetterboxHeight=-1 locusId=null displayAreaFeatureId=1 cameraCompatControlState=hidden originallySupportedMultiWindow=true hasWallpaper=false topActivityInFixedAspectRatio=false rootAffinity=10470:com.csparks113.MorseCodeApp topActivityInDisplayCompat=false topActivityInBoundsCompat=false topActivityBounds=null singleTapFromLetterbox=false isTopTaskInStage=false topActivityUiMode=17 CoverLauncherWidgetTask=false CoverScreenTask=false isAllowedSeamlessRotation=false isTopTransparentActivity=false hasPopOver=false}, remoteTransition = null, displayChange = null }
10-05 12:10:16.365  2207 14927 I CameraService: onUidStateChanged: uid=10048, procState is changed. (0 -> 1)
10-05 12:10:16.365  3753  3848 D NativeCustomFrequencyManager: [NativeCFMS] BpCustomFrequencyManager::BpCustomFrequencyManager()
10-05 12:10:16.367  4186  4186 I HoneySpace.Launcher: !@Boot_EBS_D: Launcher.onPause()
10-05 12:10:16.367  4186  4186 I HoneySpace.Launcher: updateLauncherShowing true -> false
10-05 12:10:16.367  4186 31216 I HoneySpace.SPayHandler: updateSpayHandler launcher activity is paused false
10-05 12:10:16.367  2682  6925 D InputTransport: Input channel constructed: 'bb5cc7d', fd=723
10-05 12:10:16.367  2682  6925 D InputTransport: Input channel constructed: 'bb5cc7d', fd=824
10-05 12:10:16.367  2682  6925 D InputTransport: Input channel constructed: 'bb5cc7d', fd=855
10-05 12:10:16.367  2682  6925 D WindowManager: prepareSync <SYNC_STATE_WAITING_FOR_DRAW>, mPrepareSyncSeqId=0, win=Window{bb5cc7d u0 Splash Screen com.csparks113.MorseCodeApp}
10-05 12:10:16.367  6325  6325 I SemDvfsHyPerManager: acquire hyper - APP_START/6325@18, type = -999
10-05 12:10:16.367  1942  2098 I SurfaceFlinger: id=8780 createSurf, flag=84004, bb5cc7d Splash Screen com.csparks113.MorseCodeApp#8780
10-05 12:10:16.368  1828  1872 I HYPER-HAL: [RequestManager.cpp]acquire(): Acquired ID : 20120014  [6325 / 18]    HINT : APP_START    list : 
10-05 12:10:16.368  2682  6925 V WindowManager: addWindow: ActivityRecord{73f29c5 u0 com.csparks113.MorseCodeApp/.MainActivity t6311} startingWindow=Window{bb5cc7d u0 Splash Screen com.csparks113.MorseCodeApp}
10-05 12:10:16.368  2682  6925 D InputTransport: Input channel destroyed: 'bb5cc7d', fd=855
10-05 12:10:16.369  2682  6364 V WindowManager: Starting Transition 629, caller=com.android.server.wm.WindowOrganizerController.startTransition:382 com.android.server.wm.WindowOrganizerController.startTransition:313 android.window.IWindowOrganizerController$Stub.onTransact:257 
10-05 12:10:16.369  2682  6364 V Transition:  allReady query: used=true, override=false, defer=0, states=Display{#0 state=ON size=1080x2340 ROTATION_0}:false
10-05 12:10:16.369  1942  1942 D SurfaceFlinger: GPIS:: requestGPISForClientComposition
10-05 12:10:16.369  3753  3827 I InsetsController: onStateChanged: host=Splash Screen com.csparks113.MorseCodeApp, from=android.view.ViewRootImpl.setView:1797, state=InsetsState: {mDisplayFrame=Rect(0, 0 - 1080, 2340), mDisplayCutout=DisplayCutout{insets=Rect(0, 74 - 0, 0) waterfall=Insets{left=0, top=0, right=0, bottom=0} boundingRect={Bounds=[Rect(0, 0 - 0, 0), Rect(514, 0 - 566, 74), Rect(0, 0 - 0, 0), Rect(0, 0 - 0, 0)]} cutoutPathParserInfo={CutoutPathParserInfo{displayWidth=1080 displayHeight=2340 physicalDisplayWidth=1080 physicalDisplayHeight=2340 density={2.8125} cutoutSpec={M 0,0 H -9.244444444444444 V 26.31111111111111 H 9.244444444444444 V 0 H 0 Z @dp} rotation={0} scale={1.0} physicalPixelDisplaySizeRatio={1.0}}}}, mRoundedCorners=RoundedCorners{[RoundedCorner{position=TopLeft, radius=101, center=Point(101, 101)}, RoundedCorner{position=TopRight, radius=101, center=Point(979, 101)}, RoundedCorner{position=BottomRight, radius=101, center=Point(979, 2239)}, RoundedCorner{position=BottomLeft, radius=101, center=Point(101, 2239)}]}  mRoundedCornerFrame=Rect(0, 0 - 1080, 2340), mPrivacyIndicatorBounds=PrivacyIndicatorBounds {static bounds=Rect(956, 0 - 1080, 74) rotation=0}, mDisplayShape=DisplayShape{ spec=-311912193 displayWidth=1080 displayHeight=2340 physicalPixelDisplaySizeRatio=1.0 rotation=0 offsetX=0 offsetY=0 scale=1.0}, mSources= { InsetsSource: {d7ac0001 mType=navigationBars mFrame=[0,2205][1080,2340] mVisible=true mFlags=[]}, InsetsSource: {d7ac0004 mType=systemGestures mFrame=[0,0][0,0] mVisible=true mFlags=[]}, InsetsSource: {d7ac0005 mType=mandatorySystemGestures mFrame=[0,2205][1080,2340] mVisible=true mFlags=[]}, InsetsSource: {d7ac0006 mType=tappableElement mFrame=[0,2205][1080,2340] mVisible=true mFlags=[]}, InsetsSource: {d7ac0024 mType=systemGestures mFrame=[0,0][0,0] mVisible=true mFlags=[]}, InsetsSource: {f8e40000 mType=statusBars mFrame=[0,0][1080,74] mVisible=true mFlags=[]}, InsetsSource: {f8e40005 mType=mandatorySystemGestures mFrame=[0,0][1080,108] mVisible=true mFlags=[]}, InsetsSource: {f8e40006 mType=tappableElement mFrame=[0,0][1080,74] mVisible=true mFlags=[]}, InsetsSource: {27 mType=displayCutout mFrame=[0,0][1080,74] mVisible=true mFlags=[]} }
10-05 12:10:16.369  3753  3827 I ViewRootImpl@93c499f[MorseCodeApp]: synced displayState. AttachInfo displayState=2
10-05 12:10:16.369  3753  3827 I ViewRootImpl@93c499f[MorseCodeApp]: setView = android.widget.FrameLayout@c6bc131 TM=true
10-05 12:10:16.370  3753  3848 D OpenGLRenderer: HWUI - treat SMPTE_170M as sRGB
10-05 12:10:16.370  1942  2182 I VSyncReactor: Current= 24, Period= 24, hwcPeriod= 24
10-05 12:10:16.371  1942  3360 D NativeSemDvfsManager: acquire:: timeout = 2000 mIsAcquired = 1  mTagName : SurfaceFlinger 
10-05 12:10:16.371  1942  3360 E NativeCustomFrequencyManager: [NativeCFMS] BpCustomFrequencyManager::acquire()
10-05 12:10:16.371  1828  1872 I HYPER-HAL: [RequestManager.cpp]acquire(): Acquired ID : 4330153  [1942 / 1000]    HINT : SF_GPU_MINLOCK    list : [TIMEOUT / 2000] 
10-05 12:10:16.372  2682  6655 V WindowManager: Collecting in transition 629: ActivityRecord{73f29c5 u0 com.csparks113.MorseCodeApp/.MainActivity t6311}, caller=com.android.server.wm.Transition.collect:753 com.android.server.wm.TransitionController.collect:975 com.android.server.wm.ActivityRecord.setVisibility:6429 com.android.server.wm.ActivityRecord.setVisibility:6381 com.android.server.wm.EnsureActivitiesVisibleHelper.makeVisibleAndRestartIfNeeded:338 
10-05 12:10:16.372  2682  6655 V WindowManager: Collecting in transition 629: ActivityRecord{8b8ea7a u0 com.sec.android.app.launcher/.activities.LauncherActivity t6118}, caller=com.android.server.wm.Transition.collect:753 com.android.server.wm.TransitionController.collect:975 com.android.server.wm.ActivityRecord.setVisibility:6429 com.android.server.wm.ActivityRecord.setVisibility:6381 com.android.server.wm.ActivityRecord.makeInvisible:7223 
10-05 12:10:16.372  2682  6655 D WindowManager: prepareSync <SYNC_STATE_WAITING_FOR_DRAW>, mPrepareSyncSeqId=0, win=Window{f234a46 u0 com.sec.android.app.launcher/com.sec.android.app.launcher.activities.LauncherActivity}
10-05 12:10:16.372  2682  6655 V WindowManager: Collecting in transition 629: WallpaperWindowToken{dddb90e token=android.os.Binder@3c09c10}, caller=com.android.server.wm.Transition.collect:753 com.android.server.wm.Transition.collect:841 com.android.server.wm.Transition.collect:753 com.android.server.wm.TransitionController.collect:975 com.android.server.wm.ActivityRecord.setVisibility:6429 
10-05 12:10:16.373  2682  6655 D WindowManager: VisibleRequested updated, r=ActivityRecord{8b8ea7a u0 com.sec.android.app.launcher/.activities.LauncherActivity t6118}
10-05 12:10:16.374  2682  6925 V WindowManager: Relayout Window{bb5cc7d u0 Splash Screen com.csparks113.MorseCodeApp}: viewVisibility=0 req=1080x2340 ty=3 d0
10-05 12:10:16.374  2682  6925 D RestrictionPolicy: isScreenCaptureEnabled : ret=true userId=0
10-05 12:10:16.374  4186  4351 I HoneySpace.TopTaskSource: onTaskMovedToFront : taskId = 6311
10-05 12:10:16.374  1942  3303 I SurfaceFlinger: id=8781 createSurf, flag=44004, Splash Screen com.csparks113.MorseCodeApp$_3753#8781
10-05 12:10:16.375  4186  4353 I HoneySpace.TopTaskUseCase: topTasks 6311 ComponentInfo{com.csparks113.MorseCodeApp/com.csparks113.MorseCodeApp.MainActivity}
10-05 12:10:16.375  2682  6925 D WindowManager: makeSurface duration=1 name=Splash Screen com.csparks113.MorseCodeApp$_3753
10-05 12:10:16.376  2682  6925 V WindowManager: Changing focus from Window{f234a46 u0 com.sec.android.app.launcher/com.sec.android.app.launcher.activities.LauncherActivity} to null displayId=0 Callers=com.android.server.wm.RootWindowContainer.updateFocusedWindowLocked:581 com.android.server.wm.WindowManagerService.updateFocusedWindowLocked:6910 com.android.server.wm.WindowManagerService.relayoutWindow:2777 com.android.server.wm.Session.relayout:282 
10-05 12:10:16.376  2682  6925 V SystemKeyManager: updateFocusedWindow() is called, 
10-05 12:10:16.376  2682  6925 V WindowManager: rotationForOrientation(orient=SCREEN_ORIENTATION_PORTRAIT (1), last=ROTATION_0 (0)); user=ROTATION_0 (0) USER_ROTATION_LOCKED
10-05 12:10:16.376  2682  6925 D WindowManager: rotationForOrientation, orientationSource=ActivityRecord{73f29c5 u0 com.csparks113.MorseCodeApp/.MainActivity t6311}
10-05 12:10:16.376  2682  6925 V WindowManager: Computed rotation=ROTATION_0 (0) for display id=0 based on lastOrientation=SCREEN_ORIENTATION_PORTRAIT (1) and oldRotation=ROTATION_0 (0), caller=com.android.server.wm.DisplayRotation.updateOrientation:525 com.android.server.wm.DisplayContent.updateOrientation:2181 com.android.server.wm.DisplayContent.updateOrientation:2071 com.android.server.wm.WindowManagerService.relayoutWindow:2814 com.android.server.wm.Session.relayout:282 android.view.IWindowSession$Stub.onTransact:782 
10-05 12:10:16.376  2682  3220 D CoreBackPreview: Window{bb5cc7d u0 Splash Screen com.csparks113.MorseCodeApp}: Setting back callback OnBackInvokedCallbackInfo{mCallback=android.window.IOnBackInvokedCallback$Stub$Proxy@7970e35, mPriority=0, mIsAnimationCallback=false}
10-05 12:10:16.377  2682  6925 V WindowManager: Relayout hash=bb5cc7d, pid=3753, syncId=-1: mAttrs={(0,0)(fillxfill) sim={adjust=pan} ty=APPLICATION_STARTING fmt=TRANSLUCENT wanim=0x10302f2
10-05 12:10:16.377  2682  6925 V WindowManager:   fl=81030118
10-05 12:10:16.377  2682  6925 V WindowManager:   pfl=16000010
10-05 12:10:16.377  2682  6925 V WindowManager:   bhv=DEFAULT
10-05 12:10:16.377  2682  6925 V WindowManager:   fitSides= naviIconColor=0}
10-05 12:10:16.377  3753  3827 I InsetsController: onStateChanged: host=Splash Screen com.csparks113.MorseCodeApp, from=android.view.ViewRootImpl.relayoutWindow:10165, state=InsetsState: {mDisplayFrame=Rect(0, 0 - 1080, 2340), mDisplayCutout=DisplayCutout{insets=Rect(0, 74 - 0, 0) waterfall=Insets{left=0, top=0, right=0, bottom=0} boundingRect={Bounds=[Rect(0, 0 - 0, 0), Rect(514, 0 - 566, 74), Rect(0, 0 - 0, 0), Rect(0, 0 - 0, 0)]} cutoutPathParserInfo={CutoutPathParserInfo{displayWidth=1080 displayHeight=2340 physicalDisplayWidth=1080 physicalDisplayHeight=2340 density={2.8125} cutoutSpec={M 0,0 H -9.244444444444444 V 26.31111111111111 H 9.244444444444444 V 0 H 0 Z @dp} rotation={0} scale={1.0} physicalPixelDisplaySizeRatio={1.0}}}}, mRoundedCorners=RoundedCorners{[RoundedCorner{position=TopLeft, radius=101, center=Point(101, 101)}, RoundedCorner{position=TopRight, radius=101, center=Point(979, 101)}, RoundedCorner{position=BottomRight, radius=101, center=Point(979, 2239)}, RoundedCorner{position=BottomLeft, radius=101, center=Point(101, 2239)}]}  mRoundedCornerFrame=Rect(0, 0 - 1080, 2340), mPrivacyIndicatorBounds=PrivacyIndicatorBounds {static bounds=Rect(956, 0 - 1080, 74) rotation=0}, mDisplayShape=DisplayShape{ spec=-311912193 displayWidth=1080 displayHeight=2340 physicalPixelDisplaySizeRatio=1.0 rotation=0 offsetX=0 offsetY=0 scale=1.0}, mSources= { InsetsSource: {d7ac0001 mType=navigationBars mFrame=[0,2205][1080,2340] mVisible=true mFlags=[]}, InsetsSource: {d7ac0004 mType=systemGestures mFrame=[0,0][0,0] mVisible=true mFlags=[]}, InsetsSource: {d7ac0005 mType=mandatorySystemGestures mFrame=[0,2205][1080,2340] mVisible=true mFlags=[]}, InsetsSource: {d7ac0006 mType=tappableElement mFrame=[0,2205][1080,2340] mVisible=true mFlags=[]}, InsetsSource: {d7ac0024 mType=systemGestures mFrame=[0,0][0,0] mVisible=true mFlags=[]}, InsetsSource: {f8e40000 mType=statusBars mFrame=[0,0][1080,74] mVisible=true mFlags=[]}, InsetsSource: {f8e40005 mType=mandatorySystemGestures mFrame=[0,0][1080,108] mVisible=true mFlags=[]}, InsetsSource: {f8e40006 mType=tappableElement mFrame=[0,0][1080,74] mVisible=true mFlags=[]}, InsetsSource: {3 mType=ime mFrame=[0,0][0,0] mVisible=false mFlags=[]}, InsetsSource: {27 mType=displayCutout mFrame=[0,0][1080,74] mVisible=true mFlags=[]} }
10-05 12:10:16.377  3753  3827 I BufferQueueProducer: [](id:ea900000159,api:0,p:-1,c:3753) setDequeueTimeout:2077252342
10-05 12:10:16.377  3753  3827 I BLASTBufferQueue_Java: new BLASTBufferQueue, mName= ViewRootImpl@93c499f[MorseCodeApp] mNativeObject= 0xb4000071e0d19830 sc.mNativeObject= 0xb400007350c80350 caller= android.view.ViewRootImpl.updateBlastSurfaceIfNeeded:3085 android.view.ViewRootImpl.relayoutWindow:10224 android.view.ViewRootImpl.performTraversals:4167 android.view.ViewRootImpl.doTraversal:3345 android.view.ViewRootImpl$TraversalRunnable.run:11437 android.view.Choreographer$CallbackRecord.run:1690 android.view.Choreographer$CallbackRecord.run:1699 android.view.Choreographer.doCallbacks:1154 android.view.Choreographer.doFrame:1080 android.view.Choreographer$FrameDisplayEventReceiver.run:1647 
10-05 12:10:16.378  3753  3827 I BLASTBufferQueue_Java: update, w= 1080 h= 2340 mName = ViewRootImpl@93c499f[MorseCodeApp] mNativeObject= 0xb4000071e0d19830 sc.mNativeObject= 0xb400007350c80350 format= -3 caller= android.graphics.BLASTBufferQueue.<init>:89 android.view.ViewRootImpl.updateBlastSurfaceIfNeeded:3085 android.view.ViewRootImpl.relayoutWindow:10224 android.view.ViewRootImpl.performTraversals:4167 android.view.ViewRootImpl.doTraversal:3345 android.view.ViewRootImpl$TraversalRunnable.run:11437 
10-05 12:10:16.378  2682  2814 D CompatibilityChangeReporter: Compat change id reported: 135634846; UID 10470; state: DISABLED
10-05 12:10:16.378  2682  2814 D CompatibilityChangeReporter: Compat change id reported: 177438394; UID 10470; state: DISABLED
10-05 12:10:16.378  2682  2814 D CompatibilityChangeReporter: Compat change id reported: 135772972; UID 10470; state: DISABLED
10-05 12:10:16.378  2682  2814 D CompatibilityChangeReporter: Compat change id reported: 135754954; UID 10470; state: ENABLED
10-05 12:10:16.378  3753  3827 I ViewRootImpl@93c499f[MorseCodeApp]: Relayout returned: old=(0,0,1080,2340) new=(0,0,1080,2340) relayoutAsync=false req=(1080,2340)0 dur=6 res=0x403 s={true 0xb400007410e4fd00} ch=true seqId=0
10-05 12:10:16.378  3753  3827 I ViewRootImpl@93c499f[MorseCodeApp]: performConfigurationChange setNightDimText nightDimLevel=0
10-05 12:10:16.378  3753  3827 D ViewRootImpl@93c499f[MorseCodeApp]: mThreadedRenderer.initialize() mSurface={isValid=true 0xb400007410e4fd00} hwInitialized=true
10-05 12:10:16.378  2682  2832 D CompatibilityChangeReporter: Compat change id reported: 143937733; UID 10470; state: ENABLED
10-05 12:10:16.379  3753  3827 D ViewRootImpl@93c499f[MorseCodeApp]: reportNextDraw android.view.ViewRootImpl.performTraversals:4781 android.view.ViewRootImpl.doTraversal:3345 android.view.ViewRootImpl$TraversalRunnable.run:11437 android.view.Choreographer$CallbackRecord.run:1690 android.view.Choreographer$CallbackRecord.run:1699 
10-05 12:10:16.379  3753  3827 I ViewRootImpl@93c499f[MorseCodeApp]: Setup new sync=wmsSync-ViewRootImpl@93c499f[MorseCodeApp]#14
10-05 12:10:16.379  3753  3827 I ViewRootImpl@93c499f[MorseCodeApp]: Creating new active sync group ViewRootImpl@93c499f[MorseCodeApp]#15
10-05 12:10:16.379  3753  3827 I SurfaceSyncGroup: addLocalSync=ViewRootImpl@93c499f[MorseCodeApp]#15 to name=wmsSync-ViewRootImpl@93c499f[MorseCodeApp]#14, callers=android.window.SurfaceSyncGroup.add:431 android.window.SurfaceSyncGroup.add:392 android.window.SurfaceSyncGroup.add:340 android.view.ViewRootImpl.createSyncIfNeeded:4912 android.view.ViewRootImpl.performTraversals:4796 android.view.ViewRootImpl.doTraversal:3345 
10-05 12:10:16.379  4186 31214 I HoneySpace.RecentTasks: onRecentTasksChanged
10-05 12:10:16.379  2682  2814 D SGM:FgCheckThread: notePauseComponent(), received pkgName: com.sec.android.app.launcher, userId: 0
10-05 12:10:16.379  3753  3827 I ViewRootImpl@93c499f[MorseCodeApp]: registerCallbacksForSync syncBuffer=false
10-05 12:10:16.380  2682  3544 I CocktailBarManagerServiceContainer: handleMessage: entry what = 6
10-05 12:10:16.380  4186 31216 I HoneySpace.RecentTasks: onRecentTasksChanged
10-05 12:10:16.382  2682  3594 D SemWifiPackageInfo: isSkipCategory - skip:FAILED
10-05 12:10:16.382  2682  3594 D SemWifiTransportLayerMonitor.TcpMonitorHandler: MSG_SAVE_PACKAGE_INFO
10-05 12:10:16.382  2682  3594 D SemWifiTransportLayerFileManager: saveWifiPackageInfoToFile
10-05 12:10:16.382  2682  3594 D SemWifiTransportLayerFileManager: writeWifiPackageInfoList
10-05 12:10:16.382  3753  4689 I ViewRootImpl@93c499f[MorseCodeApp]: Received frameDrawingCallback syncResult=0 frameNum=1.
10-05 12:10:16.382  2682  2814 I ActivityManager: Killing 27349:com.google.android.cellbroadcastreceiver/u0a302 (adj 999): empty #33
10-05 12:10:16.382  3753  4689 I ViewRootImpl@93c499f[MorseCodeApp]: mWNT: t=0xb400007240d114f0 mBlastBufferQueue=0xb4000071e0d19830 fn= 1 mRenderHdrSdrRatio=1.0 caller= android.view.ViewRootImpl$8.onFrameDraw:13946 android.view.ThreadedRenderer$1.onFrameDraw:792 <bottom of call stack> 
10-05 12:10:16.383  3753  4689 I ViewRootImpl@93c499f[MorseCodeApp]: Setting up sync and frameCommitCallback
10-05 12:10:16.383  2682  2814 W ProcessStats: Tracking association SourceState{4703561 com.samsung.android.spay/10402 ImpBg #152657} whose proc state 6 is better than process ProcessState{fc0c659 com.samsung.android.spayfw/5279 pkg=com.samsung.android.spayfw} proc state 8 (52 skipped)
10-05 12:10:16.383  3753  3848 I BLASTBufferQueue: [ViewRootImpl@93c499f[MorseCodeApp]#344](f:0,a:0,s:0) onFrameAvailable the first frame is available
10-05 12:10:16.384  2682  2855 I libprocessgroup: Successfully killed process cgroup uid 10302 pid 27349 in 0ms
10-05 12:10:16.384  3753  3848 I ViewRootImpl@93c499f[MorseCodeApp]: Received frameCommittedCallback lastAttemptedDrawFrameNum=1 didProduceBuffer=true
10-05 12:10:16.384  3753  3848 I SurfaceSyncGroup: onTransactionReady mName=wmsSync-ViewRootImpl@93c499f[MorseCodeApp]#14 callback=100711300
10-05 12:10:16.386  3753  3848 D OpenGLRenderer: CFMS:: SetUp Pid : 3753    Tid : 3848
10-05 12:10:16.386  3753  3827 I ViewRootImpl@93c499f[MorseCodeApp]: reportDrawFinished seqId=0
10-05 12:10:16.387  2682  6925 D WindowManager: finishDrawingWindow: Window{bb5cc7d u0 Splash Screen com.csparks113.MorseCodeApp} mDrawState=DRAW_PENDING seqId=0
10-05 12:10:16.387  2682  6925 V WindowManager: Finishing drawing window Window{bb5cc7d u0 Splash Screen com.csparks113.MorseCodeApp}: mDrawState=DRAW_PENDING
10-05 12:10:16.387  2682  6925 V WindowManager: Draw state now committed in Window{bb5cc7d u0 Splash Screen com.csparks113.MorseCodeApp}
10-05 12:10:16.388  2682  2815 V Transition:  allReady query: used=true, override=false, defer=0, states=Display{#0 state=ON size=1080x2340 ROTATION_0}:true
10-05 12:10:16.389  1765  1765 D Zygote  : Forked child process 31502
10-05 12:10:16.390  2682  2832 I ActivityManager: Start proc 31502:com.csparks113.MorseCodeApp/u0a470 for next-top-activity {com.csparks113.MorseCodeApp/com.csparks113.MorseCodeApp.MainActivity}
10-05 12:10:16.390  2682  2832 D DynamicHiddenApp_BGProtectManager: [SecIpm] it's a ML_TYPE_EMPTYPROCESS protected process com.csparks113.MorseCodeApp
10-05 12:10:16.390  2682  2815 V WindowManager: SyncGroup 629: Finished!
10-05 12:10:16.390  2682  2815 V WindowManager: performShowLocked: mDrawState=HAS_DRAWN in Window{bb5cc7d u0 Splash Screen com.csparks113.MorseCodeApp}
10-05 12:10:16.390  2682  2815 D ChangeTransitionController: onTransactionReady: TransitionRecord{917f83c id=629 type=OPEN flags=0x0}
10-05 12:10:16.390  2682  2815 V WindowManager: Start calculating TransitionInfo based on participants: {Task{48eba4b #6311 type=standard A=10470:com.csparks113.MorseCodeApp}, ActivityRecord{73f29c5 u0 com.csparks113.MorseCodeApp/.MainActivity t6311}, ActivityRecord{8b8ea7a u0 com.sec.android.app.launcher/.activities.LauncherActivity t6118}, WallpaperWindowToken{dddb90e token=android.os.Binder@3c09c10}}
10-05 12:10:16.391  2682  2815 V WindowManager:   Final targets: [Task{48eba4b #6311 type=standard A=10470:com.csparks113.MorseCodeApp}, Task{f3c2ee1 #1 type=home}]
10-05 12:10:16.391  1942  2098 I SurfaceFlinger: id=8782 createSurf, flag=84004, Transition Root: Task=6311#8782
10-05 12:10:16.392  2682  2815 I SurfaceControl: show, t=StartTransaction_SyncId<629>, sc=Surface(name=ActivityRecord{73f29c5 u0 com.csparks113.MorseCodeApp/.MainActivity t6311})/@0x91f3a2b, caller=com.android.server.wm.Transition.onTransactionReady:2012 com.android.server.wm.BLASTSyncEngine$SyncGroup.finishNow:321 com.android.server.wm.BLASTSyncEngine$SyncGroup.tryFinish:242 com.android.server.wm.BLASTSyncEngine$SyncGroup.-$$Nest$mtryFinish:0 com.android.server.wm.BLASTSyncEngine.onSurfacePlacement:685 com.android.server.wm.RootWindowContainer.performSurfacePlacementNoTrace:993 
10-05 12:10:16.392  2682  2815 V WindowManager: Calling onTransitionReady: {id=629 t=OPEN f=0x0 trk=0 r=[0@Point(0, 0)] c=[
10-05 12:10:16.392  2682  2815 V WindowManager:         {WCT{RemoteToken{fcedc46 Task{48eba4b #6311 type=standard A=10470:com.csparks113.MorseCodeApp}}} m=OPEN f=NONE leash=Surface(name=Task=6311)/@0xe470e88 sb=Rect(0, 0 - 1080, 2340) eb=Rect(0, 0 - 1080, 2340) d=0 dim=true inset=Rect(0, 74 - 0, 135)},
10-05 12:10:16.392  2682  2815 V WindowManager:         {WCT{RemoteToken{8a2dd32 Task{f3c2ee1 #1 type=home}}} m=TO_BACK f=SHOW_WALLPAPER|EDGE_EXTENSION_RESTRICTION leash=Surface(name=Task=1)/@0x2153294 sb=Rect(0, 0 - 1080, 2340) eb=Rect(0, 0 - 1080, 2340) d=0 inset=Rect(0, 74 - 0, 135)}
10-05 12:10:16.392  2682  2815 V WindowManager:     ]}
10-05 12:10:16.393  2682  2815 I WindowManager: Cancelling animation restarting=true, leash=Surface(name=Surface(name=d881b57 StatusBar)/@0xb0f33d1 - animation-leash of insets_animation)/@0xbced347
10-05 12:10:16.393  2682  2815 I WindowManager: Reparenting to original parent: Surface(name=WindowToken{92e68f1 type=2000 android.os.BinderProxy@948d27b})/@0xbe8ee36, destroy=false, surface=Surface(name=d881b57 StatusBar)/@0xb0f33d1
10-05 12:10:16.393  2682  2811 V WindowManager: Sent Transition #629 createdAt=10-05 12:10:16.351 via request=TransitionRequestInfo { type = OPEN, triggerTask = TaskInfo{userId=0 taskId=6311 displayId=0 isRunning=true baseIntent=Intent { flg=0x10000000 cmp=com.csparks113.MorseCodeApp/.MainActivity } baseActivity=ComponentInfo{com.csparks113.MorseCodeApp/com.csparks113.MorseCodeApp.MainActivity} topActivity=ComponentInfo{com.csparks113.MorseCodeApp/com.csparks113.MorseCodeApp.MainActivity} origActivity=null realActivity=ComponentInfo{com.csparks113.MorseCodeApp/com.csparks113.MorseCodeApp.MainActivity} numActivities=1 lastActiveTime=127124083 supportsMultiWindow=true resizeMode=1 isResizeable=true minWidth=-1 minHeight=-1 maxWidth=-1 maxHeight=-1 defaultMinSize=220 token=WCT{RemoteToken{fcedc46 Task{48eba4b #6311 type=standard A=10470:com.csparks113.MorseCodeApp}}} topActivityType=1 pictureInPictureParams=null shouldDockBigOverlays=false launchIntoPipHostTaskId=-1 lastParentTaskIdBeforePip=-1 displayCutoutSafeInsets=Rect(0, 74 - 0, 0) topActivityInfo=ActivityInfo{6554e07 com.csparks113.MorseCodeApp.MainActivity} launchCookies=[] positionInParent=Point(0, 0) parentTaskId=-1 isFocused=false isVisible=false isVisibleRequested=false isSleeping=false topActivityInSizeCompat=false topActivityEligibleForLetterboxEducation= false topActivityLetterboxed= false isFromDoubleTap= false topActivityLetterboxVerticalPosition= -1 topActivityLetterboxHorizontalPosition= -1 topActivityLetterboxWidth=-1 topActivityLetterboxHeight=-1 locusId=null displayAreaFeatureId=1 cameraCompatControlState=hidden originallySupportedMultiWindow=true hasWallpaper=false topActivityInFixedAspectRatio=false rootAffinity=10470:com.csparks113.MorseCodeApp topActivityInDisplayCompat=false topActivityInBoundsCompat=false topActivityBounds=null singleTapFromLetterbox=false isTopTaskInStage=false topActivityUiMode=17 CoverLauncherWidgetTask=false CoverScreenTask=false isAllowedSeamlessRotation=false isTopTransparentActivity=false hasPopOver=false}, remoteTransition = null, displayChange = null }
10-05 12:10:16.393  2682  2815 I WindowManager: Reparenting to leash, surface=Surface(name=d881b57 StatusBar)/@0xb0f33d1, leashParent=Surface(name=WindowToken{92e68f1 type=2000 android.os.BinderProxy@948d27b})/@0xbe8ee36
10-05 12:10:16.393  2682  2811 V WindowManager:     startWCT=WindowContainerTransaction { changes = {} hops = [] errorCallbackToken=null taskFragmentOrganizer=null }
10-05 12:10:16.393  2682  2811 V WindowManager:     info={id=629 t=OPEN f=0x0 trk=0 r=[0@Point(0, 0)] c=[
10-05 12:10:16.393  2682  2811 V WindowManager:         {WCT{RemoteToken{fcedc46 Task{48eba4b #6311 type=standard A=10470:com.csparks113.MorseCodeApp}}} m=OPEN f=NONE leash=Surface(name=Task=6311)/@0xe470e88 sb=Rect(0, 0 - 1080, 2340) eb=Rect(0, 0 - 1080, 2340) d=0 dim=true inset=Rect(0, 74 - 0, 135)},
10-05 12:10:16.393  2682  2811 V WindowManager:         {WCT{RemoteToken{8a2dd32 Task{f3c2ee1 #1 type=home}}} m=TO_BACK f=SHOW_WALLPAPER|EDGE_EXTENSION_RESTRICTION leash=Surface(name=Task=1)/@0x2153294 sb=Rect(0, 0 - 1080, 2340) eb=Rect(0, 0 - 1080, 2340) d=0 inset=Rect(0, 74 - 0, 135)}
10-05 12:10:16.393  2682  2811 V WindowManager:     ]}
10-05 12:10:16.394  1942  3303 I SurfaceFlinger: id=8783 createSurf, flag=24000, Surface(name=d881b57 StatusBar)/@0xb0f33d1 - animation-leash of insets_animation#8783
10-05 12:10:16.393  3753  3813 V WindowManagerShell: onTransitionReady android.os.BinderProxy@d13faec: {id=629 t=OPEN f=0x0 trk=0 r=[0@Point(0, 0)] c=[{WCT{android.window.IWindowContainerToken$Stub$Proxy@9ff5bee} m=OPEN f=NONE leash=Surface(name=Task=6311)/@0xeb1ac33 sb=Rect(0, 0 - 1080, 2340) eb=Rect(0, 0 - 1080, 2340) d=0 dim=true inset=Rect(0, 74 - 0, 135)},{WCT{android.window.IWindowContainerToken$Stub$Proxy@7d0d88f} m=TO_BACK f=SHOW_WALLPAPER|EDGE_EXTENSION_RESTRICTION leash=Surface(name=Task=1)/@0x6900bf0 sb=Rect(0, 0 - 1080, 2340) eb=Rect(0, 0 - 1080, 2340) d=0 inset=Rect(0, 74 - 0, 135)}]}
10-05 12:10:16.394  1942  1942 I BpBinder: onLastStrongRef automatically unlinking death recipients: 
10-05 12:10:16.394  1942  1942 I HWComposer: [4630947232161729154] ActiveConfigToHWC, ID : 0
10-05 12:10:16.394  3753  3813 I SurfaceControl: hide, t=FinishTransaction_SyncId<629>, sc=Surface(name=Task=1)/@0x6900bf0, caller=com.android.wm.shell.transition.Transitions.dispatchReady:710 com.android.wm.shell.transition.Transitions.onTransitionReady:118 com.android.wm.shell.transition.Transitions$TransitionPlayerImpl$$ExternalSyntheticLambda0.run:13 android.os.Handler.handleCallback:958 android.os.Handler.dispatchMessage:99 android.os.Looper.loopOnce:230 
10-05 12:10:16.394  1942  1942 I SurfaceFlinger: Touch Boost - choose 120.00 Hz
10-05 12:10:16.394  3753  3813 I SurfaceControl: show, t=StartTransaction_SyncId<629>, sc=Surface(name=Task=6311)/@0xeb1ac33, caller=com.android.wm.shell.transition.Transitions.dispatchReady:715 com.android.wm.shell.transition.Transitions.onTransitionReady:118 com.android.wm.shell.transition.Transitions$TransitionPlayerImpl$$ExternalSyntheticLambda0.run:13 android.os.Handler.handleCallback:958 android.os.Handler.dispatchMessage:99 android.os.Looper.loopOnce:230 
10-05 12:10:16.394  3753  3813 I SurfaceControl: show, t=FinishTransaction_SyncId<629>, sc=Surface(name=Task=6311)/@0xeb1ac33, caller=com.android.wm.shell.transition.Transitions.dispatchReady:772 com.android.wm.shell.transition.Transitions.onTransitionReady:118 com.android.wm.shell.transition.Transitions$TransitionPlayerImpl$$ExternalSyntheticLambda0.run:13 android.os.Handler.handleCallback:958 android.os.Handler.dispatchMessage:99 android.os.Looper.loopOnce:230 
10-05 12:10:16.394  3753  3813 V WindowManagerShell: Playing animation for (#629)android.os.BinderProxy@d13faec@0
10-05 12:10:16.394  3753  3813 I SurfaceControl: show, t=StartTransaction_SyncId<629>, sc=Surface(name=Transition Root: Task=6311)/@0xa986569, caller=com.android.wm.shell.transition.Transitions.playTransition:80 com.android.wm.shell.transition.Transitions.processReadyQueue:195 com.android.wm.shell.transition.Transitions.dispatchReady:790 com.android.wm.shell.transition.Transitions.onTransitionReady:118 com.android.wm.shell.transition.Transitions$TransitionPlayerImpl$$ExternalSyntheticLambda0.run:13 android.os.Handler.handleCallback:958 
10-05 12:10:16.395  3753  3813 V WindowManagerShell:  try handler com.android.wm.shell.transition.DefaultMixedHandler@405227c
10-05 12:10:16.395  3753  3813 V WindowManagerShell:  try handler com.android.wm.shell.keyguard.KeyguardTransitionHandler@e99a705
10-05 12:10:16.395  3753  3813 V WindowManagerShell:  try handler com.android.wm.shell.activityembedding.ActivityEmbeddingController@b2dd35a
10-05 12:10:16.395  3753  3813 V WindowManagerShell:  try handler com.android.wm.shell.recents.RecentsTransitionHandler@a84998b
10-05 12:10:16.395  3753  3813 V ShellRecents: RecentsTransitionHandler.startAnimation: no controller found
10-05 12:10:16.395  3753  3813 V WindowManagerShell:  try handler com.android.wm.shell.pip.PipTransition@dbfea68
10-05 12:10:16.395  2682  6655 D InputDispatcher: Focus request (0): <null> but waiting because NO_WINDOW
10-05 12:10:16.395  3753  3813 V WindowManagerShell:  try handler com.android.wm.shell.splitscreen.StageCoordinator@892ae81
10-05 12:10:16.395  2682  6655 D InputDispatcher: Focus left window (0): f234a46 com.sec.android.app.launcher/com.sec.android.app.launcher.activities.LauncherActivity
10-05 12:10:16.395  3753  3813 V WindowManagerShell:  try handler com.android.wm.shell.transition.RemoteTransitionHandler@65cb26
10-05 12:10:16.395  2682  2815 D WindowManager: makeSurface duration=2 leash=Surface(name=Surface(name=d881b57 StatusBar)/@0xb0f33d1 - animation-leash of insets_animation)/@0xc76d2
10-05 12:10:16.395  1842  2174 I SDM     : HWCDisplay::SubmitDisplayConfig: [DispConfigs] config 9 => 0, hs_mode 3 => 3
10-05 12:10:16.395  1842  2174 I SDM     : HWDeviceDRM::SetDisplaySwitchMode: [DispConfigs] check hs_mode 3
10-05 12:10:16.395  3753  3813 V WindowManagerShell: Transition doesn't have explicit remote, search filters for match for {id=629 t=OPEN f=0x0 trk=0 r=[0@Point(0, 0)] c=[{WCT{android.window.IWindowContainerToken$Stub$Proxy@9ff5bee} m=OPEN f=NONE leash=Surface(name=Task=6311)/@0xeb1ac33 sb=Rect(0, 0 - 1080, 2340) eb=Rect(0, 0 - 1080, 2340) d=0 dim=true inset=Rect(0, 74 - 0, 135)},{WCT{android.window.IWindowContainerToken$Stub$Proxy@7d0d88f} m=TO_BACK f=SHOW_WALLPAPER|EDGE_EXTENSION_RESTRICTION leash=Surface(name=Task=1)/@0x6900bf0 sb=Rect(0, 0 - 1080, 2340) eb=Rect(0, 0 - 1080, 2340) d=0 inset=Rect(0, 74 - 0, 135)}]}
10-05 12:10:16.395  1842  2174 I SDM     : HWDeviceDRM::SetDisplaySwitchMode: [DispConfigs] Set mode index:0 1080x2340x120xcmdHS, hs_mode(3), found_mode(0)
10-05 12:10:16.395  1842  2174 I SDM     : HWDeviceDRM::UpdateMixerAttributes: Mixer WxH 1080x2340-1 for Peripheral
10-05 12:10:16.395  1842  2174 I SDM     : HWCDisplay::SubmitDisplayConfig: Active configuration changed from config 9 to 0
10-05 12:10:16.395  2682  2815 D InsetsSourceProvider: updateControlForTarget: control=InsetsSourceControl: {f8e40000 mType=statusBars initiallyVisible mSurfacePosition=Point(0, 0) mInsetsHint=Insets{left=0, top=74, right=0, bottom=0}}, target=Window{bb5cc7d u0 Splash Screen com.csparks113.MorseCodeApp}, from=com.android.server.wm.InsetsStateController.onControlTargetChanged:363 com.android.server.wm.InsetsStateController.onBarControlTargetChanged:329 com.android.server.wm.InsetsPolicy.updateBarControlTarget:173 com.android.server.wm.InsetsPolicy.updateSystemBars:843 com.android.server.wm.DisplayPolicy.updateSystemBarsLw:3484 
10-05 12:10:16.395  3753  3813 V WindowManagerShell:  Checking filter Pair{{types=[] flags=0x0] notFlags=0x100 checks=[{atype=home independent=true modes=[OPEN,TO_FRONT] flags=NONE mustBeTask=false order=TOP topActivity=ComponentInfo{com.sec.android.app.launcher/com.sec.android.app.launcher.Launcher}},{atype=recents independent=true modes=[CLOSE,TO_BACK] flags=NONE mustBeTask=false order=ANY topActivity=null}]} RemoteTransition { remoteTransition = android.window.IRemoteTransition$Stub$Proxy@a3a36f3, appThread = android.app.IApplicationThread$Stub$Proxy@a799fb0, debugName = QuickstepLaunchHomeFromRecents }}
10-05 12:10:16.395  2682  2815 I WindowManager: Cancelling animation restarting=true, leash=Surface(name=Surface(name=c6857fd NavigationBar0)/@0xc27c980 - animation-leash of insets_animation)/@0x7b7749d
10-05 12:10:16.395  2682  2815 I WindowManager: Reparenting to original parent: Surface(name=WindowToken{f2670c1 type=2019 android.os.BinderProxy@fa9c545})/@0x555fbb9, destroy=false, surface=Surface(name=c6857fd NavigationBar0)/@0xc27c980
10-05 12:10:16.395  2682  2815 I WindowManager: Reparenting to leash, surface=Surface(name=c6857fd NavigationBar0)/@0xc27c980, leashParent=Surface(name=WindowToken{f2670c1 type=2019 android.os.BinderProxy@fa9c545})/@0x555fbb9
10-05 12:10:16.395  3753  3813 V WindowManagerShell:  Checking filter Pair{{types=[] flags=0x0] notFlags=0x100 checks=[{atype=home independent=true modes=[OPEN,TO_FRONT] flags=NONE mustBeTask=false order=TOP topActivity=ComponentInfo{com.sec.android.app.launcher/com.sec.android.app.launcher.Launcher}},{atype=standard independent=true modes=[CLOSE,TO_BACK] flags=NONE mustBeTask=false order=ANY topActivity=null}]} RemoteTransition { remoteTransition = android.window.IRemoteTransition$Stub$Proxy@690ce29, appThread = android.app.IApplicationThread$Stub$Proxy@72e75ae, debugName = QuickstepLaunchHome }}
10-05 12:10:16.395  3753  3813 V WindowManagerShell:  Delegate animation for #629 to null
10-05 12:10:16.395  3753  3813 V WindowManagerShell:  try handler com.android.wm.shell.transition.DefaultTransitionHandler@4a14367
10-05 12:10:16.395  3753  3813 V WindowManagerShell: start default transition animation, info = {id=629 t=OPEN f=0x0 trk=0 r=[0@Point(0, 0)] c=[{WCT{android.window.IWindowContainerToken$Stub$Proxy@9ff5bee} m=OPEN f=NONE leash=Surface(name=Task=6311)/@0xeb1ac33 sb=Rect(0, 0 - 1080, 2340) eb=Rect(0, 0 - 1080, 2340) d=0 dim=true inset=Rect(0, 74 - 0, 135)},{WCT{android.window.IWindowContainerToken$Stub$Proxy@7d0d88f} m=TO_BACK f=SHOW_WALLPAPER|EDGE_EXTENSION_RESTRICTION leash=Surface(name=Task=1)/@0x6900bf0 sb=Rect(0, 0 - 1080, 2340) eb=Rect(0, 0 - 1080, 2340) d=0 inset=Rect(0, 74 - 0, 135)}]}
10-05 12:10:16.395  1942  2098 I SurfaceFlinger: id=8784 createSurf, flag=24000, Surface(name=c6857fd NavigationBar0)/@0xc27c980 - animation-leash of insets_animation#8784
10-05 12:10:16.396  3753  3813 V WindowManagerShell: loadAnimation: anim=android.view.animation.AnimationSet@381f71c animAttr=0x13 type=OPEN isEntrance=false
