10-05 02:02:44.511  2682  3363 D InsetsSourceProvider: updateControlForTarget: control=InsetsSourceControl: {f8e40000 mType=statusBars initiallyVisible mSurfacePosition=Point(0, 0) mInsetsHint=Insets{left=0, top=74, right=0, bottom=0}}, target=Window{647bf72 u0 com.csparks113.MorseCodeApp/com.csparks113.MorseCodeApp.MainActivity}, from=com.android.server.wm.InsetsStateController.onControlTargetChanged:363 com.android.server.wm.InsetsStateController.onBarControlTargetChanged:329 com.android.server.wm.InsetsPolicy.updateBarControlTarget:173 com.android.server.wm.InsetsPolicy.updateSystemBars:843 com.android.server.wm.DisplayPolicy.updateSystemBarsLw:3484 
10-05 02:02:44.511  2682  3363 I WindowManager: Cancelling animation restarting=true, leash=Surface(name=Surface(name=c6857fd NavigationBar0)/@0xc27c980 - animation-leash of insets_animation)/@0xa825d1
10-05 02:02:44.511  2682  3363 I WindowManager: Reparenting to original parent: Surface(name=WindowToken{f2670c1 type=2019 android.os.BinderProxy@fa9c545})/@0x555fbb9, destroy=false, surface=Surface(name=c6857fd NavigationBar0)/@0xc27c980
10-05 02:02:44.511  2682  3363 I WindowManager: Reparenting to leash, surface=Surface(name=c6857fd NavigationBar0)/@0xc27c980, leashParent=Surface(name=WindowToken{f2670c1 type=2019 android.os.BinderProxy@fa9c545})/@0x555fbb9
10-05 02:02:44.511  1942  2097 I SurfaceFlinger: id=8143 createSurf, flag=24000, Surface(name=c6857fd NavigationBar0)/@0xc27c980 - animation-leash of insets_animation#8143
10-05 02:02:44.511  2682  3363 D WindowManager: makeSurface duration=0 leash=Surface(name=Surface(name=c6857fd NavigationBar0)/@0xc27c980 - animation-leash of insets_animation)/@0x9c01635
10-05 02:02:44.511  2682  3363 D InsetsSourceProvider: updateControlForTarget: control=InsetsSourceControl: {d7ac0001 mType=navigationBars initiallyVisible mSurfacePosition=Point(0, 2205) mInsetsHint=Insets{left=0, top=0, right=0, bottom=135}}, target=Window{647bf72 u0 com.csparks113.MorseCodeApp/com.csparks113.MorseCodeApp.MainActivity}, from=com.android.server.wm.InsetsStateController.onControlTargetChanged:363 com.android.server.wm.InsetsStateController.onBarControlTargetChanged:332 com.android.server.wm.InsetsPolicy.updateBarControlTarget:173 com.android.server.wm.InsetsPolicy.updateSystemBars:843 com.android.server.wm.DisplayPolicy.updateSystemBarsLw:3484 
10-05 02:02:44.511  2682  3363 V SystemKeyManager: updateFocusedWindow() is called, com.csparks113.MorseCodeApp/com.csparks113.MorseCodeApp.MainActivity
10-05 02:02:44.511  2682  3363 V WindowManager: Relayout hash=647bf72, pid=20207, syncId=-1: mAttrs={(0,0)(fillxfill) sim={adjust=resize forwardNavigation} layoutInDisplayCutoutMode=always ty=BASE_APPLICATION wanim=0x1030303
10-05 02:02:44.511  2682  3363 V WindowManager:   fl=81810100
10-05 02:02:44.511  2682  3363 V WindowManager:   pfl=16008040
10-05 02:02:44.511  2682  3363 V WindowManager:   vsysui=110
10-05 02:02:44.511  2682  3363 V WindowManager:   apr=LIGHT_NAVIGATION_BARS
10-05 02:02:44.511  2682  3363 V WindowManager:   bhv=DEFAULT
10-05 02:02:44.511  2682  3363 V WindowManager:   fitSides= naviIconColor=0}
10-05 02:02:44.514 20207 20240 W unknown:BridgelessReact: ReactHost{0}.isMetroRunning(): Async result = true
10-05 02:02:44.514 20207 20207 I BufferQueueProducer: [](id:4eef00000000,api:0,p:0,c:20207) setDequeueTimeout:2077252342
10-05 02:02:44.514 20207 20237 W unknown:BridgelessReact: ReactHost{0}.loadJSBundleFromMetro()
10-05 02:02:44.514 20207 20207 I BLASTBufferQueue_Java: new BLASTBufferQueue, mName= ViewRootImpl@eea2bcb[MainActivity] mNativeObject= 0xb4000071e0c61550 sc.mNativeObject= 0xb400007350c58a50 caller= android.view.ViewRootImpl.updateBlastSurfaceIfNeeded:3085 android.view.ViewRootImpl.relayoutWindow:10224 android.view.ViewRootImpl.performTraversals:4167 android.view.ViewRootImpl.doTraversal:3345 android.view.ViewRootImpl$TraversalRunnable.run:11437 android.view.Choreographer$CallbackRecord.run:1690 android.view.Choreographer$CallbackRecord.run:1699 android.view.Choreographer.doCallbacks:1154 android.view.Choreographer.doFrame:1080 android.view.Choreographer$FrameDisplayEventReceiver.run:1647 
10-05 02:02:44.514 20207 20207 I BLASTBufferQueue_Java: update, w= 1080 h= 2340 mName = ViewRootImpl@eea2bcb[MainActivity] mNativeObject= 0xb4000071e0c61550 sc.mNativeObject= 0xb400007350c58a50 format= -1 caller= android.graphics.BLASTBufferQueue.<init>:89 android.view.ViewRootImpl.updateBlastSurfaceIfNeeded:3085 android.view.ViewRootImpl.relayoutWindow:10224 android.view.ViewRootImpl.performTraversals:4167 android.view.ViewRootImpl.doTraversal:3345 android.view.ViewRootImpl$TraversalRunnable.run:11437 
10-05 02:02:44.515 20207 20207 I ViewRootImpl@eea2bcb[MainActivity]: Relayout returned: old=(0,0,1080,2340) new=(0,0,1080,2340) relayoutAsync=false req=(1080,2340)0 dur=4 res=0x403 s={true 0xb400007410c77320} ch=true seqId=0
10-05 02:02:44.515 20207 20207 I ViewRootImpl@eea2bcb[MainActivity]: performConfigurationChange setNightDimText nightDimLevel=0
10-05 02:02:44.515 20207 20207 D ViewRootImpl@eea2bcb[MainActivity]: mThreadedRenderer.initialize() mSurface={isValid=true 0xb400007410c77320} hwInitialized=true
10-05 02:02:44.516 20207 20207 D ViewRootImpl@eea2bcb[MainActivity]: reportNextDraw android.view.ViewRootImpl.performTraversals:4781 android.view.ViewRootImpl.doTraversal:3345 android.view.ViewRootImpl$TraversalRunnable.run:11437 android.view.Choreographer$CallbackRecord.run:1690 android.view.Choreographer$CallbackRecord.run:1699 
10-05 02:02:44.517 20207 20228 D OpenGLRenderer: HWUI - treat SMPTE_170M as sRGB
10-05 02:02:44.519  3753  3827 I InsetsController: onStateChanged: host=Splash Screen com.csparks113.MorseCodeApp, from=android.view.ViewRootImpl$ViewRootHandler.handleMessageImpl:7279, state=InsetsState: {mDisplayFrame=Rect(0, 0 - 1080, 2340), mDisplayCutout=DisplayCutout{insets=Rect(0, 74 - 0, 0) waterfall=Insets{left=0, top=0, right=0, bottom=0} boundingRect={Bounds=[Rect(0, 0 - 0, 0), Rect(514, 0 - 566, 74), Rect(0, 0 - 0, 0), Rect(0, 0 - 0, 0)]} cutoutPathParserInfo={CutoutPathParserInfo{displayWidth=1080 displayHeight=2340 physicalDisplayWidth=1080 physicalDisplayHeight=2340 density={2.8125} cutoutSpec={M 0,0 H -9.244444444444444 V 26.31111111111111 H 9.244444444444444 V 0 H 0 Z @dp} rotation={0} scale={1.0} physicalPixelDisplaySizeRatio={1.0}}}}, mRoundedCorners=RoundedCorners{[RoundedCorner{position=TopLeft, radius=101, center=Point(101, 101)}, RoundedCorner{position=TopRight, radius=101, center=Point(979, 101)}, RoundedCorner{position=BottomRight, radius=101, center=Point(979, 2239)}, RoundedCorner{position=BottomLeft, radius=101, center=Point(101, 2239)}]}  mRoundedCornerFrame=Rect(0, 0 - 1080, 2340), mPrivacyIndicatorBounds=PrivacyIndicatorBounds {static bounds=Rect(956, 0 - 1080, 74) rotation=0}, mDisplayShape=DisplayShape{ spec=-311912193 displayWidth=1080 displayHeight=2340 physicalPixelDisplaySizeRatio=1.0 rotation=0 offsetX=0 offsetY=0 scale=1.0}, mSources= { InsetsSource: {d7ac0001 mType=navigationBars mFrame=[0,2205][1080,2340] mVisible=true mFlags=[]}, InsetsSource: {d7ac0004 mType=systemGestures mFrame=[0,0][0,0] mVisible=true mFlags=[]}, InsetsSource: {d7ac0005 mType=mandatorySystemGestures mFrame=[0,2205][1080,2340] mVisible=true mFlags=[]}, InsetsSource: {d7ac0006 mType=tappableElement mFrame=[0,2205][1080,2340] mVisible=true mFlags=[]}, InsetsSource: {d7ac0024 mType=systemGestures mFrame=[0,0][0,0] mVisible=true mFlags=[]}, InsetsSource: {f8e40000 mType=statusBars mFrame=[0,0][1080,74] mVisible=true mFlags=[]}, InsetsSource: {f8e40005 mType=mandatorySystemGestures mFrame=[0,0][1080,108] mVisible=true mFlags=[]}, InsetsSource: {f8e40006 mType=tappableElement mFrame=[0,0][1080,74] mVisible=true mFlags=[]}, InsetsSource: {27 mType=displayCutout mFrame=[0,0][1080,74] mVisible=true mFlags=[]} }
10-05 02:02:44.520 20207 20207 D CompatibilityChangeReporter: Compat change id reported: 210923482; UID 10470; state: ENABLED
10-05 02:02:44.522 20207 20207 I WindowManager: WindowManagerGlobal#addView, ty=1000, view=android.widget.PopupWindow$PopupDecorView{99bf2dd V.E...... R.....I. 0,0-0,0}, caller=android.view.WindowManagerImpl.addView:150 android.widget.PopupWindow.invokePopup:1721 android.widget.PopupWindow.showAtLocation:1421 
10-05 02:02:44.523 20207 20228 D NativeCustomFrequencyManager: [NativeCFMS] BpCustomFrequencyManager::BpCustomFrequencyManager()
10-05 02:02:44.524  1942  2097 I SurfaceFlinger: id=8144 createSurf, flag=84004, 88b143b PopupWindow:6a456b4#8144
10-05 02:02:44.525  2682  3363 D InputTransport: Input channel constructed: '88b143b', fd=1032
10-05 02:02:44.525  2682  3363 D InputTransport: Input channel constructed: '88b143b', fd=1033
10-05 02:02:44.525  2682  3363 D InputTransport: Input channel constructed: '88b143b', fd=1034
10-05 02:02:44.525  2682  3363 D InputTransport: Input channel destroyed: '88b143b', fd=1034
10-05 02:02:44.525  1942  1942 I Layer   : Layer::reparent [d881b57 StatusBar#96] newParent : Surface(name=d881b57 StatusBar)/@0xb0f33d1 - animation-leash of insets_animation#8142 , isRemovedFromCurrentState : 0 -------------------------
10-05 02:02:44.525  1942  1942 I Layer   : Layer::reparent [d881b57 StatusBar#96] End -------------------------
10-05 02:02:44.525  1942  1942 I Layer   : Layer::reparent [Surface(name=d881b57 StatusBar)/@0xb0f33d1 - animation-leash of insets_animation#8137] newParentHandle : null -------------------------
10-05 02:02:44.525  1942  1942 I Layer   : id=8137 removeFromCurrentState Surface(name=d881b57 StatusBar)/@0xb0f33d1 - animation-leash of insets_animation#8137 (121)
10-05 02:02:44.525  1942  1942 I Layer   : Layer::reparent [Surface(name=d881b57 StatusBar)/@0xb0f33d1 - animation-leash of insets_animation#8137] End -------------------------
10-05 02:02:44.525  1942  1942 I Layer   : Layer::reparent [c6857fd NavigationBar0#85] newParent : Surface(name=c6857fd NavigationBar0)/@0xc27c980 - animation-leash of insets_animation#8143 , isRemovedFromCurrentState : 0 -------------------------
10-05 02:02:44.525  1942  1942 I Layer   : Layer::reparent [c6857fd NavigationBar0#85] End -------------------------
10-05 02:02:44.525  1942  1942 I Layer   : Layer::reparent [Surface(name=c6857fd NavigationBar0)/@0xc27c980 - animation-leash of insets_animation#8138] newParentHandle : null -------------------------
10-05 02:02:44.525  1942  1942 I Layer   : id=8138 removeFromCurrentState Surface(name=c6857fd NavigationBar0)/@0xc27c980 - animation-leash of insets_animation#8138 (121)
10-05 02:02:44.525  1942  1942 I Layer   : Layer::reparent [Surface(name=c6857fd NavigationBar0)/@0xc27c980 - animation-leash of insets_animation#8138] End -------------------------
10-05 02:02:44.525 20207 20207 I InsetsController: onStateChanged: host=PopupWindow:6a456b4, from=android.view.ViewRootImpl.setView:1797, state=InsetsState: {mDisplayFrame=Rect(0, 0 - 1080, 2340), mDisplayCutout=DisplayCutout{insets=Rect(0, 74 - 0, 0) waterfall=Insets{left=0, top=0, right=0, bottom=0} boundingRect={Bounds=[Rect(0, 0 - 0, 0), Rect(514, 0 - 566, 74), Rect(0, 0 - 0, 0), Rect(0, 0 - 0, 0)]} cutoutPathParserInfo={CutoutPathParserInfo{displayWidth=1080 displayHeight=2340 physicalDisplayWidth=1080 physicalDisplayHeight=2340 density={2.8125} cutoutSpec={M 0,0 H -9.244444444444444 V 26.31111111111111 H 9.244444444444444 V 0 H 0 Z @dp} rotation={0} scale={1.0} physicalPixelDisplaySizeRatio={1.0}}}}, mRoundedCorners=RoundedCorners{[RoundedCorner{position=TopLeft, radius=101, center=Point(101, 101)}, RoundedCorner{position=TopRight, radius=101, center=Point(979, 101)}, RoundedCorner{position=BottomRight, radius=101, center=Point(979, 2239)}, RoundedCorner{position=BottomLeft, radius=101, center=Point(101, 2239)}]}  mRoundedCornerFrame=Rect(0, 0 - 1080, 2340), mPrivacyIndicatorBounds=PrivacyIndicatorBounds {static bounds=Rect(956, 0 - 1080, 74) rotation=0}, mDisplayShape=DisplayShape{ spec=-311912193 displayWidth=1080 displayHeight=2340 physicalPixelDisplaySizeRatio=1.0 rotation=0 offsetX=0 offsetY=0 scale=1.0}, mSources= { InsetsSource: {d7ac0001 mType=navigationBars mFrame=[0,2205][1080,2340] mVisible=true mFlags=[]}, InsetsSource: {d7ac0004 mType=systemGestures mFrame=[0,0][0,0] mVisible=true mFlags=[]}, InsetsSource: {d7ac0005 mType=mandatorySystemGestures mFrame=[0,2205][1080,2340] mVisible=true mFlags=[]}, InsetsSource: {d7ac0006 mType=tappableElement mFrame=[0,2205][1080,2340] mVisible=true mFlags=[]}, InsetsSource: {d7ac0024 mType=systemGestures mFrame=[0,0][0,0] mVisible=true mFlags=[]}, InsetsSource: {f8e40000 mType=statusBars mFrame=[0,0][1080,74] mVisible=true mFlags=[]}, InsetsSource: {f8e40005 mType=mandatorySystemGestures mFrame=[0,0][1080,108] mVisible=true mFlags=[]}, InsetsSource: {f8e40006 mType=tappableElement mFrame=[0,0][1080,74] mVisible=true mFlags=[]}, InsetsSource: {27 mType=displayCutout mFrame=[0,0][1080,74] mVisible=true mFlags=[]} }
10-05 02:02:44.526  1942  1942 I SurfaceFlinger: id=8138 Removed Surface(name=c6857fd NavigationBar0)/@0xc27c980 - animation-leash of insets_animation#8138 (121)
10-05 02:02:44.526  1942  1942 I SurfaceFlinger: id=8137 Removed Surface(name=d881b57 StatusBar)/@0xb0f33d1 - animation-leash of insets_animation#8137 (121)
10-05 02:02:44.526 20207 20207 I ViewRootImpl@f53ee52[PopupWindow:6a456b4]: synced displayState. AttachInfo displayState=2
10-05 02:02:44.526 20207 20207 I ViewRootImpl@f53ee52[PopupWindow:6a456b4]: setView = android.widget.PopupWindow$PopupDecorView@99bf2dd TM=true
10-05 02:02:44.526  2682  3361 D InputDispatcher: Focus request (0): 647bf72 com.csparks113.MorseCodeApp/com.csparks113.MorseCodeApp.MainActivity but waiting because NO_WINDOW
10-05 02:02:44.527  2682  3363 D CoreBackPreview: Window{88b143b u0 PopupWindow:6a456b4}: Setting back callback OnBackInvokedCallbackInfo{mCallback=android.window.IOnBackInvokedCallback$Stub$Proxy@268e0b1, mPriority=0, mIsAnimationCallback=false}
10-05 02:02:44.529  2682  3363 V WindowManager: Relayout Window{88b143b u0 PopupWindow:6a456b4}: viewVisibility=0 req=1080x74 ty=1000 d0
10-05 02:02:44.529  2682  3363 D RestrictionPolicy: isScreenCaptureEnabled : ret=true userId=0
10-05 02:02:44.529  1942  2473 I SurfaceFlinger: id=8145 createSurf, flag=44004, PopupWindow:6a456b4$_20207#8145
10-05 02:02:44.529  2682  3363 D WindowManager: makeSurface duration=0 name=PopupWindow:6a456b4$_20207
10-05 02:02:44.530  1076  1076 D io_stats: !@   8,0 r 4121929 110945282 w 1492046 41727500 d 507242 29815740 f 0 144122 iot 1966572 0 th 0 0 0 pt 0 inp 0 0 69165.377
10-05 02:02:44.530  1076  1076 D io_stats: !@ Read_top(KB): system_server(2682) 228 kworker/6:0H(13551) 4
10-05 02:02:44.530  1076  1076 D io_stats: !@ Write_top(KB): kworker/u16:0(5454) 260 f2fs_ckpt-254:5(4355) 108 system_server(2682) 20
10-05 02:02:44.530 20207 20219 I ViewRootImpl@f53ee52[PopupWindow:6a456b4]: Resizing android.view.ViewRootImpl@1e9d9e: frame = [0,74][1080,148] reportDraw = true forceLayout = false syncSeqId = -1
10-05 02:02:44.531  2682  3363 V WindowManager: Relayout hash=88b143b, pid=20207, syncId=-1: mAttrs={(0,74)(fillxwrap) gr=TOP START CENTER sim={state=unchanged adjust=pan} ty=APPLICATION_PANEL fmt=TRANSLUCENT surfaceInsets=Rect(0, 0 - 0, 0) (manual)
10-05 02:02:44.531  2682  3363 V WindowManager:   fl=41800018
10-05 02:02:44.531  2682  3363 V WindowManager:   pfl=42004000
10-05 02:02:44.531  2682  3363 V WindowManager:   bhv=DEFAULT
10-05 02:02:44.531  2682  3363 V WindowManager:   fitTypes=STATUS_BARS NAVIGATION_BARS CAPTION_BAR naviIconColor=0
10-05 02:02:44.531  2682  3363 V WindowManager:   sfl=20000}
10-05 02:02:44.531 20207 20207 I BufferQueueProducer: [](id:4eef00000001,api:0,p:0,c:20207) setDequeueTimeout:2077252342
10-05 02:02:44.531 20207 20207 I BLASTBufferQueue_Java: new BLASTBufferQueue, mName= ViewRootImpl@f53ee52[PopupWindow:6a456b4] mNativeObject= 0xb4000071e0c74150 sc.mNativeObject= 0xb400007350c56290 caller= android.view.ViewRootImpl.updateBlastSurfaceIfNeeded:3085 android.view.ViewRootImpl.relayoutWindow:10224 android.view.ViewRootImpl.performTraversals:4167 android.view.ViewRootImpl.doTraversal:3345 android.view.ViewRootImpl$TraversalRunnable.run:11437 android.view.Choreographer$CallbackRecord.run:1690 android.view.Choreographer$CallbackRecord.run:1699 android.view.Choreographer.doCallbacks:1154 android.view.Choreographer.doFrame:1080 android.view.Choreographer$FrameDisplayEventReceiver.run:1647 
10-05 02:02:44.532 20207 20207 I BLASTBufferQueue_Java: update, w= 1080 h= 74 mName = ViewRootImpl@f53ee52[PopupWindow:6a456b4] mNativeObject= 0xb4000071e0c74150 sc.mNativeObject= 0xb400007350c56290 format= -3 caller= android.graphics.BLASTBufferQueue.<init>:89 android.view.ViewRootImpl.updateBlastSurfaceIfNeeded:3085 android.view.ViewRootImpl.relayoutWindow:10224 android.view.ViewRootImpl.performTraversals:4167 android.view.ViewRootImpl.doTraversal:3345 android.view.ViewRootImpl$TraversalRunnable.run:11437 
10-05 02:02:44.532 20207 20207 I ViewRootImpl@f53ee52[PopupWindow:6a456b4]: Relayout returned: old=(0,74,1080,2205) new=(0,74,1080,148) relayoutAsync=false req=(1080,74)0 dur=3 res=0x403 s={true 0xb400007410c5b850} ch=true seqId=0
10-05 02:02:44.532 20207 20207 I ViewRootImpl@f53ee52[PopupWindow:6a456b4]: performConfigurationChange setNightDimText nightDimLevel=0
10-05 02:02:44.532 20207 20207 D ViewRootImpl@f53ee52[PopupWindow:6a456b4]: mThreadedRenderer.initialize() mSurface={isValid=true 0xb400007410c5b850} hwInitialized=true
10-05 02:02:44.533 20207 20207 D ViewRootImpl@f53ee52[PopupWindow:6a456b4]: reportNextDraw android.view.ViewRootImpl.performTraversals:4781 android.view.ViewRootImpl.doTraversal:3345 android.view.ViewRootImpl$TraversalRunnable.run:11437 android.view.Choreographer$CallbackRecord.run:1690 android.view.Choreographer$CallbackRecord.run:1699 
10-05 02:02:44.533 20207 20207 I ViewRootImpl@f53ee52[PopupWindow:6a456b4]: Setup new sync=wmsSync-ViewRootImpl@f53ee52[PopupWindow:6a456b4]#0
10-05 02:02:44.533 20207 20207 I ViewRootImpl@f53ee52[PopupWindow:6a456b4]: Creating new active sync group ViewRootImpl@f53ee52[PopupWindow:6a456b4]#1
10-05 02:02:44.533 20207 20207 I SurfaceSyncGroup: addLocalSync=ViewRootImpl@f53ee52[PopupWindow:6a456b4]#1 to name=wmsSync-ViewRootImpl@f53ee52[PopupWindow:6a456b4]#0, callers=android.window.SurfaceSyncGroup.add:431 android.window.SurfaceSyncGroup.add:392 android.window.SurfaceSyncGroup.add:340 android.view.ViewRootImpl.createSyncIfNeeded:4912 android.view.ViewRootImpl.performTraversals:4796 android.view.ViewRootImpl.doTraversal:3345 
10-05 02:02:44.533 20207 20207 I ViewRootImpl@f53ee52[PopupWindow:6a456b4]: registerCallbacksForSync syncBuffer=false
10-05 02:02:44.534  1942  1942 I Layer   : Layer [88b143b PopupWindow:6a456b4#8144] hidden!! flag(0)
10-05 02:02:44.534  1942  1942 I Layer   : id=8138 Destroyed Surface(name=c6857fd NavigationBar0)/@0xc27c980 - animation-leash of insets_animation#8138
10-05 02:02:44.534  1942  1942 I Layer   : id=8137 Destroyed Surface(name=d881b57 StatusBar)/@0xb0f33d1 - animation-leash of insets_animation#8137
10-05 02:02:44.535 20207 20260 I ViewRootImpl@f53ee52[PopupWindow:6a456b4]: Received frameDrawingCallback syncResult=0 frameNum=1.
10-05 02:02:44.535 20207 20260 I ViewRootImpl@f53ee52[PopupWindow:6a456b4]: mWNT: t=0xb400007240c8b810 mBlastBufferQueue=0xb4000071e0c74150 fn= 1 mRenderHdrSdrRatio=1.0 caller= android.view.ViewRootImpl$8.onFrameDraw:13946 android.view.ThreadedRenderer$1.onFrameDraw:792 <bottom of call stack> 
10-05 02:02:44.535 20207 20260 I ViewRootImpl@f53ee52[PopupWindow:6a456b4]: Setting up sync and frameCommitCallback
10-05 02:02:44.537 20207 20228 I BLASTBufferQueue: [ViewRootImpl@f53ee52[PopupWindow:6a456b4]#1](f:0,a:0,s:0) onFrameAvailable the first frame is available
10-05 02:02:44.538 20207 20228 I ViewRootImpl@f53ee52[PopupWindow:6a456b4]: Received frameCommittedCallback lastAttemptedDrawFrameNum=1 didProduceBuffer=true
10-05 02:02:44.538 20207 20228 I SurfaceSyncGroup: onTransactionReady mName=wmsSync-ViewRootImpl@f53ee52[PopupWindow:6a456b4]#0 callback=121860223
10-05 02:02:44.539 20207 20228 D OpenGLRenderer: CFMS:: SetUp Pid : 20207    Tid : 20228
10-05 02:02:44.539 20207 20207 I ViewRootImpl@f53ee52[PopupWindow:6a456b4]: reportDrawFinished seqId=0
10-05 02:02:44.539  2682  3363 D WindowManager: finishDrawingWindow: Window{88b143b u0 PopupWindow:6a456b4} mDrawState=DRAW_PENDING seqId=0
10-05 02:02:44.539 20207 20207 I InsetsSourceConsumer: applyRequestedVisibilityToControl: visible=true, type=statusBars, host=com.csparks113.MorseCodeApp/com.csparks113.MorseCodeApp.MainActivity
10-05 02:02:44.539 20207 20207 I InsetsSourceConsumer: applyRequestedVisibilityToControl: visible=true, type=navigationBars, host=com.csparks113.MorseCodeApp/com.csparks113.MorseCodeApp.MainActivity
10-05 02:02:44.540 20207 20228 D OpenGLRenderer: HWUI - treat SMPTE_170M as sRGB
10-05 02:02:44.540 20207 20207 I ViewRootImpl@f53ee52[PopupWindow:6a456b4]: handleResized, msg = 5 frames=ClientWindowFrames{frame=[0,74][1080,148] display=[0,74][1080,2205] parentFrame=[0,0][0,0] attachedFrame=[0,0][1080,2340]} forceNextWindowRelayout=false displayId=0 dragResizing=false compatScale=1.0 frameChanged=false attachedFrameChanged=false configChanged=false displayChanged=false compatScaleChanged=false
10-05 02:02:44.540 20207 20207 I ViewRootImpl@f53ee52[PopupWindow:6a456b4]: handleResized mSyncSeqId = 0
10-05 02:02:44.541 20207 20207 D ViewRootImpl@f53ee52[PopupWindow:6a456b4]: reportNextDraw android.view.ViewRootImpl.handleResized:2574 android.view.ViewRootImpl.-$$Nest$mhandleResized:0 android.view.ViewRootImpl$ViewRootHandler.handleMessageImpl:7267 android.view.ViewRootImpl$ViewRootHandler.handleMessage:7236 android.os.Handler.dispatchMessage:106 
10-05 02:02:44.542 20207 20207 I ViewRootImpl@f53ee52[PopupWindow:6a456b4]: Setup new sync=wmsSync-ViewRootImpl@f53ee52[PopupWindow:6a456b4]#2
10-05 02:02:44.542 20207 20207 I ViewRootImpl@f53ee52[PopupWindow:6a456b4]: Creating new active sync group ViewRootImpl@f53ee52[PopupWindow:6a456b4]#3
10-05 02:02:44.542 20207 20207 I SurfaceSyncGroup: addLocalSync=ViewRootImpl@f53ee52[PopupWindow:6a456b4]#3 to name=wmsSync-ViewRootImpl@f53ee52[PopupWindow:6a456b4]#2, callers=android.window.SurfaceSyncGroup.add:431 android.window.SurfaceSyncGroup.add:392 android.window.SurfaceSyncGroup.add:340 android.view.ViewRootImpl.createSyncIfNeeded:4912 android.view.ViewRootImpl.performTraversals:4796 android.view.ViewRootImpl.doTraversal:3345 
10-05 02:02:44.542 20207 20207 I ViewRootImpl@f53ee52[PopupWindow:6a456b4]: registerCallbacksForSync syncBuffer=false
10-05 02:02:44.543 20207 20261 I ViewRootImpl@f53ee52[PopupWindow:6a456b4]: Received frameDrawingCallback syncResult=0 frameNum=2.
10-05 02:02:44.543 20207 20261 I ViewRootImpl@f53ee52[PopupWindow:6a456b4]: mWNT: t=0xb400007240c88950 mBlastBufferQueue=0xb4000071e0c74150 fn= 2 mRenderHdrSdrRatio=1.0 caller= android.view.ViewRootImpl$8.onFrameDraw:13946 android.view.ThreadedRenderer$1.onFrameDraw:792 <bottom of call stack> 
10-05 02:02:44.543 20207 20261 I ViewRootImpl@f53ee52[PopupWindow:6a456b4]: Setting up sync and frameCommitCallback
10-05 02:02:44.543 20207 20228 I ViewRootImpl@f53ee52[PopupWindow:6a456b4]: Received frameCommittedCallback lastAttemptedDrawFrameNum=2 didProduceBuffer=false
10-05 02:02:44.543 20207 20228 I BLASTBufferQueue_Java: gatherPendingTransactions, mName= ViewRootImpl@f53ee52[PopupWindow:6a456b4] mNativeObject= 0xb4000071e0c74150 frameNumber= 2 caller= android.view.ViewRootImpl$8.lambda$onFrameDraw$1:14019 android.view.ViewRootImpl$8.$r8$lambda$6frSHsGsDhUEo8Wl9hChpniTVZ0:0 android.view.ViewRootImpl$8$$ExternalSyntheticLambda1.onFrameCommit:9 android.view.ThreadedRenderer$1.lambda$onFrameDraw$0:804 android.view.ThreadedRenderer$1$$ExternalSyntheticLambda0.onFrameCommit:2 <bottom of call stack> 
10-05 02:02:44.543 20207 20228 I SurfaceSyncGroup: onTransactionReady mName=wmsSync-ViewRootImpl@f53ee52[PopupWindow:6a456b4]#2 callback=195597723
10-05 02:02:44.543 20207 20207 I ViewRootImpl@f53ee52[PopupWindow:6a456b4]: reportDrawFinished seqId=0
10-05 02:02:44.543  2682  3363 D WindowManager: finishDrawingWindow: Window{88b143b u0 PopupWindow:6a456b4} mDrawState=READY_TO_SHOW seqId=0
10-05 02:02:44.639  1828 20200 I HYPER-HAL: [RequestManager.cpp]releaseLocked(): Released ID : 3695157
10-05 02:02:44.701 20207 20213 I 13.MorseCodeApp: Compiler allocated 6800KB to compile void android.view.ViewRootImpl.performTraversals()
10-05 02:02:44.827  2682  5737 D SemWifiUsabilityStatsMonitor: onWifiUsabilityStats - seqNum 14708, isSameBssidAndFreq true
10-05 02:02:44.829  3753  3753 D StatusBarIconController: ignoring old pipeline callback because the new wifi icon is enabled
10-05 02:02:44.829  3753  3843 D Tile.WifiTile: handleUpdateState isTransient=false transientEnabling =false cb.isTransient=false state.state = 2 mStateBeforeClick.value =false enabled =true
10-05 02:02:44.950  1828 20204 I HYPER-HAL: [RequestManager.cpp]releaseLocked(): Released ID : 3657182
10-05 02:02:45.005  5533  5962 I FontLog : (REDACTED) Received query %s, URI %s
10-05 02:02:45.005  5533  5962 I FontLog : (REDACTED) Query [%s] resolved to %s
10-05 02:02:45.006  5533  5962 I FontLog : (REDACTED) Fetch %s end status %s
10-05 02:02:45.007  1726  1726 E audit   : type=1400 audit(1759644165.001:109460): avc:  denied  { ioctl } for  pid=5533 comm="lowpool[942]" path="/data/data/com.google.android.gms/databases/metadata.db" dev="dm-56" ino=11553 ioctlcmd=0xf522 scontext=u:r:gmscore_app:s0:c512,c768 tcontext=u:object_r:privapp_data_file:s0:c512,c768 tclass=file permissive=0 SEPF_SM-S906U_12_0001 audit_filtered
10-05 02:02:45.007  5533  5962 I FontLog : (REDACTED) Pulling font file for id = %d, cache size = %d
10-05 02:02:45.008  5533  5962 I FontLog : (REDACTED) Pulling font file for id = %d, cache size = %d
10-05 02:02:45.012  2682  2814 D SGM:GameManager: identifyForegroundApp. com.csparks113.MorseCodeApp, mCurrentUserId: 0, callerUserId: 0
10-05 02:02:45.012  2682  2814 D SGM:PkgDataHelper: getGamePkgData(). com.csparks113.MorseCodeApp
10-05 02:02:45.012  2682  2814 D SGM:SemGameManager: isForegroundGame(), ret=false
10-05 02:02:45.012  2682 20264 D SemInputDeviceManager: setProperty: (0) CMD,GRIP_DATA,1,45,7,15,702,15,2340
10-05 02:02:45.013  2682 20264 D TspStateManager: wrote command: cmd=1,45,7,15,702,15,2340, type=1
10-05 02:02:45.013  2682  3285 D SemInputDevice:TSP: SetPropertyTask: CMD,set_grip_data,1,45,7,15,702,15,2340 [10-05 02:02:45.012]
10-05 02:02:45.014  1893  1893 I sysinput:Touch: writeInformation:249, OK
10-05 02:02:45.014  2682  3285 D SysinputHAL_V1_3(V1_2): runTspCmdNoRead(TSP(1)): set_grip_data,1,45,7,15,702,15,2340 ret=0
10-05 02:02:45.455  1828 20201 I HYPER-HAL: [RequestManager.cpp]releaseLocked(): Released ID : 20107327
10-05 02:02:45.530  2682  3363 D SGM:GameManager: identifyForegroundApp. com.csparks113.MorseCodeApp, mCurrentUserId: 0, callerUserId: 0
10-05 02:02:45.531  2682  3363 D SGM:PkgDataHelper: getGamePkgData(). com.csparks113.MorseCodeApp
10-05 02:02:45.531 24675 24759 I PolicyManager: [#CMH#] Is foreground game app: false
10-05 02:02:45.683  2682  3596 D SemWifiSwitchForIndividualAppsService: isSkipTcpMonitorInfo - result:2
10-05 02:02:45.869  1942  2182 I VSyncReactor: Current= 120, Period= 24, hwcPeriod= 120
10-05 02:02:45.869  1942  1942 I HWComposer: [4630947232161729154] ActiveConfigToHWC, ID : 9
10-05 02:02:45.870  1942  1942 I LayerHistory: StatusBar$_3753#107 voted 0, 0.00 fps
10-05 02:02:45.870  1942  1942 I SurfaceFlinger: Idle - choose 24.00 Hz
10-05 02:02:45.871  1842  2113 I SDM     : HWCDisplay::SubmitDisplayConfig: [DispConfigs] config 0 => 9, hs_mode 3 => 3
10-05 02:02:45.871  1842  2113 I SDM     : HWDeviceDRM::SetDisplaySwitchMode: [DispConfigs] check hs_mode 3
10-05 02:02:45.871  1842  2113 I SDM     : HWDeviceDRM::SetDisplaySwitchMode: [DispConfigs] Set mode index:10 1080x2340x24xcmdPHS, hs_mode(3), found_mode(1)
10-05 02:02:45.871  1842  2113 I SDM     : HWDeviceDRM::UpdateMixerAttributes: Mixer WxH 1080x2340-1 for Peripheral
10-05 02:02:45.871  1842  2113 I SDM     : HWCDisplay::SubmitDisplayConfig: Active configuration changed from config 0 to 9
10-05 02:02:45.872 20207 20240 W unknown:BridgelessReact: ReactHost{0}.loadJSBundleFromMetro(): Creating BundleLoader
10-05 02:02:45.873 20207 20237 W unknown:BridgelessReact: ReactHost{0}.getOrCreateReactContext(): Creating BridgelessReactContext
10-05 02:02:45.874 20207 20237 W unknown:BridgelessReact: ReactHost{0}.getOrCreateReactInstanceTask(): Creating ReactInstance
10-05 02:02:45.877 20207 20207 I WindowManager: WindowManagerGlobal#removeView, ty=1000, view=android.widget.PopupWindow$PopupDecorView{99bf2dd V.E...... R....... 0,0-1080,74}, caller=android.view.WindowManagerGlobal.removeView:648 android.view.WindowManagerImpl.removeViewImmediate:208 android.widget.PopupWindow.dismissImmediate:2422 
10-05 02:02:45.877 20207 20207 W WindowOnBackDispatcher: sendCancelIfRunning: isInProgress=falsecallback=android.view.ViewRootImpl$$ExternalSyntheticLambda19@e69dfd9
10-05 02:02:45.877  1942  2182 I VSyncReactor: Current= 120, Period= 24, hwcPeriod= 24
10-05 02:02:45.877  2682  3361 D CoreBackPreview: Window{88b143b u0 PopupWindow:6a456b4}: Setting back callback null
10-05 02:02:45.879 20207 20207 I ViewRootImpl@f53ee52[PopupWindow:6a456b4]: dispatchDetachedFromWindow
10-05 02:02:45.880  2682  2814 D LocalDisplayAdapter: updateActiveModeLocked for d=4630947232161729154, mActiveModeId=6, mActiveSfDisplayMode=DisplayMode{id=5, width=1080, height=2340, xDpi=391.885, yDpi=393.615, refreshRate=24.000002, appVsyncOffsetNanos=0, presentationDeadlineNanos=42666666, supportedHdrTypes=[2, 3, 4], group=1080}
10-05 02:02:45.880  2682  3363 D InputTransport: Input channel destroyed: '88b143b', fd=1032
10-05 02:02:45.881  2682  3363 W InputManager-JNI: Input channel object '88b143b PopupWindow:6a456b4 (client)' was disposed without first being removed with the input manager!
10-05 02:02:45.881  2682  3363 D InputTransport: Input channel destroyed: '88b143b', fd=1033
10-05 02:02:45.881  2682  3363 V WindowManager: Remove Window{88b143b u0 PopupWindow:6a456b4}: mSurfaceController=Surface(name=PopupWindow:6a456b4$_20207)/@0x29f4e9 mAnimatingExit=false mRemoveOnExit=false mHasSurface=true surfaceShowing=false animating=false app-animation=false mDisplayFrozen=false callers=com.android.server.wm.WindowManagerService.removeWindow:2151 com.android.server.wm.Session.remove:257 android.view.IWindowSession$Stub.onTransact:747 com.android.server.wm.Session.onTransact:204 android.os.Binder.execTransactInternal:1375 android.os.Binder.execTransact:1311 
10-05 02:02:45.881  2682  3363 I WindowManager: Destroying surface Surface(name=PopupWindow:6a456b4$_20207)/@0x29f4e9 called by com.android.server.wm.WindowStateAnimator.destroySurface:811 com.android.server.wm.WindowStateAnimator.destroySurfaceLocked:478 com.android.server.wm.WindowState.removeImmediately:2958 com.android.server.wm.WindowState.removeIfPossible:3226 com.android.server.wm.WindowManagerService.removeWindow:2151 com.android.server.wm.Session.remove:257 android.view.IWindowSession$Stub.onTransact:747 com.android.server.wm.Session.onTransact:204 
10-05 02:02:45.881  2682  2814 I DisplayDeviceRepository: Display device changed: DisplayDeviceInfo{"Built-in Screen": uniqueId="local:4630947232161729154", 1080 x 2340, modeId 6, renderFrameRate 24.000002, defaultModeId 1, supportedModes [{id=1, width=1080, height=2340, fps=120.00001, alternativeRefreshRates=[10.0, 24.000002, 30.000002, 48.000004, 60.000004, 96.00001], supportedHdrTypes=[2, 3, 4]}, {id=2, width=1080, height=2340, fps=96.00001, alternativeRefreshRates=[10.0, 24.000002, 30.000002, 48.000004, 60.000004, 120.00001], supportedHdrTypes=[2, 3, 4]}, {id=3, width=1080, height=2340, fps=60.000004, alternativeRefreshRates=[10.0, 24.000002, 30.000002, 48.000004, 96.00001, 120.00001], supportedHdrTypes=[2, 3, 4]}, {id=4, width=1080, height=2340, fps=48.000004, alternativeRefreshRates=[10.0, 24.000002, 30.000002, 60.000004, 96.00001, 120.00001], supportedHdrTypes=[2, 3, 4]}, {id=5, width=1080, height=2340, fps=30.000002, alternativeRefreshRates=[10.0, 24.000002, 48.000004, 60.000004, 96.00001, 120.00001], supportedHdrTypes=[2, 3, 4]}, {id=6, width=1080, height=2340, fps=24.000002, alternativeRefreshRates=[10.0, 30.000002, 48.000004, 60.000004, 96.00001, 120.00001], supportedHdrTypes=[2, 3, 4]}, {id=7, width=1080, height=2340, fps=10.0, alternativeRefreshRates=[24.000002, 30.000002, 48.000004, 60.000004, 96.00001, 120.00001], supportedHdrTypes=[2, 3, 4]}], colorMode 0, supportedColorModes [0, 7, 9], hdrCapabilities HdrCapabilities{mSupportedHdrTypes=[2, 3, 4], mMaxLuminance=450.0, mMaxAverageLuminance=225.00024, mMinLuminance=5.0E-4}, allmSupported false, gameContentTypeSupported false, density 450, 391.885 x 393.615 dpi, appVsyncOff 0, presDeadline 42666666, cutout DisplayCutout{insets=Rect(0, 74 - 0, 0) waterfall=Insets{left=0, top=0, right=0, bottom=0} boundingRect={Bounds=[Rect(0, 0 - 0, 0), Rect(514, 0 - 566, 74), Rect(0, 0 - 0, 0), Rect(0, 0 - 0, 0)]} cutoutPathParserInfo={CutoutPathParserInfo{displayWidth=1080 displayHeight=2340 physicalDisplayWidth=1080 physicalDisplayHeight=2340 density={2.8125} cutoutSpec={M 0,0 H -9.244444444444444 V 26.31111111111111 H 9.244444444444444 V 0 H 0 Z @dp} rotation={0} scale={1.0} physicalPixelDisplaySizeRatio={1.0}}}}, touch INTERNAL, rotation 0, type INTERNAL, address {port=130, model=0x40446df8ca940a}, deviceProductInfo DeviceProductInfo{name=, manufacturerPnpId=QCM, productId=1, modelYear=null, manufactureDate=ManufactureDate{week=27, year=2006}, connectionToSinkType=0}, state ON, committedState ON, frameRateOverride , brightnessMinimum 0.0, brightnessMaximum 1.0, brightnessDefault 0.5019608, hdrSdrRatio NaN, roundedCorners RoundedCorners{[RoundedCorner{position=TopLeft, radius=101, center=Point(101, 101)}, RoundedCorner{position=TopRight, radius=101, center=Point(979, 101)}, RoundedCorner{position=BottomRight, radius=101, center=Point(979, 2239)}, RoundedCorner{position=BottomLeft, radius=101, center=Point(101, 2239)}]}, FLAG_ALLOWED_TO_BE_DEFAULT_DISPLAY, FLAG_ROTATES_WITH_CONTENT, FLAG_SECURE, FLAG_SUPPORTS_PROTECTED_BUFFERS, FLAG_TRUSTED, installOrientation 0, displayShape DisplayShape{ spec=-311912193 displayWidth=1080 displayHeight=2340 physicalPixelDisplaySizeRatio=1.0 rotation=0 offsetX=0 offsetY=0 scale=1.0}}
10-05 02:02:45.883  2682  2682 D SGM:GameManager: onDisplayChanged. displyId: 0, state: 2
10-05 02:02:45.883 20207 20207 D InputTransport: Input channel destroyed: '88b143b', fd=108
10-05 02:02:45.884  2682  5272 D LiftUpHandler: [LTW] Stopped already.
10-05 02:02:45.884  2682  2682 D AODManagerService: requestReCalToTSP IsSingleTouchMode = truerequestedReCalToTSP = true / previousDisplayState = ON
10-05 02:02:45.884  2682  3292 D SGM:FgCheckThread: onLooperPrepared(), msg: MSG_LCD_ON
10-05 02:02:45.886  3753  3827 I ViewRootImpl@adb6e5c[MorseCodeApp]: onDisplayChanged oldDisplayState=2 newDisplayState=2
10-05 02:02:45.886  3753  3843 D DisplayLifecycle: updateDisplay id = 0
10-05 02:02:45.886  3753  3843 D StackScroller: onDisplayChanged for predraw skip to 2
10-05 02:02:45.887  2682  2814 D DisplayManagerService: Ignore redundant display event 0/2 to 10258/14072
10-05 02:02:45.887  3753  3813 I ViewRootImpl@97bbd94[ShellDropTarget]: onDisplayChanged oldDisplayState=2 newDisplayState=2
10-05 02:02:45.887  4186 20085 I HoneySpace.DeXLaunchService: Display changed - 0
10-05 02:02:45.887  4186  4186 I ViewRootImpl@b7c15db[LauncherActivity]: onDisplayChanged oldDisplayState=2 newDisplayState=2
10-05 02:02:45.887  4186  4186 I ViewRootImpl@6c9be1f[RecentsTransitionOverlay]: onDisplayChanged oldDisplayState=2 newDisplayState=2
10-05 02:02:45.887  2682  2814 D DisplayManagerService: Ignore redundant display event 0/2 to 10269/28463
10-05 02:02:45.887  4186  4186 I ViewRootImpl@3d39e80[RecentsActivity]: onDisplayChanged oldDisplayState=2 newDisplayState=2
10-05 02:02:45.887  4186 14066 I HoneySpace.Memory-Monitor: current state = 2, didTrim = false
10-05 02:02:45.887  4186  4186 I ViewRootImpl@2936c7[CocktailBarService]: onDisplayChanged oldDisplayState=2 newDisplayState=2
10-05 02:02:45.888  4186 20085 I HoneySpace.RefreshRateSource: singleFrameMs 41
10-05 02:02:45.888  2682  2814 D RefreshRateModeManager: updateDefaultDisplayToken: android.os.BinderProxy@8e5808d, isChanged: false
10-05 02:02:45.889  3753  3753 I ViewRootImpl@ebdea00[LockscreenShortcutBlur]: onDisplayChanged oldDisplayState=2 newDisplayState=2
10-05 02:02:45.889  7285  7285 I ViewRootImpl@cceb72c[InputMethod]: onDisplayChanged oldDisplayState=2 newDisplayState=2
10-05 02:02:45.889  3753  3753 I ViewRootImpl@e375d57[NavigationBar0]: onDisplayChanged oldDisplayState=2 newDisplayState=2
10-05 02:02:45.889  3753  3753 I ViewRootImpl@eaa7ab4[NotificationShade]: onDisplayChanged oldDisplayState=2 newDisplayState=2
10-05 02:02:45.889  3753  3753 I ViewRootImpl@1b6a14d[StatusBar]: onDisplayChanged oldDisplayState=2 newDisplayState=2
10-05 02:02:45.889  3753  3753 I ViewRootImpl@8e629f9[Bouncer]: onDisplayChanged oldDisplayState=2 newDisplayState=2
10-05 02:02:45.889  3753  3753 I ViewRootImpl@996f964[KeyguardBiometricToastView]: onDisplayChanged oldDisplayState=2 newDisplayState=2
10-05 02:02:45.889 20207 20237 D nativeloader: Load /data/app/~~Ouj4VrWbMmgyTfnSczPhfg==/com.csparks113.MorseCodeApp-f12bSwlFV4dbTw3aR08x_g==/base.apk!/lib/arm64-v8a/libhermes.so using class loader ns clns-4 (caller=/data/app/~~Ouj4VrWbMmgyTfnSczPhfg==/com.csparks113.MorseCodeApp-f12bSwlFV4dbTw3aR08x_g==/base.apk!classes21.dex): ok
10-05 02:02:45.890 20207 20237 D nativeloader: Load /data/app/~~Ouj4VrWbMmgyTfnSczPhfg==/com.csparks113.MorseCodeApp-f12bSwlFV4dbTw3aR08x_g==/base.apk!/lib/arm64-v8a/libhermestooling.so using class loader ns clns-4 (caller=/data/app/~~Ouj4VrWbMmgyTfnSczPhfg==/com.csparks113.MorseCodeApp-f12bSwlFV4dbTw3aR08x_g==/base.apk!classes21.dex): ok
10-05 02:02:45.890 20207 20237 D jni_lib_merge: Entering merged library JNI_OnLoad.
10-05 02:02:45.890 20207 20237 D jni_lib_merge: Preparing 4 pre-merged libs (including stub)
10-05 02:02:45.890 20207 20237 D jni_lib_merge: Preparing to register libhermes_executor_so.  onload_func: 0x70a2ef87a0
10-05 02:02:45.890 20207 20237 D jni_lib_merge: Preparing to register libhermesinstancejni_so.  onload_func: 0x70a2f2e22c
10-05 02:02:45.890 20207 20237 D jni_lib_merge: Preparing to register libjsijniprofiler_so.  onload_func: 0x70a2f3027c
10-05 02:02:45.890 20207 20237 D jni_lib_merge: About to register 3 actual methods.
10-05 02:02:45.895 20207 20237 D nativeloader: Load /data/app/~~Ouj4VrWbMmgyTfnSczPhfg==/com.csparks113.MorseCodeApp-f12bSwlFV4dbTw3aR08x_g==/base.apk!/lib/arm64-v8a/libNitroHaptics.so using class loader ns clns-4 (caller=/data/app/~~Ouj4VrWbMmgyTfnSczPhfg==/com.csparks113.MorseCodeApp-f12bSwlFV4dbTw3aR08x_g==/base.apk!classes10.dex): ok
10-05 02:02:45.895 20207 20237 I Nitro.HybridObjectRegistry: Registering HybridObject "Haptics"...
10-05 02:02:45.895 20207 20237 I Nitro.HybridObjectRegistry: Successfully registered HybridObject "Haptics"!
10-05 02:02:45.919  1942  1942 I Layer   : Layer::reparent [PopupWindow:6a456b4$_20207#8145] newParentHandle : null -------------------------
10-05 02:02:45.919  1942  1942 I Layer   : id=8145 removeFromCurrentState PopupWindow:6a456b4$_20207#8145 (120)
10-05 02:02:45.919  1942  1942 I Layer   : Layer::reparent [PopupWindow:6a456b4$_20207#8145] End -------------------------
10-05 02:02:45.919  1942  1942 I Layer   : Layer::reparent [88b143b PopupWindow:6a456b4#8144] newParentHandle : null -------------------------
10-05 02:02:45.919  1942  1942 I Layer   : id=8144 removeFromCurrentState 88b143b PopupWindow:6a456b4#8144 (120)
10-05 02:02:45.919  1942  1942 I Layer   : Layer::reparent [88b143b PopupWindow:6a456b4#8144] End -------------------------
10-05 02:02:45.920  1942  1942 I SurfaceFlinger: id=8144 Removed 88b143b PopupWindow:6a456b4#8144 (120)
10-05 02:02:45.920  1942  1942 I SurfaceFlinger: id=8145 Removed PopupWindow:6a456b4$_20207#8145 (120)
10-05 02:02:45.927 20207 20207 I ViewRootImpl@eea2bcb[MainActivity]: onDisplayChanged oldDisplayState=2 newDisplayState=2
10-05 02:02:45.946 20207 20237 I ExpoModulesCore:  AppContext was initialized
10-05 02:02:45.948  1828 20203 I HYPER-HAL: [RequestManager.cpp]releaseLocked(): Released ID : 4330153
10-05 02:02:45.969  1942  2182 I VSyncReactor: Current= 24, Period= 24, hwcPeriod= 24
10-05 02:02:45.969  1942  1942 I Layer   : id=8144 Destroyed 88b143b PopupWindow:6a456b4#8144
10-05 02:02:45.970  1942  1942 I Layer   : id=8145 Destroyed PopupWindow:6a456b4$_20207#8145
10-05 02:02:45.981 20207 20237 W unknown:BridgelessReact: ReactHost{0}.getOrCreateReactInstanceTask(): Loading JS Bundle
10-05 02:02:45.981 20207 20237 W unknown:BridgelessReact: ReactHost{0}.getOrCreateReactInstanceTask(): Calling DevSupportManagerBase.onNewReactContextCreated(reactContext)
10-05 02:02:45.982 20207 20237 W unknown:BridgelessReact: ReactHost{0}.startSurface(surfaceId = 0): Execute
10-05 02:02:46.012 20207 20207 W unknown:ReactNative: Packager connection already open, nooping.
10-05 02:02:46.012 20207 20207 W unknown:BridgelessReact: ReactContext.onHostResume()
10-05 02:02:46.016 20207 20207 W unknown:BridgelessReact: ReactHost{0}.getOrCreateReactInstanceTask(): Executing ReactInstanceEventListeners
10-05 02:02:46.030  1817 16709 I sensors-hal: handle_sns_client_event:550, [0][113505] accel_sample [-0.025, -0.142,  9.925] 90673738068884
10-05 02:02:46.209 20207 20267 I WebViewFactory: Loading com.google.android.webview version 140.0.7339.207 (code 733920733)
10-05 02:02:46.211 20207 20267 W 13.MorseCodeApp: Failed to find entry 'classes.dex': Entry not found
10-05 02:02:46.211 20207 20267 D nativeloader: Configuring clns-5 for other apk /data/app/~~zFlU7rYwJq51gVSMc0tViQ==/com.google.android.trichromelibrary_733920733-eo_f2aNvXaIc-P2lQRaTlw==/base.apk. target_sdk_version=36, uses_libraries=ALL, library_path=/data/app/~~jaKnF3rWdjJNib5ViIOHag==/com.google.android.webview-B-q3h52lyXCLfR88Z4kZ0A==/lib/arm64:/data/app/~~jaKnF3rWdjJNib5ViIOHag==/com.google.android.webview-B-q3h52lyXCLfR88Z4kZ0A==/base.apk!/lib/arm64-v8a:/data/app/~~zFlU7rYwJq51gVSMc0tViQ==/com.google.android.trichromelibrary_733920733-eo_f2aNvXaIc-P2lQRaTlw==/base.apk!/lib/arm64-v8a, permitted_path=/data:/mnt/expand
10-05 02:02:46.211 20207 20267 D nativeloader: Extending system_exposed_libraries: libhumantracking.arcsoft.so:libPortraitDistortionCorrection.arcsoft.so:libPortraitDistortionCorrectionCali.arcsoft.so:libface_landmark.arcsoft.so:libFacialStickerEngine.arcsoft.so:libfrtracking_engine.arcsoft.so:libFaceRecognition.arcsoft.so:libveengine.arcsoft.so:lib_pet_detection.arcsoft.so:libae_bracket_hdr.arcsoft.so:libhybrid_high_dynamic_range.arcsoft.so:libimage_enhancement.arcsoft.so:liblow_light_hdr.arcsoft.so:libhigh_dynamic_range.arcsoft.so:libsuperresolution_raw.arcsoft.so:libobjectcapture_jni.arcsoft.so:libobjectcapture.arcsoft.so:libFacialAttributeDetection.arcsoft.so:libaudiomirroring_jni.audiomirroring.samsung.so:libBeauty_v4.camera.samsung.so:libexifa.camera.samsung.so:libjpega.camera.samsung.so:libOpenCv.camera.samsung.so:libVideoClassifier.camera.samsung.so:libImageScreener.camera.samsung.so:libMyFilter.camera.samsung.so:libtflite2.myfilters.camera.samsung.so:libHIDTSnapJNI.camera.samsung.so:libSmartScan.camera.samsung.so:libRectify.camera.samsung.so:lib
10-05 02:02:46.212 20207 20267 W 13.MorseCodeApp: Loading /data/app/~~jaKnF3rWdjJNib5ViIOHag==/com.google.android.webview-B-q3h52lyXCLfR88Z4kZ0A==/oat/arm64/base.odex non-executable as it requires an image which we failed to load
10-05 02:02:46.214 20207 20267 D nativeloader: Configuring clns-6 for other apk /data/app/~~jaKnF3rWdjJNib5ViIOHag==/com.google.android.webview-B-q3h52lyXCLfR88Z4kZ0A==/base.apk. target_sdk_version=36, uses_libraries=, library_path=/data/app/~~jaKnF3rWdjJNib5ViIOHag==/com.google.android.webview-B-q3h52lyXCLfR88Z4kZ0A==/lib/arm64:/data/app/~~jaKnF3rWdjJNib5ViIOHag==/com.google.android.webview-B-q3h52lyXCLfR88Z4kZ0A==/base.apk!/lib/arm64-v8a:/data/app/~~zFlU7rYwJq51gVSMc0tViQ==/com.google.android.trichromelibrary_733920733-eo_f2aNvXaIc-P2lQRaTlw==/base.apk!/lib/arm64-v8a, permitted_path=/data:/mnt/expand
10-05 02:02:46.225 20207 20267 I cr_WVCFactoryProvider: version=140.0.7339.207 (733920733) minSdkVersion=29 multiprocess=true packageId=2 splits=<none>
10-05 02:02:46.227 20207 20267 D nativeloader: Load /data/app/~~zFlU7rYwJq51gVSMc0tViQ==/com.google.android.trichromelibrary_733920733-eo_f2aNvXaIc-P2lQRaTlw==/base.apk!/lib/arm64-v8a/libmonochrome_64.so using class loader ns clns-6 (caller=/data/app/~~jaKnF3rWdjJNib5ViIOHag==/com.google.android.webview-B-q3h52lyXCLfR88Z4kZ0A==/base.apk): ok
10-05 02:02:46.227 20207 20267 D nativeloader: Load /system/lib64/libwebviewchromium_plat_support.so using class loader ns clns-6 (caller=/data/app/~~jaKnF3rWdjJNib5ViIOHag==/com.google.android.webview-B-q3h52lyXCLfR88Z4kZ0A==/base.apk): ok
10-05 02:02:46.228 20207 20279 I chromium: [1005/020246.228805:INFO:android_webview/browser/variations/variations_seed_loader.cc:67] Failed to open file for reading.: No such file or directory (2)
10-05 02:02:46.228 20207 20279 I chromium: [1005/020246.228949:INFO:android_webview/browser/variations/variations_seed_loader.cc:67] Failed to open file for reading.: No such file or directory (2)
10-05 02:02:46.231 20207 20267 I cr_LibraryLoader: Successfully loaded native library
10-05 02:02:46.231 20207 20267 I cr_CachingUmaRecorder: Flushed 13 samples from 13 histograms, 0 samples were dropped.
10-05 02:02:46.231  2682  4547 D ActivityManager: unpendingScheduleServiceRestart: u=10271, drop=false
10-05 02:02:46.233  2682  3363 D BaseRestrictionMgr: Package: com.google.android.webview, userid: 0, hostingType: bindService is allowed by freecess, caller is: com.csparks113.MorseCodeApp
10-05 02:02:46.234  2682  3363 I ActivityManager: Changes in 10271 19 to 3, 0 to 56
10-05 02:02:46.236  2682  3363 D CompatibilityChangeReporter: Compat change id reported: 261072174; UID 10470; state: ENABLED
10-05 02:02:46.246 20207 20266 D nativeloader: Load /data/app/~~Ouj4VrWbMmgyTfnSczPhfg==/com.csparks113.MorseCodeApp-f12bSwlFV4dbTw3aR08x_g==/base.apk!/lib/arm64-v8a/libexpo-modules-core.so using class loader ns clns-4 (caller=/data/app/~~Ouj4VrWbMmgyTfnSczPhfg==/com.csparks113.MorseCodeApp-f12bSwlFV4dbTw3aR08x_g==/base.apk!classes21.dex): ok
10-05 02:02:46.265 20207 20266 W unknown:ViewManagerPropertyUpdater: Could not find generated setter for class com.th3rdwave.safeareacontext.SafeAreaProviderManager
10-05 02:02:46.267 20207 20266 W unknown:ViewManagerPropertyUpdater: Could not find generated setter for class com.facebook.react.uimanager.LayoutShadowNode
10-05 02:02:46.267  2682  4420 I ActivityManager: Changes in 10271 3 to 19, 56 to 0
10-05 02:02:46.268 20207 20266 W unknown:ViewManagerPropertyUpdater: Could not find generated setter for class com.swmansion.rnscreens.SearchBarManager
10-05 02:02:46.268 20207 20266 W unknown:ViewManagerPropertyUpdater: Could not find generated setter for class com.swmansion.rnscreens.ScreenFooterManager
10-05 02:02:46.269 20207 20266 W unknown:ViewManagerPropertyUpdater: Could not find generated setter for class com.swmansion.rnscreens.gamma.tabs.TabScreenViewManager
10-05 02:02:46.270 20207 20266 W unknown:ViewManagerPropertyUpdater: Could not find generated setter for class expo.modules.kotlin.views.GroupViewManagerWrapper
10-05 02:02:46.271 20207 20266 W unknown:ViewManagerPropertyUpdater: Could not find generated setter for class com.swmansion.rnscreens.ScreenContainerViewManager
10-05 02:02:46.271 20207 20266 W unknown:ViewManagerPropertyUpdater: Could not find generated setter for class com.reactnativecommunity.slider.ReactSliderManager
10-05 02:02:46.273 20207 20266 W unknown:ViewManagerPropertyUpdater: Could not find generated setter for class com.swmansion.rnscreens.gamma.tabs.TabsHostViewManager
10-05 02:02:46.273 20207 20266 W unknown:ViewManagerPropertyUpdater: Could not find generated setter for class com.reactnativecommunity.webview.RNCWebViewManager
10-05 02:02:46.275 20207 20266 W unknown:ViewManagerPropertyUpdater: Could not find generated setter for class com.swmansion.rnscreens.ModalScreenViewManager
10-05 02:02:46.276 20207 20266 W unknown:ViewManagerPropertyUpdater: Could not find generated setter for class org.reactnative.maskedview.RNCMaskedViewManager
10-05 02:02:46.277 20207 20266 W unknown:ViewManagerPropertyUpdater: Could not find generated setter for class com.swmansion.rnscreens.ScreenStackHeaderConfigViewManager
10-05 02:02:46.278 20207 20266 W unknown:ViewManagerPropertyUpdater: Could not find generated setter for class com.swmansion.rnscreens.ScreenContentWrapperManager
10-05 02:02:46.278 20207 20266 W unknown:ViewManagerPropertyUpdater: Could not find generated setter for class com.th3rdwave.safeareacontext.SafeAreaViewManager
10-05 02:02:46.279 20207 20266 W unknown:ViewManagerPropertyUpdater: Could not find generated setter for class com.th3rdwave.safeareacontext.SafeAreaViewShadowNode
10-05 02:02:46.280 20207 20266 W unknown:ViewManagerPropertyUpdater: Could not find generated setter for class com.swmansion.rnscreens.ScreenViewManager
10-05 02:02:46.280 20207 20266 W unknown:ViewManagerPropertyUpdater: Could not find generated setter for class expo.modules.kotlin.views.SimpleViewManagerWrapper
10-05 02:02:46.281 20207 20266 W unknown:ViewManagerPropertyUpdater: Could not find generated setter for class com.swmansion.rnscreens.ScreenStackHeaderSubviewManager
10-05 02:02:46.282 20207 20266 W unknown:ViewManagerPropertyUpdater: Could not find generated setter for class com.swmansion.rnscreens.ScreenStackViewManager
