10-11 15:49:05.543  2422  2607 D OutputsAudio: [outputs-audio] symbol.info sequence=3 symbol=. timestamp=13169058.593 duration=80.000
10-11 15:49:05.544  2422  2607 I ReactNativeJS: [outputs] playMorse.symbol {"timestamp":13169064.867005,"wallClock":1760212145543,"symbol":".","durationMs":80,"index":2,"source":"console.replay","correlationId":"console-replay:mgmov3wnb7r5zsd4","nativeTimestampMs":13169058.593,"nativeDurationMs":80,"nativeOffsetMs":6.1801509987562895,"nativeSequence":3,"monotonicTimestampMs":13169058.593}
10-11 15:49:05.545  2422  2607 I ReactNativeJS: [outputs] outputs.hapticSymbol {"timestamp":13169065.710547,"wallClock":1760212145544,"enabled":true,"symbol":".","durationMs":80,"platform":"android","source":"console.replay","correlationId":"console-replay:mgmov3wnb7r5zsd4","timelineOffsetMs":6.1801509987562895}
10-11 15:49:05.546  2422  2607 I ReactNativeJS: [outputs] outputs.flashPulse {"timestamp":13169066.953672,"wallClock":1760212145545,"enabled":true,"durationMs":80,"source":"console.replay","correlationId":"console-replay:mgmov3wnb7r5zsd4","timelineOffsetMs":6.1801509987562895}
10-11 15:49:05.615  2422  2607 I ReactNativeJS: [outputs] outputs.flashPulse.commit {"timestamp":13169135.760651,"wallClock":1760212145614,"durationMs":80,"source":"console.replay","correlationId":"console-replay:mgmov3wnb7r5zsd4","latencyMs":70.98140700161457,"timelineOffsetMs":6.1801509987562895,"leadMs":8,"scheduleSkewMs":78.98140700161457}
10-11 15:49:05.617  2422  9906 D OutputsAudio: [outputs-audio] stop gain=1.000 release=6.00
10-11 15:49:05.698  2422  9906 D OutputsAudio: [outputs-audio] start hz=700.0 gain=1.000 attack=2.50 release=6.00
10-11 15:49:05.722  2422  2607 D OutputsAudio: [outputs-audio] symbol.info sequence=4 symbol=- timestamp=13169220.189 duration=240.000
10-11 15:49:05.723  2422  2607 I ReactNativeJS: [outputs] playMorse.symbol {"timestamp":13169243.996641,"wallClock":1760212145722,"symbol":"-","durationMs":240,"index":3,"source":"console.replay","correlationId":"console-replay:mgmov41mnutvw1wz","nativeTimestampMs":13169220.189,"nativeDurationMs":240,"nativeOffsetMs":23.68409899994731,"nativeSequence":4,"monotonicTimestampMs":13169220.189}
10-11 15:49:05.724  2422  2607 I ReactNativeJS: [outputs] outputs.hapticSymbol {"timestamp":13169245.135287,"wallClock":1760212145724,"enabled":true,"symbol":"-","durationMs":240,"platform":"android","source":"console.replay","correlationId":"console-replay:mgmov41mnutvw1wz","timelineOffsetMs":23.68409899994731}
10-11 15:49:05.726  2422  2607 I ReactNativeJS: [outputs] outputs.flashPulse {"timestamp":13169246.898516,"wallClock":1760212145725,"enabled":true,"durationMs":240,"source":"console.replay","correlationId":"console-replay:mgmov41mnutvw1wz","timelineOffsetMs":23.68409899994731}
10-11 15:49:05.801  2422  2607 I ReactNativeJS: [outputs] outputs.flashPulse.commit {"timestamp":13169321.83987,"wallClock":1760212145800,"durationMs":240,"source":"console.replay","correlationId":"console-replay:mgmov41mnutvw1wz","latencyMs":77.96177100017667,"timelineOffsetMs":23.68409899994731,"leadMs":8,"scheduleSkewMs":85.96177100017667}
10-11 15:49:05.939  2422  9906 D OutputsAudio: [outputs-audio] stop gain=1.000 release=6.00
10-11 15:49:06.020  2422  9906 D OutputsAudio: [outputs-audio] start hz=700.0 gain=1.000 attack=2.50 release=6.00
10-11 15:49:06.028  2422  2607 D OutputsAudio: [outputs-audio] symbol.info sequence=5 symbol=- timestamp=13169541.419 duration=240.000
10-11 15:49:06.029  2422  2607 I ReactNativeJS: [outputs] playMorse.symbol {"timestamp":13169549.997422,"wallClock":1760212146028,"symbol":"-","durationMs":240,"index":4,"source":"console.replay","correlationId":"console-replay:mgmov4a4vgk0kud2","nativeTimestampMs":13169541.419,"nativeDurationMs":240,"nativeOffsetMs":8.48784900084138,"nativeSequence":5,"monotonicTimestampMs":13169541.419}
10-11 15:49:06.030  2422  2607 I ReactNativeJS: [outputs] outputs.hapticSymbol {"timestamp":13169550.963255,"wallClock":1760212146029,"enabled":true,"symbol":"-","durationMs":240,"platform":"android","source":"console.replay","correlationId":"console-replay:mgmov4a4vgk0kud2","timelineOffsetMs":8.48784900084138}
10-11 15:49:06.032  2422  2607 I ReactNativeJS: [outputs] outputs.flashPulse {"timestamp":13169552.375703,"wallClock":1760212146031,"enabled":true,"durationMs":240,"source":"console.replay","correlationId":"console-replay:mgmov4a4vgk0kud2","timelineOffsetMs":8.48784900084138}
10-11 15:49:06.095  2422  2607 I ReactNativeJS: [outputs] outputs.flashPulse.commit {"timestamp":13169616.254609,"wallClock":1760212146095,"durationMs":240,"source":"console.replay","correlationId":"console-replay:mgmov4a4vgk0kud2","latencyMs":66.34218799881637,"timelineOffsetMs":8.48784900084138,"leadMs":8,"scheduleSkewMs":74.34218799881637}
10-11 15:49:06.261  2422  9906 D OutputsAudio: [outputs-audio] stop gain=1.000 release=6.00
10-11 15:49:06.341  2422  9906 D OutputsAudio: [outputs-audio] start hz=700.0 gain=1.000 attack=2.50 release=6.00
10-11 15:49:06.368  2422  2607 D OutputsAudio: [outputs-audio] symbol.info sequence=6 symbol=- timestamp=13169862.626 duration=240.000
10-11 15:49:06.370  2422  2607 I ReactNativeJS: [outputs] playMorse.symbol {"timestamp":13169890.309453,"wallClock":1760212146369,"symbol":"-","durationMs":240,"index":5,"source":"console.replay","correlationId":"console-replay:mgmov4jlp1c0vrj9","nativeTimestampMs":13169862.626,"nativeDurationMs":240,"nativeOffsetMs":27.56616099923849,"nativeSequence":6,"monotonicTimestampMs":13169862.626}
10-11 15:49:06.372  2422  2607 I ReactNativeJS: [outputs] outputs.hapticSymbol {"timestamp":13169891.789714,"wallClock":1760212146370,"enabled":true,"symbol":"-","durationMs":240,"platform":"android","source":"console.replay","correlationId":"console-replay:mgmov4jlp1c0vrj9","timelineOffsetMs":27.56616099923849}
10-11 15:49:06.375  2422  2607 I ReactNativeJS: [outputs] outputs.flashPulse {"timestamp":13169896.313151,"wallClock":1760212146375,"enabled":true,"durationMs":240,"source":"console.replay","correlationId":"console-replay:mgmov4jlp1c0vrj9","timelineOffsetMs":27.56616099923849}
10-11 15:49:06.430  2422  2607 I ReactNativeJS: [outputs] outputs.flashPulse.commit {"timestamp":13169950.876588,"wallClock":1760212146429,"durationMs":240,"source":"console.replay","correlationId":"console-replay:mgmov4jlp1c0vrj9","latencyMs":60.679167000576854,"timelineOffsetMs":27.56616099923849,"leadMs":8,"scheduleSkewMs":68.67916700057685}
10-11 15:49:06.582  2422  9906 D OutputsAudio: [outputs-audio] stop gain=1.000 release=6.00
10-11 15:49:06.662  2422  9906 D OutputsAudio: [outputs-audio] start hz=700.0 gain=1.000 attack=2.50 release=6.00
10-11 15:49:06.670  2422  2607 D OutputsAudio: [outputs-audio] symbol.info sequence=7 symbol=. timestamp=13170183.960 duration=80.000
10-11 15:49:06.673  2422  2607 I ReactNativeJS: [outputs] playMorse.symbol {"timestamp":13170192.145911,"wallClock":1760212146671,"symbol":".","durationMs":80,"index":6,"source":"console.replay","correlationId":"console-replay:mgmov4ryork193wk","nativeTimestampMs":13170183.96,"nativeDurationMs":80,"nativeOffsetMs":8.093306999653578,"nativeSequence":7,"monotonicTimestampMs":13170183.96}
10-11 15:49:06.674  2422  2607 I ReactNativeJS: [outputs] outputs.hapticSymbol {"timestamp":13170194.69987,"wallClock":1760212146673,"enabled":true,"symbol":".","durationMs":80,"platform":"android","source":"console.replay","correlationId":"console-replay:mgmov4ryork193wk","timelineOffsetMs":8.093306999653578}
10-11 15:49:06.678  2422  2607 I ReactNativeJS: [outputs] outputs.flashPulse {"timestamp":13170198.581172,"wallClock":1760212146677,"enabled":true,"durationMs":80,"source":"console.replay","correlationId":"console-replay:mgmov4ryork193wk","timelineOffsetMs":8.093306999653578}
10-11 15:49:06.736  2422  2607 I ReactNativeJS: [outputs] outputs.flashPulse.commit {"timestamp":13170257.593047,"wallClock":1760212146736,"durationMs":80,"source":"console.replay","correlationId":"console-replay:mgmov4ryork193wk","latencyMs":65.53359399922192,"timelineOffsetMs":8.093306999653578,"leadMs":8,"scheduleSkewMs":73.53359399922192}
10-11 15:49:06.743  2422  9906 D OutputsAudio: [outputs-audio] stop gain=1.000 release=6.00
10-11 15:49:06.824  2422  9906 D OutputsAudio: [outputs-audio] start hz=700.0 gain=1.000 attack=2.50 release=6.00
10-11 15:49:06.839  2422  2607 D OutputsAudio: [outputs-audio] symbol.info sequence=8 symbol=. timestamp=13170346.722 duration=80.000
10-11 15:49:06.840  2422  2607 I ReactNativeJS: [outputs] playMorse.symbol {"timestamp":13170360.785547,"wallClock":1760212146839,"symbol":".","durationMs":80,"index":7,"source":"console.replay","correlationId":"console-replay:mgmov4wnp6joxz4c","nativeTimestampMs":13170346.722,"nativeDurationMs":80,"nativeOffsetMs":13.989484000951052,"nativeSequence":8,"monotonicTimestampMs":13170346.722}
10-11 15:49:06.840  2422  2607 I ReactNativeJS: [outputs] outputs.hapticSymbol {"timestamp":13170361.477422,"wallClock":1760212146840,"enabled":true,"symbol":".","durationMs":80,"platform":"android","source":"console.replay","correlationId":"console-replay:mgmov4wnp6joxz4c","timelineOffsetMs":13.989484000951052}
10-11 15:49:06.841  2422  2607 I ReactNativeJS: [outputs] outputs.flashPulse {"timestamp":13170362.538307,"wallClock":1760212146841,"enabled":true,"durationMs":80,"source":"console.replay","correlationId":"console-replay:mgmov4wnp6joxz4c","timelineOffsetMs":13.989484000951052}
10-11 15:49:06.905  2422  9906 D OutputsAudio: [outputs-audio] stop gain=1.000 release=6.00
10-11 15:49:06.947  2422  2607 I ReactNativeJS: [outputs] outputs.flashPulse.commit {"timestamp":13170468.71263,"wallClock":1760212146947,"durationMs":80,"source":"console.replay","correlationId":"console-replay:mgmov4wnp6joxz4c","latencyMs":107.9954690001905,"timelineOffsetMs":13.989484000951052,"leadMs":8,"scheduleSkewMs":115.9954690001905}
10-11 15:49:06.986  2422  9906 D OutputsAudio: [outputs-audio] start hz=700.0 gain=1.000 attack=2.50 release=6.00
10-11 15:49:07.003  2422  2607 D OutputsAudio: [outputs-audio] symbol.info sequence=9 symbol=. timestamp=13170507.398 duration=80.000
10-11 15:49:07.004  2422  2607 I ReactNativeJS: [outputs] playMorse.symbol {"timestamp":13170524.743567,"wallClock":1760212147003,"symbol":".","durationMs":80,"index":8,"source":"console.replay","correlationId":"console-replay:mgmov517usu8fuuf","nativeTimestampMs":13170507.398,"nativeDurationMs":80,"nativeOffsetMs":17.294577999040484,"nativeSequence":9,"monotonicTimestampMs":13170507.398}
10-11 15:49:07.004  2422  2607 I ReactNativeJS: [outputs] outputs.hapticSymbol {"timestamp":13170525.251224,"wallClock":1760212147004,"enabled":true,"symbol":".","durationMs":80,"platform":"android","source":"console.replay","correlationId":"console-replay:mgmov517usu8fuuf","timelineOffsetMs":17.294577999040484}
10-11 15:49:07.008  2422  2607 I ReactNativeJS: [outputs] outputs.flashPulse {"timestamp":13170529.11414,"wallClock":1760212147007,"enabled":true,"durationMs":80,"source":"console.replay","correlationId":"console-replay:mgmov517usu8fuuf","timelineOffsetMs":17.294577999040484}
10-11 15:49:07.065  2422  2607 I ReactNativeJS: [outputs] outputs.flashPulse.commit {"timestamp":13170585.997265,"wallClock":1760212147064,"durationMs":80,"source":"console.replay","correlationId":"console-replay:mgmov517usu8fuuf","latencyMs":61.29984400048852,"timelineOffsetMs":17.294577999040484,"leadMs":8,"scheduleSkewMs":69.29984400048852}
10-11 15:49:07.067  2422  9906 D OutputsAudio: [outputs-audio] stop gain=1.000 release=6.00
10-11 15:49:07.147  2422  9906 D OutputsAudio: [outputs-audio] start hz=700.0 gain=1.000 attack=2.50 release=6.00
10-11 15:49:07.162  2422  2607 D OutputsAudio: [outputs-audio] symbol.info sequence=10 symbol=- timestamp=13170668.682 duration=240.000
10-11 15:49:07.162  2422  2607 I ReactNativeJS: [outputs] playMorse.symbol {"timestamp":13170683.402942,"wallClock":1760212147162,"symbol":"-","durationMs":240,"index":9,"source":"console.replay","correlationId":"console-replay:mgmov55mwpune3up","nativeTimestampMs":13170668.682,"nativeDurationMs":240,"nativeOffsetMs":14.642974000424147,"nativeSequence":10,"monotonicTimestampMs":13170668.682}
10-11 15:49:07.163  2422  2607 I ReactNativeJS: [outputs] outputs.hapticSymbol {"timestamp":13170684.203255,"wallClock":1760212147163,"enabled":true,"symbol":"-","durationMs":240,"platform":"android","source":"console.replay","correlationId":"console-replay:mgmov55mwpune3up","timelineOffsetMs":14.642974000424147}
10-11 15:49:07.164  2422  2607 I ReactNativeJS: [outputs] outputs.flashPulse {"timestamp":13170685.397682,"wallClock":1760212147164,"enabled":true,"durationMs":240,"source":"console.replay","correlationId":"console-replay:mgmov55mwpune3up","timelineOffsetMs":14.642974000424147}
10-11 15:49:07.232  2422  2607 I ReactNativeJS: [outputs] outputs.flashPulse.commit {"timestamp":13170752.847213,"wallClock":1760212147231,"durationMs":240,"source":"console.replay","correlationId":"console-replay:mgmov55mwpune3up","latencyMs":69.51703099906445,"timelineOffsetMs":14.642974000424147,"leadMs":8,"scheduleSkewMs":77.51703099906445}
10-11 15:49:07.388  2422  9906 D OutputsAudio: [outputs-audio] stop gain=1.000 release=6.00
10-11 15:49:07.469  2422  9906 D OutputsAudio: [outputs-audio] start hz=700.0 gain=1.000 attack=2.50 release=6.00
10-11 15:49:07.480  2422  2607 D OutputsAudio: [outputs-audio] symbol.info sequence=11 symbol=- timestamp=13170990.739 duration=240.000
10-11 15:49:07.483  2422  2607 I ReactNativeJS: [outputs] playMorse.symbol {"timestamp":13171002.148671,"wallClock":1760212147481,"symbol":"-","durationMs":240,"index":10,"source":"console.replay","correlationId":"console-replay:mgmov5egnzhxwtdr","nativeTimestampMs":13170990.739,"nativeDurationMs":240,"nativeOffsetMs":11.310452999547124,"nativeSequence":11,"monotonicTimestampMs":13170990.739}
10-11 15:49:07.484  2422  2607 I ReactNativeJS: [outputs] outputs.hapticSymbol {"timestamp":13171004.74039,"wallClock":1760212147483,"enabled":true,"symbol":"-","durationMs":240,"platform":"android","source":"console.replay","correlationId":"console-replay:mgmov5egnzhxwtdr","timelineOffsetMs":11.310452999547124}
10-11 15:49:07.488  2422  2607 I ReactNativeJS: [outputs] outputs.flashPulse {"timestamp":13171008.824088,"wallClock":1760212147487,"enabled":true,"durationMs":240,"source":"console.replay","correlationId":"console-replay:mgmov5egnzhxwtdr","timelineOffsetMs":11.310452999547124}
10-11 15:49:07.552  2422  2607 I ReactNativeJS: [outputs] outputs.flashPulse.commit {"timestamp":13171073.657734,"wallClock":1760212147552,"durationMs":240,"source":"console.replay","correlationId":"console-replay:mgmov5egnzhxwtdr","latencyMs":71.60281199961901,"timelineOffsetMs":11.310452999547124,"leadMs":8,"scheduleSkewMs":79.60281199961901}
10-11 15:49:07.709  2422  9906 D OutputsAudio: [outputs-audio] stop gain=1.000 release=6.00
10-11 15:49:07.790  2422  9906 D OutputsAudio: [outputs-audio] start hz=700.0 gain=1.000 attack=2.50 release=6.00
10-11 15:49:07.798  2422  2607 D OutputsAudio: [outputs-audio] symbol.info sequence=12 symbol=- timestamp=13171311.912 duration=240.000
10-11 15:49:07.799  2422  2607 I ReactNativeJS: [outputs] playMorse.symbol {"timestamp":13171319.9294,"wallClock":1760212147798,"symbol":"-","durationMs":240,"index":11,"source":"console.replay","correlationId":"console-replay:mgmov5na7vv8fzub","nativeTimestampMs":13171311.912,"nativeDurationMs":240,"nativeOffsetMs":7.926983999088407,"nativeSequence":12,"monotonicTimestampMs":13171311.912}
10-11 15:49:07.800  2422  2607 I ReactNativeJS: [outputs] outputs.hapticSymbol {"timestamp":13171320.811328,"wallClock":1760212147799,"enabled":true,"symbol":"-","durationMs":240,"platform":"android","source":"console.replay","correlationId":"console-replay:mgmov5na7vv8fzub","timelineOffsetMs":7.926983999088407}
10-11 15:49:07.801  2422  2607 I ReactNativeJS: [outputs] outputs.flashPulse {"timestamp":13171321.942317,"wallClock":1760212147800,"enabled":true,"durationMs":240,"source":"console.replay","correlationId":"console-replay:mgmov5na7vv8fzub","timelineOffsetMs":7.926983999088407}
10-11 15:49:07.853  2422  2607 I ReactNativeJS: [outputs] outputs.flashPulse.commit {"timestamp":13171373.873932,"wallClock":1760212147852,"durationMs":240,"source":"console.replay","correlationId":"console-replay:mgmov5na7vv8fzub","latencyMs":54.02932300046086,"timelineOffsetMs":7.926983999088407,"leadMs":8,"scheduleSkewMs":62.02932300046086}
10-11 15:49:08.031  2422  9906 D OutputsAudio: [outputs-audio] stop gain=1.000 release=6.00
10-11 15:49:08.112  2422  9906 D OutputsAudio: [outputs-audio] start hz=700.0 gain=1.000 attack=2.50 release=6.00
10-11 15:49:08.122  2422  2607 D OutputsAudio: [outputs-audio] symbol.info sequence=13 symbol=. timestamp=13171633.591 duration=80.000
10-11 15:49:08.123  2422  2607 I ReactNativeJS: [outputs] playMorse.symbol {"timestamp":13171644.204348,"wallClock":1760212148123,"symbol":".","durationMs":80,"index":12,"source":"console.replay","correlationId":"console-replay:mgmov5wbrorcwjvl","nativeTimestampMs":13171633.591,"nativeDurationMs":80,"nativeOffsetMs":10.552515000104904,"nativeSequence":13,"monotonicTimestampMs":13171633.591}
10-11 15:49:08.124  2422  2607 I ReactNativeJS: [outputs] outputs.hapticSymbol {"timestamp":13171644.876171,"wallClock":1760212148123,"enabled":true,"symbol":".","durationMs":80,"platform":"android","source":"console.replay","correlationId":"console-replay:mgmov5wbrorcwjvl","timelineOffsetMs":10.552515000104904}
10-11 15:49:08.124  2422  2607 I ReactNativeJS: [outputs] outputs.flashPulse {"timestamp":13171645.723619,"wallClock":1760212148124,"enabled":true,"durationMs":80,"source":"console.replay","correlationId":"console-replay:mgmov5wbrorcwjvl","timelineOffsetMs":10.552515000104904}
10-11 15:49:08.180  2422  2607 I ReactNativeJS: [outputs] outputs.flashPulse.commit {"timestamp":13171701.027682,"wallClock":1760212148179,"durationMs":80,"source":"console.replay","correlationId":"console-replay:mgmov5wbrorcwjvl","latencyMs":56.87890600040555,"timelineOffsetMs":10.552515000104904,"leadMs":8,"scheduleSkewMs":64.87890600040555}
10-11 15:49:08.192  2422  9906 D OutputsAudio: [outputs-audio] stop gain=1.000 release=6.00
10-11 15:49:08.273  2422  9906 D OutputsAudio: [outputs-audio] start hz=700.0 gain=1.000 attack=2.50 release=6.00
10-11 15:49:08.283  2422  2607 D OutputsAudio: [outputs-audio] symbol.info sequence=14 symbol=. timestamp=13171794.521 duration=80.000
10-11 15:49:08.283  2422  2607 I ReactNativeJS: [outputs] playMorse.symbol {"timestamp":13171804.415077,"wallClock":1760212148283,"symbol":".","durationMs":80,"index":13,"source":"console.replay","correlationId":"console-replay:mgmov60rw74nzbwc","nativeTimestampMs":13171794.521,"nativeDurationMs":80,"nativeOffsetMs":9.815588001161814,"nativeSequence":14,"monotonicTimestampMs":13171794.521}
10-11 15:49:08.284  2422  2607 I ReactNativeJS: [outputs] outputs.hapticSymbol {"timestamp":13171805.159817,"wallClock":1760212148284,"enabled":true,"symbol":".","durationMs":80,"platform":"android","source":"console.replay","correlationId":"console-replay:mgmov60rw74nzbwc","timelineOffsetMs":9.815588001161814}
10-11 15:49:08.285  2422  2607 I ReactNativeJS: [outputs] outputs.flashPulse {"timestamp":13171806.712734,"wallClock":1760212148285,"enabled":true,"durationMs":80,"source":"console.replay","correlationId":"console-replay:mgmov60rw74nzbwc","timelineOffsetMs":9.815588001161814}
10-11 15:49:08.341  2422  2607 I ReactNativeJS: [outputs] outputs.flashPulse.commit {"timestamp":13171862.043619,"wallClock":1760212148340,"durationMs":80,"source":"console.replay","correlationId":"console-replay:mgmov60rw74nzbwc","latencyMs":57.70197899825871,"timelineOffsetMs":9.815588001161814,"leadMs":8,"scheduleSkewMs":65.70197899825871}
10-11 15:49:08.354  2422  9906 D OutputsAudio: [outputs-audio] stop gain=1.000 release=6.00
10-11 15:49:08.435  2422  9906 D OutputsAudio: [outputs-audio] start hz=700.0 gain=1.000 attack=2.50 release=6.00
10-11 15:49:08.446  2422  2607 D OutputsAudio: [outputs-audio] symbol.info sequence=15 symbol=. timestamp=13171956.352 duration=80.000
10-11 15:49:08.447  2422  2607 I ReactNativeJS: [outputs] playMorse.symbol {"timestamp":13171967.478827,"wallClock":1760212148446,"symbol":".","durationMs":80,"index":14,"source":"console.replay","correlationId":"console-replay:mgmov65atyqid9ex","nativeTimestampMs":13171956.352,"nativeDurationMs":80,"nativeOffsetMs":11.038180999457836,"nativeSequence":15,"monotonicTimestampMs":13171956.352}
10-11 15:49:08.447  2422  2607 I ReactNativeJS: [outputs] outputs.hapticSymbol {"timestamp":13171968.287109,"wallClock":1760212148447,"enabled":true,"symbol":".","durationMs":80,"platform":"android","source":"console.replay","correlationId":"console-replay:mgmov65atyqid9ex","timelineOffsetMs":11.038180999457836}
10-11 15:49:08.448  2422  2607 I ReactNativeJS: [outputs] outputs.flashPulse {"timestamp":13171969.449661,"wallClock":1760212148448,"enabled":true,"durationMs":80,"source":"console.replay","correlationId":"console-replay:mgmov65atyqid9ex","timelineOffsetMs":11.038180999457836}
10-11 15:49:08.507  2422  2607 I ReactNativeJS: [outputs] outputs.flashPulse.commit {"timestamp":13172028.243306,"wallClock":1760212148507,"durationMs":80,"source":"console.replay","correlationId":"console-replay:mgmov65atyqid9ex","latencyMs":60.84796900115907,"timelineOffsetMs":11.038180999457836,"leadMs":8,"scheduleSkewMs":68.84796900115907}
10-11 15:49:08.516  2422  9906 D OutputsAudio: [outputs-audio] stop gain=1.000 release=6.00
10-11 15:49:08.596  2422  9906 D OutputsAudio: [outputs-audio] start hz=700.0 gain=1.000 attack=2.50 release=6.00
10-11 15:49:08.618  2422  2607 D OutputsAudio: [outputs-audio] symbol.info sequence=16 symbol=- timestamp=13172117.981 duration=240.000
10-11 15:49:08.620  2422  2607 I ReactNativeJS: [outputs] playMorse.symbol {"timestamp":13172139.985806,"wallClock":1760212148618,"symbol":"-","durationMs":240,"index":15,"source":"console.replay","correlationId":"console-replay:mgmov6a2bbfgr4gz","nativeTimestampMs":13172117.981,"nativeDurationMs":240,"nativeOffsetMs":21.91131700016558,"nativeSequence":16,"monotonicTimestampMs":13172117.981}
10-11 15:49:08.622  2422  2607 I ReactNativeJS: [outputs] outputs.hapticSymbol {"timestamp":13172142.128306,"wallClock":1760212148621,"enabled":true,"symbol":"-","durationMs":240,"platform":"android","source":"console.replay","correlationId":"console-replay:mgmov6a2bbfgr4gz","timelineOffsetMs":21.91131700016558}
10-11 15:49:08.630  2422  2607 I ReactNativeJS: [outputs] outputs.flashPulse {"timestamp":13172147.022108,"wallClock":1760212148625,"enabled":true,"durationMs":240,"source":"console.replay","correlationId":"console-replay:mgmov6a2bbfgr4gz","timelineOffsetMs":21.91131700016558}
10-11 15:49:08.684  2422  2607 I ReactNativeJS: [outputs] outputs.flashPulse.commit {"timestamp":13172205.059608,"wallClock":1760212148683,"durationMs":240,"source":"console.replay","correlationId":"console-replay:mgmov6a2bbfgr4gz","latencyMs":65.16187499836087,"timelineOffsetMs":21.91131700016558,"leadMs":8,"scheduleSkewMs":73.16187499836087}
10-11 15:49:08.837  2422  9906 D OutputsAudio: [outputs-audio] stop gain=1.000 release=6.00
10-11 15:49:08.919  2422  9906 D OutputsAudio: [outputs-audio] start hz=700.0 gain=1.000 attack=2.50 release=6.00
10-11 15:49:08.925  2422  2607 D OutputsAudio: [outputs-audio] symbol.info sequence=17 symbol=- timestamp=13172440.260 duration=240.000
10-11 15:49:08.926  2422  2607 I ReactNativeJS: [outputs] playMorse.symbol {"timestamp":13172446.962108,"wallClock":1760212148925,"symbol":"-","durationMs":240,"index":16,"source":"console.replay","correlationId":"console-replay:mgmov6ilv9qewmwk","nativeTimestampMs":13172440.26,"nativeDurationMs":240,"nativeOffsetMs":6.613045999780297,"nativeSequence":17,"monotonicTimestampMs":13172440.26}
10-11 15:49:08.927  2422  2607 I ReactNativeJS: [outputs] outputs.hapticSymbol {"timestamp":13172447.83716,"wallClock":1760212148926,"enabled":true,"symbol":"-","durationMs":240,"platform":"android","source":"console.replay","correlationId":"console-replay:mgmov6ilv9qewmwk","timelineOffsetMs":6.613045999780297}
10-11 15:49:08.928  2422  2607 I ReactNativeJS: [outputs] outputs.flashPulse {"timestamp":13172449.015233,"wallClock":1760212148927,"enabled":true,"durationMs":240,"source":"console.replay","correlationId":"console-replay:mgmov6ilv9qewmwk","timelineOffsetMs":6.613045999780297}
10-11 15:49:08.984  2422  2607 I ReactNativeJS: [outputs] outputs.flashPulse.commit {"timestamp":13172505.282317,"wallClock":1760212148984,"durationMs":240,"source":"console.replay","correlationId":"console-replay:mgmov6ilv9qewmwk","latencyMs":58.40296900086105,"timelineOffsetMs":6.613045999780297,"leadMs":8,"scheduleSkewMs":66.40296900086105}
10-11 15:49:09.160  2422  9906 D OutputsAudio: [outputs-audio] stop gain=1.000 release=6.00
10-11 15:49:09.240  2422  9906 D OutputsAudio: [outputs-audio] start hz=700.0 gain=1.000 attack=2.50 release=6.00
10-11 15:49:09.261  2422  2607 D OutputsAudio: [outputs-audio] symbol.info sequence=18 symbol=- timestamp=13172762.046 duration=240.000
10-11 15:49:09.263  2422  2607 I ReactNativeJS: [outputs] playMorse.symbol {"timestamp":13172783.214817,"wallClock":1760212149262,"symbol":"-","durationMs":240,"index":17,"source":"console.replay","correlationId":"console-replay:mgmov6ryjx3r189y","nativeTimestampMs":13172762.046,"nativeDurationMs":240,"nativeOffsetMs":21.063711998984218,"nativeSequence":18,"monotonicTimestampMs":13172762.046}
10-11 15:49:09.264  2422  2607 I ReactNativeJS: [outputs] outputs.hapticSymbol {"timestamp":13172784.952264,"wallClock":1760212149263,"enabled":true,"symbol":"-","durationMs":240,"platform":"android","source":"console.replay","correlationId":"console-replay:mgmov6ryjx3r189y","timelineOffsetMs":21.063711998984218}
10-11 15:49:09.266  2422  2607 I ReactNativeJS: [outputs] outputs.flashPulse {"timestamp":13172786.990858,"wallClock":1760212149265,"enabled":true,"durationMs":240,"source":"console.replay","correlationId":"console-replay:mgmov6ryjx3r189y","timelineOffsetMs":21.063711998984218}
10-11 15:49:09.327  2422  2607 I ReactNativeJS: [outputs] outputs.flashPulse.commit {"timestamp":13172847.86065,"wallClock":1760212149326,"durationMs":240,"source":"console.replay","correlationId":"console-replay:mgmov6ryjx3r189y","latencyMs":64.74588600173593,"timelineOffsetMs":21.063711998984218,"leadMs":8,"scheduleSkewMs":72.74588600173593}
10-11 15:49:09.481  2422  9906 D OutputsAudio: [outputs-audio] stop gain=1.000 release=6.00
10-11 15:49:09.562  2422  9906 D OutputsAudio: [outputs-audio] start hz=700.0 gain=1.000 attack=2.50 release=6.00
10-11 15:49:09.576  2422  2607 D OutputsAudio: [outputs-audio] symbol.info sequence=19 symbol=. timestamp=13173083.293 duration=80.000
10-11 15:49:09.577  2422  2607 I ReactNativeJS: [outputs] playMorse.symbol {"timestamp":13173098.198775,"wallClock":1760212149577,"symbol":".","durationMs":80,"index":18,"source":"console.replay","correlationId":"console-replay:mgmov70pfexjf03l","nativeTimestampMs":13173083.293,"nativeDurationMs":80,"nativeOffsetMs":14.808795999735594,"nativeSequence":19,"monotonicTimestampMs":13173083.293}
10-11 15:49:09.578  2422  2607 I ReactNativeJS: [outputs] outputs.hapticSymbol {"timestamp":13173099.147004,"wallClock":1760212149578,"enabled":true,"symbol":".","durationMs":80,"platform":"android","source":"console.replay","correlationId":"console-replay:mgmov70pfexjf03l","timelineOffsetMs":14.808795999735594}
10-11 15:49:09.580  2422  2607 I ReactNativeJS: [outputs] outputs.flashPulse {"timestamp":13173101.477889,"wallClock":1760212149580,"enabled":true,"durationMs":80,"source":"console.replay","correlationId":"console-replay:mgmov70pfexjf03l","timelineOffsetMs":14.808795999735594}
10-11 15:49:09.642  2422  9906 D OutputsAudio: [outputs-audio] stop gain=1.000 release=6.00
10-11 15:49:09.652  2422  2607 I ReactNativeJS: [outputs] outputs.flashPulse.commit {"timestamp":13173172.827733,"wallClock":1760212149651,"durationMs":80,"source":"console.replay","correlationId":"console-replay:mgmov70pfexjf03l","latencyMs":74.72072900086641,"timelineOffsetMs":14.808795999735594,"leadMs":8,"scheduleSkewMs":82.72072900086641}
10-11 15:49:09.723  2422  9906 D OutputsAudio: [outputs-audio] start hz=700.0 gain=1.000 attack=2.50 release=6.00
10-11 15:49:09.740  2422  2607 D OutputsAudio: [outputs-audio] symbol.info sequence=20 symbol=. timestamp=13173244.761 duration=80.000
10-11 15:49:09.741  2422  2607 I ReactNativeJS: [outputs] playMorse.symbol {"timestamp":13173262.125285,"wallClock":1760212149740,"symbol":".","durationMs":80,"index":19,"source":"console.replay","correlationId":"console-replay:mgmov758f9x8uh01","nativeTimestampMs":13173244.761,"nativeDurationMs":80,"nativeOffsetMs":17.282306000590324,"nativeSequence":20,"monotonicTimestampMs":13173244.761}
10-11 15:49:09.742  2422  2607 I ReactNativeJS: [outputs] outputs.hapticSymbol {"timestamp":13173262.901848,"wallClock":1760212149741,"enabled":true,"symbol":".","durationMs":80,"platform":"android","source":"console.replay","correlationId":"console-replay:mgmov758f9x8uh01","timelineOffsetMs":17.282306000590324}
10-11 15:49:09.743  2422  2607 I ReactNativeJS: [outputs] outputs.flashPulse {"timestamp":13173264.180546,"wallClock":1760212149743,"enabled":true,"durationMs":80,"source":"console.replay","correlationId":"console-replay:mgmov758f9x8uh01","timelineOffsetMs":17.282306000590324}
10-11 15:49:09.803  2422  2607 I ReactNativeJS: [outputs] outputs.flashPulse.commit {"timestamp":13173324.323462,"wallClock":1760212149803,"durationMs":80,"source":"console.replay","correlationId":"console-replay:mgmov758f9x8uh01","latencyMs":62.27473999932408,"timelineOffsetMs":17.282306000590324,"leadMs":8,"scheduleSkewMs":70.27473999932408}
10-11 15:49:09.804  2422  9906 D OutputsAudio: [outputs-audio] stop gain=1.000 release=6.00
10-11 15:49:09.885  2422  9906 D OutputsAudio: [outputs-audio] start hz=700.0 gain=1.000 attack=2.50 release=6.00
10-11 15:49:09.901  2422  2607 D OutputsAudio: [outputs-audio] symbol.info sequence=21 symbol=. timestamp=13173406.879 duration=80.000
10-11 15:49:09.902  2422  2607 I ReactNativeJS: [outputs] playMorse.symbol {"timestamp":13173422.775858,"wallClock":1760212149901,"symbol":".","durationMs":80,"index":20,"source":"console.replay","correlationId":"console-replay:mgmov79pi7o7q6me","nativeTimestampMs":13173406.879,"nativeDurationMs":80,"nativeOffsetMs":15.81581600010395,"nativeSequence":21,"monotonicTimestampMs":13173406.879}
10-11 15:49:09.902  2422  2607 I ReactNativeJS: [outputs] outputs.hapticSymbol {"timestamp":13173423.456535,"wallClock":1760212149902,"enabled":true,"symbol":".","durationMs":80,"platform":"android","source":"console.replay","correlationId":"console-replay:mgmov79pi7o7q6me","timelineOffsetMs":15.81581600010395}
10-11 15:49:09.903  2422  2607 I ReactNativeJS: [outputs] outputs.flashPulse {"timestamp":13173424.453306,"wallClock":1760212149903,"enabled":true,"durationMs":80,"source":"console.replay","correlationId":"console-replay:mgmov79pi7o7q6me","timelineOffsetMs":15.81581600010395}
10-11 15:49:09.959  2422  2607 I ReactNativeJS: [outputs] outputs.flashPulse.commit {"timestamp":13173480.123931,"wallClock":1760212149958,"durationMs":80,"source":"console.replay","correlationId":"console-replay:mgmov79pi7o7q6me","latencyMs":57.423072999343276,"timelineOffsetMs":15.81581600010395,"leadMs":8,"scheduleSkewMs":65.42307299934328}
10-11 15:49:09.966  2422  9906 D OutputsAudio: [outputs-audio] stop gain=1.000 release=6.00
10-11 15:49:10.047  2422  9906 D OutputsAudio: [outputs-audio] start hz=700.0 gain=1.000 attack=2.50 release=6.00
10-11 15:49:10.061  2422  2607 D OutputsAudio: [outputs-audio] symbol.info sequence=22 symbol=- timestamp=13173568.559 duration=240.000
10-11 15:49:10.062  2422  2607 I ReactNativeJS: [outputs] playMorse.symbol {"timestamp":13173582.659243,"wallClock":1760212150061,"symbol":"-","durationMs":240,"index":21,"source":"console.replay","correlationId":"console-replay:mgmov7e5dbk7x8si","nativeTimestampMs":13173568.559,"nativeDurationMs":240,"nativeOffsetMs":14.001284999772906,"nativeSequence":22,"monotonicTimestampMs":13173568.559}
10-11 15:49:10.063  2422  2607 I ReactNativeJS: [outputs] outputs.hapticSymbol {"timestamp":13173583.594243,"wallClock":1760212150062,"enabled":true,"symbol":"-","durationMs":240,"platform":"android","source":"console.replay","correlationId":"console-replay:mgmov7e5dbk7x8si","timelineOffsetMs":14.001284999772906}
10-11 15:49:10.064  2422  2607 I ReactNativeJS: [outputs] outputs.flashPulse {"timestamp":13173585.298983,"wallClock":1760212150064,"enabled":true,"durationMs":240,"source":"console.replay","correlationId":"console-replay:mgmov7e5dbk7x8si","timelineOffsetMs":14.001284999772906}
10-11 15:49:10.131  2422  2607 I ReactNativeJS: [outputs] outputs.flashPulse.commit {"timestamp":13173651.984712,"wallClock":1760212150130,"durationMs":240,"source":"console.replay","correlationId":"console-replay:mgmov7e5dbk7x8si","latencyMs":69.4191149994731,"timelineOffsetMs":14.001284999772906,"leadMs":8,"scheduleSkewMs":77.4191149994731}
10-11 15:49:10.288  2422  9906 D OutputsAudio: [outputs-audio] stop gain=1.000 release=6.00
10-11 15:49:10.369  2422  9906 D OutputsAudio: [outputs-audio] start hz=700.0 gain=1.000 attack=2.50 release=6.00
10-11 15:49:10.379  2422  2607 D OutputsAudio: [outputs-audio] symbol.info sequence=23 symbol=- timestamp=13173891.309 duration=240.000
10-11 15:49:10.380  2422  2607 I ReactNativeJS: [outputs] playMorse.symbol {"timestamp":13173900.610389,"wallClock":1760212150379,"symbol":"-","durationMs":240,"index":22,"source":"console.replay","correlationId":"console-replay:mgmov7mzcz29v3d4","nativeTimestampMs":13173891.309,"nativeDurationMs":240,"nativeOffsetMs":9.225763998925686,"nativeSequence":23,"monotonicTimestampMs":13173891.309}
10-11 15:49:10.380  2422  2607 I ReactNativeJS: [outputs] outputs.hapticSymbol {"timestamp":13173901.39841,"wallClock":1760212150380,"enabled":true,"symbol":"-","durationMs":240,"platform":"android","source":"console.replay","correlationId":"console-replay:mgmov7mzcz29v3d4","timelineOffsetMs":9.225763998925686}
10-11 15:49:10.381  2422  2607 I ReactNativeJS: [outputs] outputs.flashPulse {"timestamp":13173902.671795,"wallClock":1760212150381,"enabled":true,"durationMs":240,"source":"console.replay","correlationId":"console-replay:mgmov7mzcz29v3d4","timelineOffsetMs":9.225763998925686}
10-11 15:49:10.446  2422  2607 I ReactNativeJS: [outputs] outputs.flashPulse.commit {"timestamp":13173967.255441,"wallClock":1760212150446,"durationMs":240,"source":"console.replay","correlationId":"console-replay:mgmov7mzcz29v3d4","latencyMs":66.716094000265,"timelineOffsetMs":9.225763998925686,"leadMs":8,"scheduleSkewMs":74.716094000265}
10-11 15:49:10.610  2422  9906 D OutputsAudio: [outputs-audio] stop gain=1.000 release=6.00
10-11 15:49:10.691  2422  9906 D OutputsAudio: [outputs-audio] start hz=700.0 gain=1.000 attack=2.50 release=6.00
10-11 15:49:10.719  2422  2607 D OutputsAudio: [outputs-audio] symbol.info sequence=24 symbol=- timestamp=13174213.162 duration=240.000
10-11 15:49:10.720  2422  2607 I ReactNativeJS: [outputs] playMorse.symbol {"timestamp":13174240.901743,"wallClock":1760212150719,"symbol":"-","durationMs":240,"index":23,"source":"console.replay","correlationId":"console-replay:mgmov7wf65pw6ajj","nativeTimestampMs":13174213.162,"nativeDurationMs":240,"nativeOffsetMs":27.628858000040054,"nativeSequence":24,"monotonicTimestampMs":13174213.162}
10-11 15:49:10.721  2422  2607 I ReactNativeJS: [outputs] outputs.hapticSymbol {"timestamp":13174242.082681,"wallClock":1760212150720,"enabled":true,"symbol":"-","durationMs":240,"platform":"android","source":"console.replay","correlationId":"console-replay:mgmov7wf65pw6ajj","timelineOffsetMs":27.628858000040054}
10-11 15:49:10.723  2422  2607 I ReactNativeJS: [outputs] outputs.flashPulse {"timestamp":13174243.931014,"wallClock":1760212150722,"enabled":true,"durationMs":240,"source":"console.replay","correlationId":"console-replay:mgmov7wf65pw6ajj","timelineOffsetMs":27.628858000040054}
10-11 15:49:10.782  2422  2607 I ReactNativeJS: [outputs] outputs.flashPulse.commit {"timestamp":13174303.442003,"wallClock":1760212150782,"durationMs":240,"source":"console.replay","correlationId":"console-replay:mgmov7wf65pw6ajj","latencyMs":62.645415998995304,"timelineOffsetMs":27.628858000040054,"leadMs":8,"scheduleSkewMs":70.6454159989953}
10-11 15:49:10.932  2422  9906 D OutputsAudio: [outputs-audio] stop gain=1.000 release=6.00
10-11 15:49:11.013  2422  9906 D OutputsAudio: [outputs-audio] start hz=700.0 gain=1.000 attack=2.50 release=6.00
10-11 15:49:11.020  2422  2607 D OutputsAudio: [outputs-audio] symbol.info sequence=25 symbol=. timestamp=13174535.030 duration=80.000
10-11 15:49:11.021  2422  2607 I ReactNativeJS: [outputs] playMorse.symbol {"timestamp":13174542.055024,"wallClock":1760212151020,"symbol":".","durationMs":80,"index":24,"source":"console.replay","correlationId":"console-replay:mgmov84sn63mwigk","nativeTimestampMs":13174535.03,"nativeDurationMs":80,"nativeOffsetMs":6.925180001184344,"nativeSequence":25,"monotonicTimestampMs":13174535.03}
10-11 15:49:11.022  2422  2607 I ReactNativeJS: [outputs] outputs.hapticSymbol {"timestamp":13174542.984868,"wallClock":1760212151021,"enabled":true,"symbol":".","durationMs":80,"platform":"android","source":"console.replay","correlationId":"console-replay:mgmov84sn63mwigk","timelineOffsetMs":6.925180001184344}
10-11 15:49:11.023  2422  2607 I ReactNativeJS: [outputs] outputs.flashPulse {"timestamp":13174544.586014,"wallClock":1760212151023,"enabled":true,"durationMs":80,"source":"console.replay","correlationId":"console-replay:mgmov84sn63mwigk","timelineOffsetMs":6.925180001184344}
10-11 15:49:11.094  2422  9906 D OutputsAudio: [outputs-audio] stop gain=1.000 release=6.00
10-11 15:49:11.101  2422  2607 I ReactNativeJS: [outputs] outputs.flashPulse.commit {"timestamp":13174622.05966,"wallClock":1760212151100,"durationMs":80,"source":"console.replay","correlationId":"console-replay:mgmov84sn63mwigk","latencyMs":80.10020899958909,"timelineOffsetMs":6.925180001184344,"leadMs":8,"scheduleSkewMs":88.10020899958909}
10-11 15:49:11.175  2422  9906 D OutputsAudio: [outputs-audio] start hz=700.0 gain=1.000 attack=2.50 release=6.00
10-11 15:49:11.189  2422  2607 D OutputsAudio: [outputs-audio] symbol.info sequence=26 symbol=. timestamp=13174696.713 duration=80.000
10-11 15:49:11.191  2422  2607 I ReactNativeJS: [outputs] playMorse.symbol {"timestamp":13174711.195441,"wallClock":1760212151190,"symbol":".","durationMs":80,"index":25,"source":"console.replay","correlationId":"console-replay:mgmov89i6d8ge5bl","nativeTimestampMs":13174696.713,"nativeDurationMs":80,"nativeOffsetMs":14.400305001065135,"nativeSequence":26,"monotonicTimestampMs":13174696.713}
10-11 15:49:11.193  2422  2607 I ReactNativeJS: [outputs] outputs.hapticSymbol {"timestamp":13174713.295597,"wallClock":1760212151192,"enabled":true,"symbol":".","durationMs":80,"platform":"android","source":"console.replay","correlationId":"console-replay:mgmov89i6d8ge5bl","timelineOffsetMs":14.400305001065135}
10-11 15:49:11.195  2422  2607 I ReactNativeJS: [outputs] outputs.flashPulse {"timestamp":13174715.558358,"wallClock":1760212151194,"enabled":true,"durationMs":80,"source":"console.replay","correlationId":"console-replay:mgmov89i6d8ge5bl","timelineOffsetMs":14.400305001065135}
10-11 15:49:11.256  2422  9906 D OutputsAudio: [outputs-audio] stop gain=1.000 release=6.00
10-11 15:49:11.257  2422  2607 I ReactNativeJS: [outputs] outputs.flashPulse.commit {"timestamp":13174778.06867,"wallClock":1760212151256,"durationMs":80,"source":"console.replay","correlationId":"console-replay:mgmov89i6d8ge5bl","latencyMs":66.948958998546,"timelineOffsetMs":14.400305001065135,"leadMs":8,"scheduleSkewMs":74.948958998546}
10-11 15:49:11.337  2422  9906 D OutputsAudio: [outputs-audio] start hz=700.0 gain=1.000 attack=2.50 release=6.00
10-11 15:49:11.352  2422  2607 D OutputsAudio: [outputs-audio] symbol.info sequence=27 symbol=. timestamp=13174858.430 duration=80.000
10-11 15:49:11.353  2422  2607 I ReactNativeJS: [outputs] playMorse.symbol {"timestamp":13174873.620493,"wallClock":1760212151352,"symbol":".","durationMs":80,"index":26,"source":"console.replay","correlationId":"console-replay:mgmov8e0ygbxhe41","nativeTimestampMs":13174858.43,"nativeDurationMs":80,"nativeOffsetMs":15.086066000163555,"nativeSequence":27,"monotonicTimestampMs":13174858.43}
10-11 15:49:11.353  2422  2607 I ReactNativeJS: [outputs] outputs.hapticSymbol {"timestamp":13174874.561639,"wallClock":1760212151353,"enabled":true,"symbol":".","durationMs":80,"platform":"android","source":"console.replay","correlationId":"console-replay:mgmov8e0ygbxhe41","timelineOffsetMs":15.086066000163555}
10-11 15:49:11.355  2422  2607 I ReactNativeJS: [outputs] outputs.flashPulse {"timestamp":13174875.926899,"wallClock":1760212151354,"enabled":true,"durationMs":80,"source":"console.replay","correlationId":"console-replay:mgmov8e0ygbxhe41","timelineOffsetMs":15.086066000163555}
10-11 15:49:11.412  2422  2607 I ReactNativeJS: [outputs] outputs.flashPulse.commit {"timestamp":13174933.724555,"wallClock":1760212151412,"durationMs":80,"source":"console.replay","correlationId":"console-replay:mgmov8e0ygbxhe41","latencyMs":60.20255200006068,"timelineOffsetMs":15.086066000163555,"leadMs":8,"scheduleSkewMs":68.20255200006068}
10-11 15:49:11.417  2422  9906 D OutputsAudio: [outputs-audio] stop gain=1.000 release=6.00
10-11 15:49:11.460  2422  2607 I ReactNativeJS: [outputs] playMorse.complete {"timestamp":13174980.823201,"wallClock":1760212151459,"durationMs":6504.008330998942,"source":"console.replay","audioEnabled":true,"audioVolumePercent":100}
10-11 15:49:11.498  2422  9906 D OutputsAudio: [outputs-audio] stop gain=0.000 release=6.00
10-11 15:49:11.499  2422  9906 D OutputsAudio: [outputs-audio] playMorse.end cancelled=0
10-11 15:49:13.898  2422  2607 I ReactNativeJS: [outputs] playMorse.start {"timestamp":13177418.666742,"wallClock":1760212153897,"unitMs":60,"length":28,"source":"console.replay","audioEnabled":true,"audioVolumePercent":100}
10-11 15:49:14.089  2422  2607 D OutputsAudio: [outputs-audio] warmup hz=700.0
10-11 15:49:14.090  2422  9946 D OutputsAudio: [outputs-audio] playMorse.start count=27 unit=60.0
10-11 15:49:14.090  2422  9946 D OutputsAudio: [outputs-audio] start hz=700.0 gain=1.000 attack=2.50 release=6.00
10-11 15:49:14.101  2422  2607 D OutputsAudio: [outputs-audio] symbol.info sequence=1 symbol=. timestamp=13177611.820 duration=60.000
10-11 15:49:14.102  2422  2607 I ReactNativeJS: [outputs] playMorse.symbol {"timestamp":13177622.5332,"wallClock":1760212154101,"symbol":".","durationMs":60,"index":0,"source":"console.replay","correlationId":"console-replay:mgmovaidupzeht89","nativeTimestampMs":13177611.82,"nativeDurationMs":60,"nativeOffsetMs":10.627263000234962,"nativeSequence":1,"monotonicTimestampMs":13177611.82}
10-11 15:49:14.102  2422  2607 I ReactNativeJS: [outputs] outputs.hapticSymbol {"timestamp":13177623.419606,"wallClock":1760212154102,"enabled":true,"symbol":".","durationMs":60,"platform":"android","source":"console.replay","correlationId":"console-replay:mgmovaidupzeht89","timelineOffsetMs":10.627263000234962}
10-11 15:49:14.104  2422  2607 I ReactNativeJS: [outputs] outputs.flashPulse {"timestamp":13177624.817575,"wallClock":1760212154103,"enabled":true,"durationMs":60,"source":"console.replay","correlationId":"console-replay:mgmovaidupzeht89","timelineOffsetMs":10.627263000234962}
10-11 15:49:14.151  2422  9946 D OutputsAudio: [outputs-audio] stop gain=1.000 release=6.00
10-11 15:49:14.169  2422  2607 I ReactNativeJS: [outputs] outputs.flashPulse.commit {"timestamp":13177690.034867,"wallClock":1760212154168,"durationMs":60,"source":"console.replay","correlationId":"console-replay:mgmovaidupzeht89","latencyMs":67.58208299987018,"timelineOffsetMs":10.627263000234962,"leadMs":8,"scheduleSkewMs":75.58208299987018}
10-11 15:49:14.212  2422  9946 D OutputsAudio: [outputs-audio] start hz=700.0 gain=1.000 attack=2.50 release=6.00
10-11 15:49:14.213  2422  2607 D OutputsAudio: [outputs-audio] symbol.info sequence=2 symbol=. timestamp=13177734.044 duration=60.000
10-11 15:49:14.213  2422  2607 I ReactNativeJS: [outputs] playMorse.symbol {"timestamp":13177734.307002,"wallClock":1760212154213,"symbol":".","durationMs":60,"index":1,"source":"console.replay","correlationId":"console-replay:mgmovalhn8s7ua9n","nativeTimestampMs":13177734.044,"nativeDurationMs":60,"nativeOffsetMs":0.21774199977517128,"nativeSequence":2,"monotonicTimestampMs":13177734.044}
10-11 15:49:14.213  2422  2607 I ReactNativeJS: [outputs] outputs.hapticSymbol {"timestamp":13177734.790023,"wallClock":1760212154213,"enabled":true,"symbol":".","durationMs":60,"platform":"android","source":"console.replay","correlationId":"console-replay:mgmovalhn8s7ua9n","timelineOffsetMs":0.21774199977517128}
10-11 15:49:14.214  2422  2607 I ReactNativeJS: [outputs] outputs.flashPulse {"timestamp":13177735.473461,"wallClock":1760212154214,"enabled":true,"durationMs":60,"source":"console.replay","correlationId":"console-replay:mgmovalhn8s7ua9n","timelineOffsetMs":0.21774199977517128}
10-11 15:49:14.273  2422  9946 D OutputsAudio: [outputs-audio] stop gain=1.000 release=6.00
10-11 15:49:14.273  2422  2607 I ReactNativeJS: [outputs] outputs.flashPulse.commit {"timestamp":13177794.428669,"wallClock":1760212154273,"durationMs":60,"source":"console.replay","correlationId":"console-replay:mgmovalhn8s7ua9n","latencyMs":60.16286399960518,"timelineOffsetMs":0.21774199977517128,"leadMs":8,"scheduleSkewMs":68.16286399960518}
10-11 15:49:14.334  2422  9946 D OutputsAudio: [outputs-audio] start hz=700.0 gain=1.000 attack=2.50 release=6.00
10-11 15:49:14.355  2422  2607 D OutputsAudio: [outputs-audio] symbol.info sequence=3 symbol=. timestamp=13177855.876 duration=60.000
10-11 15:49:14.356  2422  2607 I ReactNativeJS: [outputs] playMorse.symbol {"timestamp":13177877.27669,"wallClock":1760212154356,"symbol":".","durationMs":60,"index":2,"source":"console.replay","correlationId":"console-replay:mgmovapgyuol8es1","nativeTimestampMs":13177855.876,"nativeDurationMs":60,"nativeOffsetMs":21.310064999386668,"nativeSequence":3,"monotonicTimestampMs":13177855.876}
10-11 15:49:14.357  2422  2607 I ReactNativeJS: [outputs] outputs.hapticSymbol {"timestamp":13177878.138669,"wallClock":1760212154357,"enabled":true,"symbol":".","durationMs":60,"platform":"android","source":"console.replay","correlationId":"console-replay:mgmovapgyuol8es1","timelineOffsetMs":21.310064999386668}
10-11 15:49:14.358  2422  2607 I ReactNativeJS: [outputs] outputs.flashPulse {"timestamp":13177879.278617,"wallClock":1760212154358,"enabled":true,"durationMs":60,"source":"console.replay","correlationId":"console-replay:mgmovapgyuol8es1","timelineOffsetMs":21.310064999386668}
10-11 15:49:14.395  2422  9946 D OutputsAudio: [outputs-audio] stop gain=1.000 release=6.00
10-11 15:49:14.417  2422  2607 I ReactNativeJS: [outputs] outputs.flashPulse.commit {"timestamp":13177938.483617,"wallClock":1760212154417,"durationMs":60,"source":"console.replay","correlationId":"console-replay:mgmovapgyuol8es1","latencyMs":61.29192700050771,"timelineOffsetMs":21.310064999386668,"leadMs":8,"scheduleSkewMs":69.29192700050771}
10-11 15:49:14.456  2422  9946 D OutputsAudio: [outputs-audio] start hz=700.0 gain=1.000 attack=2.50 release=6.00
10-11 15:49:14.465  2422  2607 D OutputsAudio: [outputs-audio] symbol.info sequence=4 symbol=- timestamp=13177978.136 duration=180.000
10-11 15:49:14.466  2422  2607 I ReactNativeJS: [outputs] playMorse.symbol {"timestamp":13177987.208044,"wallClock":1760212154466,"symbol":"-","durationMs":180,"index":3,"source":"console.replay","correlationId":"console-replay:mgmovasim3cw232r","nativeTimestampMs":13177978.136,"nativeDurationMs":180,"nativeOffsetMs":9.024388000369072,"nativeSequence":4,"monotonicTimestampMs":13177978.136}
10-11 15:49:14.466  2422  2607 I ReactNativeJS: [outputs] outputs.hapticSymbol {"timestamp":13177987.678096,"wallClock":1760212154466,"enabled":true,"symbol":"-","durationMs":180,"platform":"android","source":"console.replay","correlationId":"console-replay:mgmovasim3cw232r","timelineOffsetMs":9.024388000369072}
10-11 15:49:14.467  2422  2607 I ReactNativeJS: [outputs] outputs.flashPulse {"timestamp":13177988.43096,"wallClock":1760212154467,"enabled":true,"durationMs":180,"source":"console.replay","correlationId":"console-replay:mgmovasim3cw232r","timelineOffsetMs":9.024388000369072}
10-11 15:49:14.523  2422  2607 I ReactNativeJS: [outputs] outputs.flashPulse.commit {"timestamp":13178044.123512,"wallClock":1760212154522,"durationMs":180,"source":"console.replay","correlationId":"console-replay:mgmovasim3cw232r","latencyMs":56.95718699879944,"timelineOffsetMs":9.024388000369072,"leadMs":8,"scheduleSkewMs":64.95718699879944}
10-11 15:49:14.637  2422  9946 D OutputsAudio: [outputs-audio] stop gain=1.000 release=6.00
10-11 15:49:14.698  2422  9946 D OutputsAudio: [outputs-audio] start hz=700.0 gain=1.000 attack=2.50 release=6.00
10-11 15:49:14.707  2422  2607 D OutputsAudio: [outputs-audio] symbol.info sequence=5 symbol=- timestamp=13178219.711 duration=180.000
10-11 15:49:14.708  2422  2607 I ReactNativeJS: [outputs] playMorse.symbol {"timestamp":13178228.631637,"wallClock":1760212154707,"symbol":"-","durationMs":180,"index":4,"source":"console.replay","correlationId":"console-replay:mgmovaz78r8maf1l","nativeTimestampMs":13178219.711,"nativeDurationMs":180,"nativeOffsetMs":8.808450000360608,"nativeSequence":5,"monotonicTimestampMs":13178219.711}
