10-11 20:49:27.633 12221   678 I ReactNativeJS: [outputs] outputs.flashPulse.commit {"timestamp":31153811.422801,"wallClock":1760230167632,"durationMs":40,"source":"console.replay","correlationId":"console-replay:mgmzldsp4xokcuap","latencyMs":55.62713500112295,"timelineOffsetMs":52.58729099854827,"leadMs":8,"scheduleSkewMs":53.73505200073123,"schedulingMode":"timeline","audioStartHeadroomMs":-72.38165499642491,"audioStartGuard":"headroom","audioStartCompensationMs":72.38165499642491}
10-11 20:49:27.646 12221  1670 D OutputsAudio: [outputs-audio] stop gain=1.000 release=6.00
10-11 20:49:27.680 12221   678 D OutputsAudio: [outputs-audio] symbol.info sequence=9 symbol=. timestamp=31153784.342 duration=40.000 expected=31153773.295 skew=11.047 age=74.683
10-11 20:49:27.681 12221   678 I ReactNativeJS: [outputs] playMorse.symbol {"timestamp":31153859.155457,"wallClock":1760230167680,"symbol":".","durationMs":40,"index":7,"source":"console.replay","correlationId":"console-replay:bbksyw33","nativeTimestampMs":31153784.342,"nativeDurationMs":40,"nativeOffsetMs":74.76647799834609,"nativeSequence":9,"monotonicTimestampMs":31153784.342,"nativeExpectedTimestampMs":31153773.295,"nativeStartSkewMs":11.047,"nativeBatchElapsedMs":891.047,"nativeExpectedSincePriorMs":80,"nativeSincePriorMs":81.142,"nativePatternStartMs":31152893.295,"nativeAgeMs":74.683}
10-11 20:49:27.681 12221   678 I ReactNativeJS: [outputs] playMorse.symbol {"timestamp":31153859.751812,"wallClock":1760230167681,"symbol":".","durationMs":40,"index":7,"source":"console.replay","correlationId":"console-replay:mgmzldvl7h0p93df","nativeTimestampMs":31153784.342,"nativeDurationMs":40,"nativeOffsetMs":74.76647799834609,"nativeSequence":9,"monotonicTimestampMs":31153784.342,"nativeExpectedTimestampMs":31153773.295,"nativeStartSkewMs":11.047,"nativeBatchElapsedMs":891.047,"nativeExpectedSincePriorMs":80,"nativeSincePriorMs":81.142,"nativePatternStartMs":31152893.295,"nativeAgeMs":74.683}
10-11 20:49:27.681 12221   678 I ReactNativeJS: [outputs] outputs.hapticSymbol {"timestamp":31153860.211707,"wallClock":1760230167681,"enabled":true,"symbol":".","durationMs":40,"platform":"android","source":"console.replay","correlationId":"console-replay:mgmzldvl7h0p93df","timelineOffsetMs":null}
10-11 20:49:27.682 12221   678 I ReactNativeJS: [outputs] outputs.flashPulse {"timestamp":31153860.942384,"wallClock":1760230167682,"enabled":true,"durationMs":40,"source":"console.replay","correlationId":"console-replay:mgmzldvl7h0p93df","timelineOffsetMs":74.76647799834609,"schedulingMode":"timeline","audioStartHeadroomMs":-95.63644699752331,"audioStartGuard":"headroom","audioStartCompensationMs":95.63644699752331}
10-11 20:49:27.687 12221  1670 D OutputsAudio: [outputs-audio] start hz=650.0 gain=1.000 attack=2.50 release=6.00
10-11 20:49:27.687 12221  1670 D OutputsAudio: [outputs-audio] playMorse.symbol.start sequence=10 symbol=- expected=31153853.295 actual=31153865.670 skew=12.375 batchElapsed=972.375
10-11 20:49:27.744 12221   678 I ReactNativeJS: [outputs] outputs.flashPulse.commit {"timestamp":31153922.902176,"wallClock":1760230167744,"durationMs":40,"source":"console.replay","correlationId":"console-replay:mgmzldvl7h0p93df","latencyMs":63.785104002803564,"timelineOffsetMs":74.76647799834609,"leadMs":8,"scheduleSkewMs":61.96041600033641,"schedulingMode":"timeline","audioStartHeadroomMs":-95.63644699752331,"audioStartGuard":"headroom","audioStartCompensationMs":95.63644699752331}
10-11 20:49:27.807 12221  1670 D OutputsAudio: [outputs-audio] stop gain=1.000 release=6.00
10-11 20:49:27.847 12221  1670 D OutputsAudio: [outputs-audio] start hz=650.0 gain=1.000 attack=2.50 release=6.00
10-11 20:49:27.848 12221  1670 D OutputsAudio: [outputs-audio] playMorse.symbol.start sequence=11 symbol=- expected=31154013.295 actual=31154026.731 skew=13.436 batchElapsed=1133.436
10-11 20:49:27.850 12221   678 D OutputsAudio: [outputs-audio] symbol.info sequence=11 symbol=- timestamp=31154026.731 duration=120.000 expected=31154013.295 skew=13.436 age=2.573
10-11 20:49:27.851 12221   678 W ReactNativeJS: '[outputs-audio] native sequence jump', { previous: 9, next: 11, delta: 2 }
10-11 20:49:27.851 12221   678 I ReactNativeJS: [outputs] playMorse.symbol {"timestamp":31154030.119155,"wallClock":1760230167851,"symbol":".","durationMs":40,"index":8,"source":"console.replay","correlationId":"console-replay:2fns42sk","nativeTimestampMs":31154026.731,"nativeDurationMs":120,"nativeOffsetMs":3.3488840013742447,"nativeSequence":11,"monotonicTimestampMs":31154026.731,"nativeExpectedTimestampMs":31154013.295,"nativeStartSkewMs":13.436,"nativeBatchElapsedMs":1133.436,"nativeExpectedSincePriorMs":160,"nativeSincePriorMs":161.062,"nativePatternStartMs":31152893.295,"nativeAgeMs":2.573}
10-11 20:49:27.852 12221   678 I ReactNativeJS: [outputs] playMorse.symbol {"timestamp":31154030.617436,"wallClock":1760230167852,"symbol":".","durationMs":40,"index":8,"source":"console.replay","correlationId":"console-replay:mgmzle0cslcohcmo","nativeTimestampMs":31154026.731,"nativeDurationMs":120,"nativeOffsetMs":3.3488840013742447,"nativeSequence":11,"monotonicTimestampMs":31154026.731,"nativeExpectedTimestampMs":31154013.295,"nativeStartSkewMs":13.436,"nativeBatchElapsedMs":1133.436,"nativeExpectedSincePriorMs":160,"nativeSincePriorMs":161.062,"nativePatternStartMs":31152893.295,"nativeAgeMs":2.573}
10-11 20:49:27.852 12221   678 I ReactNativeJS: [outputs] outputs.hapticSymbol {"timestamp":31154031.013218,"wallClock":1760230167852,"enabled":true,"symbol":".","durationMs":40,"platform":"android","source":"console.replay","correlationId":"console-replay:mgmzle0cslcohcmo","timelineOffsetMs":null}
10-11 20:49:27.853 12221   678 I ReactNativeJS: [outputs] outputs.flashPulse {"timestamp":31154031.739364,"wallClock":1760230167853,"enabled":true,"durationMs":40,"source":"console.replay","correlationId":"console-replay:mgmzle0cslcohcmo","timelineOffsetMs":3.3488840013742447,"schedulingMode":"timeline","audioStartHeadroomMs":-26.4323319979012,"audioStartGuard":"headroom","audioStartCompensationMs":26.4323319979012}
10-11 20:49:27.914 12221   678 I ReactNativeJS: [outputs] outputs.flashPulse.commit {"timestamp":31154092.503947,"wallClock":1760230167913,"durationMs":40,"source":"console.replay","correlationId":"console-replay:mgmzle0cslcohcmo","latencyMs":62.413437999784946,"timelineOffsetMs":3.3488840013742447,"leadMs":8,"scheduleSkewMs":60.76416699960828,"schedulingMode":"timeline","audioStartHeadroomMs":-26.4323319979012,"audioStartGuard":"headroom","audioStartCompensationMs":26.4323319979012}
10-11 20:49:27.968 12221  1670 D OutputsAudio: [outputs-audio] stop gain=1.000 release=6.00
10-11 20:49:28.009 12221  1670 D OutputsAudio: [outputs-audio] start hz=650.0 gain=1.000 attack=2.50 release=6.00
10-11 20:49:28.009 12221  1670 D OutputsAudio: [outputs-audio] playMorse.symbol.start sequence=12 symbol=- expected=31154173.295 actual=31154188.211 skew=14.916 batchElapsed=1294.916
10-11 20:49:28.015 12221   678 D OutputsAudio: [outputs-audio] symbol.info sequence=12 symbol=- timestamp=31154188.211 duration=120.000 expected=31154173.295 skew=14.916 age=5.468
10-11 20:49:28.016 12221   678 I ReactNativeJS: [outputs] playMorse.symbol {"timestamp":31154193.906759,"wallClock":1760230168015,"symbol":"-","durationMs":120,"index":9,"source":"console.replay","correlationId":"console-replay:3p852clr","nativeTimestampMs":31154188.211,"nativeDurationMs":120,"nativeOffsetMs":5.60003000125289,"nativeSequence":12,"monotonicTimestampMs":31154188.211,"nativeExpectedTimestampMs":31154173.295,"nativeStartSkewMs":14.916,"nativeBatchElapsedMs":1294.916,"nativeExpectedSincePriorMs":160,"nativeSincePriorMs":161.479,"nativePatternStartMs":31152893.295,"nativeAgeMs":5.468}
10-11 20:49:28.017 12221   678 I ReactNativeJS: [outputs] playMorse.symbol {"timestamp":31154195.164155,"wallClock":1760230168016,"symbol":"-","durationMs":120,"index":9,"source":"console.replay","correlationId":"console-replay:mgmzle4wa4ld8vp9","nativeTimestampMs":31154188.211,"nativeDurationMs":120,"nativeOffsetMs":5.60003000125289,"nativeSequence":12,"monotonicTimestampMs":31154188.211,"nativeExpectedTimestampMs":31154173.295,"nativeStartSkewMs":14.916,"nativeBatchElapsedMs":1294.916,"nativeExpectedSincePriorMs":160,"nativeSincePriorMs":161.479,"nativePatternStartMs":31152893.295,"nativeAgeMs":5.468}
10-11 20:49:28.020 12221   678 I ReactNativeJS: [outputs] outputs.hapticSymbol {"timestamp":31154195.878791,"wallClock":1760230168017,"enabled":true,"symbol":"-","durationMs":120,"platform":"android","source":"console.replay","correlationId":"console-replay:mgmzle4wa4ld8vp9","timelineOffsetMs":null}
10-11 20:49:28.023 12221   678 I ReactNativeJS: [outputs] outputs.flashPulse {"timestamp":31154201.494051,"wallClock":1760230168022,"enabled":true,"durationMs":120,"source":"console.replay","correlationId":"console-replay:mgmzle4wa4ld8vp9","timelineOffsetMs":5.60003000125289,"schedulingMode":"timeline","audioStartHeadroomMs":-36.18399899825454,"audioStartGuard":"headroom","audioStartCompensationMs":36.18399899825454}
10-11 20:49:28.082 12221   678 I ReactNativeJS: [outputs] outputs.flashPulse.commit {"timestamp":31154260.854988,"wallClock":1760230168082,"durationMs":120,"source":"console.replay","correlationId":"console-replay:mgmzle4wa4ld8vp9","latencyMs":67.0330209992826,"timelineOffsetMs":5.60003000125289,"leadMs":8,"scheduleSkewMs":59.36270799860358,"schedulingMode":"timeline","audioStartHeadroomMs":-36.18399899825454,"audioStartGuard":"headroom","audioStartCompensationMs":36.18399899825454}
10-11 20:49:28.130 12221  1670 D OutputsAudio: [outputs-audio] stop gain=1.000 release=6.00
10-11 20:49:28.171 12221  1670 D OutputsAudio: [outputs-audio] start hz=650.0 gain=1.000 attack=2.50 release=6.00
10-11 20:49:28.171 12221  1670 D OutputsAudio: [outputs-audio] playMorse.symbol.start sequence=13 symbol=. expected=31154333.295 actual=31154349.950 skew=16.655 batchElapsed=1456.655
10-11 20:49:28.182 12221   678 D OutputsAudio: [outputs-audio] symbol.info sequence=13 symbol=. timestamp=31154349.950 duration=40.000 expected=31154333.295 skew=16.655 age=11.297
10-11 20:49:28.184 12221   678 I ReactNativeJS: [outputs] playMorse.symbol {"timestamp":31154361.549103,"wallClock":1760230168182,"symbol":"-","durationMs":120,"index":10,"source":"console.replay","correlationId":"console-replay:3xfo1j7u","nativeTimestampMs":31154349.95,"nativeDurationMs":40,"nativeOffsetMs":11.468738000839949,"nativeSequence":13,"monotonicTimestampMs":31154349.95,"nativeExpectedTimestampMs":31154333.295,"nativeStartSkewMs":16.655,"nativeBatchElapsedMs":1456.655,"nativeExpectedSincePriorMs":160,"nativeSincePriorMs":161.74,"nativePatternStartMs":31152893.295,"nativeAgeMs":11.297}
10-11 20:49:28.186 12221   678 I ReactNativeJS: [outputs] playMorse.symbol {"timestamp":31154362.87353,"wallClock":1760230168184,"symbol":"-","durationMs":120,"index":10,"source":"console.replay","correlationId":"console-replay:mgmzle9ksxuzz3et","nativeTimestampMs":31154349.95,"nativeDurationMs":40,"nativeOffsetMs":11.468738000839949,"nativeSequence":13,"monotonicTimestampMs":31154349.95,"nativeExpectedTimestampMs":31154333.295,"nativeStartSkewMs":16.655,"nativeBatchElapsedMs":1456.655,"nativeExpectedSincePriorMs":160,"nativeSincePriorMs":161.74,"nativePatternStartMs":31152893.295,"nativeAgeMs":11.297}
10-11 20:49:28.187 12221   678 I ReactNativeJS: [outputs] outputs.hapticSymbol {"timestamp":31154364.986863,"wallClock":1760230168186,"enabled":true,"symbol":"-","durationMs":120,"platform":"android","source":"console.replay","correlationId":"console-replay:mgmzle9ksxuzz3et","timelineOffsetMs":null}
10-11 20:49:28.197 12221   678 I ReactNativeJS: [outputs] outputs.flashPulse {"timestamp":31154374.830926,"wallClock":1760230168196,"enabled":true,"durationMs":120,"source":"console.replay","correlationId":"console-replay:mgmzle9ksxuzz3et","timelineOffsetMs":11.468738000839949,"schedulingMode":"timeline","audioStartHeadroomMs":-49.509050998836756,"audioStartGuard":"headroom","audioStartCompensationMs":49.509050998836756}
10-11 20:49:28.212 12221  1670 D OutputsAudio: [outputs-audio] stop gain=1.000 release=6.00
10-11 20:49:28.252 12221  1670 D OutputsAudio: [outputs-audio] start hz=650.0 gain=1.000 attack=2.50 release=6.00
10-11 20:49:28.252 12221  1670 D OutputsAudio: [outputs-audio] playMorse.symbol.start sequence=14 symbol=. expected=31154413.295 actual=31154430.947 skew=17.653 batchElapsed=1537.653
10-11 20:49:28.256 12221   678 I ReactNativeJS: [outputs] outputs.flashPulse.commit {"timestamp":31154434.153009,"wallClock":1760230168255,"durationMs":120,"source":"console.replay","correlationId":"console-replay:mgmzle9ksxuzz3et","latencyMs":72.72348999977112,"timelineOffsetMs":11.468738000839949,"leadMs":8,"scheduleSkewMs":59.333177000284195,"schedulingMode":"timeline","audioStartHeadroomMs":-49.509050998836756,"audioStartGuard":"headroom","audioStartCompensationMs":49.509050998836756}
10-11 20:49:28.292 12221  1670 D OutputsAudio: [outputs-audio] stop gain=1.000 release=6.00
10-11 20:49:28.299 12221   678 D OutputsAudio: [outputs-audio] symbol.info sequence=14 symbol=. timestamp=31154430.947 duration=40.000 expected=31154413.295 skew=17.653 age=46.609
10-11 20:49:28.299 12221   678 I ReactNativeJS: [outputs] playMorse.symbol {"timestamp":31154477.69853,"wallClock":1760230168299,"symbol":"-","durationMs":120,"index":11,"source":"console.replay","correlationId":"console-replay:89gtck7b","nativeTimestampMs":31154430.947,"nativeDurationMs":40,"nativeOffsetMs":46.702831998467445,"nativeSequence":14,"monotonicTimestampMs":31154430.947,"nativeExpectedTimestampMs":31154413.295,"nativeStartSkewMs":17.653,"nativeBatchElapsedMs":1537.653,"nativeExpectedSincePriorMs":80,"nativeSincePriorMs":80.997,"nativePatternStartMs":31152893.295,"nativeAgeMs":46.609}
10-11 20:49:28.300 12221   678 I ReactNativeJS: [outputs] playMorse.symbol {"timestamp":31154478.304363,"wallClock":1760230168299,"symbol":"-","durationMs":120,"index":11,"source":"console.replay","correlationId":"console-replay:mgmzlecroua9i5tg","nativeTimestampMs":31154430.947,"nativeDurationMs":40,"nativeOffsetMs":46.702831998467445,"nativeSequence":14,"monotonicTimestampMs":31154430.947,"nativeExpectedTimestampMs":31154413.295,"nativeStartSkewMs":17.653,"nativeBatchElapsedMs":1537.653,"nativeExpectedSincePriorMs":80,"nativeSincePriorMs":80.997,"nativePatternStartMs":31152893.295,"nativeAgeMs":46.609}
10-11 20:49:28.300 12221   678 I ReactNativeJS: [outputs] outputs.hapticSymbol {"timestamp":31154478.736707,"wallClock":1760230168300,"enabled":true,"symbol":"-","durationMs":120,"platform":"android","source":"console.replay","correlationId":"console-replay:mgmzlecroua9i5tg","timelineOffsetMs":null}
10-11 20:49:28.301 12221   678 I ReactNativeJS: [outputs] outputs.flashPulse {"timestamp":31154479.505613,"wallClock":1760230168300,"enabled":true,"durationMs":120,"source":"console.replay","correlationId":"console-replay:mgmzlecroua9i5tg","timelineOffsetMs":46.702831998467445,"schedulingMode":"timeline","audioStartHeadroomMs":-74.20009299740195,"audioStartGuard":"headroom","audioStartCompensationMs":74.20009299740195}
10-11 20:49:28.333 12221  1670 D OutputsAudio: [outputs-audio] start hz=650.0 gain=1.000 attack=2.50 release=6.00
10-11 20:49:28.333 12221  1670 D OutputsAudio: [outputs-audio] playMorse.symbol.start sequence=15 symbol=. expected=31154493.295 actual=31154511.646 skew=18.351 batchElapsed=1618.351
10-11 20:49:28.371 12221   678 I ReactNativeJS: [outputs] outputs.flashPulse.commit {"timestamp":31154549.16978,"wallClock":1760230168370,"durationMs":120,"source":"console.replay","correlationId":"console-replay:mgmzlecroua9i5tg","latencyMs":71.51119799911976,"timelineOffsetMs":46.702831998467445,"leadMs":8,"scheduleSkewMs":69.66380199790001,"schedulingMode":"timeline","audioStartHeadroomMs":-74.20009299740195,"audioStartGuard":"headroom","audioStartCompensationMs":74.20009299740195}
10-11 20:49:28.373 12221  1670 D OutputsAudio: [outputs-audio] stop gain=1.000 release=6.00
10-11 20:49:28.413 12221   678 D OutputsAudio: [outputs-audio] symbol.info sequence=15 symbol=. timestamp=31154511.646 duration=40.000 expected=31154493.295 skew=18.351 age=80.568
10-11 20:49:28.413 12221  1670 D OutputsAudio: [outputs-audio] start hz=650.0 gain=1.000 attack=2.50 release=6.00
10-11 20:49:28.413 12221  1670 D OutputsAudio: [outputs-audio] playMorse.symbol.start sequence=16 symbol=- expected=31154573.295 actual=31154592.459 skew=19.165 batchElapsed=1699.165
10-11 20:49:28.414 12221   678 I ReactNativeJS: [outputs] playMorse.symbol {"timestamp":31154592.35103,"wallClock":1760230168413,"symbol":".","durationMs":40,"index":12,"source":"console.replay","correlationId":"console-replay:0f97gs01","nativeTimestampMs":31154511.646,"nativeDurationMs":40,"nativeOffsetMs":80.65403999760747,"nativeSequence":15,"monotonicTimestampMs":31154511.646,"nativeExpectedTimestampMs":31154493.295,"nativeStartSkewMs":18.351,"nativeBatchElapsedMs":1618.351,"nativeExpectedSincePriorMs":80,"nativeSincePriorMs":80.698,"nativePatternStartMs":31152893.295,"nativeAgeMs":80.568}
10-11 20:49:28.414 12221   678 I ReactNativeJS: [outputs] playMorse.nativeOffset.spike {"timestamp":31154592.95702,"wallClock":1760230168414,"source":"console.replay","offsetMs":80.65403999760747,"sequence":15,"unitMs":40,"correlationId":"console-replay:0f97gs01"}
10-11 20:49:28.415 12221   678 I ReactNativeJS: [outputs] playMorse.symbol {"timestamp":31154593.37478,"wallClock":1760230168414,"symbol":".","durationMs":40,"index":12,"source":"console.replay","correlationId":"console-replay:mgmzlefy1bfoiom1","nativeTimestampMs":31154511.646,"nativeDurationMs":40,"nativeOffsetMs":80.65403999760747,"nativeSequence":15,"monotonicTimestampMs":31154511.646,"nativeExpectedTimestampMs":31154493.295,"nativeStartSkewMs":18.351,"nativeBatchElapsedMs":1618.351,"nativeExpectedSincePriorMs":80,"nativeSincePriorMs":80.698,"nativePatternStartMs":31152893.295,"nativeAgeMs":80.568}
10-11 20:49:28.415 12221   678 I ReactNativeJS: [outputs] playMorse.nativeOffset.spike {"timestamp":31154593.78879,"wallClock":1760230168415,"source":"console.replay","offsetMs":80.65403999760747,"sequence":15,"unitMs":40,"correlationId":"console-replay:mgmzlefy1bfoiom1","startSkewMs":18.351,"batchElapsedMs":1618.351,"ageMs":80.568}
10-11 20:49:28.415 12221   678 I ReactNativeJS: [outputs] outputs.hapticSymbol {"timestamp":31154594.187384,"wallClock":1760230168415,"enabled":true,"symbol":".","durationMs":40,"platform":"android","source":"console.replay","correlationId":"console-replay:mgmzlefy1bfoiom1","timelineOffsetMs":null}
10-11 20:49:28.416 12221   678 I ReactNativeJS: [outputs] outputs.flashPulse {"timestamp":31154594.953634,"wallClock":1760230168416,"enabled":true,"durationMs":40,"source":"console.replay","correlationId":"console-replay:mgmzlefy1bfoiom1","timelineOffsetMs":80.65403999760747,"schedulingMode":"timeline","audioStartHeadroomMs":-109.64847799763083,"audioStartGuard":"headroom","audioStartCompensationMs":109.64847799763083}
10-11 20:49:28.416 12221   678 D OutputsAudio: [outputs-audio] symbol.info sequence=16 symbol=- timestamp=31154592.459 duration=120.000 expected=31154573.295 skew=19.165 age=3.035
10-11 20:49:28.482 12221   678 I ReactNativeJS: [outputs] playMorse.symbol {"timestamp":31154660.107124,"wallClock":1760230168481,"symbol":".","durationMs":40,"index":13,"source":"console.replay","correlationId":"console-replay:vtfac2ox","nativeTimestampMs":31154592.459,"nativeDurationMs":120,"nativeOffsetMs":3.088645000010729,"nativeSequence":16,"monotonicTimestampMs":31154592.459,"nativeExpectedTimestampMs":31154573.295,"nativeStartSkewMs":19.165,"nativeBatchElapsedMs":1699.165,"nativeExpectedSincePriorMs":80,"nativeSincePriorMs":80.814,"nativePatternStartMs":31152893.295,"nativeAgeMs":3.035}
10-11 20:49:28.482 12221   678 I ReactNativeJS: [outputs] playMorse.symbol {"timestamp":31154660.749572,"wallClock":1760230168482,"symbol":".","durationMs":40,"index":13,"source":"console.replay","correlationId":"console-replay:mgmzlehudqihq2z0","nativeTimestampMs":31154592.459,"nativeDurationMs":120,"nativeOffsetMs":3.088645000010729,"nativeSequence":16,"monotonicTimestampMs":31154592.459,"nativeExpectedTimestampMs":31154573.295,"nativeStartSkewMs":19.165,"nativeBatchElapsedMs":1699.165,"nativeExpectedSincePriorMs":80,"nativeSincePriorMs":80.814,"nativePatternStartMs":31152893.295,"nativeAgeMs":3.035}
10-11 20:49:28.483 12221   678 I ReactNativeJS: [outputs] outputs.hapticSymbol {"timestamp":31154661.241759,"wallClock":1760230168482,"enabled":true,"symbol":".","durationMs":40,"platform":"android","source":"console.replay","correlationId":"console-replay:mgmzlehudqihq2z0","timelineOffsetMs":null}
10-11 20:49:28.483 12221   678 I ReactNativeJS: [outputs] outputs.flashPulse {"timestamp":31154661.990665,"wallClock":1760230168483,"enabled":true,"durationMs":40,"source":"console.replay","correlationId":"console-replay:mgmzlehudqihq2z0","timelineOffsetMs":3.088645000010729,"schedulingMode":"timeline","audioStartHeadroomMs":-96.68462399765849,"audioStartGuard":"headroom","audioStartCompensationMs":96.68462399765849}
10-11 20:49:28.534 12221  1670 D OutputsAudio: [outputs-audio] stop gain=1.000 release=6.00
10-11 20:49:28.541 12221   678 I ReactNativeJS: [outputs] outputs.flashPulse.commit {"timestamp":31154719.50504,"wallClock":1760230168540,"durationMs":40,"source":"console.replay","correlationId":"console-replay:mgmzlefy1bfoiom1","latencyMs":127.1953129991889,"timelineOffsetMs":80.65403999760747,"leadMs":8,"scheduleSkewMs":124.55026099830866,"schedulingMode":"timeline","audioStartHeadroomMs":-109.64847799763083,"audioStartGuard":"headroom","audioStartCompensationMs":109.64847799763083}
10-11 20:49:28.574 12221  1670 D OutputsAudio: [outputs-audio] start hz=650.0 gain=1.000 attack=2.50 release=6.00
10-11 20:49:28.575 12221  1670 D OutputsAudio: [outputs-audio] playMorse.symbol.start sequence=17 symbol=- expected=31154733.295 actual=31154753.569 skew=20.274 batchElapsed=1860.274
10-11 20:49:28.585 12221   678 I ReactNativeJS: [outputs] outputs.flashPulse.commit {"timestamp":31154763.459988,"wallClock":1760230168584,"durationMs":40,"source":"console.replay","correlationId":"console-replay:mgmzlehudqihq2z0","latencyMs":167.9022390022874,"timelineOffsetMs":3.088645000010729,"leadMs":8,"scheduleSkewMs":101.46864600107074,"schedulingMode":"timeline","audioStartHeadroomMs":-96.68462399765849,"audioStartGuard":"headroom","audioStartCompensationMs":96.68462399765849}
10-11 20:49:28.628 12221   678 D OutputsAudio: [outputs-audio] symbol.info sequence=17 symbol=- timestamp=31154753.569 duration=120.000 expected=31154733.295 skew=20.274 age=53.151
10-11 20:49:28.628 12221   678 I ReactNativeJS: [outputs] playMorse.symbol {"timestamp":31154806.859467,"wallClock":1760230168628,"symbol":".","durationMs":40,"index":14,"source":"console.replay","correlationId":"console-replay:vp208i18","nativeTimestampMs":31154753.569,"nativeDurationMs":120,"nativeOffsetMs":53.24031100049615,"nativeSequence":17,"monotonicTimestampMs":31154753.569,"nativeExpectedTimestampMs":31154733.295,"nativeStartSkewMs":20.274,"nativeBatchElapsedMs":1860.274,"nativeExpectedSincePriorMs":160,"nativeSincePriorMs":161.11,"nativePatternStartMs":31152893.295,"nativeAgeMs":53.151}
10-11 20:49:28.629 12221   678 I ReactNativeJS: [outputs] playMorse.symbol {"timestamp":31154807.466863,"wallClock":1760230168628,"symbol":".","durationMs":40,"index":14,"source":"console.replay","correlationId":"console-replay:mgmzlelwthihygpy","nativeTimestampMs":31154753.569,"nativeDurationMs":120,"nativeOffsetMs":53.24031100049615,"nativeSequence":17,"monotonicTimestampMs":31154753.569,"nativeExpectedTimestampMs":31154733.295,"nativeStartSkewMs":20.274,"nativeBatchElapsedMs":1860.274,"nativeExpectedSincePriorMs":160,"nativeSincePriorMs":161.11,"nativePatternStartMs":31152893.295,"nativeAgeMs":53.151}
10-11 20:49:28.629 12221   678 I ReactNativeJS: [outputs] outputs.hapticSymbol {"timestamp":31154807.929728,"wallClock":1760230168629,"enabled":true,"symbol":".","durationMs":40,"platform":"android","source":"console.replay","correlationId":"console-replay:mgmzlelwthihygpy","timelineOffsetMs":null}
10-11 20:49:28.630 12221   678 I ReactNativeJS: [outputs] outputs.flashPulse {"timestamp":31154808.775197,"wallClock":1760230168630,"enabled":true,"durationMs":40,"source":"console.replay","correlationId":"console-replay:mgmzlelwthihygpy","timelineOffsetMs":53.24031100049615,"schedulingMode":"timeline","audioStartHeadroomMs":-83.46946699917316,"audioStartGuard":"headroom","audioStartCompensationMs":83.46946699917316}
10-11 20:49:28.685 12221   678 I ReactNativeJS: [outputs] outputs.flashPulse.commit {"timestamp":31154863.300457,"wallClock":1760230168684,"durationMs":40,"source":"console.replay","correlationId":"console-replay:mgmzlelwthihygpy","latencyMs":56.48166700080037,"timelineOffsetMs":53.24031100049615,"leadMs":8,"scheduleSkewMs":54.524843998253345,"schedulingMode":"timeline","audioStartHeadroomMs":-83.46946699917316,"audioStartGuard":"headroom","audioStartCompensationMs":83.46946699917316}
10-11 20:49:28.695 12221  1670 D OutputsAudio: [outputs-audio] stop gain=1.000 release=6.00
10-11 20:49:28.735 12221  1670 D OutputsAudio: [outputs-audio] start hz=650.0 gain=1.000 attack=2.50 release=6.00
10-11 20:49:28.735 12221  1670 D OutputsAudio: [outputs-audio] playMorse.symbol.start sequence=18 symbol=- expected=31154893.295 actual=31154914.245 skew=20.950 batchElapsed=2020.950
10-11 20:49:28.754 12221   678 D OutputsAudio: [outputs-audio] symbol.info sequence=18 symbol=- timestamp=31154914.245 duration=120.000 expected=31154893.295 skew=20.950 age=18.765
10-11 20:49:28.755 12221   678 I ReactNativeJS: [outputs] playMorse.symbol {"timestamp":31154933.266342,"wallClock":1760230168754,"symbol":"-","durationMs":120,"index":15,"source":"console.replay","correlationId":"console-replay:7mnowyhe","nativeTimestampMs":31154914.245,"nativeDurationMs":120,"nativeOffsetMs":18.92884200066328,"nativeSequence":18,"monotonicTimestampMs":31154914.245,"nativeExpectedTimestampMs":31154893.295,"nativeStartSkewMs":20.95,"nativeBatchElapsedMs":2020.95,"nativeExpectedSincePriorMs":160,"nativeSincePriorMs":160.676,"nativePatternStartMs":31152893.295,"nativeAgeMs":18.765}
10-11 20:49:28.756 12221   678 I ReactNativeJS: [outputs] playMorse.symbol {"timestamp":31154934.428634,"wallClock":1760230168755,"symbol":"-","durationMs":120,"index":15,"source":"console.replay","correlationId":"console-replay:mgmzlepf7ygi7mmy","nativeTimestampMs":31154914.245,"nativeDurationMs":120,"nativeOffsetMs":18.92884200066328,"nativeSequence":18,"monotonicTimestampMs":31154914.245,"nativeExpectedTimestampMs":31154893.295,"nativeStartSkewMs":20.95,"nativeBatchElapsedMs":2020.95,"nativeExpectedSincePriorMs":160,"nativeSincePriorMs":160.676,"nativePatternStartMs":31152893.295,"nativeAgeMs":18.765}
10-11 20:49:28.757 12221   678 I ReactNativeJS: [outputs] outputs.hapticSymbol {"timestamp":31154935.305717,"wallClock":1760230168756,"enabled":true,"symbol":"-","durationMs":120,"platform":"android","source":"console.replay","correlationId":"console-replay:mgmzlepf7ygi7mmy","timelineOffsetMs":null}
10-11 20:49:28.758 12221   678 I ReactNativeJS: [outputs] outputs.flashPulse {"timestamp":31154936.775665,"wallClock":1760230168758,"enabled":true,"durationMs":120,"source":"console.replay","correlationId":"console-replay:mgmzlepf7ygi7mmy","timelineOffsetMs":18.92884200066328,"schedulingMode":"timeline","audioStartHeadroomMs":-51.46467599645257,"audioStartGuard":"headroom","audioStartCompensationMs":51.46467599645257}
10-11 20:49:28.821 12221   678 I ReactNativeJS: [outputs] outputs.flashPulse.commit {"timestamp":31154999.179207,"wallClock":1760230168820,"durationMs":120,"source":"console.replay","correlationId":"console-replay:mgmzlepf7ygi7mmy","latencyMs":65.99562499672174,"timelineOffsetMs":18.92884200066328,"leadMs":8,"scheduleSkewMs":62.40755200013518,"schedulingMode":"timeline","audioStartHeadroomMs":-51.46467599645257,"audioStartGuard":"headroom","audioStartCompensationMs":51.46467599645257}
10-11 20:49:28.856 12221  1670 D OutputsAudio: [outputs-audio] stop gain=1.000 release=6.00
10-11 20:49:28.897 12221  1670 D OutputsAudio: [outputs-audio] start hz=650.0 gain=1.000 attack=2.50 release=6.00
10-11 20:49:28.897 12221  1670 D OutputsAudio: [outputs-audio] playMorse.symbol.start sequence=19 symbol=. expected=31155053.295 actual=31155076.386 skew=23.091 batchElapsed=2183.091
10-11 20:49:28.909 12221   678 D OutputsAudio: [outputs-audio] symbol.info sequence=19 symbol=. timestamp=31155076.386 duration=40.000 expected=31155053.295 skew=23.091 age=11.273
10-11 20:49:28.910 12221   678 I ReactNativeJS: [outputs] playMorse.symbol {"timestamp":31155087.867592,"wallClock":1760230168909,"symbol":"-","durationMs":120,"index":16,"source":"console.replay","correlationId":"console-replay:aa0a1ohr","nativeTimestampMs":31155076.386,"nativeDurationMs":40,"nativeOffsetMs":11.400759000331163,"nativeSequence":19,"monotonicTimestampMs":31155076.386,"nativeExpectedTimestampMs":31155053.295,"nativeStartSkewMs":23.091,"nativeBatchElapsedMs":2183.091,"nativeExpectedSincePriorMs":160,"nativeSincePriorMs":162.141,"nativePatternStartMs":31152893.295,"nativeAgeMs":11.273}
10-11 20:49:28.911 12221   678 I ReactNativeJS: [outputs] playMorse.symbol {"timestamp":31155089.03254,"wallClock":1760230168910,"symbol":"-","durationMs":120,"index":16,"source":"console.replay","correlationId":"console-replay:mgmzletqxzxwo7gc","nativeTimestampMs":31155076.386,"nativeDurationMs":40,"nativeOffsetMs":11.400759000331163,"nativeSequence":19,"monotonicTimestampMs":31155076.386,"nativeExpectedTimestampMs":31155053.295,"nativeStartSkewMs":23.091,"nativeBatchElapsedMs":2183.091,"nativeExpectedSincePriorMs":160,"nativeSincePriorMs":162.141,"nativePatternStartMs":31152893.295,"nativeAgeMs":11.273}
10-11 20:49:28.911 12221   678 I ReactNativeJS: [outputs] outputs.hapticSymbol {"timestamp":31155089.644624,"wallClock":1760230168911,"enabled":true,"symbol":"-","durationMs":120,"platform":"android","source":"console.replay","correlationId":"console-replay:mgmzletqxzxwo7gc","timelineOffsetMs":null}
10-11 20:49:28.912 12221   678 I ReactNativeJS: [outputs] outputs.flashPulse {"timestamp":31155090.678478,"wallClock":1760230168912,"enabled":true,"durationMs":120,"source":"console.replay","correlationId":"console-replay:mgmzletqxzxwo7gc","timelineOffsetMs":11.400759000331163,"schedulingMode":"timeline","audioStartHeadroomMs":-45.36894599720836,"audioStartGuard":"headroom","audioStartCompensationMs":45.36894599720836}
10-11 20:49:28.938 12221  1670 D OutputsAudio: [outputs-audio] stop gain=1.000 release=6.00
10-11 20:49:28.969 12221   678 I ReactNativeJS: [outputs] outputs.flashPulse.commit {"timestamp":31155147.175249,"wallClock":1760230168968,"durationMs":120,"source":"console.replay","correlationId":"console-replay:mgmzletqxzxwo7gc","latencyMs":59.378697998821735,"timelineOffsetMs":11.400759000331163,"leadMs":8,"scheduleSkewMs":56.49916699901223,"schedulingMode":"timeline","audioStartHeadroomMs":-45.36894599720836,"audioStartGuard":"headroom","audioStartCompensationMs":45.36894599720836}
10-11 20:49:28.979 12221  1670 D OutputsAudio: [outputs-audio] start hz=650.0 gain=1.000 attack=2.50 release=6.00
10-11 20:49:28.979 12221  1670 D OutputsAudio: [outputs-audio] playMorse.symbol.start sequence=20 symbol=. expected=31155133.295 actual=31155157.698 skew=24.403 batchElapsed=2264.403
10-11 20:49:29.017 12221   678 D OutputsAudio: [outputs-audio] symbol.info sequence=20 symbol=. timestamp=31155157.698 duration=40.000 expected=31155133.295 skew=24.403 age=38.076
10-11 20:49:29.017 12221   678 I ReactNativeJS: [outputs] playMorse.symbol {"timestamp":31155195.902488,"wallClock":1760230169017,"symbol":"-","durationMs":120,"index":17,"source":"console.replay","correlationId":"console-replay:19hjqvet","nativeTimestampMs":31155157.698,"nativeDurationMs":40,"nativeOffsetMs":38.159853000193834,"nativeSequence":20,"monotonicTimestampMs":31155157.698,"nativeExpectedTimestampMs":31155133.295,"nativeStartSkewMs":24.403,"nativeBatchElapsedMs":2264.403,"nativeExpectedSincePriorMs":80,"nativeSincePriorMs":81.312,"nativePatternStartMs":31152893.295,"nativeAgeMs":38.076}
10-11 20:49:29.018 12221   678 I ReactNativeJS: [outputs] playMorse.symbol {"timestamp":31155196.532592,"wallClock":1760230169017,"symbol":"-","durationMs":120,"index":17,"source":"console.replay","correlationId":"console-replay:mgmzlewpmbdfq4tk","nativeTimestampMs":31155157.698,"nativeDurationMs":40,"nativeOffsetMs":38.159853000193834,"nativeSequence":20,"monotonicTimestampMs":31155157.698,"nativeExpectedTimestampMs":31155133.295,"nativeStartSkewMs":24.403,"nativeBatchElapsedMs":2264.403,"nativeExpectedSincePriorMs":80,"nativeSincePriorMs":81.312,"nativePatternStartMs":31152893.295,"nativeAgeMs":38.076}
10-11 20:49:29.018 12221   678 I ReactNativeJS: [outputs] outputs.hapticSymbol {"timestamp":31155196.958738,"wallClock":1760230169018,"enabled":true,"symbol":"-","durationMs":120,"platform":"android","source":"console.replay","correlationId":"console-replay:mgmzlewpmbdfq4tk","timelineOffsetMs":null}
10-11 20:49:29.019 12221   678 I ReactNativeJS: [outputs] outputs.flashPulse {"timestamp":31155197.71754,"wallClock":1760230169019,"enabled":true,"durationMs":120,"source":"console.replay","correlationId":"console-replay:mgmzlewpmbdfq4tk","timelineOffsetMs":38.159853000193834,"schedulingMode":"timeline","audioStartHeadroomMs":-72.41201899945736,"audioStartGuard":"headroom","audioStartCompensationMs":72.41201899945736}
10-11 20:49:29.019 12221  1670 D OutputsAudio: [outputs-audio] stop gain=1.000 release=6.00
10-11 20:49:29.060 12221  1670 D OutputsAudio: [outputs-audio] start hz=650.0 gain=1.000 attack=2.50 release=6.00
10-11 20:49:29.060 12221  1670 D OutputsAudio: [outputs-audio] playMorse.symbol.start sequence=21 symbol=. expected=31155213.295 actual=31155239.019 skew=25.724 batchElapsed=2345.724
10-11 20:49:29.078 12221   678 I ReactNativeJS: [outputs] outputs.flashPulse.commit {"timestamp":31155256.676655,"wallClock":1760230169078,"durationMs":120,"source":"console.replay","correlationId":"console-replay:mgmzlewpmbdfq4tk","latencyMs":60.80890600010753,"timelineOffsetMs":38.159853000193834,"leadMs":8,"scheduleSkewMs":58.95828099921346,"schedulingMode":"timeline","audioStartHeadroomMs":-72.41201899945736,"audioStartGuard":"headroom","audioStartCompensationMs":72.41201899945736}
10-11 20:49:29.100 12221  1670 D OutputsAudio: [outputs-audio] stop gain=1.000 release=6.00
10-11 20:49:29.121 12221   678 D OutputsAudio: [outputs-audio] symbol.info sequence=21 symbol=. timestamp=31155239.019 duration=40.000 expected=31155213.295 skew=25.724 age=60.791
10-11 20:49:29.121 12221   678 I ReactNativeJS: [outputs] playMorse.symbol {"timestamp":31155299.939207,"wallClock":1760230169121,"symbol":".","durationMs":40,"index":18,"source":"console.replay","correlationId":"console-replay:wr1iewib","nativeTimestampMs":31155239.019,"nativeDurationMs":40,"nativeOffsetMs":60.871300999075174,"nativeSequence":21,"monotonicTimestampMs":31155239.019,"nativeExpectedTimestampMs":31155213.295,"nativeStartSkewMs":25.724,"nativeBatchElapsedMs":2345.724,"nativeExpectedSincePriorMs":80,"nativeSincePriorMs":81.321,"nativePatternStartMs":31152893.295,"nativeAgeMs":60.791}
10-11 20:49:29.122 12221   678 I ReactNativeJS: [outputs] playMorse.symbol {"timestamp":31155300.572332,"wallClock":1760230169121,"symbol":".","durationMs":40,"index":18,"source":"console.replay","correlationId":"console-replay:mgmzlezlcd05e1s4","nativeTimestampMs":31155239.019,"nativeDurationMs":40,"nativeOffsetMs":60.871300999075174,"nativeSequence":21,"monotonicTimestampMs":31155239.019,"nativeExpectedTimestampMs":31155213.295,"nativeStartSkewMs":25.724,"nativeBatchElapsedMs":2345.724,"nativeExpectedSincePriorMs":80,"nativeSincePriorMs":81.321,"nativePatternStartMs":31152893.295,"nativeAgeMs":60.791}
10-11 20:49:29.122 12221   678 I ReactNativeJS: [outputs] outputs.hapticSymbol {"timestamp":31155300.996915,"wallClock":1760230169122,"enabled":true,"symbol":".","durationMs":40,"platform":"android","source":"console.replay","correlationId":"console-replay:mgmzlezlcd05e1s4","timelineOffsetMs":null}
10-11 20:49:29.123 12221   678 I ReactNativeJS: [outputs] outputs.flashPulse {"timestamp":31155301.773061,"wallClock":1760230169123,"enabled":true,"durationMs":40,"source":"console.replay","correlationId":"console-replay:mgmzlezlcd05e1s4","timelineOffsetMs":60.871300999075174,"schedulingMode":"timeline","audioStartHeadroomMs":-96.46743599697948,"audioStartGuard":"headroom","audioStartCompensationMs":96.46743599697948}
10-11 20:49:29.141 12221  1670 D OutputsAudio: [outputs-audio] start hz=650.0 gain=1.000 attack=2.50 release=6.00
10-11 20:49:29.141 12221  1670 D OutputsAudio: [outputs-audio] playMorse.symbol.start sequence=22 symbol=- expected=31155293.295 actual=31155319.985 skew=26.691 batchElapsed=2426.691
10-11 20:49:29.180 12221   678 I ReactNativeJS: [outputs] outputs.flashPulse.commit {"timestamp":31155358.472123,"wallClock":1760230169179,"durationMs":40,"source":"console.replay","correlationId":"console-replay:mgmzlezlcd05e1s4","latencyMs":58.57244699820876,"timelineOffsetMs":60.871300999075174,"leadMs":8,"scheduleSkewMs":56.69854099676013,"schedulingMode":"timeline","audioStartHeadroomMs":-96.46743599697948,"audioStartGuard":"headroom","audioStartCompensationMs":96.46743599697948}
10-11 20:49:29.223 12221   678 D OutputsAudio: [outputs-audio] symbol.info sequence=22 symbol=- timestamp=31155319.985 duration=120.000 expected=31155293.295 skew=26.691 age=81.923
10-11 20:49:29.224 12221   678 I ReactNativeJS: [outputs] playMorse.symbol {"timestamp":31155402.044103,"wallClock":1760230169223,"symbol":".","durationMs":40,"index":19,"source":"console.replay","correlationId":"console-replay:2pifnl05","nativeTimestampMs":31155319.985,"nativeDurationMs":120,"nativeOffsetMs":82.01175900176167,"nativeSequence":22,"monotonicTimestampMs":31155319.985,"nativeExpectedTimestampMs":31155293.295,"nativeStartSkewMs":26.691,"nativeBatchElapsedMs":2426.691,"nativeExpectedSincePriorMs":80,"nativeSincePriorMs":80.967,"nativePatternStartMs":31152893.295,"nativeAgeMs":81.923}
10-11 20:49:29.224 12221   678 I ReactNativeJS: [outputs] playMorse.nativeOffset.spike {"timestamp":31155402.643582,"wallClock":1760230169224,"source":"console.replay","offsetMs":82.01175900176167,"sequence":22,"unitMs":40,"correlationId":"console-replay:2pifnl05"}
10-11 20:49:29.224 12221   678 I ReactNativeJS: [outputs] playMorse.symbol {"timestamp":31155403.06629,"wallClock":1760230169224,"symbol":".","durationMs":40,"index":19,"source":"console.replay","correlationId":"console-replay:mgmzlf2gu4sviwlr","nativeTimestampMs":31155319.985,"nativeDurationMs":120,"nativeOffsetMs":82.01175900176167,"nativeSequence":22,"monotonicTimestampMs":31155319.985,"nativeExpectedTimestampMs":31155293.295,"nativeStartSkewMs":26.691,"nativeBatchElapsedMs":2426.691,"nativeExpectedSincePriorMs":80,"nativeSincePriorMs":80.967,"nativePatternStartMs":31152893.295,"nativeAgeMs":81.923}
10-11 20:49:29.225 12221   678 I ReactNativeJS: [outputs] playMorse.nativeOffset.spike {"timestamp":31155403.466863,"wallClock":1760230169224,"source":"console.replay","offsetMs":82.01175900176167,"sequence":22,"unitMs":40,"correlationId":"console-replay:mgmzlf2gu4sviwlr","startSkewMs":26.691,"batchElapsedMs":2426.691,"ageMs":81.923}
10-11 20:49:29.225 12221   678 I ReactNativeJS: [outputs] outputs.hapticSymbol {"timestamp":31155403.87254,"wallClock":1760230169225,"enabled":true,"symbol":".","durationMs":40,"platform":"android","source":"console.replay","correlationId":"console-replay:mgmzlf2gu4sviwlr","timelineOffsetMs":null}
10-11 20:49:29.226 12221   678 I ReactNativeJS: [outputs] outputs.flashPulse {"timestamp":31155404.687019,"wallClock":1760230169226,"enabled":true,"durationMs":40,"source":"console.replay","correlationId":"console-replay:mgmzlf2gu4sviwlr","timelineOffsetMs":82.01175900176167,"schedulingMode":"timeline","audioStartHeadroomMs":-119.38201899826527,"audioStartGuard":"headroom","audioStartCompensationMs":119.38201899826527}
10-11 20:49:29.262 12221  1670 D OutputsAudio: [outputs-audio] stop gain=1.000 release=6.00
10-11 20:49:29.292 12221   678 I ReactNativeJS: [outputs] outputs.flashPulse.commit {"timestamp":31155470.983842,"wallClock":1760230169292,"durationMs":40,"source":"console.replay","correlationId":"console-replay:mgmzlf2gu4sviwlr","latencyMs":68.9783330000937,"timelineOffsetMs":82.01175900176167,"leadMs":8,"scheduleSkewMs":66.29640600085258,"schedulingMode":"timeline","audioStartHeadroomMs":-119.38201899826527,"audioStartGuard":"headroom","audioStartCompensationMs":119.38201899826527}
10-11 20:49:29.302 12221  1670 D OutputsAudio: [outputs-audio] start hz=650.0 gain=1.000 attack=2.50 release=6.00
10-11 20:49:29.302 12221  1670 D OutputsAudio: [outputs-audio] playMorse.symbol.start sequence=23 symbol=- expected=31155453.295 actual=31155481.397 skew=28.102 batchElapsed=2588.102
10-11 20:49:29.342 12221   678 D OutputsAudio: [outputs-audio] symbol.info sequence=23 symbol=- timestamp=31155481.397 duration=120.000 expected=31155453.295 skew=28.102 age=39.168
10-11 20:49:29.342 12221   678 I ReactNativeJS: [outputs] playMorse.symbol {"timestamp":31155520.690769,"wallClock":1760230169342,"symbol":".","durationMs":40,"index":20,"source":"console.replay","correlationId":"console-replay:j87c2jnv","nativeTimestampMs":31155481.397,"nativeDurationMs":120,"nativeOffsetMs":39.24632100015879,"nativeSequence":23,"monotonicTimestampMs":31155481.397,"nativeExpectedTimestampMs":31155453.295,"nativeStartSkewMs":28.102,"nativeBatchElapsedMs":2588.102,"nativeExpectedSincePriorMs":160,"nativeSincePriorMs":161.412,"nativePatternStartMs":31152893.295,"nativeAgeMs":39.168}
10-11 20:49:29.343 12221   678 I ReactNativeJS: [outputs] playMorse.symbol {"timestamp":31155521.240405,"wallClock":1760230169342,"symbol":".","durationMs":40,"index":20,"source":"console.replay","correlationId":"console-replay:mgmzlf5qhvzpjzs3","nativeTimestampMs":31155481.397,"nativeDurationMs":120,"nativeOffsetMs":39.24632100015879,"nativeSequence":23,"monotonicTimestampMs":31155481.397,"nativeExpectedTimestampMs":31155453.295,"nativeStartSkewMs":28.102,"nativeBatchElapsedMs":2588.102,"nativeExpectedSincePriorMs":160,"nativeSincePriorMs":161.412,"nativePatternStartMs":31152893.295,"nativeAgeMs":39.168}
10-11 20:49:29.343 12221   678 I ReactNativeJS: [outputs] outputs.hapticSymbol {"timestamp":31155521.637957,"wallClock":1760230169343,"enabled":true,"symbol":".","durationMs":40,"platform":"android","source":"console.replay","correlationId":"console-replay:mgmzlf5qhvzpjzs3","timelineOffsetMs":null}
10-11 20:49:29.344 12221   678 I ReactNativeJS: [outputs] outputs.flashPulse {"timestamp":31155522.374988,"wallClock":1760230169343,"enabled":true,"durationMs":40,"source":"console.replay","correlationId":"console-replay:mgmzlf5qhvzpjzs3","timelineOffsetMs":39.24632100015879,"schedulingMode":"timeline","audioStartHeadroomMs":-77.06920699775219,"audioStartGuard":"headroom","audioStartCompensationMs":77.06920699775219}
10-11 20:49:29.402 12221   678 I ReactNativeJS: [outputs] outputs.flashPulse.commit {"timestamp":31155580.679259,"wallClock":1760230169402,"durationMs":40,"source":"console.replay","correlationId":"console-replay:mgmzlf5qhvzpjzs3","latencyMs":60.026719000190496,"timelineOffsetMs":39.24632100015879,"leadMs":8,"scheduleSkewMs":58.30416699871421,"schedulingMode":"timeline","audioStartHeadroomMs":-77.06920699775219,"audioStartGuard":"headroom","audioStartCompensationMs":77.06920699775219}
10-11 20:49:29.422 12221  1670 D OutputsAudio: [outputs-audio] stop gain=1.000 release=6.00
10-11 20:49:29.463 12221  1670 D OutputsAudio: [outputs-audio] start hz=650.0 gain=1.000 attack=2.50 release=6.00
10-11 20:49:29.464 12221  1670 D OutputsAudio: [outputs-audio] playMorse.symbol.start sequence=24 symbol=- expected=31155613.295 actual=31155642.627 skew=29.332 batchElapsed=2749.332
10-11 20:49:29.478 12221   678 D OutputsAudio: [outputs-audio] symbol.info sequence=24 symbol=- timestamp=31155642.627 duration=120.000 expected=31155613.295 skew=29.332 age=14.827
10-11 20:49:29.479 12221   678 I ReactNativeJS: [outputs] playMorse.symbol {"timestamp":31155657.649832,"wallClock":1760230169479,"symbol":"-","durationMs":120,"index":21,"source":"console.replay","correlationId":"console-replay:1fmxgaqx","nativeTimestampMs":31155642.627,"nativeDurationMs":120,"nativeOffsetMs":14.9516859985888,"nativeSequence":24,"monotonicTimestampMs":31155642.627,"nativeExpectedTimestampMs":31155613.295,"nativeStartSkewMs":29.332,"nativeBatchElapsedMs":2749.332,"nativeExpectedSincePriorMs":160,"nativeSincePriorMs":161.229,"nativePatternStartMs":31152893.295,"nativeAgeMs":14.827}
10-11 20:49:29.480 12221   678 I ReactNativeJS: [outputs] playMorse.symbol {"timestamp":31155658.527175,"wallClock":1760230169479,"symbol":"-","durationMs":120,"index":21,"source":"console.replay","correlationId":"console-replay:mgmzlf9ju43c9d5r","nativeTimestampMs":31155642.627,"nativeDurationMs":120,"nativeOffsetMs":14.9516859985888,"nativeSequence":24,"monotonicTimestampMs":31155642.627,"nativeExpectedTimestampMs":31155613.295,"nativeStartSkewMs":29.332,"nativeBatchElapsedMs":2749.332,"nativeExpectedSincePriorMs":160,"nativeSincePriorMs":161.229,"nativePatternStartMs":31152893.295,"nativeAgeMs":14.827}
10-11 20:49:29.481 12221   678 I ReactNativeJS: [outputs] outputs.hapticSymbol {"timestamp":31155659.166186,"wallClock":1760230169480,"enabled":true,"symbol":"-","durationMs":120,"platform":"android","source":"console.replay","correlationId":"console-replay:mgmzlf9ju43c9d5r","timelineOffsetMs":null}
10-11 20:49:29.482 12221   678 I ReactNativeJS: [outputs] outputs.flashPulse {"timestamp":31155660.221446,"wallClock":1760230169481,"enabled":true,"durationMs":120,"source":"console.replay","correlationId":"console-replay:mgmzlf9ju43c9d5r","timelineOffsetMs":14.9516859985888,"schedulingMode":"timeline","audioStartHeadroomMs":-54.91227999702096,"audioStartGuard":"headroom","audioStartCompensationMs":54.91227999702096}
10-11 20:49:29.541 12221   678 I ReactNativeJS: [outputs] outputs.flashPulse.commit {"timestamp":31155719.780405,"wallClock":1760230169541,"durationMs":120,"source":"console.replay","correlationId":"console-replay:mgmzlf9ju43c9d5r","latencyMs":62.19171899929643,"timelineOffsetMs":14.9516859985888,"leadMs":8,"scheduleSkewMs":59.56078199669719,"schedulingMode":"timeline","audioStartHeadroomMs":-54.91227999702096,"audioStartGuard":"headroom","audioStartCompensationMs":54.91227999702096}
10-11 20:49:29.584 12221  1670 D OutputsAudio: [outputs-audio] stop gain=1.000 release=6.00
10-11 20:49:29.624 12221  1670 D OutputsAudio: [outputs-audio] start hz=650.0 gain=1.000 attack=2.50 release=6.00
10-11 20:49:29.625 12221  1670 D OutputsAudio: [outputs-audio] playMorse.symbol.start sequence=25 symbol=. expected=31155773.295 actual=31155803.624 skew=30.329 batchElapsed=2910.329
10-11 20:49:29.636 12221   678 D OutputsAudio: [outputs-audio] symbol.info sequence=25 symbol=. timestamp=31155803.624 duration=40.000 expected=31155773.295 skew=30.329 age=11.821
10-11 20:49:29.637 12221   678 I ReactNativeJS: [outputs] playMorse.symbol {"timestamp":31155815.610613,"wallClock":1760230169637,"symbol":"-","durationMs":120,"index":22,"source":"console.replay","correlationId":"console-replay:zzdjpncw","nativeTimestampMs":31155803.624,"nativeDurationMs":40,"nativeOffsetMs":11.923591997474432,"nativeSequence":25,"monotonicTimestampMs":31155803.624,"nativeExpectedTimestampMs":31155773.295,"nativeStartSkewMs":30.329,"nativeBatchElapsedMs":2910.329,"nativeExpectedSincePriorMs":160,"nativeSincePriorMs":160.997,"nativePatternStartMs":31152893.295,"nativeAgeMs":11.821}
10-11 20:49:29.638 12221   678 I ReactNativeJS: [outputs] playMorse.symbol {"timestamp":31155816.361498,"wallClock":1760230169637,"symbol":"-","durationMs":120,"index":22,"source":"console.replay","correlationId":"console-replay:mgmzlfdx1heu55wl","nativeTimestampMs":31155803.624,"nativeDurationMs":40,"nativeOffsetMs":11.923591997474432,"nativeSequence":25,"monotonicTimestampMs":31155803.624,"nativeExpectedTimestampMs":31155773.295,"nativeStartSkewMs":30.329,"nativeBatchElapsedMs":2910.329,"nativeExpectedSincePriorMs":160,"nativeSincePriorMs":160.997,"nativePatternStartMs":31152893.295,"nativeAgeMs":11.821}
10-11 20:49:29.638 12221   678 I ReactNativeJS: [outputs] outputs.hapticSymbol {"timestamp":31155816.790873,"wallClock":1760230169638,"enabled":true,"symbol":"-","durationMs":120,"platform":"android","source":"console.replay","correlationId":"console-replay:mgmzlfdx1heu55wl","timelineOffsetMs":null}
10-11 20:49:29.639 12221   678 I ReactNativeJS: [outputs] outputs.flashPulse {"timestamp":31155817.563217,"wallClock":1760230169638,"enabled":true,"durationMs":120,"source":"console.replay","correlationId":"console-replay:mgmzlfdx1heu55wl","timelineOffsetMs":11.923591997474432,"schedulingMode":"timeline","audioStartHeadroomMs":-52.257174998521805,"audioStartGuard":"headroom","audioStartCompensationMs":52.257174998521805}
10-11 20:49:29.665 12221  1670 D OutputsAudio: [outputs-audio] stop gain=1.000 release=6.00
10-11 20:49:29.697 12221   678 I ReactNativeJS: [outputs] outputs.flashPulse.commit {"timestamp":31155875.329675,"wallClock":1760230169696,"durationMs":120,"source":"console.replay","correlationId":"console-replay:mgmzlfdx1heu55wl","latencyMs":59.77088500186801,"timelineOffsetMs":11.923591997474432,"leadMs":8,"scheduleSkewMs":57.76453100144863,"schedulingMode":"timeline","audioStartHeadroomMs":-52.257174998521805,"audioStartGuard":"headroom","audioStartCompensationMs":52.257174998521805}
10-11 20:49:29.705 12221  1670 D OutputsAudio: [outputs-audio] start hz=650.0 gain=1.000 attack=2.50 release=6.00
