10-11 16:13:17.404 12664 14360 D OutputsAudio: [outputs-audio] start hz=700.0 gain=1.000 attack=2.50 release=6.00
10-11 16:13:17.422 12664 12741 D OutputsAudio: [outputs-audio] symbol.info sequence=5 symbol=- timestamp=14620925.654 duration=144.000
10-11 16:13:17.423 12664 12741 I ReactNativeJS: [outputs] playMorse.symbol {"timestamp":14620944.303535,"wallClock":1760213597423,"symbol":"-","durationMs":144,"index":4,"source":"console.replay","correlationId":"console-replay:mgmpq86n3qd4lysl","nativeTimestampMs":14620925.654,"nativeDurationMs":144,"nativeOffsetMs":18.569483000785112,"nativeSequence":5,"monotonicTimestampMs":14620925.654}
10-11 16:13:17.424 12664 12741 I ReactNativeJS: [outputs] outputs.hapticSymbol {"timestamp":14620944.999993,"wallClock":1760213597423,"enabled":true,"symbol":"-","durationMs":144,"platform":"android","source":"console.replay","correlationId":"console-replay:mgmpq86n3qd4lysl","timelineOffsetMs":18.569483000785112}
10-11 16:13:17.424 12664 12741 I ReactNativeJS: [outputs] outputs.flashPulse {"timestamp":14620945.779264,"wallClock":1760213597424,"enabled":true,"durationMs":144,"source":"console.replay","correlationId":"console-replay:mgmpq86n3qd4lysl","timelineOffsetMs":null,"audioStartMs":14620925.654}
10-11 16:13:17.507 12664 12741 I ReactNativeJS: [outputs] outputs.flashPulse.commit {"timestamp":14621027.650983,"wallClock":1760213597506,"durationMs":144,"source":"console.replay","correlationId":"console-replay:mgmpq86n3qd4lysl","latencyMs":101.98963900096714,"timelineOffsetMs":null,"leadMs":8,"audioStartMs":14620925.654,"scheduleSkewMs":109.98963900096714}
10-11 16:13:17.548 12664 14360 D OutputsAudio: [outputs-audio] stop gain=1.000 release=6.00
10-11 16:13:17.597 12664 14360 D OutputsAudio: [outputs-audio] start hz=700.0 gain=1.000 attack=2.50 release=6.00
10-11 16:13:17.610 12664 12741 D OutputsAudio: [outputs-audio] symbol.info sequence=6 symbol=- timestamp=14621118.797 duration=144.000
10-11 16:13:17.611 12664 12741 I ReactNativeJS: [outputs] playMorse.symbol {"timestamp":14621132.308535,"wallClock":1760213597611,"symbol":"-","durationMs":144,"index":5,"source":"console.replay","correlationId":"console-replay:mgmpq8bv6tc2cyo4","nativeTimestampMs":14621118.797,"nativeDurationMs":144,"nativeOffsetMs":13.364087000489235,"nativeSequence":6,"monotonicTimestampMs":14621118.797}
10-11 16:13:17.612 12664 12741 I ReactNativeJS: [outputs] outputs.hapticSymbol {"timestamp":14621133.012962,"wallClock":1760213597611,"enabled":true,"symbol":"-","durationMs":144,"platform":"android","source":"console.replay","correlationId":"console-replay:mgmpq8bv6tc2cyo4","timelineOffsetMs":13.364087000489235}
10-11 16:13:17.612 12664 12741 I ReactNativeJS: [outputs] outputs.flashPulse {"timestamp":14621133.796139,"wallClock":1760213597612,"enabled":true,"durationMs":144,"source":"console.replay","correlationId":"console-replay:mgmpq8bv6tc2cyo4","timelineOffsetMs":null,"audioStartMs":14621118.797}
10-11 16:13:17.685 12664 12741 I ReactNativeJS: [outputs] outputs.flashPulse.commit {"timestamp":14621205.685045,"wallClock":1760213597684,"durationMs":144,"source":"console.replay","correlationId":"console-replay:mgmpq8bv6tc2cyo4","latencyMs":86.88033699989319,"timelineOffsetMs":null,"leadMs":8,"audioStartMs":14621118.797,"scheduleSkewMs":94.88033699989319}
10-11 16:13:17.742 12664 14360 D OutputsAudio: [outputs-audio] stop gain=1.000 release=6.00
10-11 16:13:17.791 12664 14360 D OutputsAudio: [outputs-audio] start hz=700.0 gain=1.000 attack=2.50 release=6.00
10-11 16:13:17.797 12664 12741 D OutputsAudio: [outputs-audio] symbol.info sequence=7 symbol=. timestamp=14621313.093 duration=48.000
10-11 16:13:17.798 12664 12741 I ReactNativeJS: [outputs] playMorse.symbol {"timestamp":14621319.080045,"wallClock":1760213597797,"symbol":".","durationMs":48,"index":6,"source":"console.replay","correlationId":"console-replay:mgmpq8h1echa8lmq","nativeTimestampMs":14621313.093,"nativeDurationMs":48,"nativeOffsetMs":5.906680999323726,"nativeSequence":7,"monotonicTimestampMs":14621313.093}
10-11 16:13:17.799 12664 12741 I ReactNativeJS: [outputs] outputs.hapticSymbol {"timestamp":14621319.859993,"wallClock":1760213597798,"enabled":true,"symbol":".","durationMs":48,"platform":"android","source":"console.replay","correlationId":"console-replay:mgmpq8h1echa8lmq","timelineOffsetMs":5.906680999323726}
10-11 16:13:17.799 12664 12741 I ReactNativeJS: [outputs] outputs.flashPulse {"timestamp":14621320.716504,"wallClock":1760213597799,"enabled":true,"durationMs":48,"source":"console.replay","correlationId":"console-replay:mgmpq8h1echa8lmq","timelineOffsetMs":null,"audioStartMs":14621313.093}
10-11 16:13:17.840 12664 14360 D OutputsAudio: [outputs-audio] stop gain=1.000 release=6.00
10-11 16:13:17.872 12664 12741 I ReactNativeJS: [outputs] outputs.flashPulse.commit {"timestamp":14621392.868014,"wallClock":1760213597871,"durationMs":48,"source":"console.replay","correlationId":"console-replay:mgmpq8h1echa8lmq","latencyMs":79.7668890003115,"timelineOffsetMs":null,"leadMs":8,"audioStartMs":14621313.093,"scheduleSkewMs":87.7668890003115}
10-11 16:13:17.888 12664 14360 D OutputsAudio: [outputs-audio] start hz=700.0 gain=1.000 attack=2.50 release=6.00
10-11 16:13:17.937 12664 14360 D OutputsAudio: [outputs-audio] stop gain=1.000 release=6.00
10-11 16:13:17.943 12664 12741 D OutputsAudio: [outputs-audio] symbol.info sequence=8 symbol=. timestamp=14621410.174 duration=48.000
10-11 16:13:17.944 12664 12741 I ReactNativeJS: [outputs] playMorse.symbol {"timestamp":14621464.944004,"wallClock":1760213597943,"symbol":".","durationMs":48,"index":7,"source":"console.replay","correlationId":"console-replay:mgmpq8l3c9yc84c7","nativeTimestampMs":14621410.174,"nativeDurationMs":48,"nativeOffsetMs":54.7023469991982,"nativeSequence":8,"monotonicTimestampMs":14621410.174}
10-11 16:13:17.944 12664 12741 I ReactNativeJS: [outputs] outputs.hapticSymbol {"timestamp":14621465.622649,"wallClock":1760213597944,"enabled":true,"symbol":".","durationMs":48,"platform":"android","source":"console.replay","correlationId":"console-replay:mgmpq8l3c9yc84c7","timelineOffsetMs":54.7023469991982}
10-11 16:13:17.945 12664 12741 I ReactNativeJS: [outputs] outputs.flashPulse {"timestamp":14621466.401139,"wallClock":1760213597945,"enabled":true,"durationMs":48,"source":"console.replay","correlationId":"console-replay:mgmpq8l3c9yc84c7","timelineOffsetMs":null,"audioStartMs":14621410.174}
10-11 16:13:17.986 12664 14360 D OutputsAudio: [outputs-audio] start hz=700.0 gain=1.000 attack=2.50 release=6.00
10-11 16:13:18.017 12664 12741 I ReactNativeJS: [outputs] outputs.flashPulse.commit {"timestamp":14621538.323066,"wallClock":1760213598017,"durationMs":48,"source":"console.replay","correlationId":"console-replay:mgmpq8l3c9yc84c7","latencyMs":128.14166999980807,"timelineOffsetMs":null,"leadMs":8,"audioStartMs":14621410.174,"scheduleSkewMs":136.14166999980807}
10-11 16:13:18.034 12664 14360 D OutputsAudio: [outputs-audio] stop gain=1.000 release=6.00
10-11 16:13:18.078 12664 12741 D OutputsAudio: [outputs-audio] symbol.info sequence=9 symbol=. timestamp=14621507.683 duration=48.000
10-11 16:13:18.079 12664 12741 I ReactNativeJS: [outputs] playMorse.symbol {"timestamp":14621599.936972,"wallClock":1760213598078,"symbol":".","durationMs":48,"index":8,"source":"console.replay","correlationId":"console-replay:mgmpq8ou19wx92wo","nativeTimestampMs":14621507.683,"nativeDurationMs":48,"nativeOffsetMs":92.1941809989512,"nativeSequence":9,"monotonicTimestampMs":14621507.683}
10-11 16:13:18.079 12664 12741 I ReactNativeJS: [outputs] playMorse.nativeOffset.spike {"timestamp":14621600.662128,"wallClock":1760213598079,"source":"console.replay","offsetMs":92.1941809989512,"sequence":9,"unitMs":48,"correlationId":"console-replay:mgmpq8ou19wx92wo"}
10-11 16:13:18.080 12664 12741 I ReactNativeJS: [outputs] outputs.hapticSymbol {"timestamp":14621601.088587,"wallClock":1760213598079,"enabled":true,"symbol":".","durationMs":48,"platform":"android","source":"console.replay","correlationId":"console-replay:mgmpq8ou19wx92wo","timelineOffsetMs":92.1941809989512}
10-11 16:13:18.081 12664 12741 I ReactNativeJS: [outputs] outputs.flashPulse {"timestamp":14621601.840931,"wallClock":1760213598080,"enabled":true,"durationMs":48,"source":"console.replay","correlationId":"console-replay:mgmpq8ou19wx92wo","timelineOffsetMs":null,"audioStartMs":14621507.683}
10-11 16:13:18.083 12664 14360 D OutputsAudio: [outputs-audio] start hz=700.0 gain=1.000 attack=2.50 release=6.00
10-11 16:13:18.160 12664 12741 I ReactNativeJS: [outputs] outputs.flashPulse.commit {"timestamp":14621681.027858,"wallClock":1760213598159,"durationMs":48,"source":"console.replay","correlationId":"console-replay:mgmpq8ou19wx92wo","latencyMs":173.33813899941742,"timelineOffsetMs":null,"leadMs":8,"audioStartMs":14621507.683,"scheduleSkewMs":181.33813899941742}
10-11 16:13:18.225 12664 12741 D OutputsAudio: [outputs-audio] symbol.info sequence=10 symbol=- timestamp=14621605.072 duration=144.000
10-11 16:13:18.226 12664 12741 I ReactNativeJS: [outputs] playMorse.symbol {"timestamp":14621746.756087,"wallClock":1760213598225,"symbol":"-","durationMs":144,"index":9,"source":"console.replay","correlationId":"console-replay:mgmpq8sxxeeayg1b","nativeTimestampMs":14621605.072,"nativeDurationMs":144,"nativeOffsetMs":141.6155449990183,"nativeSequence":10,"monotonicTimestampMs":14621605.072}
10-11 16:13:18.226 12664 12741 I ReactNativeJS: [outputs] playMorse.nativeOffset.spike {"timestamp":14621747.431139,"wallClock":1760213598226,"source":"console.replay","offsetMs":141.6155449990183,"sequence":10,"unitMs":48,"correlationId":"console-replay:mgmpq8sxxeeayg1b"}
10-11 16:13:18.227 12664 12741 I ReactNativeJS: [outputs] outputs.hapticSymbol {"timestamp":14621747.86067,"wallClock":1760213598226,"enabled":true,"symbol":"-","durationMs":144,"platform":"android","source":"console.replay","correlationId":"console-replay:mgmpq8sxxeeayg1b","timelineOffsetMs":141.6155449990183}
10-11 16:13:18.227 12664 12741 I ReactNativeJS: [outputs] outputs.flashPulse {"timestamp":14621748.695306,"wallClock":1760213598227,"enabled":true,"durationMs":144,"source":"console.replay","correlationId":"console-replay:mgmpq8sxxeeayg1b","timelineOffsetMs":null,"audioStartMs":14621605.072}
10-11 16:13:18.228 12664 14360 D OutputsAudio: [outputs-audio] stop gain=1.000 release=6.00
10-11 16:13:18.277 12664 14360 D OutputsAudio: [outputs-audio] start hz=700.0 gain=1.000 attack=2.50 release=6.00
10-11 16:13:18.308 12664 12741 I ReactNativeJS: [outputs] outputs.flashPulse.commit {"timestamp":14621828.646295,"wallClock":1760213598307,"durationMs":144,"source":"console.replay","correlationId":"console-replay:mgmpq8sxxeeayg1b","latencyMs":223.56674299947917,"timelineOffsetMs":null,"leadMs":8,"audioStartMs":14621605.072,"scheduleSkewMs":231.56674299947917}
10-11 16:13:18.380 12664 12741 D OutputsAudio: [outputs-audio] symbol.info sequence=11 symbol=- timestamp=14621798.759 duration=144.000
10-11 16:13:18.381 12664 12741 I ReactNativeJS: [outputs] playMorse.symbol {"timestamp":14621902.225097,"wallClock":1760213598381,"symbol":"-","durationMs":144,"index":10,"source":"console.replay","correlationId":"console-replay:mgmpq8x9otonk9ew","nativeTimestampMs":14621798.759,"nativeDurationMs":144,"nativeOffsetMs":103.40448299981654,"nativeSequence":11,"monotonicTimestampMs":14621798.759}
10-11 16:13:18.382 12664 12741 I ReactNativeJS: [outputs] playMorse.nativeOffset.spike {"timestamp":14621902.823691,"wallClock":1760213598381,"source":"console.replay","offsetMs":103.40448299981654,"sequence":11,"unitMs":48,"correlationId":"console-replay:mgmpq8x9otonk9ew"}
10-11 16:13:18.382 12664 12741 I ReactNativeJS: [outputs] outputs.hapticSymbol {"timestamp":14621903.259837,"wallClock":1760213598382,"enabled":true,"symbol":"-","durationMs":144,"platform":"android","source":"console.replay","correlationId":"console-replay:mgmpq8x9otonk9ew","timelineOffsetMs":103.40448299981654}
10-11 16:13:18.383 12664 12741 I ReactNativeJS: [outputs] outputs.flashPulse {"timestamp":14621904.169368,"wallClock":1760213598383,"enabled":true,"durationMs":144,"source":"console.replay","correlationId":"console-replay:mgmpq8x9otonk9ew","timelineOffsetMs":null,"audioStartMs":14621798.759}
10-11 16:13:18.422 12664 14360 D OutputsAudio: [outputs-audio] stop gain=1.000 release=6.00
10-11 16:13:18.470 12664 14360 D OutputsAudio: [outputs-audio] start hz=700.0 gain=1.000 attack=2.50 release=6.00
10-11 16:13:18.490 12664 12741 I ReactNativeJS: [outputs] outputs.flashPulse.commit {"timestamp":14622010.945357,"wallClock":1760213598489,"durationMs":144,"source":"console.replay","correlationId":"console-replay:mgmpq8x9otonk9ew","latencyMs":212.18010700121522,"timelineOffsetMs":null,"leadMs":8,"audioStartMs":14621798.759,"scheduleSkewMs":220.18010700121522}
10-11 16:13:18.555 12664 12741 D OutputsAudio: [outputs-audio] symbol.info sequence=12 symbol=- timestamp=14621991.908 duration=144.000
10-11 16:13:18.556 12664 12741 I ReactNativeJS: [outputs] playMorse.symbol {"timestamp":14622076.959368,"wallClock":1760213598555,"symbol":"-","durationMs":144,"index":11,"source":"console.replay","correlationId":"console-replay:mgmpq923kn32x6mb","nativeTimestampMs":14621991.908,"nativeDurationMs":144,"nativeOffsetMs":84.98214899934828,"nativeSequence":12,"monotonicTimestampMs":14621991.908}
10-11 16:13:18.556 12664 12741 I ReactNativeJS: [outputs] playMorse.nativeOffset.spike {"timestamp":14622077.59692,"wallClock":1760213598556,"source":"console.replay","offsetMs":84.98214899934828,"sequence":12,"unitMs":48,"correlationId":"console-replay:mgmpq923kn32x6mb"}
10-11 16:13:18.557 12664 12741 I ReactNativeJS: [outputs] outputs.hapticSymbol {"timestamp":14622078.024993,"wallClock":1760213598556,"enabled":true,"symbol":"-","durationMs":144,"platform":"android","source":"console.replay","correlationId":"console-replay:mgmpq923kn32x6mb","timelineOffsetMs":84.98214899934828}
10-11 16:13:18.558 12664 12741 I ReactNativeJS: [outputs] outputs.flashPulse {"timestamp":14622078.847389,"wallClock":1760213598557,"enabled":true,"durationMs":144,"source":"console.replay","correlationId":"console-replay:mgmpq923kn32x6mb","timelineOffsetMs":null,"audioStartMs":14621991.908}
10-11 16:13:18.615 12664 14360 D OutputsAudio: [outputs-audio] stop gain=1.000 release=6.00
10-11 16:13:18.639 12664 12741 I ReactNativeJS: [outputs] outputs.flashPulse.commit {"timestamp":14622159.956243,"wallClock":1760213598638,"durationMs":144,"source":"console.replay","correlationId":"console-replay:mgmpq923kn32x6mb","latencyMs":168.04194100014865,"timelineOffsetMs":null,"leadMs":8,"audioStartMs":14621991.908,"scheduleSkewMs":176.04194100014865}
10-11 16:13:18.664 12664 14360 D OutputsAudio: [outputs-audio] start hz=700.0 gain=1.000 attack=2.50 release=6.00
10-11 16:13:18.706 12664 12741 D OutputsAudio: [outputs-audio] symbol.info sequence=13 symbol=. timestamp=14622185.596 duration=48.000
10-11 16:13:18.707 12664 12741 I ReactNativeJS: [outputs] playMorse.symbol {"timestamp":14622228.189055,"wallClock":1760213598707,"symbol":".","durationMs":48,"index":12,"source":"console.replay","correlationId":"console-replay:mgmpq96blm27z2d5","nativeTimestampMs":14622185.596,"nativeDurationMs":48,"nativeOffsetMs":42.52175300009549,"nativeSequence":13,"monotonicTimestampMs":14622185.596}
10-11 16:13:18.708 12664 12741 I ReactNativeJS: [outputs] outputs.hapticSymbol {"timestamp":14622228.872545,"wallClock":1760213598707,"enabled":true,"symbol":".","durationMs":48,"platform":"android","source":"console.replay","correlationId":"console-replay:mgmpq96blm27z2d5","timelineOffsetMs":42.52175300009549}
10-11 16:13:18.708 12664 12741 I ReactNativeJS: [outputs] outputs.flashPulse {"timestamp":14622229.704264,"wallClock":1760213598708,"enabled":true,"durationMs":48,"source":"console.replay","correlationId":"console-replay:mgmpq96blm27z2d5","timelineOffsetMs":null,"audioStartMs":14622185.596}
10-11 16:13:18.714 12664 14360 D OutputsAudio: [outputs-audio] stop gain=1.000 release=6.00
10-11 16:13:18.763 12664 14360 D OutputsAudio: [outputs-audio] start hz=700.0 gain=1.000 attack=2.50 release=6.00
10-11 16:13:18.785 12664 12741 I ReactNativeJS: [outputs] outputs.flashPulse.commit {"timestamp":14622305.757962,"wallClock":1760213598784,"durationMs":48,"source":"console.replay","correlationId":"console-replay:mgmpq96blm27z2d5","latencyMs":120.15524300001562,"timelineOffsetMs":null,"leadMs":8,"audioStartMs":14622185.596,"scheduleSkewMs":128.15524300001562}
10-11 16:13:18.812 12664 14360 D OutputsAudio: [outputs-audio] stop gain=1.000 release=6.00
10-11 16:13:18.860 12664 14360 D OutputsAudio: [outputs-audio] start hz=700.0 gain=1.000 attack=2.50 release=6.00
10-11 16:13:18.861 12664 12741 D OutputsAudio: [outputs-audio] symbol.info sequence=15 symbol=. timestamp=14622382.138 duration=48.000
10-11 16:13:18.867 12664 12741 W ReactNativeJS: '[outputs-audio] native sequence jump', { previous: 13, next: 15, delta: 2 }
10-11 16:13:18.870 12664 12741 I ReactNativeJS: [outputs] playMorse.symbol {"timestamp":14622391.459524,"wallClock":1760213598870,"symbol":".","durationMs":48,"index":13,"source":"console.replay","correlationId":"console-replay:mgmpq9aui107gp2z","nativeTimestampMs":14622382.138,"nativeDurationMs":48,"nativeOffsetMs":9.222877999767661,"nativeSequence":15,"monotonicTimestampMs":14622382.138}
10-11 16:13:18.871 12664 12741 I ReactNativeJS: [outputs] outputs.hapticSymbol {"timestamp":14622392.084576,"wallClock":1760213598870,"enabled":true,"symbol":".","durationMs":48,"platform":"android","source":"console.replay","correlationId":"console-replay:mgmpq9aui107gp2z","timelineOffsetMs":9.222877999767661}
10-11 16:13:18.872 12664 12741 I ReactNativeJS: [outputs] outputs.flashPulse {"timestamp":14622393.006712,"wallClock":1760213598871,"enabled":true,"durationMs":48,"source":"console.replay","correlationId":"console-replay:mgmpq9aui107gp2z","timelineOffsetMs":null,"audioStartMs":14622382.138}
10-11 16:13:18.909 12664 14360 D OutputsAudio: [outputs-audio] stop gain=1.000 release=6.00
10-11 16:13:18.958 12664 14360 D OutputsAudio: [outputs-audio] start hz=700.0 gain=1.000 attack=2.50 release=6.00
10-11 16:13:18.972 12664 12741 D OutputsAudio: [outputs-audio] symbol.info sequence=16 symbol=- timestamp=14622479.231 duration=144.000
10-11 16:13:18.973 12664 12741 I ReactNativeJS: [outputs] playMorse.symbol {"timestamp":14622494.097649,"wallClock":1760213598972,"symbol":".","durationMs":48,"index":14,"source":"console.replay","correlationId":"console-replay:mgmpq9do73402r8l","nativeTimestampMs":14622479.231,"nativeDurationMs":144,"nativeOffsetMs":14.810294998809695,"nativeSequence":16,"monotonicTimestampMs":14622479.231}
10-11 16:13:18.973 12664 12741 I ReactNativeJS: [outputs] outputs.hapticSymbol {"timestamp":14622494.625097,"wallClock":1760213598973,"enabled":true,"symbol":".","durationMs":48,"platform":"android","source":"console.replay","correlationId":"console-replay:mgmpq9do73402r8l","timelineOffsetMs":14.810294998809695}
10-11 16:13:18.974 12664 12741 I ReactNativeJS: [outputs] outputs.flashPulse {"timestamp":14622495.425357,"wallClock":1760213598974,"enabled":true,"durationMs":48,"source":"console.replay","correlationId":"console-replay:mgmpq9do73402r8l","timelineOffsetMs":null,"audioStartMs":14622479.231}
10-11 16:13:19.072 12664 12741 I ReactNativeJS: [outputs] outputs.flashPulse.commit {"timestamp":14622593.51843,"wallClock":1760213599072,"durationMs":48,"source":"console.replay","correlationId":"console-replay:mgmpq9aui107gp2z","latencyMs":211.37391999922693,"timelineOffsetMs":null,"leadMs":8,"audioStartMs":14622382.138,"scheduleSkewMs":219.37391999922693}
10-11 16:13:19.103 12664 14360 D OutputsAudio: [outputs-audio] stop gain=1.000 release=6.00
10-11 16:13:19.142 12664 12741 I ReactNativeJS: [outputs] outputs.flashPulse.commit {"timestamp":14622663.18817,"wallClock":1760213599142,"durationMs":48,"source":"console.replay","correlationId":"console-replay:mgmpq9do73402r8l","latencyMs":183.9496700000018,"timelineOffsetMs":null,"leadMs":8,"audioStartMs":14622479.231,"scheduleSkewMs":191.9496700000018}
10-11 16:13:19.152 12664 14360 D OutputsAudio: [outputs-audio] start hz=700.0 gain=1.000 attack=2.50 release=6.00
10-11 16:13:19.221 12664 12741 D OutputsAudio: [outputs-audio] symbol.info sequence=17 symbol=- timestamp=14622673.701 duration=144.000
10-11 16:13:19.222 12664 12741 I ReactNativeJS: [outputs] playMorse.symbol {"timestamp":14622742.801659,"wallClock":1760213599221,"symbol":"-","durationMs":144,"index":15,"source":"console.replay","correlationId":"console-replay:mgmpq9kl9jmx7r8k","nativeTimestampMs":14622673.701,"nativeDurationMs":144,"nativeOffsetMs":69.04180500097573,"nativeSequence":17,"monotonicTimestampMs":14622673.701}
10-11 16:13:19.222 12664 12741 I ReactNativeJS: [outputs] outputs.hapticSymbol {"timestamp":14622743.347961,"wallClock":1760213599222,"enabled":true,"symbol":"-","durationMs":144,"platform":"android","source":"console.replay","correlationId":"console-replay:mgmpq9kl9jmx7r8k","timelineOffsetMs":69.04180500097573}
10-11 16:13:19.223 12664 12741 I ReactNativeJS: [outputs] outputs.flashPulse {"timestamp":14622744.167336,"wallClock":1760213599223,"enabled":true,"durationMs":144,"source":"console.replay","correlationId":"console-replay:mgmpq9kl9jmx7r8k","timelineOffsetMs":null,"audioStartMs":14622673.701}
10-11 16:13:19.297 12664 14360 D OutputsAudio: [outputs-audio] stop gain=1.000 release=6.00
10-11 16:13:19.300 12664 12741 I ReactNativeJS: [outputs] outputs.flashPulse.commit {"timestamp":14622820.683378,"wallClock":1760213599299,"durationMs":144,"source":"console.replay","correlationId":"console-replay:mgmpq9kl9jmx7r8k","latencyMs":146.97555500082672,"timelineOffsetMs":null,"leadMs":8,"audioStartMs":14622673.701,"scheduleSkewMs":154.97555500082672}
10-11 16:13:19.345 12664 14360 D OutputsAudio: [outputs-audio] start hz=700.0 gain=1.000 attack=2.50 release=6.00
10-11 16:13:19.363 12664 12741 D OutputsAudio: [outputs-audio] symbol.info sequence=18 symbol=- timestamp=14622866.616 duration=144.000
10-11 16:13:19.364 12664 12741 I ReactNativeJS: [outputs] playMorse.symbol {"timestamp":14622884.612909,"wallClock":1760213599363,"symbol":"-","durationMs":144,"index":16,"source":"console.replay","correlationId":"console-replay:mgmpq9ojfc1lvmis","nativeTimestampMs":14622866.616,"nativeDurationMs":144,"nativeOffsetMs":17.928523998707533,"nativeSequence":18,"monotonicTimestampMs":14622866.616}
10-11 16:13:19.364 12664 12741 I ReactNativeJS: [outputs] outputs.hapticSymbol {"timestamp":14622885.265513,"wallClock":1760213599364,"enabled":true,"symbol":"-","durationMs":144,"platform":"android","source":"console.replay","correlationId":"console-replay:mgmpq9ojfc1lvmis","timelineOffsetMs":17.928523998707533}
10-11 16:13:19.365 12664 12741 I ReactNativeJS: [outputs] outputs.flashPulse {"timestamp":14622886.108534,"wallClock":1760213599364,"enabled":true,"durationMs":144,"source":"console.replay","correlationId":"console-replay:mgmpq9ojfc1lvmis","timelineOffsetMs":null,"audioStartMs":14622866.616}
10-11 16:13:19.439 12664 12741 I ReactNativeJS: [outputs] outputs.flashPulse.commit {"timestamp":14622959.977857,"wallClock":1760213599438,"durationMs":144,"source":"console.replay","correlationId":"console-replay:mgmpq9ojfc1lvmis","latencyMs":93.35420100018382,"timelineOffsetMs":null,"leadMs":8,"audioStartMs":14622866.616,"scheduleSkewMs":101.35420100018382}
10-11 16:13:19.490 12664 14360 D OutputsAudio: [outputs-audio] stop gain=1.000 release=6.00
10-11 16:13:19.539 12664 14360 D OutputsAudio: [outputs-audio] start hz=700.0 gain=1.000 attack=2.50 release=6.00
10-11 16:13:19.560 12664 12741 D OutputsAudio: [outputs-audio] symbol.info sequence=19 symbol=. timestamp=14623060.833 duration=48.000
10-11 16:13:19.561 12664 12741 I ReactNativeJS: [outputs] playMorse.symbol {"timestamp":14623081.716972,"wallClock":1760213599560,"symbol":"-","durationMs":144,"index":17,"source":"console.replay","correlationId":"console-replay:mgmpq9u034clehi7","nativeTimestampMs":14623060.833,"nativeDurationMs":48,"nativeOffsetMs":20.774283999577165,"nativeSequence":19,"monotonicTimestampMs":14623060.833}
10-11 16:13:19.562 12664 12741 I ReactNativeJS: [outputs] outputs.hapticSymbol {"timestamp":14623082.722232,"wallClock":1760213599561,"enabled":true,"symbol":"-","durationMs":144,"platform":"android","source":"console.replay","correlationId":"console-replay:mgmpq9u034clehi7","timelineOffsetMs":20.774283999577165}
10-11 16:13:19.568 12664 12741 I ReactNativeJS: [outputs] outputs.flashPulse {"timestamp":14623089.168951,"wallClock":1760213599568,"enabled":true,"durationMs":144,"source":"console.replay","correlationId":"console-replay:mgmpq9u034clehi7","timelineOffsetMs":null,"audioStartMs":14623060.833}
10-11 16:13:19.588 12664 14360 D OutputsAudio: [outputs-audio] stop gain=1.000 release=6.00
10-11 16:13:19.637 12664 14360 D OutputsAudio: [outputs-audio] start hz=700.0 gain=1.000 attack=2.50 release=6.00
10-11 16:13:19.641 12664 12741 I ReactNativeJS: [outputs] outputs.flashPulse.commit {"timestamp":14623162.422597,"wallClock":1760213599641,"durationMs":144,"source":"console.replay","correlationId":"console-replay:mgmpq9u034clehi7","latencyMs":101.58292999863625,"timelineOffsetMs":null,"leadMs":8,"audioStartMs":14623060.833,"scheduleSkewMs":109.58292999863625}
10-11 16:13:19.686 12664 14360 D OutputsAudio: [outputs-audio] stop gain=1.000 release=6.00
10-11 16:13:19.713 12664 12741 D OutputsAudio: [outputs-audio] symbol.info sequence=20 symbol=. timestamp=14623159.299 duration=48.000
10-11 16:13:19.714 12664 12741 I ReactNativeJS: [outputs] playMorse.symbol {"timestamp":14623234.554367,"wallClock":1760213599713,"symbol":".","durationMs":48,"index":18,"source":"console.replay","correlationId":"console-replay:mgmpq9y9z1d7kzwd","nativeTimestampMs":14623159.299,"nativeDurationMs":48,"nativeOffsetMs":75.18265900015831,"nativeSequence":20,"monotonicTimestampMs":14623159.299}
10-11 16:13:19.714 12664 12741 I ReactNativeJS: [outputs] outputs.hapticSymbol {"timestamp":14623235.237545,"wallClock":1760213599714,"enabled":true,"symbol":".","durationMs":48,"platform":"android","source":"console.replay","correlationId":"console-replay:mgmpq9y9z1d7kzwd","timelineOffsetMs":75.18265900015831}
10-11 16:13:19.715 12664 12741 I ReactNativeJS: [outputs] outputs.flashPulse {"timestamp":14623236.079107,"wallClock":1760213599714,"enabled":true,"durationMs":48,"source":"console.replay","correlationId":"console-replay:mgmpq9y9z1d7kzwd","timelineOffsetMs":null,"audioStartMs":14623159.299}
10-11 16:13:19.735 12664 14360 D OutputsAudio: [outputs-audio] start hz=700.0 gain=1.000 attack=2.50 release=6.00
10-11 16:13:19.784 12664 14360 D OutputsAudio: [outputs-audio] stop gain=1.000 release=6.00
10-11 16:13:19.789 12664 12741 I ReactNativeJS: [outputs] outputs.flashPulse.commit {"timestamp":14623309.662492,"wallClock":1760213599788,"durationMs":48,"source":"console.replay","correlationId":"console-replay:mgmpq9y9z1d7kzwd","latencyMs":150.35713799856603,"timelineOffsetMs":null,"leadMs":8,"audioStartMs":14623159.299,"scheduleSkewMs":158.35713799856603}
10-11 16:13:19.833 12664 14360 D OutputsAudio: [outputs-audio] start hz=700.0 gain=1.000 attack=2.50 release=6.00
10-11 16:13:19.851 12664 12741 D OutputsAudio: [outputs-audio] symbol.info sequence=22 symbol=- timestamp=14623354.295 duration=144.000
10-11 16:13:19.851 12664 12741 W ReactNativeJS: '[outputs-audio] native sequence jump', { previous: 20, next: 22, delta: 2 }
10-11 16:13:19.852 12664 12741 I ReactNativeJS: [outputs] playMorse.symbol {"timestamp":14623373.179576,"wallClock":1760213599852,"symbol":".","durationMs":48,"index":19,"source":"console.replay","correlationId":"console-replay:mgmpqa24kw7xd0pk","nativeTimestampMs":14623354.295,"nativeDurationMs":144,"nativeOffsetMs":18.834263000637293,"nativeSequence":22,"monotonicTimestampMs":14623354.295}
10-11 16:13:19.852 12664 12741 I ReactNativeJS: [outputs] outputs.hapticSymbol {"timestamp":14623373.713899,"wallClock":1760213599852,"enabled":true,"symbol":".","durationMs":48,"platform":"android","source":"console.replay","correlationId":"console-replay:mgmpqa24kw7xd0pk","timelineOffsetMs":18.834263000637293}
10-11 16:13:19.853 12664 12741 I ReactNativeJS: [outputs] outputs.flashPulse {"timestamp":14623374.525044,"wallClock":1760213599853,"enabled":true,"durationMs":48,"source":"console.replay","correlationId":"console-replay:mgmpqa24kw7xd0pk","timelineOffsetMs":null,"audioStartMs":14623354.295}
10-11 16:13:19.926 12664 12741 I ReactNativeJS: [outputs] outputs.flashPulse.commit {"timestamp":14623447.318013,"wallClock":1760213599926,"durationMs":48,"source":"console.replay","correlationId":"console-replay:mgmpqa24kw7xd0pk","latencyMs":93.01613800041378,"timelineOffsetMs":null,"leadMs":8,"audioStartMs":14623354.295,"scheduleSkewMs":101.01613800041378}
10-11 16:13:19.977 12664 14360 D OutputsAudio: [outputs-audio] stop gain=1.000 release=6.00
10-11 16:13:20.025 12664 14360 D OutputsAudio: [outputs-audio] start hz=700.0 gain=1.000 attack=2.50 release=6.00
10-11 16:13:20.039 12664 12741 D OutputsAudio: [outputs-audio] symbol.info sequence=23 symbol=- timestamp=14623547.181 duration=144.000
10-11 16:13:20.039 12664 12741 I ReactNativeJS: [outputs] playMorse.symbol {"timestamp":14623560.320409,"wallClock":1760213600039,"symbol":".","durationMs":48,"index":20,"source":"console.replay","correlationId":"console-replay:mgmpqa7b9basaeix","nativeTimestampMs":14623547.181,"nativeDurationMs":144,"nativeOffsetMs":13.055293999612331,"nativeSequence":23,"monotonicTimestampMs":14623547.181}
10-11 16:13:20.040 12664 12741 I ReactNativeJS: [outputs] outputs.hapticSymbol {"timestamp":14623561.039628,"wallClock":1760213600039,"enabled":true,"symbol":".","durationMs":48,"platform":"android","source":"console.replay","correlationId":"console-replay:mgmpqa7b9basaeix","timelineOffsetMs":13.055293999612331}
10-11 16:13:20.040 12664 12741 I ReactNativeJS: [outputs] outputs.flashPulse {"timestamp":14623561.794992,"wallClock":1760213600040,"enabled":true,"durationMs":48,"source":"console.replay","correlationId":"console-replay:mgmpqa7b9basaeix","timelineOffsetMs":null,"audioStartMs":14623547.181}
10-11 16:13:20.114 12664 12741 I ReactNativeJS: [outputs] outputs.flashPulse.commit {"timestamp":14623634.901399,"wallClock":1760213600113,"durationMs":48,"source":"console.replay","correlationId":"console-replay:mgmpqa7b9basaeix","latencyMs":87.71383599936962,"timelineOffsetMs":null,"leadMs":8,"audioStartMs":14623547.181,"scheduleSkewMs":95.71383599936962}
10-11 16:13:20.170 12664 14360 D OutputsAudio: [outputs-audio] stop gain=1.000 release=6.00
10-11 16:13:20.219 12664 14360 D OutputsAudio: [outputs-audio] start hz=700.0 gain=1.000 attack=2.50 release=6.00
10-11 16:13:20.228 12664 12741 D OutputsAudio: [outputs-audio] symbol.info sequence=24 symbol=- timestamp=14623740.498 duration=144.000
10-11 16:13:20.229 12664 12741 I ReactNativeJS: [outputs] playMorse.symbol {"timestamp":14623750.268065,"wallClock":1760213600229,"symbol":"-","durationMs":144,"index":21,"source":"console.replay","correlationId":"console-replay:mgmpqaclz3dpsa2d","nativeTimestampMs":14623740.498,"nativeDurationMs":144,"nativeOffsetMs":9.689752999693155,"nativeSequence":24,"monotonicTimestampMs":14623740.498}
10-11 16:13:20.230 12664 12741 I ReactNativeJS: [outputs] outputs.hapticSymbol {"timestamp":14623750.980513,"wallClock":1760213600229,"enabled":true,"symbol":"-","durationMs":144,"platform":"android","source":"console.replay","correlationId":"console-replay:mgmpqaclz3dpsa2d","timelineOffsetMs":9.689752999693155}
10-11 16:13:20.230 12664 12741 I ReactNativeJS: [outputs] outputs.flashPulse {"timestamp":14623751.750878,"wallClock":1760213600230,"enabled":true,"durationMs":144,"source":"console.replay","correlationId":"console-replay:mgmpqaclz3dpsa2d","timelineOffsetMs":null,"audioStartMs":14623740.498}
10-11 16:13:20.304 12664 12741 I ReactNativeJS: [outputs] outputs.flashPulse.commit {"timestamp":14623825.158013,"wallClock":1760213600304,"durationMs":144,"source":"console.replay","correlationId":"console-replay:mgmpqaclz3dpsa2d","latencyMs":84.65293000079691,"timelineOffsetMs":null,"leadMs":8,"audioStartMs":14623740.498,"scheduleSkewMs":92.65293000079691}
10-11 16:13:20.363 12664 14360 D OutputsAudio: [outputs-audio] stop gain=1.000 release=6.00
10-11 16:13:20.412 12664 14360 D OutputsAudio: [outputs-audio] start hz=700.0 gain=1.000 attack=2.50 release=6.00
10-11 16:13:20.422 12664 12741 D OutputsAudio: [outputs-audio] symbol.info sequence=25 symbol=. timestamp=14623933.882 duration=48.000
10-11 16:13:20.423 12664 12741 I ReactNativeJS: [outputs] playMorse.symbol {"timestamp":14623943.766034,"wallClock":1760213600422,"symbol":"-","durationMs":144,"index":22,"source":"console.replay","correlationId":"console-replay:mgmpqahyop2acfvh","nativeTimestampMs":14623933.882,"nativeDurationMs":48,"nativeOffsetMs":9.782523000612855,"nativeSequence":25,"monotonicTimestampMs":14623933.882}
10-11 16:13:20.424 12664 12741 I ReactNativeJS: [outputs] outputs.hapticSymbol {"timestamp":14623944.789836,"wallClock":1760213600423,"enabled":true,"symbol":"-","durationMs":144,"platform":"android","source":"console.replay","correlationId":"console-replay:mgmpqahyop2acfvh","timelineOffsetMs":9.782523000612855}
10-11 16:13:20.425 12664 12741 I ReactNativeJS: [outputs] outputs.flashPulse {"timestamp":14623946.067336,"wallClock":1760213600424,"enabled":true,"durationMs":144,"source":"console.replay","correlationId":"console-replay:mgmpqahyop2acfvh","timelineOffsetMs":null,"audioStartMs":14623933.882}
10-11 16:13:20.461 12664 14360 D OutputsAudio: [outputs-audio] stop gain=1.000 release=6.00
10-11 16:13:20.506 12664 12741 I ReactNativeJS: [outputs] outputs.flashPulse.commit {"timestamp":14624026.707232,"wallClock":1760213600505,"durationMs":144,"source":"console.replay","correlationId":"console-replay:mgmpqahyop2acfvh","latencyMs":92.81861700117588,"timelineOffsetMs":null,"leadMs":8,"audioStartMs":14623933.882,"scheduleSkewMs":100.81861700117588}
10-11 16:13:20.510 12664 14360 D OutputsAudio: [outputs-audio] start hz=700.0 gain=1.000 attack=2.50 release=6.00
10-11 16:13:20.558 12664 14360 D OutputsAudio: [outputs-audio] stop gain=1.000 release=6.00
10-11 16:13:20.568 12664 12741 D OutputsAudio: [outputs-audio] symbol.info sequence=26 symbol=. timestamp=14624031.548 duration=48.000
10-11 16:13:20.569 12664 12741 I ReactNativeJS: [outputs] playMorse.symbol {"timestamp":14624089.849628,"wallClock":1760213600568,"symbol":"-","durationMs":144,"index":23,"source":"console.replay","correlationId":"console-replay:mgmpqam061jruoh5","nativeTimestampMs":14624031.548,"nativeDurationMs":48,"nativeOffsetMs":58.22954399883747,"nativeSequence":26,"monotonicTimestampMs":14624031.548}
10-11 16:13:20.569 12664 12741 I ReactNativeJS: [outputs] outputs.hapticSymbol {"timestamp":14624090.583846,"wallClock":1760213600569,"enabled":true,"symbol":"-","durationMs":144,"platform":"android","source":"console.replay","correlationId":"console-replay:mgmpqam061jruoh5","timelineOffsetMs":58.22954399883747}
10-11 16:13:20.570 12664 12741 I ReactNativeJS: [outputs] outputs.flashPulse {"timestamp":14624091.462284,"wallClock":1760213600570,"enabled":true,"durationMs":144,"source":"console.replay","correlationId":"console-replay:mgmpqam061jruoh5","timelineOffsetMs":null,"audioStartMs":14624031.548}
10-11 16:13:20.607 12664 14360 D OutputsAudio: [outputs-audio] start hz=700.0 gain=1.000 attack=2.50 release=6.00
10-11 16:13:20.652 12664 12741 I ReactNativeJS: [outputs] outputs.flashPulse.commit {"timestamp":14624173.151919,"wallClock":1760213600652,"durationMs":144,"source":"console.replay","correlationId":"console-replay:mgmpqam061jruoh5","latencyMs":141.5975129995495,"timelineOffsetMs":null,"leadMs":8,"audioStartMs":14624031.548,"scheduleSkewMs":149.5975129995495}
10-11 16:13:20.656 12664 14360 D OutputsAudio: [outputs-audio] stop gain=1.000 release=6.00
10-11 16:13:20.704 12664 14360 D OutputsAudio: [outputs-audio] stop gain=0.000 release=6.00
10-11 16:13:20.704 12664 14360 D OutputsAudio: [outputs-audio] playMorse.end cancelled=0
10-11 16:13:20.723 12664 12741 D OutputsAudio: [outputs-audio] symbol.info sequence=27 symbol=. timestamp=14624129.153 duration=48.000
10-11 16:13:20.723 12664 12741 I ReactNativeJS: [outputs] playMorse.symbol {"timestamp":14624244.437075,"wallClock":1760213600723,"symbol":".","durationMs":48,"index":24,"source":"console.replay","correlationId":"console-replay:mgmpqaqbufv6rist","nativeTimestampMs":14624129.153,"nativeDurationMs":48,"nativeOffsetMs":115.20990899950266,"nativeSequence":27,"monotonicTimestampMs":14624129.153}
10-11 16:13:20.724 12664 12741 I ReactNativeJS: [outputs] playMorse.nativeOffset.spike {"timestamp":14624245.097544,"wallClock":1760213600723,"source":"console.replay","offsetMs":115.20990899950266,"sequence":27,"unitMs":48,"correlationId":"console-replay:mgmpqaqbufv6rist"}
10-11 16:13:20.724 12664 12741 I ReactNativeJS: [outputs] outputs.hapticSymbol {"timestamp":14624245.49744,"wallClock":1760213600724,"enabled":true,"symbol":".","durationMs":48,"platform":"android","source":"console.replay","correlationId":"console-replay:mgmpqaqbufv6rist","timelineOffsetMs":115.20990899950266}
10-11 16:13:20.725 12664 12741 I ReactNativeJS: [outputs] outputs.flashPulse {"timestamp":14624246.281763,"wallClock":1760213600725,"enabled":true,"durationMs":48,"source":"console.replay","correlationId":"console-replay:mgmpqaqbufv6rist","timelineOffsetMs":null,"audioStartMs":14624129.153}
10-11 16:13:20.804 12664 12741 I ReactNativeJS: [outputs] outputs.flashPulse.commit {"timestamp":14624325.433117,"wallClock":1760213600804,"durationMs":48,"source":"console.replay","correlationId":"console-replay:mgmpqaqbufv6rist","latencyMs":196.27397099882364,"timelineOffsetMs":null,"leadMs":8,"audioStartMs":14624129.153,"scheduleSkewMs":204.27397099882364}
10-11 16:13:20.877 12664 12741 I ReactNativeJS: [outputs] playMorse.symbol {"timestamp":14624398.408846,"wallClock":1760213600877,"symbol":".","durationMs":48,"index":25,"source":"console.replay","correlationId":"console-replay:mgmpqaullck6p3mf","nativeTimestampMs":null,"nativeDurationMs":null,"nativeOffsetMs":null,"nativeSequence":null,"monotonicTimestampMs":null}
10-11 16:13:20.878 12664 12741 I ReactNativeJS: [outputs] outputs.hapticSymbol {"timestamp":14624399.104471,"wallClock":1760213600877,"enabled":true,"symbol":".","durationMs":48,"platform":"android","source":"console.replay","correlationId":"console-replay:mgmpqaullck6p3mf","timelineOffsetMs":null}
10-11 16:13:20.879 12664 12741 I ReactNativeJS: [outputs] outputs.flashPulse {"timestamp":14624399.944575,"wallClock":1760213600878,"enabled":true,"durationMs":48,"source":"console.replay","correlationId":"console-replay:mgmpqaullck6p3mf","timelineOffsetMs":null,"audioStartMs":null}
10-11 16:13:20.973 12664 12741 I ReactNativeJS: [outputs] outputs.flashPulse.commit {"timestamp":14624494.442544,"wallClock":1760213600973,"durationMs":48,"source":"console.replay","correlationId":"console-replay:mgmpqaullck6p3mf","latencyMs":96.03385400027037,"timelineOffsetMs":null,"leadMs":8,"audioStartMs":null,"scheduleSkewMs":104.03385400027037}
10-11 16:13:21.264 12664 12741 I ReactNativeJS: [outputs] playMorse.symbol {"timestamp":14624785.021815,"wallClock":1760213601263,"symbol":".","durationMs":48,"index":26,"source":"console.replay","correlationId":"console-replay:mgmpqb5bzeojpfq9","nativeTimestampMs":null,"nativeDurationMs":null,"nativeOffsetMs":null,"nativeSequence":null,"monotonicTimestampMs":null}
10-11 16:13:21.266 12664 12741 I ReactNativeJS: [outputs] outputs.hapticSymbol {"timestamp":14624786.193429,"wallClock":1760213601265,"enabled":true,"symbol":".","durationMs":48,"platform":"android","source":"console.replay","correlationId":"console-replay:mgmpqb5bzeojpfq9","timelineOffsetMs":null}
10-11 16:13:21.268 12664 12741 I ReactNativeJS: [outputs] outputs.flashPulse {"timestamp":14624788.620461,"wallClock":1760213601267,"enabled":true,"durationMs":48,"source":"console.replay","correlationId":"console-replay:mgmpqb5bzeojpfq9","timelineOffsetMs":null,"audioStartMs":null}
10-11 16:13:21.352 12664 12741 I ReactNativeJS: [outputs] outputs.flashPulse.commit {"timestamp":14624872.962127,"wallClock":1760213601351,"durationMs":48,"source":"console.replay","correlationId":"console-replay:mgmpqb5bzeojpfq9","latencyMs":87.94614600017667,"timelineOffsetMs":null,"leadMs":8,"audioStartMs":null,"scheduleSkewMs":95.94614600017667}
10-11 16:13:21.418 12664 12741 I ReactNativeJS: [outputs] playMorse.complete {"timestamp":14624938.655148,"wallClock":1760213601417,"durationMs":4666.154893999919,"source":"console.replay","audioEnabled":true,"audioVolumePercent":100}
10-11 16:13:24.763 12664 12741 I ReactNativeJS: [outputs] playMorse.start {"timestamp":14628283.771188,"wallClock":1760213604762,"unitMs":40,"length":28,"source":"console.replay","audioEnabled":true,"audioVolumePercent":100}
10-11 16:13:24.904 12664 12741 D OutputsAudio: [outputs-audio] warmup hz=700.0
10-11 16:13:24.904 12664 14406 D OutputsAudio: [outputs-audio] playMorse.start count=27 unit=40.0
10-11 16:13:24.904 12664 14406 D OutputsAudio: [outputs-audio] start hz=700.0 gain=1.000 attack=2.50 release=6.00
10-11 16:13:24.914 12664 12741 D OutputsAudio: [outputs-audio] symbol.info sequence=1 symbol=. timestamp=14628425.937 duration=40.000
10-11 16:13:24.915 12664 12741 I ReactNativeJS: [outputs] playMorse.symbol {"timestamp":14628436.237959,"wallClock":1760213604915,"symbol":".","durationMs":40,"index":0,"source":"console.replay","correlationId":"console-replay:mgmpqdyra9hd7o6p","nativeTimestampMs":14628425.937,"nativeDurationMs":40,"nativeOffsetMs":10.205750999972224,"nativeSequence":1,"monotonicTimestampMs":14628425.937}
10-11 16:13:24.916 12664 12741 I ReactNativeJS: [outputs] outputs.hapticSymbol {"timestamp":14628437.181449,"wallClock":1760213604916,"enabled":true,"symbol":".","durationMs":40,"platform":"android","source":"console.replay","correlationId":"console-replay:mgmpqdyra9hd7o6p","timelineOffsetMs":10.205750999972224}
10-11 16:13:24.917 12664 12741 I ReactNativeJS: [outputs] outputs.flashPulse {"timestamp":14628438.11874,"wallClock":1760213604916,"enabled":true,"durationMs":40,"source":"console.replay","correlationId":"console-replay:mgmpqdyra9hd7o6p","timelineOffsetMs":null,"audioStartMs":14628425.937}
10-11 16:13:24.945 12664 14406 D OutputsAudio: [outputs-audio] stop gain=1.000 release=6.00
10-11 16:13:24.984 12664 12741 I ReactNativeJS: [outputs] outputs.flashPulse.commit {"timestamp":14628504.725199,"wallClock":1760213604983,"durationMs":40,"source":"console.replay","correlationId":"console-replay:mgmpqdyra9hd7o6p","latencyMs":78.78194899857044,"timelineOffsetMs":null,"leadMs":8,"audioStartMs":14628425.937,"scheduleSkewMs":86.78194899857044}
10-11 16:13:24.985 12664 14406 D OutputsAudio: [outputs-audio] start hz=700.0 gain=1.000 attack=2.50 release=6.00
10-11 16:13:25.026 12664 14406 D OutputsAudio: [outputs-audio] stop gain=1.000 release=6.00
10-11 16:13:25.032 12664 12741 D OutputsAudio: [outputs-audio] symbol.info sequence=2 symbol=. timestamp=14628506.538 duration=40.000
10-11 16:13:25.033 12664 12741 I ReactNativeJS: [outputs] playMorse.symbol {"timestamp":14628553.793376,"wallClock":1760213605032,"symbol":".","durationMs":40,"index":1,"source":"console.replay","correlationId":"console-replay:mgmpqe20t7t844lm","nativeTimestampMs":14628506.538,"nativeDurationMs":40,"nativeOffsetMs":47.198969999328256,"nativeSequence":2,"monotonicTimestampMs":14628506.538}
10-11 16:13:25.033 12664 12741 I ReactNativeJS: [outputs] outputs.hapticSymbol {"timestamp":14628554.355928,"wallClock":1760213605033,"enabled":true,"symbol":".","durationMs":40,"platform":"android","source":"console.replay","correlationId":"console-replay:mgmpqe20t7t844lm","timelineOffsetMs":47.198969999328256}
10-11 16:13:25.034 12664 12741 I ReactNativeJS: [outputs] outputs.flashPulse {"timestamp":14628554.993845,"wallClock":1760213605033,"enabled":true,"durationMs":40,"source":"console.replay","correlationId":"console-replay:mgmpqe20t7t844lm","timelineOffsetMs":null,"audioStartMs":14628506.538}
10-11 16:13:25.067 12664 14406 D OutputsAudio: [outputs-audio] start hz=700.0 gain=1.000 attack=2.50 release=6.00
10-11 16:13:25.090 12664 12741 I ReactNativeJS: [outputs] outputs.flashPulse.commit {"timestamp":14628611.427022,"wallClock":1760213605090,"durationMs":40,"source":"console.replay","correlationId":"console-replay:mgmpqe20t7t844lm","latencyMs":104.88225100003183,"timelineOffsetMs":null,"leadMs":8,"audioStartMs":14628506.538,"scheduleSkewMs":112.88225100003183}
10-11 16:13:25.107 12664 14406 D OutputsAudio: [outputs-audio] stop gain=1.000 release=6.00
10-11 16:13:25.144 12664 12741 D OutputsAudio: [outputs-audio] symbol.info sequence=3 symbol=. timestamp=14628588.520 duration=40.000
10-11 16:13:25.145 12664 12741 I ReactNativeJS: [outputs] playMorse.symbol {"timestamp":14628665.95598,"wallClock":1760213605144,"symbol":".","durationMs":40,"index":2,"source":"console.replay","correlationId":"console-replay:mgmpqe54atqj8hji","nativeTimestampMs":14628588.52,"nativeDurationMs":40,"nativeOffsetMs":77.37915700115263,"nativeSequence":3,"monotonicTimestampMs":14628588.52}
10-11 16:13:25.145 12664 12741 I ReactNativeJS: [outputs] outputs.hapticSymbol {"timestamp":14628666.506292,"wallClock":1760213605145,"enabled":true,"symbol":".","durationMs":40,"platform":"android","source":"console.replay","correlationId":"console-replay:mgmpqe54atqj8hji","timelineOffsetMs":77.37915700115263}
10-11 16:13:25.146 12664 12741 I ReactNativeJS: [outputs] outputs.flashPulse {"timestamp":14628667.18973,"wallClock":1760213605146,"enabled":true,"durationMs":40,"source":"console.replay","correlationId":"console-replay:mgmpqe54atqj8hji","timelineOffsetMs":null,"audioStartMs":14628588.52}
10-11 16:13:25.149 12664 14406 D OutputsAudio: [outputs-audio] start hz=700.0 gain=1.000 attack=2.50 release=6.00
10-11 16:13:25.204 12664 12741 D OutputsAudio: [outputs-audio] symbol.info sequence=4 symbol=- timestamp=14628670.232 duration=120.000
10-11 16:13:25.205 12664 12741 I ReactNativeJS: [outputs] playMorse.symbol {"timestamp":14628726.188063,"wallClock":1760213605205,"symbol":"-","durationMs":120,"index":3,"source":"console.replay","correlationId":"console-replay:mgmpqe6tsemzy07a","nativeTimestampMs":14628670.232,"nativeDurationMs":120,"nativeOffsetMs":55.90637599863112,"nativeSequence":4,"monotonicTimestampMs":14628670.232}
10-11 16:13:25.205 12664 12741 I ReactNativeJS: [outputs] outputs.hapticSymbol {"timestamp":14628726.695563,"wallClock":1760213605205,"enabled":true,"symbol":"-","durationMs":120,"platform":"android","source":"console.replay","correlationId":"console-replay:mgmpqe6tsemzy07a","timelineOffsetMs":55.90637599863112}
10-11 16:13:25.206 12664 12741 I ReactNativeJS: [outputs] outputs.flashPulse {"timestamp":14628727.310459,"wallClock":1760213605206,"enabled":true,"durationMs":120,"source":"console.replay","correlationId":"console-replay:mgmpqe6tsemzy07a","timelineOffsetMs":null,"audioStartMs":14628670.232}
10-11 16:13:25.269 12664 14406 D OutputsAudio: [outputs-audio] stop gain=1.000 release=6.00
10-11 16:13:25.270 12664 12741 I ReactNativeJS: [outputs] outputs.flashPulse.commit {"timestamp":14628790.851553,"wallClock":1760213605269,"durationMs":40,"source":"console.replay","correlationId":"console-replay:mgmpqe54atqj8hji","latencyMs":202.3260840009898,"timelineOffsetMs":null,"leadMs":8,"audioStartMs":14628588.52,"scheduleSkewMs":210.3260840009898}
10-11 16:13:25.309 12664 14406 D OutputsAudio: [outputs-audio] start hz=700.0 gain=1.000 attack=2.50 release=6.00
10-11 16:13:25.326 12664 12741 I ReactNativeJS: [outputs] outputs.flashPulse.commit {"timestamp":14628846.988584,"wallClock":1760213605325,"durationMs":120,"source":"console.replay","correlationId":"console-replay:mgmpqe6tsemzy07a","latencyMs":176.75132399983704,"timelineOffsetMs":null,"leadMs":8,"audioStartMs":14628670.232,"scheduleSkewMs":184.75132399983704}
10-11 16:13:25.386 12664 12741 D OutputsAudio: [outputs-audio] symbol.info sequence=5 symbol=- timestamp=14628830.988 duration=120.000
10-11 16:13:25.387 12664 12741 I ReactNativeJS: [outputs] playMorse.symbol {"timestamp":14628907.575355,"wallClock":1760213605386,"symbol":"-","durationMs":120,"index":4,"source":"console.replay","correlationId":"console-replay:mgmpqebuss7u5b96","nativeTimestampMs":14628830.988,"nativeDurationMs":120,"nativeOffsetMs":76.51928200013936,"nativeSequence":5,"monotonicTimestampMs":14628830.988}
10-11 16:13:25.387 12664 12741 I ReactNativeJS: [outputs] outputs.hapticSymbol {"timestamp":14628908.362542,"wallClock":1760213605387,"enabled":true,"symbol":"-","durationMs":120,"platform":"android","source":"console.replay","correlationId":"console-replay:mgmpqebuss7u5b96","timelineOffsetMs":76.51928200013936}
10-11 16:13:25.388 12664 12741 I ReactNativeJS: [outputs] outputs.flashPulse {"timestamp":14628909.279938,"wallClock":1760213605388,"enabled":true,"durationMs":120,"source":"console.replay","correlationId":"console-replay:mgmpqebuss7u5b96","timelineOffsetMs":null,"audioStartMs":14628830.988}
10-11 16:13:25.430 12664 14406 D OutputsAudio: [outputs-audio] stop gain=1.000 release=6.00
10-11 16:13:25.461 12664 12741 I ReactNativeJS: [outputs] outputs.flashPulse.commit {"timestamp":14628981.911761,"wallClock":1760213605460,"durationMs":120,"source":"console.replay","correlationId":"console-replay:mgmpqebuss7u5b96","latencyMs":150.91626100055873,"timelineOffsetMs":null,"leadMs":8,"audioStartMs":14628830.988,"scheduleSkewMs":158.91626100055873}
10-11 16:13:25.471 12664 14406 D OutputsAudio: [outputs-audio] start hz=700.0 gain=1.000 attack=2.50 release=6.00
10-11 16:13:25.526 12664 12741 D OutputsAudio: [outputs-audio] symbol.info sequence=6 symbol=- timestamp=14628992.217 duration=120.000
