--------- beginning of main
10-11 17:57:54.762 15336 15524 I ReactNativeJS: [outputs] playMorse.start {"timestamp":20860940.54355,"wallClock":1760219874761,"unitMs":120,"length":28,"source":"console.replay","audioEnabled":true,"audioVolumePercent":100}
10-11 17:57:55.135 15336 15524 D OutputsAudio: [outputs-audio] warmup hz=700.0
10-11 17:57:55.138 15336 15762 D OutputsAudio: [outputs-audio] playMorse.start count=27 unit=120.0
10-11 17:57:55.138 15336 15762 D OutputsAudio: [outputs-audio] start hz=700.0 gain=1.000 attack=2.50 release=6.00
10-11 17:57:55.138 15336 15762 D OutputsAudio: [outputs-audio] playMorse.symbol.start sequence=1 symbol=. expected=20861316.938 actual=20861316.951 skew=0.012 batchElapsed=0.012
10-11 17:57:55.150 15336 15524 D OutputsAudio: [outputs-audio] symbol.info sequence=1 symbol=. timestamp=20861316.951 duration=120.000 expected=20861316.938 skew=0.012 age=12.325
10-11 17:57:55.152 15336 15524 I ReactNativeJS: [outputs] playMorse.symbol {"timestamp":20861330.031571,"wallClock":1760219875151,"symbol":".","durationMs":120,"index":0,"source":"console.replay","correlationId":"console-replay:mgmtgs3zk2agbacx","nativeTimestampMs":20861316.951,"nativeDurationMs":120,"nativeOffsetMs":12.697549998760223,"nativeSequence":1,"monotonicTimestampMs":20861316.951,"nativeExpectedTimestampMs":20861316.938,"nativeStartSkewMs":0.012,"nativeBatchElapsedMs":0.012,"nativeExpectedSincePriorMs":0,"nativeSincePriorMs":0,"nativePatternStartMs":20861316.938,"nativeAgeMs":12.325}
10-11 17:57:55.156 15336 15524 I ReactNativeJS: [outputs] outputs.hapticSymbol {"timestamp":20861332.915061,"wallClock":1760219875154,"enabled":true,"symbol":".","durationMs":120,"platform":"android","source":"console.replay","correlationId":"console-replay:mgmtgs3zk2agbacx","timelineOffsetMs":12.697549998760223}
10-11 17:57:55.162 15336 15524 I ReactNativeJS: [outputs] outputs.flashPulse {"timestamp":20861340.452092,"wallClock":1760219875161,"enabled":true,"durationMs":120,"source":"console.replay","correlationId":"console-replay:mgmtgs3zk2agbacx","timelineOffsetMs":12.697549998760223,"schedulingMode":"timeline","audioStartHeadroomMs":-31.497738000005484,"audioStartGuard":"headroom","audioStartCompensationMs":31.497738000005484}
10-11 17:57:55.173 15336 15524 I ReactNativeJS: [outputs] outputs.flashPulse.commit {"timestamp":20861351.635165,"wallClock":1760219875173,"durationMs":120,"source":"console.replay","correlationId":"console-replay:mgmtgs3zk2agbacx","latencyMs":21.96687500178814,"timelineOffsetMs":12.697549998760223,"leadMs":8,"scheduleSkewMs":11.17645800113678,"schedulingMode":"timeline","audioStartHeadroomMs":-31.497738000005484,"audioStartGuard":"headroom","audioStartCompensationMs":31.497738000005484}
10-11 17:57:55.259 15336 15762 D OutputsAudio: [outputs-audio] stop gain=1.000 release=6.00
10-11 17:57:55.380 15336 15762 D OutputsAudio: [outputs-audio] start hz=700.0 gain=1.000 attack=2.50 release=6.00
10-11 17:57:55.380 15336 15762 D OutputsAudio: [outputs-audio] playMorse.symbol.start sequence=2 symbol=. expected=20861556.938 actual=20861559.060 skew=2.122 batchElapsed=242.122
10-11 17:57:55.395 15336 15524 D OutputsAudio: [outputs-audio] symbol.info sequence=2 symbol=. timestamp=20861559.060 duration=120.000 expected=20861556.938 skew=2.122 age=14.764
10-11 17:57:55.396 15336 15524 I ReactNativeJS: [outputs] playMorse.symbol {"timestamp":20861574.099384,"wallClock":1760219875395,"symbol":".","durationMs":120,"index":1,"source":"console.replay","correlationId":"console-replay:mgmtgsarq96scogv","nativeTimestampMs":20861559.06,"nativeDurationMs":120,"nativeOffsetMs":14.923967000097036,"nativeSequence":2,"monotonicTimestampMs":20861559.06,"nativeExpectedTimestampMs":20861556.938,"nativeStartSkewMs":2.122,"nativeBatchElapsedMs":242.122,"nativeExpectedSincePriorMs":240,"nativeSincePriorMs":242.109,"nativePatternStartMs":20861316.938,"nativeAgeMs":14.764}
10-11 17:57:55.397 15336 15524 I ReactNativeJS: [outputs] outputs.hapticSymbol {"timestamp":20861575.240686,"wallClock":1760219875396,"enabled":true,"symbol":".","durationMs":120,"platform":"android","source":"console.replay","correlationId":"console-replay:mgmtgsarq96scogv","timelineOffsetMs":14.923967000097036}
10-11 17:57:55.398 15336 15524 I ReactNativeJS: [outputs] outputs.flashPulse {"timestamp":20861576.393915,"wallClock":1760219875397,"enabled":true,"durationMs":120,"source":"console.replay","correlationId":"console-replay:mgmtgsarq96scogv","timelineOffsetMs":14.923967000097036,"schedulingMode":"timeline","audioStartHeadroomMs":-27.43799800053239,"audioStartGuard":"headroom","audioStartCompensationMs":27.43799800053239}
10-11 17:57:55.474 15336 15524 I ReactNativeJS: [outputs] outputs.flashPulse.commit {"timestamp":20861653.056623,"wallClock":1760219875474,"durationMs":120,"source":"console.replay","correlationId":"console-replay:mgmtgsarq96scogv","latencyMs":79.06453100219369,"timelineOffsetMs":14.923967000097036,"leadMs":8,"scheduleSkewMs":76.66869800165296,"schedulingMode":"timeline","audioStartHeadroomMs":-27.43799800053239,"audioStartGuard":"headroom","audioStartCompensationMs":27.43799800053239}
10-11 17:57:55.501 15336 15762 D OutputsAudio: [outputs-audio] stop gain=1.000 release=6.00
10-11 17:57:55.621 15336 15762 D OutputsAudio: [outputs-audio] start hz=700.0 gain=1.000 attack=2.50 release=6.00
10-11 17:57:55.621 15336 15762 D OutputsAudio: [outputs-audio] playMorse.symbol.start sequence=3 symbol=. expected=20861796.938 actual=20861800.453 skew=3.515 batchElapsed=483.515
10-11 17:57:55.647 15336 15524 D OutputsAudio: [outputs-audio] symbol.info sequence=3 symbol=. timestamp=20861800.453 duration=120.000 expected=20861796.938 skew=3.515 age=25.897
10-11 17:57:55.649 15336 15524 I ReactNativeJS: [outputs] playMorse.symbol {"timestamp":20861826.750581,"wallClock":1760219875648,"symbol":".","durationMs":120,"index":2,"source":"console.replay","correlationId":"console-replay:mgmtgshsgnssjtyq","nativeTimestampMs":20861800.453,"nativeDurationMs":120,"nativeOffsetMs":26.12831099703908,"nativeSequence":3,"monotonicTimestampMs":20861800.453,"nativeExpectedTimestampMs":20861796.938,"nativeStartSkewMs":3.515,"nativeBatchElapsedMs":483.515,"nativeExpectedSincePriorMs":240,"nativeSincePriorMs":241.393,"nativePatternStartMs":20861316.938,"nativeAgeMs":25.897}
10-11 17:57:55.651 15336 15524 I ReactNativeJS: [outputs] outputs.hapticSymbol {"timestamp":20861828.645425,"wallClock":1760219875650,"enabled":true,"symbol":".","durationMs":120,"platform":"android","source":"console.replay","correlationId":"console-replay:mgmtgshsgnssjtyq","timelineOffsetMs":26.12831099703908}
10-11 17:57:55.653 15336 15524 I ReactNativeJS: [outputs] outputs.flashPulse {"timestamp":20861830.816311,"wallClock":1760219875652,"enabled":true,"durationMs":120,"source":"console.replay","correlationId":"console-replay:mgmtgshsgnssjtyq","timelineOffsetMs":26.12831099703908,"schedulingMode":"timeline","audioStartHeadroomMs":-41.85226899757981,"audioStartGuard":"headroom","audioStartCompensationMs":40}
10-11 17:57:55.731 15336 15524 I ReactNativeJS: [outputs] outputs.flashPulse.commit {"timestamp":20861910.159748,"wallClock":1760219875731,"durationMs":120,"source":"console.replay","correlationId":"console-replay:mgmtgshsgnssjtyq","latencyMs":83.56947899982333,"timelineOffsetMs":26.12831099703908,"leadMs":8,"scheduleSkewMs":79.35406299680471,"schedulingMode":"timeline","audioStartHeadroomMs":-41.85226899757981,"audioStartGuard":"headroom","audioStartCompensationMs":40}
10-11 17:57:55.742 15336 15762 D OutputsAudio: [outputs-audio] stop gain=1.000 release=6.00
10-11 17:57:55.863 15336 15762 D OutputsAudio: [outputs-audio] start hz=700.0 gain=1.000 attack=2.50 release=6.00
10-11 17:57:55.863 15336 15762 D OutputsAudio: [outputs-audio] playMorse.symbol.start sequence=4 symbol=- expected=20862036.938 actual=20862042.328 skew=5.390 batchElapsed=725.390
10-11 17:57:55.875 15336 15524 D OutputsAudio: [outputs-audio] symbol.info sequence=4 symbol=- timestamp=20862042.328 duration=360.000 expected=20862036.938 skew=5.390 age=11.352
10-11 17:57:55.876 15336 15524 I ReactNativeJS: [outputs] playMorse.symbol {"timestamp":20862053.903706,"wallClock":1760219875875,"symbol":"-","durationMs":360,"index":3,"source":"console.replay","correlationId":"console-replay:mgmtgso3amlme75p","nativeTimestampMs":20862042.328,"nativeDurationMs":360,"nativeOffsetMs":11.483257997781038,"nativeSequence":4,"monotonicTimestampMs":20862042.328,"nativeExpectedTimestampMs":20862036.938,"nativeStartSkewMs":5.39,"nativeBatchElapsedMs":725.39,"nativeExpectedSincePriorMs":240,"nativeSincePriorMs":241.875,"nativePatternStartMs":20861316.938,"nativeAgeMs":11.352}
10-11 17:57:55.876 15336 15524 I ReactNativeJS: [outputs] outputs.hapticSymbol {"timestamp":20862054.975581,"wallClock":1760219875876,"enabled":true,"symbol":"-","durationMs":360,"platform":"android","source":"console.replay","correlationId":"console-replay:mgmtgso3amlme75p","timelineOffsetMs":11.483257997781038}
10-11 17:57:55.877 15336 15524 I ReactNativeJS: [outputs] outputs.flashPulse {"timestamp":20862056.034331,"wallClock":1760219875877,"enabled":true,"durationMs":360,"source":"console.replay","correlationId":"console-replay:mgmtgso3amlme75p","timelineOffsetMs":11.483257997781038,"schedulingMode":"timeline","audioStartHeadroomMs":-27.046174999326468,"audioStartGuard":"headroom","audioStartCompensationMs":27.046174999326468}
10-11 17:57:55.948 15336 15524 I ReactNativeJS: [outputs] outputs.flashPulse.commit {"timestamp":20862126.766935,"wallClock":1760219875948,"durationMs":360,"source":"console.replay","correlationId":"console-replay:mgmtgso3amlme75p","latencyMs":72.94635400176048,"timelineOffsetMs":11.483257997781038,"leadMs":8,"scheduleSkewMs":70.76947900280356,"schedulingMode":"timeline","audioStartHeadroomMs":-27.046174999326468,"audioStartGuard":"headroom","audioStartCompensationMs":27.046174999326468}
10-11 17:57:56.224 15336 15762 D OutputsAudio: [outputs-audio] stop gain=1.000 release=6.00
10-11 17:57:56.345 15336 15762 D OutputsAudio: [outputs-audio] start hz=700.0 gain=1.000 attack=2.50 release=6.00
10-11 17:57:56.346 15336 15762 D OutputsAudio: [outputs-audio] playMorse.symbol.start sequence=5 symbol=- expected=20862516.938 actual=20862524.865 skew=7.926 batchElapsed=1207.926
10-11 17:57:56.367 15336 15524 D OutputsAudio: [outputs-audio] symbol.info sequence=5 symbol=- timestamp=20862524.865 duration=360.000 expected=20862516.938 skew=7.926 age=20.821
10-11 17:57:56.370 15336 15524 I ReactNativeJS: [outputs] playMorse.symbol {"timestamp":20862546.125894,"wallClock":1760219876367,"symbol":"-","durationMs":360,"index":4,"source":"console.replay","correlationId":"console-replay:mgmtgt1r3ew9uz3g","nativeTimestampMs":20862524.865,"nativeDurationMs":360,"nativeOffsetMs":21.050477001816034,"nativeSequence":5,"monotonicTimestampMs":20862524.865,"nativeExpectedTimestampMs":20862516.938,"nativeStartSkewMs":7.926,"nativeBatchElapsedMs":1207.926,"nativeExpectedSincePriorMs":480,"nativeSincePriorMs":482.537,"nativePatternStartMs":20861316.938,"nativeAgeMs":20.821}
10-11 17:57:56.372 15336 15524 I ReactNativeJS: [outputs] outputs.hapticSymbol {"timestamp":20862549.179852,"wallClock":1760219876370,"enabled":true,"symbol":"-","durationMs":360,"platform":"android","source":"console.replay","correlationId":"console-replay:mgmtgt1r3ew9uz3g","timelineOffsetMs":21.050477001816034}
10-11 17:57:56.373 15336 15524 I ReactNativeJS: [outputs] outputs.flashPulse {"timestamp":20862551.587664,"wallClock":1760219876373,"enabled":true,"durationMs":360,"source":"console.replay","correlationId":"console-replay:mgmtgt1r3ew9uz3g","timelineOffsetMs":21.050477001816034,"schedulingMode":"timeline","audioStartHeadroomMs":-42.62778899818659,"audioStartGuard":"headroom","audioStartCompensationMs":40}
10-11 17:57:56.461 15336 15524 I ReactNativeJS: [outputs] outputs.flashPulse.commit {"timestamp":20862639.383914,"wallClock":1760219876460,"durationMs":360,"source":"console.replay","correlationId":"console-replay:mgmtgt1r3ew9uz3g","latencyMs":93.45947900041938,"timelineOffsetMs":21.050477001816034,"leadMs":8,"scheduleSkewMs":87.80572900176048,"schedulingMode":"timeline","audioStartHeadroomMs":-42.62778899818659,"audioStartGuard":"headroom","audioStartCompensationMs":40}
10-11 17:57:56.706 15336 15762 D OutputsAudio: [outputs-audio] stop gain=1.000 release=6.00
10-11 17:57:56.827 15336 15762 D OutputsAudio: [outputs-audio] start hz=700.0 gain=1.000 attack=2.50 release=6.00
10-11 17:57:56.827 15336 15762 D OutputsAudio: [outputs-audio] playMorse.symbol.start sequence=6 symbol=- expected=20862996.938 actual=20863005.832 skew=8.893 batchElapsed=1688.893
10-11 17:57:56.850 15336 15524 D OutputsAudio: [outputs-audio] symbol.info sequence=6 symbol=- timestamp=20863005.832 duration=360.000 expected=20862996.938 skew=8.893 age=23.513
10-11 17:57:56.852 15336 15524 I ReactNativeJS: [outputs] playMorse.symbol {"timestamp":20863029.616414,"wallClock":1760219876851,"symbol":"-","durationMs":360,"index":5,"source":"console.replay","correlationId":"console-replay:mgmtgtf7d4cf7nft","nativeTimestampMs":20863005.832,"nativeDurationMs":360,"nativeOffsetMs":23.6745180003345,"nativeSequence":6,"monotonicTimestampMs":20863005.832,"nativeExpectedTimestampMs":20862996.938,"nativeStartSkewMs":8.893,"nativeBatchElapsedMs":1688.893,"nativeExpectedSincePriorMs":480,"nativeSincePriorMs":480.967,"nativePatternStartMs":20861316.938,"nativeAgeMs":23.513}
10-11 17:57:56.853 15336 15524 I ReactNativeJS: [outputs] outputs.hapticSymbol {"timestamp":20863030.832143,"wallClock":1760219876852,"enabled":true,"symbol":"-","durationMs":360,"platform":"android","source":"console.replay","correlationId":"console-replay:mgmtgtf7d4cf7nft","timelineOffsetMs":23.6745180003345}
10-11 17:57:56.854 15336 15524 I ReactNativeJS: [outputs] outputs.flashPulse {"timestamp":20863032.712612,"wallClock":1760219876854,"enabled":true,"durationMs":360,"source":"console.replay","correlationId":"console-replay:mgmtgtf7d4cf7nft","timelineOffsetMs":23.6745180003345,"schedulingMode":"timeline","audioStartHeadroomMs":-43.74356999993324,"audioStartGuard":"headroom","audioStartCompensationMs":40}
10-11 17:57:56.933 15336 15524 I ReactNativeJS: [outputs] outputs.flashPulse.commit {"timestamp":20863110.989435,"wallClock":1760219876932,"durationMs":360,"source":"console.replay","correlationId":"console-replay:mgmtgtf7d4cf7nft","latencyMs":81.46708400174975,"timelineOffsetMs":23.6745180003345,"leadMs":8,"scheduleSkewMs":78.28640700131655,"schedulingMode":"timeline","audioStartHeadroomMs":-43.74356999993324,"audioStartGuard":"headroom","audioStartCompensationMs":40}
10-11 17:57:57.188 15336 15762 D OutputsAudio: [outputs-audio] stop gain=1.000 release=6.00
10-11 17:57:57.308 15336 15762 D OutputsAudio: [outputs-audio] start hz=700.0 gain=1.000 attack=2.50 release=6.00
10-11 17:57:57.308 15336 15762 D OutputsAudio: [outputs-audio] playMorse.symbol.start sequence=7 symbol=. expected=20863476.938 actual=20863487.290 skew=10.352 batchElapsed=2170.352
10-11 17:57:57.324 15336 15524 D OutputsAudio: [outputs-audio] symbol.info sequence=7 symbol=. timestamp=20863487.290 duration=120.000 expected=20863476.938 skew=10.352 age=16.174
10-11 17:57:57.326 15336 15524 I ReactNativeJS: [outputs] playMorse.symbol {"timestamp":20863503.842039,"wallClock":1760219877325,"symbol":".","durationMs":120,"index":6,"source":"console.replay","correlationId":"console-replay:mgmtgtsdufbmqzu0","nativeTimestampMs":20863487.29,"nativeDurationMs":120,"nativeOffsetMs":16.41084099933505,"nativeSequence":7,"monotonicTimestampMs":20863487.29,"nativeExpectedTimestampMs":20863476.938,"nativeStartSkewMs":10.352,"nativeBatchElapsedMs":2170.352,"nativeExpectedSincePriorMs":480,"nativeSincePriorMs":481.458,"nativePatternStartMs":20861316.938,"nativeAgeMs":16.174}
10-11 17:57:57.327 15336 15524 I ReactNativeJS: [outputs] outputs.hapticSymbol {"timestamp":20863505.55131,"wallClock":1760219877326,"enabled":true,"symbol":".","durationMs":120,"platform":"android","source":"console.replay","correlationId":"console-replay:mgmtgtsdufbmqzu0","timelineOffsetMs":16.41084099933505}
10-11 17:57:57.330 15336 15524 I ReactNativeJS: [outputs] outputs.flashPulse {"timestamp":20863508.162091,"wallClock":1760219877329,"enabled":true,"durationMs":120,"source":"console.replay","correlationId":"console-replay:mgmtgtsdufbmqzu0","timelineOffsetMs":16.41084099933505,"schedulingMode":"timeline","audioStartHeadroomMs":-39.2003409974277,"audioStartGuard":"headroom","audioStartCompensationMs":39.2003409974277}
10-11 17:57:57.411 15336 15524 I ReactNativeJS: [outputs] outputs.flashPulse.commit {"timestamp":20863589.35157,"wallClock":1760219877410,"durationMs":120,"source":"console.replay","correlationId":"console-replay:mgmtgtsdufbmqzu0","latencyMs":85.64260400086641,"timelineOffsetMs":16.41084099933505,"leadMs":8,"scheduleSkewMs":81.1991139985621,"schedulingMode":"timeline","audioStartHeadroomMs":-39.2003409974277,"audioStartGuard":"headroom","audioStartCompensationMs":39.2003409974277}
10-11 17:57:57.429 15336 15762 D OutputsAudio: [outputs-audio] stop gain=1.000 release=6.00
10-11 17:57:57.550 15336 15762 D OutputsAudio: [outputs-audio] start hz=700.0 gain=1.000 attack=2.50 release=6.00
10-11 17:57:57.550 15336 15762 D OutputsAudio: [outputs-audio] playMorse.symbol.start sequence=8 symbol=. expected=20863716.938 actual=20863728.920 skew=11.981 batchElapsed=2411.981
10-11 17:57:57.559 15336 15524 D OutputsAudio: [outputs-audio] symbol.info sequence=8 symbol=. timestamp=20863728.920 duration=120.000 expected=20863716.938 skew=11.981 age=9.485
10-11 17:57:57.560 15336 15524 I ReactNativeJS: [outputs] playMorse.symbol {"timestamp":20863738.621362,"wallClock":1760219877560,"symbol":".","durationMs":120,"index":7,"source":"console.replay","correlationId":"console-replay:mgmtgtyw1n8vj0t8","nativeTimestampMs":20863728.92,"nativeDurationMs":120,"nativeOffsetMs":9.612871997058392,"nativeSequence":8,"monotonicTimestampMs":20863728.92,"nativeExpectedTimestampMs":20863716.938,"nativeStartSkewMs":11.981,"nativeBatchElapsedMs":2411.981,"nativeExpectedSincePriorMs":240,"nativeSincePriorMs":241.63,"nativePatternStartMs":20861316.938,"nativeAgeMs":9.485}
10-11 17:57:57.561 15336 15524 I ReactNativeJS: [outputs] outputs.hapticSymbol {"timestamp":20863739.524487,"wallClock":1760219877560,"enabled":true,"symbol":".","durationMs":120,"platform":"android","source":"console.replay","correlationId":"console-replay:mgmtgtyw1n8vj0t8","timelineOffsetMs":9.612871997058392}
10-11 17:57:57.562 15336 15524 I ReactNativeJS: [outputs] outputs.flashPulse {"timestamp":20863740.346622,"wallClock":1760219877561,"enabled":true,"durationMs":120,"source":"console.replay","correlationId":"console-replay:mgmtgtyw1n8vj0t8","timelineOffsetMs":9.612871997058392,"schedulingMode":"timeline","audioStartHeadroomMs":-31.395861998200417,"audioStartGuard":"headroom","audioStartCompensationMs":31.395861998200417}
10-11 17:57:57.637 15336 15524 I ReactNativeJS: [outputs] outputs.flashPulse.commit {"timestamp":20863815.629018,"wallClock":1760219877637,"durationMs":120,"source":"console.replay","correlationId":"console-replay:mgmtgtyw1n8vj0t8","latencyMs":77.0874480009079,"timelineOffsetMs":9.612871997058392,"leadMs":8,"scheduleSkewMs":75.28411399945617,"schedulingMode":"timeline","audioStartHeadroomMs":-31.395861998200417,"audioStartGuard":"headroom","audioStartCompensationMs":31.395861998200417}
10-11 17:57:57.670 15336 15762 D OutputsAudio: [outputs-audio] stop gain=1.000 release=6.00
10-11 17:57:57.791 15336 15762 D OutputsAudio: [outputs-audio] start hz=700.0 gain=1.000 attack=2.50 release=6.00
10-11 17:57:57.792 15336 15762 D OutputsAudio: [outputs-audio] playMorse.symbol.start sequence=9 symbol=. expected=20863956.938 actual=20863970.865 skew=13.927 batchElapsed=2653.927
10-11 17:57:57.820 15336 15524 D OutputsAudio: [outputs-audio] symbol.info sequence=9 symbol=. timestamp=20863970.865 duration=120.000 expected=20863956.938 skew=13.927 age=28.393
10-11 17:57:57.824 15336 15524 I ReactNativeJS: [outputs] playMorse.symbol {"timestamp":20863999.599903,"wallClock":1760219877821,"symbol":".","durationMs":120,"index":8,"source":"console.replay","correlationId":"console-replay:mgmtgu64rdwlbntl","nativeTimestampMs":20863970.865,"nativeDurationMs":120,"nativeOffsetMs":28.594643000513315,"nativeSequence":9,"monotonicTimestampMs":20863970.865,"nativeExpectedTimestampMs":20863956.938,"nativeStartSkewMs":13.927,"nativeBatchElapsedMs":2653.927,"nativeExpectedSincePriorMs":240,"nativeSincePriorMs":241.946,"nativePatternStartMs":20861316.938,"nativeAgeMs":28.393}
10-11 17:57:57.826 15336 15524 I ReactNativeJS: [outputs] outputs.hapticSymbol {"timestamp":20864003.457195,"wallClock":1760219877824,"enabled":true,"symbol":".","durationMs":120,"platform":"android","source":"console.replay","correlationId":"console-replay:mgmtgu64rdwlbntl","timelineOffsetMs":28.594643000513315}
10-11 17:57:57.830 15336 15524 I ReactNativeJS: [outputs] outputs.flashPulse {"timestamp":20864007.881258,"wallClock":1760219877829,"enabled":true,"durationMs":120,"source":"console.replay","correlationId":"console-replay:mgmtgu64rdwlbntl","timelineOffsetMs":28.594643000513315,"schedulingMode":"timeline","audioStartHeadroomMs":-58.927788998931646,"audioStartGuard":"headroom","audioStartCompensationMs":40}
10-11 17:57:57.900 15336 15524 I ReactNativeJS: [outputs] outputs.flashPulse.commit {"timestamp":20864078.643289,"wallClock":1760219877900,"durationMs":120,"source":"console.replay","correlationId":"console-replay:mgmtgu64rdwlbntl","latencyMs":79.17525999993086,"timelineOffsetMs":28.594643000513315,"leadMs":8,"scheduleSkewMs":70.76635399833322,"schedulingMode":"timeline","audioStartHeadroomMs":-58.927788998931646,"audioStartGuard":"headroom","audioStartCompensationMs":40}
10-11 17:57:57.912 15336 15762 D OutputsAudio: [outputs-audio] stop gain=1.000 release=6.00
10-11 17:57:58.034 15336 15762 D OutputsAudio: [outputs-audio] start hz=700.0 gain=1.000 attack=2.50 release=6.00
10-11 17:57:58.034 15336 15762 D OutputsAudio: [outputs-audio] playMorse.symbol.start sequence=10 symbol=- expected=20864196.938 actual=20864213.141 skew=16.202 batchElapsed=2896.202
10-11 17:57:58.043 15336 15524 D OutputsAudio: [outputs-audio] symbol.info sequence=10 symbol=- timestamp=20864213.141 duration=360.000 expected=20864196.938 skew=16.202 age=8.663
10-11 17:57:58.044 15336 15524 I ReactNativeJS: [outputs] playMorse.symbol {"timestamp":20864222.000685,"wallClock":1760219878043,"symbol":"-","durationMs":360,"index":9,"source":"console.replay","correlationId":"console-replay:mgmtgucb42ad8g8c","nativeTimestampMs":20864213.141,"nativeDurationMs":360,"nativeOffsetMs":8.779164001345634,"nativeSequence":10,"monotonicTimestampMs":20864213.141,"nativeExpectedTimestampMs":20864196.938,"nativeStartSkewMs":16.202,"nativeBatchElapsedMs":2896.202,"nativeExpectedSincePriorMs":240,"nativeSincePriorMs":242.275,"nativePatternStartMs":20861316.938,"nativeAgeMs":8.663}
10-11 17:57:58.044 15336 15524 I ReactNativeJS: [outputs] outputs.hapticSymbol {"timestamp":20864222.853914,"wallClock":1760219878044,"enabled":true,"symbol":"-","durationMs":360,"platform":"android","source":"console.replay","correlationId":"console-replay:mgmtgucb42ad8g8c","timelineOffsetMs":8.779164001345634}
10-11 17:57:58.045 15336 15524 I ReactNativeJS: [outputs] outputs.flashPulse {"timestamp":20864223.696466,"wallClock":1760219878045,"enabled":true,"durationMs":360,"source":"console.replay","correlationId":"console-replay:mgmtgucb42ad8g8c","timelineOffsetMs":8.779164001345634,"schedulingMode":"timeline","audioStartHeadroomMs":-34.73799699917436,"audioStartGuard":"headroom","audioStartCompensationMs":34.73799699917436}
10-11 17:57:58.122 15336 15524 I ReactNativeJS: [outputs] outputs.flashPulse.commit {"timestamp":20864300.396622,"wallClock":1760219878121,"durationMs":360,"source":"console.replay","correlationId":"console-replay:mgmtgucb42ad8g8c","latencyMs":78.4677600003779,"timelineOffsetMs":8.779164001345634,"leadMs":8,"scheduleSkewMs":76.7076559998095,"schedulingMode":"timeline","audioStartHeadroomMs":-34.73799699917436,"audioStartGuard":"headroom","audioStartCompensationMs":34.73799699917436}
10-11 17:57:58.394 15336 15762 D OutputsAudio: [outputs-audio] stop gain=1.000 release=6.00
10-11 17:57:58.515 15336 15762 D OutputsAudio: [outputs-audio] start hz=700.0 gain=1.000 attack=2.50 release=6.00
10-11 17:57:58.515 15336 15762 D OutputsAudio: [outputs-audio] playMorse.symbol.start sequence=11 symbol=- expected=20864676.938 actual=20864694.181 skew=17.243 batchElapsed=3377.243
10-11 17:57:58.535 15336 15524 D OutputsAudio: [outputs-audio] symbol.info sequence=11 symbol=- timestamp=20864694.181 duration=360.000 expected=20864676.938 skew=17.243 age=19.463
10-11 17:57:58.536 15336 15524 I ReactNativeJS: [outputs] playMorse.symbol {"timestamp":20864713.879903,"wallClock":1760219878535,"symbol":"-","durationMs":360,"index":10,"source":"console.replay","correlationId":"console-replay:mgmtgupza4arqgyn","nativeTimestampMs":20864694.181,"nativeDurationMs":360,"nativeOffsetMs":19.599058996886015,"nativeSequence":11,"monotonicTimestampMs":20864694.181,"nativeExpectedTimestampMs":20864676.938,"nativeStartSkewMs":17.243,"nativeBatchElapsedMs":3377.243,"nativeExpectedSincePriorMs":480,"nativeSincePriorMs":481.041,"nativePatternStartMs":20861316.938,"nativeAgeMs":19.463}
10-11 17:57:58.537 15336 15524 I ReactNativeJS: [outputs] outputs.hapticSymbol {"timestamp":20864715.310007,"wallClock":1760219878536,"enabled":true,"symbol":"-","durationMs":360,"platform":"android","source":"console.replay","correlationId":"console-replay:mgmtgupza4arqgyn","timelineOffsetMs":19.599058996886015}
10-11 17:57:58.537 15336 15524 I ReactNativeJS: [outputs] outputs.flashPulse {"timestamp":20864715.889226,"wallClock":1760219878537,"enabled":true,"durationMs":360,"source":"console.replay","correlationId":"console-replay:mgmtgupza4arqgyn","timelineOffsetMs":19.599058996886015,"schedulingMode":"timeline","audioStartHeadroomMs":-46.938726000487804,"audioStartGuard":"headroom","audioStartCompensationMs":40}
10-11 17:57:58.609 15336 15524 I ReactNativeJS: [outputs] outputs.flashPulse.commit {"timestamp":20864788.159174,"wallClock":1760219878609,"durationMs":360,"source":"console.replay","correlationId":"console-replay:mgmtgupza4arqgyn","latencyMs":74.37005200237036,"timelineOffsetMs":19.599058996886015,"leadMs":8,"scheduleSkewMs":72.27114500105381,"schedulingMode":"timeline","audioStartHeadroomMs":-46.938726000487804,"audioStartGuard":"headroom","audioStartCompensationMs":40}
10-11 17:57:58.875 15336 15762 D OutputsAudio: [outputs-audio] stop gain=1.000 release=6.00
10-11 17:57:58.996 15336 15762 D OutputsAudio: [outputs-audio] start hz=700.0 gain=1.000 attack=2.50 release=6.00
10-11 17:57:58.996 15336 15762 D OutputsAudio: [outputs-audio] playMorse.symbol.start sequence=12 symbol=- expected=20865156.938 actual=20865175.259 skew=18.321 batchElapsed=3858.321
10-11 17:57:59.002 15336 15524 D OutputsAudio: [outputs-audio] symbol.info sequence=12 symbol=- timestamp=20865175.259 duration=360.000 expected=20865156.938 skew=18.321 age=5.424
10-11 17:57:59.003 15336 15524 I ReactNativeJS: [outputs] playMorse.symbol {"timestamp":20865180.958601,"wallClock":1760219879002,"symbol":"-","durationMs":360,"index":11,"source":"console.replay","correlationId":"console-replay:mgmtgv2y90pid2ie","nativeTimestampMs":20865175.259,"nativeDurationMs":360,"nativeOffsetMs":5.5904339998960495,"nativeSequence":12,"monotonicTimestampMs":20865175.259,"nativeExpectedTimestampMs":20865156.938,"nativeStartSkewMs":18.321,"nativeBatchElapsedMs":3858.321,"nativeExpectedSincePriorMs":480,"nativeSincePriorMs":481.078,"nativePatternStartMs":20861316.938,"nativeAgeMs":5.424}
10-11 17:57:59.004 15336 15524 I ReactNativeJS: [outputs] outputs.hapticSymbol {"timestamp":20865182.179538,"wallClock":1760219879003,"enabled":true,"symbol":"-","durationMs":360,"platform":"android","source":"console.replay","correlationId":"console-replay:mgmtgv2y90pid2ie","timelineOffsetMs":5.5904339998960495}
10-11 17:57:59.007 15336 15524 I ReactNativeJS: [outputs] outputs.flashPulse {"timestamp":20865183.854278,"wallClock":1760219879005,"enabled":true,"durationMs":360,"source":"console.replay","correlationId":"console-replay:mgmtgv2y90pid2ie","timelineOffsetMs":5.5904339998960495,"schedulingMode":"timeline","audioStartHeadroomMs":-34.8974239975214,"audioStartGuard":"headroom","audioStartCompensationMs":34.8974239975214}
10-11 17:57:59.076 15336 15524 I ReactNativeJS: [outputs] outputs.flashPulse.commit {"timestamp":20865254.776309,"wallClock":1760219879076,"durationMs":360,"source":"console.replay","correlationId":"console-replay:mgmtgv2y90pid2ie","latencyMs":73.91739600151777,"timelineOffsetMs":5.5904339998960495,"leadMs":8,"scheduleSkewMs":70.92713500186801,"schedulingMode":"timeline","audioStartHeadroomMs":-34.8974239975214,"audioStartGuard":"headroom","audioStartCompensationMs":34.8974239975214}
10-11 17:57:59.357 15336 15762 D OutputsAudio: [outputs-audio] stop gain=1.000 release=6.00
10-11 17:57:59.478 15336 15762 D OutputsAudio: [outputs-audio] start hz=700.0 gain=1.000 attack=2.50 release=6.00
10-11 17:57:59.478 15336 15762 D OutputsAudio: [outputs-audio] playMorse.symbol.start sequence=13 symbol=. expected=20865636.938 actual=20865657.113 skew=20.174 batchElapsed=4340.174
10-11 17:57:59.503 15336 15524 D OutputsAudio: [outputs-audio] symbol.info sequence=13 symbol=. timestamp=20865657.113 duration=120.000 expected=20865636.938 skew=20.174 age=24.841
10-11 17:57:59.506 15336 15524 I ReactNativeJS: [outputs] playMorse.symbol {"timestamp":20865682.156726,"wallClock":1760219879503,"symbol":".","durationMs":120,"index":12,"source":"console.replay","correlationId":"console-replay:mgmtgvgvsa6woseh","nativeTimestampMs":20865657.113,"nativeDurationMs":120,"nativeOffsetMs":24.95320499688387,"nativeSequence":13,"monotonicTimestampMs":20865657.113,"nativeExpectedTimestampMs":20865636.938,"nativeStartSkewMs":20.174,"nativeBatchElapsedMs":4340.174,"nativeExpectedSincePriorMs":480,"nativeSincePriorMs":481.853,"nativePatternStartMs":20861316.938,"nativeAgeMs":24.841}
10-11 17:57:59.507 15336 15524 I ReactNativeJS: [outputs] outputs.hapticSymbol {"timestamp":20865685.045319,"wallClock":1760219879506,"enabled":true,"symbol":".","durationMs":120,"platform":"android","source":"console.replay","correlationId":"console-replay:mgmtgvgvsa6woseh","timelineOffsetMs":24.95320499688387}
10-11 17:57:59.510 15336 15524 I ReactNativeJS: [outputs] outputs.flashPulse {"timestamp":20865688.241205,"wallClock":1760219879509,"enabled":true,"durationMs":120,"source":"console.replay","correlationId":"console-replay:mgmtgvgvsa6woseh","timelineOffsetMs":24.95320499688387,"schedulingMode":"timeline","audioStartHeadroomMs":-59.28768399730325,"audioStartGuard":"headroom","audioStartCompensationMs":40}
10-11 17:57:59.591 15336 15524 I ReactNativeJS: [outputs] outputs.flashPulse.commit {"timestamp":20865770.040319,"wallClock":1760219879591,"durationMs":120,"source":"console.replay","correlationId":"console-replay:mgmtgvgvsa6woseh","latencyMs":87.96562500298023,"timelineOffsetMs":24.95320499688387,"leadMs":8,"scheduleSkewMs":81.80359400063753,"schedulingMode":"timeline","audioStartHeadroomMs":-59.28768399730325,"audioStartGuard":"headroom","audioStartCompensationMs":40}
10-11 17:57:59.599 15336 15762 D OutputsAudio: [outputs-audio] stop gain=1.000 release=6.00
10-11 17:57:59.719 15336 15762 D OutputsAudio: [outputs-audio] start hz=700.0 gain=1.000 attack=2.50 release=6.00
10-11 17:57:59.719 15336 15762 D OutputsAudio: [outputs-audio] playMorse.symbol.start sequence=14 symbol=. expected=20865876.938 actual=20865897.933 skew=20.995 batchElapsed=4580.995
10-11 17:57:59.739 15336 15524 D OutputsAudio: [outputs-audio] symbol.info sequence=14 symbol=. timestamp=20865897.933 duration=120.000 expected=20865876.938 skew=20.995 age=19.644
10-11 17:57:59.740 15336 15524 I ReactNativeJS: [outputs] playMorse.symbol {"timestamp":20865917.985007,"wallClock":1760219879739,"symbol":".","durationMs":120,"index":13,"source":"console.replay","correlationId":"console-replay:mgmtgvnf1gliqo2n","nativeTimestampMs":20865897.933,"nativeDurationMs":120,"nativeOffsetMs":19.91237100213766,"nativeSequence":14,"monotonicTimestampMs":20865897.933,"nativeExpectedTimestampMs":20865876.938,"nativeStartSkewMs":20.995,"nativeBatchElapsedMs":4580.995,"nativeExpectedSincePriorMs":240,"nativeSincePriorMs":240.821,"nativePatternStartMs":20861316.938,"nativeAgeMs":19.644}
10-11 17:57:59.741 15336 15524 I ReactNativeJS: [outputs] outputs.hapticSymbol {"timestamp":20865919.517871,"wallClock":1760219879740,"enabled":true,"symbol":".","durationMs":120,"platform":"android","source":"console.replay","correlationId":"console-replay:mgmtgvnf1gliqo2n","timelineOffsetMs":19.91237100213766}
10-11 17:57:59.742 15336 15524 I ReactNativeJS: [outputs] outputs.flashPulse {"timestamp":20865920.783288,"wallClock":1760219879742,"enabled":true,"durationMs":120,"source":"console.replay","correlationId":"console-replay:mgmtgvnf1gliqo2n","timelineOffsetMs":19.91237100213766,"schedulingMode":"timeline","audioStartHeadroomMs":-51.82992399856448,"audioStartGuard":"headroom","audioStartCompensationMs":40}
10-11 17:57:59.815 15336 15524 I ReactNativeJS: [outputs] outputs.flashPulse.commit {"timestamp":20865992.919538,"wallClock":1760219879814,"durationMs":120,"source":"console.replay","correlationId":"console-replay:mgmtgvnf1gliqo2n","latencyMs":75.05687499791384,"timelineOffsetMs":19.91237100213766,"leadMs":8,"scheduleSkewMs":72.13140599802136,"schedulingMode":"timeline","audioStartHeadroomMs":-51.82992399856448,"audioStartGuard":"headroom","audioStartCompensationMs":40}
10-11 17:57:59.839 15336 15762 D OutputsAudio: [outputs-audio] stop gain=1.000 release=6.00
10-11 17:57:59.960 15336 15762 D OutputsAudio: [outputs-audio] start hz=700.0 gain=1.000 attack=2.50 release=6.00
10-11 17:57:59.960 15336 15762 D OutputsAudio: [outputs-audio] playMorse.symbol.start sequence=15 symbol=. expected=20866116.938 actual=20866139.483 skew=22.545 batchElapsed=4822.545
10-11 17:57:59.963 15336 15524 D OutputsAudio: [outputs-audio] symbol.info sequence=15 symbol=. timestamp=20866139.483 duration=120.000 expected=20866116.938 skew=22.545 age=2.648
10-11 17:57:59.965 15336 15524 I ReactNativeJS: [outputs] playMorse.symbol {"timestamp":20866142.505476,"wallClock":1760219879963,"symbol":".","durationMs":120,"index":14,"source":"console.replay","correlationId":"console-replay:mgmtgvtnwwn0g2wi","nativeTimestampMs":20866139.483,"nativeDurationMs":120,"nativeOffsetMs":2.8813819997012615,"nativeSequence":15,"monotonicTimestampMs":20866139.483,"nativeExpectedTimestampMs":20866116.938,"nativeStartSkewMs":22.545,"nativeBatchElapsedMs":4822.545,"nativeExpectedSincePriorMs":240,"nativeSincePriorMs":241.55,"nativePatternStartMs":20861316.938,"nativeAgeMs":2.648}
10-11 17:57:59.966 15336 15524 I ReactNativeJS: [outputs] outputs.hapticSymbol {"timestamp":20866144.133132,"wallClock":1760219879965,"enabled":true,"symbol":".","durationMs":120,"platform":"android","source":"console.replay","correlationId":"console-replay:mgmtgvtnwwn0g2wi","timelineOffsetMs":2.8813819997012615}
10-11 17:57:59.967 15336 15524 I ReactNativeJS: [outputs] outputs.flashPulse {"timestamp":20866145.168496,"wallClock":1760219879966,"enabled":true,"durationMs":120,"source":"console.replay","correlationId":"console-replay:mgmtgvtnwwn0g2wi","timelineOffsetMs":2.8813819997012615,"schedulingMode":"timeline","audioStartHeadroomMs":-36.215236000716686,"audioStartGuard":"headroom","audioStartCompensationMs":36.215236000716686}
10-11 17:58:00.054 15336 15524 I ReactNativeJS: [outputs] outputs.flashPulse.commit {"timestamp":20866230.708028,"wallClock":1760219880052,"durationMs":120,"source":"console.replay","correlationId":"console-replay:mgmtgvtnwwn0g2wi","latencyMs":88.3346870020032,"timelineOffsetMs":2.8813819997012615,"leadMs":8,"scheduleSkewMs":85.54317700117826,"schedulingMode":"timeline","audioStartHeadroomMs":-36.215236000716686,"audioStartGuard":"headroom","audioStartCompensationMs":36.215236000716686}
10-11 17:58:00.080 15336 15762 D OutputsAudio: [outputs-audio] stop gain=1.000 release=6.00
10-11 17:58:00.201 15336 15762 D OutputsAudio: [outputs-audio] start hz=700.0 gain=1.000 attack=2.50 release=6.00
10-11 17:58:00.202 15336 15762 D OutputsAudio: [outputs-audio] playMorse.symbol.start sequence=16 symbol=- expected=20866356.938 actual=20866380.796 skew=23.858 batchElapsed=5063.858
10-11 17:58:00.221 15336 15524 D OutputsAudio: [outputs-audio] symbol.info sequence=16 symbol=- timestamp=20866380.796 duration=360.000 expected=20866356.938 skew=23.858 age=18.899
10-11 17:58:00.224 15336 15524 I ReactNativeJS: [outputs] playMorse.symbol {"timestamp":20866400.084121,"wallClock":1760219880221,"symbol":"-","durationMs":360,"index":15,"source":"console.replay","correlationId":"console-replay:mgmtgw0tl0m0evgj","nativeTimestampMs":20866380.796,"nativeDurationMs":360,"nativeOffsetMs":19.085204999893904,"nativeSequence":16,"monotonicTimestampMs":20866380.796,"nativeExpectedTimestampMs":20866356.938,"nativeStartSkewMs":23.858,"nativeBatchElapsedMs":5063.858,"nativeExpectedSincePriorMs":240,"nativeSincePriorMs":241.313,"nativePatternStartMs":20861316.938,"nativeAgeMs":18.899}
10-11 17:58:00.226 15336 15524 I ReactNativeJS: [outputs] outputs.hapticSymbol {"timestamp":20866403.564955,"wallClock":1760219880224,"enabled":true,"symbol":"-","durationMs":360,"platform":"android","source":"console.replay","correlationId":"console-replay:mgmtgw0tl0m0evgj","timelineOffsetMs":19.085204999893904}
10-11 17:58:00.226 15336 15524 I ReactNativeJS: [outputs] outputs.flashPulse {"timestamp":20866405.1511,"wallClock":1760219880226,"enabled":true,"durationMs":360,"source":"console.replay","correlationId":"console-replay:mgmtgw0tl0m0evgj","timelineOffsetMs":19.085204999893904,"schedulingMode":"timeline","audioStartHeadroomMs":-56.19575699791312,"audioStartGuard":"headroom","audioStartCompensationMs":40}
10-11 17:58:00.303 15336 15524 I ReactNativeJS: [outputs] outputs.flashPulse.commit {"timestamp":20866481.762402,"wallClock":1760219880303,"durationMs":360,"source":"console.replay","correlationId":"console-replay:mgmtgw0tl0m0evgj","latencyMs":81.87328099831939,"timelineOffsetMs":19.085204999893904,"leadMs":8,"scheduleSkewMs":76.61729199811816,"schedulingMode":"timeline","audioStartHeadroomMs":-56.19575699791312,"audioStartGuard":"headroom","audioStartCompensationMs":40}
10-11 17:58:00.562 15336 15762 D OutputsAudio: [outputs-audio] stop gain=1.000 release=6.00
10-11 17:58:00.683 15336 15762 D OutputsAudio: [outputs-audio] start hz=700.0 gain=1.000 attack=2.50 release=6.00
10-11 17:58:00.684 15336 15762 D OutputsAudio: [outputs-audio] playMorse.symbol.start sequence=17 symbol=- expected=20866836.938 actual=20866862.733 skew=25.794 batchElapsed=5545.794
10-11 17:58:00.697 15336 15524 D OutputsAudio: [outputs-audio] symbol.info sequence=17 symbol=- timestamp=20866862.733 duration=360.000 expected=20866836.938 skew=25.794 age=13.230
10-11 17:58:00.698 15336 15524 I ReactNativeJS: [outputs] playMorse.symbol {"timestamp":20866876.203652,"wallClock":1760219880697,"symbol":"-","durationMs":360,"index":16,"source":"console.replay","correlationId":"console-replay:mgmtgwe17zoh5pvx","nativeTimestampMs":20866862.733,"nativeDurationMs":360,"nativeOffsetMs":13.402318999171257,"nativeSequence":17,"monotonicTimestampMs":20866862.733,"nativeExpectedTimestampMs":20866836.938,"nativeStartSkewMs":25.794,"nativeBatchElapsedMs":5545.794,"nativeExpectedSincePriorMs":480,"nativeSincePriorMs":481.936,"nativePatternStartMs":20861316.938,"nativeAgeMs":13.23}
10-11 17:58:00.698 15336 15524 I ReactNativeJS: [outputs] outputs.hapticSymbol {"timestamp":20866876.810371,"wallClock":1760219880698,"enabled":true,"symbol":"-","durationMs":360,"platform":"android","source":"console.replay","correlationId":"console-replay:mgmtgwe17zoh5pvx","timelineOffsetMs":13.402318999171257}
10-11 17:58:00.698 15336 15524 I ReactNativeJS: [outputs] outputs.flashPulse {"timestamp":20866877.314642,"wallClock":1760219880698,"enabled":true,"durationMs":360,"source":"console.replay","correlationId":"console-replay:mgmtgwe17zoh5pvx","timelineOffsetMs":13.402318999171257,"schedulingMode":"timeline","audioStartHeadroomMs":-48.36763199791312,"audioStartGuard":"headroom","audioStartCompensationMs":40}
10-11 17:58:00.761 15336 15524 I ReactNativeJS: [outputs] outputs.flashPulse.commit {"timestamp":20866939.707923,"wallClock":1760219880761,"durationMs":360,"source":"console.replay","correlationId":"console-replay:mgmtgwe17zoh5pvx","latencyMs":63.56463500112295,"timelineOffsetMs":13.402318999171257,"leadMs":8,"scheduleSkewMs":62.39276000112295,"schedulingMode":"timeline","audioStartHeadroomMs":-48.36763199791312,"audioStartGuard":"headroom","audioStartCompensationMs":40}
10-11 17:58:01.044 15336 15762 D OutputsAudio: [outputs-audio] stop gain=1.000 release=6.00
10-11 17:58:01.165 15336 15762 D OutputsAudio: [outputs-audio] start hz=700.0 gain=1.000 attack=2.50 release=6.00
10-11 17:58:01.165 15336 15762 D OutputsAudio: [outputs-audio] playMorse.symbol.start sequence=18 symbol=- expected=20867316.938 actual=20867343.849 skew=26.911 batchElapsed=6026.911
10-11 17:58:01.191 15336 15524 D OutputsAudio: [outputs-audio] symbol.info sequence=18 symbol=- timestamp=20867343.849 duration=360.000 expected=20867316.938 skew=26.911 age=25.713
10-11 17:58:01.195 15336 15524 I ReactNativeJS: [outputs] playMorse.symbol {"timestamp":20867369.928652,"wallClock":1760219881191,"symbol":"-","durationMs":360,"index":17,"source":"console.replay","correlationId":"console-replay:mgmtgwrr292lap9g","nativeTimestampMs":20867343.849,"nativeDurationMs":360,"nativeOffsetMs":25.940590001642704,"nativeSequence":18,"monotonicTimestampMs":20867343.849,"nativeExpectedTimestampMs":20867316.938,"nativeStartSkewMs":26.911,"nativeBatchElapsedMs":6026.911,"nativeExpectedSincePriorMs":480,"nativeSincePriorMs":481.117,"nativePatternStartMs":20861316.938,"nativeAgeMs":25.713}
10-11 17:58:01.197 15336 15524 I ReactNativeJS: [outputs] outputs.hapticSymbol {"timestamp":20867374.718756,"wallClock":1760219881196,"enabled":true,"symbol":"-","durationMs":360,"platform":"android","source":"console.replay","correlationId":"console-replay:mgmtgwrr292lap9g","timelineOffsetMs":25.940590001642704}
10-11 17:58:01.198 15336 15524 I ReactNativeJS: [outputs] outputs.flashPulse {"timestamp":20867376.943704,"wallClock":1760219881198,"enabled":true,"durationMs":360,"source":"console.replay","correlationId":"console-replay:mgmtgwrr292lap9g","timelineOffsetMs":25.940590001642704,"schedulingMode":"timeline","audioStartHeadroomMs":-67.99341299757361,"audioStartGuard":"headroom","audioStartCompensationMs":40}
10-11 17:58:01.268 15336 15524 I ReactNativeJS: [outputs] outputs.flashPulse.commit {"timestamp":20867447.025319,"wallClock":1760219881268,"durationMs":360,"source":"console.replay","correlationId":"console-replay:mgmtgwrr292lap9g","latencyMs":77.22775999829173,"timelineOffsetMs":25.940590001642704,"leadMs":8,"scheduleSkewMs":70.08359399810433,"schedulingMode":"timeline","audioStartHeadroomMs":-67.99341299757361,"audioStartGuard":"headroom","audioStartCompensationMs":40}
10-11 17:58:01.526 15336 15762 D OutputsAudio: [outputs-audio] stop gain=1.000 release=6.00
10-11 17:58:01.647 15336 15762 D OutputsAudio: [outputs-audio] start hz=700.0 gain=1.000 attack=2.50 release=6.00
10-11 17:58:01.647 15336 15762 D OutputsAudio: [outputs-audio] playMorse.symbol.start sequence=19 symbol=. expected=20867796.938 actual=20867826.001 skew=29.063 batchElapsed=6509.063
10-11 17:58:01.675 15336 15524 D OutputsAudio: [outputs-audio] symbol.info sequence=19 symbol=. timestamp=20867826.001 duration=120.000 expected=20867796.938 skew=29.063 age=27.540
10-11 17:58:01.676 15336 15524 I ReactNativeJS: [outputs] playMorse.symbol {"timestamp":20867853.881829,"wallClock":1760219881675,"symbol":".","durationMs":120,"index":18,"source":"console.replay","correlationId":"console-replay:mgmtgx57yylbb6ei","nativeTimestampMs":20867826.001,"nativeDurationMs":120,"nativeOffsetMs":27.753173001110554,"nativeSequence":19,"monotonicTimestampMs":20867826.001,"nativeExpectedTimestampMs":20867796.938,"nativeStartSkewMs":29.063,"nativeBatchElapsedMs":6509.063,"nativeExpectedSincePriorMs":480,"nativeSincePriorMs":482.152,"nativePatternStartMs":20861316.938,"nativeAgeMs":27.54}
10-11 17:58:01.677 15336 15524 I ReactNativeJS: [outputs] outputs.hapticSymbol {"timestamp":20867855.281569,"wallClock":1760219881676,"enabled":true,"symbol":".","durationMs":120,"platform":"android","source":"console.replay","correlationId":"console-replay:mgmtgx57yylbb6ei","timelineOffsetMs":27.753173001110554}
10-11 17:58:01.678 15336 15524 I ReactNativeJS: [outputs] outputs.flashPulse {"timestamp":20867856.6736,"wallClock":1760219881678,"enabled":true,"durationMs":120,"source":"console.replay","correlationId":"console-replay:mgmtgx57yylbb6ei","timelineOffsetMs":27.753173001110554,"schedulingMode":"timeline","audioStartHeadroomMs":-67.71992300078273,"audioStartGuard":"headroom","audioStartCompensationMs":40}
10-11 17:58:01.760 15336 15524 I ReactNativeJS: [outputs] outputs.flashPulse.commit {"timestamp":20867938.311152,"wallClock":1760219881759,"durationMs":120,"source":"console.replay","correlationId":"console-replay:mgmtgx57yylbb6ei","latencyMs":84.5486459992826,"timelineOffsetMs":27.753173001110554,"leadMs":8,"scheduleSkewMs":81.64229200035334,"schedulingMode":"timeline","audioStartHeadroomMs":-67.71992300078273,"audioStartGuard":"headroom","audioStartCompensationMs":40}
10-11 17:58:01.767 15336 15762 D OutputsAudio: [outputs-audio] stop gain=1.000 release=6.00
10-11 17:58:01.888 15336 15762 D OutputsAudio: [outputs-audio] start hz=700.0 gain=1.000 attack=2.50 release=6.00
10-11 17:58:01.888 15336 15762 D OutputsAudio: [outputs-audio] playMorse.symbol.start sequence=20 symbol=. expected=20868036.938 actual=20868066.964 skew=30.025 batchElapsed=6750.025
10-11 17:58:01.899 15336 15524 D OutputsAudio: [outputs-audio] symbol.info sequence=20 symbol=. timestamp=20868066.964 duration=120.000 expected=20868036.938 skew=30.025 age=11.361
10-11 17:58:01.900 15336 15524 I ReactNativeJS: [outputs] playMorse.symbol {"timestamp":20868078.554433,"wallClock":1760219881899,"symbol":".","durationMs":120,"index":19,"source":"console.replay","correlationId":"console-replay:mgmtgxbfe4vflhh3","nativeTimestampMs":20868066.964,"nativeDurationMs":120,"nativeOffsetMs":11.502515997737646,"nativeSequence":20,"monotonicTimestampMs":20868066.964,"nativeExpectedTimestampMs":20868036.938,"nativeStartSkewMs":30.025,"nativeBatchElapsedMs":6750.025,"nativeExpectedSincePriorMs":240,"nativeSincePriorMs":240.962,"nativePatternStartMs":20861316.938,"nativeAgeMs":11.361}
10-11 17:58:01.901 15336 15524 I ReactNativeJS: [outputs] outputs.hapticSymbol {"timestamp":20868079.469954,"wallClock":1760219881900,"enabled":true,"symbol":".","durationMs":120,"platform":"android","source":"console.replay","correlationId":"console-replay:mgmtgxbfe4vflhh3","timelineOffsetMs":11.502515997737646}
10-11 17:58:01.902 15336 15524 I ReactNativeJS: [outputs] outputs.flashPulse {"timestamp":20868080.33136,"wallClock":1760219881901,"enabled":true,"durationMs":120,"source":"console.replay","correlationId":"console-replay:mgmtgxbfe4vflhh3","timelineOffsetMs":11.502515997737646,"schedulingMode":"timeline","audioStartHeadroomMs":-51.38169400021434,"audioStartGuard":"headroom","audioStartCompensationMs":40}
10-11 17:58:01.973 15336 15524 I ReactNativeJS: [outputs] outputs.flashPulse.commit {"timestamp":20868152.063235,"wallClock":1760219881973,"durationMs":120,"source":"console.replay","correlationId":"console-replay:mgmtgxbfe4vflhh3","latencyMs":73.58802099898458,"timelineOffsetMs":11.502515997737646,"leadMs":8,"scheduleSkewMs":71.73255199939013,"schedulingMode":"timeline","audioStartHeadroomMs":-51.38169400021434,"audioStartGuard":"headroom","audioStartCompensationMs":40}
10-11 17:58:02.009 15336 15762 D OutputsAudio: [outputs-audio] stop gain=1.000 release=6.00
10-11 17:58:02.130 15336 15762 D OutputsAudio: [outputs-audio] start hz=700.0 gain=1.000 attack=2.50 release=6.00
10-11 17:58:02.130 15336 15762 D OutputsAudio: [outputs-audio] playMorse.symbol.start sequence=21 symbol=. expected=20868276.938 actual=20868309.284 skew=32.345 batchElapsed=6992.345
10-11 17:58:02.152 15336 15524 D OutputsAudio: [outputs-audio] symbol.info sequence=21 symbol=. timestamp=20868309.284 duration=120.000 expected=20868276.938 skew=32.345 age=21.337
10-11 17:58:02.155 15336 15524 I ReactNativeJS: [outputs] playMorse.symbol {"timestamp":20868330.957506,"wallClock":1760219882152,"symbol":".","durationMs":120,"index":20,"source":"console.replay","correlationId":"console-replay:mgmtgxigmv6te0pf","nativeTimestampMs":20868309.284,"nativeDurationMs":120,"nativeOffsetMs":21.539859998971224,"nativeSequence":21,"monotonicTimestampMs":20868309.284,"nativeExpectedTimestampMs":20868276.938,"nativeStartSkewMs":32.345,"nativeBatchElapsedMs":6992.345,"nativeExpectedSincePriorMs":240,"nativeSincePriorMs":242.32,"nativePatternStartMs":20861316.938,"nativeAgeMs":21.337}
10-11 17:58:02.158 15336 15524 I ReactNativeJS: [outputs] outputs.hapticSymbol {"timestamp":20868334.677558,"wallClock":1760219882156,"enabled":true,"symbol":".","durationMs":120,"platform":"android","source":"console.replay","correlationId":"console-replay:mgmtgxigmv6te0pf","timelineOffsetMs":21.539859998971224}
