10-11 15:02:45.844 21612 21675 I ReactNativeJS: [outputs] playMorse.symbol {"timestamp":10389364.795201,"wallClock":1760209365843,"symbol":".","durationMs":40,"index":12,"source":"console.replay","correlationId":"console-replay:mgmn7j2r6g8ipdgg","nativeTimestampMs":10389356.264,"nativeDurationMs":40,"nativeOffsetMs":8.47474299930036,"nativeSequence":13,"monotonicTimestampMs":10389356.264}
10-11 15:02:45.844 21612 21675 I ReactNativeJS: [outputs] outputs.hapticSymbol {"timestamp":10389365.34166,"wallClock":1760209365844,"enabled":true,"symbol":".","durationMs":40,"platform":"android","source":"console.replay","correlationId":"console-replay:mgmn7j2r6g8ipdgg","timelineOffsetMs":8.47474299930036}
10-11 15:02:45.845 21612 21675 I ReactNativeJS: [outputs] outputs.flashPulse {"timestamp":10389366.118899,"wallClock":1760209365844,"enabled":true,"durationMs":40,"source":"console.replay","correlationId":"console-replay:mgmn7j2r6g8ipdgg","timelineOffsetMs":8.47474299930036}
10-11 15:02:45.875 21612 26560 D OutputsAudio: [outputs-audio] stop gain=1.000 release=6.00
10-11 15:02:45.901 21612 21675 I ReactNativeJS: [outputs] outputs.flashPulse.commit {"timestamp":10389422.235253,"wallClock":1760209365901,"durationMs":40,"source":"console.replay","correlationId":"console-replay:mgmn7j2r6g8ipdgg","latencyMs":57.49135399982333,"timelineOffsetMs":8.47474299930036}
10-11 15:02:45.916 21612 26560 D OutputsAudio: [outputs-audio] start hz=700.0 gain=1.000 attack=2.50 release=6.00
10-11 15:02:45.947 21612 21675 D OutputsAudio: [outputs-audio] symbol.info sequence=14 symbol=. timestamp=10389437.702 duration=40.000
10-11 15:02:45.948 21612 21675 I ReactNativeJS: [outputs] playMorse.symbol {"timestamp":10389468.818847,"wallClock":1760209365947,"symbol":".","durationMs":40,"index":13,"source":"console.replay","correlationId":"console-replay:mgmn7j5n1ciaw81q","nativeTimestampMs":10389437.702,"nativeDurationMs":40,"nativeOffsetMs":31.065961999818683,"nativeSequence":14,"monotonicTimestampMs":10389437.702}
10-11 15:02:45.948 21612 21675 I ReactNativeJS: [outputs] outputs.hapticSymbol {"timestamp":10389469.298847,"wallClock":1760209365948,"enabled":true,"symbol":".","durationMs":40,"platform":"android","source":"console.replay","correlationId":"console-replay:mgmn7j5n1ciaw81q","timelineOffsetMs":31.065961999818683}
10-11 15:02:45.949 21612 21675 I ReactNativeJS: [outputs] outputs.flashPulse {"timestamp":10389470.00468,"wallClock":1760209365948,"enabled":true,"durationMs":40,"source":"console.replay","correlationId":"console-replay:mgmn7j5n1ciaw81q","timelineOffsetMs":31.065961999818683}
10-11 15:02:45.957 21612 26560 D OutputsAudio: [outputs-audio] stop gain=1.000 release=6.00
10-11 15:02:45.998 21612 26560 D OutputsAudio: [outputs-audio] start hz=700.0 gain=1.000 attack=2.50 release=6.00
10-11 15:02:46.005 21612 21675 I ReactNativeJS: [outputs] outputs.flashPulse.commit {"timestamp":10389526.302024,"wallClock":1760209366005,"durationMs":40,"source":"console.replay","correlationId":"console-replay:mgmn7j5n1ciaw81q","latencyMs":57.52989500015974,"timelineOffsetMs":31.065961999818683}
10-11 15:02:46.039 21612 26560 D OutputsAudio: [outputs-audio] stop gain=1.000 release=6.00
10-11 15:02:46.054 21612 21675 D OutputsAudio: [outputs-audio] symbol.info sequence=15 symbol=. timestamp=10389519.288 duration=40.000
10-11 15:02:46.055 21612 21675 I ReactNativeJS: [outputs] playMorse.symbol {"timestamp":10389575.988691,"wallClock":1760209366054,"symbol":".","durationMs":40,"index":14,"source":"console.replay","correlationId":"console-replay:mgmn7j8mnqb9it4h","nativeTimestampMs":10389519.288,"nativeDurationMs":40,"nativeOffsetMs":56.64964899979532,"nativeSequence":15,"monotonicTimestampMs":10389519.288}
10-11 15:02:46.055 21612 21675 I ReactNativeJS: [outputs] outputs.hapticSymbol {"timestamp":10389576.533847,"wallClock":1760209366055,"enabled":true,"symbol":".","durationMs":40,"platform":"android","source":"console.replay","correlationId":"console-replay:mgmn7j8mnqb9it4h","timelineOffsetMs":56.64964899979532}
10-11 15:02:46.056 21612 21675 I ReactNativeJS: [outputs] outputs.flashPulse {"timestamp":10389577.276868,"wallClock":1760209366056,"enabled":true,"durationMs":40,"source":"console.replay","correlationId":"console-replay:mgmn7j8mnqb9it4h","timelineOffsetMs":56.64964899979532}
10-11 15:02:46.079 21612 26560 D OutputsAudio: [outputs-audio] start hz=700.0 gain=1.000 attack=2.50 release=6.00
10-11 15:02:46.111 21612 21675 I ReactNativeJS: [outputs] outputs.flashPulse.commit {"timestamp":10389632.705774,"wallClock":1760209366111,"durationMs":40,"source":"console.replay","correlationId":"console-replay:mgmn7j8mnqb9it4h","latencyMs":56.76369800046086,"timelineOffsetMs":56.64964899979532}
10-11 15:02:46.160 21612 21675 D OutputsAudio: [outputs-audio] symbol.info sequence=16 symbol=- timestamp=10389601.069 duration=120.000
10-11 15:02:46.161 21612 21675 I ReactNativeJS: [outputs] playMorse.symbol {"timestamp":10389681.916034,"wallClock":1760209366160,"symbol":"-","durationMs":120,"index":15,"source":"console.replay","correlationId":"console-replay:mgmn7jbk2db1lyx3","nativeTimestampMs":10389601.069,"nativeDurationMs":120,"nativeOffsetMs":80.79875300079584,"nativeSequence":16,"monotonicTimestampMs":10389601.069}
10-11 15:02:46.161 21612 21675 I ReactNativeJS: [outputs] playMorse.nativeOffset.spike {"timestamp":10389682.367909,"wallClock":1760209366161,"source":"console.replay","offsetMs":80.79875300079584,"sequence":16,"unitMs":40,"correlationId":"console-replay:mgmn7jbk2db1lyx3"}
10-11 15:02:46.161 21612 21675 I ReactNativeJS: [outputs] outputs.hapticSymbol {"timestamp":10389682.670045,"wallClock":1760209366161,"enabled":true,"symbol":"-","durationMs":120,"platform":"android","source":"console.replay","correlationId":"console-replay:mgmn7jbk2db1lyx3","timelineOffsetMs":80.79875300079584}
10-11 15:02:46.162 21612 21675 I ReactNativeJS: [outputs] outputs.flashPulse {"timestamp":10389683.367024,"wallClock":1760209366162,"enabled":true,"durationMs":120,"source":"console.replay","correlationId":"console-replay:mgmn7jbk2db1lyx3","timelineOffsetMs":80.79875300079584}
10-11 15:02:46.200 21612 26560 D OutputsAudio: [outputs-audio] stop gain=1.000 release=6.00
10-11 15:02:46.213 21612 21675 I ReactNativeJS: [outputs] outputs.flashPulse.commit {"timestamp":10389734.635097,"wallClock":1760209366213,"durationMs":120,"source":"console.replay","correlationId":"console-replay:mgmn7jbk2db1lyx3","latencyMs":52.763072999194264,"timelineOffsetMs":80.79875300079584}
10-11 15:02:46.241 21612 26560 D OutputsAudio: [outputs-audio] start hz=700.0 gain=1.000 attack=2.50 release=6.00
10-11 15:02:46.263 21612 21675 D OutputsAudio: [outputs-audio] symbol.info sequence=17 symbol=- timestamp=10389762.856 duration=120.000
10-11 15:02:46.263 21612 21675 I ReactNativeJS: [outputs] playMorse.symbol {"timestamp":10389784.569941,"wallClock":1760209366263,"symbol":"-","durationMs":120,"index":16,"source":"console.replay","correlationId":"console-replay:mgmn7jef3pz01kn9","nativeTimestampMs":10389762.856,"nativeDurationMs":120,"nativeOffsetMs":21.664462000131607,"nativeSequence":17,"monotonicTimestampMs":10389762.856}
10-11 15:02:46.264 21612 21675 I ReactNativeJS: [outputs] outputs.hapticSymbol {"timestamp":10389785.058014,"wallClock":1760209366263,"enabled":true,"symbol":"-","durationMs":120,"platform":"android","source":"console.replay","correlationId":"console-replay:mgmn7jef3pz01kn9","timelineOffsetMs":21.664462000131607}
10-11 15:02:46.264 21612 21675 I ReactNativeJS: [outputs] outputs.flashPulse {"timestamp":10389785.780149,"wallClock":1760209366264,"enabled":true,"durationMs":120,"source":"console.replay","correlationId":"console-replay:mgmn7jef3pz01kn9","timelineOffsetMs":21.664462000131607}
10-11 15:02:46.328 21612 21675 I ReactNativeJS: [outputs] outputs.flashPulse.commit {"timestamp":10389849.439784,"wallClock":1760209366328,"durationMs":120,"source":"console.replay","correlationId":"console-replay:mgmn7jef3pz01kn9","latencyMs":64.91489499993622,"timelineOffsetMs":21.664462000131607}
10-11 15:02:46.362 21612 26560 D OutputsAudio: [outputs-audio] stop gain=1.000 release=6.00
10-11 15:02:46.403 21612 26560 D OutputsAudio: [outputs-audio] start hz=700.0 gain=1.000 attack=2.50 release=6.00
10-11 15:02:46.417 21612 21675 D OutputsAudio: [outputs-audio] symbol.info sequence=18 symbol=- timestamp=10389924.631 duration=120.000
10-11 15:02:46.419 21612 21675 I ReactNativeJS: [outputs] playMorse.symbol {"timestamp":10389939.274732,"wallClock":1760209366418,"symbol":"-","durationMs":120,"index":17,"source":"console.replay","correlationId":"console-replay:mgmn7jiqktjgnucy","nativeTimestampMs":10389924.631,"nativeDurationMs":120,"nativeOffsetMs":14.544774001464248,"nativeSequence":18,"monotonicTimestampMs":10389924.631}
10-11 15:02:46.419 21612 21675 I ReactNativeJS: [outputs] outputs.hapticSymbol {"timestamp":10389940.282389,"wallClock":1760209366419,"enabled":true,"symbol":"-","durationMs":120,"platform":"android","source":"console.replay","correlationId":"console-replay:mgmn7jiqktjgnucy","timelineOffsetMs":14.544774001464248}
10-11 15:02:46.420 21612 21675 I ReactNativeJS: [outputs] outputs.flashPulse {"timestamp":10389941.580461,"wallClock":1760209366420,"enabled":true,"durationMs":120,"source":"console.replay","correlationId":"console-replay:mgmn7jiqktjgnucy","timelineOffsetMs":14.544774001464248}
10-11 15:02:46.478 21612 21675 I ReactNativeJS: [outputs] outputs.flashPulse.commit {"timestamp":10389999.577753,"wallClock":1760209366478,"durationMs":120,"source":"console.replay","correlationId":"console-replay:mgmn7jiqktjgnucy","latencyMs":60.39786499924958,"timelineOffsetMs":14.544774001464248}
10-11 15:02:46.524 21612 26560 D OutputsAudio: [outputs-audio] stop gain=1.000 release=6.00
10-11 15:02:46.565 21612 26560 D OutputsAudio: [outputs-audio] start hz=700.0 gain=1.000 attack=2.50 release=6.00
10-11 15:02:46.575 21612 21675 D OutputsAudio: [outputs-audio] symbol.info sequence=19 symbol=. timestamp=10390086.229 duration=40.000
10-11 15:02:46.576 21612 21675 I ReactNativeJS: [outputs] playMorse.symbol {"timestamp":10390097.255097,"wallClock":1760209366576,"symbol":".","durationMs":40,"index":18,"source":"console.replay","correlationId":"console-replay:mgmn7jn43w1uggz7","nativeTimestampMs":10390086.229,"nativeDurationMs":40,"nativeOffsetMs":10.95682599954307,"nativeSequence":19,"monotonicTimestampMs":10390086.229}
10-11 15:02:46.577 21612 21675 I ReactNativeJS: [outputs] outputs.hapticSymbol {"timestamp":10390097.910305,"wallClock":1760209366576,"enabled":true,"symbol":".","durationMs":40,"platform":"android","source":"console.replay","correlationId":"console-replay:mgmn7jn43w1uggz7","timelineOffsetMs":10.95682599954307}
10-11 15:02:46.578 21612 21675 I ReactNativeJS: [outputs] outputs.flashPulse {"timestamp":10390099.268795,"wallClock":1760209366578,"enabled":true,"durationMs":40,"source":"console.replay","correlationId":"console-replay:mgmn7jn43w1uggz7","timelineOffsetMs":10.95682599954307}
10-11 15:02:46.605 21612 26560 D OutputsAudio: [outputs-audio] stop gain=1.000 release=6.00
10-11 15:02:46.639 21612 21675 I ReactNativeJS: [outputs] outputs.flashPulse.commit {"timestamp":10390159.838274,"wallClock":1760209366638,"durationMs":40,"source":"console.replay","correlationId":"console-replay:mgmn7jn43w1uggz7","latencyMs":62.648490000516176,"timelineOffsetMs":10.95682599954307}
10-11 15:02:46.646 21612 26560 D OutputsAudio: [outputs-audio] start hz=700.0 gain=1.000 attack=2.50 release=6.00
10-11 15:02:46.685 21612 21675 D OutputsAudio: [outputs-audio] symbol.info sequence=20 symbol=. timestamp=10390167.312 duration=40.000
10-11 15:02:46.685 21612 21675 I ReactNativeJS: [outputs] playMorse.symbol {"timestamp":10390206.449472,"wallClock":1760209366685,"symbol":".","durationMs":40,"index":19,"source":"console.replay","correlationId":"console-replay:mgmn7jq5df91offj","nativeTimestampMs":10390167.312,"nativeDurationMs":40,"nativeOffsetMs":39.09017999842763,"nativeSequence":20,"monotonicTimestampMs":10390167.312}
10-11 15:02:46.686 21612 21675 I ReactNativeJS: [outputs] outputs.hapticSymbol {"timestamp":10390206.94817,"wallClock":1760209366685,"enabled":true,"symbol":".","durationMs":40,"platform":"android","source":"console.replay","correlationId":"console-replay:mgmn7jq5df91offj","timelineOffsetMs":39.09017999842763}
10-11 15:02:46.686 21612 26560 D OutputsAudio: [outputs-audio] stop gain=1.000 release=6.00
10-11 15:02:46.686 21612 21675 I ReactNativeJS: [outputs] outputs.flashPulse {"timestamp":10390207.734836,"wallClock":1760209366686,"enabled":true,"durationMs":40,"source":"console.replay","correlationId":"console-replay:mgmn7jq5df91offj","timelineOffsetMs":39.09017999842763}
10-11 15:02:46.727 21612 26560 D OutputsAudio: [outputs-audio] start hz=700.0 gain=1.000 attack=2.50 release=6.00
10-11 15:02:46.737 21612 21675 I ReactNativeJS: [outputs] outputs.flashPulse.commit {"timestamp":10390258.184524,"wallClock":1760209366737,"durationMs":40,"source":"console.replay","correlationId":"console-replay:mgmn7jq5df91offj","latencyMs":51.77932300046086,"timelineOffsetMs":39.09017999842763}
10-11 15:02:46.767 21612 26560 D OutputsAudio: [outputs-audio] stop gain=1.000 release=6.00
10-11 15:02:46.781 21612 21675 D OutputsAudio: [outputs-audio] symbol.info sequence=21 symbol=. timestamp=10390248.298 duration=40.000
10-11 15:02:46.782 21612 21675 I ReactNativeJS: [outputs] playMorse.symbol {"timestamp":10390303.111138,"wallClock":1760209366781,"symbol":".","durationMs":40,"index":20,"source":"console.replay","correlationId":"console-replay:mgmn7jstscum9mnr","nativeTimestampMs":10390248.298,"nativeDurationMs":40,"nativeOffsetMs":54.76522199995816,"nativeSequence":21,"monotonicTimestampMs":10390248.298}
10-11 15:02:46.782 21612 21675 I ReactNativeJS: [outputs] outputs.hapticSymbol {"timestamp":10390303.524003,"wallClock":1760209366782,"enabled":true,"symbol":".","durationMs":40,"platform":"android","source":"console.replay","correlationId":"console-replay:mgmn7jstscum9mnr","timelineOffsetMs":54.76522199995816}
10-11 15:02:46.783 21612 21675 I ReactNativeJS: [outputs] outputs.flashPulse {"timestamp":10390304.317024,"wallClock":1760209366783,"enabled":true,"durationMs":40,"source":"console.replay","correlationId":"console-replay:mgmn7jstscum9mnr","timelineOffsetMs":54.76522199995816}
10-11 15:02:46.808 21612 26560 D OutputsAudio: [outputs-audio] start hz=700.0 gain=1.000 attack=2.50 release=6.00
10-11 15:02:46.839 21612 21675 I ReactNativeJS: [outputs] outputs.flashPulse.commit {"timestamp":10390360.480357,"wallClock":1760209366839,"durationMs":40,"source":"console.replay","correlationId":"console-replay:mgmn7jstscum9mnr","latencyMs":57.41291599906981,"timelineOffsetMs":54.76522199995816}
10-11 15:02:46.888 21612 21675 D OutputsAudio: [outputs-audio] symbol.info sequence=22 symbol=- timestamp=10390329.575 duration=120.000
10-11 15:02:46.889 21612 21675 I ReactNativeJS: [outputs] playMorse.symbol {"timestamp":10390409.761659,"wallClock":1760209366888,"symbol":"-","durationMs":120,"index":21,"source":"console.replay","correlationId":"console-replay:mgmn7jvslk4jg6h4","nativeTimestampMs":10390329.575,"nativeDurationMs":120,"nativeOffsetMs":80.1369200013578,"nativeSequence":22,"monotonicTimestampMs":10390329.575}
10-11 15:02:46.889 21612 21675 I ReactNativeJS: [outputs] playMorse.nativeOffset.spike {"timestamp":10390410.20343,"wallClock":1760209366889,"source":"console.replay","offsetMs":80.1369200013578,"sequence":22,"unitMs":40,"correlationId":"console-replay:mgmn7jvslk4jg6h4"}
10-11 15:02:46.889 21612 21675 I ReactNativeJS: [outputs] outputs.hapticSymbol {"timestamp":10390410.50343,"wallClock":1760209366889,"enabled":true,"symbol":"-","durationMs":120,"platform":"android","source":"console.replay","correlationId":"console-replay:mgmn7jvslk4jg6h4","timelineOffsetMs":80.1369200013578}
10-11 15:02:46.890 21612 21675 I ReactNativeJS: [outputs] outputs.flashPulse {"timestamp":10390411.185357,"wallClock":1760209366890,"enabled":true,"durationMs":120,"source":"console.replay","correlationId":"console-replay:mgmn7jvslk4jg6h4","timelineOffsetMs":80.1369200013578}
10-11 15:02:46.929 21612 26560 D OutputsAudio: [outputs-audio] stop gain=1.000 release=6.00
10-11 15:02:46.952 21612 21675 I ReactNativeJS: [outputs] outputs.flashPulse.commit {"timestamp":10390472.648951,"wallClock":1760209366951,"durationMs":120,"source":"console.replay","correlationId":"console-replay:mgmn7jvslk4jg6h4","latencyMs":62.926509998738766,"timelineOffsetMs":80.1369200013578}
10-11 15:02:46.970 21612 26560 D OutputsAudio: [outputs-audio] start hz=700.0 gain=1.000 attack=2.50 release=6.00
10-11 15:02:46.998 21612 21675 D OutputsAudio: [outputs-audio] symbol.info sequence=23 symbol=- timestamp=10390491.777 duration=120.000
10-11 15:02:46.998 21612 21675 I ReactNativeJS: [outputs] playMorse.symbol {"timestamp":10390519.37468,"wallClock":1760209366998,"symbol":"-","durationMs":120,"index":22,"source":"console.replay","correlationId":"console-replay:mgmn7jyun27wt8dv","nativeTimestampMs":10390491.777,"nativeDurationMs":120,"nativeOffsetMs":27.548045000061393,"nativeSequence":23,"monotonicTimestampMs":10390491.777}
10-11 15:02:46.999 21612 21675 I ReactNativeJS: [outputs] outputs.hapticSymbol {"timestamp":10390519.854003,"wallClock":1760209366998,"enabled":true,"symbol":"-","durationMs":120,"platform":"android","source":"console.replay","correlationId":"console-replay:mgmn7jyun27wt8dv","timelineOffsetMs":27.548045000061393}
10-11 15:02:46.999 21612 21675 I ReactNativeJS: [outputs] outputs.flashPulse {"timestamp":10390520.656086,"wallClock":1760209366999,"enabled":true,"durationMs":120,"source":"console.replay","correlationId":"console-replay:mgmn7jyun27wt8dv","timelineOffsetMs":27.548045000061393}
10-11 15:02:47.055 21612 21675 I ReactNativeJS: [outputs] outputs.flashPulse.commit {"timestamp":10390576.176972,"wallClock":1760209367055,"durationMs":120,"source":"console.replay","correlationId":"console-replay:mgmn7jyun27wt8dv","latencyMs":56.84786400012672,"timelineOffsetMs":27.548045000061393}
10-11 15:02:47.090 21612 26560 D OutputsAudio: [outputs-audio] stop gain=1.000 release=6.00
10-11 15:02:47.131 21612 26560 D OutputsAudio: [outputs-audio] start hz=700.0 gain=1.000 attack=2.50 release=6.00
10-11 15:02:47.147 21612 21675 D OutputsAudio: [outputs-audio] symbol.info sequence=24 symbol=- timestamp=10390652.895 duration=120.000
10-11 15:02:47.148 21612 21675 I ReactNativeJS: [outputs] playMorse.symbol {"timestamp":10390668.548795,"wallClock":1760209367147,"symbol":"-","durationMs":120,"index":23,"source":"console.replay","correlationId":"console-replay:mgmn7k2zv0w7d7dr","nativeTimestampMs":10390652.895,"nativeDurationMs":120,"nativeOffsetMs":15.572545001283288,"nativeSequence":24,"monotonicTimestampMs":10390652.895}
10-11 15:02:47.148 21612 21675 I ReactNativeJS: [outputs] outputs.hapticSymbol {"timestamp":10390669.317701,"wallClock":1760209367148,"enabled":true,"symbol":"-","durationMs":120,"platform":"android","source":"console.replay","correlationId":"console-replay:mgmn7k2zv0w7d7dr","timelineOffsetMs":15.572545001283288}
10-11 15:02:47.149 21612 21675 I ReactNativeJS: [outputs] outputs.flashPulse {"timestamp":10390670.586086,"wallClock":1760209367149,"enabled":true,"durationMs":120,"source":"console.replay","correlationId":"console-replay:mgmn7k2zv0w7d7dr","timelineOffsetMs":15.572545001283288}
10-11 15:02:47.212 21612 21675 I ReactNativeJS: [outputs] outputs.flashPulse.commit {"timestamp":10390732.95619,"wallClock":1760209367211,"durationMs":120,"source":"console.replay","correlationId":"console-replay:mgmn7k2zv0w7d7dr","latencyMs":64.48416600003839,"timelineOffsetMs":15.572545001283288}
10-11 15:02:47.252 21612 26560 D OutputsAudio: [outputs-audio] stop gain=1.000 release=6.00
10-11 15:02:47.292 21612 26560 D OutputsAudio: [outputs-audio] start hz=700.0 gain=1.000 attack=2.50 release=6.00
10-11 15:02:47.317 21612 21675 D OutputsAudio: [outputs-audio] symbol.info sequence=25 symbol=. timestamp=10390814.133 duration=40.000
10-11 15:02:47.321 21612 21675 I ReactNativeJS: [outputs] playMorse.symbol {"timestamp":10390839.031919,"wallClock":1760209367317,"symbol":".","durationMs":40,"index":24,"source":"console.replay","correlationId":"console-replay:mgmn7k7pl4aco9xy","nativeTimestampMs":10390814.133,"nativeDurationMs":40,"nativeOffsetMs":24.753867000341415,"nativeSequence":25,"monotonicTimestampMs":10390814.133}
10-11 15:02:47.323 21612 21675 I ReactNativeJS: [outputs] outputs.hapticSymbol {"timestamp":10390842.757076,"wallClock":1760209367321,"enabled":true,"symbol":".","durationMs":40,"platform":"android","source":"console.replay","correlationId":"console-replay:mgmn7k7pl4aco9xy","timelineOffsetMs":24.753867000341415}
10-11 15:02:47.330 21612 21675 I ReactNativeJS: [outputs] outputs.flashPulse {"timestamp":10390847.450826,"wallClock":1760209367326,"enabled":true,"durationMs":40,"source":"console.replay","correlationId":"console-replay:mgmn7k7pl4aco9xy","timelineOffsetMs":24.753867000341415}
10-11 15:02:47.333 21612 26560 D OutputsAudio: [outputs-audio] stop gain=1.000 release=6.00
10-11 15:02:47.373 21612 26560 D OutputsAudio: [outputs-audio] start hz=700.0 gain=1.000 attack=2.50 release=6.00
10-11 15:02:47.395 21612 21675 I ReactNativeJS: [outputs] outputs.flashPulse.commit {"timestamp":10390916.376086,"wallClock":1760209367395,"durationMs":40,"source":"console.replay","correlationId":"console-replay:mgmn7k7pl4aco9xy","latencyMs":77.48448000103235,"timelineOffsetMs":24.753867000341415}
10-11 15:02:47.414 21612 26560 D OutputsAudio: [outputs-audio] stop gain=1.000 release=6.00
10-11 15:02:47.438 21612 21675 D OutputsAudio: [outputs-audio] symbol.info sequence=26 symbol=. timestamp=10390895.150 duration=40.000
10-11 15:02:47.439 21612 21675 I ReactNativeJS: [outputs] playMorse.symbol {"timestamp":10390960.039784,"wallClock":1760209367438,"symbol":".","durationMs":40,"index":25,"source":"console.replay","correlationId":"console-replay:mgmn7kb2sm15epvx","nativeTimestampMs":10390895.15,"nativeDurationMs":40,"nativeOffsetMs":64.82540899887681,"nativeSequence":26,"monotonicTimestampMs":10390895.15}
10-11 15:02:47.439 21612 21675 I ReactNativeJS: [outputs] outputs.hapticSymbol {"timestamp":10390960.537961,"wallClock":1760209367439,"enabled":true,"symbol":".","durationMs":40,"platform":"android","source":"console.replay","correlationId":"console-replay:mgmn7kb2sm15epvx","timelineOffsetMs":64.82540899887681}
10-11 15:02:47.440 21612 21675 I ReactNativeJS: [outputs] outputs.flashPulse {"timestamp":10390961.25093,"wallClock":1760209367440,"enabled":true,"durationMs":40,"source":"console.replay","correlationId":"console-replay:mgmn7kb2sm15epvx","timelineOffsetMs":64.82540899887681}
10-11 15:02:47.454 21612 26560 D OutputsAudio: [outputs-audio] start hz=700.0 gain=1.000 attack=2.50 release=6.00
10-11 15:02:47.494 21612 26560 D OutputsAudio: [outputs-audio] stop gain=1.000 release=6.00
10-11 15:02:47.496 21612 21675 I ReactNativeJS: [outputs] outputs.flashPulse.commit {"timestamp":10391017.176607,"wallClock":1760209367496,"durationMs":40,"source":"console.replay","correlationId":"console-replay:mgmn7kb2sm15epvx","latencyMs":57.1968230009079,"timelineOffsetMs":64.82540899887681}
10-11 15:02:47.535 21612 26560 D OutputsAudio: [outputs-audio] stop gain=0.000 release=6.00
10-11 15:02:47.535 21612 26560 D OutputsAudio: [outputs-audio] playMorse.end cancelled=0
10-11 15:02:47.539 21612 21675 D OutputsAudio: [outputs-audio] symbol.info sequence=27 symbol=. timestamp=10390975.718 duration=40.000
10-11 15:02:47.540 21612 21675 I ReactNativeJS: [outputs] playMorse.symbol {"timestamp":10391060.966971,"wallClock":1760209367539,"symbol":".","durationMs":40,"index":26,"source":"console.replay","correlationId":"console-replay:mgmn7kdvp4nqbhi0","nativeTimestampMs":10390975.718,"nativeDurationMs":40,"nativeOffsetMs":85.19928400032222,"nativeSequence":27,"monotonicTimestampMs":10390975.718}
10-11 15:02:47.540 21612 21675 I ReactNativeJS: [outputs] playMorse.nativeOffset.spike {"timestamp":10391061.441971,"wallClock":1760209367540,"source":"console.replay","offsetMs":85.19928400032222,"sequence":27,"unitMs":40,"correlationId":"console-replay:mgmn7kdvp4nqbhi0"}
10-11 15:02:47.540 21612 21675 I ReactNativeJS: [outputs] outputs.hapticSymbol {"timestamp":10391061.747544,"wallClock":1760209367540,"enabled":true,"symbol":".","durationMs":40,"platform":"android","source":"console.replay","correlationId":"console-replay:mgmn7kdvp4nqbhi0","timelineOffsetMs":85.19928400032222}
10-11 15:02:47.541 21612 21675 I ReactNativeJS: [outputs] outputs.flashPulse {"timestamp":10391062.531815,"wallClock":1760209367541,"enabled":true,"durationMs":40,"source":"console.replay","correlationId":"console-replay:mgmn7kdvp4nqbhi0","timelineOffsetMs":85.19928400032222}
10-11 15:02:47.599 21612 21675 I ReactNativeJS: [outputs] playMorse.complete {"timestamp":10391120.246763,"wallClock":1760209367599,"durationMs":3363.4404670000076,"source":"console.replay","audioEnabled":true,"audioVolumePercent":100}
10-11 15:02:47.643 21612 21675 I ReactNativeJS: [outputs] outputs.flashPulse.commit {"timestamp":10391164.024992,"wallClock":1760209367642,"durationMs":40,"source":"console.replay","correlationId":"console-replay:mgmn7kdvp4nqbhi0","latencyMs":103.08281200006604,"timelineOffsetMs":85.19928400032222}
10-11 15:02:50.976 21612 21675 I ReactNativeJS: [outputs] playMorse.start {"timestamp":10394497.17447,"wallClock":1760209370976,"unitMs":34,"length":28,"source":"console.replay","audioEnabled":true,"audioVolumePercent":100}
10-11 15:02:51.080 21612 21675 D OutputsAudio: [outputs-audio] warmup hz=700.0
10-11 15:02:51.080 21612 26594 D OutputsAudio: [outputs-audio] playMorse.start count=27 unit=34.0
10-11 15:02:51.080 21612 26594 D OutputsAudio: [outputs-audio] start hz=700.0 gain=1.000 attack=2.50 release=6.00
10-11 15:02:51.089 21612 21675 D OutputsAudio: [outputs-audio] symbol.info sequence=1 symbol=. timestamp=10394601.714 duration=34.000
10-11 15:02:51.090 21612 21675 I ReactNativeJS: [outputs] playMorse.symbol {"timestamp":10394611.175876,"wallClock":1760209371090,"symbol":".","durationMs":34,"index":0,"source":"console.replay","correlationId":"console-replay:mgmn7n4ixpfp0lcq","nativeTimestampMs":10394601.714,"nativeDurationMs":34,"nativeOffsetMs":9.37364700064063,"nativeSequence":1,"monotonicTimestampMs":10394601.714}
10-11 15:02:51.091 21612 21675 I ReactNativeJS: [outputs] outputs.hapticSymbol {"timestamp":10394612.200199,"wallClock":1760209371091,"enabled":true,"symbol":".","durationMs":34,"platform":"android","source":"console.replay","correlationId":"console-replay:mgmn7n4ixpfp0lcq","timelineOffsetMs":9.37364700064063}
10-11 15:02:51.093 21612 21675 I ReactNativeJS: [outputs] outputs.flashPulse {"timestamp":10394613.86796,"wallClock":1760209371092,"enabled":true,"durationMs":34,"source":"console.replay","correlationId":"console-replay:mgmn7n4ixpfp0lcq","timelineOffsetMs":9.37364700064063}
10-11 15:02:51.115 21612 26594 D OutputsAudio: [outputs-audio] stop gain=1.000 release=6.00
10-11 15:02:51.150 21612 26594 D OutputsAudio: [outputs-audio] start hz=700.0 gain=1.000 attack=2.50 release=6.00
10-11 15:02:51.177 21612 21675 I ReactNativeJS: [outputs] outputs.flashPulse.commit {"timestamp":10394698.114262,"wallClock":1760209371176,"durationMs":34,"source":"console.replay","correlationId":"console-replay:mgmn7n4ixpfp0lcq","latencyMs":87.02197900041938,"timelineOffsetMs":9.37364700064063}
10-11 15:02:51.185 21612 26594 D OutputsAudio: [outputs-audio] stop gain=1.000 release=6.00
10-11 15:02:51.220 21612 26594 D OutputsAudio: [outputs-audio] start hz=700.0 gain=1.000 attack=2.50 release=6.00
10-11 15:02:51.221 21612 21675 D OutputsAudio: [outputs-audio] symbol.info sequence=3 symbol=. timestamp=10394742.190 duration=34.000
10-11 15:02:51.222 21612 21675 W ReactNativeJS: '[outputs-audio] native sequence jump', { previous: 1, next: 3, delta: 2 }
10-11 15:02:51.222 21612 21675 I ReactNativeJS: [outputs] playMorse.symbol {"timestamp":10394743.51598,"wallClock":1760209371222,"symbol":".","durationMs":34,"index":1,"source":"console.replay","correlationId":"console-replay:mgmn7n861aatry7y","nativeTimestampMs":10394742.19,"nativeDurationMs":34,"nativeOffsetMs":1.2852510008960962,"nativeSequence":3,"monotonicTimestampMs":10394742.19}
10-11 15:02:51.223 21612 21675 I ReactNativeJS: [outputs] outputs.hapticSymbol {"timestamp":10394743.88848,"wallClock":1760209371222,"enabled":true,"symbol":".","durationMs":34,"platform":"android","source":"console.replay","correlationId":"console-replay:mgmn7n861aatry7y","timelineOffsetMs":1.2852510008960962}
10-11 15:02:51.223 21612 21675 I ReactNativeJS: [outputs] outputs.flashPulse {"timestamp":10394744.680303,"wallClock":1760209371223,"enabled":true,"durationMs":34,"source":"console.replay","correlationId":"console-replay:mgmn7n861aatry7y","timelineOffsetMs":1.2852510008960962}
10-11 15:02:51.256 21612 26594 D OutputsAudio: [outputs-audio] stop gain=1.000 release=6.00
10-11 15:02:51.273 21612 21675 I ReactNativeJS: [outputs] outputs.flashPulse.commit {"timestamp":10394794.67197,"wallClock":1760209371273,"durationMs":34,"source":"console.replay","correlationId":"console-replay:mgmn7n861aatry7y","latencyMs":51.19291700050235,"timelineOffsetMs":1.2852510008960962}
10-11 15:02:51.291 21612 26594 D OutputsAudio: [outputs-audio] start hz=700.0 gain=1.000 attack=2.50 release=6.00
10-11 15:02:51.323 21612 21675 D OutputsAudio: [outputs-audio] symbol.info sequence=4 symbol=- timestamp=10394812.413 duration=102.000
10-11 15:02:51.324 21612 21675 I ReactNativeJS: [outputs] playMorse.symbol {"timestamp":10394845.005616,"wallClock":1760209371323,"symbol":".","durationMs":34,"index":2,"source":"console.replay","correlationId":"console-replay:mgmn7nazewb04rdn","nativeTimestampMs":10394812.413,"nativeDurationMs":102,"nativeOffsetMs":32.54230299964547,"nativeSequence":4,"monotonicTimestampMs":10394812.413}
10-11 15:02:51.324 21612 21675 I ReactNativeJS: [outputs] outputs.hapticSymbol {"timestamp":10394845.482855,"wallClock":1760209371324,"enabled":true,"symbol":".","durationMs":34,"platform":"android","source":"console.replay","correlationId":"console-replay:mgmn7nazewb04rdn","timelineOffsetMs":32.54230299964547}
10-11 15:02:51.325 21612 21675 I ReactNativeJS: [outputs] outputs.flashPulse {"timestamp":10394846.167855,"wallClock":1760209371325,"enabled":true,"durationMs":34,"source":"console.replay","correlationId":"console-replay:mgmn7nazewb04rdn","timelineOffsetMs":32.54230299964547}
10-11 15:02:51.376 21612 21675 I ReactNativeJS: [outputs] outputs.flashPulse.commit {"timestamp":10394897.123533,"wallClock":1760209371375,"durationMs":34,"source":"console.replay","correlationId":"console-replay:mgmn7nazewb04rdn","latencyMs":52.16390699893236,"timelineOffsetMs":32.54230299964547}
10-11 15:02:51.393 21612 26594 D OutputsAudio: [outputs-audio] stop gain=1.000 release=6.00
10-11 15:02:51.428 21612 26594 D OutputsAudio: [outputs-audio] start hz=700.0 gain=1.000 attack=2.50 release=6.00
10-11 15:02:51.441 21612 21675 D OutputsAudio: [outputs-audio] symbol.info sequence=5 symbol=- timestamp=10394950.164 duration=102.000
10-11 15:02:51.442 21612 21675 I ReactNativeJS: [outputs] playMorse.symbol {"timestamp":10394962.712647,"wallClock":1760209371441,"symbol":"-","durationMs":102,"index":3,"source":"console.replay","correlationId":"console-replay:mgmn7ne9ppf01u6h","nativeTimestampMs":10394950.164,"nativeDurationMs":102,"nativeOffsetMs":12.46781399846077,"nativeSequence":5,"monotonicTimestampMs":10394950.164}
10-11 15:02:51.442 21612 21675 I ReactNativeJS: [outputs] outputs.hapticSymbol {"timestamp":10394963.503012,"wallClock":1760209371442,"enabled":true,"symbol":"-","durationMs":102,"platform":"android","source":"console.replay","correlationId":"console-replay:mgmn7ne9ppf01u6h","timelineOffsetMs":12.46781399846077}
10-11 15:02:51.448 21612 21675 I ReactNativeJS: [outputs] outputs.flashPulse {"timestamp":10394969.222699,"wallClock":1760209371448,"enabled":true,"durationMs":102,"source":"console.replay","correlationId":"console-replay:mgmn7ne9ppf01u6h","timelineOffsetMs":12.46781399846077}
10-11 15:02:51.505 21612 21675 I ReactNativeJS: [outputs] outputs.flashPulse.commit {"timestamp":10395026.597126,"wallClock":1760209371505,"durationMs":102,"source":"console.replay","correlationId":"console-replay:mgmn7ne9ppf01u6h","latencyMs":63.96057300083339,"timelineOffsetMs":12.46781399846077}
10-11 15:02:51.531 21612 26594 D OutputsAudio: [outputs-audio] stop gain=1.000 release=6.00
10-11 15:02:51.566 21612 26594 D OutputsAudio: [outputs-audio] start hz=700.0 gain=1.000 attack=2.50 release=6.00
10-11 15:02:51.586 21612 21675 D OutputsAudio: [outputs-audio] symbol.info sequence=6 symbol=- timestamp=10395087.441 duration=102.000
10-11 15:02:51.587 21612 21675 I ReactNativeJS: [outputs] playMorse.symbol {"timestamp":10395107.617178,"wallClock":1760209371586,"symbol":"-","durationMs":102,"index":4,"source":"console.replay","correlationId":"console-replay:mgmn7nia5zmxsted","nativeTimestampMs":10395087.441,"nativeDurationMs":102,"nativeOffsetMs":20.09758500009775,"nativeSequence":6,"monotonicTimestampMs":10395087.441}
10-11 15:02:51.587 21612 21675 I ReactNativeJS: [outputs] outputs.hapticSymbol {"timestamp":10395108.433741,"wallClock":1760209371587,"enabled":true,"symbol":"-","durationMs":102,"platform":"android","source":"console.replay","correlationId":"console-replay:mgmn7nia5zmxsted","timelineOffsetMs":20.09758500009775}
10-11 15:02:51.588 21612 21675 I ReactNativeJS: [outputs] outputs.flashPulse {"timestamp":10395109.25046,"wallClock":1760209371588,"enabled":true,"durationMs":102,"source":"console.replay","correlationId":"console-replay:mgmn7nia5zmxsted","timelineOffsetMs":20.09758500009775}
10-11 15:02:51.646 21612 21675 I ReactNativeJS: [outputs] outputs.flashPulse.commit {"timestamp":10395166.890459,"wallClock":1760209371645,"durationMs":102,"source":"console.replay","correlationId":"console-replay:mgmn7nia5zmxsted","latencyMs":59.347447000443935,"timelineOffsetMs":20.09758500009775}
10-11 15:02:51.669 21612 26594 D OutputsAudio: [outputs-audio] stop gain=1.000 release=6.00
10-11 15:02:51.703 21612 26594 D OutputsAudio: [outputs-audio] start hz=700.0 gain=1.000 attack=2.50 release=6.00
10-11 15:02:51.724 21612 21675 D OutputsAudio: [outputs-audio] symbol.info sequence=7 symbol=. timestamp=10395224.383 duration=34.000
10-11 15:02:51.725 21612 21675 I ReactNativeJS: [outputs] playMorse.symbol {"timestamp":10395245.881814,"wallClock":1760209371724,"symbol":"-","durationMs":102,"index":5,"source":"console.replay","correlationId":"console-replay:mgmn7nm42gzesba1","nativeTimestampMs":10395224.383,"nativeDurationMs":34,"nativeOffsetMs":21.43214699998498,"nativeSequence":7,"monotonicTimestampMs":10395224.383}
10-11 15:02:51.725 21612 21675 I ReactNativeJS: [outputs] outputs.hapticSymbol {"timestamp":10395246.509574,"wallClock":1760209371725,"enabled":true,"symbol":"-","durationMs":102,"platform":"android","source":"console.replay","correlationId":"console-replay:mgmn7nm42gzesba1","timelineOffsetMs":21.43214699998498}
10-11 15:02:51.726 21612 21675 I ReactNativeJS: [outputs] outputs.flashPulse {"timestamp":10395247.333168,"wallClock":1760209371726,"enabled":true,"durationMs":102,"source":"console.replay","correlationId":"console-replay:mgmn7nm42gzesba1","timelineOffsetMs":21.43214699998498}
10-11 15:02:51.737 21612 26594 D OutputsAudio: [outputs-audio] stop gain=1.000 release=6.00
10-11 15:02:51.772 21612 26594 D OutputsAudio: [outputs-audio] start hz=700.0 gain=1.000 attack=2.50 release=6.00
10-11 15:02:51.778 21612 21675 I ReactNativeJS: [outputs] outputs.flashPulse.commit {"timestamp":10395299.387803,"wallClock":1760209371778,"durationMs":102,"source":"console.replay","correlationId":"console-replay:mgmn7nm42gzesba1","latencyMs":53.568229001015425,"timelineOffsetMs":21.43214699998498}
10-11 15:02:51.807 21612 26594 D OutputsAudio: [outputs-audio] stop gain=1.000 release=6.00
10-11 15:02:51.824 21612 21675 D OutputsAudio: [outputs-audio] symbol.info sequence=8 symbol=. timestamp=10395293.527 duration=34.000
10-11 15:02:51.824 21612 21675 I ReactNativeJS: [outputs] playMorse.symbol {"timestamp":10395345.226136,"wallClock":1760209371824,"symbol":".","durationMs":34,"index":6,"source":"console.replay","correlationId":"console-replay:mgmn7nowuvefwmca","nativeTimestampMs":10395293.527,"nativeDurationMs":34,"nativeOffsetMs":51.649500999599695,"nativeSequence":8,"monotonicTimestampMs":10395293.527}
10-11 15:02:51.824 21612 21675 I ReactNativeJS: [outputs] outputs.hapticSymbol {"timestamp":10395345.705511,"wallClock":1760209371824,"enabled":true,"symbol":".","durationMs":34,"platform":"android","source":"console.replay","correlationId":"console-replay:mgmn7nowuvefwmca","timelineOffsetMs":51.649500999599695}
10-11 15:02:51.825 21612 21675 I ReactNativeJS: [outputs] outputs.flashPulse {"timestamp":10395346.457334,"wallClock":1760209371825,"enabled":true,"durationMs":34,"source":"console.replay","correlationId":"console-replay:mgmn7nowuvefwmca","timelineOffsetMs":51.649500999599695}
10-11 15:02:51.841 21612 26594 D OutputsAudio: [outputs-audio] start hz=700.0 gain=1.000 attack=2.50 release=6.00
10-11 15:02:51.876 21612 26594 D OutputsAudio: [outputs-audio] stop gain=1.000 release=6.00
10-11 15:02:51.880 21612 21675 I ReactNativeJS: [outputs] outputs.flashPulse.commit {"timestamp":10395401.422803,"wallClock":1760209371880,"durationMs":34,"source":"console.replay","correlationId":"console-replay:mgmn7nowuvefwmca","latencyMs":56.242134999483824,"timelineOffsetMs":51.649500999599695}
10-11 15:02:51.911 21612 26594 D OutputsAudio: [outputs-audio] start hz=700.0 gain=1.000 attack=2.50 release=6.00
10-11 15:02:51.932 21612 21675 D OutputsAudio: [outputs-audio] symbol.info sequence=10 symbol=- timestamp=10395432.987 duration=102.000
10-11 15:02:51.932 21612 21675 W ReactNativeJS: '[outputs-audio] native sequence jump', { previous: 8, next: 10, delta: 2 }
10-11 15:02:51.933 21612 21675 I ReactNativeJS: [outputs] playMorse.symbol {"timestamp":10395454.079886,"wallClock":1760209371932,"symbol":".","durationMs":34,"index":7,"source":"console.replay","correlationId":"console-replay:mgmn7nrw67so4xm0","nativeTimestampMs":10395432.987,"nativeDurationMs":102,"nativeOffsetMs":21.055491000413895,"nativeSequence":10,"monotonicTimestampMs":10395432.987}
10-11 15:02:51.933 21612 21675 I ReactNativeJS: [outputs] outputs.hapticSymbol {"timestamp":10395454.478689,"wallClock":1760209371933,"enabled":true,"symbol":".","durationMs":34,"platform":"android","source":"console.replay","correlationId":"console-replay:mgmn7nrw67so4xm0","timelineOffsetMs":21.055491000413895}
10-11 15:02:51.934 21612 21675 I ReactNativeJS: [outputs] outputs.flashPulse {"timestamp":10395455.239209,"wallClock":1760209371934,"enabled":true,"durationMs":34,"source":"console.replay","correlationId":"console-replay:mgmn7nrw67so4xm0","timelineOffsetMs":21.055491000413895}
10-11 15:02:51.985 21612 21675 I ReactNativeJS: [outputs] outputs.flashPulse.commit {"timestamp":10395506.638116,"wallClock":1760209371985,"durationMs":34,"source":"console.replay","correlationId":"console-replay:mgmn7nrw67so4xm0","latencyMs":52.59150999970734,"timelineOffsetMs":21.055491000413895}
10-11 15:02:52.014 21612 26594 D OutputsAudio: [outputs-audio] stop gain=1.000 release=6.00
10-11 15:02:52.049 21612 26594 D OutputsAudio: [outputs-audio] start hz=700.0 gain=1.000 attack=2.50 release=6.00
10-11 15:02:52.072 21612 21675 D OutputsAudio: [outputs-audio] symbol.info sequence=11 symbol=- timestamp=10395570.844 duration=102.000
10-11 15:02:52.076 21612 21675 I ReactNativeJS: [outputs] playMorse.symbol {"timestamp":10395594.312438,"wallClock":1760209372073,"symbol":".","durationMs":34,"index":8,"source":"console.replay","correlationId":"console-replay:mgmn7nvt58oy51sr","nativeTimestampMs":10395570.844,"nativeDurationMs":102,"nativeOffsetMs":23.269427999854088,"nativeSequence":11,"monotonicTimestampMs":10395570.844}
10-11 15:02:52.078 21612 21675 I ReactNativeJS: [outputs] outputs.hapticSymbol {"timestamp":10395597.929261,"wallClock":1760209372076,"enabled":true,"symbol":".","durationMs":34,"platform":"android","source":"console.replay","correlationId":"console-replay:mgmn7nvt58oy51sr","timelineOffsetMs":23.269427999854088}
10-11 15:02:52.081 21612 21675 I ReactNativeJS: [outputs] outputs.flashPulse {"timestamp":10395601.693636,"wallClock":1760209372080,"enabled":true,"durationMs":34,"source":"console.replay","correlationId":"console-replay:mgmn7nvt58oy51sr","timelineOffsetMs":23.269427999854088}
10-11 15:02:52.148 21612 21675 I ReactNativeJS: [outputs] outputs.flashPulse.commit {"timestamp":10395669.701553,"wallClock":1760209372148,"durationMs":34,"source":"console.replay","correlationId":"console-replay:mgmn7nvt58oy51sr","latencyMs":75.58369799889624,"timelineOffsetMs":23.269427999854088}
10-11 15:02:52.152 21612 26594 D OutputsAudio: [outputs-audio] stop gain=1.000 release=6.00
10-11 15:02:52.187 21612 26594 D OutputsAudio: [outputs-audio] start hz=700.0 gain=1.000 attack=2.50 release=6.00
10-11 15:02:52.192 21612 21675 D OutputsAudio: [outputs-audio] symbol.info sequence=12 symbol=- timestamp=10395708.485 duration=102.000
10-11 15:02:52.192 21612 21675 I ReactNativeJS: [outputs] playMorse.symbol {"timestamp":10395713.577178,"wallClock":1760209372192,"symbol":"-","durationMs":102,"index":9,"source":"console.replay","correlationId":"console-replay:mgmn7nz4omb6il1c","nativeTimestampMs":10395708.485,"nativeDurationMs":102,"nativeOffsetMs":5.043220000341535,"nativeSequence":12,"monotonicTimestampMs":10395708.485}
10-11 15:02:52.193 21612 21675 I ReactNativeJS: [outputs] outputs.hapticSymbol {"timestamp":10395714.091866,"wallClock":1760209372192,"enabled":true,"symbol":"-","durationMs":102,"platform":"android","source":"console.replay","correlationId":"console-replay:mgmn7nz4omb6il1c","timelineOffsetMs":5.043220000341535}
10-11 15:02:52.193 21612 21675 I ReactNativeJS: [outputs] outputs.flashPulse {"timestamp":10395714.848793,"wallClock":1760209372193,"enabled":true,"durationMs":102,"source":"console.replay","correlationId":"console-replay:mgmn7nz4omb6il1c","timelineOffsetMs":5.043220000341535}
10-11 15:02:52.243 21612 21675 I ReactNativeJS: [outputs] outputs.flashPulse.commit {"timestamp":10395764.665772,"wallClock":1760209372243,"durationMs":102,"source":"console.replay","correlationId":"console-replay:mgmn7nz4omb6il1c","latencyMs":51.133021000772715,"timelineOffsetMs":5.043220000341535}
10-11 15:02:52.290 21612 26594 D OutputsAudio: [outputs-audio] stop gain=1.000 release=6.00
10-11 15:02:52.324 21612 26594 D OutputsAudio: [outputs-audio] start hz=700.0 gain=1.000 attack=2.50 release=6.00
10-11 15:02:52.331 21612 21675 D OutputsAudio: [outputs-audio] symbol.info sequence=13 symbol=. timestamp=10395846.174 duration=34.000
10-11 15:02:52.332 21612 21675 I ReactNativeJS: [outputs] playMorse.symbol {"timestamp":10395852.956553,"wallClock":1760209372331,"symbol":"-","durationMs":102,"index":10,"source":"console.replay","correlationId":"console-replay:mgmn7o2ztbhkuwct","nativeTimestampMs":10395846.174,"nativeDurationMs":34,"nativeOffsetMs":6.703229999169707,"nativeSequence":13,"monotonicTimestampMs":10395846.174}
10-11 15:02:52.333 21612 21675 I ReactNativeJS: [outputs] outputs.hapticSymbol {"timestamp":10395853.753532,"wallClock":1760209372332,"enabled":true,"symbol":"-","durationMs":102,"platform":"android","source":"console.replay","correlationId":"console-replay:mgmn7o2ztbhkuwct","timelineOffsetMs":6.703229999169707}
10-11 15:02:52.334 21612 21675 I ReactNativeJS: [outputs] outputs.flashPulse {"timestamp":10395855.040824,"wallClock":1760209372333,"enabled":true,"durationMs":102,"source":"console.replay","correlationId":"console-replay:mgmn7o2ztbhkuwct","timelineOffsetMs":6.703229999169707}
10-11 15:02:52.359 21612 26594 D OutputsAudio: [outputs-audio] stop gain=1.000 release=6.00
10-11 15:02:52.393 21612 26594 D OutputsAudio: [outputs-audio] start hz=700.0 gain=1.000 attack=2.50 release=6.00
10-11 15:02:52.410 21612 21675 I ReactNativeJS: [outputs] outputs.flashPulse.commit {"timestamp":10395931.314522,"wallClock":1760209372410,"durationMs":102,"source":"console.replay","correlationId":"console-replay:mgmn7o2ztbhkuwct","latencyMs":78.42911500111222,"timelineOffsetMs":6.703229999169707}
10-11 15:02:52.427 21612 26594 D OutputsAudio: [outputs-audio] stop gain=1.000 release=6.00
10-11 15:02:52.459 21612 21675 D OutputsAudio: [outputs-audio] symbol.info sequence=14 symbol=. timestamp=10395914.560 duration=34.000
10-11 15:02:52.459 21612 21675 I ReactNativeJS: [outputs] playMorse.symbol {"timestamp":10395980.521813,"wallClock":1760209372459,"symbol":"-","durationMs":102,"index":11,"source":"console.replay","correlationId":"console-replay:mgmn7o6jbdt6qkam","nativeTimestampMs":10395914.56,"nativeDurationMs":34,"nativeOffsetMs":65.91212599910796,"nativeSequence":14,"monotonicTimestampMs":10395914.56}
10-11 15:02:52.460 21612 21675 I ReactNativeJS: [outputs] outputs.hapticSymbol {"timestamp":10395981.014938,"wallClock":1760209372459,"enabled":true,"symbol":"-","durationMs":102,"platform":"android","source":"console.replay","correlationId":"console-replay:mgmn7o6jbdt6qkam","timelineOffsetMs":65.91212599910796}
10-11 15:02:52.460 21612 21675 I ReactNativeJS: [outputs] outputs.flashPulse {"timestamp":10395981.741865,"wallClock":1760209372460,"enabled":true,"durationMs":102,"source":"console.replay","correlationId":"console-replay:mgmn7o6jbdt6qkam","timelineOffsetMs":65.91212599910796}
10-11 15:02:52.462 21612 26594 D OutputsAudio: [outputs-audio] start hz=700.0 gain=1.000 attack=2.50 release=6.00
10-11 15:02:52.497 21612 26594 D OutputsAudio: [outputs-audio] stop gain=1.000 release=6.00
10-11 15:02:52.517 21612 21675 D OutputsAudio: [outputs-audio] symbol.info sequence=15 symbol=. timestamp=10395983.189 duration=34.000
10-11 15:02:52.518 21612 21675 I ReactNativeJS: [outputs] playMorse.symbol {"timestamp":10396039.091865,"wallClock":1760209372517,"symbol":".","durationMs":34,"index":12,"source":"console.replay","correlationId":"console-replay:mgmn7o85sovtpfxn","nativeTimestampMs":10395983.189,"nativeDurationMs":34,"nativeOffsetMs":55.85677199997008,"nativeSequence":15,"monotonicTimestampMs":10395983.189}
10-11 15:02:52.518 21612 21675 I ReactNativeJS: [outputs] outputs.hapticSymbol {"timestamp":10396039.555928,"wallClock":1760209372518,"enabled":true,"symbol":".","durationMs":34,"platform":"android","source":"console.replay","correlationId":"console-replay:mgmn7o85sovtpfxn","timelineOffsetMs":55.85677199997008}
10-11 15:02:52.519 21612 21675 I ReactNativeJS: [outputs] outputs.flashPulse {"timestamp":10396040.320824,"wallClock":1760209372519,"enabled":true,"durationMs":34,"source":"console.replay","correlationId":"console-replay:mgmn7o85sovtpfxn","timelineOffsetMs":55.85677199997008}
10-11 15:02:52.531 21612 26594 D OutputsAudio: [outputs-audio] start hz=700.0 gain=1.000 attack=2.50 release=6.00
10-11 15:02:52.576 21612 21675 I ReactNativeJS: [outputs] outputs.flashPulse.commit {"timestamp":10396097.29447,"wallClock":1760209372576,"durationMs":102,"source":"console.replay","correlationId":"console-replay:mgmn7o6jbdt6qkam","latencyMs":116.8176560010761,"timelineOffsetMs":65.91212599910796}
10-11 15:02:52.626 21612 21675 I ReactNativeJS: [outputs] outputs.flashPulse.commit {"timestamp":10396147.264574,"wallClock":1760209372626,"durationMs":34,"source":"console.replay","correlationId":"console-replay:mgmn7o85sovtpfxn","latencyMs":108.21364500001073,"timelineOffsetMs":55.85677199997008}
10-11 15:02:52.634 21612 26594 D OutputsAudio: [outputs-audio] stop gain=1.000 release=6.00
10-11 15:02:52.668 21612 26594 D OutputsAudio: [outputs-audio] start hz=700.0 gain=1.000 attack=2.50 release=6.00
10-11 15:02:52.670 21612 21675 D OutputsAudio: [outputs-audio] symbol.info sequence=17 symbol=- timestamp=10396189.943 duration=102.000
10-11 15:02:52.670 21612 21675 W ReactNativeJS: '[outputs-audio] native sequence jump', { previous: 15, next: 17, delta: 2 }
10-11 15:02:52.671 21612 21675 I ReactNativeJS: [outputs] playMorse.symbol {"timestamp":10396191.793949,"wallClock":1760209372670,"symbol":".","durationMs":34,"index":13,"source":"console.replay","correlationId":"console-replay:mgmn7oceo38rensd","nativeTimestampMs":10396189.943,"nativeDurationMs":102,"nativeOffsetMs":1.8145950008183718,"nativeSequence":17,"monotonicTimestampMs":10396189.943}
10-11 15:02:52.671 21612 21675 I ReactNativeJS: [outputs] outputs.hapticSymbol {"timestamp":10396192.213324,"wallClock":1760209372671,"enabled":true,"symbol":".","durationMs":34,"platform":"android","source":"console.replay","correlationId":"console-replay:mgmn7oceo38rensd","timelineOffsetMs":1.8145950008183718}
10-11 15:02:52.672 21612 21675 I ReactNativeJS: [outputs] outputs.flashPulse {"timestamp":10396192.909834,"wallClock":1760209372671,"enabled":true,"durationMs":34,"source":"console.replay","correlationId":"console-replay:mgmn7oceo38rensd","timelineOffsetMs":1.8145950008183718}
10-11 15:02:52.721 21612 21675 I ReactNativeJS: [outputs] outputs.flashPulse.commit {"timestamp":10396242.271449,"wallClock":1760209372721,"durationMs":34,"source":"console.replay","correlationId":"console-replay:mgmn7oceo38rensd","latencyMs":50.50932199880481,"timelineOffsetMs":1.8145950008183718}
10-11 15:02:52.771 21612 26594 D OutputsAudio: [outputs-audio] stop gain=1.000 release=6.00
10-11 15:02:52.806 21612 26594 D OutputsAudio: [outputs-audio] start hz=700.0 gain=1.000 attack=2.50 release=6.00
10-11 15:02:52.825 21612 21675 D OutputsAudio: [outputs-audio] symbol.info sequence=18 symbol=- timestamp=10396327.955 duration=102.000
