10-11 18:15:16.272 21460 21900 D OutputsAudio: [outputs-audio] playMorse.symbol.start sequence=16 symbol=- expected=21902426.177 actual=21902451.314 skew=25.137 batchElapsed=1705.137
10-11 18:15:16.310 21460 21538 I ReactNativeJS: [outputs] outputs.flashPulse.commit {"timestamp":21902488.882059,"wallClock":1760220916310,"durationMs":40,"source":"console.replay","correlationId":"console-replay:mgmu33ff6z8188cm","latencyMs":59.32296900078654,"timelineOffsetMs":59.98997600004077,"leadMs":8,"scheduleSkewMs":58.14255199953914,"schedulingMode":"timeline","audioStartHeadroomMs":-92.552090998739,"audioStartGuard":"headroom","audioStartCompensationMs":92.552090998739}
10-11 18:15:16.360 21460 21538 D OutputsAudio: [outputs-audio] symbol.info sequence=16 symbol=- timestamp=21902451.314 duration=120.000 expected=21902426.177 skew=25.137 age=88.107
10-11 18:15:16.361 21460 21538 I ReactNativeJS: [outputs] playMorse.symbol {"timestamp":21902539.557841,"wallClock":1760220916360,"symbol":"-","durationMs":120,"index":15,"source":"console.replay","correlationId":"console-replay:mgmu33igrsxlwvu8","nativeTimestampMs":21902451.314,"nativeDurationMs":120,"nativeOffsetMs":88.19561100006104,"nativeSequence":16,"monotonicTimestampMs":21902451.314,"nativeExpectedTimestampMs":21902426.177,"nativeStartSkewMs":25.137,"nativeBatchElapsedMs":1705.137,"nativeExpectedSincePriorMs":80,"nativeSincePriorMs":81.754,"nativePatternStartMs":21900746.177,"nativeAgeMs":88.107}
10-11 18:15:16.361 21460 21538 I ReactNativeJS: [outputs] playMorse.nativeOffset.spike {"timestamp":21902540.043414,"wallClock":1760220916361,"source":"console.replay","offsetMs":88.19561100006104,"sequence":16,"unitMs":40,"correlationId":"console-replay:mgmu33igrsxlwvu8","startSkewMs":25.137,"batchElapsedMs":1705.137,"ageMs":88.107}
10-11 18:15:16.362 21460 21538 I ReactNativeJS: [outputs] outputs.hapticSymbol {"timestamp":21902540.37482,"wallClock":1760220916361,"enabled":true,"symbol":"-","durationMs":120,"platform":"android","source":"console.replay","correlationId":"console-replay:mgmu33igrsxlwvu8","timelineOffsetMs":88.19561100006104}
10-11 18:15:16.362 21460 21538 I ReactNativeJS: [outputs] outputs.flashPulse {"timestamp":21902540.97383,"wallClock":1760220916362,"enabled":true,"durationMs":120,"source":"console.replay","correlationId":"console-replay:mgmu33igrsxlwvu8","timelineOffsetMs":88.19561100006104,"schedulingMode":"timeline","audioStartHeadroomMs":-122.787976000458,"audioStartGuard":"headroom","audioStartCompensationMs":122.787976000458}
10-11 18:15:16.393 21460 21900 D OutputsAudio: [outputs-audio] stop gain=1.000 release=6.00
10-11 18:15:16.424 21460 21538 I ReactNativeJS: [outputs] outputs.flashPulse.commit {"timestamp":21902602.734038,"wallClock":1760220916424,"durationMs":120,"source":"console.replay","correlationId":"console-replay:mgmu33igrsxlwvu8","latencyMs":63.21578200161457,"timelineOffsetMs":88.19561100006104,"leadMs":8,"scheduleSkewMs":61.75901100039482,"schedulingMode":"timeline","audioStartHeadroomMs":-122.787976000458,"audioStartGuard":"headroom","audioStartCompensationMs":122.787976000458}
10-11 18:15:16.434 21460 21900 D OutputsAudio: [outputs-audio] start hz=700.0 gain=1.000 attack=2.50 release=6.00
10-11 18:15:16.434 21460 21900 D OutputsAudio: [outputs-audio] playMorse.symbol.start sequence=17 symbol=- expected=21902586.177 actual=21902613.446 skew=27.269 batchElapsed=1867.269
10-11 18:15:16.475 21460 21538 D OutputsAudio: [outputs-audio] symbol.info sequence=17 symbol=- timestamp=21902613.446 duration=120.000 expected=21902586.177 skew=27.269 age=40.464
10-11 18:15:16.475 21460 21538 I ReactNativeJS: [outputs] playMorse.symbol {"timestamp":21902654.043518,"wallClock":1760220916475,"symbol":"-","durationMs":120,"index":16,"source":"console.replay","correlationId":"console-replay:mgmu33ln4yo6lba6","nativeTimestampMs":21902613.446,"nativeDurationMs":120,"nativeOffsetMs":40.5489760003984,"nativeSequence":17,"monotonicTimestampMs":21902613.446,"nativeExpectedTimestampMs":21902586.177,"nativeStartSkewMs":27.269,"nativeBatchElapsedMs":1867.269,"nativeExpectedSincePriorMs":160,"nativeSincePriorMs":162.132,"nativePatternStartMs":21900746.177,"nativeAgeMs":40.464}
10-11 18:15:16.476 21460 21538 I ReactNativeJS: [outputs] outputs.hapticSymbol {"timestamp":21902654.534143,"wallClock":1760220916475,"enabled":true,"symbol":"-","durationMs":120,"platform":"android","source":"console.replay","correlationId":"console-replay:mgmu33ln4yo6lba6","timelineOffsetMs":40.5489760003984}
10-11 18:15:16.476 21460 21538 I ReactNativeJS: [outputs] outputs.flashPulse {"timestamp":21902655.16357,"wallClock":1760220916476,"enabled":true,"durationMs":120,"source":"console.replay","correlationId":"console-replay:mgmu33ln4yo6lba6","timelineOffsetMs":40.5489760003984,"schedulingMode":"timeline","audioStartHeadroomMs":-76.97698599845171,"audioStartGuard":"headroom","audioStartCompensationMs":76.97698599845171}
10-11 18:15:16.535 21460 21538 I ReactNativeJS: [outputs] outputs.flashPulse.commit {"timestamp":21902714.159872,"wallClock":1760220916535,"durationMs":120,"source":"console.replay","correlationId":"console-replay:mgmu33ln4yo6lba6","latencyMs":60.156198002398014,"timelineOffsetMs":40.5489760003984,"leadMs":8,"scheduleSkewMs":58.995365001261234,"schedulingMode":"timeline","audioStartHeadroomMs":-76.97698599845171,"audioStartGuard":"headroom","audioStartCompensationMs":76.97698599845171}
10-11 18:15:16.555 21460 21900 D OutputsAudio: [outputs-audio] stop gain=1.000 release=6.00
10-11 18:15:16.596 21460 21900 D OutputsAudio: [outputs-audio] start hz=700.0 gain=1.000 attack=2.50 release=6.00
10-11 18:15:16.596 21460 21900 D OutputsAudio: [outputs-audio] playMorse.symbol.start sequence=18 symbol=- expected=21902746.177 actual=21902775.280 skew=29.104 batchElapsed=2029.104
10-11 18:15:16.607 21460 21538 D OutputsAudio: [outputs-audio] symbol.info sequence=18 symbol=- timestamp=21902775.280 duration=120.000 expected=21902746.177 skew=29.104 age=11.215
10-11 18:15:16.608 21460 21538 I ReactNativeJS: [outputs] playMorse.symbol {"timestamp":21902786.651018,"wallClock":1760220916608,"symbol":"-","durationMs":120,"index":17,"source":"console.replay","correlationId":"console-replay:mgmu33pc4g7hzvdi","nativeTimestampMs":21902775.28,"nativeDurationMs":120,"nativeOffsetMs":11.312631998211145,"nativeSequence":18,"monotonicTimestampMs":21902775.28,"nativeExpectedTimestampMs":21902746.177,"nativeStartSkewMs":29.104,"nativeBatchElapsedMs":2029.104,"nativeExpectedSincePriorMs":160,"nativeSincePriorMs":161.835,"nativePatternStartMs":21900746.177,"nativeAgeMs":11.215}
10-11 18:15:16.608 21460 21538 I ReactNativeJS: [outputs] outputs.hapticSymbol {"timestamp":21902787.214195,"wallClock":1760220916608,"enabled":true,"symbol":"-","durationMs":120,"platform":"android","source":"console.replay","correlationId":"console-replay:mgmu33pc4g7hzvdi","timelineOffsetMs":11.312631998211145}
10-11 18:15:16.609 21460 21538 I ReactNativeJS: [outputs] outputs.flashPulse {"timestamp":21902787.872111,"wallClock":1760220916609,"enabled":true,"durationMs":120,"source":"console.replay","correlationId":"console-replay:mgmu33pc4g7hzvdi","timelineOffsetMs":11.312631998211145,"schedulingMode":"timeline","audioStartHeadroomMs":-49.68349700048566,"audioStartGuard":"headroom","audioStartCompensationMs":49.68349700048566}
10-11 18:15:16.667 21460 21538 I ReactNativeJS: [outputs] outputs.flashPulse.commit {"timestamp":21902845.835497,"wallClock":1760220916667,"durationMs":120,"source":"console.replay","correlationId":"console-replay:mgmu33pc4g7hzvdi","latencyMs":59.234427001327276,"timelineOffsetMs":11.312631998211145,"leadMs":8,"scheduleSkewMs":57.96458300203085,"schedulingMode":"timeline","audioStartHeadroomMs":-49.68349700048566,"audioStartGuard":"headroom","audioStartCompensationMs":49.68349700048566}
10-11 18:15:16.717 21460 21900 D OutputsAudio: [outputs-audio] stop gain=1.000 release=6.00
10-11 18:15:16.758 21460 21900 D OutputsAudio: [outputs-audio] start hz=700.0 gain=1.000 attack=2.50 release=6.00
10-11 18:15:16.759 21460 21900 D OutputsAudio: [outputs-audio] playMorse.symbol.start sequence=19 symbol=. expected=21902906.177 actual=21902937.714 skew=31.538 batchElapsed=2191.538
10-11 18:15:16.774 21460 21538 D OutputsAudio: [outputs-audio] symbol.info sequence=19 symbol=. timestamp=21902937.714 duration=40.000 expected=21902906.177 skew=31.538 age=15.286
10-11 18:15:16.777 21460 21538 I ReactNativeJS: [outputs] playMorse.symbol {"timestamp":21902953.25107,"wallClock":1760220916774,"symbol":".","durationMs":40,"index":18,"source":"console.replay","correlationId":"console-replay:mgmu33tyu52vq79q","nativeTimestampMs":21902937.714,"nativeDurationMs":40,"nativeOffsetMs":15.438319999724627,"nativeSequence":19,"monotonicTimestampMs":21902937.714,"nativeExpectedTimestampMs":21902906.177,"nativeStartSkewMs":31.538,"nativeBatchElapsedMs":2191.538,"nativeExpectedSincePriorMs":160,"nativeSincePriorMs":162.434,"nativePatternStartMs":21900746.177,"nativeAgeMs":15.286}
10-11 18:15:16.778 21460 21538 I ReactNativeJS: [outputs] outputs.hapticSymbol {"timestamp":21902956.137476,"wallClock":1760220916777,"enabled":true,"symbol":".","durationMs":40,"platform":"android","source":"console.replay","correlationId":"console-replay:mgmu33tyu52vq79q","timelineOffsetMs":15.438319999724627}
10-11 18:15:16.782 21460 21538 I ReactNativeJS: [outputs] outputs.flashPulse {"timestamp":21902960.097788,"wallClock":1760220916781,"enabled":true,"durationMs":40,"source":"console.replay","correlationId":"console-replay:mgmu33tyu52vq79q","timelineOffsetMs":15.438319999724627,"schedulingMode":"timeline","audioStartHeadroomMs":-61.900267999619246,"audioStartGuard":"headroom","audioStartCompensationMs":61.900267999619246}
10-11 18:15:16.799 21460 21900 D OutputsAudio: [outputs-audio] stop gain=1.000 release=6.00
10-11 18:15:16.839 21460 21900 D OutputsAudio: [outputs-audio] start hz=700.0 gain=1.000 attack=2.50 release=6.00
10-11 18:15:16.840 21460 21900 D OutputsAudio: [outputs-audio] playMorse.symbol.start sequence=20 symbol=. expected=21902986.177 actual=21903018.662 skew=32.485 batchElapsed=2272.485
10-11 18:15:16.853 21460 21538 I ReactNativeJS: [outputs] outputs.flashPulse.commit {"timestamp":21903031.21758,"wallClock":1760220916852,"durationMs":40,"source":"console.replay","correlationId":"console-replay:mgmu33tyu52vq79q","latencyMs":78.055988997221,"timelineOffsetMs":15.438319999724627,"leadMs":8,"scheduleSkewMs":71.12765599787235,"schedulingMode":"timeline","audioStartHeadroomMs":-61.900267999619246,"audioStartGuard":"headroom","audioStartCompensationMs":61.900267999619246}
10-11 18:15:16.880 21460 21900 D OutputsAudio: [outputs-audio] stop gain=1.000 release=6.00
10-11 18:15:16.903 21460 21538 D OutputsAudio: [outputs-audio] symbol.info sequence=20 symbol=. timestamp=21903018.662 duration=40.000 expected=21902986.177 skew=32.485 age=63.174
10-11 18:15:16.903 21460 21538 I ReactNativeJS: [outputs] playMorse.symbol {"timestamp":21903081.972736,"wallClock":1760220916903,"symbol":".","durationMs":40,"index":19,"source":"console.replay","correlationId":"console-replay:mgmu33xjqfboo6cn","nativeTimestampMs":21903018.662,"nativeDurationMs":40,"nativeOffsetMs":63.25917400047183,"nativeSequence":20,"monotonicTimestampMs":21903018.662,"nativeExpectedTimestampMs":21902986.177,"nativeStartSkewMs":32.485,"nativeBatchElapsedMs":2272.485,"nativeExpectedSincePriorMs":80,"nativeSincePriorMs":80.947,"nativePatternStartMs":21900746.177,"nativeAgeMs":63.174}
10-11 18:15:16.904 21460 21538 I ReactNativeJS: [outputs] outputs.hapticSymbol {"timestamp":21903082.486017,"wallClock":1760220916903,"enabled":true,"symbol":".","durationMs":40,"platform":"android","source":"console.replay","correlationId":"console-replay:mgmu33xjqfboo6cn","timelineOffsetMs":63.25917400047183}
10-11 18:15:16.904 21460 21538 I ReactNativeJS: [outputs] outputs.flashPulse {"timestamp":21903083.166122,"wallClock":1760220916904,"enabled":true,"durationMs":40,"source":"console.replay","correlationId":"console-replay:mgmu33xjqfboo6cn","timelineOffsetMs":63.25917400047183,"schedulingMode":"timeline","audioStartHeadroomMs":-104.97938199713826,"audioStartGuard":"headroom","audioStartCompensationMs":104.97938199713826}
10-11 18:15:16.921 21460 21900 D OutputsAudio: [outputs-audio] start hz=700.0 gain=1.000 attack=2.50 release=6.00
10-11 18:15:16.921 21460 21900 D OutputsAudio: [outputs-audio] playMorse.symbol.start sequence=21 symbol=. expected=21903066.177 actual=21903100.136 skew=33.959 batchElapsed=2353.959
10-11 18:15:16.956 21460 21538 I ReactNativeJS: [outputs] outputs.flashPulse.commit {"timestamp":21903134.575028,"wallClock":1760220916955,"durationMs":40,"source":"console.replay","correlationId":"console-replay:mgmu33xjqfboo6cn","latencyMs":52.645155999809504,"timelineOffsetMs":63.25917400047183,"leadMs":8,"scheduleSkewMs":51.40838500112295,"schedulingMode":"timeline","audioStartHeadroomMs":-104.97938199713826,"audioStartGuard":"headroom","audioStartCompensationMs":104.97938199713826}
10-11 18:15:16.962 21460 21900 D OutputsAudio: [outputs-audio] stop gain=1.000 release=6.00
10-11 18:15:17.000 21460 21538 D OutputsAudio: [outputs-audio] symbol.info sequence=21 symbol=. timestamp=21903100.136 duration=40.000 expected=21903066.177 skew=33.959 age=78.537
10-11 18:15:17.000 21460 21538 I ReactNativeJS: [outputs] playMorse.symbol {"timestamp":21903178.805132,"wallClock":1760220917000,"symbol":".","durationMs":40,"index":20,"source":"console.replay","correlationId":"console-replay:mgmu3408vp3f2wcn","nativeTimestampMs":21903100.136,"nativeDurationMs":40,"nativeOffsetMs":78.61783000081778,"nativeSequence":21,"monotonicTimestampMs":21903100.136,"nativeExpectedTimestampMs":21903066.177,"nativeStartSkewMs":33.959,"nativeBatchElapsedMs":2353.959,"nativeExpectedSincePriorMs":80,"nativeSincePriorMs":81.474,"nativePatternStartMs":21900746.177,"nativeAgeMs":78.537}
10-11 18:15:17.001 21460 21538 I ReactNativeJS: [outputs] outputs.hapticSymbol {"timestamp":21903179.311903,"wallClock":1760220917000,"enabled":true,"symbol":".","durationMs":40,"platform":"android","source":"console.replay","correlationId":"console-replay:mgmu3408vp3f2wcn","timelineOffsetMs":78.61783000081778}
10-11 18:15:17.001 21460 21538 I ReactNativeJS: [outputs] outputs.flashPulse {"timestamp":21903179.985236,"wallClock":1760220917001,"enabled":true,"durationMs":40,"source":"console.replay","correlationId":"console-replay:mgmu3408vp3f2wcn","timelineOffsetMs":78.61783000081778,"schedulingMode":"timeline","audioStartHeadroomMs":-121.79839199781418,"audioStartGuard":"headroom","audioStartCompensationMs":121.79839199781418}
10-11 18:15:17.003 21460 21900 D OutputsAudio: [outputs-audio] start hz=700.0 gain=1.000 attack=2.50 release=6.00
10-11 18:15:17.003 21460 21900 D OutputsAudio: [outputs-audio] playMorse.symbol.start sequence=22 symbol=- expected=21903146.177 actual=21903181.995 skew=35.818 batchElapsed=2435.818
10-11 18:15:17.057 21460 21538 D OutputsAudio: [outputs-audio] symbol.info sequence=22 symbol=- timestamp=21903181.995 duration=120.000 expected=21903146.177 skew=35.818 age=54.329
10-11 18:15:17.058 21460 21538 I ReactNativeJS: [outputs] playMorse.symbol {"timestamp":21903236.446903,"wallClock":1760220917057,"symbol":"-","durationMs":120,"index":21,"source":"console.replay","correlationId":"console-replay:mgmu341tk2f71cox","nativeTimestampMs":21903181.995,"nativeDurationMs":120,"nativeOffsetMs":54.41018399968743,"nativeSequence":22,"monotonicTimestampMs":21903181.995,"nativeExpectedTimestampMs":21903146.177,"nativeStartSkewMs":35.818,"nativeBatchElapsedMs":2435.818,"nativeExpectedSincePriorMs":80,"nativeSincePriorMs":81.859,"nativePatternStartMs":21900746.177,"nativeAgeMs":54.329}
10-11 18:15:17.058 21460 21538 I ReactNativeJS: [outputs] outputs.hapticSymbol {"timestamp":21903236.921486,"wallClock":1760220917058,"enabled":true,"symbol":"-","durationMs":120,"platform":"android","source":"console.replay","correlationId":"console-replay:mgmu341tk2f71cox","timelineOffsetMs":54.41018399968743}
10-11 18:15:17.059 21460 21538 I ReactNativeJS: [outputs] outputs.flashPulse {"timestamp":21903237.545236,"wallClock":1760220917058,"enabled":true,"durationMs":120,"source":"console.replay","correlationId":"console-replay:mgmu341tk2f71cox","timelineOffsetMs":54.41018399968743,"schedulingMode":"timeline","audioStartHeadroomMs":-99.35807999968529,"audioStartGuard":"headroom","audioStartCompensationMs":99.35807999968529}
10-11 18:15:17.112 21460 21538 I ReactNativeJS: [outputs] outputs.flashPulse.commit {"timestamp":21903290.347997,"wallClock":1760220917111,"durationMs":40,"source":"console.replay","correlationId":"console-replay:mgmu3408vp3f2wcn","latencyMs":111.58588499948382,"timelineOffsetMs":78.61783000081778,"leadMs":8,"scheduleSkewMs":110.3626560010016,"schedulingMode":"timeline","audioStartHeadroomMs":-121.79839199781418,"audioStartGuard":"headroom","audioStartCompensationMs":121.79839199781418}
10-11 18:15:17.123 21460 21900 D OutputsAudio: [outputs-audio] stop gain=1.000 release=6.00
10-11 18:15:17.157 21460 21538 I ReactNativeJS: [outputs] outputs.flashPulse.commit {"timestamp":21903335.440184,"wallClock":1760220917156,"durationMs":120,"source":"console.replay","correlationId":"console-replay:mgmu341tk2f71cox","latencyMs":99.02703100070357,"timelineOffsetMs":54.41018399968743,"leadMs":8,"scheduleSkewMs":97.89557300135493,"schedulingMode":"timeline","audioStartHeadroomMs":-99.35807999968529,"audioStartGuard":"headroom","audioStartCompensationMs":99.35807999968529}
10-11 18:15:17.164 21460 21900 D OutputsAudio: [outputs-audio] start hz=700.0 gain=1.000 attack=2.50 release=6.00
10-11 18:15:17.165 21460 21900 D OutputsAudio: [outputs-audio] playMorse.symbol.start sequence=23 symbol=- expected=21903306.177 actual=21903343.564 skew=37.388 batchElapsed=2597.388
10-11 18:15:17.202 21460 21538 D OutputsAudio: [outputs-audio] symbol.info sequence=23 symbol=- timestamp=21903343.564 duration=120.000 expected=21903306.177 skew=37.388 age=37.369
10-11 18:15:17.202 21460 21538 I ReactNativeJS: [outputs] playMorse.symbol {"timestamp":21903381.065288,"wallClock":1760220917202,"symbol":"-","durationMs":120,"index":22,"source":"console.replay","correlationId":"console-replay:mgmu345uom7rdbbj","nativeTimestampMs":21903343.564,"nativeDurationMs":120,"nativeOffsetMs":37.45488199964166,"nativeSequence":23,"monotonicTimestampMs":21903343.564,"nativeExpectedTimestampMs":21903306.177,"nativeStartSkewMs":37.388,"nativeBatchElapsedMs":2597.388,"nativeExpectedSincePriorMs":160,"nativeSincePriorMs":161.57,"nativePatternStartMs":21900746.177,"nativeAgeMs":37.369}
10-11 18:15:17.203 21460 21538 I ReactNativeJS: [outputs] outputs.hapticSymbol {"timestamp":21903381.540184,"wallClock":1760220917202,"enabled":true,"symbol":"-","durationMs":120,"platform":"android","source":"console.replay","correlationId":"console-replay:mgmu345uom7rdbbj","timelineOffsetMs":37.45488199964166}
10-11 18:15:17.203 21460 21538 I ReactNativeJS: [outputs] outputs.flashPulse {"timestamp":21903382.171174,"wallClock":1760220917203,"enabled":true,"durationMs":120,"source":"console.replay","correlationId":"console-replay:mgmu345uom7rdbbj","timelineOffsetMs":37.45488199964166,"schedulingMode":"timeline","audioStartHeadroomMs":-83.984589997679,"audioStartGuard":"headroom","audioStartCompensationMs":83.984589997679}
10-11 18:15:17.260 21460 21538 I ReactNativeJS: [outputs] outputs.flashPulse.commit {"timestamp":21903438.960601,"wallClock":1760220917260,"durationMs":120,"source":"console.replay","correlationId":"console-replay:mgmu345uom7rdbbj","latencyMs":57.93234400078654,"timelineOffsetMs":37.45488199964166,"leadMs":8,"scheduleSkewMs":56.78802099823952,"schedulingMode":"timeline","audioStartHeadroomMs":-83.984589997679,"audioStartGuard":"headroom","audioStartCompensationMs":83.984589997679}
10-11 18:15:17.285 21460 21900 D OutputsAudio: [outputs-audio] stop gain=1.000 release=6.00
10-11 18:15:17.326 21460 21900 D OutputsAudio: [outputs-audio] start hz=700.0 gain=1.000 attack=2.50 release=6.00
10-11 18:15:17.327 21460 21900 D OutputsAudio: [outputs-audio] playMorse.symbol.start sequence=24 symbol=- expected=21903466.177 actual=21903505.577 skew=39.400 batchElapsed=2759.400
10-11 18:15:17.340 21460 21538 D OutputsAudio: [outputs-audio] symbol.info sequence=24 symbol=- timestamp=21903505.577 duration=120.000 expected=21903466.177 skew=39.400 age=13.305
10-11 18:15:17.341 21460 21538 I ReactNativeJS: [outputs] playMorse.symbol {"timestamp":21903519.052267,"wallClock":1760220917340,"symbol":"-","durationMs":120,"index":23,"source":"console.replay","correlationId":"console-replay:mgmu349owu6bzpie","nativeTimestampMs":21903505.577,"nativeDurationMs":120,"nativeOffsetMs":13.409278001636267,"nativeSequence":24,"monotonicTimestampMs":21903505.577,"nativeExpectedTimestampMs":21903466.177,"nativeStartSkewMs":39.4,"nativeBatchElapsedMs":2759.4,"nativeExpectedSincePriorMs":160,"nativeSincePriorMs":162.013,"nativePatternStartMs":21900746.177,"nativeAgeMs":13.305}
10-11 18:15:17.341 21460 21538 I ReactNativeJS: [outputs] outputs.hapticSymbol {"timestamp":21903519.716799,"wallClock":1760220917341,"enabled":true,"symbol":"-","durationMs":120,"platform":"android","source":"console.replay","correlationId":"console-replay:mgmu349owu6bzpie","timelineOffsetMs":13.409278001636267}
10-11 18:15:17.342 21460 21538 I ReactNativeJS: [outputs] outputs.flashPulse {"timestamp":21903520.605861,"wallClock":1760220917342,"enabled":true,"durationMs":120,"source":"console.replay","correlationId":"console-replay:mgmu349owu6bzpie","timelineOffsetMs":13.409278001636267,"schedulingMode":"timeline","audioStartHeadroomMs":-62.417663000524044,"audioStartGuard":"headroom","audioStartCompensationMs":62.417663000524044}
10-11 18:15:17.402 21460 21538 I ReactNativeJS: [outputs] outputs.flashPulse.commit {"timestamp":21903580.540965,"wallClock":1760220917401,"durationMs":120,"source":"console.replay","correlationId":"console-replay:mgmu349owu6bzpie","latencyMs":61.545311998575926,"timelineOffsetMs":13.409278001636267,"leadMs":8,"scheduleSkewMs":59.93505199998617,"schedulingMode":"timeline","audioStartHeadroomMs":-62.417663000524044,"audioStartGuard":"headroom","audioStartCompensationMs":62.417663000524044}
10-11 18:15:17.447 21460 21900 D OutputsAudio: [outputs-audio] stop gain=1.000 release=6.00
10-11 18:15:17.488 21460 21900 D OutputsAudio: [outputs-audio] start hz=700.0 gain=1.000 attack=2.50 release=6.00
10-11 18:15:17.488 21460 21900 D OutputsAudio: [outputs-audio] playMorse.symbol.start sequence=25 symbol=. expected=21903626.177 actual=21903667.004 skew=40.828 batchElapsed=2920.828
10-11 18:15:17.502 21460 21538 D OutputsAudio: [outputs-audio] symbol.info sequence=25 symbol=. timestamp=21903667.004 duration=40.000 expected=21903626.177 skew=40.828 age=13.712
10-11 18:15:17.502 21460 21538 I ReactNativeJS: [outputs] playMorse.symbol {"timestamp":21903680.904871,"wallClock":1760220917502,"symbol":".","durationMs":40,"index":24,"source":"console.replay","correlationId":"console-replay:mgmu34e6n6xrwpsa","nativeTimestampMs":21903667.004,"nativeDurationMs":40,"nativeOffsetMs":13.82404899969697,"nativeSequence":25,"monotonicTimestampMs":21903667.004,"nativeExpectedTimestampMs":21903626.177,"nativeStartSkewMs":40.828,"nativeBatchElapsedMs":2920.828,"nativeExpectedSincePriorMs":160,"nativeSincePriorMs":161.427,"nativePatternStartMs":21900746.177,"nativeAgeMs":13.712}
10-11 18:15:17.503 21460 21538 I ReactNativeJS: [outputs] outputs.hapticSymbol {"timestamp":21903681.641069,"wallClock":1760220917503,"enabled":true,"symbol":".","durationMs":40,"platform":"android","source":"console.replay","correlationId":"console-replay:mgmu34e6n6xrwpsa","timelineOffsetMs":13.82404899969697}
10-11 18:15:17.504 21460 21538 I ReactNativeJS: [outputs] outputs.flashPulse {"timestamp":21903682.580132,"wallClock":1760220917503,"enabled":true,"durationMs":40,"source":"console.replay","correlationId":"console-replay:mgmu34e6n6xrwpsa","timelineOffsetMs":13.82404899969697,"schedulingMode":"timeline","audioStartHeadroomMs":-64.39011099934578,"audioStartGuard":"headroom","audioStartCompensationMs":64.39011099934578}
10-11 18:15:17.528 21460 21900 D OutputsAudio: [outputs-audio] stop gain=1.000 release=6.00
10-11 18:15:17.559 21460 21538 I ReactNativeJS: [outputs] outputs.flashPulse.commit {"timestamp":21903737.212684,"wallClock":1760220917558,"durationMs":40,"source":"console.replay","correlationId":"console-replay:mgmu34e6n6xrwpsa","latencyMs":56.37536399811506,"timelineOffsetMs":13.82404899969697,"leadMs":8,"scheduleSkewMs":54.63406199961901,"schedulingMode":"timeline","audioStartHeadroomMs":-64.39011099934578,"audioStartGuard":"headroom","audioStartCompensationMs":64.39011099934578}
10-11 18:15:17.569 21460 21900 D OutputsAudio: [outputs-audio] start hz=700.0 gain=1.000 attack=2.50 release=6.00
10-11 18:15:17.569 21460 21900 D OutputsAudio: [outputs-audio] playMorse.symbol.start sequence=26 symbol=. expected=21903706.177 actual=21903748.441 skew=42.264 batchElapsed=3002.264
10-11 18:15:17.603 21460 21538 D OutputsAudio: [outputs-audio] symbol.info sequence=26 symbol=. timestamp=21903748.441 duration=40.000 expected=21903706.177 skew=42.264 age=33.586
10-11 18:15:17.604 21460 21538 I ReactNativeJS: [outputs] playMorse.symbol {"timestamp":21903782.164194,"wallClock":1760220917603,"symbol":".","durationMs":40,"index":25,"source":"console.replay","correlationId":"console-replay:mgmu34gz02mk0efz","nativeTimestampMs":21903748.441,"nativeDurationMs":40,"nativeOffsetMs":33.67350700125098,"nativeSequence":26,"monotonicTimestampMs":21903748.441,"nativeExpectedTimestampMs":21903706.177,"nativeStartSkewMs":42.264,"nativeBatchElapsedMs":3002.264,"nativeExpectedSincePriorMs":80,"nativeSincePriorMs":81.437,"nativePatternStartMs":21900746.177,"nativeAgeMs":33.586}
10-11 18:15:17.604 21460 21538 I ReactNativeJS: [outputs] outputs.hapticSymbol {"timestamp":21903782.680288,"wallClock":1760220917604,"enabled":true,"symbol":".","durationMs":40,"platform":"android","source":"console.replay","correlationId":"console-replay:mgmu34gz02mk0efz","timelineOffsetMs":33.67350700125098}
10-11 18:15:17.605 21460 21538 I ReactNativeJS: [outputs] outputs.flashPulse {"timestamp":21903783.384038,"wallClock":1760220917604,"enabled":true,"durationMs":40,"source":"console.replay","correlationId":"console-replay:mgmu34gz02mk0efz","timelineOffsetMs":33.67350700125098,"schedulingMode":"timeline","audioStartHeadroomMs":-85.19766299799085,"audioStartGuard":"headroom","audioStartCompensationMs":85.19766299799085}
10-11 18:15:17.609 21460 21900 D OutputsAudio: [outputs-audio] stop gain=1.000 release=6.00
10-11 18:15:17.650 21460 21900 D OutputsAudio: [outputs-audio] start hz=700.0 gain=1.000 attack=2.50 release=6.00
10-11 18:15:17.650 21460 21900 D OutputsAudio: [outputs-audio] playMorse.symbol.start sequence=27 symbol=. expected=21903786.177 actual=21903829.067 skew=42.890 batchElapsed=3082.890
10-11 18:15:17.666 21460 21538 I ReactNativeJS: [outputs] outputs.flashPulse.commit {"timestamp":21903844.742684,"wallClock":1760220917666,"durationMs":40,"source":"console.replay","correlationId":"console-replay:mgmu34gz02mk0efz","latencyMs":62.61911400035024,"timelineOffsetMs":33.67350700125098,"leadMs":8,"scheduleSkewMs":61.357135001569986,"schedulingMode":"timeline","audioStartHeadroomMs":-85.19766299799085,"audioStartGuard":"headroom","audioStartCompensationMs":85.19766299799085}
10-11 18:15:17.691 21460 21900 D OutputsAudio: [outputs-audio] stop gain=1.000 release=6.00
10-11 18:15:17.691 21460 21900 D OutputsAudio: [outputs-audio] stop gain=1.000 release=6.00
10-11 18:15:17.691 21460 21900 D OutputsAudio: [outputs-audio] playMorse.end cancelled=0
10-11 18:15:17.711 21460 21538 D OutputsAudio: [outputs-audio] symbol.info sequence=27 symbol=. timestamp=21903829.067 duration=40.000 expected=21903786.177 skew=42.890 age=60.544
10-11 18:15:17.711 21460 21538 I ReactNativeJS: [outputs] playMorse.symbol {"timestamp":21903889.744142,"wallClock":1760220917711,"symbol":".","durationMs":40,"index":26,"source":"console.replay","correlationId":"console-replay:mgmu34jzlxqc4emq","nativeTimestampMs":21903829.067,"nativeDurationMs":40,"nativeOffsetMs":60.62865299731493,"nativeSequence":27,"monotonicTimestampMs":21903829.067,"nativeExpectedTimestampMs":21903786.177,"nativeStartSkewMs":42.89,"nativeBatchElapsedMs":3082.89,"nativeExpectedSincePriorMs":80,"nativeSincePriorMs":80.626,"nativePatternStartMs":21900746.177,"nativeAgeMs":60.544}
10-11 18:15:17.711 21460 21538 I ReactNativeJS: [outputs] outputs.hapticSymbol {"timestamp":21903890.240965,"wallClock":1760220917711,"enabled":true,"symbol":".","durationMs":40,"platform":"android","source":"console.replay","correlationId":"console-replay:mgmu34jzlxqc4emq","timelineOffsetMs":60.62865299731493}
10-11 18:15:17.712 21460 21538 I ReactNativeJS: [outputs] outputs.flashPulse {"timestamp":21903890.88758,"wallClock":1760220917712,"enabled":true,"durationMs":40,"source":"console.replay","correlationId":"console-replay:mgmu34jzlxqc4emq","timelineOffsetMs":60.62865299731493,"schedulingMode":"timeline","audioStartHeadroomMs":-112.70115299895406,"audioStartGuard":"headroom","audioStartCompensationMs":112.70115299895406}
10-11 18:15:17.768 21460 21538 I ReactNativeJS: [outputs] playMorse.complete {"timestamp":21903946.258986,"wallClock":1760220917767,"durationMs":3337.0659880004823,"source":"console.replay","audioEnabled":true,"audioVolumePercent":100}
10-11 18:15:17.813 21460 21538 I ReactNativeJS: [outputs] outputs.flashPulse.commit {"timestamp":21903991.621486,"wallClock":1760220917813,"durationMs":40,"source":"console.replay","correlationId":"console-replay:mgmu34jzlxqc4emq","latencyMs":101.91671800240874,"timelineOffsetMs":60.62865299731493,"leadMs":8,"scheduleSkewMs":100.73265600204468,"schedulingMode":"timeline","audioStartHeadroomMs":-112.70115299895406,"audioStartGuard":"headroom","audioStartCompensationMs":112.70115299895406}
10-11 18:15:20.327 21460 21538 I ReactNativeJS: [outputs] playMorse.start {"timestamp":21906505.816589,"wallClock":1760220920327,"unitMs":34,"length":28,"source":"console.replay","audioEnabled":true,"audioVolumePercent":100}
10-11 18:15:20.445 21460 21538 D OutputsAudio: [outputs-audio] warmup hz=700.0
10-11 18:15:20.446 21460 21927 D OutputsAudio: [outputs-audio] playMorse.start count=27 unit=34.0
10-11 18:15:20.446 21460 21927 D OutputsAudio: [outputs-audio] start hz=700.0 gain=1.000 attack=2.50 release=6.00
10-11 18:15:20.446 21460 21927 D OutputsAudio: [outputs-audio] playMorse.symbol.start sequence=1 symbol=. expected=21906625.012 actual=21906625.023 skew=0.011 batchElapsed=0.011
10-11 18:15:20.457 21460 21538 D OutputsAudio: [outputs-audio] symbol.info sequence=1 symbol=. timestamp=21906625.023 duration=34.000 expected=21906625.012 skew=0.011 age=10.716
10-11 18:15:20.458 21460 21538 I ReactNativeJS: [outputs] playMorse.symbol {"timestamp":21906635.918829,"wallClock":1760220920457,"symbol":".","durationMs":34,"index":0,"source":"console.replay","correlationId":"console-replay:mgmu36o98fdxsjju","nativeTimestampMs":21906625.023,"nativeDurationMs":34,"nativeOffsetMs":10.826922003179789,"nativeSequence":1,"monotonicTimestampMs":21906625.023,"nativeExpectedTimestampMs":21906625.012,"nativeStartSkewMs":0.011,"nativeBatchElapsedMs":0.011,"nativeExpectedSincePriorMs":0,"nativeSincePriorMs":0,"nativePatternStartMs":21906625.012,"nativeAgeMs":10.716}
10-11 18:15:20.458 21460 21538 I ReactNativeJS: [outputs] outputs.hapticSymbol {"timestamp":21906636.741329,"wallClock":1760220920458,"enabled":true,"symbol":".","durationMs":34,"platform":"android","source":"console.replay","correlationId":"console-replay:mgmu36o98fdxsjju","timelineOffsetMs":10.826922003179789}
10-11 18:15:20.459 21460 21538 I ReactNativeJS: [outputs] outputs.flashPulse {"timestamp":21906637.810704,"wallClock":1760220920459,"enabled":true,"durationMs":34,"source":"console.replay","correlationId":"console-replay:mgmu36o98fdxsjju","timelineOffsetMs":10.826922003179789,"schedulingMode":"timeline","audioStartHeadroomMs":-20.78328699991107,"audioStartGuard":"headroom","audioStartCompensationMs":20.78328699991107}
10-11 18:15:20.481 21460 21927 D OutputsAudio: [outputs-audio] stop gain=1.000 release=6.00
10-11 18:15:20.516 21460 21927 D OutputsAudio: [outputs-audio] start hz=700.0 gain=1.000 attack=2.50 release=6.00
10-11 18:15:20.516 21460 21927 D OutputsAudio: [outputs-audio] playMorse.symbol.start sequence=2 symbol=. expected=21906693.012 actual=21906694.783 skew=1.771 batchElapsed=69.771
10-11 18:15:20.525 21460 21538 I ReactNativeJS: [outputs] outputs.flashPulse.commit {"timestamp":21906703.804714,"wallClock":1760220920525,"durationMs":34,"source":"console.replay","correlationId":"console-replay:mgmu36o98fdxsjju","latencyMs":67.94515699893236,"timelineOffsetMs":10.826922003179789,"leadMs":8,"scheduleSkewMs":65.99692700058222,"schedulingMode":"timeline","audioStartHeadroomMs":-20.78328699991107,"audioStartGuard":"headroom","audioStartCompensationMs":20.78328699991107}
10-11 18:15:20.551 21460 21927 D OutputsAudio: [outputs-audio] stop gain=1.000 release=6.00
10-11 18:15:20.576 21460 21538 D OutputsAudio: [outputs-audio] symbol.info sequence=2 symbol=. timestamp=21906694.783 duration=34.000 expected=21906693.012 skew=1.771 age=59.781
10-11 18:15:20.576 21460 21538 I ReactNativeJS: [outputs] playMorse.symbol {"timestamp":21906754.695756,"wallClock":1760220920576,"symbol":".","durationMs":34,"index":1,"source":"console.replay","correlationId":"console-replay:mgmu36rk3qtejf59","nativeTimestampMs":21906694.783,"nativeDurationMs":34,"nativeOffsetMs":59.86160999909043,"nativeSequence":2,"monotonicTimestampMs":21906694.783,"nativeExpectedTimestampMs":21906693.012,"nativeStartSkewMs":1.771,"nativeBatchElapsedMs":69.771,"nativeExpectedSincePriorMs":68,"nativeSincePriorMs":69.76,"nativePatternStartMs":21906625.012,"nativeAgeMs":59.781}
10-11 18:15:20.576 21460 21538 I ReactNativeJS: [outputs] outputs.hapticSymbol {"timestamp":21906755.191797,"wallClock":1760220920576,"enabled":true,"symbol":".","durationMs":34,"platform":"android","source":"console.replay","correlationId":"console-replay:mgmu36rk3qtejf59","timelineOffsetMs":59.86160999909043}
10-11 18:15:20.577 21460 21538 I ReactNativeJS: [outputs] outputs.flashPulse {"timestamp":21906755.823829,"wallClock":1760220920577,"enabled":true,"durationMs":34,"source":"console.replay","correlationId":"console-replay:mgmu36rk3qtejf59","timelineOffsetMs":59.86160999909043,"schedulingMode":"timeline","audioStartHeadroomMs":-70.80318300053477,"audioStartGuard":"headroom","audioStartCompensationMs":70.80318300053477}
10-11 18:15:20.585 21460 21927 D OutputsAudio: [outputs-audio] start hz=700.0 gain=1.000 attack=2.50 release=6.00
10-11 18:15:20.585 21460 21927 D OutputsAudio: [outputs-audio] playMorse.symbol.start sequence=3 symbol=. expected=21906761.012 actual=21906764.546 skew=3.534 batchElapsed=139.534
10-11 18:15:20.620 21460 21927 D OutputsAudio: [outputs-audio] stop gain=1.000 release=6.00
10-11 18:15:20.628 21460 21538 I ReactNativeJS: [outputs] outputs.flashPulse.commit {"timestamp":21906806.983881,"wallClock":1760220920628,"durationMs":34,"source":"console.replay","correlationId":"console-replay:mgmu36rk3qtejf59","latencyMs":52.33098899945617,"timelineOffsetMs":59.86160999909043,"leadMs":8,"scheduleSkewMs":51.15890599787235,"schedulingMode":"timeline","audioStartHeadroomMs":-70.80318300053477,"audioStartGuard":"headroom","audioStartCompensationMs":70.80318300053477}
10-11 18:15:20.655 21460 21927 D OutputsAudio: [outputs-audio] start hz=700.0 gain=1.000 attack=2.50 release=6.00
10-11 18:15:20.656 21460 21927 D OutputsAudio: [outputs-audio] playMorse.symbol.start sequence=4 symbol=- expected=21906829.012 actual=21906834.722 skew=5.710 batchElapsed=209.710
10-11 18:15:20.672 21460 21538 D OutputsAudio: [outputs-audio] symbol.info sequence=4 symbol=- timestamp=21906834.722 duration=102.000 expected=21906829.012 skew=5.710 age=16.328
10-11 18:15:20.676 21460 21538 W ReactNativeJS: '[outputs-audio] native sequence jump', { previous: 2, next: 4, delta: 2 }
10-11 18:15:20.678 21460 21538 I ReactNativeJS: [outputs] playMorse.symbol {"timestamp":21906856.849037,"wallClock":1760220920678,"symbol":".","durationMs":34,"index":2,"source":"console.replay","correlationId":"console-replay:mgmu36ue23xfpvue","nativeTimestampMs":21906834.722,"nativeDurationMs":102,"nativeOffsetMs":22.048443000763655,"nativeSequence":4,"monotonicTimestampMs":21906834.722,"nativeExpectedTimestampMs":21906829.012,"nativeStartSkewMs":5.71,"nativeBatchElapsedMs":209.71,"nativeExpectedSincePriorMs":68,"nativeSincePriorMs":70.176,"nativePatternStartMs":21906625.012,"nativeAgeMs":16.328}
10-11 18:15:20.678 21460 21538 I ReactNativeJS: [outputs] outputs.hapticSymbol {"timestamp":21906857.295599,"wallClock":1760220920678,"enabled":true,"symbol":".","durationMs":34,"platform":"android","source":"console.replay","correlationId":"console-replay:mgmu36ue23xfpvue","timelineOffsetMs":22.048443000763655}
10-11 18:15:20.679 21460 21538 I ReactNativeJS: [outputs] outputs.flashPulse {"timestamp":21906857.937683,"wallClock":1760220920679,"enabled":true,"durationMs":34,"source":"console.replay","correlationId":"console-replay:mgmu36ue23xfpvue","timelineOffsetMs":22.048443000763655,"schedulingMode":"timeline","audioStartHeadroomMs":-36.91667200252414,"audioStartGuard":"headroom","audioStartCompensationMs":36.91667200252414}
10-11 18:15:20.752 21460 21538 I ReactNativeJS: [outputs] outputs.flashPulse.commit {"timestamp":21906930.225026,"wallClock":1760220920751,"durationMs":34,"source":"console.replay","correlationId":"console-replay:mgmu36ue23xfpvue","latencyMs":73.44249999895692,"timelineOffsetMs":22.048443000763655,"leadMs":8,"scheduleSkewMs":72.28265599906445,"schedulingMode":"timeline","audioStartHeadroomMs":-36.91667200252414,"audioStartGuard":"headroom","audioStartCompensationMs":36.91667200252414}
10-11 18:15:20.758 21460 21927 D OutputsAudio: [outputs-audio] stop gain=1.000 release=6.00
10-11 18:15:20.793 21460 21927 D OutputsAudio: [outputs-audio] start hz=700.0 gain=1.000 attack=2.50 release=6.00
10-11 18:15:20.793 21460 21927 D OutputsAudio: [outputs-audio] playMorse.symbol.start sequence=5 symbol=- expected=21906965.012 actual=21906972.142 skew=7.131 batchElapsed=347.131
10-11 18:15:20.803 21460 21538 D OutputsAudio: [outputs-audio] symbol.info sequence=5 symbol=- timestamp=21906972.142 duration=102.000 expected=21906965.012 skew=7.131 age=10.345
10-11 18:15:20.804 21460 21538 I ReactNativeJS: [outputs] playMorse.symbol {"timestamp":21906982.629193,"wallClock":1760220920804,"symbol":"-","durationMs":102,"index":3,"source":"console.replay","correlationId":"console-replay:mgmu36xwapon8tkq","nativeTimestampMs":21906972.142,"nativeDurationMs":102,"nativeOffsetMs":10.444745000451803,"nativeSequence":5,"monotonicTimestampMs":21906972.142,"nativeExpectedTimestampMs":21906965.012,"nativeStartSkewMs":7.131,"nativeBatchElapsedMs":347.131,"nativeExpectedSincePriorMs":136,"nativeSincePriorMs":137.42,"nativePatternStartMs":21906625.012,"nativeAgeMs":10.345}
10-11 18:15:20.804 21460 21538 I ReactNativeJS: [outputs] outputs.hapticSymbol {"timestamp":21906983.136641,"wallClock":1760220920804,"enabled":true,"symbol":"-","durationMs":102,"platform":"android","source":"console.replay","correlationId":"console-replay:mgmu36xwapon8tkq","timelineOffsetMs":10.444745000451803}
10-11 18:15:20.805 21460 21538 I ReactNativeJS: [outputs] outputs.flashPulse {"timestamp":21906983.789297,"wallClock":1760220920805,"enabled":true,"durationMs":102,"source":"console.replay","correlationId":"console-replay:mgmu36xwapon8tkq","timelineOffsetMs":10.444745000451803,"schedulingMode":"timeline","audioStartHeadroomMs":-26.7680780030787,"audioStartGuard":"headroom","audioStartCompensationMs":26.7680780030787}
10-11 18:15:20.892 21460 21538 I ReactNativeJS: [outputs] outputs.flashPulse.commit {"timestamp":21907070.180599,"wallClock":1760220920891,"durationMs":102,"source":"console.replay","correlationId":"console-replay:mgmu36xwapon8tkq","latencyMs":87.57458299770951,"timelineOffsetMs":10.444745000451803,"leadMs":8,"scheduleSkewMs":86.37963499873877,"schedulingMode":"timeline","audioStartHeadroomMs":-26.7680780030787,"audioStartGuard":"headroom","audioStartCompensationMs":26.7680780030787}
10-11 18:15:20.896 21460 21927 D OutputsAudio: [outputs-audio] stop gain=1.000 release=6.00
10-11 18:15:20.930 21460 21927 D OutputsAudio: [outputs-audio] start hz=700.0 gain=1.000 attack=2.50 release=6.00
10-11 18:15:20.930 21460 21927 D OutputsAudio: [outputs-audio] playMorse.symbol.start sequence=6 symbol=- expected=21907101.012 actual=21907109.271 skew=8.259 batchElapsed=484.259
10-11 18:15:20.957 21460 21538 D OutputsAudio: [outputs-audio] symbol.info sequence=6 symbol=- timestamp=21907109.271 duration=102.000 expected=21907101.012 skew=8.259 age=26.387
10-11 18:15:20.957 21460 21538 I ReactNativeJS: [outputs] playMorse.symbol {"timestamp":21907135.794506,"wallClock":1760220920957,"symbol":"-","durationMs":102,"index":4,"source":"console.replay","correlationId":"console-replay:mgmu37257caz4rdr","nativeTimestampMs":21907109.271,"nativeDurationMs":102,"nativeOffsetMs":26.474755998700857,"nativeSequence":6,"monotonicTimestampMs":21907109.271,"nativeExpectedTimestampMs":21907101.012,"nativeStartSkewMs":8.259,"nativeBatchElapsedMs":484.259,"nativeExpectedSincePriorMs":136,"nativeSincePriorMs":137.129,"nativePatternStartMs":21906625.012,"nativeAgeMs":26.387}
10-11 18:15:20.958 21460 21538 I ReactNativeJS: [outputs] outputs.hapticSymbol {"timestamp":21907136.369193,"wallClock":1760220920957,"enabled":true,"symbol":"-","durationMs":102,"platform":"android","source":"console.replay","correlationId":"console-replay:mgmu37257caz4rdr","timelineOffsetMs":26.474755998700857}
10-11 18:15:20.958 21460 21538 I ReactNativeJS: [outputs] outputs.flashPulse {"timestamp":21907137.006537,"wallClock":1760220920958,"enabled":true,"durationMs":102,"source":"console.replay","correlationId":"console-replay:mgmu37257caz4rdr","timelineOffsetMs":26.474755998700857,"schedulingMode":"timeline","audioStartHeadroomMs":-43.98542200028896,"audioStartGuard":"headroom","audioStartCompensationMs":43.98542200028896}
10-11 18:15:21.018 21460 21538 I ReactNativeJS: [outputs] outputs.flashPulse.commit {"timestamp":21907196.367422,"wallClock":1760220921017,"durationMs":102,"source":"console.replay","correlationId":"console-replay:mgmu37257caz4rdr","latencyMs":60.61218699812889,"timelineOffsetMs":26.474755998700857,"leadMs":8,"scheduleSkewMs":59.35900999978185,"schedulingMode":"timeline","audioStartHeadroomMs":-43.98542200028896,"audioStartGuard":"headroom","audioStartCompensationMs":43.98542200028896}
10-11 18:15:21.033 21460 21927 D OutputsAudio: [outputs-audio] stop gain=1.000 release=6.00
10-11 18:15:21.068 21460 21927 D OutputsAudio: [outputs-audio] start hz=700.0 gain=1.000 attack=2.50 release=6.00
10-11 18:15:21.068 21460 21927 D OutputsAudio: [outputs-audio] playMorse.symbol.start sequence=7 symbol=. expected=21907237.012 actual=21907246.766 skew=9.754 batchElapsed=621.754
10-11 18:15:21.068 21460 21538 D OutputsAudio: [outputs-audio] symbol.info sequence=7 symbol=. timestamp=21907246.766 duration=34.000 expected=21907237.012 skew=9.754 age=0.739
10-11 18:15:21.069 21460 21538 I ReactNativeJS: [outputs] playMorse.symbol {"timestamp":21907247.631693,"wallClock":1760220921069,"symbol":"-","durationMs":102,"index":5,"source":"console.replay","correlationId":"console-replay:mgmu3759309qfb8v","nativeTimestampMs":21907246.766,"nativeDurationMs":34,"nativeOffsetMs":0.816370002925396,"nativeSequence":7,"monotonicTimestampMs":21907246.766,"nativeExpectedTimestampMs":21907237.012,"nativeStartSkewMs":9.754,"nativeBatchElapsedMs":621.754,"nativeExpectedSincePriorMs":136,"nativeSincePriorMs":137.495,"nativePatternStartMs":21906625.012,"nativeAgeMs":0.739}
10-11 18:15:21.069 21460 21538 I ReactNativeJS: [outputs] outputs.hapticSymbol {"timestamp":21907248.197058,"wallClock":1760220921069,"enabled":true,"symbol":"-","durationMs":102,"platform":"android","source":"console.replay","correlationId":"console-replay:mgmu3759309qfb8v","timelineOffsetMs":0.816370002925396}
10-11 18:15:21.070 21460 21538 I ReactNativeJS: [outputs] outputs.flashPulse {"timestamp":21907248.852891,"wallClock":1760220921070,"enabled":true,"durationMs":102,"source":"console.replay","correlationId":"console-replay:mgmu3759309qfb8v","timelineOffsetMs":0.816370002925396,"schedulingMode":"timeline","audioStartHeadroomMs":-19.831308003515005,"audioStartGuard":"headroom","audioStartCompensationMs":19.831308003515005}
10-11 18:15:21.103 21460 21927 D OutputsAudio: [outputs-audio] stop gain=1.000 release=6.00
10-11 18:15:21.127 21460 21538 I ReactNativeJS: [outputs] outputs.flashPulse.commit {"timestamp":21907305.745599,"wallClock":1760220921127,"durationMs":102,"source":"console.replay","correlationId":"console-replay:mgmu3759309qfb8v","latencyMs":58.155520997941494,"timelineOffsetMs":0.816370002925396,"leadMs":8,"scheduleSkewMs":56.89307300001383,"schedulingMode":"timeline","audioStartHeadroomMs":-19.831308003515005,"audioStartGuard":"headroom","audioStartCompensationMs":19.831308003515005}
10-11 18:15:21.137 21460 21927 D OutputsAudio: [outputs-audio] start hz=700.0 gain=1.000 attack=2.50 release=6.00
10-11 18:15:21.137 21460 21927 D OutputsAudio: [outputs-audio] playMorse.symbol.start sequence=8 symbol=. expected=21907305.012 actual=21907315.971 skew=10.959 batchElapsed=690.959
10-11 18:15:21.171 21460 21538 D OutputsAudio: [outputs-audio] symbol.info sequence=8 symbol=. timestamp=21907315.971 duration=34.000 expected=21907305.012 skew=10.959 age=34.177
10-11 18:15:21.172 21460 21538 I ReactNativeJS: [outputs] playMorse.symbol {"timestamp":21907350.283203,"wallClock":1760220921171,"symbol":".","durationMs":34,"index":6,"source":"console.replay","correlationId":"console-replay:mgmu3783renv8slm","nativeTimestampMs":21907315.971,"nativeDurationMs":34,"nativeOffsetMs":34.26444299891591,"nativeSequence":8,"monotonicTimestampMs":21907315.971,"nativeExpectedTimestampMs":21907305.012,"nativeStartSkewMs":10.959,"nativeBatchElapsedMs":690.959,"nativeExpectedSincePriorMs":68,"nativeSincePriorMs":69.204,"nativePatternStartMs":21906625.012,"nativeAgeMs":34.177}
10-11 18:15:21.172 21460 21927 D OutputsAudio: [outputs-audio] stop gain=1.000 release=6.00
10-11 18:15:21.172 21460 21538 I ReactNativeJS: [outputs] outputs.hapticSymbol {"timestamp":21907350.774714,"wallClock":1760220921172,"enabled":true,"symbol":".","durationMs":34,"platform":"android","source":"console.replay","correlationId":"console-replay:mgmu3783renv8slm","timelineOffsetMs":34.26444299891591}
10-11 18:15:21.173 21460 21538 I ReactNativeJS: [outputs] outputs.flashPulse {"timestamp":21907351.391537,"wallClock":1760220921172,"enabled":true,"durationMs":34,"source":"console.replay","correlationId":"console-replay:mgmu3783renv8slm","timelineOffsetMs":34.26444299891591,"schedulingMode":"timeline","audioStartHeadroomMs":-54.37120300158858,"audioStartGuard":"headroom","audioStartCompensationMs":54.37120300158858}
10-11 18:15:21.206 21460 21927 D OutputsAudio: [outputs-audio] start hz=700.0 gain=1.000 attack=2.50 release=6.00
10-11 18:15:21.206 21460 21927 D OutputsAudio: [outputs-audio] playMorse.symbol.start sequence=9 symbol=. expected=21907373.012 actual=21907385.070 skew=12.058 batchElapsed=760.058
10-11 18:15:21.224 21460 21538 I ReactNativeJS: [outputs] outputs.flashPulse.commit {"timestamp":21907402.951172,"wallClock":1760220921224,"durationMs":34,"source":"console.replay","correlationId":"console-replay:mgmu3783renv8slm","latencyMs":52.706822998821735,"timelineOffsetMs":34.26444299891591,"leadMs":8,"scheduleSkewMs":51.55755199864507,"schedulingMode":"timeline","audioStartHeadroomMs":-54.37120300158858,"audioStartGuard":"headroom","audioStartCompensationMs":54.37120300158858}
10-11 18:15:21.241 21460 21927 D OutputsAudio: [outputs-audio] stop gain=1.000 release=6.00
10-11 18:15:21.268 21460 21538 D OutputsAudio: [outputs-audio] symbol.info sequence=9 symbol=. timestamp=21907385.070 duration=34.000 expected=21907373.012 skew=12.058 age=62.097
10-11 18:15:21.269 21460 21538 I ReactNativeJS: [outputs] playMorse.symbol {"timestamp":21907447.297422,"wallClock":1760220921268,"symbol":".","durationMs":34,"index":7,"source":"console.replay","correlationId":"console-replay:mgmu37aspeyhq89w","nativeTimestampMs":21907385.07,"nativeDurationMs":34,"nativeOffsetMs":62.180077999830246,"nativeSequence":9,"monotonicTimestampMs":21907385.07,"nativeExpectedTimestampMs":21907373.012,"nativeStartSkewMs":12.058,"nativeBatchElapsedMs":760.058,"nativeExpectedSincePriorMs":68,"nativeSincePriorMs":69.099,"nativePatternStartMs":21906625.012,"nativeAgeMs":62.097}
10-11 18:15:21.269 21460 21538 I ReactNativeJS: [outputs] outputs.hapticSymbol {"timestamp":21907447.77612,"wallClock":1760220921269,"enabled":true,"symbol":".","durationMs":34,"platform":"android","source":"console.replay","correlationId":"console-replay:mgmu37aspeyhq89w","timelineOffsetMs":62.180077999830246}
10-11 18:15:21.270 21460 21538 I ReactNativeJS: [outputs] outputs.flashPulse {"timestamp":21907448.517735,"wallClock":1760220921269,"enabled":true,"durationMs":34,"source":"console.replay","correlationId":"console-replay:mgmu37aspeyhq89w","timelineOffsetMs":62.180077999830246,"schedulingMode":"timeline","audioStartHeadroomMs":-83.49708900228143,"audioStartGuard":"headroom","audioStartCompensationMs":83.49708900228143}
10-11 18:15:21.276 21460 21927 D OutputsAudio: [outputs-audio] start hz=700.0 gain=1.000 attack=2.50 release=6.00
10-11 18:15:21.276 21460 21927 D OutputsAudio: [outputs-audio] playMorse.symbol.start sequence=10 symbol=- expected=21907441.012 actual=21907455.215 skew=14.203 batchElapsed=830.203
