10-11 19:44:42.207 12221 19570 I ReactNativeJS: [outputs] outputs.flashPulse.commit {"timestamp":27268385.021054,"wallClock":1760226282206,"durationMs":120,"source":"console.replay","correlationId":"console-replay:mgmxa3rc3nx8l2gf","latencyMs":86.35494799911976,"timelineOffsetMs":8.9099080003798,"leadMs":8,"scheduleSkewMs":84.43025999888778,"schedulingMode":"timeline","audioStartHeadroomMs":-27.491877000778913,"audioStartGuard":"headroom","audioStartCompensationMs":27.491877000778913}
10-11 19:44:42.231 12221 19998 D OutputsAudio: [outputs-audio] stop gain=1.000 release=6.00
10-11 19:44:42.272 12221 19998 D OutputsAudio: [outputs-audio] start hz=650.0 gain=1.000 attack=2.50 release=6.00
10-11 19:44:42.272 12221 19998 D OutputsAudio: [outputs-audio] playMorse.symbol.start sequence=7 symbol=. expected=27268441.086 actual=27268450.732 skew=9.646 batchElapsed=729.646
10-11 19:44:42.292 12221 19570 D OutputsAudio: [outputs-audio] symbol.info sequence=7 symbol=. timestamp=27268450.732 duration=40.000 expected=27268441.086 skew=9.646 age=20.095
10-11 19:44:42.293 12221 19570 I ReactNativeJS: [outputs] playMorse.symbol {"timestamp":27268471.00871,"wallClock":1760226282292,"symbol":".","durationMs":40,"index":6,"source":"console.replay","correlationId":"console-replay:p011k2wk","nativeTimestampMs":27268450.732,"nativeDurationMs":40,"nativeOffsetMs":20.2044709995389,"nativeSequence":7,"monotonicTimestampMs":27268450.732,"nativeExpectedTimestampMs":27268441.086,"nativeStartSkewMs":9.646,"nativeBatchElapsedMs":729.646,"nativeExpectedSincePriorMs":160,"nativeSincePriorMs":160.987,"nativePatternStartMs":27267721.086,"nativeAgeMs":20.095}
10-11 19:44:42.293 12221 19570 I ReactNativeJS: [outputs] playMorse.symbol {"timestamp":27268471.865898,"wallClock":1760226282293,"symbol":".","durationMs":40,"index":6,"source":"console.replay","correlationId":"console-replay:mgmxa3w591a76bac","nativeTimestampMs":27268450.732,"nativeDurationMs":40,"nativeOffsetMs":20.2044709995389,"nativeSequence":7,"monotonicTimestampMs":27268450.732,"nativeExpectedTimestampMs":27268441.086,"nativeStartSkewMs":9.646,"nativeBatchElapsedMs":729.646,"nativeExpectedSincePriorMs":160,"nativeSincePriorMs":160.987,"nativePatternStartMs":27267721.086,"nativeAgeMs":20.095}
10-11 19:44:42.294 12221 19570 I ReactNativeJS: [outputs] outputs.hapticSymbol {"timestamp":27268472.501887,"wallClock":1760226282293,"enabled":true,"symbol":".","durationMs":40,"platform":"android","source":"console.replay","correlationId":"console-replay:mgmxa3w591a76bac","timelineOffsetMs":null}
10-11 19:44:42.295 12221 19570 I ReactNativeJS: [outputs] outputs.flashPulse {"timestamp":27268473.341106,"wallClock":1760226282294,"enabled":true,"durationMs":40,"source":"console.replay","correlationId":"console-replay:mgmxa3w591a76bac","timelineOffsetMs":20.2044709995389,"schedulingMode":"timeline","audioStartHeadroomMs":-40.24302300065756,"audioStartGuard":"headroom","audioStartCompensationMs":40.24302300065756}
10-11 19:44:42.313 12221 19998 D OutputsAudio: [outputs-audio] stop gain=1.000 release=6.00
10-11 19:44:42.353 12221 19998 D OutputsAudio: [outputs-audio] start hz=650.0 gain=1.000 attack=2.50 release=6.00
10-11 19:44:42.353 12221 19998 D OutputsAudio: [outputs-audio] playMorse.symbol.start sequence=8 symbol=. expected=27268521.086 actual=27268532.322 skew=11.236 batchElapsed=811.236
10-11 19:44:42.355 12221 19570 I ReactNativeJS: [outputs] outputs.flashPulse.commit {"timestamp":27268533.661679,"wallClock":1760226282355,"durationMs":40,"source":"console.replay","correlationId":"console-replay:mgmxa3w591a76bac","latencyMs":62.71635400131345,"timelineOffsetMs":20.2044709995389,"leadMs":8,"scheduleSkewMs":60.32192699983716,"schedulingMode":"timeline","audioStartHeadroomMs":-40.24302300065756,"audioStartGuard":"headroom","audioStartCompensationMs":40.24302300065756}
10-11 19:44:42.394 12221 19998 D OutputsAudio: [outputs-audio] stop gain=1.000 release=6.00
10-11 19:44:42.398 12221 19570 D OutputsAudio: [outputs-audio] symbol.info sequence=8 symbol=. timestamp=27268532.322 duration=40.000 expected=27268521.086 skew=11.236 age=44.841
10-11 19:44:42.399 12221 19570 I ReactNativeJS: [outputs] playMorse.symbol {"timestamp":27268577.28095,"wallClock":1760226282398,"symbol":".","durationMs":40,"index":7,"source":"console.replay","correlationId":"console-replay:iabfz7el","nativeTimestampMs":27268532.322,"nativeDurationMs":40,"nativeOffsetMs":44.914106000214815,"nativeSequence":8,"monotonicTimestampMs":27268532.322,"nativeExpectedTimestampMs":27268521.086,"nativeStartSkewMs":11.236,"nativeBatchElapsedMs":811.236,"nativeExpectedSincePriorMs":80,"nativeSincePriorMs":81.59,"nativePatternStartMs":27267721.086,"nativeAgeMs":44.841}
10-11 19:44:42.399 12221 19570 I ReactNativeJS: [outputs] playMorse.symbol {"timestamp":27268577.887721,"wallClock":1760226282399,"symbol":".","durationMs":40,"index":7,"source":"console.replay","correlationId":"console-replay:mgmxa3z3muk4g8ev","nativeTimestampMs":27268532.322,"nativeDurationMs":40,"nativeOffsetMs":44.914106000214815,"nativeSequence":8,"monotonicTimestampMs":27268532.322,"nativeExpectedTimestampMs":27268521.086,"nativeStartSkewMs":11.236,"nativeBatchElapsedMs":811.236,"nativeExpectedSincePriorMs":80,"nativeSincePriorMs":81.59,"nativePatternStartMs":27267721.086,"nativeAgeMs":44.841}
10-11 19:44:42.400 12221 19570 I ReactNativeJS: [outputs] outputs.hapticSymbol {"timestamp":27268578.313867,"wallClock":1760226282399,"enabled":true,"symbol":".","durationMs":40,"platform":"android","source":"console.replay","correlationId":"console-replay:mgmxa3z3muk4g8ev","timelineOffsetMs":null}
10-11 19:44:42.400 12221 19570 I ReactNativeJS: [outputs] outputs.flashPulse {"timestamp":27268579.074544,"wallClock":1760226282400,"enabled":true,"durationMs":40,"source":"console.replay","correlationId":"console-replay:mgmxa3z3muk4g8ev","timelineOffsetMs":44.914106000214815,"schedulingMode":"timeline","audioStartHeadroomMs":-65.9785440005362,"audioStartGuard":"headroom","audioStartCompensationMs":65.9785440005362}
10-11 19:44:42.435 12221 19998 D OutputsAudio: [outputs-audio] start hz=650.0 gain=1.000 attack=2.50 release=6.00
10-11 19:44:42.435 12221 19998 D OutputsAudio: [outputs-audio] playMorse.symbol.start sequence=9 symbol=. expected=27268601.086 actual=27268613.888 skew=12.802 batchElapsed=892.802
10-11 19:44:42.458 12221 19570 I ReactNativeJS: [outputs] outputs.flashPulse.commit {"timestamp":27268636.475064,"wallClock":1760226282457,"durationMs":40,"source":"console.replay","correlationId":"console-replay:mgmxa3z3muk4g8ev","latencyMs":59.22953099757433,"timelineOffsetMs":44.914106000214815,"leadMs":8,"scheduleSkewMs":57.399426996707916,"schedulingMode":"timeline","audioStartHeadroomMs":-65.9785440005362,"audioStartGuard":"headroom","audioStartCompensationMs":65.9785440005362}
10-11 19:44:42.475 12221 19998 D OutputsAudio: [outputs-audio] stop gain=1.000 release=6.00
10-11 19:44:42.502 12221 19570 D OutputsAudio: [outputs-audio] symbol.info sequence=9 symbol=. timestamp=27268613.888 duration=40.000 expected=27268601.086 skew=12.802 age=67.395
10-11 19:44:42.503 12221 19570 I ReactNativeJS: [outputs] playMorse.symbol {"timestamp":27268681.413137,"wallClock":1760226282502,"symbol":".","durationMs":40,"index":8,"source":"console.replay","correlationId":"console-replay:wbqirxbd","nativeTimestampMs":27268613.888,"nativeDurationMs":40,"nativeOffsetMs":67.47748100012541,"nativeSequence":9,"monotonicTimestampMs":27268613.888,"nativeExpectedTimestampMs":27268601.086,"nativeStartSkewMs":12.802,"nativeBatchElapsedMs":892.802,"nativeExpectedSincePriorMs":80,"nativeSincePriorMs":81.566,"nativePatternStartMs":27267721.086,"nativeAgeMs":67.395}
10-11 19:44:42.503 12221 19570 I ReactNativeJS: [outputs] playMorse.symbol {"timestamp":27268681.968814,"wallClock":1760226282503,"symbol":".","durationMs":40,"index":8,"source":"console.replay","correlationId":"console-replay:mgmxa41zffwhozq0","nativeTimestampMs":27268613.888,"nativeDurationMs":40,"nativeOffsetMs":67.47748100012541,"nativeSequence":9,"monotonicTimestampMs":27268613.888,"nativeExpectedTimestampMs":27268601.086,"nativeStartSkewMs":12.802,"nativeBatchElapsedMs":892.802,"nativeExpectedSincePriorMs":80,"nativeSincePriorMs":81.566,"nativePatternStartMs":27267721.086,"nativeAgeMs":67.395}
10-11 19:44:42.504 12221 19570 I ReactNativeJS: [outputs] outputs.hapticSymbol {"timestamp":27268682.388241,"wallClock":1760226282503,"enabled":true,"symbol":".","durationMs":40,"platform":"android","source":"console.replay","correlationId":"console-replay:mgmxa41zffwhozq0","timelineOffsetMs":null}
10-11 19:44:42.504 12221 19570 I ReactNativeJS: [outputs] outputs.flashPulse {"timestamp":27268683.136991,"wallClock":1760226282504,"enabled":true,"durationMs":40,"source":"console.replay","correlationId":"console-replay:mgmxa41zffwhozq0","timelineOffsetMs":67.47748100012541,"schedulingMode":"timeline","audioStartHeadroomMs":-90.04088700190187,"audioStartGuard":"headroom","audioStartCompensationMs":90.04088700190187}
10-11 19:44:42.516 12221 19998 D OutputsAudio: [outputs-audio] start hz=650.0 gain=1.000 attack=2.50 release=6.00
10-11 19:44:42.517 12221 19998 D OutputsAudio: [outputs-audio] playMorse.symbol.start sequence=10 symbol=- expected=27268681.086 actual=27268695.608 skew=14.522 batchElapsed=974.522
10-11 19:44:42.558 12221 19570 I ReactNativeJS: [outputs] outputs.flashPulse.commit {"timestamp":27268737.009752,"wallClock":1760226282558,"durationMs":40,"source":"console.replay","correlationId":"console-replay:mgmxa41zffwhozq0","latencyMs":55.63546900078654,"timelineOffsetMs":67.47748100012541,"leadMs":8,"scheduleSkewMs":53.87239599972963,"schedulingMode":"timeline","audioStartHeadroomMs":-90.04088700190187,"audioStartGuard":"headroom","audioStartCompensationMs":90.04088700190187}
10-11 19:44:42.601 12221 19570 D OutputsAudio: [outputs-audio] symbol.info sequence=10 symbol=- timestamp=27268695.608 duration=120.000 expected=27268681.086 skew=14.522 age=84.654
10-11 19:44:42.602 12221 19570 I ReactNativeJS: [outputs] playMorse.symbol {"timestamp":27268780.396054,"wallClock":1760226282601,"symbol":"-","durationMs":120,"index":9,"source":"console.replay","correlationId":"console-replay:zbtuqsdl","nativeTimestampMs":27268695.608,"nativeDurationMs":120,"nativeOffsetMs":84.7415960021317,"nativeSequence":10,"monotonicTimestampMs":27268695.608,"nativeExpectedTimestampMs":27268681.086,"nativeStartSkewMs":14.522,"nativeBatchElapsedMs":974.522,"nativeExpectedSincePriorMs":80,"nativeSincePriorMs":81.719,"nativePatternStartMs":27267721.086,"nativeAgeMs":84.654}
10-11 19:44:42.602 12221 19570 I ReactNativeJS: [outputs] playMorse.nativeOffset.spike {"timestamp":27268780.983866,"wallClock":1760226282602,"source":"console.replay","offsetMs":84.7415960021317,"sequence":10,"unitMs":40,"correlationId":"console-replay:zbtuqsdl"}
10-11 19:44:42.603 12221 19570 I ReactNativeJS: [outputs] playMorse.symbol {"timestamp":27268781.366783,"wallClock":1760226282602,"symbol":"-","durationMs":120,"index":9,"source":"console.replay","correlationId":"console-replay:mgmxa44qaotngkfy","nativeTimestampMs":27268695.608,"nativeDurationMs":120,"nativeOffsetMs":84.7415960021317,"nativeSequence":10,"monotonicTimestampMs":27268695.608,"nativeExpectedTimestampMs":27268681.086,"nativeStartSkewMs":14.522,"nativeBatchElapsedMs":974.522,"nativeExpectedSincePriorMs":80,"nativeSincePriorMs":81.719,"nativePatternStartMs":27267721.086,"nativeAgeMs":84.654}
10-11 19:44:42.603 12221 19570 I ReactNativeJS: [outputs] playMorse.nativeOffset.spike {"timestamp":27268781.757877,"wallClock":1760226282603,"source":"console.replay","offsetMs":84.7415960021317,"sequence":10,"unitMs":40,"correlationId":"console-replay:mgmxa44qaotngkfy","startSkewMs":14.522,"batchElapsedMs":974.522,"ageMs":84.654}
10-11 19:44:42.603 12221 19570 I ReactNativeJS: [outputs] outputs.hapticSymbol {"timestamp":27268782.154283,"wallClock":1760226282603,"enabled":true,"symbol":"-","durationMs":120,"platform":"android","source":"console.replay","correlationId":"console-replay:mgmxa44qaotngkfy","timelineOffsetMs":null}
10-11 19:44:42.604 12221 19570 I ReactNativeJS: [outputs] outputs.flashPulse {"timestamp":27268782.917564,"wallClock":1760226282604,"enabled":true,"durationMs":120,"source":"console.replay","correlationId":"console-replay:mgmxa44qaotngkfy","timelineOffsetMs":84.7415960021317,"schedulingMode":"timeline","audioStartHeadroomMs":-109.82187699899077,"audioStartGuard":"headroom","audioStartCompensationMs":109.82187699899077}
10-11 19:44:42.637 12221 19998 D OutputsAudio: [outputs-audio] stop gain=1.000 release=6.00
10-11 19:44:42.667 12221 19570 I ReactNativeJS: [outputs] outputs.flashPulse.commit {"timestamp":27268845.628241,"wallClock":1760226282667,"durationMs":120,"source":"console.replay","correlationId":"console-replay:mgmxa44qaotngkfy","latencyMs":65.27010399848223,"timelineOffsetMs":84.7415960021317,"leadMs":8,"scheduleSkewMs":62.710209000855684,"schedulingMode":"timeline","audioStartHeadroomMs":-109.82187699899077,"audioStartGuard":"headroom","audioStartCompensationMs":109.82187699899077}
10-11 19:44:42.677 12221 19998 D OutputsAudio: [outputs-audio] start hz=650.0 gain=1.000 attack=2.50 release=6.00
10-11 19:44:42.677 12221 19998 D OutputsAudio: [outputs-audio] playMorse.symbol.start sequence=11 symbol=- expected=27268841.086 actual=27268856.516 skew=15.430 batchElapsed=1135.430
10-11 19:44:42.711 12221 19570 D OutputsAudio: [outputs-audio] symbol.info sequence=11 symbol=- timestamp=27268856.516 duration=120.000 expected=27268841.086 skew=15.430 age=33.168
10-11 19:44:42.714 12221 19570 I ReactNativeJS: [outputs] playMorse.symbol {"timestamp":27268889.80996,"wallClock":1760226282711,"symbol":"-","durationMs":120,"index":10,"source":"console.replay","correlationId":"console-replay:esvto0wk","nativeTimestampMs":27268856.516,"nativeDurationMs":120,"nativeOffsetMs":33.248596001416445,"nativeSequence":11,"monotonicTimestampMs":27268856.516,"nativeExpectedTimestampMs":27268841.086,"nativeStartSkewMs":15.43,"nativeBatchElapsedMs":1135.43,"nativeExpectedSincePriorMs":160,"nativeSincePriorMs":160.909,"nativePatternStartMs":27267721.086,"nativeAgeMs":33.168}
10-11 19:44:42.714 12221 19570 I ReactNativeJS: [outputs] playMorse.symbol {"timestamp":27268893.025429,"wallClock":1760226282714,"symbol":"-","durationMs":120,"index":10,"source":"console.replay","correlationId":"console-replay:mgmxa47urevlnus0","nativeTimestampMs":27268856.516,"nativeDurationMs":120,"nativeOffsetMs":33.248596001416445,"nativeSequence":11,"monotonicTimestampMs":27268856.516,"nativeExpectedTimestampMs":27268841.086,"nativeStartSkewMs":15.43,"nativeBatchElapsedMs":1135.43,"nativeExpectedSincePriorMs":160,"nativeSincePriorMs":160.909,"nativePatternStartMs":27267721.086,"nativeAgeMs":33.168}
10-11 19:44:42.715 12221 19570 I ReactNativeJS: [outputs] outputs.hapticSymbol {"timestamp":27268893.454856,"wallClock":1760226282714,"enabled":true,"symbol":"-","durationMs":120,"platform":"android","source":"console.replay","correlationId":"console-replay:mgmxa47urevlnus0","timelineOffsetMs":null}
10-11 19:44:42.715 12221 19570 I ReactNativeJS: [outputs] outputs.flashPulse {"timestamp":27268894.222721,"wallClock":1760226282715,"enabled":true,"durationMs":120,"source":"console.replay","correlationId":"console-replay:mgmxa47urevlnus0","timelineOffsetMs":33.248596001416445,"schedulingMode":"timeline","audioStartHeadroomMs":-61.126563999801874,"audioStartGuard":"headroom","audioStartCompensationMs":61.126563999801874}
10-11 19:44:42.775 12221 19570 I ReactNativeJS: [outputs] outputs.flashPulse.commit {"timestamp":27268953.867929,"wallClock":1760226282775,"durationMs":120,"source":"console.replay","correlationId":"console-replay:mgmxa47urevlnus0","latencyMs":64.0942699983716,"timelineOffsetMs":33.248596001416445,"leadMs":8,"scheduleSkewMs":59.644738998264074,"schedulingMode":"timeline","audioStartHeadroomMs":-61.126563999801874,"audioStartGuard":"headroom","audioStartCompensationMs":61.126563999801874}
10-11 19:44:42.798 12221 19998 D OutputsAudio: [outputs-audio] stop gain=1.000 release=6.00
10-11 19:44:42.838 12221 19998 D OutputsAudio: [outputs-audio] start hz=650.0 gain=1.000 attack=2.50 release=6.00
10-11 19:44:42.838 12221 19998 D OutputsAudio: [outputs-audio] playMorse.symbol.start sequence=12 symbol=- expected=27269001.086 actual=27269017.307 skew=16.221 batchElapsed=1296.221
10-11 19:44:42.847 12221 19570 D OutputsAudio: [outputs-audio] symbol.info sequence=12 symbol=- timestamp=27269017.307 duration=120.000 expected=27269001.086 skew=16.221 age=8.570
10-11 19:44:42.848 12221 19570 I ReactNativeJS: [outputs] playMorse.symbol {"timestamp":27269026.040846,"wallClock":1760226282847,"symbol":"-","durationMs":120,"index":11,"source":"console.replay","correlationId":"console-replay:016p3apv","nativeTimestampMs":27269017.307,"nativeDurationMs":120,"nativeOffsetMs":8.672490999102592,"nativeSequence":12,"monotonicTimestampMs":27269017.307,"nativeExpectedTimestampMs":27269001.086,"nativeStartSkewMs":16.221,"nativeBatchElapsedMs":1296.221,"nativeExpectedSincePriorMs":160,"nativeSincePriorMs":160.791,"nativePatternStartMs":27267721.086,"nativeAgeMs":8.57}
10-11 19:44:42.848 12221 19570 I ReactNativeJS: [outputs] playMorse.symbol {"timestamp":27269026.789596,"wallClock":1760226282848,"symbol":"-","durationMs":120,"index":11,"source":"console.replay","correlationId":"console-replay:mgmxa4bkx6ivh5cd","nativeTimestampMs":27269017.307,"nativeDurationMs":120,"nativeOffsetMs":8.672490999102592,"nativeSequence":12,"monotonicTimestampMs":27269017.307,"nativeExpectedTimestampMs":27269001.086,"nativeStartSkewMs":16.221,"nativeBatchElapsedMs":1296.221,"nativeExpectedSincePriorMs":160,"nativeSincePriorMs":160.791,"nativePatternStartMs":27267721.086,"nativeAgeMs":8.57}
10-11 19:44:42.849 12221 19570 I ReactNativeJS: [outputs] outputs.hapticSymbol {"timestamp":27269027.229335,"wallClock":1760226282848,"enabled":true,"symbol":"-","durationMs":120,"platform":"android","source":"console.replay","correlationId":"console-replay:mgmxa4bkx6ivh5cd","timelineOffsetMs":null}
10-11 19:44:42.849 12221 19570 I ReactNativeJS: [outputs] outputs.flashPulse {"timestamp":27269028.084283,"wallClock":1760226282849,"enabled":true,"durationMs":120,"source":"console.replay","correlationId":"console-replay:mgmxa4bkx6ivh5cd","timelineOffsetMs":8.672490999102592,"schedulingMode":"timeline","audioStartHeadroomMs":-34.98614799976349,"audioStartGuard":"headroom","audioStartCompensationMs":34.98614799976349}
10-11 19:44:42.906 12221 19570 I ReactNativeJS: [outputs] outputs.flashPulse.commit {"timestamp":27269084.783971,"wallClock":1760226282906,"durationMs":120,"source":"console.replay","correlationId":"console-replay:mgmxa4bkx6ivh5cd","latencyMs":58.79401100054383,"timelineOffsetMs":8.672490999102592,"leadMs":8,"scheduleSkewMs":56.699687998741865,"schedulingMode":"timeline","audioStartHeadroomMs":-34.98614799976349,"audioStartGuard":"headroom","audioStartCompensationMs":34.98614799976349}
10-11 19:44:42.959 12221 19998 D OutputsAudio: [outputs-audio] stop gain=1.000 release=6.00
10-11 19:44:43.000 12221 19998 D OutputsAudio: [outputs-audio] start hz=650.0 gain=1.000 attack=2.50 release=6.00
10-11 19:44:43.000 12221 19998 D OutputsAudio: [outputs-audio] playMorse.symbol.start sequence=13 symbol=. expected=27269161.086 actual=27269179.467 skew=18.381 batchElapsed=1458.381
10-11 19:44:43.011 12221 19570 D OutputsAudio: [outputs-audio] symbol.info sequence=13 symbol=. timestamp=27269179.467 duration=40.000 expected=27269161.086 skew=18.381 age=10.876
10-11 19:44:43.013 12221 19570 I ReactNativeJS: [outputs] playMorse.symbol {"timestamp":27269190.616314,"wallClock":1760226283012,"symbol":".","durationMs":40,"index":12,"source":"console.replay","correlationId":"console-replay:zn853yvl","nativeTimestampMs":27269179.467,"nativeDurationMs":40,"nativeOffsetMs":11.03150200098753,"nativeSequence":13,"monotonicTimestampMs":27269179.467,"nativeExpectedTimestampMs":27269161.086,"nativeStartSkewMs":18.381,"nativeBatchElapsedMs":1458.381,"nativeExpectedSincePriorMs":160,"nativeSincePriorMs":162.16,"nativePatternStartMs":27267721.086,"nativeAgeMs":10.876}
10-11 19:44:43.015 12221 19570 I ReactNativeJS: [outputs] playMorse.symbol {"timestamp":27269192.563762,"wallClock":1760226283013,"symbol":".","durationMs":40,"index":12,"source":"console.replay","correlationId":"console-replay:mgmxa4g5dhsv5na4","nativeTimestampMs":27269179.467,"nativeDurationMs":40,"nativeOffsetMs":11.03150200098753,"nativeSequence":13,"monotonicTimestampMs":27269179.467,"nativeExpectedTimestampMs":27269161.086,"nativeStartSkewMs":18.381,"nativeBatchElapsedMs":1458.381,"nativeExpectedSincePriorMs":160,"nativeSincePriorMs":162.16,"nativePatternStartMs":27267721.086,"nativeAgeMs":10.876}
10-11 19:44:43.017 12221 19570 I ReactNativeJS: [outputs] outputs.hapticSymbol {"timestamp":27269194.4797,"wallClock":1760226283015,"enabled":true,"symbol":".","durationMs":40,"platform":"android","source":"console.replay","correlationId":"console-replay:mgmxa4g5dhsv5na4","timelineOffsetMs":null}
10-11 19:44:43.019 12221 19570 I ReactNativeJS: [outputs] outputs.flashPulse {"timestamp":27269197.121887,"wallClock":1760226283018,"enabled":true,"durationMs":40,"source":"console.replay","correlationId":"console-replay:mgmxa4g5dhsv5na4","timelineOffsetMs":11.03150200098753,"schedulingMode":"timeline","audioStartHeadroomMs":-44.010731000453234,"audioStartGuard":"headroom","audioStartCompensationMs":44.010731000453234}
10-11 19:44:43.041 12221 19998 D OutputsAudio: [outputs-audio] stop gain=1.000 release=6.00
10-11 19:44:43.081 12221 19998 D OutputsAudio: [outputs-audio] start hz=650.0 gain=1.000 attack=2.50 release=6.00
10-11 19:44:43.081 12221 19998 D OutputsAudio: [outputs-audio] playMorse.symbol.start sequence=14 symbol=. expected=27269241.086 actual=27269260.014 skew=18.928 batchElapsed=1538.928
10-11 19:44:43.091 12221 19570 I ReactNativeJS: [outputs] outputs.flashPulse.commit {"timestamp":27269269.809231,"wallClock":1760226283091,"durationMs":40,"source":"console.replay","correlationId":"console-replay:mgmxa4g5dhsv5na4","latencyMs":79.30124999955297,"timelineOffsetMs":11.03150200098753,"leadMs":8,"scheduleSkewMs":72.69901100173593,"schedulingMode":"timeline","audioStartHeadroomMs":-44.010731000453234,"audioStartGuard":"headroom","audioStartCompensationMs":44.010731000453234}
10-11 19:44:43.122 12221 19998 D OutputsAudio: [outputs-audio] stop gain=1.000 release=6.00
10-11 19:44:43.140 12221 19570 D OutputsAudio: [outputs-audio] symbol.info sequence=14 symbol=. timestamp=27269260.014 duration=40.000 expected=27269241.086 skew=18.928 age=58.718
10-11 19:44:43.140 12221 19570 I ReactNativeJS: [outputs] playMorse.symbol {"timestamp":27269318.865325,"wallClock":1760226283140,"symbol":".","durationMs":40,"index":13,"source":"console.replay","correlationId":"console-replay:mbyb84p2","nativeTimestampMs":27269260.014,"nativeDurationMs":40,"nativeOffsetMs":58.803043000400066,"nativeSequence":14,"monotonicTimestampMs":27269260.014,"nativeExpectedTimestampMs":27269241.086,"nativeStartSkewMs":18.928,"nativeBatchElapsedMs":1538.928,"nativeExpectedSincePriorMs":80,"nativeSincePriorMs":80.547,"nativePatternStartMs":27267721.086,"nativeAgeMs":58.718}
10-11 19:44:43.141 12221 19570 I ReactNativeJS: [outputs] playMorse.symbol {"timestamp":27269319.4847,"wallClock":1760226283140,"symbol":".","durationMs":40,"index":13,"source":"console.replay","correlationId":"console-replay:mgmxa4joz7r1fz81","nativeTimestampMs":27269260.014,"nativeDurationMs":40,"nativeOffsetMs":58.803043000400066,"nativeSequence":14,"monotonicTimestampMs":27269260.014,"nativeExpectedTimestampMs":27269241.086,"nativeStartSkewMs":18.928,"nativeBatchElapsedMs":1538.928,"nativeExpectedSincePriorMs":80,"nativeSincePriorMs":80.547,"nativePatternStartMs":27267721.086,"nativeAgeMs":58.718}
10-11 19:44:43.141 12221 19570 I ReactNativeJS: [outputs] outputs.hapticSymbol {"timestamp":27269319.94496,"wallClock":1760226283141,"enabled":true,"symbol":".","durationMs":40,"platform":"android","source":"console.replay","correlationId":"console-replay:mgmxa4joz7r1fz81","timelineOffsetMs":null}
10-11 19:44:43.142 12221 19570 I ReactNativeJS: [outputs] outputs.flashPulse {"timestamp":27269320.833918,"wallClock":1760226283142,"enabled":true,"durationMs":40,"source":"console.replay","correlationId":"console-replay:mgmxa4joz7r1fz81","timelineOffsetMs":58.803043000400066,"schedulingMode":"timeline","audioStartHeadroomMs":-87.73807499930263,"audioStartGuard":"headroom","audioStartCompensationMs":87.73807499930263}
10-11 19:44:43.162 12221 19998 D OutputsAudio: [outputs-audio] start hz=650.0 gain=1.000 attack=2.50 release=6.00
10-11 19:44:43.162 12221 19998 D OutputsAudio: [outputs-audio] playMorse.symbol.start sequence=15 symbol=. expected=27269321.086 actual=27269341.119 skew=20.033 batchElapsed=1620.033
10-11 19:44:43.196 12221 19570 I ReactNativeJS: [outputs] outputs.flashPulse.commit {"timestamp":27269374.757043,"wallClock":1760226283196,"durationMs":40,"source":"console.replay","correlationId":"console-replay:mgmxa4joz7r1fz81","latencyMs":55.931250002235174,"timelineOffsetMs":58.803043000400066,"leadMs":8,"scheduleSkewMs":53.922760002315044,"schedulingMode":"timeline","audioStartHeadroomMs":-87.73807499930263,"audioStartGuard":"headroom","audioStartCompensationMs":87.73807499930263}
10-11 19:44:43.202 12221 19998 D OutputsAudio: [outputs-audio] stop gain=1.000 release=6.00
10-11 19:44:43.243 12221 19998 D OutputsAudio: [outputs-audio] start hz=650.0 gain=1.000 attack=2.50 release=6.00
10-11 19:44:43.243 12221 19998 D OutputsAudio: [outputs-audio] playMorse.symbol.start sequence=16 symbol=- expected=27269401.086 actual=27269422.110 skew=21.024 batchElapsed=1701.024
10-11 19:44:43.244 12221 19570 D OutputsAudio: [outputs-audio] symbol.info sequence=16 symbol=- timestamp=27269422.110 duration=120.000 expected=27269401.086 skew=21.024 age=1.083
10-11 19:44:43.245 12221 19570 W ReactNativeJS: '[outputs-audio] native sequence jump', { previous: 14, next: 16, delta: 2 }
10-11 19:44:43.245 12221 19570 I ReactNativeJS: [outputs] playMorse.symbol {"timestamp":27269424.074856,"wallClock":1760226283245,"symbol":".","durationMs":40,"index":14,"source":"console.replay","correlationId":"console-replay:ilqscanb","nativeTimestampMs":27269422.11,"nativeDurationMs":120,"nativeOffsetMs":1.8688660003244877,"nativeSequence":16,"monotonicTimestampMs":27269422.11,"nativeExpectedTimestampMs":27269401.086,"nativeStartSkewMs":21.024,"nativeBatchElapsedMs":1701.024,"nativeExpectedSincePriorMs":80,"nativeSincePriorMs":80.991,"nativePatternStartMs":27267721.086,"nativeAgeMs":1.083}
10-11 19:44:43.246 12221 19570 I ReactNativeJS: [outputs] playMorse.symbol {"timestamp":27269424.61246,"wallClock":1760226283246,"symbol":".","durationMs":40,"index":14,"source":"console.replay","correlationId":"console-replay:mgmxa4mmgtkq2snq","nativeTimestampMs":27269422.11,"nativeDurationMs":120,"nativeOffsetMs":1.8688660003244877,"nativeSequence":16,"monotonicTimestampMs":27269422.11,"nativeExpectedTimestampMs":27269401.086,"nativeStartSkewMs":21.024,"nativeBatchElapsedMs":1701.024,"nativeExpectedSincePriorMs":80,"nativeSincePriorMs":80.991,"nativePatternStartMs":27267721.086,"nativeAgeMs":1.083}
10-11 19:44:43.246 12221 19570 I ReactNativeJS: [outputs] outputs.hapticSymbol {"timestamp":27269425.034127,"wallClock":1760226283246,"enabled":true,"symbol":".","durationMs":40,"platform":"android","source":"console.replay","correlationId":"console-replay:mgmxa4mmgtkq2snq","timelineOffsetMs":null}
10-11 19:44:43.247 12221 19570 I ReactNativeJS: [outputs] outputs.flashPulse {"timestamp":27269425.818293,"wallClock":1760226283247,"enabled":true,"durationMs":40,"source":"console.replay","correlationId":"console-replay:mgmxa4mmgtkq2snq","timelineOffsetMs":1.8688660003244877,"schedulingMode":"timeline","audioStartHeadroomMs":-32.7227619998157,"audioStartGuard":"headroom","audioStartCompensationMs":32.7227619998157}
10-11 19:44:43.306 12221 19570 I ReactNativeJS: [outputs] outputs.flashPulse.commit {"timestamp":27269484.15371,"wallClock":1760226283305,"durationMs":40,"source":"console.replay","correlationId":"console-replay:mgmxa4mmgtkq2snq","latencyMs":60.1655730009079,"timelineOffsetMs":1.8688660003244877,"leadMs":8,"scheduleSkewMs":58.33421900123358,"schedulingMode":"timeline","audioStartHeadroomMs":-32.7227619998157,"audioStartGuard":"headroom","audioStartCompensationMs":32.7227619998157}
10-11 19:44:43.363 12221 19998 D OutputsAudio: [outputs-audio] stop gain=1.000 release=6.00
10-11 19:44:43.405 12221 19998 D OutputsAudio: [outputs-audio] start hz=650.0 gain=1.000 attack=2.50 release=6.00
10-11 19:44:43.405 12221 19998 D OutputsAudio: [outputs-audio] playMorse.symbol.start sequence=17 symbol=- expected=27269561.086 actual=27269584.041 skew=22.955 batchElapsed=1862.955
10-11 19:44:43.411 12221 19570 D OutputsAudio: [outputs-audio] symbol.info sequence=17 symbol=- timestamp=27269584.041 duration=120.000 expected=27269561.086 skew=22.955 age=6.253
10-11 19:44:43.412 12221 19570 I ReactNativeJS: [outputs] playMorse.symbol {"timestamp":27269590.505897,"wallClock":1760226283411,"symbol":"-","durationMs":120,"index":15,"source":"console.replay","correlationId":"console-replay:do6etvjn","nativeTimestampMs":27269584.041,"nativeDurationMs":120,"nativeOffsetMs":6.371043000370264,"nativeSequence":17,"monotonicTimestampMs":27269584.041,"nativeExpectedTimestampMs":27269561.086,"nativeStartSkewMs":22.955,"nativeBatchElapsedMs":1862.955,"nativeExpectedSincePriorMs":160,"nativeSincePriorMs":161.931,"nativePatternStartMs":27267721.086,"nativeAgeMs":6.253}
10-11 19:44:43.413 12221 19570 I ReactNativeJS: [outputs] playMorse.symbol {"timestamp":27269591.553137,"wallClock":1760226283412,"symbol":"-","durationMs":120,"index":15,"source":"console.replay","correlationId":"console-replay:mgmxa4r8gse1u20n","nativeTimestampMs":27269584.041,"nativeDurationMs":120,"nativeOffsetMs":6.371043000370264,"nativeSequence":17,"monotonicTimestampMs":27269584.041,"nativeExpectedTimestampMs":27269561.086,"nativeStartSkewMs":22.955,"nativeBatchElapsedMs":1862.955,"nativeExpectedSincePriorMs":160,"nativeSincePriorMs":161.931,"nativePatternStartMs":27267721.086,"nativeAgeMs":6.253}
10-11 19:44:43.414 12221 19570 I ReactNativeJS: [outputs] outputs.hapticSymbol {"timestamp":27269592.212095,"wallClock":1760226283413,"enabled":true,"symbol":"-","durationMs":120,"platform":"android","source":"console.replay","correlationId":"console-replay:mgmxa4r8gse1u20n","timelineOffsetMs":null}
10-11 19:44:43.416 12221 19570 I ReactNativeJS: [outputs] outputs.flashPulse {"timestamp":27269593.457512,"wallClock":1760226283414,"enabled":true,"durationMs":120,"source":"console.replay","correlationId":"console-replay:mgmxa4r8gse1u20n","timelineOffsetMs":6.371043000370264,"schedulingMode":"timeline","audioStartHeadroomMs":-40.354324001818895,"audioStartGuard":"headroom","audioStartCompensationMs":40.354324001818895}
10-11 19:44:43.478 12221 19570 I ReactNativeJS: [outputs] outputs.flashPulse.commit {"timestamp":27269656.374908,"wallClock":1760226283477,"durationMs":120,"source":"console.replay","correlationId":"console-replay:mgmxa4r8gse1u20n","latencyMs":65.95333399996161,"timelineOffsetMs":6.371043000370264,"leadMs":8,"scheduleSkewMs":62.92213600128889,"schedulingMode":"timeline","audioStartHeadroomMs":-40.354324001818895,"audioStartGuard":"headroom","audioStartCompensationMs":40.354324001818895}
10-11 19:44:43.525 12221 19998 D OutputsAudio: [outputs-audio] stop gain=1.000 release=6.00
10-11 19:44:43.566 12221 19998 D OutputsAudio: [outputs-audio] start hz=650.0 gain=1.000 attack=2.50 release=6.00
10-11 19:44:43.567 12221 19998 D OutputsAudio: [outputs-audio] playMorse.symbol.start sequence=18 symbol=- expected=27269721.086 actual=27269745.573 skew=24.487 batchElapsed=2024.487
10-11 19:44:43.579 12221 19570 D OutputsAudio: [outputs-audio] symbol.info sequence=18 symbol=- timestamp=27269745.573 duration=120.000 expected=27269721.086 skew=24.487 age=12.511
10-11 19:44:43.581 12221 19570 I ReactNativeJS: [outputs] playMorse.symbol {"timestamp":27269758.519231,"wallClock":1760226283579,"symbol":"-","durationMs":120,"index":16,"source":"console.replay","correlationId":"console-replay:9wat8zme","nativeTimestampMs":27269745.573,"nativeDurationMs":120,"nativeOffsetMs":12.705657999962568,"nativeSequence":18,"monotonicTimestampMs":27269745.573,"nativeExpectedTimestampMs":27269721.086,"nativeStartSkewMs":24.487,"nativeBatchElapsedMs":2024.487,"nativeExpectedSincePriorMs":160,"nativeSincePriorMs":161.532,"nativePatternStartMs":27267721.086,"nativeAgeMs":12.511}
10-11 19:44:43.583 12221 19570 I ReactNativeJS: [outputs] playMorse.symbol {"timestamp":27269760.440533,"wallClock":1760226283581,"symbol":"-","durationMs":120,"index":16,"source":"console.replay","correlationId":"console-replay:mgmxa4vxs3143ejt","nativeTimestampMs":27269745.573,"nativeDurationMs":120,"nativeOffsetMs":12.705657999962568,"nativeSequence":18,"monotonicTimestampMs":27269745.573,"nativeExpectedTimestampMs":27269721.086,"nativeStartSkewMs":24.487,"nativeBatchElapsedMs":2024.487,"nativeExpectedSincePriorMs":160,"nativeSincePriorMs":161.532,"nativePatternStartMs":27267721.086,"nativeAgeMs":12.511}
10-11 19:44:43.585 12221 19570 I ReactNativeJS: [outputs] outputs.hapticSymbol {"timestamp":27269762.549022,"wallClock":1760226283583,"enabled":true,"symbol":"-","durationMs":120,"platform":"android","source":"console.replay","correlationId":"console-replay:mgmxa4vxs3143ejt","timelineOffsetMs":null}
10-11 19:44:43.589 12221 19570 I ReactNativeJS: [outputs] outputs.flashPulse {"timestamp":27269766.302668,"wallClock":1760226283587,"enabled":true,"durationMs":120,"source":"console.replay","correlationId":"console-replay:mgmxa4vxs3143ejt","timelineOffsetMs":12.705657999962568,"schedulingMode":"timeline","audioStartHeadroomMs":-53.19948099926114,"audioStartGuard":"headroom","audioStartCompensationMs":53.19948099926114}
10-11 19:44:43.648 12221 19570 I ReactNativeJS: [outputs] outputs.flashPulse.commit {"timestamp":27269826.931939,"wallClock":1760226283648,"durationMs":120,"source":"console.replay","correlationId":"console-replay:mgmxa4vxs3143ejt","latencyMs":68.64281200245023,"timelineOffsetMs":12.705657999962568,"leadMs":8,"scheduleSkewMs":60.63270800188184,"schedulingMode":"timeline","audioStartHeadroomMs":-53.19948099926114,"audioStartGuard":"headroom","audioStartCompensationMs":53.19948099926114}
10-11 19:44:43.688 12221 19998 D OutputsAudio: [outputs-audio] stop gain=1.000 release=6.00
10-11 19:44:43.729 12221 19998 D OutputsAudio: [outputs-audio] start hz=650.0 gain=1.000 attack=2.50 release=6.00
10-11 19:44:43.729 12221 19998 D OutputsAudio: [outputs-audio] playMorse.symbol.start sequence=19 symbol=. expected=27269881.086 actual=27269908.187 skew=27.101 batchElapsed=2187.101
10-11 19:44:43.738 12221 19570 D OutputsAudio: [outputs-audio] symbol.info sequence=19 symbol=. timestamp=27269908.187 duration=40.000 expected=27269881.086 skew=27.101 age=9.256
10-11 19:44:43.739 12221 19570 I ReactNativeJS: [outputs] playMorse.symbol {"timestamp":27269917.617824,"wallClock":1760226283739,"symbol":"-","durationMs":120,"index":17,"source":"console.replay","correlationId":"console-replay:5v28l2jb","nativeTimestampMs":27269908.187,"nativeDurationMs":40,"nativeOffsetMs":9.366865999996662,"nativeSequence":19,"monotonicTimestampMs":27269908.187,"nativeExpectedTimestampMs":27269881.086,"nativeStartSkewMs":27.101,"nativeBatchElapsedMs":2187.101,"nativeExpectedSincePriorMs":160,"nativeSincePriorMs":162.614,"nativePatternStartMs":27267721.086,"nativeAgeMs":9.256}
10-11 19:44:43.740 12221 19570 I ReactNativeJS: [outputs] playMorse.symbol {"timestamp":27269918.410064,"wallClock":1760226283739,"symbol":"-","durationMs":120,"index":17,"source":"console.replay","correlationId":"console-replay:mgmxa50bt9l6jkbh","nativeTimestampMs":27269908.187,"nativeDurationMs":40,"nativeOffsetMs":9.366865999996662,"nativeSequence":19,"monotonicTimestampMs":27269908.187,"nativeExpectedTimestampMs":27269881.086,"nativeStartSkewMs":27.101,"nativeBatchElapsedMs":2187.101,"nativeExpectedSincePriorMs":160,"nativeSincePriorMs":162.614,"nativePatternStartMs":27267721.086,"nativeAgeMs":9.256}
10-11 19:44:43.740 12221 19570 I ReactNativeJS: [outputs] outputs.hapticSymbol {"timestamp":27269918.848866,"wallClock":1760226283740,"enabled":true,"symbol":"-","durationMs":120,"platform":"android","source":"console.replay","correlationId":"console-replay:mgmxa50bt9l6jkbh","timelineOffsetMs":null}
10-11 19:44:43.741 12221 19570 I ReactNativeJS: [outputs] outputs.flashPulse {"timestamp":27269919.720064,"wallClock":1760226283741,"enabled":true,"durationMs":120,"source":"console.replay","correlationId":"console-replay:mgmxa50bt9l6jkbh","timelineOffsetMs":9.366865999996662,"schedulingMode":"timeline","audioStartHeadroomMs":-46.62312600016594,"audioStartGuard":"headroom","audioStartCompensationMs":46.62312600016594}
10-11 19:44:43.770 12221 19998 D OutputsAudio: [outputs-audio] stop gain=1.000 release=6.00
10-11 19:44:43.797 12221 19570 I ReactNativeJS: [outputs] outputs.flashPulse.commit {"timestamp":27269975.710949,"wallClock":1760226283797,"durationMs":120,"source":"console.replay","correlationId":"console-replay:mgmxa50bt9l6jkbh","latencyMs":58.14734400063753,"timelineOffsetMs":9.366865999996662,"leadMs":8,"scheduleSkewMs":55.99057300016284,"schedulingMode":"timeline","audioStartHeadroomMs":-46.62312600016594,"audioStartGuard":"headroom","audioStartCompensationMs":46.62312600016594}
10-11 19:44:43.810 12221 19998 D OutputsAudio: [outputs-audio] start hz=650.0 gain=1.000 attack=2.50 release=6.00
10-11 19:44:43.810 12221 19998 D OutputsAudio: [outputs-audio] playMorse.symbol.start sequence=20 symbol=. expected=27269961.086 actual=27269989.218 skew=28.132 batchElapsed=2268.132
10-11 19:44:43.848 12221 19570 D OutputsAudio: [outputs-audio] symbol.info sequence=20 symbol=. timestamp=27269989.218 duration=40.000 expected=27269961.086 skew=28.132 age=37.793
10-11 19:44:43.849 12221 19570 I ReactNativeJS: [outputs] playMorse.symbol {"timestamp":27270027.146939,"wallClock":1760226283848,"symbol":".","durationMs":40,"index":18,"source":"console.replay","correlationId":"console-replay:9viqesb3","nativeTimestampMs":27269989.218,"nativeDurationMs":40,"nativeOffsetMs":37.882845003157854,"nativeSequence":20,"monotonicTimestampMs":27269989.218,"nativeExpectedTimestampMs":27269961.086,"nativeStartSkewMs":28.132,"nativeBatchElapsedMs":2268.132,"nativeExpectedSincePriorMs":80,"nativeSincePriorMs":81.031,"nativePatternStartMs":27267721.086,"nativeAgeMs":37.793}
10-11 19:44:43.849 12221 19570 I ReactNativeJS: [outputs] playMorse.symbol {"timestamp":27270027.74871,"wallClock":1760226283849,"symbol":".","durationMs":40,"index":18,"source":"console.replay","correlationId":"console-replay:mgmxa53dgsqn077k","nativeTimestampMs":27269989.218,"nativeDurationMs":40,"nativeOffsetMs":37.882845003157854,"nativeSequence":20,"monotonicTimestampMs":27269989.218,"nativeExpectedTimestampMs":27269961.086,"nativeStartSkewMs":28.132,"nativeBatchElapsedMs":2268.132,"nativeExpectedSincePriorMs":80,"nativeSincePriorMs":81.031,"nativePatternStartMs":27267721.086,"nativeAgeMs":37.793}
10-11 19:44:43.849 12221 19570 I ReactNativeJS: [outputs] outputs.hapticSymbol {"timestamp":27270028.156731,"wallClock":1760226283849,"enabled":true,"symbol":".","durationMs":40,"platform":"android","source":"console.replay","correlationId":"console-replay:mgmxa53dgsqn077k","timelineOffsetMs":null}
10-11 19:44:43.850 12221 19570 I ReactNativeJS: [outputs] outputs.flashPulse {"timestamp":27270028.925845,"wallClock":1760226283850,"enabled":true,"durationMs":40,"source":"console.replay","correlationId":"console-replay:mgmxa53dgsqn077k","timelineOffsetMs":37.882845003157854,"schedulingMode":"timeline","audioStartHeadroomMs":-75.83073100075126,"audioStartGuard":"headroom","audioStartCompensationMs":75.83073100075126}
10-11 19:44:43.851 12221 19998 D OutputsAudio: [outputs-audio] stop gain=1.000 release=6.00
10-11 19:44:43.891 12221 19998 D OutputsAudio: [outputs-audio] start hz=650.0 gain=1.000 attack=2.50 release=6.00
10-11 19:44:43.891 12221 19998 D OutputsAudio: [outputs-audio] playMorse.symbol.start sequence=21 symbol=. expected=27270041.086 actual=27270070.377 skew=29.291 batchElapsed=2349.291
10-11 19:44:43.904 12221 19570 I ReactNativeJS: [outputs] outputs.flashPulse.commit {"timestamp":27270082.630897,"wallClock":1760226283904,"durationMs":40,"source":"console.replay","correlationId":"console-replay:mgmxa53dgsqn077k","latencyMs":55.52130199968815,"timelineOffsetMs":37.882845003157854,"leadMs":8,"scheduleSkewMs":53.70390599966049,"schedulingMode":"timeline","audioStartHeadroomMs":-75.83073100075126,"audioStartGuard":"headroom","audioStartCompensationMs":75.83073100075126}
10-11 19:44:43.932 12221 19998 D OutputsAudio: [outputs-audio] stop gain=1.000 release=6.00
10-11 19:44:43.947 12221 19570 D OutputsAudio: [outputs-audio] symbol.info sequence=21 symbol=. timestamp=27270070.377 duration=40.000 expected=27270041.086 skew=29.291 age=55.647
10-11 19:44:43.948 12221 19570 I ReactNativeJS: [outputs] playMorse.symbol {"timestamp":27270126.152199,"wallClock":1760226283947,"symbol":".","durationMs":40,"index":19,"source":"console.replay","correlationId":"console-replay:araf37om","nativeTimestampMs":27270070.377,"nativeDurationMs":40,"nativeOffsetMs":55.72910599783063,"nativeSequence":21,"monotonicTimestampMs":27270070.377,"nativeExpectedTimestampMs":27270041.086,"nativeStartSkewMs":29.291,"nativeBatchElapsedMs":2349.291,"nativeExpectedSincePriorMs":80,"nativeSincePriorMs":81.16,"nativePatternStartMs":27267721.086,"nativeAgeMs":55.647}
10-11 19:44:43.948 12221 19570 I ReactNativeJS: [outputs] playMorse.symbol {"timestamp":27270126.769491,"wallClock":1760226283948,"symbol":".","durationMs":40,"index":19,"source":"console.replay","correlationId":"console-replay:mgmxa564hfomjeyp","nativeTimestampMs":27270070.377,"nativeDurationMs":40,"nativeOffsetMs":55.72910599783063,"nativeSequence":21,"monotonicTimestampMs":27270070.377,"nativeExpectedTimestampMs":27270041.086,"nativeStartSkewMs":29.291,"nativeBatchElapsedMs":2349.291,"nativeExpectedSincePriorMs":80,"nativeSincePriorMs":81.16,"nativePatternStartMs":27267721.086,"nativeAgeMs":55.647}
10-11 19:44:43.948 12221 19570 I ReactNativeJS: [outputs] outputs.hapticSymbol {"timestamp":27270127.207356,"wallClock":1760226283948,"enabled":true,"symbol":".","durationMs":40,"platform":"android","source":"console.replay","correlationId":"console-replay:mgmxa564hfomjeyp","timelineOffsetMs":null}
10-11 19:44:43.949 12221 19570 I ReactNativeJS: [outputs] outputs.flashPulse {"timestamp":27270127.957251,"wallClock":1760226283949,"enabled":true,"durationMs":40,"source":"console.replay","correlationId":"console-replay:mgmxa564hfomjeyp","timelineOffsetMs":55.72910599783063,"schedulingMode":"timeline","audioStartHeadroomMs":-94.86114700138569,"audioStartGuard":"headroom","audioStartCompensationMs":94.86114700138569}
10-11 19:44:43.973 12221 19998 D OutputsAudio: [outputs-audio] start hz=650.0 gain=1.000 attack=2.50 release=6.00
10-11 19:44:43.973 12221 19998 D OutputsAudio: [outputs-audio] playMorse.symbol.start sequence=22 symbol=- expected=27270121.086 actual=27270152.532 skew=31.446 batchElapsed=2431.446
10-11 19:44:44.003 12221 19570 I ReactNativeJS: [outputs] outputs.flashPulse.commit {"timestamp":27270182.07272,"wallClock":1760226284003,"durationMs":40,"source":"console.replay","correlationId":"console-replay:mgmxa564hfomjeyp","latencyMs":55.958177000284195,"timelineOffsetMs":55.72910599783063,"leadMs":8,"scheduleSkewMs":54.115624997764826,"schedulingMode":"timeline","audioStartHeadroomMs":-94.86114700138569,"audioStartGuard":"headroom","audioStartCompensationMs":94.86114700138569}
10-11 19:44:44.046 12221 19570 D OutputsAudio: [outputs-audio] symbol.info sequence=22 symbol=- timestamp=27270152.532 duration=120.000 expected=27270121.086 skew=31.446 age=72.510
10-11 19:44:44.047 12221 19570 I ReactNativeJS: [outputs] playMorse.symbol {"timestamp":27270225.174699,"wallClock":1760226284046,"symbol":".","durationMs":40,"index":20,"source":"console.replay","correlationId":"console-replay:232ogcz7","nativeTimestampMs":27270152.532,"nativeDurationMs":120,"nativeOffsetMs":72.59613699838519,"nativeSequence":22,"monotonicTimestampMs":27270152.532,"nativeExpectedTimestampMs":27270121.086,"nativeStartSkewMs":31.446,"nativeBatchElapsedMs":2431.446,"nativeExpectedSincePriorMs":80,"nativeSincePriorMs":82.155,"nativePatternStartMs":27267721.086,"nativeAgeMs":72.51}
10-11 19:44:44.047 12221 19570 I ReactNativeJS: [outputs] playMorse.symbol {"timestamp":27270225.772824,"wallClock":1760226284047,"symbol":".","durationMs":40,"index":20,"source":"console.replay","correlationId":"console-replay:mgmxa58viartm2a6","nativeTimestampMs":27270152.532,"nativeDurationMs":120,"nativeOffsetMs":72.59613699838519,"nativeSequence":22,"monotonicTimestampMs":27270152.532,"nativeExpectedTimestampMs":27270121.086,"nativeStartSkewMs":31.446,"nativeBatchElapsedMs":2431.446,"nativeExpectedSincePriorMs":80,"nativeSincePriorMs":82.155,"nativePatternStartMs":27267721.086,"nativeAgeMs":72.51}
10-11 19:44:44.048 12221 19570 I ReactNativeJS: [outputs] outputs.hapticSymbol {"timestamp":27270226.222199,"wallClock":1760226284047,"enabled":true,"symbol":".","durationMs":40,"platform":"android","source":"console.replay","correlationId":"console-replay:mgmxa58viartm2a6","timelineOffsetMs":null}
10-11 19:44:44.048 12221 19570 I ReactNativeJS: [outputs] outputs.flashPulse {"timestamp":27270226.988501,"wallClock":1760226284048,"enabled":true,"durationMs":40,"source":"console.replay","correlationId":"console-replay:mgmxa58viartm2a6","timelineOffsetMs":72.59613699838519,"schedulingMode":"timeline","audioStartHeadroomMs":-113.89291800186038,"audioStartGuard":"headroom","audioStartCompensationMs":113.89291800186038}
10-11 19:44:44.094 12221 19998 D OutputsAudio: [outputs-audio] stop gain=1.000 release=6.00
10-11 19:44:44.109 12221 19570 I ReactNativeJS: [outputs] outputs.flashPulse.commit {"timestamp":27270287.615012,"wallClock":1760226284109,"durationMs":40,"source":"console.replay","correlationId":"console-replay:mgmxa58viartm2a6","latencyMs":62.4783330000937,"timelineOffsetMs":72.59613699838519,"leadMs":8,"scheduleSkewMs":60.62609399855137,"schedulingMode":"timeline","audioStartHeadroomMs":-113.89291800186038,"audioStartGuard":"headroom","audioStartCompensationMs":113.89291800186038}
10-11 19:44:44.136 12221 19998 D OutputsAudio: [outputs-audio] start hz=650.0 gain=1.000 attack=2.50 release=6.00
10-11 19:44:44.136 12221 19998 D OutputsAudio: [outputs-audio] playMorse.symbol.start sequence=23 symbol=- expected=27270281.086 actual=27270314.909 skew=33.823 batchElapsed=2593.823
10-11 19:44:44.156 12221 19570 D OutputsAudio: [outputs-audio] symbol.info sequence=23 symbol=- timestamp=27270314.909 duration=120.000 expected=27270281.086 skew=33.823 age=20.498
10-11 19:44:44.157 12221 19570 I ReactNativeJS: [outputs] playMorse.symbol {"timestamp":27270335.547772,"wallClock":1760226284156,"symbol":"-","durationMs":120,"index":21,"source":"console.replay","correlationId":"console-replay:zu652deo","nativeTimestampMs":27270314.909,"nativeDurationMs":120,"nativeOffsetMs":20.594657998532057,"nativeSequence":23,"monotonicTimestampMs":27270314.909,"nativeExpectedTimestampMs":27270281.086,"nativeStartSkewMs":33.823,"nativeBatchElapsedMs":2593.823,"nativeExpectedSincePriorMs":160,"nativeSincePriorMs":162.377,"nativePatternStartMs":27267721.086,"nativeAgeMs":20.498}
10-11 19:44:44.158 12221 19570 I ReactNativeJS: [outputs] playMorse.symbol {"timestamp":27270336.235845,"wallClock":1760226284157,"symbol":"-","durationMs":120,"index":21,"source":"console.replay","correlationId":"console-replay:mgmxa5bx12lmqdw0","nativeTimestampMs":27270314.909,"nativeDurationMs":120,"nativeOffsetMs":20.594657998532057,"nativeSequence":23,"monotonicTimestampMs":27270314.909,"nativeExpectedTimestampMs":27270281.086,"nativeStartSkewMs":33.823,"nativeBatchElapsedMs":2593.823,"nativeExpectedSincePriorMs":160,"nativeSincePriorMs":162.377,"nativePatternStartMs":27267721.086,"nativeAgeMs":20.498}
10-11 19:44:44.158 12221 19570 I ReactNativeJS: [outputs] outputs.hapticSymbol {"timestamp":27270336.701783,"wallClock":1760226284158,"enabled":true,"symbol":"-","durationMs":120,"platform":"android","source":"console.replay","correlationId":"console-replay:mgmxa5bx12lmqdw0","timelineOffsetMs":null}
10-11 19:44:44.159 12221 19570 I ReactNativeJS: [outputs] outputs.flashPulse {"timestamp":27270337.475637,"wallClock":1760226284158,"enabled":true,"durationMs":120,"source":"console.replay","correlationId":"console-replay:mgmxa5bx12lmqdw0","timelineOffsetMs":20.594657998532057,"schedulingMode":"timeline","audioStartHeadroomMs":-64.3797929994762,"audioStartGuard":"headroom","audioStartCompensationMs":64.3797929994762}
10-11 19:44:44.212 12221 19570 I ReactNativeJS: [outputs] outputs.flashPulse.commit {"timestamp":27270390.901783,"wallClock":1760226284212,"durationMs":120,"source":"console.replay","correlationId":"console-replay:mgmxa5bx12lmqdw0","latencyMs":55.389061998575926,"timelineOffsetMs":20.594657998532057,"leadMs":8,"scheduleSkewMs":53.42525999993086,"schedulingMode":"timeline","audioStartHeadroomMs":-64.3797929994762,"audioStartGuard":"headroom","audioStartCompensationMs":64.3797929994762}
10-11 19:44:44.256 12221 19998 D OutputsAudio: [outputs-audio] stop gain=1.000 release=6.00
10-11 19:44:44.297 12221 19998 D OutputsAudio: [outputs-audio] start hz=650.0 gain=1.000 attack=2.50 release=6.00
10-11 19:44:44.297 12221 19998 D OutputsAudio: [outputs-audio] playMorse.symbol.start sequence=24 symbol=- expected=27270441.086 actual=27270476.093 skew=35.007 batchElapsed=2755.007
