10-12 10:34:32.968 25077 25158 I ReactNativeJS: [outputs] playMorse.symbol {"timestamp":47448034.411325,"wallClock":1760279672967,"symbol":"-","durationMs":240,"index":17,"source":"console.replay","correlationId":"console-replay:mgnt2gefj6hwz6c3","nativeTimestampMs":47448026.213,"nativeDurationMs":240,"nativeOffsetMs":7.326761998236179,"nativeSequence":18,"monotonicTimestampMs":47448026.213,"nativeExpectedTimestampMs":47447837.374,"nativeStartSkewMs":188.84,"nativeBatchElapsedMs":4188.84,"nativeExpectedSincePriorMs":320,"nativeSincePriorMs":330.814,"nativePatternStartMs":47443837.374,"nativeAgeMs":7.191}
10-12 10:34:32.968 25077 25158 I ReactNativeJS: [outputs] outputs.hapticSymbol {"timestamp":47448034.913148,"wallClock":1760279672968,"enabled":true,"symbol":"-","durationMs":240,"platform":"android","source":"console.replay","correlationId":"console-replay:mgnt2gefj6hwz6c3","timelineOffsetMs":null}
10-12 10:34:32.969 25077 25158 I ReactNativeJS: [outputs] outputs.flashPulse {"timestamp":47448035.688617,"wallClock":1760279672969,"enabled":true,"durationMs":240,"source":"console.replay","correlationId":"console-replay:mgnt2gefj6hwz6c3","timelineOffsetMs":7.326761998236179,"schedulingMode":"timeline","audioStartHeadroomMs":-206.29597099870443,"audioStartGuard":"headroom","audioStartCompensationMs":160}
10-12 10:34:33.026 25077 25158 I ReactNativeJS: [outputs] outputs.flashPulse.commit {"timestamp":47448093.023825,"wallClock":1760279673026,"durationMs":240,"source":"console.replay","correlationId":"console-replay:mgnt2gefj6hwz6c3","latencyMs":59.474480003118515,"timelineOffsetMs":7.326761998236179,"leadMs":8,"scheduleSkewMs":57.341407001018524,"schedulingMode":"timeline","audioStartHeadroomMs":-206.29597099870443,"audioStartGuard":"headroom","audioStartCompensationMs":160}
10-12 10:34:33.199 25077 25297 D OutputsAudio: [outputs-audio] stop gain=1.000 release=6.00
10-12 10:34:33.200 25077 25297 D OutputsAudio: [outputs-audio] playMorse.gap sequence=18 nextOffset=4320.000 gapTarget=47448157.374
10-12 10:34:33.200 25077 25297 D OutputsAudio: [outputs-audio] playMorse.dispatch sequence=19 symbol=. offset=4320.000 lead=90.000 dispatchAt=47448067.374
10-12 10:34:33.200 25077 25297 D OutputsAudio: [outputs-audio] start hz=650.0 gain=1.000 attack=2.50 release=6.00
10-12 10:34:33.200 25077 25297 D OutputsAudio: [outputs-audio] playMorse.symbol.start sequence=19 symbol=. expected=47448157.374 actual=47448357.101 skew=199.728 batchElapsed=4519.728
10-12 10:34:33.292 25077 25158 D OutputsAudio: [outputs-audio] symbol.info sequence=19 symbol=. timestamp=47448357.101 duration=80.000 expected=47448157.374 skew=199.728 age=1.837
10-12 10:34:33.293 25077 25158 I ReactNativeJS: [outputs] playMorse.symbol {"timestamp":47448359.154137,"wallClock":1760279673292,"symbol":".","durationMs":80,"index":18,"source":"console.replay","correlationId":"console-replay:o28n1z74","nativeTimestampMs":47448357.101,"nativeDurationMs":80,"nativeOffsetMs":1.9714709967374802,"nativeSequence":19,"monotonicTimestampMs":47448357.101,"nativeExpectedTimestampMs":47448157.374,"nativeStartSkewMs":199.728,"nativeBatchElapsedMs":4519.728,"nativeExpectedSincePriorMs":320,"nativeSincePriorMs":330.888,"nativePatternStartMs":47443837.374,"nativeAgeMs":1.837}
10-12 10:34:33.294 25077 25158 I ReactNativeJS: [outputs] playMorse.symbol {"timestamp":47448360.152523,"wallClock":1760279673293,"symbol":".","durationMs":80,"index":18,"source":"console.replay","correlationId":"console-replay:mgnt2gnhmfwcpymu","nativeTimestampMs":47448357.101,"nativeDurationMs":80,"nativeOffsetMs":1.9714709967374802,"nativeSequence":19,"monotonicTimestampMs":47448357.101,"nativeExpectedTimestampMs":47448157.374,"nativeStartSkewMs":199.728,"nativeBatchElapsedMs":4519.728,"nativeExpectedSincePriorMs":320,"nativeSincePriorMs":330.888,"nativePatternStartMs":47443837.374,"nativeAgeMs":1.837}
10-12 10:34:33.295 25077 25158 I ReactNativeJS: [outputs] outputs.hapticSymbol {"timestamp":47448360.921533,"wallClock":1760279673294,"enabled":true,"symbol":".","durationMs":80,"platform":"android","source":"console.replay","correlationId":"console-replay:mgnt2gnhmfwcpymu","timelineOffsetMs":null}
10-12 10:34:33.295 25077 25158 I ReactNativeJS: [outputs] outputs.flashPulse {"timestamp":47448362.124814,"wallClock":1760279673295,"enabled":true,"durationMs":80,"source":"console.replay","correlationId":"console-replay:mgnt2gnhmfwcpymu","timelineOffsetMs":1.9714709967374802,"schedulingMode":"timeline","audioStartHeadroomMs":-212.734563998878,"audioStartGuard":"headroom","audioStartCompensationMs":160}
10-12 10:34:33.355 25077 25158 I ReactNativeJS: [outputs] outputs.flashPulse.commit {"timestamp":47448422.024033,"wallClock":1760279673355,"durationMs":80,"source":"console.replay","correlationId":"console-replay:mgnt2gnhmfwcpymu","latencyMs":62.941197998821735,"timelineOffsetMs":1.9714709967374802,"leadMs":8,"scheduleSkewMs":59.90286500006914,"schedulingMode":"timeline","audioStartHeadroomMs":-212.734563998878,"audioStartGuard":"headroom","audioStartCompensationMs":160}
10-12 10:34:33.370 25077 25297 D OutputsAudio: [outputs-audio] stop gain=1.000 release=6.00
10-12 10:34:33.371 25077 25297 D OutputsAudio: [outputs-audio] playMorse.gap sequence=19 nextOffset=4480.000 gapTarget=47448317.374
10-12 10:34:33.371 25077 25297 D OutputsAudio: [outputs-audio] playMorse.dispatch sequence=20 symbol=. offset=4480.000 lead=90.000 dispatchAt=47448227.374
10-12 10:34:33.371 25077 25297 D OutputsAudio: [outputs-audio] start hz=650.0 gain=1.000 attack=2.50 release=6.00
10-12 10:34:33.371 25077 25297 D OutputsAudio: [outputs-audio] playMorse.symbol.start sequence=20 symbol=. expected=47448317.374 actual=47448528.129 skew=210.755 batchElapsed=4690.755
10-12 10:34:33.463 25077 25158 D OutputsAudio: [outputs-audio] symbol.info sequence=20 symbol=. timestamp=47448528.129 duration=80.000 expected=47448317.374 skew=210.755 age=2.407
10-12 10:34:33.466 25077 25158 I ReactNativeJS: [outputs] playMorse.symbol {"timestamp":47448530.766012,"wallClock":1760279673464,"symbol":".","durationMs":80,"index":19,"source":"console.replay","correlationId":"console-replay:7h6odqmx","nativeTimestampMs":47448528.129,"nativeDurationMs":80,"nativeOffsetMs":2.541023001074791,"nativeSequence":20,"monotonicTimestampMs":47448528.129,"nativeExpectedTimestampMs":47448317.374,"nativeStartSkewMs":210.755,"nativeBatchElapsedMs":4690.755,"nativeExpectedSincePriorMs":160,"nativeSincePriorMs":171.027,"nativePatternStartMs":47443837.374,"nativeAgeMs":2.407}
10-12 10:34:33.468 25077 25158 I ReactNativeJS: [outputs] playMorse.symbol {"timestamp":47448533.519033,"wallClock":1760279673466,"symbol":".","durationMs":80,"index":19,"source":"console.replay","correlationId":"console-replay:mgnt2gsanvua7x38","nativeTimestampMs":47448528.129,"nativeDurationMs":80,"nativeOffsetMs":2.541023001074791,"nativeSequence":20,"monotonicTimestampMs":47448528.129,"nativeExpectedTimestampMs":47448317.374,"nativeStartSkewMs":210.755,"nativeBatchElapsedMs":4690.755,"nativeExpectedSincePriorMs":160,"nativeSincePriorMs":171.027,"nativePatternStartMs":47443837.374,"nativeAgeMs":2.407}
10-12 10:34:33.469 25077 25158 I ReactNativeJS: [outputs] outputs.hapticSymbol {"timestamp":47448534.900752,"wallClock":1760279673468,"enabled":true,"symbol":".","durationMs":80,"platform":"android","source":"console.replay","correlationId":"console-replay:mgnt2gsanvua7x38","timelineOffsetMs":null}
10-12 10:34:33.471 25077 25158 I ReactNativeJS: [outputs] outputs.flashPulse {"timestamp":47448537.651116,"wallClock":1760279673471,"enabled":true,"durationMs":80,"source":"console.replay","correlationId":"console-replay:mgnt2gsanvua7x38","timelineOffsetMs":2.541023001074791,"schedulingMode":"timeline","audioStartHeadroomMs":-228.25591800361872,"audioStartGuard":"headroom","audioStartCompensationMs":160}
10-12 10:34:33.529 25077 25158 I ReactNativeJS: [outputs] outputs.flashPulse.commit {"timestamp":47448595.93346,"wallClock":1760279673529,"durationMs":80,"source":"console.replay","correlationId":"console-replay:mgnt2gsanvua7x38","latencyMs":65.25338499993086,"timelineOffsetMs":2.541023001074791,"leadMs":8,"scheduleSkewMs":58.29031199961901,"schedulingMode":"timeline","audioStartHeadroomMs":-228.25591800361872,"audioStartGuard":"headroom","audioStartCompensationMs":160}
10-12 10:34:33.542 25077 25297 D OutputsAudio: [outputs-audio] stop gain=1.000 release=6.00
10-12 10:34:33.542 25077 25297 D OutputsAudio: [outputs-audio] playMorse.gap sequence=20 nextOffset=4640.000 gapTarget=47448477.374
10-12 10:34:33.543 25077 25297 D OutputsAudio: [outputs-audio] playMorse.dispatch sequence=21 symbol=. offset=4640.000 lead=90.000 dispatchAt=47448387.374
10-12 10:34:33.543 25077 25297 D OutputsAudio: [outputs-audio] start hz=650.0 gain=1.000 attack=2.50 release=6.00
10-12 10:34:33.543 25077 25297 D OutputsAudio: [outputs-audio] playMorse.symbol.start sequence=21 symbol=. expected=47448477.374 actual=47448699.815 skew=222.441 batchElapsed=4862.441
10-12 10:34:33.633 25077 25158 D OutputsAudio: [outputs-audio] symbol.info sequence=21 symbol=. timestamp=47448699.815 duration=80.000 expected=47448477.374 skew=222.441 age=0.286
10-12 10:34:33.637 25077 25158 I ReactNativeJS: [outputs] playMorse.symbol {"timestamp":47448703.581481,"wallClock":1760279673636,"symbol":".","durationMs":80,"index":20,"source":"console.replay","correlationId":"console-replay:qt2u6ima","nativeTimestampMs":47448699.815,"nativeDurationMs":80,"nativeOffsetMs":3.6612730026245117,"nativeSequence":21,"monotonicTimestampMs":47448699.815,"nativeExpectedTimestampMs":47448477.374,"nativeStartSkewMs":222.441,"nativeBatchElapsedMs":4862.441,"nativeExpectedSincePriorMs":160,"nativeSincePriorMs":171.686,"nativePatternStartMs":47443837.374,"nativeAgeMs":0.286}
10-12 10:34:33.638 25077 25158 I ReactNativeJS: [outputs] playMorse.symbol {"timestamp":47448704.645335,"wallClock":1760279673638,"symbol":".","durationMs":80,"index":20,"source":"console.replay","correlationId":"console-replay:mgnt2gx2zejyc0n6","nativeTimestampMs":47448699.815,"nativeDurationMs":80,"nativeOffsetMs":3.6612730026245117,"nativeSequence":21,"monotonicTimestampMs":47448699.815,"nativeExpectedTimestampMs":47448477.374,"nativeStartSkewMs":222.441,"nativeBatchElapsedMs":4862.441,"nativeExpectedSincePriorMs":160,"nativeSincePriorMs":171.686,"nativePatternStartMs":47443837.374,"nativeAgeMs":0.286}
10-12 10:34:33.639 25077 25158 I ReactNativeJS: [outputs] outputs.hapticSymbol {"timestamp":47448705.311846,"wallClock":1760279673638,"enabled":true,"symbol":".","durationMs":80,"platform":"android","source":"console.replay","correlationId":"console-replay:mgnt2gx2zejyc0n6","timelineOffsetMs":null}
10-12 10:34:33.640 25077 25158 I ReactNativeJS: [outputs] outputs.flashPulse {"timestamp":47448706.401221,"wallClock":1760279673639,"enabled":true,"durationMs":80,"source":"console.replay","correlationId":"console-replay:mgnt2gx2zejyc0n6","timelineOffsetMs":3.6612730026245117,"schedulingMode":"timeline","audioStartHeadroomMs":-237.0019080042839,"audioStartGuard":"headroom","audioStartCompensationMs":160}
10-12 10:34:33.714 25077 25297 D OutputsAudio: [outputs-audio] stop gain=1.000 release=6.00
10-12 10:34:33.714 25077 25297 D OutputsAudio: [outputs-audio] playMorse.gap sequence=21 nextOffset=4800.000 gapTarget=47448637.374
10-12 10:34:33.714 25077 25297 D OutputsAudio: [outputs-audio] playMorse.dispatch sequence=22 symbol=- offset=4800.000 lead=90.000 dispatchAt=47448547.374
10-12 10:34:33.714 25077 25297 D OutputsAudio: [outputs-audio] start hz=650.0 gain=1.000 attack=2.50 release=6.00
10-12 10:34:33.714 25077 25297 D OutputsAudio: [outputs-audio] playMorse.symbol.start sequence=22 symbol=- expected=47448637.374 actual=47448870.891 skew=233.517 batchElapsed=5033.517
10-12 10:34:33.714 25077 25158 I ReactNativeJS: [outputs] outputs.flashPulse.commit {"timestamp":47448780.699866,"wallClock":1760279673714,"durationMs":80,"source":"console.replay","correlationId":"console-replay:mgnt2gx2zejyc0n6","latencyMs":77.21510399878025,"timelineOffsetMs":3.6612730026245117,"leadMs":8,"scheduleSkewMs":74.31192699819803,"schedulingMode":"timeline","audioStartHeadroomMs":-237.0019080042839,"audioStartGuard":"headroom","audioStartCompensationMs":160}
10-12 10:34:33.799 25077 25158 D OutputsAudio: [outputs-audio] symbol.info sequence=22 symbol=- timestamp=47448870.891 duration=240.000 expected=47448637.374 skew=233.517 age=0.000
10-12 10:34:33.800 25077 25158 I ReactNativeJS: [outputs] playMorse.symbol {"timestamp":47448866.65622,"wallClock":1760279673800,"symbol":"-","durationMs":240,"index":21,"source":"console.replay","correlationId":"console-replay:51yjn81b","nativeTimestampMs":47448870.891,"nativeDurationMs":240,"nativeOffsetMs":-4.330977000296116,"nativeSequence":22,"monotonicTimestampMs":47448870.891,"nativeExpectedTimestampMs":47448637.374,"nativeStartSkewMs":233.517,"nativeBatchElapsedMs":5033.517,"nativeExpectedSincePriorMs":160,"nativeSincePriorMs":171.076,"nativePatternStartMs":47443837.374,"nativeAgeMs":0}
10-12 10:34:33.801 25077 25158 I ReactNativeJS: [outputs] playMorse.symbol {"timestamp":47448867.632366,"wallClock":1760279673801,"symbol":"-","durationMs":240,"index":21,"source":"console.replay","correlationId":"console-replay:mgnt2h1l9chorzdb","nativeTimestampMs":47448870.891,"nativeDurationMs":240,"nativeOffsetMs":-4.330977000296116,"nativeSequence":22,"monotonicTimestampMs":47448870.891,"nativeExpectedTimestampMs":47448637.374,"nativeStartSkewMs":233.517,"nativeBatchElapsedMs":5033.517,"nativeExpectedSincePriorMs":160,"nativeSincePriorMs":171.076,"nativePatternStartMs":47443837.374,"nativeAgeMs":0}
10-12 10:34:33.873 25077 25158 I ReactNativeJS: [outputs] outputs.hapticSymbol {"timestamp":47448939.350908,"wallClock":1760279673872,"enabled":true,"symbol":"-","durationMs":240,"platform":"android","source":"console.replay","correlationId":"console-replay:mgnt2h1l9chorzdb","timelineOffsetMs":null}
10-12 10:34:33.873 25077 25158 I ReactNativeJS: [outputs] outputs.flashPulse {"timestamp":47448940.104866,"wallClock":1760279673873,"enabled":true,"durationMs":240,"source":"console.replay","correlationId":"console-replay:mgnt2h1l9chorzdb","timelineOffsetMs":-4.330977000296116,"schedulingMode":"timeline","audioStartHeadroomMs":-310.7181060016155,"audioStartGuard":"headroom","audioStartCompensationMs":160}
10-12 10:34:33.922 25077 25158 I ReactNativeJS: [outputs] outputs.flashPulse.commit {"timestamp":47448988.643252,"wallClock":1760279673922,"durationMs":240,"source":"console.replay","correlationId":"console-replay:mgnt2h1l9chorzdb","latencyMs":117.74412699788809,"timelineOffsetMs":-4.330977000296116,"leadMs":8,"scheduleSkewMs":48.54135400056839,"schedulingMode":"timeline","audioStartHeadroomMs":-310.7181060016155,"audioStartGuard":"headroom","audioStartCompensationMs":160}
10-12 10:34:34.044 25077 25297 D OutputsAudio: [outputs-audio] stop gain=1.000 release=6.00
10-12 10:34:34.044 25077 25297 D OutputsAudio: [outputs-audio] playMorse.gap sequence=22 nextOffset=5120.000 gapTarget=47448957.374
10-12 10:34:34.044 25077 25297 D OutputsAudio: [outputs-audio] playMorse.dispatch sequence=23 symbol=- offset=5120.000 lead=90.000 dispatchAt=47448867.374
10-12 10:34:34.045 25077 25297 D OutputsAudio: [outputs-audio] start hz=650.0 gain=1.000 attack=2.50 release=6.00
10-12 10:34:34.045 25077 25297 D OutputsAudio: [outputs-audio] playMorse.symbol.start sequence=23 symbol=- expected=47448957.374 actual=47449201.634 skew=244.260 batchElapsed=5364.260
10-12 10:34:34.136 25077 25158 D OutputsAudio: [outputs-audio] symbol.info sequence=23 symbol=- timestamp=47449201.634 duration=240.000 expected=47448957.374 skew=244.260 age=0.965
10-12 10:34:34.137 25077 25158 I ReactNativeJS: [outputs] playMorse.symbol {"timestamp":47449202.978824,"wallClock":1760279674136,"symbol":"-","durationMs":240,"index":22,"source":"console.replay","correlationId":"console-replay:r1sl948u","nativeTimestampMs":47449201.634,"nativeDurationMs":240,"nativeOffsetMs":1.195084996521473,"nativeSequence":23,"monotonicTimestampMs":47449201.634,"nativeExpectedTimestampMs":47448957.374,"nativeStartSkewMs":244.26,"nativeBatchElapsedMs":5364.26,"nativeExpectedSincePriorMs":320,"nativeSincePriorMs":330.743,"nativePatternStartMs":47443837.374,"nativeAgeMs":0.965}
10-12 10:34:34.138 25077 25158 I ReactNativeJS: [outputs] playMorse.symbol {"timestamp":47449204.51471,"wallClock":1760279674137,"symbol":"-","durationMs":240,"index":22,"source":"console.replay","correlationId":"console-replay:mgnt2haxr957x19x","nativeTimestampMs":47449201.634,"nativeDurationMs":240,"nativeOffsetMs":1.195084996521473,"nativeSequence":23,"monotonicTimestampMs":47449201.634,"nativeExpectedTimestampMs":47448957.374,"nativeStartSkewMs":244.26,"nativeBatchElapsedMs":5364.26,"nativeExpectedSincePriorMs":320,"nativeSincePriorMs":330.743,"nativePatternStartMs":47443837.374,"nativeAgeMs":0.965}
10-12 10:34:34.139 25077 25158 I ReactNativeJS: [outputs] outputs.hapticSymbol {"timestamp":47449205.123147,"wallClock":1760279674138,"enabled":true,"symbol":"-","durationMs":240,"platform":"android","source":"console.replay","correlationId":"console-replay:mgnt2haxr957x19x","timelineOffsetMs":null}
10-12 10:34:34.140 25077 25158 I ReactNativeJS: [outputs] outputs.flashPulse {"timestamp":47449206.188877,"wallClock":1760279674139,"enabled":true,"durationMs":240,"source":"console.replay","correlationId":"console-replay:mgnt2haxr957x19x","timelineOffsetMs":1.195084996521473,"schedulingMode":"timeline","audioStartHeadroomMs":-256.7915429994464,"audioStartGuard":"headroom","audioStartCompensationMs":160}
10-12 10:34:34.201 25077 25158 I ReactNativeJS: [outputs] outputs.flashPulse.commit {"timestamp":47449267.698095,"wallClock":1760279674201,"durationMs":240,"source":"console.replay","correlationId":"console-replay:mgnt2haxr957x19x","latencyMs":64.85953100025654,"timelineOffsetMs":1.195084996521473,"leadMs":8,"scheduleSkewMs":61.5196869969368,"schedulingMode":"timeline","audioStartHeadroomMs":-256.7915429994464,"audioStartGuard":"headroom","audioStartCompensationMs":160}
10-12 10:34:34.376 25077 25297 D OutputsAudio: [outputs-audio] stop gain=1.000 release=6.00
10-12 10:34:34.376 25077 25297 D OutputsAudio: [outputs-audio] playMorse.gap sequence=23 nextOffset=5440.000 gapTarget=47449277.374
10-12 10:34:34.376 25077 25297 D OutputsAudio: [outputs-audio] playMorse.dispatch sequence=24 symbol=- offset=5440.000 lead=90.000 dispatchAt=47449187.374
10-12 10:34:34.376 25077 25297 D OutputsAudio: [outputs-audio] start hz=650.0 gain=1.000 attack=2.50 release=6.00
10-12 10:34:34.376 25077 25297 D OutputsAudio: [outputs-audio] playMorse.symbol.start sequence=24 symbol=- expected=47449277.374 actual=47449533.436 skew=256.062 batchElapsed=5696.062
10-12 10:34:34.477 25077 25158 D OutputsAudio: [outputs-audio] symbol.info sequence=24 symbol=- timestamp=47449533.436 duration=240.000 expected=47449277.374 skew=256.062 age=10.132
10-12 10:34:34.477 25077 25158 I ReactNativeJS: [outputs] playMorse.symbol {"timestamp":47449543.783564,"wallClock":1760279674477,"symbol":"-","durationMs":240,"index":23,"source":"console.replay","correlationId":"console-replay:s17dcw0b","nativeTimestampMs":47449533.436,"nativeDurationMs":240,"nativeOffsetMs":10.265949003398418,"nativeSequence":24,"monotonicTimestampMs":47449533.436,"nativeExpectedTimestampMs":47449277.374,"nativeStartSkewMs":256.062,"nativeBatchElapsedMs":5696.062,"nativeExpectedSincePriorMs":320,"nativeSincePriorMs":331.802,"nativePatternStartMs":47443837.374,"nativeAgeMs":10.132}
10-12 10:34:34.478 25077 25158 I ReactNativeJS: [outputs] playMorse.symbol {"timestamp":47449544.622679,"wallClock":1760279674478,"symbol":"-","durationMs":240,"index":23,"source":"console.replay","correlationId":"console-replay:mgnt2hke3e5un1lb","nativeTimestampMs":47449533.436,"nativeDurationMs":240,"nativeOffsetMs":10.265949003398418,"nativeSequence":24,"monotonicTimestampMs":47449533.436,"nativeExpectedTimestampMs":47449277.374,"nativeStartSkewMs":256.062,"nativeBatchElapsedMs":5696.062,"nativeExpectedSincePriorMs":320,"nativeSincePriorMs":331.802,"nativePatternStartMs":47443837.374,"nativeAgeMs":10.132}
10-12 10:34:34.478 25077 25158 I ReactNativeJS: [outputs] outputs.hapticSymbol {"timestamp":47449545.078824,"wallClock":1760279674478,"enabled":true,"symbol":"-","durationMs":240,"platform":"android","source":"console.replay","correlationId":"console-replay:mgnt2hke3e5un1lb","timelineOffsetMs":null}
10-12 10:34:34.479 25077 25158 I ReactNativeJS: [outputs] outputs.flashPulse {"timestamp":47449545.860856,"wallClock":1760279674479,"enabled":true,"durationMs":240,"source":"console.replay","correlationId":"console-replay:mgnt2hke3e5un1lb","timelineOffsetMs":10.265949003398418,"schedulingMode":"timeline","audioStartHeadroomMs":-276.46696000546217,"audioStartGuard":"headroom","audioStartCompensationMs":160}
10-12 10:34:34.551 25077 25158 I ReactNativeJS: [outputs] outputs.flashPulse.commit {"timestamp":47449617.335699,"wallClock":1760279674550,"durationMs":240,"source":"console.replay","correlationId":"console-replay:mgnt2hke3e5un1lb","latencyMs":73.625,"timelineOffsetMs":10.265949003398418,"leadMs":8,"scheduleSkewMs":71.48296800255775,"schedulingMode":"timeline","audioStartHeadroomMs":-276.46696000546217,"audioStartGuard":"headroom","audioStartCompensationMs":160}
10-12 10:34:34.707 25077 25297 D OutputsAudio: [outputs-audio] stop gain=1.000 release=6.00
10-12 10:34:34.707 25077 25297 D OutputsAudio: [outputs-audio] playMorse.gap sequence=24 nextOffset=5760.000 gapTarget=47449597.374
10-12 10:34:34.708 25077 25297 D OutputsAudio: [outputs-audio] playMorse.dispatch sequence=25 symbol=. offset=5760.000 lead=90.000 dispatchAt=47449507.374
10-12 10:34:34.708 25077 25297 D OutputsAudio: [outputs-audio] start hz=650.0 gain=1.000 attack=2.50 release=6.00
10-12 10:34:34.708 25077 25297 D OutputsAudio: [outputs-audio] playMorse.symbol.start sequence=25 symbol=. expected=47449597.374 actual=47449864.909 skew=267.536 batchElapsed=6027.536
10-12 10:34:34.802 25077 25158 D OutputsAudio: [outputs-audio] symbol.info sequence=25 symbol=. timestamp=47449864.909 duration=80.000 expected=47449597.374 skew=267.536 age=4.006
10-12 10:34:34.803 25077 25158 I ReactNativeJS: [outputs] playMorse.symbol {"timestamp":47449869.173199,"wallClock":1760279674802,"symbol":".","durationMs":80,"index":24,"source":"console.replay","correlationId":"console-replay:1xokh7ym","nativeTimestampMs":47449864.909,"nativeDurationMs":80,"nativeOffsetMs":4.168417997658253,"nativeSequence":25,"monotonicTimestampMs":47449864.909,"nativeExpectedTimestampMs":47449597.374,"nativeStartSkewMs":267.536,"nativeBatchElapsedMs":6027.536,"nativeExpectedSincePriorMs":320,"nativeSincePriorMs":331.473,"nativePatternStartMs":47443837.374,"nativeAgeMs":4.006}
10-12 10:34:34.804 25077 25158 I ReactNativeJS: [outputs] playMorse.symbol {"timestamp":47449870.112314,"wallClock":1760279674803,"symbol":".","durationMs":80,"index":24,"source":"console.replay","correlationId":"console-replay:mgnt2htfz9pl6vk7","nativeTimestampMs":47449864.909,"nativeDurationMs":80,"nativeOffsetMs":4.168417997658253,"nativeSequence":25,"monotonicTimestampMs":47449864.909,"nativeExpectedTimestampMs":47449597.374,"nativeStartSkewMs":267.536,"nativeBatchElapsedMs":6027.536,"nativeExpectedSincePriorMs":320,"nativeSincePriorMs":331.473,"nativePatternStartMs":47443837.374,"nativeAgeMs":4.006}
10-12 10:34:34.804 25077 25158 I ReactNativeJS: [outputs] outputs.hapticSymbol {"timestamp":47449870.752574,"wallClock":1760279674804,"enabled":true,"symbol":".","durationMs":80,"platform":"android","source":"console.replay","correlationId":"console-replay:mgnt2htfz9pl6vk7","timelineOffsetMs":null}
10-12 10:34:34.811 25077 25158 I ReactNativeJS: [outputs] outputs.flashPulse {"timestamp":47449871.773251,"wallClock":1760279674805,"enabled":true,"durationMs":80,"source":"console.replay","correlationId":"console-replay:mgnt2htfz9pl6vk7","timelineOffsetMs":4.168417997658253,"schedulingMode":"timeline","audioStartHeadroomMs":-282.3733660057187,"audioStartGuard":"headroom","audioStartCompensationMs":160}
10-12 10:34:34.878 25077 25158 I ReactNativeJS: [outputs] outputs.flashPulse.commit {"timestamp":47449944.557053,"wallClock":1760279674877,"durationMs":80,"source":"console.replay","correlationId":"console-replay:mgnt2htfz9pl6vk7","latencyMs":75.47192700207233,"timelineOffsetMs":4.168417997658253,"leadMs":8,"scheduleSkewMs":72.7976040020585,"schedulingMode":"timeline","audioStartHeadroomMs":-282.3733660057187,"audioStartGuard":"headroom","audioStartCompensationMs":160}
10-12 10:34:34.878 25077 25297 D OutputsAudio: [outputs-audio] stop gain=1.000 release=6.00
10-12 10:34:34.878 25077 25297 D OutputsAudio: [outputs-audio] playMorse.gap sequence=25 nextOffset=5920.000 gapTarget=47449757.374
10-12 10:34:34.879 25077 25297 D OutputsAudio: [outputs-audio] playMorse.dispatch sequence=26 symbol=. offset=5920.000 lead=90.000 dispatchAt=47449667.374
10-12 10:34:34.879 25077 25297 D OutputsAudio: [outputs-audio] start hz=650.0 gain=1.000 attack=2.50 release=6.00
10-12 10:34:34.879 25077 25297 D OutputsAudio: [outputs-audio] playMorse.symbol.start sequence=26 symbol=. expected=47449757.374 actual=47450036.516 skew=279.142 batchElapsed=6199.142
10-12 10:34:34.969 25077 25158 D OutputsAudio: [outputs-audio] symbol.info sequence=26 symbol=. timestamp=47450036.516 duration=80.000 expected=47449757.374 skew=279.142 age=0.000
10-12 10:34:34.971 25077 25158 I ReactNativeJS: [outputs] playMorse.symbol {"timestamp":47450036.802626,"wallClock":1760279674970,"symbol":".","durationMs":80,"index":25,"source":"console.replay","correlationId":"console-replay:hjdl59o5","nativeTimestampMs":47450036.516,"nativeDurationMs":80,"nativeOffsetMs":0.18162599951028824,"nativeSequence":26,"monotonicTimestampMs":47450036.516,"nativeExpectedTimestampMs":47449757.374,"nativeStartSkewMs":279.142,"nativeBatchElapsedMs":6199.142,"nativeExpectedSincePriorMs":160,"nativeSincePriorMs":171.607,"nativePatternStartMs":47443837.374,"nativeAgeMs":0}
10-12 10:34:34.972 25077 25158 I ReactNativeJS: [outputs] playMorse.symbol {"timestamp":47450038.031741,"wallClock":1760279674971,"symbol":".","durationMs":80,"index":25,"source":"console.replay","correlationId":"console-replay:mgnt2hy3b01c628n","nativeTimestampMs":47450036.516,"nativeDurationMs":80,"nativeOffsetMs":0.18162599951028824,"nativeSequence":26,"monotonicTimestampMs":47450036.516,"nativeExpectedTimestampMs":47449757.374,"nativeStartSkewMs":279.142,"nativeBatchElapsedMs":6199.142,"nativeExpectedSincePriorMs":160,"nativeSincePriorMs":171.607,"nativePatternStartMs":47443837.374,"nativeAgeMs":0}
10-12 10:34:34.973 25077 25158 I ReactNativeJS: [outputs] outputs.hapticSymbol {"timestamp":47450039.223616,"wallClock":1760279674972,"enabled":true,"symbol":".","durationMs":80,"platform":"android","source":"console.replay","correlationId":"console-replay:mgnt2hy3b01c628n","timelineOffsetMs":null}
10-12 10:34:34.975 25077 25158 I ReactNativeJS: [outputs] outputs.flashPulse {"timestamp":47450041.58721,"wallClock":1760279674974,"enabled":true,"durationMs":80,"source":"console.replay","correlationId":"console-replay:mgnt2hy3b01c628n","timelineOffsetMs":0.18162599951028824,"schedulingMode":"timeline","audioStartHeadroomMs":-292.18326200544834,"audioStartGuard":"headroom","audioStartCompensationMs":160}
10-12 10:34:35.048 25077 25158 I ReactNativeJS: [outputs] outputs.flashPulse.commit {"timestamp":47450114.724605,"wallClock":1760279675048,"durationMs":80,"source":"console.replay","correlationId":"console-replay:mgnt2hy3b01c628n","latencyMs":78.0176559984684,"timelineOffsetMs":0.18162599951028824,"leadMs":8,"scheduleSkewMs":73.15338499844074,"schedulingMode":"timeline","audioStartHeadroomMs":-292.18326200544834,"audioStartGuard":"headroom","audioStartCompensationMs":160}
10-12 10:34:35.050 25077 25297 D OutputsAudio: [outputs-audio] stop gain=1.000 release=6.00
10-12 10:34:35.050 25077 25297 D OutputsAudio: [outputs-audio] playMorse.gap sequence=26 nextOffset=6080.000 gapTarget=47449917.374
10-12 10:34:35.050 25077 25297 D OutputsAudio: [outputs-audio] playMorse.dispatch sequence=27 symbol=. offset=6080.000 lead=90.000 dispatchAt=47449827.374
10-12 10:34:35.050 25077 25297 D OutputsAudio: [outputs-audio] start hz=650.0 gain=1.000 attack=2.50 release=6.00
10-12 10:34:35.050 25077 25297 D OutputsAudio: [outputs-audio] playMorse.symbol.start sequence=27 symbol=. expected=47449917.374 actual=47450207.406 skew=290.033 batchElapsed=6370.033
10-12 10:34:35.143 25077 25158 D OutputsAudio: [outputs-audio] symbol.info sequence=27 symbol=. timestamp=47450207.406 duration=80.000 expected=47449917.374 skew=290.033 age=2.564
10-12 10:34:35.144 25077 25158 I ReactNativeJS: [outputs] playMorse.symbol {"timestamp":47450210.167418,"wallClock":1760279675143,"symbol":".","durationMs":80,"index":26,"source":"console.replay","correlationId":"console-replay:5zc7snsc","nativeTimestampMs":47450207.406,"nativeDurationMs":80,"nativeOffsetMs":2.6876679956912994,"nativeSequence":27,"monotonicTimestampMs":47450207.406,"nativeExpectedTimestampMs":47449917.374,"nativeStartSkewMs":290.033,"nativeBatchElapsedMs":6370.033,"nativeExpectedSincePriorMs":160,"nativeSincePriorMs":170.89,"nativePatternStartMs":47443837.374,"nativeAgeMs":2.564}
10-12 10:34:35.145 25077 25158 I ReactNativeJS: [outputs] playMorse.symbol {"timestamp":47450210.996689,"wallClock":1760279675144,"symbol":".","durationMs":80,"index":26,"source":"console.replay","correlationId":"console-replay:mgnt2i2wcz3ksage","nativeTimestampMs":47450207.406,"nativeDurationMs":80,"nativeOffsetMs":2.6876679956912994,"nativeSequence":27,"monotonicTimestampMs":47450207.406,"nativeExpectedTimestampMs":47449917.374,"nativeStartSkewMs":290.033,"nativeBatchElapsedMs":6370.033,"nativeExpectedSincePriorMs":160,"nativeSincePriorMs":170.89,"nativePatternStartMs":47443837.374,"nativeAgeMs":2.564}
10-12 10:34:35.146 25077 25158 I ReactNativeJS: [outputs] outputs.hapticSymbol {"timestamp":47450211.91346,"wallClock":1760279675145,"enabled":true,"symbol":".","durationMs":80,"platform":"android","source":"console.replay","correlationId":"console-replay:mgnt2i2wcz3ksage","timelineOffsetMs":null}
10-12 10:34:35.147 25077 25158 I ReactNativeJS: [outputs] outputs.flashPulse {"timestamp":47450213.274657,"wallClock":1760279675146,"enabled":true,"durationMs":80,"source":"console.replay","correlationId":"console-replay:mgnt2i2wcz3ksage","timelineOffsetMs":2.6876679956912994,"schedulingMode":"timeline","audioStartHeadroomMs":-303.878157004714,"audioStartGuard":"headroom","audioStartCompensationMs":160}
10-12 10:34:35.206 25077 25158 I ReactNativeJS: [outputs] outputs.flashPulse.commit {"timestamp":47450272.638824,"wallClock":1760279675206,"durationMs":80,"source":"console.replay","correlationId":"console-replay:mgnt2i2wcz3ksage","latencyMs":62.53557299822569,"timelineOffsetMs":2.6876679956912994,"leadMs":8,"scheduleSkewMs":59.37307299673557,"schedulingMode":"timeline","audioStartHeadroomMs":-303.878157004714,"audioStartGuard":"headroom","audioStartCompensationMs":160}
10-12 10:34:35.221 25077 25297 D OutputsAudio: [outputs-audio] stop gain=1.000 release=6.00
10-12 10:34:35.222 25077 25297 D OutputsAudio: [outputs-audio] stop gain=1.000 release=6.00
10-12 10:34:35.222 25077 25297 D OutputsAudio: [outputs-audio] playMorse.end cancelled=0
10-12 10:34:35.257 25077 25158 I ReactNativeJS: [outputs] playMorse.complete {"timestamp":47450323.170387,"wallClock":1760279675256,"durationMs":6993.152653999627,"source":"console.replay","audioEnabled":true,"audioVolumePercent":100}
10-12 10:34:37.844 25077 25158 I ReactNativeJS: [outputs] playMorse.start {"timestamp":47452910.182521,"wallClock":1760279677843,"unitMs":60,"length":29,"source":"console.replay","audioEnabled":true,"audioVolumePercent":100}
10-12 10:34:38.232 25077 25158 D OutputsAudio: [outputs-audio] warmup hz=650.0
10-12 10:34:38.233 25077 25465 D OutputsAudio: [outputs-audio] playMorse.start count=27 unit=60.0
10-12 10:34:38.233 25077 25465 D OutputsAudio: [outputs-audio] playMorse.dispatch sequence=1 symbol=. offset=0.000 lead=0.000 dispatchAt=47453299.556
10-12 10:34:38.233 25077 25465 D OutputsAudio: [outputs-audio] start hz=650.0 gain=1.000 attack=2.50 release=6.00
10-12 10:34:38.233 25077 25465 D OutputsAudio: [outputs-audio] playMorse.symbol.start sequence=1 symbol=. expected=47453299.556 actual=47453300.105 skew=0.549 batchElapsed=0.549
10-12 10:34:38.248 25077 25158 D OutputsAudio: [outputs-audio] symbol.info sequence=1 symbol=. timestamp=47453300.105 duration=60.000 expected=47453299.556 skew=0.549 age=15.106
10-12 10:34:38.249 25077 25158 I ReactNativeJS: [outputs] playMorse.symbol {"timestamp":47453315.447313,"wallClock":1760279678248,"symbol":".","durationMs":60,"index":0,"source":"console.replay","correlationId":"console-replay:qbv17209","nativeTimestampMs":47453300.105,"nativeDurationMs":60,"nativeOffsetMs":15.246582999825478,"nativeSequence":1,"monotonicTimestampMs":47453300.105,"nativeExpectedTimestampMs":47453299.556,"nativeStartSkewMs":0.549,"nativeBatchElapsedMs":0.549,"nativeExpectedSincePriorMs":0,"nativeSincePriorMs":0,"nativePatternStartMs":47453299.556,"nativeAgeMs":15.106}
10-12 10:34:38.250 25077 25158 I ReactNativeJS: [outputs] playMorse.symbol {"timestamp":47453316.560333,"wallClock":1760279678249,"symbol":".","durationMs":60,"index":0,"source":"console.replay","correlationId":"console-replay:mgnt2kh5k1jr3qow","nativeTimestampMs":47453300.105,"nativeDurationMs":60,"nativeOffsetMs":15.246582999825478,"nativeSequence":1,"monotonicTimestampMs":47453300.105,"nativeExpectedTimestampMs":47453299.556,"nativeStartSkewMs":0.549,"nativeBatchElapsedMs":0.549,"nativeExpectedSincePriorMs":0,"nativeSincePriorMs":0,"nativePatternStartMs":47453299.556,"nativeAgeMs":15.106}
10-12 10:34:38.250 25077 25158 I ReactNativeJS: [outputs] outputs.hapticSymbol {"timestamp":47453317.156896,"wallClock":1760279678250,"enabled":true,"symbol":".","durationMs":60,"platform":"android","source":"console.replay","correlationId":"console-replay:mgnt2kh5k1jr3qow","timelineOffsetMs":null}
10-12 10:34:38.251 25077 25158 I ReactNativeJS: [outputs] outputs.flashPulse {"timestamp":47453318.139031,"wallClock":1760279678251,"enabled":true,"durationMs":60,"source":"console.replay","correlationId":"console-replay:mgnt2kh5k1jr3qow","timelineOffsetMs":15.246582999825478,"schedulingMode":"timeline","audioStartHeadroomMs":-26.560530997812748,"audioStartGuard":"headroom","audioStartCompensationMs":26.560530997812748}
10-12 10:34:38.293 25077 25465 D OutputsAudio: [outputs-audio] stop gain=1.000 release=6.00
10-12 10:34:38.293 25077 25465 D OutputsAudio: [outputs-audio] playMorse.gap sequence=1 nextOffset=120.000 gapTarget=47453419.556
10-12 10:34:38.293 25077 25465 D OutputsAudio: [outputs-audio] playMorse.dispatch sequence=2 symbol=. offset=120.000 lead=90.000 dispatchAt=47453329.556
10-12 10:34:38.293 25077 25465 D OutputsAudio: [outputs-audio] start hz=650.0 gain=1.000 attack=2.50 release=6.00
10-12 10:34:38.293 25077 25465 D OutputsAudio: [outputs-audio] playMorse.symbol.start sequence=2 symbol=. expected=47453419.556 actual=47453450.558 skew=31.001 batchElapsed=151.001
10-12 10:34:38.320 25077 25158 I ReactNativeJS: [outputs] outputs.flashPulse.commit {"timestamp":47453386.842052,"wallClock":1760279678320,"durationMs":60,"source":"console.replay","correlationId":"console-replay:mgnt2kh5k1jr3qow","latencyMs":71.4818230047822,"timelineOffsetMs":15.246582999825478,"leadMs":8,"scheduleSkewMs":68.71411400288343,"schedulingMode":"timeline","audioStartHeadroomMs":-26.560530997812748,"audioStartGuard":"headroom","audioStartCompensationMs":26.560530997812748}
10-12 10:34:38.397 25077 25158 D OutputsAudio: [outputs-audio] symbol.info sequence=2 symbol=. timestamp=47453450.558 duration=60.000 expected=47453419.556 skew=31.001 age=13.675
10-12 10:34:38.398 25077 25158 I ReactNativeJS: [outputs] playMorse.symbol {"timestamp":47453464.47924,"wallClock":1760279678397,"symbol":".","durationMs":60,"index":1,"source":"console.replay","correlationId":"console-replay:n18birdt","nativeTimestampMs":47453450.558,"nativeDurationMs":60,"nativeOffsetMs":13.832854002714157,"nativeSequence":2,"monotonicTimestampMs":47453450.558,"nativeExpectedTimestampMs":47453419.556,"nativeStartSkewMs":31.001,"nativeBatchElapsedMs":151.001,"nativeExpectedSincePriorMs":120,"nativeSincePriorMs":150.453,"nativePatternStartMs":47453299.556,"nativeAgeMs":13.675}
10-12 10:34:38.399 25077 25158 I ReactNativeJS: [outputs] playMorse.symbol {"timestamp":47453465.328198,"wallClock":1760279678398,"symbol":".","durationMs":60,"index":1,"source":"console.replay","correlationId":"console-replay:mgnt2klaicdh9bcu","nativeTimestampMs":47453450.558,"nativeDurationMs":60,"nativeOffsetMs":13.832854002714157,"nativeSequence":2,"monotonicTimestampMs":47453450.558,"nativeExpectedTimestampMs":47453419.556,"nativeStartSkewMs":31.001,"nativeBatchElapsedMs":151.001,"nativeExpectedSincePriorMs":120,"nativeSincePriorMs":150.453,"nativePatternStartMs":47453299.556,"nativeAgeMs":13.675}
10-12 10:34:38.400 25077 25158 I ReactNativeJS: [outputs] outputs.hapticSymbol {"timestamp":47453466.121219,"wallClock":1760279678399,"enabled":true,"symbol":".","durationMs":60,"platform":"android","source":"console.replay","correlationId":"console-replay:mgnt2klaicdh9bcu","timelineOffsetMs":null}
10-12 10:34:38.405 25077 25158 I ReactNativeJS: [outputs] outputs.flashPulse {"timestamp":47453471.183771,"wallClock":1760279678404,"enabled":true,"durationMs":60,"source":"console.replay","correlationId":"console-replay:mgnt2klaicdh9bcu","timelineOffsetMs":13.832854002714157,"schedulingMode":"timeline","audioStartHeadroomMs":-59.60834399610758,"audioStartGuard":"headroom","audioStartCompensationMs":59.60834399610758}
10-12 10:34:38.444 25077 25465 D OutputsAudio: [outputs-audio] stop gain=1.000 release=6.00
10-12 10:34:38.444 25077 25465 D OutputsAudio: [outputs-audio] playMorse.gap sequence=2 nextOffset=240.000 gapTarget=47453539.556
10-12 10:34:38.444 25077 25465 D OutputsAudio: [outputs-audio] playMorse.dispatch sequence=3 symbol=. offset=240.000 lead=90.000 dispatchAt=47453449.556
10-12 10:34:38.444 25077 25465 D OutputsAudio: [outputs-audio] start hz=650.0 gain=1.000 attack=2.50 release=6.00
10-12 10:34:38.444 25077 25465 D OutputsAudio: [outputs-audio] playMorse.symbol.start sequence=3 symbol=. expected=47453539.556 actual=47453601.536 skew=61.980 batchElapsed=301.980
10-12 10:34:38.493 25077 25158 I ReactNativeJS: [outputs] outputs.flashPulse.commit {"timestamp":47453559.737625,"wallClock":1760279678493,"durationMs":60,"source":"console.replay","correlationId":"console-replay:mgnt2klaicdh9bcu","latencyMs":95.33078099787235,"timelineOffsetMs":13.832854002714157,"leadMs":8,"scheduleSkewMs":88.55375000089407,"schedulingMode":"timeline","audioStartHeadroomMs":-59.60834399610758,"audioStartGuard":"headroom","audioStartCompensationMs":59.60834399610758}
10-12 10:34:38.547 25077 25158 D OutputsAudio: [outputs-audio] symbol.info sequence=3 symbol=. timestamp=47453601.536 duration=60.000 expected=47453539.556 skew=61.980 age=12.216
10-12 10:34:38.547 25077 25158 I ReactNativeJS: [outputs] playMorse.symbol {"timestamp":47453613.905958,"wallClock":1760279678547,"symbol":".","durationMs":60,"index":2,"source":"console.replay","correlationId":"console-replay:nvqr4pp8","nativeTimestampMs":47453601.536,"nativeDurationMs":60,"nativeOffsetMs":12.3179270029068,"nativeSequence":3,"monotonicTimestampMs":47453601.536,"nativeExpectedTimestampMs":47453539.556,"nativeStartSkewMs":61.98,"nativeBatchElapsedMs":301.98,"nativeExpectedSincePriorMs":120,"nativeSincePriorMs":150.978,"nativePatternStartMs":47453299.556,"nativeAgeMs":12.216}
10-12 10:34:38.548 25077 25158 I ReactNativeJS: [outputs] playMorse.symbol {"timestamp":47453614.414448,"wallClock":1760279678547,"symbol":".","durationMs":60,"index":2,"source":"console.replay","correlationId":"console-replay:mgnt2kpfyjtqqvsc","nativeTimestampMs":47453601.536,"nativeDurationMs":60,"nativeOffsetMs":12.3179270029068,"nativeSequence":3,"monotonicTimestampMs":47453601.536,"nativeExpectedTimestampMs":47453539.556,"nativeStartSkewMs":61.98,"nativeBatchElapsedMs":301.98,"nativeExpectedSincePriorMs":120,"nativeSincePriorMs":150.978,"nativePatternStartMs":47453299.556,"nativeAgeMs":12.216}
10-12 10:34:38.548 25077 25158 I ReactNativeJS: [outputs] outputs.hapticSymbol {"timestamp":47453614.768094,"wallClock":1760279678548,"enabled":true,"symbol":".","durationMs":60,"platform":"android","source":"console.replay","correlationId":"console-replay:mgnt2kpfyjtqqvsc","timelineOffsetMs":null}
10-12 10:34:38.548 25077 25158 I ReactNativeJS: [outputs] outputs.flashPulse {"timestamp":47453615.323667,"wallClock":1760279678548,"enabled":true,"durationMs":60,"source":"console.replay","correlationId":"console-replay:mgnt2kpfyjtqqvsc","timelineOffsetMs":12.3179270029068,"schedulingMode":"timeline","audioStartHeadroomMs":-83.7564689964056,"audioStartGuard":"headroom","audioStartCompensationMs":83.7564689964056}
10-12 10:34:38.595 25077 25465 D OutputsAudio: [outputs-audio] stop gain=1.000 release=6.00
10-12 10:34:38.595 25077 25465 D OutputsAudio: [outputs-audio] playMorse.gap sequence=3 nextOffset=360.000 gapTarget=47453659.556
10-12 10:34:38.595 25077 25465 D OutputsAudio: [outputs-audio] playMorse.dispatch sequence=4 symbol=- offset=360.000 lead=90.000 dispatchAt=47453569.556
10-12 10:34:38.595 25077 25465 D OutputsAudio: [outputs-audio] start hz=650.0 gain=1.000 attack=2.50 release=6.00
10-12 10:34:38.595 25077 25465 D OutputsAudio: [outputs-audio] playMorse.symbol.start sequence=4 symbol=- expected=47453659.556 actual=47453751.870 skew=92.314 batchElapsed=452.314
10-12 10:34:38.613 25077 25158 I ReactNativeJS: [outputs] outputs.flashPulse.commit {"timestamp":47453679.329812,"wallClock":1760279678612,"durationMs":60,"source":"console.replay","correlationId":"console-replay:mgnt2kpfyjtqqvsc","latencyMs":65.46359399706125,"timelineOffsetMs":12.3179270029068,"leadMs":8,"scheduleSkewMs":64.00333400070667,"schedulingMode":"timeline","audioStartHeadroomMs":-83.7564689964056,"audioStartGuard":"headroom","audioStartCompensationMs":83.7564689964056}
10-12 10:34:38.666 25077 25158 D OutputsAudio: [outputs-audio] symbol.info sequence=4 symbol=- timestamp=47453751.870 duration=180.000 expected=47453659.556 skew=92.314 age=0.000
10-12 10:34:38.667 25077 25158 I ReactNativeJS: [outputs] playMorse.symbol {"timestamp":47453733.361479,"wallClock":1760279678666,"symbol":"-","durationMs":180,"index":3,"source":"console.replay","correlationId":"console-replay:tmrrarse","nativeTimestampMs":47453751.87,"nativeDurationMs":180,"nativeOffsetMs":-18.558780997991562,"nativeSequence":4,"monotonicTimestampMs":47453751.87,"nativeExpectedTimestampMs":47453659.556,"nativeStartSkewMs":92.314,"nativeBatchElapsedMs":452.314,"nativeExpectedSincePriorMs":120,"nativeSincePriorMs":150.334,"nativePatternStartMs":47453299.556,"nativeAgeMs":0}
10-12 10:34:38.667 25077 25158 I ReactNativeJS: [outputs] playMorse.symbol {"timestamp":47453733.877573,"wallClock":1760279678667,"symbol":"-","durationMs":180,"index":3,"source":"console.replay","correlationId":"console-replay:mgnt2ksrg9aksgiq","nativeTimestampMs":47453751.87,"nativeDurationMs":180,"nativeOffsetMs":-18.558780997991562,"nativeSequence":4,"monotonicTimestampMs":47453751.87,"nativeExpectedTimestampMs":47453659.556,"nativeStartSkewMs":92.314,"nativeBatchElapsedMs":452.314,"nativeExpectedSincePriorMs":120,"nativeSincePriorMs":150.334,"nativePatternStartMs":47453299.556,"nativeAgeMs":0}
10-12 10:34:38.718 25077 25158 I ReactNativeJS: [outputs] outputs.hapticSymbol {"timestamp":47453784.679708,"wallClock":1760279678718,"enabled":true,"symbol":"-","durationMs":180,"platform":"android","source":"console.replay","correlationId":"console-replay:mgnt2ksrg9aksgiq","timelineOffsetMs":null}
10-12 10:34:38.718 25077 25158 I ReactNativeJS: [outputs] outputs.flashPulse {"timestamp":47453785.279448,"wallClock":1760279678718,"enabled":true,"durationMs":180,"source":"console.replay","correlationId":"console-replay:mgnt2ksrg9aksgiq","timelineOffsetMs":-18.558780997991562,"schedulingMode":"timeline","audioStartHeadroomMs":-133.71250999718904,"audioStartGuard":"headroom","audioStartCompensationMs":133.71250999718904}
10-12 10:34:38.772 25077 25158 I ReactNativeJS: [outputs] outputs.flashPulse.commit {"timestamp":47453839.112208,"wallClock":1760279678772,"durationMs":180,"source":"console.replay","correlationId":"console-replay:mgnt2ksrg9aksgiq","latencyMs":87.23267700523138,"timelineOffsetMs":-18.558780997991562,"leadMs":8,"scheduleSkewMs":53.83244800567627,"schedulingMode":"timeline","audioStartHeadroomMs":-133.71250999718904,"audioStartGuard":"headroom","audioStartCompensationMs":133.71250999718904}
10-12 10:34:38.865 25077 25465 D OutputsAudio: [outputs-audio] stop gain=1.000 release=6.00
10-12 10:34:38.865 25077 25465 D OutputsAudio: [outputs-audio] playMorse.gap sequence=4 nextOffset=600.000 gapTarget=47453899.556
10-12 10:34:38.865 25077 25465 D OutputsAudio: [outputs-audio] playMorse.dispatch sequence=5 symbol=- offset=600.000 lead=90.000 dispatchAt=47453809.556
10-12 10:34:38.865 25077 25465 D OutputsAudio: [outputs-audio] start hz=650.0 gain=1.000 attack=2.50 release=6.00
10-12 10:34:38.865 25077 25465 D OutputsAudio: [outputs-audio] playMorse.symbol.start sequence=5 symbol=- expected=47453899.556 actual=47454022.426 skew=122.870 batchElapsed=722.870
10-12 10:34:38.932 25077 25158 D OutputsAudio: [outputs-audio] symbol.info sequence=5 symbol=- timestamp=47454022.426 duration=180.000 expected=47453899.556 skew=122.870 age=0.000
10-12 10:34:38.933 25077 25158 I ReactNativeJS: [outputs] playMorse.symbol {"timestamp":47453999.642364,"wallClock":1760279678933,"symbol":"-","durationMs":180,"index":4,"source":"console.replay","correlationId":"console-replay:tlnq94ff","nativeTimestampMs":47454022.426,"nativeDurationMs":180,"nativeOffsetMs":-22.87873999774456,"nativeSequence":5,"monotonicTimestampMs":47454022.426,"nativeExpectedTimestampMs":47453899.556,"nativeStartSkewMs":122.87,"nativeBatchElapsedMs":722.87,"nativeExpectedSincePriorMs":240,"nativeSincePriorMs":270.556,"nativePatternStartMs":47453299.556,"nativeAgeMs":0}
10-12 10:34:38.934 25077 25158 I ReactNativeJS: [outputs] playMorse.symbol {"timestamp":47454000.664187,"wallClock":1760279678934,"symbol":"-","durationMs":180,"index":4,"source":"console.replay","correlationId":"console-replay:mgnt2l065d24bonc","nativeTimestampMs":47454022.426,"nativeDurationMs":180,"nativeOffsetMs":-22.87873999774456,"nativeSequence":5,"monotonicTimestampMs":47454022.426,"nativeExpectedTimestampMs":47453899.556,"nativeStartSkewMs":122.87,"nativeBatchElapsedMs":722.87,"nativeExpectedSincePriorMs":240,"nativeSincePriorMs":270.556,"nativePatternStartMs":47453299.556,"nativeAgeMs":0}
10-12 10:34:38.997 25077 25158 I ReactNativeJS: [outputs] outputs.hapticSymbol {"timestamp":47454063.500541,"wallClock":1760279678996,"enabled":true,"symbol":"-","durationMs":180,"platform":"android","source":"console.replay","correlationId":"console-replay:mgnt2l065d24bonc","timelineOffsetMs":null}
10-12 10:34:38.997 25077 25158 I ReactNativeJS: [outputs] outputs.flashPulse {"timestamp":47454064.282677,"wallClock":1760279678997,"enabled":true,"durationMs":180,"source":"console.replay","correlationId":"console-replay:mgnt2l065d24bonc","timelineOffsetMs":-22.87873999774456,"schedulingMode":"timeline","audioStartHeadroomMs":-172.71474999934435,"audioStartGuard":"headroom","audioStartCompensationMs":160}
10-12 10:34:39.046 25077 25158 I ReactNativeJS: [outputs] outputs.flashPulse.commit {"timestamp":47454112.682104,"wallClock":1760279679046,"durationMs":180,"source":"console.replay","correlationId":"console-replay:mgnt2l065d24bonc","latencyMs":90.24652100354433,"timelineOffsetMs":-22.87873999774456,"leadMs":8,"scheduleSkewMs":48.40005300194025,"schedulingMode":"timeline","audioStartHeadroomMs":-172.71474999934435,"audioStartGuard":"headroom","audioStartCompensationMs":160}
10-12 10:34:39.136 25077 25465 D OutputsAudio: [outputs-audio] stop gain=1.000 release=6.00
10-12 10:34:39.136 25077 25465 D OutputsAudio: [outputs-audio] playMorse.gap sequence=5 nextOffset=840.000 gapTarget=47454139.556
10-12 10:34:39.136 25077 25465 D OutputsAudio: [outputs-audio] playMorse.dispatch sequence=6 symbol=- offset=840.000 lead=90.000 dispatchAt=47454049.556
10-12 10:34:39.136 25077 25465 D OutputsAudio: [outputs-audio] start hz=650.0 gain=1.000 attack=2.50 release=6.00
10-12 10:34:39.136 25077 25465 D OutputsAudio: [outputs-audio] playMorse.symbol.start sequence=6 symbol=- expected=47454139.556 actual=47454293.458 skew=153.902 batchElapsed=993.902
10-12 10:34:39.208 25077 25158 D OutputsAudio: [outputs-audio] symbol.info sequence=6 symbol=- timestamp=47454293.458 duration=180.000 expected=47454139.556 skew=153.902 age=0.000
10-12 10:34:39.210 25077 25158 I ReactNativeJS: [outputs] playMorse.symbol {"timestamp":47454275.749031,"wallClock":1760279679209,"symbol":"-","durationMs":180,"index":5,"source":"console.replay","correlationId":"console-replay:lpu1l0f9","nativeTimestampMs":47454293.458,"nativeDurationMs":180,"nativeOffsetMs":-17.82261499762535,"nativeSequence":6,"monotonicTimestampMs":47454293.458,"nativeExpectedTimestampMs":47454139.556,"nativeStartSkewMs":153.902,"nativeBatchElapsedMs":993.902,"nativeExpectedSincePriorMs":240,"nativeSincePriorMs":271.032,"nativePatternStartMs":47453299.556,"nativeAgeMs":0}
