--------- beginning of main
10-14 22:07:21.698 21009 21095 I ReactNativeJS: [outputs] playMorse.start {"timestamp":165157205.031735,"wallClock":1760494041698,"unitMs":120,"length":28,"source":"console.replay","audioEnabled":true,"audioVolumePercent":100,"flashEnabled":true,"hapticsEnabled":true,"torchEnabled":false,"screenBrightnessBoost":false}
10-14 22:07:22.078 21009 21095 D OutputsAudio: [outputs-audio] warmup hz=600.0
10-14 22:07:22.084 21009 21009 D NativeOutputsDispatcher: [outputs-native] overlay.reset.no_view activity=MainActivity prevState=UNKNOWN prevReason=null
10-14 22:07:22.085 21009 21009 I NativeOutputsDispatcher: [outputs-native] overlay.availability state=available reason=overlay_attached
10-14 22:07:22.085 21009 21009 D NativeOutputsDispatcher: [outputs-native] overlay.reset.recovered view=ScreenFlasherView
10-14 22:07:22.086 21009 21095 W NativeOutputsDispatcher: Torch unavailable; ignoring setTorchEnabled(false)
10-14 22:07:22.120 21009 21444 D OutputsAudio: [outputs-audio] playMorse.start count=27 unit=120.0
10-14 22:07:22.120 21009 21444 D OutputsAudio: [outputs-audio] playMorse.dispatch sequence=1 symbol=. offset=0.000 lead=0.000 dispatchAt=165157585.308 gapLead=0.000
10-14 22:07:22.122 21009 21444 D OutputsAudio: [outputs-audio] start hz=600.0 gain=1.000 attack=2.50 release=6.00
10-14 22:07:22.122 21009 21444 D OutputsAudio: [outputs-audio] tone.request hz=600.0 gain=1.000 requestedAt=165157629.224
10-14 22:07:22.122 21009 21444 D OutputsAudio: [outputs-audio] playMorse.symbol.start sequence=1 symbol=. expected=165157585.308 actual=165157629.272 skew=43.965 batchElapsed=43.965
10-14 22:07:22.123 21009 21149 D OutputsAudio: [outputs-audio] tone.start.actual actual=165157630.224 requested=165157629.224 delta=1.001
10-14 22:07:22.125 21009 21149 D OutputsAudio: [outputs-audio] tone.gain.steady target=1.000 reachedAt=165157632.244 delta=2.019
10-14 22:07:22.129 21009 21009 D ScreenFlasherView: overlay.intensity clamped=0.8 alpha=204 visibility=0 attached=true size=1080x2340
10-14 22:07:22.133 21009 21095 I ReactNativeJS: [outputs] playMorse.symbol {"timestamp":165157639.276422,"wallClock":1760494042132,"symbol":".","durationMs":120,"index":0,"source":"console.replay","correlationId":"console-replay:4ys7kcuk","nativeTimestampMs":165157629.27236,"nativeDurationMs":120,"nativeOffsetMs":0,"nativeSequence":1,"monotonicTimestampMs":165157629.27236,"nativeExpectedTimestampMs":165157585.307829,"nativeStartSkewMs":43.96453100442886,"nativeBatchElapsedMs":43.96453100442886,"nativeExpectedSincePriorMs":null,"nativeSincePriorMs":null,"nativePatternStartMs":165157585.307829,"nativeAgeMs":null,"nativeFlashHandled":true,"nativeFlashAvailable":true}
10-14 22:07:22.133 21009 21444 W NativeOutputsDispatcher: Vibrator unavailable; ignoring vibrate(120)
10-14 22:07:22.136 21009 21095 I ReactNativeJS: [outputs] outputs.hapticSymbol {"timestamp":165157643.013141,"wallClock":1760494042136,"enabled":true,"symbol":".","durationMs":120,"platform":"android","source":"console.replay","correlationId":"console-replay:4ys7kcuk","timelineOffsetMs":null,"dispatchPhase":"actual"}
10-14 22:07:22.148 21009 21095 I ReactNativeJS: [outputs] outputs.flashPulse.nativeHandled {"timestamp":165157654.692204,"wallClock":1760494042147,"durationMs":120,"source":"console.replay","dispatchPhase":"actual","correlationId":"console-replay:4ys7kcuk","flashIntensity":0.8,"brightnessPercent":80,"nativeFlashAvailable":true}
10-14 22:07:22.256 21009 21009 D ScreenFlasherView: overlay.intensity clamped=0.0 alpha=0 visibility=4 attached=true size=1080x2340
10-14 22:07:22.256 21009 21444 D OutputsAudio: [outputs-audio] stop gain=1.000 release=6.00
10-14 22:07:22.256 21009 21444 D OutputsAudio: [outputs-audio] playMorse.gap sequence=1 nextOffset=240.000 gapTarget=165157825.308
10-14 22:07:22.256 21009 21444 D OutputsAudio: [outputs-audio] playMorse.dispatch sequence=2 symbol=. offset=240.000 lead=4.000 dispatchAt=165157821.308 gapLead=120.000
10-14 22:07:22.261 21009 21149 D OutputsAudio: [outputs-audio] tone.stop.actual stoppedAt=165157768.265
10-14 22:07:22.315 21009 21149 D OutputsAudio: [outputs-audio] tone.start.actual actual=165157822.300 requested=165157822.255 delta=0.045
10-14 22:07:22.315 21009 21444 D OutputsAudio: [outputs-audio] start hz=600.0 gain=1.000 attack=2.50 release=6.00
10-14 22:07:22.315 21009 21444 D OutputsAudio: [outputs-audio] tone.request hz=600.0 gain=1.000 requestedAt=165157822.255
10-14 22:07:22.315 21009 21444 D OutputsAudio: [outputs-audio] playMorse.symbol.start sequence=2 symbol=. expected=165157825.308 actual=165157826.525 skew=1.218 batchElapsed=241.218
10-14 22:07:22.316 21009 21009 D ScreenFlasherView: overlay.intensity clamped=0.8 alpha=204 visibility=0 attached=true size=1080x2340
10-14 22:07:22.317 21009 21149 D OutputsAudio: [outputs-audio] tone.gain.steady target=1.000 reachedAt=165157824.288 delta=1.988
10-14 22:07:22.319 21009 21095 I ReactNativeJS: [outputs] playMorse.symbol {"timestamp":165157824.784026,"wallClock":1760494042317,"symbol":".","durationMs":120,"index":1,"source":"console.replay","correlationId":"console-replay:lzw1mfvq","nativeTimestampMs":165157826.525381,"nativeDurationMs":120,"nativeOffsetMs":240,"nativeSequence":2,"monotonicTimestampMs":165157826.525381,"nativeExpectedTimestampMs":165157825.307829,"nativeStartSkewMs":1.2175520062446594,"nativeBatchElapsedMs":241.21755200624466,"nativeExpectedSincePriorMs":240,"nativeSincePriorMs":197.2530210018158,"nativePatternStartMs":165157585.307829,"nativeAgeMs":null,"nativeFlashHandled":true,"nativeFlashAvailable":true}
10-14 22:07:22.319 21009 21095 I ReactNativeJS: [outputs] playMorse.nativeOffset.spike {"timestamp":165157826.189495,"wallClock":1760494042319,"source":"console.replay","offsetMs":240,"sequence":2,"unitMs":120,"correlationId":"console-replay:lzw1mfvq","startSkewMs":1.2175520062446594,"batchElapsedMs":241.21755200624466}
10-14 22:07:22.320 21009 21095 I ReactNativeJS: [outputs] outputs.hapticSymbol {"timestamp":165157826.979443,"wallClock":1760494042319,"enabled":true,"symbol":".","durationMs":120,"platform":"android","source":"console.replay","correlationId":"console-replay:lzw1mfvq","timelineOffsetMs":null,"dispatchPhase":"actual"}
10-14 22:07:22.321 21009 21095 I ReactNativeJS: [outputs] outputs.flashPulse.nativeHandled {"timestamp":165157828.19887,"wallClock":1760494042321,"durationMs":120,"source":"console.replay","dispatchPhase":"actual","correlationId":"console-replay:lzw1mfvq","flashIntensity":0.8,"brightnessPercent":80,"nativeFlashAvailable":true}
10-14 22:07:22.447 21009 21009 D ScreenFlasherView: overlay.intensity clamped=0.0 alpha=0 visibility=4 attached=true size=1080x2340
10-14 22:07:22.447 21009 21444 D OutputsAudio: [outputs-audio] stop gain=1.000 release=6.00
10-14 22:07:22.447 21009 21444 D OutputsAudio: [outputs-audio] playMorse.gap sequence=2 nextOffset=480.000 gapTarget=165158065.308
10-14 22:07:22.447 21009 21444 D OutputsAudio: [outputs-audio] playMorse.dispatch sequence=3 symbol=. offset=480.000 lead=4.000 dispatchAt=165158061.308 gapLead=120.000
10-14 22:07:22.453 21009 21149 D OutputsAudio: [outputs-audio] tone.stop.actual stoppedAt=165157960.257
10-14 22:07:22.555 21009 21444 D OutputsAudio: [outputs-audio] start hz=600.0 gain=1.000 attack=2.50 release=6.00
10-14 22:07:22.555 21009 21444 D OutputsAudio: [outputs-audio] tone.request hz=600.0 gain=1.000 requestedAt=165158062.417
10-14 22:07:22.555 21009 21444 D OutputsAudio: [outputs-audio] playMorse.symbol.start sequence=3 symbol=. expected=165158065.308 actual=165158066.858 skew=1.550 batchElapsed=481.550
10-14 22:07:22.557 21009 21149 D OutputsAudio: [outputs-audio] tone.start.actual actual=165158064.251 requested=165158062.417 delta=1.834
10-14 22:07:22.559 21009 21149 D OutputsAudio: [outputs-audio] tone.gain.steady target=1.000 reachedAt=165158066.267 delta=2.017
10-14 22:07:22.565 21009 21009 D ScreenFlasherView: overlay.intensity clamped=0.8 alpha=204 visibility=0 attached=true size=1080x2340
10-14 22:07:22.568 21009 21095 I ReactNativeJS: [outputs] playMorse.symbol {"timestamp":165158073.96038,"wallClock":1760494042566,"symbol":".","durationMs":120,"index":2,"source":"console.replay","correlationId":"console-replay:zwddbjc2","nativeTimestampMs":165158066.857828,"nativeDurationMs":120,"nativeOffsetMs":480,"nativeSequence":3,"monotonicTimestampMs":165158066.857828,"nativeExpectedTimestampMs":165158065.307829,"nativeStartSkewMs":1.5499989986419678,"nativeBatchElapsedMs":481.54999899864197,"nativeExpectedSincePriorMs":240,"nativeSincePriorMs":240.3324469923973,"nativePatternStartMs":165157585.307829,"nativeAgeMs":null,"nativeFlashHandled":true,"nativeFlashAvailable":true}
10-14 22:07:22.569 21009 21095 I ReactNativeJS: [outputs] playMorse.nativeOffset.spike {"timestamp":165158075.701839,"wallClock":1760494042568,"source":"console.replay","offsetMs":480,"sequence":3,"unitMs":120,"correlationId":"console-replay:zwddbjc2","startSkewMs":1.5499989986419678,"batchElapsedMs":481.54999899864197}
10-14 22:07:22.570 21009 21095 I ReactNativeJS: [outputs] outputs.hapticSymbol {"timestamp":165158077.068505,"wallClock":1760494042570,"enabled":true,"symbol":".","durationMs":120,"platform":"android","source":"console.replay","correlationId":"console-replay:zwddbjc2","timelineOffsetMs":null,"dispatchPhase":"actual"}
10-14 22:07:22.572 21009 21095 I ReactNativeJS: [outputs] outputs.flashPulse.nativeHandled {"timestamp":165158079.23262,"wallClock":1760494042572,"durationMs":120,"source":"console.replay","dispatchPhase":"actual","correlationId":"console-replay:zwddbjc2","flashIntensity":0.8,"brightnessPercent":80,"nativeFlashAvailable":true}
10-14 22:07:22.703 21009 21009 D ScreenFlasherView: overlay.intensity clamped=0.0 alpha=0 visibility=4 attached=true size=1080x2340
10-14 22:07:22.703 21009 21444 D OutputsAudio: [outputs-audio] stop gain=1.000 release=6.00
10-14 22:07:22.703 21009 21444 D OutputsAudio: [outputs-audio] playMorse.gap sequence=3 nextOffset=720.000 gapTarget=165158305.308
10-14 22:07:22.703 21009 21444 D OutputsAudio: [outputs-audio] playMorse.dispatch sequence=4 symbol=- offset=720.000 lead=4.000 dispatchAt=165158301.308 gapLead=120.000
10-14 22:07:22.709 21009 21149 D OutputsAudio: [outputs-audio] tone.stop.actual stoppedAt=165158216.242
10-14 22:07:22.795 21009 21444 D OutputsAudio: [outputs-audio] start hz=600.0 gain=1.000 attack=2.50 release=6.00
10-14 22:07:22.795 21009 21444 D OutputsAudio: [outputs-audio] tone.request hz=600.0 gain=1.000 requestedAt=165158302.477
10-14 22:07:22.795 21009 21444 D OutputsAudio: [outputs-audio] playMorse.symbol.start sequence=4 symbol=- expected=165158305.308 actual=165158306.657 skew=1.349 batchElapsed=721.349
10-14 22:07:22.797 21009 21149 D OutputsAudio: [outputs-audio] tone.start.actual actual=165158304.289 requested=165158302.477 delta=1.812
10-14 22:07:22.799 21009 21149 D OutputsAudio: [outputs-audio] tone.gain.steady target=1.000 reachedAt=165158306.278 delta=1.989
10-14 22:07:22.800 21009 21009 D ScreenFlasherView: overlay.intensity clamped=0.8 alpha=204 visibility=0 attached=true size=1080x2340
10-14 22:07:22.803 21009 21095 I ReactNativeJS: [outputs] playMorse.symbol {"timestamp":165158308.885849,"wallClock":1760494042801,"symbol":"-","durationMs":360,"index":3,"source":"console.replay","correlationId":"console-replay:uw0by3kd","nativeTimestampMs":165158306.657203,"nativeDurationMs":360,"nativeOffsetMs":720,"nativeSequence":4,"monotonicTimestampMs":165158306.657203,"nativeExpectedTimestampMs":165158305.307829,"nativeStartSkewMs":1.349373996257782,"nativeBatchElapsedMs":721.3493739962578,"nativeExpectedSincePriorMs":240,"nativeSincePriorMs":239.7993749976158,"nativePatternStartMs":165157585.307829,"nativeAgeMs":null,"nativeFlashHandled":true,"nativeFlashAvailable":true}
10-14 22:07:22.803 21009 21095 I ReactNativeJS: [outputs] playMorse.nativeOffset.spike {"timestamp":165158310.240641,"wallClock":1760494042803,"source":"console.replay","offsetMs":720,"sequence":4,"unitMs":120,"correlationId":"console-replay:uw0by3kd","startSkewMs":1.349373996257782,"batchElapsedMs":721.3493739962578}
10-14 22:07:22.804 21009 21095 I ReactNativeJS: [outputs] outputs.hapticSymbol {"timestamp":165158311.074599,"wallClock":1760494042804,"enabled":true,"symbol":"-","durationMs":360,"platform":"android","source":"console.replay","correlationId":"console-replay:uw0by3kd","timelineOffsetMs":null,"dispatchPhase":"actual"}
10-14 22:07:22.806 21009 21095 I ReactNativeJS: [outputs] outputs.flashPulse.nativeHandled {"timestamp":165158312.459078,"wallClock":1760494042805,"durationMs":360,"source":"console.replay","dispatchPhase":"actual","correlationId":"console-replay:uw0by3kd","flashIntensity":0.8,"brightnessPercent":80,"nativeFlashAvailable":true}
10-14 22:07:23.160 21009 21009 D ScreenFlasherView: overlay.intensity clamped=0.0 alpha=0 visibility=4 attached=true size=1080x2340
10-14 22:07:23.160 21009 21444 D OutputsAudio: [outputs-audio] stop gain=1.000 release=6.00
10-14 22:07:23.161 21009 21444 D OutputsAudio: [outputs-audio] playMorse.gap sequence=4 nextOffset=1200.000 gapTarget=165158785.308
10-14 22:07:23.161 21009 21444 D OutputsAudio: [outputs-audio] playMorse.dispatch sequence=5 symbol=- offset=1200.000 lead=4.000 dispatchAt=165158781.308 gapLead=120.000
10-14 22:07:23.165 21009 21149 D OutputsAudio: [outputs-audio] tone.stop.actual stoppedAt=165158672.236
10-14 22:07:23.274 21009 21444 D OutputsAudio: [outputs-audio] start hz=600.0 gain=1.000 attack=2.50 release=6.00
10-14 22:07:23.274 21009 21444 D OutputsAudio: [outputs-audio] tone.request hz=600.0 gain=1.000 requestedAt=165158781.537
10-14 22:07:23.274 21009 21444 D OutputsAudio: [outputs-audio] playMorse.symbol.start sequence=5 symbol=- expected=165158785.308 actual=165158785.725 skew=0.417 batchElapsed=1200.417
10-14 22:07:23.275 21009 21149 D OutputsAudio: [outputs-audio] tone.start.actual actual=165158782.257 requested=165158781.537 delta=0.720
10-14 22:07:23.276 21009 21009 D ScreenFlasherView: overlay.intensity clamped=0.8 alpha=204 visibility=0 attached=true size=1080x2340
10-14 22:07:23.277 21009 21149 D OutputsAudio: [outputs-audio] tone.gain.steady target=1.000 reachedAt=165158784.286 delta=2.029
10-14 22:07:23.279 21009 21095 I ReactNativeJS: [outputs] playMorse.symbol {"timestamp":165158784.665536,"wallClock":1760494043277,"symbol":"-","durationMs":360,"index":4,"source":"console.replay","correlationId":"console-replay:vjbdeahz","nativeTimestampMs":165158785.725172,"nativeDurationMs":360,"nativeOffsetMs":1200,"nativeSequence":5,"monotonicTimestampMs":165158785.725172,"nativeExpectedTimestampMs":165158785.307829,"nativeStartSkewMs":0.41734302043914795,"nativeBatchElapsedMs":1200.4173430204391,"nativeExpectedSincePriorMs":480,"nativeSincePriorMs":479.06796902418137,"nativePatternStartMs":165157585.307829,"nativeAgeMs":null,"nativeFlashHandled":true,"nativeFlashAvailable":true}
10-14 22:07:23.281 21009 21095 I ReactNativeJS: [outputs] playMorse.nativeOffset.spike {"timestamp":165158787.039495,"wallClock":1760494043280,"source":"console.replay","offsetMs":1200,"sequence":5,"unitMs":120,"correlationId":"console-replay:vjbdeahz","startSkewMs":0.41734302043914795,"batchElapsedMs":1200.4173430204391}
10-14 22:07:23.284 21009 21095 I ReactNativeJS: [outputs] outputs.hapticSymbol {"timestamp":165158790.518505,"wallClock":1760494043283,"enabled":true,"symbol":"-","durationMs":360,"platform":"android","source":"console.replay","correlationId":"console-replay:vjbdeahz","timelineOffsetMs":null,"dispatchPhase":"actual"}
10-14 22:07:23.287 21009 21095 I ReactNativeJS: [outputs] outputs.flashPulse.nativeHandled {"timestamp":165158793.465589,"wallClock":1760494043286,"durationMs":360,"source":"console.replay","dispatchPhase":"actual","correlationId":"console-replay:vjbdeahz","flashIntensity":0.8,"brightnessPercent":80,"nativeFlashAvailable":true}
10-14 22:07:23.644 21009 21009 D ScreenFlasherView: overlay.intensity clamped=0.0 alpha=0 visibility=4 attached=true size=1080x2340
10-14 22:07:23.644 21009 21444 D OutputsAudio: [outputs-audio] stop gain=1.000 release=6.00
10-14 22:07:23.644 21009 21444 D OutputsAudio: [outputs-audio] playMorse.gap sequence=5 nextOffset=1680.000 gapTarget=165159265.308
10-14 22:07:23.644 21009 21444 D OutputsAudio: [outputs-audio] playMorse.dispatch sequence=6 symbol=- offset=1680.000 lead=4.000 dispatchAt=165159261.308 gapLead=120.000
10-14 22:07:23.649 21009 21149 D OutputsAudio: [outputs-audio] tone.stop.actual stoppedAt=165159156.246
10-14 22:07:23.754 21009 21444 D OutputsAudio: [outputs-audio] start hz=600.0 gain=1.000 attack=2.50 release=6.00
10-14 22:07:23.754 21009 21444 D OutputsAudio: [outputs-audio] tone.request hz=600.0 gain=1.000 requestedAt=165159261.467
10-14 22:07:23.754 21009 21444 D OutputsAudio: [outputs-audio] playMorse.symbol.start sequence=6 symbol=- expected=165159265.308 actual=165159265.863 skew=0.555 batchElapsed=1680.555
10-14 22:07:23.755 21009 21149 D OutputsAudio: [outputs-audio] tone.start.actual actual=165159262.248 requested=165159261.467 delta=0.782
10-14 22:07:23.757 21009 21149 D OutputsAudio: [outputs-audio] tone.gain.steady target=1.000 reachedAt=165159264.276 delta=2.027
10-14 22:07:23.762 21009 21009 D ScreenFlasherView: overlay.intensity clamped=0.8 alpha=204 visibility=0 attached=true size=1080x2340
10-14 22:07:23.764 21009 21095 I ReactNativeJS: [outputs] playMorse.symbol {"timestamp":165159270.526057,"wallClock":1760494043763,"symbol":"-","durationMs":360,"index":5,"source":"console.replay","correlationId":"console-replay:k95azrgv","nativeTimestampMs":165159265.862828,"nativeDurationMs":360,"nativeOffsetMs":1680,"nativeSequence":6,"monotonicTimestampMs":165159265.862828,"nativeExpectedTimestampMs":165159265.307829,"nativeStartSkewMs":0.5549989938735962,"nativeBatchElapsedMs":1680.5549989938736,"nativeExpectedSincePriorMs":480,"nativeSincePriorMs":480.13765597343445,"nativePatternStartMs":165157585.307829,"nativeAgeMs":null,"nativeFlashHandled":true,"nativeFlashAvailable":true}
10-14 22:07:23.764 21009 21095 I ReactNativeJS: [outputs] playMorse.nativeOffset.spike {"timestamp":165159271.250224,"wallClock":1760494043764,"source":"console.replay","offsetMs":1680,"sequence":6,"unitMs":120,"correlationId":"console-replay:k95azrgv","startSkewMs":0.5549989938735962,"batchElapsedMs":1680.5549989938736}
10-14 22:07:23.765 21009 21095 I ReactNativeJS: [outputs] outputs.hapticSymbol {"timestamp":165159271.679338,"wallClock":1760494043764,"enabled":true,"symbol":"-","durationMs":360,"platform":"android","source":"console.replay","correlationId":"console-replay:k95azrgv","timelineOffsetMs":null,"dispatchPhase":"actual"}
10-14 22:07:23.765 21009 21095 I ReactNativeJS: [outputs] outputs.flashPulse.nativeHandled {"timestamp":165159272.462151,"wallClock":1760494043765,"durationMs":360,"source":"console.replay","dispatchPhase":"actual","correlationId":"console-replay:k95azrgv","flashIntensity":0.8,"brightnessPercent":80,"nativeFlashAvailable":true}
10-14 22:07:24.120 21009 21009 D ScreenFlasherView: overlay.intensity clamped=0.0 alpha=0 visibility=4 attached=true size=1080x2340
10-14 22:07:24.120 21009 21444 D OutputsAudio: [outputs-audio] stop gain=1.000 release=6.00
10-14 22:07:24.121 21009 21444 D OutputsAudio: [outputs-audio] playMorse.gap sequence=6 nextOffset=2160.000 gapTarget=165159745.308
10-14 22:07:24.121 21009 21444 D OutputsAudio: [outputs-audio] playMorse.dispatch sequence=7 symbol=. offset=2160.000 lead=4.000 dispatchAt=165159741.308 gapLead=120.000
10-14 22:07:24.125 21009 21149 D OutputsAudio: [outputs-audio] tone.stop.actual stoppedAt=165159632.278
10-14 22:07:24.234 21009 21444 D OutputsAudio: [outputs-audio] start hz=600.0 gain=1.000 attack=2.50 release=6.00
10-14 22:07:24.234 21009 21444 D OutputsAudio: [outputs-audio] tone.request hz=600.0 gain=1.000 requestedAt=165159741.607
10-14 22:07:24.234 21009 21444 D OutputsAudio: [outputs-audio] playMorse.symbol.start sequence=7 symbol=. expected=165159745.308 actual=165159745.791 skew=0.483 batchElapsed=2160.483
10-14 22:07:24.235 21009 21149 D OutputsAudio: [outputs-audio] tone.start.actual actual=165159742.215 requested=165159741.607 delta=0.608
10-14 22:07:24.237 21009 21009 D ScreenFlasherView: overlay.intensity clamped=0.8 alpha=204 visibility=0 attached=true size=1080x2340
10-14 22:07:24.237 21009 21149 D OutputsAudio: [outputs-audio] tone.gain.steady target=1.000 reachedAt=165159744.298 delta=2.083
10-14 22:07:24.239 21009 21095 I ReactNativeJS: [outputs] playMorse.symbol {"timestamp":165159745.305536,"wallClock":1760494044238,"symbol":".","durationMs":120,"index":6,"source":"console.replay","correlationId":"console-replay:sh9e2cg3","nativeTimestampMs":165159745.790588,"nativeDurationMs":120,"nativeOffsetMs":2160,"nativeSequence":7,"monotonicTimestampMs":165159745.790588,"nativeExpectedTimestampMs":165159745.307829,"nativeStartSkewMs":0.4827589988708496,"nativeBatchElapsedMs":2160.482758998871,"nativeExpectedSincePriorMs":480,"nativeSincePriorMs":479.92776000499725,"nativePatternStartMs":165157585.307829,"nativeAgeMs":null,"nativeFlashHandled":true,"nativeFlashAvailable":true}
10-14 22:07:24.240 21009 21095 I ReactNativeJS: [outputs] playMorse.nativeOffset.spike {"timestamp":165159746.597567,"wallClock":1760494044239,"source":"console.replay","offsetMs":2160,"sequence":7,"unitMs":120,"correlationId":"console-replay:sh9e2cg3","startSkewMs":0.4827589988708496,"batchElapsedMs":2160.482758998871}
10-14 22:07:24.240 21009 21095 I ReactNativeJS: [outputs] outputs.hapticSymbol {"timestamp":165159747.223765,"wallClock":1760494044240,"enabled":true,"symbol":".","durationMs":120,"platform":"android","source":"console.replay","correlationId":"console-replay:sh9e2cg3","timelineOffsetMs":null,"dispatchPhase":"actual"}
10-14 22:07:24.241 21009 21095 I ReactNativeJS: [outputs] outputs.flashPulse.nativeHandled {"timestamp":165159748.317776,"wallClock":1760494044241,"durationMs":120,"source":"console.replay","dispatchPhase":"actual","correlationId":"console-replay:sh9e2cg3","flashIntensity":0.8,"brightnessPercent":80,"nativeFlashAvailable":true}
10-14 22:07:24.397 21009 21009 D ScreenFlasherView: overlay.intensity clamped=0.0 alpha=0 visibility=4 attached=true size=1080x2340
10-14 22:07:24.397 21009 21444 D OutputsAudio: [outputs-audio] stop gain=1.000 release=6.00
10-14 22:07:24.397 21009 21444 D OutputsAudio: [outputs-audio] playMorse.gap sequence=7 nextOffset=2400.000 gapTarget=165159985.308
10-14 22:07:24.397 21009 21444 D OutputsAudio: [outputs-audio] playMorse.dispatch sequence=8 symbol=. offset=2400.000 lead=4.000 dispatchAt=165159981.308 gapLead=120.000
10-14 22:07:24.403 21009 21149 D OutputsAudio: [outputs-audio] tone.stop.actual stoppedAt=165159910.250
10-14 22:07:24.474 21009 21444 D OutputsAudio: [outputs-audio] start hz=600.0 gain=1.000 attack=2.50 release=6.00
10-14 22:07:24.474 21009 21444 D OutputsAudio: [outputs-audio] tone.request hz=600.0 gain=1.000 requestedAt=165159981.486
10-14 22:07:24.474 21009 21444 D OutputsAudio: [outputs-audio] playMorse.symbol.start sequence=8 symbol=. expected=165159985.308 actual=165159985.729 skew=0.421 batchElapsed=2400.421
10-14 22:07:24.475 21009 21149 D OutputsAudio: [outputs-audio] tone.start.actual actual=165159982.230 requested=165159981.486 delta=0.744
10-14 22:07:24.475 21009 21009 D ScreenFlasherView: overlay.intensity clamped=0.8 alpha=204 visibility=0 attached=true size=1080x2340
10-14 22:07:24.477 21009 21149 D OutputsAudio: [outputs-audio] tone.gain.steady target=1.000 reachedAt=165159984.263 delta=2.033
10-14 22:07:24.479 21009 21095 I ReactNativeJS: [outputs] playMorse.symbol {"timestamp":165159983.774546,"wallClock":1760494044476,"symbol":".","durationMs":120,"index":7,"source":"console.replay","correlationId":"console-replay:k2uymp14","nativeTimestampMs":165159985.72913,"nativeDurationMs":120,"nativeOffsetMs":2400,"nativeSequence":8,"monotonicTimestampMs":165159985.72913,"nativeExpectedTimestampMs":165159985.307829,"nativeStartSkewMs":0.421301007270813,"nativeBatchElapsedMs":2400.421301007271,"nativeExpectedSincePriorMs":240,"nativeSincePriorMs":239.93854200839996,"nativePatternStartMs":165157585.307829,"nativeAgeMs":null,"nativeFlashHandled":true,"nativeFlashAvailable":true}
10-14 22:07:24.483 21009 21095 I ReactNativeJS: [outputs] playMorse.nativeOffset.spike {"timestamp":165159986.312984,"wallClock":1760494044479,"source":"console.replay","offsetMs":2400,"sequence":8,"unitMs":120,"correlationId":"console-replay:k2uymp14","startSkewMs":0.421301007270813,"batchElapsedMs":2400.421301007271}
10-14 22:07:24.485 21009 21095 I ReactNativeJS: [outputs] outputs.hapticSymbol {"timestamp":165159990.851317,"wallClock":1760494044483,"enabled":true,"symbol":".","durationMs":120,"platform":"android","source":"console.replay","correlationId":"console-replay:k2uymp14","timelineOffsetMs":null,"dispatchPhase":"actual"}
10-14 22:07:24.487 21009 21095 I ReactNativeJS: [outputs] outputs.flashPulse.nativeHandled {"timestamp":165159993.784598,"wallClock":1760494044486,"durationMs":120,"source":"console.replay","dispatchPhase":"actual","correlationId":"console-replay:k2uymp14","flashIntensity":0.8,"brightnessPercent":80,"nativeFlashAvailable":true}
10-14 22:07:24.600 21009 21009 D ScreenFlasherView: overlay.intensity clamped=0.0 alpha=0 visibility=4 attached=true size=1080x2340
10-14 22:07:24.601 21009 21444 D OutputsAudio: [outputs-audio] stop gain=1.000 release=6.00
10-14 22:07:24.601 21009 21444 D OutputsAudio: [outputs-audio] playMorse.gap sequence=8 nextOffset=2640.000 gapTarget=165160225.308
10-14 22:07:24.601 21009 21444 D OutputsAudio: [outputs-audio] playMorse.dispatch sequence=9 symbol=. offset=2640.000 lead=4.000 dispatchAt=165160221.308 gapLead=120.000
10-14 22:07:24.605 21009 21149 D OutputsAudio: [outputs-audio] tone.stop.actual stoppedAt=165160112.345
10-14 22:07:24.714 21009 21444 D OutputsAudio: [outputs-audio] start hz=600.0 gain=1.000 attack=2.50 release=6.00
10-14 22:07:24.714 21009 21444 D OutputsAudio: [outputs-audio] tone.request hz=600.0 gain=1.000 requestedAt=165160221.553
10-14 22:07:24.714 21009 21444 D OutputsAudio: [outputs-audio] playMorse.symbol.start sequence=9 symbol=. expected=165160225.308 actual=165160225.946 skew=0.638 batchElapsed=2640.638
10-14 22:07:24.715 21009 21149 D OutputsAudio: [outputs-audio] tone.start.actual actual=165160222.220 requested=165160221.553 delta=0.668
10-14 22:07:24.715 21009 21009 D ScreenFlasherView: overlay.intensity clamped=0.8 alpha=204 visibility=0 attached=true size=1080x2340
10-14 22:07:24.717 21009 21149 D OutputsAudio: [outputs-audio] tone.gain.steady target=1.000 reachedAt=165160224.276 delta=2.055
10-14 22:07:24.718 21009 21095 I ReactNativeJS: [outputs] playMorse.symbol {"timestamp":165160223.66939,"wallClock":1760494044716,"symbol":".","durationMs":120,"index":8,"source":"console.replay","correlationId":"console-replay:3dgjvnu8","nativeTimestampMs":165160225.945536,"nativeDurationMs":120,"nativeOffsetMs":2640,"nativeSequence":9,"monotonicTimestampMs":165160225.945536,"nativeExpectedTimestampMs":165160225.307829,"nativeStartSkewMs":0.637706995010376,"nativeBatchElapsedMs":2640.6377069950104,"nativeExpectedSincePriorMs":240,"nativeSincePriorMs":240.21640598773956,"nativePatternStartMs":165157585.307829,"nativeAgeMs":null,"nativeFlashHandled":true,"nativeFlashAvailable":true}
10-14 22:07:24.722 21009 21095 I ReactNativeJS: [outputs] playMorse.nativeOffset.spike {"timestamp":165160225.847775,"wallClock":1760494044718,"source":"console.replay","offsetMs":2640,"sequence":9,"unitMs":120,"correlationId":"console-replay:3dgjvnu8","startSkewMs":0.637706995010376,"batchElapsedMs":2640.6377069950104}
10-14 22:07:24.723 21009 21095 I ReactNativeJS: [outputs] outputs.hapticSymbol {"timestamp":165160229.326525,"wallClock":1760494044722,"enabled":true,"symbol":".","durationMs":120,"platform":"android","source":"console.replay","correlationId":"console-replay:3dgjvnu8","timelineOffsetMs":null,"dispatchPhase":"actual"}
10-14 22:07:24.725 21009 21095 I ReactNativeJS: [outputs] outputs.flashPulse.nativeHandled {"timestamp":165160231.738088,"wallClock":1760494044724,"durationMs":120,"source":"console.replay","dispatchPhase":"actual","correlationId":"console-replay:3dgjvnu8","flashIntensity":0.8,"brightnessPercent":80,"nativeFlashAvailable":true}
10-14 22:07:24.840 21009 21009 D ScreenFlasherView: overlay.intensity clamped=0.0 alpha=0 visibility=4 attached=true size=1080x2340
10-14 22:07:24.841 21009 21444 D OutputsAudio: [outputs-audio] stop gain=1.000 release=6.00
10-14 22:07:24.841 21009 21444 D OutputsAudio: [outputs-audio] playMorse.gap sequence=9 nextOffset=2880.000 gapTarget=165160465.308
10-14 22:07:24.841 21009 21444 D OutputsAudio: [outputs-audio] playMorse.dispatch sequence=10 symbol=- offset=2880.000 lead=4.000 dispatchAt=165160461.308 gapLead=120.000
10-14 22:07:24.845 21009 21149 D OutputsAudio: [outputs-audio] tone.stop.actual stoppedAt=165160352.261
10-14 22:07:24.954 21009 21444 D OutputsAudio: [outputs-audio] start hz=600.0 gain=1.000 attack=2.50 release=6.00
10-14 22:07:24.954 21009 21444 D OutputsAudio: [outputs-audio] tone.request hz=600.0 gain=1.000 requestedAt=165160461.769
10-14 22:07:24.955 21009 21444 D OutputsAudio: [outputs-audio] playMorse.symbol.start sequence=10 symbol=- expected=165160465.308 actual=165160466.058 skew=0.750 batchElapsed=2880.750
10-14 22:07:24.955 21009 21149 D OutputsAudio: [outputs-audio] tone.start.actual actual=165160462.213 requested=165160461.769 delta=0.444
10-14 22:07:24.955 21009 21009 D ScreenFlasherView: overlay.intensity clamped=0.8 alpha=204 visibility=0 attached=true size=1080x2340
10-14 22:07:24.957 21009 21095 I ReactNativeJS: [outputs] playMorse.symbol {"timestamp":165160462.989234,"wallClock":1760494044955,"symbol":"-","durationMs":360,"index":9,"source":"console.replay","correlationId":"console-replay:kciugd2z","nativeTimestampMs":165160466.057515,"nativeDurationMs":360,"nativeOffsetMs":2880,"nativeSequence":10,"monotonicTimestampMs":165160466.057515,"nativeExpectedTimestampMs":165160465.307829,"nativeStartSkewMs":0.7496860027313232,"nativeBatchElapsedMs":2880.7496860027313,"nativeExpectedSincePriorMs":240,"nativeSincePriorMs":240.11197900772095,"nativePatternStartMs":165157585.307829,"nativeAgeMs":null,"nativeFlashHandled":true,"nativeFlashAvailable":true}
10-14 22:07:24.957 21009 21149 D OutputsAudio: [outputs-audio] tone.gain.steady target=1.000 reachedAt=165160464.617 delta=2.404
10-14 22:07:24.958 21009 21095 I ReactNativeJS: [outputs] playMorse.nativeOffset.spike {"timestamp":165160464.201161,"wallClock":1760494044957,"source":"console.replay","offsetMs":2880,"sequence":10,"unitMs":120,"correlationId":"console-replay:kciugd2z","startSkewMs":0.7496860027313232,"batchElapsedMs":2880.7496860027313}
10-14 22:07:24.959 21009 21095 I ReactNativeJS: [outputs] outputs.hapticSymbol {"timestamp":165160465.371369,"wallClock":1760494044958,"enabled":true,"symbol":"-","durationMs":360,"platform":"android","source":"console.replay","correlationId":"console-replay:kciugd2z","timelineOffsetMs":null,"dispatchPhase":"actual"}
10-14 22:07:24.960 21009 21095 I ReactNativeJS: [outputs] outputs.flashPulse.nativeHandled {"timestamp":165160466.742463,"wallClock":1760494044959,"durationMs":360,"source":"console.replay","dispatchPhase":"actual","correlationId":"console-replay:kciugd2z","flashIntensity":0.8,"brightnessPercent":80,"nativeFlashAvailable":true}
10-14 22:07:25.331 21009 21009 D ScreenFlasherView: overlay.intensity clamped=0.0 alpha=0 visibility=4 attached=true size=1080x2340
10-14 22:07:25.331 21009 21444 D OutputsAudio: [outputs-audio] stop gain=1.000 release=6.00
10-14 22:07:25.331 21009 21444 D OutputsAudio: [outputs-audio] playMorse.gap sequence=10 nextOffset=3360.000 gapTarget=165160945.308
10-14 22:07:25.331 21009 21444 D OutputsAudio: [outputs-audio] playMorse.dispatch sequence=11 symbol=- offset=3360.000 lead=4.000 dispatchAt=165160941.308 gapLead=120.000
10-14 22:07:25.337 21009 21149 D OutputsAudio: [outputs-audio] tone.stop.actual stoppedAt=165160844.288
10-14 22:07:25.434 21009 21444 D OutputsAudio: [outputs-audio] start hz=600.0 gain=1.000 attack=2.50 release=6.00
10-14 22:07:25.434 21009 21444 D OutputsAudio: [outputs-audio] tone.request hz=600.0 gain=1.000 requestedAt=165160941.702
10-14 22:07:25.434 21009 21444 D OutputsAudio: [outputs-audio] playMorse.symbol.start sequence=11 symbol=- expected=165160945.308 actual=165160945.764 skew=0.456 batchElapsed=3360.456
10-14 22:07:25.435 21009 21009 D ScreenFlasherView: overlay.intensity clamped=0.8 alpha=204 visibility=0 attached=true size=1080x2340
10-14 22:07:25.435 21009 21149 D OutputsAudio: [outputs-audio] tone.start.actual actual=165160942.246 requested=165160941.702 delta=0.544
10-14 22:07:25.436 21009 21095 I ReactNativeJS: [outputs] playMorse.symbol {"timestamp":165160942.836056,"wallClock":1760494045435,"symbol":"-","durationMs":360,"index":10,"source":"console.replay","correlationId":"console-replay:duopzo3v","nativeTimestampMs":165160945.764129,"nativeDurationMs":360,"nativeOffsetMs":3360,"nativeSequence":11,"monotonicTimestampMs":165160945.764129,"nativeExpectedTimestampMs":165160945.307829,"nativeStartSkewMs":0.4563000202178955,"nativeBatchElapsedMs":3360.456300020218,"nativeExpectedSincePriorMs":480,"nativeSincePriorMs":479.7066140174866,"nativePatternStartMs":165157585.307829,"nativeAgeMs":null,"nativeFlashHandled":true,"nativeFlashAvailable":true}
10-14 22:07:25.437 21009 21149 D OutputsAudio: [outputs-audio] tone.gain.steady target=1.000 reachedAt=165160944.253 delta=2.006
10-14 22:07:25.437 21009 21095 I ReactNativeJS: [outputs] playMorse.nativeOffset.spike {"timestamp":165160943.971265,"wallClock":1760494045436,"source":"console.replay","offsetMs":3360,"sequence":11,"unitMs":120,"correlationId":"console-replay:duopzo3v","startSkewMs":0.4563000202178955,"batchElapsedMs":3360.456300020218}
10-14 22:07:25.438 21009 21095 I ReactNativeJS: [outputs] outputs.hapticSymbol {"timestamp":165160944.611734,"wallClock":1760494045437,"enabled":true,"symbol":"-","durationMs":360,"platform":"android","source":"console.replay","correlationId":"console-replay:duopzo3v","timelineOffsetMs":null,"dispatchPhase":"actual"}
10-14 22:07:25.438 21009 21095 I ReactNativeJS: [outputs] outputs.flashPulse.nativeHandled {"timestamp":165160945.530588,"wallClock":1760494045438,"durationMs":360,"source":"console.replay","dispatchPhase":"actual","correlationId":"console-replay:duopzo3v","flashIntensity":0.8,"brightnessPercent":80,"nativeFlashAvailable":true}
10-14 22:07:25.800 21009 21009 D ScreenFlasherView: overlay.intensity clamped=0.0 alpha=0 visibility=4 attached=true size=1080x2340
10-14 22:07:25.801 21009 21444 D OutputsAudio: [outputs-audio] stop gain=1.000 release=6.00
10-14 22:07:25.801 21009 21444 D OutputsAudio: [outputs-audio] playMorse.gap sequence=11 nextOffset=3840.000 gapTarget=165161425.308
10-14 22:07:25.801 21009 21444 D OutputsAudio: [outputs-audio] playMorse.dispatch sequence=12 symbol=- offset=3840.000 lead=4.000 dispatchAt=165161421.308 gapLead=120.000
10-14 22:07:25.807 21009 21149 D OutputsAudio: [outputs-audio] tone.stop.actual stoppedAt=165161314.244
10-14 22:07:25.915 21009 21444 D OutputsAudio: [outputs-audio] start hz=600.0 gain=1.000 attack=2.50 release=6.00
10-14 22:07:25.915 21009 21444 D OutputsAudio: [outputs-audio] tone.request hz=600.0 gain=1.000 requestedAt=165161422.186
10-14 22:07:25.915 21009 21149 D OutputsAudio: [outputs-audio] tone.start.actual actual=165161422.227 requested=165161422.186 delta=0.040
10-14 22:07:25.915 21009 21444 D OutputsAudio: [outputs-audio] playMorse.symbol.start sequence=12 symbol=- expected=165161425.308 actual=165161426.373 skew=1.065 batchElapsed=3841.065
10-14 22:07:25.917 21009 21149 D OutputsAudio: [outputs-audio] tone.gain.steady target=1.000 reachedAt=165161424.324 delta=2.097
10-14 22:07:25.956 21009 21009 D ScreenFlasherView: overlay.intensity clamped=0.8 alpha=204 visibility=0 attached=true size=1080x2340
10-14 22:07:25.958 21009 21095 I ReactNativeJS: [outputs] playMorse.symbol {"timestamp":165161464.065119,"wallClock":1760494045957,"symbol":"-","durationMs":360,"index":11,"source":"console.replay","correlationId":"console-replay:00m3658v","nativeTimestampMs":165161426.372931,"nativeDurationMs":360,"nativeOffsetMs":3840,"nativeSequence":12,"monotonicTimestampMs":165161426.372931,"nativeExpectedTimestampMs":165161425.307829,"nativeStartSkewMs":1.0651020109653473,"nativeBatchElapsedMs":3841.0651020109653,"nativeExpectedSincePriorMs":480,"nativeSincePriorMs":480.60880199074745,"nativePatternStartMs":165157585.307829,"nativeAgeMs":null,"nativeFlashHandled":true,"nativeFlashAvailable":true}
10-14 22:07:25.958 21009 21095 I ReactNativeJS: [outputs] playMorse.nativeOffset.spike {"timestamp":165161465.108035,"wallClock":1760494045958,"source":"console.replay","offsetMs":3840,"sequence":12,"unitMs":120,"correlationId":"console-replay:00m3658v","startSkewMs":1.0651020109653473,"batchElapsedMs":3841.0651020109653}
10-14 22:07:25.959 21009 21095 I ReactNativeJS: [outputs] outputs.hapticSymbol {"timestamp":165161465.638452,"wallClock":1760494045958,"enabled":true,"symbol":"-","durationMs":360,"platform":"android","source":"console.replay","correlationId":"console-replay:00m3658v","timelineOffsetMs":null,"dispatchPhase":"actual"}
10-14 22:07:25.961 21009 21095 I ReactNativeJS: [outputs] outputs.flashPulse.nativeHandled {"timestamp":165161467.563921,"wallClock":1760494045960,"durationMs":360,"source":"console.replay","dispatchPhase":"actual","correlationId":"console-replay:00m3658v","flashIntensity":0.8,"brightnessPercent":80,"nativeFlashAvailable":true}
10-14 22:07:26.280 21009 21009 D ScreenFlasherView: overlay.intensity clamped=0.0 alpha=0 visibility=4 attached=true size=1080x2340
10-14 22:07:26.280 21009 21444 D OutputsAudio: [outputs-audio] stop gain=1.000 release=6.00
10-14 22:07:26.281 21009 21444 D OutputsAudio: [outputs-audio] playMorse.gap sequence=12 nextOffset=4320.000 gapTarget=165161905.308
10-14 22:07:26.281 21009 21444 D OutputsAudio: [outputs-audio] playMorse.dispatch sequence=13 symbol=. offset=4320.000 lead=4.000 dispatchAt=165161901.308 gapLead=120.000
10-14 22:07:26.285 21009 21149 D OutputsAudio: [outputs-audio] tone.stop.actual stoppedAt=165161792.370
10-14 22:07:26.395 21009 21444 D OutputsAudio: [outputs-audio] start hz=600.0 gain=1.000 attack=2.50 release=6.00
10-14 22:07:26.395 21009 21444 D OutputsAudio: [outputs-audio] tone.request hz=600.0 gain=1.000 requestedAt=165161901.966
10-14 22:07:26.395 21009 21444 D OutputsAudio: [outputs-audio] playMorse.symbol.start sequence=13 symbol=. expected=165161905.308 actual=165161906.221 skew=0.914 batchElapsed=4320.914
10-14 22:07:26.395 21009 21149 D OutputsAudio: [outputs-audio] tone.start.actual actual=165161902.312 requested=165161901.966 delta=0.346
10-14 22:07:26.396 21009 21009 D ScreenFlasherView: overlay.intensity clamped=0.8 alpha=204 visibility=0 attached=true size=1080x2340
10-14 22:07:26.397 21009 21149 D OutputsAudio: [outputs-audio] tone.gain.steady target=1.000 reachedAt=165161904.337 delta=2.025
10-14 22:07:26.400 21009 21095 I ReactNativeJS: [outputs] playMorse.symbol {"timestamp":165161905.178921,"wallClock":1760494046398,"symbol":".","durationMs":120,"index":12,"source":"console.replay","correlationId":"console-replay:9324nwps","nativeTimestampMs":165161906.221473,"nativeDurationMs":120,"nativeOffsetMs":4320,"nativeSequence":13,"monotonicTimestampMs":165161906.221473,"nativeExpectedTimestampMs":165161905.307829,"nativeStartSkewMs":0.913644015789032,"nativeBatchElapsedMs":4320.913644015789,"nativeExpectedSincePriorMs":480,"nativeSincePriorMs":479.8485420048237,"nativePatternStartMs":165157585.307829,"nativeAgeMs":null,"nativeFlashHandled":true,"nativeFlashAvailable":true}
10-14 22:07:26.402 21009 21095 I ReactNativeJS: [outputs] playMorse.nativeOffset.spike {"timestamp":165161907.458973,"wallClock":1760494046400,"source":"console.replay","offsetMs":4320,"sequence":13,"unitMs":120,"correlationId":"console-replay:9324nwps","startSkewMs":0.913644015789032,"batchElapsedMs":4320.913644015789}
10-14 22:07:26.404 21009 21095 I ReactNativeJS: [outputs] outputs.hapticSymbol {"timestamp":165161910.159025,"wallClock":1760494046403,"enabled":true,"symbol":".","durationMs":120,"platform":"android","source":"console.replay","correlationId":"console-replay:9324nwps","timelineOffsetMs":null,"dispatchPhase":"actual"}
10-14 22:07:26.406 21009 21095 I ReactNativeJS: [outputs] outputs.flashPulse.nativeHandled {"timestamp":165161912.46465,"wallClock":1760494046405,"durationMs":120,"source":"console.replay","dispatchPhase":"actual","correlationId":"console-replay:9324nwps","flashIntensity":0.8,"brightnessPercent":80,"nativeFlashAvailable":true}
10-14 22:07:26.528 21009 21009 D ScreenFlasherView: overlay.intensity clamped=0.0 alpha=0 visibility=4 attached=true size=1080x2340
10-14 22:07:26.528 21009 21444 D OutputsAudio: [outputs-audio] stop gain=1.000 release=6.00
10-14 22:07:26.529 21009 21444 D OutputsAudio: [outputs-audio] playMorse.gap sequence=13 nextOffset=4560.000 gapTarget=165162145.308
10-14 22:07:26.529 21009 21444 D OutputsAudio: [outputs-audio] playMorse.dispatch sequence=14 symbol=. offset=4560.000 lead=4.000 dispatchAt=165162141.308 gapLead=120.000
10-14 22:07:26.533 21009 21149 D OutputsAudio: [outputs-audio] tone.stop.actual stoppedAt=165162040.422
10-14 22:07:26.634 21009 21444 D OutputsAudio: [outputs-audio] start hz=600.0 gain=1.000 attack=2.50 release=6.00
10-14 22:07:26.635 21009 21444 D OutputsAudio: [outputs-audio] tone.request hz=600.0 gain=1.000 requestedAt=165162141.918
10-14 22:07:26.635 21009 21444 D OutputsAudio: [outputs-audio] playMorse.symbol.start sequence=14 symbol=. expected=165162145.308 actual=165162146.120 skew=0.812 batchElapsed=4560.812
10-14 22:07:26.635 21009 21149 D OutputsAudio: [outputs-audio] tone.start.actual actual=165162142.219 requested=165162141.918 delta=0.300
10-14 22:07:26.635 21009 21009 D ScreenFlasherView: overlay.intensity clamped=0.8 alpha=204 visibility=0 attached=true size=1080x2340
10-14 22:07:26.637 21009 21149 D OutputsAudio: [outputs-audio] tone.gain.steady target=1.000 reachedAt=165162144.248 delta=2.029
10-14 22:07:26.639 21009 21095 I ReactNativeJS: [outputs] playMorse.symbol {"timestamp":165162143.481108,"wallClock":1760494046636,"symbol":".","durationMs":120,"index":13,"source":"console.replay","correlationId":"console-replay:nr24rz51","nativeTimestampMs":165162146.120066,"nativeDurationMs":120,"nativeOffsetMs":4560,"nativeSequence":14,"monotonicTimestampMs":165162146.120066,"nativeExpectedTimestampMs":165162145.307829,"nativeStartSkewMs":0.8122369945049286,"nativeBatchElapsedMs":4560.812236994505,"nativeExpectedSincePriorMs":240,"nativeSincePriorMs":239.8985929787159,"nativePatternStartMs":165157585.307829,"nativeAgeMs":null,"nativeFlashHandled":true,"nativeFlashAvailable":true}
10-14 22:07:26.640 21009 21095 I ReactNativeJS: [outputs] playMorse.nativeOffset.spike {"timestamp":165162146.478973,"wallClock":1760494046639,"source":"console.replay","offsetMs":4560,"sequence":14,"unitMs":120,"correlationId":"console-replay:nr24rz51","startSkewMs":0.8122369945049286,"batchElapsedMs":4560.812236994505}
10-14 22:07:26.642 21009 21095 I ReactNativeJS: [outputs] outputs.hapticSymbol {"timestamp":165162147.837462,"wallClock":1760494046640,"enabled":true,"symbol":".","durationMs":120,"platform":"android","source":"console.replay","correlationId":"console-replay:nr24rz51","timelineOffsetMs":null,"dispatchPhase":"actual"}
10-14 22:07:26.644 21009 21095 I ReactNativeJS: [outputs] outputs.flashPulse.nativeHandled {"timestamp":165162150.49241,"wallClock":1760494046643,"durationMs":120,"source":"console.replay","dispatchPhase":"actual","correlationId":"console-replay:nr24rz51","flashIntensity":0.8,"brightnessPercent":80,"nativeFlashAvailable":true}
10-14 22:07:26.767 21009 21009 D ScreenFlasherView: overlay.intensity clamped=0.0 alpha=0 visibility=4 attached=true size=1080x2340
10-14 22:07:26.767 21009 21444 D OutputsAudio: [outputs-audio] stop gain=1.000 release=6.00
10-14 22:07:26.768 21009 21444 D OutputsAudio: [outputs-audio] playMorse.gap sequence=14 nextOffset=4800.000 gapTarget=165162385.308
10-14 22:07:26.768 21009 21444 D OutputsAudio: [outputs-audio] playMorse.dispatch sequence=15 symbol=. offset=4800.000 lead=4.000 dispatchAt=165162381.308 gapLead=120.000
10-14 22:07:26.773 21009 21149 D OutputsAudio: [outputs-audio] tone.stop.actual stoppedAt=165162280.293
10-14 22:07:26.874 21009 21444 D OutputsAudio: [outputs-audio] start hz=600.0 gain=1.000 attack=2.50 release=6.00
10-14 22:07:26.874 21009 21444 D OutputsAudio: [outputs-audio] tone.request hz=600.0 gain=1.000 requestedAt=165162381.877
10-14 22:07:26.875 21009 21444 D OutputsAudio: [outputs-audio] playMorse.symbol.start sequence=15 symbol=. expected=165162385.308 actual=165162386.014 skew=0.706 batchElapsed=4800.706
10-14 22:07:26.875 21009 21149 D OutputsAudio: [outputs-audio] tone.start.actual actual=165162382.224 requested=165162381.877 delta=0.346
10-14 22:07:26.875 21009 21009 D ScreenFlasherView: overlay.intensity clamped=0.8 alpha=204 visibility=0 attached=true size=1080x2340
10-14 22:07:26.877 21009 21149 D OutputsAudio: [outputs-audio] tone.gain.steady target=1.000 reachedAt=165162384.279 delta=2.055
10-14 22:07:26.878 21009 21095 I ReactNativeJS: [outputs] playMorse.symbol {"timestamp":165162383.339025,"wallClock":1760494046876,"symbol":".","durationMs":120,"index":14,"source":"console.replay","correlationId":"console-replay:kupkcv48","nativeTimestampMs":165162386.013764,"nativeDurationMs":120,"nativeOffsetMs":4800,"nativeSequence":15,"monotonicTimestampMs":165162386.013764,"nativeExpectedTimestampMs":165162385.307829,"nativeStartSkewMs":0.705935001373291,"nativeBatchElapsedMs":4800.705935001373,"nativeExpectedSincePriorMs":240,"nativeSincePriorMs":239.89369800686836,"nativePatternStartMs":165157585.307829,"nativeAgeMs":null,"nativeFlashHandled":true,"nativeFlashAvailable":true}
10-14 22:07:26.880 21009 21095 I ReactNativeJS: [outputs] playMorse.nativeOffset.spike {"timestamp":165162385.72642,"wallClock":1760494046878,"source":"console.replay","offsetMs":4800,"sequence":15,"unitMs":120,"correlationId":"console-replay:kupkcv48","startSkewMs":0.705935001373291,"batchElapsedMs":4800.705935001373}
10-14 22:07:26.882 21009 21095 I ReactNativeJS: [outputs] outputs.hapticSymbol {"timestamp":165162387.561785,"wallClock":1760494046880,"enabled":true,"symbol":".","durationMs":120,"platform":"android","source":"console.replay","correlationId":"console-replay:kupkcv48","timelineOffsetMs":null,"dispatchPhase":"actual"}
10-14 22:07:26.892 21009 21095 I ReactNativeJS: [outputs] outputs.flashPulse.nativeHandled {"timestamp":165162397.79392,"wallClock":1760494046890,"durationMs":120,"source":"console.replay","dispatchPhase":"actual","correlationId":"console-replay:kupkcv48","flashIntensity":0.8,"brightnessPercent":80,"nativeFlashAvailable":true}
10-14 22:07:26.999 21009 21009 D ScreenFlasherView: overlay.intensity clamped=0.0 alpha=0 visibility=4 attached=true size=1080x2340
10-14 22:07:27.000 21009 21444 D OutputsAudio: [outputs-audio] stop gain=1.000 release=6.00
10-14 22:07:27.000 21009 21444 D OutputsAudio: [outputs-audio] playMorse.gap sequence=15 nextOffset=5040.000 gapTarget=165162625.308
10-14 22:07:27.000 21009 21444 D OutputsAudio: [outputs-audio] playMorse.dispatch sequence=16 symbol=- offset=5040.000 lead=4.000 dispatchAt=165162621.308 gapLead=120.000
10-14 22:07:27.005 21009 21149 D OutputsAudio: [outputs-audio] tone.stop.actual stoppedAt=165162512.246
10-14 22:07:27.115 21009 21149 D OutputsAudio: [outputs-audio] tone.stop.actual stoppedAt=165162622.264
10-14 22:07:27.115 21009 21444 D OutputsAudio: [outputs-audio] start hz=600.0 gain=1.000 attack=2.50 release=6.00
10-14 22:07:27.115 21009 21444 D OutputsAudio: [outputs-audio] tone.request hz=600.0 gain=1.000 requestedAt=165162622.252
10-14 22:07:27.115 21009 21444 D OutputsAudio: [outputs-audio] playMorse.symbol.start sequence=16 symbol=- expected=165162625.308 actual=165162626.523 skew=1.215 batchElapsed=5041.215
10-14 22:07:27.116 21009 21009 D ScreenFlasherView: overlay.intensity clamped=0.8 alpha=204 visibility=0 attached=true size=1080x2340
10-14 22:07:27.117 21009 21149 D OutputsAudio: [outputs-audio] tone.start.actual actual=165162624.275 requested=165162622.252 delta=2.023
10-14 22:07:27.118 21009 21095 I ReactNativeJS: [outputs] playMorse.symbol {"timestamp":165162624.090379,"wallClock":1760494047117,"symbol":"-","durationMs":360,"index":15,"source":"console.replay","correlationId":"console-replay:pzmfyq21","nativeTimestampMs":165162626.522775,"nativeDurationMs":360,"nativeOffsetMs":5040,"nativeSequence":16,"monotonicTimestampMs":165162626.522775,"nativeExpectedTimestampMs":165162625.307829,"nativeStartSkewMs":1.2149460017681122,"nativeBatchElapsedMs":5041.214946001768,"nativeExpectedSincePriorMs":240,"nativeSincePriorMs":240.50901100039482,"nativePatternStartMs":165157585.307829,"nativeAgeMs":null,"nativeFlashHandled":true,"nativeFlashAvailable":true}
10-14 22:07:27.119 21009 21095 I ReactNativeJS: [outputs] playMorse.nativeOffset.spike {"timestamp":165162625.496472,"wallClock":1760494047118,"source":"console.replay","offsetMs":5040,"sequence":16,"unitMs":120,"correlationId":"console-replay:pzmfyq21","startSkewMs":1.2149460017681122,"batchElapsedMs":5041.214946001768}
10-14 22:07:27.119 21009 21149 D OutputsAudio: [outputs-audio] tone.gain.steady target=1.000 reachedAt=165162626.483 delta=2.208
10-14 22:07:27.120 21009 21095 I ReactNativeJS: [outputs] outputs.hapticSymbol {"timestamp":165162626.418556,"wallClock":1760494047119,"enabled":true,"symbol":"-","durationMs":360,"platform":"android","source":"console.replay","correlationId":"console-replay:pzmfyq21","timelineOffsetMs":null,"dispatchPhase":"actual"}
