10-11 19:31:57.938 12221 16384 I ReactNativeJS: [outputs] playMorse.symbol {"timestamp":26504116.744419,"wallClock":1760225517938,"symbol":"-","durationMs":360,"index":16,"source":"console.replay","correlationId":"console-replay:mgmwtq42fvz1wktz","nativeTimestampMs":26504061.283,"nativeDurationMs":360,"nativeOffsetMs":54.327564001083374,"nativeSequence":17,"monotonicTimestampMs":26504061.283,"nativeExpectedTimestampMs":26504035.092,"nativeStartSkewMs":26.191,"nativeBatchElapsedMs":5546.191,"nativeExpectedSincePriorMs":480,"nativeSincePriorMs":481.971,"nativePatternStartMs":26498515.092,"nativeAgeMs":54.158}
10-11 19:31:57.939 12221 16384 I ReactNativeJS: [outputs] outputs.hapticSymbol {"timestamp":26504117.455929,"wallClock":1760225517938,"enabled":true,"symbol":"-","durationMs":360,"platform":"android","source":"console.replay","correlationId":"console-replay:mgmwtq42fvz1wktz","timelineOffsetMs":null}
10-11 19:31:57.940 12221 16384 I ReactNativeJS: [outputs] outputs.flashPulse {"timestamp":26504118.625825,"wallClock":1760225517940,"enabled":true,"durationMs":360,"source":"console.replay","correlationId":"console-replay:mgmwtq42fvz1wktz","timelineOffsetMs":54.327564001083374,"schedulingMode":"timeline","audioStartHeadroomMs":-91.5159079991281,"audioStartGuard":"headroom","audioStartCompensationMs":91.5159079991281}
10-11 19:31:58.006 12221 16384 I ReactNativeJS: [outputs] outputs.flashPulse.commit {"timestamp":26504184.638377,"wallClock":1760225518006,"durationMs":360,"source":"console.replay","correlationId":"console-replay:mgmwtq42fvz1wktz","latencyMs":69.01802099868655,"timelineOffsetMs":54.327564001083374,"leadMs":8,"scheduleSkewMs":66.01791600137949,"schedulingMode":"timeline","audioStartHeadroomMs":-91.5159079991281,"audioStartGuard":"headroom","audioStartCompensationMs":91.5159079991281}
10-11 19:31:58.243 12221 16714 D OutputsAudio: [outputs-audio] stop gain=1.000 release=6.00
10-11 19:31:58.364 12221 16714 D OutputsAudio: [outputs-audio] start hz=650.0 gain=1.000 attack=2.50 release=6.00
10-11 19:31:58.364 12221 16714 D OutputsAudio: [outputs-audio] playMorse.symbol.start sequence=18 symbol=- expected=26504515.092 actual=26504542.852 skew=27.760 batchElapsed=6027.760
10-11 19:31:58.387 12221 16384 D OutputsAudio: [outputs-audio] symbol.info sequence=18 symbol=- timestamp=26504542.852 duration=360.000 expected=26504515.092 skew=27.760 age=22.997
10-11 19:31:58.388 12221 16384 I ReactNativeJS: [outputs] playMorse.symbol {"timestamp":26504566.02921,"wallClock":1760225518387,"symbol":"-","durationMs":360,"index":17,"source":"console.replay","correlationId":"console-replay:2lky99q7","nativeTimestampMs":26504542.852,"nativeDurationMs":360,"nativeOffsetMs":23.121584996581078,"nativeSequence":18,"monotonicTimestampMs":26504542.852,"nativeExpectedTimestampMs":26504515.092,"nativeStartSkewMs":27.76,"nativeBatchElapsedMs":6027.76,"nativeExpectedSincePriorMs":480,"nativeSincePriorMs":481.568,"nativePatternStartMs":26498515.092,"nativeAgeMs":22.997}
10-11 19:31:58.388 12221 16384 I ReactNativeJS: [outputs] playMorse.symbol {"timestamp":26504566.775252,"wallClock":1760225518388,"symbol":"-","durationMs":360,"index":17,"source":"console.replay","correlationId":"console-replay:mgmwtqgkq1zaxfr9","nativeTimestampMs":26504542.852,"nativeDurationMs":360,"nativeOffsetMs":23.121584996581078,"nativeSequence":18,"monotonicTimestampMs":26504542.852,"nativeExpectedTimestampMs":26504515.092,"nativeStartSkewMs":27.76,"nativeBatchElapsedMs":6027.76,"nativeExpectedSincePriorMs":480,"nativeSincePriorMs":481.568,"nativePatternStartMs":26498515.092,"nativeAgeMs":22.997}
10-11 19:31:58.388 12221 16384 I ReactNativeJS: [outputs] outputs.hapticSymbol {"timestamp":26504567.241866,"wallClock":1760225518388,"enabled":true,"symbol":"-","durationMs":360,"platform":"android","source":"console.replay","correlationId":"console-replay:mgmwtqgkq1zaxfr9","timelineOffsetMs":null}
10-11 19:31:58.389 12221 16384 I ReactNativeJS: [outputs] outputs.flashPulse {"timestamp":26504567.994314,"wallClock":1760225518389,"enabled":true,"durationMs":360,"source":"console.replay","correlationId":"console-replay:mgmwtqgkq1zaxfr9","timelineOffsetMs":23.121584996581078,"schedulingMode":"timeline","audioStartHeadroomMs":-60.89121999964118,"audioStartGuard":"headroom","audioStartCompensationMs":60.89121999964118}
10-11 19:31:58.443 12221 16384 I ReactNativeJS: [outputs] outputs.flashPulse.commit {"timestamp":26504621.695512,"wallClock":1760225518443,"durationMs":360,"source":"console.replay","correlationId":"console-replay:mgmwtqgkq1zaxfr9","latencyMs":55.711823001503944,"timelineOffsetMs":23.121584996581078,"leadMs":8,"scheduleSkewMs":53.70046899840236,"schedulingMode":"timeline","audioStartHeadroomMs":-60.89121999964118,"audioStartGuard":"headroom","audioStartCompensationMs":60.89121999964118}
10-11 19:31:58.724 12221 16714 D OutputsAudio: [outputs-audio] stop gain=1.000 release=6.00
10-11 19:31:58.845 12221 16714 D OutputsAudio: [outputs-audio] start hz=650.0 gain=1.000 attack=2.50 release=6.00
10-11 19:31:58.845 12221 16714 D OutputsAudio: [outputs-audio] playMorse.symbol.start sequence=19 symbol=. expected=26504995.092 actual=26505023.701 skew=28.609 batchElapsed=6508.609
10-11 19:31:58.850 12221 16384 D OutputsAudio: [outputs-audio] symbol.info sequence=19 symbol=. timestamp=26505023.701 duration=120.000 expected=26504995.092 skew=28.609 age=4.915
10-11 19:31:58.852 12221 16384 I ReactNativeJS: [outputs] playMorse.symbol {"timestamp":26505028.88322,"wallClock":1760225518850,"symbol":".","durationMs":120,"index":18,"source":"console.replay","correlationId":"console-replay:ckiccreb","nativeTimestampMs":26505023.701,"nativeDurationMs":120,"nativeOffsetMs":5.072636999189854,"nativeSequence":19,"monotonicTimestampMs":26505023.701,"nativeExpectedTimestampMs":26504995.092,"nativeStartSkewMs":28.609,"nativeBatchElapsedMs":6508.609,"nativeExpectedSincePriorMs":480,"nativeSincePriorMs":480.849,"nativePatternStartMs":26498515.092,"nativeAgeMs":4.915}
10-11 19:31:58.854 12221 16384 I ReactNativeJS: [outputs] playMorse.symbol {"timestamp":26505031.609522,"wallClock":1760225518853,"symbol":".","durationMs":120,"index":18,"source":"console.replay","correlationId":"console-replay:mgmwtqth7ondyih8","nativeTimestampMs":26505023.701,"nativeDurationMs":120,"nativeOffsetMs":5.072636999189854,"nativeSequence":19,"monotonicTimestampMs":26505023.701,"nativeExpectedTimestampMs":26504995.092,"nativeStartSkewMs":28.609,"nativeBatchElapsedMs":6508.609,"nativeExpectedSincePriorMs":480,"nativeSincePriorMs":480.849,"nativePatternStartMs":26498515.092,"nativeAgeMs":4.915}
10-11 19:31:58.856 12221 16384 I ReactNativeJS: [outputs] outputs.hapticSymbol {"timestamp":26505033.384887,"wallClock":1760225518854,"enabled":true,"symbol":".","durationMs":120,"platform":"android","source":"console.replay","correlationId":"console-replay:mgmwtqth7ondyih8","timelineOffsetMs":null}
10-11 19:31:58.861 12221 16384 I ReactNativeJS: [outputs] outputs.flashPulse {"timestamp":26505037.567647,"wallClock":1760225518858,"enabled":true,"durationMs":120,"source":"console.replay","correlationId":"console-replay:mgmwtqth7ondyih8","timelineOffsetMs":5.072636999189854,"schedulingMode":"timeline","audioStartHeadroomMs":-50.45601199939847,"audioStartGuard":"headroom","audioStartCompensationMs":50.45601199939847}
10-11 19:31:58.923 12221 16384 I ReactNativeJS: [outputs] outputs.flashPulse.commit {"timestamp":26505102.077283,"wallClock":1760225518923,"durationMs":120,"source":"console.replay","correlationId":"console-replay:mgmwtqth7ondyih8","latencyMs":73.29395800083876,"timelineOffsetMs":5.072636999189854,"leadMs":8,"scheduleSkewMs":64.51708300039172,"schedulingMode":"timeline","audioStartHeadroomMs":-50.45601199939847,"audioStartGuard":"headroom","audioStartCompensationMs":50.45601199939847}
10-11 19:31:58.966 12221 16714 D OutputsAudio: [outputs-audio] stop gain=1.000 release=6.00
10-11 19:31:59.087 12221 16714 D OutputsAudio: [outputs-audio] start hz=650.0 gain=1.000 attack=2.50 release=6.00
10-11 19:31:59.087 12221 16714 D OutputsAudio: [outputs-audio] playMorse.symbol.start sequence=20 symbol=. expected=26505235.092 actual=26505265.977 skew=30.886 batchElapsed=6750.886
10-11 19:31:59.098 12221 16384 D OutputsAudio: [outputs-audio] symbol.info sequence=20 symbol=. timestamp=26505265.977 duration=120.000 expected=26505235.092 skew=30.886 age=10.679
10-11 19:31:59.099 12221 16384 I ReactNativeJS: [outputs] playMorse.symbol {"timestamp":26505276.928845,"wallClock":1760225519098,"symbol":".","durationMs":120,"index":19,"source":"console.replay","correlationId":"console-replay:mccb55a9","nativeTimestampMs":26505265.977,"nativeDurationMs":120,"nativeOffsetMs":10.843042999505997,"nativeSequence":20,"monotonicTimestampMs":26505265.977,"nativeExpectedTimestampMs":26505235.092,"nativeStartSkewMs":30.886,"nativeBatchElapsedMs":6750.886,"nativeExpectedSincePriorMs":240,"nativeSincePriorMs":242.276,"nativePatternStartMs":26498515.092,"nativeAgeMs":10.679}
10-11 19:31:59.100 12221 16384 I ReactNativeJS: [outputs] playMorse.symbol {"timestamp":26505278.264054,"wallClock":1760225519099,"symbol":".","durationMs":120,"index":19,"source":"console.replay","correlationId":"console-replay:mgmwtr0bl7z2u1g0","nativeTimestampMs":26505265.977,"nativeDurationMs":120,"nativeOffsetMs":10.843042999505997,"nativeSequence":20,"monotonicTimestampMs":26505265.977,"nativeExpectedTimestampMs":26505235.092,"nativeStartSkewMs":30.886,"nativeBatchElapsedMs":6750.886,"nativeExpectedSincePriorMs":240,"nativeSincePriorMs":242.276,"nativePatternStartMs":26498515.092,"nativeAgeMs":10.679}
10-11 19:31:59.101 12221 16384 I ReactNativeJS: [outputs] outputs.hapticSymbol {"timestamp":26505279.186606,"wallClock":1760225519100,"enabled":true,"symbol":".","durationMs":120,"platform":"android","source":"console.replay","correlationId":"console-replay:mgmwtr0bl7z2u1g0","timelineOffsetMs":null}
10-11 19:31:59.106 12221 16384 I ReactNativeJS: [outputs] outputs.flashPulse {"timestamp":26505283.868116,"wallClock":1760225519105,"enabled":true,"durationMs":120,"source":"console.replay","correlationId":"console-replay:mgmwtr0bl7z2u1g0","timelineOffsetMs":10.843042999505997,"schedulingMode":"timeline","audioStartHeadroomMs":-56.7533040009439,"audioStartGuard":"headroom","audioStartCompensationMs":56.7533040009439}
10-11 19:31:59.174 12221 16384 I ReactNativeJS: [outputs] outputs.flashPulse.commit {"timestamp":26505352.860824,"wallClock":1760225519174,"durationMs":120,"source":"console.replay","correlationId":"console-replay:mgmwtr0bl7z2u1g0","latencyMs":76.03171899914742,"timelineOffsetMs":10.843042999505997,"leadMs":8,"scheduleSkewMs":69.00281300023198,"schedulingMode":"timeline","audioStartHeadroomMs":-56.7533040009439,"audioStartGuard":"headroom","audioStartCompensationMs":56.7533040009439}
10-11 19:31:59.207 12221 16714 D OutputsAudio: [outputs-audio] stop gain=1.000 release=6.00
10-11 19:31:59.327 12221 16714 D OutputsAudio: [outputs-audio] start hz=650.0 gain=1.000 attack=2.50 release=6.00
10-11 19:31:59.327 12221 16714 D OutputsAudio: [outputs-audio] playMorse.symbol.start sequence=21 symbol=. expected=26505475.092 actual=26505506.507 skew=31.416 batchElapsed=6991.416
10-11 19:31:59.333 12221 16384 D OutputsAudio: [outputs-audio] symbol.info sequence=21 symbol=. timestamp=26505506.507 duration=120.000 expected=26505475.092 skew=31.416 age=5.987
10-11 19:31:59.334 12221 16384 I ReactNativeJS: [outputs] playMorse.symbol {"timestamp":26505512.658533,"wallClock":1760225519334,"symbol":".","durationMs":120,"index":20,"source":"console.replay","correlationId":"console-replay:phlit066","nativeTimestampMs":26505506.507,"nativeDurationMs":120,"nativeOffsetMs":6.087053000926971,"nativeSequence":21,"monotonicTimestampMs":26505506.507,"nativeExpectedTimestampMs":26505475.092,"nativeStartSkewMs":31.416,"nativeBatchElapsedMs":6991.416,"nativeExpectedSincePriorMs":240,"nativeSincePriorMs":240.53,"nativePatternStartMs":26498515.092,"nativeAgeMs":5.987}
10-11 19:31:59.335 12221 16384 I ReactNativeJS: [outputs] playMorse.symbol {"timestamp":26505513.535408,"wallClock":1760225519334,"symbol":".","durationMs":120,"index":20,"source":"console.replay","correlationId":"console-replay:mgmwtr6ufs6g9zvh","nativeTimestampMs":26505506.507,"nativeDurationMs":120,"nativeOffsetMs":6.087053000926971,"nativeSequence":21,"monotonicTimestampMs":26505506.507,"nativeExpectedTimestampMs":26505475.092,"nativeStartSkewMs":31.416,"nativeBatchElapsedMs":6991.416,"nativeExpectedSincePriorMs":240,"nativeSincePriorMs":240.53,"nativePatternStartMs":26498515.092,"nativeAgeMs":5.987}
10-11 19:31:59.335 12221 16384 I ReactNativeJS: [outputs] outputs.hapticSymbol {"timestamp":26505514.015043,"wallClock":1760225519335,"enabled":true,"symbol":".","durationMs":120,"platform":"android","source":"console.replay","correlationId":"console-replay:mgmwtr6ufs6g9zvh","timelineOffsetMs":null}
10-11 19:31:59.336 12221 16384 I ReactNativeJS: [outputs] outputs.flashPulse {"timestamp":26505515.02921,"wallClock":1760225519336,"enabled":true,"durationMs":120,"source":"console.replay","correlationId":"console-replay:mgmwtr6ufs6g9zvh","timelineOffsetMs":6.087053000926971,"schedulingMode":"timeline","audioStartHeadroomMs":-47.92184500023723,"audioStartGuard":"headroom","audioStartCompensationMs":47.92184500023723}
10-11 19:31:59.393 12221 16384 I ReactNativeJS: [outputs] outputs.flashPulse.commit {"timestamp":26505571.123793,"wallClock":1760225519392,"durationMs":120,"source":"console.replay","correlationId":"console-replay:mgmwtr6ufs6g9zvh","latencyMs":58.52020899951458,"timelineOffsetMs":6.087053000926971,"leadMs":8,"scheduleSkewMs":56.09833399951458,"schedulingMode":"timeline","audioStartHeadroomMs":-47.92184500023723,"audioStartGuard":"headroom","audioStartCompensationMs":47.92184500023723}
10-11 19:31:59.448 12221 16714 D OutputsAudio: [outputs-audio] stop gain=1.000 release=6.00
10-11 19:31:59.568 12221 16714 D OutputsAudio: [outputs-audio] start hz=650.0 gain=1.000 attack=2.50 release=6.00
10-11 19:31:59.569 12221 16714 D OutputsAudio: [outputs-audio] playMorse.symbol.start sequence=22 symbol=- expected=26505715.092 actual=26505747.700 skew=32.608 batchElapsed=7232.608
10-11 19:31:59.575 12221 16384 D OutputsAudio: [outputs-audio] symbol.info sequence=22 symbol=- timestamp=26505747.700 duration=360.000 expected=26505715.092 skew=32.608 age=6.370
10-11 19:31:59.576 12221 16384 I ReactNativeJS: [outputs] playMorse.symbol {"timestamp":26505754.284522,"wallClock":1760225519575,"symbol":"-","durationMs":360,"index":21,"source":"console.replay","correlationId":"console-replay:iet2jwpw","nativeTimestampMs":26505747.7,"nativeDurationMs":360,"nativeOffsetMs":6.496033001691103,"nativeSequence":22,"monotonicTimestampMs":26505747.7,"nativeExpectedTimestampMs":26505715.092,"nativeStartSkewMs":32.608,"nativeBatchElapsedMs":7232.608,"nativeExpectedSincePriorMs":240,"nativeSincePriorMs":241.193,"nativePatternStartMs":26498515.092,"nativeAgeMs":6.37}
10-11 19:31:59.578 12221 16384 I ReactNativeJS: [outputs] playMorse.symbol {"timestamp":26505755.337335,"wallClock":1760225519576,"symbol":"-","durationMs":360,"index":21,"source":"console.replay","correlationId":"console-replay:mgmwtrdkr2tgz0py","nativeTimestampMs":26505747.7,"nativeDurationMs":360,"nativeOffsetMs":6.496033001691103,"nativeSequence":22,"monotonicTimestampMs":26505747.7,"nativeExpectedTimestampMs":26505715.092,"nativeStartSkewMs":32.608,"nativeBatchElapsedMs":7232.608,"nativeExpectedSincePriorMs":240,"nativeSincePriorMs":241.193,"nativePatternStartMs":26498515.092,"nativeAgeMs":6.37}
10-11 19:31:59.578 12221 16384 I ReactNativeJS: [outputs] outputs.hapticSymbol {"timestamp":26505756.894001,"wallClock":1760225519578,"enabled":true,"symbol":"-","durationMs":360,"platform":"android","source":"console.replay","correlationId":"console-replay:mgmwtrdkr2tgz0py","timelineOffsetMs":null}
10-11 19:31:59.580 12221 16384 I ReactNativeJS: [outputs] outputs.flashPulse {"timestamp":26505758.288116,"wallClock":1760225519579,"enabled":true,"durationMs":360,"source":"console.replay","correlationId":"console-replay:mgmwtrdkr2tgz0py","timelineOffsetMs":6.496033001691103,"schedulingMode":"timeline","audioStartHeadroomMs":-51.17398000136018,"audioStartGuard":"headroom","audioStartCompensationMs":51.17398000136018}
10-11 19:31:59.638 12221 16384 I ReactNativeJS: [outputs] outputs.flashPulse.commit {"timestamp":26505816.730303,"wallClock":1760225519638,"durationMs":360,"source":"console.replay","correlationId":"console-replay:mgmwtrdkr2tgz0py","latencyMs":62.52380199730396,"timelineOffsetMs":6.496033001691103,"leadMs":8,"scheduleSkewMs":58.45031299814582,"schedulingMode":"timeline","audioStartHeadroomMs":-51.17398000136018,"audioStartGuard":"headroom","audioStartCompensationMs":51.17398000136018}
10-11 19:31:59.929 12221 16714 D OutputsAudio: [outputs-audio] stop gain=1.000 release=6.00
10-11 19:32:00.050 12221 16714 D OutputsAudio: [outputs-audio] start hz=650.0 gain=1.000 attack=2.50 release=6.00
10-11 19:32:00.050 12221 16714 D OutputsAudio: [outputs-audio] playMorse.symbol.start sequence=23 symbol=- expected=26506195.092 actual=26506229.159 skew=34.067 batchElapsed=7714.067
10-11 19:32:00.053 12221 16384 D OutputsAudio: [outputs-audio] symbol.info sequence=23 symbol=- timestamp=26506229.159 duration=360.000 expected=26506195.092 skew=34.067 age=3.189
10-11 19:32:00.062 12221 16384 I ReactNativeJS: [outputs] playMorse.symbol {"timestamp":26506232.967907,"wallClock":1760225520054,"symbol":"-","durationMs":360,"index":22,"source":"console.replay","correlationId":"console-replay:33s0qngx","nativeTimestampMs":26506229.159,"nativeDurationMs":360,"nativeOffsetMs":3.356615997850895,"nativeSequence":23,"monotonicTimestampMs":26506229.159,"nativeExpectedTimestampMs":26506195.092,"nativeStartSkewMs":34.067,"nativeBatchElapsedMs":7714.067,"nativeExpectedSincePriorMs":480,"nativeSincePriorMs":481.459,"nativePatternStartMs":26498515.092,"nativeAgeMs":3.189}
10-11 19:32:00.063 12221 16384 I ReactNativeJS: [outputs] playMorse.symbol {"timestamp":26506241.637959,"wallClock":1760225520063,"symbol":"-","durationMs":360,"index":22,"source":"console.replay","correlationId":"console-replay:mgmwtrr3ko93e8iq","nativeTimestampMs":26506229.159,"nativeDurationMs":360,"nativeOffsetMs":3.356615997850895,"nativeSequence":23,"monotonicTimestampMs":26506229.159,"nativeExpectedTimestampMs":26506195.092,"nativeStartSkewMs":34.067,"nativeBatchElapsedMs":7714.067,"nativeExpectedSincePriorMs":480,"nativeSincePriorMs":481.459,"nativePatternStartMs":26498515.092,"nativeAgeMs":3.189}
10-11 19:32:00.064 12221 16384 I ReactNativeJS: [outputs] outputs.hapticSymbol {"timestamp":26506242.466345,"wallClock":1760225520063,"enabled":true,"symbol":"-","durationMs":360,"platform":"android","source":"console.replay","correlationId":"console-replay:mgmwtrr3ko93e8iq","timelineOffsetMs":null}
10-11 19:32:00.066 12221 16384 I ReactNativeJS: [outputs] outputs.flashPulse {"timestamp":26506243.623793,"wallClock":1760225520065,"enabled":true,"durationMs":360,"source":"console.replay","correlationId":"console-replay:mgmwtrr3ko93e8iq","timelineOffsetMs":3.356615997850895,"schedulingMode":"timeline","audioStartHeadroomMs":-56.51174100115895,"audioStartGuard":"headroom","audioStartCompensationMs":56.51174100115895}
10-11 19:32:00.124 12221 16384 I ReactNativeJS: [outputs] outputs.flashPulse.commit {"timestamp":26506302.775459,"wallClock":1760225520124,"durationMs":360,"source":"console.replay","correlationId":"console-replay:mgmwtrr3ko93e8iq","latencyMs":70.24859299883246,"timelineOffsetMs":3.356615997850895,"leadMs":8,"scheduleSkewMs":59.15755200013518,"schedulingMode":"timeline","audioStartHeadroomMs":-56.51174100115895,"audioStartGuard":"headroom","audioStartCompensationMs":56.51174100115895}
10-11 19:32:00.411 12221 16714 D OutputsAudio: [outputs-audio] stop gain=1.000 release=6.00
10-11 19:32:00.531 12221 16714 D OutputsAudio: [outputs-audio] start hz=650.0 gain=1.000 attack=2.50 release=6.00
10-11 19:32:00.532 12221 16714 D OutputsAudio: [outputs-audio] playMorse.symbol.start sequence=24 symbol=- expected=26506675.092 actual=26506710.568 skew=35.476 batchElapsed=8195.476
10-11 19:32:00.539 12221 16384 D OutputsAudio: [outputs-audio] symbol.info sequence=24 symbol=- timestamp=26506710.568 duration=360.000 expected=26506675.092 skew=35.476 age=7.118
10-11 19:32:00.544 12221 16384 I ReactNativeJS: [outputs] playMorse.symbol {"timestamp":26506718.12697,"wallClock":1760225520539,"symbol":"-","durationMs":360,"index":23,"source":"console.replay","correlationId":"console-replay:acbtw3bh","nativeTimestampMs":26506710.568,"nativeDurationMs":360,"nativeOffsetMs":7.401937998831272,"nativeSequence":24,"monotonicTimestampMs":26506710.568,"nativeExpectedTimestampMs":26506675.092,"nativeStartSkewMs":35.476,"nativeBatchElapsedMs":8195.476,"nativeExpectedSincePriorMs":480,"nativeSincePriorMs":481.409,"nativePatternStartMs":26498515.092,"nativeAgeMs":7.118}
10-11 19:32:00.545 12221 16384 I ReactNativeJS: [outputs] playMorse.symbol {"timestamp":26506723.046397,"wallClock":1760225520544,"symbol":"-","durationMs":360,"index":23,"source":"console.replay","correlationId":"console-replay:mgmwts4gyk2uheyb","nativeTimestampMs":26506710.568,"nativeDurationMs":360,"nativeOffsetMs":7.401937998831272,"nativeSequence":24,"monotonicTimestampMs":26506710.568,"nativeExpectedTimestampMs":26506675.092,"nativeStartSkewMs":35.476,"nativeBatchElapsedMs":8195.476,"nativeExpectedSincePriorMs":480,"nativeSincePriorMs":481.409,"nativePatternStartMs":26498515.092,"nativeAgeMs":7.118}
10-11 19:32:00.545 12221 16384 I ReactNativeJS: [outputs] outputs.hapticSymbol {"timestamp":26506723.80249,"wallClock":1760225520545,"enabled":true,"symbol":"-","durationMs":360,"platform":"android","source":"console.replay","correlationId":"console-replay:mgmwts4gyk2uheyb","timelineOffsetMs":null}
10-11 19:32:00.547 12221 16384 I ReactNativeJS: [outputs] outputs.flashPulse {"timestamp":26506725.177647,"wallClock":1760225520546,"enabled":true,"durationMs":360,"source":"console.replay","correlationId":"console-replay:mgmwts4gyk2uheyb","timelineOffsetMs":7.401937998831272,"schedulingMode":"timeline","audioStartHeadroomMs":-58.06548999994993,"audioStartGuard":"headroom","audioStartCompensationMs":58.06548999994993}
10-11 19:32:00.611 12221 16384 I ReactNativeJS: [outputs] outputs.flashPulse.commit {"timestamp":26506789.59322,"wallClock":1760225520611,"durationMs":360,"source":"console.replay","correlationId":"console-replay:mgmwts4gyk2uheyb","latencyMs":71.6113550029695,"timelineOffsetMs":7.401937998831272,"leadMs":8,"scheduleSkewMs":64.4205730035901,"schedulingMode":"timeline","audioStartHeadroomMs":-58.06548999994993,"audioStartGuard":"headroom","audioStartCompensationMs":58.06548999994993}
10-11 19:32:00.893 12221 16714 D OutputsAudio: [outputs-audio] stop gain=1.000 release=6.00
10-11 19:32:01.013 12221 16714 D OutputsAudio: [outputs-audio] start hz=650.0 gain=1.000 attack=2.50 release=6.00
10-11 19:32:01.013 12221 16714 D OutputsAudio: [outputs-audio] playMorse.symbol.start sequence=25 symbol=. expected=26507155.092 actual=26507192.396 skew=37.304 batchElapsed=8677.304
10-11 19:32:01.025 12221 16384 D OutputsAudio: [outputs-audio] symbol.info sequence=25 symbol=. timestamp=26507192.396 duration=120.000 expected=26507155.092 skew=37.304 age=11.841
10-11 19:32:01.029 12221 16384 I ReactNativeJS: [outputs] playMorse.symbol {"timestamp":26507204.556969,"wallClock":1760225521025,"symbol":".","durationMs":120,"index":24,"source":"console.replay","correlationId":"console-replay:qnz04jwd","nativeTimestampMs":26507192.396,"nativeDurationMs":120,"nativeOffsetMs":12.037843998521566,"nativeSequence":25,"monotonicTimestampMs":26507192.396,"nativeExpectedTimestampMs":26507155.092,"nativeStartSkewMs":37.304,"nativeBatchElapsedMs":8677.304,"nativeExpectedSincePriorMs":480,"nativeSincePriorMs":481.827,"nativePatternStartMs":26498515.092,"nativeAgeMs":11.841}
10-11 19:32:01.030 12221 16384 I ReactNativeJS: [outputs] playMorse.symbol {"timestamp":26507207.750563,"wallClock":1760225521029,"symbol":".","durationMs":120,"index":24,"source":"console.replay","correlationId":"console-replay:mgmwtshxhvlnce1i","nativeTimestampMs":26507192.396,"nativeDurationMs":120,"nativeOffsetMs":12.037843998521566,"nativeSequence":25,"monotonicTimestampMs":26507192.396,"nativeExpectedTimestampMs":26507155.092,"nativeStartSkewMs":37.304,"nativeBatchElapsedMs":8677.304,"nativeExpectedSincePriorMs":480,"nativeSincePriorMs":481.827,"nativePatternStartMs":26498515.092,"nativeAgeMs":11.841}
10-11 19:32:01.032 12221 16384 I ReactNativeJS: [outputs] outputs.hapticSymbol {"timestamp":26507209.556917,"wallClock":1760225521030,"enabled":true,"symbol":".","durationMs":120,"platform":"android","source":"console.replay","correlationId":"console-replay:mgmwtshxhvlnce1i","timelineOffsetMs":null}
10-11 19:32:01.036 12221 16384 I ReactNativeJS: [outputs] outputs.flashPulse {"timestamp":26507213.836865,"wallClock":1760225521035,"enabled":true,"durationMs":120,"source":"console.replay","correlationId":"console-replay:mgmwtshxhvlnce1i","timelineOffsetMs":12.037843998521566,"schedulingMode":"timeline","audioStartHeadroomMs":-66.72304200008512,"audioStartGuard":"headroom","audioStartCompensationMs":66.72304200008512}
10-11 19:32:01.109 12221 16384 I ReactNativeJS: [outputs] outputs.flashPulse.commit {"timestamp":26507287.961605,"wallClock":1760225521109,"durationMs":120,"source":"console.replay","correlationId":"console-replay:mgmwtshxhvlnce1i","latencyMs":83.51729200035334,"timelineOffsetMs":12.037843998521566,"leadMs":8,"scheduleSkewMs":74.13338499888778,"schedulingMode":"timeline","audioStartHeadroomMs":-66.72304200008512,"audioStartGuard":"headroom","audioStartCompensationMs":66.72304200008512}
10-11 19:32:01.134 12221 16714 D OutputsAudio: [outputs-audio] stop gain=1.000 release=6.00
10-11 19:32:01.255 12221 16714 D OutputsAudio: [outputs-audio] start hz=650.0 gain=1.000 attack=2.50 release=6.00
10-11 19:32:01.255 12221 16714 D OutputsAudio: [outputs-audio] playMorse.symbol.start sequence=26 symbol=. expected=26507395.092 actual=26507433.676 skew=38.585 batchElapsed=8918.585
10-11 19:32:01.273 12221 16384 D OutputsAudio: [outputs-audio] symbol.info sequence=26 symbol=. timestamp=26507433.676 duration=120.000 expected=26507395.092 skew=38.585 age=18.819
10-11 19:32:01.275 12221 16384 I ReactNativeJS: [outputs] playMorse.symbol {"timestamp":26507452.76999,"wallClock":1760225521274,"symbol":".","durationMs":120,"index":25,"source":"console.replay","correlationId":"console-replay:1la3jmhr","nativeTimestampMs":26507433.676,"nativeDurationMs":120,"nativeOffsetMs":18.984250999987125,"nativeSequence":26,"monotonicTimestampMs":26507433.676,"nativeExpectedTimestampMs":26507395.092,"nativeStartSkewMs":38.585,"nativeBatchElapsedMs":8918.585,"nativeExpectedSincePriorMs":240,"nativeSincePriorMs":241.281,"nativePatternStartMs":26498515.092,"nativeAgeMs":18.819}
10-11 19:32:01.276 12221 16384 I ReactNativeJS: [outputs] playMorse.symbol {"timestamp":26507454.142959,"wallClock":1760225521275,"symbol":".","durationMs":120,"index":25,"source":"console.replay","correlationId":"console-replay:mgmwtsor68va2nz3","nativeTimestampMs":26507433.676,"nativeDurationMs":120,"nativeOffsetMs":18.984250999987125,"nativeSequence":26,"monotonicTimestampMs":26507433.676,"nativeExpectedTimestampMs":26507395.092,"nativeStartSkewMs":38.585,"nativeBatchElapsedMs":8918.585,"nativeExpectedSincePriorMs":240,"nativeSincePriorMs":241.281,"nativePatternStartMs":26498515.092,"nativeAgeMs":18.819}
10-11 19:32:01.277 12221 16384 I ReactNativeJS: [outputs] outputs.hapticSymbol {"timestamp":26507454.997178,"wallClock":1760225521276,"enabled":true,"symbol":".","durationMs":120,"platform":"android","source":"console.replay","correlationId":"console-replay:mgmwtsor68va2nz3","timelineOffsetMs":null}
10-11 19:32:01.278 12221 16384 I ReactNativeJS: [outputs] outputs.flashPulse {"timestamp":26507456.454521,"wallClock":1760225521277,"enabled":true,"durationMs":120,"source":"console.replay","correlationId":"console-replay:mgmwtsor68va2nz3","timelineOffsetMs":18.984250999987125,"schedulingMode":"timeline","audioStartHeadroomMs":-69.3347089998424,"audioStartGuard":"headroom","audioStartCompensationMs":69.3347089998424}
10-11 19:32:01.350 12221 16384 I ReactNativeJS: [outputs] outputs.flashPulse.commit {"timestamp":26507528.57223,"wallClock":1760225521349,"durationMs":120,"source":"console.replay","correlationId":"console-replay:mgmwtsor68va2nz3","latencyMs":75.90234300121665,"timelineOffsetMs":18.984250999987125,"leadMs":8,"scheduleSkewMs":72.1320829987526,"schedulingMode":"timeline","audioStartHeadroomMs":-69.3347089998424,"audioStartGuard":"headroom","audioStartCompensationMs":69.3347089998424}
10-11 19:32:01.375 12221 16714 D OutputsAudio: [outputs-audio] stop gain=1.000 release=6.00
10-11 19:32:01.496 12221 16714 D OutputsAudio: [outputs-audio] start hz=650.0 gain=1.000 attack=2.50 release=6.00
10-11 19:32:01.496 12221 16714 D OutputsAudio: [outputs-audio] playMorse.symbol.start sequence=27 symbol=. expected=26507635.092 actual=26507675.302 skew=40.210 batchElapsed=9160.210
10-11 19:32:01.507 12221 16384 D OutputsAudio: [outputs-audio] symbol.info sequence=27 symbol=. timestamp=26507675.302 duration=120.000 expected=26507635.092 skew=40.210 age=10.892
10-11 19:32:01.509 12221 16384 I ReactNativeJS: [outputs] playMorse.symbol {"timestamp":26507686.459626,"wallClock":1760225521507,"symbol":".","durationMs":120,"index":26,"source":"console.replay","correlationId":"console-replay:loz1ez17","nativeTimestampMs":26507675.302,"nativeDurationMs":120,"nativeOffsetMs":11.06403199955821,"nativeSequence":27,"monotonicTimestampMs":26507675.302,"nativeExpectedTimestampMs":26507635.092,"nativeStartSkewMs":40.21,"nativeBatchElapsedMs":9160.21,"nativeExpectedSincePriorMs":240,"nativeSincePriorMs":241.626,"nativePatternStartMs":26498515.092,"nativeAgeMs":10.892}
10-11 19:32:01.509 12221 16384 I ReactNativeJS: [outputs] playMorse.symbol {"timestamp":26507687.715719,"wallClock":1760225521509,"symbol":".","durationMs":120,"index":26,"source":"console.replay","correlationId":"console-replay:mgmwtsv98t5dl43s","nativeTimestampMs":26507675.302,"nativeDurationMs":120,"nativeOffsetMs":11.06403199955821,"nativeSequence":27,"monotonicTimestampMs":26507675.302,"nativeExpectedTimestampMs":26507635.092,"nativeStartSkewMs":40.21,"nativeBatchElapsedMs":9160.21,"nativeExpectedSincePriorMs":240,"nativeSincePriorMs":241.626,"nativePatternStartMs":26498515.092,"nativeAgeMs":10.892}
10-11 19:32:01.510 12221 16384 I ReactNativeJS: [outputs] outputs.hapticSymbol {"timestamp":26507688.565615,"wallClock":1760225521509,"enabled":true,"symbol":".","durationMs":120,"platform":"android","source":"console.replay","correlationId":"console-replay:mgmwtsv98t5dl43s","timelineOffsetMs":null}
10-11 19:32:01.511 12221 16384 I ReactNativeJS: [outputs] outputs.flashPulse {"timestamp":26507689.690928,"wallClock":1760225521511,"enabled":true,"durationMs":120,"source":"console.replay","correlationId":"console-replay:mgmwtsv98t5dl43s","timelineOffsetMs":11.06403199955821,"schedulingMode":"timeline","audioStartHeadroomMs":-62.58340699970722,"audioStartGuard":"headroom","audioStartCompensationMs":62.58340699970722}
10-11 19:32:01.568 12221 16384 I ReactNativeJS: [outputs] outputs.flashPulse.commit {"timestamp":26507746.335198,"wallClock":1760225521567,"durationMs":120,"source":"console.replay","correlationId":"console-replay:mgmwtsv98t5dl43s","latencyMs":59.95770800113678,"timelineOffsetMs":11.06403199955821,"leadMs":8,"scheduleSkewMs":56.646354001015425,"schedulingMode":"timeline","audioStartHeadroomMs":-62.58340699970722,"audioStartGuard":"headroom","audioStartCompensationMs":62.58340699970722}
10-11 19:32:01.617 12221 16714 D OutputsAudio: [outputs-audio] stop gain=1.000 release=6.00
10-11 19:32:01.617 12221 16714 D OutputsAudio: [outputs-audio] stop gain=1.000 release=6.00
10-11 19:32:01.617 12221 16714 D OutputsAudio: [outputs-audio] playMorse.end cancelled=0
10-11 19:32:01.628 12221 16384 I ReactNativeJS: [outputs] playMorse.error {"timestamp":26507805.998219,"wallClock":1760225521627,"message":"Property 'supportsNativeTimeline' doesn't exist","source":"console.replay","audioEnabled":true,"audioVolumePercent":100}
10-11 19:32:01.672 12221 16384 W ReactNativeJS: 'Manual playMorse failed', [ReferenceError: Property 'supportsNativeTimeline' doesn't exist]
10-11 19:32:04.077 12221 16384 I ReactNativeJS: [outputs] playMorse.start {"timestamp":26510254.158687,"wallClock":1760225524075,"unitMs":80,"length":29,"source":"console.replay","audioEnabled":true,"audioVolumePercent":100}
10-11 19:32:04.611 12221 16384 D OutputsAudio: [outputs-audio] warmup hz=650.0
10-11 19:32:04.611 12221 16816 D OutputsAudio: [outputs-audio] playMorse.start count=27 unit=80.0
10-11 19:32:04.611 12221 16816 D OutputsAudio: [outputs-audio] start hz=650.0 gain=1.000 attack=2.50 release=6.00
10-11 19:32:04.611 12221 16816 D OutputsAudio: [outputs-audio] playMorse.symbol.start sequence=1 symbol=. expected=26510789.923 actual=26510790.398 skew=0.476 batchElapsed=0.476
10-11 19:32:04.662 12221 16384 D OutputsAudio: [outputs-audio] symbol.info sequence=1 symbol=. timestamp=26510790.398 duration=80.000 expected=26510789.923 skew=0.476 age=51.119
10-11 19:32:04.664 12221 16384 I ReactNativeJS: [outputs] playMorse.symbol {"timestamp":26510841.741395,"wallClock":1760225524663,"symbol":".","durationMs":80,"index":0,"source":"console.replay","correlationId":"console-replay:wjk2helg","nativeTimestampMs":26510790.398,"nativeDurationMs":80,"nativeOffsetMs":51.25626000016928,"nativeSequence":1,"monotonicTimestampMs":26510790.398,"nativeExpectedTimestampMs":26510789.923,"nativeStartSkewMs":0.476,"nativeBatchElapsedMs":0.476,"nativeExpectedSincePriorMs":0,"nativeSincePriorMs":0,"nativePatternStartMs":26510789.923,"nativeAgeMs":51.119}
10-11 19:32:04.664 12221 16384 I ReactNativeJS: [outputs] playMorse.symbol {"timestamp":26510842.940406,"wallClock":1760225524664,"symbol":".","durationMs":80,"index":0,"source":"console.replay","correlationId":"console-replay:mgmwtvawqy182ani","nativeTimestampMs":26510790.398,"nativeDurationMs":80,"nativeOffsetMs":51.25626000016928,"nativeSequence":1,"monotonicTimestampMs":26510790.398,"nativeExpectedTimestampMs":26510789.923,"nativeStartSkewMs":0.476,"nativeBatchElapsedMs":0.476,"nativeExpectedSincePriorMs":0,"nativeSincePriorMs":0,"nativePatternStartMs":26510789.923,"nativeAgeMs":51.119}
10-11 19:32:04.665 12221 16384 I ReactNativeJS: [outputs] outputs.hapticSymbol {"timestamp":26510843.592333,"wallClock":1760225524665,"enabled":true,"symbol":".","durationMs":80,"platform":"android","source":"console.replay","correlationId":"console-replay:mgmwtvawqy182ani","timelineOffsetMs":null}
10-11 19:32:04.666 12221 16384 I ReactNativeJS: [outputs] outputs.flashPulse {"timestamp":26510844.989937,"wallClock":1760225524666,"enabled":true,"durationMs":80,"source":"console.replay","correlationId":"console-replay:mgmwtvawqy182ani","timelineOffsetMs":51.25626000016928,"schedulingMode":"timeline","audioStartHeadroomMs":-63.045061998069286,"audioStartGuard":"headroom","audioStartCompensationMs":63.045061998069286}
10-11 19:32:04.692 12221 16816 D OutputsAudio: [outputs-audio] stop gain=1.000 release=6.00
10-11 19:32:04.732 12221 16384 I ReactNativeJS: [outputs] outputs.flashPulse.commit {"timestamp":26510910.730249,"wallClock":1760225524732,"durationMs":80,"source":"console.replay","correlationId":"console-replay:mgmwtvawqy182ani","latencyMs":69.06567700207233,"timelineOffsetMs":51.25626000016928,"leadMs":8,"scheduleSkewMs":65.74906300008297,"schedulingMode":"timeline","audioStartHeadroomMs":-63.045061998069286,"audioStartGuard":"headroom","audioStartCompensationMs":63.045061998069286}
10-11 19:32:04.773 12221 16816 D OutputsAudio: [outputs-audio] start hz=650.0 gain=1.000 attack=2.50 release=6.00
10-11 19:32:04.773 12221 16816 D OutputsAudio: [outputs-audio] playMorse.symbol.start sequence=2 symbol=. expected=26510949.923 actual=26510951.784 skew=1.861 batchElapsed=161.861
10-11 19:32:04.783 12221 16384 D OutputsAudio: [outputs-audio] symbol.info sequence=2 symbol=. timestamp=26510951.784 duration=80.000 expected=26510949.923 skew=1.861 age=10.209
10-11 19:32:04.784 12221 16384 I ReactNativeJS: [outputs] playMorse.symbol {"timestamp":26510962.129885,"wallClock":1760225524783,"symbol":".","durationMs":80,"index":1,"source":"console.replay","correlationId":"console-replay:ecgko0ee","nativeTimestampMs":26510951.784,"nativeDurationMs":80,"nativeOffsetMs":10.295780997723341,"nativeSequence":2,"monotonicTimestampMs":26510951.784,"nativeExpectedTimestampMs":26510949.923,"nativeStartSkewMs":1.861,"nativeBatchElapsedMs":161.861,"nativeExpectedSincePriorMs":160,"nativeSincePriorMs":161.386,"nativePatternStartMs":26510789.923,"nativeAgeMs":10.209}
10-11 19:32:04.784 12221 16384 I ReactNativeJS: [outputs] playMorse.symbol {"timestamp":26510962.768062,"wallClock":1760225524784,"symbol":".","durationMs":80,"index":1,"source":"console.replay","correlationId":"console-replay:mgmwtve8tdzu4ear","nativeTimestampMs":26510951.784,"nativeDurationMs":80,"nativeOffsetMs":10.295780997723341,"nativeSequence":2,"monotonicTimestampMs":26510951.784,"nativeExpectedTimestampMs":26510949.923,"nativeStartSkewMs":1.861,"nativeBatchElapsedMs":161.861,"nativeExpectedSincePriorMs":160,"nativeSincePriorMs":161.386,"nativePatternStartMs":26510789.923,"nativeAgeMs":10.209}
10-11 19:32:04.784 12221 16384 I ReactNativeJS: [outputs] outputs.hapticSymbol {"timestamp":26510963.17801,"wallClock":1760225524784,"enabled":true,"symbol":".","durationMs":80,"platform":"android","source":"console.replay","correlationId":"console-replay:mgmwtve8tdzu4ear","timelineOffsetMs":null}
10-11 19:32:04.785 12221 16384 I ReactNativeJS: [outputs] outputs.flashPulse {"timestamp":26510963.965718,"wallClock":1760225524785,"enabled":true,"durationMs":80,"source":"console.replay","correlationId":"console-replay:mgmwtve8tdzu4ear","timelineOffsetMs":10.295780997723341,"schedulingMode":"timeline","audioStartHeadroomMs":-22.03235299885273,"audioStartGuard":"headroom","audioStartCompensationMs":22.03235299885273}
10-11 19:32:04.854 12221 16816 D OutputsAudio: [outputs-audio] stop gain=1.000 release=6.00
10-11 19:32:04.867 12221 16384 I ReactNativeJS: [outputs] outputs.flashPulse.commit {"timestamp":26511044.996812,"wallClock":1760225524866,"durationMs":80,"source":"console.replay","correlationId":"console-replay:mgmwtve8tdzu4ear","latencyMs":82.89864499866962,"timelineOffsetMs":10.295780997723341,"leadMs":8,"scheduleSkewMs":81.0211979970336,"schedulingMode":"timeline","audioStartHeadroomMs":-22.03235299885273,"audioStartGuard":"headroom","audioStartCompensationMs":22.03235299885273}
10-11 19:32:04.934 12221 16816 D OutputsAudio: [outputs-audio] start hz=650.0 gain=1.000 attack=2.50 release=6.00
10-11 19:32:04.934 12221 16816 D OutputsAudio: [outputs-audio] playMorse.symbol.start sequence=3 symbol=. expected=26511109.923 actual=26511113.263 skew=3.340 batchElapsed=323.340
10-11 19:32:04.946 12221 16384 D OutputsAudio: [outputs-audio] symbol.info sequence=3 symbol=. timestamp=26511113.263 duration=80.000 expected=26511109.923 skew=3.340 age=11.318
10-11 19:32:04.947 12221 16384 I ReactNativeJS: [outputs] playMorse.symbol {"timestamp":26511124.828791,"wallClock":1760225524946,"symbol":".","durationMs":80,"index":2,"source":"console.replay","correlationId":"console-replay:d57hf9hl","nativeTimestampMs":26511113.263,"nativeDurationMs":80,"nativeOffsetMs":11.47052999958396,"nativeSequence":3,"monotonicTimestampMs":26511113.263,"nativeExpectedTimestampMs":26511109.923,"nativeStartSkewMs":3.34,"nativeBatchElapsedMs":323.34,"nativeExpectedSincePriorMs":160,"nativeSincePriorMs":161.479,"nativePatternStartMs":26510789.923,"nativeAgeMs":11.318}
10-11 19:32:04.948 12221 16384 I ReactNativeJS: [outputs] playMorse.symbol {"timestamp":26511126.15103,"wallClock":1760225524947,"symbol":".","durationMs":80,"index":2,"source":"console.replay","correlationId":"console-replay:mgmwtvirq2c9mym3","nativeTimestampMs":26511113.263,"nativeDurationMs":80,"nativeOffsetMs":11.47052999958396,"nativeSequence":3,"monotonicTimestampMs":26511113.263,"nativeExpectedTimestampMs":26511109.923,"nativeStartSkewMs":3.34,"nativeBatchElapsedMs":323.34,"nativeExpectedSincePriorMs":160,"nativeSincePriorMs":161.479,"nativePatternStartMs":26510789.923,"nativeAgeMs":11.318}
10-11 19:32:04.949 12221 16384 I ReactNativeJS: [outputs] outputs.hapticSymbol {"timestamp":26511127.084728,"wallClock":1760225524948,"enabled":true,"symbol":".","durationMs":80,"platform":"android","source":"console.replay","correlationId":"console-replay:mgmwtvirq2c9mym3","timelineOffsetMs":null}
10-11 19:32:04.950 12221 16384 I ReactNativeJS: [outputs] outputs.flashPulse {"timestamp":26511128.538426,"wallClock":1760225524949,"enabled":true,"durationMs":80,"source":"console.replay","correlationId":"console-replay:mgmwtvirq2c9mym3","timelineOffsetMs":11.47052999958396,"schedulingMode":"timeline","audioStartHeadroomMs":-26.596937000751495,"audioStartGuard":"headroom","audioStartCompensationMs":26.596937000751495}
10-11 19:32:05.007 12221 16384 I ReactNativeJS: [outputs] outputs.flashPulse.commit {"timestamp":26511186.006447,"wallClock":1760225525007,"durationMs":80,"source":"console.replay","correlationId":"console-replay:mgmwtvirq2c9mym3","latencyMs":61.26369800046086,"timelineOffsetMs":11.47052999958396,"leadMs":8,"scheduleSkewMs":57.47463500127196,"schedulingMode":"timeline","audioStartHeadroomMs":-26.596937000751495,"audioStartGuard":"headroom","audioStartCompensationMs":26.596937000751495}
10-11 19:32:05.014 12221 16816 D OutputsAudio: [outputs-audio] stop gain=1.000 release=6.00
10-11 19:32:05.095 12221 16816 D OutputsAudio: [outputs-audio] start hz=650.0 gain=1.000 attack=2.50 release=6.00
10-11 19:32:05.095 12221 16816 D OutputsAudio: [outputs-audio] playMorse.symbol.start sequence=4 symbol=- expected=26511269.923 actual=26511274.065 skew=4.142 batchElapsed=484.142
10-11 19:32:05.101 12221 16384 D OutputsAudio: [outputs-audio] symbol.info sequence=4 symbol=- timestamp=26511274.065 duration=240.000 expected=26511269.923 skew=4.142 age=6.441
10-11 19:32:05.103 12221 16384 I ReactNativeJS: [outputs] playMorse.symbol {"timestamp":26511280.760666,"wallClock":1760225525102,"symbol":"-","durationMs":240,"index":3,"source":"console.replay","correlationId":"console-replay:r4chii8p","nativeTimestampMs":26511274.065,"nativeDurationMs":240,"nativeOffsetMs":6.60139499977231,"nativeSequence":4,"monotonicTimestampMs":26511274.065,"nativeExpectedTimestampMs":26511269.923,"nativeStartSkewMs":4.142,"nativeBatchElapsedMs":484.142,"nativeExpectedSincePriorMs":160,"nativeSincePriorMs":160.802,"nativePatternStartMs":26510789.923,"nativeAgeMs":6.441}
10-11 19:32:05.104 12221 16384 I ReactNativeJS: [outputs] playMorse.symbol {"timestamp":26511282.095822,"wallClock":1760225525103,"symbol":"-","durationMs":240,"index":3,"source":"console.replay","correlationId":"console-replay:mgmwtvn3p5pwx5lp","nativeTimestampMs":26511274.065,"nativeDurationMs":240,"nativeOffsetMs":6.60139499977231,"nativeSequence":4,"monotonicTimestampMs":26511274.065,"nativeExpectedTimestampMs":26511269.923,"nativeStartSkewMs":4.142,"nativeBatchElapsedMs":484.142,"nativeExpectedSincePriorMs":160,"nativeSincePriorMs":160.802,"nativePatternStartMs":26510789.923,"nativeAgeMs":6.441}
10-11 19:32:05.105 12221 16384 I ReactNativeJS: [outputs] outputs.hapticSymbol {"timestamp":26511283.050197,"wallClock":1760225525104,"enabled":true,"symbol":"-","durationMs":240,"platform":"android","source":"console.replay","correlationId":"console-replay:mgmwtvn3p5pwx5lp","timelineOffsetMs":null}
10-11 19:32:05.106 12221 16384 I ReactNativeJS: [outputs] outputs.flashPulse {"timestamp":26511284.784885,"wallClock":1760225525106,"enabled":true,"durationMs":240,"source":"console.replay","correlationId":"console-replay:mgmwtvn3p5pwx5lp","timelineOffsetMs":6.60139499977231,"schedulingMode":"timeline","audioStartHeadroomMs":-22.84469699859619,"audioStartGuard":"headroom","audioStartCompensationMs":22.84469699859619}
10-11 19:32:05.187 12221 16384 I ReactNativeJS: [outputs] outputs.flashPulse.commit {"timestamp":26511361.997176,"wallClock":1760225525183,"durationMs":240,"source":"console.replay","correlationId":"console-replay:mgmwtvn3p5pwx5lp","latencyMs":81.31973999738693,"timelineOffsetMs":6.60139499977231,"leadMs":8,"scheduleSkewMs":77.21609399840236,"schedulingMode":"timeline","audioStartHeadroomMs":-22.84469699859619,"audioStartGuard":"headroom","audioStartCompensationMs":22.84469699859619}
10-11 19:32:05.336 12221 16816 D OutputsAudio: [outputs-audio] stop gain=1.000 release=6.00
10-11 19:32:05.417 12221 16816 D OutputsAudio: [outputs-audio] start hz=650.0 gain=1.000 attack=2.50 release=6.00
10-11 19:32:05.417 12221 16816 D OutputsAudio: [outputs-audio] playMorse.symbol.start sequence=5 symbol=- expected=26511589.923 actual=26511595.939 skew=6.017 batchElapsed=806.017
10-11 19:32:05.424 12221 16384 D OutputsAudio: [outputs-audio] symbol.info sequence=5 symbol=- timestamp=26511595.939 duration=240.000 expected=26511589.923 skew=6.017 age=6.887
10-11 19:32:05.425 12221 16384 I ReactNativeJS: [outputs] playMorse.symbol {"timestamp":26511603.105457,"wallClock":1760225525424,"symbol":"-","durationMs":240,"index":4,"source":"console.replay","correlationId":"console-replay:7s1cnznn","nativeTimestampMs":26511595.939,"nativeDurationMs":240,"nativeOffsetMs":7.052239000797272,"nativeSequence":5,"monotonicTimestampMs":26511595.939,"nativeExpectedTimestampMs":26511589.923,"nativeStartSkewMs":6.017,"nativeBatchElapsedMs":806.017,"nativeExpectedSincePriorMs":320,"nativeSincePriorMs":321.875,"nativePatternStartMs":26510789.923,"nativeAgeMs":6.887}
10-11 19:32:05.427 12221 16384 I ReactNativeJS: [outputs] playMorse.symbol {"timestamp":26511604.657228,"wallClock":1760225525426,"symbol":"-","durationMs":240,"index":4,"source":"console.replay","correlationId":"console-replay:mgmwtvw2lvvq999h","nativeTimestampMs":26511595.939,"nativeDurationMs":240,"nativeOffsetMs":7.052239000797272,"nativeSequence":5,"monotonicTimestampMs":26511595.939,"nativeExpectedTimestampMs":26511589.923,"nativeStartSkewMs":6.017,"nativeBatchElapsedMs":806.017,"nativeExpectedSincePriorMs":320,"nativeSincePriorMs":321.875,"nativePatternStartMs":26510789.923,"nativeAgeMs":6.887}
10-11 19:32:05.428 12221 16384 I ReactNativeJS: [outputs] outputs.hapticSymbol {"timestamp":26511606.018947,"wallClock":1760225525427,"enabled":true,"symbol":"-","durationMs":240,"platform":"android","source":"console.replay","correlationId":"console-replay:mgmwtvw2lvvq999h","timelineOffsetMs":null}
10-11 19:32:05.430 12221 16384 I ReactNativeJS: [outputs] outputs.flashPulse {"timestamp":26511608.777905,"wallClock":1760225525430,"enabled":true,"durationMs":240,"source":"console.replay","correlationId":"console-replay:mgmwtvw2lvvq999h","timelineOffsetMs":7.052239000797272,"schedulingMode":"timeline","audioStartHeadroomMs":-26.837873999029398,"audioStartGuard":"headroom","audioStartCompensationMs":26.837873999029398}
10-11 19:32:05.499 12221 16384 I ReactNativeJS: [outputs] outputs.flashPulse.commit {"timestamp":26511677.951499,"wallClock":1760225525499,"durationMs":240,"source":"console.replay","correlationId":"console-replay:mgmwtvw2lvvq999h","latencyMs":74.95067699998617,"timelineOffsetMs":7.052239000797272,"leadMs":8,"scheduleSkewMs":69.17859400063753,"schedulingMode":"timeline","audioStartHeadroomMs":-26.837873999029398,"audioStartGuard":"headroom","audioStartCompensationMs":26.837873999029398}
10-11 19:32:05.658 12221 16816 D OutputsAudio: [outputs-audio] stop gain=1.000 release=6.00
10-11 19:32:05.738 12221 16816 D OutputsAudio: [outputs-audio] start hz=650.0 gain=1.000 attack=2.50 release=6.00
10-11 19:32:05.739 12221 16816 D OutputsAudio: [outputs-audio] playMorse.symbol.start sequence=6 symbol=- expected=26511909.923 actual=26511917.654 skew=7.732 batchElapsed=1127.732
10-11 19:32:05.740 12221 16384 D OutputsAudio: [outputs-audio] symbol.info sequence=6 symbol=- timestamp=26511917.654 duration=240.000 expected=26511909.923 skew=7.732 age=1.585
10-11 19:32:05.744 12221 16384 I ReactNativeJS: [outputs] playMorse.symbol {"timestamp":26511919.545978,"wallClock":1760225525740,"symbol":"-","durationMs":240,"index":5,"source":"console.replay","correlationId":"console-replay:sz8iew0e","nativeTimestampMs":26511917.654,"nativeDurationMs":240,"nativeOffsetMs":1.774582002311945,"nativeSequence":6,"monotonicTimestampMs":26511917.654,"nativeExpectedTimestampMs":26511909.923,"nativeStartSkewMs":7.732,"nativeBatchElapsedMs":1127.732,"nativeExpectedSincePriorMs":320,"nativeSincePriorMs":321.715,"nativePatternStartMs":26510789.923,"nativeAgeMs":1.585}
10-11 19:32:05.746 12221 16384 I ReactNativeJS: [outputs] playMorse.symbol {"timestamp":26511923.082489,"wallClock":1760225525744,"symbol":"-","durationMs":240,"index":5,"source":"console.replay","correlationId":"console-replay:mgmwtw4wjthl9sra","nativeTimestampMs":26511917.654,"nativeDurationMs":240,"nativeOffsetMs":1.774582002311945,"nativeSequence":6,"monotonicTimestampMs":26511917.654,"nativeExpectedTimestampMs":26511909.923,"nativeStartSkewMs":7.732,"nativeBatchElapsedMs":1127.732,"nativeExpectedSincePriorMs":320,"nativeSincePriorMs":321.715,"nativePatternStartMs":26510789.923,"nativeAgeMs":1.585}
10-11 19:32:05.747 12221 16384 I ReactNativeJS: [outputs] outputs.hapticSymbol {"timestamp":26511925.003686,"wallClock":1760225525746,"enabled":true,"symbol":"-","durationMs":240,"platform":"android","source":"console.replay","correlationId":"console-replay:mgmwtw4wjthl9sra","timelineOffsetMs":null}
