--------- beginning of main
10-11 20:48:45.196 12221   678 I ReactNativeJS: [outputs] playMorse.start {"timestamp":31111373.524119,"wallClock":1760230125194,"unitMs":120,"length":29,"source":"console.replay","audioEnabled":true,"audioVolumePercent":100}
10-11 20:48:46.029 12221   678 D OutputsAudio: [outputs-audio] warmup hz=650.0
10-11 20:48:46.032 12221  1097 D OutputsAudio: [outputs-audio] playMorse.start count=27 unit=120.0
10-11 20:48:46.032 12221  1097 D OutputsAudio: [outputs-audio] start hz=650.0 gain=1.000 attack=2.50 release=6.00
10-11 20:48:46.032 12221  1097 D OutputsAudio: [outputs-audio] playMorse.symbol.start sequence=1 symbol=. expected=31112208.578 actual=31112211.376 skew=2.797 batchElapsed=2.797
10-11 20:48:46.042 12221   678 D OutputsAudio: [outputs-audio] symbol.info sequence=1 symbol=. timestamp=31112211.376 duration=120.000 expected=31112208.578 skew=2.797 age=9.279
10-11 20:48:46.044 12221   678 I ReactNativeJS: [outputs] playMorse.symbol {"timestamp":31112221.574432,"wallClock":1760230126042,"symbol":".","durationMs":120,"index":0,"source":"console.replay","correlationId":"console-replay:hlqa1e8b","nativeTimestampMs":31112211.376,"nativeDurationMs":120,"nativeOffsetMs":9.723067000508308,"nativeSequence":1,"monotonicTimestampMs":31112211.376,"nativeExpectedTimestampMs":31112208.578,"nativeStartSkewMs":2.797,"nativeBatchElapsedMs":2.797,"nativeExpectedSincePriorMs":0,"nativeSincePriorMs":0,"nativePatternStartMs":31112208.578,"nativeAgeMs":9.279}
10-11 20:48:46.046 12221   678 I ReactNativeJS: [outputs] playMorse.symbol {"timestamp":31112223.581359,"wallClock":1760230126044,"symbol":".","durationMs":120,"index":0,"source":"console.replay","correlationId":"console-replay:mgmzkhr0rxtos97j","nativeTimestampMs":31112211.376,"nativeDurationMs":120,"nativeOffsetMs":9.723067000508308,"nativeSequence":1,"monotonicTimestampMs":31112211.376,"nativeExpectedTimestampMs":31112208.578,"nativeStartSkewMs":2.797,"nativeBatchElapsedMs":2.797,"nativeExpectedSincePriorMs":0,"nativeSincePriorMs":0,"nativePatternStartMs":31112208.578,"nativeAgeMs":9.279}
10-11 20:48:46.050 12221   678 I ReactNativeJS: [outputs] outputs.hapticSymbol {"timestamp":31112228.195994,"wallClock":1760230126049,"enabled":true,"symbol":".","durationMs":120,"platform":"android","source":"console.replay","correlationId":"console-replay:mgmzkhr0rxtos97j","timelineOffsetMs":null}
10-11 20:48:46.059 12221   678 I ReactNativeJS: [outputs] outputs.flashPulse {"timestamp":31112237.151827,"wallClock":1760230126058,"enabled":true,"durationMs":120,"source":"console.replay","correlationId":"console-replay:mgmzkhr0rxtos97j","timelineOffsetMs":9.723067000508308,"schedulingMode":"timeline","audioStartHeadroomMs":-36.547264996916056,"audioStartGuard":"headroom","audioStartCompensationMs":36.547264996916056}
10-11 20:48:46.069 12221   678 I ReactNativeJS: [outputs] outputs.flashPulse.commit {"timestamp":31112247.165994,"wallClock":1760230126068,"durationMs":120,"source":"console.replay","correlationId":"console-replay:mgmzkhr0rxtos97j","latencyMs":26.040208000689745,"timelineOffsetMs":9.723067000508308,"leadMs":8,"scheduleSkewMs":10.009323000907898,"schedulingMode":"timeline","audioStartHeadroomMs":-36.547264996916056,"audioStartGuard":"headroom","audioStartCompensationMs":36.547264996916056}
10-11 20:48:46.153 12221  1097 D OutputsAudio: [outputs-audio] stop gain=1.000 release=6.00
10-11 20:48:46.274 12221  1097 D OutputsAudio: [outputs-audio] start hz=650.0 gain=1.000 attack=2.50 release=6.00
10-11 20:48:46.274 12221  1097 D OutputsAudio: [outputs-audio] playMorse.symbol.start sequence=2 symbol=. expected=31112448.578 actual=31112453.296 skew=4.717 batchElapsed=244.717
10-11 20:48:46.282 12221   678 D OutputsAudio: [outputs-audio] symbol.info sequence=2 symbol=. timestamp=31112453.296 duration=120.000 expected=31112448.578 skew=4.717 age=7.537
10-11 20:48:46.283 12221   678 I ReactNativeJS: [outputs] playMorse.symbol {"timestamp":31112460.990213,"wallClock":1760230126282,"symbol":".","durationMs":120,"index":1,"source":"console.replay","correlationId":"console-replay:n32ci6uo","nativeTimestampMs":31112453.296,"nativeDurationMs":120,"nativeOffsetMs":7.627911001443863,"nativeSequence":2,"monotonicTimestampMs":31112453.296,"nativeExpectedTimestampMs":31112448.578,"nativeStartSkewMs":4.717,"nativeBatchElapsedMs":244.717,"nativeExpectedSincePriorMs":240,"nativeSincePriorMs":241.92,"nativePatternStartMs":31112208.578,"nativeAgeMs":7.537}
10-11 20:48:46.284 12221   678 I ReactNativeJS: [outputs] playMorse.symbol {"timestamp":31112461.909067,"wallClock":1760230126283,"symbol":".","durationMs":120,"index":1,"source":"console.replay","correlationId":"console-replay:mgmzkhxnpnl6ttax","nativeTimestampMs":31112453.296,"nativeDurationMs":120,"nativeOffsetMs":7.627911001443863,"nativeSequence":2,"monotonicTimestampMs":31112453.296,"nativeExpectedTimestampMs":31112448.578,"nativeStartSkewMs":4.717,"nativeBatchElapsedMs":244.717,"nativeExpectedSincePriorMs":240,"nativeSincePriorMs":241.92,"nativePatternStartMs":31112208.578,"nativeAgeMs":7.537}
10-11 20:48:46.285 12221   678 I ReactNativeJS: [outputs] outputs.hapticSymbol {"timestamp":31112463.002556,"wallClock":1760230126284,"enabled":true,"symbol":".","durationMs":120,"platform":"android","source":"console.replay","correlationId":"console-replay:mgmzkhxnpnl6ttax","timelineOffsetMs":null}
10-11 20:48:46.286 12221   678 I ReactNativeJS: [outputs] outputs.flashPulse {"timestamp":31112463.986984,"wallClock":1760230126285,"enabled":true,"durationMs":120,"source":"console.replay","correlationId":"console-replay:mgmzkhxnpnl6ttax","timelineOffsetMs":7.627911001443863,"schedulingMode":"timeline","audioStartHeadroomMs":-23.394660998135805,"audioStartGuard":"headroom","audioStartCompensationMs":23.394660998135805}
10-11 20:48:46.366 12221   678 I ReactNativeJS: [outputs] outputs.flashPulse.commit {"timestamp":31112544.388338,"wallClock":1760230126365,"durationMs":120,"source":"console.replay","correlationId":"console-replay:mgmzkhxnpnl6ttax","latencyMs":83.45525999739766,"timelineOffsetMs":7.627911001443863,"leadMs":8,"scheduleSkewMs":80.40380199998617,"schedulingMode":"timeline","audioStartHeadroomMs":-23.394660998135805,"audioStartGuard":"headroom","audioStartCompensationMs":23.394660998135805}
10-11 20:48:46.394 12221  1097 D OutputsAudio: [outputs-audio] stop gain=1.000 release=6.00
10-11 20:48:46.516 12221  1097 D OutputsAudio: [outputs-audio] start hz=650.0 gain=1.000 attack=2.50 release=6.00
10-11 20:48:46.516 12221  1097 D OutputsAudio: [outputs-audio] playMorse.symbol.start sequence=3 symbol=. expected=31112688.578 actual=31112694.679 skew=6.101 batchElapsed=486.101
10-11 20:48:46.537 12221   678 D OutputsAudio: [outputs-audio] symbol.info sequence=3 symbol=. timestamp=31112694.679 duration=120.000 expected=31112688.578 skew=6.101 age=21.694
10-11 20:48:46.539 12221   678 I ReactNativeJS: [outputs] playMorse.symbol {"timestamp":31112716.672713,"wallClock":1760230126538,"symbol":".","durationMs":120,"index":2,"source":"console.replay","correlationId":"console-replay:9fxjugzr","nativeTimestampMs":31112694.679,"nativeDurationMs":120,"nativeOffsetMs":21.87246299907565,"nativeSequence":3,"monotonicTimestampMs":31112694.679,"nativeExpectedTimestampMs":31112688.578,"nativeStartSkewMs":6.101,"nativeBatchElapsedMs":486.101,"nativeExpectedSincePriorMs":240,"nativeSincePriorMs":241.383,"nativePatternStartMs":31112208.578,"nativeAgeMs":21.694}
10-11 20:48:46.540 12221   678 I ReactNativeJS: [outputs] playMorse.symbol {"timestamp":31112718.347921,"wallClock":1760230126539,"symbol":".","durationMs":120,"index":2,"source":"console.replay","correlationId":"console-replay:mgmzki4r8e82gzqk","nativeTimestampMs":31112694.679,"nativeDurationMs":120,"nativeOffsetMs":21.87246299907565,"nativeSequence":3,"monotonicTimestampMs":31112694.679,"nativeExpectedTimestampMs":31112688.578,"nativeStartSkewMs":6.101,"nativeBatchElapsedMs":486.101,"nativeExpectedSincePriorMs":240,"nativeSincePriorMs":241.383,"nativePatternStartMs":31112208.578,"nativeAgeMs":21.694}
10-11 20:48:46.541 12221   678 I ReactNativeJS: [outputs] outputs.hapticSymbol {"timestamp":31112719.255942,"wallClock":1760230126540,"enabled":true,"symbol":".","durationMs":120,"platform":"android","source":"console.replay","correlationId":"console-replay:mgmzki4r8e82gzqk","timelineOffsetMs":null}
10-11 20:48:46.542 12221   678 I ReactNativeJS: [outputs] outputs.flashPulse {"timestamp":31112720.616046,"wallClock":1760230126542,"enabled":true,"durationMs":120,"source":"console.replay","correlationId":"console-replay:mgmzki4r8e82gzqk","timelineOffsetMs":21.87246299907565,"schedulingMode":"timeline","audioStartHeadroomMs":-40.02580599859357,"audioStartGuard":"headroom","audioStartCompensationMs":40.02580599859357}
10-11 20:48:46.611 12221   678 I ReactNativeJS: [outputs] outputs.flashPulse.commit {"timestamp":31112789.795421,"wallClock":1760230126611,"durationMs":120,"source":"console.replay","correlationId":"console-replay:mgmzki4r8e82gzqk","latencyMs":73.23551999777555,"timelineOffsetMs":21.87246299907565,"leadMs":8,"scheduleSkewMs":69.18093699961901,"schedulingMode":"timeline","audioStartHeadroomMs":-40.02580599859357,"audioStartGuard":"headroom","audioStartCompensationMs":40.02580599859357}
10-11 20:48:46.636 12221  1097 D OutputsAudio: [outputs-audio] stop gain=1.000 release=6.00
10-11 20:48:46.757 12221  1097 D OutputsAudio: [outputs-audio] start hz=650.0 gain=1.000 attack=2.50 release=6.00
10-11 20:48:46.757 12221  1097 D OutputsAudio: [outputs-audio] playMorse.symbol.start sequence=4 symbol=- expected=31112928.578 actual=31112936.355 skew=7.776 batchElapsed=727.776
10-11 20:48:46.773 12221   678 D OutputsAudio: [outputs-audio] symbol.info sequence=4 symbol=- timestamp=31112936.355 duration=360.000 expected=31112928.578 skew=7.776 age=15.580
10-11 20:48:46.775 12221   678 I ReactNativeJS: [outputs] playMorse.symbol {"timestamp":31112952.310838,"wallClock":1760230126773,"symbol":"-","durationMs":360,"index":3,"source":"console.replay","correlationId":"console-replay:vhiplefz","nativeTimestampMs":31112936.355,"nativeDurationMs":360,"nativeOffsetMs":15.817451998591423,"nativeSequence":4,"monotonicTimestampMs":31112936.355,"nativeExpectedTimestampMs":31112928.578,"nativeStartSkewMs":7.776,"nativeBatchElapsedMs":727.776,"nativeExpectedSincePriorMs":240,"nativeSincePriorMs":241.676,"nativePatternStartMs":31112208.578,"nativeAgeMs":15.58}
10-11 20:48:46.777 12221   678 I ReactNativeJS: [outputs] playMorse.symbol {"timestamp":31112954.307348,"wallClock":1760230126775,"symbol":"-","durationMs":360,"index":3,"source":"console.replay","correlationId":"console-replay:mgmzkibbl67f033b","nativeTimestampMs":31112936.355,"nativeDurationMs":360,"nativeOffsetMs":15.817451998591423,"nativeSequence":4,"monotonicTimestampMs":31112936.355,"nativeExpectedTimestampMs":31112928.578,"nativeStartSkewMs":7.776,"nativeBatchElapsedMs":727.776,"nativeExpectedSincePriorMs":240,"nativeSincePriorMs":241.676,"nativePatternStartMs":31112208.578,"nativeAgeMs":15.58}
10-11 20:48:46.778 12221   678 I ReactNativeJS: [outputs] outputs.hapticSymbol {"timestamp":31112955.929535,"wallClock":1760230126777,"enabled":true,"symbol":"-","durationMs":360,"platform":"android","source":"console.replay","correlationId":"console-replay:mgmzkibbl67f033b","timelineOffsetMs":null}
10-11 20:48:46.780 12221   678 I ReactNativeJS: [outputs] outputs.flashPulse {"timestamp":31112958.107348,"wallClock":1760230126779,"enabled":true,"durationMs":360,"source":"console.replay","correlationId":"console-replay:mgmzkibbl67f033b","timelineOffsetMs":15.817451998591423,"schedulingMode":"timeline","audioStartHeadroomMs":-37.50710799917579,"audioStartGuard":"headroom","audioStartCompensationMs":37.50710799917579}
10-11 20:48:46.855 12221   678 I ReactNativeJS: [outputs] outputs.flashPulse.commit {"timestamp":31113033.949431,"wallClock":1760230126855,"durationMs":360,"source":"console.replay","correlationId":"console-replay:mgmzkibbl67f033b","latencyMs":81.76843800023198,"timelineOffsetMs":15.817451998591423,"leadMs":8,"scheduleSkewMs":75.85166699811816,"schedulingMode":"timeline","audioStartHeadroomMs":-37.50710799917579,"audioStartGuard":"headroom","audioStartCompensationMs":37.50710799917579}
10-11 20:48:47.118 12221  1097 D OutputsAudio: [outputs-audio] stop gain=1.000 release=6.00
10-11 20:48:47.239 12221  1097 D OutputsAudio: [outputs-audio] start hz=650.0 gain=1.000 attack=2.50 release=6.00
10-11 20:48:47.239 12221  1097 D OutputsAudio: [outputs-audio] playMorse.symbol.start sequence=5 symbol=- expected=31113408.578 actual=31113418.337 skew=9.759 batchElapsed=1209.759
10-11 20:48:47.248 12221   678 D OutputsAudio: [outputs-audio] symbol.info sequence=5 symbol=- timestamp=31113418.337 duration=360.000 expected=31113408.578 skew=9.759 age=8.317
10-11 20:48:47.249 12221   678 I ReactNativeJS: [outputs] playMorse.symbol {"timestamp":31113426.893389,"wallClock":1760230127248,"symbol":"-","durationMs":360,"index":4,"source":"console.replay","correlationId":"console-replay:lj09j89s","nativeTimestampMs":31113418.337,"nativeDurationMs":360,"nativeOffsetMs":8.456545997411013,"nativeSequence":5,"monotonicTimestampMs":31113418.337,"nativeExpectedTimestampMs":31113408.578,"nativeStartSkewMs":9.759,"nativeBatchElapsedMs":1209.759,"nativeExpectedSincePriorMs":480,"nativeSincePriorMs":481.982,"nativePatternStartMs":31112208.578,"nativeAgeMs":8.317}
10-11 20:48:47.250 12221   678 I ReactNativeJS: [outputs] playMorse.symbol {"timestamp":31113428.158129,"wallClock":1760230127249,"symbol":"-","durationMs":360,"index":4,"source":"console.replay","correlationId":"console-replay:mgmzkiohaiyohfst","nativeTimestampMs":31113418.337,"nativeDurationMs":360,"nativeOffsetMs":8.456545997411013,"nativeSequence":5,"monotonicTimestampMs":31113418.337,"nativeExpectedTimestampMs":31113408.578,"nativeStartSkewMs":9.759,"nativeBatchElapsedMs":1209.759,"nativeExpectedSincePriorMs":480,"nativeSincePriorMs":481.982,"nativePatternStartMs":31112208.578,"nativeAgeMs":8.317}
10-11 20:48:47.251 12221   678 I ReactNativeJS: [outputs] outputs.hapticSymbol {"timestamp":31113429.014587,"wallClock":1760230127250,"enabled":true,"symbol":"-","durationMs":360,"platform":"android","source":"console.replay","correlationId":"console-replay:mgmzkiohaiyohfst","timelineOffsetMs":null}
10-11 20:48:47.252 12221   678 I ReactNativeJS: [outputs] outputs.flashPulse {"timestamp":31113430.130629,"wallClock":1760230127251,"enabled":true,"durationMs":360,"source":"console.replay","correlationId":"console-replay:mgmzkiohaiyohfst","timelineOffsetMs":8.456545997411013,"schedulingMode":"timeline","audioStartHeadroomMs":-29.537993997335434,"audioStartGuard":"headroom","audioStartCompensationMs":29.537993997335434}
10-11 20:48:47.330 12221   678 I ReactNativeJS: [outputs] outputs.flashPulse.commit {"timestamp":31113508.748806,"wallClock":1760230127330,"durationMs":360,"source":"console.replay","correlationId":"console-replay:mgmzkiohaiyohfst","latencyMs":81.94723900035024,"timelineOffsetMs":8.456545997411013,"leadMs":8,"scheduleSkewMs":78.62239599972963,"schedulingMode":"timeline","audioStartHeadroomMs":-29.537993997335434,"audioStartGuard":"headroom","audioStartCompensationMs":29.537993997335434}
10-11 20:48:47.600 12221  1097 D OutputsAudio: [outputs-audio] stop gain=1.000 release=6.00
10-11 20:48:47.721 12221  1097 D OutputsAudio: [outputs-audio] start hz=650.0 gain=1.000 attack=2.50 release=6.00
10-11 20:48:47.721 12221  1097 D OutputsAudio: [outputs-audio] playMorse.symbol.start sequence=6 symbol=- expected=31113888.578 actual=31113899.993 skew=11.415 batchElapsed=1691.415
10-11 20:48:47.737 12221   678 D OutputsAudio: [outputs-audio] symbol.info sequence=6 symbol=- timestamp=31113899.993 duration=360.000 expected=31113888.578 skew=11.415 age=15.619
10-11 20:48:47.738 12221   678 I ReactNativeJS: [outputs] playMorse.symbol {"timestamp":31113915.939743,"wallClock":1760230127737,"symbol":"-","durationMs":360,"index":5,"source":"console.replay","correlationId":"console-replay:pr7361zr","nativeTimestampMs":31113899.993,"nativeDurationMs":360,"nativeOffsetMs":15.812628999352455,"nativeSequence":6,"monotonicTimestampMs":31113899.993,"nativeExpectedTimestampMs":31113888.578,"nativeStartSkewMs":11.415,"nativeBatchElapsedMs":1691.415,"nativeExpectedSincePriorMs":480,"nativeSincePriorMs":481.656,"nativePatternStartMs":31112208.578,"nativeAgeMs":15.619}
10-11 20:48:47.740 12221   678 I ReactNativeJS: [outputs] playMorse.symbol {"timestamp":31113917.655681,"wallClock":1760230127739,"symbol":"-","durationMs":360,"index":5,"source":"console.replay","correlationId":"console-replay:mgmzkj23mg3elc99","nativeTimestampMs":31113899.993,"nativeDurationMs":360,"nativeOffsetMs":15.812628999352455,"nativeSequence":6,"monotonicTimestampMs":31113899.993,"nativeExpectedTimestampMs":31113888.578,"nativeStartSkewMs":11.415,"nativeBatchElapsedMs":1691.415,"nativeExpectedSincePriorMs":480,"nativeSincePriorMs":481.656,"nativePatternStartMs":31112208.578,"nativeAgeMs":15.619}
10-11 20:48:47.741 12221   678 I ReactNativeJS: [outputs] outputs.hapticSymbol {"timestamp":31113919.012816,"wallClock":1760230127740,"enabled":true,"symbol":"-","durationMs":360,"platform":"android","source":"console.replay","correlationId":"console-replay:mgmzkj23mg3elc99","timelineOffsetMs":null}
10-11 20:48:47.742 12221   678 I ReactNativeJS: [outputs] outputs.flashPulse {"timestamp":31113920.616098,"wallClock":1760230127742,"enabled":true,"durationMs":360,"source":"console.replay","correlationId":"console-replay:mgmzkj23mg3elc99","timelineOffsetMs":15.812628999352455,"schedulingMode":"timeline","audioStartHeadroomMs":-40.02268099784851,"audioStartGuard":"headroom","audioStartCompensationMs":40.02268099784851}
10-11 20:48:47.822 12221   678 I ReactNativeJS: [outputs] outputs.flashPulse.commit {"timestamp":31114000.863025,"wallClock":1760230127822,"durationMs":360,"source":"console.replay","correlationId":"console-replay:mgmzkj23mg3elc99","latencyMs":85.0486459992826,"timelineOffsetMs":15.812628999352455,"leadMs":8,"scheduleSkewMs":80.25078199803829,"schedulingMode":"timeline","audioStartHeadroomMs":-40.02268099784851,"audioStartGuard":"headroom","audioStartCompensationMs":40.02268099784851}
10-11 20:48:48.082 12221  1097 D OutputsAudio: [outputs-audio] stop gain=1.000 release=6.00
10-11 20:48:48.203 12221  1097 D OutputsAudio: [outputs-audio] start hz=650.0 gain=1.000 attack=2.50 release=6.00
10-11 20:48:48.203 12221  1097 D OutputsAudio: [outputs-audio] playMorse.symbol.start sequence=7 symbol=. expected=31114368.578 actual=31114382.126 skew=13.548 batchElapsed=2173.548
10-11 20:48:48.208 12221   678 D OutputsAudio: [outputs-audio] symbol.info sequence=7 symbol=. timestamp=31114382.126 duration=120.000 expected=31114368.578 skew=13.548 age=4.535
10-11 20:48:48.209 12221   678 I ReactNativeJS: [outputs] playMorse.symbol {"timestamp":31114386.929483,"wallClock":1760230128208,"symbol":".","durationMs":120,"index":6,"source":"console.replay","correlationId":"console-replay:sgf32ahd","nativeTimestampMs":31114382.126,"nativeDurationMs":120,"nativeOffsetMs":4.6977020017802715,"nativeSequence":7,"monotonicTimestampMs":31114382.126,"nativeExpectedTimestampMs":31114368.578,"nativeStartSkewMs":13.548,"nativeBatchElapsedMs":2173.548,"nativeExpectedSincePriorMs":480,"nativeSincePriorMs":482.133,"nativePatternStartMs":31112208.578,"nativeAgeMs":4.535}
10-11 20:48:48.210 12221   678 I ReactNativeJS: [outputs] playMorse.symbol {"timestamp":31114388.260056,"wallClock":1760230128209,"symbol":".","durationMs":120,"index":6,"source":"console.replay","correlationId":"console-replay:mgmzkjf5toh79k9f","nativeTimestampMs":31114382.126,"nativeDurationMs":120,"nativeOffsetMs":4.6977020017802715,"nativeSequence":7,"monotonicTimestampMs":31114382.126,"nativeExpectedTimestampMs":31114368.578,"nativeStartSkewMs":13.548,"nativeBatchElapsedMs":2173.548,"nativeExpectedSincePriorMs":480,"nativeSincePriorMs":482.133,"nativePatternStartMs":31112208.578,"nativeAgeMs":4.535}
10-11 20:48:48.211 12221   678 I ReactNativeJS: [outputs] outputs.hapticSymbol {"timestamp":31114389.328024,"wallClock":1760230128210,"enabled":true,"symbol":".","durationMs":120,"platform":"android","source":"console.replay","correlationId":"console-replay:mgmzkjf5toh79k9f","timelineOffsetMs":null}
10-11 20:48:48.212 12221   678 I ReactNativeJS: [outputs] outputs.flashPulse {"timestamp":31114390.72792,"wallClock":1760230128212,"enabled":true,"durationMs":120,"source":"console.replay","correlationId":"console-replay:mgmzkjf5toh79k9f","timelineOffsetMs":4.6977020017802715,"schedulingMode":"timeline","audioStartHeadroomMs":-30.134034998714924,"audioStartGuard":"headroom","audioStartCompensationMs":30.134034998714924}
10-11 20:48:48.284 12221   678 I ReactNativeJS: [outputs] outputs.flashPulse.commit {"timestamp":31114462.818441,"wallClock":1760230128284,"durationMs":120,"source":"console.replay","correlationId":"console-replay:mgmzkjf5toh79k9f","latencyMs":75.98624999821186,"timelineOffsetMs":4.6977020017802715,"leadMs":8,"scheduleSkewMs":72.09479199722409,"schedulingMode":"timeline","audioStartHeadroomMs":-30.134034998714924,"audioStartGuard":"headroom","audioStartCompensationMs":30.134034998714924}
10-11 20:48:48.324 12221  1097 D OutputsAudio: [outputs-audio] stop gain=1.000 release=6.00
10-11 20:48:48.445 12221  1097 D OutputsAudio: [outputs-audio] start hz=650.0 gain=1.000 attack=2.50 release=6.00
10-11 20:48:48.445 12221  1097 D OutputsAudio: [outputs-audio] playMorse.symbol.start sequence=8 symbol=. expected=31114608.578 actual=31114623.716 skew=15.138 batchElapsed=2415.138
10-11 20:48:48.464 12221   678 D OutputsAudio: [outputs-audio] symbol.info sequence=8 symbol=. timestamp=31114623.716 duration=120.000 expected=31114608.578 skew=15.138 age=19.519
10-11 20:48:48.467 12221   678 I ReactNativeJS: [outputs] playMorse.symbol {"timestamp":31114643.434326,"wallClock":1760230128464,"symbol":".","durationMs":120,"index":7,"source":"console.replay","correlationId":"console-replay:bfjkm25h","nativeTimestampMs":31114623.716,"nativeDurationMs":120,"nativeOffsetMs":19.631139002740383,"nativeSequence":8,"monotonicTimestampMs":31114623.716,"nativeExpectedTimestampMs":31114608.578,"nativeStartSkewMs":15.138,"nativeBatchElapsedMs":2415.138,"nativeExpectedSincePriorMs":240,"nativeSincePriorMs":241.59,"nativePatternStartMs":31112208.578,"nativeAgeMs":19.519}
10-11 20:48:48.468 12221   678 I ReactNativeJS: [outputs] playMorse.symbol {"timestamp":31114646.017868,"wallClock":1760230128467,"symbol":".","durationMs":120,"index":7,"source":"console.replay","correlationId":"console-replay:mgmzkjmbm1k7v0nk","nativeTimestampMs":31114623.716,"nativeDurationMs":120,"nativeOffsetMs":19.631139002740383,"nativeSequence":8,"monotonicTimestampMs":31114623.716,"nativeExpectedTimestampMs":31114608.578,"nativeStartSkewMs":15.138,"nativeBatchElapsedMs":2415.138,"nativeExpectedSincePriorMs":240,"nativeSincePriorMs":241.59,"nativePatternStartMs":31112208.578,"nativeAgeMs":19.519}
10-11 20:48:48.469 12221   678 I ReactNativeJS: [outputs] outputs.hapticSymbol {"timestamp":31114647.205004,"wallClock":1760230128468,"enabled":true,"symbol":".","durationMs":120,"platform":"android","source":"console.replay","correlationId":"console-replay:mgmzkjmbm1k7v0nk","timelineOffsetMs":null}
10-11 20:48:48.474 12221   678 I ReactNativeJS: [outputs] outputs.flashPulse {"timestamp":31114650.368597,"wallClock":1760230128471,"enabled":true,"durationMs":120,"source":"console.replay","correlationId":"console-replay:mgmzkjmbm1k7v0nk","timelineOffsetMs":19.631139002740383,"schedulingMode":"timeline","audioStartHeadroomMs":-49.774763997644186,"audioStartGuard":"headroom","audioStartCompensationMs":49.774763997644186}
10-11 20:48:48.556 12221   678 I ReactNativeJS: [outputs] outputs.flashPulse.commit {"timestamp":31114734.184639,"wallClock":1760230128555,"durationMs":120,"source":"console.replay","correlationId":"console-replay:mgmzkjmbm1k7v0nk","latencyMs":90.8283849991858,"timelineOffsetMs":19.631139002740383,"leadMs":8,"scheduleSkewMs":83.82020800188184,"schedulingMode":"timeline","audioStartHeadroomMs":-49.774763997644186,"audioStartGuard":"headroom","audioStartCompensationMs":49.774763997644186}
10-11 20:48:48.566 12221  1097 D OutputsAudio: [outputs-audio] stop gain=1.000 release=6.00
10-11 20:48:48.687 12221  1097 D OutputsAudio: [outputs-audio] start hz=650.0 gain=1.000 attack=2.50 release=6.00
10-11 20:48:48.687 12221  1097 D OutputsAudio: [outputs-audio] playMorse.symbol.start sequence=9 symbol=. expected=31114848.578 actual=31114866.252 skew=17.674 batchElapsed=2657.674
10-11 20:48:48.692 12221   678 D OutputsAudio: [outputs-audio] symbol.info sequence=9 symbol=. timestamp=31114866.252 duration=120.000 expected=31114848.578 skew=17.674 age=4.846
10-11 20:48:48.693 12221   678 I ReactNativeJS: [outputs] playMorse.symbol {"timestamp":31114871.319014,"wallClock":1760230128692,"symbol":".","durationMs":120,"index":8,"source":"console.replay","correlationId":"console-replay:n7llzx2s","nativeTimestampMs":31114866.252,"nativeDurationMs":120,"nativeOffsetMs":4.968003001064062,"nativeSequence":9,"monotonicTimestampMs":31114866.252,"nativeExpectedTimestampMs":31114848.578,"nativeStartSkewMs":17.674,"nativeBatchElapsedMs":2657.674,"nativeExpectedSincePriorMs":240,"nativeSincePriorMs":242.536,"nativePatternStartMs":31112208.578,"nativeAgeMs":4.846}
10-11 20:48:48.694 12221   678 I ReactNativeJS: [outputs] playMorse.symbol {"timestamp":31114872.476462,"wallClock":1760230128693,"symbol":".","durationMs":120,"index":8,"source":"console.replay","correlationId":"console-replay:mgmzkjslkmghboq6","nativeTimestampMs":31114866.252,"nativeDurationMs":120,"nativeOffsetMs":4.968003001064062,"nativeSequence":9,"monotonicTimestampMs":31114866.252,"nativeExpectedTimestampMs":31114848.578,"nativeStartSkewMs":17.674,"nativeBatchElapsedMs":2657.674,"nativeExpectedSincePriorMs":240,"nativeSincePriorMs":242.536,"nativePatternStartMs":31112208.578,"nativeAgeMs":4.846}
10-11 20:48:48.695 12221   678 I ReactNativeJS: [outputs] outputs.hapticSymbol {"timestamp":31114873.132764,"wallClock":1760230128694,"enabled":true,"symbol":".","durationMs":120,"platform":"android","source":"console.replay","correlationId":"console-replay:mgmzkjslkmghboq6","timelineOffsetMs":null}
10-11 20:48:48.695 12221   678 I ReactNativeJS: [outputs] outputs.flashPulse {"timestamp":31114874.089587,"wallClock":1760230128695,"enabled":true,"durationMs":120,"source":"console.replay","correlationId":"console-replay:mgmzkjslkmghboq6","timelineOffsetMs":4.968003001064062,"schedulingMode":"timeline","audioStartHeadroomMs":-33.49846199899912,"audioStartGuard":"headroom","audioStartCompensationMs":33.49846199899912}
10-11 20:48:48.765 12221   678 I ReactNativeJS: [outputs] outputs.flashPulse.commit {"timestamp":31114943.398701,"wallClock":1760230128764,"durationMs":120,"source":"console.replay","correlationId":"console-replay:mgmzkjslkmghboq6","latencyMs":72.16932299733162,"timelineOffsetMs":4.968003001064062,"leadMs":8,"scheduleSkewMs":69.3105199970305,"schedulingMode":"timeline","audioStartHeadroomMs":-33.49846199899912,"audioStartGuard":"headroom","audioStartCompensationMs":33.49846199899912}
10-11 20:48:48.808 12221  1097 D OutputsAudio: [outputs-audio] stop gain=1.000 release=6.00
10-11 20:48:48.928 12221  1097 D OutputsAudio: [outputs-audio] start hz=650.0 gain=1.000 attack=2.50 release=6.00
10-11 20:48:48.928 12221  1097 D OutputsAudio: [outputs-audio] playMorse.symbol.start sequence=10 symbol=- expected=31115088.578 actual=31115107.317 skew=18.739 batchElapsed=2898.739
10-11 20:48:48.940 12221   678 D OutputsAudio: [outputs-audio] symbol.info sequence=10 symbol=- timestamp=31115107.317 duration=360.000 expected=31115088.578 skew=18.739 age=11.305
10-11 20:48:48.941 12221   678 I ReactNativeJS: [outputs] playMorse.symbol {"timestamp":31115118.857295,"wallClock":1760230128940,"symbol":"-","durationMs":360,"index":9,"source":"console.replay","correlationId":"console-replay:pzutqdxj","nativeTimestampMs":31115107.317,"nativeDurationMs":360,"nativeOffsetMs":11.44607599824667,"nativeSequence":10,"monotonicTimestampMs":31115107.317,"nativeExpectedTimestampMs":31115088.578,"nativeStartSkewMs":18.739,"nativeBatchElapsedMs":2898.739,"nativeExpectedSincePriorMs":240,"nativeSincePriorMs":241.065,"nativePatternStartMs":31112208.578,"nativeAgeMs":11.305}
10-11 20:48:48.942 12221   678 I ReactNativeJS: [outputs] playMorse.symbol {"timestamp":31115119.970524,"wallClock":1760230128941,"symbol":"-","durationMs":360,"index":9,"source":"console.replay","correlationId":"console-replay:mgmzkjzhzai26zu0","nativeTimestampMs":31115107.317,"nativeDurationMs":360,"nativeOffsetMs":11.44607599824667,"nativeSequence":10,"monotonicTimestampMs":31115107.317,"nativeExpectedTimestampMs":31115088.578,"nativeStartSkewMs":18.739,"nativeBatchElapsedMs":2898.739,"nativeExpectedSincePriorMs":240,"nativeSincePriorMs":241.065,"nativePatternStartMs":31112208.578,"nativeAgeMs":11.305}
10-11 20:48:48.943 12221   678 I ReactNativeJS: [outputs] outputs.hapticSymbol {"timestamp":31115120.963545,"wallClock":1760230128942,"enabled":true,"symbol":"-","durationMs":360,"platform":"android","source":"console.replay","correlationId":"console-replay:mgmzkjzhzai26zu0","timelineOffsetMs":null}
10-11 20:48:48.944 12221   678 I ReactNativeJS: [outputs] outputs.flashPulse {"timestamp":31115122.142243,"wallClock":1760230128943,"enabled":true,"durationMs":360,"source":"console.replay","correlationId":"console-replay:mgmzkjzhzai26zu0","timelineOffsetMs":11.44607599824667,"schedulingMode":"timeline","audioStartHeadroomMs":-41.54398299753666,"audioStartGuard":"headroom","audioStartCompensationMs":41.54398299753666}
10-11 20:48:49.032 12221   678 I ReactNativeJS: [outputs] outputs.flashPulse.commit {"timestamp":31115210.695785,"wallClock":1760230129032,"durationMs":360,"source":"console.replay","correlationId":"console-replay:mgmzkjzhzai26zu0","latencyMs":91.92359400168061,"timelineOffsetMs":11.44607599824667,"leadMs":8,"scheduleSkewMs":88.56093700230122,"schedulingMode":"timeline","audioStartHeadroomMs":-41.54398299753666,"audioStartGuard":"headroom","audioStartCompensationMs":41.54398299753666}
10-11 20:48:49.289 12221  1097 D OutputsAudio: [outputs-audio] stop gain=1.000 release=6.00
10-11 20:48:49.416 12221  1097 D OutputsAudio: [outputs-audio] start hz=650.0 gain=1.000 attack=2.50 release=6.00
10-11 20:48:49.416 12221  1097 D OutputsAudio: [outputs-audio] playMorse.symbol.start sequence=11 symbol=- expected=31115568.578 actual=31115595.563 skew=26.984 batchElapsed=3386.984
10-11 20:48:49.427 12221   678 D OutputsAudio: [outputs-audio] symbol.info sequence=11 symbol=- timestamp=31115595.563 duration=360.000 expected=31115568.578 skew=26.984 age=10.718
10-11 20:48:49.428 12221   678 I ReactNativeJS: [outputs] playMorse.symbol {"timestamp":31115606.48417,"wallClock":1760230129427,"symbol":"-","durationMs":360,"index":10,"source":"console.replay","correlationId":"console-replay:eykp29pp","nativeTimestampMs":31115595.563,"nativeDurationMs":360,"nativeOffsetMs":10.841586999595165,"nativeSequence":11,"monotonicTimestampMs":31115595.563,"nativeExpectedTimestampMs":31115568.578,"nativeStartSkewMs":26.984,"nativeBatchElapsedMs":3386.984,"nativeExpectedSincePriorMs":480,"nativeSincePriorMs":488.245,"nativePatternStartMs":31112208.578,"nativeAgeMs":10.718}
10-11 20:48:49.429 12221   678 I ReactNativeJS: [outputs] playMorse.symbol {"timestamp":31115607.538597,"wallClock":1760230129428,"symbol":"-","durationMs":360,"index":10,"source":"console.replay","correlationId":"console-replay:mgmzkkd0yc2a9z75","nativeTimestampMs":31115595.563,"nativeDurationMs":360,"nativeOffsetMs":10.841586999595165,"nativeSequence":11,"monotonicTimestampMs":31115595.563,"nativeExpectedTimestampMs":31115568.578,"nativeStartSkewMs":26.984,"nativeBatchElapsedMs":3386.984,"nativeExpectedSincePriorMs":480,"nativeSincePriorMs":488.245,"nativePatternStartMs":31112208.578,"nativeAgeMs":10.718}
10-11 20:48:49.430 12221   678 I ReactNativeJS: [outputs] outputs.hapticSymbol {"timestamp":31115608.203024,"wallClock":1760230129429,"enabled":true,"symbol":"-","durationMs":360,"platform":"android","source":"console.replay","correlationId":"console-replay:mgmzkkd0yc2a9z75","timelineOffsetMs":null}
10-11 20:48:49.431 12221   678 I ReactNativeJS: [outputs] outputs.flashPulse {"timestamp":31115609.197191,"wallClock":1760230129430,"enabled":true,"durationMs":360,"source":"console.replay","correlationId":"console-replay:mgmzkkd0yc2a9z75","timelineOffsetMs":10.841586999595165,"schedulingMode":"timeline","audioStartHeadroomMs":-48.604919999837875,"audioStartGuard":"headroom","audioStartCompensationMs":48.604919999837875}
10-11 20:48:49.507 12221   678 I ReactNativeJS: [outputs] outputs.flashPulse.commit {"timestamp":31115685.859639,"wallClock":1760230129507,"durationMs":360,"source":"console.replay","correlationId":"console-replay:mgmzkkd0yc2a9z75","latencyMs":79.44536399841309,"timelineOffsetMs":10.841586999595165,"leadMs":8,"scheduleSkewMs":76.66442699730396,"schedulingMode":"timeline","audioStartHeadroomMs":-48.604919999837875,"audioStartGuard":"headroom","audioStartCompensationMs":48.604919999837875}
10-11 20:48:49.778 12221  1097 D OutputsAudio: [outputs-audio] stop gain=1.000 release=6.00
10-11 20:48:49.901 12221  1097 D OutputsAudio: [outputs-audio] start hz=650.0 gain=1.000 attack=2.50 release=6.00
10-11 20:48:49.901 12221  1097 D OutputsAudio: [outputs-audio] playMorse.symbol.start sequence=12 symbol=- expected=31116048.578 actual=31116079.955 skew=31.377 batchElapsed=3871.377
10-11 20:48:49.902 12221   678 D OutputsAudio: [outputs-audio] symbol.info sequence=12 symbol=- timestamp=31116079.955 duration=360.000 expected=31116048.578 skew=31.377 age=0.959
10-11 20:48:49.905 12221   678 I ReactNativeJS: [outputs] playMorse.symbol {"timestamp":31116081.48667,"wallClock":1760230129902,"symbol":"-","durationMs":360,"index":11,"source":"console.replay","correlationId":"console-replay:kcit5umx","nativeTimestampMs":31116079.955,"nativeDurationMs":360,"nativeOffsetMs":1.2479720003902912,"nativeSequence":12,"monotonicTimestampMs":31116079.955,"nativeExpectedTimestampMs":31116048.578,"nativeStartSkewMs":31.377,"nativeBatchElapsedMs":3871.377,"nativeExpectedSincePriorMs":480,"nativeSincePriorMs":484.393,"nativePatternStartMs":31112208.578,"nativeAgeMs":0.959}
10-11 20:48:49.907 12221   678 I ReactNativeJS: [outputs] playMorse.symbol {"timestamp":31116083.768961,"wallClock":1760230129905,"symbol":"-","durationMs":360,"index":11,"source":"console.replay","correlationId":"console-replay:mgmzkkq9ph9zv37x","nativeTimestampMs":31116079.955,"nativeDurationMs":360,"nativeOffsetMs":1.2479720003902912,"nativeSequence":12,"monotonicTimestampMs":31116079.955,"nativeExpectedTimestampMs":31116048.578,"nativeStartSkewMs":31.377,"nativeBatchElapsedMs":3871.377,"nativeExpectedSincePriorMs":480,"nativeSincePriorMs":484.393,"nativePatternStartMs":31112208.578,"nativeAgeMs":0.959}
10-11 20:48:49.909 12221   678 I ReactNativeJS: [outputs] outputs.hapticSymbol {"timestamp":31116086.035836,"wallClock":1760230129907,"enabled":true,"symbol":"-","durationMs":360,"platform":"android","source":"console.replay","correlationId":"console-replay:mgmzkkq9ph9zv37x","timelineOffsetMs":null}
10-11 20:48:49.910 12221   678 I ReactNativeJS: [outputs] outputs.flashPulse {"timestamp":31116088.685576,"wallClock":1760230129910,"enabled":true,"durationMs":360,"source":"console.replay","correlationId":"console-replay:mgmzkkq9ph9zv37x","timelineOffsetMs":1.2479720003902912,"schedulingMode":"timeline","audioStartHeadroomMs":-48.08476299792528,"audioStartGuard":"headroom","audioStartCompensationMs":48.08476299792528}
10-11 20:48:49.999 12221   678 I ReactNativeJS: [outputs] outputs.flashPulse.commit {"timestamp":31116177.513128,"wallClock":1760230129998,"durationMs":360,"source":"console.replay","correlationId":"console-replay:mgmzkkq9ph9zv37x","latencyMs":96.30130200088024,"timelineOffsetMs":1.2479720003902912,"leadMs":8,"scheduleSkewMs":88.8371879979968,"schedulingMode":"timeline","audioStartHeadroomMs":-48.08476299792528,"audioStartGuard":"headroom","audioStartCompensationMs":48.08476299792528}
10-11 20:48:50.261 12221  1097 D OutputsAudio: [outputs-audio] stop gain=1.000 release=6.00
10-11 20:48:50.385 12221  1097 D OutputsAudio: [outputs-audio] start hz=650.0 gain=1.000 attack=2.50 release=6.00
10-11 20:48:50.385 12221  1097 D OutputsAudio: [outputs-audio] playMorse.symbol.start sequence=13 symbol=. expected=31116528.578 actual=31116564.266 skew=35.688 batchElapsed=4355.688
10-11 20:48:50.409 12221   678 D OutputsAudio: [outputs-audio] symbol.info sequence=13 symbol=. timestamp=31116564.266 duration=120.000 expected=31116528.578 skew=35.688 age=23.773
10-11 20:48:50.410 12221   678 I ReactNativeJS: [outputs] playMorse.symbol {"timestamp":31116588.299378,"wallClock":1760230130409,"symbol":".","durationMs":120,"index":12,"source":"console.replay","correlationId":"console-replay:4njehyu3","nativeTimestampMs":31116564.266,"nativeDurationMs":120,"nativeOffsetMs":23.945252999663353,"nativeSequence":13,"monotonicTimestampMs":31116564.266,"nativeExpectedTimestampMs":31116528.578,"nativeStartSkewMs":35.688,"nativeBatchElapsedMs":4355.688,"nativeExpectedSincePriorMs":480,"nativeSincePriorMs":484.311,"nativePatternStartMs":31112208.578,"nativeAgeMs":23.773}
10-11 20:48:50.411 12221   678 I ReactNativeJS: [outputs] playMorse.symbol {"timestamp":31116589.326044,"wallClock":1760230130410,"symbol":".","durationMs":120,"index":12,"source":"console.replay","correlationId":"console-replay:mgmzkl4at4bg47v5","nativeTimestampMs":31116564.266,"nativeDurationMs":120,"nativeOffsetMs":23.945252999663353,"nativeSequence":13,"monotonicTimestampMs":31116564.266,"nativeExpectedTimestampMs":31116528.578,"nativeStartSkewMs":35.688,"nativeBatchElapsedMs":4355.688,"nativeExpectedSincePriorMs":480,"nativeSincePriorMs":484.311,"nativePatternStartMs":31112208.578,"nativeAgeMs":23.773}
10-11 20:48:50.418 12221   678 I ReactNativeJS: [outputs] outputs.hapticSymbol {"timestamp":31116590.058701,"wallClock":1760230130411,"enabled":true,"symbol":".","durationMs":120,"platform":"android","source":"console.replay","correlationId":"console-replay:mgmzkl4at4bg47v5","timelineOffsetMs":null}
10-11 20:48:50.420 12221   678 I ReactNativeJS: [outputs] outputs.flashPulse {"timestamp":31116597.946617,"wallClock":1760230130419,"enabled":true,"durationMs":120,"source":"console.replay","correlationId":"console-replay:mgmzkl4at4bg47v5","timelineOffsetMs":23.945252999663353,"schedulingMode":"timeline","audioStartHeadroomMs":-77.35023199766874,"audioStartGuard":"headroom","audioStartCompensationMs":77.35023199766874}
10-11 20:48:50.501 12221   678 I ReactNativeJS: [outputs] outputs.flashPulse.commit {"timestamp":31116679.898753,"wallClock":1760230130501,"durationMs":120,"source":"console.replay","correlationId":"console-replay:mgmzkl4at4bg47v5","latencyMs":91.67697900161147,"timelineOffsetMs":23.945252999663353,"leadMs":8,"scheduleSkewMs":81.95671899989247,"schedulingMode":"timeline","audioStartHeadroomMs":-77.35023199766874,"audioStartGuard":"headroom","audioStartCompensationMs":77.35023199766874}
10-11 20:48:50.506 12221  1097 D OutputsAudio: [outputs-audio] stop gain=1.000 release=6.00
10-11 20:48:50.627 12221  1097 D OutputsAudio: [outputs-audio] start hz=650.0 gain=1.000 attack=2.50 release=6.00
10-11 20:48:50.627 12221  1097 D OutputsAudio: [outputs-audio] playMorse.symbol.start sequence=14 symbol=. expected=31116768.578 actual=31116806.124 skew=37.545 batchElapsed=4597.545
10-11 20:48:50.641 12221   678 D OutputsAudio: [outputs-audio] symbol.info sequence=14 symbol=. timestamp=31116806.124 duration=120.000 expected=31116768.578 skew=37.545 age=14.346
10-11 20:48:50.643 12221   678 I ReactNativeJS: [outputs] playMorse.symbol {"timestamp":31116820.70193,"wallClock":1760230130642,"symbol":".","durationMs":120,"index":13,"source":"console.replay","correlationId":"console-replay:01kckj8z","nativeTimestampMs":31116806.124,"nativeDurationMs":120,"nativeOffsetMs":14.491262998431921,"nativeSequence":14,"monotonicTimestampMs":31116806.124,"nativeExpectedTimestampMs":31116768.578,"nativeStartSkewMs":37.545,"nativeBatchElapsedMs":4597.545,"nativeExpectedSincePriorMs":240,"nativeSincePriorMs":241.857,"nativePatternStartMs":31112208.578,"nativeAgeMs":14.346}
10-11 20:48:50.644 12221   678 I ReactNativeJS: [outputs] playMorse.symbol {"timestamp":31116821.874117,"wallClock":1760230130643,"symbol":".","durationMs":120,"index":13,"source":"console.replay","correlationId":"console-replay:mgmzklarjfqd82gt","nativeTimestampMs":31116806.124,"nativeDurationMs":120,"nativeOffsetMs":14.491262998431921,"nativeSequence":14,"monotonicTimestampMs":31116806.124,"nativeExpectedTimestampMs":31116768.578,"nativeStartSkewMs":37.545,"nativeBatchElapsedMs":4597.545,"nativeExpectedSincePriorMs":240,"nativeSincePriorMs":241.857,"nativePatternStartMs":31112208.578,"nativeAgeMs":14.346}
10-11 20:48:50.644 12221   678 I ReactNativeJS: [outputs] outputs.hapticSymbol {"timestamp":31116822.710263,"wallClock":1760230130644,"enabled":true,"symbol":".","durationMs":120,"platform":"android","source":"console.replay","correlationId":"console-replay:mgmzklarjfqd82gt","timelineOffsetMs":null}
10-11 20:48:50.645 12221   678 I ReactNativeJS: [outputs] outputs.flashPulse {"timestamp":31116823.704742,"wallClock":1760230130645,"enabled":true,"durationMs":120,"source":"console.replay","correlationId":"console-replay:mgmzklarjfqd82gt","timelineOffsetMs":14.491262998431921,"schedulingMode":"timeline","audioStartHeadroomMs":-63.110439997166395,"audioStartGuard":"headroom","audioStartCompensationMs":63.110439997166395}
10-11 20:48:50.722 12221   678 I ReactNativeJS: [outputs] outputs.flashPulse.commit {"timestamp":31116900.128857,"wallClock":1760230130721,"durationMs":120,"source":"console.replay","correlationId":"console-replay:mgmzklarjfqd82gt","latencyMs":79.50406299903989,"timelineOffsetMs":14.491262998431921,"leadMs":8,"scheduleSkewMs":76.42802099883556,"schedulingMode":"timeline","audioStartHeadroomMs":-63.110439997166395,"audioStartGuard":"headroom","audioStartCompensationMs":63.110439997166395}
10-11 20:48:50.748 12221  1097 D OutputsAudio: [outputs-audio] stop gain=1.000 release=6.00
10-11 20:48:50.869 12221  1097 D OutputsAudio: [outputs-audio] start hz=650.0 gain=1.000 attack=2.50 release=6.00
10-11 20:48:50.869 12221  1097 D OutputsAudio: [outputs-audio] playMorse.symbol.start sequence=15 symbol=. expected=31117008.578 actual=31117047.805 skew=39.227 batchElapsed=4839.227
10-11 20:48:50.882 12221   678 D OutputsAudio: [outputs-audio] symbol.info sequence=15 symbol=. timestamp=31117047.805 duration=120.000 expected=31117008.578 skew=39.227 age=13.639
10-11 20:48:50.884 12221   678 I ReactNativeJS: [outputs] playMorse.symbol {"timestamp":31117061.708076,"wallClock":1760230130883,"symbol":".","durationMs":120,"index":14,"source":"console.replay","correlationId":"console-replay:u0dulsb8","nativeTimestampMs":31117047.805,"nativeDurationMs":120,"nativeOffsetMs":13.788336001336575,"nativeSequence":15,"monotonicTimestampMs":31117047.805,"nativeExpectedTimestampMs":31117008.578,"nativeStartSkewMs":39.227,"nativeBatchElapsedMs":4839.227,"nativeExpectedSincePriorMs":240,"nativeSincePriorMs":241.681,"nativePatternStartMs":31112208.578,"nativeAgeMs":13.639}
10-11 20:48:50.885 12221   678 I ReactNativeJS: [outputs] playMorse.symbol {"timestamp":31117062.983805,"wallClock":1760230130884,"symbol":".","durationMs":120,"index":14,"source":"console.replay","correlationId":"console-replay:mgmzklhg6m23dlvs","nativeTimestampMs":31117047.805,"nativeDurationMs":120,"nativeOffsetMs":13.788336001336575,"nativeSequence":15,"monotonicTimestampMs":31117047.805,"nativeExpectedTimestampMs":31117008.578,"nativeStartSkewMs":39.227,"nativeBatchElapsedMs":4839.227,"nativeExpectedSincePriorMs":240,"nativeSincePriorMs":241.681,"nativePatternStartMs":31112208.578,"nativeAgeMs":13.639}
10-11 20:48:50.886 12221   678 I ReactNativeJS: [outputs] outputs.hapticSymbol {"timestamp":31117063.886148,"wallClock":1760230130885,"enabled":true,"symbol":".","durationMs":120,"platform":"android","source":"console.replay","correlationId":"console-replay:mgmzklhg6m23dlvs","timelineOffsetMs":null}
10-11 20:48:50.891 12221   678 I ReactNativeJS: [outputs] outputs.flashPulse {"timestamp":31117068.20344,"wallClock":1760230130889,"enabled":true,"durationMs":120,"source":"console.replay","correlationId":"console-replay:mgmzklhg6m23dlvs","timelineOffsetMs":13.788336001336575,"schedulingMode":"timeline","audioStartHeadroomMs":-67.60575299710035,"audioStartGuard":"headroom","audioStartCompensationMs":67.60575299710035}
10-11 20:48:50.969 12221   678 I ReactNativeJS: [outputs] outputs.flashPulse.commit {"timestamp":31117147.133857,"wallClock":1760230130968,"durationMs":120,"source":"console.replay","correlationId":"console-replay:mgmzklhg6m23dlvs","latencyMs":85.53156200051308,"timelineOffsetMs":13.788336001336575,"leadMs":8,"scheduleSkewMs":78.93770800158381,"schedulingMode":"timeline","audioStartHeadroomMs":-67.60575299710035,"audioStartGuard":"headroom","audioStartCompensationMs":67.60575299710035}
10-11 20:48:50.989 12221  1097 D OutputsAudio: [outputs-audio] stop gain=1.000 release=6.00
10-11 20:48:51.111 12221  1097 D OutputsAudio: [outputs-audio] start hz=650.0 gain=1.000 attack=2.50 release=6.00
10-11 20:48:51.111 12221  1097 D OutputsAudio: [outputs-audio] playMorse.symbol.start sequence=16 symbol=- expected=31117248.578 actual=31117290.184 skew=41.606 batchElapsed=5081.606
10-11 20:48:51.113 12221   678 D OutputsAudio: [outputs-audio] symbol.info sequence=16 symbol=- timestamp=31117290.184 duration=360.000 expected=31117248.578 skew=41.606 age=1.737
10-11 20:48:51.115 12221   678 I ReactNativeJS: [outputs] playMorse.symbol {"timestamp":31117292.210888,"wallClock":1760230131113,"symbol":"-","durationMs":360,"index":15,"source":"console.replay","correlationId":"console-replay:fo61p29c","nativeTimestampMs":31117290.184,"nativeDurationMs":360,"nativeOffsetMs":1.9044919982552528,"nativeSequence":16,"monotonicTimestampMs":31117290.184,"nativeExpectedTimestampMs":31117248.578,"nativeStartSkewMs":41.606,"nativeBatchElapsedMs":5081.606,"nativeExpectedSincePriorMs":240,"nativeSincePriorMs":242.379,"nativePatternStartMs":31112208.578,"nativeAgeMs":1.737}
10-11 20:48:51.117 12221   678 I ReactNativeJS: [outputs] playMorse.symbol {"timestamp":31117293.848232,"wallClock":1760230131115,"symbol":"-","durationMs":360,"index":15,"source":"console.replay","correlationId":"console-replay:mgmzklnvbuyv58ai","nativeTimestampMs":31117290.184,"nativeDurationMs":360,"nativeOffsetMs":1.9044919982552528,"nativeSequence":16,"monotonicTimestampMs":31117290.184,"nativeExpectedTimestampMs":31117248.578,"nativeStartSkewMs":41.606,"nativeBatchElapsedMs":5081.606,"nativeExpectedSincePriorMs":240,"nativeSincePriorMs":242.379,"nativePatternStartMs":31112208.578,"nativeAgeMs":1.737}
10-11 20:48:51.125 12221   678 I ReactNativeJS: [outputs] outputs.hapticSymbol {"timestamp":31117296.519482,"wallClock":1760230131117,"enabled":true,"symbol":"-","durationMs":360,"platform":"android","source":"console.replay","correlationId":"console-replay:mgmzklnvbuyv58ai","timelineOffsetMs":null}
10-11 20:48:51.127 12221   678 I ReactNativeJS: [outputs] outputs.flashPulse {"timestamp":31117304.955992,"wallClock":1760230131126,"enabled":true,"durationMs":360,"source":"console.replay","correlationId":"console-replay:mgmzklnvbuyv58ai","timelineOffsetMs":1.9044919982552528,"schedulingMode":"timeline","audioStartHeadroomMs":-64.35543999820948,"audioStartGuard":"headroom","audioStartCompensationMs":64.35543999820948}
10-11 20:48:51.197 12221   678 I ReactNativeJS: [outputs] outputs.flashPulse.commit {"timestamp":31117375.357971,"wallClock":1760230131196,"durationMs":360,"source":"console.replay","correlationId":"console-replay:mgmzklnvbuyv58ai","latencyMs":83.25984400138259,"timelineOffsetMs":1.9044919982552528,"leadMs":8,"scheduleSkewMs":70.41093799844384,"schedulingMode":"timeline","audioStartHeadroomMs":-64.35543999820948,"audioStartGuard":"headroom","audioStartCompensationMs":64.35543999820948}
10-11 20:48:51.471 12221  1097 D OutputsAudio: [outputs-audio] stop gain=1.000 release=6.00
10-11 20:48:51.592 12221  1097 D OutputsAudio: [outputs-audio] start hz=650.0 gain=1.000 attack=2.50 release=6.00
10-11 20:48:51.592 12221  1097 D OutputsAudio: [outputs-audio] playMorse.symbol.start sequence=17 symbol=- expected=31117728.578 actual=31117770.908 skew=42.330 batchElapsed=5562.330
10-11 20:48:51.612 12221   678 D OutputsAudio: [outputs-audio] symbol.info sequence=17 symbol=- timestamp=31117770.908 duration=360.000 expected=31117728.578 skew=42.330 age=20.413
10-11 20:48:51.615 12221   678 I ReactNativeJS: [outputs] playMorse.symbol {"timestamp":31117791.772346,"wallClock":1760230131613,"symbol":"-","durationMs":360,"index":16,"source":"console.replay","correlationId":"console-replay:mxa4ztub","nativeTimestampMs":31117770.908,"nativeDurationMs":360,"nativeOffsetMs":20.687366999685764,"nativeSequence":17,"monotonicTimestampMs":31117770.908,"nativeExpectedTimestampMs":31117728.578,"nativeStartSkewMs":42.33,"nativeBatchElapsedMs":5562.33,"nativeExpectedSincePriorMs":480,"nativeSincePriorMs":480.724,"nativePatternStartMs":31112208.578,"nativeAgeMs":20.413}
