10-14 22:02:51.661 16074 16137 I ReactNativeJS: [outputs] playMorse.symbol {"timestamp":164887166.608817,"wallClock":1760493771659,"symbol":"-","durationMs":360,"index":17,"source":"console.replay","correlationId":"console-replay:2gf8x3b2","nativeTimestampMs":164887168.778036,"nativeDurationMs":360,"nativeOffsetMs":6000,"nativeSequence":18,"monotonicTimestampMs":164887168.778036,"nativeExpectedTimestampMs":164887168.362361,"nativeStartSkewMs":0.41567498445510864,"nativeBatchElapsedMs":6000.415674984455,"nativeExpectedSincePriorMs":480,"nativeSincePriorMs":479.9501039981842,"nativePatternStartMs":164881168.362361,"nativeAgeMs":null,"nativeFlashHandled":true,"nativeFlashAvailable":true}
10-14 22:02:51.662 16074 16137 I ReactNativeJS: [outputs] playMorse.nativeOffset.spike {"timestamp":164887168.451265,"wallClock":1760493771661,"source":"console.replay","offsetMs":6000,"sequence":18,"unitMs":120,"correlationId":"console-replay:2gf8x3b2","startSkewMs":0.41567498445510864,"batchElapsedMs":6000.415674984455}
10-14 22:02:51.663 16074 16137 I ReactNativeJS: [outputs] outputs.hapticSymbol {"timestamp":164887169.661682,"wallClock":1760493771662,"enabled":true,"symbol":"-","durationMs":360,"platform":"android","source":"console.replay","correlationId":"console-replay:2gf8x3b2","timelineOffsetMs":null,"dispatchPhase":"actual"}
10-14 22:02:51.665 16074 16137 I ReactNativeJS: [outputs] outputs.flashPulse.nativeHandled {"timestamp":164887172.288817,"wallClock":1760493771665,"durationMs":360,"source":"console.replay","dispatchPhase":"actual","correlationId":"console-replay:2gf8x3b2","flashIntensity":0.8,"brightnessPercent":80,"nativeFlashAvailable":true}
10-14 22:02:52.031 16074 19290 D OutputsAudio: [outputs-audio] stop gain=1.000 release=6.00
10-14 22:02:52.032 16074 19290 D OutputsAudio: [outputs-audio] playMorse.gap sequence=18 nextOffset=6480.000 gapTarget=164887648.362
10-14 22:02:52.032 16074 19290 D OutputsAudio: [outputs-audio] playMorse.dispatch sequence=19 symbol=. offset=6480.000 lead=4.000 dispatchAt=164887644.362 gapLead=120.000
10-14 22:02:52.036 16074 16258 D OutputsAudio: [outputs-audio] tone.stop.actual stoppedAt=164887543.037
10-14 22:02:52.138 16074 19290 D OutputsAudio: [outputs-audio] start hz=600.0 gain=1.000 attack=2.50 release=6.00
10-14 22:02:52.138 16074 19290 D OutputsAudio: [outputs-audio] tone.request hz=600.0 gain=1.000 requestedAt=164887644.981
10-14 22:02:52.138 16074 19290 D OutputsAudio: [outputs-audio] playMorse.symbol.start sequence=19 symbol=. expected=164887648.362 actual=164887649.439 skew=1.077 batchElapsed=6481.077
10-14 22:02:52.140 16074 16258 D OutputsAudio: [outputs-audio] tone.start.actual actual=164887647.021 requested=164887644.981 delta=2.040
10-14 22:02:52.142 16074 16258 D OutputsAudio: [outputs-audio] tone.gain.steady target=1.000 reachedAt=164887649.038 delta=2.017
10-14 22:02:52.147 16074 16137 I ReactNativeJS: [outputs] playMorse.symbol {"timestamp":164887648.956161,"wallClock":1760493772141,"symbol":".","durationMs":120,"index":18,"source":"console.replay","correlationId":"console-replay:x5oqw1xl","nativeTimestampMs":164887649.438869,"nativeDurationMs":120,"nativeOffsetMs":6480,"nativeSequence":19,"monotonicTimestampMs":164887649.438869,"nativeExpectedTimestampMs":164887648.362361,"nativeStartSkewMs":1.0765079855918884,"nativeBatchElapsedMs":6481.076507985592,"nativeExpectedSincePriorMs":480,"nativeSincePriorMs":480.6608330011368,"nativePatternStartMs":164881168.362361,"nativeAgeMs":null,"nativeFlashHandled":true,"nativeFlashAvailable":true}
10-14 22:02:52.148 16074 16137 I ReactNativeJS: [outputs] playMorse.nativeOffset.spike {"timestamp":164887654.110275,"wallClock":1760493772147,"source":"console.replay","offsetMs":6480,"sequence":19,"unitMs":120,"correlationId":"console-replay:x5oqw1xl","startSkewMs":1.0765079855918884,"batchElapsedMs":6481.076507985592}
10-14 22:02:52.150 16074 16137 I ReactNativeJS: [outputs] outputs.hapticSymbol {"timestamp":164887656.276004,"wallClock":1760493772149,"enabled":true,"symbol":".","durationMs":120,"platform":"android","source":"console.replay","correlationId":"console-replay:x5oqw1xl","timelineOffsetMs":null,"dispatchPhase":"actual"}
10-14 22:02:52.152 16074 16137 I ReactNativeJS: [outputs] outputs.flashPulse.nativeHandled {"timestamp":164887658.79439,"wallClock":1760493772151,"durationMs":120,"source":"console.replay","dispatchPhase":"actual","correlationId":"console-replay:x5oqw1xl","flashIntensity":0.8,"brightnessPercent":80,"nativeFlashAvailable":true}
10-14 22:02:52.265 16074 19290 D OutputsAudio: [outputs-audio] stop gain=1.000 release=6.00
10-14 22:02:52.265 16074 19290 D OutputsAudio: [outputs-audio] playMorse.gap sequence=19 nextOffset=6720.000 gapTarget=164887888.362
10-14 22:02:52.265 16074 19290 D OutputsAudio: [outputs-audio] playMorse.dispatch sequence=20 symbol=. offset=6720.000 lead=4.000 dispatchAt=164887884.362 gapLead=120.000
10-14 22:02:52.270 16074 16258 D OutputsAudio: [outputs-audio] tone.stop.actual stoppedAt=164887777.040
10-14 22:02:52.378 16074 19290 D OutputsAudio: [outputs-audio] start hz=600.0 gain=1.000 attack=2.50 release=6.00
10-14 22:02:52.378 16074 19290 D OutputsAudio: [outputs-audio] tone.request hz=600.0 gain=1.000 requestedAt=164887885.246
10-14 22:02:52.378 16074 19290 D OutputsAudio: [outputs-audio] playMorse.symbol.start sequence=20 symbol=. expected=164887888.362 actual=164887889.600 skew=1.237 batchElapsed=6721.237
10-14 22:02:52.379 16074 16258 D OutputsAudio: [outputs-audio] tone.start.actual actual=164887886.979 requested=164887885.246 delta=1.733
10-14 22:02:52.382 16074 16258 D OutputsAudio: [outputs-audio] tone.gain.steady target=1.000 reachedAt=164887889.006 delta=2.026
10-14 22:02:52.418 16074 16137 I ReactNativeJS: [outputs] playMorse.symbol {"timestamp":164887924.294025,"wallClock":1760493772417,"symbol":".","durationMs":120,"index":19,"source":"console.replay","correlationId":"console-replay:0eg948r3","nativeTimestampMs":164887889.599754,"nativeDurationMs":120,"nativeOffsetMs":6720,"nativeSequence":20,"monotonicTimestampMs":164887889.599754,"nativeExpectedTimestampMs":164887888.362361,"nativeStartSkewMs":1.2373929917812347,"nativeBatchElapsedMs":6721.237392991781,"nativeExpectedSincePriorMs":240,"nativeSincePriorMs":240.16088500618935,"nativePatternStartMs":164881168.362361,"nativeAgeMs":null,"nativeFlashHandled":true,"nativeFlashAvailable":true}
10-14 22:02:52.418 16074 16137 I ReactNativeJS: [outputs] playMorse.nativeOffset.spike {"timestamp":164887925.318452,"wallClock":1760493772418,"source":"console.replay","offsetMs":6720,"sequence":20,"unitMs":120,"correlationId":"console-replay:0eg948r3","startSkewMs":1.2373929917812347,"batchElapsedMs":6721.237392991781}
10-14 22:02:52.419 16074 16137 I ReactNativeJS: [outputs] outputs.hapticSymbol {"timestamp":164887925.948192,"wallClock":1760493772418,"enabled":true,"symbol":".","durationMs":120,"platform":"android","source":"console.replay","correlationId":"console-replay:0eg948r3","timelineOffsetMs":null,"dispatchPhase":"actual"}
10-14 22:02:52.421 16074 16137 I ReactNativeJS: [outputs] outputs.flashPulse.nativeHandled {"timestamp":164887927.831213,"wallClock":1760493772420,"durationMs":120,"source":"console.replay","dispatchPhase":"actual","correlationId":"console-replay:0eg948r3","flashIntensity":0.8,"brightnessPercent":80,"nativeFlashAvailable":true}
10-14 22:02:52.505 16074 19290 D OutputsAudio: [outputs-audio] stop gain=1.000 release=6.00
10-14 22:02:52.505 16074 19290 D OutputsAudio: [outputs-audio] playMorse.gap sequence=20 nextOffset=6960.000 gapTarget=164888128.362
10-14 22:02:52.505 16074 19290 D OutputsAudio: [outputs-audio] playMorse.dispatch sequence=21 symbol=. offset=6960.000 lead=4.000 dispatchAt=164888124.362 gapLead=120.000
10-14 22:02:52.510 16074 16258 D OutputsAudio: [outputs-audio] tone.stop.actual stoppedAt=164888017.050
10-14 22:02:52.617 16074 19290 D OutputsAudio: [outputs-audio] start hz=600.0 gain=1.000 attack=2.50 release=6.00
10-14 22:02:52.617 16074 19290 D OutputsAudio: [outputs-audio] tone.request hz=600.0 gain=1.000 requestedAt=164888124.708
10-14 22:02:52.617 16074 19290 D OutputsAudio: [outputs-audio] playMorse.symbol.start sequence=21 symbol=. expected=164888128.362 actual=164888128.891 skew=0.528 batchElapsed=6960.528
10-14 22:02:52.617 16074 16258 D OutputsAudio: [outputs-audio] tone.start.actual actual=164888124.979 requested=164888124.708 delta=0.270
10-14 22:02:52.620 16074 16258 D OutputsAudio: [outputs-audio] tone.gain.steady target=1.000 reachedAt=164888127.023 delta=2.045
10-14 22:02:52.620 16074 16137 I ReactNativeJS: [outputs] playMorse.symbol {"timestamp":164888126.960483,"wallClock":1760493772619,"symbol":".","durationMs":120,"index":20,"source":"console.replay","correlationId":"console-replay:a0voyomo","nativeTimestampMs":164888128.890588,"nativeDurationMs":120,"nativeOffsetMs":6960,"nativeSequence":21,"monotonicTimestampMs":164888128.890588,"nativeExpectedTimestampMs":164888128.362361,"nativeStartSkewMs":0.5282269716262817,"nativeBatchElapsedMs":6960.528226971626,"nativeExpectedSincePriorMs":240,"nativeSincePriorMs":239.29083397984505,"nativePatternStartMs":164881168.362361,"nativeAgeMs":null,"nativeFlashHandled":true,"nativeFlashAvailable":true}
10-14 22:02:52.622 16074 16137 I ReactNativeJS: [outputs] playMorse.nativeOffset.spike {"timestamp":164888128.045848,"wallClock":1760493772621,"source":"console.replay","offsetMs":6960,"sequence":21,"unitMs":120,"correlationId":"console-replay:a0voyomo","startSkewMs":0.5282269716262817,"batchElapsedMs":6960.528226971626}
10-14 22:02:52.623 16074 16137 I ReactNativeJS: [outputs] outputs.hapticSymbol {"timestamp":164888129.301056,"wallClock":1760493772622,"enabled":true,"symbol":".","durationMs":120,"platform":"android","source":"console.replay","correlationId":"console-replay:a0voyomo","timelineOffsetMs":null,"dispatchPhase":"actual"}
10-14 22:02:52.624 16074 16137 I ReactNativeJS: [outputs] outputs.flashPulse.nativeHandled {"timestamp":164888130.824286,"wallClock":1760493772623,"durationMs":120,"source":"console.replay","dispatchPhase":"actual","correlationId":"console-replay:a0voyomo","flashIntensity":0.8,"brightnessPercent":80,"nativeFlashAvailable":true}
10-14 22:02:52.759 16074 19290 D OutputsAudio: [outputs-audio] stop gain=1.000 release=6.00
10-14 22:02:52.760 16074 19290 D OutputsAudio: [outputs-audio] playMorse.gap sequence=21 nextOffset=7200.000 gapTarget=164888368.362
10-14 22:02:52.760 16074 19290 D OutputsAudio: [outputs-audio] playMorse.dispatch sequence=22 symbol=- offset=7200.000 lead=4.000 dispatchAt=164888364.362 gapLead=120.000
10-14 22:02:52.764 16074 16258 D OutputsAudio: [outputs-audio] tone.stop.actual stoppedAt=164888271.022
10-14 22:02:52.857 16074 19290 D OutputsAudio: [outputs-audio] start hz=600.0 gain=1.000 attack=2.50 release=6.00
10-14 22:02:52.857 16074 19290 D OutputsAudio: [outputs-audio] tone.request hz=600.0 gain=1.000 requestedAt=164888364.587
10-14 22:02:52.857 16074 16258 D OutputsAudio: [outputs-audio] tone.start.actual actual=164888364.962 requested=164888364.587 delta=0.376
10-14 22:02:52.858 16074 19290 D OutputsAudio: [outputs-audio] playMorse.symbol.start sequence=22 symbol=- expected=164888368.362 actual=164888368.992 skew=0.630 batchElapsed=7200.630
10-14 22:02:52.860 16074 16258 D OutputsAudio: [outputs-audio] tone.gain.steady target=1.000 reachedAt=164888366.992 delta=2.030
10-14 22:02:52.866 16074 16137 I ReactNativeJS: [outputs] playMorse.symbol {"timestamp":164888371.636004,"wallClock":1760493772864,"symbol":"-","durationMs":360,"index":21,"source":"console.replay","correlationId":"console-replay:hbfj6q04","nativeTimestampMs":164888368.991994,"nativeDurationMs":360,"nativeOffsetMs":7200,"nativeSequence":22,"monotonicTimestampMs":164888368.991994,"nativeExpectedTimestampMs":164888368.362361,"nativeStartSkewMs":0.629632979631424,"nativeBatchElapsedMs":7200.629632979631,"nativeExpectedSincePriorMs":240,"nativeSincePriorMs":240.10140600800514,"nativePatternStartMs":164881168.362361,"nativeAgeMs":null,"nativeFlashHandled":true,"nativeFlashAvailable":true}
10-14 22:02:52.866 16074 16137 I ReactNativeJS: [outputs] playMorse.nativeOffset.spike {"timestamp":164888373.379025,"wallClock":1760493772866,"source":"console.replay","offsetMs":7200,"sequence":22,"unitMs":120,"correlationId":"console-replay:hbfj6q04","startSkewMs":0.629632979631424,"batchElapsedMs":7200.629632979631}
10-14 22:02:52.867 16074 16137 I ReactNativeJS: [outputs] outputs.hapticSymbol {"timestamp":164888373.997202,"wallClock":1760493772866,"enabled":true,"symbol":"-","durationMs":360,"platform":"android","source":"console.replay","correlationId":"console-replay:hbfj6q04","timelineOffsetMs":null,"dispatchPhase":"actual"}
10-14 22:02:52.868 16074 16137 I ReactNativeJS: [outputs] outputs.flashPulse.nativeHandled {"timestamp":164888375.164285,"wallClock":1760493772868,"durationMs":360,"source":"console.replay","dispatchPhase":"actual","correlationId":"console-replay:hbfj6q04","flashIntensity":0.8,"brightnessPercent":80,"nativeFlashAvailable":true}
10-14 22:02:53.224 16074 19290 D OutputsAudio: [outputs-audio] stop gain=1.000 release=6.00
10-14 22:02:53.224 16074 19290 D OutputsAudio: [outputs-audio] playMorse.gap sequence=22 nextOffset=7680.000 gapTarget=164888848.362
10-14 22:02:53.224 16074 19290 D OutputsAudio: [outputs-audio] playMorse.dispatch sequence=23 symbol=- offset=7680.000 lead=4.000 dispatchAt=164888844.362 gapLead=120.000
10-14 22:02:53.228 16074 16258 D OutputsAudio: [outputs-audio] tone.stop.actual stoppedAt=164888735.140
10-14 22:02:53.338 16074 19290 D OutputsAudio: [outputs-audio] start hz=600.0 gain=1.000 attack=2.50 release=6.00
10-14 22:02:53.338 16074 19290 D OutputsAudio: [outputs-audio] tone.request hz=600.0 gain=1.000 requestedAt=164888845.398
10-14 22:02:53.338 16074 19290 D OutputsAudio: [outputs-audio] playMorse.symbol.start sequence=23 symbol=- expected=164888848.362 actual=164888849.494 skew=1.132 batchElapsed=7681.132
10-14 22:02:53.339 16074 16258 D OutputsAudio: [outputs-audio] tone.start.actual actual=164888846.968 requested=164888845.398 delta=1.570
10-14 22:02:53.341 16074 16258 D OutputsAudio: [outputs-audio] tone.gain.steady target=1.000 reachedAt=164888848.990 delta=2.022
10-14 22:02:53.342 16074 16137 I ReactNativeJS: [outputs] playMorse.symbol {"timestamp":164888847.863348,"wallClock":1760493773340,"symbol":"-","durationMs":360,"index":22,"source":"console.replay","correlationId":"console-replay:ytox9h2o","nativeTimestampMs":164888849.494285,"nativeDurationMs":360,"nativeOffsetMs":7680,"nativeSequence":23,"monotonicTimestampMs":164888849.494285,"nativeExpectedTimestampMs":164888848.362361,"nativeStartSkewMs":1.1319239735603333,"nativeBatchElapsedMs":7681.13192397356,"nativeExpectedSincePriorMs":480,"nativeSincePriorMs":480.5022909939289,"nativePatternStartMs":164881168.362361,"nativeAgeMs":null,"nativeFlashHandled":true,"nativeFlashAvailable":true}
10-14 22:02:53.347 16074 16137 I ReactNativeJS: [outputs] playMorse.nativeOffset.spike {"timestamp":164888849.987723,"wallClock":1760493773342,"source":"console.replay","offsetMs":7680,"sequence":23,"unitMs":120,"correlationId":"console-replay:ytox9h2o","startSkewMs":1.1319239735603333,"batchElapsedMs":7681.13192397356}
10-14 22:02:53.349 16074 16137 I ReactNativeJS: [outputs] outputs.hapticSymbol {"timestamp":164888854.531473,"wallClock":1760493773347,"enabled":true,"symbol":"-","durationMs":360,"platform":"android","source":"console.replay","correlationId":"console-replay:ytox9h2o","timelineOffsetMs":null,"dispatchPhase":"actual"}
10-14 22:02:53.351 16074 16137 I ReactNativeJS: [outputs] outputs.flashPulse.nativeHandled {"timestamp":164888857.46616,"wallClock":1760493773350,"durationMs":360,"source":"console.replay","dispatchPhase":"actual","correlationId":"console-replay:ytox9h2o","flashIntensity":0.8,"brightnessPercent":80,"nativeFlashAvailable":true}
10-14 22:02:53.705 16074 19290 D OutputsAudio: [outputs-audio] stop gain=1.000 release=6.00
10-14 22:02:53.705 16074 19290 D OutputsAudio: [outputs-audio] playMorse.gap sequence=23 nextOffset=8160.000 gapTarget=164889328.362
10-14 22:02:53.705 16074 19290 D OutputsAudio: [outputs-audio] playMorse.dispatch sequence=24 symbol=- offset=8160.000 lead=4.000 dispatchAt=164889324.362 gapLead=120.000
10-14 22:02:53.710 16074 16258 D OutputsAudio: [outputs-audio] tone.stop.actual stoppedAt=164889217.027
10-14 22:02:53.817 16074 19290 D OutputsAudio: [outputs-audio] start hz=600.0 gain=1.000 attack=2.50 release=6.00
10-14 22:02:53.817 16074 19290 D OutputsAudio: [outputs-audio] tone.request hz=600.0 gain=1.000 requestedAt=164889324.639
10-14 22:02:53.817 16074 19290 D OutputsAudio: [outputs-audio] playMorse.symbol.start sequence=24 symbol=- expected=164889328.362 actual=164889328.816 skew=0.453 batchElapsed=8160.453
10-14 22:02:53.817 16074 16258 D OutputsAudio: [outputs-audio] tone.start.actual actual=164889324.982 requested=164889324.639 delta=0.343
10-14 22:02:53.820 16074 16258 D OutputsAudio: [outputs-audio] tone.gain.steady target=1.000 reachedAt=164889327.009 delta=2.027
10-14 22:02:53.825 16074 16137 I ReactNativeJS: [outputs] playMorse.symbol {"timestamp":164889329.197306,"wallClock":1760493773822,"symbol":"-","durationMs":360,"index":23,"source":"console.replay","correlationId":"console-replay:k4wxn75p","nativeTimestampMs":164889328.815743,"nativeDurationMs":360,"nativeOffsetMs":8160,"nativeSequence":24,"monotonicTimestampMs":164889328.815743,"nativeExpectedTimestampMs":164889328.362361,"nativeStartSkewMs":0.4533819854259491,"nativeBatchElapsedMs":8160.453381985426,"nativeExpectedSincePriorMs":480,"nativeSincePriorMs":479.3214580118656,"nativePatternStartMs":164881168.362361,"nativeAgeMs":null,"nativeFlashHandled":true,"nativeFlashAvailable":true}
10-14 22:02:53.826 16074 16137 I ReactNativeJS: [outputs] playMorse.nativeOffset.spike {"timestamp":164889332.160379,"wallClock":1760493773825,"source":"console.replay","offsetMs":8160,"sequence":24,"unitMs":120,"correlationId":"console-replay:k4wxn75p","startSkewMs":0.4533819854259491,"batchElapsedMs":8160.453381985426}
10-14 22:02:53.827 16074 16137 I ReactNativeJS: [outputs] outputs.hapticSymbol {"timestamp":164889333.444233,"wallClock":1760493773826,"enabled":true,"symbol":"-","durationMs":360,"platform":"android","source":"console.replay","correlationId":"console-replay:k4wxn75p","timelineOffsetMs":null,"dispatchPhase":"actual"}
10-14 22:02:53.830 16074 16137 I ReactNativeJS: [outputs] outputs.flashPulse.nativeHandled {"timestamp":164889337.091785,"wallClock":1760493773830,"durationMs":360,"source":"console.replay","dispatchPhase":"actual","correlationId":"console-replay:k4wxn75p","flashIntensity":0.8,"brightnessPercent":80,"nativeFlashAvailable":true}
10-14 22:02:54.182 16074 19290 D OutputsAudio: [outputs-audio] stop gain=1.000 release=6.00
10-14 22:02:54.183 16074 19290 D OutputsAudio: [outputs-audio] playMorse.gap sequence=24 nextOffset=8640.000 gapTarget=164889808.362
10-14 22:02:54.183 16074 19290 D OutputsAudio: [outputs-audio] playMorse.dispatch sequence=25 symbol=. offset=8640.000 lead=4.000 dispatchAt=164889804.362 gapLead=120.000
10-14 22:02:54.188 16074 16258 D OutputsAudio: [outputs-audio] tone.stop.actual stoppedAt=164889695.076
10-14 22:02:54.298 16074 19290 D OutputsAudio: [outputs-audio] start hz=600.0 gain=1.000 attack=2.50 release=6.00
10-14 22:02:54.298 16074 19290 D OutputsAudio: [outputs-audio] tone.request hz=600.0 gain=1.000 requestedAt=164889805.437
10-14 22:02:54.298 16074 19290 D OutputsAudio: [outputs-audio] playMorse.symbol.start sequence=25 symbol=. expected=164889808.362 actual=164889809.613 skew=1.251 batchElapsed=8641.251
10-14 22:02:54.300 16074 16258 D OutputsAudio: [outputs-audio] tone.start.actual actual=164889806.992 requested=164889805.437 delta=1.556
10-14 22:02:54.301 16074 16258 D OutputsAudio: [outputs-audio] tone.gain.steady target=1.000 reachedAt=164889808.965 delta=1.973
10-14 22:02:54.306 16074 16137 I ReactNativeJS: [outputs] playMorse.symbol {"timestamp":164889811.912983,"wallClock":1760493774304,"symbol":".","durationMs":120,"index":24,"source":"console.replay","correlationId":"console-replay:mufjj94h","nativeTimestampMs":164889809.612931,"nativeDurationMs":120,"nativeOffsetMs":8640,"nativeSequence":25,"monotonicTimestampMs":164889809.612931,"nativeExpectedTimestampMs":164889808.362361,"nativeStartSkewMs":1.250569999217987,"nativeBatchElapsedMs":8641.250569999218,"nativeExpectedSincePriorMs":480,"nativeSincePriorMs":480.79718801379204,"nativePatternStartMs":164881168.362361,"nativeAgeMs":null,"nativeFlashHandled":true,"nativeFlashAvailable":true}
10-14 22:02:54.307 16074 16137 I ReactNativeJS: [outputs] playMorse.nativeOffset.spike {"timestamp":164889813.585483,"wallClock":1760493774306,"source":"console.replay","offsetMs":8640,"sequence":25,"unitMs":120,"correlationId":"console-replay:mufjj94h","startSkewMs":1.250569999217987,"batchElapsedMs":8641.250569999218}
10-14 22:02:54.308 16074 16137 I ReactNativeJS: [outputs] outputs.hapticSymbol {"timestamp":164889814.765847,"wallClock":1760493774307,"enabled":true,"symbol":".","durationMs":120,"platform":"android","source":"console.replay","correlationId":"console-replay:mufjj94h","timelineOffsetMs":null,"dispatchPhase":"actual"}
10-14 22:02:54.310 16074 16137 I ReactNativeJS: [outputs] outputs.flashPulse.nativeHandled {"timestamp":164889816.608556,"wallClock":1760493774309,"durationMs":120,"source":"console.replay","dispatchPhase":"actual","correlationId":"console-replay:mufjj94h","flashIntensity":0.8,"brightnessPercent":80,"nativeFlashAvailable":true}
10-14 22:02:54.431 16074 19290 D OutputsAudio: [outputs-audio] stop gain=1.000 release=6.00
10-14 22:02:54.431 16074 19290 D OutputsAudio: [outputs-audio] playMorse.gap sequence=25 nextOffset=8880.000 gapTarget=164890048.362
10-14 22:02:54.431 16074 19290 D OutputsAudio: [outputs-audio] playMorse.dispatch sequence=26 symbol=. offset=8880.000 lead=4.000 dispatchAt=164890044.362 gapLead=120.000
10-14 22:02:54.436 16074 16258 D OutputsAudio: [outputs-audio] tone.stop.actual stoppedAt=164889943.068
10-14 22:02:54.538 16074 19290 D OutputsAudio: [outputs-audio] start hz=600.0 gain=1.000 attack=2.50 release=6.00
10-14 22:02:54.538 16074 19290 D OutputsAudio: [outputs-audio] tone.request hz=600.0 gain=1.000 requestedAt=164890045.251
10-14 22:02:54.538 16074 19290 D OutputsAudio: [outputs-audio] playMorse.symbol.start sequence=26 symbol=. expected=164890048.362 actual=164890049.495 skew=1.133 batchElapsed=8881.133
10-14 22:02:54.540 16074 16258 D OutputsAudio: [outputs-audio] tone.start.actual actual=164890047.019 requested=164890045.251 delta=1.768
10-14 22:02:54.542 16074 16258 D OutputsAudio: [outputs-audio] tone.gain.steady target=1.000 reachedAt=164890049.040 delta=2.021
10-14 22:02:54.545 16074 16137 I ReactNativeJS: [outputs] playMorse.symbol {"timestamp":164890049.442774,"wallClock":1760493774542,"symbol":".","durationMs":120,"index":25,"source":"console.replay","correlationId":"console-replay:p1nq4fj1","nativeTimestampMs":164890049.495326,"nativeDurationMs":120,"nativeOffsetMs":8880,"nativeSequence":26,"monotonicTimestampMs":164890049.495326,"nativeExpectedTimestampMs":164890048.362361,"nativeStartSkewMs":1.1329649984836578,"nativeBatchElapsedMs":8881.132964998484,"nativeExpectedSincePriorMs":240,"nativeSincePriorMs":239.88239499926567,"nativePatternStartMs":164881168.362361,"nativeAgeMs":null,"nativeFlashHandled":true,"nativeFlashAvailable":true}
10-14 22:02:54.546 16074 16137 I ReactNativeJS: [outputs] playMorse.nativeOffset.spike {"timestamp":164890052.205431,"wallClock":1760493774545,"source":"console.replay","offsetMs":8880,"sequence":26,"unitMs":120,"correlationId":"console-replay:p1nq4fj1","startSkewMs":1.1329649984836578,"batchElapsedMs":8881.132964998484}
10-14 22:02:54.547 16074 16137 I ReactNativeJS: [outputs] outputs.hapticSymbol {"timestamp":164890053.890066,"wallClock":1760493774546,"enabled":true,"symbol":".","durationMs":120,"platform":"android","source":"console.replay","correlationId":"console-replay:p1nq4fj1","timelineOffsetMs":null,"dispatchPhase":"actual"}
10-14 22:02:54.550 16074 16137 I ReactNativeJS: [outputs] outputs.flashPulse.nativeHandled {"timestamp":164890057.318087,"wallClock":1760493774550,"durationMs":120,"source":"console.replay","dispatchPhase":"actual","correlationId":"console-replay:p1nq4fj1","flashIntensity":0.8,"brightnessPercent":80,"nativeFlashAvailable":true}
10-14 22:02:54.699 16074 19290 D OutputsAudio: [outputs-audio] stop gain=1.000 release=6.00
10-14 22:02:54.700 16074 19290 D OutputsAudio: [outputs-audio] playMorse.gap sequence=26 nextOffset=9120.000 gapTarget=164890288.362
10-14 22:02:54.700 16074 19290 D OutputsAudio: [outputs-audio] playMorse.dispatch sequence=27 symbol=. offset=9120.000 lead=4.000 dispatchAt=164890284.362 gapLead=120.000
10-14 22:02:54.704 16074 16258 D OutputsAudio: [outputs-audio] tone.stop.actual stoppedAt=164890211.045
10-14 22:02:54.777 16074 19290 D OutputsAudio: [outputs-audio] start hz=600.0 gain=1.000 attack=2.50 release=6.00
10-14 22:02:54.777 16074 19290 D OutputsAudio: [outputs-audio] tone.request hz=600.0 gain=1.000 requestedAt=164890284.768
10-14 22:02:54.777 16074 19290 D OutputsAudio: [outputs-audio] playMorse.symbol.start sequence=27 symbol=. expected=164890288.362 actual=164890288.864 skew=0.501 batchElapsed=9120.501
10-14 22:02:54.777 16074 16258 D OutputsAudio: [outputs-audio] tone.start.actual actual=164890284.977 requested=164890284.768 delta=0.209
10-14 22:02:54.779 16074 16258 D OutputsAudio: [outputs-audio] tone.gain.steady target=1.000 reachedAt=164890286.987 delta=2.010
10-14 22:02:54.781 16074 16137 I ReactNativeJS: [outputs] playMorse.symbol {"timestamp":164890287.126264,"wallClock":1760493774780,"symbol":".","durationMs":120,"index":26,"source":"console.replay","correlationId":"console-replay:7cmwhn2o","nativeTimestampMs":164890288.86366,"nativeDurationMs":120,"nativeOffsetMs":9120,"nativeSequence":27,"monotonicTimestampMs":164890288.86366,"nativeExpectedTimestampMs":164890288.362361,"nativeStartSkewMs":0.5012989938259125,"nativeBatchElapsedMs":9120.501298993826,"nativeExpectedSincePriorMs":240,"nativeSincePriorMs":239.36833399534225,"nativePatternStartMs":164881168.362361,"nativeAgeMs":null,"nativeFlashHandled":true,"nativeFlashAvailable":true}
10-14 22:02:54.782 16074 16137 I ReactNativeJS: [outputs] playMorse.nativeOffset.spike {"timestamp":164890288.887462,"wallClock":1760493774781,"source":"console.replay","offsetMs":9120,"sequence":27,"unitMs":120,"correlationId":"console-replay:7cmwhn2o","startSkewMs":0.5012989938259125,"batchElapsedMs":9120.501298993826}
10-14 22:02:54.783 16074 16137 I ReactNativeJS: [outputs] outputs.hapticSymbol {"timestamp":164890290.160431,"wallClock":1760493774783,"enabled":true,"symbol":".","durationMs":120,"platform":"android","source":"console.replay","correlationId":"console-replay:7cmwhn2o","timelineOffsetMs":null,"dispatchPhase":"actual"}
10-14 22:02:54.785 16074 16137 I ReactNativeJS: [outputs] outputs.flashPulse.nativeHandled {"timestamp":164890291.807722,"wallClock":1760493774784,"durationMs":120,"source":"console.replay","dispatchPhase":"actual","correlationId":"console-replay:7cmwhn2o","flashIntensity":0.8,"brightnessPercent":80,"nativeFlashAvailable":true}
10-14 22:02:54.907 16074 19290 D OutputsAudio: [outputs-audio] stop gain=1.000 release=6.00
10-14 22:02:54.908 16074 19290 D OutputsAudio: [outputs-audio] stop gain=1.000 release=6.00
10-14 22:02:54.911 16074 16258 D OutputsAudio: [outputs-audio] tone.stop.actual stoppedAt=164890418.982
10-14 22:02:54.913 16074 16137 I ReactNativeJS: [outputs] playMorse.complete {"timestamp":164890419.35543,"wallClock":1760493774912,"durationMs":9626.77796599269,"source":"console.replay","audioEnabled":true,"audioVolumePercent":100,"screenBrightnessBoost":false}
10-14 22:02:54.914 16074 19290 D OutputsAudio: [outputs-audio] playMorse.end cancelled=0
