10-12 10:34:47.712 25077 25496 D OutputsAudio: [outputs-audio] playMorse.gap sequence=9 nextOffset=1152.000 gapTarget=47462488.092
10-12 10:34:47.712 25077 25496 D OutputsAudio: [outputs-audio] playMorse.dispatch sequence=10 symbol=- offset=1152.000 lead=90.000 dispatchAt=47462398.092
10-12 10:34:47.712 25077 25496 D OutputsAudio: [outputs-audio] start hz=650.0 gain=1.000 attack=2.50 release=6.00
10-12 10:34:47.712 25077 25496 D OutputsAudio: [outputs-audio] playMorse.symbol.start sequence=10 symbol=- expected=47462488.092 actual=47462868.797 skew=380.706 batchElapsed=1532.706
10-12 10:34:47.726 25077 25158 I ReactNativeJS: [outputs] outputs.flashPulse.commit {"timestamp":47462792.633559,"wallClock":1760279687726,"durationMs":48,"source":"console.replay","correlationId":"console-replay:mgnt2rqnk0cttjoe","latencyMs":62.33585099875927,"timelineOffsetMs":-0.6793060004711151,"leadMs":8,"scheduleSkewMs":61.49770899862051,"schedulingMode":"timeline","audioStartHeadroomMs":-347.0346319973469,"audioStartGuard":"headroom","audioStartCompensationMs":160}
10-12 10:34:47.772 25077 25158 D OutputsAudio: [outputs-audio] symbol.info sequence=10 symbol=- timestamp=47462868.797 duration=144.000 expected=47462488.092 skew=380.706 age=0.000
10-12 10:34:47.773 25077 25158 I ReactNativeJS: [outputs] playMorse.symbol {"timestamp":47462839.606632,"wallClock":1760279687773,"symbol":"-","durationMs":144,"index":9,"source":"console.replay","correlationId":"console-replay:agf7zgwt","nativeTimestampMs":47462868.797,"nativeDurationMs":144,"nativeOffsetMs":-29.240940995514393,"nativeSequence":10,"monotonicTimestampMs":47462868.797,"nativeExpectedTimestampMs":47462488.092,"nativeStartSkewMs":380.706,"nativeBatchElapsedMs":1532.706,"nativeExpectedSincePriorMs":96,"nativeSincePriorMs":138.507,"nativePatternStartMs":47461336.092,"nativeAgeMs":0}
10-12 10:34:47.773 25077 25158 I ReactNativeJS: [outputs] playMorse.symbol {"timestamp":47462840.180382,"wallClock":1760279687773,"symbol":"-","durationMs":144,"index":9,"source":"console.replay","correlationId":"console-replay:mgnt2rtpz8gkjsw9","nativeTimestampMs":47462868.797,"nativeDurationMs":144,"nativeOffsetMs":-29.240940995514393,"nativeSequence":10,"monotonicTimestampMs":47462868.797,"nativeExpectedTimestampMs":47462488.092,"nativeStartSkewMs":380.706,"nativeBatchElapsedMs":1532.706,"nativeExpectedSincePriorMs":96,"nativeSincePriorMs":138.507,"nativePatternStartMs":47461336.092,"nativeAgeMs":0}
10-12 10:34:47.824 25077 25158 I ReactNativeJS: [outputs] outputs.hapticSymbol {"timestamp":47462890.383819,"wallClock":1760279687823,"enabled":true,"symbol":"-","durationMs":144,"platform":"android","source":"console.replay","correlationId":"console-replay:mgnt2rtpz8gkjsw9","timelineOffsetMs":null}
10-12 10:34:47.824 25077 25158 I ReactNativeJS: [outputs] outputs.flashPulse {"timestamp":47462891.033976,"wallClock":1760279687824,"enabled":true,"durationMs":144,"source":"console.replay","correlationId":"console-replay:mgnt2rtpz8gkjsw9","timelineOffsetMs":-29.240940995514393,"schedulingMode":"timeline","audioStartHeadroomMs":-410.9297360032797,"audioStartGuard":"headroom","audioStartCompensationMs":160}
10-12 10:34:47.876 25077 25158 I ReactNativeJS: [outputs] outputs.flashPulse.commit {"timestamp":47462942.633923,"wallClock":1760279687876,"durationMs":144,"source":"console.replay","correlationId":"console-replay:mgnt2rtpz8gkjsw9","latencyMs":73.82911100238562,"timelineOffsetMs":-29.240940995514393,"leadMs":8,"scheduleSkewMs":51.602865003049374,"schedulingMode":"timeline","audioStartHeadroomMs":-410.9297360032797,"audioStartGuard":"headroom","audioStartCompensationMs":160}
10-12 10:34:47.947 25077 25496 D OutputsAudio: [outputs-audio] stop gain=1.000 release=6.00
10-12 10:34:47.947 25077 25496 D OutputsAudio: [outputs-audio] playMorse.gap sequence=10 nextOffset=1344.000 gapTarget=47462680.092
10-12 10:34:47.947 25077 25496 D OutputsAudio: [outputs-audio] playMorse.dispatch sequence=11 symbol=- offset=1344.000 lead=90.000 dispatchAt=47462590.092
10-12 10:34:47.947 25077 25496 D OutputsAudio: [outputs-audio] start hz=650.0 gain=1.000 attack=2.50 release=6.00
10-12 10:34:47.948 25077 25496 D OutputsAudio: [outputs-audio] playMorse.symbol.start sequence=11 symbol=- expected=47462680.092 actual=47463104.630 skew=424.539 batchElapsed=1768.539
10-12 10:34:48.004 25077 25158 D OutputsAudio: [outputs-audio] symbol.info sequence=11 symbol=- timestamp=47463104.630 duration=144.000 expected=47462680.092 skew=424.539 age=0.000
10-12 10:34:48.007 25077 25158 I ReactNativeJS: [outputs] playMorse.symbol {"timestamp":47463071.064653,"wallClock":1760279688004,"symbol":"-","durationMs":144,"index":10,"source":"console.replay","correlationId":"console-replay:s0rc49pz","nativeTimestampMs":47463104.63,"nativeDurationMs":144,"nativeOffsetMs":-33.66227500140667,"nativeSequence":11,"monotonicTimestampMs":47463104.63,"nativeExpectedTimestampMs":47462680.092,"nativeStartSkewMs":424.539,"nativeBatchElapsedMs":1768.539,"nativeExpectedSincePriorMs":192,"nativeSincePriorMs":235.833,"nativePatternStartMs":47461336.092,"nativeAgeMs":0}
10-12 10:34:48.008 25077 25158 I ReactNativeJS: [outputs] playMorse.symbol {"timestamp":47463073.819757,"wallClock":1760279688007,"symbol":"-","durationMs":144,"index":10,"source":"console.replay","correlationId":"console-replay:mgnt2s07hz3yz6vt","nativeTimestampMs":47463104.63,"nativeDurationMs":144,"nativeOffsetMs":-33.66227500140667,"nativeSequence":11,"monotonicTimestampMs":47463104.63,"nativeExpectedTimestampMs":47462680.092,"nativeStartSkewMs":424.539,"nativeBatchElapsedMs":1768.539,"nativeExpectedSincePriorMs":192,"nativeSincePriorMs":235.833,"nativePatternStartMs":47461336.092,"nativeAgeMs":0}
10-12 10:34:48.065 25077 25158 I ReactNativeJS: [outputs] outputs.hapticSymbol {"timestamp":47463131.733507,"wallClock":1760279688065,"enabled":true,"symbol":"-","durationMs":144,"platform":"android","source":"console.replay","correlationId":"console-replay:mgnt2s07hz3yz6vt","timelineOffsetMs":null}
10-12 10:34:48.066 25077 25158 I ReactNativeJS: [outputs] outputs.flashPulse {"timestamp":47463132.535694,"wallClock":1760279688065,"enabled":true,"durationMs":144,"source":"console.replay","correlationId":"console-replay:mgnt2s07hz3yz6vt","timelineOffsetMs":-33.66227500140667,"schedulingMode":"timeline","audioStartHeadroomMs":-460.4319230020046,"audioStartGuard":"headroom","audioStartCompensationMs":160}
10-12 10:34:48.113 25077 25158 I ReactNativeJS: [outputs] outputs.flashPulse.commit {"timestamp":47463179.280434,"wallClock":1760279688112,"durationMs":144,"source":"console.replay","correlationId":"console-replay:mgnt2s07hz3yz6vt","latencyMs":74.6404859945178,"timelineOffsetMs":-33.66227500140667,"leadMs":8,"scheduleSkewMs":46.74489599466324,"schedulingMode":"timeline","audioStartHeadroomMs":-460.4319230020046,"audioStartGuard":"headroom","audioStartCompensationMs":160}
10-12 10:34:48.182 25077 25496 D OutputsAudio: [outputs-audio] stop gain=1.000 release=6.00
10-12 10:34:48.183 25077 25496 D OutputsAudio: [outputs-audio] playMorse.gap sequence=11 nextOffset=1536.000 gapTarget=47462872.092
10-12 10:34:48.183 25077 25496 D OutputsAudio: [outputs-audio] playMorse.dispatch sequence=12 symbol=- offset=1536.000 lead=90.000 dispatchAt=47462782.092
10-12 10:34:48.183 25077 25496 D OutputsAudio: [outputs-audio] start hz=650.0 gain=1.000 attack=2.50 release=6.00
10-12 10:34:48.184 25077 25496 D OutputsAudio: [outputs-audio] playMorse.symbol.start sequence=12 symbol=- expected=47462872.092 actual=47463340.557 skew=468.466 batchElapsed=2004.466
10-12 10:34:48.239 25077 25158 D OutputsAudio: [outputs-audio] symbol.info sequence=12 symbol=- timestamp=47463340.557 duration=144.000 expected=47462872.092 skew=468.466 age=0.000
10-12 10:34:48.240 25077 25158 I ReactNativeJS: [outputs] playMorse.symbol {"timestamp":47463306.134548,"wallClock":1760279688239,"symbol":"-","durationMs":144,"index":11,"source":"console.replay","correlationId":"console-replay:trvcg6or","nativeTimestampMs":47463340.557,"nativeDurationMs":144,"nativeOffsetMs":-34.532555997371674,"nativeSequence":12,"monotonicTimestampMs":47463340.557,"nativeExpectedTimestampMs":47462872.092,"nativeStartSkewMs":468.466,"nativeBatchElapsedMs":2004.466,"nativeExpectedSincePriorMs":192,"nativeSincePriorMs":235.927,"nativePatternStartMs":47461336.092,"nativeAgeMs":0}
10-12 10:34:48.241 25077 25158 I ReactNativeJS: [outputs] playMorse.symbol {"timestamp":47463307.189392,"wallClock":1760279688240,"symbol":"-","durationMs":144,"index":11,"source":"console.replay","correlationId":"console-replay:mgnt2s6o9qok0tto","nativeTimestampMs":47463340.557,"nativeDurationMs":144,"nativeOffsetMs":-34.532555997371674,"nativeSequence":12,"monotonicTimestampMs":47463340.557,"nativeExpectedTimestampMs":47462872.092,"nativeStartSkewMs":468.466,"nativeBatchElapsedMs":2004.466,"nativeExpectedSincePriorMs":192,"nativeSincePriorMs":235.927,"nativePatternStartMs":47461336.092,"nativeAgeMs":0}
10-12 10:34:48.293 25077 25158 I ReactNativeJS: [outputs] outputs.hapticSymbol {"timestamp":47463359.432048,"wallClock":1760279688292,"enabled":true,"symbol":"-","durationMs":144,"platform":"android","source":"console.replay","correlationId":"console-replay:mgnt2s6o9qok0tto","timelineOffsetMs":null}
10-12 10:34:48.293 25077 25158 I ReactNativeJS: [outputs] outputs.flashPulse {"timestamp":47463360.257152,"wallClock":1760279688293,"enabled":true,"durationMs":144,"source":"console.replay","correlationId":"console-replay:mgnt2s6o9qok0tto","timelineOffsetMs":-34.532555997371674,"schedulingMode":"timeline","audioStartHeadroomMs":-496.1529650017619,"audioStartGuard":"headroom","audioStartCompensationMs":160}
10-12 10:34:48.340 25077 25158 I ReactNativeJS: [outputs] outputs.flashPulse.commit {"timestamp":47463407.181736,"wallClock":1760279688340,"durationMs":144,"source":"console.replay","correlationId":"console-replay:mgnt2s6o9qok0tto","latencyMs":66.61463200300932,"timelineOffsetMs":-34.532555997371674,"leadMs":8,"scheduleSkewMs":46.92494799941778,"schedulingMode":"timeline","audioStartHeadroomMs":-496.1529650017619,"audioStartGuard":"headroom","audioStartCompensationMs":160}
10-12 10:34:48.418 25077 25496 D OutputsAudio: [outputs-audio] stop gain=1.000 release=6.00
10-12 10:34:48.418 25077 25496 D OutputsAudio: [outputs-audio] playMorse.gap sequence=12 nextOffset=1728.000 gapTarget=47463064.092
10-12 10:34:48.419 25077 25496 D OutputsAudio: [outputs-audio] playMorse.dispatch sequence=13 symbol=. offset=1728.000 lead=90.000 dispatchAt=47462974.092
10-12 10:34:48.419 25077 25496 D OutputsAudio: [outputs-audio] start hz=650.0 gain=1.000 attack=2.50 release=6.00
10-12 10:34:48.419 25077 25496 D OutputsAudio: [outputs-audio] playMorse.symbol.start sequence=13 symbol=. expected=47463064.092 actual=47463576.560 skew=512.468 batchElapsed=2240.468
10-12 10:34:48.483 25077 25158 D OutputsAudio: [outputs-audio] symbol.info sequence=13 symbol=. timestamp=47463576.560 duration=48.000 expected=47463064.092 skew=512.468 age=0.000
10-12 10:34:48.484 25077 25158 I ReactNativeJS: [outputs] playMorse.symbol {"timestamp":47463549.935798,"wallClock":1760279688483,"symbol":".","durationMs":48,"index":12,"source":"console.replay","correlationId":"console-replay:ltim0f7k","nativeTimestampMs":47463576.56,"nativeDurationMs":48,"nativeOffsetMs":-26.739775002002716,"nativeSequence":13,"monotonicTimestampMs":47463576.56,"nativeExpectedTimestampMs":47463064.092,"nativeStartSkewMs":512.468,"nativeBatchElapsedMs":2240.468,"nativeExpectedSincePriorMs":192,"nativeSincePriorMs":236.003,"nativePatternStartMs":47461336.092,"nativeAgeMs":0}
10-12 10:34:48.485 25077 25158 I ReactNativeJS: [outputs] playMorse.symbol {"timestamp":47463551.183142,"wallClock":1760279688484,"symbol":".","durationMs":48,"index":12,"source":"console.replay","correlationId":"console-replay:mgnt2sdgjt8ulsw6","nativeTimestampMs":47463576.56,"nativeDurationMs":48,"nativeOffsetMs":-26.739775002002716,"nativeSequence":13,"monotonicTimestampMs":47463576.56,"nativeExpectedTimestampMs":47463064.092,"nativeStartSkewMs":512.468,"nativeBatchElapsedMs":2240.468,"nativeExpectedSincePriorMs":192,"nativeSincePriorMs":236.003,"nativePatternStartMs":47461336.092,"nativeAgeMs":0}
10-12 10:34:48.559 25077 25496 D OutputsAudio: [outputs-audio] stop gain=1.000 release=6.00
10-12 10:34:48.559 25077 25496 D OutputsAudio: [outputs-audio] playMorse.gap sequence=13 nextOffset=1824.000 gapTarget=47463160.092
10-12 10:34:48.559 25077 25496 D OutputsAudio: [outputs-audio] playMorse.dispatch sequence=14 symbol=. offset=1824.000 lead=90.000 dispatchAt=47463070.092
10-12 10:34:48.559 25077 25496 D OutputsAudio: [outputs-audio] start hz=650.0 gain=1.000 attack=2.50 release=6.00
10-12 10:34:48.559 25077 25496 D OutputsAudio: [outputs-audio] playMorse.symbol.start sequence=14 symbol=. expected=47463160.092 actual=47463716.316 skew=556.225 batchElapsed=2380.225
10-12 10:34:48.562 25077 25158 I ReactNativeJS: [outputs] outputs.hapticSymbol {"timestamp":47463628.359027,"wallClock":1760279688561,"enabled":true,"symbol":".","durationMs":48,"platform":"android","source":"console.replay","correlationId":"console-replay:mgnt2sdgjt8ulsw6","timelineOffsetMs":null}
10-12 10:34:48.562 25077 25158 I ReactNativeJS: [outputs] outputs.flashPulse {"timestamp":47463629.121267,"wallClock":1760279688562,"enabled":true,"durationMs":48,"source":"console.replay","correlationId":"console-replay:mgnt2sdgjt8ulsw6","timelineOffsetMs":-26.739775002002716,"schedulingMode":"timeline","audioStartHeadroomMs":-573.0173399969935,"audioStartGuard":"headroom","audioStartCompensationMs":160}
10-12 10:34:48.617 25077 25158 I ReactNativeJS: [outputs] outputs.flashPulse.commit {"timestamp":47463683.505798,"wallClock":1760279688616,"durationMs":48,"source":"console.replay","correlationId":"console-replay:mgnt2sdgjt8ulsw6","latencyMs":106.9368399977684,"timelineOffsetMs":-26.739775002002716,"leadMs":8,"scheduleSkewMs":54.38588599860668,"schedulingMode":"timeline","audioStartHeadroomMs":-573.0173399969935,"audioStartGuard":"headroom","audioStartCompensationMs":160}
10-12 10:34:48.660 25077 25158 D OutputsAudio: [outputs-audio] symbol.info sequence=14 symbol=. timestamp=47463716.316 duration=48.000 expected=47463160.092 skew=556.225 age=10.684
10-12 10:34:48.661 25077 25158 I ReactNativeJS: [outputs] playMorse.symbol {"timestamp":47463727.142673,"wallClock":1760279688660,"symbol":".","durationMs":48,"index":13,"source":"console.replay","correlationId":"console-replay:ko1urdsl","nativeTimestampMs":47463716.316,"nativeDurationMs":48,"nativeOffsetMs":10.776047997176647,"nativeSequence":14,"monotonicTimestampMs":47463716.316,"nativeExpectedTimestampMs":47463160.092,"nativeStartSkewMs":556.225,"nativeBatchElapsedMs":2380.225,"nativeExpectedSincePriorMs":96,"nativeSincePriorMs":139.757,"nativePatternStartMs":47461336.092,"nativeAgeMs":10.684}
10-12 10:34:48.661 25077 25158 I ReactNativeJS: [outputs] playMorse.symbol {"timestamp":47463727.656163,"wallClock":1760279688661,"symbol":".","durationMs":48,"index":13,"source":"console.replay","correlationId":"console-replay:mgnt2sid41rla5jb","nativeTimestampMs":47463716.316,"nativeDurationMs":48,"nativeOffsetMs":10.776047997176647,"nativeSequence":14,"monotonicTimestampMs":47463716.316,"nativeExpectedTimestampMs":47463160.092,"nativeStartSkewMs":556.225,"nativeBatchElapsedMs":2380.225,"nativeExpectedSincePriorMs":96,"nativeSincePriorMs":139.757,"nativePatternStartMs":47461336.092,"nativeAgeMs":10.684}
10-12 10:34:48.661 25077 25158 I ReactNativeJS: [outputs] outputs.hapticSymbol {"timestamp":47463728.046631,"wallClock":1760279688661,"enabled":true,"symbol":".","durationMs":48,"platform":"android","source":"console.replay","correlationId":"console-replay:mgnt2sid41rla5jb","timelineOffsetMs":null}
10-12 10:34:48.662 25077 25158 I ReactNativeJS: [outputs] outputs.flashPulse {"timestamp":47463728.708715,"wallClock":1760279688662,"enabled":true,"durationMs":48,"source":"console.replay","correlationId":"console-replay:mgnt2sid41rla5jb","timelineOffsetMs":10.776047997176647,"schedulingMode":"timeline","audioStartHeadroomMs":-576.605255998671,"audioStartGuard":"headroom","audioStartCompensationMs":160}
10-12 10:34:48.698 25077 25496 D OutputsAudio: [outputs-audio] stop gain=1.000 release=6.00
10-12 10:34:48.698 25077 25496 D OutputsAudio: [outputs-audio] playMorse.gap sequence=14 nextOffset=1920.000 gapTarget=47463256.092
10-12 10:34:48.698 25077 25496 D OutputsAudio: [outputs-audio] playMorse.dispatch sequence=15 symbol=. offset=1920.000 lead=90.000 dispatchAt=47463166.092
10-12 10:34:48.698 25077 25496 D OutputsAudio: [outputs-audio] start hz=650.0 gain=1.000 attack=2.50 release=6.00
10-12 10:34:48.698 25077 25496 D OutputsAudio: [outputs-audio] playMorse.symbol.start sequence=15 symbol=. expected=47463256.092 actual=47463855.036 skew=598.944 batchElapsed=2518.944
10-12 10:34:48.718 25077 25158 I ReactNativeJS: [outputs] outputs.flashPulse.commit {"timestamp":47463784.383194,"wallClock":1760279688717,"durationMs":48,"source":"console.replay","correlationId":"console-replay:mgnt2sid41rla5jb","latencyMs":57.28125,"timelineOffsetMs":10.776047997176647,"leadMs":8,"scheduleSkewMs":55.67427099496126,"schedulingMode":"timeline","audioStartHeadroomMs":-576.605255998671,"audioStartGuard":"headroom","audioStartCompensationMs":160}
10-12 10:34:48.765 25077 25158 D OutputsAudio: [outputs-audio] symbol.info sequence=15 symbol=. timestamp=47463855.036 duration=48.000 expected=47463256.092 skew=598.944 age=0.000
10-12 10:34:48.765 25077 25158 I ReactNativeJS: [outputs] playMorse.symbol {"timestamp":47463831.881892,"wallClock":1760279688765,"symbol":".","durationMs":48,"index":14,"source":"console.replay","correlationId":"console-replay:u4ce2g0n","nativeTimestampMs":47463855.036,"nativeDurationMs":48,"nativeOffsetMs":-23.20228499919176,"nativeSequence":15,"monotonicTimestampMs":47463855.036,"nativeExpectedTimestampMs":47463256.092,"nativeStartSkewMs":598.944,"nativeBatchElapsedMs":2518.944,"nativeExpectedSincePriorMs":96,"nativeSincePriorMs":138.719,"nativePatternStartMs":47461336.092,"nativeAgeMs":0}
10-12 10:34:48.766 25077 25158 I ReactNativeJS: [outputs] playMorse.symbol {"timestamp":47463832.459548,"wallClock":1760279688765,"symbol":".","durationMs":48,"index":14,"source":"console.replay","correlationId":"console-replay:mgnt2sl9pmf186nt","nativeTimestampMs":47463855.036,"nativeDurationMs":48,"nativeOffsetMs":-23.20228499919176,"nativeSequence":15,"monotonicTimestampMs":47463855.036,"nativeExpectedTimestampMs":47463256.092,"nativeStartSkewMs":598.944,"nativeBatchElapsedMs":2518.944,"nativeExpectedSincePriorMs":96,"nativeSincePriorMs":138.719,"nativePatternStartMs":47461336.092,"nativeAgeMs":0}
10-12 10:34:48.817 25077 25158 I ReactNativeJS: [outputs] outputs.hapticSymbol {"timestamp":47463883.605433,"wallClock":1760279688817,"enabled":true,"symbol":".","durationMs":48,"platform":"android","source":"console.replay","correlationId":"console-replay:mgnt2sl9pmf186nt","timelineOffsetMs":null}
10-12 10:34:48.817 25077 25158 I ReactNativeJS: [outputs] outputs.flashPulse {"timestamp":47463884.270381,"wallClock":1760279688817,"enabled":true,"durationMs":48,"source":"console.replay","correlationId":"console-replay:mgnt2sl9pmf186nt","timelineOffsetMs":-23.20228499919176,"schedulingMode":"timeline","audioStartHeadroomMs":-636.166767001152,"audioStartGuard":"headroom","audioStartCompensationMs":160}
10-12 10:34:48.836 25077 25496 D OutputsAudio: [outputs-audio] stop gain=1.000 release=6.00
10-12 10:34:48.837 25077 25496 D OutputsAudio: [outputs-audio] playMorse.gap sequence=15 nextOffset=2016.000 gapTarget=47463352.092
10-12 10:34:48.837 25077 25496 D OutputsAudio: [outputs-audio] playMorse.dispatch sequence=16 symbol=- offset=2016.000 lead=90.000 dispatchAt=47463262.092
10-12 10:34:48.837 25077 25496 D OutputsAudio: [outputs-audio] start hz=650.0 gain=1.000 attack=2.50 release=6.00
10-12 10:34:48.837 25077 25496 D OutputsAudio: [outputs-audio] playMorse.symbol.start sequence=16 symbol=- expected=47463352.092 actual=47463993.738 skew=641.647 batchElapsed=2657.647
10-12 10:34:48.868 25077 25158 I ReactNativeJS: [outputs] outputs.flashPulse.commit {"timestamp":47463935.181892,"wallClock":1760279688868,"durationMs":48,"source":"console.replay","correlationId":"console-replay:mgnt2sl9pmf186nt","latencyMs":80.13688100129366,"timelineOffsetMs":-23.20228499919176,"leadMs":8,"scheduleSkewMs":50.912239000201225,"schedulingMode":"timeline","audioStartHeadroomMs":-636.166767001152,"audioStartGuard":"headroom","audioStartCompensationMs":160}
10-12 10:34:48.913 25077 25158 D OutputsAudio: [outputs-audio] symbol.info sequence=16 symbol=- timestamp=47463993.738 duration=144.000 expected=47463352.092 skew=641.647 age=0.000
10-12 10:34:48.913 25077 25158 I ReactNativeJS: [outputs] playMorse.symbol {"timestamp":47463979.840538,"wallClock":1760279688913,"symbol":"-","durationMs":144,"index":15,"source":"console.replay","correlationId":"console-replay:efg8kjco","nativeTimestampMs":47463993.738,"nativeDurationMs":144,"nativeOffsetMs":-13.948973000049591,"nativeSequence":16,"monotonicTimestampMs":47463993.738,"nativeExpectedTimestampMs":47463352.092,"nativeStartSkewMs":641.647,"nativeBatchElapsedMs":2657.647,"nativeExpectedSincePriorMs":96,"nativeSincePriorMs":138.702,"nativePatternStartMs":47461336.092,"nativeAgeMs":0}
10-12 10:34:48.914 25077 25158 I ReactNativeJS: [outputs] playMorse.symbol {"timestamp":47463980.428246,"wallClock":1760279688913,"symbol":"-","durationMs":144,"index":15,"source":"console.replay","correlationId":"console-replay:mgnt2spdiz6wd802","nativeTimestampMs":47463993.738,"nativeDurationMs":144,"nativeOffsetMs":-13.948973000049591,"nativeSequence":16,"monotonicTimestampMs":47463993.738,"nativeExpectedTimestampMs":47463352.092,"nativeStartSkewMs":641.647,"nativeBatchElapsedMs":2657.647,"nativeExpectedSincePriorMs":96,"nativeSincePriorMs":138.702,"nativePatternStartMs":47461336.092,"nativeAgeMs":0}
10-12 10:34:48.965 25077 25158 I ReactNativeJS: [outputs] outputs.hapticSymbol {"timestamp":47464031.599392,"wallClock":1760279688964,"enabled":true,"symbol":"-","durationMs":144,"platform":"android","source":"console.replay","correlationId":"console-replay:mgnt2spdiz6wd802","timelineOffsetMs":null}
10-12 10:34:48.965 25077 25158 I ReactNativeJS: [outputs] outputs.flashPulse {"timestamp":47464032.280538,"wallClock":1760279688965,"enabled":true,"durationMs":144,"source":"console.replay","correlationId":"console-replay:mgnt2spdiz6wd802","timelineOffsetMs":-13.948973000049591,"schedulingMode":"timeline","audioStartHeadroomMs":-688.1780169978738,"audioStartGuard":"headroom","audioStartCompensationMs":160}
10-12 10:34:49.016 25077 25158 I ReactNativeJS: [outputs] outputs.flashPulse.commit {"timestamp":47464082.999183,"wallClock":1760279689016,"durationMs":144,"source":"console.replay","correlationId":"console-replay:mgnt2spdiz6wd802","latencyMs":89.25227700173855,"timelineOffsetMs":-13.948973000049591,"leadMs":8,"scheduleSkewMs":50.71864599734545,"schedulingMode":"timeline","audioStartHeadroomMs":-688.1780169978738,"audioStartGuard":"headroom","audioStartCompensationMs":160}
10-12 10:34:49.071 25077 25496 D OutputsAudio: [outputs-audio] stop gain=1.000 release=6.00
10-12 10:34:49.071 25077 25496 D OutputsAudio: [outputs-audio] playMorse.gap sequence=16 nextOffset=2208.000 gapTarget=47463544.092
10-12 10:34:49.072 25077 25496 D OutputsAudio: [outputs-audio] playMorse.dispatch sequence=17 symbol=- offset=2208.000 lead=90.000 dispatchAt=47463454.092
10-12 10:34:49.072 25077 25496 D OutputsAudio: [outputs-audio] start hz=650.0 gain=1.000 attack=2.50 release=6.00
10-12 10:34:49.072 25077 25496 D OutputsAudio: [outputs-audio] playMorse.symbol.start sequence=17 symbol=- expected=47463544.092 actual=47464228.871 skew=684.780 batchElapsed=2892.780
10-12 10:34:49.131 25077 25158 D OutputsAudio: [outputs-audio] symbol.info sequence=17 symbol=- timestamp=47464228.871 duration=144.000 expected=47463544.092 skew=684.780 age=0.000
10-12 10:34:49.132 25077 25158 I ReactNativeJS: [outputs] playMorse.symbol {"timestamp":47464198.145902,"wallClock":1760279689131,"symbol":"-","durationMs":144,"index":16,"source":"console.replay","correlationId":"console-replay:5b7spv8v","nativeTimestampMs":47464228.871,"nativeDurationMs":144,"nativeOffsetMs":-30.83186899870634,"nativeSequence":17,"monotonicTimestampMs":47464228.871,"nativeExpectedTimestampMs":47463544.092,"nativeStartSkewMs":684.78,"nativeBatchElapsedMs":2892.78,"nativeExpectedSincePriorMs":192,"nativeSincePriorMs":235.133,"nativePatternStartMs":47461336.092,"nativeAgeMs":0}
10-12 10:34:49.133 25077 25158 I ReactNativeJS: [outputs] playMorse.symbol {"timestamp":47464199.27835,"wallClock":1760279689132,"symbol":"-","durationMs":144,"index":16,"source":"console.replay","correlationId":"console-replay:mgnt2svgp28tbtcv","nativeTimestampMs":47464228.871,"nativeDurationMs":144,"nativeOffsetMs":-30.83186899870634,"nativeSequence":17,"monotonicTimestampMs":47464228.871,"nativeExpectedTimestampMs":47463544.092,"nativeStartSkewMs":684.78,"nativeBatchElapsedMs":2892.78,"nativeExpectedSincePriorMs":192,"nativeSincePriorMs":235.133,"nativePatternStartMs":47461336.092,"nativeAgeMs":0}
10-12 10:34:49.192 25077 25158 I ReactNativeJS: [outputs] outputs.hapticSymbol {"timestamp":47464258.496631,"wallClock":1760279689191,"enabled":true,"symbol":"-","durationMs":144,"platform":"android","source":"console.replay","correlationId":"console-replay:mgnt2svgp28tbtcv","timelineOffsetMs":null}
10-12 10:34:49.192 25077 25158 I ReactNativeJS: [outputs] outputs.flashPulse {"timestamp":47464259.305642,"wallClock":1760279689192,"enabled":true,"durationMs":144,"source":"console.replay","correlationId":"console-replay:mgnt2svgp28tbtcv","timelineOffsetMs":-30.83186899870634,"schedulingMode":"timeline","audioStartHeadroomMs":-723.2015580013394,"audioStartGuard":"headroom","audioStartCompensationMs":160}
10-12 10:34:49.241 25077 25158 I ReactNativeJS: [outputs] outputs.flashPulse.commit {"timestamp":47464307.375746,"wallClock":1760279689240,"durationMs":144,"source":"console.replay","correlationId":"console-replay:mgnt2svgp28tbtcv","latencyMs":78.49542300403118,"timelineOffsetMs":-30.83186899870634,"leadMs":8,"scheduleSkewMs":48.0713020041585,"schedulingMode":"timeline","audioStartHeadroomMs":-723.2015580013394,"audioStartGuard":"headroom","audioStartCompensationMs":160}
10-12 10:34:49.307 25077 25496 D OutputsAudio: [outputs-audio] stop gain=1.000 release=6.00
10-12 10:34:49.307 25077 25496 D OutputsAudio: [outputs-audio] playMorse.gap sequence=17 nextOffset=2400.000 gapTarget=47463736.092
10-12 10:34:49.307 25077 25496 D OutputsAudio: [outputs-audio] playMorse.dispatch sequence=18 symbol=- offset=2400.000 lead=90.000 dispatchAt=47463646.092
10-12 10:34:49.307 25077 25496 D OutputsAudio: [outputs-audio] start hz=650.0 gain=1.000 attack=2.50 release=6.00
10-12 10:34:49.307 25077 25496 D OutputsAudio: [outputs-audio] playMorse.symbol.start sequence=18 symbol=- expected=47463736.092 actual=47464464.204 skew=728.113 batchElapsed=3128.113
10-12 10:34:49.364 25077 25158 D OutputsAudio: [outputs-audio] symbol.info sequence=18 symbol=- timestamp=47464464.204 duration=144.000 expected=47463736.092 skew=728.113 age=0.000
10-12 10:34:49.365 25077 25158 I ReactNativeJS: [outputs] playMorse.symbol {"timestamp":47464431.5121,"wallClock":1760279689364,"symbol":"-","durationMs":144,"index":17,"source":"console.replay","correlationId":"console-replay:91xvrt46","nativeTimestampMs":47464464.204,"nativeDurationMs":144,"nativeOffsetMs":-32.78742100298405,"nativeSequence":18,"monotonicTimestampMs":47464464.204,"nativeExpectedTimestampMs":47463736.092,"nativeStartSkewMs":728.113,"nativeBatchElapsedMs":3128.113,"nativeExpectedSincePriorMs":192,"nativeSincePriorMs":235.333,"nativePatternStartMs":47461336.092,"nativeAgeMs":0}
10-12 10:34:49.366 25077 25158 I ReactNativeJS: [outputs] playMorse.symbol {"timestamp":47464432.575954,"wallClock":1760279689365,"symbol":"-","durationMs":144,"index":17,"source":"console.replay","correlationId":"console-replay:mgnt2t1xltkcpjks","nativeTimestampMs":47464464.204,"nativeDurationMs":144,"nativeOffsetMs":-32.78742100298405,"nativeSequence":18,"monotonicTimestampMs":47464464.204,"nativeExpectedTimestampMs":47463736.092,"nativeStartSkewMs":728.113,"nativeBatchElapsedMs":3128.113,"nativeExpectedSincePriorMs":192,"nativeSincePriorMs":235.333,"nativePatternStartMs":47461336.092,"nativeAgeMs":0}
10-12 10:34:49.420 25077 25158 I ReactNativeJS: [outputs] outputs.hapticSymbol {"timestamp":47464486.180954,"wallClock":1760279689419,"enabled":true,"symbol":"-","durationMs":144,"platform":"android","source":"console.replay","correlationId":"console-replay:mgnt2t1xltkcpjks","timelineOffsetMs":null}
10-12 10:34:49.420 25077 25158 I ReactNativeJS: [outputs] outputs.flashPulse {"timestamp":47464486.977204,"wallClock":1760279689420,"enabled":true,"durationMs":144,"source":"console.replay","correlationId":"console-replay:mgnt2t1xltkcpjks","timelineOffsetMs":-32.78742100298405,"schedulingMode":"timeline","audioStartHeadroomMs":-758.8732770010829,"audioStartGuard":"headroom","audioStartCompensationMs":160}
10-12 10:34:49.467 25077 25158 I ReactNativeJS: [outputs] outputs.flashPulse.commit {"timestamp":47464533.584652,"wallClock":1760279689466,"durationMs":144,"source":"console.replay","correlationId":"console-replay:mgnt2t1xltkcpjks","latencyMs":69.37231899797916,"timelineOffsetMs":-32.78742100298405,"leadMs":8,"scheduleSkewMs":46.60953199863434,"schedulingMode":"timeline","audioStartHeadroomMs":-758.8732770010829,"audioStartGuard":"headroom","audioStartCompensationMs":160}
10-12 10:34:49.541 25077 25496 D OutputsAudio: [outputs-audio] stop gain=1.000 release=6.00
10-12 10:34:49.542 25077 25496 D OutputsAudio: [outputs-audio] playMorse.gap sequence=18 nextOffset=2592.000 gapTarget=47463928.092
10-12 10:34:49.542 25077 25496 D OutputsAudio: [outputs-audio] playMorse.dispatch sequence=19 symbol=. offset=2592.000 lead=90.000 dispatchAt=47463838.092
10-12 10:34:49.542 25077 25496 D OutputsAudio: [outputs-audio] start hz=650.0 gain=1.000 attack=2.50 release=6.00
10-12 10:34:49.542 25077 25496 D OutputsAudio: [outputs-audio] playMorse.symbol.start sequence=19 symbol=. expected=47463928.092 actual=47464698.898 skew=770.807 batchElapsed=3362.807
10-12 10:34:49.597 25077 25158 D OutputsAudio: [outputs-audio] symbol.info sequence=19 symbol=. timestamp=47464698.898 duration=48.000 expected=47463928.092 skew=770.807 age=0.000
10-12 10:34:49.599 25077 25158 I ReactNativeJS: [outputs] playMorse.symbol {"timestamp":47464664.278037,"wallClock":1760279689597,"symbol":".","durationMs":48,"index":18,"source":"console.replay","correlationId":"console-replay:xxdwz5l4","nativeTimestampMs":47464698.898,"nativeDurationMs":48,"nativeOffsetMs":-34.72199400514364,"nativeSequence":19,"monotonicTimestampMs":47464698.898,"nativeExpectedTimestampMs":47463928.092,"nativeStartSkewMs":770.807,"nativeBatchElapsedMs":3362.807,"nativeExpectedSincePriorMs":192,"nativeSincePriorMs":234.694,"nativePatternStartMs":47461336.092,"nativeAgeMs":0}
10-12 10:34:49.600 25077 25158 I ReactNativeJS: [outputs] playMorse.symbol {"timestamp":47464666.238037,"wallClock":1760279689599,"symbol":".","durationMs":48,"index":18,"source":"console.replay","correlationId":"console-replay:mgnt2t8f5cm49gfa","nativeTimestampMs":47464698.898,"nativeDurationMs":48,"nativeOffsetMs":-34.72199400514364,"nativeSequence":19,"monotonicTimestampMs":47464698.898,"nativeExpectedTimestampMs":47463928.092,"nativeStartSkewMs":770.807,"nativeBatchElapsedMs":3362.807,"nativeExpectedSincePriorMs":192,"nativeSincePriorMs":234.694,"nativePatternStartMs":47461336.092,"nativeAgeMs":0}
10-12 10:34:49.670 25077 25158 I ReactNativeJS: [outputs] outputs.hapticSymbol {"timestamp":47464736.921006,"wallClock":1760279689670,"enabled":true,"symbol":".","durationMs":48,"platform":"android","source":"console.replay","correlationId":"console-replay:mgnt2t8f5cm49gfa","timelineOffsetMs":null}
10-12 10:34:49.671 25077 25158 I ReactNativeJS: [outputs] outputs.flashPulse {"timestamp":47464737.694235,"wallClock":1760279689671,"enabled":true,"durationMs":48,"source":"console.replay","correlationId":"console-replay:mgnt2t8f5cm49gfa","timelineOffsetMs":-34.72199400514364,"schedulingMode":"timeline","audioStartHeadroomMs":-817.5900999978185,"audioStartGuard":"headroom","audioStartCompensationMs":160}
10-12 10:34:49.680 25077 25496 D OutputsAudio: [outputs-audio] stop gain=1.000 release=6.00
10-12 10:34:49.680 25077 25496 D OutputsAudio: [outputs-audio] playMorse.gap sequence=19 nextOffset=2688.000 gapTarget=47464024.092
10-12 10:34:49.680 25077 25496 D OutputsAudio: [outputs-audio] playMorse.dispatch sequence=20 symbol=. offset=2688.000 lead=90.000 dispatchAt=47463934.092
10-12 10:34:49.680 25077 25496 D OutputsAudio: [outputs-audio] start hz=650.0 gain=1.000 attack=2.50 release=6.00
10-12 10:34:49.680 25077 25496 D OutputsAudio: [outputs-audio] playMorse.symbol.start sequence=20 symbol=. expected=47464024.092 actual=47464837.272 skew=813.181 batchElapsed=3501.181
10-12 10:34:49.718 25077 25158 I ReactNativeJS: [outputs] outputs.flashPulse.commit {"timestamp":47464784.707569,"wallClock":1760279689718,"durationMs":48,"source":"console.replay","correlationId":"console-replay:mgnt2t8f5cm49gfa","latencyMs":85.80034999549389,"timelineOffsetMs":-34.72199400514364,"leadMs":8,"scheduleSkewMs":47.01453099399805,"schedulingMode":"timeline","audioStartHeadroomMs":-817.5900999978185,"audioStartGuard":"headroom","audioStartCompensationMs":160}
10-12 10:34:49.764 25077 25158 D OutputsAudio: [outputs-audio] symbol.info sequence=20 symbol=. timestamp=47464837.272 duration=48.000 expected=47464024.092 skew=813.181 age=0.000
10-12 10:34:49.764 25077 25158 I ReactNativeJS: [outputs] playMorse.symbol {"timestamp":47464830.762777,"wallClock":1760279689764,"symbol":".","durationMs":48,"index":19,"source":"console.replay","correlationId":"console-replay:ow3nqcqt","nativeTimestampMs":47464837.272,"nativeDurationMs":48,"nativeOffsetMs":-6.56088999658823,"nativeSequence":20,"monotonicTimestampMs":47464837.272,"nativeExpectedTimestampMs":47464024.092,"nativeStartSkewMs":813.181,"nativeBatchElapsedMs":3501.181,"nativeExpectedSincePriorMs":96,"nativeSincePriorMs":138.374,"nativePatternStartMs":47461336.092,"nativeAgeMs":0}
10-12 10:34:49.765 25077 25158 I ReactNativeJS: [outputs] playMorse.symbol {"timestamp":47464831.301683,"wallClock":1760279689764,"symbol":".","durationMs":48,"index":19,"source":"console.replay","correlationId":"console-replay:mgnt2td0rjsyejhk","nativeTimestampMs":47464837.272,"nativeDurationMs":48,"nativeOffsetMs":-6.56088999658823,"nativeSequence":20,"monotonicTimestampMs":47464837.272,"nativeExpectedTimestampMs":47464024.092,"nativeStartSkewMs":813.181,"nativeBatchElapsedMs":3501.181,"nativeExpectedSincePriorMs":96,"nativeSincePriorMs":138.374,"nativePatternStartMs":47461336.092,"nativeAgeMs":0}
10-12 10:34:49.811 25077 25158 I ReactNativeJS: [outputs] outputs.hapticSymbol {"timestamp":47464878.064339,"wallClock":1760279689811,"enabled":true,"symbol":".","durationMs":48,"platform":"android","source":"console.replay","correlationId":"console-replay:mgnt2td0rjsyejhk","timelineOffsetMs":null}
10-12 10:34:49.812 25077 25158 I ReactNativeJS: [outputs] outputs.flashPulse {"timestamp":47464878.786214,"wallClock":1760279689812,"enabled":true,"durationMs":48,"source":"console.replay","correlationId":"console-replay:mgnt2td0rjsyejhk","timelineOffsetMs":-6.56088999658823,"schedulingMode":"timeline","audioStartHeadroomMs":-862.6823389977217,"audioStartGuard":"headroom","audioStartCompensationMs":160}
10-12 10:34:49.819 25077 25496 D OutputsAudio: [outputs-audio] stop gain=1.000 release=6.00
10-12 10:34:49.819 25077 25496 D OutputsAudio: [outputs-audio] playMorse.gap sequence=20 nextOffset=2784.000 gapTarget=47464120.092
10-12 10:34:49.819 25077 25496 D OutputsAudio: [outputs-audio] playMorse.dispatch sequence=21 symbol=. offset=2784.000 lead=90.000 dispatchAt=47464030.092
10-12 10:34:49.819 25077 25496 D OutputsAudio: [outputs-audio] start hz=650.0 gain=1.000 attack=2.50 release=6.00
10-12 10:34:49.819 25077 25496 D OutputsAudio: [outputs-audio] playMorse.symbol.start sequence=21 symbol=. expected=47464120.092 actual=47464976.206 skew=856.115 batchElapsed=3640.115
10-12 10:34:49.858 25077 25158 I ReactNativeJS: [outputs] outputs.flashPulse.commit {"timestamp":47464925.140068,"wallClock":1760279689858,"durationMs":48,"source":"console.replay","correlationId":"console-replay:mgnt2td0rjsyejhk","latencyMs":87.85910999774933,"timelineOffsetMs":-6.56088999658823,"leadMs":8,"scheduleSkewMs":46.35515599697828,"schedulingMode":"timeline","audioStartHeadroomMs":-862.6823389977217,"audioStartGuard":"headroom","audioStartCompensationMs":160}
10-12 10:34:49.906 25077 25158 D OutputsAudio: [outputs-audio] symbol.info sequence=21 symbol=. timestamp=47464976.206 duration=48.000 expected=47464120.092 skew=856.115 age=0.000
10-12 10:34:49.907 25077 25158 I ReactNativeJS: [outputs] playMorse.symbol {"timestamp":47464973.416683,"wallClock":1760279689906,"symbol":".","durationMs":48,"index":20,"source":"console.replay","correlationId":"console-replay:ws7oj7e9","nativeTimestampMs":47464976.206,"nativeDurationMs":48,"nativeOffsetMs":-2.837338000535965,"nativeSequence":21,"monotonicTimestampMs":47464976.206,"nativeExpectedTimestampMs":47464120.092,"nativeStartSkewMs":856.115,"nativeBatchElapsedMs":3640.115,"nativeExpectedSincePriorMs":96,"nativeSincePriorMs":138.934,"nativePatternStartMs":47461336.092,"nativeAgeMs":0}
10-12 10:34:49.907 25077 25158 I ReactNativeJS: [outputs] playMorse.symbol {"timestamp":47464973.933871,"wallClock":1760279689907,"symbol":".","durationMs":48,"index":20,"source":"console.replay","correlationId":"console-replay:mgnt2tgz08t6lmvj","nativeTimestampMs":47464976.206,"nativeDurationMs":48,"nativeOffsetMs":-2.837338000535965,"nativeSequence":21,"monotonicTimestampMs":47464976.206,"nativeExpectedTimestampMs":47464120.092,"nativeStartSkewMs":856.115,"nativeBatchElapsedMs":3640.115,"nativeExpectedSincePriorMs":96,"nativeSincePriorMs":138.934,"nativePatternStartMs":47461336.092,"nativeAgeMs":0}
10-12 10:34:49.953 25077 25158 I ReactNativeJS: [outputs] outputs.hapticSymbol {"timestamp":47465019.773454,"wallClock":1760279689953,"enabled":true,"symbol":".","durationMs":48,"platform":"android","source":"console.replay","correlationId":"console-replay:mgnt2tgz08t6lmvj","timelineOffsetMs":null}
10-12 10:34:49.954 25077 25158 I ReactNativeJS: [outputs] outputs.flashPulse {"timestamp":47465020.637464,"wallClock":1760279689954,"enabled":true,"durationMs":48,"source":"console.replay","correlationId":"console-replay:mgnt2tgz08t6lmvj","timelineOffsetMs":-2.837338000535965,"schedulingMode":"timeline","audioStartHeadroomMs":-908.5334329977632,"audioStartGuard":"headroom","audioStartCompensationMs":160}
10-12 10:34:49.958 25077 25496 D OutputsAudio: [outputs-audio] stop gain=1.000 release=6.00
10-12 10:34:49.958 25077 25496 D OutputsAudio: [outputs-audio] playMorse.gap sequence=21 nextOffset=2880.000 gapTarget=47464216.092
10-12 10:34:49.958 25077 25496 D OutputsAudio: [outputs-audio] playMorse.dispatch sequence=22 symbol=- offset=2880.000 lead=90.000 dispatchAt=47464126.092
10-12 10:34:49.958 25077 25496 D OutputsAudio: [outputs-audio] start hz=650.0 gain=1.000 attack=2.50 release=6.00
10-12 10:34:49.958 25077 25496 D OutputsAudio: [outputs-audio] playMorse.symbol.start sequence=22 symbol=- expected=47464216.092 actual=47465115.054 skew=898.963 batchElapsed=3778.963
10-12 10:34:50.001 25077 25158 I ReactNativeJS: [outputs] outputs.flashPulse.commit {"timestamp":47465067.988298,"wallClock":1760279690001,"durationMs":48,"source":"console.replay","correlationId":"console-replay:mgnt2tgz08t6lmvj","latencyMs":91.77323500066996,"timelineOffsetMs":-2.837338000535965,"leadMs":8,"scheduleSkewMs":47.352030999958515,"schedulingMode":"timeline","audioStartHeadroomMs":-908.5334329977632,"audioStartGuard":"headroom","audioStartCompensationMs":160}
10-12 10:34:50.049 25077 25158 D OutputsAudio: [outputs-audio] symbol.info sequence=22 symbol=- timestamp=47465115.054 duration=144.000 expected=47464216.092 skew=898.963 age=1.128
10-12 10:34:50.050 25077 25158 I ReactNativeJS: [outputs] playMorse.symbol {"timestamp":47465116.355746,"wallClock":1760279690049,"symbol":"-","durationMs":144,"index":21,"source":"console.replay","correlationId":"console-replay:8cxu3cgz","nativeTimestampMs":47465115.054,"nativeDurationMs":144,"nativeOffsetMs":1.2540370002388954,"nativeSequence":22,"monotonicTimestampMs":47465115.054,"nativeExpectedTimestampMs":47464216.092,"nativeStartSkewMs":898.963,"nativeBatchElapsedMs":3778.963,"nativeExpectedSincePriorMs":96,"nativeSincePriorMs":138.848,"nativePatternStartMs":47461336.092,"nativeAgeMs":1.128}
10-12 10:34:50.050 25077 25158 I ReactNativeJS: [outputs] playMorse.symbol {"timestamp":47465116.864756,"wallClock":1760279690050,"symbol":"-","durationMs":144,"index":21,"source":"console.replay","correlationId":"console-replay:mgnt2tkyk559vd06","nativeTimestampMs":47465115.054,"nativeDurationMs":144,"nativeOffsetMs":1.2540370002388954,"nativeSequence":22,"monotonicTimestampMs":47465115.054,"nativeExpectedTimestampMs":47464216.092,"nativeStartSkewMs":898.963,"nativeBatchElapsedMs":3778.963,"nativeExpectedSincePriorMs":96,"nativeSincePriorMs":138.848,"nativePatternStartMs":47461336.092,"nativeAgeMs":1.128}
10-12 10:34:50.050 25077 25158 I ReactNativeJS: [outputs] outputs.hapticSymbol {"timestamp":47465117.208766,"wallClock":1760279690050,"enabled":true,"symbol":"-","durationMs":144,"platform":"android","source":"console.replay","correlationId":"console-replay:mgnt2tkyk559vd06","timelineOffsetMs":null}
10-12 10:34:50.051 25077 25158 I ReactNativeJS: [outputs] outputs.flashPulse {"timestamp":47465117.863037,"wallClock":1760279690051,"enabled":true,"durationMs":144,"source":"console.replay","correlationId":"console-replay:mgnt2tkyk559vd06","timelineOffsetMs":1.2540370002388954,"schedulingMode":"timeline","audioStartHeadroomMs":-909.7595269978046,"audioStartGuard":"headroom","audioStartCompensationMs":160}
10-12 10:34:50.111 25077 25158 I ReactNativeJS: [outputs] outputs.flashPulse.commit {"timestamp":47465178.031318,"wallClock":1760279690111,"durationMs":144,"source":"console.replay","correlationId":"console-replay:mgnt2tkyk559vd06","latencyMs":61.713697999715805,"timelineOffsetMs":1.2540370002388954,"leadMs":8,"scheduleSkewMs":60.168436996638775,"schedulingMode":"timeline","audioStartHeadroomMs":-909.7595269978046,"audioStartGuard":"headroom","audioStartCompensationMs":160}
10-12 10:34:50.192 25077 25496 D OutputsAudio: [outputs-audio] stop gain=1.000 release=6.00
10-12 10:34:50.192 25077 25496 D OutputsAudio: [outputs-audio] playMorse.gap sequence=22 nextOffset=3072.000 gapTarget=47464408.092
10-12 10:34:50.193 25077 25496 D OutputsAudio: [outputs-audio] playMorse.dispatch sequence=23 symbol=- offset=3072.000 lead=90.000 dispatchAt=47464318.092
10-12 10:34:50.193 25077 25496 D OutputsAudio: [outputs-audio] start hz=650.0 gain=1.000 attack=2.50 release=6.00
10-12 10:34:50.193 25077 25496 D OutputsAudio: [outputs-audio] playMorse.symbol.start sequence=23 symbol=- expected=47464408.092 actual=47465350.489 skew=942.398 batchElapsed=4014.398
10-12 10:34:50.258 25077 25158 D OutputsAudio: [outputs-audio] symbol.info sequence=23 symbol=- timestamp=47465350.489 duration=144.000 expected=47464408.092 skew=942.398 age=0.000
10-12 10:34:50.260 25077 25158 I ReactNativeJS: [outputs] playMorse.symbol {"timestamp":47465325.584704,"wallClock":1760279690258,"symbol":"-","durationMs":144,"index":22,"source":"console.replay","correlationId":"console-replay:l41wup63","nativeTimestampMs":47465350.489,"nativeDurationMs":144,"nativeOffsetMs":-25.012420997023582,"nativeSequence":23,"monotonicTimestampMs":47465350.489,"nativeExpectedTimestampMs":47464408.092,"nativeStartSkewMs":942.398,"nativeBatchElapsedMs":4014.398,"nativeExpectedSincePriorMs":192,"nativeSincePriorMs":235.435,"nativePatternStartMs":47461336.092,"nativeAgeMs":0}
10-12 10:34:50.260 25077 25158 I ReactNativeJS: [outputs] playMorse.symbol {"timestamp":47465326.828245,"wallClock":1760279690260,"symbol":"-","durationMs":144,"index":22,"source":"console.replay","correlationId":"console-replay:mgnt2tqs2zx4v7rs","nativeTimestampMs":47465350.489,"nativeDurationMs":144,"nativeOffsetMs":-25.012420997023582,"nativeSequence":23,"monotonicTimestampMs":47465350.489,"nativeExpectedTimestampMs":47464408.092,"nativeStartSkewMs":942.398,"nativeBatchElapsedMs":4014.398,"nativeExpectedSincePriorMs":192,"nativeSincePriorMs":235.435,"nativePatternStartMs":47461336.092,"nativeAgeMs":0}
10-12 10:34:50.323 25077 25158 I ReactNativeJS: [outputs] outputs.hapticSymbol {"timestamp":47465390.088714,"wallClock":1760279690323,"enabled":true,"symbol":"-","durationMs":144,"platform":"android","source":"console.replay","correlationId":"console-replay:mgnt2tqs2zx4v7rs","timelineOffsetMs":null}
10-12 10:34:50.324 25077 25158 I ReactNativeJS: [outputs] outputs.flashPulse {"timestamp":47465390.797152,"wallClock":1760279690324,"enabled":true,"durationMs":144,"source":"console.replay","correlationId":"console-replay:mgnt2tqs2zx4v7rs","timelineOffsetMs":-25.012420997023582,"schedulingMode":"timeline","audioStartHeadroomMs":-990.692703999579,"audioStartGuard":"headroom","audioStartCompensationMs":160}
10-12 10:34:50.389 25077 25158 I ReactNativeJS: [outputs] outputs.flashPulse.commit {"timestamp":47465455.57585,"wallClock":1760279690388,"durationMs":144,"source":"console.replay","correlationId":"console-replay:mgnt2tqs2zx4v7rs","latencyMs":105.07804699987173,"timelineOffsetMs":-25.012420997023582,"leadMs":8,"scheduleSkewMs":64.78046800196171,"schedulingMode":"timeline","audioStartHeadroomMs":-990.692703999579,"audioStartGuard":"headroom","audioStartCompensationMs":160}
10-12 10:34:50.428 25077 25496 D OutputsAudio: [outputs-audio] stop gain=1.000 release=6.00
10-12 10:34:50.428 25077 25496 D OutputsAudio: [outputs-audio] playMorse.gap sequence=23 nextOffset=3264.000 gapTarget=47464600.092
10-12 10:34:50.428 25077 25496 D OutputsAudio: [outputs-audio] playMorse.dispatch sequence=24 symbol=- offset=3264.000 lead=90.000 dispatchAt=47464510.092
10-12 10:34:50.428 25077 25496 D OutputsAudio: [outputs-audio] start hz=650.0 gain=1.000 attack=2.50 release=6.00
10-12 10:34:50.429 25077 25496 D OutputsAudio: [outputs-audio] playMorse.symbol.start sequence=24 symbol=- expected=47464600.092 actual=47465585.616 skew=985.524 batchElapsed=4249.524
10-12 10:34:50.496 25077 25158 D OutputsAudio: [outputs-audio] symbol.info sequence=24 symbol=- timestamp=47465585.616 duration=144.000 expected=47464600.092 skew=985.524 age=0.000
10-12 10:34:50.496 25077 25158 I ReactNativeJS: [outputs] playMorse.symbol {"timestamp":47465562.857204,"wallClock":1760279690496,"symbol":"-","durationMs":144,"index":23,"source":"console.replay","correlationId":"console-replay:qesfwqp9","nativeTimestampMs":47465585.616,"nativeDurationMs":144,"nativeOffsetMs":-22.833691999316216,"nativeSequence":24,"monotonicTimestampMs":47465585.616,"nativeExpectedTimestampMs":47464600.092,"nativeStartSkewMs":985.524,"nativeBatchElapsedMs":4249.524,"nativeExpectedSincePriorMs":192,"nativeSincePriorMs":235.126,"nativePatternStartMs":47461336.092,"nativeAgeMs":0}
10-12 10:34:50.497 25077 25158 I ReactNativeJS: [outputs] playMorse.symbol {"timestamp":47465563.576006,"wallClock":1760279690496,"symbol":"-","durationMs":144,"index":23,"source":"console.replay","correlationId":"console-replay:mgnt2txc454pww9b","nativeTimestampMs":47465585.616,"nativeDurationMs":144,"nativeOffsetMs":-22.833691999316216,"nativeSequence":24,"monotonicTimestampMs":47465585.616,"nativeExpectedTimestampMs":47464600.092,"nativeStartSkewMs":985.524,"nativeBatchElapsedMs":4249.524,"nativeExpectedSincePriorMs":192,"nativeSincePriorMs":235.126,"nativePatternStartMs":47461336.092,"nativeAgeMs":0}
10-12 10:34:50.551 25077 25158 I ReactNativeJS: [outputs] outputs.hapticSymbol {"timestamp":47465617.430589,"wallClock":1760279690550,"enabled":true,"symbol":"-","durationMs":144,"platform":"android","source":"console.replay","correlationId":"console-replay:mgnt2txc454pww9b","timelineOffsetMs":null}
10-12 10:34:50.554 25077 25158 I ReactNativeJS: [outputs] outputs.flashPulse {"timestamp":47465620.866422,"wallClock":1760279690554,"enabled":true,"durationMs":144,"source":"console.replay","correlationId":"console-replay:mgnt2txc454pww9b","timelineOffsetMs":-22.833691999316216,"schedulingMode":"timeline","audioStartHeadroomMs":-1028.7579640001059,"audioStartGuard":"headroom","audioStartCompensationMs":160}
10-12 10:34:50.606 25077 25158 I ReactNativeJS: [outputs] outputs.flashPulse.commit {"timestamp":47465672.674287,"wallClock":1760279690606,"durationMs":144,"source":"console.replay","correlationId":"console-replay:mgnt2txc454pww9b","latencyMs":87.04984900355339,"timelineOffsetMs":-22.833691999316216,"leadMs":8,"scheduleSkewMs":51.81369700282812,"schedulingMode":"timeline","audioStartHeadroomMs":-1028.7579640001059,"audioStartGuard":"headroom","audioStartCompensationMs":160}
10-12 10:34:50.663 25077 25496 D OutputsAudio: [outputs-audio] stop gain=1.000 release=6.00
10-12 10:34:50.663 25077 25496 D OutputsAudio: [outputs-audio] playMorse.gap sequence=24 nextOffset=3456.000 gapTarget=47464792.092
10-12 10:34:50.663 25077 25496 D OutputsAudio: [outputs-audio] playMorse.dispatch sequence=25 symbol=. offset=3456.000 lead=90.000 dispatchAt=47464702.092
10-12 10:34:50.663 25077 25496 D OutputsAudio: [outputs-audio] start hz=650.0 gain=1.000 attack=2.50 release=6.00
10-12 10:34:50.663 25077 25496 D OutputsAudio: [outputs-audio] playMorse.symbol.start sequence=25 symbol=. expected=47464792.092 actual=47465820.419 skew=1028.328 batchElapsed=4484.328
