10-11 14:47:26.237 21612 21675 D OutputsAudio: [outputs-audio] symbol.info sequence=14 symbol=. timestamp=9469703.662 duration=40.000
10-11 14:47:26.238 21612 21675 I ReactNativeJS: [outputs] playMorse.symbol {"timestamp":9469758.826281,"wallClock":1760208446237,"symbol":".","durationMs":40,"index":13,"source":"console.replay","correlationId":"console-replay:mgmmnti55u0yeq55","nativeTimestampMs":9469703.662,"nativeDurationMs":40,"nativeOffsetMs":55.1119369994849,"nativeSequence":14,"monotonicTimestampMs":9469703.662}
10-11 14:47:26.238 21612 21675 I ReactNativeJS: [outputs] outputs.hapticSymbol {"timestamp":9469759.319354,"wallClock":1760208446238,"enabled":true,"symbol":".","durationMs":40,"platform":"android","source":"console.replay","correlationId":"console-replay:mgmmnti55u0yeq55","timelineOffsetMs":55.1119369994849}
10-11 14:47:26.239 21612 21675 I ReactNativeJS: [outputs] outputs.flashPulse {"timestamp":9469760.031281,"wallClock":1760208446238,"enabled":true,"durationMs":40,"source":"console.replay","correlationId":"console-replay:mgmmnti55u0yeq55","timelineOffsetMs":55.1119369994849}
10-11 14:47:26.263 21612 23247 D OutputsAudio: [outputs-audio] start hz=700.0 gain=1.000 attack=2.50 release=6.00
10-11 14:47:26.294 21612 21675 I ReactNativeJS: [outputs] outputs.flashPulse.commit {"timestamp":9469815.542896,"wallClock":1760208446294,"durationMs":40,"source":"console.replay","correlationId":"console-replay:mgmmnti55u0yeq55","latencyMs":56.7644800003618,"timelineOffsetMs":55.1119369994849}
10-11 14:47:26.304 21612 23247 D OutputsAudio: [outputs-audio] stop gain=1.000 release=6.00
10-11 14:47:26.338 21612 21675 D OutputsAudio: [outputs-audio] symbol.info sequence=15 symbol=. timestamp=9469785.077 duration=40.000
10-11 14:47:26.338 21612 21675 I ReactNativeJS: [outputs] playMorse.symbol {"timestamp":9469859.582479,"wallClock":1760208446338,"symbol":".","durationMs":40,"index":14,"source":"console.replay","correlationId":"console-replay:mgmmntkyn1syokq8","nativeTimestampMs":9469785.077,"nativeDurationMs":40,"nativeOffsetMs":74.45375999994576,"nativeSequence":15,"monotonicTimestampMs":9469785.077}
10-11 14:47:26.339 21612 21675 I ReactNativeJS: [outputs] outputs.hapticSymbol {"timestamp":9469860.076177,"wallClock":1760208446338,"enabled":true,"symbol":".","durationMs":40,"platform":"android","source":"console.replay","correlationId":"console-replay:mgmmntkyn1syokq8","timelineOffsetMs":74.45375999994576}
10-11 14:47:26.339 21612 21675 I ReactNativeJS: [outputs] outputs.flashPulse {"timestamp":9469860.77201,"wallClock":1760208446339,"enabled":true,"durationMs":40,"source":"console.replay","correlationId":"console-replay:mgmmntkyn1syokq8","timelineOffsetMs":74.45375999994576}
10-11 14:47:26.345 21612 23247 D OutputsAudio: [outputs-audio] start hz=700.0 gain=1.000 attack=2.50 release=6.00
10-11 14:47:26.394 21612 21675 D OutputsAudio: [outputs-audio] symbol.info sequence=16 symbol=- timestamp=9469866.646 duration=120.000
10-11 14:47:26.395 21612 21675 I ReactNativeJS: [outputs] playMorse.symbol {"timestamp":9469916.134875,"wallClock":1760208446395,"symbol":"-","durationMs":120,"index":15,"source":"console.replay","correlationId":"console-replay:mgmmntmilpz6w6nk","nativeTimestampMs":9469866.646,"nativeDurationMs":120,"nativeOffsetMs":49.44330199994147,"nativeSequence":16,"monotonicTimestampMs":9469866.646}
10-11 14:47:26.395 21612 21675 I ReactNativeJS: [outputs] outputs.hapticSymbol {"timestamp":9469916.599562,"wallClock":1760208446395,"enabled":true,"symbol":"-","durationMs":120,"platform":"android","source":"console.replay","correlationId":"console-replay:mgmmntmilpz6w6nk","timelineOffsetMs":49.44330199994147}
10-11 14:47:26.396 21612 21675 I ReactNativeJS: [outputs] outputs.flashPulse {"timestamp":9469917.285083,"wallClock":1760208446396,"enabled":true,"durationMs":120,"source":"console.replay","correlationId":"console-replay:mgmmntmilpz6w6nk","timelineOffsetMs":49.44330199994147}
10-11 14:47:26.445 21612 21675 I ReactNativeJS: [outputs] outputs.flashPulse.commit {"timestamp":9469966.183729,"wallClock":1760208446445,"durationMs":40,"source":"console.replay","correlationId":"console-replay:mgmmntkyn1syokq8","latencyMs":106.64833400025964,"timelineOffsetMs":74.45375999994576}
10-11 14:47:26.466 21612 23247 D OutputsAudio: [outputs-audio] stop gain=1.000 release=6.00
10-11 14:47:26.488 21612 21675 I ReactNativeJS: [outputs] outputs.flashPulse.commit {"timestamp":9470009.042531,"wallClock":1760208446487,"durationMs":120,"source":"console.replay","correlationId":"console-replay:mgmmntmilpz6w6nk","latencyMs":92.9485940001905,"timelineOffsetMs":49.44330199994147}
10-11 14:47:26.506 21612 23247 D OutputsAudio: [outputs-audio] start hz=700.0 gain=1.000 attack=2.50 release=6.00
10-11 14:47:26.540 21612 21675 D OutputsAudio: [outputs-audio] symbol.info sequence=17 symbol=- timestamp=9470028.642 duration=120.000
10-11 14:47:26.540 21612 21675 I ReactNativeJS: [outputs] playMorse.symbol {"timestamp":9470061.361854,"wallClock":1760208446540,"symbol":"-","durationMs":120,"index":16,"source":"console.replay","correlationId":"console-replay:mgmmntqkb31n5u1h","nativeTimestampMs":9470028.642,"nativeDurationMs":120,"nativeOffsetMs":32.67167699895799,"nativeSequence":17,"monotonicTimestampMs":9470028.642}
10-11 14:47:26.540 21612 21675 I ReactNativeJS: [outputs] outputs.hapticSymbol {"timestamp":9470061.848573,"wallClock":1760208446540,"enabled":true,"symbol":"-","durationMs":120,"platform":"android","source":"console.replay","correlationId":"console-replay:mgmmntqkb31n5u1h","timelineOffsetMs":32.67167699895799}
10-11 14:47:26.541 21612 21675 I ReactNativeJS: [outputs] outputs.flashPulse {"timestamp":9470062.546542,"wallClock":1760208446541,"enabled":true,"durationMs":120,"source":"console.replay","correlationId":"console-replay:mgmmntqkb31n5u1h","timelineOffsetMs":32.67167699895799}
10-11 14:47:26.596 21612 21675 I ReactNativeJS: [outputs] outputs.flashPulse.commit {"timestamp":9470117.797531,"wallClock":1760208446596,"durationMs":120,"source":"console.replay","correlationId":"console-replay:mgmmntqkb31n5u1h","latencyMs":56.47958300076425,"timelineOffsetMs":32.67167699895799}
10-11 14:47:26.628 21612 23247 D OutputsAudio: [outputs-audio] stop gain=1.000 release=6.00
10-11 14:47:26.668 21612 23247 D OutputsAudio: [outputs-audio] start hz=700.0 gain=1.000 attack=2.50 release=6.00
10-11 14:47:26.693 21612 21675 D OutputsAudio: [outputs-audio] symbol.info sequence=18 symbol=- timestamp=9470190.239 duration=120.000
10-11 14:47:26.694 21612 21675 I ReactNativeJS: [outputs] playMorse.symbol {"timestamp":9470214.665604,"wallClock":1760208446693,"symbol":"-","durationMs":120,"index":17,"source":"console.replay","correlationId":"console-replay:mgmmntut15zx3gth","nativeTimestampMs":9470190.239,"nativeDurationMs":120,"nativeOffsetMs":24.344884999096394,"nativeSequence":18,"monotonicTimestampMs":9470190.239}
10-11 14:47:26.694 21612 21675 I ReactNativeJS: [outputs] outputs.hapticSymbol {"timestamp":9470215.440396,"wallClock":1760208446694,"enabled":true,"symbol":"-","durationMs":120,"platform":"android","source":"console.replay","correlationId":"console-replay:mgmmntut15zx3gth","timelineOffsetMs":24.344884999096394}
10-11 14:47:26.695 21612 21675 I ReactNativeJS: [outputs] outputs.flashPulse {"timestamp":9470216.702062,"wallClock":1760208446695,"enabled":true,"durationMs":120,"source":"console.replay","correlationId":"console-replay:mgmmntut15zx3gth","timelineOffsetMs":24.344884999096394}
10-11 14:47:26.749 21612 21675 I ReactNativeJS: [outputs] outputs.flashPulse.commit {"timestamp":9470270.431385,"wallClock":1760208446749,"durationMs":120,"source":"console.replay","correlationId":"console-replay:mgmmntut15zx3gth","latencyMs":55.84270900115371,"timelineOffsetMs":24.344884999096394}
10-11 14:47:26.789 21612 23247 D OutputsAudio: [outputs-audio] stop gain=1.000 release=6.00
10-11 14:47:26.829 21612 23247 D OutputsAudio: [outputs-audio] start hz=700.0 gain=1.000 attack=2.50 release=6.00
10-11 14:47:26.856 21612 21675 D OutputsAudio: [outputs-audio] symbol.info sequence=19 symbol=. timestamp=9470350.929 duration=40.000
10-11 14:47:26.857 21612 21675 I ReactNativeJS: [outputs] playMorse.symbol {"timestamp":9470377.665656,"wallClock":1760208446856,"symbol":".","durationMs":40,"index":18,"source":"console.replay","correlationId":"console-replay:mgmmntzc8wz27pah","nativeTimestampMs":9470350.929,"nativeDurationMs":40,"nativeOffsetMs":26.638271000236273,"nativeSequence":19,"monotonicTimestampMs":9470350.929}
10-11 14:47:26.858 21612 21675 I ReactNativeJS: [outputs] outputs.hapticSymbol {"timestamp":9470378.708885,"wallClock":1760208446857,"enabled":true,"symbol":".","durationMs":40,"platform":"android","source":"console.replay","correlationId":"console-replay:mgmmntzc8wz27pah","timelineOffsetMs":26.638271000236273}
10-11 14:47:26.859 21612 21675 I ReactNativeJS: [outputs] outputs.flashPulse {"timestamp":9470379.917166,"wallClock":1760208446858,"enabled":true,"durationMs":40,"source":"console.replay","correlationId":"console-replay:mgmmntzc8wz27pah","timelineOffsetMs":26.638271000236273}
10-11 14:47:26.870 21612 23247 D OutputsAudio: [outputs-audio] stop gain=1.000 release=6.00
10-11 14:47:26.910 21612 23247 D OutputsAudio: [outputs-audio] start hz=700.0 gain=1.000 attack=2.50 release=6.00
10-11 14:47:26.914 21612 21675 I ReactNativeJS: [outputs] outputs.flashPulse.commit {"timestamp":9470435.081854,"wallClock":1760208446913,"durationMs":40,"source":"console.replay","correlationId":"console-replay:mgmmntzc8wz27pah","latencyMs":57.509947000071406,"timelineOffsetMs":26.638271000236273}
10-11 14:47:26.951 21612 23247 D OutputsAudio: [outputs-audio] stop gain=1.000 release=6.00
10-11 14:47:26.967 21612 21675 D OutputsAudio: [outputs-audio] symbol.info sequence=20 symbol=. timestamp=9470431.922 duration=40.000
10-11 14:47:26.968 21612 21675 I ReactNativeJS: [outputs] playMorse.symbol {"timestamp":9470489.210343,"wallClock":1760208446968,"symbol":".","durationMs":40,"index":19,"source":"console.replay","correlationId":"console-replay:mgmmnu2gcodgivts","nativeTimestampMs":9470431.922,"nativeDurationMs":40,"nativeOffsetMs":57.23907299898565,"nativeSequence":20,"monotonicTimestampMs":9470431.922}
10-11 14:47:26.968 21612 21675 I ReactNativeJS: [outputs] outputs.hapticSymbol {"timestamp":9470489.706125,"wallClock":1760208446968,"enabled":true,"symbol":".","durationMs":40,"platform":"android","source":"console.replay","correlationId":"console-replay:mgmmnu2gcodgivts","timelineOffsetMs":57.23907299898565}
10-11 14:47:26.969 21612 21675 I ReactNativeJS: [outputs] outputs.flashPulse {"timestamp":9470490.452427,"wallClock":1760208446969,"enabled":true,"durationMs":40,"source":"console.replay","correlationId":"console-replay:mgmmnu2gcodgivts","timelineOffsetMs":57.23907299898565}
10-11 14:47:26.992 21612 23247 D OutputsAudio: [outputs-audio] start hz=700.0 gain=1.000 attack=2.50 release=6.00
10-11 14:47:27.020 21612 21675 I ReactNativeJS: [outputs] outputs.flashPulse.commit {"timestamp":9470541.374614,"wallClock":1760208447020,"durationMs":40,"source":"console.replay","correlationId":"console-replay:mgmmnu2gcodgivts","latencyMs":52.208854001015425,"timelineOffsetMs":57.23907299898565}
10-11 14:47:27.032 21612 23247 D OutputsAudio: [outputs-audio] stop gain=1.000 release=6.00
10-11 14:47:27.064 21612 21675 D OutputsAudio: [outputs-audio] symbol.info sequence=21 symbol=. timestamp=9470513.436 duration=40.000
10-11 14:47:27.065 21612 21675 I ReactNativeJS: [outputs] playMorse.symbol {"timestamp":9470585.937166,"wallClock":1760208447064,"symbol":".","durationMs":40,"index":20,"source":"console.replay","correlationId":"console-replay:mgmmnu54k8deq4hy","nativeTimestampMs":9470513.436,"nativeDurationMs":40,"nativeOffsetMs":72.44991599954665,"nativeSequence":21,"monotonicTimestampMs":9470513.436}
10-11 14:47:27.065 21612 21675 I ReactNativeJS: [outputs] outputs.hapticSymbol {"timestamp":9470586.440135,"wallClock":1760208447065,"enabled":true,"symbol":".","durationMs":40,"platform":"android","source":"console.replay","correlationId":"console-replay:mgmmnu54k8deq4hy","timelineOffsetMs":72.44991599954665}
10-11 14:47:27.066 21612 21675 I ReactNativeJS: [outputs] outputs.flashPulse {"timestamp":9470587.169718,"wallClock":1760208447066,"enabled":true,"durationMs":40,"source":"console.replay","correlationId":"console-replay:mgmmnu54k8deq4hy","timelineOffsetMs":72.44991599954665}
10-11 14:47:27.073 21612 23247 D OutputsAudio: [outputs-audio] start hz=700.0 gain=1.000 attack=2.50 release=6.00
10-11 14:47:27.122 21612 21675 D OutputsAudio: [outputs-audio] symbol.info sequence=22 symbol=- timestamp=9470594.351 duration=120.000
10-11 14:47:27.122 21612 21675 I ReactNativeJS: [outputs] playMorse.symbol {"timestamp":9470643.222791,"wallClock":1760208447122,"symbol":"-","durationMs":120,"index":21,"source":"console.replay","correlationId":"console-replay:mgmmnu6qudb1hh12","nativeTimestampMs":9470594.351,"nativeDurationMs":120,"nativeOffsetMs":48.828092999756336,"nativeSequence":22,"monotonicTimestampMs":9470594.351}
10-11 14:47:27.122 21612 21675 I ReactNativeJS: [outputs] outputs.hapticSymbol {"timestamp":9470643.692791,"wallClock":1760208447122,"enabled":true,"symbol":"-","durationMs":120,"platform":"android","source":"console.replay","correlationId":"console-replay:mgmmnu6qudb1hh12","timelineOffsetMs":48.828092999756336}
10-11 14:47:27.123 21612 21675 I ReactNativeJS: [outputs] outputs.flashPulse {"timestamp":9470644.404666,"wallClock":1760208447123,"enabled":true,"durationMs":120,"source":"console.replay","correlationId":"console-replay:mgmmnu6qudb1hh12","timelineOffsetMs":48.828092999756336}
10-11 14:47:27.179 21612 21675 I ReactNativeJS: [outputs] outputs.flashPulse.commit {"timestamp":9470700.111281,"wallClock":1760208447178,"durationMs":40,"source":"console.replay","correlationId":"console-replay:mgmmnu54k8deq4hy","latencyMs":114.22036499902606,"timelineOffsetMs":72.44991599954665}
10-11 14:47:27.193 21612 23247 D OutputsAudio: [outputs-audio] stop gain=1.000 release=6.00
10-11 14:47:27.225 21612 21675 I ReactNativeJS: [outputs] outputs.flashPulse.commit {"timestamp":9470746.187583,"wallClock":1760208447225,"durationMs":120,"source":"console.replay","correlationId":"console-replay:mgmmnu6qudb1hh12","latencyMs":103.00411500036716,"timelineOffsetMs":48.828092999756336}
10-11 14:47:27.233 21612 23247 D OutputsAudio: [outputs-audio] start hz=700.0 gain=1.000 attack=2.50 release=6.00
10-11 14:47:27.274 21612 21675 D OutputsAudio: [outputs-audio] symbol.info sequence=23 symbol=- timestamp=9470754.871 duration=120.000
10-11 14:47:27.275 21612 21675 I ReactNativeJS: [outputs] playMorse.symbol {"timestamp":9470795.992635,"wallClock":1760208447274,"symbol":"-","durationMs":120,"index":22,"source":"console.replay","correlationId":"console-replay:mgmmnuayo8soxokc","nativeTimestampMs":9470754.871,"nativeDurationMs":120,"nativeOffsetMs":41.07205200009048,"nativeSequence":23,"monotonicTimestampMs":9470754.871}
10-11 14:47:27.275 21612 21675 I ReactNativeJS: [outputs] outputs.hapticSymbol {"timestamp":9470796.475864,"wallClock":1760208447275,"enabled":true,"symbol":"-","durationMs":120,"platform":"android","source":"console.replay","correlationId":"console-replay:mgmmnuayo8soxokc","timelineOffsetMs":41.07205200009048}
10-11 14:47:27.276 21612 21675 I ReactNativeJS: [outputs] outputs.flashPulse {"timestamp":9470797.182531,"wallClock":1760208447276,"enabled":true,"durationMs":120,"source":"console.replay","correlationId":"console-replay:mgmmnuayo8soxokc","timelineOffsetMs":41.07205200009048}
10-11 14:47:27.331 21612 21675 I ReactNativeJS: [outputs] outputs.flashPulse.commit {"timestamp":9470852.490708,"wallClock":1760208447331,"durationMs":120,"source":"console.replay","correlationId":"console-replay:mgmmnuayo8soxokc","latencyMs":56.542551999911666,"timelineOffsetMs":41.07205200009048}
10-11 14:47:27.354 21612 23247 D OutputsAudio: [outputs-audio] stop gain=1.000 release=6.00
10-11 14:47:27.395 21612 23247 D OutputsAudio: [outputs-audio] start hz=700.0 gain=1.000 attack=2.50 release=6.00
10-11 14:47:27.411 21612 21675 D OutputsAudio: [outputs-audio] symbol.info sequence=24 symbol=- timestamp=9470916.492 duration=120.000
10-11 14:47:27.412 21612 21675 I ReactNativeJS: [outputs] playMorse.symbol {"timestamp":9470932.840187,"wallClock":1760208447411,"symbol":"-","durationMs":120,"index":23,"source":"console.replay","correlationId":"console-replay:mgmmnuer4rz9nkd6","nativeTimestampMs":9470916.492,"nativeDurationMs":120,"nativeOffsetMs":16.239592999219894,"nativeSequence":24,"monotonicTimestampMs":9470916.492}
10-11 14:47:27.412 21612 21675 I ReactNativeJS: [outputs] outputs.hapticSymbol {"timestamp":9470933.713052,"wallClock":1760208447412,"enabled":true,"symbol":"-","durationMs":120,"platform":"android","source":"console.replay","correlationId":"console-replay:mgmmnuer4rz9nkd6","timelineOffsetMs":16.239592999219894}
10-11 14:47:27.413 21612 21675 I ReactNativeJS: [outputs] outputs.flashPulse {"timestamp":9470934.641333,"wallClock":1760208447413,"enabled":true,"durationMs":120,"source":"console.replay","correlationId":"console-replay:mgmmnuer4rz9nkd6","timelineOffsetMs":16.239592999219894}
10-11 14:47:27.465 21612 21675 I ReactNativeJS: [outputs] outputs.flashPulse.commit {"timestamp":9470986.035708,"wallClock":1760208447464,"durationMs":120,"source":"console.replay","correlationId":"console-replay:mgmmnuer4rz9nkd6","latencyMs":53.29911500029266,"timelineOffsetMs":16.239592999219894}
10-11 14:47:27.516 21612 23247 D OutputsAudio: [outputs-audio] stop gain=1.000 release=6.00
10-11 14:47:27.557 21612 23247 D OutputsAudio: [outputs-audio] start hz=700.0 gain=1.000 attack=2.50 release=6.00
10-11 14:47:27.572 21612 21675 D OutputsAudio: [outputs-audio] symbol.info sequence=25 symbol=. timestamp=9471078.735 duration=40.000
10-11 14:47:27.573 21612 21675 I ReactNativeJS: [outputs] playMorse.symbol {"timestamp":9471093.879145,"wallClock":1760208447572,"symbol":".","durationMs":40,"index":24,"source":"console.replay","correlationId":"console-replay:mgmmnuj8rso1mns7","nativeTimestampMs":9471078.735,"nativeDurationMs":40,"nativeOffsetMs":15.045916000381112,"nativeSequence":25,"monotonicTimestampMs":9471078.735}
10-11 14:47:27.574 21612 21675 I ReactNativeJS: [outputs] outputs.hapticSymbol {"timestamp":9471094.763468,"wallClock":1760208447573,"enabled":true,"symbol":".","durationMs":40,"platform":"android","source":"console.replay","correlationId":"console-replay:mgmmnuj8rso1mns7","timelineOffsetMs":15.045916000381112}
10-11 14:47:27.575 21612 21675 I ReactNativeJS: [outputs] outputs.flashPulse {"timestamp":9471096.121333,"wallClock":1760208447574,"enabled":true,"durationMs":40,"source":"console.replay","correlationId":"console-replay:mgmmnuj8rso1mns7","timelineOffsetMs":15.045916000381112}
10-11 14:47:27.598 21612 23247 D OutputsAudio: [outputs-audio] stop gain=1.000 release=6.00
10-11 14:47:27.633 21612 21675 I ReactNativeJS: [outputs] outputs.flashPulse.commit {"timestamp":9471154.285395,"wallClock":1760208447633,"durationMs":40,"source":"console.replay","correlationId":"console-replay:mgmmnuj8rso1mns7","latencyMs":60.49937500059605,"timelineOffsetMs":15.045916000381112}
10-11 14:47:27.639 21612 23247 D OutputsAudio: [outputs-audio] start hz=700.0 gain=1.000 attack=2.50 release=6.00
10-11 14:47:27.680 21612 23247 D OutputsAudio: [outputs-audio] stop gain=1.000 release=6.00
10-11 14:47:27.682 21612 21675 D OutputsAudio: [outputs-audio] symbol.info sequence=26 symbol=. timestamp=9471160.384 duration=40.000
10-11 14:47:27.683 21612 21675 I ReactNativeJS: [outputs] playMorse.symbol {"timestamp":9471203.924927,"wallClock":1760208447682,"symbol":".","durationMs":40,"index":25,"source":"console.replay","correlationId":"console-replay:mgmmnumain6152l2","nativeTimestampMs":9471160.384,"nativeDurationMs":40,"nativeOffsetMs":43.49019700102508,"nativeSequence":26,"monotonicTimestampMs":9471160.384}
10-11 14:47:27.683 21612 21675 I ReactNativeJS: [outputs] outputs.hapticSymbol {"timestamp":9471204.460343,"wallClock":1760208447683,"enabled":true,"symbol":".","durationMs":40,"platform":"android","source":"console.replay","correlationId":"console-replay:mgmmnumain6152l2","timelineOffsetMs":43.49019700102508}
10-11 14:47:27.684 21612 21675 I ReactNativeJS: [outputs] outputs.flashPulse {"timestamp":9471205.209562,"wallClock":1760208447684,"enabled":true,"durationMs":40,"source":"console.replay","correlationId":"console-replay:mgmmnumain6152l2","timelineOffsetMs":43.49019700102508}
10-11 14:47:27.721 21612 23247 D OutputsAudio: [outputs-audio] start hz=700.0 gain=1.000 attack=2.50 release=6.00
10-11 14:47:27.740 21612 21675 I ReactNativeJS: [outputs] outputs.flashPulse.commit {"timestamp":9471260.999197,"wallClock":1760208447739,"durationMs":40,"source":"console.replay","correlationId":"console-replay:mgmmnumain6152l2","latencyMs":57.12031299993396,"timelineOffsetMs":43.49019700102508}
10-11 14:47:27.761 21612 23247 D OutputsAudio: [outputs-audio] stop gain=1.000 release=6.00
10-11 14:47:27.791 21612 21675 D OutputsAudio: [outputs-audio] symbol.info sequence=27 symbol=. timestamp=9471242.334 duration=40.000
10-11 14:47:27.791 21612 21675 I ReactNativeJS: [outputs] playMorse.symbol {"timestamp":9471312.23576,"wallClock":1760208447791,"symbol":".","durationMs":40,"index":26,"source":"console.replay","correlationId":"console-replay:mgmmnupblxbycn7c","nativeTimestampMs":9471242.334,"nativeDurationMs":40,"nativeOffsetMs":69.854571999982,"nativeSequence":27,"monotonicTimestampMs":9471242.334}
10-11 14:47:27.791 21612 21675 I ReactNativeJS: [outputs] outputs.hapticSymbol {"timestamp":9471312.646124,"wallClock":1760208447791,"enabled":true,"symbol":".","durationMs":40,"platform":"android","source":"console.replay","correlationId":"console-replay:mgmmnupblxbycn7c","timelineOffsetMs":69.854571999982}
10-11 14:47:27.792 21612 21675 I ReactNativeJS: [outputs] outputs.flashPulse {"timestamp":9471313.370656,"wallClock":1760208447792,"enabled":true,"durationMs":40,"source":"console.replay","correlationId":"console-replay:mgmmnupblxbycn7c","timelineOffsetMs":69.854571999982}
10-11 14:47:27.802 21612 23247 D OutputsAudio: [outputs-audio] stop gain=0.000 release=6.00
10-11 14:47:27.802 21612 23247 D OutputsAudio: [outputs-audio] playMorse.end cancelled=0
10-11 14:47:27.846 21612 21675 I ReactNativeJS: [outputs] playMorse.complete {"timestamp":9471367.171645,"wallClock":1760208447846,"durationMs":3343.296926001087,"source":"console.replay","audioEnabled":true,"audioVolumePercent":100}
10-11 14:47:27.889 21612 21675 I ReactNativeJS: [outputs] outputs.flashPulse.commit {"timestamp":9471410.54076,"wallClock":1760208447889,"durationMs":40,"source":"console.replay","correlationId":"console-replay:mgmmnupblxbycn7c","latencyMs":98.34750000014901,"timelineOffsetMs":69.854571999982}
10-11 14:47:30.893 21612 21675 I ReactNativeJS: [outputs] playMorse.start {"timestamp":9474413.679977,"wallClock":1760208450892,"unitMs":34,"length":28,"source":"console.replay","audioEnabled":true,"audioVolumePercent":100}
10-11 14:47:31.007 21612 21675 D OutputsAudio: [outputs-audio] warmup hz=700.0
10-11 14:47:31.007 21612 23280 D OutputsAudio: [outputs-audio] playMorse.start count=27 unit=34.0
10-11 14:47:31.007 21612 23280 D OutputsAudio: [outputs-audio] start hz=700.0 gain=1.000 attack=2.50 release=6.00
10-11 14:47:31.026 21612 21675 D OutputsAudio: [outputs-audio] symbol.info sequence=1 symbol=. timestamp=9474529.082 duration=34.000
10-11 14:47:31.027 21612 21675 I ReactNativeJS: [outputs] playMorse.symbol {"timestamp":9474548.205759,"wallClock":1760208451027,"symbol":".","durationMs":34,"index":0,"source":"console.replay","correlationId":"console-replay:mgmmnx77mracl4u4","nativeTimestampMs":9474529.082,"nativeDurationMs":34,"nativeOffsetMs":18.999278999865055,"nativeSequence":1,"monotonicTimestampMs":9474529.082}
10-11 14:47:31.028 21612 21675 I ReactNativeJS: [outputs] outputs.hapticSymbol {"timestamp":9474549.083207,"wallClock":1760208451027,"enabled":true,"symbol":".","durationMs":34,"platform":"android","source":"console.replay","correlationId":"console-replay:mgmmnx77mracl4u4","timelineOffsetMs":18.999278999865055}
10-11 14:47:31.029 21612 21675 I ReactNativeJS: [outputs] outputs.flashPulse {"timestamp":9474550.127529,"wallClock":1760208451028,"enabled":true,"durationMs":34,"source":"console.replay","correlationId":"console-replay:mgmmnx77mracl4u4","timelineOffsetMs":18.999278999865055}
10-11 14:47:31.042 21612 23280 D OutputsAudio: [outputs-audio] stop gain=1.000 release=6.00
10-11 14:47:31.076 21612 23280 D OutputsAudio: [outputs-audio] start hz=700.0 gain=1.000 attack=2.50 release=6.00
10-11 14:47:31.087 21612 21675 I ReactNativeJS: [outputs] outputs.flashPulse.commit {"timestamp":9474608.204821,"wallClock":1760208451087,"durationMs":34,"source":"console.replay","correlationId":"console-replay:mgmmnx77mracl4u4","latencyMs":60.118854999542236,"timelineOffsetMs":18.999278999865055}
10-11 14:47:31.111 21612 23280 D OutputsAudio: [outputs-audio] stop gain=1.000 release=6.00
10-11 14:47:31.145 21612 21675 D OutputsAudio: [outputs-audio] symbol.info sequence=2 symbol=. timestamp=9474597.780 duration=34.000
10-11 14:47:31.146 21612 21675 I ReactNativeJS: [outputs] playMorse.symbol {"timestamp":9474666.738623,"wallClock":1760208451145,"symbol":".","durationMs":34,"index":1,"source":"console.replay","correlationId":"console-replay:mgmmnxahgoknyggo","nativeTimestampMs":9474597.78,"nativeDurationMs":34,"nativeOffsetMs":68.90789400041103,"nativeSequence":2,"monotonicTimestampMs":9474597.78}
10-11 14:47:31.146 21612 21675 I ReactNativeJS: [outputs] outputs.hapticSymbol {"timestamp":9474667.241852,"wallClock":1760208451146,"enabled":true,"symbol":".","durationMs":34,"platform":"android","source":"console.replay","correlationId":"console-replay:mgmmnxahgoknyggo","timelineOffsetMs":68.90789400041103}
10-11 14:47:31.147 21612 21675 I ReactNativeJS: [outputs] outputs.flashPulse {"timestamp":9474667.981123,"wallClock":1760208451146,"enabled":true,"durationMs":34,"source":"console.replay","correlationId":"console-replay:mgmmnxahgoknyggo","timelineOffsetMs":68.90789400041103}
10-11 14:47:31.147 21612 23280 D OutputsAudio: [outputs-audio] start hz=700.0 gain=1.000 attack=2.50 release=6.00
10-11 14:47:31.182 21612 23280 D OutputsAudio: [outputs-audio] stop gain=1.000 release=6.00
10-11 14:47:31.204 21612 21675 D OutputsAudio: [outputs-audio] symbol.info sequence=3 symbol=. timestamp=9474668.510 duration=34.000
10-11 14:47:31.204 21612 21675 I ReactNativeJS: [outputs] playMorse.symbol {"timestamp":9474725.367425,"wallClock":1760208451204,"symbol":".","durationMs":34,"index":2,"source":"console.replay","correlationId":"console-replay:mgmmnxc4goaykpb9","nativeTimestampMs":9474668.51,"nativeDurationMs":34,"nativeOffsetMs":56.813466999679804,"nativeSequence":3,"monotonicTimestampMs":9474668.51}
10-11 14:47:31.204 21612 21675 I ReactNativeJS: [outputs] outputs.hapticSymbol {"timestamp":9474725.841071,"wallClock":1760208451204,"enabled":true,"symbol":".","durationMs":34,"platform":"android","source":"console.replay","correlationId":"console-replay:mgmmnxc4goaykpb9","timelineOffsetMs":56.813466999679804}
10-11 14:47:31.205 21612 21675 I ReactNativeJS: [outputs] outputs.flashPulse {"timestamp":9474726.528519,"wallClock":1760208451205,"enabled":true,"durationMs":34,"source":"console.replay","correlationId":"console-replay:mgmmnxc4goaykpb9","timelineOffsetMs":56.813466999679804}
10-11 14:47:31.217 21612 23280 D OutputsAudio: [outputs-audio] start hz=700.0 gain=1.000 attack=2.50 release=6.00
10-11 14:47:31.263 21612 21675 I ReactNativeJS: [outputs] outputs.flashPulse.commit {"timestamp":9474783.799873,"wallClock":1760208451262,"durationMs":34,"source":"console.replay","correlationId":"console-replay:mgmmnxahgoknyggo","latencyMs":117.10651000030339,"timelineOffsetMs":68.90789400041103}
10-11 14:47:31.314 21612 21675 I ReactNativeJS: [outputs] outputs.flashPulse.commit {"timestamp":9474835.060706,"wallClock":1760208451313,"durationMs":34,"source":"console.replay","correlationId":"console-replay:mgmmnxc4goaykpb9","latencyMs":109.73229099996388,"timelineOffsetMs":56.813466999679804}
10-11 14:47:31.320 21612 23280 D OutputsAudio: [outputs-audio] stop gain=1.000 release=6.00
10-11 14:47:31.354 21612 23280 D OutputsAudio: [outputs-audio] start hz=700.0 gain=1.000 attack=2.50 release=6.00
10-11 14:47:31.358 21612 21675 D OutputsAudio: [outputs-audio] symbol.info sequence=5 symbol=- timestamp=9474876.208 duration=102.000
10-11 14:47:31.358 21612 21675 W ReactNativeJS: '[outputs-audio] native sequence jump', { previous: 3, next: 5, delta: 2 }
10-11 14:47:31.359 21612 21675 I ReactNativeJS: [outputs] playMorse.symbol {"timestamp":9474879.902581,"wallClock":1760208451358,"symbol":"-","durationMs":102,"index":3,"source":"console.replay","correlationId":"console-replay:mgmmnxge85poba8r","nativeTimestampMs":9474876.208,"nativeDurationMs":102,"nativeOffsetMs":3.6570809986442327,"nativeSequence":5,"monotonicTimestampMs":9474876.208}
10-11 14:47:31.359 21612 21675 I ReactNativeJS: [outputs] outputs.hapticSymbol {"timestamp":9474880.337633,"wallClock":1760208451359,"enabled":true,"symbol":"-","durationMs":102,"platform":"android","source":"console.replay","correlationId":"console-replay:mgmmnxge85poba8r","timelineOffsetMs":3.6570809986442327}
10-11 14:47:31.360 21612 21675 I ReactNativeJS: [outputs] outputs.flashPulse {"timestamp":9474881.026175,"wallClock":1760208451359,"enabled":true,"durationMs":102,"source":"console.replay","correlationId":"console-replay:mgmmnxge85poba8r","timelineOffsetMs":3.6570809986442327}
10-11 14:47:31.412 21612 21675 I ReactNativeJS: [outputs] outputs.flashPulse.commit {"timestamp":9474932.822321,"wallClock":1760208451411,"durationMs":102,"source":"console.replay","correlationId":"console-replay:mgmmnxge85poba8r","latencyMs":52.95296900160611,"timelineOffsetMs":3.6570809986442327}
10-11 14:47:31.459 21612 23280 D OutputsAudio: [outputs-audio] stop gain=1.000 release=6.00
10-11 14:47:31.494 21612 23280 D OutputsAudio: [outputs-audio] start hz=700.0 gain=1.000 attack=2.50 release=6.00
10-11 14:47:31.502 21612 21675 D OutputsAudio: [outputs-audio] symbol.info sequence=6 symbol=- timestamp=9475015.206 duration=102.000
10-11 14:47:31.503 21612 21675 I ReactNativeJS: [outputs] playMorse.symbol {"timestamp":9475024.173779,"wallClock":1760208451503,"symbol":"-","durationMs":102,"index":4,"source":"console.replay","correlationId":"console-replay:mgmmnxkfp1kzis4n","nativeTimestampMs":9475015.206,"nativeDurationMs":102,"nativeOffsetMs":8.888195998966694,"nativeSequence":6,"monotonicTimestampMs":9475015.206}
10-11 14:47:31.504 21612 21675 I ReactNativeJS: [outputs] outputs.hapticSymbol {"timestamp":9475025.001904,"wallClock":1760208451503,"enabled":true,"symbol":"-","durationMs":102,"platform":"android","source":"console.replay","correlationId":"console-replay:mgmmnxkfp1kzis4n","timelineOffsetMs":8.888195998966694}
10-11 14:47:31.505 21612 21675 I ReactNativeJS: [outputs] outputs.flashPulse {"timestamp":9475026.205342,"wallClock":1760208451505,"enabled":true,"durationMs":102,"source":"console.replay","correlationId":"console-replay:mgmmnxkfp1kzis4n","timelineOffsetMs":8.888195998966694}
10-11 14:47:31.581 21612 21675 I ReactNativeJS: [outputs] outputs.flashPulse.commit {"timestamp":9475102.536227,"wallClock":1760208451581,"durationMs":102,"source":"console.replay","correlationId":"console-replay:mgmmnxkfp1kzis4n","latencyMs":78.4375,"timelineOffsetMs":8.888195998966694}
10-11 14:47:31.596 21612 23280 D OutputsAudio: [outputs-audio] stop gain=1.000 release=6.00
10-11 14:47:31.631 21612 23280 D OutputsAudio: [outputs-audio] start hz=700.0 gain=1.000 attack=2.50 release=6.00
10-11 14:47:31.631 21612 21675 D OutputsAudio: [outputs-audio] symbol.info sequence=7 symbol=. timestamp=9475152.279 duration=34.000
10-11 14:47:31.632 21612 21675 I ReactNativeJS: [outputs] playMorse.symbol {"timestamp":9475152.840758,"wallClock":1760208451631,"symbol":"-","durationMs":102,"index":5,"source":"console.replay","correlationId":"console-replay:mgmmnxnz2xpw3z37","nativeTimestampMs":9475152.279,"nativeDurationMs":34,"nativeOffsetMs":0.5044670011848211,"nativeSequence":7,"monotonicTimestampMs":9475152.279}
10-11 14:47:31.632 21612 21675 I ReactNativeJS: [outputs] outputs.hapticSymbol {"timestamp":9475153.328988,"wallClock":1760208451632,"enabled":true,"symbol":"-","durationMs":102,"platform":"android","source":"console.replay","correlationId":"console-replay:mgmmnxnz2xpw3z37","timelineOffsetMs":0.5044670011848211}
10-11 14:47:31.633 21612 21675 I ReactNativeJS: [outputs] outputs.flashPulse {"timestamp":9475154.10404,"wallClock":1760208451632,"enabled":true,"durationMs":102,"source":"console.replay","correlationId":"console-replay:mgmmnxnz2xpw3z37","timelineOffsetMs":0.5044670011848211}
10-11 14:47:31.666 21612 23280 D OutputsAudio: [outputs-audio] stop gain=1.000 release=6.00
10-11 14:47:31.689 21612 21675 I ReactNativeJS: [outputs] outputs.flashPulse.commit {"timestamp":9475210.419665,"wallClock":1760208451689,"durationMs":102,"source":"console.replay","correlationId":"console-replay:mgmmnxnz2xpw3z37","latencyMs":57.6319270003587,"timelineOffsetMs":0.5044670011848211}
10-11 14:47:31.701 21612 23280 D OutputsAudio: [outputs-audio] start hz=700.0 gain=1.000 attack=2.50 release=6.00
10-11 14:47:31.732 21612 21675 D OutputsAudio: [outputs-audio] symbol.info sequence=8 symbol=. timestamp=9475222.360 duration=34.000
10-11 14:47:31.733 21612 21675 I ReactNativeJS: [outputs] playMorse.symbol {"timestamp":9475254.021123,"wallClock":1760208451732,"symbol":".","durationMs":34,"index":6,"source":"console.replay","correlationId":"console-replay:mgmmnxqsq555hivd","nativeTimestampMs":9475222.36,"nativeDurationMs":34,"nativeOffsetMs":31.61060200072825,"nativeSequence":8,"monotonicTimestampMs":9475222.36}
10-11 14:47:31.733 21612 21675 I ReactNativeJS: [outputs] outputs.hapticSymbol {"timestamp":9475254.50055,"wallClock":1760208451733,"enabled":true,"symbol":".","durationMs":34,"platform":"android","source":"console.replay","correlationId":"console-replay:mgmmnxqsq555hivd","timelineOffsetMs":31.61060200072825}
10-11 14:47:31.734 21612 21675 I ReactNativeJS: [outputs] outputs.flashPulse {"timestamp":9475255.199144,"wallClock":1760208451734,"enabled":true,"durationMs":34,"source":"console.replay","correlationId":"console-replay:mgmmnxqsq555hivd","timelineOffsetMs":31.61060200072825}
10-11 14:47:31.736 21612 23280 D OutputsAudio: [outputs-audio] stop gain=1.000 release=6.00
10-11 14:47:31.771 21612 23280 D OutputsAudio: [outputs-audio] start hz=700.0 gain=1.000 attack=2.50 release=6.00
10-11 14:47:31.793 21612 21675 D OutputsAudio: [outputs-audio] symbol.info sequence=9 symbol=. timestamp=9475293.009 duration=34.000
10-11 14:47:31.794 21612 21675 I ReactNativeJS: [outputs] playMorse.symbol {"timestamp":9475315.207008,"wallClock":1760208451794,"symbol":".","durationMs":34,"index":7,"source":"console.replay","correlationId":"console-replay:mgmmnxsiocldwn28","nativeTimestampMs":9475293.009,"nativeDurationMs":34,"nativeOffsetMs":22.152487000450492,"nativeSequence":9,"monotonicTimestampMs":9475293.009}
10-11 14:47:31.794 21612 21675 I ReactNativeJS: [outputs] outputs.hapticSymbol {"timestamp":9475315.668675,"wallClock":1760208451794,"enabled":true,"symbol":".","durationMs":34,"platform":"android","source":"console.replay","correlationId":"console-replay:mgmmnxsiocldwn28","timelineOffsetMs":22.152487000450492}
10-11 14:47:31.795 21612 21675 I ReactNativeJS: [outputs] outputs.flashPulse {"timestamp":9475316.365654,"wallClock":1760208451795,"enabled":true,"durationMs":34,"source":"console.replay","correlationId":"console-replay:mgmmnxsiocldwn28","timelineOffsetMs":22.152487000450492}
10-11 14:47:31.807 21612 23280 D OutputsAudio: [outputs-audio] stop gain=1.000 release=6.00
10-11 14:47:31.841 21612 23280 D OutputsAudio: [outputs-audio] start hz=700.0 gain=1.000 attack=2.50 release=6.00
10-11 14:47:31.884 21612 21675 I ReactNativeJS: [outputs] outputs.flashPulse.commit {"timestamp":9475397.364821,"wallClock":1760208451876,"durationMs":34,"source":"console.replay","correlationId":"console-replay:mgmmnxqsq555hivd","latencyMs":143.38218799978495,"timelineOffsetMs":31.61060200072825}
10-11 14:47:31.943 21612 23280 D OutputsAudio: [outputs-audio] stop gain=1.000 release=6.00
10-11 14:47:31.948 21612 21675 I ReactNativeJS: [outputs] outputs.flashPulse.commit {"timestamp":9475469.043831,"wallClock":1760208451947,"durationMs":34,"source":"console.replay","correlationId":"console-replay:mgmmnxsiocldwn28","latencyMs":153.87791699916124,"timelineOffsetMs":22.152487000450492}
10-11 14:47:31.978 21612 23280 D OutputsAudio: [outputs-audio] start hz=700.0 gain=1.000 attack=2.50 release=6.00
10-11 14:47:31.993 21612 21675 D OutputsAudio: [outputs-audio] symbol.info sequence=11 symbol=- timestamp=9475499.967 duration=102.000
10-11 14:47:31.994 21612 21675 W ReactNativeJS: '[outputs-audio] native sequence jump', { previous: 9, next: 11, delta: 2 }
10-11 14:47:31.994 21612 21675 I ReactNativeJS: [outputs] playMorse.symbol {"timestamp":9475515.564508,"wallClock":1760208451994,"symbol":".","durationMs":34,"index":8,"source":"console.replay","correlationId":"console-replay:mgmmnxy2vgkwmkcg","nativeTimestampMs":9475499.967,"nativeDurationMs":102,"nativeOffsetMs":15.558706000447273,"nativeSequence":11,"monotonicTimestampMs":9475499.967}
10-11 14:47:31.995 21612 21675 I ReactNativeJS: [outputs] outputs.hapticSymbol {"timestamp":9475515.959664,"wallClock":1760208451994,"enabled":true,"symbol":".","durationMs":34,"platform":"android","source":"console.replay","correlationId":"console-replay:mgmmnxy2vgkwmkcg","timelineOffsetMs":15.558706000447273}
10-11 14:47:31.995 21612 21675 I ReactNativeJS: [outputs] outputs.flashPulse {"timestamp":9475516.769196,"wallClock":1760208451995,"enabled":true,"durationMs":34,"source":"console.replay","correlationId":"console-replay:mgmmnxy2vgkwmkcg","timelineOffsetMs":15.558706000447273}
10-11 14:47:32.045 21612 21675 I ReactNativeJS: [outputs] outputs.flashPulse.commit {"timestamp":9475566.586071,"wallClock":1760208452045,"durationMs":34,"source":"console.replay","correlationId":"console-replay:mgmmnxy2vgkwmkcg","latencyMs":51.0558329988271,"timelineOffsetMs":15.558706000447273}
10-11 14:47:32.081 21612 23280 D OutputsAudio: [outputs-audio] stop gain=1.000 release=6.00
10-11 14:47:32.115 21612 23280 D OutputsAudio: [outputs-audio] start hz=700.0 gain=1.000 attack=2.50 release=6.00
10-11 14:47:32.140 21612 21675 D OutputsAudio: [outputs-audio] symbol.info sequence=12 symbol=- timestamp=9475636.773 duration=102.000
10-11 14:47:32.142 21612 21675 I ReactNativeJS: [outputs] playMorse.symbol {"timestamp":9475661.8718,"wallClock":1760208452140,"symbol":"-","durationMs":102,"index":9,"source":"console.replay","correlationId":"console-replay:mgmmny24aql3nqyz","nativeTimestampMs":9475636.773,"nativeDurationMs":102,"nativeOffsetMs":25.000987000763416,"nativeSequence":12,"monotonicTimestampMs":9475636.773}
10-11 14:47:32.145 21612 21675 I ReactNativeJS: [outputs] outputs.hapticSymbol {"timestamp":9475664.516435,"wallClock":1760208452143,"enabled":true,"symbol":"-","durationMs":102,"platform":"android","source":"console.replay","correlationId":"console-replay:mgmmny24aql3nqyz","timelineOffsetMs":25.000987000763416}
10-11 14:47:32.154 21612 21675 I ReactNativeJS: [outputs] outputs.flashPulse {"timestamp":9475674.422321,"wallClock":1760208452153,"enabled":true,"durationMs":102,"source":"console.replay","correlationId":"console-replay:mgmmny24aql3nqyz","timelineOffsetMs":25.000987000763416}
10-11 14:47:32.218 21612 23280 D OutputsAudio: [outputs-audio] stop gain=1.000 release=6.00
10-11 14:47:32.223 21612 21675 I ReactNativeJS: [outputs] outputs.flashPulse.commit {"timestamp":9475743.798362,"wallClock":1760208452222,"durationMs":102,"source":"console.replay","correlationId":"console-replay:mgmmny24aql3nqyz","latencyMs":82.02010399848223,"timelineOffsetMs":25.000987000763416}
10-11 14:47:32.253 21612 23280 D OutputsAudio: [outputs-audio] start hz=700.0 gain=1.000 attack=2.50 release=6.00
10-11 14:47:32.267 21612 21675 D OutputsAudio: [outputs-audio] symbol.info sequence=13 symbol=. timestamp=9475775.103 duration=34.000
10-11 14:47:32.268 21612 21675 I ReactNativeJS: [outputs] playMorse.symbol {"timestamp":9475789.049612,"wallClock":1760208452267,"symbol":"-","durationMs":102,"index":10,"source":"console.replay","correlationId":"console-replay:mgmmny5nbxqt51bk","nativeTimestampMs":9475775.103,"nativeDurationMs":34,"nativeOffsetMs":13.895831000059843,"nativeSequence":13,"monotonicTimestampMs":9475775.103}
10-11 14:47:32.268 21612 21675 I ReactNativeJS: [outputs] outputs.hapticSymbol {"timestamp":9475789.552633,"wallClock":1760208452268,"enabled":true,"symbol":"-","durationMs":102,"platform":"android","source":"console.replay","correlationId":"console-replay:mgmmny5nbxqt51bk","timelineOffsetMs":13.895831000059843}
10-11 14:47:32.269 21612 21675 I ReactNativeJS: [outputs] outputs.flashPulse {"timestamp":9475790.266956,"wallClock":1760208452269,"enabled":true,"durationMs":102,"source":"console.replay","correlationId":"console-replay:mgmmny5nbxqt51bk","timelineOffsetMs":13.895831000059843}
10-11 14:47:32.289 21612 23280 D OutputsAudio: [outputs-audio] stop gain=1.000 release=6.00
10-11 14:47:32.319 21612 21675 I ReactNativeJS: [outputs] outputs.flashPulse.commit {"timestamp":9475840.680185,"wallClock":1760208452319,"durationMs":102,"source":"console.replay","correlationId":"console-replay:mgmmny5nbxqt51bk","latencyMs":51.676927000284195,"timelineOffsetMs":13.895831000059843}
10-11 14:47:32.323 21612 23280 D OutputsAudio: [outputs-audio] start hz=700.0 gain=1.000 attack=2.50 release=6.00
10-11 14:47:32.358 21612 23280 D OutputsAudio: [outputs-audio] stop gain=1.000 release=6.00
10-11 14:47:32.363 21612 21675 D OutputsAudio: [outputs-audio] symbol.info sequence=14 symbol=. timestamp=9475844.813 duration=34.000
10-11 14:47:32.364 21612 21675 I ReactNativeJS: [outputs] playMorse.symbol {"timestamp":9475884.721227,"wallClock":1760208452363,"symbol":"-","durationMs":102,"index":11,"source":"console.replay","correlationId":"console-replay:mgmmny8b4u2nydtr","nativeTimestampMs":9475844.813,"nativeDurationMs":34,"nativeOffsetMs":39.858696000650525,"nativeSequence":14,"monotonicTimestampMs":9475844.813}
10-11 14:47:32.364 21612 21675 I ReactNativeJS: [outputs] outputs.hapticSymbol {"timestamp":9475885.186852,"wallClock":1760208452364,"enabled":true,"symbol":"-","durationMs":102,"platform":"android","source":"console.replay","correlationId":"console-replay:mgmmny8b4u2nydtr","timelineOffsetMs":39.858696000650525}
10-11 14:47:32.365 21612 21675 I ReactNativeJS: [outputs] outputs.flashPulse {"timestamp":9475885.912477,"wallClock":1760208452364,"enabled":true,"durationMs":102,"source":"console.replay","correlationId":"console-replay:mgmmny8b4u2nydtr","timelineOffsetMs":39.858696000650525}
10-11 14:47:32.393 21612 23280 D OutputsAudio: [outputs-audio] start hz=700.0 gain=1.000 attack=2.50 release=6.00
10-11 14:47:32.422 21612 21675 I ReactNativeJS: [outputs] outputs.flashPulse.commit {"timestamp":9475942.898623,"wallClock":1760208452421,"durationMs":102,"source":"console.replay","correlationId":"console-replay:mgmmny8b4u2nydtr","latencyMs":58.22270799987018,"timelineOffsetMs":39.858696000650525}
10-11 14:47:32.427 21612 23280 D OutputsAudio: [outputs-audio] stop gain=1.000 release=6.00
10-11 14:47:32.462 21612 23280 D OutputsAudio: [outputs-audio] start hz=700.0 gain=1.000 attack=2.50 release=6.00
10-11 14:47:32.465 21612 21675 D OutputsAudio: [outputs-audio] symbol.info sequence=16 symbol=- timestamp=9475983.270 duration=102.000
10-11 14:47:32.465 21612 21675 W ReactNativeJS: '[outputs-audio] native sequence jump', { previous: 14, next: 16, delta: 2 }
10-11 14:47:32.466 21612 21675 I ReactNativeJS: [outputs] playMorse.symbol {"timestamp":9475986.911071,"wallClock":1760208452465,"symbol":".","durationMs":34,"index":12,"source":"console.replay","correlationId":"console-replay:mgmmnyb55uy2hx4l","nativeTimestampMs":9475983.27,"nativeDurationMs":102,"nativeOffsetMs":3.605758000165224,"nativeSequence":16,"monotonicTimestampMs":9475983.27}
10-11 14:47:32.466 21612 21675 I ReactNativeJS: [outputs] outputs.hapticSymbol {"timestamp":9475987.292425,"wallClock":1760208452466,"enabled":true,"symbol":".","durationMs":34,"platform":"android","source":"console.replay","correlationId":"console-replay:mgmmnyb55uy2hx4l","timelineOffsetMs":3.605758000165224}
10-11 14:47:32.467 21612 21675 I ReactNativeJS: [outputs] outputs.flashPulse {"timestamp":9475988.032008,"wallClock":1760208452466,"enabled":true,"durationMs":34,"source":"console.replay","correlationId":"console-replay:mgmmnyb55uy2hx4l","timelineOffsetMs":3.605758000165224}
10-11 14:47:32.525 21612 21675 I ReactNativeJS: [outputs] outputs.flashPulse.commit {"timestamp":9476046.218779,"wallClock":1760208452525,"durationMs":34,"source":"console.replay","correlationId":"console-replay:mgmmnyb55uy2hx4l","latencyMs":59.33880200050771,"timelineOffsetMs":3.605758000165224}
10-11 14:47:32.564 21612 23280 D OutputsAudio: [outputs-audio] stop gain=1.000 release=6.00
10-11 14:47:32.599 21612 23280 D OutputsAudio: [outputs-audio] start hz=700.0 gain=1.000 attack=2.50 release=6.00
10-11 14:47:32.607 21612 21675 D OutputsAudio: [outputs-audio] symbol.info sequence=17 symbol=- timestamp=9476120.464 duration=102.000
10-11 14:47:32.609 21612 21675 I ReactNativeJS: [outputs] playMorse.symbol {"timestamp":9476129.223883,"wallClock":1760208452608,"symbol":".","durationMs":34,"index":13,"source":"console.replay","correlationId":"console-replay:mgmmnyf4w7nv2zhj","nativeTimestampMs":9476120.464,"nativeDurationMs":102,"nativeOffsetMs":8.685663999989629,"nativeSequence":17,"monotonicTimestampMs":9476120.464}
10-11 14:47:32.609 21612 21675 I ReactNativeJS: [outputs] outputs.hapticSymbol {"timestamp":9476130.382998,"wallClock":1760208452609,"enabled":true,"symbol":".","durationMs":34,"platform":"android","source":"console.replay","correlationId":"console-replay:mgmmnyf4w7nv2zhj","timelineOffsetMs":8.685663999989629}
10-11 14:47:32.612 21612 21675 I ReactNativeJS: [outputs] outputs.flashPulse {"timestamp":9476133.217998,"wallClock":1760208452612,"enabled":true,"durationMs":34,"source":"console.replay","correlationId":"console-replay:mgmmnyf4w7nv2zhj","timelineOffsetMs":8.685663999989629}
10-11 14:47:32.676 21612 21675 I ReactNativeJS: [outputs] outputs.flashPulse.commit {"timestamp":9476197.632789,"wallClock":1760208452676,"durationMs":34,"source":"console.replay","correlationId":"console-replay:mgmmnyf4w7nv2zhj","latencyMs":68.47812500037253,"timelineOffsetMs":8.685663999989629}
10-11 14:47:32.702 21612 23280 D OutputsAudio: [outputs-audio] stop gain=1.000 release=6.00
10-11 14:47:32.736 21612 23280 D OutputsAudio: [outputs-audio] start hz=700.0 gain=1.000 attack=2.50 release=6.00
10-11 14:47:32.752 21612 21675 D OutputsAudio: [outputs-audio] symbol.info sequence=18 symbol=- timestamp=9476257.712 duration=102.000
10-11 14:47:32.752 21612 21675 I ReactNativeJS: [outputs] playMorse.symbol {"timestamp":9476273.419143,"wallClock":1760208452752,"symbol":".","durationMs":34,"index":14,"source":"console.replay","correlationId":"console-replay:mgmmnyj4w6jj1yl6","nativeTimestampMs":9476257.712,"nativeDurationMs":102,"nativeOffsetMs":15.624956000596285,"nativeSequence":18,"monotonicTimestampMs":9476257.712}
10-11 14:47:32.753 21612 21675 I ReactNativeJS: [outputs] outputs.hapticSymbol {"timestamp":9476274.099508,"wallClock":1760208452752,"enabled":true,"symbol":".","durationMs":34,"platform":"android","source":"console.replay","correlationId":"console-replay:mgmmnyj4w6jj1yl6","timelineOffsetMs":15.624956000596285}
10-11 14:47:32.754 21612 21675 I ReactNativeJS: [outputs] outputs.flashPulse {"timestamp":9476275.023623,"wallClock":1760208452753,"enabled":true,"durationMs":34,"source":"console.replay","correlationId":"console-replay:mgmmnyj4w6jj1yl6","timelineOffsetMs":15.624956000596285}
10-11 14:47:32.805 21612 21675 I ReactNativeJS: [outputs] outputs.flashPulse.commit {"timestamp":9476325.94055,"wallClock":1760208452804,"durationMs":34,"source":"console.replay","correlationId":"console-replay:mgmmnyj4w6jj1yl6","latencyMs":52.5991660002619,"timelineOffsetMs":15.624956000596285}
10-11 14:47:32.839 21612 23280 D OutputsAudio: [outputs-audio] stop gain=1.000 release=6.00
10-11 14:47:32.873 21612 23280 D OutputsAudio: [outputs-audio] start hz=700.0 gain=1.000 attack=2.50 release=6.00
10-11 14:47:32.896 21612 21675 D OutputsAudio: [outputs-audio] symbol.info sequence=19 symbol=. timestamp=9476395.114 duration=34.000
10-11 14:47:32.897 21612 21675 I ReactNativeJS: [outputs] playMorse.symbol {"timestamp":9476418.069716,"wallClock":1760208452896,"symbol":"-","durationMs":102,"index":15,"source":"console.replay","correlationId":"console-replay:mgmmnyn4u4lrdl57","nativeTimestampMs":9476395.114,"nativeDurationMs":34,"nativeOffsetMs":22.870143000036478,"nativeSequence":19,"monotonicTimestampMs":9476395.114}
10-11 14:47:32.898 21612 21675 I ReactNativeJS: [outputs] outputs.hapticSymbol {"timestamp":9476418.890706,"wallClock":1760208452897,"enabled":true,"symbol":"-","durationMs":102,"platform":"android","source":"console.replay","correlationId":"console-replay:mgmmnyn4u4lrdl57","timelineOffsetMs":22.870143000036478}
10-11 14:47:32.899 21612 21675 I ReactNativeJS: [outputs] outputs.flashPulse {"timestamp":9476419.816695,"wallClock":1760208452898,"enabled":true,"durationMs":102,"source":"console.replay","correlationId":"console-replay:mgmmnyn4u4lrdl57","timelineOffsetMs":22.870143000036478}
10-11 14:47:32.908 21612 23280 D OutputsAudio: [outputs-audio] stop gain=1.000 release=6.00
10-11 14:47:32.942 21612 23280 D OutputsAudio: [outputs-audio] start hz=700.0 gain=1.000 attack=2.50 release=6.00
