10-11 19:32:32.898 12221 16384 I ReactNativeJS: [outputs] playMorse.symbol {"timestamp":26539076.127374,"wallClock":1760225552897,"symbol":"-","durationMs":120,"index":22,"source":"console.replay","correlationId":"console-replay:g6jpu5pg","nativeTimestampMs":26539065.404,"nativeDurationMs":120,"nativeOffsetMs":10.630977999418974,"nativeSequence":24,"monotonicTimestampMs":26539065.404,"nativeExpectedTimestampMs":26539033.462,"nativeStartSkewMs":31.942,"nativeBatchElapsedMs":2751.942,"nativeExpectedSincePriorMs":160,"nativeSincePriorMs":160.726,"nativePatternStartMs":26536313.462,"nativeAgeMs":10.481}
10-11 19:32:32.899 12221 16384 I ReactNativeJS: [outputs] playMorse.symbol {"timestamp":26539077.236801,"wallClock":1760225552898,"symbol":"-","durationMs":120,"index":22,"source":"console.replay","correlationId":"console-replay:mgmwuh36f4m1eonz","nativeTimestampMs":26539065.404,"nativeDurationMs":120,"nativeOffsetMs":10.630977999418974,"nativeSequence":24,"monotonicTimestampMs":26539065.404,"nativeExpectedTimestampMs":26539033.462,"nativeStartSkewMs":31.942,"nativeBatchElapsedMs":2751.942,"nativeExpectedSincePriorMs":160,"nativeSincePriorMs":160.726,"nativePatternStartMs":26536313.462,"nativeAgeMs":10.481}
10-11 19:32:32.899 12221 16384 I ReactNativeJS: [outputs] outputs.hapticSymbol {"timestamp":26539077.895603,"wallClock":1760225552899,"enabled":true,"symbol":"-","durationMs":120,"platform":"android","source":"console.replay","correlationId":"console-replay:mgmwuh36f4m1eonz","timelineOffsetMs":null}
10-11 19:32:32.902 12221 16384 I ReactNativeJS: [outputs] outputs.flashPulse {"timestamp":26539080.483884,"wallClock":1760225552901,"enabled":true,"durationMs":120,"source":"console.replay","correlationId":"console-replay:mgmwuh36f4m1eonz","timelineOffsetMs":10.630977999418974,"schedulingMode":"timeline","audioStartHeadroomMs":-55.00079099833965,"audioStartGuard":"headroom","audioStartCompensationMs":55.00079099833965}
10-11 19:32:32.968 12221 16384 I ReactNativeJS: [outputs] outputs.flashPulse.commit {"timestamp":26539146.783103,"wallClock":1760225552968,"durationMs":120,"source":"console.replay","correlationId":"console-replay:mgmwuh36f4m1eonz","latencyMs":70.73906300216913,"timelineOffsetMs":10.630977999418974,"leadMs":8,"scheduleSkewMs":66.30854200199246,"schedulingMode":"timeline","audioStartHeadroomMs":-55.00079099833965,"audioStartGuard":"headroom","audioStartCompensationMs":55.00079099833965}
10-11 19:32:33.006 12221 16986 D OutputsAudio: [outputs-audio] stop gain=1.000 release=6.00
10-11 19:32:33.047 12221 16986 D OutputsAudio: [outputs-audio] start hz=650.0 gain=1.000 attack=2.50 release=6.00
10-11 19:32:33.047 12221 16986 D OutputsAudio: [outputs-audio] playMorse.symbol.start sequence=25 symbol=. expected=26539193.462 actual=26539226.171 skew=32.709 batchElapsed=2912.709
10-11 19:32:33.049 12221 16384 D OutputsAudio: [outputs-audio] symbol.info sequence=25 symbol=. timestamp=26539226.171 duration=40.000 expected=26539193.462 skew=32.709 age=2.104
10-11 19:32:33.053 12221 16384 I ReactNativeJS: [outputs] playMorse.symbol {"timestamp":26539228.536072,"wallClock":1760225553049,"symbol":"-","durationMs":120,"index":23,"source":"console.replay","correlationId":"console-replay:lx9n3oj5","nativeTimestampMs":26539226.171,"nativeDurationMs":40,"nativeOffsetMs":2.2641859985888004,"nativeSequence":25,"monotonicTimestampMs":26539226.171,"nativeExpectedTimestampMs":26539193.462,"nativeStartSkewMs":32.709,"nativeBatchElapsedMs":2912.709,"nativeExpectedSincePriorMs":160,"nativeSincePriorMs":160.767,"nativePatternStartMs":26536313.462,"nativeAgeMs":2.104}
10-11 19:32:33.055 12221 16384 I ReactNativeJS: [outputs] playMorse.symbol {"timestamp":26539232.433728,"wallClock":1760225553053,"symbol":"-","durationMs":120,"index":23,"source":"console.replay","correlationId":"console-replay:mgmwuh7hxlc8e6w4","nativeTimestampMs":26539226.171,"nativeDurationMs":40,"nativeOffsetMs":2.2641859985888004,"nativeSequence":25,"monotonicTimestampMs":26539226.171,"nativeExpectedTimestampMs":26539193.462,"nativeStartSkewMs":32.709,"nativeBatchElapsedMs":2912.709,"nativeExpectedSincePriorMs":160,"nativeSincePriorMs":160.767,"nativePatternStartMs":26536313.462,"nativeAgeMs":2.104}
10-11 19:32:33.056 12221 16384 I ReactNativeJS: [outputs] outputs.hapticSymbol {"timestamp":26539233.898259,"wallClock":1760225553055,"enabled":true,"symbol":"-","durationMs":120,"platform":"android","source":"console.replay","correlationId":"console-replay:mgmwuh7hxlc8e6w4","timelineOffsetMs":null}
10-11 19:32:33.058 12221 16384 I ReactNativeJS: [outputs] outputs.flashPulse {"timestamp":26539236.682582,"wallClock":1760225553058,"enabled":true,"durationMs":120,"source":"console.replay","correlationId":"console-replay:mgmwuh7hxlc8e6w4","timelineOffsetMs":2.2641859985888004,"schedulingMode":"timeline","audioStartHeadroomMs":-51.20110299810767,"audioStartGuard":"headroom","audioStartCompensationMs":51.20110299810767}
10-11 19:32:33.087 12221 16986 D OutputsAudio: [outputs-audio] stop gain=1.000 release=6.00
10-11 19:32:33.124 12221 16384 I ReactNativeJS: [outputs] outputs.flashPulse.commit {"timestamp":26539302.242218,"wallClock":1760225553123,"durationMs":120,"source":"console.replay","correlationId":"console-replay:mgmwuh7hxlc8e6w4","latencyMs":73.79541699960828,"timelineOffsetMs":2.2641859985888004,"leadMs":8,"scheduleSkewMs":65.56479199975729,"schedulingMode":"timeline","audioStartHeadroomMs":-51.20110299810767,"audioStartGuard":"headroom","audioStartCompensationMs":51.20110299810767}
10-11 19:32:33.129 12221 16986 D OutputsAudio: [outputs-audio] start hz=650.0 gain=1.000 attack=2.50 release=6.00
10-11 19:32:33.129 12221 16986 D OutputsAudio: [outputs-audio] playMorse.symbol.start sequence=26 symbol=. expected=26539273.462 actual=26539307.921 skew=34.459 batchElapsed=2994.459
10-11 19:32:33.167 12221 16384 D OutputsAudio: [outputs-audio] symbol.info sequence=26 symbol=. timestamp=26539307.921 duration=40.000 expected=26539273.462 skew=34.459 age=37.686
10-11 19:32:33.167 12221 16384 I ReactNativeJS: [outputs] playMorse.symbol {"timestamp":26539345.742686,"wallClock":1760225553167,"symbol":".","durationMs":40,"index":24,"source":"console.replay","correlationId":"console-replay:ri1ptdsv","nativeTimestampMs":26539307.921,"nativeDurationMs":40,"nativeOffsetMs":37.773561000823975,"nativeSequence":26,"monotonicTimestampMs":26539307.921,"nativeExpectedTimestampMs":26539273.462,"nativeStartSkewMs":34.459,"nativeBatchElapsedMs":2994.459,"nativeExpectedSincePriorMs":80,"nativeSincePriorMs":81.75,"nativePatternStartMs":26536313.462,"nativeAgeMs":37.686}
10-11 19:32:33.168 12221 16384 I ReactNativeJS: [outputs] playMorse.symbol {"timestamp":26539346.341332,"wallClock":1760225553167,"symbol":".","durationMs":40,"index":24,"source":"console.replay","correlationId":"console-replay:mgmwuhanu0x6gm47","nativeTimestampMs":26539307.921,"nativeDurationMs":40,"nativeOffsetMs":37.773561000823975,"nativeSequence":26,"monotonicTimestampMs":26539307.921,"nativeExpectedTimestampMs":26539273.462,"nativeStartSkewMs":34.459,"nativeBatchElapsedMs":2994.459,"nativeExpectedSincePriorMs":80,"nativeSincePriorMs":81.75,"nativePatternStartMs":26536313.462,"nativeAgeMs":37.686}
10-11 19:32:33.168 12221 16384 I ReactNativeJS: [outputs] outputs.hapticSymbol {"timestamp":26539346.772895,"wallClock":1760225553168,"enabled":true,"symbol":".","durationMs":40,"platform":"android","source":"console.replay","correlationId":"console-replay:mgmwuhanu0x6gm47","timelineOffsetMs":null}
10-11 19:32:33.169 12221 16384 I ReactNativeJS: [outputs] outputs.flashPulse {"timestamp":26539347.661801,"wallClock":1760225553169,"enabled":true,"durationMs":40,"source":"console.replay","correlationId":"console-replay:mgmwuhanu0x6gm47","timelineOffsetMs":37.773561000823975,"schedulingMode":"timeline","audioStartHeadroomMs":-82.18860299885273,"audioStartGuard":"headroom","audioStartCompensationMs":82.18860299885273}
10-11 19:32:33.170 12221 16986 D OutputsAudio: [outputs-audio] stop gain=1.000 release=6.00
10-11 19:32:33.211 12221 16986 D OutputsAudio: [outputs-audio] start hz=650.0 gain=1.000 attack=2.50 release=6.00
10-11 19:32:33.211 12221 16986 D OutputsAudio: [outputs-audio] playMorse.symbol.start sequence=27 symbol=. expected=26539353.462 actual=26539389.720 skew=36.258 batchElapsed=3076.258
10-11 19:32:33.227 12221 16384 I ReactNativeJS: [outputs] outputs.flashPulse.commit {"timestamp":26539405.384666,"wallClock":1760225553226,"durationMs":40,"source":"console.replay","correlationId":"console-replay:mgmwuhanu0x6gm47","latencyMs":59.67958400025964,"timelineOffsetMs":37.773561000823975,"leadMs":8,"scheduleSkewMs":57.72197899967432,"schedulingMode":"timeline","audioStartHeadroomMs":-82.18860299885273,"audioStartGuard":"headroom","audioStartCompensationMs":82.18860299885273}
10-11 19:32:33.251 12221 16986 D OutputsAudio: [outputs-audio] stop gain=1.000 release=6.00
10-11 19:32:33.251 12221 16986 D OutputsAudio: [outputs-audio] stop gain=1.000 release=6.00
10-11 19:32:33.251 12221 16986 D OutputsAudio: [outputs-audio] playMorse.end cancelled=0
10-11 19:32:33.276 12221 16384 D OutputsAudio: [outputs-audio] symbol.info sequence=27 symbol=. timestamp=26539389.720 duration=40.000 expected=26539353.462 skew=36.258 age=65.199
10-11 19:32:33.277 12221 16384 I ReactNativeJS: [outputs] playMorse.symbol {"timestamp":26539455.042686,"wallClock":1760225553276,"symbol":".","durationMs":40,"index":25,"source":"console.replay","correlationId":"console-replay:vwvo3khr","nativeTimestampMs":26539389.72,"nativeDurationMs":40,"nativeOffsetMs":65.2784160003066,"nativeSequence":27,"monotonicTimestampMs":26539389.72,"nativeExpectedTimestampMs":26539353.462,"nativeStartSkewMs":36.258,"nativeBatchElapsedMs":3076.258,"nativeExpectedSincePriorMs":80,"nativeSincePriorMs":81.798,"nativePatternStartMs":26536313.462,"nativeAgeMs":65.199}
10-11 19:32:33.277 12221 16384 I ReactNativeJS: [outputs] playMorse.symbol {"timestamp":26539455.659978,"wallClock":1760225553277,"symbol":".","durationMs":40,"index":25,"source":"console.replay","correlationId":"console-replay:mgmwuhdpimk2msh3","nativeTimestampMs":26539389.72,"nativeDurationMs":40,"nativeOffsetMs":65.2784160003066,"nativeSequence":27,"monotonicTimestampMs":26539389.72,"nativeExpectedTimestampMs":26539353.462,"nativeStartSkewMs":36.258,"nativeBatchElapsedMs":3076.258,"nativeExpectedSincePriorMs":80,"nativeSincePriorMs":81.798,"nativePatternStartMs":26536313.462,"nativeAgeMs":65.199}
10-11 19:32:33.277 12221 16384 I ReactNativeJS: [outputs] outputs.hapticSymbol {"timestamp":26539456.107999,"wallClock":1760225553277,"enabled":true,"symbol":".","durationMs":40,"platform":"android","source":"console.replay","correlationId":"console-replay:mgmwuhdpimk2msh3","timelineOffsetMs":null}
10-11 19:32:33.278 12221 16384 I ReactNativeJS: [outputs] outputs.flashPulse {"timestamp":26539456.97503,"wallClock":1760225553278,"enabled":true,"durationMs":40,"source":"console.replay","correlationId":"console-replay:mgmwuhdpimk2msh3","timelineOffsetMs":65.2784160003066,"schedulingMode":"timeline","audioStartHeadroomMs":-111.50115500018,"audioStartGuard":"headroom","audioStartCompensationMs":111.50115500018}
10-11 19:32:33.335 12221 16384 I ReactNativeJS: [outputs] outputs.flashPulse.commit {"timestamp":26539513.355082,"wallClock":1760225553334,"durationMs":40,"source":"console.replay","correlationId":"console-replay:mgmwuhdpimk2msh3","latencyMs":58.34338499978185,"timelineOffsetMs":65.2784160003066,"leadMs":8,"scheduleSkewMs":56.37713499739766,"schedulingMode":"timeline","audioStartHeadroomMs":-111.50115500018,"audioStartGuard":"headroom","audioStartCompensationMs":111.50115500018}
10-11 19:32:33.433 12221 16384 I ReactNativeJS: [outputs] playMorse.symbol {"timestamp":26539610.325811,"wallClock":1760225553431,"symbol":".","durationMs":40,"index":26,"source":"console.replay","correlationId":"console-replay:ajfobukh","nativeTimestampMs":null,"nativeDurationMs":40,"nativeOffsetMs":null,"nativeSequence":null,"monotonicTimestampMs":null,"nativeExpectedTimestampMs":null,"nativeStartSkewMs":null,"nativeBatchElapsedMs":null,"nativeExpectedSincePriorMs":null,"nativeSincePriorMs":null,"nativePatternStartMs":null,"nativeAgeMs":null}
10-11 19:32:33.434 12221 16384 I ReactNativeJS: [outputs] playMorse.symbol {"timestamp":26539611.730707,"wallClock":1760225553433,"symbol":".","durationMs":40,"index":26,"source":"console.replay","correlationId":"console-replay:mgmwuhi1wq9xaj09","nativeTimestampMs":null,"nativeDurationMs":40,"nativeOffsetMs":null,"nativeSequence":null,"monotonicTimestampMs":null,"nativeExpectedTimestampMs":null,"nativeStartSkewMs":null,"nativeBatchElapsedMs":null,"nativeExpectedSincePriorMs":null,"nativeSincePriorMs":null,"nativePatternStartMs":null,"nativeAgeMs":null}
10-11 19:32:33.435 12221 16384 I ReactNativeJS: [outputs] outputs.hapticSymbol {"timestamp":26539613.090707,"wallClock":1760225553434,"enabled":true,"symbol":".","durationMs":40,"platform":"android","source":"console.replay","correlationId":"console-replay:mgmwuhi1wq9xaj09","timelineOffsetMs":null}
10-11 19:32:33.437 12221 16384 I ReactNativeJS: [outputs] outputs.flashPulse {"timestamp":26539615.413988,"wallClock":1760225553436,"enabled":true,"durationMs":40,"source":"console.replay","correlationId":"console-replay:mgmwuhi1wq9xaj09","timelineOffsetMs":24,"schedulingMode":"timeline"}
10-11 19:32:33.520 12221 16384 I ReactNativeJS: [outputs] playMorse.error {"timestamp":26539698.55352,"wallClock":1760225553519,"message":"Property 'supportsNativeTimeline' doesn't exist","source":"console.replay","audioEnabled":true,"audioVolumePercent":100}
10-11 19:32:33.565 12221 16384 W ReactNativeJS: 'Manual playMorse failed', [ReferenceError: Property 'supportsNativeTimeline' doesn't exist]
10-11 19:32:33.566 12221 16384 I ReactNativeJS: [outputs] outputs.flashPulse.commit {"timestamp":26539745.17477,"wallClock":1760225553566,"durationMs":40,"source":"console.replay","correlationId":"console-replay:mgmwuhi1wq9xaj09","latencyMs":109.44369800016284,"timelineOffsetMs":24,"leadMs":8,"scheduleSkewMs":117.44369800016284,"schedulingMode":"timeline"}
10-11 19:32:36.183 12221 16384 I ReactNativeJS: [outputs] playMorse.start {"timestamp":26542361.120081,"wallClock":1760225556182,"unitMs":34,"length":29,"source":"console.replay","audioEnabled":true,"audioVolumePercent":100}
10-11 19:32:36.405 12221 16384 D OutputsAudio: [outputs-audio] warmup hz=650.0
10-11 19:32:36.405 12221 17029 D OutputsAudio: [outputs-audio] playMorse.start count=27 unit=34.0
10-11 19:32:36.405 12221 17029 D OutputsAudio: [outputs-audio] start hz=650.0 gain=1.000 attack=2.50 release=6.00
10-11 19:32:36.405 12221 17029 D OutputsAudio: [outputs-audio] playMorse.symbol.start sequence=1 symbol=. expected=26542584.199 actual=26542584.517 skew=0.318 batchElapsed=0.318
10-11 19:32:36.420 12221 16384 D OutputsAudio: [outputs-audio] symbol.info sequence=1 symbol=. timestamp=26542584.517 duration=34.000 expected=26542584.199 skew=0.318 age=14.264
10-11 19:32:36.421 12221 16384 I ReactNativeJS: [outputs] playMorse.symbol {"timestamp":26542599.003362,"wallClock":1760225556420,"symbol":".","durationMs":34,"index":0,"source":"console.replay","correlationId":"console-replay:gv7xor4l","nativeTimestampMs":26542584.517,"nativeDurationMs":34,"nativeOffsetMs":14.399955999106169,"nativeSequence":1,"monotonicTimestampMs":26542584.517,"nativeExpectedTimestampMs":26542584.199,"nativeStartSkewMs":0.318,"nativeBatchElapsedMs":0.318,"nativeExpectedSincePriorMs":0,"nativeSincePriorMs":0,"nativePatternStartMs":26542584.199,"nativeAgeMs":14.264}
10-11 19:32:36.422 12221 16384 I ReactNativeJS: [outputs] playMorse.symbol {"timestamp":26542600.272841,"wallClock":1760225556421,"symbol":".","durationMs":34,"index":0,"source":"console.replay","correlationId":"console-replay:mgmwujt1f578ku8k","nativeTimestampMs":26542584.517,"nativeDurationMs":34,"nativeOffsetMs":14.399955999106169,"nativeSequence":1,"monotonicTimestampMs":26542584.517,"nativeExpectedTimestampMs":26542584.199,"nativeStartSkewMs":0.318,"nativeBatchElapsedMs":0.318,"nativeExpectedSincePriorMs":0,"nativeSincePriorMs":0,"nativePatternStartMs":26542584.199,"nativeAgeMs":14.264}
10-11 19:32:36.423 12221 16384 I ReactNativeJS: [outputs] outputs.hapticSymbol {"timestamp":26542601.023987,"wallClock":1760225556422,"enabled":true,"symbol":".","durationMs":34,"platform":"android","source":"console.replay","correlationId":"console-replay:mgmwujt1f578ku8k","timelineOffsetMs":null}
10-11 19:32:36.424 12221 16384 I ReactNativeJS: [outputs] outputs.flashPulse {"timestamp":26542602.654352,"wallClock":1760225556424,"enabled":true,"durationMs":34,"source":"console.replay","correlationId":"console-replay:mgmwujt1f578ku8k","timelineOffsetMs":14.399955999106169,"schedulingMode":"timeline","audioStartHeadroomMs":-26.431340999901295,"audioStartGuard":"headroom","audioStartCompensationMs":26.431340999901295}
10-11 19:32:36.440 12221 17029 D OutputsAudio: [outputs-audio] stop gain=1.000 release=6.00
10-11 19:32:36.475 12221 17029 D OutputsAudio: [outputs-audio] start hz=650.0 gain=1.000 attack=2.50 release=6.00
10-11 19:32:36.475 12221 17029 D OutputsAudio: [outputs-audio] playMorse.symbol.start sequence=2 symbol=. expected=26542652.199 actual=26542653.638 skew=1.440 batchElapsed=69.440
10-11 19:32:36.490 12221 16384 I ReactNativeJS: [outputs] outputs.flashPulse.commit {"timestamp":26542668.869925,"wallClock":1760225556490,"durationMs":34,"source":"console.replay","correlationId":"console-replay:mgmwujt1f578ku8k","latencyMs":69.9425520002842,"timelineOffsetMs":14.399955999106169,"leadMs":8,"scheduleSkewMs":66.22619799897075,"schedulingMode":"timeline","audioStartHeadroomMs":-26.431340999901295,"audioStartGuard":"headroom","audioStartCompensationMs":26.431340999901295}
10-11 19:32:36.510 12221 17029 D OutputsAudio: [outputs-audio] stop gain=1.000 release=6.00
10-11 19:32:36.538 12221 16384 D OutputsAudio: [outputs-audio] symbol.info sequence=2 symbol=. timestamp=26542653.638 duration=34.000 expected=26542652.199 skew=1.440 age=63.476
10-11 19:32:36.539 12221 16384 I ReactNativeJS: [outputs] playMorse.symbol {"timestamp":26542717.268571,"wallClock":1760225556538,"symbol":".","durationMs":34,"index":1,"source":"console.replay","correlationId":"console-replay:wja0trqg","nativeTimestampMs":26542653.638,"nativeDurationMs":34,"nativeOffsetMs":63.58327899873257,"nativeSequence":2,"monotonicTimestampMs":26542653.638,"nativeExpectedTimestampMs":26542652.199,"nativeStartSkewMs":1.44,"nativeBatchElapsedMs":69.44,"nativeExpectedSincePriorMs":68,"nativeSincePriorMs":69.122,"nativePatternStartMs":26542584.199,"nativeAgeMs":63.476}
10-11 19:32:36.539 12221 16384 I ReactNativeJS: [outputs] playMorse.symbol {"timestamp":26542717.909508,"wallClock":1760225556539,"symbol":".","durationMs":34,"index":1,"source":"console.replay","correlationId":"console-replay:mgmwujwbfku3p9w0","nativeTimestampMs":26542653.638,"nativeDurationMs":34,"nativeOffsetMs":63.58327899873257,"nativeSequence":2,"monotonicTimestampMs":26542653.638,"nativeExpectedTimestampMs":26542652.199,"nativeStartSkewMs":1.44,"nativeBatchElapsedMs":69.44,"nativeExpectedSincePriorMs":68,"nativeSincePriorMs":69.122,"nativePatternStartMs":26542584.199,"nativeAgeMs":63.476}
10-11 19:32:36.540 12221 16384 I ReactNativeJS: [outputs] outputs.hapticSymbol {"timestamp":26542718.308571,"wallClock":1760225556539,"enabled":true,"symbol":".","durationMs":34,"platform":"android","source":"console.replay","correlationId":"console-replay:mgmwujwbfku3p9w0","timelineOffsetMs":null}
10-11 19:32:36.540 12221 16384 I ReactNativeJS: [outputs] outputs.flashPulse {"timestamp":26542719.148883,"wallClock":1760225556540,"enabled":true,"durationMs":34,"source":"console.replay","correlationId":"console-replay:mgmwujwbfku3p9w0","timelineOffsetMs":63.58327899873257,"schedulingMode":"timeline","audioStartHeadroomMs":-74.93920600041747,"audioStartGuard":"headroom","audioStartCompensationMs":74.93920600041747}
10-11 19:32:36.544 12221 17029 D OutputsAudio: [outputs-audio] start hz=650.0 gain=1.000 attack=2.50 release=6.00
10-11 19:32:36.545 12221 17029 D OutputsAudio: [outputs-audio] playMorse.symbol.start sequence=3 symbol=. expected=26542720.199 actual=26542723.608 skew=3.410 batchElapsed=139.410
10-11 19:32:36.579 12221 17029 D OutputsAudio: [outputs-audio] stop gain=1.000 release=6.00
10-11 19:32:36.595 12221 16384 I ReactNativeJS: [outputs] outputs.flashPulse.commit {"timestamp":26542773.889404,"wallClock":1760225556595,"durationMs":34,"source":"console.replay","correlationId":"console-replay:mgmwujwbfku3p9w0","latencyMs":56.65895799919963,"timelineOffsetMs":63.58327899873257,"leadMs":8,"scheduleSkewMs":54.74041599780321,"schedulingMode":"timeline","audioStartHeadroomMs":-74.93920600041747,"audioStartGuard":"headroom","audioStartCompensationMs":74.93920600041747}
10-11 19:32:36.615 12221 17029 D OutputsAudio: [outputs-audio] start hz=650.0 gain=1.000 attack=2.50 release=6.00
10-11 19:32:36.615 12221 17029 D OutputsAudio: [outputs-audio] playMorse.symbol.start sequence=4 symbol=- expected=26542788.199 actual=26542794.031 skew=5.833 batchElapsed=209.833
10-11 19:32:36.638 12221 16384 D OutputsAudio: [outputs-audio] symbol.info sequence=4 symbol=- timestamp=26542794.031 duration=102.000 expected=26542788.199 skew=5.833 age=23.360
10-11 19:32:36.639 12221 16384 W ReactNativeJS: '[outputs-audio] native sequence jump', { previous: 2, next: 4, delta: 2 }
10-11 19:32:36.639 12221 16384 I ReactNativeJS: [outputs] playMorse.symbol {"timestamp":26542818.1393,"wallClock":1760225556639,"symbol":".","durationMs":34,"index":2,"source":"console.replay","correlationId":"console-replay:l4h5uu30","nativeTimestampMs":26542794.031,"nativeDurationMs":102,"nativeOffsetMs":24.078352000564337,"nativeSequence":4,"monotonicTimestampMs":26542794.031,"nativeExpectedTimestampMs":26542788.199,"nativeStartSkewMs":5.833,"nativeBatchElapsedMs":209.833,"nativeExpectedSincePriorMs":68,"nativeSincePriorMs":70.423,"nativePatternStartMs":26542584.199,"nativeAgeMs":23.36}
10-11 19:32:36.640 12221 16384 I ReactNativeJS: [outputs] playMorse.symbol {"timestamp":26542818.615602,"wallClock":1760225556640,"symbol":".","durationMs":34,"index":2,"source":"console.replay","correlationId":"console-replay:mgmwujz4iuv23prx","nativeTimestampMs":26542794.031,"nativeDurationMs":102,"nativeOffsetMs":24.078352000564337,"nativeSequence":4,"monotonicTimestampMs":26542794.031,"nativeExpectedTimestampMs":26542788.199,"nativeStartSkewMs":5.833,"nativeBatchElapsedMs":209.833,"nativeExpectedSincePriorMs":68,"nativeSincePriorMs":70.423,"nativePatternStartMs":26542584.199,"nativeAgeMs":23.36}
10-11 19:32:36.640 12221 16384 I ReactNativeJS: [outputs] outputs.hapticSymbol {"timestamp":26542819.037737,"wallClock":1760225556640,"enabled":true,"symbol":".","durationMs":34,"platform":"android","source":"console.replay","correlationId":"console-replay:mgmwujz4iuv23prx","timelineOffsetMs":null}
10-11 19:32:36.641 12221 16384 I ReactNativeJS: [outputs] outputs.flashPulse {"timestamp":26542819.852998,"wallClock":1760225556641,"enabled":true,"durationMs":34,"source":"console.replay","correlationId":"console-replay:mgmwujz4iuv23prx","timelineOffsetMs":24.078352000564337,"schedulingMode":"timeline","audioStartHeadroomMs":-39.642955999821424,"audioStartGuard":"headroom","audioStartCompensationMs":39.642955999821424}
10-11 19:32:36.699 12221 16384 I ReactNativeJS: [outputs] outputs.flashPulse.commit {"timestamp":26542877.932112,"wallClock":1760225556699,"durationMs":34,"source":"console.replay","correlationId":"console-replay:mgmwujz4iuv23prx","latencyMs":59.81411400064826,"timelineOffsetMs":24.078352000564337,"leadMs":8,"scheduleSkewMs":58.08000000193715,"schedulingMode":"timeline","audioStartHeadroomMs":-39.642955999821424,"audioStartGuard":"headroom","audioStartCompensationMs":39.642955999821424}
10-11 19:32:36.718 12221 17029 D OutputsAudio: [outputs-audio] stop gain=1.000 release=6.00
10-11 19:32:36.753 12221 17029 D OutputsAudio: [outputs-audio] start hz=650.0 gain=1.000 attack=2.50 release=6.00
10-11 19:32:36.753 12221 17029 D OutputsAudio: [outputs-audio] playMorse.symbol.start sequence=5 symbol=- expected=26542924.199 actual=26542932.213 skew=8.014 batchElapsed=348.014
10-11 19:32:36.757 12221 16384 D OutputsAudio: [outputs-audio] symbol.info sequence=5 symbol=- timestamp=26542932.213 duration=102.000 expected=26542924.199 skew=8.014 age=4.248
10-11 19:32:36.758 12221 16384 I ReactNativeJS: [outputs] playMorse.symbol {"timestamp":26542936.636643,"wallClock":1760225556758,"symbol":"-","durationMs":102,"index":3,"source":"console.replay","correlationId":"console-replay:73vx5b9i","nativeTimestampMs":26542932.213,"nativeDurationMs":102,"nativeOffsetMs":4.355310000479221,"nativeSequence":5,"monotonicTimestampMs":26542932.213,"nativeExpectedTimestampMs":26542924.199,"nativeStartSkewMs":8.014,"nativeBatchElapsedMs":348.014,"nativeExpectedSincePriorMs":136,"nativeSincePriorMs":138.182,"nativePatternStartMs":26542584.199,"nativeAgeMs":4.248}
10-11 19:32:36.759 12221 16384 I ReactNativeJS: [outputs] playMorse.symbol {"timestamp":26542937.580133,"wallClock":1760225556758,"symbol":"-","durationMs":102,"index":3,"source":"console.replay","correlationId":"console-replay:mgmwuk2e2t4pki7f","nativeTimestampMs":26542932.213,"nativeDurationMs":102,"nativeOffsetMs":4.355310000479221,"nativeSequence":5,"monotonicTimestampMs":26542932.213,"nativeExpectedTimestampMs":26542924.199,"nativeStartSkewMs":8.014,"nativeBatchElapsedMs":348.014,"nativeExpectedSincePriorMs":136,"nativeSincePriorMs":138.182,"nativePatternStartMs":26542584.199,"nativeAgeMs":4.248}
10-11 19:32:36.765 12221 16384 I ReactNativeJS: [outputs] outputs.hapticSymbol {"timestamp":26542938.197268,"wallClock":1760225556759,"enabled":true,"symbol":"-","durationMs":102,"platform":"android","source":"console.replay","correlationId":"console-replay:mgmwuk2e2t4pki7f","timelineOffsetMs":null}
10-11 19:32:36.766 12221 16384 I ReactNativeJS: [outputs] outputs.flashPulse {"timestamp":26542944.734248,"wallClock":1760225556766,"enabled":true,"durationMs":102,"source":"console.replay","correlationId":"console-replay:mgmwuk2e2t4pki7f","timelineOffsetMs":4.355310000479221,"schedulingMode":"timeline","audioStartHeadroomMs":-28.522799998521805,"audioStartGuard":"headroom","audioStartCompensationMs":28.522799998521805}
10-11 19:32:36.824 12221 16384 I ReactNativeJS: [outputs] outputs.flashPulse.commit {"timestamp":26543002.908622,"wallClock":1760225556824,"durationMs":102,"source":"console.replay","correlationId":"console-replay:mgmwuk2e2t4pki7f","latencyMs":66.33099000155926,"timelineOffsetMs":4.355310000479221,"leadMs":8,"scheduleSkewMs":58.175834000110626,"schedulingMode":"timeline","audioStartHeadroomMs":-28.522799998521805,"audioStartGuard":"headroom","audioStartCompensationMs":28.522799998521805}
10-11 19:32:36.855 12221 17029 D OutputsAudio: [outputs-audio] stop gain=1.000 release=6.00
10-11 19:32:36.891 12221 17029 D OutputsAudio: [outputs-audio] start hz=650.0 gain=1.000 attack=2.50 release=6.00
10-11 19:32:36.891 12221 17029 D OutputsAudio: [outputs-audio] playMorse.symbol.start sequence=6 symbol=- expected=26543060.199 actual=26543069.805 skew=9.606 batchElapsed=485.606
10-11 19:32:36.905 12221 16384 D OutputsAudio: [outputs-audio] symbol.info sequence=6 symbol=- timestamp=26543069.805 duration=102.000 expected=26543060.199 skew=9.606 age=14.084
10-11 19:32:36.906 12221 16384 I ReactNativeJS: [outputs] playMorse.symbol {"timestamp":26543084.097477,"wallClock":1760225556905,"symbol":"-","durationMs":102,"index":4,"source":"console.replay","correlationId":"console-replay:rt4d9f1v","nativeTimestampMs":26543069.805,"nativeDurationMs":102,"nativeOffsetMs":14.225340999662876,"nativeSequence":6,"monotonicTimestampMs":26543069.805,"nativeExpectedTimestampMs":26543060.199,"nativeStartSkewMs":9.606,"nativeBatchElapsedMs":485.606,"nativeExpectedSincePriorMs":136,"nativeSincePriorMs":137.592,"nativePatternStartMs":26542584.199,"nativeAgeMs":14.084}
10-11 19:32:36.906 12221 16384 I ReactNativeJS: [outputs] playMorse.symbol {"timestamp":26543084.977477,"wallClock":1760225556906,"symbol":"-","durationMs":102,"index":4,"source":"console.replay","correlationId":"console-replay:mgmwuk6i1eg39460","nativeTimestampMs":26543069.805,"nativeDurationMs":102,"nativeOffsetMs":14.225340999662876,"nativeSequence":6,"monotonicTimestampMs":26543069.805,"nativeExpectedTimestampMs":26543060.199,"nativeStartSkewMs":9.606,"nativeBatchElapsedMs":485.606,"nativeExpectedSincePriorMs":136,"nativeSincePriorMs":137.592,"nativePatternStartMs":26542584.199,"nativeAgeMs":14.084}
10-11 19:32:36.907 12221 16384 I ReactNativeJS: [outputs] outputs.hapticSymbol {"timestamp":26543085.500133,"wallClock":1760225556906,"enabled":true,"symbol":"-","durationMs":102,"platform":"android","source":"console.replay","correlationId":"console-replay:mgmwuk6i1eg39460","timelineOffsetMs":null}
10-11 19:32:36.908 12221 16384 I ReactNativeJS: [outputs] outputs.flashPulse {"timestamp":26543086.56357,"wallClock":1760225556907,"enabled":true,"durationMs":102,"source":"console.replay","correlationId":"console-replay:mgmwuk6i1eg39460","timelineOffsetMs":14.225340999662876,"schedulingMode":"timeline","audioStartHeadroomMs":-34.35097699984908,"audioStartGuard":"headroom","audioStartCompensationMs":34.35097699984908}
10-11 19:32:36.961 12221 16384 I ReactNativeJS: [outputs] outputs.flashPulse.commit {"timestamp":26543139.981279,"wallClock":1760225556961,"durationMs":102,"source":"console.replay","correlationId":"console-replay:mgmwuk6i1eg39460","latencyMs":55.94057299941778,"timelineOffsetMs":14.225340999662876,"leadMs":8,"scheduleSkewMs":53.41880200058222,"schedulingMode":"timeline","audioStartHeadroomMs":-34.35097699984908,"audioStartGuard":"headroom","audioStartCompensationMs":34.35097699984908}
10-11 19:32:36.994 12221 17029 D OutputsAudio: [outputs-audio] stop gain=1.000 release=6.00
10-11 19:32:37.029 12221 17029 D OutputsAudio: [outputs-audio] start hz=650.0 gain=1.000 attack=2.50 release=6.00
10-11 19:32:37.030 12221 17029 D OutputsAudio: [outputs-audio] playMorse.symbol.start sequence=7 symbol=. expected=26543196.199 actual=26543208.569 skew=12.371 batchElapsed=624.371
10-11 19:32:37.037 12221 16384 D OutputsAudio: [outputs-audio] symbol.info sequence=7 symbol=. timestamp=26543208.569 duration=34.000 expected=26543196.199 skew=12.371 age=7.003
10-11 19:32:37.039 12221 16384 I ReactNativeJS: [outputs] playMorse.symbol {"timestamp":26543215.835029,"wallClock":1760225557037,"symbol":"-","durationMs":102,"index":5,"source":"console.replay","correlationId":"console-replay:ln052jt7","nativeTimestampMs":26543208.569,"nativeDurationMs":34,"nativeOffsetMs":7.165039002895355,"nativeSequence":7,"monotonicTimestampMs":26543208.569,"nativeExpectedTimestampMs":26543196.199,"nativeStartSkewMs":12.371,"nativeBatchElapsedMs":624.371,"nativeExpectedSincePriorMs":136,"nativeSincePriorMs":138.764,"nativePatternStartMs":26542584.199,"nativeAgeMs":7.003}
10-11 19:32:37.041 12221 16384 I ReactNativeJS: [outputs] playMorse.symbol {"timestamp":26543218.614456,"wallClock":1760225557040,"symbol":"-","durationMs":102,"index":5,"source":"console.replay","correlationId":"console-replay:mgmwuka8l6mk3lk4","nativeTimestampMs":26543208.569,"nativeDurationMs":34,"nativeOffsetMs":7.165039002895355,"nativeSequence":7,"monotonicTimestampMs":26543208.569,"nativeExpectedTimestampMs":26543196.199,"nativeStartSkewMs":12.371,"nativeBatchElapsedMs":624.371,"nativeExpectedSincePriorMs":136,"nativeSincePriorMs":138.764,"nativePatternStartMs":26542584.199,"nativeAgeMs":7.003}
10-11 19:32:37.042 12221 16384 I ReactNativeJS: [outputs] outputs.hapticSymbol {"timestamp":26543220.080654,"wallClock":1760225557041,"enabled":true,"symbol":"-","durationMs":102,"platform":"android","source":"console.replay","correlationId":"console-replay:mgmwuka8l6mk3lk4","timelineOffsetMs":null}
10-11 19:32:37.047 12221 16384 I ReactNativeJS: [outputs] outputs.flashPulse {"timestamp":26543224.860445,"wallClock":1760225557046,"enabled":true,"durationMs":102,"source":"console.replay","correlationId":"console-replay:mgmwuka8l6mk3lk4","timelineOffsetMs":7.165039002895355,"schedulingMode":"timeline","audioStartHeadroomMs":-36.642538998275995,"audioStartGuard":"headroom","audioStartCompensationMs":36.642538998275995}
10-11 19:32:37.064 12221 17029 D OutputsAudio: [outputs-audio] stop gain=1.000 release=6.00
10-11 19:32:37.099 12221 17029 D OutputsAudio: [outputs-audio] start hz=650.0 gain=1.000 attack=2.50 release=6.00
10-11 19:32:37.100 12221 17029 D OutputsAudio: [outputs-audio] playMorse.symbol.start sequence=8 symbol=. expected=26543264.199 actual=26543278.592 skew=14.394 batchElapsed=694.394
10-11 19:32:37.107 12221 16384 I ReactNativeJS: [outputs] outputs.flashPulse.commit {"timestamp":26543285.548258,"wallClock":1760225557106,"durationMs":102,"source":"console.replay","correlationId":"console-replay:mgmwuka8l6mk3lk4","latencyMs":69.80406299978495,"timelineOffsetMs":7.165039002895355,"leadMs":8,"scheduleSkewMs":60.69411500170827,"schedulingMode":"timeline","audioStartHeadroomMs":-36.642538998275995,"audioStartGuard":"headroom","audioStartCompensationMs":36.642538998275995}
10-11 19:32:37.134 12221 17029 D OutputsAudio: [outputs-audio] stop gain=1.000 release=6.00
10-11 19:32:37.149 12221 16384 D OutputsAudio: [outputs-audio] symbol.info sequence=8 symbol=. timestamp=26543278.592 duration=34.000 expected=26543264.199 skew=14.394 age=49.807
10-11 19:32:37.150 12221 16384 I ReactNativeJS: [outputs] playMorse.symbol {"timestamp":26543328.53456,"wallClock":1760225557149,"symbol":".","durationMs":34,"index":6,"source":"console.replay","correlationId":"console-replay:4cyi2ihy","nativeTimestampMs":26543278.592,"nativeDurationMs":34,"nativeOffsetMs":49.89573699980974,"nativeSequence":8,"monotonicTimestampMs":26543278.592,"nativeExpectedTimestampMs":26543264.199,"nativeStartSkewMs":14.394,"nativeBatchElapsedMs":694.394,"nativeExpectedSincePriorMs":68,"nativeSincePriorMs":70.023,"nativePatternStartMs":26542584.199,"nativeAgeMs":49.807}
10-11 19:32:37.150 12221 16384 I ReactNativeJS: [outputs] playMorse.symbol {"timestamp":26543329.173674,"wallClock":1760225557150,"symbol":".","durationMs":34,"index":6,"source":"console.replay","correlationId":"console-replay:mgmwukda6du9gqej","nativeTimestampMs":26543278.592,"nativeDurationMs":34,"nativeOffsetMs":49.89573699980974,"nativeSequence":8,"monotonicTimestampMs":26543278.592,"nativeExpectedTimestampMs":26543264.199,"nativeStartSkewMs":14.394,"nativeBatchElapsedMs":694.394,"nativeExpectedSincePriorMs":68,"nativeSincePriorMs":70.023,"nativePatternStartMs":26542584.199,"nativeAgeMs":49.807}
10-11 19:32:37.151 12221 16384 I ReactNativeJS: [outputs] outputs.hapticSymbol {"timestamp":26543329.606747,"wallClock":1760225557151,"enabled":true,"symbol":".","durationMs":34,"platform":"android","source":"console.replay","correlationId":"console-replay:mgmwukda6du9gqej","timelineOffsetMs":null}
10-11 19:32:37.152 12221 16384 I ReactNativeJS: [outputs] outputs.flashPulse {"timestamp":26543330.491383,"wallClock":1760225557151,"enabled":true,"durationMs":34,"source":"console.replay","correlationId":"console-replay:mgmwukda6du9gqej","timelineOffsetMs":49.89573699980974,"schedulingMode":"timeline","audioStartHeadroomMs":-74.28071599826217,"audioStartGuard":"headroom","audioStartCompensationMs":74.28071599826217}
10-11 19:32:37.169 12221 17029 D OutputsAudio: [outputs-audio] start hz=650.0 gain=1.000 attack=2.50 release=6.00
10-11 19:32:37.170 12221 17029 D OutputsAudio: [outputs-audio] playMorse.symbol.start sequence=9 symbol=. expected=26543332.199 actual=26543348.795 skew=16.596 batchElapsed=764.596
10-11 19:32:37.205 12221 17029 D OutputsAudio: [outputs-audio] stop gain=1.000 release=6.00
10-11 19:32:37.206 12221 16384 D OutputsAudio: [outputs-audio] symbol.info sequence=9 symbol=. timestamp=26543348.795 duration=34.000 expected=26543332.199 skew=16.596 age=35.999
10-11 19:32:37.207 12221 16384 I ReactNativeJS: [outputs] playMorse.symbol {"timestamp":26543384.900862,"wallClock":1760225557206,"symbol":".","durationMs":34,"index":7,"source":"console.replay","correlationId":"console-replay:f79kbrxy","nativeTimestampMs":26543348.795,"nativeDurationMs":34,"nativeOffsetMs":36.06336199864745,"nativeSequence":9,"monotonicTimestampMs":26543348.795,"nativeExpectedTimestampMs":26543332.199,"nativeStartSkewMs":16.596,"nativeBatchElapsedMs":764.596,"nativeExpectedSincePriorMs":68,"nativeSincePriorMs":70.203,"nativePatternStartMs":26542584.199,"nativeAgeMs":35.999}
10-11 19:32:37.207 12221 16384 I ReactNativeJS: [outputs] playMorse.symbol {"timestamp":26543385.664456,"wallClock":1760225557207,"symbol":".","durationMs":34,"index":7,"source":"console.replay","correlationId":"console-replay:mgmwukevcu47ncvu","nativeTimestampMs":26543348.795,"nativeDurationMs":34,"nativeOffsetMs":36.06336199864745,"nativeSequence":9,"monotonicTimestampMs":26543348.795,"nativeExpectedTimestampMs":26543332.199,"nativeStartSkewMs":16.596,"nativeBatchElapsedMs":764.596,"nativeExpectedSincePriorMs":68,"nativeSincePriorMs":70.203,"nativePatternStartMs":26542584.199,"nativeAgeMs":35.999}
10-11 19:32:37.207 12221 16384 I ReactNativeJS: [outputs] outputs.hapticSymbol {"timestamp":26543386.083779,"wallClock":1760225557207,"enabled":true,"symbol":".","durationMs":34,"platform":"android","source":"console.replay","correlationId":"console-replay:mgmwukevcu47ncvu","timelineOffsetMs":null}
10-11 19:32:37.208 12221 16384 I ReactNativeJS: [outputs] outputs.flashPulse {"timestamp":26543386.914195,"wallClock":1760225557208,"enabled":true,"durationMs":34,"source":"console.replay","correlationId":"console-replay:mgmwukevcu47ncvu","timelineOffsetMs":36.06336199864745,"schedulingMode":"timeline","audioStartHeadroomMs":-62.70399699732661,"audioStartGuard":"headroom","audioStartCompensationMs":62.70399699732661}
10-11 19:32:37.239 12221 17029 D OutputsAudio: [outputs-audio] start hz=650.0 gain=1.000 attack=2.50 release=6.00
10-11 19:32:37.240 12221 17029 D OutputsAudio: [outputs-audio] playMorse.symbol.start sequence=10 symbol=- expected=26543400.199 actual=26543419.196 skew=18.998 batchElapsed=834.998
10-11 19:32:37.267 12221 16384 I ReactNativeJS: [outputs] outputs.flashPulse.commit {"timestamp":26543445.491226,"wallClock":1760225557266,"durationMs":34,"source":"console.replay","correlationId":"console-replay:mgmwukda6du9gqej","latencyMs":116.99307300150394,"timelineOffsetMs":49.89573699980974,"leadMs":8,"scheduleSkewMs":114.99958300217986,"schedulingMode":"timeline","audioStartHeadroomMs":-74.28071599826217,"audioStartGuard":"headroom","audioStartCompensationMs":74.28071599826217}
10-11 19:32:37.323 12221 16384 I ReactNativeJS: [outputs] outputs.flashPulse.commit {"timestamp":26543501.134872,"wallClock":1760225557322,"durationMs":34,"source":"console.replay","correlationId":"console-replay:mgmwukevcu47ncvu","latencyMs":116.26505199819803,"timelineOffsetMs":36.06336199864745,"leadMs":8,"scheduleSkewMs":114.21864599734545,"schedulingMode":"timeline","audioStartHeadroomMs":-62.70399699732661,"audioStartGuard":"headroom","audioStartCompensationMs":62.70399699732661}
10-11 19:32:37.343 12221 17029 D OutputsAudio: [outputs-audio] stop gain=1.000 release=6.00
10-11 19:32:37.378 12221 17029 D OutputsAudio: [outputs-audio] start hz=650.0 gain=1.000 attack=2.50 release=6.00
10-11 19:32:37.379 12221 17029 D OutputsAudio: [outputs-audio] playMorse.symbol.start sequence=11 symbol=- expected=26543536.199 actual=26543557.637 skew=21.438 batchElapsed=973.438
10-11 19:32:37.384 12221 16384 I ReactNativeJS: [outputs] playMorse.symbol {"timestamp":26543560.756018,"wallClock":1760225557382,"symbol":".","durationMs":34,"index":8,"source":"console.replay","correlationId":"console-replay:jyl7qmtz","nativeTimestampMs":null,"nativeDurationMs":34,"nativeOffsetMs":null,"nativeSequence":null,"monotonicTimestampMs":null,"nativeExpectedTimestampMs":null,"nativeStartSkewMs":null,"nativeBatchElapsedMs":null,"nativeExpectedSincePriorMs":null,"nativeSincePriorMs":null,"nativePatternStartMs":null,"nativeAgeMs":null}
10-11 19:32:37.384 12221 16384 I ReactNativeJS: [outputs] playMorse.symbol {"timestamp":26543563.121018,"wallClock":1760225557384,"symbol":".","durationMs":34,"index":8,"source":"console.replay","correlationId":"console-replay:mgmwukjskwpb1fob","nativeTimestampMs":null,"nativeDurationMs":34,"nativeOffsetMs":null,"nativeSequence":null,"monotonicTimestampMs":null,"nativeExpectedTimestampMs":null,"nativeStartSkewMs":null,"nativeBatchElapsedMs":null,"nativeExpectedSincePriorMs":null,"nativeSincePriorMs":null,"nativePatternStartMs":null,"nativeAgeMs":null}
10-11 19:32:37.389 12221 16384 I ReactNativeJS: [outputs] outputs.hapticSymbol {"timestamp":26543564.550601,"wallClock":1760225557385,"enabled":true,"symbol":".","durationMs":34,"platform":"android","source":"console.replay","correlationId":"console-replay:mgmwukjskwpb1fob","timelineOffsetMs":null}
10-11 19:32:37.390 12221 16384 I ReactNativeJS: [outputs] outputs.flashPulse {"timestamp":26543568.66331,"wallClock":1760225557390,"enabled":true,"durationMs":34,"source":"console.replay","correlationId":"console-replay:mgmwukjskwpb1fob","timelineOffsetMs":24,"schedulingMode":"timeline"}
10-11 19:32:37.454 12221 16384 D OutputsAudio: [outputs-audio] symbol.info sequence=11 symbol=- timestamp=26543557.637 duration=102.000 expected=26543536.199 skew=21.438 age=75.884
10-11 19:32:37.455 12221 16384 W ReactNativeJS: '[outputs-audio] native sequence jump', { previous: 9, next: 11, delta: 2 }
10-11 19:32:37.456 12221 16384 I ReactNativeJS: [outputs] playMorse.symbol {"timestamp":26543634.297164,"wallClock":1760225557455,"symbol":"-","durationMs":102,"index":9,"source":"console.replay","correlationId":"console-replay:6y7vtlit","nativeTimestampMs":26543557.637,"nativeDurationMs":102,"nativeOffsetMs":76.62672600150108,"nativeSequence":11,"monotonicTimestampMs":26543557.637,"nativeExpectedTimestampMs":26543536.199,"nativeStartSkewMs":21.438,"nativeBatchElapsedMs":973.438,"nativeExpectedSincePriorMs":136,"nativeSincePriorMs":138.44,"nativePatternStartMs":26542584.199,"nativeAgeMs":75.884}
10-11 19:32:37.456 12221 16384 I ReactNativeJS: [outputs] playMorse.symbol {"timestamp":26543634.775393,"wallClock":1760225557456,"symbol":"-","durationMs":102,"index":9,"source":"console.replay","correlationId":"console-replay:mgmwuklsrkj8sb20","nativeTimestampMs":26543557.637,"nativeDurationMs":102,"nativeOffsetMs":76.62672600150108,"nativeSequence":11,"monotonicTimestampMs":26543557.637,"nativeExpectedTimestampMs":26543536.199,"nativeStartSkewMs":21.438,"nativeBatchElapsedMs":973.438,"nativeExpectedSincePriorMs":136,"nativeSincePriorMs":138.44,"nativePatternStartMs":26542584.199,"nativeAgeMs":75.884}
10-11 19:32:37.457 12221 16384 I ReactNativeJS: [outputs] outputs.hapticSymbol {"timestamp":26543635.220914,"wallClock":1760225557456,"enabled":true,"symbol":"-","durationMs":102,"platform":"android","source":"console.replay","correlationId":"console-replay:mgmwuklsrkj8sb20","timelineOffsetMs":null}
10-11 19:32:37.457 12221 16384 I ReactNativeJS: [outputs] outputs.flashPulse {"timestamp":26543636.134195,"wallClock":1760225557457,"enabled":true,"durationMs":102,"source":"console.replay","correlationId":"console-replay:mgmwuklsrkj8sb20","timelineOffsetMs":76.62672600150108,"schedulingMode":"timeline","audioStartHeadroomMs":-107.92430999875069,"audioStartGuard":"headroom","audioStartCompensationMs":107.92430999875069}
10-11 19:32:37.481 12221 17029 D OutputsAudio: [outputs-audio] stop gain=1.000 release=6.00
10-11 19:32:37.516 12221 17029 D OutputsAudio: [outputs-audio] start hz=650.0 gain=1.000 attack=2.50 release=6.00
10-11 19:32:37.516 12221 17029 D OutputsAudio: [outputs-audio] playMorse.symbol.start sequence=12 symbol=- expected=26543672.199 actual=26543695.165 skew=22.967 batchElapsed=1110.967
10-11 19:32:37.517 12221 16384 I ReactNativeJS: [outputs] outputs.flashPulse.commit {"timestamp":26543695.585237,"wallClock":1760225557517,"durationMs":34,"source":"console.replay","correlationId":"console-replay:mgmwukjskwpb1fob","latencyMs":108.4589060023427,"timelineOffsetMs":24,"leadMs":8,"scheduleSkewMs":116.4589060023427,"schedulingMode":"timeline"}
10-11 19:32:37.566 12221 16384 I ReactNativeJS: [outputs] outputs.flashPulse.commit {"timestamp":26543744.783726,"wallClock":1760225557566,"durationMs":102,"source":"console.replay","correlationId":"console-replay:mgmwuklsrkj8sb20","latencyMs":110.50984400138259,"timelineOffsetMs":76.62672600150108,"leadMs":8,"scheduleSkewMs":108.64859399944544,"schedulingMode":"timeline","audioStartHeadroomMs":-107.92430999875069,"audioStartGuard":"headroom","audioStartCompensationMs":107.92430999875069}
10-11 19:32:37.609 12221 16384 D OutputsAudio: [outputs-audio] symbol.info sequence=12 symbol=- timestamp=26543695.165 duration=102.000 expected=26543672.199 skew=22.967 age=92.588
10-11 19:32:37.609 12221 16384 I ReactNativeJS: [outputs] playMorse.symbol {"timestamp":26543787.890653,"wallClock":1760225557609,"symbol":"-","durationMs":102,"index":10,"source":"console.replay","correlationId":"console-replay:f4g6vlh3","nativeTimestampMs":26543695.165,"nativeDurationMs":102,"nativeOffsetMs":92.67903900146484,"nativeSequence":12,"monotonicTimestampMs":26543695.165,"nativeExpectedTimestampMs":26543672.199,"nativeStartSkewMs":22.967,"nativeBatchElapsedMs":1110.967,"nativeExpectedSincePriorMs":136,"nativeSincePriorMs":137.529,"nativePatternStartMs":26542584.199,"nativeAgeMs":92.588}
10-11 19:32:37.610 12221 16384 I ReactNativeJS: [outputs] playMorse.nativeOffset.spike {"timestamp":26543788.514612,"wallClock":1760225557609,"source":"console.replay","offsetMs":92.67903900146484,"sequence":12,"unitMs":34,"correlationId":"console-replay:f4g6vlh3"}
10-11 19:32:37.610 12221 16384 I ReactNativeJS: [outputs] playMorse.symbol {"timestamp":26543788.927424,"wallClock":1760225557610,"symbol":"-","durationMs":102,"index":10,"source":"console.replay","correlationId":"console-replay:mgmwukq29kmyzjxf","nativeTimestampMs":26543695.165,"nativeDurationMs":102,"nativeOffsetMs":92.67903900146484,"nativeSequence":12,"monotonicTimestampMs":26543695.165,"nativeExpectedTimestampMs":26543672.199,"nativeStartSkewMs":22.967,"nativeBatchElapsedMs":1110.967,"nativeExpectedSincePriorMs":136,"nativeSincePriorMs":137.529,"nativePatternStartMs":26542584.199,"nativeAgeMs":92.588}
10-11 19:32:37.611 12221 16384 I ReactNativeJS: [outputs] playMorse.nativeOffset.spike {"timestamp":26543789.307528,"wallClock":1760225557610,"source":"console.replay","offsetMs":92.67903900146484,"sequence":12,"unitMs":34,"correlationId":"console-replay:mgmwukq29kmyzjxf","startSkewMs":22.967,"batchElapsedMs":1110.967,"ageMs":92.588}
10-11 19:32:37.611 12221 16384 I ReactNativeJS: [outputs] outputs.hapticSymbol {"timestamp":26543789.715028,"wallClock":1760225557611,"enabled":true,"symbol":"-","durationMs":102,"platform":"android","source":"console.replay","correlationId":"console-replay:mgmwukq29kmyzjxf","timelineOffsetMs":null}
10-11 19:32:37.612 12221 16384 I ReactNativeJS: [outputs] outputs.flashPulse {"timestamp":26543790.584039,"wallClock":1760225557612,"enabled":true,"durationMs":102,"source":"console.replay","correlationId":"console-replay:mgmwukq29kmyzjxf","timelineOffsetMs":92.67903900146484,"schedulingMode":"timeline","audioStartHeadroomMs":-126.37316399812698,"audioStartGuard":"headroom","audioStartCompensationMs":126.37316399812698}
10-11 19:32:37.618 12221 17029 D OutputsAudio: [outputs-audio] stop gain=1.000 release=6.00
10-11 19:32:37.653 12221 17029 D OutputsAudio: [outputs-audio] start hz=650.0 gain=1.000 attack=2.50 release=6.00
10-11 19:32:37.653 12221 17029 D OutputsAudio: [outputs-audio] playMorse.symbol.start sequence=13 symbol=. expected=26543808.199 actual=26543832.274 skew=24.076 batchElapsed=1248.076
10-11 19:32:37.674 12221 16384 I ReactNativeJS: [outputs] outputs.flashPulse.commit {"timestamp":26543852.614299,"wallClock":1760225557674,"durationMs":102,"source":"console.replay","correlationId":"console-replay:mgmwukq29kmyzjxf","latencyMs":64.76281199976802,"timelineOffsetMs":92.67903900146484,"leadMs":8,"scheduleSkewMs":62.033073000609875,"schedulingMode":"timeline","audioStartHeadroomMs":-126.37316399812698,"audioStartGuard":"headroom","audioStartCompensationMs":126.37316399812698}
10-11 19:32:37.687 12221 17029 D OutputsAudio: [outputs-audio] stop gain=1.000 release=6.00
10-11 19:32:37.722 12221 16384 D OutputsAudio: [outputs-audio] symbol.info sequence=13 symbol=. timestamp=26543832.274 duration=34.000 expected=26543808.199 skew=24.076 age=68.478
10-11 19:32:37.722 12221 17029 D OutputsAudio: [outputs-audio] start hz=650.0 gain=1.000 attack=2.50 release=6.00
10-11 19:32:37.722 12221 17029 D OutputsAudio: [outputs-audio] playMorse.symbol.start sequence=14 symbol=. expected=26543876.199 actual=26543901.327 skew=25.129 batchElapsed=1317.129
10-11 19:32:37.722 12221 16384 I ReactNativeJS: [outputs] playMorse.symbol {"timestamp":26543900.88482,"wallClock":1760225557722,"symbol":"-","durationMs":102,"index":11,"source":"console.replay","correlationId":"console-replay:7xp7heov","nativeTimestampMs":26543832.274,"nativeDurationMs":34,"nativeOffsetMs":68.56462199985981,"nativeSequence":13,"monotonicTimestampMs":26543832.274,"nativeExpectedTimestampMs":26543808.199,"nativeStartSkewMs":24.076,"nativeBatchElapsedMs":1248.076,"nativeExpectedSincePriorMs":136,"nativeSincePriorMs":137.109,"nativePatternStartMs":26542584.199,"nativeAgeMs":68.478}
