10-11 14:15:24.137 11634 11711 W ReactNativeJS: '[outputs-audio] native sequence jump', { previous: 13, next: 15, delta: 2 }
10-11 14:15:24.137 11634 11711 I ReactNativeJS: [outputs] playMorse.symbol {"timestamp":7547658.383681,"wallClock":1760206524137,"symbol":"-","durationMs":120,"index":10,"source":"console.replay","correlationId":"console-replay:mgmlimeh0qsnj51n","nativeTimestampMs":7547605.181,"nativeDurationMs":40,"nativeOffsetMs":53.165494000539184,"nativeSequence":15,"monotonicTimestampMs":7547605.181}
10-11 14:15:24.137 11634 11711 I ReactNativeJS: [outputs] outputs.hapticSymbol {"timestamp":7547658.800087,"wallClock":1760206524137,"enabled":true,"symbol":"-","durationMs":120,"platform":"android","source":"console.replay","correlationId":"console-replay:mgmlimeh0qsnj51n","timelineOffsetMs":53.165494000539184}
10-11 14:15:24.139 11634 11711 I ReactNativeJS: [outputs] outputs.flashPulse {"timestamp":7547659.566285,"wallClock":1760206524138,"enabled":true,"durationMs":120,"source":"console.replay","correlationId":"console-replay:mgmlimeh0qsnj51n","timelineOffsetMs":53.165494000539184}
10-11 14:15:24.165 11634 17474 D OutputsAudio: [outputs-audio] start hz=700.0 gain=1.000 attack=2.50 release=6.00
10-11 14:15:24.211 11634 11711 I ReactNativeJS: [outputs] outputs.flashPulse.commit {"timestamp":7547732.114879,"wallClock":1760206524210,"durationMs":120,"source":"console.replay","correlationId":"console-replay:mgmlimeh0qsnj51n","latencyMs":73.76343699917197,"timelineOffsetMs":53.165494000539184}
10-11 14:15:24.285 11634 17474 D OutputsAudio: [outputs-audio] stop gain=1.000 release=6.00
10-11 14:15:24.294 11634 11711 D OutputsAudio: [outputs-audio] symbol.info sequence=16 symbol=- timestamp=7547686.578 duration=120.000
10-11 14:15:24.294 11634 11711 I ReactNativeJS: [outputs] playMorse.symbol {"timestamp":7547815.286025,"wallClock":1760206524294,"symbol":"-","durationMs":120,"index":11,"source":"console.replay","correlationId":"console-replay:mgmlimiu1n9i6uuo","nativeTimestampMs":7547686.578,"nativeDurationMs":120,"nativeOffsetMs":128.657504000701,"nativeSequence":16,"monotonicTimestampMs":7547686.578}
10-11 14:15:24.294 11634 11711 I ReactNativeJS: [outputs] playMorse.nativeOffset.spike {"timestamp":7547815.750035,"wallClock":1760206524294,"source":"console.replay","offsetMs":128.657504000701,"sequence":16,"unitMs":40,"correlationId":"console-replay:mgmlimiu1n9i6uuo"}
10-11 14:15:24.295 11634 11711 I ReactNativeJS: [outputs] outputs.hapticSymbol {"timestamp":7547816.111494,"wallClock":1760206524294,"enabled":true,"symbol":"-","durationMs":120,"platform":"android","source":"console.replay","correlationId":"console-replay:mgmlimiu1n9i6uuo","timelineOffsetMs":128.657504000701}
10-11 14:15:24.295 11634 11711 I ReactNativeJS: [outputs] outputs.flashPulse {"timestamp":7547816.833369,"wallClock":1760206524295,"enabled":true,"durationMs":120,"source":"console.replay","correlationId":"console-replay:mgmlimiu1n9i6uuo","timelineOffsetMs":128.657504000701}
10-11 14:15:24.326 11634 17474 D OutputsAudio: [outputs-audio] start hz=700.0 gain=1.000 attack=2.50 release=6.00
10-11 14:15:24.377 11634 11711 I ReactNativeJS: [outputs] outputs.flashPulse.commit {"timestamp":7547897.982171,"wallClock":1760206524376,"durationMs":120,"source":"console.replay","correlationId":"console-replay:mgmlimiu1n9i6uuo","latencyMs":82.74234399944544,"timelineOffsetMs":128.657504000701}
10-11 14:15:24.447 11634 17474 D OutputsAudio: [outputs-audio] stop gain=1.000 release=6.00
10-11 14:15:24.464 11634 11711 D OutputsAudio: [outputs-audio] symbol.info sequence=17 symbol=- timestamp=7547847.613 duration=120.000
10-11 14:15:24.465 11634 11711 I ReactNativeJS: [outputs] playMorse.symbol {"timestamp":7547986.162431,"wallClock":1760206524465,"symbol":".","durationMs":40,"index":12,"source":"console.replay","correlationId":"console-replay:mgmlimnl5tvtjb7m","nativeTimestampMs":7547847.613,"nativeDurationMs":120,"nativeOffsetMs":138.4977639997378,"nativeSequence":17,"monotonicTimestampMs":7547847.613}
10-11 14:15:24.465 11634 11711 I ReactNativeJS: [outputs] playMorse.nativeOffset.spike {"timestamp":7547986.641233,"wallClock":1760206524465,"source":"console.replay","offsetMs":138.4977639997378,"sequence":17,"unitMs":40,"correlationId":"console-replay:mgmlimnl5tvtjb7m"}
10-11 14:15:24.466 11634 11711 I ReactNativeJS: [outputs] outputs.hapticSymbol {"timestamp":7547987.001858,"wallClock":1760206524465,"enabled":true,"symbol":".","durationMs":40,"platform":"android","source":"console.replay","correlationId":"console-replay:mgmlimnl5tvtjb7m","timelineOffsetMs":138.4977639997378}
10-11 14:15:24.466 11634 11711 I ReactNativeJS: [outputs] outputs.flashPulse {"timestamp":7547987.762327,"wallClock":1760206524466,"enabled":true,"durationMs":40,"source":"console.replay","correlationId":"console-replay:mgmlimnl5tvtjb7m","timelineOffsetMs":138.4977639997378}
10-11 14:15:24.487 11634 17474 D OutputsAudio: [outputs-audio] start hz=700.0 gain=1.000 attack=2.50 release=6.00
10-11 14:15:24.559 11634 11711 I ReactNativeJS: [outputs] outputs.flashPulse.commit {"timestamp":7548079.772275,"wallClock":1760206524558,"durationMs":40,"source":"console.replay","correlationId":"console-replay:mgmlimnl5tvtjb7m","latencyMs":93.65677100047469,"timelineOffsetMs":138.4977639997378}
10-11 14:15:24.608 11634 17474 D OutputsAudio: [outputs-audio] stop gain=1.000 release=6.00
10-11 14:15:24.642 11634 11711 D OutputsAudio: [outputs-audio] symbol.info sequence=18 symbol=- timestamp=7548008.950 duration=120.000
10-11 14:15:24.643 11634 11711 I ReactNativeJS: [outputs] playMorse.symbol {"timestamp":7548163.843473,"wallClock":1760206524642,"symbol":".","durationMs":40,"index":13,"source":"console.replay","correlationId":"console-replay:mgmlimsikp5wjws8","nativeTimestampMs":7548008.95,"nativeDurationMs":120,"nativeOffsetMs":154.84331599995494,"nativeSequence":18,"monotonicTimestampMs":7548008.95}
10-11 14:15:24.643 11634 11711 I ReactNativeJS: [outputs] playMorse.nativeOffset.spike {"timestamp":7548164.385452,"wallClock":1760206524643,"source":"console.replay","offsetMs":154.84331599995494,"sequence":18,"unitMs":40,"correlationId":"console-replay:mgmlimsikp5wjws8"}
10-11 14:15:24.643 11634 11711 I ReactNativeJS: [outputs] outputs.hapticSymbol {"timestamp":7548164.718733,"wallClock":1760206524643,"enabled":true,"symbol":".","durationMs":40,"platform":"android","source":"console.replay","correlationId":"console-replay:mgmlimsikp5wjws8","timelineOffsetMs":154.84331599995494}
10-11 14:15:24.644 11634 11711 I ReactNativeJS: [outputs] outputs.flashPulse {"timestamp":7548165.526962,"wallClock":1760206524644,"enabled":true,"durationMs":40,"source":"console.replay","correlationId":"console-replay:mgmlimsikp5wjws8","timelineOffsetMs":154.84331599995494}
10-11 14:15:24.648 11634 17474 D OutputsAudio: [outputs-audio] start hz=700.0 gain=1.000 attack=2.50 release=6.00
10-11 14:15:24.689 11634 17474 D OutputsAudio: [outputs-audio] stop gain=1.000 release=6.00
10-11 14:15:24.719 11634 11711 I ReactNativeJS: [outputs] outputs.flashPulse.commit {"timestamp":7548240.322014,"wallClock":1760206524719,"durationMs":40,"source":"console.replay","correlationId":"console-replay:mgmlimsikp5wjws8","latencyMs":76.52374999970198,"timelineOffsetMs":154.84331599995494}
10-11 14:15:24.729 11634 17474 D OutputsAudio: [outputs-audio] start hz=700.0 gain=1.000 attack=2.50 release=6.00
10-11 14:15:24.770 11634 17474 D OutputsAudio: [outputs-audio] stop gain=1.000 release=6.00
10-11 14:15:24.803 11634 11711 D OutputsAudio: [outputs-audio] symbol.info sequence=20 symbol=. timestamp=7548251.000 duration=40.000
10-11 14:15:24.803 11634 11711 W ReactNativeJS: '[outputs-audio] native sequence jump', { previous: 18, next: 20, delta: 2 }
10-11 14:15:24.804 11634 11711 I ReactNativeJS: [outputs] playMorse.symbol {"timestamp":7548324.906389,"wallClock":1760206524803,"symbol":".","durationMs":40,"index":14,"source":"console.replay","correlationId":"console-replay:mgmlimwzmxcpj520","nativeTimestampMs":7548251,"nativeDurationMs":40,"nativeOffsetMs":73.86665000021458,"nativeSequence":20,"monotonicTimestampMs":7548251}
10-11 14:15:24.804 11634 11711 I ReactNativeJS: [outputs] outputs.hapticSymbol {"timestamp":7548325.295452,"wallClock":1760206524804,"enabled":true,"symbol":".","durationMs":40,"platform":"android","source":"console.replay","correlationId":"console-replay:mgmlimwzmxcpj520","timelineOffsetMs":73.86665000021458}
10-11 14:15:24.805 11634 11711 I ReactNativeJS: [outputs] outputs.flashPulse {"timestamp":7548326.012535,"wallClock":1760206524804,"enabled":true,"durationMs":40,"source":"console.replay","correlationId":"console-replay:mgmlimwzmxcpj520","timelineOffsetMs":73.86665000021458}
10-11 14:15:24.811 11634 17474 D OutputsAudio: [outputs-audio] start hz=700.0 gain=1.000 attack=2.50 release=6.00
10-11 14:15:24.851 11634 17474 D OutputsAudio: [outputs-audio] stop gain=1.000 release=6.00
10-11 14:15:24.880 11634 11711 I ReactNativeJS: [outputs] outputs.flashPulse.commit {"timestamp":7548401.062691,"wallClock":1760206524879,"durationMs":40,"source":"console.replay","correlationId":"console-replay:mgmlimwzmxcpj520","latencyMs":76.1920309998095,"timelineOffsetMs":73.86665000021458}
10-11 14:15:24.892 11634 17474 D OutputsAudio: [outputs-audio] start hz=700.0 gain=1.000 attack=2.50 release=6.00
10-11 14:15:24.963 11634 11711 D OutputsAudio: [outputs-audio] symbol.info sequence=22 symbol=- timestamp=7548413.409 duration=120.000
10-11 14:15:24.963 11634 11711 W ReactNativeJS: '[outputs-audio] native sequence jump', { previous: 20, next: 22, delta: 2 }
10-11 14:15:24.964 11634 11711 I ReactNativeJS: [outputs] playMorse.symbol {"timestamp":7548485.108629,"wallClock":1760206524963,"symbol":"-","durationMs":120,"index":15,"source":"console.replay","correlationId":"console-replay:mgmlin1frvarm540","nativeTimestampMs":7548413.409,"nativeDurationMs":120,"nativeOffsetMs":71.6609309995547,"nativeSequence":22,"monotonicTimestampMs":7548413.409}
10-11 14:15:24.964 11634 11711 I ReactNativeJS: [outputs] outputs.hapticSymbol {"timestamp":7548485.500347,"wallClock":1760206524964,"enabled":true,"symbol":"-","durationMs":120,"platform":"android","source":"console.replay","correlationId":"console-replay:mgmlin1frvarm540","timelineOffsetMs":71.6609309995547}
10-11 14:15:24.965 11634 11711 I ReactNativeJS: [outputs] outputs.flashPulse {"timestamp":7548486.23217,"wallClock":1760206524965,"enabled":true,"durationMs":120,"source":"console.replay","correlationId":"console-replay:mgmlin1frvarm540","timelineOffsetMs":71.6609309995547}
10-11 14:15:25.013 11634 17474 D OutputsAudio: [outputs-audio] stop gain=1.000 release=6.00
10-11 14:15:25.038 11634 11711 I ReactNativeJS: [outputs] outputs.flashPulse.commit {"timestamp":7548559.082327,"wallClock":1760206525037,"durationMs":120,"source":"console.replay","correlationId":"console-replay:mgmlin1frvarm540","latencyMs":74.0081250006333,"timelineOffsetMs":71.6609309995547}
10-11 14:15:25.053 11634 17474 D OutputsAudio: [outputs-audio] start hz=700.0 gain=1.000 attack=2.50 release=6.00
10-11 14:15:25.121 11634 11711 D OutputsAudio: [outputs-audio] symbol.info sequence=23 symbol=- timestamp=7548575.673 duration=120.000
10-11 14:15:25.121 11634 11711 I ReactNativeJS: [outputs] playMorse.symbol {"timestamp":7548642.468108,"wallClock":1760206525121,"symbol":"-","durationMs":120,"index":16,"source":"console.replay","correlationId":"console-replay:mgmlin5tngua0ir3","nativeTimestampMs":7548575.673,"nativeDurationMs":120,"nativeOffsetMs":66.74453499913216,"nativeSequence":23,"monotonicTimestampMs":7548575.673}
10-11 14:15:25.122 11634 11711 I ReactNativeJS: [outputs] outputs.hapticSymbol {"timestamp":7548642.955816,"wallClock":1760206525121,"enabled":true,"symbol":"-","durationMs":120,"platform":"android","source":"console.replay","correlationId":"console-replay:mgmlin5tngua0ir3","timelineOffsetMs":66.74453499913216}
10-11 14:15:25.122 11634 11711 I ReactNativeJS: [outputs] outputs.flashPulse {"timestamp":7548643.694045,"wallClock":1760206525122,"enabled":true,"durationMs":120,"source":"console.replay","correlationId":"console-replay:mgmlin5tngua0ir3","timelineOffsetMs":66.74453499913216}
10-11 14:15:25.174 11634 17474 D OutputsAudio: [outputs-audio] stop gain=1.000 release=6.00
10-11 14:15:25.195 11634 11711 I ReactNativeJS: [outputs] outputs.flashPulse.commit {"timestamp":7548716.745452,"wallClock":1760206525195,"durationMs":120,"source":"console.replay","correlationId":"console-replay:mgmlin5tngua0ir3","latencyMs":74.32401000056416,"timelineOffsetMs":66.74453499913216}
10-11 14:15:25.215 11634 17474 D OutputsAudio: [outputs-audio] start hz=700.0 gain=1.000 attack=2.50 release=6.00
10-11 14:15:25.277 11634 11711 D OutputsAudio: [outputs-audio] symbol.info sequence=24 symbol=- timestamp=7548736.829 duration=120.000
10-11 14:15:25.278 11634 11711 I ReactNativeJS: [outputs] playMorse.symbol {"timestamp":7548799.036858,"wallClock":1760206525277,"symbol":"-","durationMs":120,"index":17,"source":"console.replay","correlationId":"console-replay:mgmlina5mb2b2r1b","nativeTimestampMs":7548736.829,"nativeDurationMs":120,"nativeOffsetMs":62.15785800013691,"nativeSequence":24,"monotonicTimestampMs":7548736.829}
10-11 14:15:25.278 11634 11711 I ReactNativeJS: [outputs] outputs.hapticSymbol {"timestamp":7548799.498629,"wallClock":1760206525278,"enabled":true,"symbol":"-","durationMs":120,"platform":"android","source":"console.replay","correlationId":"console-replay:mgmlina5mb2b2r1b","timelineOffsetMs":62.15785800013691}
10-11 14:15:25.279 11634 11711 I ReactNativeJS: [outputs] outputs.flashPulse {"timestamp":7548800.290243,"wallClock":1760206525279,"enabled":true,"durationMs":120,"source":"console.replay","correlationId":"console-replay:mgmlina5mb2b2r1b","timelineOffsetMs":62.15785800013691}
10-11 14:15:25.336 11634 17474 D OutputsAudio: [outputs-audio] stop gain=1.000 release=6.00
10-11 14:15:25.370 11634 11711 I ReactNativeJS: [outputs] outputs.flashPulse.commit {"timestamp":7548891.289202,"wallClock":1760206525370,"durationMs":120,"source":"console.replay","correlationId":"console-replay:mgmlina5mb2b2r1b","latencyMs":92.29833300039172,"timelineOffsetMs":62.15785800013691}
10-11 14:15:25.376 11634 17474 D OutputsAudio: [outputs-audio] start hz=700.0 gain=1.000 attack=2.50 release=6.00
10-11 14:15:25.417 11634 17474 D OutputsAudio: [outputs-audio] stop gain=1.000 release=6.00
10-11 14:15:25.435 11634 11711 D OutputsAudio: [outputs-audio] symbol.info sequence=25 symbol=. timestamp=7548897.751 duration=40.000
10-11 14:15:25.436 11634 11711 I ReactNativeJS: [outputs] playMorse.symbol {"timestamp":7548957.125868,"wallClock":1760206525435,"symbol":".","durationMs":40,"index":18,"source":"console.replay","correlationId":"console-replay:mgmlinejjsokxo0t","nativeTimestampMs":7548897.751,"nativeDurationMs":40,"nativeOffsetMs":59.32460799999535,"nativeSequence":25,"monotonicTimestampMs":7548897.751}
10-11 14:15:25.436 11634 11711 I ReactNativeJS: [outputs] outputs.hapticSymbol {"timestamp":7548957.611962,"wallClock":1760206525436,"enabled":true,"symbol":".","durationMs":40,"platform":"android","source":"console.replay","correlationId":"console-replay:mgmlinejjsokxo0t","timelineOffsetMs":59.32460799999535}
10-11 14:15:25.437 11634 11711 I ReactNativeJS: [outputs] outputs.flashPulse {"timestamp":7548958.340399,"wallClock":1760206525437,"enabled":true,"durationMs":40,"source":"console.replay","correlationId":"console-replay:mgmlinejjsokxo0t","timelineOffsetMs":59.32460799999535}
10-11 14:15:25.458 11634 17474 D OutputsAudio: [outputs-audio] start hz=700.0 gain=1.000 attack=2.50 release=6.00
10-11 14:15:25.499 11634 17474 D OutputsAudio: [outputs-audio] stop gain=1.000 release=6.00
10-11 14:15:25.524 11634 11711 I ReactNativeJS: [outputs] outputs.flashPulse.commit {"timestamp":7549045.347014,"wallClock":1760206525524,"durationMs":40,"source":"console.replay","correlationId":"console-replay:mgmlinejjsokxo0t","latencyMs":88.26666599977762,"timelineOffsetMs":59.32460799999535}
10-11 14:15:25.540 11634 17474 D OutputsAudio: [outputs-audio] start hz=700.0 gain=1.000 attack=2.50 release=6.00
10-11 14:15:25.580 11634 17474 D OutputsAudio: [outputs-audio] stop gain=1.000 release=6.00
10-11 14:15:25.606 11634 11711 D OutputsAudio: [outputs-audio] symbol.info sequence=27 symbol=. timestamp=7549061.404 duration=40.000
10-11 14:15:25.607 11634 11711 W ReactNativeJS: '[outputs-audio] native sequence jump', { previous: 25, next: 27, delta: 2 }
10-11 14:15:25.607 11634 11711 I ReactNativeJS: [outputs] playMorse.symbol {"timestamp":7549128.715503,"wallClock":1760206525607,"symbol":".","durationMs":40,"index":19,"source":"console.replay","correlationId":"console-replay:mgmlinjbyu0o7tst","nativeTimestampMs":7549061.404,"nativeDurationMs":40,"nativeOffsetMs":67.2742640003562,"nativeSequence":27,"monotonicTimestampMs":7549061.404}
10-11 14:15:25.608 11634 11711 I ReactNativeJS: [outputs] outputs.hapticSymbol {"timestamp":7549129.124149,"wallClock":1760206525607,"enabled":true,"symbol":".","durationMs":40,"platform":"android","source":"console.replay","correlationId":"console-replay:mgmlinjbyu0o7tst","timelineOffsetMs":67.2742640003562}
10-11 14:15:25.609 11634 11711 I ReactNativeJS: [outputs] outputs.flashPulse {"timestamp":7549129.892274,"wallClock":1760206525608,"enabled":true,"durationMs":40,"source":"console.replay","correlationId":"console-replay:mgmlinjbyu0o7tst","timelineOffsetMs":67.2742640003562}
10-11 14:15:25.622 11634 17474 D OutputsAudio: [outputs-audio] stop gain=0.000 release=6.00
10-11 14:15:25.622 11634 17474 D OutputsAudio: [outputs-audio] playMorse.end cancelled=0
10-11 14:15:25.701 11634 11711 I ReactNativeJS: [outputs] outputs.flashPulse.commit {"timestamp":7549222.281545,"wallClock":1760206525701,"durationMs":40,"source":"console.replay","correlationId":"console-replay:mgmlinjbyu0o7tst","latencyMs":93.5985939996317,"timelineOffsetMs":67.2742640003562}
10-11 14:15:25.971 11634 11711 I ReactNativeJS: [outputs] playMorse.symbol {"timestamp":7549491.730035,"wallClock":1760206525970,"symbol":".","durationMs":40,"index":20,"source":"console.replay","correlationId":"console-replay:mgmlintewpyq089y","nativeTimestampMs":null,"nativeDurationMs":null,"nativeOffsetMs":null,"nativeSequence":null,"monotonicTimestampMs":null}
10-11 14:15:25.973 11634 11711 I ReactNativeJS: [outputs] outputs.hapticSymbol {"timestamp":7549493.087743,"wallClock":1760206525971,"enabled":true,"symbol":".","durationMs":40,"platform":"android","source":"console.replay","correlationId":"console-replay:mgmlintewpyq089y","timelineOffsetMs":null}
10-11 14:15:25.975 11634 11711 I ReactNativeJS: [outputs] outputs.flashPulse {"timestamp":7549496.344878,"wallClock":1760206525975,"enabled":true,"durationMs":40,"source":"console.replay","correlationId":"console-replay:mgmlintewpyq089y","timelineOffsetMs":null}
10-11 14:15:26.067 11634 11711 I ReactNativeJS: [outputs] outputs.flashPulse.commit {"timestamp":7549588.465451,"wallClock":1760206526067,"durationMs":40,"source":"console.replay","correlationId":"console-replay:mgmlintewpyq089y","latencyMs":96.74958300031722,"timelineOffsetMs":null}
10-11 14:15:26.338 11634 11711 I ReactNativeJS: [outputs] playMorse.symbol {"timestamp":7549858.756649,"wallClock":1760206526337,"symbol":"-","durationMs":120,"index":21,"source":"console.replay","correlationId":"console-replay:mgmlio3l7bzfa1e4","nativeTimestampMs":null,"nativeDurationMs":null,"nativeOffsetMs":null,"nativeSequence":null,"monotonicTimestampMs":null}
10-11 14:15:26.340 11634 11711 I ReactNativeJS: [outputs] outputs.hapticSymbol {"timestamp":7549860.059462,"wallClock":1760206526338,"enabled":true,"symbol":"-","durationMs":120,"platform":"android","source":"console.replay","correlationId":"console-replay:mgmlio3l7bzfa1e4","timelineOffsetMs":null}
10-11 14:15:26.342 11634 11711 I ReactNativeJS: [outputs] outputs.flashPulse {"timestamp":7549862.544826,"wallClock":1760206526341,"enabled":true,"durationMs":120,"source":"console.replay","correlationId":"console-replay:mgmlio3l7bzfa1e4","timelineOffsetMs":null}
10-11 14:15:26.434 11634 11711 I ReactNativeJS: [outputs] outputs.flashPulse.commit {"timestamp":7549954.927847,"wallClock":1760206526433,"durationMs":120,"source":"console.replay","correlationId":"console-replay:mgmlio3l7bzfa1e4","latencyMs":96.17963500041515,"timelineOffsetMs":null}
10-11 14:15:26.806 11634 11711 I ReactNativeJS: [outputs] playMorse.symbol {"timestamp":7550326.239722,"wallClock":1760206526805,"symbol":"-","durationMs":120,"index":22,"source":"console.replay","correlationId":"console-replay:mgmliogl5d6g1gk1","nativeTimestampMs":null,"nativeDurationMs":null,"nativeOffsetMs":null,"nativeSequence":null,"monotonicTimestampMs":null}
10-11 14:15:26.808 11634 11711 I ReactNativeJS: [outputs] outputs.hapticSymbol {"timestamp":7550328.605347,"wallClock":1760206526807,"enabled":true,"symbol":"-","durationMs":120,"platform":"android","source":"console.replay","correlationId":"console-replay:mgmliogl5d6g1gk1","timelineOffsetMs":null}
10-11 14:15:26.812 11634 11711 I ReactNativeJS: [outputs] outputs.flashPulse {"timestamp":7550332.070451,"wallClock":1760206526810,"enabled":true,"durationMs":120,"source":"console.replay","correlationId":"console-replay:mgmliogl5d6g1gk1","timelineOffsetMs":null}
10-11 14:15:26.903 11634 11711 I ReactNativeJS: [outputs] outputs.flashPulse.commit {"timestamp":7550423.836388,"wallClock":1760206526902,"durationMs":120,"source":"console.replay","correlationId":"console-replay:mgmliogl5d6g1gk1","latencyMs":97.60447899997234,"timelineOffsetMs":null}
10-11 14:15:27.215 11634 11711 I ReactNativeJS: [outputs] playMorse.symbol {"timestamp":7550735.385138,"wallClock":1760206527214,"symbol":"-","durationMs":120,"index":23,"source":"console.replay","correlationId":"console-replay:mgmlioryhikr0cpk","nativeTimestampMs":null,"nativeDurationMs":null,"nativeOffsetMs":null,"nativeSequence":null,"monotonicTimestampMs":null}
10-11 14:15:27.216 11634 11711 I ReactNativeJS: [outputs] outputs.hapticSymbol {"timestamp":7550736.577638,"wallClock":1760206527215,"enabled":true,"symbol":"-","durationMs":120,"platform":"android","source":"console.replay","correlationId":"console-replay:mgmlioryhikr0cpk","timelineOffsetMs":null}
10-11 14:15:27.217 11634 11711 I ReactNativeJS: [outputs] outputs.flashPulse {"timestamp":7550738.351492,"wallClock":1760206527217,"enabled":true,"durationMs":120,"source":"console.replay","correlationId":"console-replay:mgmlioryhikr0cpk","timelineOffsetMs":null}
10-11 14:15:27.332 11634 11711 I ReactNativeJS: [outputs] outputs.flashPulse.commit {"timestamp":7550853.353263,"wallClock":1760206527332,"durationMs":120,"source":"console.replay","correlationId":"console-replay:mgmlioryhikr0cpk","latencyMs":117.97562499996275,"timelineOffsetMs":null}
10-11 14:15:27.659 11634 11711 I ReactNativeJS: [outputs] playMorse.symbol {"timestamp":7551178.696753,"wallClock":1760206527657,"symbol":".","durationMs":40,"index":24,"source":"console.replay","correlationId":"console-replay:mgmlip49qg9wo8od","nativeTimestampMs":null,"nativeDurationMs":null,"nativeOffsetMs":null,"nativeSequence":null,"monotonicTimestampMs":null}
10-11 14:15:27.661 11634 11711 I ReactNativeJS: [outputs] outputs.hapticSymbol {"timestamp":7551180.392013,"wallClock":1760206527659,"enabled":true,"symbol":".","durationMs":40,"platform":"android","source":"console.replay","correlationId":"console-replay:mgmlip49qg9wo8od","timelineOffsetMs":null}
10-11 14:15:27.663 11634 11711 I ReactNativeJS: [outputs] outputs.flashPulse {"timestamp":7551184.42743,"wallClock":1760206527663,"enabled":true,"durationMs":40,"source":"console.replay","correlationId":"console-replay:mgmlip49qg9wo8od","timelineOffsetMs":null}
10-11 14:15:27.766 11634 11711 I ReactNativeJS: [outputs] outputs.flashPulse.commit {"timestamp":7551286.883107,"wallClock":1760206527765,"durationMs":40,"source":"console.replay","correlationId":"console-replay:mgmlip49qg9wo8od","latencyMs":108.20078099984676,"timelineOffsetMs":null}
10-11 14:15:28.083 11634 11711 I ReactNativeJS: [outputs] playMorse.symbol {"timestamp":7551603.691857,"wallClock":1760206528082,"symbol":".","durationMs":40,"index":25,"source":"console.replay","correlationId":"console-replay:mgmlipg215rk1i37","nativeTimestampMs":null,"nativeDurationMs":null,"nativeOffsetMs":null,"nativeSequence":null,"monotonicTimestampMs":null}
10-11 14:15:28.084 11634 11711 I ReactNativeJS: [outputs] outputs.hapticSymbol {"timestamp":7551604.860242,"wallClock":1760206528083,"enabled":true,"symbol":".","durationMs":40,"platform":"android","source":"console.replay","correlationId":"console-replay:mgmlipg215rk1i37","timelineOffsetMs":null}
10-11 14:15:28.094 11634 11711 I ReactNativeJS: [outputs] outputs.flashPulse {"timestamp":7551607.642065,"wallClock":1760206528086,"enabled":true,"durationMs":40,"source":"console.replay","correlationId":"console-replay:mgmlipg215rk1i37","timelineOffsetMs":null}
10-11 14:15:28.190 11634 11711 I ReactNativeJS: [outputs] outputs.flashPulse.commit {"timestamp":7551711.495815,"wallClock":1760206528190,"durationMs":40,"source":"console.replay","correlationId":"console-replay:mgmlipg215rk1i37","latencyMs":107.80880200024694,"timelineOffsetMs":null}
10-11 14:15:28.462 11634 11711 I ReactNativeJS: [outputs] playMorse.symbol {"timestamp":7551980.313784,"wallClock":1760206528459,"symbol":".","durationMs":40,"index":26,"source":"console.replay","correlationId":"console-replay:mgmlipqjjbughnl2","nativeTimestampMs":null,"nativeDurationMs":null,"nativeOffsetMs":null,"nativeSequence":null,"monotonicTimestampMs":null}
10-11 14:15:28.463 11634 11711 I ReactNativeJS: [outputs] outputs.hapticSymbol {"timestamp":7551983.409617,"wallClock":1760206528462,"enabled":true,"symbol":".","durationMs":40,"platform":"android","source":"console.replay","correlationId":"console-replay:mgmlipqjjbughnl2","timelineOffsetMs":null}
10-11 14:15:28.468 11634 11711 I ReactNativeJS: [outputs] outputs.flashPulse {"timestamp":7551988.369877,"wallClock":1760206528467,"enabled":true,"durationMs":40,"source":"console.replay","correlationId":"console-replay:mgmlipqjjbughnl2","timelineOffsetMs":null}
10-11 14:15:28.561 11634 11711 I ReactNativeJS: [outputs] outputs.flashPulse.commit {"timestamp":7552082.71045,"wallClock":1760206528561,"durationMs":40,"source":"console.replay","correlationId":"console-replay:mgmlipqjjbughnl2","latencyMs":102.4040620001033,"timelineOffsetMs":null}
10-11 14:15:28.628 11634 11711 I ReactNativeJS: [outputs] playMorse.complete {"timestamp":7552148.667325,"wallClock":1760206528627,"durationMs":6304.094267999753,"source":"console.replay","audioEnabled":true,"audioVolumePercent":100}
10-11 14:15:31.714 11634 11711 I ReactNativeJS: [outputs] playMorse.start {"timestamp":7555234.628782,"wallClock":1760206531713,"unitMs":34,"length":28,"source":"console.replay","audioEnabled":true,"audioVolumePercent":100}
10-11 14:15:31.839 11634 11711 D OutputsAudio: [outputs-audio] warmup hz=700.0
10-11 14:15:31.840 11634 17520 D OutputsAudio: [outputs-audio] playMorse.start count=27 unit=34.0
10-11 14:15:31.840 11634 17520 D OutputsAudio: [outputs-audio] start hz=700.0 gain=1.000 attack=2.50 release=6.00
10-11 14:15:31.861 11634 11711 D OutputsAudio: [outputs-audio] symbol.info sequence=1 symbol=. timestamp=7555361.205 duration=34.000
10-11 14:15:31.862 11634 11711 I ReactNativeJS: [outputs] playMorse.symbol {"timestamp":7555383.186491,"wallClock":1760206531862,"symbol":".","durationMs":34,"index":0,"source":"console.replay","correlationId":"console-replay:mgmlisd27sschtsp","nativeTimestampMs":7555361.205,"nativeDurationMs":34,"nativeOffsetMs":21.904407000169158,"nativeSequence":1,"monotonicTimestampMs":7555361.205}
10-11 14:15:31.863 11634 11711 I ReactNativeJS: [outputs] outputs.hapticSymbol {"timestamp":7555383.939355,"wallClock":1760206531862,"enabled":true,"symbol":".","durationMs":34,"platform":"android","source":"console.replay","correlationId":"console-replay:mgmlisd27sschtsp","timelineOffsetMs":21.904407000169158}
10-11 14:15:31.864 11634 11711 I ReactNativeJS: [outputs] outputs.flashPulse {"timestamp":7555384.944772,"wallClock":1760206531863,"enabled":true,"durationMs":34,"source":"console.replay","correlationId":"console-replay:mgmlisd27sschtsp","timelineOffsetMs":21.904407000169158}
10-11 14:15:31.875 11634 17520 D OutputsAudio: [outputs-audio] stop gain=1.000 release=6.00
10-11 14:15:31.910 11634 17520 D OutputsAudio: [outputs-audio] start hz=700.0 gain=1.000 attack=2.50 release=6.00
10-11 14:15:31.944 11634 17520 D OutputsAudio: [outputs-audio] stop gain=1.000 release=6.00
10-11 14:15:31.954 11634 11711 I ReactNativeJS: [outputs] outputs.flashPulse.commit {"timestamp":7555475.30222,"wallClock":1760206531954,"durationMs":34,"source":"console.replay","correlationId":"console-replay:mgmlisd27sschtsp","latencyMs":92.18833399936557,"timelineOffsetMs":21.904407000169158}
10-11 14:15:31.979 11634 17520 D OutputsAudio: [outputs-audio] start hz=700.0 gain=1.000 attack=2.50 release=6.00
10-11 14:15:32.014 11634 17520 D OutputsAudio: [outputs-audio] stop gain=1.000 release=6.00
10-11 14:15:32.022 11634 11711 D OutputsAudio: [outputs-audio] symbol.info sequence=3 symbol=. timestamp=7555500.501 duration=34.000
10-11 14:15:32.022 11634 11711 W ReactNativeJS: '[outputs-audio] native sequence jump', { previous: 1, next: 3, delta: 2 }
10-11 14:15:32.023 11634 11711 I ReactNativeJS: [outputs] playMorse.symbol {"timestamp":7555544.083626,"wallClock":1760206532022,"symbol":".","durationMs":34,"index":1,"source":"console.replay","correlationId":"console-replay:mgmlishind21uchq","nativeTimestampMs":7555500.501,"nativeDurationMs":34,"nativeOffsetMs":43.458979999646544,"nativeSequence":3,"monotonicTimestampMs":7555500.501}
10-11 14:15:32.023 11634 11711 I ReactNativeJS: [outputs] outputs.hapticSymbol {"timestamp":7555544.462949,"wallClock":1760206532023,"enabled":true,"symbol":".","durationMs":34,"platform":"android","source":"console.replay","correlationId":"console-replay:mgmlishind21uchq","timelineOffsetMs":43.458979999646544}
10-11 14:15:32.024 11634 11711 I ReactNativeJS: [outputs] outputs.flashPulse {"timestamp":7555545.158626,"wallClock":1760206532024,"enabled":true,"durationMs":34,"source":"console.replay","correlationId":"console-replay:mgmlishind21uchq","timelineOffsetMs":43.458979999646544}
10-11 14:15:32.048 11634 17520 D OutputsAudio: [outputs-audio] start hz=700.0 gain=1.000 attack=2.50 release=6.00
10-11 14:15:32.118 11634 11711 I ReactNativeJS: [outputs] outputs.flashPulse.commit {"timestamp":7555639.229199,"wallClock":1760206532118,"durationMs":34,"source":"console.replay","correlationId":"console-replay:mgmlishind21uchq","latencyMs":95.26515599992126,"timelineOffsetMs":43.458979999646544}
10-11 14:15:32.151 11634 17520 D OutputsAudio: [outputs-audio] stop gain=1.000 release=6.00
10-11 14:15:32.186 11634 17520 D OutputsAudio: [outputs-audio] start hz=700.0 gain=1.000 attack=2.50 release=6.00
10-11 14:15:32.200 11634 11711 D OutputsAudio: [outputs-audio] symbol.info sequence=5 symbol=- timestamp=7555707.848 duration=102.000
10-11 14:15:32.201 11634 11711 W ReactNativeJS: '[outputs-audio] native sequence jump', { previous: 3, next: 5, delta: 2 }
10-11 14:15:32.201 11634 11711 I ReactNativeJS: [outputs] playMorse.symbol {"timestamp":7555722.558522,"wallClock":1760206532201,"symbol":".","durationMs":34,"index":2,"source":"console.replay","correlationId":"console-replay:mgmlismhbq8dj8xj","nativeTimestampMs":7555707.848,"nativeDurationMs":102,"nativeOffsetMs":14.67395900003612,"nativeSequence":5,"monotonicTimestampMs":7555707.848}
10-11 14:15:32.202 11634 11711 I ReactNativeJS: [outputs] outputs.hapticSymbol {"timestamp":7555722.992845,"wallClock":1760206532201,"enabled":true,"symbol":".","durationMs":34,"platform":"android","source":"console.replay","correlationId":"console-replay:mgmlismhbq8dj8xj","timelineOffsetMs":14.67395900003612}
10-11 14:15:32.202 11634 11711 I ReactNativeJS: [outputs] outputs.flashPulse {"timestamp":7555723.727741,"wallClock":1760206532202,"enabled":true,"durationMs":34,"source":"console.replay","correlationId":"console-replay:mgmlismhbq8dj8xj","timelineOffsetMs":14.67395900003612}
10-11 14:15:32.282 11634 11711 I ReactNativeJS: [outputs] outputs.flashPulse.commit {"timestamp":7555802.904824,"wallClock":1760206532281,"durationMs":34,"source":"console.replay","correlationId":"console-replay:mgmlismhbq8dj8xj","latencyMs":80.37849000003189,"timelineOffsetMs":14.67395900003612}
10-11 14:15:32.288 11634 17520 D OutputsAudio: [outputs-audio] stop gain=1.000 release=6.00
10-11 14:15:32.323 11634 17520 D OutputsAudio: [outputs-audio] start hz=700.0 gain=1.000 attack=2.50 release=6.00
10-11 14:15:32.365 11634 11711 D OutputsAudio: [outputs-audio] symbol.info sequence=6 symbol=- timestamp=7555844.885 duration=102.000
10-11 14:15:32.366 11634 11711 I ReactNativeJS: [outputs] playMorse.symbol {"timestamp":7555887.078105,"wallClock":1760206532365,"symbol":"-","durationMs":102,"index":3,"source":"console.replay","correlationId":"console-replay:mgmlisr17ust9veu","nativeTimestampMs":7555844.885,"nativeDurationMs":102,"nativeOffsetMs":42.14768800046295,"nativeSequence":6,"monotonicTimestampMs":7555844.885}
10-11 14:15:32.366 11634 11711 I ReactNativeJS: [outputs] outputs.hapticSymbol {"timestamp":7555887.56373,"wallClock":1760206532366,"enabled":true,"symbol":"-","durationMs":102,"platform":"android","source":"console.replay","correlationId":"console-replay:mgmlisr17ust9veu","timelineOffsetMs":42.14768800046295}
10-11 14:15:32.367 11634 11711 I ReactNativeJS: [outputs] outputs.flashPulse {"timestamp":7555888.390865,"wallClock":1760206532367,"enabled":true,"durationMs":102,"source":"console.replay","correlationId":"console-replay:mgmlisr17ust9veu","timelineOffsetMs":42.14768800046295}
10-11 14:15:32.426 11634 17520 D OutputsAudio: [outputs-audio] stop gain=1.000 release=6.00
10-11 14:15:32.440 11634 11711 I ReactNativeJS: [outputs] outputs.flashPulse.commit {"timestamp":7555960.982793,"wallClock":1760206532439,"durationMs":102,"source":"console.replay","correlationId":"console-replay:mgmlisr17ust9veu","latencyMs":73.94541699998081,"timelineOffsetMs":42.14768800046295}
10-11 14:15:32.461 11634 17520 D OutputsAudio: [outputs-audio] start hz=700.0 gain=1.000 attack=2.50 release=6.00
10-11 14:15:32.496 11634 17520 D OutputsAudio: [outputs-audio] stop gain=1.000 release=6.00
10-11 14:15:32.523 11634 11711 D OutputsAudio: [outputs-audio] symbol.info sequence=7 symbol=. timestamp=7555983.060 duration=34.000
10-11 14:15:32.524 11634 11711 I ReactNativeJS: [outputs] playMorse.symbol {"timestamp":7556044.939043,"wallClock":1760206532523,"symbol":"-","durationMs":102,"index":4,"source":"console.replay","correlationId":"console-replay:mgmlisvfabniqda2","nativeTimestampMs":7555983.06,"nativeDurationMs":34,"nativeOffsetMs":61.83143800031394,"nativeSequence":7,"monotonicTimestampMs":7555983.06}
10-11 14:15:32.524 11634 11711 I ReactNativeJS: [outputs] outputs.hapticSymbol {"timestamp":7556045.357949,"wallClock":1760206532524,"enabled":true,"symbol":"-","durationMs":102,"platform":"android","source":"console.replay","correlationId":"console-replay:mgmlisvfabniqda2","timelineOffsetMs":61.83143800031394}
10-11 14:15:32.525 11634 11711 I ReactNativeJS: [outputs] outputs.flashPulse {"timestamp":7556046.102845,"wallClock":1760206532524,"enabled":true,"durationMs":102,"source":"console.replay","correlationId":"console-replay:mgmlisvfabniqda2","timelineOffsetMs":61.83143800031394}
10-11 14:15:32.531 11634 17520 D OutputsAudio: [outputs-audio] start hz=700.0 gain=1.000 attack=2.50 release=6.00
10-11 14:15:32.565 11634 17520 D OutputsAudio: [outputs-audio] stop gain=1.000 release=6.00
10-11 14:15:32.600 11634 17520 D OutputsAudio: [outputs-audio] start hz=700.0 gain=1.000 attack=2.50 release=6.00
10-11 14:15:32.617 11634 11711 D OutputsAudio: [outputs-audio] symbol.info sequence=9 symbol=. timestamp=7556122.103 duration=34.000
10-11 14:15:32.617 11634 11711 W ReactNativeJS: '[outputs-audio] native sequence jump', { previous: 7, next: 9, delta: 2 }
10-11 14:15:32.618 11634 11711 I ReactNativeJS: [outputs] playMorse.symbol {"timestamp":7556138.912845,"wallClock":1760206532617,"symbol":"-","durationMs":102,"index":5,"source":"console.replay","correlationId":"console-replay:mgmlisy1llxokmt3","nativeTimestampMs":7556122.103,"nativeDurationMs":34,"nativeOffsetMs":16.77619899995625,"nativeSequence":9,"monotonicTimestampMs":7556122.103}
10-11 14:15:32.618 11634 11711 I ReactNativeJS: [outputs] outputs.hapticSymbol {"timestamp":7556139.432792,"wallClock":1760206532618,"enabled":true,"symbol":"-","durationMs":102,"platform":"android","source":"console.replay","correlationId":"console-replay:mgmlisy1llxokmt3","timelineOffsetMs":16.77619899995625}
10-11 14:15:32.619 11634 11711 I ReactNativeJS: [outputs] outputs.flashPulse {"timestamp":7556140.301542,"wallClock":1760206532619,"enabled":true,"durationMs":102,"source":"console.replay","correlationId":"console-replay:mgmlisy1llxokmt3","timelineOffsetMs":16.77619899995625}
10-11 14:15:32.635 11634 17520 D OutputsAudio: [outputs-audio] stop gain=1.000 release=6.00
10-11 14:15:32.670 11634 17520 D OutputsAudio: [outputs-audio] start hz=700.0 gain=1.000 attack=2.50 release=6.00
10-11 14:15:32.691 11634 11711 I ReactNativeJS: [outputs] outputs.flashPulse.commit {"timestamp":7556212.411438,"wallClock":1760206532691,"durationMs":102,"source":"console.replay","correlationId":"console-replay:mgmlisvfabniqda2","latencyMs":167.51531300041825,"timelineOffsetMs":61.83143800031394}
10-11 14:15:32.773 11634 17520 D OutputsAudio: [outputs-audio] stop gain=1.000 release=6.00
10-11 14:15:32.776 11634 11711 I ReactNativeJS: [outputs] outputs.flashPulse.commit {"timestamp":7556296.799667,"wallClock":1760206532775,"durationMs":102,"source":"console.replay","correlationId":"console-replay:mgmlisy1llxokmt3","latencyMs":157.91546799987555,"timelineOffsetMs":16.77619899995625}
10-11 14:15:32.807 11634 17520 D OutputsAudio: [outputs-audio] start hz=700.0 gain=1.000 attack=2.50 release=6.00
10-11 14:15:32.842 11634 11711 D OutputsAudio: [outputs-audio] symbol.info sequence=11 symbol=- timestamp=7556329.092 duration=102.000
10-11 14:15:32.843 11634 11711 W ReactNativeJS: '[outputs-audio] native sequence jump', { previous: 9, next: 11, delta: 2 }
10-11 14:15:32.843 11634 11711 I ReactNativeJS: [outputs] playMorse.symbol {"timestamp":7556364.682167,"wallClock":1760206532843,"symbol":".","durationMs":34,"index":6,"source":"console.replay","correlationId":"console-replay:mgmlit4boge7yw4t","nativeTimestampMs":7556329.092,"nativeDurationMs":102,"nativeOffsetMs":35.545375999994576,"nativeSequence":11,"monotonicTimestampMs":7556329.092}
10-11 14:15:32.844 11634 11711 I ReactNativeJS: [outputs] outputs.hapticSymbol {"timestamp":7556365.093574,"wallClock":1760206532843,"enabled":true,"symbol":".","durationMs":34,"platform":"android","source":"console.replay","correlationId":"console-replay:mgmlit4boge7yw4t","timelineOffsetMs":35.545375999994576}
10-11 14:15:32.844 11634 11711 I ReactNativeJS: [outputs] outputs.flashPulse {"timestamp":7556365.863313,"wallClock":1760206532844,"enabled":true,"durationMs":34,"source":"console.replay","correlationId":"console-replay:mgmlit4boge7yw4t","timelineOffsetMs":35.545375999994576}
10-11 14:15:32.910 11634 17520 D OutputsAudio: [outputs-audio] stop gain=1.000 release=6.00
10-11 14:15:32.917 11634 11711 I ReactNativeJS: [outputs] outputs.flashPulse.commit {"timestamp":7556438.429042,"wallClock":1760206532917,"durationMs":34,"source":"console.replay","correlationId":"console-replay:mgmlit4boge7yw4t","latencyMs":73.78734300006181,"timelineOffsetMs":35.545375999994576}
10-11 14:15:32.945 11634 17520 D OutputsAudio: [outputs-audio] start hz=700.0 gain=1.000 attack=2.50 release=6.00
10-11 14:15:32.984 11634 11711 D OutputsAudio: [outputs-audio] symbol.info sequence=12 symbol=- timestamp=7556467.116 duration=102.000
10-11 14:15:32.985 11634 11711 I ReactNativeJS: [outputs] playMorse.symbol {"timestamp":7556505.771282,"wallClock":1760206532984,"symbol":".","durationMs":34,"index":7,"source":"console.replay","correlationId":"console-replay:mgmlit88ipde5uoj","nativeTimestampMs":7556467.116,"nativeDurationMs":102,"nativeOffsetMs":38.60069900006056,"nativeSequence":12,"monotonicTimestampMs":7556467.116}
10-11 14:15:32.985 11634 11711 I ReactNativeJS: [outputs] outputs.hapticSymbol {"timestamp":7556506.252584,"wallClock":1760206532985,"enabled":true,"symbol":".","durationMs":34,"platform":"android","source":"console.replay","correlationId":"console-replay:mgmlit88ipde5uoj","timelineOffsetMs":38.60069900006056}
10-11 14:15:32.986 11634 11711 I ReactNativeJS: [outputs] outputs.flashPulse {"timestamp":7556506.978678,"wallClock":1760206532985,"enabled":true,"durationMs":34,"source":"console.replay","correlationId":"console-replay:mgmlit88ipde5uoj","timelineOffsetMs":38.60069900006056}
10-11 14:15:33.048 11634 17520 D OutputsAudio: [outputs-audio] stop gain=1.000 release=6.00
10-11 14:15:33.060 11634 11711 I ReactNativeJS: [outputs] outputs.flashPulse.commit {"timestamp":7556581.465605,"wallClock":1760206533060,"durationMs":34,"source":"console.replay","correlationId":"console-replay:mgmlit88ipde5uoj","latencyMs":75.74395799916238,"timelineOffsetMs":38.60069900006056}
10-11 14:15:33.083 11634 17520 D OutputsAudio: [outputs-audio] start hz=700.0 gain=1.000 attack=2.50 release=6.00
10-11 14:15:33.118 11634 17520 D OutputsAudio: [outputs-audio] stop gain=1.000 release=6.00
10-11 14:15:33.143 11634 11711 D OutputsAudio: [outputs-audio] symbol.info sequence=13 symbol=. timestamp=7556605.078 duration=34.000
10-11 14:15:33.143 11634 11711 I ReactNativeJS: [outputs] playMorse.symbol {"timestamp":7556664.525917,"wallClock":1760206533143,"symbol":".","durationMs":34,"index":8,"source":"console.replay","correlationId":"console-replay:mgmlitcnl4gx1vk7","nativeTimestampMs":7556605.078,"nativeDurationMs":34,"nativeOffsetMs":59.39645900018513,"nativeSequence":13,"monotonicTimestampMs":7556605.078}
10-11 14:15:33.144 11634 11711 I ReactNativeJS: [outputs] outputs.hapticSymbol {"timestamp":7556665.013834,"wallClock":1760206533143,"enabled":true,"symbol":".","durationMs":34,"platform":"android","source":"console.replay","correlationId":"console-replay:mgmlitcnl4gx1vk7","timelineOffsetMs":59.39645900018513}
10-11 14:15:33.144 11634 11711 I ReactNativeJS: [outputs] outputs.flashPulse {"timestamp":7556665.741021,"wallClock":1760206533144,"enabled":true,"durationMs":34,"source":"console.replay","correlationId":"console-replay:mgmlitcnl4gx1vk7","timelineOffsetMs":59.39645900018513}
10-11 14:15:33.153 11634 17520 D OutputsAudio: [outputs-audio] start hz=700.0 gain=1.000 attack=2.50 release=6.00
10-11 14:15:33.187 11634 17520 D OutputsAudio: [outputs-audio] stop gain=1.000 release=6.00
10-11 14:15:33.217 11634 11711 I ReactNativeJS: [outputs] outputs.flashPulse.commit {"timestamp":7556738.108001,"wallClock":1760206533216,"durationMs":34,"source":"console.replay","correlationId":"console-replay:mgmlitcnl4gx1vk7","latencyMs":73.6291669998318,"timelineOffsetMs":59.39645900018513}
10-11 14:15:33.222 11634 17520 D OutputsAudio: [outputs-audio] start hz=700.0 gain=1.000 attack=2.50 release=6.00
10-11 14:15:33.257 11634 17520 D OutputsAudio: [outputs-audio] stop gain=1.000 release=6.00
10-11 14:15:33.292 11634 17520 D OutputsAudio: [outputs-audio] start hz=700.0 gain=1.000 attack=2.50 release=6.00
10-11 14:15:33.300 11634 11711 D OutputsAudio: [outputs-audio] symbol.info sequence=16 symbol=- timestamp=7556813.531 duration=102.000
10-11 14:15:33.300 11634 11711 W ReactNativeJS: '[outputs-audio] native sequence jump', { previous: 13, next: 16, delta: 3 }
10-11 14:15:33.301 11634 11711 I ReactNativeJS: [outputs] playMorse.symbol {"timestamp":7556821.808001,"wallClock":1760206533300,"symbol":"-","durationMs":102,"index":9,"source":"console.replay","correlationId":"console-replay:mgmlith0vbyjz42g","nativeTimestampMs":7556813.531,"nativeDurationMs":102,"nativeOffsetMs":8.237468999810517,"nativeSequence":16,"monotonicTimestampMs":7556813.531}
10-11 14:15:33.301 11634 11711 I ReactNativeJS: [outputs] outputs.hapticSymbol {"timestamp":7556822.201126,"wallClock":1760206533301,"enabled":true,"symbol":"-","durationMs":102,"platform":"android","source":"console.replay","correlationId":"console-replay:mgmlith0vbyjz42g","timelineOffsetMs":8.237468999810517}
10-11 14:15:33.302 11634 11711 I ReactNativeJS: [outputs] outputs.flashPulse {"timestamp":7556822.907792,"wallClock":1760206533301,"enabled":true,"durationMs":102,"source":"console.replay","correlationId":"console-replay:mgmlith0vbyjz42g","timelineOffsetMs":8.237468999810517}
10-11 14:15:33.391 11634 11711 I ReactNativeJS: [outputs] outputs.flashPulse.commit {"timestamp":7556912.215136,"wallClock":1760206533391,"durationMs":102,"source":"console.replay","correlationId":"console-replay:mgmlith0vbyjz42g","latencyMs":90.44208399951458,"timelineOffsetMs":8.237468999810517}
10-11 14:15:33.394 11634 17520 D OutputsAudio: [outputs-audio] stop gain=1.000 release=6.00
10-11 14:15:33.429 11634 17520 D OutputsAudio: [outputs-audio] start hz=700.0 gain=1.000 attack=2.50 release=6.00
10-11 14:15:33.457 11634 11711 D OutputsAudio: [outputs-audio] symbol.info sequence=17 symbol=- timestamp=7556950.443 duration=102.000
10-11 14:15:33.458 11634 11711 I ReactNativeJS: [outputs] playMorse.symbol {"timestamp":7556979.052011,"wallClock":1760206533457,"symbol":"-","durationMs":102,"index":10,"source":"console.replay","correlationId":"console-replay:mgmlitld3nhhfpat","nativeTimestampMs":7556950.443,"nativeDurationMs":102,"nativeOffsetMs":28.560730000026524,"nativeSequence":17,"monotonicTimestampMs":7556950.443}
10-11 14:15:33.458 11634 11711 I ReactNativeJS: [outputs] outputs.hapticSymbol {"timestamp":7556979.483417,"wallClock":1760206533458,"enabled":true,"symbol":"-","durationMs":102,"platform":"android","source":"console.replay","correlationId":"console-replay:mgmlitld3nhhfpat","timelineOffsetMs":28.560730000026524}
10-11 14:15:33.459 11634 11711 I ReactNativeJS: [outputs] outputs.flashPulse {"timestamp":7556980.278886,"wallClock":1760206533459,"enabled":true,"durationMs":102,"source":"console.replay","correlationId":"console-replay:mgmlitld3nhhfpat","timelineOffsetMs":28.560730000026524}
10-11 14:15:33.532 11634 17520 D OutputsAudio: [outputs-audio] stop gain=1.000 release=6.00
10-11 14:15:33.552 11634 11711 I ReactNativeJS: [outputs] outputs.flashPulse.commit {"timestamp":7557073.11925,"wallClock":1760206533551,"durationMs":102,"source":"console.replay","correlationId":"console-replay:mgmlitld3nhhfpat","latencyMs":94.11135399993509,"timelineOffsetMs":28.560730000026524}
10-11 14:15:33.567 11634 17520 D OutputsAudio: [outputs-audio] start hz=700.0 gain=1.000 attack=2.50 release=6.00
10-11 14:15:33.635 11634 11711 D OutputsAudio: [outputs-audio] symbol.info sequence=18 symbol=- timestamp=7557089.037 duration=102.000
10-11 14:15:33.635 11634 11711 I ReactNativeJS: [outputs] playMorse.symbol {"timestamp":7557156.256282,"wallClock":1760206533635,"symbol":"-","durationMs":102,"index":11,"source":"console.replay","correlationId":"console-replay:mgmlitqbp51m3jir","nativeTimestampMs":7557089.037,"nativeDurationMs":102,"nativeOffsetMs":67.16563600022346,"nativeSequence":18,"monotonicTimestampMs":7557089.037}
10-11 14:15:33.635 11634 11711 I ReactNativeJS: [outputs] outputs.hapticSymbol {"timestamp":7557156.755396,"wallClock":1760206533635,"enabled":true,"symbol":"-","durationMs":102,"platform":"android","source":"console.replay","correlationId":"console-replay:mgmlitqbp51m3jir","timelineOffsetMs":67.16563600022346}
10-11 14:15:33.636 11634 11711 I ReactNativeJS: [outputs] outputs.flashPulse {"timestamp":7557157.484407,"wallClock":1760206533636,"enabled":true,"durationMs":102,"source":"console.replay","correlationId":"console-replay:mgmlitqbp51m3jir","timelineOffsetMs":67.16563600022346}
10-11 14:15:33.670 11634 17520 D OutputsAudio: [outputs-audio] stop gain=1.000 release=6.00
10-11 14:15:33.705 11634 17520 D OutputsAudio: [outputs-audio] start hz=700.0 gain=1.000 attack=2.50 release=6.00
10-11 14:15:33.740 11634 17520 D OutputsAudio: [outputs-audio] stop gain=1.000 release=6.00
10-11 14:15:33.742 11634 11711 I ReactNativeJS: [outputs] outputs.flashPulse.commit {"timestamp":7557262.793157,"wallClock":1760206533741,"durationMs":102,"source":"console.replay","correlationId":"console-replay:mgmlitqbp51m3jir","latencyMs":106.58510399982333,"timelineOffsetMs":67.16563600022346}
10-11 14:15:33.775 11634 17520 D OutputsAudio: [outputs-audio] start hz=700.0 gain=1.000 attack=2.50 release=6.00
10-11 14:15:33.810 11634 17520 D OutputsAudio: [outputs-audio] stop gain=1.000 release=6.00
10-11 14:15:33.826 11634 11711 D OutputsAudio: [outputs-audio] symbol.info sequence=20 symbol=. timestamp=7557297.063 duration=34.000
10-11 14:15:33.827 11634 11711 W ReactNativeJS: '[outputs-audio] native sequence jump', { previous: 18, next: 20, delta: 2 }
10-11 14:15:33.827 11634 11711 I ReactNativeJS: [outputs] playMorse.symbol {"timestamp":7557348.682948,"wallClock":1760206533827,"symbol":".","durationMs":34,"index":12,"source":"console.replay","correlationId":"console-replay:mgmlitvnij8p15we","nativeTimestampMs":7557297.063,"nativeDurationMs":34,"nativeOffsetMs":51.5772399995476,"nativeSequence":20,"monotonicTimestampMs":7557297.063}
10-11 14:15:33.828 11634 11711 I ReactNativeJS: [outputs] outputs.hapticSymbol {"timestamp":7557349.084407,"wallClock":1760206533827,"enabled":true,"symbol":".","durationMs":34,"platform":"android","source":"console.replay","correlationId":"console-replay:mgmlitvnij8p15we","timelineOffsetMs":51.5772399995476}
