10-11 19:32:37.723 12221 16384 I ReactNativeJS: [outputs] playMorse.symbol {"timestamp":26543901.561278,"wallClock":1760225557722,"symbol":"-","durationMs":102,"index":11,"source":"console.replay","correlationId":"console-replay:mgmwukt6446beba1","nativeTimestampMs":26543832.274,"nativeDurationMs":34,"nativeOffsetMs":68.56462199985981,"nativeSequence":13,"monotonicTimestampMs":26543832.274,"nativeExpectedTimestampMs":26543808.199,"nativeStartSkewMs":24.076,"nativeBatchElapsedMs":1248.076,"nativeExpectedSincePriorMs":136,"nativeSincePriorMs":137.109,"nativePatternStartMs":26542584.199,"nativeAgeMs":68.478}
10-11 19:32:37.723 12221 16384 I ReactNativeJS: [outputs] outputs.hapticSymbol {"timestamp":26543901.994195,"wallClock":1760225557723,"enabled":true,"symbol":"-","durationMs":102,"platform":"android","source":"console.replay","correlationId":"console-replay:mgmwukt6446beba1","timelineOffsetMs":null}
10-11 19:32:37.727 12221 16384 I ReactNativeJS: [outputs] outputs.flashPulse {"timestamp":26543905.664351,"wallClock":1760225557727,"enabled":true,"durationMs":102,"source":"console.replay","correlationId":"console-replay:mgmwukt6446beba1","timelineOffsetMs":68.56462199985981,"schedulingMode":"timeline","audioStartHeadroomMs":-105.45196599885821,"audioStartGuard":"headroom","audioStartCompensationMs":105.45196599885821}
10-11 19:32:37.727 12221 16384 D OutputsAudio: [outputs-audio] symbol.info sequence=14 symbol=. timestamp=26543901.327 duration=34.000 expected=26543876.199 skew=25.129 age=5.108
10-11 19:32:37.757 12221 17029 D OutputsAudio: [outputs-audio] stop gain=1.000 release=6.00
10-11 19:32:37.784 12221 16384 I ReactNativeJS: [outputs] playMorse.symbol {"timestamp":26543962.801435,"wallClock":1760225557784,"symbol":".","durationMs":34,"index":12,"source":"console.replay","correlationId":"console-replay:s30a3ktx","nativeTimestampMs":26543901.327,"nativeDurationMs":34,"nativeOffsetMs":5.183079998940229,"nativeSequence":14,"monotonicTimestampMs":26543901.327,"nativeExpectedTimestampMs":26543876.199,"nativeStartSkewMs":25.129,"nativeBatchElapsedMs":1317.129,"nativeExpectedSincePriorMs":68,"nativeSincePriorMs":69.053,"nativePatternStartMs":26542584.199,"nativeAgeMs":5.108}
10-11 19:32:37.785 12221 16384 I ReactNativeJS: [outputs] playMorse.symbol {"timestamp":26543963.449247,"wallClock":1760225557784,"symbol":".","durationMs":34,"index":12,"source":"console.replay","correlationId":"console-replay:mgmwukuwsfxho504","nativeTimestampMs":26543901.327,"nativeDurationMs":34,"nativeOffsetMs":5.183079998940229,"nativeSequence":14,"monotonicTimestampMs":26543901.327,"nativeExpectedTimestampMs":26543876.199,"nativeStartSkewMs":25.129,"nativeBatchElapsedMs":1317.129,"nativeExpectedSincePriorMs":68,"nativeSincePriorMs":69.053,"nativePatternStartMs":26542584.199,"nativeAgeMs":5.108}
10-11 19:32:37.785 12221 16384 I ReactNativeJS: [outputs] outputs.hapticSymbol {"timestamp":26543963.869247,"wallClock":1760225557785,"enabled":true,"symbol":".","durationMs":34,"platform":"android","source":"console.replay","correlationId":"console-replay:mgmwukuwsfxho504","timelineOffsetMs":null}
10-11 19:32:37.786 12221 16384 I ReactNativeJS: [outputs] outputs.flashPulse {"timestamp":26543964.763778,"wallClock":1760225557786,"enabled":true,"durationMs":34,"source":"console.replay","correlationId":"console-replay:mgmwukuwsfxho504","timelineOffsetMs":5.183079998940229,"schedulingMode":"timeline","audioStartHeadroomMs":-96.55441400036216,"audioStartGuard":"headroom","audioStartCompensationMs":96.55441400036216}
10-11 19:32:37.791 12221 17029 D OutputsAudio: [outputs-audio] start hz=650.0 gain=1.000 attack=2.50 release=6.00
10-11 19:32:37.791 12221 17029 D OutputsAudio: [outputs-audio] playMorse.symbol.start sequence=15 symbol=. expected=26543944.199 actual=26543970.354 skew=26.155 batchElapsed=1386.155
10-11 19:32:37.826 12221 17029 D OutputsAudio: [outputs-audio] stop gain=1.000 release=6.00
10-11 19:32:37.841 12221 16384 I ReactNativeJS: [outputs] outputs.flashPulse.commit {"timestamp":26544019.150393,"wallClock":1760225557840,"durationMs":102,"source":"console.replay","correlationId":"console-replay:mgmwukt6446beba1","latencyMs":118.3016670010984,"timelineOffsetMs":68.56462199985981,"leadMs":8,"scheduleSkewMs":113.48692700266838,"schedulingMode":"timeline","audioStartHeadroomMs":-105.45196599885821,"audioStartGuard":"headroom","audioStartCompensationMs":105.45196599885821}
10-11 19:32:37.861 12221 17029 D OutputsAudio: [outputs-audio] start hz=650.0 gain=1.000 attack=2.50 release=6.00
10-11 19:32:37.861 12221 17029 D OutputsAudio: [outputs-audio] playMorse.symbol.start sequence=16 symbol=- expected=26544012.199 actual=26544040.461 skew=28.262 batchElapsed=1456.262
10-11 19:32:37.890 12221 16384 D OutputsAudio: [outputs-audio] symbol.info sequence=16 symbol=- timestamp=26544040.461 duration=102.000 expected=26544012.199 skew=28.262 age=28.233
10-11 19:32:37.890 12221 16384 W ReactNativeJS: '[outputs-audio] native sequence jump', { previous: 14, next: 16, delta: 2 }
10-11 19:32:37.891 12221 16384 I ReactNativeJS: [outputs] playMorse.symbol {"timestamp":26544069.454091,"wallClock":1760225557890,"symbol":".","durationMs":34,"index":13,"source":"console.replay","correlationId":"console-replay:tiniyd3f","nativeTimestampMs":26544040.461,"nativeDurationMs":102,"nativeOffsetMs":28.95965300127864,"nativeSequence":16,"monotonicTimestampMs":26544040.461,"nativeExpectedTimestampMs":26544012.199,"nativeStartSkewMs":28.262,"nativeBatchElapsedMs":1456.262,"nativeExpectedSincePriorMs":68,"nativeSincePriorMs":70.107,"nativePatternStartMs":26542584.199,"nativeAgeMs":28.233}
10-11 19:32:37.891 12221 16384 I ReactNativeJS: [outputs] playMorse.symbol {"timestamp":26544069.943518,"wallClock":1760225557891,"symbol":".","durationMs":34,"index":13,"source":"console.replay","correlationId":"console-replay:mgmwukxvbcod90tj","nativeTimestampMs":26544040.461,"nativeDurationMs":102,"nativeOffsetMs":28.95965300127864,"nativeSequence":16,"monotonicTimestampMs":26544040.461,"nativeExpectedTimestampMs":26544012.199,"nativeStartSkewMs":28.262,"nativeBatchElapsedMs":1456.262,"nativeExpectedSincePriorMs":68,"nativeSincePriorMs":70.107,"nativePatternStartMs":26542584.199,"nativeAgeMs":28.233}
10-11 19:32:37.892 12221 16384 I ReactNativeJS: [outputs] outputs.hapticSymbol {"timestamp":26544070.362372,"wallClock":1760225557891,"enabled":true,"symbol":".","durationMs":34,"platform":"android","source":"console.replay","correlationId":"console-replay:mgmwukxvbcod90tj","timelineOffsetMs":null}
10-11 19:32:37.892 12221 16384 I ReactNativeJS: [outputs] outputs.flashPulse {"timestamp":26544071.200966,"wallClock":1760225557892,"enabled":true,"durationMs":34,"source":"console.replay","correlationId":"console-replay:mgmwukxvbcod90tj","timelineOffsetMs":28.95965300127864,"schedulingMode":"timeline","audioStartHeadroomMs":-66.99029899761081,"audioStartGuard":"headroom","audioStartCompensationMs":66.99029899761081}
10-11 19:32:37.950 12221 16384 I ReactNativeJS: [outputs] outputs.flashPulse.commit {"timestamp":26544128.101487,"wallClock":1760225557949,"durationMs":34,"source":"console.replay","correlationId":"console-replay:mgmwukuwsfxho504","latencyMs":221.58000000193715,"timelineOffsetMs":5.183079998940229,"leadMs":8,"scheduleSkewMs":163.334947001189,"schedulingMode":"timeline","audioStartHeadroomMs":-96.55441400036216,"audioStartGuard":"headroom","audioStartCompensationMs":96.55441400036216}
10-11 19:32:37.964 12221 17029 D OutputsAudio: [outputs-audio] stop gain=1.000 release=6.00
10-11 19:32:37.998 12221 16384 I ReactNativeJS: [outputs] outputs.flashPulse.commit {"timestamp":26544176.81758,"wallClock":1760225557998,"durationMs":34,"source":"console.replay","correlationId":"console-replay:mgmwukxvbcod90tj","latencyMs":107.3878649994731,"timelineOffsetMs":28.95965300127864,"leadMs":8,"scheduleSkewMs":105.6174479983747,"schedulingMode":"timeline","audioStartHeadroomMs":-66.99029899761081,"audioStartGuard":"headroom","audioStartCompensationMs":66.99029899761081}
10-11 19:32:37.999 12221 17029 D OutputsAudio: [outputs-audio] start hz=650.0 gain=1.000 attack=2.50 release=6.00
10-11 19:32:37.999 12221 17029 D OutputsAudio: [outputs-audio] playMorse.symbol.start sequence=17 symbol=- expected=26544148.199 actual=26544177.655 skew=29.456 batchElapsed=1593.456
10-11 19:32:38.048 12221 16384 D OutputsAudio: [outputs-audio] symbol.info sequence=17 symbol=- timestamp=26544177.655 duration=102.000 expected=26544148.199 skew=29.456 age=49.551
10-11 19:32:38.049 12221 16384 I ReactNativeJS: [outputs] playMorse.symbol {"timestamp":26544227.342685,"wallClock":1760225558048,"symbol":".","durationMs":34,"index":14,"source":"console.replay","correlationId":"console-replay:t8hnol1k","nativeTimestampMs":26544177.655,"nativeDurationMs":102,"nativeOffsetMs":49.64268499985337,"nativeSequence":17,"monotonicTimestampMs":26544177.655,"nativeExpectedTimestampMs":26544148.199,"nativeStartSkewMs":29.456,"nativeBatchElapsedMs":1593.456,"nativeExpectedSincePriorMs":136,"nativeSincePriorMs":137.194,"nativePatternStartMs":26542584.199,"nativeAgeMs":49.551}
10-11 19:32:38.049 12221 16384 I ReactNativeJS: [outputs] playMorse.symbol {"timestamp":26544227.95607,"wallClock":1760225558049,"symbol":".","durationMs":34,"index":14,"source":"console.replay","correlationId":"console-replay:mgmwul29u5dt37pj","nativeTimestampMs":26544177.655,"nativeDurationMs":102,"nativeOffsetMs":49.64268499985337,"nativeSequence":17,"monotonicTimestampMs":26544177.655,"nativeExpectedTimestampMs":26544148.199,"nativeStartSkewMs":29.456,"nativeBatchElapsedMs":1593.456,"nativeExpectedSincePriorMs":136,"nativeSincePriorMs":137.194,"nativePatternStartMs":26542584.199,"nativeAgeMs":49.551}
10-11 19:32:38.050 12221 16384 I ReactNativeJS: [outputs] outputs.hapticSymbol {"timestamp":26544228.391487,"wallClock":1760225558049,"enabled":true,"symbol":".","durationMs":34,"platform":"android","source":"console.replay","correlationId":"console-replay:mgmwul29u5dt37pj","timelineOffsetMs":null}
10-11 19:32:38.051 12221 16384 I ReactNativeJS: [outputs] outputs.flashPulse {"timestamp":26544229.280862,"wallClock":1760225558050,"enabled":true,"durationMs":34,"source":"console.replay","correlationId":"console-replay:mgmwul29u5dt37pj","timelineOffsetMs":49.64268499985337,"schedulingMode":"timeline","audioStartHeadroomMs":-89.07040299847722,"audioStartGuard":"headroom","audioStartCompensationMs":89.07040299847722}
10-11 19:32:38.102 12221 17029 D OutputsAudio: [outputs-audio] stop gain=1.000 release=6.00
10-11 19:32:38.104 12221 16384 I ReactNativeJS: [outputs] outputs.flashPulse.commit {"timestamp":26544282.83633,"wallClock":1760225558104,"durationMs":34,"source":"console.replay","correlationId":"console-replay:mgmwul29u5dt37pj","latencyMs":55.52854099869728,"timelineOffsetMs":49.64268499985337,"leadMs":8,"scheduleSkewMs":53.55536400154233,"schedulingMode":"timeline","audioStartHeadroomMs":-89.07040299847722,"audioStartGuard":"headroom","audioStartCompensationMs":89.07040299847722}
10-11 19:32:38.137 12221 17029 D OutputsAudio: [outputs-audio] start hz=650.0 gain=1.000 attack=2.50 release=6.00
10-11 19:32:38.137 12221 17029 D OutputsAudio: [outputs-audio] playMorse.symbol.start sequence=18 symbol=- expected=26544284.199 actual=26544315.755 skew=31.557 batchElapsed=1731.557
10-11 19:32:38.147 12221 16384 D OutputsAudio: [outputs-audio] symbol.info sequence=18 symbol=- timestamp=26544315.755 duration=102.000 expected=26544284.199 skew=31.557 age=9.893
10-11 19:32:38.147 12221 16384 I ReactNativeJS: [outputs] playMorse.symbol {"timestamp":26544325.771747,"wallClock":1760225558147,"symbol":"-","durationMs":102,"index":15,"source":"console.replay","correlationId":"console-replay:x86imxk0","nativeTimestampMs":26544315.755,"nativeDurationMs":102,"nativeOffsetMs":9.972424000501633,"nativeSequence":18,"monotonicTimestampMs":26544315.755,"nativeExpectedTimestampMs":26544284.199,"nativeStartSkewMs":31.557,"nativeBatchElapsedMs":1731.557,"nativeExpectedSincePriorMs":136,"nativeSincePriorMs":138.101,"nativePatternStartMs":26542584.199,"nativeAgeMs":9.893}
10-11 19:32:38.148 12221 16384 I ReactNativeJS: [outputs] playMorse.symbol {"timestamp":26544326.368257,"wallClock":1760225558147,"symbol":"-","durationMs":102,"index":15,"source":"console.replay","correlationId":"console-replay:mgmwul4z4kdjycyw","nativeTimestampMs":26544315.755,"nativeDurationMs":102,"nativeOffsetMs":9.972424000501633,"nativeSequence":18,"monotonicTimestampMs":26544315.755,"nativeExpectedTimestampMs":26544284.199,"nativeStartSkewMs":31.557,"nativeBatchElapsedMs":1731.557,"nativeExpectedSincePriorMs":136,"nativeSincePriorMs":138.101,"nativePatternStartMs":26542584.199,"nativeAgeMs":9.893}
10-11 19:32:38.148 12221 16384 I ReactNativeJS: [outputs] outputs.hapticSymbol {"timestamp":26544326.790705,"wallClock":1760225558148,"enabled":true,"symbol":"-","durationMs":102,"platform":"android","source":"console.replay","correlationId":"console-replay:mgmwul4z4kdjycyw","timelineOffsetMs":null}
10-11 19:32:38.149 12221 16384 I ReactNativeJS: [outputs] outputs.flashPulse {"timestamp":26544327.650028,"wallClock":1760225558149,"enabled":true,"durationMs":102,"source":"console.replay","correlationId":"console-replay:mgmwul4z4kdjycyw","timelineOffsetMs":9.972424000501633,"schedulingMode":"timeline","audioStartHeadroomMs":-51.44019499793649,"audioStartGuard":"headroom","audioStartCompensationMs":51.44019499793649}
10-11 19:32:38.207 12221 16384 I ReactNativeJS: [outputs] outputs.flashPulse.commit {"timestamp":26544385.615132,"wallClock":1760225558207,"durationMs":102,"source":"console.replay","correlationId":"console-replay:mgmwul4z4kdjycyw","latencyMs":59.87838499993086,"timelineOffsetMs":9.972424000501633,"leadMs":8,"scheduleSkewMs":57.96499999985099,"schedulingMode":"timeline","audioStartHeadroomMs":-51.44019499793649,"audioStartGuard":"headroom","audioStartCompensationMs":51.44019499793649}
10-11 19:32:38.239 12221 17029 D OutputsAudio: [outputs-audio] stop gain=1.000 release=6.00
10-11 19:32:38.274 12221 17029 D OutputsAudio: [outputs-audio] start hz=650.0 gain=1.000 attack=2.50 release=6.00
10-11 19:32:38.274 12221 17029 D OutputsAudio: [outputs-audio] playMorse.symbol.start sequence=19 symbol=. expected=26544420.199 actual=26544453.361 skew=33.162 batchElapsed=1869.162
10-11 19:32:38.282 12221 16384 D OutputsAudio: [outputs-audio] symbol.info sequence=19 symbol=. timestamp=26544453.361 duration=34.000 expected=26544420.199 skew=33.162 age=8.171
10-11 19:32:38.284 12221 16384 I ReactNativeJS: [outputs] playMorse.symbol {"timestamp":26544461.770445,"wallClock":1760225558283,"symbol":"-","durationMs":102,"index":16,"source":"console.replay","correlationId":"console-replay:32irc2tw","nativeTimestampMs":26544453.361,"nativeDurationMs":34,"nativeOffsetMs":8.318506997078657,"nativeSequence":19,"monotonicTimestampMs":26544453.361,"nativeExpectedTimestampMs":26544420.199,"nativeStartSkewMs":33.162,"nativeBatchElapsedMs":1869.162,"nativeExpectedSincePriorMs":136,"nativeSincePriorMs":137.605,"nativePatternStartMs":26542584.199,"nativeAgeMs":8.171}
10-11 19:32:38.285 12221 16384 I ReactNativeJS: [outputs] playMorse.symbol {"timestamp":26544462.952945,"wallClock":1760225558284,"symbol":"-","durationMs":102,"index":16,"source":"console.replay","correlationId":"console-replay:mgmwul8s711x9rtu","nativeTimestampMs":26544453.361,"nativeDurationMs":34,"nativeOffsetMs":8.318506997078657,"nativeSequence":19,"monotonicTimestampMs":26544453.361,"nativeExpectedTimestampMs":26544420.199,"nativeStartSkewMs":33.162,"nativeBatchElapsedMs":1869.162,"nativeExpectedSincePriorMs":136,"nativeSincePriorMs":137.605,"nativePatternStartMs":26542584.199,"nativeAgeMs":8.171}
10-11 19:32:38.286 12221 16384 I ReactNativeJS: [outputs] outputs.hapticSymbol {"timestamp":26544463.735237,"wallClock":1760225558285,"enabled":true,"symbol":"-","durationMs":102,"platform":"android","source":"console.replay","correlationId":"console-replay:mgmwul8s711x9rtu","timelineOffsetMs":null}
10-11 19:32:38.287 12221 16384 I ReactNativeJS: [outputs] outputs.flashPulse {"timestamp":26544465.629299,"wallClock":1760225558287,"enabled":true,"durationMs":102,"source":"console.replay","correlationId":"console-replay:mgmwul8s711x9rtu","timelineOffsetMs":8.318506997078657,"schedulingMode":"timeline","audioStartHeadroomMs":-53.40743399783969,"audioStartGuard":"headroom","audioStartCompensationMs":53.40743399783969}
10-11 19:32:38.308 12221 17029 D OutputsAudio: [outputs-audio] stop gain=1.000 release=6.00
10-11 19:32:38.343 12221 17029 D OutputsAudio: [outputs-audio] start hz=650.0 gain=1.000 attack=2.50 release=6.00
10-11 19:32:38.343 12221 17029 D OutputsAudio: [outputs-audio] playMorse.symbol.start sequence=20 symbol=. expected=26544488.199 actual=26544522.185 skew=33.987 batchElapsed=1937.987
10-11 19:32:38.357 12221 16384 I ReactNativeJS: [outputs] outputs.flashPulse.commit {"timestamp":26544535.741539,"wallClock":1760225558357,"durationMs":102,"source":"console.replay","correlationId":"console-replay:mgmwul8s711x9rtu","latencyMs":74.05203200131655,"timelineOffsetMs":8.318506997078657,"leadMs":8,"scheduleSkewMs":70.1217189989984,"schedulingMode":"timeline","audioStartHeadroomMs":-53.40743399783969,"audioStartGuard":"headroom","audioStartCompensationMs":53.40743399783969}
10-11 19:32:38.378 12221 17029 D OutputsAudio: [outputs-audio] stop gain=1.000 release=6.00
10-11 19:32:38.400 12221 16384 D OutputsAudio: [outputs-audio] symbol.info sequence=20 symbol=. timestamp=26544522.185 duration=34.000 expected=26544488.199 skew=33.987 age=56.922
10-11 19:32:38.401 12221 16384 I ReactNativeJS: [outputs] playMorse.symbol {"timestamp":26544579.24758,"wallClock":1760225558400,"symbol":"-","durationMs":102,"index":17,"source":"console.replay","correlationId":"console-replay:q46xpish","nativeTimestampMs":26544522.185,"nativeDurationMs":34,"nativeOffsetMs":57.01695500314236,"nativeSequence":20,"monotonicTimestampMs":26544522.185,"nativeExpectedTimestampMs":26544488.199,"nativeStartSkewMs":33.987,"nativeBatchElapsedMs":1937.987,"nativeExpectedSincePriorMs":68,"nativeSincePriorMs":68.825,"nativePatternStartMs":26542584.199,"nativeAgeMs":56.922}
10-11 19:32:38.401 12221 16384 I ReactNativeJS: [outputs] playMorse.symbol {"timestamp":26544579.880028,"wallClock":1760225558401,"symbol":"-","durationMs":102,"index":17,"source":"console.replay","correlationId":"console-replay:mgmwulc1vvwlk15x","nativeTimestampMs":26544522.185,"nativeDurationMs":34,"nativeOffsetMs":57.01695500314236,"nativeSequence":20,"monotonicTimestampMs":26544522.185,"nativeExpectedTimestampMs":26544488.199,"nativeStartSkewMs":33.987,"nativeBatchElapsedMs":1937.987,"nativeExpectedSincePriorMs":68,"nativeSincePriorMs":68.825,"nativePatternStartMs":26542584.199,"nativeAgeMs":56.922}
10-11 19:32:38.402 12221 16384 I ReactNativeJS: [outputs] outputs.hapticSymbol {"timestamp":26544580.322684,"wallClock":1760225558401,"enabled":true,"symbol":"-","durationMs":102,"platform":"android","source":"console.replay","correlationId":"console-replay:mgmwulc1vvwlk15x","timelineOffsetMs":null}
10-11 19:32:38.402 12221 16384 I ReactNativeJS: [outputs] outputs.flashPulse {"timestamp":26544581.188205,"wallClock":1760225558402,"enabled":true,"durationMs":102,"source":"console.replay","correlationId":"console-replay:mgmwulc1vvwlk15x","timelineOffsetMs":57.01695500314236,"schedulingMode":"timeline","audioStartHeadroomMs":-100.97816399857402,"audioStartGuard":"headroom","audioStartCompensationMs":100.97816399857402}
10-11 19:32:38.413 12221 17029 D OutputsAudio: [outputs-audio] start hz=650.0 gain=1.000 attack=2.50 release=6.00
10-11 19:32:38.413 12221 17029 D OutputsAudio: [outputs-audio] playMorse.symbol.start sequence=21 symbol=. expected=26544556.199 actual=26544592.066 skew=35.868 batchElapsed=2007.868
10-11 19:32:38.447 12221 17029 D OutputsAudio: [outputs-audio] stop gain=1.000 release=6.00
10-11 19:32:38.461 12221 16384 I ReactNativeJS: [outputs] outputs.flashPulse.commit {"timestamp":26544639.983934,"wallClock":1760225558461,"durationMs":102,"source":"console.replay","correlationId":"console-replay:mgmwulc1vvwlk15x","latencyMs":60.772030998021364,"timelineOffsetMs":57.01695500314236,"leadMs":8,"scheduleSkewMs":58.795051999390125,"schedulingMode":"timeline","audioStartHeadroomMs":-100.97816399857402,"audioStartGuard":"headroom","audioStartCompensationMs":100.97816399857402}
10-11 19:32:38.482 12221 17029 D OutputsAudio: [outputs-audio] start hz=650.0 gain=1.000 attack=2.50 release=6.00
10-11 19:32:38.482 12221 17029 D OutputsAudio: [outputs-audio] playMorse.symbol.start sequence=22 symbol=- expected=26544624.199 actual=26544661.505 skew=37.306 batchElapsed=2077.306
10-11 19:32:38.508 12221 16384 D OutputsAudio: [outputs-audio] symbol.info sequence=22 symbol=- timestamp=26544661.505 duration=102.000 expected=26544624.199 skew=37.306 age=25.751
10-11 19:32:38.509 12221 16384 W ReactNativeJS: '[outputs-audio] native sequence jump', { previous: 20, next: 22, delta: 2 }
10-11 19:32:38.509 12221 16384 I ReactNativeJS: [outputs] playMorse.symbol {"timestamp":26544688.038101,"wallClock":1760225558509,"symbol":".","durationMs":34,"index":18,"source":"console.replay","correlationId":"console-replay:b75qdqny","nativeTimestampMs":26544661.505,"nativeDurationMs":102,"nativeOffsetMs":26.46773600205779,"nativeSequence":22,"monotonicTimestampMs":26544661.505,"nativeExpectedTimestampMs":26544624.199,"nativeStartSkewMs":37.306,"nativeBatchElapsedMs":2077.306,"nativeExpectedSincePriorMs":68,"nativeSincePriorMs":69.439,"nativePatternStartMs":26542584.199,"nativeAgeMs":25.751}
10-11 19:32:38.510 12221 16384 I ReactNativeJS: [outputs] playMorse.symbol {"timestamp":26544688.583622,"wallClock":1760225558510,"symbol":".","durationMs":34,"index":18,"source":"console.replay","correlationId":"console-replay:mgmwulf159kx0h2r","nativeTimestampMs":26544661.505,"nativeDurationMs":102,"nativeOffsetMs":26.46773600205779,"nativeSequence":22,"monotonicTimestampMs":26544661.505,"nativeExpectedTimestampMs":26544624.199,"nativeStartSkewMs":37.306,"nativeBatchElapsedMs":2077.306,"nativeExpectedSincePriorMs":68,"nativeSincePriorMs":69.439,"nativePatternStartMs":26542584.199,"nativeAgeMs":25.751}
10-11 19:32:38.510 12221 16384 I ReactNativeJS: [outputs] outputs.hapticSymbol {"timestamp":26544688.988101,"wallClock":1760225558510,"enabled":true,"symbol":".","durationMs":34,"platform":"android","source":"console.replay","correlationId":"console-replay:mgmwulf159kx0h2r","timelineOffsetMs":null}
10-11 19:32:38.511 12221 16384 I ReactNativeJS: [outputs] outputs.flashPulse {"timestamp":26544689.862059,"wallClock":1760225558511,"enabled":true,"durationMs":34,"source":"console.replay","correlationId":"console-replay:mgmwulf159kx0h2r","timelineOffsetMs":26.46773600205779,"schedulingMode":"timeline","audioStartHeadroomMs":-73.6528510004282,"audioStartGuard":"headroom","audioStartCompensationMs":73.6528510004282}
10-11 19:32:38.569 12221 16384 I ReactNativeJS: [outputs] outputs.flashPulse.commit {"timestamp":26544747.505861,"wallClock":1760225558568,"durationMs":34,"source":"console.replay","correlationId":"console-replay:mgmwulf159kx0h2r","latencyMs":59.524166997522116,"timelineOffsetMs":26.46773600205779,"leadMs":8,"scheduleSkewMs":57.643384996801615,"schedulingMode":"timeline","audioStartHeadroomMs":-73.6528510004282,"audioStartGuard":"headroom","audioStartCompensationMs":73.6528510004282}
10-11 19:32:38.585 12221 17029 D OutputsAudio: [outputs-audio] stop gain=1.000 release=6.00
10-11 19:32:38.620 12221 17029 D OutputsAudio: [outputs-audio] start hz=650.0 gain=1.000 attack=2.50 release=6.00
10-11 19:32:38.620 12221 17029 D OutputsAudio: [outputs-audio] playMorse.symbol.start sequence=23 symbol=- expected=26544760.199 actual=26544798.937 skew=38.738 batchElapsed=2214.738
10-11 19:32:38.625 12221 16384 D OutputsAudio: [outputs-audio] symbol.info sequence=23 symbol=- timestamp=26544798.937 duration=102.000 expected=26544760.199 skew=38.738 age=4.651
10-11 19:32:38.625 12221 16384 I ReactNativeJS: [outputs] playMorse.symbol {"timestamp":26544803.758101,"wallClock":1760225558625,"symbol":".","durationMs":34,"index":19,"source":"console.replay","correlationId":"console-replay:gyi326p3","nativeTimestampMs":26544798.937,"nativeDurationMs":102,"nativeOffsetMs":4.756674002856016,"nativeSequence":23,"monotonicTimestampMs":26544798.937,"nativeExpectedTimestampMs":26544760.199,"nativeStartSkewMs":38.738,"nativeBatchElapsedMs":2214.738,"nativeExpectedSincePriorMs":136,"nativeSincePriorMs":137.432,"nativePatternStartMs":26542584.199,"nativeAgeMs":4.651}
10-11 19:32:38.626 12221 16384 I ReactNativeJS: [outputs] playMorse.symbol {"timestamp":26544804.638518,"wallClock":1760225558626,"symbol":".","durationMs":34,"index":19,"source":"console.replay","correlationId":"console-replay:mgmwulia4foj1vz2","nativeTimestampMs":26544798.937,"nativeDurationMs":102,"nativeOffsetMs":4.756674002856016,"nativeSequence":23,"monotonicTimestampMs":26544798.937,"nativeExpectedTimestampMs":26544760.199,"nativeStartSkewMs":38.738,"nativeBatchElapsedMs":2214.738,"nativeExpectedSincePriorMs":136,"nativeSincePriorMs":137.432,"nativePatternStartMs":26542584.199,"nativeAgeMs":4.651}
10-11 19:32:38.626 12221 16384 I ReactNativeJS: [outputs] outputs.hapticSymbol {"timestamp":26544805.156695,"wallClock":1760225558626,"enabled":true,"symbol":".","durationMs":34,"platform":"android","source":"console.replay","correlationId":"console-replay:mgmwulia4foj1vz2","timelineOffsetMs":null}
10-11 19:32:38.627 12221 16384 I ReactNativeJS: [outputs] outputs.flashPulse {"timestamp":26544806.134768,"wallClock":1760225558627,"enabled":true,"durationMs":34,"source":"console.replay","correlationId":"console-replay:mgmwulia4foj1vz2","timelineOffsetMs":4.756674002856016,"schedulingMode":"timeline","audioStartHeadroomMs":-53.921235997229815,"audioStartGuard":"headroom","audioStartCompensationMs":53.921235997229815}
10-11 19:32:38.697 12221 16384 I ReactNativeJS: [outputs] outputs.flashPulse.commit {"timestamp":26544875.295913,"wallClock":1760225558696,"durationMs":34,"source":"console.replay","correlationId":"console-replay:mgmwulia4foj1vz2","latencyMs":71.59093699976802,"timelineOffsetMs":4.756674002856016,"leadMs":8,"scheduleSkewMs":69.16218700259924,"schedulingMode":"timeline","audioStartHeadroomMs":-53.921235997229815,"audioStartGuard":"headroom","audioStartCompensationMs":53.921235997229815}
10-11 19:32:38.722 12221 17029 D OutputsAudio: [outputs-audio] stop gain=1.000 release=6.00
10-11 19:32:38.757 12221 17029 D OutputsAudio: [outputs-audio] start hz=650.0 gain=1.000 attack=2.50 release=6.00
10-11 19:32:38.757 12221 17029 D OutputsAudio: [outputs-audio] playMorse.symbol.start sequence=24 symbol=- expected=26544896.199 actual=26544936.100 skew=39.902 batchElapsed=2351.902
10-11 19:32:38.759 12221 16384 D OutputsAudio: [outputs-audio] symbol.info sequence=24 symbol=- timestamp=26544936.100 duration=102.000 expected=26544896.199 skew=39.902 age=1.889
10-11 19:32:38.760 12221 16384 I ReactNativeJS: [outputs] playMorse.symbol {"timestamp":26544938.156799,"wallClock":1760225558759,"symbol":".","durationMs":34,"index":20,"source":"console.replay","correlationId":"console-replay:9iiujuxq","nativeTimestampMs":26544936.1,"nativeDurationMs":102,"nativeOffsetMs":1.9926839992403984,"nativeSequence":24,"monotonicTimestampMs":26544936.1,"nativeExpectedTimestampMs":26544896.199,"nativeStartSkewMs":39.902,"nativeBatchElapsedMs":2351.902,"nativeExpectedSincePriorMs":136,"nativeSincePriorMs":137.164,"nativePatternStartMs":26542584.199,"nativeAgeMs":1.889}
10-11 19:32:38.760 12221 16384 I ReactNativeJS: [outputs] playMorse.symbol {"timestamp":26544938.964403,"wallClock":1760225558760,"symbol":".","durationMs":34,"index":20,"source":"console.replay","correlationId":"console-replay:mgmwulm0wdvf395r","nativeTimestampMs":26544936.1,"nativeDurationMs":102,"nativeOffsetMs":1.9926839992403984,"nativeSequence":24,"monotonicTimestampMs":26544936.1,"nativeExpectedTimestampMs":26544896.199,"nativeStartSkewMs":39.902,"nativeBatchElapsedMs":2351.902,"nativeExpectedSincePriorMs":136,"nativeSincePriorMs":137.164,"nativePatternStartMs":26542584.199,"nativeAgeMs":1.889}
10-11 19:32:38.761 12221 16384 I ReactNativeJS: [outputs] outputs.hapticSymbol {"timestamp":26544939.513257,"wallClock":1760225558760,"enabled":true,"symbol":".","durationMs":34,"platform":"android","source":"console.replay","correlationId":"console-replay:mgmwulm0wdvf395r","timelineOffsetMs":null}
10-11 19:32:38.762 12221 16384 I ReactNativeJS: [outputs] outputs.flashPulse {"timestamp":26544940.597997,"wallClock":1760225558762,"enabled":true,"durationMs":34,"source":"console.replay","correlationId":"console-replay:mgmwulm0wdvf395r","timelineOffsetMs":1.9926839992403984,"schedulingMode":"timeline","audioStartHeadroomMs":-52.38550699874759,"audioStartGuard":"headroom","audioStartCompensationMs":52.38550699874759}
10-11 19:32:38.816 12221 16384 I ReactNativeJS: [outputs] outputs.flashPulse.commit {"timestamp":26544994.598153,"wallClock":1760225558816,"durationMs":34,"source":"console.replay","correlationId":"console-replay:mgmwulm0wdvf395r","latencyMs":56.495469000190496,"timelineOffsetMs":1.9926839992403984,"leadMs":8,"scheduleSkewMs":54.00161500275135,"schedulingMode":"timeline","audioStartHeadroomMs":-52.38550699874759,"audioStartGuard":"headroom","audioStartCompensationMs":52.38550699874759}
10-11 19:32:38.859 12221 17029 D OutputsAudio: [outputs-audio] stop gain=1.000 release=6.00
10-11 19:32:38.893 12221 17029 D OutputsAudio: [outputs-audio] start hz=650.0 gain=1.000 attack=2.50 release=6.00
10-11 19:32:38.893 12221 17029 D OutputsAudio: [outputs-audio] playMorse.symbol.start sequence=25 symbol=. expected=26545032.199 actual=26545072.506 skew=40.307 batchElapsed=2488.307
10-11 19:32:38.899 12221 16384 D OutputsAudio: [outputs-audio] symbol.info sequence=25 symbol=. timestamp=26545072.506 duration=34.000 expected=26545032.199 skew=40.307 age=5.801
10-11 19:32:38.902 12221 16384 I ReactNativeJS: [outputs] playMorse.symbol {"timestamp":26545078.515288,"wallClock":1760225558899,"symbol":"-","durationMs":102,"index":21,"source":"console.replay","correlationId":"console-replay:n27th4pp","nativeTimestampMs":26545072.506,"nativeDurationMs":34,"nativeOffsetMs":5.922621998935938,"nativeSequence":25,"monotonicTimestampMs":26545072.506,"nativeExpectedTimestampMs":26545032.199,"nativeStartSkewMs":40.307,"nativeBatchElapsedMs":2488.307,"nativeExpectedSincePriorMs":136,"nativeSincePriorMs":136.406,"nativePatternStartMs":26542584.199,"nativeAgeMs":5.801}
10-11 19:32:38.904 12221 16384 I ReactNativeJS: [outputs] playMorse.symbol {"timestamp":26545081.312163,"wallClock":1760225558902,"symbol":"-","durationMs":102,"index":21,"source":"console.replay","correlationId":"console-replay:mgmwulpy54vuz5ke","nativeTimestampMs":26545072.506,"nativeDurationMs":34,"nativeOffsetMs":5.922621998935938,"nativeSequence":25,"monotonicTimestampMs":26545072.506,"nativeExpectedTimestampMs":26545032.199,"nativeStartSkewMs":40.307,"nativeBatchElapsedMs":2488.307,"nativeExpectedSincePriorMs":136,"nativeSincePriorMs":136.406,"nativePatternStartMs":26542584.199,"nativeAgeMs":5.801}
10-11 19:32:38.905 12221 16384 I ReactNativeJS: [outputs] outputs.hapticSymbol {"timestamp":26545082.711799,"wallClock":1760225558904,"enabled":true,"symbol":"-","durationMs":102,"platform":"android","source":"console.replay","correlationId":"console-replay:mgmwulpy54vuz5ke","timelineOffsetMs":null}
10-11 19:32:38.909 12221 16384 I ReactNativeJS: [outputs] outputs.flashPulse {"timestamp":26545086.27982,"wallClock":1760225558907,"enabled":true,"durationMs":102,"source":"console.replay","correlationId":"console-replay:mgmwulpy54vuz5ke","timelineOffsetMs":5.922621998935938,"schedulingMode":"timeline","audioStartHeadroomMs":-62.06222599744797,"audioStartGuard":"headroom","audioStartCompensationMs":62.06222599744797}
10-11 19:32:38.928 12221 17029 D OutputsAudio: [outputs-audio] stop gain=1.000 release=6.00
10-11 19:32:38.963 12221 17029 D OutputsAudio: [outputs-audio] start hz=650.0 gain=1.000 attack=2.50 release=6.00
10-11 19:32:38.963 12221 17029 D OutputsAudio: [outputs-audio] playMorse.symbol.start sequence=26 symbol=. expected=26545100.199 actual=26545141.715 skew=41.516 batchElapsed=2557.516
10-11 19:32:38.965 12221 16384 I ReactNativeJS: [outputs] outputs.flashPulse.commit {"timestamp":26545143.992997,"wallClock":1760225558965,"durationMs":102,"source":"console.replay","correlationId":"console-replay:mgmwulpy54vuz5ke","latencyMs":65.55296799913049,"timelineOffsetMs":5.922621998935938,"leadMs":8,"scheduleSkewMs":57.71796799823642,"schedulingMode":"timeline","audioStartHeadroomMs":-62.06222599744797,"audioStartGuard":"headroom","audioStartCompensationMs":62.06222599744797}
10-11 19:32:38.998 12221 17029 D OutputsAudio: [outputs-audio] stop gain=1.000 release=6.00
10-11 19:32:39.011 12221 16384 D OutputsAudio: [outputs-audio] symbol.info sequence=26 symbol=. timestamp=26545141.715 duration=34.000 expected=26545100.199 skew=41.516 age=48.309
10-11 19:32:39.012 12221 16384 I ReactNativeJS: [outputs] playMorse.symbol {"timestamp":26545190.160288,"wallClock":1760225559011,"symbol":"-","durationMs":102,"index":22,"source":"console.replay","correlationId":"console-replay:361y4i7v","nativeTimestampMs":26545141.715,"nativeDurationMs":34,"nativeOffsetMs":48.397371999919415,"nativeSequence":26,"monotonicTimestampMs":26545141.715,"nativeExpectedTimestampMs":26545100.199,"nativeStartSkewMs":41.516,"nativeBatchElapsedMs":2557.516,"nativeExpectedSincePriorMs":68,"nativeSincePriorMs":69.209,"nativePatternStartMs":26542584.199,"nativeAgeMs":48.309}
10-11 19:32:39.012 12221 16384 I ReactNativeJS: [outputs] playMorse.symbol {"timestamp":26545190.787007,"wallClock":1760225559012,"symbol":"-","durationMs":102,"index":22,"source":"console.replay","correlationId":"console-replay:mgmwult0qdpb3i59","nativeTimestampMs":26545141.715,"nativeDurationMs":34,"nativeOffsetMs":48.397371999919415,"nativeSequence":26,"monotonicTimestampMs":26545141.715,"nativeExpectedTimestampMs":26545100.199,"nativeStartSkewMs":41.516,"nativeBatchElapsedMs":2557.516,"nativeExpectedSincePriorMs":68,"nativeSincePriorMs":69.209,"nativePatternStartMs":26542584.199,"nativeAgeMs":48.309}
10-11 19:32:39.013 12221 16384 I ReactNativeJS: [outputs] outputs.hapticSymbol {"timestamp":26545191.229976,"wallClock":1760225559012,"enabled":true,"symbol":"-","durationMs":102,"platform":"android","source":"console.replay","correlationId":"console-replay:mgmwult0qdpb3i59","timelineOffsetMs":null}
10-11 19:32:39.013 12221 16384 I ReactNativeJS: [outputs] outputs.flashPulse {"timestamp":26545192.154872,"wallClock":1760225559013,"enabled":true,"durationMs":102,"source":"console.replay","correlationId":"console-replay:mgmwult0qdpb3i59","timelineOffsetMs":48.397371999919415,"schedulingMode":"timeline","audioStartHeadroomMs":-99.94415299966931,"audioStartGuard":"headroom","audioStartCompensationMs":99.94415299966931}
10-11 19:32:39.032 12221 17029 D OutputsAudio: [outputs-audio] start hz=650.0 gain=1.000 attack=2.50 release=6.00
10-11 19:32:39.032 12221 17029 D OutputsAudio: [outputs-audio] playMorse.symbol.start sequence=27 symbol=. expected=26545168.199 actual=26545211.283 skew=43.085 batchElapsed=2627.085
10-11 19:32:39.066 12221 16384 D OutputsAudio: [outputs-audio] symbol.info sequence=27 symbol=. timestamp=26545211.283 duration=34.000 expected=26545168.199 skew=43.085 age=34.036
10-11 19:32:39.067 12221 16384 I ReactNativeJS: [outputs] playMorse.symbol {"timestamp":26545245.441799,"wallClock":1760225559066,"symbol":"-","durationMs":102,"index":23,"source":"console.replay","correlationId":"console-replay:r8mmxg55","nativeTimestampMs":26545211.283,"nativeDurationMs":34,"nativeOffsetMs":34.11749700084329,"nativeSequence":27,"monotonicTimestampMs":26545211.283,"nativeExpectedTimestampMs":26545168.199,"nativeStartSkewMs":43.085,"nativeBatchElapsedMs":2627.085,"nativeExpectedSincePriorMs":68,"nativeSincePriorMs":69.568,"nativePatternStartMs":26542584.199,"nativeAgeMs":34.036}
10-11 19:32:39.067 12221 17029 D OutputsAudio: [outputs-audio] stop gain=1.000 release=6.00
10-11 19:32:39.067 12221 17029 D OutputsAudio: [outputs-audio] stop gain=1.000 release=6.00
10-11 19:32:39.067 12221 17029 D OutputsAudio: [outputs-audio] playMorse.end cancelled=0
10-11 19:32:39.067 12221 16384 I ReactNativeJS: [outputs] playMorse.symbol {"timestamp":26545246.050288,"wallClock":1760225559067,"symbol":"-","durationMs":102,"index":23,"source":"console.replay","correlationId":"console-replay:mgmwulujycqv7skl","nativeTimestampMs":26545211.283,"nativeDurationMs":34,"nativeOffsetMs":34.11749700084329,"nativeSequence":27,"monotonicTimestampMs":26545211.283,"nativeExpectedTimestampMs":26545168.199,"nativeStartSkewMs":43.085,"nativeBatchElapsedMs":2627.085,"nativeExpectedSincePriorMs":68,"nativeSincePriorMs":69.568,"nativePatternStartMs":26542584.199,"nativeAgeMs":34.036}
10-11 19:32:39.068 12221 16384 I ReactNativeJS: [outputs] outputs.hapticSymbol {"timestamp":26545246.504351,"wallClock":1760225559067,"enabled":true,"symbol":"-","durationMs":102,"platform":"android","source":"console.replay","correlationId":"console-replay:mgmwulujycqv7skl","timelineOffsetMs":null}
10-11 19:32:39.069 12221 16384 I ReactNativeJS: [outputs] outputs.flashPulse {"timestamp":26545247.313361,"wallClock":1760225559068,"enabled":true,"durationMs":102,"source":"console.replay","correlationId":"console-replay:mgmwulujycqv7skl","timelineOffsetMs":34.11749700084329,"schedulingMode":"timeline","audioStartHeadroomMs":-87.10436099767685,"audioStartGuard":"headroom","audioStartCompensationMs":87.10436099767685}
10-11 19:32:39.126 12221 16384 I ReactNativeJS: [outputs] outputs.flashPulse.commit {"timestamp":26545304.839247,"wallClock":1760225559126,"durationMs":102,"source":"console.replay","correlationId":"console-replay:mgmwult0qdpb3i59","latencyMs":114.71645800024271,"timelineOffsetMs":48.397371999919415,"leadMs":8,"scheduleSkewMs":112.68374999985099,"schedulingMode":"timeline","audioStartHeadroomMs":-99.94415299966931,"audioStartGuard":"headroom","audioStartCompensationMs":99.94415299966931}
10-11 19:32:39.175 12221 16384 I ReactNativeJS: [outputs] outputs.flashPulse.commit {"timestamp":26545353.723205,"wallClock":1760225559175,"durationMs":102,"source":"console.replay","correlationId":"console-replay:mgmwulujycqv7skl","latencyMs":108.31270799785852,"timelineOffsetMs":34.11749700084329,"leadMs":8,"scheduleSkewMs":106.4082809984684,"schedulingMode":"timeline","audioStartHeadroomMs":-87.10436099767685,"audioStartGuard":"headroom","audioStartCompensationMs":87.10436099767685}
10-11 19:32:39.224 12221 16384 I ReactNativeJS: [outputs] playMorse.symbol {"timestamp":26545402.166174,"wallClock":1760225559223,"symbol":".","durationMs":34,"index":24,"source":"console.replay","correlationId":"console-replay:nhbisqxp","nativeTimestampMs":null,"nativeDurationMs":34,"nativeOffsetMs":null,"nativeSequence":null,"monotonicTimestampMs":null,"nativeExpectedTimestampMs":null,"nativeStartSkewMs":null,"nativeBatchElapsedMs":null,"nativeExpectedSincePriorMs":null,"nativeSincePriorMs":null,"nativePatternStartMs":null,"nativeAgeMs":null}
10-11 19:32:39.224 12221 16384 I ReactNativeJS: [outputs] playMorse.symbol {"timestamp":26545402.790861,"wallClock":1760225559224,"symbol":".","durationMs":34,"index":24,"source":"console.replay","correlationId":"console-replay:mgmwulywlpprrgud","nativeTimestampMs":null,"nativeDurationMs":34,"nativeOffsetMs":null,"nativeSequence":null,"monotonicTimestampMs":null,"nativeExpectedTimestampMs":null,"nativeStartSkewMs":null,"nativeBatchElapsedMs":null,"nativeExpectedSincePriorMs":null,"nativeSincePriorMs":null,"nativePatternStartMs":null,"nativeAgeMs":null}
10-11 19:32:39.225 12221 16384 I ReactNativeJS: [outputs] outputs.hapticSymbol {"timestamp":26545403.239142,"wallClock":1760225559224,"enabled":true,"symbol":".","durationMs":34,"platform":"android","source":"console.replay","correlationId":"console-replay:mgmwulywlpprrgud","timelineOffsetMs":null}
10-11 19:32:39.225 12221 16384 I ReactNativeJS: [outputs] outputs.flashPulse {"timestamp":26545404.11883,"wallClock":1760225559225,"enabled":true,"durationMs":34,"source":"console.replay","correlationId":"console-replay:mgmwulywlpprrgud","timelineOffsetMs":24,"schedulingMode":"timeline"}
10-11 19:32:39.311 12221 16384 I ReactNativeJS: [outputs] outputs.flashPulse.commit {"timestamp":26545489.762892,"wallClock":1760225559311,"durationMs":34,"source":"console.replay","correlationId":"console-replay:mgmwulywlpprrgud","latencyMs":62.96687499806285,"timelineOffsetMs":24,"leadMs":8,"scheduleSkewMs":70.96687499806285,"schedulingMode":"timeline"}
10-11 19:32:39.437 12221 16384 I ReactNativeJS: [outputs] playMorse.symbol {"timestamp":26545613.879455,"wallClock":1760225559435,"symbol":".","durationMs":34,"index":25,"source":"console.replay","correlationId":"console-replay:5tpltx5d","nativeTimestampMs":null,"nativeDurationMs":34,"nativeOffsetMs":null,"nativeSequence":null,"monotonicTimestampMs":null,"nativeExpectedTimestampMs":null,"nativeStartSkewMs":null,"nativeBatchElapsedMs":null,"nativeExpectedSincePriorMs":null,"nativeSincePriorMs":null,"nativePatternStartMs":null,"nativeAgeMs":null}
10-11 19:32:39.438 12221 16384 I ReactNativeJS: [outputs] playMorse.symbol {"timestamp":26545616.358049,"wallClock":1760225559437,"symbol":".","durationMs":34,"index":25,"source":"console.replay","correlationId":"console-replay:mgmwum4t3oeduvgr","nativeTimestampMs":null,"nativeDurationMs":34,"nativeOffsetMs":null,"nativeSequence":null,"monotonicTimestampMs":null,"nativeExpectedTimestampMs":null,"nativeStartSkewMs":null,"nativeBatchElapsedMs":null,"nativeExpectedSincePriorMs":null,"nativeSincePriorMs":null,"nativePatternStartMs":null,"nativeAgeMs":null}
10-11 19:32:39.439 12221 16384 I ReactNativeJS: [outputs] outputs.hapticSymbol {"timestamp":26545617.281851,"wallClock":1760225559438,"enabled":true,"symbol":".","durationMs":34,"platform":"android","source":"console.replay","correlationId":"console-replay:mgmwum4t3oeduvgr","timelineOffsetMs":null}
10-11 19:32:39.440 12221 16384 I ReactNativeJS: [outputs] outputs.flashPulse {"timestamp":26545618.845549,"wallClock":1760225559440,"enabled":true,"durationMs":34,"source":"console.replay","correlationId":"console-replay:mgmwum4t3oeduvgr","timelineOffsetMs":24,"schedulingMode":"timeline"}
10-11 19:32:39.514 12221 16384 I ReactNativeJS: [outputs] outputs.flashPulse.commit {"timestamp":26545692.828778,"wallClock":1760225559514,"durationMs":34,"source":"console.replay","correlationId":"console-replay:mgmwum4t3oeduvgr","latencyMs":52.47046899795532,"timelineOffsetMs":24,"leadMs":8,"scheduleSkewMs":60.47046899795532,"schedulingMode":"timeline"}
10-11 19:32:39.660 12221 16384 I ReactNativeJS: [outputs] playMorse.symbol {"timestamp":26545838.174611,"wallClock":1760225559659,"symbol":".","durationMs":34,"index":26,"source":"console.replay","correlationId":"console-replay:bi25vtmi","nativeTimestampMs":null,"nativeDurationMs":34,"nativeOffsetMs":null,"nativeSequence":null,"monotonicTimestampMs":null,"nativeExpectedTimestampMs":null,"nativeStartSkewMs":null,"nativeBatchElapsedMs":null,"nativeExpectedSincePriorMs":null,"nativeSincePriorMs":null,"nativePatternStartMs":null,"nativeAgeMs":null}
10-11 19:32:39.662 12221 16384 I ReactNativeJS: [outputs] playMorse.symbol {"timestamp":26545839.622996,"wallClock":1760225559661,"symbol":".","durationMs":34,"index":26,"source":"console.replay","correlationId":"console-replay:mgmwumb17skb7tf5","nativeTimestampMs":null,"nativeDurationMs":34,"nativeOffsetMs":null,"nativeSequence":null,"monotonicTimestampMs":null,"nativeExpectedTimestampMs":null,"nativeStartSkewMs":null,"nativeBatchElapsedMs":null,"nativeExpectedSincePriorMs":null,"nativeSincePriorMs":null,"nativePatternStartMs":null,"nativeAgeMs":null}
10-11 19:32:39.663 12221 16384 I ReactNativeJS: [outputs] outputs.hapticSymbol {"timestamp":26545840.809559,"wallClock":1760225559662,"enabled":true,"symbol":".","durationMs":34,"platform":"android","source":"console.replay","correlationId":"console-replay:mgmwumb17skb7tf5","timelineOffsetMs":null}
10-11 19:32:39.668 12221 16384 I ReactNativeJS: [outputs] outputs.flashPulse {"timestamp":26545845.217632,"wallClock":1760225559666,"enabled":true,"durationMs":34,"source":"console.replay","correlationId":"console-replay:mgmwumb17skb7tf5","timelineOffsetMs":24,"schedulingMode":"timeline"}
10-11 19:32:39.725 12221 16384 I ReactNativeJS: [outputs] playMorse.error {"timestamp":26545903.64909,"wallClock":1760225559725,"message":"Property 'supportsNativeTimeline' doesn't exist","source":"console.replay","audioEnabled":true,"audioVolumePercent":100}
10-11 19:32:39.765 12221 16384 W ReactNativeJS: 'Manual playMorse failed', [ReferenceError: Property 'supportsNativeTimeline' doesn't exist]
10-11 19:32:39.766 12221 16384 I ReactNativeJS: [outputs] outputs.flashPulse.commit {"timestamp":26545945.06758,"wallClock":1760225559766,"durationMs":34,"source":"console.replay","correlationId":"console-replay:mgmwumb17skb7tf5","latencyMs":81.44671899825335,"timelineOffsetMs":24,"leadMs":8,"scheduleSkewMs":89.44671899825335,"schedulingMode":"timeline"}
10-11 19:32:43.306 12221 16384 I ReactNativeJS: [outputs] playMorse.start {"timestamp":26549484.644974,"wallClock":1760225563306,"unitMs":30,"length":29,"source":"console.replay","audioEnabled":true,"audioVolumePercent":100}
10-11 19:32:43.517 12221 16384 D OutputsAudio: [outputs-audio] warmup hz=650.0
10-11 19:32:43.518 12221 17076 D OutputsAudio: [outputs-audio] playMorse.start count=27 unit=30.0
10-11 19:32:43.518 12221 17076 D OutputsAudio: [outputs-audio] start hz=650.0 gain=1.000 attack=2.50 release=6.00
10-11 19:32:43.518 12221 17076 D OutputsAudio: [outputs-audio] playMorse.symbol.start sequence=1 symbol=. expected=26549696.538 actual=26549697.492 skew=0.954 batchElapsed=0.954
10-11 19:32:43.532 12221 16384 D OutputsAudio: [outputs-audio] symbol.info sequence=1 symbol=. timestamp=26549697.492 duration=30.000 expected=26549696.538 skew=0.954 age=13.131
10-11 19:32:43.533 12221 16384 I ReactNativeJS: [outputs] playMorse.symbol {"timestamp":26549710.879089,"wallClock":1760225563532,"symbol":".","durationMs":30,"index":0,"source":"console.replay","correlationId":"console-replay:rqwurcqp","nativeTimestampMs":26549697.492,"nativeDurationMs":30,"nativeOffsetMs":13.277453001588583,"nativeSequence":1,"monotonicTimestampMs":26549697.492,"nativeExpectedTimestampMs":26549696.538,"nativeStartSkewMs":0.954,"nativeBatchElapsedMs":0.954,"nativeExpectedSincePriorMs":0,"nativeSincePriorMs":0,"nativePatternStartMs":26549696.538,"nativeAgeMs":13.131}
10-11 19:32:43.534 12221 16384 I ReactNativeJS: [outputs] playMorse.symbol {"timestamp":26549712.606432,"wallClock":1760225563534,"symbol":".","durationMs":30,"index":0,"source":"console.replay","correlationId":"console-replay:mgmwupamgov87xlq","nativeTimestampMs":26549697.492,"nativeDurationMs":30,"nativeOffsetMs":13.277453001588583,"nativeSequence":1,"monotonicTimestampMs":26549697.492,"nativeExpectedTimestampMs":26549696.538,"nativeStartSkewMs":0.954,"nativeBatchElapsedMs":0.954,"nativeExpectedSincePriorMs":0,"nativeSincePriorMs":0,"nativePatternStartMs":26549696.538,"nativeAgeMs":13.131}
10-11 19:32:43.535 12221 16384 I ReactNativeJS: [outputs] outputs.hapticSymbol {"timestamp":26549713.47612,"wallClock":1760225563534,"enabled":true,"symbol":".","durationMs":30,"platform":"android","source":"console.replay","correlationId":"console-replay:mgmwupamgov87xlq","timelineOffsetMs":null}
10-11 19:32:43.538 12221 16384 I ReactNativeJS: [outputs] outputs.flashPulse {"timestamp":26549715.34013,"wallClock":1760225563536,"enabled":true,"durationMs":30,"source":"console.replay","correlationId":"console-replay:mgmwupamgov87xlq","timelineOffsetMs":13.277453001588583,"schedulingMode":"timeline","audioStartHeadroomMs":-26.777130000293255,"audioStartGuard":"headroom","audioStartCompensationMs":26.777130000293255}
10-11 19:32:43.549 12221 17076 D OutputsAudio: [outputs-audio] stop gain=1.000 release=6.00
10-11 19:32:43.579 12221 17076 D OutputsAudio: [outputs-audio] start hz=650.0 gain=1.000 attack=2.50 release=6.00
10-11 19:32:43.579 12221 17076 D OutputsAudio: [outputs-audio] playMorse.symbol.start sequence=2 symbol=. expected=26549756.538 actual=26549757.868 skew=1.330 batchElapsed=61.330
10-11 19:32:43.610 12221 17076 D OutputsAudio: [outputs-audio] stop gain=1.000 release=6.00
10-11 19:32:43.613 12221 16384 I ReactNativeJS: [outputs] outputs.flashPulse.commit {"timestamp":26549791.911328,"wallClock":1760225563613,"durationMs":30,"source":"console.replay","correlationId":"console-replay:mgmwupamgov87xlq","latencyMs":81.1313019990921,"timelineOffsetMs":13.277453001588583,"leadMs":8,"scheduleSkewMs":76.58229099959135,"schedulingMode":"timeline","audioStartHeadroomMs":-26.777130000293255,"audioStartGuard":"headroom","audioStartCompensationMs":26.777130000293255}
10-11 19:32:43.640 12221 17076 D OutputsAudio: [outputs-audio] start hz=650.0 gain=1.000 attack=2.50 release=6.00
10-11 19:32:43.640 12221 17076 D OutputsAudio: [outputs-audio] playMorse.symbol.start sequence=3 symbol=. expected=26549816.538 actual=26549819.409 skew=2.871 batchElapsed=122.871
10-11 19:32:43.662 12221 16384 D OutputsAudio: [outputs-audio] symbol.info sequence=3 symbol=. timestamp=26549819.409 duration=30.000 expected=26549816.538 skew=2.871 age=21.714
10-11 19:32:43.663 12221 16384 W ReactNativeJS: '[outputs-audio] native sequence jump', { previous: 1, next: 3, delta: 2 }
