--------- beginning of main
10-11 15:48:53.039  2422  2607 I ReactNativeJS: [outputs] playMorse.start {"timestamp":13156560.417375,"wallClock":1760212133039,"unitMs":120,"length":28,"source":"console.replay","audioEnabled":true,"audioVolumePercent":100}
10-11 15:48:53.411  2422  2607 D OutputsAudio: [outputs-audio] warmup hz=700.0
10-11 15:48:53.412  2422  9866 D OutputsAudio: [outputs-audio] playMorse.start count=27 unit=120.0
10-11 15:48:53.412  2422  9866 D OutputsAudio: [outputs-audio] start hz=700.0 gain=1.000 attack=2.50 release=6.00
10-11 15:48:53.427  2422  2607 D OutputsAudio: [outputs-audio] symbol.info sequence=1 symbol=. timestamp=13156933.528 duration=120.000
10-11 15:48:53.428  2422  2607 I ReactNativeJS: [outputs] playMorse.symbol {"timestamp":13156948.537531,"wallClock":1760212133427,"symbol":".","durationMs":120,"index":0,"source":"console.replay","correlationId":"console-replay:mgmouuk3v8esk93l","nativeTimestampMs":13156933.528,"nativeDurationMs":120,"nativeOffsetMs":14.926145998761058,"nativeSequence":1,"monotonicTimestampMs":13156933.528}
10-11 15:48:53.428  2422  2607 I ReactNativeJS: [outputs] outputs.hapticSymbol {"timestamp":13156949.458468,"wallClock":1760212133428,"enabled":true,"symbol":".","durationMs":120,"platform":"android","source":"console.replay","correlationId":"console-replay:mgmouuk3v8esk93l","timelineOffsetMs":14.926145998761058}
10-11 15:48:53.429  2422  2607 I ReactNativeJS: [outputs] outputs.flashPulse {"timestamp":13156950.646489,"wallClock":1760212133429,"enabled":true,"durationMs":120,"source":"console.replay","correlationId":"console-replay:mgmouuk3v8esk93l","timelineOffsetMs":14.926145998761058}
10-11 15:48:53.488  2422  2607 I ReactNativeJS: [outputs] outputs.flashPulse.commit {"timestamp":13157009.680604,"wallClock":1760212133488,"durationMs":120,"source":"console.replay","correlationId":"console-replay:mgmouuk3v8esk93l","latencyMs":61.220781000331044,"timelineOffsetMs":14.926145998761058,"leadMs":8,"scheduleSkewMs":69.22078100033104}
10-11 15:48:53.533  2422  9866 D OutputsAudio: [outputs-audio] stop gain=1.000 release=6.00
10-11 15:48:53.653  2422  9866 D OutputsAudio: [outputs-audio] start hz=700.0 gain=1.000 attack=2.50 release=6.00
10-11 15:48:53.676  2422  2607 D OutputsAudio: [outputs-audio] symbol.info sequence=2 symbol=. timestamp=13157174.773 duration=120.000
10-11 15:48:53.677  2422  2607 I ReactNativeJS: [outputs] playMorse.symbol {"timestamp":13157198.188468,"wallClock":1760212133677,"symbol":".","durationMs":120,"index":1,"source":"console.replay","correlationId":"console-replay:mgmouur1vlwjhsl7","nativeTimestampMs":13157174.773,"nativeDurationMs":120,"nativeOffsetMs":23.336301999166608,"nativeSequence":2,"monotonicTimestampMs":13157174.773}
10-11 15:48:53.678  2422  2607 I ReactNativeJS: [outputs] outputs.hapticSymbol {"timestamp":13157198.964718,"wallClock":1760212133677,"enabled":true,"symbol":".","durationMs":120,"platform":"android","source":"console.replay","correlationId":"console-replay:mgmouur1vlwjhsl7","timelineOffsetMs":23.336301999166608}
10-11 15:48:53.679  2422  2607 I ReactNativeJS: [outputs] outputs.flashPulse {"timestamp":13157199.887948,"wallClock":1760212133678,"enabled":true,"durationMs":120,"source":"console.replay","correlationId":"console-replay:mgmouur1vlwjhsl7","timelineOffsetMs":23.336301999166608}
10-11 15:48:53.735  2422  2607 I ReactNativeJS: [outputs] outputs.flashPulse.commit {"timestamp":13157256.297635,"wallClock":1760212133735,"durationMs":120,"source":"console.replay","correlationId":"console-replay:mgmouur1vlwjhsl7","latencyMs":58.18291600048542,"timelineOffsetMs":23.336301999166608,"leadMs":8,"scheduleSkewMs":66.18291600048542}
10-11 15:48:53.774  2422  9866 D OutputsAudio: [outputs-audio] stop gain=1.000 release=6.00
10-11 15:48:53.895  2422  9866 D OutputsAudio: [outputs-audio] start hz=700.0 gain=1.000 attack=2.50 release=6.00
10-11 15:48:53.918  2422  2607 D OutputsAudio: [outputs-audio] symbol.info sequence=3 symbol=. timestamp=13157416.874 duration=120.000
10-11 15:48:53.919  2422  2607 I ReactNativeJS: [outputs] playMorse.symbol {"timestamp":13157439.594614,"wallClock":1760212133918,"symbol":".","durationMs":120,"index":2,"source":"console.replay","correlationId":"console-replay:mgmouuxqu90kwmf9","nativeTimestampMs":13157416.874,"nativeDurationMs":120,"nativeOffsetMs":22.641915999352932,"nativeSequence":3,"monotonicTimestampMs":13157416.874}
10-11 15:48:53.919  2422  2607 I ReactNativeJS: [outputs] outputs.hapticSymbol {"timestamp":13157440.335343,"wallClock":1760212133919,"enabled":true,"symbol":".","durationMs":120,"platform":"android","source":"console.replay","correlationId":"console-replay:mgmouuxqu90kwmf9","timelineOffsetMs":22.641915999352932}
10-11 15:48:53.920  2422  2607 I ReactNativeJS: [outputs] outputs.flashPulse {"timestamp":13157441.215135,"wallClock":1760212133920,"enabled":true,"durationMs":120,"source":"console.replay","correlationId":"console-replay:mgmouuxqu90kwmf9","timelineOffsetMs":22.641915999352932}
10-11 15:48:53.972  2422  2607 I ReactNativeJS: [outputs] outputs.flashPulse.commit {"timestamp":13157492.840031,"wallClock":1760212133971,"durationMs":120,"source":"console.replay","correlationId":"console-replay:mgmouuxqu90kwmf9","latencyMs":53.318958001211286,"timelineOffsetMs":22.641915999352932,"leadMs":8,"scheduleSkewMs":61.318958001211286}
10-11 15:48:54.016  2422  9866 D OutputsAudio: [outputs-audio] stop gain=1.000 release=6.00
10-11 15:48:54.137  2422  9866 D OutputsAudio: [outputs-audio] start hz=700.0 gain=1.000 attack=2.50 release=6.00
10-11 15:48:54.163  2422  2607 D OutputsAudio: [outputs-audio] symbol.info sequence=4 symbol=- timestamp=13157658.598 duration=360.000
10-11 15:48:54.165  2422  2607 I ReactNativeJS: [outputs] playMorse.symbol {"timestamp":13157684.459979,"wallClock":1760212134163,"symbol":"-","durationMs":360,"index":3,"source":"console.replay","correlationId":"console-replay:mgmouv4j4kbd2316","nativeTimestampMs":13157658.598,"nativeDurationMs":360,"nativeOffsetMs":25.7508850004524,"nativeSequence":4,"monotonicTimestampMs":13157658.598}
10-11 15:48:54.167  2422  2607 I ReactNativeJS: [outputs] outputs.hapticSymbol {"timestamp":13157687.053416,"wallClock":1760212134165,"enabled":true,"symbol":"-","durationMs":360,"platform":"android","source":"console.replay","correlationId":"console-replay:mgmouv4j4kbd2316","timelineOffsetMs":25.7508850004524}
10-11 15:48:54.171  2422  2607 I ReactNativeJS: [outputs] outputs.flashPulse {"timestamp":13157691.202479,"wallClock":1760212134170,"enabled":true,"durationMs":360,"source":"console.replay","correlationId":"console-replay:mgmouv4j4kbd2316","timelineOffsetMs":25.7508850004524}
10-11 15:48:54.228  2422  2607 I ReactNativeJS: [outputs] outputs.flashPulse.commit {"timestamp":13157749.460291,"wallClock":1760212134228,"durationMs":360,"source":"console.replay","correlationId":"console-replay:mgmouv4j4kbd2316","latencyMs":65.10588500089943,"timelineOffsetMs":25.7508850004524,"leadMs":8,"scheduleSkewMs":73.10588500089943}
10-11 15:48:54.497  2422  9866 D OutputsAudio: [outputs-audio] stop gain=1.000 release=6.00
10-11 15:48:54.618  2422  9866 D OutputsAudio: [outputs-audio] start hz=700.0 gain=1.000 attack=2.50 release=6.00
10-11 15:48:54.662  2422  2607 D OutputsAudio: [outputs-audio] symbol.info sequence=5 symbol=- timestamp=13158139.804 duration=360.000
10-11 15:48:54.663  2422  2607 I ReactNativeJS: [outputs] playMorse.symbol {"timestamp":13158183.554822,"wallClock":1760212134662,"symbol":"-","durationMs":360,"index":4,"source":"console.replay","correlationId":"console-replay:mgmouvieuhhn6cl3","nativeTimestampMs":13158139.804,"nativeDurationMs":360,"nativeOffsetMs":43.65467599965632,"nativeSequence":5,"monotonicTimestampMs":13158139.804}
10-11 15:48:54.663  2422  2607 I ReactNativeJS: [outputs] outputs.hapticSymbol {"timestamp":13158184.434405,"wallClock":1760212134663,"enabled":true,"symbol":"-","durationMs":360,"platform":"android","source":"console.replay","correlationId":"console-replay:mgmouvieuhhn6cl3","timelineOffsetMs":43.65467599965632}
10-11 15:48:54.665  2422  2607 I ReactNativeJS: [outputs] outputs.flashPulse {"timestamp":13158185.833416,"wallClock":1760212134664,"enabled":true,"durationMs":360,"source":"console.replay","correlationId":"console-replay:mgmouvieuhhn6cl3","timelineOffsetMs":43.65467599965632}
10-11 15:48:54.731  2422  2607 I ReactNativeJS: [outputs] outputs.flashPulse.commit {"timestamp":13158251.687322,"wallClock":1760212134730,"durationMs":360,"source":"console.replay","correlationId":"console-replay:mgmouvieuhhn6cl3","latencyMs":68.22307300008833,"timelineOffsetMs":43.65467599965632,"leadMs":8,"scheduleSkewMs":76.22307300008833}
10-11 15:48:54.979  2422  9866 D OutputsAudio: [outputs-audio] stop gain=1.000 release=6.00
10-11 15:48:55.101  2422  9866 D OutputsAudio: [outputs-audio] start hz=700.0 gain=1.000 attack=2.50 release=6.00
10-11 15:48:55.146  2422  2607 D OutputsAudio: [outputs-audio] symbol.info sequence=6 symbol=- timestamp=13158622.275 duration=360.000
10-11 15:48:55.147  2422  2607 I ReactNativeJS: [outputs] playMorse.symbol {"timestamp":13158668.050343,"wallClock":1760212135146,"symbol":"-","durationMs":360,"index":5,"source":"console.replay","correlationId":"console-replay:mgmouvvu324o2lhk","nativeTimestampMs":13158622.275,"nativeDurationMs":360,"nativeOffsetMs":45.61466600000858,"nativeSequence":6,"monotonicTimestampMs":13158622.275}
10-11 15:48:55.148  2422  2607 I ReactNativeJS: [outputs] outputs.hapticSymbol {"timestamp":13158669.140082,"wallClock":1760212135148,"enabled":true,"symbol":"-","durationMs":360,"platform":"android","source":"console.replay","correlationId":"console-replay:mgmouvvu324o2lhk","timelineOffsetMs":45.61466600000858}
10-11 15:48:55.150  2422  2607 I ReactNativeJS: [outputs] outputs.flashPulse {"timestamp":13158670.753207,"wallClock":1760212135149,"enabled":true,"durationMs":360,"source":"console.replay","correlationId":"console-replay:mgmouvvu324o2lhk","timelineOffsetMs":45.61466600000858}
10-11 15:48:55.215  2422  2607 I ReactNativeJS: [outputs] outputs.flashPulse.commit {"timestamp":13158736.374926,"wallClock":1760212135215,"durationMs":360,"source":"console.replay","correlationId":"console-replay:mgmouvvu324o2lhk","latencyMs":68.47953099943697,"timelineOffsetMs":45.61466600000858,"leadMs":8,"scheduleSkewMs":76.47953099943697}
10-11 15:48:55.461  2422  9866 D OutputsAudio: [outputs-audio] stop gain=1.000 release=6.00
10-11 15:48:55.582  2422  9866 D OutputsAudio: [outputs-audio] start hz=700.0 gain=1.000 attack=2.50 release=6.00
10-11 15:48:55.628  2422  2607 D OutputsAudio: [outputs-audio] symbol.info sequence=7 symbol=. timestamp=13159103.315 duration=120.000
10-11 15:48:55.629  2422  2607 I ReactNativeJS: [outputs] playMorse.symbol {"timestamp":13159149.737322,"wallClock":1760212135628,"symbol":".","durationMs":120,"index":6,"source":"console.replay","correlationId":"console-replay:mgmouw980e2kqfrn","nativeTimestampMs":13159103.315,"nativeDurationMs":120,"nativeOffsetMs":46.35539500042796,"nativeSequence":7,"monotonicTimestampMs":13159103.315}
10-11 15:48:55.629  2422  2607 I ReactNativeJS: [outputs] outputs.hapticSymbol {"timestamp":13159150.268832,"wallClock":1760212135629,"enabled":true,"symbol":".","durationMs":120,"platform":"android","source":"console.replay","correlationId":"console-replay:mgmouw980e2kqfrn","timelineOffsetMs":46.35539500042796}
10-11 15:48:55.630  2422  2607 I ReactNativeJS: [outputs] outputs.flashPulse {"timestamp":13159151.227947,"wallClock":1760212135630,"enabled":true,"durationMs":120,"source":"console.replay","correlationId":"console-replay:mgmouw980e2kqfrn","timelineOffsetMs":46.35539500042796}
10-11 15:48:55.702  2422  9866 D OutputsAudio: [outputs-audio] stop gain=1.000 release=6.00
10-11 15:48:55.760  2422  2607 I ReactNativeJS: [outputs] outputs.flashPulse.commit {"timestamp":13159280.826593,"wallClock":1760212135759,"durationMs":120,"source":"console.replay","correlationId":"console-replay:mgmouw980e2kqfrn","latencyMs":131.15093700028956,"timelineOffsetMs":46.35539500042796,"leadMs":8,"scheduleSkewMs":139.15093700028956}
10-11 15:48:55.824  2422  9866 D OutputsAudio: [outputs-audio] start hz=700.0 gain=1.000 attack=2.50 release=6.00
10-11 15:48:55.851  2422  2607 D OutputsAudio: [outputs-audio] symbol.info sequence=8 symbol=. timestamp=13159345.471 duration=120.000
10-11 15:48:55.852  2422  2607 I ReactNativeJS: [outputs] playMorse.symbol {"timestamp":13159373.012113,"wallClock":1760212135851,"symbol":".","durationMs":120,"index":7,"source":"console.replay","correlationId":"console-replay:mgmouwfforek7e4t","nativeTimestampMs":13159345.471,"nativeDurationMs":120,"nativeOffsetMs":27.450123999267817,"nativeSequence":8,"monotonicTimestampMs":13159345.471}
10-11 15:48:55.853  2422  2607 I ReactNativeJS: [outputs] outputs.hapticSymbol {"timestamp":13159373.978311,"wallClock":1760212135852,"enabled":true,"symbol":".","durationMs":120,"platform":"android","source":"console.replay","correlationId":"console-replay:mgmouwfforek7e4t","timelineOffsetMs":27.450123999267817}
10-11 15:48:55.854  2422  2607 I ReactNativeJS: [outputs] outputs.flashPulse {"timestamp":13159375.35253,"wallClock":1760212135854,"enabled":true,"durationMs":120,"source":"console.replay","correlationId":"console-replay:mgmouwfforek7e4t","timelineOffsetMs":27.450123999267817}
10-11 15:48:55.905  2422  2607 I ReactNativeJS: [outputs] outputs.flashPulse.commit {"timestamp":13159426.755655,"wallClock":1760212135905,"durationMs":120,"source":"console.replay","correlationId":"console-replay:mgmouwfforek7e4t","latencyMs":53.82906199991703,"timelineOffsetMs":27.450123999267817,"leadMs":8,"scheduleSkewMs":61.82906199991703}
10-11 15:48:55.945  2422  9866 D OutputsAudio: [outputs-audio] stop gain=1.000 release=6.00
10-11 15:48:56.066  2422  9866 D OutputsAudio: [outputs-audio] start hz=700.0 gain=1.000 attack=2.50 release=6.00
10-11 15:48:56.089  2422  2607 D OutputsAudio: [outputs-audio] symbol.info sequence=9 symbol=. timestamp=13159587.888 duration=120.000
10-11 15:48:56.091  2422  2607 I ReactNativeJS: [outputs] playMorse.symbol {"timestamp":13159610.853832,"wallClock":1760212136089,"symbol":".","durationMs":120,"index":8,"source":"console.replay","correlationId":"console-replay:mgmouwm1um8grr6j","nativeTimestampMs":13159587.888,"nativeDurationMs":120,"nativeOffsetMs":22.82395699992776,"nativeSequence":9,"monotonicTimestampMs":13159587.888}
10-11 15:48:56.091  2422  2607 I ReactNativeJS: [outputs] outputs.hapticSymbol {"timestamp":13159612.373415,"wallClock":1760212136091,"enabled":true,"symbol":".","durationMs":120,"platform":"android","source":"console.replay","correlationId":"console-replay:mgmouwm1um8grr6j","timelineOffsetMs":22.82395699992776}
10-11 15:48:56.094  2422  2607 I ReactNativeJS: [outputs] outputs.flashPulse {"timestamp":13159614.278936,"wallClock":1760212136093,"enabled":true,"durationMs":120,"source":"console.replay","correlationId":"console-replay:mgmouwm1um8grr6j","timelineOffsetMs":22.82395699992776}
10-11 15:48:56.157  2422  2607 I ReactNativeJS: [outputs] outputs.flashPulse.commit {"timestamp":13159678.731019,"wallClock":1760212136157,"durationMs":120,"source":"console.replay","correlationId":"console-replay:mgmouwm1um8grr6j","latencyMs":68.01395799964666,"timelineOffsetMs":22.82395699992776,"leadMs":8,"scheduleSkewMs":76.01395799964666}
10-11 15:48:56.186  2422  9866 D OutputsAudio: [outputs-audio] stop gain=1.000 release=6.00
10-11 15:48:56.307  2422  9866 D OutputsAudio: [outputs-audio] start hz=700.0 gain=1.000 attack=2.50 release=6.00
10-11 15:48:56.311  2422  2607 D OutputsAudio: [outputs-audio] symbol.info sequence=10 symbol=- timestamp=13159828.339 duration=360.000
10-11 15:48:56.312  2422  2607 I ReactNativeJS: [outputs] playMorse.symbol {"timestamp":13159832.875759,"wallClock":1760212136311,"symbol":"-","durationMs":360,"index":9,"source":"console.replay","correlationId":"console-replay:mgmouws7w7ywa64z","nativeTimestampMs":13159828.339,"nativeDurationMs":360,"nativeOffsetMs":4.442019000649452,"nativeSequence":10,"monotonicTimestampMs":13159828.339}
10-11 15:48:56.313  2422  2607 I ReactNativeJS: [outputs] outputs.hapticSymbol {"timestamp":13159833.727009,"wallClock":1760212136312,"enabled":true,"symbol":"-","durationMs":360,"platform":"android","source":"console.replay","correlationId":"console-replay:mgmouws7w7ywa64z","timelineOffsetMs":4.442019000649452}
10-11 15:48:56.314  2422  2607 I ReactNativeJS: [outputs] outputs.flashPulse {"timestamp":13159835.593415,"wallClock":1760212136314,"enabled":true,"durationMs":360,"source":"console.replay","correlationId":"console-replay:mgmouws7w7ywa64z","timelineOffsetMs":4.442019000649452}
10-11 15:48:56.393  2422  2607 I ReactNativeJS: [outputs] outputs.flashPulse.commit {"timestamp":13159913.860082,"wallClock":1760212136392,"durationMs":360,"source":"console.replay","correlationId":"console-replay:mgmouws7w7ywa64z","latencyMs":81.07312499918044,"timelineOffsetMs":4.442019000649452,"leadMs":8,"scheduleSkewMs":89.07312499918044}
10-11 15:48:56.667  2422  9866 D OutputsAudio: [outputs-audio] stop gain=1.000 release=6.00
10-11 15:48:56.788  2422  9866 D OutputsAudio: [outputs-audio] start hz=700.0 gain=1.000 attack=2.50 release=6.00
10-11 15:48:56.797  2422  2607 D OutputsAudio: [outputs-audio] symbol.info sequence=11 symbol=- timestamp=13160309.273 duration=360.000
10-11 15:48:56.799  2422  2607 I ReactNativeJS: [outputs] playMorse.symbol {"timestamp":13160319.142113,"wallClock":1760212136798,"symbol":"-","durationMs":360,"index":10,"source":"console.replay","correlationId":"console-replay:mgmoux5ppradwanl","nativeTimestampMs":13160309.273,"nativeDurationMs":360,"nativeOffsetMs":9.709842000156641,"nativeSequence":11,"monotonicTimestampMs":13160309.273}
10-11 15:48:56.800  2422  2607 I ReactNativeJS: [outputs] outputs.hapticSymbol {"timestamp":13160320.959925,"wallClock":1760212136799,"enabled":true,"symbol":"-","durationMs":360,"platform":"android","source":"console.replay","correlationId":"console-replay:mgmoux5ppradwanl","timelineOffsetMs":9.709842000156641}
10-11 15:48:56.803  2422  2607 I ReactNativeJS: [outputs] outputs.flashPulse {"timestamp":13160323.766592,"wallClock":1760212136802,"enabled":true,"durationMs":360,"source":"console.replay","correlationId":"console-replay:mgmoux5ppradwanl","timelineOffsetMs":9.709842000156641}
10-11 15:48:56.894  2422  2607 I ReactNativeJS: [outputs] outputs.flashPulse.commit {"timestamp":13160415.294144,"wallClock":1760212136894,"durationMs":360,"source":"console.replay","correlationId":"console-replay:mgmoux5ppradwanl","latencyMs":96.30635399930179,"timelineOffsetMs":9.709842000156641,"leadMs":8,"scheduleSkewMs":104.30635399930179}
10-11 15:48:57.148  2422  9866 D OutputsAudio: [outputs-audio] stop gain=1.000 release=6.00
10-11 15:48:57.269  2422  9866 D OutputsAudio: [outputs-audio] start hz=700.0 gain=1.000 attack=2.50 release=6.00
10-11 15:48:57.294  2422  2607 D OutputsAudio: [outputs-audio] symbol.info sequence=12 symbol=- timestamp=13160790.747 duration=360.000
10-11 15:48:57.295  2422  2607 I ReactNativeJS: [outputs] playMorse.symbol {"timestamp":13160815.576592,"wallClock":1760212137294,"symbol":"-","durationMs":360,"index":11,"source":"console.replay","correlationId":"console-replay:mgmouxjivrrn2h9z","nativeTimestampMs":13160790.747,"nativeDurationMs":360,"nativeOffsetMs":24.71203999966383,"nativeSequence":12,"monotonicTimestampMs":13160790.747}
10-11 15:48:57.296  2422  2607 I ReactNativeJS: [outputs] outputs.hapticSymbol {"timestamp":13160816.696644,"wallClock":1760212137295,"enabled":true,"symbol":"-","durationMs":360,"platform":"android","source":"console.replay","correlationId":"console-replay:mgmouxjivrrn2h9z","timelineOffsetMs":24.71203999966383}
10-11 15:48:57.297  2422  2607 I ReactNativeJS: [outputs] outputs.flashPulse {"timestamp":13160818.039665,"wallClock":1760212137296,"enabled":true,"durationMs":360,"source":"console.replay","correlationId":"console-replay:mgmouxjivrrn2h9z","timelineOffsetMs":24.71203999966383}
10-11 15:48:57.352  2422  2607 I ReactNativeJS: [outputs] outputs.flashPulse.commit {"timestamp":13160872.793415,"wallClock":1760212137351,"durationMs":360,"source":"console.replay","correlationId":"console-replay:mgmouxjivrrn2h9z","latencyMs":57.32890600152314,"timelineOffsetMs":24.71203999966383,"leadMs":8,"scheduleSkewMs":65.32890600152314}
10-11 15:48:57.630  2422  9866 D OutputsAudio: [outputs-audio] stop gain=1.000 release=6.00
10-11 15:48:57.751  2422  9866 D OutputsAudio: [outputs-audio] start hz=700.0 gain=1.000 attack=2.50 release=6.00
10-11 15:48:57.786  2422  2607 D OutputsAudio: [outputs-audio] symbol.info sequence=13 symbol=. timestamp=13161272.328 duration=120.000
10-11 15:48:57.787  2422  2607 I ReactNativeJS: [outputs] playMorse.symbol {"timestamp":13161307.491123,"wallClock":1760212137786,"symbol":".","durationMs":120,"index":12,"source":"console.replay","correlationId":"console-replay:mgmouxx60u8lhp3b","nativeTimestampMs":13161272.328,"nativeDurationMs":120,"nativeOffsetMs":35.04734200052917,"nativeSequence":13,"monotonicTimestampMs":13161272.328}
10-11 15:48:57.788  2422  2607 I ReactNativeJS: [outputs] outputs.hapticSymbol {"timestamp":13161308.61404,"wallClock":1760212137787,"enabled":true,"symbol":".","durationMs":120,"platform":"android","source":"console.replay","correlationId":"console-replay:mgmouxx60u8lhp3b","timelineOffsetMs":35.04734200052917}
10-11 15:48:57.789  2422  2607 I ReactNativeJS: [outputs] outputs.flashPulse {"timestamp":13161310.2243,"wallClock":1760212137789,"enabled":true,"durationMs":120,"source":"console.replay","correlationId":"console-replay:mgmouxx60u8lhp3b","timelineOffsetMs":35.04734200052917}
10-11 15:48:57.853  2422  2607 I ReactNativeJS: [outputs] outputs.flashPulse.commit {"timestamp":13161373.916227,"wallClock":1760212137852,"durationMs":120,"source":"console.replay","correlationId":"console-replay:mgmouxx60u8lhp3b","latencyMs":66.53572900034487,"timelineOffsetMs":35.04734200052917,"leadMs":8,"scheduleSkewMs":74.53572900034487}
10-11 15:48:57.871  2422  9866 D OutputsAudio: [outputs-audio] stop gain=1.000 release=6.00
10-11 15:48:57.993  2422  9866 D OutputsAudio: [outputs-audio] start hz=700.0 gain=1.000 attack=2.50 release=6.00
10-11 15:48:57.998  2422  2607 D OutputsAudio: [outputs-audio] symbol.info sequence=14 symbol=. timestamp=13161514.372 duration=120.000
10-11 15:48:57.999  2422  2607 I ReactNativeJS: [outputs] playMorse.symbol {"timestamp":13161519.514092,"wallClock":1760212137998,"symbol":".","durationMs":120,"index":13,"source":"console.replay","correlationId":"console-replay:mgmouy32vwkns3d4","nativeTimestampMs":13161514.372,"nativeDurationMs":120,"nativeOffsetMs":5.059227000921965,"nativeSequence":14,"monotonicTimestampMs":13161514.372}
10-11 15:48:58.002  2422  2607 I ReactNativeJS: [outputs] outputs.hapticSymbol {"timestamp":13161520.798623,"wallClock":1760212137999,"enabled":true,"symbol":".","durationMs":120,"platform":"android","source":"console.replay","correlationId":"console-replay:mgmouy32vwkns3d4","timelineOffsetMs":5.059227000921965}
10-11 15:48:58.004  2422  2607 I ReactNativeJS: [outputs] outputs.flashPulse {"timestamp":13161525.130758,"wallClock":1760212138004,"enabled":true,"durationMs":120,"source":"console.replay","correlationId":"console-replay:mgmouy32vwkns3d4","timelineOffsetMs":5.059227000921965}
10-11 15:48:58.076  2422  2607 I ReactNativeJS: [outputs] outputs.flashPulse.commit {"timestamp":13161597.101488,"wallClock":1760212138075,"durationMs":120,"source":"console.replay","correlationId":"console-replay:mgmouy32vwkns3d4","latencyMs":77.66427099891007,"timelineOffsetMs":5.059227000921965,"leadMs":8,"scheduleSkewMs":85.66427099891007}
10-11 15:48:58.114  2422  9866 D OutputsAudio: [outputs-audio] stop gain=1.000 release=6.00
10-11 15:48:58.235  2422  9866 D OutputsAudio: [outputs-audio] start hz=700.0 gain=1.000 attack=2.50 release=6.00
10-11 15:48:58.255  2422  2607 D OutputsAudio: [outputs-audio] symbol.info sequence=15 symbol=. timestamp=13161756.950 duration=120.000
10-11 15:48:58.262  2422  2607 I ReactNativeJS: [outputs] playMorse.symbol {"timestamp":13161776.474144,"wallClock":1760212138255,"symbol":".","durationMs":120,"index":14,"source":"console.replay","correlationId":"console-replay:mgmouya704fsq6o4","nativeTimestampMs":13161756.95,"nativeDurationMs":120,"nativeOffsetMs":19.433415001258254,"nativeSequence":15,"monotonicTimestampMs":13161756.95}
10-11 15:48:58.263  2422  2607 I ReactNativeJS: [outputs] outputs.hapticSymbol {"timestamp":13161784.255446,"wallClock":1760212138263,"enabled":true,"symbol":".","durationMs":120,"platform":"android","source":"console.replay","correlationId":"console-replay:mgmouya704fsq6o4","timelineOffsetMs":19.433415001258254}
10-11 15:48:58.264  2422  2607 I ReactNativeJS: [outputs] outputs.flashPulse {"timestamp":13161785.762894,"wallClock":1760212138264,"enabled":true,"durationMs":120,"source":"console.replay","correlationId":"console-replay:mgmouya704fsq6o4","timelineOffsetMs":19.433415001258254}
10-11 15:48:58.324  2422  2607 I ReactNativeJS: [outputs] outputs.flashPulse.commit {"timestamp":13161845.450029,"wallClock":1760212138324,"durationMs":120,"source":"console.replay","correlationId":"console-replay:mgmouya704fsq6o4","latencyMs":69.06104099936783,"timelineOffsetMs":19.433415001258254,"leadMs":8,"scheduleSkewMs":77.06104099936783}
10-11 15:48:58.356  2422  9866 D OutputsAudio: [outputs-audio] stop gain=1.000 release=6.00
10-11 15:48:58.477  2422  9866 D OutputsAudio: [outputs-audio] start hz=700.0 gain=1.000 attack=2.50 release=6.00
10-11 15:48:58.502  2422  2607 D OutputsAudio: [outputs-audio] symbol.info sequence=16 symbol=- timestamp=13161999.017 duration=360.000
10-11 15:48:58.505  2422  2607 I ReactNativeJS: [outputs] playMorse.symbol {"timestamp":13162024.138935,"wallClock":1760212138503,"symbol":"-","durationMs":360,"index":15,"source":"console.replay","correlationId":"console-replay:mgmouyh26gwdq1zc","nativeTimestampMs":13161999.017,"nativeDurationMs":360,"nativeOffsetMs":24.926570998504758,"nativeSequence":16,"monotonicTimestampMs":13161999.017}
10-11 15:48:58.506  2422  2607 I ReactNativeJS: [outputs] outputs.hapticSymbol {"timestamp":13162026.511227,"wallClock":1760212138505,"enabled":true,"symbol":"-","durationMs":360,"platform":"android","source":"console.replay","correlationId":"console-replay:mgmouyh26gwdq1zc","timelineOffsetMs":24.926570998504758}
10-11 15:48:58.507  2422  2607 I ReactNativeJS: [outputs] outputs.flashPulse {"timestamp":13162028.252477,"wallClock":1760212138507,"enabled":true,"durationMs":360,"source":"console.replay","correlationId":"console-replay:mgmouyh26gwdq1zc","timelineOffsetMs":24.926570998504758}
10-11 15:48:58.567  2422  2607 I ReactNativeJS: [outputs] outputs.flashPulse.commit {"timestamp":13162088.726435,"wallClock":1760212138567,"durationMs":360,"source":"console.replay","correlationId":"console-replay:mgmouyh26gwdq1zc","latencyMs":64.77755200117826,"timelineOffsetMs":24.926570998504758,"leadMs":8,"scheduleSkewMs":72.77755200117826}
10-11 15:48:58.839  2422  9866 D OutputsAudio: [outputs-audio] stop gain=1.000 release=6.00
10-11 15:48:58.960  2422  9866 D OutputsAudio: [outputs-audio] start hz=700.0 gain=1.000 attack=2.50 release=6.00
10-11 15:48:58.981  2422  2607 D OutputsAudio: [outputs-audio] symbol.info sequence=17 symbol=- timestamp=13162481.549 duration=360.000
10-11 15:48:58.982  2422  2607 I ReactNativeJS: [outputs] playMorse.symbol {"timestamp":13162503.041695,"wallClock":1760212138981,"symbol":"-","durationMs":360,"index":16,"source":"console.replay","correlationId":"console-replay:mgmouyud4lyad6uk","nativeTimestampMs":13162481.549,"nativeDurationMs":360,"nativeOffsetMs":21.410090999677777,"nativeSequence":17,"monotonicTimestampMs":13162481.549}
10-11 15:48:58.983  2422  2607 I ReactNativeJS: [outputs] outputs.hapticSymbol {"timestamp":13162503.901383,"wallClock":1760212138982,"enabled":true,"symbol":"-","durationMs":360,"platform":"android","source":"console.replay","correlationId":"console-replay:mgmouyud4lyad6uk","timelineOffsetMs":21.410090999677777}
10-11 15:48:58.984  2422  2607 I ReactNativeJS: [outputs] outputs.flashPulse {"timestamp":13162505.182008,"wallClock":1760212138984,"enabled":true,"durationMs":360,"source":"console.replay","correlationId":"console-replay:mgmouyud4lyad6uk","timelineOffsetMs":21.410090999677777}
10-11 15:48:59.039  2422  2607 I ReactNativeJS: [outputs] outputs.flashPulse.commit {"timestamp":13162560.507789,"wallClock":1760212139039,"durationMs":360,"source":"console.replay","correlationId":"console-replay:mgmouyud4lyad6uk","latencyMs":57.54317699931562,"timelineOffsetMs":21.410090999677777,"leadMs":8,"scheduleSkewMs":65.54317699931562}
10-11 15:48:59.321  2422  9866 D OutputsAudio: [outputs-audio] stop gain=1.000 release=6.00
10-11 15:48:59.441  2422  9866 D OutputsAudio: [outputs-audio] start hz=700.0 gain=1.000 attack=2.50 release=6.00
10-11 15:48:59.442  2422  2607 D OutputsAudio: [outputs-audio] symbol.info sequence=18 symbol=- timestamp=13162962.861 duration=360.000
10-11 15:48:59.443  2422  2607 I ReactNativeJS: [outputs] playMorse.symbol {"timestamp":13162964.230914,"wallClock":1760212139443,"symbol":"-","durationMs":360,"index":17,"source":"console.replay","correlationId":"console-replay:mgmouz779ypxoixh","nativeTimestampMs":13162962.861,"nativeDurationMs":360,"nativeOffsetMs":1.3011640012264252,"nativeSequence":18,"monotonicTimestampMs":13162962.861}
10-11 15:48:59.444  2422  2607 I ReactNativeJS: [outputs] outputs.hapticSymbol {"timestamp":13162964.911799,"wallClock":1760212139443,"enabled":true,"symbol":"-","durationMs":360,"platform":"android","source":"console.replay","correlationId":"console-replay:mgmouz779ypxoixh","timelineOffsetMs":1.3011640012264252}
10-11 15:48:59.445  2422  2607 I ReactNativeJS: [outputs] outputs.flashPulse {"timestamp":13162966.032216,"wallClock":1760212139444,"enabled":true,"durationMs":360,"source":"console.replay","correlationId":"console-replay:mgmouz779ypxoixh","timelineOffsetMs":1.3011640012264252}
10-11 15:48:59.504  2422  2607 I ReactNativeJS: [outputs] outputs.flashPulse.commit {"timestamp":13163025.441018,"wallClock":1760212139504,"durationMs":360,"source":"console.replay","correlationId":"console-replay:mgmouz779ypxoixh","latencyMs":61.27260399982333,"timelineOffsetMs":1.3011640012264252,"leadMs":8,"scheduleSkewMs":69.27260399982333}
10-11 15:48:59.802  2422  9866 D OutputsAudio: [outputs-audio] stop gain=1.000 release=6.00
10-11 15:48:59.923  2422  9866 D OutputsAudio: [outputs-audio] start hz=700.0 gain=1.000 attack=2.50 release=6.00
10-11 15:48:59.940  2422  2607 D OutputsAudio: [outputs-audio] symbol.info sequence=19 symbol=. timestamp=13163444.514 duration=120.000
10-11 15:48:59.943  2422  2607 I ReactNativeJS: [outputs] playMorse.symbol {"timestamp":13163461.909456,"wallClock":1760212139940,"symbol":".","durationMs":120,"index":18,"source":"console.replay","correlationId":"console-replay:mgmouzl06l8zdejt","nativeTimestampMs":13163444.514,"nativeDurationMs":120,"nativeOffsetMs":17.268841000273824,"nativeSequence":19,"monotonicTimestampMs":13163444.514}
10-11 15:48:59.944  2422  2607 I ReactNativeJS: [outputs] outputs.hapticSymbol {"timestamp":13163464.965549,"wallClock":1760212139943,"enabled":true,"symbol":".","durationMs":120,"platform":"android","source":"console.replay","correlationId":"console-replay:mgmouzl06l8zdejt","timelineOffsetMs":17.268841000273824}
10-11 15:48:59.945  2422  2607 I ReactNativeJS: [outputs] outputs.flashPulse {"timestamp":13163466.344716,"wallClock":1760212139945,"enabled":true,"durationMs":120,"source":"console.replay","correlationId":"console-replay:mgmouzl06l8zdejt","timelineOffsetMs":17.268841000273824}
10-11 15:49:00.007  2422  2607 I ReactNativeJS: [outputs] outputs.flashPulse.commit {"timestamp":13163528.656331,"wallClock":1760212140007,"durationMs":120,"source":"console.replay","correlationId":"console-replay:mgmouzl06l8zdejt","latencyMs":66.86765599995852,"timelineOffsetMs":17.268841000273824,"leadMs":8,"scheduleSkewMs":74.86765599995852}
10-11 15:49:00.043  2422  9866 D OutputsAudio: [outputs-audio] stop gain=1.000 release=6.00
10-11 15:49:00.164  2422  9866 D OutputsAudio: [outputs-audio] start hz=700.0 gain=1.000 attack=2.50 release=6.00
10-11 15:49:00.191  2422  2607 D OutputsAudio: [outputs-audio] symbol.info sequence=20 symbol=. timestamp=13163685.381 duration=120.000
10-11 15:49:00.195  2422  2607 I ReactNativeJS: [outputs] playMorse.symbol {"timestamp":13163713.256955,"wallClock":1760212140192,"symbol":".","durationMs":120,"index":19,"source":"console.replay","correlationId":"console-replay:mgmouzs0jzasa5rv","nativeTimestampMs":13163685.381,"nativeDurationMs":120,"nativeOffsetMs":27.71220500022173,"nativeSequence":20,"monotonicTimestampMs":13163685.381}
10-11 15:49:00.197  2422  2607 I ReactNativeJS: [outputs] outputs.hapticSymbol {"timestamp":13163716.86133,"wallClock":1760212140195,"enabled":true,"symbol":".","durationMs":120,"platform":"android","source":"console.replay","correlationId":"console-replay:mgmouzs0jzasa5rv","timelineOffsetMs":27.71220500022173}
10-11 15:49:00.200  2422  2607 I ReactNativeJS: [outputs] outputs.flashPulse {"timestamp":13163721.123205,"wallClock":1760212140199,"enabled":true,"durationMs":120,"source":"console.replay","correlationId":"console-replay:mgmouzs0jzasa5rv","timelineOffsetMs":27.71220500022173}
10-11 15:49:00.257  2422  2607 I ReactNativeJS: [outputs] outputs.flashPulse.commit {"timestamp":13163778.032997,"wallClock":1760212140256,"durationMs":120,"source":"console.replay","correlationId":"console-replay:mgmouzs0jzasa5rv","latencyMs":64.93427100032568,"timelineOffsetMs":27.71220500022173,"leadMs":8,"scheduleSkewMs":72.93427100032568}
10-11 15:49:00.284  2422  9866 D OutputsAudio: [outputs-audio] stop gain=1.000 release=6.00
10-11 15:49:00.405  2422  9866 D OutputsAudio: [outputs-audio] start hz=700.0 gain=1.000 attack=2.50 release=6.00
10-11 15:49:00.413  2422  2607 D OutputsAudio: [outputs-audio] symbol.info sequence=21 symbol=. timestamp=13163926.754 duration=120.000
10-11 15:49:00.414  2422  2607 I ReactNativeJS: [outputs] playMorse.symbol {"timestamp":13163934.732268,"wallClock":1760212140413,"symbol":".","durationMs":120,"index":20,"source":"console.replay","correlationId":"console-replay:mgmouzy5t299fjtl","nativeTimestampMs":13163926.754,"nativeDurationMs":120,"nativeOffsetMs":7.868371998891234,"nativeSequence":21,"monotonicTimestampMs":13163926.754}
10-11 15:49:00.415  2422  2607 I ReactNativeJS: [outputs] outputs.hapticSymbol {"timestamp":13163935.824768,"wallClock":1760212140414,"enabled":true,"symbol":".","durationMs":120,"platform":"android","source":"console.replay","correlationId":"console-replay:mgmouzy5t299fjtl","timelineOffsetMs":7.868371998891234}
10-11 15:49:00.417  2422  2607 I ReactNativeJS: [outputs] outputs.flashPulse {"timestamp":13163938.271643,"wallClock":1760212140417,"enabled":true,"durationMs":120,"source":"console.replay","correlationId":"console-replay:mgmouzy5t299fjtl","timelineOffsetMs":7.868371998891234}
10-11 15:49:00.485  2422  2607 I ReactNativeJS: [outputs] outputs.flashPulse.commit {"timestamp":13164006.345497,"wallClock":1760212140485,"durationMs":120,"source":"console.replay","correlationId":"console-replay:mgmouzy5t299fjtl","latencyMs":71.7166150007397,"timelineOffsetMs":7.868371998891234,"leadMs":8,"scheduleSkewMs":79.7166150007397}
10-11 15:49:00.525  2422  9866 D OutputsAudio: [outputs-audio] stop gain=1.000 release=6.00
10-11 15:49:00.647  2422  9866 D OutputsAudio: [outputs-audio] start hz=700.0 gain=1.000 attack=2.50 release=6.00
10-11 15:49:00.663  2422  2607 D OutputsAudio: [outputs-audio] symbol.info sequence=22 symbol=- timestamp=13164168.712 duration=360.000
10-11 15:49:00.664  2422  2607 I ReactNativeJS: [outputs] playMorse.symbol {"timestamp":13164184.796487,"wallClock":1760212140663,"symbol":"-","durationMs":360,"index":21,"source":"console.replay","correlationId":"console-replay:mgmov0535ya55s2h","nativeTimestampMs":13164168.712,"nativeDurationMs":360,"nativeOffsetMs":16.011362001299858,"nativeSequence":22,"monotonicTimestampMs":13164168.712}
10-11 15:49:00.664  2422  2607 I ReactNativeJS: [outputs] outputs.hapticSymbol {"timestamp":13164185.475289,"wallClock":1760212140664,"enabled":true,"symbol":"-","durationMs":360,"platform":"android","source":"console.replay","correlationId":"console-replay:mgmov0535ya55s2h","timelineOffsetMs":16.011362001299858}
10-11 15:49:00.665  2422  2607 I ReactNativeJS: [outputs] outputs.flashPulse {"timestamp":13164186.227528,"wallClock":1760212140665,"enabled":true,"durationMs":360,"source":"console.replay","correlationId":"console-replay:mgmov0535ya55s2h","timelineOffsetMs":16.011362001299858}
10-11 15:49:00.722  2422  2607 I ReactNativeJS: [outputs] outputs.flashPulse.commit {"timestamp":13164243.333361,"wallClock":1760212140722,"durationMs":360,"source":"console.replay","correlationId":"console-replay:mgmov0535ya55s2h","latencyMs":58.60432199947536,"timelineOffsetMs":16.011362001299858,"leadMs":8,"scheduleSkewMs":66.60432199947536}
10-11 15:49:01.007  2422  9866 D OutputsAudio: [outputs-audio] stop gain=1.000 release=6.00
10-11 15:49:01.128  2422  9866 D OutputsAudio: [outputs-audio] start hz=700.0 gain=1.000 attack=2.50 release=6.00
10-11 15:49:01.150  2422  2607 D OutputsAudio: [outputs-audio] symbol.info sequence=23 symbol=- timestamp=13164649.777 duration=360.000
10-11 15:49:01.151  2422  2607 I ReactNativeJS: [outputs] playMorse.symbol {"timestamp":13164672.238466,"wallClock":1760212141151,"symbol":"-","durationMs":360,"index":22,"source":"console.replay","correlationId":"console-replay:mgmov0ink9z2dd0v","nativeTimestampMs":13164649.777,"nativeDurationMs":360,"nativeOffsetMs":22.376412998884916,"nativeSequence":23,"monotonicTimestampMs":13164649.777}
10-11 15:49:01.152  2422  2607 I ReactNativeJS: [outputs] outputs.hapticSymbol {"timestamp":13164672.991382,"wallClock":1760212141151,"enabled":true,"symbol":"-","durationMs":360,"platform":"android","source":"console.replay","correlationId":"console-replay:mgmov0ink9z2dd0v","timelineOffsetMs":22.376412998884916}
10-11 15:49:01.153  2422  2607 I ReactNativeJS: [outputs] outputs.flashPulse {"timestamp":13164673.999924,"wallClock":1760212141152,"enabled":true,"durationMs":360,"source":"console.replay","correlationId":"console-replay:mgmov0ink9z2dd0v","timelineOffsetMs":22.376412998884916}
10-11 15:49:01.212  2422  2607 I ReactNativeJS: [outputs] outputs.flashPulse.commit {"timestamp":13164733.261538,"wallClock":1760212141212,"durationMs":360,"source":"console.replay","correlationId":"console-replay:mgmov0ink9z2dd0v","latencyMs":61.101615000516176,"timelineOffsetMs":22.376412998884916,"leadMs":8,"scheduleSkewMs":69.10161500051618}
10-11 15:49:01.489  2422  9866 D OutputsAudio: [outputs-audio] stop gain=1.000 release=6.00
10-11 15:49:01.610  2422  9866 D OutputsAudio: [outputs-audio] start hz=700.0 gain=1.000 attack=2.50 release=6.00
10-11 15:49:01.632  2422  2607 D OutputsAudio: [outputs-audio] symbol.info sequence=24 symbol=- timestamp=13165131.592 duration=360.000
10-11 15:49:01.633  2422  2607 I ReactNativeJS: [outputs] playMorse.symbol {"timestamp":13165153.70284,"wallClock":1760212141632,"symbol":"-","durationMs":360,"index":23,"source":"console.replay","correlationId":"console-replay:mgmov0w0ph0owbsq","nativeTimestampMs":13165131.592,"nativeDurationMs":360,"nativeOffsetMs":22.02182999998331,"nativeSequence":24,"monotonicTimestampMs":13165131.592}
10-11 15:49:01.634  2422  2607 I ReactNativeJS: [outputs] outputs.hapticSymbol {"timestamp":13165154.561486,"wallClock":1760212141633,"enabled":true,"symbol":"-","durationMs":360,"platform":"android","source":"console.replay","correlationId":"console-replay:mgmov0w0ph0owbsq","timelineOffsetMs":22.02182999998331}
10-11 15:49:01.637  2422  2607 I ReactNativeJS: [outputs] outputs.flashPulse {"timestamp":13165157.654507,"wallClock":1760212141636,"enabled":true,"durationMs":360,"source":"console.replay","correlationId":"console-replay:mgmov0w0ph0owbsq","timelineOffsetMs":22.02182999998331}
10-11 15:49:01.718  2422  2607 I ReactNativeJS: [outputs] outputs.flashPulse.commit {"timestamp":13165239.285184,"wallClock":1760212141718,"durationMs":360,"source":"console.replay","correlationId":"console-replay:mgmov0w0ph0owbsq","latencyMs":85.66552099958062,"timelineOffsetMs":22.02182999998331,"leadMs":8,"scheduleSkewMs":93.66552099958062}
10-11 15:49:01.971  2422  9866 D OutputsAudio: [outputs-audio] stop gain=1.000 release=6.00
10-11 15:49:02.092  2422  9866 D OutputsAudio: [outputs-audio] start hz=700.0 gain=1.000 attack=2.50 release=6.00
10-11 15:49:02.146  2422  2607 D OutputsAudio: [outputs-audio] symbol.info sequence=25 symbol=. timestamp=13165613.699 duration=120.000
10-11 15:49:02.148  2422  2607 I ReactNativeJS: [outputs] playMorse.symbol {"timestamp":13165667.872892,"wallClock":1760212142146,"symbol":".","durationMs":120,"index":24,"source":"console.replay","correlationId":"console-replay:mgmov1aami2or9ei","nativeTimestampMs":13165613.699,"nativeDurationMs":120,"nativeOffsetMs":54.03956900164485,"nativeSequence":25,"monotonicTimestampMs":13165613.699}
10-11 15:49:02.148  2422  2607 I ReactNativeJS: [outputs] outputs.hapticSymbol {"timestamp":13165669.315132,"wallClock":1760212142148,"enabled":true,"symbol":".","durationMs":120,"platform":"android","source":"console.replay","correlationId":"console-replay:mgmov1aami2or9ei","timelineOffsetMs":54.03956900164485}
10-11 15:49:02.150  2422  2607 I ReactNativeJS: [outputs] outputs.flashPulse {"timestamp":13165671.403517,"wallClock":1760212142150,"enabled":true,"durationMs":120,"source":"console.replay","correlationId":"console-replay:mgmov1aami2or9ei","timelineOffsetMs":54.03956900164485}
10-11 15:49:02.213  2422  9866 D OutputsAudio: [outputs-audio] stop gain=1.000 release=6.00
10-11 15:49:02.215  2422  2607 I ReactNativeJS: [outputs] outputs.flashPulse.commit {"timestamp":13165736.424142,"wallClock":1760212142215,"durationMs":120,"source":"console.replay","correlationId":"console-replay:mgmov1aami2or9ei","latencyMs":68.67984399944544,"timelineOffsetMs":54.03956900164485,"leadMs":8,"scheduleSkewMs":76.67984399944544}
10-11 15:49:02.335  2422  9866 D OutputsAudio: [outputs-audio] start hz=700.0 gain=1.000 attack=2.50 release=6.00
10-11 15:49:02.359  2422  2607 D OutputsAudio: [outputs-audio] symbol.info sequence=26 symbol=. timestamp=13165856.751 duration=120.000
10-11 15:49:02.359  2422  2607 I ReactNativeJS: [outputs] playMorse.symbol {"timestamp":13165880.396903,"wallClock":1760212142359,"symbol":".","durationMs":120,"index":25,"source":"console.replay","correlationId":"console-replay:mgmov1g7kd7tm954","nativeTimestampMs":13165856.751,"nativeDurationMs":120,"nativeOffsetMs":23.59512099996209,"nativeSequence":26,"monotonicTimestampMs":13165856.751}
10-11 15:49:02.360  2422  2607 I ReactNativeJS: [outputs] outputs.hapticSymbol {"timestamp":13165880.890028,"wallClock":1760212142359,"enabled":true,"symbol":".","durationMs":120,"platform":"android","source":"console.replay","correlationId":"console-replay:mgmov1g7kd7tm954","timelineOffsetMs":23.59512099996209}
10-11 15:49:02.360  2422  2607 I ReactNativeJS: [outputs] outputs.flashPulse {"timestamp":13165881.615861,"wallClock":1760212142360,"enabled":true,"durationMs":120,"source":"console.replay","correlationId":"console-replay:mgmov1g7kd7tm954","timelineOffsetMs":23.59512099996209}
10-11 15:49:02.410  2422  2607 I ReactNativeJS: [outputs] outputs.flashPulse.commit {"timestamp":13165930.88185,"wallClock":1760212142409,"durationMs":120,"source":"console.replay","correlationId":"console-replay:mgmov1g7kd7tm954","latencyMs":50.52974000014365,"timelineOffsetMs":23.59512099996209,"leadMs":8,"scheduleSkewMs":58.52974000014365}
10-11 15:49:02.456  2422  9866 D OutputsAudio: [outputs-audio] stop gain=1.000 release=6.00
10-11 15:49:02.576  2422  9866 D OutputsAudio: [outputs-audio] start hz=700.0 gain=1.000 attack=2.50 release=6.00
10-11 15:49:02.591  2422  2607 D OutputsAudio: [outputs-audio] symbol.info sequence=27 symbol=. timestamp=13166097.946 duration=120.000
10-11 15:49:02.593  2422  2607 I ReactNativeJS: [outputs] playMorse.symbol {"timestamp":13166113.279663,"wallClock":1760212142592,"symbol":".","durationMs":120,"index":26,"source":"console.replay","correlationId":"console-replay:mgmov1mo6rv3q14s","nativeTimestampMs":13166097.946,"nativeDurationMs":120,"nativeOffsetMs":15.231735998764634,"nativeSequence":27,"monotonicTimestampMs":13166097.946}
10-11 15:49:02.595  2422  2607 I ReactNativeJS: [outputs] outputs.hapticSymbol {"timestamp":13166114.799715,"wallClock":1760212142593,"enabled":true,"symbol":".","durationMs":120,"platform":"android","source":"console.replay","correlationId":"console-replay:mgmov1mo6rv3q14s","timelineOffsetMs":15.231735998764634}
10-11 15:49:02.596  2422  2607 I ReactNativeJS: [outputs] outputs.flashPulse {"timestamp":13166117.421277,"wallClock":1760212142596,"enabled":true,"durationMs":120,"source":"console.replay","correlationId":"console-replay:mgmov1mo6rv3q14s","timelineOffsetMs":15.231735998764634}
10-11 15:49:02.652  2422  2607 I ReactNativeJS: [outputs] outputs.flashPulse.commit {"timestamp":13166173.30383,"wallClock":1760212142652,"durationMs":120,"source":"console.replay","correlationId":"console-replay:mgmov1mo6rv3q14s","latencyMs":60.12041600048542,"timelineOffsetMs":15.231735998764634,"leadMs":8,"scheduleSkewMs":68.12041600048542}
10-11 15:49:02.697  2422  9866 D OutputsAudio: [outputs-audio] stop gain=1.000 release=6.00
10-11 15:49:02.703  2422  2607 I ReactNativeJS: [outputs] playMorse.complete {"timestamp":13166223.99784,"wallClock":1760212142702,"durationMs":9663.579319000244,"source":"console.replay","audioEnabled":true,"audioVolumePercent":100}
10-11 15:49:02.818  2422  9866 D OutputsAudio: [outputs-audio] stop gain=0.000 release=6.00
10-11 15:49:02.818  2422  9866 D OutputsAudio: [outputs-audio] playMorse.end cancelled=0
10-11 15:49:04.956  2422  2607 I ReactNativeJS: [outputs] playMorse.start {"timestamp":13168476.815599,"wallClock":1760212144955,"unitMs":80,"length":28,"source":"console.replay","audioEnabled":true,"audioVolumePercent":100}
10-11 15:49:05.212  2422  2607 D OutputsAudio: [outputs-audio] warmup hz=700.0
10-11 15:49:05.212  2422  9906 D OutputsAudio: [outputs-audio] playMorse.start count=27 unit=80.0
10-11 15:49:05.212  2422  9906 D OutputsAudio: [outputs-audio] start hz=700.0 gain=1.000 attack=2.50 release=6.00
10-11 15:49:05.226  2422  2607 D OutputsAudio: [outputs-audio] symbol.info sequence=1 symbol=. timestamp=13168733.866 duration=80.000
10-11 15:49:05.227  2422  2607 I ReactNativeJS: [outputs] playMorse.symbol {"timestamp":13168747.622214,"wallClock":1760212145226,"symbol":".","durationMs":80,"index":0,"source":"console.replay","correlationId":"console-replay:mgmov3nuvf3vdvpg","nativeTimestampMs":13168733.866,"nativeDurationMs":80,"nativeOffsetMs":13.668817998841405,"nativeSequence":1,"monotonicTimestampMs":13168733.866}
10-11 15:49:05.227  2422  2607 I ReactNativeJS: [outputs] outputs.hapticSymbol {"timestamp":13168748.676745,"wallClock":1760212145227,"enabled":true,"symbol":".","durationMs":80,"platform":"android","source":"console.replay","correlationId":"console-replay:mgmov3nuvf3vdvpg","timelineOffsetMs":13.668817998841405}
10-11 15:49:05.229  2422  2607 I ReactNativeJS: [outputs] outputs.flashPulse {"timestamp":13168749.889818,"wallClock":1760212145228,"enabled":true,"durationMs":80,"source":"console.replay","correlationId":"console-replay:mgmov3nuvf3vdvpg","timelineOffsetMs":13.668817998841405}
10-11 15:49:05.293  2422  9906 D OutputsAudio: [outputs-audio] stop gain=1.000 release=6.00
10-11 15:49:05.293  2422  2607 I ReactNativeJS: [outputs] outputs.flashPulse.commit {"timestamp":13168814.500547,"wallClock":1760212145293,"durationMs":80,"source":"console.replay","correlationId":"console-replay:mgmov3nuvf3vdvpg","latencyMs":66.96041700057685,"timelineOffsetMs":13.668817998841405,"leadMs":8,"scheduleSkewMs":74.96041700057685}
10-11 15:49:05.374  2422  9906 D OutputsAudio: [outputs-audio] start hz=700.0 gain=1.000 attack=2.50 release=6.00
10-11 15:49:05.387  2422  2607 D OutputsAudio: [outputs-audio] symbol.info sequence=2 symbol=. timestamp=13168896.264 duration=80.000
10-11 15:49:05.388  2422  2607 I ReactNativeJS: [outputs] playMorse.symbol {"timestamp":13168909.067422,"wallClock":1760212145387,"symbol":".","durationMs":80,"index":1,"source":"console.replay","correlationId":"console-replay:mgmov3sb99l0whok","nativeTimestampMs":13168896.264,"nativeDurationMs":80,"nativeOffsetMs":12.72639099881053,"nativeSequence":2,"monotonicTimestampMs":13168896.264}
10-11 15:49:05.389  2422  2607 I ReactNativeJS: [outputs] outputs.hapticSymbol {"timestamp":13168909.809245,"wallClock":1760212145388,"enabled":true,"symbol":".","durationMs":80,"platform":"android","source":"console.replay","correlationId":"console-replay:mgmov3sb99l0whok","timelineOffsetMs":12.72639099881053}
10-11 15:49:05.390  2422  2607 I ReactNativeJS: [outputs] outputs.flashPulse {"timestamp":13168910.968724,"wallClock":1760212145389,"enabled":true,"durationMs":80,"source":"console.replay","correlationId":"console-replay:mgmov3sb99l0whok","timelineOffsetMs":12.72639099881053}
10-11 15:49:05.451  2422  2607 I ReactNativeJS: [outputs] outputs.flashPulse.commit {"timestamp":13168972.308464,"wallClock":1760212145451,"durationMs":80,"source":"console.replay","correlationId":"console-replay:mgmov3sb99l0whok","latencyMs":63.31291700154543,"timelineOffsetMs":12.72639099881053,"leadMs":8,"scheduleSkewMs":71.31291700154543}
10-11 15:49:05.456  2422  9906 D OutputsAudio: [outputs-audio] stop gain=1.000 release=6.00
10-11 15:49:05.537  2422  9906 D OutputsAudio: [outputs-audio] start hz=700.0 gain=1.000 attack=2.50 release=6.00
