10-11 17:00:54.837 19110 25284 D OutputsAudio: [outputs-audio] start hz=700.0 gain=1.000 attack=2.50 release=6.00
10-11 17:00:54.870 19110 19189 D OutputsAudio: [outputs-audio] symbol.info sequence=26 symbol=. timestamp=17478358.566 duration=34.000
10-11 17:00:54.871 19110 19189 I ReactNativeJS: [outputs] playMorse.symbol {"timestamp":17478391.982028,"wallClock":1760216454870,"symbol":"-","durationMs":102,"index":22,"source":"console.replay","correlationId":"console-replay:mgmrfh06zjl6li9v","nativeTimestampMs":17478358.566,"nativeDurationMs":34,"nativeOffsetMs":33.36446600034833,"nativeSequence":26,"monotonicTimestampMs":17478358.566,"nativeExpectedTimestampMs":null,"nativeStartSkewMs":null,"nativeBatchElapsedMs":null,"nativeExpectedSincePriorMs":null,"nativeSincePriorMs":null,"nativePatternStartMs":null,"nativeAgeMs":null}
10-11 17:00:54.871 19110 19189 I ReactNativeJS: [outputs] outputs.hapticSymbol {"timestamp":17478392.549789,"wallClock":1760216454871,"enabled":true,"symbol":"-","durationMs":102,"platform":"android","source":"console.replay","correlationId":"console-replay:mgmrfh06zjl6li9v","timelineOffsetMs":33.36446600034833}
10-11 17:00:54.872 19110 19189 I ReactNativeJS: [outputs] outputs.flashPulse {"timestamp":17478393.279424,"wallClock":1760216454872,"enabled":true,"durationMs":102,"source":"console.replay","correlationId":"console-replay:mgmrfh06zjl6li9v","timelineOffsetMs":33.36446600034833}
10-11 17:00:54.872 19110 25284 D OutputsAudio: [outputs-audio] stop gain=1.000 release=6.00
10-11 17:00:54.907 19110 25284 D OutputsAudio: [outputs-audio] start hz=700.0 gain=1.000 attack=2.50 release=6.00
10-11 17:00:54.925 19110 19189 I ReactNativeJS: [outputs] outputs.flashPulse.commit {"timestamp":17478446.530622,"wallClock":1760216454925,"durationMs":102,"source":"console.replay","correlationId":"console-replay:mgmrfh06zjl6li9v","latencyMs":54.59562499821186,"timelineOffsetMs":33.36446600034833,"leadMs":8,"scheduleSkewMs":62.59562499821186}
10-11 17:00:54.942 19110 25284 D OutputsAudio: [outputs-audio] stop gain=1.000 release=6.00
10-11 17:00:54.968 19110 19189 D OutputsAudio: [outputs-audio] symbol.info sequence=27 symbol=. timestamp=17478428.890 duration=34.000
10-11 17:00:54.968 19110 19189 I ReactNativeJS: [outputs] playMorse.symbol {"timestamp":17478489.612705,"wallClock":1760216454968,"symbol":"-","durationMs":102,"index":23,"source":"console.replay","correlationId":"console-replay:mgmrfh2w9finlin7","nativeTimestampMs":17478428.89,"nativeDurationMs":34,"nativeOffsetMs":60.67223699763417,"nativeSequence":27,"monotonicTimestampMs":17478428.89,"nativeExpectedTimestampMs":null,"nativeStartSkewMs":null,"nativeBatchElapsedMs":null,"nativeExpectedSincePriorMs":null,"nativeSincePriorMs":null,"nativePatternStartMs":null,"nativeAgeMs":null}
10-11 17:00:54.969 19110 19189 I ReactNativeJS: [outputs] outputs.hapticSymbol {"timestamp":17478490.089216,"wallClock":1760216454968,"enabled":true,"symbol":"-","durationMs":102,"platform":"android","source":"console.replay","correlationId":"console-replay:mgmrfh2w9finlin7","timelineOffsetMs":60.67223699763417}
10-11 17:00:54.969 19110 19189 I ReactNativeJS: [outputs] outputs.flashPulse {"timestamp":17478490.822601,"wallClock":1760216454969,"enabled":true,"durationMs":102,"source":"console.replay","correlationId":"console-replay:mgmrfh2w9finlin7","timelineOffsetMs":60.67223699763417}
10-11 17:00:54.976 19110 25284 D OutputsAudio: [outputs-audio] stop gain=0.000 release=6.00
10-11 17:00:54.976 19110 25284 D OutputsAudio: [outputs-audio] playMorse.end cancelled=0
10-11 17:00:55.019 19110 19189 I ReactNativeJS: [outputs] outputs.flashPulse.commit {"timestamp":17478540.351507,"wallClock":1760216455019,"durationMs":102,"source":"console.replay","correlationId":"console-replay:mgmrfh2w9finlin7","latencyMs":50.78380200266838,"timelineOffsetMs":60.67223699763417,"leadMs":8,"scheduleSkewMs":58.78380200266838}
10-11 17:00:55.216 19110 19189 I ReactNativeJS: [outputs] playMorse.symbol {"timestamp":17478736.78333,"wallClock":1760216455215,"symbol":".","durationMs":34,"index":24,"source":"console.replay","correlationId":"console-replay:mgmrfh9r0dxfo34u","nativeTimestampMs":null,"nativeDurationMs":null,"nativeOffsetMs":null,"nativeSequence":null,"monotonicTimestampMs":null,"nativeExpectedTimestampMs":null,"nativeStartSkewMs":null,"nativeBatchElapsedMs":null,"nativeExpectedSincePriorMs":null,"nativeSincePriorMs":null,"nativePatternStartMs":null,"nativeAgeMs":null}
10-11 17:00:55.217 19110 19189 I ReactNativeJS: [outputs] outputs.hapticSymbol {"timestamp":17478737.812809,"wallClock":1760216455216,"enabled":true,"symbol":".","durationMs":34,"platform":"android","source":"console.replay","correlationId":"console-replay:mgmrfh9r0dxfo34u","timelineOffsetMs":null}
10-11 17:00:55.218 19110 19189 I ReactNativeJS: [outputs] outputs.flashPulse {"timestamp":17478739.400049,"wallClock":1760216455218,"enabled":true,"durationMs":34,"source":"console.replay","correlationId":"console-replay:mgmrfh9r0dxfo34u","timelineOffsetMs":null}
10-11 17:00:55.274 19110 19189 I ReactNativeJS: [outputs] outputs.flashPulse.commit {"timestamp":17478795.634216,"wallClock":1760216455274,"durationMs":34,"source":"console.replay","correlationId":"console-replay:mgmrfh9r0dxfo34u","latencyMs":58.860259998589754,"timelineOffsetMs":null,"leadMs":8,"scheduleSkewMs":66.86025999858975}
10-11 17:00:55.526 19110 19189 I ReactNativeJS: [outputs] playMorse.symbol {"timestamp":17479043.78057,"wallClock":1760216455522,"symbol":".","durationMs":34,"index":25,"source":"console.replay","correlationId":"console-replay:mgmrfhiaiipzqg16","nativeTimestampMs":null,"nativeDurationMs":null,"nativeOffsetMs":null,"nativeSequence":null,"monotonicTimestampMs":null,"nativeExpectedTimestampMs":null,"nativeStartSkewMs":null,"nativeBatchElapsedMs":null,"nativeExpectedSincePriorMs":null,"nativeSincePriorMs":null,"nativePatternStartMs":null,"nativeAgeMs":null}
10-11 17:00:55.527 19110 19189 I ReactNativeJS: [outputs] outputs.hapticSymbol {"timestamp":17479047.663643,"wallClock":1760216455526,"enabled":true,"symbol":".","durationMs":34,"platform":"android","source":"console.replay","correlationId":"console-replay:mgmrfhiaiipzqg16","timelineOffsetMs":null}
10-11 17:00:55.532 19110 19189 I ReactNativeJS: [outputs] outputs.flashPulse {"timestamp":17479052.745466,"wallClock":1760216455531,"enabled":true,"durationMs":34,"source":"console.replay","correlationId":"console-replay:mgmrfhiaiipzqg16","timelineOffsetMs":null}
10-11 17:00:55.602 19110 19189 I ReactNativeJS: [outputs] outputs.flashPulse.commit {"timestamp":17479122.962757,"wallClock":1760216455601,"durationMs":34,"source":"console.replay","correlationId":"console-replay:mgmrfhiaiipzqg16","latencyMs":79.19843699783087,"timelineOffsetMs":null,"leadMs":8,"scheduleSkewMs":87.19843699783087}
10-11 17:00:55.866 19110 19189 I ReactNativeJS: [outputs] playMorse.symbol {"timestamp":17479386.568799,"wallClock":1760216455865,"symbol":".","durationMs":34,"index":26,"source":"console.replay","correlationId":"console-replay:mgmrfhrtn4hzt1d7","nativeTimestampMs":null,"nativeDurationMs":null,"nativeOffsetMs":null,"nativeSequence":null,"monotonicTimestampMs":null,"nativeExpectedTimestampMs":null,"nativeStartSkewMs":null,"nativeBatchElapsedMs":null,"nativeExpectedSincePriorMs":null,"nativeSincePriorMs":null,"nativePatternStartMs":null,"nativeAgeMs":null}
10-11 17:00:55.868 19110 19189 I ReactNativeJS: [outputs] outputs.hapticSymbol {"timestamp":17479388.233695,"wallClock":1760216455867,"enabled":true,"symbol":".","durationMs":34,"platform":"android","source":"console.replay","correlationId":"console-replay:mgmrfhrtn4hzt1d7","timelineOffsetMs":null}
10-11 17:00:55.869 19110 19189 I ReactNativeJS: [outputs] outputs.flashPulse {"timestamp":17479390.30057,"wallClock":1760216455869,"enabled":true,"durationMs":34,"source":"console.replay","correlationId":"console-replay:mgmrfhrtn4hzt1d7","timelineOffsetMs":null}
10-11 17:00:55.928 19110 19189 I ReactNativeJS: [outputs] outputs.flashPulse.commit {"timestamp":17479449.180205,"wallClock":1760216455928,"durationMs":34,"source":"console.replay","correlationId":"console-replay:mgmrfhrtn4hzt1d7","latencyMs":62.62942700088024,"timelineOffsetMs":null,"leadMs":8,"scheduleSkewMs":70.62942700088024}
10-11 17:00:55.971 19110 19189 I ReactNativeJS: [outputs] playMorse.complete {"timestamp":17479492.438695,"wallClock":1760216455971,"durationMs":3795.2982800006866,"source":"console.replay","audioEnabled":true,"audioVolumePercent":100}
10-11 17:00:59.020 19110 19189 I ReactNativeJS: [outputs] playMorse.start {"timestamp":17482541.314683,"wallClock":1760216459020,"unitMs":30,"length":28,"source":"console.replay","audioEnabled":true,"audioVolumePercent":100}
10-11 17:00:59.117 19110 19189 D OutputsAudio: [outputs-audio] warmup hz=700.0
10-11 17:00:59.117 19110 25321 D OutputsAudio: [outputs-audio] playMorse.start count=27 unit=30.0
10-11 17:00:59.117 19110 25321 D OutputsAudio: [outputs-audio] start hz=700.0 gain=1.000 attack=2.50 release=6.00
10-11 17:00:59.124 19110 19189 D OutputsAudio: [outputs-audio] symbol.info sequence=1 symbol=. timestamp=17482638.616 duration=30.000
10-11 17:00:59.125 19110 19189 I ReactNativeJS: [outputs] playMorse.symbol {"timestamp":17482645.564266,"wallClock":1760216459124,"symbol":".","durationMs":30,"index":0,"source":"console.replay","correlationId":"console-replay:mgmrfkac0m0cudn9","nativeTimestampMs":17482638.616,"nativeDurationMs":30,"nativeOffsetMs":6.868266001343727,"nativeSequence":1,"monotonicTimestampMs":17482638.616,"nativeExpectedTimestampMs":null,"nativeStartSkewMs":null,"nativeBatchElapsedMs":null,"nativeExpectedSincePriorMs":null,"nativeSincePriorMs":null,"nativePatternStartMs":null,"nativeAgeMs":null}
10-11 17:00:59.125 19110 19189 I ReactNativeJS: [outputs] outputs.hapticSymbol {"timestamp":17482646.344058,"wallClock":1760216459125,"enabled":true,"symbol":".","durationMs":30,"platform":"android","source":"console.replay","correlationId":"console-replay:mgmrfkac0m0cudn9","timelineOffsetMs":6.868266001343727}
10-11 17:00:59.126 19110 19189 I ReactNativeJS: [outputs] outputs.flashPulse {"timestamp":17482647.299891,"wallClock":1760216459126,"enabled":true,"durationMs":30,"source":"console.replay","correlationId":"console-replay:mgmrfkac0m0cudn9","timelineOffsetMs":6.868266001343727}
10-11 17:00:59.147 19110 25321 D OutputsAudio: [outputs-audio] stop gain=1.000 release=6.00
10-11 17:00:59.178 19110 25321 D OutputsAudio: [outputs-audio] start hz=700.0 gain=1.000 attack=2.50 release=6.00
10-11 17:00:59.184 19110 19189 I ReactNativeJS: [outputs] outputs.flashPulse.commit {"timestamp":17482704.793745,"wallClock":1760216459183,"durationMs":30,"source":"console.replay","correlationId":"console-replay:mgmrfkac0m0cudn9","latencyMs":59.303801998496056,"timelineOffsetMs":6.868266001343727,"leadMs":8,"scheduleSkewMs":67.30380199849606}
10-11 17:00:59.209 19110 25321 D OutputsAudio: [outputs-audio] stop gain=1.000 release=6.00
10-11 17:00:59.228 19110 19189 D OutputsAudio: [outputs-audio] symbol.info sequence=2 symbol=. timestamp=17482699.921 duration=30.000
10-11 17:00:59.229 19110 19189 I ReactNativeJS: [outputs] playMorse.symbol {"timestamp":17482749.840516,"wallClock":1760216459228,"symbol":".","durationMs":30,"index":1,"source":"console.replay","correlationId":"console-replay:mgmrfkd8pge5gjl7","nativeTimestampMs":17482699.921,"nativeDurationMs":30,"nativeOffsetMs":49.866287000477314,"nativeSequence":2,"monotonicTimestampMs":17482699.921,"nativeExpectedTimestampMs":null,"nativeStartSkewMs":null,"nativeBatchElapsedMs":null,"nativeExpectedSincePriorMs":null,"nativeSincePriorMs":null,"nativePatternStartMs":null,"nativeAgeMs":null}
10-11 17:00:59.229 19110 19189 I ReactNativeJS: [outputs] outputs.hapticSymbol {"timestamp":17482750.3701,"wallClock":1760216459229,"enabled":true,"symbol":".","durationMs":30,"platform":"android","source":"console.replay","correlationId":"console-replay:mgmrfkd8pge5gjl7","timelineOffsetMs":49.866287000477314}
10-11 17:00:59.230 19110 19189 I ReactNativeJS: [outputs] outputs.flashPulse {"timestamp":17482751.097756,"wallClock":1760216459229,"enabled":true,"durationMs":30,"source":"console.replay","correlationId":"console-replay:mgmrfkd8pge5gjl7","timelineOffsetMs":49.866287000477314}
10-11 17:00:59.239 19110 25321 D OutputsAudio: [outputs-audio] start hz=700.0 gain=1.000 attack=2.50 release=6.00
10-11 17:00:59.269 19110 25321 D OutputsAudio: [outputs-audio] stop gain=1.000 release=6.00
10-11 17:00:59.286 19110 19189 I ReactNativeJS: [outputs] outputs.flashPulse.commit {"timestamp":17482807.155256,"wallClock":1760216459286,"durationMs":30,"source":"console.replay","correlationId":"console-replay:mgmrfkd8pge5gjl7","latencyMs":57.36244799941778,"timelineOffsetMs":49.866287000477314,"leadMs":8,"scheduleSkewMs":65.36244799941778}
10-11 17:00:59.300 19110 25321 D OutputsAudio: [outputs-audio] start hz=700.0 gain=1.000 attack=2.50 release=6.00
10-11 17:00:59.330 19110 19189 D OutputsAudio: [outputs-audio] symbol.info sequence=4 symbol=- timestamp=17482821.445 duration=90.000
10-11 17:00:59.331 19110 19189 W ReactNativeJS: '[outputs-audio] native sequence jump', { previous: 2, next: 4, delta: 2 }
10-11 17:00:59.331 19110 19189 I ReactNativeJS: [outputs] playMorse.symbol {"timestamp":17482852.463016,"wallClock":1760216459331,"symbol":".","durationMs":30,"index":2,"source":"console.replay","correlationId":"console-replay:mgmrfkg3lt4eigiw","nativeTimestampMs":17482821.445,"nativeDurationMs":90,"nativeOffsetMs":30.976870000362396,"nativeSequence":4,"monotonicTimestampMs":17482821.445,"nativeExpectedTimestampMs":null,"nativeStartSkewMs":null,"nativeBatchElapsedMs":null,"nativeExpectedSincePriorMs":null,"nativeSincePriorMs":null,"nativePatternStartMs":null,"nativeAgeMs":null}
10-11 17:00:59.332 19110 19189 I ReactNativeJS: [outputs] outputs.hapticSymbol {"timestamp":17482852.87161,"wallClock":1760216459331,"enabled":true,"symbol":".","durationMs":30,"platform":"android","source":"console.replay","correlationId":"console-replay:mgmrfkg3lt4eigiw","timelineOffsetMs":30.976870000362396}
10-11 17:00:59.332 19110 19189 I ReactNativeJS: [outputs] outputs.flashPulse {"timestamp":17482853.652235,"wallClock":1760216459332,"enabled":true,"durationMs":30,"source":"console.replay","correlationId":"console-replay:mgmrfkg3lt4eigiw","timelineOffsetMs":30.976870000362396}
10-11 17:00:59.391 19110 19189 I ReactNativeJS: [outputs] outputs.flashPulse.commit {"timestamp":17482912.142808,"wallClock":1760216459391,"durationMs":30,"source":"console.replay","correlationId":"console-replay:mgmrfkg3lt4eigiw","latencyMs":59.71541699767113,"timelineOffsetMs":30.976870000362396,"leadMs":8,"scheduleSkewMs":67.71541699767113}
10-11 17:00:59.392 19110 25321 D OutputsAudio: [outputs-audio] stop gain=1.000 release=6.00
10-11 17:00:59.423 19110 25321 D OutputsAudio: [outputs-audio] start hz=700.0 gain=1.000 attack=2.50 release=6.00
10-11 17:00:59.440 19110 19189 D OutputsAudio: [outputs-audio] symbol.info sequence=5 symbol=- timestamp=17482945.034 duration=90.000
10-11 17:00:59.441 19110 19189 I ReactNativeJS: [outputs] playMorse.symbol {"timestamp":17482961.748277,"wallClock":1760216459440,"symbol":"-","durationMs":90,"index":3,"source":"console.replay","correlationId":"console-replay:mgmrfkj4kpmg19cl","nativeTimestampMs":17482945.034,"nativeDurationMs":90,"nativeOffsetMs":16.66203699633479,"nativeSequence":5,"monotonicTimestampMs":17482945.034,"nativeExpectedTimestampMs":null,"nativeStartSkewMs":null,"nativeBatchElapsedMs":null,"nativeExpectedSincePriorMs":null,"nativeSincePriorMs":null,"nativePatternStartMs":null,"nativeAgeMs":null}
10-11 17:00:59.441 19110 19189 I ReactNativeJS: [outputs] outputs.hapticSymbol {"timestamp":17482962.236766,"wallClock":1760216459441,"enabled":true,"symbol":"-","durationMs":90,"platform":"android","source":"console.replay","correlationId":"console-replay:mgmrfkj4kpmg19cl","timelineOffsetMs":16.66203699633479}
10-11 17:00:59.442 19110 19189 I ReactNativeJS: [outputs] outputs.flashPulse {"timestamp":17482962.988433,"wallClock":1760216459441,"enabled":true,"durationMs":90,"source":"console.replay","correlationId":"console-replay:mgmrfkj4kpmg19cl","timelineOffsetMs":16.66203699633479}
10-11 17:00:59.499 19110 19189 I ReactNativeJS: [outputs] outputs.flashPulse.commit {"timestamp":17483019.925672,"wallClock":1760216459498,"durationMs":90,"source":"console.replay","correlationId":"console-replay:mgmrfkj4kpmg19cl","latencyMs":58.224740002304316,"timelineOffsetMs":16.66203699633479,"leadMs":8,"scheduleSkewMs":66.22474000230432}
10-11 17:00:59.514 19110 25321 D OutputsAudio: [outputs-audio] stop gain=1.000 release=6.00
10-11 17:00:59.545 19110 25321 D OutputsAudio: [outputs-audio] start hz=700.0 gain=1.000 attack=2.50 release=6.00
10-11 17:00:59.548 19110 19189 D OutputsAudio: [outputs-audio] symbol.info sequence=6 symbol=- timestamp=17483067.017 duration=90.000
10-11 17:00:59.548 19110 19189 I ReactNativeJS: [outputs] playMorse.symbol {"timestamp":17483069.611922,"wallClock":1760216459548,"symbol":"-","durationMs":90,"index":4,"source":"console.replay","correlationId":"console-replay:mgmrfkm4xt6r69eg","nativeTimestampMs":17483067.017,"nativeDurationMs":90,"nativeOffsetMs":2.543046999722719,"nativeSequence":6,"monotonicTimestampMs":17483067.017,"nativeExpectedTimestampMs":null,"nativeStartSkewMs":null,"nativeBatchElapsedMs":null,"nativeExpectedSincePriorMs":null,"nativeSincePriorMs":null,"nativePatternStartMs":null,"nativeAgeMs":null}
10-11 17:00:59.549 19110 19189 I ReactNativeJS: [outputs] outputs.hapticSymbol {"timestamp":17483070.110308,"wallClock":1760216459548,"enabled":true,"symbol":"-","durationMs":90,"platform":"android","source":"console.replay","correlationId":"console-replay:mgmrfkm4xt6r69eg","timelineOffsetMs":2.543046999722719}
10-11 17:00:59.549 19110 19189 I ReactNativeJS: [outputs] outputs.flashPulse {"timestamp":17483070.803329,"wallClock":1760216459549,"enabled":true,"durationMs":90,"source":"console.replay","correlationId":"console-replay:mgmrfkm4xt6r69eg","timelineOffsetMs":2.543046999722719}
10-11 17:00:59.609 19110 19189 I ReactNativeJS: [outputs] outputs.flashPulse.commit {"timestamp":17483130.383172,"wallClock":1760216459609,"durationMs":90,"source":"console.replay","correlationId":"console-replay:mgmrfkm4xt6r69eg","latencyMs":60.816459000110626,"timelineOffsetMs":2.543046999722719,"leadMs":8,"scheduleSkewMs":68.81645900011063}
10-11 17:00:59.636 19110 25321 D OutputsAudio: [outputs-audio] stop gain=1.000 release=6.00
10-11 17:00:59.666 19110 25321 D OutputsAudio: [outputs-audio] start hz=700.0 gain=1.000 attack=2.50 release=6.00
10-11 17:00:59.693 19110 19189 D OutputsAudio: [outputs-audio] symbol.info sequence=7 symbol=. timestamp=17483188.076 duration=30.000
10-11 17:00:59.694 19110 19189 I ReactNativeJS: [outputs] playMorse.symbol {"timestamp":17483214.551454,"wallClock":1760216459693,"symbol":"-","durationMs":90,"index":5,"source":"console.replay","correlationId":"console-replay:mgmrfkq5thy2qhvv","nativeTimestampMs":17483188.076,"nativeDurationMs":30,"nativeOffsetMs":26.366234999150038,"nativeSequence":7,"monotonicTimestampMs":17483188.076,"nativeExpectedTimestampMs":null,"nativeStartSkewMs":null,"nativeBatchElapsedMs":null,"nativeExpectedSincePriorMs":null,"nativeSincePriorMs":null,"nativePatternStartMs":null,"nativeAgeMs":null}
10-11 17:00:59.694 19110 19189 I ReactNativeJS: [outputs] outputs.hapticSymbol {"timestamp":17483215.492391,"wallClock":1760216459694,"enabled":true,"symbol":"-","durationMs":90,"platform":"android","source":"console.replay","correlationId":"console-replay:mgmrfkq5thy2qhvv","timelineOffsetMs":26.366234999150038}
10-11 17:00:59.695 19110 19189 I ReactNativeJS: [outputs] outputs.flashPulse {"timestamp":17483216.720776,"wallClock":1760216459695,"enabled":true,"durationMs":90,"source":"console.replay","correlationId":"console-replay:mgmrfkq5thy2qhvv","timelineOffsetMs":26.366234999150038}
10-11 17:00:59.698 19110 25321 D OutputsAudio: [outputs-audio] stop gain=1.000 release=6.00
10-11 17:00:59.730 19110 25321 D OutputsAudio: [outputs-audio] start hz=700.0 gain=1.000 attack=2.50 release=6.00
10-11 17:00:59.757 19110 19189 I ReactNativeJS: [outputs] outputs.flashPulse.commit {"timestamp":17483277.752339,"wallClock":1760216459756,"durationMs":90,"source":"console.replay","correlationId":"console-replay:mgmrfkq5thy2qhvv","latencyMs":63.304219000041485,"timelineOffsetMs":26.366234999150038,"leadMs":8,"scheduleSkewMs":71.30421900004148}
10-11 17:00:59.761 19110 25321 D OutputsAudio: [outputs-audio] stop gain=1.000 release=6.00
10-11 17:00:59.791 19110 25321 D OutputsAudio: [outputs-audio] start hz=700.0 gain=1.000 attack=2.50 release=6.00
10-11 17:00:59.805 19110 19189 D OutputsAudio: [outputs-audio] symbol.info sequence=9 symbol=. timestamp=17483313.115 duration=30.000
10-11 17:00:59.806 19110 19189 W ReactNativeJS: '[outputs-audio] native sequence jump', { previous: 7, next: 9, delta: 2 }
10-11 17:00:59.806 19110 19189 I ReactNativeJS: [outputs] playMorse.symbol {"timestamp":17483327.524943,"wallClock":1760216459806,"symbol":".","durationMs":30,"index":6,"source":"console.replay","correlationId":"console-replay:mgmrfkta0akg16jl","nativeTimestampMs":17483313.115,"nativeDurationMs":30,"nativeOffsetMs":14.364266000688076,"nativeSequence":9,"monotonicTimestampMs":17483313.115,"nativeExpectedTimestampMs":null,"nativeStartSkewMs":null,"nativeBatchElapsedMs":null,"nativeExpectedSincePriorMs":null,"nativeSincePriorMs":null,"nativePatternStartMs":null,"nativeAgeMs":null}
10-11 17:00:59.807 19110 19189 I ReactNativeJS: [outputs] outputs.hapticSymbol {"timestamp":17483327.952287,"wallClock":1760216459806,"enabled":true,"symbol":".","durationMs":30,"platform":"android","source":"console.replay","correlationId":"console-replay:mgmrfkta0akg16jl","timelineOffsetMs":14.364266000688076}
10-11 17:00:59.807 19110 19189 I ReactNativeJS: [outputs] outputs.flashPulse {"timestamp":17483328.831506,"wallClock":1760216459807,"enabled":true,"durationMs":30,"source":"console.replay","correlationId":"console-replay:mgmrfkta0akg16jl","timelineOffsetMs":14.364266000688076}
10-11 17:00:59.822 19110 25321 D OutputsAudio: [outputs-audio] stop gain=1.000 release=6.00
10-11 17:00:59.853 19110 25321 D OutputsAudio: [outputs-audio] start hz=700.0 gain=1.000 attack=2.50 release=6.00
10-11 17:00:59.864 19110 19189 I ReactNativeJS: [outputs] outputs.flashPulse.commit {"timestamp":17483385.286662,"wallClock":1760216459864,"durationMs":30,"source":"console.replay","correlationId":"console-replay:mgmrfkta0akg16jl","latencyMs":57.80223999917507,"timelineOffsetMs":14.364266000688076,"leadMs":8,"scheduleSkewMs":65.80223999917507}
10-11 17:00:59.919 19110 19189 D OutputsAudio: [outputs-audio] symbol.info sequence=10 symbol=- timestamp=17483374.848 duration=90.000
10-11 17:00:59.920 19110 19189 I ReactNativeJS: [outputs] playMorse.symbol {"timestamp":17483440.663901,"wallClock":1760216459919,"symbol":".","durationMs":30,"index":7,"source":"console.replay","correlationId":"console-replay:mgmrfkwfu00dwe3q","nativeTimestampMs":17483374.848,"nativeDurationMs":90,"nativeOffsetMs":65.74876599758863,"nativeSequence":10,"monotonicTimestampMs":17483374.848,"nativeExpectedTimestampMs":null,"nativeStartSkewMs":null,"nativeBatchElapsedMs":null,"nativeExpectedSincePriorMs":null,"nativeSincePriorMs":null,"nativePatternStartMs":null,"nativeAgeMs":null}
10-11 17:00:59.920 19110 19189 I ReactNativeJS: [outputs] outputs.hapticSymbol {"timestamp":17483441.276401,"wallClock":1760216459920,"enabled":true,"symbol":".","durationMs":30,"platform":"android","source":"console.replay","correlationId":"console-replay:mgmrfkwfu00dwe3q","timelineOffsetMs":65.74876599758863}
10-11 17:00:59.921 19110 19189 I ReactNativeJS: [outputs] outputs.flashPulse {"timestamp":17483442.185516,"wallClock":1760216459921,"enabled":true,"durationMs":30,"source":"console.replay","correlationId":"console-replay:mgmrfkwfu00dwe3q","timelineOffsetMs":65.74876599758863}
10-11 17:00:59.944 19110 25321 D OutputsAudio: [outputs-audio] stop gain=1.000 release=6.00
10-11 17:00:59.975 19110 25321 D OutputsAudio: [outputs-audio] start hz=700.0 gain=1.000 attack=2.50 release=6.00
10-11 17:00:59.986 19110 19189 I ReactNativeJS: [outputs] outputs.flashPulse.commit {"timestamp":17483506.755724,"wallClock":1760216459985,"durationMs":30,"source":"console.replay","correlationId":"console-replay:mgmrfkwfu00dwe3q","latencyMs":66.15265600010753,"timelineOffsetMs":65.74876599758863,"leadMs":8,"scheduleSkewMs":74.15265600010753}
10-11 17:01:00.036 19110 19189 D OutputsAudio: [outputs-audio] symbol.info sequence=11 symbol=- timestamp=17483497.182 duration=90.000
10-11 17:01:00.036 19110 19189 I ReactNativeJS: [outputs] playMorse.symbol {"timestamp":17483557.26812,"wallClock":1760216460036,"symbol":".","durationMs":30,"index":8,"source":"console.replay","correlationId":"console-replay:mgmrfkzodndiqlvk","nativeTimestampMs":17483497.182,"nativeDurationMs":90,"nativeOffsetMs":60.027630001306534,"nativeSequence":11,"monotonicTimestampMs":17483497.182,"nativeExpectedTimestampMs":null,"nativeStartSkewMs":null,"nativeBatchElapsedMs":null,"nativeExpectedSincePriorMs":null,"nativeSincePriorMs":null,"nativePatternStartMs":null,"nativeAgeMs":null}
10-11 17:01:00.037 19110 19189 I ReactNativeJS: [outputs] outputs.hapticSymbol {"timestamp":17483557.815568,"wallClock":1760216460036,"enabled":true,"symbol":".","durationMs":30,"platform":"android","source":"console.replay","correlationId":"console-replay:mgmrfkzodndiqlvk","timelineOffsetMs":60.027630001306534}
10-11 17:01:00.037 19110 19189 I ReactNativeJS: [outputs] outputs.flashPulse {"timestamp":17483558.673016,"wallClock":1760216460037,"enabled":true,"durationMs":30,"source":"console.replay","correlationId":"console-replay:mgmrfkzodndiqlvk","timelineOffsetMs":60.027630001306534}
10-11 17:01:00.066 19110 25321 D OutputsAudio: [outputs-audio] stop gain=1.000 release=6.00
10-11 17:01:00.097 19110 25321 D OutputsAudio: [outputs-audio] start hz=700.0 gain=1.000 attack=2.50 release=6.00
10-11 17:01:00.103 19110 19189 I ReactNativeJS: [outputs] outputs.flashPulse.commit {"timestamp":17483623.977026,"wallClock":1760216460102,"durationMs":30,"source":"console.replay","correlationId":"console-replay:mgmrfkzodndiqlvk","latencyMs":66.76182299852371,"timelineOffsetMs":60.027630001306534,"leadMs":8,"scheduleSkewMs":74.76182299852371}
10-11 17:01:00.152 19110 19189 D OutputsAudio: [outputs-audio] symbol.info sequence=12 symbol=- timestamp=17483618.486 duration=90.000
10-11 17:01:00.153 19110 19189 I ReactNativeJS: [outputs] playMorse.symbol {"timestamp":17483673.980933,"wallClock":1760216460152,"symbol":"-","durationMs":90,"index":9,"source":"console.replay","correlationId":"console-replay:mgmrfl2wrpou7aje","nativeTimestampMs":17483618.486,"nativeDurationMs":90,"nativeOffsetMs":55.43878699839115,"nativeSequence":12,"monotonicTimestampMs":17483618.486,"nativeExpectedTimestampMs":null,"nativeStartSkewMs":null,"nativeBatchElapsedMs":null,"nativeExpectedSincePriorMs":null,"nativeSincePriorMs":null,"nativePatternStartMs":null,"nativeAgeMs":null}
10-11 17:01:00.153 19110 19189 I ReactNativeJS: [outputs] outputs.hapticSymbol {"timestamp":17483674.538433,"wallClock":1760216460153,"enabled":true,"symbol":"-","durationMs":90,"platform":"android","source":"console.replay","correlationId":"console-replay:mgmrfl2wrpou7aje","timelineOffsetMs":55.43878699839115}
10-11 17:01:00.154 19110 19189 I ReactNativeJS: [outputs] outputs.flashPulse {"timestamp":17483675.387183,"wallClock":1760216460154,"enabled":true,"durationMs":90,"source":"console.replay","correlationId":"console-replay:mgmrfl2wrpou7aje","timelineOffsetMs":55.43878699839115}
10-11 17:01:00.188 19110 25321 D OutputsAudio: [outputs-audio] stop gain=1.000 release=6.00
10-11 17:01:00.217 19110 19189 I ReactNativeJS: [outputs] outputs.flashPulse.commit {"timestamp":17483738.62937,"wallClock":1760216460217,"durationMs":90,"source":"console.replay","correlationId":"console-replay:mgmrfl2wrpou7aje","latencyMs":64.69755199924111,"timelineOffsetMs":55.43878699839115,"leadMs":8,"scheduleSkewMs":72.69755199924111}
10-11 17:01:00.219 19110 25321 D OutputsAudio: [outputs-audio] start hz=700.0 gain=1.000 attack=2.50 release=6.00
10-11 17:01:00.249 19110 25321 D OutputsAudio: [outputs-audio] stop gain=1.000 release=6.00
10-11 17:01:00.267 19110 19189 D OutputsAudio: [outputs-audio] symbol.info sequence=13 symbol=. timestamp=17483740.542 duration=30.000
10-11 17:01:00.267 19110 19189 I ReactNativeJS: [outputs] playMorse.symbol {"timestamp":17483788.276922,"wallClock":1760216460267,"symbol":"-","durationMs":90,"index":10,"source":"console.replay","correlationId":"console-replay:mgmrfl63d8y614td","nativeTimestampMs":17483740.542,"nativeDurationMs":30,"nativeOffsetMs":47.67695299908519,"nativeSequence":13,"monotonicTimestampMs":17483740.542,"nativeExpectedTimestampMs":null,"nativeStartSkewMs":null,"nativeBatchElapsedMs":null,"nativeExpectedSincePriorMs":null,"nativeSincePriorMs":null,"nativePatternStartMs":null,"nativeAgeMs":null}
10-11 17:01:00.268 19110 19189 I ReactNativeJS: [outputs] outputs.hapticSymbol {"timestamp":17483788.831245,"wallClock":1760216460267,"enabled":true,"symbol":"-","durationMs":90,"platform":"android","source":"console.replay","correlationId":"console-replay:mgmrfl63d8y614td","timelineOffsetMs":47.67695299908519}
10-11 17:01:00.268 19110 19189 I ReactNativeJS: [outputs] outputs.flashPulse {"timestamp":17483789.681349,"wallClock":1760216460268,"enabled":true,"durationMs":90,"source":"console.replay","correlationId":"console-replay:mgmrfl63d8y614td","timelineOffsetMs":47.67695299908519}
10-11 17:01:00.281 19110 25321 D OutputsAudio: [outputs-audio] start hz=700.0 gain=1.000 attack=2.50 release=6.00
10-11 17:01:00.311 19110 25321 D OutputsAudio: [outputs-audio] stop gain=1.000 release=6.00
10-11 17:01:00.326 19110 19189 I ReactNativeJS: [outputs] outputs.flashPulse.commit {"timestamp":17483846.858641,"wallClock":1760216460325,"durationMs":90,"source":"console.replay","correlationId":"console-replay:mgmrfl63d8y614td","latencyMs":58.63364600017667,"timelineOffsetMs":47.67695299908519,"leadMs":8,"scheduleSkewMs":66.63364600017667}
10-11 17:01:00.341 19110 25321 D OutputsAudio: [outputs-audio] start hz=700.0 gain=1.000 attack=2.50 release=6.00
10-11 17:01:00.373 19110 25321 D OutputsAudio: [outputs-audio] stop gain=1.000 release=6.00
10-11 17:01:00.376 19110 19189 D OutputsAudio: [outputs-audio] symbol.info sequence=15 symbol=. timestamp=17483863.332 duration=30.000
10-11 17:01:00.376 19110 19189 W ReactNativeJS: '[outputs-audio] native sequence jump', { previous: 13, next: 15, delta: 2 }
10-11 17:01:00.377 19110 19189 I ReactNativeJS: [outputs] playMorse.symbol {"timestamp":17483898.026974,"wallClock":1760216460376,"symbol":"-","durationMs":90,"index":11,"source":"console.replay","correlationId":"console-replay:mgmrfl94fw3efacr","nativeTimestampMs":17483863.332,"nativeDurationMs":30,"nativeOffsetMs":34.650443002581596,"nativeSequence":15,"monotonicTimestampMs":17483863.332,"nativeExpectedTimestampMs":null,"nativeStartSkewMs":null,"nativeBatchElapsedMs":null,"nativeExpectedSincePriorMs":null,"nativeSincePriorMs":null,"nativePatternStartMs":null,"nativeAgeMs":null}
10-11 17:01:00.377 19110 19189 I ReactNativeJS: [outputs] outputs.hapticSymbol {"timestamp":17483898.493537,"wallClock":1760216460377,"enabled":true,"symbol":"-","durationMs":90,"platform":"android","source":"console.replay","correlationId":"console-replay:mgmrfl94fw3efacr","timelineOffsetMs":34.650443002581596}
10-11 17:01:00.378 19110 19189 I ReactNativeJS: [outputs] outputs.flashPulse {"timestamp":17483899.368849,"wallClock":1760216460378,"enabled":true,"durationMs":90,"source":"console.replay","correlationId":"console-replay:mgmrfl94fw3efacr","timelineOffsetMs":34.650443002581596}
10-11 17:01:00.403 19110 25321 D OutputsAudio: [outputs-audio] start hz=700.0 gain=1.000 attack=2.50 release=6.00
10-11 17:01:00.438 19110 19189 I ReactNativeJS: [outputs] outputs.flashPulse.commit {"timestamp":17483959.172339,"wallClock":1760216460438,"durationMs":90,"source":"console.replay","correlationId":"console-replay:mgmrfl94fw3efacr","latencyMs":61.18390600010753,"timelineOffsetMs":34.650443002581596,"leadMs":8,"scheduleSkewMs":69.18390600010753}
10-11 17:01:00.488 19110 19189 D OutputsAudio: [outputs-audio] symbol.info sequence=16 symbol=- timestamp=17483924.537 duration=90.000
10-11 17:01:00.488 19110 19189 I ReactNativeJS: [outputs] playMorse.symbol {"timestamp":17484009.330307,"wallClock":1760216460488,"symbol":".","durationMs":30,"index":12,"source":"console.replay","correlationId":"console-replay:mgmrflc8mz6kdmox","nativeTimestampMs":17483924.537,"nativeDurationMs":90,"nativeOffsetMs":84.73460900038481,"nativeSequence":16,"monotonicTimestampMs":17483924.537,"nativeExpectedTimestampMs":null,"nativeStartSkewMs":null,"nativeBatchElapsedMs":null,"nativeExpectedSincePriorMs":null,"nativeSincePriorMs":null,"nativePatternStartMs":null,"nativeAgeMs":null}
10-11 17:01:00.489 19110 19189 I ReactNativeJS: [outputs] playMorse.nativeOffset.spike {"timestamp":17484009.875984,"wallClock":1760216460488,"source":"console.replay","offsetMs":84.73460900038481,"sequence":16,"unitMs":30,"correlationId":"console-replay:mgmrflc8mz6kdmox"}
10-11 17:01:00.489 19110 19189 I ReactNativeJS: [outputs] outputs.hapticSymbol {"timestamp":17484010.253224,"wallClock":1760216460489,"enabled":true,"symbol":".","durationMs":30,"platform":"android","source":"console.replay","correlationId":"console-replay:mgmrflc8mz6kdmox","timelineOffsetMs":84.73460900038481}
10-11 17:01:00.490 19110 19189 I ReactNativeJS: [outputs] outputs.flashPulse {"timestamp":17484011.129266,"wallClock":1760216460489,"enabled":true,"durationMs":30,"source":"console.replay","correlationId":"console-replay:mgmrflc8mz6kdmox","timelineOffsetMs":84.73460900038481}
10-11 17:01:00.493 19110 25321 D OutputsAudio: [outputs-audio] stop gain=1.000 release=6.00
10-11 17:01:00.524 19110 25321 D OutputsAudio: [outputs-audio] start hz=700.0 gain=1.000 attack=2.50 release=6.00
10-11 17:01:00.557 19110 19189 I ReactNativeJS: [outputs] outputs.flashPulse.commit {"timestamp":17484078.557547,"wallClock":1760216460557,"durationMs":30,"source":"console.replay","correlationId":"console-replay:mgmrflc8mz6kdmox","latencyMs":69.2799999974668,"timelineOffsetMs":84.73460900038481,"leadMs":8,"scheduleSkewMs":77.2799999974668}
10-11 17:01:00.612 19110 19189 D OutputsAudio: [outputs-audio] symbol.info sequence=17 symbol=- timestamp=17484045.522 duration=90.000
10-11 17:01:00.613 19110 19189 I ReactNativeJS: [outputs] playMorse.symbol {"timestamp":17484133.682912,"wallClock":1760216460612,"symbol":".","durationMs":30,"index":13,"source":"console.replay","correlationId":"console-replay:mgmrflfob5mdlv5m","nativeTimestampMs":17484045.522,"nativeDurationMs":90,"nativeOffsetMs":88.10169300064445,"nativeSequence":17,"monotonicTimestampMs":17484045.522,"nativeExpectedTimestampMs":null,"nativeStartSkewMs":null,"nativeBatchElapsedMs":null,"nativeExpectedSincePriorMs":null,"nativeSincePriorMs":null,"nativePatternStartMs":null,"nativeAgeMs":null}
10-11 17:01:00.613 19110 19189 I ReactNativeJS: [outputs] playMorse.nativeOffset.spike {"timestamp":17484134.219422,"wallClock":1760216460613,"source":"console.replay","offsetMs":88.10169300064445,"sequence":17,"unitMs":30,"correlationId":"console-replay:mgmrflfob5mdlv5m"}
10-11 17:01:00.613 19110 19189 I ReactNativeJS: [outputs] outputs.hapticSymbol {"timestamp":17484134.577703,"wallClock":1760216460613,"enabled":true,"symbol":".","durationMs":30,"platform":"android","source":"console.replay","correlationId":"console-replay:mgmrflfob5mdlv5m","timelineOffsetMs":88.10169300064445}
10-11 17:01:00.614 19110 19189 I ReactNativeJS: [outputs] outputs.flashPulse {"timestamp":17484135.369057,"wallClock":1760216460614,"enabled":true,"durationMs":30,"source":"console.replay","correlationId":"console-replay:mgmrflfob5mdlv5m","timelineOffsetMs":88.10169300064445}
10-11 17:01:00.614 19110 25321 D OutputsAudio: [outputs-audio] stop gain=1.000 release=6.00
10-11 17:01:00.645 19110 25321 D OutputsAudio: [outputs-audio] start hz=700.0 gain=1.000 attack=2.50 release=6.00
10-11 17:01:00.681 19110 19189 I ReactNativeJS: [outputs] outputs.flashPulse.commit {"timestamp":17484202.274786,"wallClock":1760216460681,"durationMs":30,"source":"console.replay","correlationId":"console-replay:mgmrflfob5mdlv5m","latencyMs":68.64510399848223,"timelineOffsetMs":88.10169300064445,"leadMs":8,"scheduleSkewMs":76.64510399848223}
10-11 17:01:00.736 19110 25321 D OutputsAudio: [outputs-audio] stop gain=1.000 release=6.00
10-11 17:01:00.737 19110 19189 D OutputsAudio: [outputs-audio] symbol.info sequence=18 symbol=- timestamp=17484166.730 duration=90.000
10-11 17:01:00.737 19110 19189 I ReactNativeJS: [outputs] playMorse.symbol {"timestamp":17484258.491766,"wallClock":1760216460737,"symbol":".","durationMs":30,"index":14,"source":"console.replay","correlationId":"console-replay:mgmrflj52utrj0za","nativeTimestampMs":17484166.73,"nativeDurationMs":90,"nativeOffsetMs":91.70020299777389,"nativeSequence":18,"monotonicTimestampMs":17484166.73,"nativeExpectedTimestampMs":null,"nativeStartSkewMs":null,"nativeBatchElapsedMs":null,"nativeExpectedSincePriorMs":null,"nativeSincePriorMs":null,"nativePatternStartMs":null,"nativeAgeMs":null}
10-11 17:01:00.738 19110 19189 I ReactNativeJS: [outputs] playMorse.nativeOffset.spike {"timestamp":17484259.043224,"wallClock":1760216460737,"source":"console.replay","offsetMs":91.70020299777389,"sequence":18,"unitMs":30,"correlationId":"console-replay:mgmrflj52utrj0za"}
10-11 17:01:00.738 19110 19189 I ReactNativeJS: [outputs] outputs.hapticSymbol {"timestamp":17484259.428432,"wallClock":1760216460738,"enabled":true,"symbol":".","durationMs":30,"platform":"android","source":"console.replay","correlationId":"console-replay:mgmrflj52utrj0za","timelineOffsetMs":91.70020299777389}
10-11 17:01:00.739 19110 19189 I ReactNativeJS: [outputs] outputs.flashPulse {"timestamp":17484260.258641,"wallClock":1760216460739,"enabled":true,"durationMs":30,"source":"console.replay","correlationId":"console-replay:mgmrflj52utrj0za","timelineOffsetMs":91.70020299777389}
10-11 17:01:00.767 19110 25321 D OutputsAudio: [outputs-audio] start hz=700.0 gain=1.000 attack=2.50 release=6.00
10-11 17:01:00.798 19110 25321 D OutputsAudio: [outputs-audio] stop gain=1.000 release=6.00
10-11 17:01:00.808 19110 19189 I ReactNativeJS: [outputs] outputs.flashPulse.commit {"timestamp":17484329.672391,"wallClock":1760216460808,"durationMs":30,"source":"console.replay","correlationId":"console-replay:mgmrflj52utrj0za","latencyMs":71.23651100322604,"timelineOffsetMs":91.70020299777389,"leadMs":8,"scheduleSkewMs":79.23651100322604}
10-11 17:01:00.828 19110 25321 D OutputsAudio: [outputs-audio] start hz=700.0 gain=1.000 attack=2.50 release=6.00
10-11 17:01:00.859 19110 25321 D OutputsAudio: [outputs-audio] stop gain=1.000 release=6.00
10-11 17:01:00.863 19110 19189 D OutputsAudio: [outputs-audio] symbol.info sequence=20 symbol=. timestamp=17484350.165 duration=30.000
10-11 17:01:00.864 19110 19189 W ReactNativeJS: '[outputs-audio] native sequence jump', { previous: 18, next: 20, delta: 2 }
10-11 17:01:00.864 19110 19189 I ReactNativeJS: [outputs] playMorse.symbol {"timestamp":17484385.355047,"wallClock":1760216460864,"symbol":"-","durationMs":90,"index":15,"source":"console.replay","correlationId":"console-replay:mgmrflmon08tflnt","nativeTimestampMs":17484350.165,"nativeDurationMs":30,"nativeOffsetMs":35.137703001499176,"nativeSequence":20,"monotonicTimestampMs":17484350.165,"nativeExpectedTimestampMs":null,"nativeStartSkewMs":null,"nativeBatchElapsedMs":null,"nativeExpectedSincePriorMs":null,"nativeSincePriorMs":null,"nativePatternStartMs":null,"nativeAgeMs":null}
10-11 17:01:00.864 19110 19189 I ReactNativeJS: [outputs] outputs.hapticSymbol {"timestamp":17484385.80562,"wallClock":1760216460864,"enabled":true,"symbol":"-","durationMs":90,"platform":"android","source":"console.replay","correlationId":"console-replay:mgmrflmon08tflnt","timelineOffsetMs":35.137703001499176}
10-11 17:01:00.865 19110 19189 I ReactNativeJS: [outputs] outputs.flashPulse {"timestamp":17484386.634526,"wallClock":1760216460865,"enabled":true,"durationMs":90,"source":"console.replay","correlationId":"console-replay:mgmrflmon08tflnt","timelineOffsetMs":35.137703001499176}
10-11 17:01:00.890 19110 25321 D OutputsAudio: [outputs-audio] start hz=700.0 gain=1.000 attack=2.50 release=6.00
10-11 17:01:00.921 19110 25321 D OutputsAudio: [outputs-audio] stop gain=1.000 release=6.00
10-11 17:01:00.929 19110 19189 I ReactNativeJS: [outputs] outputs.flashPulse.commit {"timestamp":17484449.809734,"wallClock":1760216460928,"durationMs":90,"source":"console.replay","correlationId":"console-replay:mgmrflmon08tflnt","latencyMs":64.50041699782014,"timelineOffsetMs":35.137703001499176,"leadMs":8,"scheduleSkewMs":72.50041699782014}
10-11 17:01:00.951 19110 25321 D OutputsAudio: [outputs-audio] start hz=700.0 gain=1.000 attack=2.50 release=6.00
10-11 17:01:00.978 19110 19189 D OutputsAudio: [outputs-audio] symbol.info sequence=22 symbol=- timestamp=17484472.794 duration=90.000
10-11 17:01:00.979 19110 19189 W ReactNativeJS: '[outputs-audio] native sequence jump', { previous: 20, next: 22, delta: 2 }
10-11 17:01:00.979 19110 19189 I ReactNativeJS: [outputs] playMorse.symbol {"timestamp":17484500.453016,"wallClock":1760216460979,"symbol":"-","durationMs":90,"index":16,"source":"console.replay","correlationId":"console-replay:mgmrflpvtc3bpv3t","nativeTimestampMs":17484472.794,"nativeDurationMs":90,"nativeOffsetMs":27.61547400057316,"nativeSequence":22,"monotonicTimestampMs":17484472.794,"nativeExpectedTimestampMs":null,"nativeStartSkewMs":null,"nativeBatchElapsedMs":null,"nativeExpectedSincePriorMs":null,"nativeSincePriorMs":null,"nativePatternStartMs":null,"nativeAgeMs":null}
10-11 17:01:00.980 19110 19189 I ReactNativeJS: [outputs] outputs.hapticSymbol {"timestamp":17484500.933901,"wallClock":1760216460979,"enabled":true,"symbol":"-","durationMs":90,"platform":"android","source":"console.replay","correlationId":"console-replay:mgmrflpvtc3bpv3t","timelineOffsetMs":27.61547400057316}
10-11 17:01:00.980 19110 19189 I ReactNativeJS: [outputs] outputs.flashPulse {"timestamp":17484501.776141,"wallClock":1760216460980,"enabled":true,"durationMs":90,"source":"console.replay","correlationId":"console-replay:mgmrflpvtc3bpv3t","timelineOffsetMs":27.61547400057316}
10-11 17:01:01.035 19110 19189 I ReactNativeJS: [outputs] outputs.flashPulse.commit {"timestamp":17484556.104682,"wallClock":1760216461034,"durationMs":90,"source":"console.replay","correlationId":"console-replay:mgmrflpvtc3bpv3t","latencyMs":55.68989599868655,"timelineOffsetMs":27.61547400057316,"leadMs":8,"scheduleSkewMs":63.68989599868655}
10-11 17:01:01.041 19110 25321 D OutputsAudio: [outputs-audio] stop gain=1.000 release=6.00
10-11 17:01:01.072 19110 25321 D OutputsAudio: [outputs-audio] start hz=700.0 gain=1.000 attack=2.50 release=6.00
10-11 17:01:01.086 19110 19189 D OutputsAudio: [outputs-audio] symbol.info sequence=23 symbol=- timestamp=17484593.611 duration=90.000
10-11 17:01:01.087 19110 19189 I ReactNativeJS: [outputs] playMorse.symbol {"timestamp":17484608.116453,"wallClock":1760216461086,"symbol":"-","durationMs":90,"index":17,"source":"console.replay","correlationId":"console-replay:mgmrflsuq7pne9by","nativeTimestampMs":17484593.611,"nativeDurationMs":90,"nativeOffsetMs":14.385244999080896,"nativeSequence":23,"monotonicTimestampMs":17484593.611,"nativeExpectedTimestampMs":null,"nativeStartSkewMs":null,"nativeBatchElapsedMs":null,"nativeExpectedSincePriorMs":null,"nativeSincePriorMs":null,"nativePatternStartMs":null,"nativeAgeMs":null}
10-11 17:01:01.087 19110 19189 I ReactNativeJS: [outputs] outputs.hapticSymbol {"timestamp":17484608.701609,"wallClock":1760216461087,"enabled":true,"symbol":"-","durationMs":90,"platform":"android","source":"console.replay","correlationId":"console-replay:mgmrflsuq7pne9by","timelineOffsetMs":14.385244999080896}
10-11 17:01:01.088 19110 19189 I ReactNativeJS: [outputs] outputs.flashPulse {"timestamp":17484609.583849,"wallClock":1760216461088,"enabled":true,"durationMs":90,"source":"console.replay","correlationId":"console-replay:mgmrflsuq7pne9by","timelineOffsetMs":14.385244999080896}
10-11 17:01:01.163 19110 25321 D OutputsAudio: [outputs-audio] stop gain=1.000 release=6.00
10-11 17:01:01.193 19110 25321 D OutputsAudio: [outputs-audio] start hz=700.0 gain=1.000 attack=2.50 release=6.00
10-11 17:01:01.212 19110 19189 I ReactNativeJS: [outputs] outputs.flashPulse.commit {"timestamp":17484733.618432,"wallClock":1760216461212,"durationMs":90,"source":"console.replay","correlationId":"console-replay:mgmrflsuq7pne9by","latencyMs":125.61713499948382,"timelineOffsetMs":14.385244999080896,"leadMs":8,"scheduleSkewMs":133.61713499948382}
10-11 17:01:01.269 19110 19189 D OutputsAudio: [outputs-audio] symbol.info sequence=24 symbol=- timestamp=17484715.037 duration=90.000
10-11 17:01:01.269 19110 19189 I ReactNativeJS: [outputs] playMorse.symbol {"timestamp":17484790.607599,"wallClock":1760216461269,"symbol":".","durationMs":30,"index":18,"source":"console.replay","correlationId":"console-replay:mgmrflxx0xregvzx","nativeTimestampMs":17484715.037,"nativeDurationMs":90,"nativeOffsetMs":75.5136200003326,"nativeSequence":24,"monotonicTimestampMs":17484715.037,"nativeExpectedTimestampMs":null,"nativeStartSkewMs":null,"nativeBatchElapsedMs":null,"nativeExpectedSincePriorMs":null,"nativeSincePriorMs":null,"nativePatternStartMs":null,"nativeAgeMs":null}
10-11 17:01:01.270 19110 19189 I ReactNativeJS: [outputs] outputs.hapticSymbol {"timestamp":17484791.176349,"wallClock":1760216461270,"enabled":true,"symbol":".","durationMs":30,"platform":"android","source":"console.replay","correlationId":"console-replay:mgmrflxx0xregvzx","timelineOffsetMs":75.5136200003326}
10-11 17:01:01.271 19110 19189 I ReactNativeJS: [outputs] outputs.flashPulse {"timestamp":17484792.113172,"wallClock":1760216461270,"enabled":true,"durationMs":30,"source":"console.replay","correlationId":"console-replay:mgmrflxx0xregvzx","timelineOffsetMs":75.5136200003326}
10-11 17:01:01.284 19110 25321 D OutputsAudio: [outputs-audio] stop gain=1.000 release=6.00
10-11 17:01:01.315 19110 25321 D OutputsAudio: [outputs-audio] start hz=700.0 gain=1.000 attack=2.50 release=6.00
10-11 17:01:01.329 19110 19189 I ReactNativeJS: [outputs] outputs.flashPulse.commit {"timestamp":17484850.553224,"wallClock":1760216461329,"durationMs":30,"source":"console.replay","correlationId":"console-replay:mgmrflxx0xregvzx","latencyMs":59.997238997370005,"timelineOffsetMs":75.5136200003326,"leadMs":8,"scheduleSkewMs":67.99723899737}
10-11 17:01:01.346 19110 25321 D OutputsAudio: [outputs-audio] stop gain=1.000 release=6.00
10-11 17:01:01.377 19110 25321 D OutputsAudio: [outputs-audio] start hz=700.0 gain=1.000 attack=2.50 release=6.00
10-11 17:01:01.380 19110 19189 D OutputsAudio: [outputs-audio] symbol.info sequence=26 symbol=. timestamp=17484898.324 duration=30.000
10-11 17:01:01.380 19110 19189 W ReactNativeJS: '[outputs-audio] native sequence jump', { previous: 24, next: 26, delta: 2 }
10-11 17:01:01.381 19110 19189 I ReactNativeJS: [outputs] playMorse.symbol {"timestamp":17484901.824057,"wallClock":1760216461380,"symbol":".","durationMs":30,"index":19,"source":"console.replay","correlationId":"console-replay:mgmrfm10w26rwsb1","nativeTimestampMs":17484898.324,"nativeDurationMs":30,"nativeOffsetMs":3.4563589990139008,"nativeSequence":26,"monotonicTimestampMs":17484898.324,"nativeExpectedTimestampMs":null,"nativeStartSkewMs":null,"nativeBatchElapsedMs":null,"nativeExpectedSincePriorMs":null,"nativeSincePriorMs":null,"nativePatternStartMs":null,"nativeAgeMs":null}
10-11 17:01:01.381 19110 19189 I ReactNativeJS: [outputs] outputs.hapticSymbol {"timestamp":17484902.303015,"wallClock":1760216461381,"enabled":true,"symbol":".","durationMs":30,"platform":"android","source":"console.replay","correlationId":"console-replay:mgmrfm10w26rwsb1","timelineOffsetMs":3.4563589990139008}
10-11 17:01:01.382 19110 19189 I ReactNativeJS: [outputs] outputs.flashPulse {"timestamp":17484903.148484,"wallClock":1760216461382,"enabled":true,"durationMs":30,"source":"console.replay","correlationId":"console-replay:mgmrfm10w26rwsb1","timelineOffsetMs":3.4563589990139008}
10-11 17:01:01.407 19110 25321 D OutputsAudio: [outputs-audio] stop gain=1.000 release=6.00
10-11 17:01:01.438 19110 25321 D OutputsAudio: [outputs-audio] start hz=700.0 gain=1.000 attack=2.50 release=6.00
10-11 17:01:01.445 19110 19189 I ReactNativeJS: [outputs] outputs.flashPulse.commit {"timestamp":17484966.109682,"wallClock":1760216461444,"durationMs":30,"source":"console.replay","correlationId":"console-replay:mgmrfm10w26rwsb1","latencyMs":64.3230729997158,"timelineOffsetMs":3.4563589990139008,"leadMs":8,"scheduleSkewMs":72.3230729997158}
10-11 17:01:01.469 19110 25321 D OutputsAudio: [outputs-audio] stop gain=1.000 release=6.00
10-11 17:01:01.496 19110 19189 D OutputsAudio: [outputs-audio] symbol.info sequence=27 symbol=. timestamp=17484959.783 duration=30.000
10-11 17:01:01.496 19110 19189 I ReactNativeJS: [outputs] playMorse.symbol {"timestamp":17485017.269474,"wallClock":1760216461496,"symbol":".","durationMs":30,"index":20,"source":"console.replay","correlationId":"console-replay:mgmrfm4853ap93ds","nativeTimestampMs":17484959.783,"nativeDurationMs":30,"nativeOffsetMs":57.42782799899578,"nativeSequence":27,"monotonicTimestampMs":17484959.783,"nativeExpectedTimestampMs":null,"nativeStartSkewMs":null,"nativeBatchElapsedMs":null,"nativeExpectedSincePriorMs":null,"nativeSincePriorMs":null,"nativePatternStartMs":null,"nativeAgeMs":null}
