10-13 20:33:32.830 V/WindowManager( 2385): Sent Transition #830 createdAt=10-13 20:33:32.771 via request=TransitionRequestInfo { type = OPEN, triggerTask = TaskInfo{userId=0 taskId=6999 displayId=0 isRunning=true baseIntent=Intent { act=android.intent.action.MAIN cat=[android.intent.category.LAUNCHER] flg=0x10200000 cmp=com.csparks113.MorseCodeApp/.MainActivity } baseActivity=ComponentInfo{com.csparks113.MorseCodeApp/com.csparks113.MorseCodeApp.MainActivity} topActivity=ComponentInfo{com.csparks113.MorseCodeApp/com.csparks113.MorseCodeApp.MainActivity} origActivity=null realActivity=ComponentInfo{com.csparks113.MorseCodeApp/com.csparks113.MorseCodeApp.MainActivity} numActivities=1 lastActiveTime=204033049 supportsMultiWindow=true resizeMode=1 isResizeable=true minWidth=-1 minHeight=-1 maxWidth=-1 maxHeight=-1 defaultMinSize=220 token=WCT{RemoteToken{7494e69 Task{5e5b9db #6999 type=standard A=10481:com.csparks113.MorseCodeApp}}} topActivityType=1 pictureInPictureParams=null shouldDockBigOverlays=false launchIntoPipHostTaskId=-1 lastParentTaskIdBeforePip=-1 displayCutoutSafeInsets=Rect(0, 74 - 0, 0) topActivityInfo=ActivityInfo{e5090ee com.csparks113.MorseCodeApp.MainActivity} launchCookies=[android.os.BinderProxy@a8a698f] positionInParent=Point(0, 0) parentTaskId=-1 isFocused=false isVisible=false isVisibleRequested=false isSleeping=false topActivityInSizeCompat=false topActivityEligibleForLetterboxEducation= false topActivityLetterboxed= false isFromDoubleTap= false topActivityLetterboxVerticalPosition= -1 topActivityLetterboxHorizontalPosition= -1 topActivityLetterboxWidth=-1 topActivityLetterboxHeight=-1 locusId=null displayAreaFeatureId=1 cameraCompatControlState=hidden originallySupportedMultiWindow=true hasWallpaper=false topActivityInFixedAspectRatio=false rootAffinity=10481:com.csparks113.MorseCodeApp topActivityInDisplayCompat=false topActivityInBoundsCompat=false topActivityBounds=null singleTapFromLetterbox=false isTopTaskInStage=false topActivityUiMode=17 CoverLauncherWidgetTask=false CoverScreenTask=false isAllowedSeamlessRotation=false isTopTransparentActivity=false hasPopOver=false}, remoteTransition = RemoteTransition { remoteTransition = android.window.IRemoteTransition$Stub$Proxy@49f6825, appThread = android.app.IApplicationThread$Stub$Proxy@b38cdfa, debugName = QuickstepLaunch }, displayChange = null }
10-13 20:33:32.830 V/WindowManager( 2385):     startWCT=WindowContainerTransaction { changes = {} hops = [] errorCallbackToken=null taskFragmentOrganizer=null }
10-13 20:33:32.830 V/WindowManager( 2385):     info={id=830 t=OPEN f=0x0 trk=0 r=[0@Point(0, 0)] c=[
10-13 20:33:32.830 V/WindowManager( 2385):         {WCT{RemoteToken{7494e69 Task{5e5b9db #6999 type=standard A=10481:com.csparks113.MorseCodeApp}}} m=OPEN f=NONE leash=Surface(name=Task=6999)/@0x4442d33 sb=Rect(0, 0 - 1080, 2340) eb=Rect(0, 0 - 1080, 2340) d=0 dim=true inset=Rect(0, 74 - 0, 135)},
10-13 20:33:32.830 V/WindowManager( 2385):         {WCT{RemoteToken{3e032e Task{a5df17c #1 type=home}}} m=TO_BACK f=SHOW_WALLPAPER|EDGE_EXTENSION_RESTRICTION leash=Surface(name=Task=1)/@0x8041130 sb=Rect(0, 0 - 1080, 2340) eb=Rect(0, 0 - 1080, 2340) d=0 inset=Rect(0, 74 - 0, 135)}
10-13 20:33:32.830 V/WindowManager( 2385):     ]}
10-13 20:33:32.831 I/SurfaceFlinger( 1560): id=17700 createSurf, flag=24000, Surface(name=56fa254 NavigationBar0)/@0x7d8d986 - animation-leash of insets_animation#17700
10-13 20:33:32.831 V/WindowManagerShell( 3203): onTransitionReady android.os.BinderProxy@5846da: {id=830 t=OPEN f=0x0 trk=0 r=[0@Point(0, 0)] c=[{WCT{android.window.IWindowContainerToken$Stub$Proxy@51aa5ad} m=OPEN f=NONE leash=Surface(name=Task=6999)/@0x30d5556 sb=Rect(0, 0 - 1080, 2340) eb=Rect(0, 0 - 1080, 2340) d=0 dim=true inset=Rect(0, 74 - 0, 135)},{WCT{android.window.IWindowContainerToken$Stub$Proxy@ba170e2} m=TO_BACK f=SHOW_WALLPAPER|EDGE_EXTENSION_RESTRICTION leash=Surface(name=Task=1)/@0x331b9d7 sb=Rect(0, 0 - 1080, 2340) eb=Rect(0, 0 - 1080, 2340) d=0 inset=Rect(0, 74 - 0, 135)}]}
10-13 20:33:32.831 D/WindowManager( 2385): makeSurface duration=2 leash=Surface(name=Surface(name=56fa254 NavigationBar0)/@0x7d8d986 - animation-leash of insets_animation)/@0xf4e0fab
10-13 20:33:32.832 I/SurfaceControl( 3203): hide, t=FinishTransaction_SyncId<830>, sc=Surface(name=Task=1)/@0x331b9d7, caller=com.android.wm.shell.transition.Transitions.dispatchReady:710 com.android.wm.shell.transition.Transitions.onTransitionReady:118 com.android.wm.shell.transition.Transitions$TransitionPlayerImpl$$ExternalSyntheticLambda0.run:13 android.os.Handler.handleCallback:958 android.os.Handler.dispatchMessage:99 android.os.Looper.loopOnce:230 
10-13 20:33:32.832 D/InsetsSourceProvider( 2385): updateControlForTarget: control=InsetsSourceControl: {61670001 mType=navigationBars initiallyVisible mSurfacePosition=Point(0, 2205) mInsetsHint=Insets{left=0, top=0, right=0, bottom=135}}, target=Window{9ee4f8d u0 Splash Screen com.csparks113.MorseCodeApp}, from=com.android.server.wm.InsetsStateController.onControlTargetChanged:363 com.android.server.wm.InsetsStateController.onBarControlTargetChanged:332 com.android.server.wm.InsetsPolicy.updateBarControlTarget:173 com.android.server.wm.InsetsPolicy.updateSystemBars:843 com.android.server.wm.DisplayPolicy.updateSystemBarsLw:3484 
10-13 20:33:32.832 I/WindowManager( 2385): Cancelling animation restarting=true, leash=Surface(name=Surface(name=5b668db StatusBar)/@0x8ca1be3 - animation-leash of insets_animation)/@0x4bdc7c2
10-13 20:33:32.832 I/WindowManager( 2385): Reparenting to original parent: Surface(name=WindowToken{ff30dea type=2000 android.os.BinderProxy@f09968c})/@0x71f39e0, destroy=false, surface=Surface(name=5b668db StatusBar)/@0x8ca1be3
10-13 20:33:32.832 I/SurfaceControl( 3203): show, t=StartTransaction_SyncId<830>, sc=Surface(name=Task=6999)/@0x30d5556, caller=com.android.wm.shell.transition.Transitions.dispatchReady:715 com.android.wm.shell.transition.Transitions.onTransitionReady:118 com.android.wm.shell.transition.Transitions$TransitionPlayerImpl$$ExternalSyntheticLambda0.run:13 android.os.Handler.handleCallback:958 android.os.Handler.dispatchMessage:99 android.os.Looper.loopOnce:230 
10-13 20:33:32.832 I/SurfaceControl( 3203): show, t=FinishTransaction_SyncId<830>, sc=Surface(name=Task=6999)/@0x30d5556, caller=com.android.wm.shell.transition.Transitions.dispatchReady:772 com.android.wm.shell.transition.Transitions.onTransitionReady:118 com.android.wm.shell.transition.Transitions$TransitionPlayerImpl$$ExternalSyntheticLambda0.run:13 android.os.Handler.handleCallback:958 android.os.Handler.dispatchMessage:99 android.os.Looper.loopOnce:230 
10-13 20:33:32.832 I/WindowManager( 2385): Reparenting to leash, surface=Surface(name=5b668db StatusBar)/@0x8ca1be3, leashParent=Surface(name=WindowToken{ff30dea type=2000 android.os.BinderProxy@f09968c})/@0x71f39e0
10-13 20:33:32.832 V/WindowManagerShell( 3203): Playing animation for (#830)android.os.BinderProxy@5846da@0
10-13 20:33:32.832 I/SurfaceControl( 3203): show, t=StartTransaction_SyncId<830>, sc=Surface(name=Transition Root: Task=6999)/@0x615d2c4, caller=com.android.wm.shell.transition.Transitions.playTransition:80 com.android.wm.shell.transition.Transitions.processReadyQueue:195 com.android.wm.shell.transition.Transitions.dispatchReady:790 com.android.wm.shell.transition.Transitions.onTransitionReady:118 com.android.wm.shell.transition.Transitions$TransitionPlayerImpl$$ExternalSyntheticLambda0.run:13 android.os.Handler.handleCallback:958 
10-13 20:33:32.832 V/WindowManagerShell( 3203):  try firstHandler com.android.wm.shell.transition.DefaultMixedHandler@fc146b8
10-13 20:33:32.832 I/SurfaceFlinger( 1560): id=17701 createSurf, flag=24000, Surface(name=5b668db StatusBar)/@0x8ca1be3 - animation-leash of insets_animation#17701
10-13 20:33:32.833 D/WindowManager( 2385): makeSurface duration=1 leash=Surface(name=Surface(name=5b668db StatusBar)/@0x8ca1be3 - animation-leash of insets_animation)/@0x8361a1
10-13 20:33:32.833 D/InsetsSourceProvider( 2385): updateControlForTarget: control=InsetsSourceControl: {cb520000 mType=statusBars initiallyVisible mSurfacePosition=Point(0, 0) mInsetsHint=Insets{left=0, top=74, right=0, bottom=0}}, target=Window{9ee4f8d u0 Splash Screen com.csparks113.MorseCodeApp}, from=com.android.server.wm.InsetsStateController.onControlTargetChanged:363 com.android.server.wm.InsetsStateController.onBarControlTargetChanged:329 com.android.server.wm.InsetsPolicy.updateBarControlTarget:173 com.android.server.wm.InsetsPolicy.updateSystemBars:843 com.android.server.wm.DisplayPolicy.updateSystemBarsLw:3484 
10-13 20:33:32.833 V/WindowManagerShell( 3203):  Delegate animation for #830 to RemoteTransition { remoteTransition = android.window.IRemoteTransition$Stub$Proxy@3bac8e7, appThread = android.app.IApplicationThread$Stub$Proxy@9681c94, debugName = QuickstepLaunch }
10-13 20:33:32.833 D/WindowManager( 2385): updateSystemBarAttributes: displayId=0, win=Window{9ee4f8d u0 Splash Screen com.csparks113.MorseCodeApp}, navColorWin=Window{9ee4f8d u0 Splash Screen com.csparks113.MorseCodeApp}, focusedCanBeNavColorWin=false, behavior=1, appearance=0, statusBarAppearanceRegions=[AppearanceRegion{ bounds=[0,0][1080,2340]}], requestedVisibilities=-9, from=com.android.server.wm.DisplayPolicy.finishPostLayoutPolicyLw:2339 com.android.server.wm.DisplayContent.applySurfaceChangesTransaction:6181 com.android.server.wm.RootWindowContainer.applySurfaceChangesTransaction:1183 
10-13 20:33:32.834 I/SurfaceFlinger( 1560): id=17702 createSurf, flag=84000, aaf438c ActivityRecordInputSink com.csparks113.MorseCodeApp/.MainActivity#17702
10-13 20:33:32.834 D/SysUiState( 3203): SysUiState changed: old=0x10000000 new=0x10020000
10-13 20:33:32.835 I/HoneySpace.SystemUiRepository( 3604): systemUiFlags: allow_gesture|awake
10-13 20:33:32.835 V/WindowManagerShell( 3203):  animated by firstHandler
10-13 20:33:32.835 I/HoneySpace.TaskbarEventTracker( 3604): invokeEvent() called with: event = SystemUiStateChanged(stateFlags=268566528)
10-13 20:33:32.836 I/InsetsSourceConsumer( 3203): applyRequestedVisibilityToControl: visible=true, type=navigationBars, host=Splash Screen com.csparks113.MorseCodeApp
10-13 20:33:32.836 I/SurfaceFlinger( 1560): id=17703 createSurf, flag=84000, Surface(name=Task=6999)/@0x7273c19_transition-leash#17703
10-13 20:33:32.836 I/InsetsSourceConsumer( 3203): applyRequestedVisibilityToControl: visible=true, type=statusBars, host=Splash Screen com.csparks113.MorseCodeApp
10-13 20:33:32.836 I/SurfaceControl( 3604): show, t=StartTransaction_SyncId<830>, sc=Surface(name=Task=6999)/@0x7273c19, caller=com.android.wm.shell.util.TransitionUtil.createLeash:127 com.android.wm.shell.util.TransitionUtil.newTarget:2 com.android.wm.shell.util.TransitionUtil.newTarget:1 com.android.systemui.shared.system.RemoteAnimationTargetCompat.wrap:48 com.android.systemui.shared.system.RemoteAnimationTargetCompat.wrapApps:5 com.android.systemui.shared.system.RemoteAnimationRunnerCompat$1.startAnimation:19 
10-13 20:33:32.836 I/SurfaceFlinger( 1560): id=17704 createSurf, flag=84000, Surface(name=Task=1)/@0x6ecc6bf_transition-leash#17704
10-13 20:33:32.837 I/SurfaceControl( 3604): show, t=StartTransaction_SyncId<830>, sc=Surface(name=Task=1)/@0x6ecc6bf, caller=com.android.wm.shell.util.TransitionUtil.createLeash:127 com.android.wm.shell.util.TransitionUtil.newTarget:2 com.android.wm.shell.util.TransitionUtil.newTarget:1 com.android.systemui.shared.system.RemoteAnimationTargetCompat.wrap:48 com.android.systemui.shared.system.RemoteAnimationTargetCompat.wrapApps:5 com.android.systemui.shared.system.RemoteAnimationRunnerCompat$1.startAnimation:19 
10-13 20:33:32.837 I/SurfaceControl( 3604): apply is called, name=StartTransaction_SyncId<830>, caller=android.view.SurfaceControl$Transaction.apply:2933 com.android.systemui.shared.system.RemoteAnimationRunnerCompat$1.startAnimation:658 android.window.IRemoteTransition$Stub.onTransact:131 android.os.Binder.execTransactInternal:1380 android.os.Binder.execTransact:1311 <bottom of call stack> 
10-13 20:33:32.837 I/HoneySpace.ShellAnimationRunner( 3604): [onAnimationStart] appTarget(0) : taskId-6999, mode-0
10-13 20:33:32.837 I/HoneySpace.ShellAnimationRunner( 3604): [onAnimationStart] appTarget(1) : taskId-1, mode-1
10-13 20:33:32.837 I/HoneySpace.ShellTransitionManager( 3604): open animation start
10-13 20:33:32.837 I/HoneySpace.ShellAnimationRunner( 3604): finishExistingAnimation, null
10-13 20:33:32.837 I/HoneySpace.AppLaunchAnimationDelegate( 3604): onAnimationStart
10-13 20:33:32.837 I/HoneySpace.AppLaunchAnimationDelegate( 3604): composeIconLaunchAnimator
10-13 20:33:32.837 I/HoneySpace.TransitionUtils( 3604): areAllTargetsTranslucent - false
10-13 20:33:32.837 I/HoneySpace.TransitionUtils( 3604): getWindowTargetBounds: Rect(0, 0 - 1080, 2340)
10-13 20:33:32.839 I/Layer   ( 1560): Layer::reparent [56fa254 NavigationBar0#72] newParent : Surface(name=56fa254 NavigationBar0)/@0x7d8d986 - animation-leash of insets_animation#17700 , isRemovedFromCurrentState : 0 -------------------------
10-13 20:33:32.839 I/Layer   ( 1560): Layer::reparent [56fa254 NavigationBar0#72] End -------------------------
10-13 20:33:32.839 I/Layer   ( 1560): Layer::reparent [Surface(name=56fa254 NavigationBar0)/@0x7d8d986 - animation-leash of insets_animation#17688] newParentHandle : null -------------------------
10-13 20:33:32.839 I/Layer   ( 1560): id=17688 removeFromCurrentState Surface(name=56fa254 NavigationBar0)/@0x7d8d986 - animation-leash of insets_animation#17688 (129)
10-13 20:33:32.839 I/Layer   ( 1560): Layer::reparent [Surface(name=56fa254 NavigationBar0)/@0x7d8d986 - animation-leash of insets_animation#17688] End -------------------------
10-13 20:33:32.839 I/Layer   ( 1560): Layer::reparent [5b668db StatusBar#80] newParent : Surface(name=5b668db StatusBar)/@0x8ca1be3 - animation-leash of insets_animation#17701 , isRemovedFromCurrentState : 0 -------------------------
10-13 20:33:32.839 I/Layer   ( 1560): Layer::reparent [5b668db StatusBar#80] End -------------------------
10-13 20:33:32.839 I/Layer   ( 1560): Layer::reparent [Surface(name=5b668db StatusBar)/@0x8ca1be3 - animation-leash of insets_animation#17689] newParentHandle : null -------------------------
10-13 20:33:32.839 I/Layer   ( 1560): id=17689 removeFromCurrentState Surface(name=5b668db StatusBar)/@0x8ca1be3 - animation-leash of insets_animation#17689 (129)
10-13 20:33:32.839 I/Layer   ( 1560): Layer::reparent [Surface(name=5b668db StatusBar)/@0x8ca1be3 - animation-leash of insets_animation#17689] End -------------------------
10-13 20:33:32.839 I/Layer   ( 1560): Layer::reparent [Surface(name=Task=1)/@0x6ecc6bf_transition-leash#17704] newParent : Transition Root: Task=6999#17699 , isRemovedFromCurrentState : 0 -------------------------
10-13 20:33:32.839 I/Layer   ( 1560): Layer::reparent [Surface(name=Task=1)/@0x6ecc6bf_transition-leash#17704] End -------------------------
10-13 20:33:32.839 I/Layer   ( 1560): Layer::reparent [Surface(name=Task=6999)/@0x7273c19_transition-leash#17703] newParent : Transition Root: Task=6999#17699 , isRemovedFromCurrentState : 0 -------------------------
10-13 20:33:32.839 I/Layer   ( 1560): Layer::reparent [Surface(name=Task=6999)/@0x7273c19_transition-leash#17703] End -------------------------
10-13 20:33:32.839 I/Layer   ( 1560): Layer::reparent [Task=1#52] newParent : Surface(name=Task=1)/@0x6ecc6bf_transition-leash#17704 , isRemovedFromCurrentState : 0 -------------------------
10-13 20:33:32.839 I/Layer   ( 1560): Layer::reparent [Task=1#52] End -------------------------
10-13 20:33:32.839 I/Layer   ( 1560): Layer [Splash Screen com.csparks113.MorseCodeApp$_3203#17698] hidden!! flag(0)
10-13 20:33:32.839 I/Layer   ( 1560): Layer [Transition Root: Task=6999#17699] hidden!! flag(0)
10-13 20:33:32.839 I/Layer   ( 1560): Layer [Task=6999#17695] hidden!! flag(0)
10-13 20:33:32.839 I/Layer   ( 1560): Layer::reparent [Task=6999#17695] newParent : Surface(name=Task=6999)/@0x7273c19_transition-leash#17703 , isRemovedFromCurrentState : 0 -------------------------
10-13 20:33:32.840 I/Layer   ( 1560): Layer::reparent [Task=6999#17695] End -------------------------
10-13 20:33:32.840 I/Layer   ( 1560): Layer [9ee4f8d Splash Screen com.csparks113.MorseCodeApp#17697] hidden!! flag(0)
10-13 20:33:32.840 I/Layer   ( 1560): Layer [ActivityRecord{af902ea u0 com.csparks113.MorseCodeApp/.MainActivity t6999}#17696] hidden!! flag(0)
10-13 20:33:32.840 I/SurfaceFlinger( 1560): id=17689 Removed Surface(name=5b668db StatusBar)/@0x8ca1be3 - animation-leash of insets_animation#17689 (129)
10-13 20:33:32.840 I/SurfaceFlinger( 1560): id=17688 Removed Surface(name=56fa254 NavigationBar0)/@0x7d8d986 - animation-leash of insets_animation#17688 (129)
10-13 20:33:32.845 I/13.MorseCodeApp(22830): Using CollectorTypeCMC GC.
10-13 20:33:32.846 I/AppIconSolution( 3604): getThemeIconWithBG called with public API, pkg = com.csparks113.MorseCodeApp, mode = 48
10-13 20:33:32.846 I/AppIconSolution( 3604): return adaptive icon for com.csparks113.MorseCodeApp, isNight = false
10-13 20:33:32.846 I/LauncherActivityInfo( 3604): packageName: com.csparks113.MorseCodeApp, useThemeIcon: false, height: 288, width: 288, density: 640
10-13 20:33:32.846 I/HoneySpace.ContentsAnimator( 3604): from : 0.0
10-13 20:33:32.847 I/HoneySpace.AppTransitionAnimationAwait( 3604): prepare 1
10-13 20:33:32.847 I/HoneySpace.ContentsAnimator( 3604): ContentsAnimator start
10-13 20:33:32.847 I/HoneySpace.WallpaperAnimator( 3604): isOpen: true, from: 1.0, to: 1.3
10-13 20:33:32.847 I/HoneySpace.WallpaperAnimator( 3604): wallpaper animation start
10-13 20:33:32.847 I/HoneySpace.AnimationResult( 3604): setAnimation, animation: false
10-13 20:33:32.847 I/HoneySpace.AppLaunchAnimationDelegate( 3604): [AppLaunch] START
10-13 20:33:32.847 I/HoneySpace.HoneySystemControllerImpl( 3604): isRecentsActivityIdleState false
10-13 20:33:32.848 I/Layer   ( 1560): id=17689 Destroyed Surface(name=5b668db StatusBar)/@0x8ca1be3 - animation-leash of insets_animation#17689
10-13 20:33:32.848 I/Layer   ( 1560): id=17688 Destroyed Surface(name=56fa254 NavigationBar0)/@0x7d8d986 - animation-leash of insets_animation#17688
10-13 20:33:32.848 I/WindowManager( 2385): Reparenting to leash, surface=Surface(name=RemoteWallpaperAnim:1:1)/@0x8aae289, leashParent=Surface(name=OneHanded:0:14)/@0xbe628e
10-13 20:33:32.848 I/SurfaceFlinger( 1560): id=17705 createSurf, flag=24000, Surface(name=RemoteWallpaperAnim:1:1)/@0x8aae289 - animation-leash of remote_wallpaper#17705
10-13 20:33:32.848 D/WindowManager( 2385): makeSurface duration=1 leash=Surface(name=Surface(name=RemoteWallpaperAnim:1:1)/@0x8aae289 - animation-leash of remote_wallpaper)/@0x335cfc6
10-13 20:33:32.849 I/ViewRootImpl@10d93d7[LauncherActivity]( 3604): mWNT: t=0xb4000070cf2ba4d0 mBlastBufferQueue=0xb400006fcf21dfb0 fn= 250 mRenderHdrSdrRatio=1.0 caller= com.android.systemui.shared.launcher.ViewRootImplCompat.mergeWithNextTransaction:4 com.honeyspace.transition.utils.SurfaceTransactionApplier.scheduleApply$lambda$1:26 com.honeyspace.transition.utils.SurfaceTransactionApplier.c:0 
10-13 20:33:32.849 I/ViewRootImpl@10d93d7[LauncherActivity]( 3604): mWNT: t=0xb4000070cf2de650 mBlastBufferQueue=0xb400006fcf21dfb0 fn= 250 mRenderHdrSdrRatio=1.0 caller= com.android.systemui.shared.launcher.ViewRootImplCompat.mergeWithNextTransaction:4 com.honeyspace.transition.utils.SurfaceTransactionApplier.scheduleApply$lambda$1:26 com.honeyspace.transition.utils.SurfaceTransactionApplier.c:0 
10-13 20:33:32.849 I/ViewRootImpl@10d93d7[LauncherActivity]( 3604): mWNT: t=0xb4000070cf266db0 mBlastBufferQueue=0xb400006fcf21dfb0 fn= 250 mRenderHdrSdrRatio=1.0 caller= com.android.systemui.shared.launcher.ViewRootImplCompat.mergeWithNextTransaction:4 com.honeyspace.transition.utils.SurfaceTransactionApplier.scheduleApply$lambda$1:26 com.honeyspace.transition.utils.SurfaceTransactionApplier.c:0 
10-13 20:33:32.849 I/ViewRootImpl@10d93d7[LauncherActivity]( 3604): mWNT: t=0xb4000070cf2bde90 mBlastBufferQueue=0xb400006fcf21dfb0 fn= 250 mRenderHdrSdrRatio=1.0 caller= com.android.systemui.shared.launcher.ViewRootImplCompat.mergeWithNextTransaction:4 com.honeyspace.transition.utils.SurfaceTransactionApplier.scheduleApply$lambda$1:26 com.honeyspace.transition.utils.SurfaceTransactionApplier.c:0 
10-13 20:33:32.850 D/WindowManager( 2385): startAnimation for remote wallpaper, leash=Surface(name=Surface(name=RemoteWallpaperAnim:1:1)/@0x8aae289 - animation-leash of remote_wallpaper)/@0x335cfc6
10-13 20:33:32.850 D/WindowManager( 2385): startRemoteWallpaperAnimation, d=0, leash=Surface(name=Surface(name=RemoteWallpaperAnim:1:1)/@0x8aae289 - animation-leash of remote_wallpaper)/@0x335cfc6
10-13 20:33:32.850 I/HoneySpace.WallpaperAnimator( 3604): wallpaperSurface get
10-13 20:33:32.851 D/nativeloader(22830): Load libframework-connectivity-tiramisu-jni.so using APEX ns com_android_tethering for caller /apex/com.android.tethering/javalib/framework-connectivity-t.jar: ok
10-13 20:33:32.853 I/adbd    ( 4194): jdwp connection from 22830
10-13 20:33:32.854 D/ActivityThread(22830): setConscryptValidator
10-13 20:33:32.854 D/ActivityThread(22830): setConscryptValidator - put
10-13 20:33:32.855 I/ViewRootImpl@10d93d7[LauncherActivity]( 3604): mWNT: t=0xb4000070cf2d16b0 mBlastBufferQueue=0xb400006fcf21dfb0 fn= 251 mRenderHdrSdrRatio=1.0 caller= com.android.systemui.shared.launcher.ViewRootImplCompat.mergeWithNextTransaction:4 com.honeyspace.transition.utils.SurfaceTransactionApplier.scheduleApply$lambda$1:26 com.honeyspace.transition.utils.SurfaceTransactionApplier.c:0 
10-13 20:33:32.858 V/WindowManager( 2385): rotationForOrientation(orient=SCREEN_ORIENTATION_PORTRAIT (1), last=ROTATION_0 (0)); user=ROTATION_0 (0) USER_ROTATION_LOCKED
10-13 20:33:32.858 D/WindowManager( 2385): rotationForOrientation, orientationSource=ActivityRecord{af902ea u0 com.csparks113.MorseCodeApp/.MainActivity t6999}
10-13 20:33:32.858 V/WindowManager( 2385): Computed rotation=ROTATION_0 (0) for display id=0 based on lastOrientation=SCREEN_ORIENTATION_PORTRAIT (1) and oldRotation=ROTATION_0 (0), caller=com.android.server.wm.DisplayRotation.updateOrientation:525 com.android.server.wm.DisplayContent.updateOrientation:2181 com.android.server.wm.DisplayContent.updateOrientation:2097 com.android.server.wm.RootWindowContainer.ensureVisibilityAndConfig:2083 com.android.server.wm.ActivityTaskSupervisor.realStartActivityLocked:956 com.android.server.wm.RootWindowContainer$AttachApplicationHelper.test:4369 
10-13 20:33:32.859 D/SGM:PkgDataHelper( 2385): notifyAppCreate(), pkgName: com.csparks113.MorseCodeApp, userId: 0, sendRet: true
10-13 20:33:32.859 D/SGM:FgCheckThread( 2385): onLooperPrepared(), msg: MSG_APP_CREATE, pkgName: com.csparks113.MorseCodeApp, userId: 0
10-13 20:33:32.859 D/SGM:FgCheckThread( 2385): TaskStackListener.onTaskFocusChanged(), taskId=6789, focused=false
10-13 20:33:32.859 D/SGM:FgCheckThread( 2385): TaskStackListener.onTaskFocusChanged(), taskId=6999, focused=true
10-13 20:33:32.859 D/SGM:FgCheckThread( 2385):   sendRunningComponentFocus(), pkgName: com.csparks113.MorseCodeApp, userId: 0
10-13 20:33:32.859 I/ViewRootImpl@10d93d7[LauncherActivity]( 3604): mWNT: t=0xb4000070cf2c96d0 mBlastBufferQueue=0xb400006fcf21dfb0 fn= 252 mRenderHdrSdrRatio=1.0 caller= com.android.systemui.shared.launcher.ViewRootImplCompat.mergeWithNextTransaction:4 com.honeyspace.transition.utils.SurfaceTransactionApplier.scheduleApply$lambda$1:26 com.honeyspace.transition.utils.SurfaceTransactionApplier.c:0 
10-13 20:33:32.859 D/SGM:FgCheckThread( 2385): onLooperPrepared(), msg: MSG_TASK_FOCUSED, pkgName: com.csparks113.MorseCodeApp, userId: 0
10-13 20:33:32.859 D/SGM:FgCheckThread( 2385): handleTaskFocused().
10-13 20:33:32.859 D/SGM:FgCheckThread( 2385):   handleTaskFocused(), pkgName: com.csparks113.MorseCodeApp, userID:0
10-13 20:33:32.860 D/InputDispatcher( 2385): Focused application(0): ActivityRecord{af902ea u0 com.csparks113.MorseCodeApp/.MainActivity t6999}
10-13 20:33:32.860 D/SGM:FgCheckThread( 2385): TaskStackListener.onTaskFocusChanged(), taskId=6789, focused=false
10-13 20:33:32.860 D/SGM:FgCheckThread( 2385): TaskStackListener.onTaskFocusChanged(), taskId=6999, focused=true
10-13 20:33:32.860 D/SGM:FgCheckThread( 2385):   sendRunningComponentFocus(), pkgName: com.csparks113.MorseCodeApp, userId: 0
10-13 20:33:32.860 D/SGM:FgCheckThread( 2385): handleResume().
10-13 20:33:32.860 D/SGM:FgCheckThread( 2385): sendFocusOutConditionally() - mPrevNotiPkg: KILL_YOURSELF, userId: 0
10-13 20:33:32.860 D/SGM:FgCheckThread( 2385):   handleResume(). pkgName: com.csparks113.MorseCodeApp, userId: 0, isTunableApp: null
10-13 20:33:32.860 D/SGM:FgCheckThread( 2385): notifyFocusInOut(). of pkg: com.csparks113.MorseCodeApp, type: 4, isTunableApp: false, userId: 0
10-13 20:33:32.860 D/SGM:FgCheckThread( 2385):   notifyFocusInOut(). do nothing. mKillNotiCount: 1
10-13 20:33:32.860 D/SGM:SystemHelper( 2385): callReleaseBlock needReleaseBlock:false
10-13 20:33:32.860 D/SGM:FgCheckThread( 2385): onLooperPrepared(), msg: MSG_TASK_FOCUSED, pkgName: com.csparks113.MorseCodeApp, userId: 0
10-13 20:33:32.860 D/SGM:FgCheckThread( 2385): handleTaskFocused().
10-13 20:33:32.861 D/SGM:FgCheckThread( 2385):   handleTaskFocused(), pkgName: com.csparks113.MorseCodeApp, userID:0
10-13 20:33:32.861 D/SGM:FgCheckThread( 2385): handleResume().
10-13 20:33:32.861 D/SGM:FgCheckThread( 2385):   handleResume(). same package with Prev KILL_YOURSELF. ignore
10-13 20:33:32.861 D/ActivityTaskManager( 2385): scheduleTopResumedActivityChanged, onTop=true, r=ActivityRecord{af902ea u0 com.csparks113.MorseCodeApp/.MainActivity t6999}, caller=com.android.server.wm.ActivityTaskSupervisor.scheduleTopResumedActivityStateIfNeeded:2904 com.android.server.wm.ActivityTaskSupervisor.updateTopResumedActivityIfNeeded:2896 com.android.server.wm.TaskFragment.setResumedActivity:580 com.android.server.wm.TaskFragment.onActivityStateChanged:904 com.android.server.wm.ActivityRecord.setState:6892 com.android.server.wm.Task.minimalResumeActivityLocked:6255 
10-13 20:33:32.862 D/WindowManagerServiceExt( 2385): notifyOccludeChangeNotice: cn=ComponentInfo{com.csparks113.MorseCodeApp/com.csparks113.MorseCodeApp.MainActivity} occludesParent=true isInSplitScreenMode=false styleFloating=false caller=com.android.server.wm.ActivityRecord.completeResumeLocked:7556 com.android.server.wm.Task.minimalResumeActivityLocked:6256 com.android.server.wm.ActivityTaskSupervisor.realStartActivityLocked:1187 com.android.server.wm.RootWindowContainer$AttachApplicationHelper.test:4369 com.android.server.wm.RootWindowContainer$AttachApplicationHelper.test:4305 
10-13 20:33:32.863 D/AS.MultiSoundManager( 2385): mForegroundUid = 10481
10-13 20:33:32.863 I/HoneySpace.TopTaskSource( 3604): onTaskFocusChanged(): taskId = 6999
10-13 20:33:32.863 I/HoneySpace.TopTaskSource( 3604): onTaskFocusChanged(): taskId = 6999
10-13 20:33:32.863 I/HoneySpace.TopTaskSource( 3604): onTaskMovedToFront : taskId = 6999
10-13 20:33:32.863 D/SGM:GameManager( 2385): identifyGamePackage. com.csparks113.MorseCodeApp, mCurrentUserId: 0, callerUserId: 0, callingMethodInfo: com.samsung.android.game.SemGameManager.isGamePackage(SemGameManager.java:111)
10-13 20:33:32.863 I/HoneySpace.TopTaskSource( 3604): onTaskMovedToFront : taskId = 6999
10-13 20:33:32.863 D/SGM:PkgDataHelper( 2385): getGamePkgData(). com.csparks113.MorseCodeApp
10-13 20:33:32.863 D/SGM:SemGameManager( 2385): isGamePackage(), pkgName=com.csparks113.MorseCodeApp, ret=false
10-13 20:33:32.863 D/SGM:FgCheckThread( 2385): noteResumeComponent(), received pkgName: com.csparks113.MorseCodeApp, userId: 0
10-13 20:33:32.863 I/HoneySpace.TopTaskUseCase( 3604): topTasks 6999 ComponentInfo{com.csparks113.MorseCodeApp/com.csparks113.MorseCodeApp.MainActivity}
10-13 20:33:32.864 I/GameSDK@LifeCycle( 2385): noteResumeComponent(): package name  : com.csparks113.MorseCodeApp
10-13 20:33:32.864 D/SGM:FgCheckThread( 2385): onLooperPrepared(), msg: MSG_APP_RESUME, pkgName: com.csparks113.MorseCodeApp, userid: 0
10-13 20:33:32.864 D/SGM:FgCheckThread( 2385): handleResume().
10-13 20:33:32.864 D/SGM:FgCheckThread( 2385):   handleResume(). same package with Prev KILL_YOURSELF. ignore
10-13 20:33:32.864 I/CocktailBarManagerServiceContainer( 2385): handleMessage: entry what = 5
10-13 20:33:32.864 I/Layer   ( 1560): Layer::reparent [RemoteWallpaperAnim:1:1#8] newParent : Surface(name=RemoteWallpaperAnim:1:1)/@0x8aae289 - animation-leash of remote_wallpaper#17705 , isRemovedFromCurrentState : 0 -------------------------
10-13 20:33:32.864 I/Layer   ( 1560): Layer::reparent [RemoteWallpaperAnim:1:1#8] End -------------------------
10-13 20:33:32.866 I/ActivityManager( 2385): Changes in 10481 19 to 2, 0 to 63
10-13 20:33:32.866 I/Edge.ActivityUtils( 3604): HomePackage : com.sec.android.app.launcher, resumePackageName : com.csparks113.MorseCodeApp
10-13 20:33:32.866 I/ViewRootImpl@10d93d7[LauncherActivity]( 3604): mWNT: t=0xb4000070cf250830 mBlastBufferQueue=0xb400006fcf21dfb0 fn= 253 mRenderHdrSdrRatio=1.0 caller= com.android.systemui.shared.launcher.ViewRootImplCompat.mergeWithNextTransaction:4 com.honeyspace.transition.utils.SurfaceTransactionApplier.scheduleApply$lambda$1:26 com.honeyspace.transition.utils.SurfaceTransactionApplier.c:0 
10-13 20:33:32.867 D/PkgPredictorService-SecIpmManagerServiceImpl( 2385): onForegroundActivitiesChanged pid:22830 uid:10481
10-13 20:33:32.868 D/SurfaceFlinger( 1560): Display 4630947232161729154 HWC layers:
10-13 20:33:32.868 D/SurfaceFlinger( 1560):      CLIENT | 0xb400007dd5c3ede0 | 0100 | RGBA_8888    |   67.0   17.0 1131.0 2323.0 |    0    0 1080 2340 | Wallpaper BBQ wrapper 5_system#76
10-13 20:33:32.868 D/SurfaceFlinger( 1560):      CLIENT | 0xb400007dd5c36a40 | 0100 | RGBA_8888    |    0.0    0.0 1080.0 2340.0 |    0    0 1080 2340 | com.sec.android.app.launcher/com.sec[...]ivities.LauncherActivity$_3604#17687 (blurRegions)
10-13 20:33:32.868 D/SurfaceFlinger( 1560):      CLIENT | 0xb400007dd5c5aec0 | 0100 | RGBA_8888    |    0.0  532.0 1080.0 1612.0 |  826  900 1005 1079 | Splash Screen com.csparks113.MorseCodeApp$_3203#17698
10-13 20:33:32.868 D/SurfaceFlinger( 1560):      DEVICE | 0xb400007dd5c43d30 | 0100 | RGBA_8888    |    0.0    0.0 1080.0   74.0 |    0    0 1080   74 | StatusBar$_3203#87
10-13 20:33:32.868 D/SurfaceFlinger( 1560):      DEVICE | 0xb400007dd5c446c0 | 0100 | RGBA_8888    |    0.0    0.0   67.0  441.0 | 1013  565 1080 1006 | com.sec.android.app.launcher/com.sam[...].edge.CocktailBarService$_3604#17434
10-13 20:33:32.868 D/SurfaceFlinger( 1560):      DEVICE | 0xb400007dd5c56fc0 | 0100 | RGBA_8888    |    0.0    0.0 1080.0  135.0 |    0 2205 1080 2340 | NavigationBar0$_3203#83
10-13 20:33:32.868 D/SurfaceFlinger( 1560): 
10-13 20:33:32.869 D/HidDeviceService( 4159): handleMessage(): msg.what=8
10-13 20:33:32.870 V/NetworkPolicy( 2385): getFirewallRuleWifi UID:10481 policy:0
10-13 20:33:32.871 D/SGM:GameManager( 2385): identifyForegroundApp. com.csparks113.MorseCodeApp, mCurrentUserId: 0, callerUserId: 0
10-13 20:33:32.872 D/SGM:PkgDataHelper( 2385): getGamePkgData(). com.csparks113.MorseCodeApp
10-13 20:33:32.872 I/e       (28101): [#GPP#] Is foreground game app: false
10-13 20:33:32.872 I/e       (28101): [#GPP#] Send sendSystemConditionChangeNotification 
10-13 20:33:32.872 D/CompatibilityChangeReporter(22830): Compat change id reported: 171979766; UID 10481; state: ENABLED
10-13 20:33:32.872 D/CompatibilityChangeReporter(22830): Compat change id reported: 242716250; UID 10481; state: ENABLED
10-13 20:33:32.875 I/ViewRootImpl@10d93d7[LauncherActivity]( 3604): mWNT: t=0xb4000070cf2d5a10 mBlastBufferQueue=0xb400006fcf21dfb0 fn= 254 mRenderHdrSdrRatio=1.0 caller= com.android.systemui.shared.launcher.ViewRootImplCompat.mergeWithNextTransaction:4 com.honeyspace.transition.utils.SurfaceTransactionApplier.scheduleApply$lambda$1:26 com.honeyspace.transition.utils.SurfaceTransactionApplier.c:0 
10-13 20:33:32.876 D/CompatibilityChangeReporter( 2385): Compat change id reported: 170503758; UID 10481; state: ENABLED
10-13 20:33:32.881 D/nativeloader(22830): Configuring clns-4 for other apk /data/app/~~ErfVK0nfRf7FiiyLTEpf2g==/com.csparks113.MorseCodeApp-UqTpRymPaX0kGYGmw0fg1w==/base.apk. target_sdk_version=36, uses_libraries=, library_path=/data/app/~~ErfVK0nfRf7FiiyLTEpf2g==/com.csparks113.MorseCodeApp-UqTpRymPaX0kGYGmw0fg1w==/lib/arm64:/data/app/~~ErfVK0nfRf7FiiyLTEpf2g==/com.csparks113.MorseCodeApp-UqTpRymPaX0kGYGmw0fg1w==/base.apk!/lib/arm64-v8a, permitted_path=/data:/mnt/expand:/data/user/0/com.csparks113.MorseCodeApp
10-13 20:33:32.883 I/ViewRootImpl@10d93d7[LauncherActivity]( 3604): mWNT: t=0xb4000070cf2c4df0 mBlastBufferQueue=0xb400006fcf21dfb0 fn= 255 mRenderHdrSdrRatio=1.0 caller= com.android.systemui.shared.launcher.ViewRootImplCompat.mergeWithNextTransaction:4 com.honeyspace.transition.utils.SurfaceTransactionApplier.scheduleApply$lambda$1:26 com.honeyspace.transition.utils.SurfaceTransactionApplier.c:0 
10-13 20:33:32.886 D/nativeloader(22830): Load libframework-connectivity-jni.so using APEX ns com_android_tethering for caller /apex/com.android.tethering/javalib/framework-connectivity.jar: ok
10-13 20:33:32.887 E/VpnManagerService( 2385): Exception occured while trying to get the getProxyInfoForUid for knoxvpn uid 10481
10-13 20:33:32.888 D/VpnManagerService( 2385): Exception: java.lang.NullPointerException: Attempt to invoke interface method 'int com.samsung.android.knox.zt.networktrust.filter.IKnoxNetworkFilterService.getKnoxNwFilterHttpProxyPort(int, java.lang.String)' on a null object reference
10-13 20:33:32.888 D/VpnManagerService( 2385): 	at com.android.server.VpnManagerService.getKnoxNwFilterHttpProxyPort(VpnManagerService.java:1967)
10-13 20:33:32.888 D/VpnManagerService( 2385): 	at com.android.server.VpnManagerService.getKnoxVpnZtnaProxyInfoForUid(VpnManagerService.java:1265)
10-13 20:33:32.888 D/VpnManagerService( 2385): 	at android.net.IVpnManager$Stub.onTransact(IVpnManager.java:794)
10-13 20:33:32.888 D/VpnManagerService( 2385): 	at android.os.Binder.execTransactInternal(Binder.java:1375)
10-13 20:33:32.888 D/VpnManagerService( 2385): 	at android.os.Binder.execTransact(Binder.java:1311)
10-13 20:33:32.890 V/GraphicsEnvironment(22830): Currently set values for:
10-13 20:33:32.890 V/GraphicsEnvironment(22830):   angle_gl_driver_selection_pkgs=[]
10-13 20:33:32.890 V/GraphicsEnvironment(22830):   angle_gl_driver_selection_values=[]
10-13 20:33:32.890 V/GraphicsEnvironment(22830): ANGLE GameManagerService for com.csparks113.MorseCodeApp: false
10-13 20:33:32.890 V/GraphicsEnvironment(22830): com.csparks113.MorseCodeApp is not listed in per-application setting
10-13 20:33:32.890 V/GraphicsEnvironment(22830): App is not on the allowlist for updatable production driver.
10-13 20:33:32.891 I/ViewRootImpl@10d93d7[LauncherActivity]( 3604): mWNT: t=0xb4000070cf294d50 mBlastBufferQueue=0xb400006fcf21dfb0 fn= 256 mRenderHdrSdrRatio=1.0 caller= com.android.systemui.shared.launcher.ViewRootImplCompat.mergeWithNextTransaction:4 com.honeyspace.transition.utils.SurfaceTransactionApplier.scheduleApply$lambda$1:26 com.honeyspace.transition.utils.SurfaceTransactionApplier.c:0 
10-13 20:33:32.893 I/SDHMS:l ( 5627): onTaskStackChanged
10-13 20:33:32.894 I/SemDvfsHyPerManager( 5627): acquire hyper - BaseTABoost/5627@21, type = 1090523139
10-13 20:33:32.894 I/HYPER-HAL( 1451): [RequestManager.cpp]acquire(): Acquired ID : 15952797  [5627 / 21]    HINT :      list : [TABoost / 1] 
10-13 20:33:32.895 I/bnit    ( 7710): onPause
10-13 20:33:32.895 I/HoneySpace.RecentTasks( 3604): onRecentTasksChanged
10-13 20:33:32.900 I/ViewRootImpl@10d93d7[LauncherActivity]( 3604): mWNT: t=0xb4000070cf2ba630 mBlastBufferQueue=0xb400006fcf21dfb0 fn= 257 mRenderHdrSdrRatio=1.0 caller= com.android.systemui.shared.launcher.ViewRootImplCompat.mergeWithNextTransaction:4 com.honeyspace.transition.utils.SurfaceTransactionApplier.scheduleApply$lambda$1:26 com.honeyspace.transition.utils.SurfaceTransactionApplier.c:0 
10-13 20:33:32.900 D/StatusBarIconController( 3203): ignoring old pipeline callbacks, because the new mobile icons are enabled
10-13 20:33:32.907 I/ViewRootImpl@10d93d7[LauncherActivity]( 3604): mWNT: t=0xb4000070cf2a6b50 mBlastBufferQueue=0xb400006fcf21dfb0 fn= 258 mRenderHdrSdrRatio=1.0 caller= com.android.systemui.shared.launcher.ViewRootImplCompat.mergeWithNextTransaction:4 com.honeyspace.transition.utils.SurfaceTransactionApplier.scheduleApply$lambda$1:26 com.honeyspace.transition.utils.SurfaceTransactionApplier.c:0 
10-13 20:33:32.917 I/ViewRootImpl@10d93d7[LauncherActivity]( 3604): mWNT: t=0xb4000070cf20bd90 mBlastBufferQueue=0xb400006fcf21dfb0 fn= 259 mRenderHdrSdrRatio=1.0 caller= com.android.systemui.shared.launcher.ViewRootImplCompat.mergeWithNextTransaction:4 com.honeyspace.transition.utils.SurfaceTransactionApplier.scheduleApply$lambda$1:26 com.honeyspace.transition.utils.SurfaceTransactionApplier.c:0 
10-13 20:33:32.926 I/ViewRootImpl@10d93d7[LauncherActivity]( 3604): mWNT: t=0xb4000070cf25d7d0 mBlastBufferQueue=0xb400006fcf21dfb0 fn= 260 mRenderHdrSdrRatio=1.0 caller= com.android.systemui.shared.launcher.ViewRootImplCompat.mergeWithNextTransaction:4 com.honeyspace.transition.utils.SurfaceTransactionApplier.scheduleApply$lambda$1:26 com.honeyspace.transition.utils.SurfaceTransactionApplier.c:0 
10-13 20:33:32.933 I/ViewRootImpl@10d93d7[LauncherActivity]( 3604): mWNT: t=0xb4000070cf2d7430 mBlastBufferQueue=0xb400006fcf21dfb0 fn= 261 mRenderHdrSdrRatio=1.0 caller= com.android.systemui.shared.launcher.ViewRootImplCompat.mergeWithNextTransaction:4 com.honeyspace.transition.utils.SurfaceTransactionApplier.scheduleApply$lambda$1:26 com.honeyspace.transition.utils.SurfaceTransactionApplier.c:0 
10-13 20:33:32.941 I/ViewRootImpl@10d93d7[LauncherActivity]( 3604): mWNT: t=0xb4000070cf22d5d0 mBlastBufferQueue=0xb400006fcf21dfb0 fn= 262 mRenderHdrSdrRatio=1.0 caller= com.android.systemui.shared.launcher.ViewRootImplCompat.mergeWithNextTransaction:4 com.honeyspace.transition.utils.SurfaceTransactionApplier.scheduleApply$lambda$1:26 com.honeyspace.transition.utils.SurfaceTransactionApplier.c:0 
10-13 20:33:32.950 I/ViewRootImpl@10d93d7[LauncherActivity]( 3604): mWNT: t=0xb4000070cf26e550 mBlastBufferQueue=0xb400006fcf21dfb0 fn= 263 mRenderHdrSdrRatio=1.0 caller= com.android.systemui.shared.launcher.ViewRootImplCompat.mergeWithNextTransaction:4 com.honeyspace.transition.utils.SurfaceTransactionApplier.scheduleApply$lambda$1:26 com.honeyspace.transition.utils.SurfaceTransactionApplier.c:0 
10-13 20:33:32.963 I/ViewRootImpl@10d93d7[LauncherActivity]( 3604): mWNT: t=0xb4000070cf2ae2f0 mBlastBufferQueue=0xb400006fcf21dfb0 fn= 264 mRenderHdrSdrRatio=1.0 caller= com.android.systemui.shared.launcher.ViewRootImplCompat.mergeWithNextTransaction:4 com.honeyspace.transition.utils.SurfaceTransactionApplier.scheduleApply$lambda$1:26 com.honeyspace.transition.utils.SurfaceTransactionApplier.c:0 
10-13 20:33:32.969 D/nativeloader(22830): Load /data/app/~~ErfVK0nfRf7FiiyLTEpf2g==/com.csparks113.MorseCodeApp-UqTpRymPaX0kGYGmw0fg1w==/base.apk!/lib/arm64-v8a/libmorseNitro.so using class loader ns clns-4 (caller=/data/app/~~ErfVK0nfRf7FiiyLTEpf2g==/com.csparks113.MorseCodeApp-UqTpRymPaX0kGYGmw0fg1w==/base.apk!classes20.dex): ok
10-13 20:33:32.970 I/Nitro.HybridObjectRegistry(22830): Registering HybridObject "OutputsAudio"...
10-13 20:33:32.970 I/Nitro.HybridObjectRegistry(22830): Successfully registered HybridObject "OutputsAudio"!
10-13 20:33:32.970 W/SoLoader(22830): Initializing SoLoader: 0
10-13 20:33:32.970 W/SoLoader(22830): Recording new base apk path: /data/app/~~ErfVK0nfRf7FiiyLTEpf2g==/com.csparks113.MorseCodeApp-UqTpRymPaX0kGYGmw0fg1w==/base.apk
10-13 20:33:32.970 W/SoLoader(22830): Previously recorded 0 base apk paths.
10-13 20:33:32.971 I/ViewRootImpl@10d93d7[LauncherActivity]( 3604): mWNT: t=0xb4000070cf29ad90 mBlastBufferQueue=0xb400006fcf21dfb0 fn= 265 mRenderHdrSdrRatio=1.0 caller= com.android.systemui.shared.launcher.ViewRootImplCompat.mergeWithNextTransaction:4 com.honeyspace.transition.utils.SurfaceTransactionApplier.scheduleApply$lambda$1:26 com.honeyspace.transition.utils.SurfaceTransactionApplier.c:0 
10-13 20:33:32.971 I/SoLoader(22830): Preparing SO source: DirectorySoSource[root = /vendor/lib64 flags = 2]
10-13 20:33:32.971 I/SoLoader(22830): Preparing SO source: DirectorySoSource[root = /system/lib64 flags = 2]
10-13 20:33:32.971 I/SoLoader(22830): Preparing SO source: DirectApkSoSource[root = [/data/app/~~ErfVK0nfRf7FiiyLTEpf2g==/com.csparks113.MorseCodeApp-UqTpRymPaX0kGYGmw0fg1w==/base.apk!/lib/arm64-v8a]]
10-13 20:33:32.975 I/System.out( 3161): Broadcasting: Intent { act=com.samsung.intent.action.BIG_DATA_INFO (has extras) }
10-13 20:33:32.976 I/ViewRootImpl@10d93d7[LauncherActivity]( 3604): mWNT: t=0xb4000070cf2d0a50 mBlastBufferQueue=0xb400006fcf21dfb0 fn= 266 mRenderHdrSdrRatio=1.0 caller= com.android.systemui.shared.launcher.ViewRootImplCompat.mergeWithNextTransaction:4 com.honeyspace.transition.utils.SurfaceTransactionApplier.scheduleApply$lambda$1:26 com.honeyspace.transition.utils.SurfaceTransactionApplier.c:0 
10-13 20:33:32.978 D/SemBigDataInfoController( 3161): Intent: com.samsung.intent.action.BIG_DATA_INFO
10-13 20:33:32.978 D/SemBigDataInfoController( 3161): BIG_DATA insertLog slot: 0, feature: PDPS
10-13 20:33:32.982 I/HoneySpace.AppLaunchAnimationDelegate( 3604): matrix:Matrix{[0.81889683, 0.0, 179.29755][0.0, 0.81889683, 176.25507][0.0, 0.0, 1.0]}, alpha:1.0, rect:RectF(179.29755, 176.25507, 1063.706, 2092.4736), crop:Rect(0, 0 - 1080, 2340)
10-13 20:33:32.983 I/ViewRootImpl@10d93d7[LauncherActivity]( 3604): mWNT: t=0xb4000070cf2c4b30 mBlastBufferQueue=0xb400006fcf21dfb0 fn= 267 mRenderHdrSdrRatio=1.0 caller= com.android.systemui.shared.launcher.ViewRootImplCompat.mergeWithNextTransaction:4 com.honeyspace.transition.utils.SurfaceTransactionApplier.scheduleApply$lambda$1:26 com.honeyspace.transition.utils.SurfaceTransactionApplier.c:0 
10-13 20:33:32.985 D/CompatibilityChangeReporter( 2385): Compat change id reported: 135634846; UID 5023; state: DISABLED
10-13 20:33:32.985 D/CompatibilityChangeReporter( 2385): Compat change id reported: 177438394; UID 5023; state: DISABLED
10-13 20:33:32.986 D/CompatibilityChangeReporter( 2385): Compat change id reported: 135772972; UID 5023; state: DISABLED
10-13 20:33:32.986 D/CompatibilityChangeReporter( 2385): Compat change id reported: 135754954; UID 5023; state: ENABLED
10-13 20:33:32.988 D/SemBigDataInfoController( 3161): Intent: com.samsung.intent.action.BIG_DATA_INFO
10-13 20:33:32.991 I/ViewRootImpl@10d93d7[LauncherActivity]( 3604): mWNT: t=0xb4000070cf2e0070 mBlastBufferQueue=0xb400006fcf21dfb0 fn= 268 mRenderHdrSdrRatio=1.0 caller= com.android.systemui.shared.launcher.ViewRootImplCompat.mergeWithNextTransaction:4 com.honeyspace.transition.utils.SurfaceTransactionApplier.scheduleApply$lambda$1:26 com.honeyspace.transition.utils.SurfaceTransactionApplier.c:0 
10-13 20:33:32.994 I/System.out( 3161): Broadcast completed: result=0
10-13 20:33:32.999 I/ViewRootImpl@10d93d7[LauncherActivity]( 3604): mWNT: t=0xb4000070cf255110 mBlastBufferQueue=0xb400006fcf21dfb0 fn= 269 mRenderHdrSdrRatio=1.0 caller= com.android.systemui.shared.launcher.ViewRootImplCompat.mergeWithNextTransaction:4 com.honeyspace.transition.utils.SurfaceTransactionApplier.scheduleApply$lambda$1:26 com.honeyspace.transition.utils.SurfaceTransactionApplier.c:0 
10-13 20:33:33.000 I/HoneySpace.AppLaunchAnimationDelegate( 3604): Transaction committed! sourceRect-RectF(828.27, 901.27, 1004.73, 1077.73)
10-13 20:33:33.000 D/MdnieScenarioControlService( 2385):  packageName : com.csparks113.MorseCodeApp    className : com.csparks113.MorseCodeApp.MainActivity
10-13 20:33:33.001 V/MdnieScenarioControlService( 2385): setUIMode from UI function(3)
10-13 20:33:33.002 D/Zygote  ( 1385): Forked child process 22854
10-13 20:33:33.003 I/ActivityManager( 2385): Start proc 22854:com.samsung.android.networkdiagnostic/5023 for broadcast {com.samsung.android.networkdiagnostic/com.samsung.android.networkdiagnostic.receiver.NetworkDiagnosticReceiver}
10-13 20:33:33.008 I/ViewRootImpl@10d93d7[LauncherActivity]( 3604): mWNT: t=0xb4000070cf25e170 mBlastBufferQueue=0xb400006fcf21dfb0 fn= 270 mRenderHdrSdrRatio=1.0 caller= com.android.systemui.shared.launcher.ViewRootImplCompat.mergeWithNextTransaction:4 com.honeyspace.transition.utils.SurfaceTransactionApplier.scheduleApply$lambda$1:26 com.honeyspace.transition.utils.SurfaceTransactionApplier.c:0 
10-13 20:33:33.016 I/ViewRootImpl@10d93d7[LauncherActivity]( 3604): mWNT: t=0xb4000070cf245990 mBlastBufferQueue=0xb400006fcf21dfb0 fn= 271 mRenderHdrSdrRatio=1.0 caller= com.android.systemui.shared.launcher.ViewRootImplCompat.mergeWithNextTransaction:4 com.honeyspace.transition.utils.SurfaceTransactionApplier.scheduleApply$lambda$1:26 com.honeyspace.transition.utils.SurfaceTransactionApplier.c:0 
10-13 20:33:33.019 I/SoLoader(22830): Preparing SO source: ApplicationSoSource[DirectorySoSource[root = /data/app/~~ErfVK0nfRf7FiiyLTEpf2g==/com.csparks113.MorseCodeApp-UqTpRymPaX0kGYGmw0fg1w==/lib/arm64 flags = 0]]
10-13 20:33:33.020 I/SoLoader(22830): init finish: 4 SO sources prepared
10-13 20:33:33.020 W/SoLoader(22830): SoLoader initialized: 8
10-13 20:33:33.020 W/SoLoader(22830): SoLoader already initialized
10-13 20:33:33.024 I/GestureDetector( 2385): handleMessage TAP
10-13 20:33:33.025 I/ViewRootImpl@10d93d7[LauncherActivity]( 3604): mWNT: t=0xb4000070cf2f5830 mBlastBufferQueue=0xb400006fcf21dfb0 fn= 272 mRenderHdrSdrRatio=1.0 caller= com.android.systemui.shared.launcher.ViewRootImplCompat.mergeWithNextTransaction:4 com.honeyspace.transition.utils.SurfaceTransactionApplier.scheduleApply$lambda$1:26 com.honeyspace.transition.utils.SurfaceTransactionApplier.c:0 
10-13 20:33:33.025 I/GestureDetector( 2385): handleMessage TAP
10-13 20:33:33.031 I/tworkdiagnostic(22854): Using CollectorTypeCMC GC.
10-13 20:33:33.033 I/ViewRootImpl@10d93d7[LauncherActivity]( 3604): mWNT: t=0xb4000070cf2b8ed0 mBlastBufferQueue=0xb400006fcf21dfb0 fn= 273 mRenderHdrSdrRatio=1.0 caller= com.android.systemui.shared.launcher.ViewRootImplCompat.mergeWithNextTransaction:4 com.honeyspace.transition.utils.SurfaceTransactionApplier.scheduleApply$lambda$1:26 com.honeyspace.transition.utils.SurfaceTransactionApplier.c:0 
10-13 20:33:33.035 E/tworkdiagnostic(22854): Not starting debugger since process cannot load the jdwp agent.
10-13 20:33:33.042 I/ViewRootImpl@10d93d7[LauncherActivity]( 3604): mWNT: t=0xb4000070cf263ad0 mBlastBufferQueue=0xb400006fcf21dfb0 fn= 274 mRenderHdrSdrRatio=1.0 caller= com.android.systemui.shared.launcher.ViewRootImplCompat.mergeWithNextTransaction:4 com.honeyspace.transition.utils.SurfaceTransactionApplier.scheduleApply$lambda$1:26 com.honeyspace.transition.utils.SurfaceTransactionApplier.c:0 
10-13 20:33:33.050 I/ViewRootImpl@10d93d7[LauncherActivity]( 3604): mWNT: t=0xb4000070cf2cab70 mBlastBufferQueue=0xb400006fcf21dfb0 fn= 275 mRenderHdrSdrRatio=1.0 caller= com.android.systemui.shared.launcher.ViewRootImplCompat.mergeWithNextTransaction:4 com.honeyspace.transition.utils.SurfaceTransactionApplier.scheduleApply$lambda$1:26 com.honeyspace.transition.utils.SurfaceTransactionApplier.c:0 
10-13 20:33:33.054 D/CompatibilityChangeReporter( 2385): Compat change id reported: 168419799; UID 5023; state: DISABLED
10-13 20:33:33.054 D/CompatibilityChangeReporter( 2385): Compat change id reported: 273564678; UID 5023; state: DISABLED
10-13 20:33:33.058 I/ViewRootImpl@10d93d7[LauncherActivity]( 3604): mWNT: t=0xb4000070cf25e850 mBlastBufferQueue=0xb400006fcf21dfb0 fn= 276 mRenderHdrSdrRatio=1.0 caller= com.android.systemui.shared.launcher.ViewRootImplCompat.mergeWithNextTransaction:4 com.honeyspace.transition.utils.SurfaceTransactionApplier.scheduleApply$lambda$1:26 com.honeyspace.transition.utils.SurfaceTransactionApplier.c:0 
10-13 20:33:33.063 D/HidDeviceService( 4159): handleMessage(): msg.what=8
10-13 20:33:33.066 I/ViewRootImpl@10d93d7[LauncherActivity]( 3604): mWNT: t=0xb4000070cf2db790 mBlastBufferQueue=0xb400006fcf21dfb0 fn= 277 mRenderHdrSdrRatio=1.0 caller= com.android.systemui.shared.launcher.ViewRootImplCompat.mergeWithNextTransaction:4 com.honeyspace.transition.utils.SurfaceTransactionApplier.scheduleApply$lambda$1:26 com.honeyspace.transition.utils.SurfaceTransactionApplier.c:0 
10-13 20:33:33.070 D/CompatibilityChangeReporter( 2385): Compat change id reported: 265195908; UID 5023; state: ENABLED
10-13 20:33:33.076 I/ViewRootImpl@10d93d7[LauncherActivity]( 3604): mWNT: t=0xb4000070cf210bf0 mBlastBufferQueue=0xb400006fcf21dfb0 fn= 278 mRenderHdrSdrRatio=1.0 caller= com.android.systemui.shared.launcher.ViewRootImplCompat.mergeWithNextTransaction:4 com.honeyspace.transition.utils.SurfaceTransactionApplier.scheduleApply$lambda$1:26 com.honeyspace.transition.utils.SurfaceTransactionApplier.c:0 
10-13 20:33:33.083 I/ViewRootImpl@10d93d7[LauncherActivity]( 3604): mWNT: t=0xb4000070cf27a890 mBlastBufferQueue=0xb400006fcf21dfb0 fn= 279 mRenderHdrSdrRatio=1.0 caller= com.android.systemui.shared.launcher.ViewRootImplCompat.mergeWithNextTransaction:4 com.honeyspace.transition.utils.SurfaceTransactionApplier.scheduleApply$lambda$1:26 com.honeyspace.transition.utils.SurfaceTransactionApplier.c:0 
10-13 20:33:33.086 D/nativeloader(22830): Load /data/app/~~ErfVK0nfRf7FiiyLTEpf2g==/com.csparks113.MorseCodeApp-UqTpRymPaX0kGYGmw0fg1w==/base.apk!/lib/arm64-v8a/libc++_shared.so using class loader ns clns-4 (caller=/data/app/~~ErfVK0nfRf7FiiyLTEpf2g==/com.csparks113.MorseCodeApp-UqTpRymPaX0kGYGmw0fg1w==/base.apk!classes21.dex): ok
