10-11 14:15:15.046 11634 17435 D OutputsAudio: [outputs-audio] start hz=700.0 gain=1.000 attack=2.50 release=6.00
10-11 14:15:15.061 11634 11711 D OutputsAudio: [outputs-audio] symbol.info sequence=11 symbol=- timestamp=7538567.521 duration=144.000
10-11 14:15:15.062 11634 11711 I ReactNativeJS: [outputs] playMorse.symbol {"timestamp":7538583.015351,"wallClock":1760206515061,"symbol":".","durationMs":48,"index":8,"source":"console.replay","correlationId":"console-replay:mgmlifeds9gmcens","nativeTimestampMs":7538567.521,"nativeDurationMs":144,"nativeOffsetMs":15.409508000127971,"nativeSequence":11,"monotonicTimestampMs":7538567.521}
10-11 14:15:15.063 11634 11711 I ReactNativeJS: [outputs] outputs.hapticSymbol {"timestamp":7538583.780976,"wallClock":1760206515062,"enabled":true,"symbol":".","durationMs":48,"platform":"android","source":"console.replay","correlationId":"console-replay:mgmlifeds9gmcens","timelineOffsetMs":15.409508000127971}
10-11 14:15:15.064 11634 11711 I ReactNativeJS: [outputs] outputs.flashPulse {"timestamp":7538584.887643,"wallClock":1760206515063,"enabled":true,"durationMs":48,"source":"console.replay","correlationId":"console-replay:mgmlifeds9gmcens","timelineOffsetMs":15.409508000127971}
10-11 14:15:15.137 11634 11711 I ReactNativeJS: [outputs] outputs.flashPulse.commit {"timestamp":7538658.344414,"wallClock":1760206515137,"durationMs":48,"source":"console.replay","correlationId":"console-replay:mgmlifeds9gmcens","latencyMs":75.40874900016934,"timelineOffsetMs":15.409508000127971}
10-11 14:15:15.191 11634 17435 D OutputsAudio: [outputs-audio] stop gain=1.000 release=6.00
10-11 14:15:15.240 11634 17435 D OutputsAudio: [outputs-audio] start hz=700.0 gain=1.000 attack=2.50 release=6.00
10-11 14:15:15.251 11634 11711 D OutputsAudio: [outputs-audio] symbol.info sequence=12 symbol=- timestamp=7538761.568 duration=144.000
10-11 14:15:15.252 11634 11711 I ReactNativeJS: [outputs] playMorse.symbol {"timestamp":7538773.054362,"wallClock":1760206515251,"symbol":"-","durationMs":144,"index":9,"source":"console.replay","correlationId":"console-replay:mgmlifjn15di7ndi","nativeTimestampMs":7538761.568,"nativeDurationMs":144,"nativeOffsetMs":11.42714300006628,"nativeSequence":12,"monotonicTimestampMs":7538761.568}
10-11 14:15:15.252 11634 11711 I ReactNativeJS: [outputs] outputs.hapticSymbol {"timestamp":7538773.670403,"wallClock":1760206515252,"enabled":true,"symbol":"-","durationMs":144,"platform":"android","source":"console.replay","correlationId":"console-replay:mgmlifjn15di7ndi","timelineOffsetMs":11.42714300006628}
10-11 14:15:15.253 11634 11711 I ReactNativeJS: [outputs] outputs.flashPulse {"timestamp":7538774.425455,"wallClock":1760206515253,"enabled":true,"durationMs":144,"source":"console.replay","correlationId":"console-replay:mgmlifjn15di7ndi","timelineOffsetMs":11.42714300006628}
10-11 14:15:15.342 11634 11711 I ReactNativeJS: [outputs] outputs.flashPulse.commit {"timestamp":7538862.888476,"wallClock":1760206515341,"durationMs":144,"source":"console.replay","correlationId":"console-replay:mgmlifjn15di7ndi","latencyMs":89.88833300024271,"timelineOffsetMs":11.42714300006628}
10-11 14:15:15.384 11634 17435 D OutputsAudio: [outputs-audio] stop gain=1.000 release=6.00
10-11 14:15:15.433 11634 17435 D OutputsAudio: [outputs-audio] start hz=700.0 gain=1.000 attack=2.50 release=6.00
10-11 14:15:15.449 11634 11711 D OutputsAudio: [outputs-audio] symbol.info sequence=13 symbol=. timestamp=7538954.706 duration=48.000
10-11 14:15:15.450 11634 11711 I ReactNativeJS: [outputs] playMorse.symbol {"timestamp":7538970.564518,"wallClock":1760206515449,"symbol":"-","durationMs":144,"index":10,"source":"console.replay","correlationId":"console-replay:mgmlifp5dp0k3irk","nativeTimestampMs":7538954.706,"nativeDurationMs":48,"nativeOffsetMs":15.773413999937475,"nativeSequence":13,"monotonicTimestampMs":7538954.706}
10-11 14:15:15.450 11634 11711 I ReactNativeJS: [outputs] outputs.hapticSymbol {"timestamp":7538971.365039,"wallClock":1760206515450,"enabled":true,"symbol":"-","durationMs":144,"platform":"android","source":"console.replay","correlationId":"console-replay:mgmlifp5dp0k3irk","timelineOffsetMs":15.773413999937475}
10-11 14:15:15.451 11634 11711 I ReactNativeJS: [outputs] outputs.flashPulse {"timestamp":7538972.455872,"wallClock":1760206515451,"enabled":true,"durationMs":144,"source":"console.replay","correlationId":"console-replay:mgmlifp5dp0k3irk","timelineOffsetMs":15.773413999937475}
10-11 14:15:15.482 11634 17435 D OutputsAudio: [outputs-audio] stop gain=1.000 release=6.00
10-11 14:15:15.531 11634 17435 D OutputsAudio: [outputs-audio] start hz=700.0 gain=1.000 attack=2.50 release=6.00
10-11 14:15:15.539 11634 11711 I ReactNativeJS: [outputs] outputs.flashPulse.commit {"timestamp":7539060.637799,"wallClock":1760206515539,"durationMs":144,"source":"console.replay","correlationId":"console-replay:mgmlifp5dp0k3irk","latencyMs":90.15369800012559,"timelineOffsetMs":15.773413999937475}
10-11 14:15:15.579 11634 17435 D OutputsAudio: [outputs-audio] stop gain=1.000 release=6.00
10-11 14:15:15.621 11634 11711 D OutputsAudio: [outputs-audio] symbol.info sequence=14 symbol=. timestamp=7539052.287 duration=48.000
10-11 14:15:15.622 11634 11711 I ReactNativeJS: [outputs] playMorse.symbol {"timestamp":7539142.881341,"wallClock":1760206515621,"symbol":"-","durationMs":144,"index":11,"source":"console.replay","correlationId":"console-replay:mgmliftxfqfwx3sd","nativeTimestampMs":7539052.287,"nativeDurationMs":48,"nativeOffsetMs":90.5439240001142,"nativeSequence":14,"monotonicTimestampMs":7539052.287}
10-11 14:15:15.622 11634 11711 I ReactNativeJS: [outputs] playMorse.nativeOffset.spike {"timestamp":7539143.324778,"wallClock":1760206515622,"source":"console.replay","offsetMs":90.5439240001142,"sequence":14,"unitMs":48,"correlationId":"console-replay:mgmliftxfqfwx3sd"}
10-11 14:15:15.622 11634 11711 I ReactNativeJS: [outputs] outputs.hapticSymbol {"timestamp":7539143.612382,"wallClock":1760206515622,"enabled":true,"symbol":"-","durationMs":144,"platform":"android","source":"console.replay","correlationId":"console-replay:mgmliftxfqfwx3sd","timelineOffsetMs":90.5439240001142}
10-11 14:15:15.623 11634 11711 I ReactNativeJS: [outputs] outputs.flashPulse {"timestamp":7539144.369101,"wallClock":1760206515623,"enabled":true,"durationMs":144,"source":"console.replay","correlationId":"console-replay:mgmliftxfqfwx3sd","timelineOffsetMs":90.5439240001142}
10-11 14:15:15.628 11634 17435 D OutputsAudio: [outputs-audio] start hz=700.0 gain=1.000 attack=2.50 release=6.00
10-11 14:15:15.677 11634 17435 D OutputsAudio: [outputs-audio] stop gain=1.000 release=6.00
10-11 14:15:15.700 11634 11711 I ReactNativeJS: [outputs] outputs.flashPulse.commit {"timestamp":7539221.600299,"wallClock":1760206515700,"durationMs":144,"source":"console.replay","correlationId":"console-replay:mgmliftxfqfwx3sd","latencyMs":78.76484400033951,"timelineOffsetMs":90.5439240001142}
10-11 14:15:15.726 11634 17435 D OutputsAudio: [outputs-audio] start hz=700.0 gain=1.000 attack=2.50 release=6.00
10-11 14:15:15.767 11634 11711 D OutputsAudio: [outputs-audio] symbol.info sequence=16 symbol=- timestamp=7539247.265 duration=144.000
10-11 14:15:15.768 11634 11711 W ReactNativeJS: '[outputs-audio] native sequence jump', { previous: 14, next: 16, delta: 2 }
10-11 14:15:15.768 11634 11711 I ReactNativeJS: [outputs] playMorse.symbol {"timestamp":7539289.434153,"wallClock":1760206515768,"symbol":".","durationMs":48,"index":12,"source":"console.replay","correlationId":"console-replay:mgmlify088mywgen","nativeTimestampMs":7539247.265,"nativeDurationMs":144,"nativeOffsetMs":42.13066300004721,"nativeSequence":16,"monotonicTimestampMs":7539247.265}
10-11 14:15:15.768 11634 11711 I ReactNativeJS: [outputs] outputs.hapticSymbol {"timestamp":7539289.831653,"wallClock":1760206515768,"enabled":true,"symbol":".","durationMs":48,"platform":"android","source":"console.replay","correlationId":"console-replay:mgmlify088mywgen","timelineOffsetMs":42.13066300004721}
10-11 14:15:15.769 11634 11711 I ReactNativeJS: [outputs] outputs.flashPulse {"timestamp":7539290.571497,"wallClock":1760206515769,"enabled":true,"durationMs":48,"source":"console.replay","correlationId":"console-replay:mgmlify088mywgen","timelineOffsetMs":42.13066300004721}
10-11 14:15:15.858 11634 11711 I ReactNativeJS: [outputs] outputs.flashPulse.commit {"timestamp":7539378.908736,"wallClock":1760206515857,"durationMs":48,"source":"console.replay","correlationId":"console-replay:mgmlify088mywgen","latencyMs":89.5084380004555,"timelineOffsetMs":42.13066300004721}
10-11 14:15:15.870 11634 17435 D OutputsAudio: [outputs-audio] stop gain=1.000 release=6.00
10-11 14:15:15.918 11634 17435 D OutputsAudio: [outputs-audio] start hz=700.0 gain=1.000 attack=2.50 release=6.00
10-11 14:15:15.927 11634 11711 D OutputsAudio: [outputs-audio] symbol.info sequence=17 symbol=- timestamp=7539440.133 duration=144.000
10-11 14:15:15.928 11634 11711 I ReactNativeJS: [outputs] playMorse.symbol {"timestamp":7539449.06832,"wallClock":1760206515927,"symbol":".","durationMs":48,"index":13,"source":"console.replay","correlationId":"console-replay:mgmlig2fvs2mu8t3","nativeTimestampMs":7539440.133,"nativeDurationMs":144,"nativeOffsetMs":8.885110999457538,"nativeSequence":17,"monotonicTimestampMs":7539440.133}
10-11 14:15:15.928 11634 11711 I ReactNativeJS: [outputs] outputs.hapticSymbol {"timestamp":7539449.549361,"wallClock":1760206515928,"enabled":true,"symbol":".","durationMs":48,"platform":"android","source":"console.replay","correlationId":"console-replay:mgmlig2fvs2mu8t3","timelineOffsetMs":8.885110999457538}
10-11 14:15:15.929 11634 11711 I ReactNativeJS: [outputs] outputs.flashPulse {"timestamp":7539450.275716,"wallClock":1760206515929,"enabled":true,"durationMs":48,"source":"console.replay","correlationId":"console-replay:mgmlig2fvs2mu8t3","timelineOffsetMs":8.885110999457538}
10-11 14:15:16.061 11634 11711 I ReactNativeJS: [outputs] outputs.flashPulse.commit {"timestamp":7539575.69884,"wallClock":1760206516054,"durationMs":48,"source":"console.replay","correlationId":"console-replay:mgmlig2fvs2mu8t3","latencyMs":126.67322900053114,"timelineOffsetMs":8.885110999457538}
10-11 14:15:16.063 11634 17435 D OutputsAudio: [outputs-audio] stop gain=1.000 release=6.00
10-11 14:15:16.112 11634 17435 D OutputsAudio: [outputs-audio] start hz=700.0 gain=1.000 attack=2.50 release=6.00
10-11 14:15:16.139 11634 11711 D OutputsAudio: [outputs-audio] symbol.info sequence=18 symbol=- timestamp=7539633.393 duration=144.000
10-11 14:15:16.140 11634 11711 I ReactNativeJS: [outputs] playMorse.symbol {"timestamp":7539660.896132,"wallClock":1760206516139,"symbol":".","durationMs":48,"index":14,"source":"console.replay","correlationId":"console-replay:mgmlig8b5esvzs3c","nativeTimestampMs":7539633.393,"nativeDurationMs":144,"nativeOffsetMs":27.449850999750197,"nativeSequence":18,"monotonicTimestampMs":7539633.393}
10-11 14:15:16.140 11634 11711 I ReactNativeJS: [outputs] outputs.hapticSymbol {"timestamp":7539661.35832,"wallClock":1760206516140,"enabled":true,"symbol":".","durationMs":48,"platform":"android","source":"console.replay","correlationId":"console-replay:mgmlig8b5esvzs3c","timelineOffsetMs":27.449850999750197}
10-11 14:15:16.141 11634 11711 I ReactNativeJS: [outputs] outputs.flashPulse {"timestamp":7539662.160559,"wallClock":1760206516141,"enabled":true,"durationMs":48,"source":"console.replay","correlationId":"console-replay:mgmlig8b5esvzs3c","timelineOffsetMs":27.449850999750197}
10-11 14:15:16.233 11634 11711 I ReactNativeJS: [outputs] outputs.flashPulse.commit {"timestamp":7539753.979413,"wallClock":1760206516232,"durationMs":48,"source":"console.replay","correlationId":"console-replay:mgmlig8b5esvzs3c","latencyMs":93.13223899994045,"timelineOffsetMs":27.449850999750197}
10-11 14:15:16.257 11634 17435 D OutputsAudio: [outputs-audio] stop gain=1.000 release=6.00
10-11 14:15:16.306 11634 17435 D OutputsAudio: [outputs-audio] start hz=700.0 gain=1.000 attack=2.50 release=6.00
10-11 14:15:16.313 11634 11711 D OutputsAudio: [outputs-audio] symbol.info sequence=19 symbol=. timestamp=7539827.671 duration=48.000
10-11 14:15:16.314 11634 11711 I ReactNativeJS: [outputs] playMorse.symbol {"timestamp":7539834.476028,"wallClock":1760206516313,"symbol":"-","durationMs":144,"index":15,"source":"console.replay","correlationId":"console-replay:mgmligd5aco0x3cf","nativeTimestampMs":7539827.671,"nativeDurationMs":48,"nativeOffsetMs":6.710132000036538,"nativeSequence":19,"monotonicTimestampMs":7539827.671}
10-11 14:15:16.315 11634 11711 I ReactNativeJS: [outputs] outputs.hapticSymbol {"timestamp":7539835.540142,"wallClock":1760206516314,"enabled":true,"symbol":"-","durationMs":144,"platform":"android","source":"console.replay","correlationId":"console-replay:mgmligd5aco0x3cf","timelineOffsetMs":6.710132000036538}
10-11 14:15:16.316 11634 11711 I ReactNativeJS: [outputs] outputs.flashPulse {"timestamp":7539837.058788,"wallClock":1760206516315,"enabled":true,"durationMs":144,"source":"console.replay","correlationId":"console-replay:mgmligd5aco0x3cf","timelineOffsetMs":6.710132000036538}
10-11 14:15:16.355 11634 17435 D OutputsAudio: [outputs-audio] stop gain=1.000 release=6.00
10-11 14:15:16.395 11634 11711 I ReactNativeJS: [outputs] outputs.flashPulse.commit {"timestamp":7539915.899309,"wallClock":1760206516394,"durationMs":144,"source":"console.replay","correlationId":"console-replay:mgmligd5aco0x3cf","latencyMs":81.51395799964666,"timelineOffsetMs":6.710132000036538}
10-11 14:15:16.404 11634 17435 D OutputsAudio: [outputs-audio] start hz=700.0 gain=1.000 attack=2.50 release=6.00
10-11 14:15:16.452 11634 17435 D OutputsAudio: [outputs-audio] stop gain=1.000 release=6.00
10-11 14:15:16.475 11634 11711 D OutputsAudio: [outputs-audio] symbol.info sequence=20 symbol=. timestamp=7539925.375 duration=48.000
10-11 14:15:16.476 11634 11711 I ReactNativeJS: [outputs] playMorse.symbol {"timestamp":7539997.113788,"wallClock":1760206516475,"symbol":"-","durationMs":144,"index":16,"source":"console.replay","correlationId":"console-replay:mgmlighn8z4e2ypt","nativeTimestampMs":7539925.375,"nativeDurationMs":48,"nativeOffsetMs":71.68837200012058,"nativeSequence":20,"monotonicTimestampMs":7539925.375}
10-11 14:15:16.476 11634 11711 I ReactNativeJS: [outputs] outputs.hapticSymbol {"timestamp":7539997.59884,"wallClock":1760206516476,"enabled":true,"symbol":"-","durationMs":144,"platform":"android","source":"console.replay","correlationId":"console-replay:mgmlighn8z4e2ypt","timelineOffsetMs":71.68837200012058}
10-11 14:15:16.477 11634 11711 I ReactNativeJS: [outputs] outputs.flashPulse {"timestamp":7539998.333424,"wallClock":1760206516477,"enabled":true,"durationMs":144,"source":"console.replay","correlationId":"console-replay:mgmlighn8z4e2ypt","timelineOffsetMs":71.68837200012058}
10-11 14:15:16.500 11634 17435 D OutputsAudio: [outputs-audio] start hz=700.0 gain=1.000 attack=2.50 release=6.00
10-11 14:15:16.549 11634 17435 D OutputsAudio: [outputs-audio] stop gain=1.000 release=6.00
10-11 14:15:16.550 11634 11711 I ReactNativeJS: [outputs] outputs.flashPulse.commit {"timestamp":7540071.240507,"wallClock":1760206516550,"durationMs":144,"source":"console.replay","correlationId":"console-replay:mgmlighn8z4e2ypt","latencyMs":74.17312499973923,"timelineOffsetMs":71.68837200012058}
10-11 14:15:16.597 11634 17435 D OutputsAudio: [outputs-audio] start hz=700.0 gain=1.000 attack=2.50 release=6.00
10-11 14:15:16.633 11634 11711 D OutputsAudio: [outputs-audio] symbol.info sequence=22 symbol=- timestamp=7540118.812 duration=144.000
10-11 14:15:16.634 11634 11711 W ReactNativeJS: '[outputs-audio] native sequence jump', { previous: 20, next: 22, delta: 2 }
10-11 14:15:16.634 11634 11711 I ReactNativeJS: [outputs] playMorse.symbol {"timestamp":7540155.375507,"wallClock":1760206516634,"symbol":"-","durationMs":144,"index":17,"source":"console.replay","correlationId":"console-replay:mgmligm2z01erph4","nativeTimestampMs":7540118.812,"nativeDurationMs":144,"nativeOffsetMs":36.52366300020367,"nativeSequence":22,"monotonicTimestampMs":7540118.812}
10-11 14:15:16.634 11634 11711 I ReactNativeJS: [outputs] outputs.hapticSymbol {"timestamp":7540155.784257,"wallClock":1760206516634,"enabled":true,"symbol":"-","durationMs":144,"platform":"android","source":"console.replay","correlationId":"console-replay:mgmligm2z01erph4","timelineOffsetMs":36.52366300020367}
10-11 14:15:16.635 11634 11711 I ReactNativeJS: [outputs] outputs.flashPulse {"timestamp":7540156.570872,"wallClock":1760206516635,"enabled":true,"durationMs":144,"source":"console.replay","correlationId":"console-replay:mgmligm2z01erph4","timelineOffsetMs":36.52366300020367}
10-11 14:15:16.708 11634 11711 I ReactNativeJS: [outputs] outputs.flashPulse.commit {"timestamp":7540229.248684,"wallClock":1760206516708,"durationMs":144,"source":"console.replay","correlationId":"console-replay:mgmligm2z01erph4","latencyMs":73.90989600028843,"timelineOffsetMs":36.52366300020367}
10-11 14:15:16.742 11634 17435 D OutputsAudio: [outputs-audio] stop gain=1.000 release=6.00
10-11 14:15:16.791 11634 17435 D OutputsAudio: [outputs-audio] start hz=700.0 gain=1.000 attack=2.50 release=6.00
10-11 14:15:16.812 11634 11711 D OutputsAudio: [outputs-audio] symbol.info sequence=23 symbol=- timestamp=7540312.179 duration=144.000
10-11 14:15:16.813 11634 11711 I ReactNativeJS: [outputs] playMorse.symbol {"timestamp":7540334.113111,"wallClock":1760206516812,"symbol":".","durationMs":48,"index":18,"source":"console.replay","correlationId":"console-replay:mgmligr0gefczsp1","nativeTimestampMs":7540312.179,"nativeDurationMs":144,"nativeOffsetMs":21.851767000742257,"nativeSequence":23,"monotonicTimestampMs":7540312.179}
10-11 14:15:16.814 11634 11711 I ReactNativeJS: [outputs] outputs.hapticSymbol {"timestamp":7540334.900976,"wallClock":1760206516813,"enabled":true,"symbol":".","durationMs":48,"platform":"android","source":"console.replay","correlationId":"console-replay:mgmligr0gefczsp1","timelineOffsetMs":21.851767000742257}
10-11 14:15:16.815 11634 11711 I ReactNativeJS: [outputs] outputs.flashPulse {"timestamp":7540336.169778,"wallClock":1760206516815,"enabled":true,"durationMs":48,"source":"console.replay","correlationId":"console-replay:mgmligr0gefczsp1","timelineOffsetMs":21.851767000742257}
10-11 14:15:16.908 11634 11711 I ReactNativeJS: [outputs] outputs.flashPulse.commit {"timestamp":7540429.165663,"wallClock":1760206516908,"durationMs":48,"source":"console.replay","correlationId":"console-replay:mgmligr0gefczsp1","latencyMs":95.13020899984986,"timelineOffsetMs":21.851767000742257}
10-11 14:15:16.935 11634 17435 D OutputsAudio: [outputs-audio] stop gain=1.000 release=6.00
10-11 14:15:16.984 11634 17435 D OutputsAudio: [outputs-audio] start hz=700.0 gain=1.000 attack=2.50 release=6.00
10-11 14:15:16.992 11634 11711 D OutputsAudio: [outputs-audio] symbol.info sequence=24 symbol=- timestamp=7540505.559 duration=144.000
10-11 14:15:16.993 11634 11711 I ReactNativeJS: [outputs] playMorse.symbol {"timestamp":7540514.066913,"wallClock":1760206516992,"symbol":".","durationMs":48,"index":19,"source":"console.replay","correlationId":"console-replay:mgmligw0f5bho1kp","nativeTimestampMs":7540505.559,"nativeDurationMs":144,"nativeOffsetMs":8.45786099974066,"nativeSequence":24,"monotonicTimestampMs":7540505.559}
10-11 14:15:16.993 11634 11711 I ReactNativeJS: [outputs] outputs.hapticSymbol {"timestamp":7540514.48733,"wallClock":1760206516993,"enabled":true,"symbol":".","durationMs":48,"platform":"android","source":"console.replay","correlationId":"console-replay:mgmligw0f5bho1kp","timelineOffsetMs":8.45786099974066}
10-11 14:15:16.994 11634 11711 I ReactNativeJS: [outputs] outputs.flashPulse {"timestamp":7540515.220611,"wallClock":1760206516994,"enabled":true,"durationMs":48,"source":"console.replay","correlationId":"console-replay:mgmligw0f5bho1kp","timelineOffsetMs":8.45786099974066}
10-11 14:15:17.083 11634 11711 I ReactNativeJS: [outputs] outputs.flashPulse.commit {"timestamp":7540603.851965,"wallClock":1760206517082,"durationMs":48,"source":"console.replay","correlationId":"console-replay:mgmligw0f5bho1kp","latencyMs":89.83150999993086,"timelineOffsetMs":8.45786099974066}
10-11 14:15:17.129 11634 17435 D OutputsAudio: [outputs-audio] stop gain=1.000 release=6.00
10-11 14:15:17.177 11634 17435 D OutputsAudio: [outputs-audio] start hz=700.0 gain=1.000 attack=2.50 release=6.00
10-11 14:15:17.205 11634 11711 D OutputsAudio: [outputs-audio] symbol.info sequence=25 symbol=. timestamp=7540698.850 duration=48.000
10-11 14:15:17.206 11634 11711 I ReactNativeJS: [outputs] playMorse.symbol {"timestamp":7540726.652955,"wallClock":1760206517205,"symbol":".","durationMs":48,"index":20,"source":"console.replay","correlationId":"console-replay:mgmlih1x044o4z11","nativeTimestampMs":7540698.85,"nativeDurationMs":48,"nativeOffsetMs":27.691860999912024,"nativeSequence":25,"monotonicTimestampMs":7540698.85}
10-11 14:15:17.207 11634 11711 I ReactNativeJS: [outputs] outputs.hapticSymbol {"timestamp":7540727.741444,"wallClock":1760206517206,"enabled":true,"symbol":".","durationMs":48,"platform":"android","source":"console.replay","correlationId":"console-replay:mgmlih1x044o4z11","timelineOffsetMs":27.691860999912024}
10-11 14:15:17.207 11634 11711 I ReactNativeJS: [outputs] outputs.flashPulse {"timestamp":7540728.78983,"wallClock":1760206517207,"enabled":true,"durationMs":48,"source":"console.replay","correlationId":"console-replay:mgmlih1x044o4z11","timelineOffsetMs":27.691860999912024}
10-11 14:15:17.225 11634 17435 D OutputsAudio: [outputs-audio] stop gain=1.000 release=6.00
10-11 14:15:17.274 11634 17435 D OutputsAudio: [outputs-audio] start hz=700.0 gain=1.000 attack=2.50 release=6.00
10-11 14:15:17.296 11634 11711 I ReactNativeJS: [outputs] outputs.flashPulse.commit {"timestamp":7540817.578475,"wallClock":1760206517296,"durationMs":48,"source":"console.replay","correlationId":"console-replay:mgmlih1x044o4z11","latencyMs":91.03218700084835,"timelineOffsetMs":27.691860999912024}
10-11 14:15:17.323 11634 17435 D OutputsAudio: [outputs-audio] stop gain=1.000 release=6.00
10-11 14:15:17.362 11634 11711 D OutputsAudio: [outputs-audio] symbol.info sequence=26 symbol=. timestamp=7540795.733 duration=48.000
10-11 14:15:17.366 11634 11711 I ReactNativeJS: [outputs] playMorse.symbol {"timestamp":7540883.684257,"wallClock":1760206517362,"symbol":"-","durationMs":144,"index":21,"source":"console.replay","correlationId":"console-replay:mgmlih6avng9oyu6","nativeTimestampMs":7540795.733,"nativeDurationMs":48,"nativeOffsetMs":87.89896500017494,"nativeSequence":26,"monotonicTimestampMs":7540795.733}
10-11 14:15:17.366 11634 11711 I ReactNativeJS: [outputs] playMorse.nativeOffset.spike {"timestamp":7540887.46259,"wallClock":1760206517366,"source":"console.replay","offsetMs":87.89896500017494,"sequence":26,"unitMs":48,"correlationId":"console-replay:mgmlih6avng9oyu6"}
10-11 14:15:17.367 11634 11711 I ReactNativeJS: [outputs] outputs.hapticSymbol {"timestamp":7540887.834517,"wallClock":1760206517366,"enabled":true,"symbol":"-","durationMs":144,"platform":"android","source":"console.replay","correlationId":"console-replay:mgmlih6avng9oyu6","timelineOffsetMs":87.89896500017494}
10-11 14:15:17.367 11634 11711 I ReactNativeJS: [outputs] outputs.flashPulse {"timestamp":7540888.590767,"wallClock":1760206517367,"enabled":true,"durationMs":144,"source":"console.replay","correlationId":"console-replay:mgmlih6avng9oyu6","timelineOffsetMs":87.89896500017494}
10-11 14:15:17.371 11634 17435 D OutputsAudio: [outputs-audio] start hz=700.0 gain=1.000 attack=2.50 release=6.00
10-11 14:15:17.420 11634 17435 D OutputsAudio: [outputs-audio] stop gain=1.000 release=6.00
10-11 14:15:17.459 11634 11711 I ReactNativeJS: [outputs] outputs.flashPulse.commit {"timestamp":7540979.953475,"wallClock":1760206517458,"durationMs":144,"source":"console.replay","correlationId":"console-replay:mgmlih6avng9oyu6","latencyMs":96.31739600002766,"timelineOffsetMs":87.89896500017494}
10-11 14:15:17.469 11634 17435 D OutputsAudio: [outputs-audio] stop gain=0.000 release=6.00
10-11 14:15:17.469 11634 17435 D OutputsAudio: [outputs-audio] playMorse.end cancelled=0
10-11 14:15:17.539 11634 11711 D OutputsAudio: [outputs-audio] symbol.info sequence=27 symbol=. timestamp=7540893.175 duration=48.000
10-11 14:15:17.539 11634 11711 I ReactNativeJS: [outputs] playMorse.symbol {"timestamp":7541060.600611,"wallClock":1760206517539,"symbol":"-","durationMs":144,"index":22,"source":"console.replay","correlationId":"console-replay:mgmlihb7vu4synt2","nativeTimestampMs":7540893.175,"nativeDurationMs":48,"nativeOffsetMs":167.37670399993658,"nativeSequence":27,"monotonicTimestampMs":7540893.175}
10-11 14:15:17.540 11634 11711 I ReactNativeJS: [outputs] playMorse.nativeOffset.spike {"timestamp":7541061.081288,"wallClock":1760206517539,"source":"console.replay","offsetMs":167.37670399993658,"sequence":27,"unitMs":48,"correlationId":"console-replay:mgmlihb7vu4synt2"}
10-11 14:15:17.540 11634 11711 I ReactNativeJS: [outputs] outputs.hapticSymbol {"timestamp":7541061.395715,"wallClock":1760206517540,"enabled":true,"symbol":"-","durationMs":144,"platform":"android","source":"console.replay","correlationId":"console-replay:mgmlihb7vu4synt2","timelineOffsetMs":167.37670399993658}
10-11 14:15:17.541 11634 11711 I ReactNativeJS: [outputs] outputs.flashPulse {"timestamp":7541062.112069,"wallClock":1760206517540,"enabled":true,"durationMs":144,"source":"console.replay","correlationId":"console-replay:mgmlihb7vu4synt2","timelineOffsetMs":167.37670399993658}
10-11 14:15:17.636 11634 11711 I ReactNativeJS: [outputs] outputs.flashPulse.commit {"timestamp":7541157.216184,"wallClock":1760206517636,"durationMs":144,"source":"console.replay","correlationId":"console-replay:mgmlihb7vu4synt2","latencyMs":96.66020900011063,"timelineOffsetMs":167.37670399993658}
10-11 14:15:17.700 11634 11711 I ReactNativeJS: [outputs] playMorse.symbol {"timestamp":7541221.520663,"wallClock":1760206517700,"symbol":"-","durationMs":144,"index":23,"source":"console.replay","correlationId":"console-replay:mgmlihfov7bp5edr","nativeTimestampMs":null,"nativeDurationMs":null,"nativeOffsetMs":null,"nativeSequence":null,"monotonicTimestampMs":null}
10-11 14:15:17.701 11634 11711 I ReactNativeJS: [outputs] outputs.hapticSymbol {"timestamp":7541222.014257,"wallClock":1760206517700,"enabled":true,"symbol":"-","durationMs":144,"platform":"android","source":"console.replay","correlationId":"console-replay:mgmlihfov7bp5edr","timelineOffsetMs":null}
10-11 14:15:17.701 11634 11711 I ReactNativeJS: [outputs] outputs.flashPulse {"timestamp":7541222.758423,"wallClock":1760206517701,"enabled":true,"durationMs":144,"source":"console.replay","correlationId":"console-replay:mgmlihfov7bp5edr","timelineOffsetMs":null}
10-11 14:15:17.789 11634 11711 I ReactNativeJS: [outputs] outputs.flashPulse.commit {"timestamp":7541310.052277,"wallClock":1760206517788,"durationMs":144,"source":"console.replay","correlationId":"console-replay:mgmlihfov7bp5edr","latencyMs":88.53203099966049,"timelineOffsetMs":null}
10-11 14:15:18.129 11634 11711 I ReactNativeJS: [outputs] playMorse.symbol {"timestamp":7541650.226652,"wallClock":1760206518129,"symbol":".","durationMs":48,"index":24,"source":"console.replay","correlationId":"console-replay:mgmlihrl790kzszv","nativeTimestampMs":null,"nativeDurationMs":null,"nativeOffsetMs":null,"nativeSequence":null,"monotonicTimestampMs":null}
10-11 14:15:18.129 11634 11711 I ReactNativeJS: [outputs] outputs.hapticSymbol {"timestamp":7541650.830975,"wallClock":1760206518129,"enabled":true,"symbol":".","durationMs":48,"platform":"android","source":"console.replay","correlationId":"console-replay:mgmlihrl790kzszv","timelineOffsetMs":null}
10-11 14:15:18.131 11634 11711 I ReactNativeJS: [outputs] outputs.flashPulse {"timestamp":7541651.606288,"wallClock":1760206518130,"enabled":true,"durationMs":48,"source":"console.replay","correlationId":"console-replay:mgmlihrl790kzszv","timelineOffsetMs":null}
10-11 14:15:18.220 11634 11711 I ReactNativeJS: [outputs] outputs.flashPulse.commit {"timestamp":7541740.960767,"wallClock":1760206518219,"durationMs":48,"source":"console.replay","correlationId":"console-replay:mgmlihrl790kzszv","latencyMs":90.73546900041401,"timelineOffsetMs":null}
10-11 14:15:18.550 11634 11711 I ReactNativeJS: [outputs] playMorse.symbol {"timestamp":7542070.495715,"wallClock":1760206518549,"symbol":".","durationMs":48,"index":25,"source":"console.replay","correlationId":"console-replay:mgmlii39txjxvtyb","nativeTimestampMs":null,"nativeDurationMs":null,"nativeOffsetMs":null,"nativeSequence":null,"monotonicTimestampMs":null}
10-11 14:15:18.551 11634 11711 I ReactNativeJS: [outputs] outputs.hapticSymbol {"timestamp":7542071.811808,"wallClock":1760206518550,"enabled":true,"symbol":".","durationMs":48,"platform":"android","source":"console.replay","correlationId":"console-replay:mgmlii39txjxvtyb","timelineOffsetMs":null}
10-11 14:15:18.552 11634 11711 I ReactNativeJS: [outputs] outputs.flashPulse {"timestamp":7542073.588215,"wallClock":1760206518552,"enabled":true,"durationMs":48,"source":"console.replay","correlationId":"console-replay:mgmlii39txjxvtyb","timelineOffsetMs":null}
10-11 14:15:18.637 11634 11711 I ReactNativeJS: [outputs] outputs.flashPulse.commit {"timestamp":7542158.695558,"wallClock":1760206518637,"durationMs":48,"source":"console.replay","correlationId":"console-replay:mgmlii39txjxvtyb","latencyMs":88.2115099998191,"timelineOffsetMs":null}
10-11 14:15:18.921 11634 11711 I ReactNativeJS: [outputs] playMorse.symbol {"timestamp":7542442.220766,"wallClock":1760206518921,"symbol":".","durationMs":48,"index":26,"source":"console.replay","correlationId":"console-replay:mgmliidl1gdkiz1w","nativeTimestampMs":null,"nativeDurationMs":null,"nativeOffsetMs":null,"nativeSequence":null,"monotonicTimestampMs":null}
10-11 14:15:18.922 11634 11711 I ReactNativeJS: [outputs] outputs.hapticSymbol {"timestamp":7542443.042954,"wallClock":1760206518921,"enabled":true,"symbol":".","durationMs":48,"platform":"android","source":"console.replay","correlationId":"console-replay:mgmliidl1gdkiz1w","timelineOffsetMs":null}
10-11 14:15:18.923 11634 11711 I ReactNativeJS: [outputs] outputs.flashPulse {"timestamp":7542444.246548,"wallClock":1760206518923,"enabled":true,"durationMs":48,"source":"console.replay","correlationId":"console-replay:mgmliidl1gdkiz1w","timelineOffsetMs":null}
10-11 14:15:19.014 11634 11711 I ReactNativeJS: [outputs] outputs.flashPulse.commit {"timestamp":7542535.431756,"wallClock":1760206519014,"durationMs":48,"source":"console.replay","correlationId":"console-replay:mgmliidl1gdkiz1w","latencyMs":93.21630199998617,"timelineOffsetMs":null}
10-11 14:15:19.097 11634 11711 I ReactNativeJS: [outputs] playMorse.complete {"timestamp":7542618.198423,"wallClock":1760206519097,"durationMs":5577.088123000227,"source":"console.replay","audioEnabled":true,"audioVolumePercent":100}
10-11 14:15:22.325 11634 11711 I ReactNativeJS: [outputs] playMorse.start {"timestamp":7545844.57389,"wallClock":1760206522323,"unitMs":40,"length":28,"source":"console.replay","audioEnabled":true,"audioVolumePercent":100}
10-11 14:15:22.461 11634 11711 D OutputsAudio: [outputs-audio] warmup hz=700.0
10-11 14:15:22.462 11634 17474 D OutputsAudio: [outputs-audio] playMorse.start count=27 unit=40.0
10-11 14:15:22.462 11634 17474 D OutputsAudio: [outputs-audio] start hz=700.0 gain=1.000 attack=2.50 release=6.00
10-11 14:15:22.474 11634 11711 D OutputsAudio: [outputs-audio] symbol.info sequence=1 symbol=. timestamp=7545984.045 duration=40.000
10-11 14:15:22.475 11634 11711 I ReactNativeJS: [outputs] playMorse.symbol {"timestamp":7545995.495036,"wallClock":1760206522474,"symbol":".","durationMs":40,"index":0,"source":"console.replay","correlationId":"console-replay:mgmlil4ahq86o0v0","nativeTimestampMs":7545984.045,"nativeDurationMs":40,"nativeOffsetMs":11.381389999762177,"nativeSequence":1,"monotonicTimestampMs":7545984.045}
10-11 14:15:22.475 11634 11711 I ReactNativeJS: [outputs] outputs.hapticSymbol {"timestamp":7545996.232796,"wallClock":1760206522475,"enabled":true,"symbol":".","durationMs":40,"platform":"android","source":"console.replay","correlationId":"console-replay:mgmlil4ahq86o0v0","timelineOffsetMs":11.381389999762177}
10-11 14:15:22.476 11634 11711 I ReactNativeJS: [outputs] outputs.flashPulse {"timestamp":7545997.33264,"wallClock":1760206522476,"enabled":true,"durationMs":40,"source":"console.replay","correlationId":"console-replay:mgmlil4ahq86o0v0","timelineOffsetMs":11.381389999762177}
10-11 14:15:22.503 11634 17474 D OutputsAudio: [outputs-audio] stop gain=1.000 release=6.00
10-11 14:15:22.544 11634 17474 D OutputsAudio: [outputs-audio] start hz=700.0 gain=1.000 attack=2.50 release=6.00
10-11 14:15:22.566 11634 11711 I ReactNativeJS: [outputs] outputs.flashPulse.commit {"timestamp":7546087.584671,"wallClock":1760206522566,"durationMs":40,"source":"console.replay","correlationId":"console-replay:mgmlil4ahq86o0v0","latencyMs":92.15364600066096,"timelineOffsetMs":11.381389999762177}
10-11 14:15:22.584 11634 17474 D OutputsAudio: [outputs-audio] stop gain=1.000 release=6.00
10-11 14:15:22.626 11634 17474 D OutputsAudio: [outputs-audio] start hz=700.0 gain=1.000 attack=2.50 release=6.00
10-11 14:15:22.649 11634 11711 D OutputsAudio: [outputs-audio] symbol.info sequence=3 symbol=. timestamp=7546147.989 duration=40.000
10-11 14:15:22.650 11634 11711 W ReactNativeJS: '[outputs-audio] native sequence jump', { previous: 1, next: 3, delta: 2 }
10-11 14:15:22.650 11634 11711 I ReactNativeJS: [outputs] playMorse.symbol {"timestamp":7546171.343369,"wallClock":1760206522650,"symbol":".","durationMs":40,"index":1,"source":"console.replay","correlationId":"console-replay:mgmlil96pewtk13l","nativeTimestampMs":7546147.989,"nativeDurationMs":40,"nativeOffsetMs":23.316192000173032,"nativeSequence":3,"monotonicTimestampMs":7546147.989}
10-11 14:15:22.650 11634 11711 I ReactNativeJS: [outputs] outputs.hapticSymbol {"timestamp":7546171.72738,"wallClock":1760206522650,"enabled":true,"symbol":".","durationMs":40,"platform":"android","source":"console.replay","correlationId":"console-replay:mgmlil96pewtk13l","timelineOffsetMs":23.316192000173032}
10-11 14:15:22.651 11634 11711 I ReactNativeJS: [outputs] outputs.flashPulse {"timestamp":7546172.535765,"wallClock":1760206522651,"enabled":true,"durationMs":40,"source":"console.replay","correlationId":"console-replay:mgmlil96pewtk13l","timelineOffsetMs":23.316192000173032}
10-11 14:15:22.667 11634 17474 D OutputsAudio: [outputs-audio] stop gain=1.000 release=6.00
10-11 14:15:22.708 11634 17474 D OutputsAudio: [outputs-audio] start hz=700.0 gain=1.000 attack=2.50 release=6.00
10-11 14:15:22.749 11634 11711 I ReactNativeJS: [outputs] outputs.flashPulse.commit {"timestamp":7546269.786807,"wallClock":1760206522748,"durationMs":40,"source":"console.replay","correlationId":"console-replay:mgmlil96pewtk13l","latencyMs":98.47760399989784,"timelineOffsetMs":23.316192000173032}
10-11 14:15:22.816 11634 11711 D OutputsAudio: [outputs-audio] symbol.info sequence=4 symbol=- timestamp=7546229.242 duration=120.000
10-11 14:15:22.817 11634 11711 I ReactNativeJS: [outputs] playMorse.symbol {"timestamp":7546338.133421,"wallClock":1760206522817,"symbol":".","durationMs":40,"index":2,"source":"console.replay","correlationId":"console-replay:mgmlilds0zrwvisd","nativeTimestampMs":7546229.242,"nativeDurationMs":120,"nativeOffsetMs":108.83871300052851,"nativeSequence":4,"monotonicTimestampMs":7546229.242}
10-11 14:15:22.817 11634 11711 I ReactNativeJS: [outputs] playMorse.nativeOffset.spike {"timestamp":7546338.594984,"wallClock":1760206522817,"source":"console.replay","offsetMs":108.83871300052851,"sequence":4,"unitMs":40,"correlationId":"console-replay:mgmlilds0zrwvisd"}
10-11 14:15:22.817 11634 11711 I ReactNativeJS: [outputs] outputs.hapticSymbol {"timestamp":7546338.870869,"wallClock":1760206522817,"enabled":true,"symbol":".","durationMs":40,"platform":"android","source":"console.replay","correlationId":"console-replay:mgmlilds0zrwvisd","timelineOffsetMs":108.83871300052851}
10-11 14:15:22.818 11634 11711 I ReactNativeJS: [outputs] outputs.flashPulse {"timestamp":7546339.553786,"wallClock":1760206522818,"enabled":true,"durationMs":40,"source":"console.replay","correlationId":"console-replay:mgmlilds0zrwvisd","timelineOffsetMs":108.83871300052851}
10-11 14:15:22.828 11634 17474 D OutputsAudio: [outputs-audio] stop gain=1.000 release=6.00
10-11 14:15:22.869 11634 17474 D OutputsAudio: [outputs-audio] start hz=700.0 gain=1.000 attack=2.50 release=6.00
10-11 14:15:22.904 11634 11711 I ReactNativeJS: [outputs] outputs.flashPulse.commit {"timestamp":7546425.735296,"wallClock":1760206522904,"durationMs":40,"source":"console.replay","correlationId":"console-replay:mgmlilds0zrwvisd","latencyMs":87.64984400011599,"timelineOffsetMs":108.83871300052851}
10-11 14:15:22.981 11634 11711 D OutputsAudio: [outputs-audio] symbol.info sequence=5 symbol=- timestamp=7546390.446 duration=120.000
10-11 14:15:22.981 11634 11711 I ReactNativeJS: [outputs] playMorse.symbol {"timestamp":7546502.243109,"wallClock":1760206522981,"symbol":"-","durationMs":120,"index":3,"source":"console.replay","correlationId":"console-replay:mgmlilid0upo9dcz","nativeTimestampMs":7546390.446,"nativeDurationMs":120,"nativeOffsetMs":111.74830699991435,"nativeSequence":5,"monotonicTimestampMs":7546390.446}
10-11 14:15:22.985 11634 11711 I ReactNativeJS: [outputs] playMorse.nativeOffset.spike {"timestamp":7546502.697848,"wallClock":1760206522981,"source":"console.replay","offsetMs":111.74830699991435,"sequence":5,"unitMs":40,"correlationId":"console-replay:mgmlilid0upo9dcz"}
10-11 14:15:22.985 11634 11711 I ReactNativeJS: [outputs] outputs.hapticSymbol {"timestamp":7546506.340244,"wallClock":1760206522985,"enabled":true,"symbol":"-","durationMs":120,"platform":"android","source":"console.replay","correlationId":"console-replay:mgmlilid0upo9dcz","timelineOffsetMs":111.74830699991435}
10-11 14:15:22.986 11634 11711 I ReactNativeJS: [outputs] outputs.flashPulse {"timestamp":7546507.091129,"wallClock":1760206522985,"enabled":true,"durationMs":120,"source":"console.replay","correlationId":"console-replay:mgmlilid0upo9dcz","timelineOffsetMs":111.74830699991435}
10-11 14:15:22.989 11634 17474 D OutputsAudio: [outputs-audio] stop gain=1.000 release=6.00
10-11 14:15:23.030 11634 17474 D OutputsAudio: [outputs-audio] start hz=700.0 gain=1.000 attack=2.50 release=6.00
10-11 14:15:23.079 11634 11711 I ReactNativeJS: [outputs] outputs.flashPulse.commit {"timestamp":7546600.415504,"wallClock":1760206523079,"durationMs":120,"source":"console.replay","correlationId":"console-replay:mgmlilid0upo9dcz","latencyMs":98.2172389999032,"timelineOffsetMs":111.74830699991435}
10-11 14:15:23.152 11634 17474 D OutputsAudio: [outputs-audio] stop gain=1.000 release=6.00
10-11 14:15:23.153 11634 11711 D OutputsAudio: [outputs-audio] symbol.info sequence=6 symbol=- timestamp=7546552.330 duration=120.000
10-11 14:15:23.153 11634 11711 I ReactNativeJS: [outputs] playMorse.symbol {"timestamp":7546674.472484,"wallClock":1760206523153,"symbol":"-","durationMs":120,"index":4,"source":"console.replay","correlationId":"console-replay:mgmliln5wcf8i421","nativeTimestampMs":7546552.33,"nativeDurationMs":120,"nativeOffsetMs":122.08420199993998,"nativeSequence":6,"monotonicTimestampMs":7546552.33}
10-11 14:15:23.154 11634 11711 I ReactNativeJS: [outputs] playMorse.nativeOffset.spike {"timestamp":7546674.964463,"wallClock":1760206523153,"source":"console.replay","offsetMs":122.08420199993998,"sequence":6,"unitMs":40,"correlationId":"console-replay:mgmliln5wcf8i421"}
10-11 14:15:23.154 11634 11711 I ReactNativeJS: [outputs] outputs.hapticSymbol {"timestamp":7546675.279254,"wallClock":1760206523154,"enabled":true,"symbol":"-","durationMs":120,"platform":"android","source":"console.replay","correlationId":"console-replay:mgmliln5wcf8i421","timelineOffsetMs":122.08420199993998}
10-11 14:15:23.155 11634 11711 I ReactNativeJS: [outputs] outputs.flashPulse {"timestamp":7546676.043004,"wallClock":1760206523154,"enabled":true,"durationMs":120,"source":"console.replay","correlationId":"console-replay:mgmliln5wcf8i421","timelineOffsetMs":122.08420199993998}
10-11 14:15:23.192 11634 17474 D OutputsAudio: [outputs-audio] start hz=700.0 gain=1.000 attack=2.50 release=6.00
10-11 14:15:23.232 11634 17474 D OutputsAudio: [outputs-audio] stop gain=1.000 release=6.00
10-11 14:15:23.247 11634 11711 I ReactNativeJS: [outputs] outputs.flashPulse.commit {"timestamp":7546768.308838,"wallClock":1760206523247,"durationMs":120,"source":"console.replay","correlationId":"console-replay:mgmliln5wcf8i421","latencyMs":93.89026100002229,"timelineOffsetMs":122.08420199993998}
10-11 14:15:23.273 11634 17474 D OutputsAudio: [outputs-audio] start hz=700.0 gain=1.000 attack=2.50 release=6.00
10-11 14:15:23.313 11634 11711 D OutputsAudio: [outputs-audio] symbol.info sequence=8 symbol=. timestamp=7546795.160 duration=40.000
10-11 14:15:23.313 11634 11711 W ReactNativeJS: '[outputs-audio] native sequence jump', { previous: 6, next: 8, delta: 2 }
10-11 14:15:23.314 11634 11711 I ReactNativeJS: [outputs] playMorse.symbol {"timestamp":7546835.015296,"wallClock":1760206523313,"symbol":"-","durationMs":120,"index":5,"source":"console.replay","correlationId":"console-replay:mgmlilrln8l9oq35","nativeTimestampMs":7546795.16,"nativeDurationMs":40,"nativeOffsetMs":39.819046000018716,"nativeSequence":8,"monotonicTimestampMs":7546795.16}
10-11 14:15:23.314 11634 11711 I ReactNativeJS: [outputs] outputs.hapticSymbol {"timestamp":7546835.396494,"wallClock":1760206523314,"enabled":true,"symbol":"-","durationMs":120,"platform":"android","source":"console.replay","correlationId":"console-replay:mgmlilrln8l9oq35","timelineOffsetMs":39.819046000018716}
10-11 14:15:23.314 11634 17474 D OutputsAudio: [outputs-audio] stop gain=1.000 release=6.00
10-11 14:15:23.315 11634 11711 I ReactNativeJS: [outputs] outputs.flashPulse {"timestamp":7546836.187848,"wallClock":1760206523315,"enabled":true,"durationMs":120,"source":"console.replay","correlationId":"console-replay:mgmlilrln8l9oq35","timelineOffsetMs":39.819046000018716}
10-11 14:15:23.355 11634 17474 D OutputsAudio: [outputs-audio] start hz=700.0 gain=1.000 attack=2.50 release=6.00
10-11 14:15:23.395 11634 17474 D OutputsAudio: [outputs-audio] stop gain=1.000 release=6.00
10-11 14:15:23.404 11634 11711 I ReactNativeJS: [outputs] outputs.flashPulse.commit {"timestamp":7546925.438317,"wallClock":1760206523404,"durationMs":120,"source":"console.replay","correlationId":"console-replay:mgmlilrln8l9oq35","latencyMs":90.45536500029266,"timelineOffsetMs":39.819046000018716}
10-11 14:15:23.436 11634 17474 D OutputsAudio: [outputs-audio] start hz=700.0 gain=1.000 attack=2.50 release=6.00
10-11 14:15:23.473 11634 11711 D OutputsAudio: [outputs-audio] symbol.info sequence=10 symbol=- timestamp=7546957.882 duration=120.000
10-11 14:15:23.474 11634 11711 W ReactNativeJS: '[outputs-audio] native sequence jump', { previous: 8, next: 10, delta: 2 }
10-11 14:15:23.474 11634 11711 I ReactNativeJS: [outputs] playMorse.symbol {"timestamp":7546995.413161,"wallClock":1760206523474,"symbol":".","durationMs":40,"index":6,"source":"console.replay","correlationId":"console-replay:mgmlilw28te17562","nativeTimestampMs":7546957.882,"nativeDurationMs":120,"nativeOffsetMs":37.49480600003153,"nativeSequence":10,"monotonicTimestampMs":7546957.882}
10-11 14:15:23.475 11634 11711 I ReactNativeJS: [outputs] outputs.hapticSymbol {"timestamp":7546995.808473,"wallClock":1760206523474,"enabled":true,"symbol":".","durationMs":40,"platform":"android","source":"console.replay","correlationId":"console-replay:mgmlilw28te17562","timelineOffsetMs":37.49480600003153}
10-11 14:15:23.475 11634 11711 I ReactNativeJS: [outputs] outputs.flashPulse {"timestamp":7546996.626806,"wallClock":1760206523475,"enabled":true,"durationMs":40,"source":"console.replay","correlationId":"console-replay:mgmlilw28te17562","timelineOffsetMs":37.49480600003153}
10-11 14:15:23.557 11634 17474 D OutputsAudio: [outputs-audio] stop gain=1.000 release=6.00
10-11 14:15:23.564 11634 11711 I ReactNativeJS: [outputs] outputs.flashPulse.commit {"timestamp":7547085.37639,"wallClock":1760206523564,"durationMs":40,"source":"console.replay","correlationId":"console-replay:mgmlilw28te17562","latencyMs":89.99520900007337,"timelineOffsetMs":37.49480600003153}
10-11 14:15:23.598 11634 17474 D OutputsAudio: [outputs-audio] start hz=700.0 gain=1.000 attack=2.50 release=6.00
10-11 14:15:23.630 11634 11711 D OutputsAudio: [outputs-audio] symbol.info sequence=11 symbol=- timestamp=7547119.413 duration=120.000
10-11 14:15:23.630 11634 11711 I ReactNativeJS: [outputs] playMorse.symbol {"timestamp":7547151.329358,"wallClock":1760206523630,"symbol":".","durationMs":40,"index":7,"source":"console.replay","correlationId":"console-replay:mgmlim0ei5uoq8jh","nativeTimestampMs":7547119.413,"nativeDurationMs":120,"nativeOffsetMs":31.865993999876082,"nativeSequence":11,"monotonicTimestampMs":7547119.413}
10-11 14:15:23.631 11634 11711 I ReactNativeJS: [outputs] outputs.hapticSymbol {"timestamp":7547151.800348,"wallClock":1760206523630,"enabled":true,"symbol":".","durationMs":40,"platform":"android","source":"console.replay","correlationId":"console-replay:mgmlim0ei5uoq8jh","timelineOffsetMs":31.865993999876082}
10-11 14:15:23.631 11634 11711 I ReactNativeJS: [outputs] outputs.flashPulse {"timestamp":7547152.565713,"wallClock":1760206523631,"enabled":true,"durationMs":40,"source":"console.replay","correlationId":"console-replay:mgmlim0ei5uoq8jh","timelineOffsetMs":31.865993999876082}
10-11 14:15:23.719 11634 17474 D OutputsAudio: [outputs-audio] stop gain=1.000 release=6.00
10-11 14:15:23.719 11634 11711 I ReactNativeJS: [outputs] outputs.flashPulse.commit {"timestamp":7547240.438317,"wallClock":1760206523719,"durationMs":40,"source":"console.replay","correlationId":"console-replay:mgmlim0ei5uoq8jh","latencyMs":89.15531200077385,"timelineOffsetMs":31.865993999876082}
10-11 14:15:23.759 11634 17474 D OutputsAudio: [outputs-audio] start hz=700.0 gain=1.000 attack=2.50 release=6.00
10-11 14:15:23.802 11634 11711 D OutputsAudio: [outputs-audio] symbol.info sequence=12 symbol=- timestamp=7547280.978 duration=120.000
10-11 14:15:23.803 11634 11711 I ReactNativeJS: [outputs] playMorse.symbol {"timestamp":7547324.184879,"wallClock":1760206523803,"symbol":".","durationMs":40,"index":8,"source":"console.replay","correlationId":"console-replay:mgmlim57ihwlecla","nativeTimestampMs":7547280.978,"nativeDurationMs":120,"nativeOffsetMs":43.15464000031352,"nativeSequence":12,"monotonicTimestampMs":7547280.978}
10-11 14:15:23.803 11634 11711 I ReactNativeJS: [outputs] outputs.hapticSymbol {"timestamp":7547324.675035,"wallClock":1760206523803,"enabled":true,"symbol":".","durationMs":40,"platform":"android","source":"console.replay","correlationId":"console-replay:mgmlim57ihwlecla","timelineOffsetMs":43.15464000031352}
10-11 14:15:23.804 11634 11711 I ReactNativeJS: [outputs] outputs.flashPulse {"timestamp":7547325.437588,"wallClock":1760206523804,"enabled":true,"durationMs":40,"source":"console.replay","correlationId":"console-replay:mgmlim57ihwlecla","timelineOffsetMs":43.15464000031352}
10-11 14:15:23.876 11634 11711 I ReactNativeJS: [outputs] outputs.flashPulse.commit {"timestamp":7547397.479515,"wallClock":1760206523876,"durationMs":40,"source":"console.replay","correlationId":"console-replay:mgmlim57ihwlecla","latencyMs":73.34218699950725,"timelineOffsetMs":43.15464000031352}
10-11 14:15:23.879 11634 17474 D OutputsAudio: [outputs-audio] stop gain=1.000 release=6.00
10-11 14:15:23.920 11634 17474 D OutputsAudio: [outputs-audio] start hz=700.0 gain=1.000 attack=2.50 release=6.00
10-11 14:15:23.961 11634 17474 D OutputsAudio: [outputs-audio] stop gain=1.000 release=6.00
10-11 14:15:23.963 11634 11711 D OutputsAudio: [outputs-audio] symbol.info sequence=13 symbol=. timestamp=7547442.127 duration=40.000
10-11 14:15:23.963 11634 11711 I ReactNativeJS: [outputs] playMorse.symbol {"timestamp":7547484.537015,"wallClock":1760206523963,"symbol":"-","durationMs":120,"index":9,"source":"console.replay","correlationId":"console-replay:mgmlim9nuyyf3353","nativeTimestampMs":7547442.127,"nativeDurationMs":40,"nativeOffsetMs":42.360430999659,"nativeSequence":13,"monotonicTimestampMs":7547442.127}
10-11 14:15:23.964 11634 11711 I ReactNativeJS: [outputs] outputs.hapticSymbol {"timestamp":7547485.006702,"wallClock":1760206523963,"enabled":true,"symbol":"-","durationMs":120,"platform":"android","source":"console.replay","correlationId":"console-replay:mgmlim9nuyyf3353","timelineOffsetMs":42.360430999659}
10-11 14:15:23.964 11634 11711 I ReactNativeJS: [outputs] outputs.flashPulse {"timestamp":7547485.747744,"wallClock":1760206523964,"enabled":true,"durationMs":120,"source":"console.replay","correlationId":"console-replay:mgmlim9nuyyf3353","timelineOffsetMs":42.360430999659}
10-11 14:15:24.002 11634 17474 D OutputsAudio: [outputs-audio] start hz=700.0 gain=1.000 attack=2.50 release=6.00
10-11 14:15:24.042 11634 17474 D OutputsAudio: [outputs-audio] stop gain=1.000 release=6.00
10-11 14:15:24.054 11634 11711 I ReactNativeJS: [outputs] outputs.flashPulse.commit {"timestamp":7547575.250608,"wallClock":1760206524054,"durationMs":120,"source":"console.replay","correlationId":"console-replay:mgmlim9nuyyf3353","latencyMs":90.75916699972004,"timelineOffsetMs":42.360430999659}
10-11 14:15:24.083 11634 17474 D OutputsAudio: [outputs-audio] start hz=700.0 gain=1.000 attack=2.50 release=6.00
10-11 14:15:24.124 11634 17474 D OutputsAudio: [outputs-audio] stop gain=1.000 release=6.00
10-11 14:15:24.136 11634 11711 D OutputsAudio: [outputs-audio] symbol.info sequence=15 symbol=. timestamp=7547605.181 duration=40.000
