--------- beginning of main
10-11 18:14:33.754 21460 21538 I ReactNativeJS: [outputs] playMorse.start {"timestamp":21859931.707649,"wallClock":1760220873753,"unitMs":120,"length":28,"source":"console.replay","audioEnabled":true,"audioVolumePercent":100}
10-11 18:14:34.132 21460 21538 D OutputsAudio: [outputs-audio] warmup hz=700.0
10-11 18:14:34.132 21460 21694 D OutputsAudio: [outputs-audio] playMorse.start count=27 unit=120.0
10-11 18:14:34.132 21460 21694 D OutputsAudio: [outputs-audio] start hz=700.0 gain=1.000 attack=2.50 release=6.00
10-11 18:14:34.132 21460 21694 D OutputsAudio: [outputs-audio] playMorse.symbol.start sequence=1 symbol=. expected=21860311.554 actual=21860311.567 skew=0.013 batchElapsed=0.013
10-11 18:14:34.134 21460 21538 D OutputsAudio: [outputs-audio] symbol.info sequence=1 symbol=. timestamp=21860311.567 duration=120.000 expected=21860311.554 skew=0.013 age=1.785
10-11 18:14:34.137 21460 21538 I ReactNativeJS: [outputs] playMorse.symbol {"timestamp":21860313.984107,"wallClock":1760220874135,"symbol":".","durationMs":120,"index":0,"source":"console.replay","correlationId":"console-replay:mgmu26xj3rdkfo3f","nativeTimestampMs":21860311.567,"nativeDurationMs":120,"nativeOffsetMs":2.061845999211073,"nativeSequence":1,"monotonicTimestampMs":21860311.567,"nativeExpectedTimestampMs":21860311.554,"nativeStartSkewMs":0.013,"nativeBatchElapsedMs":0.013,"nativeExpectedSincePriorMs":0,"nativeSincePriorMs":0,"nativePatternStartMs":21860311.554,"nativeAgeMs":1.785}
10-11 18:14:34.140 21460 21538 I ReactNativeJS: [outputs] outputs.hapticSymbol {"timestamp":21860317.904784,"wallClock":1760220874139,"enabled":true,"symbol":".","durationMs":120,"platform":"android","source":"console.replay","correlationId":"console-replay:mgmu26xj3rdkfo3f","timelineOffsetMs":2.061845999211073}
10-11 18:14:34.145 21460 21538 I ReactNativeJS: [outputs] outputs.flashPulse {"timestamp":21860323.833013,"wallClock":1760220874145,"enabled":true,"durationMs":120,"source":"console.replay","correlationId":"console-replay:mgmu26xj3rdkfo3f","timelineOffsetMs":2.061845999211073,"schedulingMode":"timeline","audioStartHeadroomMs":-20.255888000130653,"audioStartGuard":"headroom","audioStartCompensationMs":20.255888000130653}
10-11 18:14:34.155 21460 21538 I ReactNativeJS: [outputs] outputs.flashPulse.commit {"timestamp":21860332.605617,"wallClock":1760220874154,"durationMs":120,"source":"console.replay","correlationId":"console-replay:mgmu26xj3rdkfo3f","latencyMs":18.96255199983716,"timelineOffsetMs":2.061845999211073,"leadMs":8,"scheduleSkewMs":8.776875000447035,"schedulingMode":"timeline","audioStartHeadroomMs":-20.255888000130653,"audioStartGuard":"headroom","audioStartCompensationMs":20.255888000130653}
10-11 18:14:34.254 21460 21694 D OutputsAudio: [outputs-audio] stop gain=1.000 release=6.00
10-11 18:14:34.375 21460 21694 D OutputsAudio: [outputs-audio] start hz=700.0 gain=1.000 attack=2.50 release=6.00
10-11 18:14:34.375 21460 21694 D OutputsAudio: [outputs-audio] playMorse.symbol.start sequence=2 symbol=. expected=21860551.554 actual=21860553.967 skew=2.413 batchElapsed=242.413
10-11 18:14:34.378 21460 21538 D OutputsAudio: [outputs-audio] symbol.info sequence=2 symbol=. timestamp=21860553.967 duration=120.000 expected=21860551.554 skew=2.413 age=3.234
10-11 18:14:34.379 21460 21538 I ReactNativeJS: [outputs] playMorse.symbol {"timestamp":21860557.413898,"wallClock":1760220874378,"symbol":".","durationMs":120,"index":1,"source":"console.replay","correlationId":"console-replay:mgmu274ajoqd96s6","nativeTimestampMs":21860553.967,"nativeDurationMs":120,"nativeOffsetMs":3.353668998926878,"nativeSequence":2,"monotonicTimestampMs":21860553.967,"nativeExpectedTimestampMs":21860551.554,"nativeStartSkewMs":2.413,"nativeBatchElapsedMs":242.413,"nativeExpectedSincePriorMs":240,"nativeSincePriorMs":242.4,"nativePatternStartMs":21860311.554,"nativeAgeMs":3.234}
10-11 18:14:34.380 21460 21538 I ReactNativeJS: [outputs] outputs.hapticSymbol {"timestamp":21860558.377648,"wallClock":1760220874379,"enabled":true,"symbol":".","durationMs":120,"platform":"android","source":"console.replay","correlationId":"console-replay:mgmu274ajoqd96s6","timelineOffsetMs":3.353668998926878}
10-11 18:14:34.381 21460 21538 I ReactNativeJS: [outputs] outputs.flashPulse {"timestamp":21860559.398638,"wallClock":1760220874380,"enabled":true,"durationMs":120,"source":"console.replay","correlationId":"console-replay:mgmu274ajoqd96s6","timelineOffsetMs":3.353668998926878,"schedulingMode":"timeline","audioStartHeadroomMs":-15.830939996987581,"audioStartGuard":"headroom","audioStartCompensationMs":15.830939996987581}
10-11 18:14:34.471 21460 21538 I ReactNativeJS: [outputs] outputs.flashPulse.commit {"timestamp":21860650.173377,"wallClock":1760220874471,"durationMs":120,"source":"console.replay","correlationId":"console-replay:mgmu274ajoqd96s6","latencyMs":92.84479200094938,"timelineOffsetMs":3.353668998926878,"leadMs":8,"scheduleSkewMs":90.7779689989984,"schedulingMode":"timeline","audioStartHeadroomMs":-15.830939996987581,"audioStartGuard":"headroom","audioStartCompensationMs":15.830939996987581}
10-11 18:14:34.496 21460 21694 D OutputsAudio: [outputs-audio] stop gain=1.000 release=6.00
10-11 18:14:34.617 21460 21694 D OutputsAudio: [outputs-audio] start hz=700.0 gain=1.000 attack=2.50 release=6.00
10-11 18:14:34.617 21460 21694 D OutputsAudio: [outputs-audio] playMorse.symbol.start sequence=3 symbol=. expected=21860791.554 actual=21860796.107 skew=4.553 batchElapsed=484.553
10-11 18:14:34.619 21460 21538 D OutputsAudio: [outputs-audio] symbol.info sequence=3 symbol=. timestamp=21860796.107 duration=120.000 expected=21860791.554 skew=4.553 age=2.088
10-11 18:14:34.620 21460 21538 I ReactNativeJS: [outputs] playMorse.symbol {"timestamp":21860798.41619,"wallClock":1760220874619,"symbol":".","durationMs":120,"index":2,"source":"console.replay","correlationId":"console-replay:mgmu27aztmar3402","nativeTimestampMs":21860796.107,"nativeDurationMs":120,"nativeOffsetMs":2.2105959989130497,"nativeSequence":3,"monotonicTimestampMs":21860796.107,"nativeExpectedTimestampMs":21860791.554,"nativeStartSkewMs":4.553,"nativeBatchElapsedMs":484.553,"nativeExpectedSincePriorMs":240,"nativeSincePriorMs":242.14,"nativePatternStartMs":21860311.554,"nativeAgeMs":2.088}
10-11 18:14:34.622 21460 21538 I ReactNativeJS: [outputs] outputs.hapticSymbol {"timestamp":21860799.407544,"wallClock":1760220874620,"enabled":true,"symbol":".","durationMs":120,"platform":"android","source":"console.replay","correlationId":"console-replay:mgmu27aztmar3402","timelineOffsetMs":2.2105959989130497}
10-11 18:14:34.623 21460 21538 I ReactNativeJS: [outputs] outputs.flashPulse {"timestamp":21860801.369419,"wallClock":1760220874622,"enabled":true,"durationMs":120,"source":"console.replay","correlationId":"console-replay:mgmu27aztmar3402","timelineOffsetMs":2.2105959989130497,"schedulingMode":"timeline","audioStartHeadroomMs":-17.790106996893883,"audioStartGuard":"headroom","audioStartCompensationMs":17.790106996893883}
10-11 18:14:34.724 21460 21538 I ReactNativeJS: [outputs] outputs.flashPulse.commit {"timestamp":21860903.026502,"wallClock":1760220874724,"durationMs":120,"source":"console.replay","correlationId":"console-replay:mgmu27aztmar3402","latencyMs":104.69828100129962,"timelineOffsetMs":2.2105959989130497,"leadMs":8,"scheduleSkewMs":101.66713500022888,"schedulingMode":"timeline","audioStartHeadroomMs":-17.790106996893883,"audioStartGuard":"headroom","audioStartCompensationMs":17.790106996893883}
10-11 18:14:34.738 21460 21694 D OutputsAudio: [outputs-audio] stop gain=1.000 release=6.00
10-11 18:14:34.859 21460 21694 D OutputsAudio: [outputs-audio] start hz=700.0 gain=1.000 attack=2.50 release=6.00
10-11 18:14:34.859 21460 21694 D OutputsAudio: [outputs-audio] playMorse.symbol.start sequence=4 symbol=- expected=21861031.554 actual=21861037.845 skew=6.292 batchElapsed=726.292
10-11 18:14:34.867 21460 21538 D OutputsAudio: [outputs-audio] symbol.info sequence=4 symbol=- timestamp=21861037.845 duration=360.000 expected=21861031.554 skew=6.292 age=7.871
10-11 18:14:34.868 21460 21538 I ReactNativeJS: [outputs] playMorse.symbol {"timestamp":21861045.996294,"wallClock":1760220874867,"symbol":"-","durationMs":360,"index":3,"source":"console.replay","correlationId":"console-replay:mgmu27hv5a31b192","nativeTimestampMs":21861037.845,"nativeDurationMs":360,"nativeOffsetMs":8.042909000068903,"nativeSequence":4,"monotonicTimestampMs":21861037.845,"nativeExpectedTimestampMs":21861031.554,"nativeStartSkewMs":6.292,"nativeBatchElapsedMs":726.292,"nativeExpectedSincePriorMs":240,"nativeSincePriorMs":241.739,"nativePatternStartMs":21860311.554,"nativeAgeMs":7.871}
10-11 18:14:34.868 21460 21538 I ReactNativeJS: [outputs] outputs.hapticSymbol {"timestamp":21861047.080929,"wallClock":1760220874868,"enabled":true,"symbol":"-","durationMs":360,"platform":"android","source":"console.replay","correlationId":"console-replay:mgmu27hv5a31b192","timelineOffsetMs":8.042909000068903}
10-11 18:14:34.873 21460 21538 I ReactNativeJS: [outputs] outputs.flashPulse {"timestamp":21861047.826763,"wallClock":1760220874869,"enabled":true,"durationMs":360,"source":"console.replay","correlationId":"console-replay:mgmu27hv5a31b192","timelineOffsetMs":8.042909000068903,"schedulingMode":"timeline","audioStartHeadroomMs":-24.260887999087572,"audioStartGuard":"headroom","audioStartCompensationMs":24.260887999087572}
10-11 18:14:34.939 21460 21538 I ReactNativeJS: [outputs] outputs.flashPulse.commit {"timestamp":21861117.876294,"wallClock":1760220874939,"durationMs":360,"source":"console.replay","correlationId":"console-replay:mgmu27hv5a31b192","latencyMs":71.97973900288343,"timelineOffsetMs":8.042909000068903,"leadMs":8,"scheduleSkewMs":70.05083300173283,"schedulingMode":"timeline","audioStartHeadroomMs":-24.260887999087572,"audioStartGuard":"headroom","audioStartCompensationMs":24.260887999087572}
10-11 18:14:35.220 21460 21694 D OutputsAudio: [outputs-audio] stop gain=1.000 release=6.00
10-11 18:14:35.341 21460 21694 D OutputsAudio: [outputs-audio] start hz=700.0 gain=1.000 attack=2.50 release=6.00
10-11 18:14:35.341 21460 21694 D OutputsAudio: [outputs-audio] playMorse.symbol.start sequence=5 symbol=- expected=21861511.554 actual=21861519.902 skew=8.349 batchElapsed=1208.349
10-11 18:14:35.349 21460 21538 D OutputsAudio: [outputs-audio] symbol.info sequence=5 symbol=- timestamp=21861519.902 duration=360.000 expected=21861511.554 skew=8.349 age=8.545
10-11 18:14:35.352 21460 21538 I ReactNativeJS: [outputs] playMorse.symbol {"timestamp":21861529.0277,"wallClock":1760220875350,"symbol":"-","durationMs":360,"index":4,"source":"console.replay","correlationId":"console-replay:mgmu27vale6f3pvk","nativeTimestampMs":21861519.902,"nativeDurationMs":360,"nativeOffsetMs":8.87465799972415,"nativeSequence":5,"monotonicTimestampMs":21861519.902,"nativeExpectedTimestampMs":21861511.554,"nativeStartSkewMs":8.349,"nativeBatchElapsedMs":1208.349,"nativeExpectedSincePriorMs":480,"nativeSincePriorMs":482.057,"nativePatternStartMs":21860311.554,"nativeAgeMs":8.545}
10-11 18:14:35.355 21460 21538 I ReactNativeJS: [outputs] outputs.hapticSymbol {"timestamp":21861531.506137,"wallClock":1760220875352,"enabled":true,"symbol":"-","durationMs":360,"platform":"android","source":"console.replay","correlationId":"console-replay:mgmu27vale6f3pvk","timelineOffsetMs":8.87465799972415}
10-11 18:14:35.358 21460 21538 I ReactNativeJS: [outputs] outputs.flashPulse {"timestamp":21861536.574992,"wallClock":1760220875357,"enabled":true,"durationMs":360,"source":"console.replay","correlationId":"console-replay:mgmu27vale6f3pvk","timelineOffsetMs":8.87465799972415,"schedulingMode":"timeline","audioStartHeadroomMs":-33.00536699965596,"audioStartGuard":"headroom","audioStartCompensationMs":33.00536699965596}
10-11 18:14:35.441 21460 21538 I ReactNativeJS: [outputs] outputs.flashPulse.commit {"timestamp":21861619.231815,"wallClock":1760220875440,"durationMs":360,"source":"console.replay","correlationId":"console-replay:mgmu27vale6f3pvk","latencyMs":90.44661500304937,"timelineOffsetMs":8.87465799972415,"leadMs":8,"scheduleSkewMs":82.66093800216913,"schedulingMode":"timeline","audioStartHeadroomMs":-33.00536699965596,"audioStartGuard":"headroom","audioStartCompensationMs":33.00536699965596}
10-11 18:14:35.701 21460 21694 D OutputsAudio: [outputs-audio] stop gain=1.000 release=6.00
10-11 18:14:35.822 21460 21694 D OutputsAudio: [outputs-audio] start hz=700.0 gain=1.000 attack=2.50 release=6.00
10-11 18:14:35.822 21460 21694 D OutputsAudio: [outputs-audio] playMorse.symbol.start sequence=6 symbol=- expected=21861991.554 actual=21862001.176 skew=9.623 batchElapsed=1689.623
10-11 18:14:35.834 21460 21538 D OutputsAudio: [outputs-audio] symbol.info sequence=6 symbol=- timestamp=21862001.176 duration=360.000 expected=21861991.554 skew=9.623 age=11.371
10-11 18:14:35.835 21460 21538 I ReactNativeJS: [outputs] playMorse.symbol {"timestamp":21862012.828273,"wallClock":1760220875834,"symbol":"-","durationMs":360,"index":5,"source":"console.replay","correlationId":"console-replay:mgmu288quodve8ki","nativeTimestampMs":21862001.176,"nativeDurationMs":360,"nativeOffsetMs":11.547012001276016,"nativeSequence":6,"monotonicTimestampMs":21862001.176,"nativeExpectedTimestampMs":21861991.554,"nativeStartSkewMs":9.623,"nativeBatchElapsedMs":1689.623,"nativeExpectedSincePriorMs":480,"nativeSincePriorMs":481.274,"nativePatternStartMs":21860311.554,"nativeAgeMs":11.371}
10-11 18:14:35.836 21460 21538 I ReactNativeJS: [outputs] outputs.hapticSymbol {"timestamp":21862013.979575,"wallClock":1760220875835,"enabled":true,"symbol":"-","durationMs":360,"platform":"android","source":"console.replay","correlationId":"console-replay:mgmu288quodve8ki","timelineOffsetMs":11.547012001276016}
10-11 18:14:35.837 21460 21538 I ReactNativeJS: [outputs] outputs.flashPulse {"timestamp":21862015.110721,"wallClock":1760220875836,"enabled":true,"durationMs":360,"source":"console.replay","correlationId":"console-replay:mgmu288quodve8ki","timelineOffsetMs":11.547012001276016,"schedulingMode":"timeline","audioStartHeadroomMs":-31.53625199943781,"audioStartGuard":"headroom","audioStartCompensationMs":31.53625199943781}
10-11 18:14:35.906 21460 21538 I ReactNativeJS: [outputs] outputs.flashPulse.commit {"timestamp":21862084.395044,"wallClock":1760220875905,"durationMs":360,"source":"console.replay","correlationId":"console-replay:mgmu288quodve8ki","latencyMs":71.66328199952841,"timelineOffsetMs":11.547012001276016,"leadMs":8,"scheduleSkewMs":69.29265699908137,"schedulingMode":"timeline","audioStartHeadroomMs":-31.53625199943781,"audioStartGuard":"headroom","audioStartCompensationMs":31.53625199943781}
10-11 18:14:36.183 21460 21694 D OutputsAudio: [outputs-audio] stop gain=1.000 release=6.00
10-11 18:14:36.304 21460 21694 D OutputsAudio: [outputs-audio] start hz=700.0 gain=1.000 attack=2.50 release=6.00
10-11 18:14:36.304 21460 21694 D OutputsAudio: [outputs-audio] playMorse.symbol.start sequence=7 symbol=. expected=21862471.554 actual=21862483.023 skew=11.469 batchElapsed=2171.469
10-11 18:14:36.315 21460 21538 D OutputsAudio: [outputs-audio] symbol.info sequence=7 symbol=. timestamp=21862483.023 duration=120.000 expected=21862471.554 skew=11.469 age=11.408
10-11 18:14:36.318 21460 21538 I ReactNativeJS: [outputs] playMorse.symbol {"timestamp":21862494.744783,"wallClock":1760220876316,"symbol":".","durationMs":120,"index":6,"source":"console.replay","correlationId":"console-replay:mgmu28m4c3dd8ogb","nativeTimestampMs":21862483.023,"nativeDurationMs":120,"nativeOffsetMs":11.581366002559662,"nativeSequence":7,"monotonicTimestampMs":21862483.023,"nativeExpectedTimestampMs":21862471.554,"nativeStartSkewMs":11.469,"nativeBatchElapsedMs":2171.469,"nativeExpectedSincePriorMs":480,"nativeSincePriorMs":481.846,"nativePatternStartMs":21860311.554,"nativeAgeMs":11.408}
10-11 18:14:36.320 21460 21538 I ReactNativeJS: [outputs] outputs.hapticSymbol {"timestamp":21862497.431762,"wallClock":1760220876318,"enabled":true,"symbol":".","durationMs":120,"platform":"android","source":"console.replay","correlationId":"console-replay:mgmu28m4c3dd8ogb","timelineOffsetMs":11.581366002559662}
10-11 18:14:36.323 21460 21538 I ReactNativeJS: [outputs] outputs.flashPulse {"timestamp":21862501.179783,"wallClock":1760220876322,"enabled":true,"durationMs":120,"source":"console.replay","correlationId":"console-replay:mgmu28m4c3dd8ogb","timelineOffsetMs":11.581366002559662,"schedulingMode":"timeline","audioStartHeadroomMs":-37.608907997608185,"audioStartGuard":"headroom","audioStartCompensationMs":37.608907997608185}
10-11 18:14:36.401 21460 21538 I ReactNativeJS: [outputs] outputs.flashPulse.commit {"timestamp":21862579.91322,"wallClock":1760220876401,"durationMs":120,"source":"console.replay","correlationId":"console-replay:mgmu28m4c3dd8ogb","latencyMs":85.3001569993794,"timelineOffsetMs":11.581366002559662,"leadMs":8,"scheduleSkewMs":78.73859399929643,"schedulingMode":"timeline","audioStartHeadroomMs":-37.608907997608185,"audioStartGuard":"headroom","audioStartCompensationMs":37.608907997608185}
10-11 18:14:36.425 21460 21694 D OutputsAudio: [outputs-audio] stop gain=1.000 release=6.00
10-11 18:14:36.546 21460 21694 D OutputsAudio: [outputs-audio] start hz=700.0 gain=1.000 attack=2.50 release=6.00
10-11 18:14:36.546 21460 21694 D OutputsAudio: [outputs-audio] playMorse.symbol.start sequence=8 symbol=. expected=21862711.554 actual=21862725.355 skew=13.801 batchElapsed=2413.801
10-11 18:14:36.563 21460 21538 D OutputsAudio: [outputs-audio] symbol.info sequence=8 symbol=. timestamp=21862725.355 duration=120.000 expected=21862711.554 skew=13.801 age=16.392
10-11 18:14:36.564 21460 21538 I ReactNativeJS: [outputs] playMorse.symbol {"timestamp":21862741.931345,"wallClock":1760220876563,"symbol":".","durationMs":120,"index":7,"source":"console.replay","correlationId":"console-replay:mgmu28szzmomxiod","nativeTimestampMs":21862725.355,"nativeDurationMs":120,"nativeOffsetMs":16.505564000457525,"nativeSequence":8,"monotonicTimestampMs":21862725.355,"nativeExpectedTimestampMs":21862711.554,"nativeStartSkewMs":13.801,"nativeBatchElapsedMs":2413.801,"nativeExpectedSincePriorMs":240,"nativeSincePriorMs":242.332,"nativePatternStartMs":21860311.554,"nativeAgeMs":16.392}
10-11 18:14:36.564 21460 21538 I ReactNativeJS: [outputs] outputs.hapticSymbol {"timestamp":21862742.698585,"wallClock":1760220876564,"enabled":true,"symbol":".","durationMs":120,"platform":"android","source":"console.replay","correlationId":"console-replay:mgmu28szzmomxiod","timelineOffsetMs":16.505564000457525}
10-11 18:14:36.565 21460 21538 I ReactNativeJS: [outputs] outputs.flashPulse {"timestamp":21862743.454783,"wallClock":1760220876564,"enabled":true,"durationMs":120,"source":"console.replay","correlationId":"console-replay:mgmu28szzmomxiod","timelineOffsetMs":16.505564000457525,"schedulingMode":"timeline","audioStartHeadroomMs":-39.88770999759436,"audioStartGuard":"headroom","audioStartCompensationMs":39.88770999759436}
10-11 18:14:36.636 21460 21538 I ReactNativeJS: [outputs] outputs.flashPulse.commit {"timestamp":21862815.188481,"wallClock":1760220876636,"durationMs":120,"source":"console.replay","correlationId":"console-replay:mgmu28szzmomxiod","latencyMs":73.31916699931026,"timelineOffsetMs":16.505564000457525,"leadMs":8,"scheduleSkewMs":71.7356249988079,"schedulingMode":"timeline","audioStartHeadroomMs":-39.88770999759436,"audioStartGuard":"headroom","audioStartCompensationMs":39.88770999759436}
10-11 18:14:36.667 21460 21694 D OutputsAudio: [outputs-audio] stop gain=1.000 release=6.00
10-11 18:14:36.788 21460 21694 D OutputsAudio: [outputs-audio] start hz=700.0 gain=1.000 attack=2.50 release=6.00
10-11 18:14:36.788 21460 21694 D OutputsAudio: [outputs-audio] playMorse.symbol.start sequence=9 symbol=. expected=21862951.554 actual=21862966.685 skew=15.132 batchElapsed=2655.132
10-11 18:14:36.793 21460 21538 D OutputsAudio: [outputs-audio] symbol.info sequence=9 symbol=. timestamp=21862966.685 duration=120.000 expected=21862951.554 skew=15.132 age=4.847
10-11 18:14:36.794 21460 21538 I ReactNativeJS: [outputs] playMorse.symbol {"timestamp":21862971.889731,"wallClock":1760220876793,"symbol":".","durationMs":120,"index":8,"source":"console.replay","correlationId":"console-replay:mgmu28zdn1o93rwh","nativeTimestampMs":21862966.685,"nativeDurationMs":120,"nativeOffsetMs":5.05749100074172,"nativeSequence":9,"monotonicTimestampMs":21862966.685,"nativeExpectedTimestampMs":21862951.554,"nativeStartSkewMs":15.132,"nativeBatchElapsedMs":2655.132,"nativeExpectedSincePriorMs":240,"nativeSincePriorMs":241.33,"nativePatternStartMs":21860311.554,"nativeAgeMs":4.847}
10-11 18:14:36.795 21460 21538 I ReactNativeJS: [outputs] outputs.hapticSymbol {"timestamp":21862973.538377,"wallClock":1760220876794,"enabled":true,"symbol":".","durationMs":120,"platform":"android","source":"console.replay","correlationId":"console-replay:mgmu28zdn1o93rwh","timelineOffsetMs":5.05749100074172}
10-11 18:14:36.797 21460 21538 I ReactNativeJS: [outputs] outputs.flashPulse {"timestamp":21862975.19947,"wallClock":1760220876796,"enabled":true,"durationMs":120,"source":"console.replay","correlationId":"console-replay:mgmu28zdn1o93rwh","timelineOffsetMs":5.05749100074172,"schedulingMode":"timeline","audioStartHeadroomMs":-31.617396999150515,"audioStartGuard":"headroom","audioStartCompensationMs":31.617396999150515}
10-11 18:14:36.879 21460 21538 I ReactNativeJS: [outputs] outputs.flashPulse.commit {"timestamp":21863057.351501,"wallClock":1760220876878,"durationMs":120,"source":"console.replay","correlationId":"console-replay:mgmu28zdn1o93rwh","latencyMs":85.60052100196481,"timelineOffsetMs":5.05749100074172,"leadMs":8,"scheduleSkewMs":82.16619800031185,"schedulingMode":"timeline","audioStartHeadroomMs":-31.617396999150515,"audioStartGuard":"headroom","audioStartCompensationMs":31.617396999150515}
10-11 18:14:36.908 21460 21694 D OutputsAudio: [outputs-audio] stop gain=1.000 release=6.00
10-11 18:14:37.029 21460 21694 D OutputsAudio: [outputs-audio] start hz=700.0 gain=1.000 attack=2.50 release=6.00
10-11 18:14:37.029 21460 21694 D OutputsAudio: [outputs-audio] playMorse.symbol.start sequence=10 symbol=- expected=21863191.554 actual=21863208.286 skew=16.732 batchElapsed=2896.732
10-11 18:14:37.051 21460 21538 D OutputsAudio: [outputs-audio] symbol.info sequence=10 symbol=- timestamp=21863208.286 duration=360.000 expected=21863191.554 skew=16.732 age=21.973
10-11 18:14:37.055 21460 21538 I ReactNativeJS: [outputs] playMorse.symbol {"timestamp":21863230.724731,"wallClock":1760220877052,"symbol":"-","durationMs":360,"index":9,"source":"console.replay","correlationId":"console-replay:mgmu296kp1tcdted","nativeTimestampMs":21863208.286,"nativeDurationMs":360,"nativeOffsetMs":22.249251000583172,"nativeSequence":10,"monotonicTimestampMs":21863208.286,"nativeExpectedTimestampMs":21863191.554,"nativeStartSkewMs":16.732,"nativeBatchElapsedMs":2896.732,"nativeExpectedSincePriorMs":240,"nativeSincePriorMs":241.601,"nativePatternStartMs":21860311.554,"nativeAgeMs":21.973}
10-11 18:14:37.056 21460 21538 I ReactNativeJS: [outputs] outputs.hapticSymbol {"timestamp":21863233.768637,"wallClock":1760220877055,"enabled":true,"symbol":"-","durationMs":360,"platform":"android","source":"console.replay","correlationId":"console-replay:mgmu296kp1tcdted","timelineOffsetMs":22.249251000583172}
10-11 18:14:37.061 21460 21538 I ReactNativeJS: [outputs] outputs.flashPulse {"timestamp":21863238.44046,"wallClock":1760220877059,"enabled":true,"durationMs":360,"source":"console.replay","correlationId":"console-replay:mgmu296kp1tcdted","timelineOffsetMs":22.249251000583172,"schedulingMode":"timeline","audioStartHeadroomMs":-54.86979299783707,"audioStartGuard":"headroom","audioStartCompensationMs":54.86979299783707}
10-11 18:14:37.131 21460 21538 I ReactNativeJS: [outputs] outputs.flashPulse.commit {"timestamp":21863309.730824,"wallClock":1760220877131,"durationMs":360,"source":"console.replay","correlationId":"console-replay:mgmu296kp1tcdted","latencyMs":79.18703199923038,"timelineOffsetMs":22.249251000583172,"leadMs":8,"scheduleSkewMs":71.29546899721026,"schedulingMode":"timeline","audioStartHeadroomMs":-54.86979299783707,"audioStartGuard":"headroom","audioStartCompensationMs":54.86979299783707}
10-11 18:14:37.390 21460 21694 D OutputsAudio: [outputs-audio] stop gain=1.000 release=6.00
10-11 18:14:37.515 21460 21694 D OutputsAudio: [outputs-audio] start hz=700.0 gain=1.000 attack=2.50 release=6.00
10-11 18:14:37.515 21460 21694 D OutputsAudio: [outputs-audio] playMorse.symbol.start sequence=11 symbol=- expected=21863671.554 actual=21863693.769 skew=22.215 batchElapsed=3382.215
10-11 18:14:37.528 21460 21538 D OutputsAudio: [outputs-audio] symbol.info sequence=11 symbol=- timestamp=21863693.769 duration=360.000 expected=21863671.554 skew=22.215 age=13.161
10-11 18:14:37.529 21460 21538 I ReactNativeJS: [outputs] playMorse.symbol {"timestamp":21863707.120824,"wallClock":1760220877528,"symbol":"-","durationMs":360,"index":10,"source":"console.replay","correlationId":"console-replay:mgmu29jsog6mwo1c","nativeTimestampMs":21863693.769,"nativeDurationMs":360,"nativeOffsetMs":13.283438999205828,"nativeSequence":11,"monotonicTimestampMs":21863693.769,"nativeExpectedTimestampMs":21863671.554,"nativeStartSkewMs":22.215,"nativeBatchElapsedMs":3382.215,"nativeExpectedSincePriorMs":480,"nativeSincePriorMs":485.483,"nativePatternStartMs":21860311.554,"nativeAgeMs":13.161}
10-11 18:14:37.529 21460 21538 I ReactNativeJS: [outputs] outputs.hapticSymbol {"timestamp":21863707.847126,"wallClock":1760220877529,"enabled":true,"symbol":"-","durationMs":360,"platform":"android","source":"console.replay","correlationId":"console-replay:mgmu29jsog6mwo1c","timelineOffsetMs":13.283438999205828}
10-11 18:14:37.530 21460 21538 I ReactNativeJS: [outputs] outputs.flashPulse {"timestamp":21863708.689626,"wallClock":1760220877530,"enabled":true,"durationMs":360,"source":"console.replay","correlationId":"console-replay:mgmu29jsog6mwo1c","timelineOffsetMs":13.283438999205828,"schedulingMode":"timeline","audioStartHeadroomMs":-45.12328200042248,"audioStartGuard":"headroom","audioStartCompensationMs":45.12328200042248}
10-11 18:14:37.603 21460 21538 I ReactNativeJS: [outputs] outputs.flashPulse.commit {"timestamp":21863782.047491,"wallClock":1760220877603,"durationMs":360,"source":"console.replay","correlationId":"console-replay:mgmu29jsog6mwo1c","latencyMs":74.98630199953914,"timelineOffsetMs":13.283438999205828,"leadMs":8,"scheduleSkewMs":73.35906299948692,"schedulingMode":"timeline","audioStartHeadroomMs":-45.12328200042248,"audioStartGuard":"headroom","audioStartCompensationMs":45.12328200042248}
10-11 18:14:37.876 21460 21694 D OutputsAudio: [outputs-audio] stop gain=1.000 release=6.00
10-11 18:14:37.997 21460 21694 D OutputsAudio: [outputs-audio] start hz=700.0 gain=1.000 attack=2.50 release=6.00
10-11 18:14:37.997 21460 21694 D OutputsAudio: [outputs-audio] playMorse.symbol.start sequence=12 symbol=- expected=21864151.554 actual=21864176.487 skew=24.934 batchElapsed=3864.934
10-11 18:14:38.012 21460 21538 D OutputsAudio: [outputs-audio] symbol.info sequence=12 symbol=- timestamp=21864176.487 duration=360.000 expected=21864151.554 skew=24.934 age=15.046
10-11 18:14:38.013 21460 21538 I ReactNativeJS: [outputs] playMorse.symbol {"timestamp":21864191.685511,"wallClock":1760220878013,"symbol":"-","durationMs":360,"index":11,"source":"console.replay","correlationId":"console-replay:mgmu29x9zuhw9ky9","nativeTimestampMs":21864176.487,"nativeDurationMs":360,"nativeOffsetMs":15.145022001117468,"nativeSequence":12,"monotonicTimestampMs":21864176.487,"nativeExpectedTimestampMs":21864151.554,"nativeStartSkewMs":24.934,"nativeBatchElapsedMs":3864.934,"nativeExpectedSincePriorMs":480,"nativeSincePriorMs":482.718,"nativePatternStartMs":21860311.554,"nativeAgeMs":15.046}
10-11 18:14:38.014 21460 21538 I ReactNativeJS: [outputs] outputs.hapticSymbol {"timestamp":21864192.308532,"wallClock":1760220878013,"enabled":true,"symbol":"-","durationMs":360,"platform":"android","source":"console.replay","correlationId":"console-replay:mgmu29x9zuhw9ky9","timelineOffsetMs":15.145022001117468}
10-11 18:14:38.014 21460 21538 I ReactNativeJS: [outputs] outputs.flashPulse {"timestamp":21864192.845824,"wallClock":1760220878014,"enabled":true,"durationMs":360,"source":"console.replay","correlationId":"console-replay:mgmu29x9zuhw9ky9","timelineOffsetMs":15.145022001117468,"schedulingMode":"timeline","audioStartHeadroomMs":-49.28297000005841,"audioStartGuard":"headroom","audioStartCompensationMs":49.28297000005841}
10-11 18:14:38.133 21460 21538 I ReactNativeJS: [outputs] outputs.flashPulse.commit {"timestamp":21864311.734157,"wallClock":1760220878133,"durationMs":360,"source":"console.replay","correlationId":"console-replay:mgmu29x9zuhw9ky9","latencyMs":120.09234400093555,"timelineOffsetMs":15.145022001117468,"leadMs":8,"scheduleSkewMs":118.88588600233197,"schedulingMode":"timeline","audioStartHeadroomMs":-49.28297000005841,"audioStartGuard":"headroom","audioStartCompensationMs":49.28297000005841}
10-11 18:14:38.358 21460 21694 D OutputsAudio: [outputs-audio] stop gain=1.000 release=6.00
10-11 18:14:38.479 21460 21694 D OutputsAudio: [outputs-audio] start hz=700.0 gain=1.000 attack=2.50 release=6.00
10-11 18:14:38.479 21460 21694 D OutputsAudio: [outputs-audio] playMorse.symbol.start sequence=13 symbol=. expected=21864631.554 actual=21864657.834 skew=26.280 batchElapsed=4346.280
10-11 18:14:38.489 21460 21538 D OutputsAudio: [outputs-audio] symbol.info sequence=13 symbol=. timestamp=21864657.834 duration=120.000 expected=21864631.554 skew=26.280 age=10.157
10-11 18:14:38.490 21460 21538 I ReactNativeJS: [outputs] playMorse.symbol {"timestamp":21864668.23072,"wallClock":1760220878489,"symbol":".","durationMs":120,"index":12,"source":"console.replay","correlationId":"console-replay:mgmu2aahj7yc0s04","nativeTimestampMs":21864657.834,"nativeDurationMs":120,"nativeOffsetMs":10.303906999528408,"nativeSequence":13,"monotonicTimestampMs":21864657.834,"nativeExpectedTimestampMs":21864631.554,"nativeStartSkewMs":26.28,"nativeBatchElapsedMs":4346.28,"nativeExpectedSincePriorMs":480,"nativeSincePriorMs":481.347,"nativePatternStartMs":21860311.554,"nativeAgeMs":10.157}
10-11 18:14:38.491 21460 21538 I ReactNativeJS: [outputs] outputs.hapticSymbol {"timestamp":21864669.227543,"wallClock":1760220878490,"enabled":true,"symbol":".","durationMs":120,"platform":"android","source":"console.replay","correlationId":"console-replay:mgmu2aahj7yc0s04","timelineOffsetMs":10.303906999528408}
10-11 18:14:38.491 21460 21538 I ReactNativeJS: [outputs] outputs.flashPulse {"timestamp":21864670.062855,"wallClock":1760220878491,"enabled":true,"durationMs":120,"source":"console.replay","correlationId":"console-replay:mgmu2aahj7yc0s04","timelineOffsetMs":10.303906999528408,"schedulingMode":"timeline","audioStartHeadroomMs":-46.49140699952841,"audioStartGuard":"headroom","audioStartCompensationMs":46.49140699952841}
10-11 18:14:38.561 21460 21538 I ReactNativeJS: [outputs] outputs.flashPulse.commit {"timestamp":21864739.46598,"wallClock":1760220878560,"durationMs":120,"source":"console.replay","correlationId":"console-replay:mgmu2aahj7yc0s04","latencyMs":71.31963600218296,"timelineOffsetMs":10.303906999528408,"leadMs":8,"scheduleSkewMs":69.40895900130272,"schedulingMode":"timeline","audioStartHeadroomMs":-46.49140699952841,"audioStartGuard":"headroom","audioStartCompensationMs":46.49140699952841}
10-11 18:14:38.599 21460 21694 D OutputsAudio: [outputs-audio] stop gain=1.000 release=6.00
10-11 18:14:38.719 21460 21694 D OutputsAudio: [outputs-audio] start hz=700.0 gain=1.000 attack=2.50 release=6.00
10-11 18:14:38.720 21460 21694 D OutputsAudio: [outputs-audio] playMorse.symbol.start sequence=14 symbol=. expected=21864871.554 actual=21864898.836 skew=27.283 batchElapsed=4587.283
10-11 18:14:38.746 21460 21538 D OutputsAudio: [outputs-audio] symbol.info sequence=14 symbol=. timestamp=21864898.836 duration=120.000 expected=21864871.554 skew=27.283 age=25.855
10-11 18:14:38.751 21460 21538 I ReactNativeJS: [outputs] playMorse.symbol {"timestamp":21864925.086865,"wallClock":1760220878746,"symbol":".","durationMs":120,"index":13,"source":"console.replay","correlationId":"console-replay:mgmu2ahmr22m8cwg","nativeTimestampMs":21864898.836,"nativeDurationMs":120,"nativeOffsetMs":26.102687999606133,"nativeSequence":14,"monotonicTimestampMs":21864898.836,"nativeExpectedTimestampMs":21864871.554,"nativeStartSkewMs":27.283,"nativeBatchElapsedMs":4587.283,"nativeExpectedSincePriorMs":240,"nativeSincePriorMs":241.002,"nativePatternStartMs":21860311.554,"nativeAgeMs":25.855}
10-11 18:14:38.753 21460 21538 I ReactNativeJS: [outputs] outputs.hapticSymbol {"timestamp":21864929.940876,"wallClock":1760220878751,"enabled":true,"symbol":".","durationMs":120,"platform":"android","source":"console.replay","correlationId":"console-replay:mgmu2ahmr22m8cwg","timelineOffsetMs":26.102687999606133}
10-11 18:14:38.756 21460 21538 I ReactNativeJS: [outputs] outputs.flashPulse {"timestamp":21864934.113897,"wallClock":1760220878755,"enabled":true,"durationMs":120,"source":"console.replay","correlationId":"console-replay:mgmu2ahmr22m8cwg","timelineOffsetMs":26.102687999606133,"schedulingMode":"timeline","audioStartHeadroomMs":-70.5478649996221,"audioStartGuard":"headroom","audioStartCompensationMs":70.5478649996221}
10-11 18:14:38.826 21460 21538 I ReactNativeJS: [outputs] outputs.flashPulse.commit {"timestamp":21865004.569938,"wallClock":1760220878825,"durationMs":120,"source":"console.replay","correlationId":"console-replay:mgmu2ahmr22m8cwg","latencyMs":79.62182300165296,"timelineOffsetMs":26.102687999606133,"leadMs":8,"scheduleSkewMs":70.45630200207233,"schedulingMode":"timeline","audioStartHeadroomMs":-70.5478649996221,"audioStartGuard":"headroom","audioStartCompensationMs":70.5478649996221}
10-11 18:14:38.841 21460 21694 D OutputsAudio: [outputs-audio] stop gain=1.000 release=6.00
10-11 18:14:38.962 21460 21694 D OutputsAudio: [outputs-audio] start hz=700.0 gain=1.000 attack=2.50 release=6.00
10-11 18:14:38.962 21460 21694 D OutputsAudio: [outputs-audio] playMorse.symbol.start sequence=15 symbol=. expected=21865111.554 actual=21865141.059 skew=29.505 batchElapsed=4829.505
10-11 18:14:38.968 21460 21538 D OutputsAudio: [outputs-audio] symbol.info sequence=15 symbol=. timestamp=21865141.059 duration=120.000 expected=21865111.554 skew=29.505 age=5.744
10-11 18:14:38.968 21460 21538 I ReactNativeJS: [outputs] playMorse.symbol {"timestamp":21865146.942803,"wallClock":1760220878968,"symbol":".","durationMs":120,"index":14,"source":"console.replay","correlationId":"console-replay:mgmu2answi46b7hf","nativeTimestampMs":21865141.059,"nativeDurationMs":120,"nativeOffsetMs":5.831198997795582,"nativeSequence":15,"monotonicTimestampMs":21865141.059,"nativeExpectedTimestampMs":21865111.554,"nativeStartSkewMs":29.505,"nativeBatchElapsedMs":4829.505,"nativeExpectedSincePriorMs":240,"nativeSincePriorMs":242.222,"nativePatternStartMs":21860311.554,"nativeAgeMs":5.744}
10-11 18:14:38.969 21460 21538 I ReactNativeJS: [outputs] outputs.hapticSymbol {"timestamp":21865147.430459,"wallClock":1760220878968,"enabled":true,"symbol":".","durationMs":120,"platform":"android","source":"console.replay","correlationId":"console-replay:mgmu2answi46b7hf","timelineOffsetMs":5.831198997795582}
10-11 18:14:38.969 21460 21538 I ReactNativeJS: [outputs] outputs.flashPulse {"timestamp":21865147.915147,"wallClock":1760220878969,"enabled":true,"durationMs":120,"source":"console.replay","correlationId":"console-replay:mgmu2answi46b7hf","timelineOffsetMs":5.831198997795582,"schedulingMode":"timeline","audioStartHeadroomMs":-44.35260500013828,"audioStartGuard":"headroom","audioStartCompensationMs":44.35260500013828}
10-11 18:14:39.038 21460 21538 I ReactNativeJS: [outputs] outputs.flashPulse.commit {"timestamp":21865216.669105,"wallClock":1760220879038,"durationMs":120,"source":"console.replay","correlationId":"console-replay:mgmu2answi46b7hf","latencyMs":69.77057300135493,"timelineOffsetMs":5.831198997795582,"leadMs":8,"scheduleSkewMs":68.75270900130272,"schedulingMode":"timeline","audioStartHeadroomMs":-44.35260500013828,"audioStartGuard":"headroom","audioStartCompensationMs":44.35260500013828}
10-11 18:14:39.083 21460 21694 D OutputsAudio: [outputs-audio] stop gain=1.000 release=6.00
10-11 18:14:39.204 21460 21694 D OutputsAudio: [outputs-audio] start hz=700.0 gain=1.000 attack=2.50 release=6.00
10-11 18:14:39.205 21460 21694 D OutputsAudio: [outputs-audio] playMorse.symbol.start sequence=16 symbol=- expected=21865351.554 actual=21865383.693 skew=32.139 batchElapsed=5072.139
10-11 18:14:39.220 21460 21538 D OutputsAudio: [outputs-audio] symbol.info sequence=16 symbol=- timestamp=21865383.693 duration=360.000 expected=21865351.554 skew=32.139 age=15.043
10-11 18:14:39.222 21460 21538 I ReactNativeJS: [outputs] playMorse.symbol {"timestamp":21865398.966188,"wallClock":1760220879220,"symbol":"-","durationMs":360,"index":15,"source":"console.replay","correlationId":"console-replay:mgmu2ausjwjmk3xc","nativeTimestampMs":21865383.693,"nativeDurationMs":360,"nativeOffsetMs":15.17527100071311,"nativeSequence":16,"monotonicTimestampMs":21865383.693,"nativeExpectedTimestampMs":21865351.554,"nativeStartSkewMs":32.139,"nativeBatchElapsedMs":5072.139,"nativeExpectedSincePriorMs":240,"nativeSincePriorMs":242.635,"nativePatternStartMs":21860311.554,"nativeAgeMs":15.043}
10-11 18:14:39.227 21460 21538 I ReactNativeJS: [outputs] outputs.hapticSymbol {"timestamp":21865401.781709,"wallClock":1760220879223,"enabled":true,"symbol":"-","durationMs":360,"platform":"android","source":"console.replay","correlationId":"console-replay:mgmu2ausjwjmk3xc","timelineOffsetMs":15.17527100071311}
10-11 18:14:39.231 21460 21538 I ReactNativeJS: [outputs] outputs.flashPulse {"timestamp":21865409.349886,"wallClock":1760220879230,"enabled":true,"durationMs":360,"source":"console.replay","correlationId":"console-replay:mgmu2ausjwjmk3xc","timelineOffsetMs":15.17527100071311,"schedulingMode":"timeline","audioStartHeadroomMs":-65.77911499887705,"audioStartGuard":"headroom","audioStartCompensationMs":65.77911499887705}
10-11 18:14:39.317 21460 21538 I ReactNativeJS: [outputs] outputs.flashPulse.commit {"timestamp":21865495.238688,"wallClock":1760220879316,"durationMs":360,"source":"console.replay","correlationId":"console-replay:mgmu2ausjwjmk3xc","latencyMs":96.36197999864817,"timelineOffsetMs":15.17527100071311,"leadMs":8,"scheduleSkewMs":85.89401099830866,"schedulingMode":"timeline","audioStartHeadroomMs":-65.77911499887705,"audioStartGuard":"headroom","audioStartCompensationMs":65.77911499887705}
10-11 18:14:39.565 21460 21694 D OutputsAudio: [outputs-audio] stop gain=1.000 release=6.00
10-11 18:14:39.686 21460 21694 D OutputsAudio: [outputs-audio] start hz=700.0 gain=1.000 attack=2.50 release=6.00
10-11 18:14:39.687 21460 21694 D OutputsAudio: [outputs-audio] playMorse.symbol.start sequence=17 symbol=- expected=21865831.554 actual=21865865.805 skew=34.251 batchElapsed=5554.251
10-11 18:14:39.707 21460 21538 D OutputsAudio: [outputs-audio] symbol.info sequence=17 symbol=- timestamp=21865865.805 duration=360.000 expected=21865831.554 skew=34.251 age=20.142
10-11 18:14:39.708 21460 21538 I ReactNativeJS: [outputs] playMorse.symbol {"timestamp":21865886.114521,"wallClock":1760220879707,"symbol":"-","durationMs":360,"index":16,"source":"console.replay","correlationId":"console-replay:mgmu2b8bzpl8n0ih","nativeTimestampMs":21865865.805,"nativeDurationMs":360,"nativeOffsetMs":20.24457300081849,"nativeSequence":17,"monotonicTimestampMs":21865865.805,"nativeExpectedTimestampMs":21865831.554,"nativeStartSkewMs":34.251,"nativeBatchElapsedMs":5554.251,"nativeExpectedSincePriorMs":480,"nativeSincePriorMs":482.112,"nativePatternStartMs":21860311.554,"nativeAgeMs":20.142}
10-11 18:14:39.708 21460 21538 I ReactNativeJS: [outputs] outputs.hapticSymbol {"timestamp":21865886.793948,"wallClock":1760220879708,"enabled":true,"symbol":"-","durationMs":360,"platform":"android","source":"console.replay","correlationId":"console-replay:mgmu2b8bzpl8n0ih","timelineOffsetMs":20.24457300081849}
10-11 18:14:39.708 21460 21538 I ReactNativeJS: [outputs] outputs.flashPulse {"timestamp":21865887.29848,"wallClock":1760220879708,"enabled":true,"durationMs":360,"source":"console.replay","correlationId":"console-replay:mgmu2b8bzpl8n0ih","timelineOffsetMs":20.24457300081849,"schedulingMode":"timeline","audioStartHeadroomMs":-63.73515699803829,"audioStartGuard":"headroom","audioStartCompensationMs":63.73515699803829}
10-11 18:14:39.782 21460 21538 I ReactNativeJS: [outputs] outputs.flashPulse.commit {"timestamp":21865960.572125,"wallClock":1760220879781,"durationMs":360,"source":"console.replay","correlationId":"console-replay:mgmu2b8bzpl8n0ih","latencyMs":74.51390700042248,"timelineOffsetMs":20.24457300081849,"leadMs":8,"scheduleSkewMs":73.27250000089407,"schedulingMode":"timeline","audioStartHeadroomMs":-63.73515699803829,"audioStartGuard":"headroom","audioStartCompensationMs":63.73515699803829}
10-11 18:14:40.047 21460 21694 D OutputsAudio: [outputs-audio] stop gain=1.000 release=6.00
10-11 18:14:40.168 21460 21694 D OutputsAudio: [outputs-audio] start hz=700.0 gain=1.000 attack=2.50 release=6.00
10-11 18:14:40.168 21460 21694 D OutputsAudio: [outputs-audio] playMorse.symbol.start sequence=18 symbol=- expected=21866311.554 actual=21866347.282 skew=35.728 batchElapsed=6035.728
10-11 18:14:40.176 21460 21538 D OutputsAudio: [outputs-audio] symbol.info sequence=18 symbol=- timestamp=21866347.282 duration=360.000 expected=21866311.554 skew=35.728 age=7.564
10-11 18:14:40.177 21460 21538 I ReactNativeJS: [outputs] playMorse.symbol {"timestamp":21866355.052073,"wallClock":1760220880176,"symbol":"-","durationMs":360,"index":17,"source":"console.replay","correlationId":"console-replay:mgmu2blc7n9l2wz8","nativeTimestampMs":21866347.282,"nativeDurationMs":360,"nativeOffsetMs":7.687520999461412,"nativeSequence":18,"monotonicTimestampMs":21866347.282,"nativeExpectedTimestampMs":21866311.554,"nativeStartSkewMs":35.728,"nativeBatchElapsedMs":6035.728,"nativeExpectedSincePriorMs":480,"nativeSincePriorMs":481.477,"nativePatternStartMs":21860311.554,"nativeAgeMs":7.564}
10-11 18:14:40.177 21460 21538 I ReactNativeJS: [outputs] outputs.hapticSymbol {"timestamp":21866355.934,"wallClock":1760220880177,"enabled":true,"symbol":"-","durationMs":360,"platform":"android","source":"console.replay","correlationId":"console-replay:mgmu2blc7n9l2wz8","timelineOffsetMs":7.687520999461412}
10-11 18:14:40.178 21460 21538 I ReactNativeJS: [outputs] outputs.flashPulse {"timestamp":21866356.740771,"wallClock":1760220880178,"enabled":true,"durationMs":360,"source":"console.replay","correlationId":"console-replay:mgmu2blc7n9l2wz8","timelineOffsetMs":7.687520999461412,"schedulingMode":"timeline","audioStartHeadroomMs":-53.17359399795532,"audioStartGuard":"headroom","audioStartCompensationMs":53.17359399795532}
10-11 18:14:40.245 21460 21538 I ReactNativeJS: [outputs] outputs.flashPulse.commit {"timestamp":21866423.63124,"wallClock":1760220880245,"durationMs":360,"source":"console.replay","correlationId":"console-replay:mgmu2blc7n9l2wz8","latencyMs":68.6532289981842,"timelineOffsetMs":7.687520999461412,"leadMs":8,"scheduleSkewMs":66.89281199872494,"schedulingMode":"timeline","audioStartHeadroomMs":-53.17359399795532,"audioStartGuard":"headroom","audioStartCompensationMs":53.17359399795532}
10-11 18:14:40.529 21460 21694 D OutputsAudio: [outputs-audio] stop gain=1.000 release=6.00
10-11 18:14:40.650 21460 21694 D OutputsAudio: [outputs-audio] start hz=700.0 gain=1.000 attack=2.50 release=6.00
10-11 18:14:40.651 21460 21694 D OutputsAudio: [outputs-audio] playMorse.symbol.start sequence=19 symbol=. expected=21866791.554 actual=21866829.610 skew=38.056 batchElapsed=6518.056
10-11 18:14:40.670 21460 21538 D OutputsAudio: [outputs-audio] symbol.info sequence=19 symbol=. timestamp=21866829.610 duration=120.000 expected=21866791.554 skew=38.056 age=19.192
10-11 18:14:40.671 21460 21538 I ReactNativeJS: [outputs] playMorse.symbol {"timestamp":21866849.019521,"wallClock":1760220880670,"symbol":".","durationMs":120,"index":18,"source":"console.replay","correlationId":"console-replay:mgmu2bz2nsreb9l8","nativeTimestampMs":21866829.61,"nativeDurationMs":120,"nativeOffsetMs":19.318635001778603,"nativeSequence":19,"monotonicTimestampMs":21866829.61,"nativeExpectedTimestampMs":21866791.554,"nativeStartSkewMs":38.056,"nativeBatchElapsedMs":6518.056,"nativeExpectedSincePriorMs":480,"nativeSincePriorMs":482.328,"nativePatternStartMs":21860311.554,"nativeAgeMs":19.192}
10-11 18:14:40.671 21460 21538 I ReactNativeJS: [outputs] outputs.hapticSymbol {"timestamp":21866849.922281,"wallClock":1760220880671,"enabled":true,"symbol":".","durationMs":120,"platform":"android","source":"console.replay","correlationId":"console-replay:mgmu2bz2nsreb9l8","timelineOffsetMs":19.318635001778603}
10-11 18:14:40.672 21460 21538 I ReactNativeJS: [outputs] outputs.flashPulse {"timestamp":21866850.833531,"wallClock":1760220880672,"enabled":true,"durationMs":120,"source":"console.replay","correlationId":"console-replay:mgmu2bz2nsreb9l8","timelineOffsetMs":19.318635001778603,"schedulingMode":"timeline","audioStartHeadroomMs":-67.26255199685693,"audioStartGuard":"headroom","audioStartCompensationMs":67.26255199685693}
10-11 18:14:40.750 21460 21538 I ReactNativeJS: [outputs] outputs.flashPulse.commit {"timestamp":21866928.841083,"wallClock":1760220880750,"durationMs":120,"source":"console.replay","correlationId":"console-replay:mgmu2bz2nsreb9l8","latencyMs":79.90463599935174,"timelineOffsetMs":19.318635001778603,"leadMs":8,"scheduleSkewMs":78.01364599913359,"schedulingMode":"timeline","audioStartHeadroomMs":-67.26255199685693,"audioStartGuard":"headroom","audioStartCompensationMs":67.26255199685693}
10-11 18:14:40.771 21460 21694 D OutputsAudio: [outputs-audio] stop gain=1.000 release=6.00
10-11 18:14:40.891 21460 21694 D OutputsAudio: [outputs-audio] start hz=700.0 gain=1.000 attack=2.50 release=6.00
10-11 18:14:40.892 21460 21694 D OutputsAudio: [outputs-audio] playMorse.symbol.start sequence=20 symbol=. expected=21867031.554 actual=21867070.603 skew=39.049 batchElapsed=6759.049
10-11 18:14:40.897 21460 21538 D OutputsAudio: [outputs-audio] symbol.info sequence=20 symbol=. timestamp=21867070.603 duration=120.000 expected=21867031.554 skew=39.049 age=5.729
10-11 18:14:40.904 21460 21538 I ReactNativeJS: [outputs] playMorse.symbol {"timestamp":21867076.587385,"wallClock":1760220880898,"symbol":".","durationMs":120,"index":19,"source":"console.replay","correlationId":"console-replay:mgmu2c5dro7g2ek0","nativeTimestampMs":21867070.603,"nativeDurationMs":120,"nativeOffsetMs":5.877510000020266,"nativeSequence":20,"monotonicTimestampMs":21867070.603,"nativeExpectedTimestampMs":21867031.554,"nativeStartSkewMs":39.049,"nativeBatchElapsedMs":6759.049,"nativeExpectedSincePriorMs":240,"nativeSincePriorMs":240.993,"nativePatternStartMs":21860311.554,"nativeAgeMs":5.729}
10-11 18:14:40.907 21460 21538 I ReactNativeJS: [outputs] outputs.hapticSymbol {"timestamp":21867083.521135,"wallClock":1760220880904,"enabled":true,"symbol":".","durationMs":120,"platform":"android","source":"console.replay","correlationId":"console-replay:mgmu2c5dro7g2ek0","timelineOffsetMs":5.877510000020266}
10-11 18:14:40.908 21460 21538 I ReactNativeJS: [outputs] outputs.flashPulse {"timestamp":21867086.521448,"wallClock":1760220880907,"enabled":true,"durationMs":120,"source":"console.replay","correlationId":"console-replay:mgmu2c5dro7g2ek0","timelineOffsetMs":5.877510000020266,"schedulingMode":"timeline","audioStartHeadroomMs":-62.943645998835564,"audioStartGuard":"headroom","audioStartCompensationMs":62.943645998835564}
10-11 18:14:40.982 21460 21538 I ReactNativeJS: [outputs] outputs.flashPulse.commit {"timestamp":21867160.379677,"wallClock":1760220880981,"durationMs":120,"source":"console.replay","correlationId":"console-replay:mgmu2c5dro7g2ek0","latencyMs":83.89078199863434,"timelineOffsetMs":5.877510000020266,"leadMs":8,"scheduleSkewMs":73.86901099979877,"schedulingMode":"timeline","audioStartHeadroomMs":-62.943645998835564,"audioStartGuard":"headroom","audioStartCompensationMs":62.943645998835564}
10-11 18:14:41.012 21460 21694 D OutputsAudio: [outputs-audio] stop gain=1.000 release=6.00
10-11 18:14:41.132 21460 21694 D OutputsAudio: [outputs-audio] start hz=700.0 gain=1.000 attack=2.50 release=6.00
10-11 18:14:41.132 21460 21694 D OutputsAudio: [outputs-audio] playMorse.symbol.start sequence=21 symbol=. expected=21867271.554 actual=21867311.473 skew=39.919 batchElapsed=6999.919
10-11 18:14:41.155 21460 21538 D OutputsAudio: [outputs-audio] symbol.info sequence=21 symbol=. timestamp=21867311.473 duration=120.000 expected=21867271.554 skew=39.919 age=22.939
10-11 18:14:41.158 21460 21538 I ReactNativeJS: [outputs] playMorse.symbol {"timestamp":21867334.645146,"wallClock":1760220881156,"symbol":".","durationMs":120,"index":20,"source":"console.replay","correlationId":"console-replay:mgmu2cckoxy1ex8x","nativeTimestampMs":21867311.473,"nativeDurationMs":120,"nativeOffsetMs":23.06589599698782,"nativeSequence":21,"monotonicTimestampMs":21867311.473,"nativeExpectedTimestampMs":21867271.554,"nativeStartSkewMs":39.919,"nativeBatchElapsedMs":6999.919,"nativeExpectedSincePriorMs":240,"nativeSincePriorMs":240.87,"nativePatternStartMs":21860311.554,"nativeAgeMs":22.939}
10-11 18:14:41.160 21460 21538 I ReactNativeJS: [outputs] outputs.hapticSymbol {"timestamp":21867337.214625,"wallClock":1760220881158,"enabled":true,"symbol":".","durationMs":120,"platform":"android","source":"console.replay","correlationId":"console-replay:mgmu2cckoxy1ex8x","timelineOffsetMs":23.06589599698782}
