--------- beginning of main
10-14 22:02:45.286 16074 16137 I ReactNativeJS: [outputs] playMorse.start {"timestamp":164880792.581788,"wallClock":1760493765285,"unitMs":120,"length":28,"source":"console.replay","audioEnabled":true,"audioVolumePercent":100,"flashEnabled":true,"hapticsEnabled":true,"torchEnabled":false,"screenBrightnessBoost":false}
10-14 22:02:45.661 16074 16137 D OutputsAudio: [outputs-audio] warmup hz=600.0
10-14 22:02:45.687 16074 19290 D OutputsAudio: [outputs-audio] playMorse.start count=27 unit=120.0
10-14 22:02:45.687 16074 19290 D OutputsAudio: [outputs-audio] playMorse.dispatch sequence=1 symbol=. offset=0.000 lead=0.000 dispatchAt=164881168.362 gapLead=0.000
10-14 22:02:45.689 16074 19290 D OutputsAudio: [outputs-audio] start hz=600.0 gain=1.000 attack=2.50 release=6.00
10-14 22:02:45.689 16074 19290 D OutputsAudio: [outputs-audio] tone.request hz=600.0 gain=1.000 requestedAt=164881196.049
10-14 22:02:45.689 16074 19290 D OutputsAudio: [outputs-audio] playMorse.symbol.start sequence=1 symbol=. expected=164881168.362 actual=164881196.151 skew=27.788 batchElapsed=27.788
10-14 22:02:45.689 16074 16258 D OutputsAudio: [outputs-audio] tone.start.actual actual=164881196.990 requested=164881196.049 delta=0.942
10-14 22:02:45.692 16074 16258 D OutputsAudio: [outputs-audio] tone.gain.steady target=1.000 reachedAt=164881199.041 delta=2.050
10-14 22:02:45.704 16074 16137 I ReactNativeJS: [outputs] playMorse.symbol {"timestamp":164881210.910746,"wallClock":1760493765703,"symbol":".","durationMs":120,"index":0,"source":"console.replay","correlationId":"console-replay:j9bmv3ft","nativeTimestampMs":164881196.150694,"nativeDurationMs":120,"nativeOffsetMs":0,"nativeSequence":1,"monotonicTimestampMs":164881196.150694,"nativeExpectedTimestampMs":164881168.362361,"nativeStartSkewMs":27.788332998752594,"nativeBatchElapsedMs":27.788332998752594,"nativeExpectedSincePriorMs":null,"nativeSincePriorMs":null,"nativePatternStartMs":164881168.362361,"nativeAgeMs":null,"nativeFlashHandled":true,"nativeFlashAvailable":true}
10-14 22:02:45.705 16074 16137 I ReactNativeJS: [outputs] outputs.hapticSymbol {"timestamp":164881212.080278,"wallClock":1760493765705,"enabled":true,"symbol":".","durationMs":120,"platform":"android","source":"console.replay","correlationId":"console-replay:j9bmv3ft","timelineOffsetMs":null,"dispatchPhase":"actual"}
10-14 22:02:45.706 16074 16137 I ReactNativeJS: [outputs] outputs.flashPulse.nativeHandled {"timestamp":164881213.066632,"wallClock":1760493765706,"durationMs":120,"source":"console.replay","dispatchPhase":"actual","correlationId":"console-replay:j9bmv3ft","flashIntensity":0.8,"brightnessPercent":80,"nativeFlashAvailable":true}
10-14 22:02:45.812 16074 19290 D OutputsAudio: [outputs-audio] stop gain=1.000 release=6.00
10-14 22:02:45.812 16074 19290 D OutputsAudio: [outputs-audio] playMorse.gap sequence=1 nextOffset=240.000 gapTarget=164881408.362
10-14 22:02:45.812 16074 19290 D OutputsAudio: [outputs-audio] playMorse.dispatch sequence=2 symbol=. offset=240.000 lead=4.000 dispatchAt=164881404.362 gapLead=120.000
10-14 22:02:45.817 16074 16258 D OutputsAudio: [outputs-audio] tone.stop.actual stoppedAt=164881324.981
10-14 22:02:45.898 16074 19290 D OutputsAudio: [outputs-audio] start hz=600.0 gain=1.000 attack=2.50 release=6.00
10-14 22:02:45.898 16074 19290 D OutputsAudio: [outputs-audio] tone.request hz=600.0 gain=1.000 requestedAt=164881405.401
10-14 22:02:45.898 16074 19290 D OutputsAudio: [outputs-audio] playMorse.symbol.start sequence=2 symbol=. expected=164881408.362 actual=164881409.443 skew=1.080 batchElapsed=241.080
10-14 22:02:45.900 16074 16258 D OutputsAudio: [outputs-audio] tone.start.actual actual=164881407.001 requested=164881405.401 delta=1.600
10-14 22:02:45.902 16074 16258 D OutputsAudio: [outputs-audio] tone.gain.steady target=1.000 reachedAt=164881409.014 delta=2.013
10-14 22:02:45.902 16074 16137 I ReactNativeJS: [outputs] playMorse.symbol {"timestamp":164881408.340851,"wallClock":1760493765901,"symbol":".","durationMs":120,"index":1,"source":"console.replay","correlationId":"console-replay:2iw9ynqs","nativeTimestampMs":164881409.442517,"nativeDurationMs":120,"nativeOffsetMs":240,"nativeSequence":2,"monotonicTimestampMs":164881409.442517,"nativeExpectedTimestampMs":164881408.362361,"nativeStartSkewMs":1.080155998468399,"nativeBatchElapsedMs":241.0801559984684,"nativeExpectedSincePriorMs":240,"nativeSincePriorMs":213.2918229997158,"nativePatternStartMs":164881168.362361,"nativeAgeMs":null,"nativeFlashHandled":true,"nativeFlashAvailable":true}
10-14 22:02:45.903 16074 16137 I ReactNativeJS: [outputs] playMorse.nativeOffset.spike {"timestamp":164881409.496059,"wallClock":1760493765902,"source":"console.replay","offsetMs":240,"sequence":2,"unitMs":120,"correlationId":"console-replay:2iw9ynqs","startSkewMs":1.080155998468399,"batchElapsedMs":241.0801559984684}
10-14 22:02:45.904 16074 16137 I ReactNativeJS: [outputs] outputs.hapticSymbol {"timestamp":164881410.338663,"wallClock":1760493765903,"enabled":true,"symbol":".","durationMs":120,"platform":"android","source":"console.replay","correlationId":"console-replay:2iw9ynqs","timelineOffsetMs":null,"dispatchPhase":"actual"}
10-14 22:02:45.907 16074 16137 I ReactNativeJS: [outputs] outputs.flashPulse.nativeHandled {"timestamp":164881413.349548,"wallClock":1760493765906,"durationMs":120,"source":"console.replay","dispatchPhase":"actual","correlationId":"console-replay:2iw9ynqs","flashIntensity":0.8,"brightnessPercent":80,"nativeFlashAvailable":true}
10-14 22:02:46.030 16074 19290 D OutputsAudio: [outputs-audio] stop gain=1.000 release=6.00
10-14 22:02:46.030 16074 19290 D OutputsAudio: [outputs-audio] playMorse.gap sequence=2 nextOffset=480.000 gapTarget=164881648.362
10-14 22:02:46.030 16074 19290 D OutputsAudio: [outputs-audio] playMorse.dispatch sequence=3 symbol=. offset=480.000 lead=4.000 dispatchAt=164881644.362 gapLead=120.000
10-14 22:02:46.035 16074 16258 D OutputsAudio: [outputs-audio] tone.stop.actual stoppedAt=164881542.982
10-14 22:02:46.138 16074 19290 D OutputsAudio: [outputs-audio] start hz=600.0 gain=1.000 attack=2.50 release=6.00
10-14 22:02:46.138 16074 19290 D OutputsAudio: [outputs-audio] tone.request hz=600.0 gain=1.000 requestedAt=164881645.019
10-14 22:02:46.138 16074 19290 D OutputsAudio: [outputs-audio] playMorse.symbol.start sequence=3 symbol=. expected=164881648.362 actual=164881649.193 skew=0.830 batchElapsed=480.830
10-14 22:02:46.140 16074 16258 D OutputsAudio: [outputs-audio] tone.start.actual actual=164881646.985 requested=164881645.019 delta=1.966
10-14 22:02:46.142 16074 16258 D OutputsAudio: [outputs-audio] tone.gain.steady target=1.000 reachedAt=164881648.996 delta=2.011
10-14 22:02:46.147 16074 16137 I ReactNativeJS: [outputs] playMorse.symbol {"timestamp":164881653.305903,"wallClock":1760493766146,"symbol":".","durationMs":120,"index":2,"source":"console.replay","correlationId":"console-replay:fzz6dxct","nativeTimestampMs":164881649.192673,"nativeDurationMs":120,"nativeOffsetMs":480,"nativeSequence":3,"monotonicTimestampMs":164881649.192673,"nativeExpectedTimestampMs":164881648.362361,"nativeStartSkewMs":0.8303119838237762,"nativeBatchElapsedMs":480.8303119838238,"nativeExpectedSincePriorMs":240,"nativeSincePriorMs":239.75015598535538,"nativePatternStartMs":164881168.362361,"nativeAgeMs":null,"nativeFlashHandled":true,"nativeFlashAvailable":true}
10-14 22:02:46.147 16074 16137 I ReactNativeJS: [outputs] playMorse.nativeOffset.spike {"timestamp":164881654.342986,"wallClock":1760493766147,"source":"console.replay","offsetMs":480,"sequence":3,"unitMs":120,"correlationId":"console-replay:fzz6dxct","startSkewMs":0.8303119838237762,"batchElapsedMs":480.8303119838238}
10-14 22:02:46.148 16074 16137 I ReactNativeJS: [outputs] outputs.hapticSymbol {"timestamp":164881654.973923,"wallClock":1760493766147,"enabled":true,"symbol":".","durationMs":120,"platform":"android","source":"console.replay","correlationId":"console-replay:fzz6dxct","timelineOffsetMs":null,"dispatchPhase":"actual"}
10-14 22:02:46.149 16074 16137 I ReactNativeJS: [outputs] outputs.flashPulse.nativeHandled {"timestamp":164881656.070069,"wallClock":1760493766149,"durationMs":120,"source":"console.replay","dispatchPhase":"actual","correlationId":"console-replay:fzz6dxct","flashIntensity":0.8,"brightnessPercent":80,"nativeFlashAvailable":true}
10-14 22:02:46.280 16074 19290 D OutputsAudio: [outputs-audio] stop gain=1.000 release=6.00
10-14 22:02:46.280 16074 19290 D OutputsAudio: [outputs-audio] playMorse.gap sequence=3 nextOffset=720.000 gapTarget=164881888.362
10-14 22:02:46.280 16074 19290 D OutputsAudio: [outputs-audio] playMorse.dispatch sequence=4 symbol=- offset=720.000 lead=4.000 dispatchAt=164881884.362 gapLead=120.000
10-14 22:02:46.286 16074 16258 D OutputsAudio: [outputs-audio] tone.stop.actual stoppedAt=164881792.990
10-14 22:02:46.378 16074 19290 D OutputsAudio: [outputs-audio] start hz=600.0 gain=1.000 attack=2.50 release=6.00
10-14 22:02:46.378 16074 19290 D OutputsAudio: [outputs-audio] tone.request hz=600.0 gain=1.000 requestedAt=164881885.303
10-14 22:02:46.378 16074 19290 D OutputsAudio: [outputs-audio] playMorse.symbol.start sequence=4 symbol=- expected=164881888.362 actual=164881889.389 skew=1.027 batchElapsed=721.027
10-14 22:02:46.379 16074 16258 D OutputsAudio: [outputs-audio] tone.start.actual actual=164881886.961 requested=164881885.303 delta=1.658
10-14 22:02:46.381 16074 16258 D OutputsAudio: [outputs-audio] tone.gain.steady target=1.000 reachedAt=164881888.974 delta=2.013
10-14 22:02:46.399 16074 16137 I ReactNativeJS: [outputs] playMorse.symbol {"timestamp":164881906.137152,"wallClock":1760493766399,"symbol":"-","durationMs":360,"index":3,"source":"console.replay","correlationId":"console-replay:5mnfvs3w","nativeTimestampMs":164881889.389444,"nativeDurationMs":360,"nativeOffsetMs":720,"nativeSequence":4,"monotonicTimestampMs":164881889.389444,"nativeExpectedTimestampMs":164881888.362361,"nativeStartSkewMs":1.0270829796791077,"nativeBatchElapsedMs":721.0270829796791,"nativeExpectedSincePriorMs":240,"nativeSincePriorMs":240.19677099585533,"nativePatternStartMs":164881168.362361,"nativeAgeMs":null,"nativeFlashHandled":true,"nativeFlashAvailable":true}
10-14 22:02:46.400 16074 16137 I ReactNativeJS: [outputs] playMorse.nativeOffset.spike {"timestamp":164881906.991996,"wallClock":1760493766399,"source":"console.replay","offsetMs":720,"sequence":4,"unitMs":120,"correlationId":"console-replay:5mnfvs3w","startSkewMs":1.0270829796791077,"batchElapsedMs":721.0270829796791}
10-14 22:02:46.400 16074 16137 I ReactNativeJS: [outputs] outputs.hapticSymbol {"timestamp":164881907.549913,"wallClock":1760493766400,"enabled":true,"symbol":"-","durationMs":360,"platform":"android","source":"console.replay","correlationId":"console-replay:5mnfvs3w","timelineOffsetMs":null,"dispatchPhase":"actual"}
10-14 22:02:46.401 16074 16137 I ReactNativeJS: [outputs] outputs.flashPulse.nativeHandled {"timestamp":164881908.436684,"wallClock":1760493766401,"durationMs":360,"source":"console.replay","dispatchPhase":"actual","correlationId":"console-replay:5mnfvs3w","flashIntensity":0.8,"brightnessPercent":80,"nativeFlashAvailable":true}
10-14 22:02:46.743 16074 19290 D OutputsAudio: [outputs-audio] stop gain=1.000 release=6.00
10-14 22:02:46.743 16074 19290 D OutputsAudio: [outputs-audio] playMorse.gap sequence=4 nextOffset=1200.000 gapTarget=164882368.362
10-14 22:02:46.743 16074 19290 D OutputsAudio: [outputs-audio] playMorse.dispatch sequence=5 symbol=- offset=1200.000 lead=4.000 dispatchAt=164882364.362 gapLead=120.000
10-14 22:02:46.748 16074 16258 D OutputsAudio: [outputs-audio] tone.stop.actual stoppedAt=164882255.046
10-14 22:02:46.858 16074 19290 D OutputsAudio: [outputs-audio] start hz=600.0 gain=1.000 attack=2.50 release=6.00
10-14 22:02:46.858 16074 16258 D OutputsAudio: [outputs-audio] tone.start.actual actual=164882365.003 requested=164882364.947 delta=0.055
10-14 22:02:46.858 16074 19290 D OutputsAudio: [outputs-audio] tone.request hz=600.0 gain=1.000 requestedAt=164882364.947
10-14 22:02:46.858 16074 19290 D OutputsAudio: [outputs-audio] playMorse.symbol.start sequence=5 symbol=- expected=164882368.362 actual=164882369.732 skew=1.369 batchElapsed=1201.369
10-14 22:02:46.860 16074 16258 D OutputsAudio: [outputs-audio] tone.gain.steady target=1.000 reachedAt=164882367.007 delta=2.005
10-14 22:02:46.906 16074 16137 I ReactNativeJS: [outputs] playMorse.symbol {"timestamp":164882411.273454,"wallClock":1760493766904,"symbol":"-","durationMs":360,"index":4,"source":"console.replay","correlationId":"console-replay:x3uag53x","nativeTimestampMs":164882369.731736,"nativeDurationMs":360,"nativeOffsetMs":1200,"nativeSequence":5,"monotonicTimestampMs":164882369.731736,"nativeExpectedTimestampMs":164882368.362361,"nativeStartSkewMs":1.3693749904632568,"nativeBatchElapsedMs":1201.3693749904633,"nativeExpectedSincePriorMs":480,"nativeSincePriorMs":480.34229201078415,"nativePatternStartMs":164881168.362361,"nativeAgeMs":null,"nativeFlashHandled":true,"nativeFlashAvailable":true}
10-14 22:02:46.907 16074 16137 I ReactNativeJS: [outputs] playMorse.nativeOffset.spike {"timestamp":164882413.47434,"wallClock":1760493766906,"source":"console.replay","offsetMs":1200,"sequence":5,"unitMs":120,"correlationId":"console-replay:x3uag53x","startSkewMs":1.3693749904632568,"batchElapsedMs":1201.3693749904633}
10-14 22:02:46.907 16074 16137 I ReactNativeJS: [outputs] outputs.hapticSymbol {"timestamp":164882414.150173,"wallClock":1760493766907,"enabled":true,"symbol":"-","durationMs":360,"platform":"android","source":"console.replay","correlationId":"console-replay:x3uag53x","timelineOffsetMs":null,"dispatchPhase":"actual"}
10-14 22:02:46.908 16074 16137 I ReactNativeJS: [outputs] outputs.flashPulse.nativeHandled {"timestamp":164882415.138975,"wallClock":1760493766908,"durationMs":360,"source":"console.replay","dispatchPhase":"actual","correlationId":"console-replay:x3uag53x","flashIntensity":0.8,"brightnessPercent":80,"nativeFlashAvailable":true}
10-14 22:02:47.226 16074 19290 D OutputsAudio: [outputs-audio] stop gain=1.000 release=6.00
10-14 22:02:47.226 16074 19290 D OutputsAudio: [outputs-audio] playMorse.gap sequence=5 nextOffset=1680.000 gapTarget=164882848.362
10-14 22:02:47.226 16074 19290 D OutputsAudio: [outputs-audio] playMorse.dispatch sequence=6 symbol=- offset=1680.000 lead=4.000 dispatchAt=164882844.362 gapLead=120.000
10-14 22:02:47.232 16074 16258 D OutputsAudio: [outputs-audio] tone.stop.actual stoppedAt=164882739.061
10-14 22:02:47.337 16074 19290 D OutputsAudio: [outputs-audio] start hz=600.0 gain=1.000 attack=2.50 release=6.00
10-14 22:02:47.337 16074 19290 D OutputsAudio: [outputs-audio] tone.request hz=600.0 gain=1.000 requestedAt=164882844.470
10-14 22:02:47.337 16074 19290 D OutputsAudio: [outputs-audio] playMorse.symbol.start sequence=6 symbol=- expected=164882848.362 actual=164882848.699 skew=0.336 batchElapsed=1680.336
10-14 22:02:47.338 16074 16258 D OutputsAudio: [outputs-audio] tone.start.actual actual=164882845.028 requested=164882844.470 delta=0.558
10-14 22:02:47.340 16074 16258 D OutputsAudio: [outputs-audio] tone.gain.steady target=1.000 reachedAt=164882846.991 delta=1.963
10-14 22:02:47.364 16074 16137 I ReactNativeJS: [outputs] playMorse.symbol {"timestamp":164882870.492933,"wallClock":1760493767363,"symbol":"-","durationMs":360,"index":5,"source":"console.replay","correlationId":"console-replay:f4gc1r27","nativeTimestampMs":164882848.698663,"nativeDurationMs":360,"nativeOffsetMs":1680,"nativeSequence":6,"monotonicTimestampMs":164882848.698663,"nativeExpectedTimestampMs":164882848.362361,"nativeStartSkewMs":0.3363019824028015,"nativeBatchElapsedMs":1680.3363019824028,"nativeExpectedSincePriorMs":480,"nativeSincePriorMs":478.96692699193954,"nativePatternStartMs":164881168.362361,"nativeAgeMs":null,"nativeFlashHandled":true,"nativeFlashAvailable":true}
10-14 22:02:47.364 16074 16137 I ReactNativeJS: [outputs] playMorse.nativeOffset.spike {"timestamp":164882871.388923,"wallClock":1760493767364,"source":"console.replay","offsetMs":1680,"sequence":6,"unitMs":120,"correlationId":"console-replay:f4gc1r27","startSkewMs":0.3363019824028015,"batchElapsedMs":1680.3363019824028}
10-14 22:02:47.365 16074 16137 I ReactNativeJS: [outputs] outputs.hapticSymbol {"timestamp":164882871.890642,"wallClock":1760493767364,"enabled":true,"symbol":"-","durationMs":360,"platform":"android","source":"console.replay","correlationId":"console-replay:f4gc1r27","timelineOffsetMs":null,"dispatchPhase":"actual"}
10-14 22:02:47.366 16074 16137 I ReactNativeJS: [outputs] outputs.flashPulse.nativeHandled {"timestamp":164882872.870277,"wallClock":1760493767365,"durationMs":360,"source":"console.replay","dispatchPhase":"actual","correlationId":"console-replay:f4gc1r27","flashIntensity":0.8,"brightnessPercent":80,"nativeFlashAvailable":true}
10-14 22:02:47.705 16074 19290 D OutputsAudio: [outputs-audio] stop gain=1.000 release=6.00
10-14 22:02:47.706 16074 19290 D OutputsAudio: [outputs-audio] playMorse.gap sequence=6 nextOffset=2160.000 gapTarget=164883328.362
10-14 22:02:47.706 16074 19290 D OutputsAudio: [outputs-audio] playMorse.dispatch sequence=7 symbol=. offset=2160.000 lead=4.000 dispatchAt=164883324.362 gapLead=120.000
10-14 22:02:47.710 16074 16258 D OutputsAudio: [outputs-audio] tone.stop.actual stoppedAt=164883217.078
10-14 22:02:47.818 16074 19290 D OutputsAudio: [outputs-audio] start hz=600.0 gain=1.000 attack=2.50 release=6.00
10-14 22:02:47.818 16074 19290 D OutputsAudio: [outputs-audio] tone.request hz=600.0 gain=1.000 requestedAt=164883325.124
10-14 22:02:47.818 16074 19290 D OutputsAudio: [outputs-audio] playMorse.symbol.start sequence=7 symbol=. expected=164883328.362 actual=164883329.313 skew=0.951 batchElapsed=2160.951
10-14 22:02:47.820 16074 16258 D OutputsAudio: [outputs-audio] tone.start.actual actual=164883327.012 requested=164883325.124 delta=1.888
10-14 22:02:47.822 16074 16258 D OutputsAudio: [outputs-audio] tone.gain.steady target=1.000 reachedAt=164883329.019 delta=2.007
10-14 22:02:47.841 16074 16137 I ReactNativeJS: [outputs] playMorse.symbol {"timestamp":164883345.565277,"wallClock":1760493767838,"symbol":".","durationMs":120,"index":6,"source":"console.replay","correlationId":"console-replay:jp7zar9q","nativeTimestampMs":164883329.313037,"nativeDurationMs":120,"nativeOffsetMs":2160,"nativeSequence":7,"monotonicTimestampMs":164883329.313037,"nativeExpectedTimestampMs":164883328.362361,"nativeStartSkewMs":0.9506759941577911,"nativeBatchElapsedMs":2160.950675994158,"nativeExpectedSincePriorMs":480,"nativeSincePriorMs":480.614374011755,"nativePatternStartMs":164881168.362361,"nativeAgeMs":null,"nativeFlashHandled":true,"nativeFlashAvailable":true}
10-14 22:02:47.843 16074 16137 I ReactNativeJS: [outputs] playMorse.nativeOffset.spike {"timestamp":164883349.069392,"wallClock":1760493767842,"source":"console.replay","offsetMs":2160,"sequence":7,"unitMs":120,"correlationId":"console-replay:jp7zar9q","startSkewMs":0.9506759941577911,"batchElapsedMs":2160.950675994158}
10-14 22:02:47.845 16074 16137 I ReactNativeJS: [outputs] outputs.hapticSymbol {"timestamp":164883350.678142,"wallClock":1760493767843,"enabled":true,"symbol":".","durationMs":120,"platform":"android","source":"console.replay","correlationId":"console-replay:jp7zar9q","timelineOffsetMs":null,"dispatchPhase":"actual"}
10-14 22:02:47.846 16074 16137 I ReactNativeJS: [outputs] outputs.flashPulse.nativeHandled {"timestamp":164883352.724548,"wallClock":1760493767845,"durationMs":120,"source":"console.replay","dispatchPhase":"actual","correlationId":"console-replay:jp7zar9q","flashIntensity":0.8,"brightnessPercent":80,"nativeFlashAvailable":true}
10-14 22:02:47.954 16074 19290 D OutputsAudio: [outputs-audio] stop gain=1.000 release=6.00
10-14 22:02:47.955 16074 19290 D OutputsAudio: [outputs-audio] playMorse.gap sequence=7 nextOffset=2400.000 gapTarget=164883568.362
10-14 22:02:47.955 16074 19290 D OutputsAudio: [outputs-audio] playMorse.dispatch sequence=8 symbol=. offset=2400.000 lead=4.000 dispatchAt=164883564.362 gapLead=120.000
10-14 22:02:47.960 16074 16258 D OutputsAudio: [outputs-audio] tone.stop.actual stoppedAt=164883467.063
10-14 22:02:48.057 16074 19290 D OutputsAudio: [outputs-audio] start hz=600.0 gain=1.000 attack=2.50 release=6.00
10-14 22:02:48.057 16074 19290 D OutputsAudio: [outputs-audio] tone.request hz=600.0 gain=1.000 requestedAt=164883564.868
10-14 22:02:48.057 16074 19290 D OutputsAudio: [outputs-audio] playMorse.symbol.start sequence=8 symbol=. expected=164883568.362 actual=164883568.933 skew=0.570 batchElapsed=2400.570
10-14 22:02:48.058 16074 16258 D OutputsAudio: [outputs-audio] tone.start.actual actual=164883564.991 requested=164883564.868 delta=0.123
10-14 22:02:48.060 16074 16258 D OutputsAudio: [outputs-audio] tone.gain.steady target=1.000 reachedAt=164883567.006 delta=2.014
10-14 22:02:48.065 16074 16137 I ReactNativeJS: [outputs] playMorse.symbol {"timestamp":164883571.437464,"wallClock":1760493768064,"symbol":".","durationMs":120,"index":7,"source":"console.replay","correlationId":"console-replay:17mhrn81","nativeTimestampMs":164883568.932777,"nativeDurationMs":120,"nativeOffsetMs":2400,"nativeSequence":8,"monotonicTimestampMs":164883568.932777,"nativeExpectedTimestampMs":164883568.362361,"nativeStartSkewMs":0.5704159736633301,"nativeBatchElapsedMs":2400.5704159736633,"nativeExpectedSincePriorMs":240,"nativeSincePriorMs":239.61973997950554,"nativePatternStartMs":164881168.362361,"nativeAgeMs":null,"nativeFlashHandled":true,"nativeFlashAvailable":true}
10-14 22:02:48.066 16074 16137 I ReactNativeJS: [outputs] playMorse.nativeOffset.spike {"timestamp":164883572.943975,"wallClock":1760493768065,"source":"console.replay","offsetMs":2400,"sequence":8,"unitMs":120,"correlationId":"console-replay:17mhrn81","startSkewMs":0.5704159736633301,"batchElapsedMs":2400.5704159736633}
10-14 22:02:48.067 16074 16137 I ReactNativeJS: [outputs] outputs.hapticSymbol {"timestamp":164883573.685329,"wallClock":1760493768066,"enabled":true,"symbol":".","durationMs":120,"platform":"android","source":"console.replay","correlationId":"console-replay:17mhrn81","timelineOffsetMs":null,"dispatchPhase":"actual"}
10-14 22:02:48.067 16074 16137 I ReactNativeJS: [outputs] outputs.flashPulse.nativeHandled {"timestamp":164883574.579287,"wallClock":1760493768067,"durationMs":120,"source":"console.replay","dispatchPhase":"actual","correlationId":"console-replay:17mhrn81","flashIntensity":0.8,"brightnessPercent":80,"nativeFlashAvailable":true}
10-14 22:02:48.182 16074 19290 D OutputsAudio: [outputs-audio] stop gain=1.000 release=6.00
10-14 22:02:48.182 16074 19290 D OutputsAudio: [outputs-audio] playMorse.gap sequence=8 nextOffset=2640.000 gapTarget=164883808.362
10-14 22:02:48.183 16074 19290 D OutputsAudio: [outputs-audio] playMorse.dispatch sequence=9 symbol=. offset=2640.000 lead=4.000 dispatchAt=164883804.362 gapLead=120.000
10-14 22:02:48.188 16074 16258 D OutputsAudio: [outputs-audio] tone.stop.actual stoppedAt=164883695.020
10-14 22:02:48.297 16074 19290 D OutputsAudio: [outputs-audio] start hz=600.0 gain=1.000 attack=2.50 release=6.00
10-14 22:02:48.297 16074 19290 D OutputsAudio: [outputs-audio] tone.request hz=600.0 gain=1.000 requestedAt=164883804.683
10-14 22:02:48.297 16074 19290 D OutputsAudio: [outputs-audio] playMorse.symbol.start sequence=9 symbol=. expected=164883808.362 actual=164883808.863 skew=0.501 batchElapsed=2640.501
10-14 22:02:48.297 16074 16258 D OutputsAudio: [outputs-audio] tone.start.actual actual=164883804.990 requested=164883804.683 delta=0.307
10-14 22:02:48.300 16074 16258 D OutputsAudio: [outputs-audio] tone.gain.steady target=1.000 reachedAt=164883807.006 delta=2.016
10-14 22:02:48.301 16074 16137 I ReactNativeJS: [outputs] playMorse.symbol {"timestamp":164883806.419235,"wallClock":1760493768299,"symbol":".","durationMs":120,"index":8,"source":"console.replay","correlationId":"console-replay:c5l51ahx","nativeTimestampMs":164883808.863298,"nativeDurationMs":120,"nativeOffsetMs":2640,"nativeSequence":9,"monotonicTimestampMs":164883808.863298,"nativeExpectedTimestampMs":164883808.362361,"nativeStartSkewMs":0.5009369850158691,"nativeBatchElapsedMs":2640.500936985016,"nativeExpectedSincePriorMs":240,"nativeSincePriorMs":239.93052101135254,"nativePatternStartMs":164881168.362361,"nativeAgeMs":null,"nativeFlashHandled":true,"nativeFlashAvailable":true}
10-14 22:02:48.302 16074 16137 I ReactNativeJS: [outputs] playMorse.nativeOffset.spike {"timestamp":164883808.3446,"wallClock":1760493768301,"source":"console.replay","offsetMs":2640,"sequence":9,"unitMs":120,"correlationId":"console-replay:c5l51ahx","startSkewMs":0.5009369850158691,"batchElapsedMs":2640.500936985016}
10-14 22:02:48.302 16074 16137 I ReactNativeJS: [outputs] outputs.hapticSymbol {"timestamp":164883809.207829,"wallClock":1760493768302,"enabled":true,"symbol":".","durationMs":120,"platform":"android","source":"console.replay","correlationId":"console-replay:c5l51ahx","timelineOffsetMs":null,"dispatchPhase":"actual"}
10-14 22:02:48.304 16074 16137 I ReactNativeJS: [outputs] outputs.flashPulse.nativeHandled {"timestamp":164883810.50887,"wallClock":1760493768303,"durationMs":120,"source":"console.replay","dispatchPhase":"actual","correlationId":"console-replay:c5l51ahx","flashIntensity":0.8,"brightnessPercent":80,"nativeFlashAvailable":true}
10-14 22:02:48.423 16074 19290 D OutputsAudio: [outputs-audio] stop gain=1.000 release=6.00
10-14 22:02:48.423 16074 19290 D OutputsAudio: [outputs-audio] playMorse.gap sequence=9 nextOffset=2880.000 gapTarget=164884048.362
10-14 22:02:48.423 16074 19290 D OutputsAudio: [outputs-audio] playMorse.dispatch sequence=10 symbol=- offset=2880.000 lead=4.000 dispatchAt=164884044.362 gapLead=120.000
10-14 22:02:48.427 16074 16258 D OutputsAudio: [outputs-audio] tone.stop.actual stoppedAt=164883934.982
10-14 22:02:48.538 16074 19290 D OutputsAudio: [outputs-audio] start hz=600.0 gain=1.000 attack=2.50 release=6.00
10-14 22:02:48.538 16074 19290 D OutputsAudio: [outputs-audio] tone.request hz=600.0 gain=1.000 requestedAt=164884045.092
10-14 22:02:48.538 16074 19290 D OutputsAudio: [outputs-audio] playMorse.symbol.start sequence=10 symbol=- expected=164884048.362 actual=164884049.322 skew=0.960 batchElapsed=2880.960
10-14 22:02:48.540 16074 16258 D OutputsAudio: [outputs-audio] tone.start.actual actual=164884046.993 requested=164884045.092 delta=1.901
10-14 22:02:48.542 16074 16258 D OutputsAudio: [outputs-audio] tone.gain.steady target=1.000 reachedAt=164884049.012 delta=2.019
10-14 22:02:48.548 16074 16137 I ReactNativeJS: [outputs] playMorse.symbol {"timestamp":164884054.674704,"wallClock":1760493768547,"symbol":"-","durationMs":360,"index":9,"source":"console.replay","correlationId":"console-replay:45tm1676","nativeTimestampMs":164884049.322412,"nativeDurationMs":360,"nativeOffsetMs":2880,"nativeSequence":10,"monotonicTimestampMs":164884049.322412,"nativeExpectedTimestampMs":164884048.362361,"nativeStartSkewMs":0.9600510001182556,"nativeBatchElapsedMs":2880.9600510001183,"nativeExpectedSincePriorMs":240,"nativeSincePriorMs":240.4591140151024,"nativePatternStartMs":164881168.362361,"nativeAgeMs":null,"nativeFlashHandled":true,"nativeFlashAvailable":true}
10-14 22:02:48.550 16074 16137 I ReactNativeJS: [outputs] playMorse.nativeOffset.spike {"timestamp":164884055.685745,"wallClock":1760493768548,"source":"console.replay","offsetMs":2880,"sequence":10,"unitMs":120,"correlationId":"console-replay:45tm1676","startSkewMs":0.9600510001182556,"batchElapsedMs":2880.9600510001183}
10-14 22:02:48.551 16074 16137 I ReactNativeJS: [outputs] outputs.hapticSymbol {"timestamp":164884057.440589,"wallClock":1760493768550,"enabled":true,"symbol":"-","durationMs":360,"platform":"android","source":"console.replay","correlationId":"console-replay:45tm1676","timelineOffsetMs":null,"dispatchPhase":"actual"}
10-14 22:02:48.552 16074 16137 I ReactNativeJS: [outputs] outputs.flashPulse.nativeHandled {"timestamp":164884058.58637,"wallClock":1760493768551,"durationMs":360,"source":"console.replay","dispatchPhase":"actual","correlationId":"console-replay:45tm1676","flashIntensity":0.8,"brightnessPercent":80,"nativeFlashAvailable":true}
10-14 22:02:48.924 16074 19290 D OutputsAudio: [outputs-audio] stop gain=1.000 release=6.00
10-14 22:02:48.925 16074 19290 D OutputsAudio: [outputs-audio] playMorse.gap sequence=10 nextOffset=3360.000 gapTarget=164884528.362
10-14 22:02:48.925 16074 19290 D OutputsAudio: [outputs-audio] playMorse.dispatch sequence=11 symbol=- offset=3360.000 lead=4.000 dispatchAt=164884524.362 gapLead=120.000
10-14 22:02:48.929 16074 16258 D OutputsAudio: [outputs-audio] tone.stop.actual stoppedAt=164884436.980
10-14 22:02:49.018 16074 19290 D OutputsAudio: [outputs-audio] start hz=600.0 gain=1.000 attack=2.50 release=6.00
10-14 22:02:49.018 16074 19290 D OutputsAudio: [outputs-audio] tone.request hz=600.0 gain=1.000 requestedAt=164884525.349
10-14 22:02:49.018 16074 19290 D OutputsAudio: [outputs-audio] playMorse.symbol.start sequence=11 symbol=- expected=164884528.362 actual=164884529.586 skew=1.223 batchElapsed=3361.223
10-14 22:02:49.019 16074 16258 D OutputsAudio: [outputs-audio] tone.start.actual actual=164884526.990 requested=164884525.349 delta=1.641
10-14 22:02:49.021 16074 16258 D OutputsAudio: [outputs-audio] tone.gain.steady target=1.000 reachedAt=164884528.977 delta=1.987
10-14 22:02:49.026 16074 16137 I ReactNativeJS: [outputs] playMorse.symbol {"timestamp":164884532.991735,"wallClock":1760493769025,"symbol":"-","durationMs":360,"index":10,"source":"console.replay","correlationId":"console-replay:219usamy","nativeTimestampMs":164884529.585693,"nativeDurationMs":360,"nativeOffsetMs":3360,"nativeSequence":11,"monotonicTimestampMs":164884529.585693,"nativeExpectedTimestampMs":164884528.362361,"nativeStartSkewMs":1.2233319878578186,"nativeBatchElapsedMs":3361.223331987858,"nativeExpectedSincePriorMs":480,"nativeSincePriorMs":480.26328098773956,"nativePatternStartMs":164881168.362361,"nativeAgeMs":null,"nativeFlashHandled":true,"nativeFlashAvailable":true}
10-14 22:02:49.027 16074 16137 I ReactNativeJS: [outputs] playMorse.nativeOffset.spike {"timestamp":164884533.700641,"wallClock":1760493769026,"source":"console.replay","offsetMs":3360,"sequence":11,"unitMs":120,"correlationId":"console-replay:219usamy","startSkewMs":1.2233319878578186,"batchElapsedMs":3361.223331987858}
10-14 22:02:49.027 16074 16137 I ReactNativeJS: [outputs] outputs.hapticSymbol {"timestamp":164884534.171526,"wallClock":1760493769027,"enabled":true,"symbol":"-","durationMs":360,"platform":"android","source":"console.replay","correlationId":"console-replay:219usamy","timelineOffsetMs":null,"dispatchPhase":"actual"}
10-14 22:02:49.028 16074 16137 I ReactNativeJS: [outputs] outputs.flashPulse.nativeHandled {"timestamp":164884534.892047,"wallClock":1760493769027,"durationMs":360,"source":"console.replay","dispatchPhase":"actual","correlationId":"console-replay:219usamy","flashIntensity":0.8,"brightnessPercent":80,"nativeFlashAvailable":true}
10-14 22:02:49.411 16074 19290 D OutputsAudio: [outputs-audio] stop gain=1.000 release=6.00
10-14 22:02:49.411 16074 19290 D OutputsAudio: [outputs-audio] playMorse.gap sequence=11 nextOffset=3840.000 gapTarget=164885008.362
10-14 22:02:49.411 16074 19290 D OutputsAudio: [outputs-audio] playMorse.dispatch sequence=12 symbol=- offset=3840.000 lead=4.000 dispatchAt=164885004.362 gapLead=120.000
10-14 22:02:49.416 16074 16258 D OutputsAudio: [outputs-audio] tone.stop.actual stoppedAt=164884923.058
10-14 22:02:49.498 16074 19290 D OutputsAudio: [outputs-audio] start hz=600.0 gain=1.000 attack=2.50 release=6.00
10-14 22:02:49.498 16074 19290 D OutputsAudio: [outputs-audio] tone.request hz=600.0 gain=1.000 requestedAt=164885005.249
10-14 22:02:49.498 16074 19290 D OutputsAudio: [outputs-audio] playMorse.symbol.start sequence=12 symbol=- expected=164885008.362 actual=164885009.460 skew=1.098 batchElapsed=3841.098
10-14 22:02:49.500 16074 16258 D OutputsAudio: [outputs-audio] tone.start.actual actual=164885007.007 requested=164885005.249 delta=1.758
10-14 22:02:49.502 16074 16258 D OutputsAudio: [outputs-audio] tone.gain.steady target=1.000 reachedAt=164885009.024 delta=2.017
10-14 22:02:49.503 16074 16137 I ReactNativeJS: [outputs] playMorse.symbol {"timestamp":164885009.476995,"wallClock":1760493769502,"symbol":"-","durationMs":360,"index":11,"source":"console.replay","correlationId":"console-replay:3t8tu921","nativeTimestampMs":164885009.460328,"nativeDurationMs":360,"nativeOffsetMs":3840,"nativeSequence":12,"monotonicTimestampMs":164885009.460328,"nativeExpectedTimestampMs":164885008.362361,"nativeStartSkewMs":1.0979669988155365,"nativeBatchElapsedMs":3841.0979669988155,"nativeExpectedSincePriorMs":480,"nativeSincePriorMs":479.8746350109577,"nativePatternStartMs":164881168.362361,"nativeAgeMs":null,"nativeFlashHandled":true,"nativeFlashAvailable":true}
10-14 22:02:49.504 16074 16137 I ReactNativeJS: [outputs] playMorse.nativeOffset.spike {"timestamp":164885010.98038,"wallClock":1760493769503,"source":"console.replay","offsetMs":3840,"sequence":12,"unitMs":120,"correlationId":"console-replay:3t8tu921","startSkewMs":1.0979669988155365,"batchElapsedMs":3841.0979669988155}
10-14 22:02:49.505 16074 16137 I ReactNativeJS: [outputs] outputs.hapticSymbol {"timestamp":164885011.934703,"wallClock":1760493769504,"enabled":true,"symbol":"-","durationMs":360,"platform":"android","source":"console.replay","correlationId":"console-replay:3t8tu921","timelineOffsetMs":null,"dispatchPhase":"actual"}
10-14 22:02:49.507 16074 16137 I ReactNativeJS: [outputs] outputs.flashPulse.nativeHandled {"timestamp":164885013.501214,"wallClock":1760493769506,"durationMs":360,"source":"console.replay","dispatchPhase":"actual","correlationId":"console-replay:3t8tu921","flashIntensity":0.8,"brightnessPercent":80,"nativeFlashAvailable":true}
10-14 22:02:49.896 16074 19290 D OutputsAudio: [outputs-audio] stop gain=1.000 release=6.00
10-14 22:02:49.896 16074 19290 D OutputsAudio: [outputs-audio] playMorse.gap sequence=12 nextOffset=4320.000 gapTarget=164885488.362
10-14 22:02:49.896 16074 19290 D OutputsAudio: [outputs-audio] playMorse.dispatch sequence=13 symbol=. offset=4320.000 lead=4.000 dispatchAt=164885484.362 gapLead=120.000
10-14 22:02:49.902 16074 16258 D OutputsAudio: [outputs-audio] tone.stop.actual stoppedAt=164885409.048
10-14 22:02:49.977 16074 19290 D OutputsAudio: [outputs-audio] start hz=600.0 gain=1.000 attack=2.50 release=6.00
10-14 22:02:49.977 16074 19290 D OutputsAudio: [outputs-audio] tone.request hz=600.0 gain=1.000 requestedAt=164885484.685
10-14 22:02:49.978 16074 16258 D OutputsAudio: [outputs-audio] tone.start.actual actual=164885484.961 requested=164885484.685 delta=0.275
10-14 22:02:49.978 16074 19290 D OutputsAudio: [outputs-audio] playMorse.symbol.start sequence=13 symbol=. expected=164885488.362 actual=164885489.040 skew=0.678 batchElapsed=4320.678
10-14 22:02:49.980 16074 16258 D OutputsAudio: [outputs-audio] tone.gain.steady target=1.000 reachedAt=164885487.023 delta=2.062
10-14 22:02:49.987 16074 16137 I ReactNativeJS: [outputs] playMorse.symbol {"timestamp":164885494.113766,"wallClock":1760493769987,"symbol":".","durationMs":120,"index":12,"source":"console.replay","correlationId":"console-replay:acxrwbem","nativeTimestampMs":164885489.039964,"nativeDurationMs":120,"nativeOffsetMs":4320,"nativeSequence":13,"monotonicTimestampMs":164885489.039964,"nativeExpectedTimestampMs":164885488.362361,"nativeStartSkewMs":0.6776029765605927,"nativeBatchElapsedMs":4320.677602976561,"nativeExpectedSincePriorMs":480,"nativeSincePriorMs":479.57963597774506,"nativePatternStartMs":164881168.362361,"nativeAgeMs":null,"nativeFlashHandled":true,"nativeFlashAvailable":true}
10-14 22:02:49.988 16074 16137 I ReactNativeJS: [outputs] playMorse.nativeOffset.spike {"timestamp":164885494.985589,"wallClock":1760493769987,"source":"console.replay","offsetMs":4320,"sequence":13,"unitMs":120,"correlationId":"console-replay:acxrwbem","startSkewMs":0.6776029765605927,"batchElapsedMs":4320.677602976561}
10-14 22:02:49.988 16074 16137 I ReactNativeJS: [outputs] outputs.hapticSymbol {"timestamp":164885495.48762,"wallClock":1760493769988,"enabled":true,"symbol":".","durationMs":120,"platform":"android","source":"console.replay","correlationId":"console-replay:acxrwbem","timelineOffsetMs":null,"dispatchPhase":"actual"}
10-14 22:02:49.989 16074 16137 I ReactNativeJS: [outputs] outputs.flashPulse.nativeHandled {"timestamp":164885496.419547,"wallClock":1760493769989,"durationMs":120,"source":"console.replay","dispatchPhase":"actual","correlationId":"console-replay:acxrwbem","flashIntensity":0.8,"brightnessPercent":80,"nativeFlashAvailable":true}
10-14 22:02:50.115 16074 19290 D OutputsAudio: [outputs-audio] stop gain=1.000 release=6.00
10-14 22:02:50.115 16074 19290 D OutputsAudio: [outputs-audio] playMorse.gap sequence=13 nextOffset=4560.000 gapTarget=164885728.362
10-14 22:02:50.115 16074 19290 D OutputsAudio: [outputs-audio] playMorse.dispatch sequence=14 symbol=. offset=4560.000 lead=4.000 dispatchAt=164885724.362 gapLead=120.000
10-14 22:02:50.120 16074 16258 D OutputsAudio: [outputs-audio] tone.stop.actual stoppedAt=164885627.053
10-14 22:02:50.218 16074 19290 D OutputsAudio: [outputs-audio] start hz=600.0 gain=1.000 attack=2.50 release=6.00
10-14 22:02:50.218 16074 19290 D OutputsAudio: [outputs-audio] tone.request hz=600.0 gain=1.000 requestedAt=164885725.360
10-14 22:02:50.218 16074 19290 D OutputsAudio: [outputs-audio] playMorse.symbol.start sequence=14 symbol=. expected=164885728.362 actual=164885729.541 skew=1.179 batchElapsed=4561.179
10-14 22:02:50.220 16074 16258 D OutputsAudio: [outputs-audio] tone.start.actual actual=164885726.998 requested=164885725.360 delta=1.637
10-14 22:02:50.220 16074 16137 I ReactNativeJS: [outputs] playMorse.symbol {"timestamp":164885726.672724,"wallClock":1760493770219,"symbol":".","durationMs":120,"index":13,"source":"console.replay","correlationId":"console-replay:vsklzbgz","nativeTimestampMs":164885729.540901,"nativeDurationMs":120,"nativeOffsetMs":4560,"nativeSequence":14,"monotonicTimestampMs":164885729.540901,"nativeExpectedTimestampMs":164885728.362361,"nativeStartSkewMs":1.1785399913787842,"nativeBatchElapsedMs":4561.178539991379,"nativeExpectedSincePriorMs":240,"nativeSincePriorMs":240.5009370148182,"nativePatternStartMs":164881168.362361,"nativeAgeMs":null,"nativeFlashHandled":true,"nativeFlashAvailable":true}
10-14 22:02:50.221 16074 16137 I ReactNativeJS: [outputs] playMorse.nativeOffset.spike {"timestamp":164885727.869807,"wallClock":1760493770220,"source":"console.replay","offsetMs":4560,"sequence":14,"unitMs":120,"correlationId":"console-replay:vsklzbgz","startSkewMs":1.1785399913787842,"batchElapsedMs":4561.178539991379}
10-14 22:02:50.221 16074 16137 I ReactNativeJS: [outputs] outputs.hapticSymbol {"timestamp":164885728.465797,"wallClock":1760493770221,"enabled":true,"symbol":".","durationMs":120,"platform":"android","source":"console.replay","correlationId":"console-replay:vsklzbgz","timelineOffsetMs":null,"dispatchPhase":"actual"}
10-14 22:02:50.222 16074 16258 D OutputsAudio: [outputs-audio] tone.gain.steady target=1.000 reachedAt=164885728.988 delta=1.990
10-14 22:02:50.222 16074 16137 I ReactNativeJS: [outputs] outputs.flashPulse.nativeHandled {"timestamp":164885729.305849,"wallClock":1760493770222,"durationMs":120,"source":"console.replay","dispatchPhase":"actual","correlationId":"console-replay:vsklzbgz","flashIntensity":0.8,"brightnessPercent":80,"nativeFlashAvailable":true}
10-14 22:02:50.352 16074 19290 D OutputsAudio: [outputs-audio] stop gain=1.000 release=6.00
10-14 22:02:50.352 16074 19290 D OutputsAudio: [outputs-audio] playMorse.gap sequence=14 nextOffset=4800.000 gapTarget=164885968.362
10-14 22:02:50.353 16074 19290 D OutputsAudio: [outputs-audio] playMorse.dispatch sequence=15 symbol=. offset=4800.000 lead=4.000 dispatchAt=164885964.362 gapLead=120.000
10-14 22:02:50.357 16074 16258 D OutputsAudio: [outputs-audio] tone.stop.actual stoppedAt=164885864.987
10-14 22:02:50.457 16074 19290 D OutputsAudio: [outputs-audio] start hz=600.0 gain=1.000 attack=2.50 release=6.00
10-14 22:02:50.457 16074 19290 D OutputsAudio: [outputs-audio] tone.request hz=600.0 gain=1.000 requestedAt=164885964.924
10-14 22:02:50.458 16074 16258 D OutputsAudio: [outputs-audio] tone.start.actual actual=164885964.996 requested=164885964.924 delta=0.072
10-14 22:02:50.458 16074 19290 D OutputsAudio: [outputs-audio] playMorse.symbol.start sequence=15 symbol=. expected=164885968.362 actual=164885969.024 skew=0.661 batchElapsed=4800.661
10-14 22:02:50.460 16074 16258 D OutputsAudio: [outputs-audio] tone.gain.steady target=1.000 reachedAt=164885967.005 delta=2.008
10-14 22:02:50.460 16074 16137 I ReactNativeJS: [outputs] playMorse.symbol {"timestamp":164885966.261213,"wallClock":1760493770459,"symbol":".","durationMs":120,"index":14,"source":"console.replay","correlationId":"console-replay:gli3slqg","nativeTimestampMs":164885969.023766,"nativeDurationMs":120,"nativeOffsetMs":4800,"nativeSequence":15,"monotonicTimestampMs":164885969.023766,"nativeExpectedTimestampMs":164885968.362361,"nativeStartSkewMs":0.6614049971103668,"nativeBatchElapsedMs":4800.66140499711,"nativeExpectedSincePriorMs":240,"nativeSincePriorMs":239.48286500573158,"nativePatternStartMs":164881168.362361,"nativeAgeMs":null,"nativeFlashHandled":true,"nativeFlashAvailable":true}
10-14 22:02:50.461 16074 16137 I ReactNativeJS: [outputs] playMorse.nativeOffset.spike {"timestamp":164885967.694495,"wallClock":1760493770460,"source":"console.replay","offsetMs":4800,"sequence":15,"unitMs":120,"correlationId":"console-replay:gli3slqg","startSkewMs":0.6614049971103668,"batchElapsedMs":4800.66140499711}
10-14 22:02:50.463 16074 16137 I ReactNativeJS: [outputs] outputs.hapticSymbol {"timestamp":164885968.980432,"wallClock":1760493770461,"enabled":true,"symbol":".","durationMs":120,"platform":"android","source":"console.replay","correlationId":"console-replay:gli3slqg","timelineOffsetMs":null,"dispatchPhase":"actual"}
10-14 22:02:50.465 16074 16137 I ReactNativeJS: [outputs] outputs.flashPulse.nativeHandled {"timestamp":164885971.020797,"wallClock":1760493770464,"durationMs":120,"source":"console.replay","dispatchPhase":"actual","correlationId":"console-replay:gli3slqg","flashIntensity":0.8,"brightnessPercent":80,"nativeFlashAvailable":true}
10-14 22:02:50.593 16074 19290 D OutputsAudio: [outputs-audio] stop gain=1.000 release=6.00
10-14 22:02:50.593 16074 19290 D OutputsAudio: [outputs-audio] playMorse.gap sequence=15 nextOffset=5040.000 gapTarget=164886208.362
10-14 22:02:50.593 16074 19290 D OutputsAudio: [outputs-audio] playMorse.dispatch sequence=16 symbol=- offset=5040.000 lead=4.000 dispatchAt=164886204.362 gapLead=120.000
10-14 22:02:50.598 16074 16258 D OutputsAudio: [outputs-audio] tone.stop.actual stoppedAt=164886105.002
10-14 22:02:50.698 16074 19290 D OutputsAudio: [outputs-audio] start hz=600.0 gain=1.000 attack=2.50 release=6.00
10-14 22:02:50.698 16074 19290 D OutputsAudio: [outputs-audio] tone.request hz=600.0 gain=1.000 requestedAt=164886205.305
10-14 22:02:50.698 16074 19290 D OutputsAudio: [outputs-audio] playMorse.symbol.start sequence=16 symbol=- expected=164886208.362 actual=164886209.406 skew=1.044 batchElapsed=5041.044
10-14 22:02:50.699 16074 16258 D OutputsAudio: [outputs-audio] tone.start.actual actual=164886206.958 requested=164886205.305 delta=1.653
10-14 22:02:50.701 16074 16258 D OutputsAudio: [outputs-audio] tone.gain.steady target=1.000 reachedAt=164886208.987 delta=2.029
10-14 22:02:50.702 16074 16137 I ReactNativeJS: [outputs] playMorse.symbol {"timestamp":164886208.102463,"wallClock":1760493770701,"symbol":"-","durationMs":360,"index":15,"source":"console.replay","correlationId":"console-replay:mzkjz6oc","nativeTimestampMs":164886209.406005,"nativeDurationMs":360,"nativeOffsetMs":5040,"nativeSequence":16,"monotonicTimestampMs":164886209.406005,"nativeExpectedTimestampMs":164886208.362361,"nativeStartSkewMs":1.043643981218338,"nativeBatchElapsedMs":5041.043643981218,"nativeExpectedSincePriorMs":240,"nativeSincePriorMs":240.38223898410797,"nativePatternStartMs":164881168.362361,"nativeAgeMs":null,"nativeFlashHandled":true,"nativeFlashAvailable":true}
10-14 22:02:50.703 16074 16137 I ReactNativeJS: [outputs] playMorse.nativeOffset.spike {"timestamp":164886209.900276,"wallClock":1760493770702,"source":"console.replay","offsetMs":5040,"sequence":16,"unitMs":120,"correlationId":"console-replay:mzkjz6oc","startSkewMs":1.043643981218338,"batchElapsedMs":5041.043643981218}
10-14 22:02:50.711 16074 16137 I ReactNativeJS: [outputs] outputs.hapticSymbol {"timestamp":164886211.251005,"wallClock":1760493770704,"enabled":true,"symbol":"-","durationMs":360,"platform":"android","source":"console.replay","correlationId":"console-replay:mzkjz6oc","timelineOffsetMs":null,"dispatchPhase":"actual"}
10-14 22:02:50.712 16074 16137 I ReactNativeJS: [outputs] outputs.flashPulse.nativeHandled {"timestamp":164886218.834755,"wallClock":1760493770711,"durationMs":360,"source":"console.replay","dispatchPhase":"actual","correlationId":"console-replay:mzkjz6oc","flashIntensity":0.8,"brightnessPercent":80,"nativeFlashAvailable":true}
10-14 22:02:51.077 16074 19290 D OutputsAudio: [outputs-audio] stop gain=1.000 release=6.00
10-14 22:02:51.077 16074 19290 D OutputsAudio: [outputs-audio] playMorse.gap sequence=16 nextOffset=5520.000 gapTarget=164886688.362
10-14 22:02:51.077 16074 19290 D OutputsAudio: [outputs-audio] playMorse.dispatch sequence=17 symbol=- offset=5520.000 lead=4.000 dispatchAt=164886684.362 gapLead=120.000
10-14 22:02:51.082 16074 16258 D OutputsAudio: [outputs-audio] tone.stop.actual stoppedAt=164886589.192
10-14 22:02:51.177 16074 19290 D OutputsAudio: [outputs-audio] start hz=600.0 gain=1.000 attack=2.50 release=6.00
10-14 22:02:51.177 16074 19290 D OutputsAudio: [outputs-audio] tone.request hz=600.0 gain=1.000 requestedAt=164886684.678
10-14 22:02:51.177 16074 19290 D OutputsAudio: [outputs-audio] playMorse.symbol.start sequence=17 symbol=- expected=164886688.362 actual=164886688.828 skew=0.466 batchElapsed=5520.466
10-14 22:02:51.178 16074 16258 D OutputsAudio: [outputs-audio] tone.start.actual actual=164886685.001 requested=164886684.678 delta=0.323
10-14 22:02:51.180 16074 16258 D OutputsAudio: [outputs-audio] tone.gain.steady target=1.000 reachedAt=164886687.020 delta=2.019
10-14 22:02:51.186 16074 16137 I ReactNativeJS: [outputs] playMorse.symbol {"timestamp":164886687.670015,"wallClock":1760493771180,"symbol":"-","durationMs":360,"index":16,"source":"console.replay","correlationId":"console-replay:p5kqbsbm","nativeTimestampMs":164886688.827932,"nativeDurationMs":360,"nativeOffsetMs":5520,"nativeSequence":17,"monotonicTimestampMs":164886688.827932,"nativeExpectedTimestampMs":164886688.362361,"nativeStartSkewMs":0.46557098627090454,"nativeBatchElapsedMs":5520.465570986271,"nativeExpectedSincePriorMs":480,"nativeSincePriorMs":479.42192700505257,"nativePatternStartMs":164881168.362361,"nativeAgeMs":null,"nativeFlashHandled":true,"nativeFlashAvailable":true}
10-14 22:02:51.189 16074 16137 I ReactNativeJS: [outputs] playMorse.nativeOffset.spike {"timestamp":164886693.346317,"wallClock":1760493771186,"source":"console.replay","offsetMs":5520,"sequence":17,"unitMs":120,"correlationId":"console-replay:p5kqbsbm","startSkewMs":0.46557098627090454,"batchElapsedMs":5520.465570986271}
10-14 22:02:51.191 16074 16137 I ReactNativeJS: [outputs] outputs.hapticSymbol {"timestamp":164886697.02788,"wallClock":1760493771190,"enabled":true,"symbol":"-","durationMs":360,"platform":"android","source":"console.replay","correlationId":"console-replay:p5kqbsbm","timelineOffsetMs":null,"dispatchPhase":"actual"}
10-14 22:02:51.196 16074 16137 I ReactNativeJS: [outputs] outputs.flashPulse.nativeHandled {"timestamp":164886702.411682,"wallClock":1760493771195,"durationMs":360,"source":"console.replay","dispatchPhase":"actual","correlationId":"console-replay:p5kqbsbm","flashIntensity":0.8,"brightnessPercent":80,"nativeFlashAvailable":true}
10-14 22:02:51.545 16074 19290 D OutputsAudio: [outputs-audio] stop gain=1.000 release=6.00
10-14 22:02:51.545 16074 19290 D OutputsAudio: [outputs-audio] playMorse.gap sequence=17 nextOffset=6000.000 gapTarget=164887168.362
10-14 22:02:51.546 16074 19290 D OutputsAudio: [outputs-audio] playMorse.dispatch sequence=18 symbol=- offset=6000.000 lead=4.000 dispatchAt=164887164.362 gapLead=120.000
10-14 22:02:51.550 16074 16258 D OutputsAudio: [outputs-audio] tone.stop.actual stoppedAt=164887057.056
10-14 22:02:51.657 16074 19290 D OutputsAudio: [outputs-audio] start hz=600.0 gain=1.000 attack=2.50 release=6.00
10-14 22:02:51.657 16074 19290 D OutputsAudio: [outputs-audio] tone.request hz=600.0 gain=1.000 requestedAt=164887164.506
10-14 22:02:51.657 16074 19290 D OutputsAudio: [outputs-audio] playMorse.symbol.start sequence=18 symbol=- expected=164887168.362 actual=164887168.778 skew=0.416 batchElapsed=6000.416
10-14 22:02:51.658 16074 16258 D OutputsAudio: [outputs-audio] tone.start.actual actual=164887164.980 requested=164887164.506 delta=0.474
10-14 22:02:51.660 16074 16258 D OutputsAudio: [outputs-audio] tone.gain.steady target=1.000 reachedAt=164887167.022 delta=2.042
