10-11 15:27:40.502  2422  2607 I ReactNativeJS: [outputs] outputs.flashPulse {"timestamp":11884023.007235,"wallClock":1760210860501,"enabled":true,"durationMs":48,"source":"console.replay","correlationId":"console-replay:mgmo3kd0fokkq1zu","timelineOffsetMs":61.465401999652386}
10-11 15:27:40.535  2422  3822 D OutputsAudio: [outputs-audio] start hz=700.0 gain=1.000 attack=2.50 release=6.00
10-11 15:27:40.571  2422  2607 I ReactNativeJS: [outputs] outputs.flashPulse.commit {"timestamp":11884092.195308,"wallClock":1760210860571,"durationMs":48,"source":"console.replay","correlationId":"console-replay:mgmo3kd0fokkq1zu","latencyMs":70.48296899907291,"timelineOffsetMs":61.465401999652386,"leadMs":8}
10-11 15:27:40.631  2422  2607 D OutputsAudio: [outputs-audio] symbol.info sequence=10 symbol=- timestamp=11884057.062 duration=144.000
10-11 15:27:40.632  2422  2607 I ReactNativeJS: [outputs] playMorse.symbol {"timestamp":11884153.220621,"wallClock":1760210860632,"symbol":"-","durationMs":144,"index":9,"source":"console.replay","correlationId":"console-replay:mgmo3kgoe3ntjbti","nativeTimestampMs":11884057.062,"nativeDurationMs":144,"nativeOffsetMs":96.10164099931717,"nativeSequence":10,"monotonicTimestampMs":11884057.062}
10-11 15:27:40.632  2422  2607 I ReactNativeJS: [outputs] playMorse.nativeOffset.spike {"timestamp":11884153.738798,"wallClock":1760210860632,"source":"console.replay","offsetMs":96.10164099931717,"sequence":10,"unitMs":48,"correlationId":"console-replay:mgmo3kgoe3ntjbti"}
10-11 15:27:40.633  2422  2607 I ReactNativeJS: [outputs] outputs.hapticSymbol {"timestamp":11884154.092235,"wallClock":1760210860632,"enabled":true,"symbol":"-","durationMs":144,"platform":"android","source":"console.replay","correlationId":"console-replay:mgmo3kgoe3ntjbti","timelineOffsetMs":96.10164099931717}
10-11 15:27:40.633  2422  2607 I ReactNativeJS: [outputs] outputs.flashPulse {"timestamp":11884154.703954,"wallClock":1760210860633,"enabled":true,"durationMs":144,"source":"console.replay","correlationId":"console-replay:mgmo3kgoe3ntjbti","timelineOffsetMs":96.10164099931717}
10-11 15:27:40.680  2422  3822 D OutputsAudio: [outputs-audio] stop gain=1.000 release=6.00
10-11 15:27:40.698  2422  2607 I ReactNativeJS: [outputs] outputs.flashPulse.commit {"timestamp":11884218.850048,"wallClock":1760210860697,"durationMs":144,"source":"console.replay","correlationId":"console-replay:mgmo3kgoe3ntjbti","latencyMs":65.68114599958062,"timelineOffsetMs":96.10164099931717,"leadMs":8}
10-11 15:27:40.728  2422  3822 D OutputsAudio: [outputs-audio] start hz=700.0 gain=1.000 attack=2.50 release=6.00
10-11 15:27:40.751  2422  2607 D OutputsAudio: [outputs-audio] symbol.info sequence=11 symbol=- timestamp=11884250.019 duration=144.000
10-11 15:27:40.751  2422  2607 I ReactNativeJS: [outputs] playMorse.symbol {"timestamp":11884272.593433,"wallClock":1760210860751,"symbol":"-","durationMs":144,"index":10,"source":"console.replay","correlationId":"console-replay:mgmo3kjzhs61fnjt","nativeTimestampMs":11884250.019,"nativeDurationMs":144,"nativeOffsetMs":22.520735001191497,"nativeSequence":11,"monotonicTimestampMs":11884250.019}
10-11 15:27:40.752  2422  2607 I ReactNativeJS: [outputs] outputs.hapticSymbol {"timestamp":11884273.153381,"wallClock":1760210860752,"enabled":true,"symbol":"-","durationMs":144,"platform":"android","source":"console.replay","correlationId":"console-replay:mgmo3kjzhs61fnjt","timelineOffsetMs":22.520735001191497}
10-11 15:27:40.752  2422  2607 I ReactNativeJS: [outputs] outputs.flashPulse {"timestamp":11884273.819214,"wallClock":1760210860752,"enabled":true,"durationMs":144,"source":"console.replay","correlationId":"console-replay:mgmo3kjzhs61fnjt","timelineOffsetMs":22.520735001191497}
10-11 15:27:40.821  2422  2607 I ReactNativeJS: [outputs] outputs.flashPulse.commit {"timestamp":11884341.769006,"wallClock":1760210860820,"durationMs":144,"source":"console.replay","correlationId":"console-replay:mgmo3kjzhs61fnjt","latencyMs":69.22390599921346,"timelineOffsetMs":22.520735001191497,"leadMs":8}
10-11 15:27:40.873  2422  3822 D OutputsAudio: [outputs-audio] stop gain=1.000 release=6.00
10-11 15:27:40.922  2422  3822 D OutputsAudio: [outputs-audio] start hz=700.0 gain=1.000 attack=2.50 release=6.00
10-11 15:27:40.932  2422  2607 D OutputsAudio: [outputs-audio] symbol.info sequence=12 symbol=- timestamp=11884443.561 duration=144.000
10-11 15:27:40.933  2422  2607 I ReactNativeJS: [outputs] playMorse.symbol {"timestamp":11884454.012548,"wallClock":1760210860932,"symbol":"-","durationMs":144,"index":11,"source":"console.replay","correlationId":"console-replay:mgmo3kp0ov19jtbs","nativeTimestampMs":11884443.561,"nativeDurationMs":144,"nativeOffsetMs":10.367901999503374,"nativeSequence":12,"monotonicTimestampMs":11884443.561}
10-11 15:27:40.934  2422  2607 I ReactNativeJS: [outputs] outputs.hapticSymbol {"timestamp":11884454.80161,"wallClock":1760210860933,"enabled":true,"symbol":"-","durationMs":144,"platform":"android","source":"console.replay","correlationId":"console-replay:mgmo3kp0ov19jtbs","timelineOffsetMs":10.367901999503374}
10-11 15:27:40.935  2422  2607 I ReactNativeJS: [outputs] outputs.flashPulse {"timestamp":11884455.838277,"wallClock":1760210860934,"enabled":true,"durationMs":144,"source":"console.replay","correlationId":"console-replay:mgmo3kp0ov19jtbs","timelineOffsetMs":10.367901999503374}
10-11 15:27:41.060  2422  2607 I ReactNativeJS: [outputs] outputs.flashPulse.commit {"timestamp":11884581.127912,"wallClock":1760210861060,"durationMs":144,"source":"console.replay","correlationId":"console-replay:mgmo3kp0ov19jtbs","latencyMs":127.19401000067592,"timelineOffsetMs":10.367901999503374,"leadMs":8}
10-11 15:27:41.066  2422  3822 D OutputsAudio: [outputs-audio] stop gain=1.000 release=6.00
10-11 15:27:41.114  2422  3822 D OutputsAudio: [outputs-audio] start hz=700.0 gain=1.000 attack=2.50 release=6.00
10-11 15:27:41.119  2422  2607 D OutputsAudio: [outputs-audio] symbol.info sequence=13 symbol=. timestamp=11884636.144 duration=48.000
10-11 15:27:41.120  2422  2607 I ReactNativeJS: [outputs] playMorse.symbol {"timestamp":11884641.224058,"wallClock":1760210861120,"symbol":".","durationMs":48,"index":12,"source":"console.replay","correlationId":"console-replay:mgmo3ku89zq37dgq","nativeTimestampMs":11884636.144,"nativeDurationMs":48,"nativeOffsetMs":5.025735000148416,"nativeSequence":13,"monotonicTimestampMs":11884636.144}
10-11 15:27:41.120  2422  2607 I ReactNativeJS: [outputs] outputs.hapticSymbol {"timestamp":11884641.777235,"wallClock":1760210861120,"enabled":true,"symbol":".","durationMs":48,"platform":"android","source":"console.replay","correlationId":"console-replay:mgmo3ku89zq37dgq","timelineOffsetMs":5.025735000148416}
10-11 15:27:41.121  2422  2607 I ReactNativeJS: [outputs] outputs.flashPulse {"timestamp":11884642.445933,"wallClock":1760210861121,"enabled":true,"durationMs":48,"source":"console.replay","correlationId":"console-replay:mgmo3ku89zq37dgq","timelineOffsetMs":5.025735000148416}
10-11 15:27:41.165  2422  3822 D OutputsAudio: [outputs-audio] stop gain=1.000 release=6.00
10-11 15:27:41.196  2422  2607 I ReactNativeJS: [outputs] outputs.flashPulse.commit {"timestamp":11884717.530308,"wallClock":1760210861196,"durationMs":48,"source":"console.replay","correlationId":"console-replay:mgmo3ku89zq37dgq","latencyMs":76.35510400123894,"timelineOffsetMs":5.025735000148416,"leadMs":8}
10-11 15:27:41.214  2422  3822 D OutputsAudio: [outputs-audio] start hz=700.0 gain=1.000 attack=2.50 release=6.00
10-11 15:27:41.256  2422  2607 D OutputsAudio: [outputs-audio] symbol.info sequence=14 symbol=. timestamp=11884735.583 duration=48.000
10-11 15:27:41.256  2422  2607 I ReactNativeJS: [outputs] playMorse.symbol {"timestamp":11884777.422235,"wallClock":1760210861256,"symbol":".","durationMs":48,"index":13,"source":"console.replay","correlationId":"console-replay:mgmo3ky0o1aeidal","nativeTimestampMs":11884735.583,"nativeDurationMs":48,"nativeOffsetMs":41.78501600027084,"nativeSequence":14,"monotonicTimestampMs":11884735.583}
10-11 15:27:41.257  2422  2607 I ReactNativeJS: [outputs] outputs.hapticSymbol {"timestamp":11884777.96312,"wallClock":1760210861256,"enabled":true,"symbol":".","durationMs":48,"platform":"android","source":"console.replay","correlationId":"console-replay:mgmo3ky0o1aeidal","timelineOffsetMs":41.78501600027084}
10-11 15:27:41.257  2422  2607 I ReactNativeJS: [outputs] outputs.flashPulse {"timestamp":11884778.630725,"wallClock":1760210861257,"enabled":true,"durationMs":48,"source":"console.replay","correlationId":"console-replay:mgmo3ky0o1aeidal","timelineOffsetMs":41.78501600027084}
10-11 15:27:41.262  2422  3822 D OutputsAudio: [outputs-audio] stop gain=1.000 release=6.00
10-11 15:27:41.311  2422  3822 D OutputsAudio: [outputs-audio] start hz=700.0 gain=1.000 attack=2.50 release=6.00
10-11 15:27:41.316  2422  2607 I ReactNativeJS: [outputs] outputs.flashPulse.commit {"timestamp":11884837.547287,"wallClock":1760210861316,"durationMs":48,"source":"console.replay","correlationId":"console-replay:mgmo3ky0o1aeidal","latencyMs":60.17406299896538,"timelineOffsetMs":41.78501600027084,"leadMs":8}
10-11 15:27:41.360  2422  3822 D OutputsAudio: [outputs-audio] stop gain=1.000 release=6.00
10-11 15:27:41.368  2422  2607 D OutputsAudio: [outputs-audio] symbol.info sequence=15 symbol=. timestamp=11884832.678 duration=48.000
10-11 15:27:41.369  2422  2607 I ReactNativeJS: [outputs] playMorse.symbol {"timestamp":11884890.033745,"wallClock":1760210861368,"symbol":".","durationMs":48,"index":14,"source":"console.replay","correlationId":"console-replay:mgmo3l14ojk7m4mb","nativeTimestampMs":11884832.678,"nativeDurationMs":48,"nativeOffsetMs":57.300954001024365,"nativeSequence":15,"monotonicTimestampMs":11884832.678}
10-11 15:27:41.369  2422  2607 I ReactNativeJS: [outputs] outputs.hapticSymbol {"timestamp":11884890.580777,"wallClock":1760210861369,"enabled":true,"symbol":".","durationMs":48,"platform":"android","source":"console.replay","correlationId":"console-replay:mgmo3l14ojk7m4mb","timelineOffsetMs":57.300954001024365}
10-11 15:27:41.370  2422  2607 I ReactNativeJS: [outputs] outputs.flashPulse {"timestamp":11884891.24911,"wallClock":1760210861370,"enabled":true,"durationMs":48,"source":"console.replay","correlationId":"console-replay:mgmo3l14ojk7m4mb","timelineOffsetMs":57.300954001024365}
10-11 15:27:41.409  2422  3822 D OutputsAudio: [outputs-audio] start hz=700.0 gain=1.000 attack=2.50 release=6.00
10-11 15:27:41.439  2422  2607 I ReactNativeJS: [outputs] outputs.flashPulse.commit {"timestamp":11884960.115256,"wallClock":1760210861438,"durationMs":48,"source":"console.replay","correlationId":"console-replay:mgmo3l14ojk7m4mb","latencyMs":70.13135400041938,"timelineOffsetMs":57.300954001024365,"leadMs":8}
10-11 15:27:41.497  2422  2607 D OutputsAudio: [outputs-audio] symbol.info sequence=16 symbol=- timestamp=11884930.590 duration=144.000
10-11 15:27:41.497  2422  2607 I ReactNativeJS: [outputs] playMorse.symbol {"timestamp":11885018.425777,"wallClock":1760210861497,"symbol":"-","durationMs":144,"index":15,"source":"console.replay","correlationId":"console-replay:mgmo3l4pkebtba2k","nativeTimestampMs":11884930.59,"nativeDurationMs":144,"nativeOffsetMs":87.77994300052524,"nativeSequence":16,"monotonicTimestampMs":11884930.59}
10-11 15:27:41.498  2422  2607 I ReactNativeJS: [outputs] playMorse.nativeOffset.spike {"timestamp":11885018.946402,"wallClock":1760210861497,"source":"console.replay","offsetMs":87.77994300052524,"sequence":16,"unitMs":48,"correlationId":"console-replay:mgmo3l4pkebtba2k"}
10-11 15:27:41.498  2422  2607 I ReactNativeJS: [outputs] outputs.hapticSymbol {"timestamp":11885019.307131,"wallClock":1760210861498,"enabled":true,"symbol":"-","durationMs":144,"platform":"android","source":"console.replay","correlationId":"console-replay:mgmo3l4pkebtba2k","timelineOffsetMs":87.77994300052524}
10-11 15:27:41.499  2422  2607 I ReactNativeJS: [outputs] outputs.flashPulse {"timestamp":11885019.962599,"wallClock":1760210861498,"enabled":true,"durationMs":144,"source":"console.replay","correlationId":"console-replay:mgmo3l4pkebtba2k","timelineOffsetMs":87.77994300052524}
10-11 15:27:41.553  2422  3822 D OutputsAudio: [outputs-audio] stop gain=1.000 release=6.00
10-11 15:27:41.563  2422  2607 I ReactNativeJS: [outputs] outputs.flashPulse.commit {"timestamp":11885083.929943,"wallClock":1760210861562,"durationMs":144,"source":"console.replay","correlationId":"console-replay:mgmo3l4pkebtba2k","latencyMs":65.55510400049388,"timelineOffsetMs":87.77994300052524,"leadMs":8}
10-11 15:27:41.602  2422  3822 D OutputsAudio: [outputs-audio] start hz=700.0 gain=1.000 attack=2.50 release=6.00
10-11 15:27:41.620  2422  2607 D OutputsAudio: [outputs-audio] symbol.info sequence=17 symbol=- timestamp=11885123.842 duration=144.000
10-11 15:27:41.621  2422  2607 I ReactNativeJS: [outputs] playMorse.symbol {"timestamp":11885141.949891,"wallClock":1760210861620,"symbol":"-","durationMs":144,"index":16,"source":"console.replay","correlationId":"console-replay:mgmo3l84pfd88t20","nativeTimestampMs":11885123.842,"nativeDurationMs":144,"nativeOffsetMs":18.05617200024426,"nativeSequence":17,"monotonicTimestampMs":11885123.842}
10-11 15:27:41.621  2422  2607 I ReactNativeJS: [outputs] outputs.hapticSymbol {"timestamp":11885142.504683,"wallClock":1760210861621,"enabled":true,"symbol":"-","durationMs":144,"platform":"android","source":"console.replay","correlationId":"console-replay:mgmo3l84pfd88t20","timelineOffsetMs":18.05617200024426}
10-11 15:27:41.622  2422  2607 I ReactNativeJS: [outputs] outputs.flashPulse {"timestamp":11885143.214579,"wallClock":1760210861622,"enabled":true,"durationMs":144,"source":"console.replay","correlationId":"console-replay:mgmo3l84pfd88t20","timelineOffsetMs":18.05617200024426}
10-11 15:27:41.702  2422  2607 I ReactNativeJS: [outputs] outputs.flashPulse.commit {"timestamp":11885222.809526,"wallClock":1760210861701,"durationMs":144,"source":"console.replay","correlationId":"console-replay:mgmo3l84pfd88t20","latencyMs":80.90640700049698,"timelineOffsetMs":18.05617200024426,"leadMs":8}
10-11 15:27:41.747  2422  3822 D OutputsAudio: [outputs-audio] stop gain=1.000 release=6.00
10-11 15:27:41.795  2422  3822 D OutputsAudio: [outputs-audio] start hz=700.0 gain=1.000 attack=2.50 release=6.00
10-11 15:27:41.806  2422  2607 D OutputsAudio: [outputs-audio] symbol.info sequence=18 symbol=- timestamp=11885317.188 duration=144.000
10-11 15:27:41.807  2422  2607 I ReactNativeJS: [outputs] playMorse.symbol {"timestamp":11885327.810412,"wallClock":1760210861806,"symbol":"-","durationMs":144,"index":17,"source":"console.replay","correlationId":"console-replay:mgmo3lda2r76c2l3","nativeTimestampMs":11885317.188,"nativeDurationMs":144,"nativeOffsetMs":10.544912001118064,"nativeSequence":18,"monotonicTimestampMs":11885317.188}
10-11 15:27:41.807  2422  2607 I ReactNativeJS: [outputs] outputs.hapticSymbol {"timestamp":11885328.520829,"wallClock":1760210861807,"enabled":true,"symbol":"-","durationMs":144,"platform":"android","source":"console.replay","correlationId":"console-replay:mgmo3lda2r76c2l3","timelineOffsetMs":10.544912001118064}
10-11 15:27:41.808  2422  2607 I ReactNativeJS: [outputs] outputs.flashPulse {"timestamp":11885329.211454,"wallClock":1760210861808,"enabled":true,"durationMs":144,"source":"console.replay","correlationId":"console-replay:mgmo3lda2r76c2l3","timelineOffsetMs":10.544912001118064}
10-11 15:27:41.873  2422  2607 I ReactNativeJS: [outputs] outputs.flashPulse.commit {"timestamp":11885393.780204,"wallClock":1760210861872,"durationMs":144,"source":"console.replay","correlationId":"console-replay:mgmo3lda2r76c2l3","latencyMs":66.0418229997158,"timelineOffsetMs":10.544912001118064,"leadMs":8}
10-11 15:27:41.940  2422  3822 D OutputsAudio: [outputs-audio] stop gain=1.000 release=6.00
10-11 15:27:41.989  2422  3822 D OutputsAudio: [outputs-audio] start hz=700.0 gain=1.000 attack=2.50 release=6.00
10-11 15:27:41.996  2422  2607 D OutputsAudio: [outputs-audio] symbol.info sequence=19 symbol=. timestamp=11885510.985 duration=48.000
10-11 15:27:41.998  2422  2607 I ReactNativeJS: [outputs] playMorse.symbol {"timestamp":11885517.754422,"wallClock":1760210861996,"symbol":".","durationMs":48,"index":18,"source":"console.replay","correlationId":"console-replay:mgmo3likf492rxev","nativeTimestampMs":11885510.985,"nativeDurationMs":48,"nativeOffsetMs":6.679631000384688,"nativeSequence":19,"monotonicTimestampMs":11885510.985}
10-11 15:27:41.999  2422  2607 I ReactNativeJS: [outputs] outputs.hapticSymbol {"timestamp":11885519.768016,"wallClock":1760210861998,"enabled":true,"symbol":".","durationMs":48,"platform":"android","source":"console.replay","correlationId":"console-replay:mgmo3likf492rxev","timelineOffsetMs":6.679631000384688}
10-11 15:27:42.000  2422  2607 I ReactNativeJS: [outputs] outputs.flashPulse {"timestamp":11885521.193224,"wallClock":1760210862000,"enabled":true,"durationMs":48,"source":"console.replay","correlationId":"console-replay:mgmo3likf492rxev","timelineOffsetMs":6.679631000384688}
10-11 15:27:42.038  2422  3822 D OutputsAudio: [outputs-audio] stop gain=1.000 release=6.00
10-11 15:27:42.070  2422  2607 I ReactNativeJS: [outputs] outputs.flashPulse.commit {"timestamp":11885591.438433,"wallClock":1760210862070,"durationMs":48,"source":"console.replay","correlationId":"console-replay:mgmo3likf492rxev","latencyMs":73.76833300106227,"timelineOffsetMs":6.679631000384688,"leadMs":8}
10-11 15:27:42.086  2422  3822 D OutputsAudio: [outputs-audio] start hz=700.0 gain=1.000 attack=2.50 release=6.00
10-11 15:27:42.122  2422  2607 D OutputsAudio: [outputs-audio] symbol.info sequence=20 symbol=. timestamp=11885608.097 duration=48.000
10-11 15:27:42.122  2422  2607 I ReactNativeJS: [outputs] playMorse.symbol {"timestamp":11885643.282287,"wallClock":1760210862122,"symbol":".","durationMs":48,"index":19,"source":"console.replay","correlationId":"console-replay:mgmo3lm2p4bruzyz","nativeTimestampMs":11885608.097,"nativeDurationMs":48,"nativeOffsetMs":35.1291410010308,"nativeSequence":20,"monotonicTimestampMs":11885608.097}
10-11 15:27:42.123  2422  2607 I ReactNativeJS: [outputs] outputs.hapticSymbol {"timestamp":11885643.836349,"wallClock":1760210862122,"enabled":true,"symbol":".","durationMs":48,"platform":"android","source":"console.replay","correlationId":"console-replay:mgmo3lm2p4bruzyz","timelineOffsetMs":35.1291410010308}
10-11 15:27:42.123  2422  2607 I ReactNativeJS: [outputs] outputs.flashPulse {"timestamp":11885644.60588,"wallClock":1760210862123,"enabled":true,"durationMs":48,"source":"console.replay","correlationId":"console-replay:mgmo3lm2p4bruzyz","timelineOffsetMs":35.1291410010308}
10-11 15:27:42.135  2422  3822 D OutputsAudio: [outputs-audio] stop gain=1.000 release=6.00
10-11 15:27:42.184  2422  3822 D OutputsAudio: [outputs-audio] start hz=700.0 gain=1.000 attack=2.50 release=6.00
10-11 15:27:42.191  2422  2607 I ReactNativeJS: [outputs] outputs.flashPulse.commit {"timestamp":11885712.02411,"wallClock":1760210862190,"durationMs":48,"source":"console.replay","correlationId":"console-replay:mgmo3lm2p4bruzyz","latencyMs":68.79223899915814,"timelineOffsetMs":35.1291410010308,"leadMs":8}
10-11 15:27:42.233  2422  3822 D OutputsAudio: [outputs-audio] stop gain=1.000 release=6.00
10-11 15:27:42.243  2422  2607 D OutputsAudio: [outputs-audio] symbol.info sequence=21 symbol=. timestamp=11885705.595 duration=48.000
10-11 15:27:42.243  2422  2607 I ReactNativeJS: [outputs] playMorse.symbol {"timestamp":11885764.477026,"wallClock":1760210862243,"symbol":".","durationMs":48,"index":20,"source":"console.replay","correlationId":"console-replay:mgmo3lpfj71pirno","nativeTimestampMs":11885705.595,"nativeDurationMs":48,"nativeOffsetMs":58.8236409984529,"nativeSequence":21,"monotonicTimestampMs":11885705.595}
10-11 15:27:42.244  2422  2607 I ReactNativeJS: [outputs] outputs.hapticSymbol {"timestamp":11885765.060255,"wallClock":1760210862243,"enabled":true,"symbol":".","durationMs":48,"platform":"android","source":"console.replay","correlationId":"console-replay:mgmo3lpfj71pirno","timelineOffsetMs":58.8236409984529}
10-11 15:27:42.244  2422  2607 I ReactNativeJS: [outputs] outputs.flashPulse {"timestamp":11885765.739214,"wallClock":1760210862244,"enabled":true,"durationMs":48,"source":"console.replay","correlationId":"console-replay:mgmo3lpfj71pirno","timelineOffsetMs":58.8236409984529}
10-11 15:27:42.281  2422  3822 D OutputsAudio: [outputs-audio] start hz=700.0 gain=1.000 attack=2.50 release=6.00
10-11 15:27:42.307  2422  2607 I ReactNativeJS: [outputs] outputs.flashPulse.commit {"timestamp":11885827.841558,"wallClock":1760210862306,"durationMs":48,"source":"console.replay","correlationId":"console-replay:mgmo3lpfj71pirno","latencyMs":63.418021000921726,"timelineOffsetMs":58.8236409984529,"leadMs":8}
10-11 15:27:42.365  2422  2607 D OutputsAudio: [outputs-audio] symbol.info sequence=22 symbol=- timestamp=11885803.104 duration=144.000
10-11 15:27:42.366  2422  2607 I ReactNativeJS: [outputs] playMorse.symbol {"timestamp":11885886.794943,"wallClock":1760210862365,"symbol":"-","durationMs":144,"index":21,"source":"console.replay","correlationId":"console-replay:mgmo3lstq43ejgxy","nativeTimestampMs":11885803.104,"nativeDurationMs":144,"nativeOffsetMs":83.63557799905539,"nativeSequence":22,"monotonicTimestampMs":11885803.104}
10-11 15:27:42.366  2422  2607 I ReactNativeJS: [outputs] playMorse.nativeOffset.spike {"timestamp":11885887.31911,"wallClock":1760210862366,"source":"console.replay","offsetMs":83.63557799905539,"sequence":22,"unitMs":48,"correlationId":"console-replay:mgmo3lstq43ejgxy"}
10-11 15:27:42.366  2422  2607 I ReactNativeJS: [outputs] outputs.hapticSymbol {"timestamp":11885887.657547,"wallClock":1760210862366,"enabled":true,"symbol":"-","durationMs":144,"platform":"android","source":"console.replay","correlationId":"console-replay:mgmo3lstq43ejgxy","timelineOffsetMs":83.63557799905539}
10-11 15:27:42.367  2422  2607 I ReactNativeJS: [outputs] outputs.flashPulse {"timestamp":11885888.30937,"wallClock":1760210862367,"enabled":true,"durationMs":144,"source":"console.replay","correlationId":"console-replay:mgmo3lstq43ejgxy","timelineOffsetMs":83.63557799905539}
10-11 15:27:42.426  2422  3822 D OutputsAudio: [outputs-audio] stop gain=1.000 release=6.00
10-11 15:27:42.438  2422  2607 I ReactNativeJS: [outputs] outputs.flashPulse.commit {"timestamp":11885959.420516,"wallClock":1760210862438,"durationMs":144,"source":"console.replay","correlationId":"console-replay:mgmo3lstq43ejgxy","latencyMs":72.67557300068438,"timelineOffsetMs":83.63557799905539,"leadMs":8}
10-11 15:27:42.475  2422  3822 D OutputsAudio: [outputs-audio] start hz=700.0 gain=1.000 attack=2.50 release=6.00
10-11 15:27:42.496  2422  2607 D OutputsAudio: [outputs-audio] symbol.info sequence=23 symbol=- timestamp=11885996.208 duration=144.000
10-11 15:27:42.496  2422  2607 I ReactNativeJS: [outputs] playMorse.symbol {"timestamp":11886017.547182,"wallClock":1760210862496,"symbol":"-","durationMs":144,"index":22,"source":"console.replay","correlationId":"console-replay:mgmo3lwggolg9awr","nativeTimestampMs":11885996.208,"nativeDurationMs":144,"nativeOffsetMs":21.284338999539614,"nativeSequence":23,"monotonicTimestampMs":11885996.208}
10-11 15:27:42.497  2422  2607 I ReactNativeJS: [outputs] outputs.hapticSymbol {"timestamp":11886018.093901,"wallClock":1760210862496,"enabled":true,"symbol":"-","durationMs":144,"platform":"android","source":"console.replay","correlationId":"console-replay:mgmo3lwggolg9awr","timelineOffsetMs":21.284338999539614}
10-11 15:27:42.497  2422  2607 I ReactNativeJS: [outputs] outputs.flashPulse {"timestamp":11886018.80437,"wallClock":1760210862497,"enabled":true,"durationMs":144,"source":"console.replay","correlationId":"console-replay:mgmo3lwggolg9awr","timelineOffsetMs":21.284338999539614}
10-11 15:27:42.565  2422  2607 I ReactNativeJS: [outputs] outputs.flashPulse.commit {"timestamp":11886085.923537,"wallClock":1760210862564,"durationMs":144,"source":"console.replay","correlationId":"console-replay:mgmo3lwggolg9awr","latencyMs":68.42635400034487,"timelineOffsetMs":21.284338999539614,"leadMs":8}
10-11 15:27:42.619  2422  3822 D OutputsAudio: [outputs-audio] stop gain=1.000 release=6.00
10-11 15:27:42.668  2422  3822 D OutputsAudio: [outputs-audio] start hz=700.0 gain=1.000 attack=2.50 release=6.00
10-11 15:27:42.684  2422  2607 D OutputsAudio: [outputs-audio] symbol.info sequence=24 symbol=- timestamp=11886189.840 duration=144.000
10-11 15:27:42.685  2422  2607 I ReactNativeJS: [outputs] playMorse.symbol {"timestamp":11886205.581974,"wallClock":1760210862684,"symbol":"-","durationMs":144,"index":23,"source":"console.replay","correlationId":"console-replay:mgmo3m1op0ahtc3i","nativeTimestampMs":11886189.84,"nativeDurationMs":144,"nativeOffsetMs":15.621453000232577,"nativeSequence":24,"monotonicTimestampMs":11886189.84}
10-11 15:27:42.686  2422  2607 I ReactNativeJS: [outputs] outputs.hapticSymbol {"timestamp":11886206.802287,"wallClock":1760210862685,"enabled":true,"symbol":"-","durationMs":144,"platform":"android","source":"console.replay","correlationId":"console-replay:mgmo3m1op0ahtc3i","timelineOffsetMs":15.621453000232577}
10-11 15:27:42.687  2422  2607 I ReactNativeJS: [outputs] outputs.flashPulse {"timestamp":11886208.32463,"wallClock":1760210862687,"enabled":true,"durationMs":144,"source":"console.replay","correlationId":"console-replay:mgmo3m1op0ahtc3i","timelineOffsetMs":15.621453000232577}
10-11 15:27:42.762  2422  2607 I ReactNativeJS: [outputs] outputs.flashPulse.commit {"timestamp":11886283.109839,"wallClock":1760210862761,"durationMs":144,"source":"console.replay","correlationId":"console-replay:mgmo3m1op0ahtc3i","latencyMs":77.643280999735,"timelineOffsetMs":15.621453000232577,"leadMs":8}
10-11 15:27:42.812  2422  3822 D OutputsAudio: [outputs-audio] stop gain=1.000 release=6.00
10-11 15:27:42.862  2422  3822 D OutputsAudio: [outputs-audio] start hz=700.0 gain=1.000 attack=2.50 release=6.00
10-11 15:27:42.882  2422  2607 D OutputsAudio: [outputs-audio] symbol.info sequence=25 symbol=. timestamp=11886383.668 duration=48.000
10-11 15:27:42.883  2422  2607 I ReactNativeJS: [outputs] playMorse.symbol {"timestamp":11886404.351089,"wallClock":1760210862883,"symbol":".","durationMs":48,"index":24,"source":"console.replay","correlationId":"console-replay:mgmo3m77oh5slasi","nativeTimestampMs":11886383.668,"nativeDurationMs":48,"nativeOffsetMs":20.53485899977386,"nativeSequence":25,"monotonicTimestampMs":11886383.668}
10-11 15:27:42.884  2422  2607 I ReactNativeJS: [outputs] outputs.hapticSymbol {"timestamp":11886405.155776,"wallClock":1760210862884,"enabled":true,"symbol":".","durationMs":48,"platform":"android","source":"console.replay","correlationId":"console-replay:mgmo3m77oh5slasi","timelineOffsetMs":20.53485899977386}
10-11 15:27:42.885  2422  2607 I ReactNativeJS: [outputs] outputs.flashPulse {"timestamp":11886406.224943,"wallClock":1760210862885,"enabled":true,"durationMs":48,"source":"console.replay","correlationId":"console-replay:mgmo3m77oh5slasi","timelineOffsetMs":20.53485899977386}
10-11 15:27:42.911  2422  3822 D OutputsAudio: [outputs-audio] stop gain=1.000 release=6.00
10-11 15:27:42.960  2422  3822 D OutputsAudio: [outputs-audio] start hz=700.0 gain=1.000 attack=2.50 release=6.00
10-11 15:27:42.969  2422  2607 I ReactNativeJS: [outputs] outputs.flashPulse.commit {"timestamp":11886489.715255,"wallClock":1760210862968,"durationMs":48,"source":"console.replay","correlationId":"console-replay:mgmo3m77oh5slasi","latencyMs":85.50562500022352,"timelineOffsetMs":20.53485899977386,"leadMs":8}
10-11 15:27:43.008  2422  3822 D OutputsAudio: [outputs-audio] stop gain=1.000 release=6.00
10-11 15:27:43.021  2422  2607 D OutputsAudio: [outputs-audio] symbol.info sequence=26 symbol=. timestamp=11886481.650 duration=48.000
10-11 15:27:43.022  2422  2607 I ReactNativeJS: [outputs] playMorse.symbol {"timestamp":11886542.664838,"wallClock":1760210863021,"symbol":".","durationMs":48,"index":25,"source":"console.replay","correlationId":"console-replay:mgmo3mb1geanl33u","nativeTimestampMs":11886481.65,"nativeDurationMs":48,"nativeOffsetMs":60.95785900019109,"nativeSequence":26,"monotonicTimestampMs":11886481.65}
10-11 15:27:43.022  2422  2607 I ReactNativeJS: [outputs] outputs.hapticSymbol {"timestamp":11886543.248953,"wallClock":1760210863022,"enabled":true,"symbol":".","durationMs":48,"platform":"android","source":"console.replay","correlationId":"console-replay:mgmo3mb1geanl33u","timelineOffsetMs":60.95785900019109}
10-11 15:27:43.023  2422  2607 I ReactNativeJS: [outputs] outputs.flashPulse {"timestamp":11886543.907078,"wallClock":1760210863022,"enabled":true,"durationMs":48,"source":"console.replay","correlationId":"console-replay:mgmo3mb1geanl33u","timelineOffsetMs":60.95785900019109}
10-11 15:27:43.057  2422  3822 D OutputsAudio: [outputs-audio] start hz=700.0 gain=1.000 attack=2.50 release=6.00
10-11 15:27:43.090  2422  2607 I ReactNativeJS: [outputs] outputs.flashPulse.commit {"timestamp":11886611.257443,"wallClock":1760210863090,"durationMs":48,"source":"console.replay","correlationId":"console-replay:mgmo3mb1geanl33u","latencyMs":68.64437500014901,"timelineOffsetMs":60.95785900019109,"leadMs":8}
10-11 15:27:43.105  2422  3822 D OutputsAudio: [outputs-audio] stop gain=1.000 release=6.00
10-11 15:27:43.149  2422  2607 D OutputsAudio: [outputs-audio] symbol.info sequence=27 symbol=. timestamp=11886578.604 duration=48.000
10-11 15:27:43.150  2422  2607 I ReactNativeJS: [outputs] playMorse.symbol {"timestamp":11886670.852026,"wallClock":1760210863149,"symbol":".","durationMs":48,"index":26,"source":"console.replay","correlationId":"console-replay:mgmo3melf6c6ihwg","nativeTimestampMs":11886578.604,"nativeDurationMs":48,"nativeOffsetMs":92.1941199991852,"nativeSequence":27,"monotonicTimestampMs":11886578.604}
10-11 15:27:43.150  2422  2607 I ReactNativeJS: [outputs] playMorse.nativeOffset.spike {"timestamp":11886671.389891,"wallClock":1760210863150,"source":"console.replay","offsetMs":92.1941199991852,"sequence":27,"unitMs":48,"correlationId":"console-replay:mgmo3melf6c6ihwg"}
10-11 15:27:43.150  2422  2607 I ReactNativeJS: [outputs] outputs.hapticSymbol {"timestamp":11886671.757651,"wallClock":1760210863150,"enabled":true,"symbol":".","durationMs":48,"platform":"android","source":"console.replay","correlationId":"console-replay:mgmo3melf6c6ihwg","timelineOffsetMs":92.1941199991852}
10-11 15:27:43.151  2422  2607 I ReactNativeJS: [outputs] outputs.flashPulse {"timestamp":11886672.530776,"wallClock":1760210863151,"enabled":true,"durationMs":48,"source":"console.replay","correlationId":"console-replay:mgmo3melf6c6ihwg","timelineOffsetMs":92.1941199991852}
10-11 15:27:43.154  2422  3822 D OutputsAudio: [outputs-audio] stop gain=0.000 release=6.00
10-11 15:27:43.154  2422  3822 D OutputsAudio: [outputs-audio] playMorse.end cancelled=0
10-11 15:27:43.216  2422  2607 I ReactNativeJS: [outputs] playMorse.complete {"timestamp":11886736.775359,"wallClock":1760210863215,"durationMs":4003.5951550006866,"source":"console.replay","audioEnabled":true,"audioVolumePercent":100}
10-11 15:27:43.277  2422  2607 I ReactNativeJS: [outputs] outputs.flashPulse.commit {"timestamp":11886798.426661,"wallClock":1760210863277,"durationMs":48,"source":"console.replay","correlationId":"console-replay:mgmo3melf6c6ihwg","latencyMs":127.62427000142634,"timelineOffsetMs":92.1941199991852,"leadMs":8}
10-11 15:27:46.476  2422  2607 I ReactNativeJS: [outputs] playMorse.start {"timestamp":11889997.189941,"wallClock":1760210866476,"unitMs":40,"length":28,"source":"console.replay","audioEnabled":true,"audioVolumePercent":100}
10-11 15:27:46.626  2422  2607 D OutputsAudio: [outputs-audio] warmup hz=700.0
10-11 15:27:46.627  2422  3926 D OutputsAudio: [outputs-audio] playMorse.start count=27 unit=40.0
10-11 15:27:46.627  2422  3926 D OutputsAudio: [outputs-audio] start hz=700.0 gain=1.000 attack=2.50 release=6.00
10-11 15:27:46.636  2422  2607 D OutputsAudio: [outputs-audio] symbol.info sequence=1 symbol=. timestamp=11890148.321 duration=40.000
10-11 15:27:46.637  2422  2607 I ReactNativeJS: [outputs] playMorse.symbol {"timestamp":11890157.708535,"wallClock":1760210866636,"symbol":".","durationMs":40,"index":0,"source":"console.replay","correlationId":"console-replay:mgmo3p3ghkwjladw","nativeTimestampMs":11890148.321,"nativeDurationMs":40,"nativeOffsetMs":9.273420000448823,"nativeSequence":1,"monotonicTimestampMs":11890148.321}
10-11 15:27:46.638  2422  2607 I ReactNativeJS: [outputs] outputs.hapticSymbol {"timestamp":11890158.976973,"wallClock":1760210866637,"enabled":true,"symbol":".","durationMs":40,"platform":"android","source":"console.replay","correlationId":"console-replay:mgmo3p3ghkwjladw","timelineOffsetMs":9.273420000448823}
10-11 15:27:46.640  2422  2607 I ReactNativeJS: [outputs] outputs.flashPulse {"timestamp":11890160.584733,"wallClock":1760210866639,"enabled":true,"durationMs":40,"source":"console.replay","correlationId":"console-replay:mgmo3p3ghkwjladw","timelineOffsetMs":9.273420000448823}
10-11 15:27:46.667  2422  3926 D OutputsAudio: [outputs-audio] stop gain=1.000 release=6.00
10-11 15:27:46.708  2422  2607 I ReactNativeJS: [outputs] outputs.flashPulse.commit {"timestamp":11890228.838587,"wallClock":1760210866707,"durationMs":40,"source":"console.replay","correlationId":"console-replay:mgmo3p3ghkwjladw","latencyMs":71.23927099816501,"timelineOffsetMs":9.273420000448823,"leadMs":8}
10-11 15:27:46.708  2422  3926 D OutputsAudio: [outputs-audio] start hz=700.0 gain=1.000 attack=2.50 release=6.00
10-11 15:27:46.749  2422  3926 D OutputsAudio: [outputs-audio] stop gain=1.000 release=6.00
10-11 15:27:46.761  2422  2607 D OutputsAudio: [outputs-audio] symbol.info sequence=2 symbol=. timestamp=11890229.972 duration=40.000
10-11 15:27:46.762  2422  2607 I ReactNativeJS: [outputs] playMorse.symbol {"timestamp":11890282.897389,"wallClock":1760210866761,"symbol":".","durationMs":40,"index":1,"source":"console.replay","correlationId":"console-replay:mgmo3p6xyc5kgc38","nativeTimestampMs":11890229.972,"nativeDurationMs":40,"nativeOffsetMs":52.87143100053072,"nativeSequence":2,"monotonicTimestampMs":11890229.972}
10-11 15:27:46.762  2422  2607 I ReactNativeJS: [outputs] outputs.hapticSymbol {"timestamp":11890283.442025,"wallClock":1760210866762,"enabled":true,"symbol":".","durationMs":40,"platform":"android","source":"console.replay","correlationId":"console-replay:mgmo3p6xyc5kgc38","timelineOffsetMs":52.87143100053072}
10-11 15:27:46.763  2422  2607 I ReactNativeJS: [outputs] outputs.flashPulse {"timestamp":11890284.130879,"wallClock":1760210866763,"enabled":true,"durationMs":40,"source":"console.replay","correlationId":"console-replay:mgmo3p6xyc5kgc38","timelineOffsetMs":52.87143100053072}
10-11 15:27:46.790  2422  3926 D OutputsAudio: [outputs-audio] start hz=700.0 gain=1.000 attack=2.50 release=6.00
10-11 15:27:46.819  2422  2607 I ReactNativeJS: [outputs] outputs.flashPulse.commit {"timestamp":11890339.74442,"wallClock":1760210866818,"durationMs":40,"source":"console.replay","correlationId":"console-replay:mgmo3p6xyc5kgc38","latencyMs":56.896562000736594,"timelineOffsetMs":52.87143100053072,"leadMs":8}
10-11 15:27:46.831  2422  3926 D OutputsAudio: [outputs-audio] stop gain=1.000 release=6.00
10-11 15:27:46.865  2422  2607 D OutputsAudio: [outputs-audio] symbol.info sequence=3 symbol=. timestamp=11890312.150 duration=40.000
10-11 15:27:46.866  2422  2607 I ReactNativeJS: [outputs] playMorse.symbol {"timestamp":11890386.780879,"wallClock":1760210866865,"symbol":".","durationMs":40,"index":2,"source":"console.replay","correlationId":"console-replay:mgmo3p9tzl2c12qx","nativeTimestampMs":11890312.15,"nativeDurationMs":40,"nativeOffsetMs":74.58040999993682,"nativeSequence":3,"monotonicTimestampMs":11890312.15}
10-11 15:27:46.866  2422  2607 I ReactNativeJS: [outputs] outputs.hapticSymbol {"timestamp":11890387.300097,"wallClock":1760210866866,"enabled":true,"symbol":".","durationMs":40,"platform":"android","source":"console.replay","correlationId":"console-replay:mgmo3p9tzl2c12qx","timelineOffsetMs":74.58040999993682}
10-11 15:27:46.867  2422  2607 I ReactNativeJS: [outputs] outputs.flashPulse {"timestamp":11890387.900879,"wallClock":1760210866866,"enabled":true,"durationMs":40,"source":"console.replay","correlationId":"console-replay:mgmo3p9tzl2c12qx","timelineOffsetMs":74.58040999993682}
10-11 15:27:46.871  2422  3926 D OutputsAudio: [outputs-audio] start hz=700.0 gain=1.000 attack=2.50 release=6.00
10-11 15:27:46.928  2422  2607 I ReactNativeJS: [outputs] outputs.flashPulse.commit {"timestamp":11890449.684837,"wallClock":1760210866928,"durationMs":40,"source":"console.replay","correlationId":"console-replay:mgmo3p9tzl2c12qx","latencyMs":62.94906199909747,"timelineOffsetMs":74.58040999993682,"leadMs":8}
10-11 15:27:46.981  2422  2607 D OutputsAudio: [outputs-audio] symbol.info sequence=4 symbol=- timestamp=11890393.104 duration=120.000
10-11 15:27:46.982  2422  2607 I ReactNativeJS: [outputs] playMorse.symbol {"timestamp":11890502.938014,"wallClock":1760210866981,"symbol":"-","durationMs":120,"index":3,"source":"console.replay","correlationId":"console-replay:mgmo3pd181ltvjuq","nativeTimestampMs":11890393.104,"nativeDurationMs":120,"nativeOffsetMs":109.78693099878728,"nativeSequence":4,"monotonicTimestampMs":11890393.104}
10-11 15:27:46.982  2422  2607 I ReactNativeJS: [outputs] playMorse.nativeOffset.spike {"timestamp":11890503.425254,"wallClock":1760210866982,"source":"console.replay","offsetMs":109.78693099878728,"sequence":4,"unitMs":40,"correlationId":"console-replay:mgmo3pd181ltvjuq"}
10-11 15:27:46.982  2422  2607 I ReactNativeJS: [outputs] outputs.hapticSymbol {"timestamp":11890503.729941,"wallClock":1760210866982,"enabled":true,"symbol":"-","durationMs":120,"platform":"android","source":"console.replay","correlationId":"console-replay:mgmo3pd181ltvjuq","timelineOffsetMs":109.78693099878728}
10-11 15:27:46.983  2422  2607 I ReactNativeJS: [outputs] outputs.flashPulse {"timestamp":11890504.457702,"wallClock":1760210866983,"enabled":true,"durationMs":120,"source":"console.replay","correlationId":"console-replay:mgmo3pd181ltvjuq","timelineOffsetMs":109.78693099878728}
10-11 15:27:46.992  2422  3926 D OutputsAudio: [outputs-audio] stop gain=1.000 release=6.00
10-11 15:27:47.032  2422  3926 D OutputsAudio: [outputs-audio] start hz=700.0 gain=1.000 attack=2.50 release=6.00
10-11 15:27:47.048  2422  2607 I ReactNativeJS: [outputs] outputs.flashPulse.commit {"timestamp":11890569.275462,"wallClock":1760210867048,"durationMs":120,"source":"console.replay","correlationId":"console-replay:mgmo3pd181ltvjuq","latencyMs":66.37937500141561,"timelineOffsetMs":109.78693099878728,"leadMs":8}
10-11 15:27:47.094  2422  2607 D OutputsAudio: [outputs-audio] symbol.info sequence=5 symbol=- timestamp=11890553.681 duration=120.000
10-11 15:27:47.094  2422  2607 I ReactNativeJS: [outputs] playMorse.symbol {"timestamp":11890615.475879,"wallClock":1760210867094,"symbol":"-","durationMs":120,"index":4,"source":"console.replay","correlationId":"console-replay:mgmo3pg6moqhun5b","nativeTimestampMs":11890553.681,"nativeDurationMs":120,"nativeOffsetMs":61.74659699946642,"nativeSequence":5,"monotonicTimestampMs":11890553.681}
10-11 15:27:47.095  2422  2607 I ReactNativeJS: [outputs] outputs.hapticSymbol {"timestamp":11890615.962702,"wallClock":1760210867094,"enabled":true,"symbol":"-","durationMs":120,"platform":"android","source":"console.replay","correlationId":"console-replay:mgmo3pg6moqhun5b","timelineOffsetMs":61.74659699946642}
10-11 15:27:47.095  2422  2607 I ReactNativeJS: [outputs] outputs.flashPulse {"timestamp":11890616.741347,"wallClock":1760210867095,"enabled":true,"durationMs":120,"source":"console.replay","correlationId":"console-replay:mgmo3pg6moqhun5b","timelineOffsetMs":61.74659699946642}
10-11 15:27:47.152  2422  3926 D OutputsAudio: [outputs-audio] stop gain=1.000 release=6.00
10-11 15:27:47.162  2422  2607 I ReactNativeJS: [outputs] outputs.flashPulse.commit {"timestamp":11890682.946868,"wallClock":1760210867161,"durationMs":120,"source":"console.replay","correlationId":"console-replay:mgmo3pg6moqhun5b","latencyMs":67.51432299986482,"timelineOffsetMs":61.74659699946642,"leadMs":8}
10-11 15:27:47.193  2422  3926 D OutputsAudio: [outputs-audio] start hz=700.0 gain=1.000 attack=2.50 release=6.00
10-11 15:27:47.213  2422  2607 D OutputsAudio: [outputs-audio] symbol.info sequence=6 symbol=- timestamp=11890714.368 duration=120.000
10-11 15:27:47.213  2422  2607 I ReactNativeJS: [outputs] playMorse.symbol {"timestamp":11890734.377129,"wallClock":1760210867213,"symbol":"-","durationMs":120,"index":5,"source":"console.replay","correlationId":"console-replay:mgmo3pjhnxkq2cqo","nativeTimestampMs":11890714.368,"nativeDurationMs":120,"nativeOffsetMs":19.957148998975754,"nativeSequence":6,"monotonicTimestampMs":11890714.368}
10-11 15:27:47.214  2422  2607 I ReactNativeJS: [outputs] outputs.hapticSymbol {"timestamp":11890734.910774,"wallClock":1760210867213,"enabled":true,"symbol":"-","durationMs":120,"platform":"android","source":"console.replay","correlationId":"console-replay:mgmo3pjhnxkq2cqo","timelineOffsetMs":19.957148998975754}
10-11 15:27:47.214  2422  2607 I ReactNativeJS: [outputs] outputs.flashPulse {"timestamp":11890735.597181,"wallClock":1760210867214,"enabled":true,"durationMs":120,"source":"console.replay","correlationId":"console-replay:mgmo3pjhnxkq2cqo","timelineOffsetMs":19.957148998975754}
10-11 15:27:47.274  2422  2607 I ReactNativeJS: [outputs] outputs.flashPulse.commit {"timestamp":11890794.920149,"wallClock":1760210867273,"durationMs":120,"source":"console.replay","correlationId":"console-replay:mgmo3pjhnxkq2cqo","latencyMs":60.58953200094402,"timelineOffsetMs":19.957148998975754,"leadMs":8}
10-11 15:27:47.313  2422  3926 D OutputsAudio: [outputs-audio] stop gain=1.000 release=6.00
10-11 15:27:47.354  2422  3926 D OutputsAudio: [outputs-audio] start hz=700.0 gain=1.000 attack=2.50 release=6.00
10-11 15:27:47.371  2422  2607 D OutputsAudio: [outputs-audio] symbol.info sequence=7 symbol=. timestamp=11890875.879 duration=40.000
10-11 15:27:47.372  2422  2607 I ReactNativeJS: [outputs] playMorse.symbol {"timestamp":11890892.761451,"wallClock":1760210867371,"symbol":".","durationMs":40,"index":6,"source":"console.replay","correlationId":"console-replay:mgmo3pnv7sdlmhr1","nativeTimestampMs":11890875.879,"nativeDurationMs":40,"nativeOffsetMs":16.80677399970591,"nativeSequence":7,"monotonicTimestampMs":11890875.879}
10-11 15:27:47.372  2422  2607 I ReactNativeJS: [outputs] outputs.hapticSymbol {"timestamp":11890893.503014,"wallClock":1760210867372,"enabled":true,"symbol":".","durationMs":40,"platform":"android","source":"console.replay","correlationId":"console-replay:mgmo3pnv7sdlmhr1","timelineOffsetMs":16.80677399970591}
10-11 15:27:47.373  2422  2607 I ReactNativeJS: [outputs] outputs.flashPulse {"timestamp":11890894.499212,"wallClock":1760210867373,"enabled":true,"durationMs":40,"source":"console.replay","correlationId":"console-replay:mgmo3pnv7sdlmhr1","timelineOffsetMs":16.80677399970591}
10-11 15:27:47.395  2422  3926 D OutputsAudio: [outputs-audio] stop gain=1.000 release=6.00
10-11 15:27:47.435  2422  3926 D OutputsAudio: [outputs-audio] start hz=700.0 gain=1.000 attack=2.50 release=6.00
10-11 15:27:47.442  2422  2607 I ReactNativeJS: [outputs] outputs.flashPulse.commit {"timestamp":11890963.141087,"wallClock":1760210867442,"durationMs":40,"source":"console.replay","correlationId":"console-replay:mgmo3pnv7sdlmhr1","latencyMs":70.4495839998126,"timelineOffsetMs":16.80677399970591,"leadMs":8}
10-11 15:27:47.476  2422  3926 D OutputsAudio: [outputs-audio] stop gain=1.000 release=6.00
10-11 15:27:47.492  2422  2607 D OutputsAudio: [outputs-audio] symbol.info sequence=8 symbol=. timestamp=11890956.905 duration=40.000
10-11 15:27:47.493  2422  2607 I ReactNativeJS: [outputs] playMorse.symbol {"timestamp":11891014.070253,"wallClock":1760210867492,"symbol":".","durationMs":40,"index":7,"source":"console.replay","correlationId":"console-replay:mgmo3pr86bu2vtwi","nativeTimestampMs":11890956.905,"nativeDurationMs":40,"nativeOffsetMs":57.1090560015291,"nativeSequence":8,"monotonicTimestampMs":11890956.905}
10-11 15:27:47.493  2422  2607 I ReactNativeJS: [outputs] outputs.hapticSymbol {"timestamp":11891014.609681,"wallClock":1760210867493,"enabled":true,"symbol":".","durationMs":40,"platform":"android","source":"console.replay","correlationId":"console-replay:mgmo3pr86bu2vtwi","timelineOffsetMs":57.1090560015291}
10-11 15:27:47.494  2422  2607 I ReactNativeJS: [outputs] outputs.flashPulse {"timestamp":11891015.357285,"wallClock":1760210867494,"enabled":true,"durationMs":40,"source":"console.replay","correlationId":"console-replay:mgmo3pr86bu2vtwi","timelineOffsetMs":57.1090560015291}
10-11 15:27:47.517  2422  3926 D OutputsAudio: [outputs-audio] start hz=700.0 gain=1.000 attack=2.50 release=6.00
10-11 15:27:47.555  2422  2607 I ReactNativeJS: [outputs] outputs.flashPulse.commit {"timestamp":11891076.491087,"wallClock":1760210867555,"durationMs":40,"source":"console.replay","correlationId":"console-replay:mgmo3pr86bu2vtwi","latencyMs":62.47187499888241,"timelineOffsetMs":57.1090560015291,"leadMs":8}
10-11 15:27:47.557  2422  3926 D OutputsAudio: [outputs-audio] stop gain=1.000 release=6.00
10-11 15:27:47.598  2422  3926 D OutputsAudio: [outputs-audio] start hz=700.0 gain=1.000 attack=2.50 release=6.00
10-11 15:27:47.613  2422  2607 D OutputsAudio: [outputs-audio] symbol.info sequence=10 symbol=- timestamp=11891119.540 duration=120.000
10-11 15:27:47.617  2422  2607 W ReactNativeJS: '[outputs-audio] native sequence jump', { previous: 8, next: 10, delta: 2 }
10-11 15:27:47.620  2422  2607 I ReactNativeJS: [outputs] playMorse.symbol {"timestamp":11891141.318743,"wallClock":1760210867620,"symbol":".","durationMs":40,"index":8,"source":"console.replay","correlationId":"console-replay:mgmo3pussuul6hnv","nativeTimestampMs":11891119.54,"nativeDurationMs":120,"nativeOffsetMs":21.686972001567483,"nativeSequence":10,"monotonicTimestampMs":11891119.54}
10-11 15:27:47.621  2422  2607 I ReactNativeJS: [outputs] outputs.hapticSymbol {"timestamp":11891141.830201,"wallClock":1760210867620,"enabled":true,"symbol":".","durationMs":40,"platform":"android","source":"console.replay","correlationId":"console-replay:mgmo3pussuul6hnv","timelineOffsetMs":21.686972001567483}
10-11 15:27:47.621  2422  2607 I ReactNativeJS: [outputs] outputs.flashPulse {"timestamp":11891142.556608,"wallClock":1760210867621,"enabled":true,"durationMs":40,"source":"console.replay","correlationId":"console-replay:mgmo3pussuul6hnv","timelineOffsetMs":21.686972001567483}
10-11 15:27:47.706  2422  2607 I ReactNativeJS: [outputs] outputs.flashPulse.commit {"timestamp":11891227.026868,"wallClock":1760210867705,"durationMs":40,"source":"console.replay","correlationId":"console-replay:mgmo3pussuul6hnv","latencyMs":85.79484399966896,"timelineOffsetMs":21.686972001567483,"leadMs":8}
10-11 15:27:47.719  2422  3926 D OutputsAudio: [outputs-audio] stop gain=1.000 release=6.00
10-11 15:27:47.759  2422  3926 D OutputsAudio: [outputs-audio] start hz=700.0 gain=1.000 attack=2.50 release=6.00
10-11 15:27:47.763  2422  2607 D OutputsAudio: [outputs-audio] symbol.info sequence=11 symbol=- timestamp=11891280.983 duration=120.000
10-11 15:27:47.764  2422  2607 I ReactNativeJS: [outputs] playMorse.symbol {"timestamp":11891284.838795,"wallClock":1760210867763,"symbol":"-","durationMs":120,"index":9,"source":"console.replay","correlationId":"console-replay:mgmo3pyrbskg9oxf","nativeTimestampMs":11891280.983,"nativeDurationMs":120,"nativeOffsetMs":3.809076000005007,"nativeSequence":11,"monotonicTimestampMs":11891280.983}
10-11 15:27:47.764  2422  2607 I ReactNativeJS: [outputs] outputs.hapticSymbol {"timestamp":11891285.397597,"wallClock":1760210867764,"enabled":true,"symbol":"-","durationMs":120,"platform":"android","source":"console.replay","correlationId":"console-replay:mgmo3pyrbskg9oxf","timelineOffsetMs":3.809076000005007}
10-11 15:27:47.765  2422  2607 I ReactNativeJS: [outputs] outputs.flashPulse {"timestamp":11891286.117128,"wallClock":1760210867764,"enabled":true,"durationMs":120,"source":"console.replay","correlationId":"console-replay:mgmo3pyrbskg9oxf","timelineOffsetMs":3.809076000005007}
10-11 15:27:47.846  2422  2607 I ReactNativeJS: [outputs] outputs.flashPulse.commit {"timestamp":11891366.880045,"wallClock":1760210867845,"durationMs":120,"source":"console.replay","correlationId":"console-replay:mgmo3pyrbskg9oxf","latencyMs":82.08369800075889,"timelineOffsetMs":3.809076000005007,"leadMs":8}
10-11 15:27:47.880  2422  3926 D OutputsAudio: [outputs-audio] stop gain=1.000 release=6.00
10-11 15:27:47.921  2422  3926 D OutputsAudio: [outputs-audio] start hz=700.0 gain=1.000 attack=2.50 release=6.00
10-11 15:27:47.940  2422  2607 D OutputsAudio: [outputs-audio] symbol.info sequence=12 symbol=- timestamp=11891443.366 duration=120.000
10-11 15:27:47.941  2422  2607 I ReactNativeJS: [outputs] playMorse.symbol {"timestamp":11891461.981868,"wallClock":1760210867940,"symbol":"-","durationMs":120,"index":10,"source":"console.replay","correlationId":"console-replay:mgmo3q3o6hd5diz3","nativeTimestampMs":11891443.366,"nativeDurationMs":120,"nativeOffsetMs":18.535711999982595,"nativeSequence":12,"monotonicTimestampMs":11891443.366}
10-11 15:27:47.941  2422  2607 I ReactNativeJS: [outputs] outputs.hapticSymbol {"timestamp":11891462.727493,"wallClock":1760210867941,"enabled":true,"symbol":"-","durationMs":120,"platform":"android","source":"console.replay","correlationId":"console-replay:mgmo3q3o6hd5diz3","timelineOffsetMs":18.535711999982595}
