10-12 10:20:20.543 21246 21320 I ReactNativeJS: [outputs] outputs.flashPulse.commit {"timestamp":46595609.444358,"wallClock":1760278820542,"durationMs":80,"source":"console.replay","correlationId":"console-replay:mgnsk6klgtkenm4y","latencyMs":116.76324400305748,"timelineOffsetMs":-5.222641997039318,"leadMs":8,"scheduleSkewMs":59.38588599860668,"schedulingMode":"timeline","audioStartHeadroomMs":-87.20084799826145,"audioStartGuard":"headroom","audioStartCompensationMs":87.20084799826145}
10-12 10:20:20.597 21246 21320 D OutputsAudio: [outputs-audio] symbol.info sequence=4 symbol=- timestamp=46595663.885 duration=240.000 expected=46595630.847 skew=33.038 age=0.648
10-12 10:20:20.598 21246 21320 I ReactNativeJS: [outputs] playMorse.symbol {"timestamp":46595664.661233,"wallClock":1760278820598,"symbol":"-","durationMs":240,"index":3,"source":"console.replay","correlationId":"console-replay:z5ff4rfn","nativeTimestampMs":46595663.885,"nativeDurationMs":240,"nativeOffsetMs":0.726962998509407,"nativeSequence":4,"monotonicTimestampMs":46595663.885,"nativeExpectedTimestampMs":46595630.847,"nativeStartSkewMs":33.038,"nativeBatchElapsedMs":513.038,"nativeExpectedSincePriorMs":160,"nativeSincePriorMs":171.213,"nativePatternStartMs":46595150.847,"nativeAgeMs":0.648}
10-12 10:20:20.598 21246 21320 I ReactNativeJS: [outputs] playMorse.symbol {"timestamp":46595665.171494,"wallClock":1760278820598,"symbol":"-","durationMs":240,"index":3,"source":"console.replay","correlationId":"console-replay:mgnsk6piok6zp2m2","nativeTimestampMs":46595663.885,"nativeDurationMs":240,"nativeOffsetMs":0.726962998509407,"nativeSequence":4,"monotonicTimestampMs":46595663.885,"nativeExpectedTimestampMs":46595630.847,"nativeStartSkewMs":33.038,"nativeBatchElapsedMs":513.038,"nativeExpectedSincePriorMs":160,"nativeSincePriorMs":171.213,"nativePatternStartMs":46595150.847,"nativeAgeMs":0.648}
10-12 10:20:20.599 21246 21320 I ReactNativeJS: [outputs] outputs.hapticSymbol {"timestamp":46595665.517275,"wallClock":1760278820598,"enabled":true,"symbol":"-","durationMs":240,"platform":"android","source":"console.replay","correlationId":"console-replay:mgnsk6piok6zp2m2","timelineOffsetMs":null}
10-12 10:20:20.599 21246 21320 I ReactNativeJS: [outputs] outputs.flashPulse {"timestamp":46595666.023786,"wallClock":1760278820599,"enabled":true,"durationMs":240,"source":"console.replay","correlationId":"console-replay:mgnsk6piok6zp2m2","timelineOffsetMs":0.726962998509407,"schedulingMode":"timeline","audioStartHeadroomMs":-43.167930997908115,"audioStartGuard":"headroom","audioStartCompensationMs":43.167930997908115}
10-12 10:20:20.665 21246 21320 I ReactNativeJS: [outputs] outputs.flashPulse.commit {"timestamp":46595731.24014,"wallClock":1760278820664,"durationMs":240,"source":"console.replay","correlationId":"console-replay:mgnsk6piok6zp2m2","latencyMs":66.61911400407553,"timelineOffsetMs":0.726962998509407,"leadMs":8,"scheduleSkewMs":65.21458300203085,"schedulingMode":"timeline","audioStartHeadroomMs":-43.167930997908115,"audioStartGuard":"headroom","audioStartCompensationMs":43.167930997908115}
10-12 10:20:20.838 21246 21731 D OutputsAudio: [outputs-audio] stop gain=1.000 release=6.00
10-12 10:20:20.838 21246 21731 D OutputsAudio: [outputs-audio] playMorse.gap sequence=4 nextOffset=800.000 gapTarget=46595950.847
10-12 10:20:20.838 21246 21731 D OutputsAudio: [outputs-audio] playMorse.dispatch sequence=5 symbol=- offset=800.000 lead=90.000 dispatchAt=46595860.847
10-12 10:20:20.838 21246 21731 D OutputsAudio: [outputs-audio] start hz=650.0 gain=1.000 attack=2.50 release=6.00
10-12 10:20:20.838 21246 21731 D OutputsAudio: [outputs-audio] playMorse.symbol.start sequence=5 symbol=- expected=46595950.847 actual=46595995.127 skew=44.280 batchElapsed=844.280
10-12 10:20:20.931 21246 21320 D OutputsAudio: [outputs-audio] symbol.info sequence=5 symbol=- timestamp=46595995.127 duration=240.000 expected=46595950.847 skew=44.280 age=2.929
10-12 10:20:20.932 21246 21320 I ReactNativeJS: [outputs] playMorse.symbol {"timestamp":46595998.288837,"wallClock":1760278820931,"symbol":"-","durationMs":240,"index":4,"source":"console.replay","correlationId":"console-replay:45zf39r8","nativeTimestampMs":46595995.127,"nativeDurationMs":240,"nativeOffsetMs":3.0740250051021576,"nativeSequence":5,"monotonicTimestampMs":46595995.127,"nativeExpectedTimestampMs":46595950.847,"nativeStartSkewMs":44.28,"nativeBatchElapsedMs":844.28,"nativeExpectedSincePriorMs":320,"nativeSincePriorMs":331.242,"nativePatternStartMs":46595150.847,"nativeAgeMs":2.929}
10-12 10:20:20.933 21246 21320 I ReactNativeJS: [outputs] playMorse.symbol {"timestamp":46595999.29316,"wallClock":1760278820932,"symbol":"-","durationMs":240,"index":4,"source":"console.replay","correlationId":"console-replay:mgnsk6yswj32kra4","nativeTimestampMs":46595995.127,"nativeDurationMs":240,"nativeOffsetMs":3.0740250051021576,"nativeSequence":5,"monotonicTimestampMs":46595995.127,"nativeExpectedTimestampMs":46595950.847,"nativeStartSkewMs":44.28,"nativeBatchElapsedMs":844.28,"nativeExpectedSincePriorMs":320,"nativeSincePriorMs":331.242,"nativePatternStartMs":46595150.847,"nativeAgeMs":2.929}
10-12 10:20:20.934 21246 21320 I ReactNativeJS: [outputs] outputs.hapticSymbol {"timestamp":46596000.273733,"wallClock":1760278820933,"enabled":true,"symbol":"-","durationMs":240,"platform":"android","source":"console.replay","correlationId":"console-replay:mgnsk6yswj32kra4","timelineOffsetMs":null}
10-12 10:20:20.934 21246 21320 I ReactNativeJS: [outputs] outputs.flashPulse {"timestamp":46596001.15665,"wallClock":1760278820934,"enabled":true,"durationMs":240,"source":"console.replay","correlationId":"console-replay:mgnsk6yswj32kra4","timelineOffsetMs":3.0740250051021576,"schedulingMode":"timeline","audioStartHeadroomMs":-58.29355599731207,"audioStartGuard":"headroom","audioStartCompensationMs":58.29355599731207}
10-12 10:20:21.011 21246 21320 I ReactNativeJS: [outputs] outputs.flashPulse.commit {"timestamp":46596077.490452,"wallClock":1760278821010,"durationMs":240,"source":"console.replay","correlationId":"console-replay:mgnsk6yswj32kra4","latencyMs":79.28057299554348,"timelineOffsetMs":3.0740250051021576,"leadMs":8,"scheduleSkewMs":76.33833299577236,"schedulingMode":"timeline","audioStartHeadroomMs":-58.29355599731207,"audioStartGuard":"headroom","audioStartCompensationMs":58.29355599731207}
10-12 10:20:21.169 21246 21731 D OutputsAudio: [outputs-audio] stop gain=1.000 release=6.00
10-12 10:20:21.169 21246 21731 D OutputsAudio: [outputs-audio] playMorse.gap sequence=5 nextOffset=1120.000 gapTarget=46596270.847
10-12 10:20:21.169 21246 21731 D OutputsAudio: [outputs-audio] playMorse.dispatch sequence=6 symbol=- offset=1120.000 lead=90.000 dispatchAt=46596180.847
10-12 10:20:21.169 21246 21731 D OutputsAudio: [outputs-audio] start hz=650.0 gain=1.000 attack=2.50 release=6.00
10-12 10:20:21.169 21246 21731 D OutputsAudio: [outputs-audio] playMorse.symbol.start sequence=6 symbol=- expected=46596270.847 actual=46596326.287 skew=55.440 batchElapsed=1175.440
10-12 10:20:21.264 21246 21320 D OutputsAudio: [outputs-audio] symbol.info sequence=6 symbol=- timestamp=46596326.287 duration=240.000 expected=46596270.847 skew=55.440 age=5.236
10-12 10:20:21.266 21246 21320 I ReactNativeJS: [outputs] playMorse.symbol {"timestamp":46596331.802379,"wallClock":1760278821265,"symbol":"-","durationMs":240,"index":5,"source":"console.replay","correlationId":"console-replay:ecaxc7yl","nativeTimestampMs":46596326.287,"nativeDurationMs":240,"nativeOffsetMs":5.408192001283169,"nativeSequence":6,"monotonicTimestampMs":46596326.287,"nativeExpectedTimestampMs":46596270.847,"nativeStartSkewMs":55.44,"nativeBatchElapsedMs":1175.44,"nativeExpectedSincePriorMs":320,"nativeSincePriorMs":331.16,"nativePatternStartMs":46595150.847,"nativeAgeMs":5.236}
10-12 10:20:21.267 21246 21320 I ReactNativeJS: [outputs] playMorse.symbol {"timestamp":46596333.073577,"wallClock":1760278821266,"symbol":"-","durationMs":240,"index":5,"source":"console.replay","correlationId":"console-replay:mgnsk782hkmkzmij","nativeTimestampMs":46596326.287,"nativeDurationMs":240,"nativeOffsetMs":5.408192001283169,"nativeSequence":6,"monotonicTimestampMs":46596326.287,"nativeExpectedTimestampMs":46596270.847,"nativeStartSkewMs":55.44,"nativeBatchElapsedMs":1175.44,"nativeExpectedSincePriorMs":320,"nativeSincePriorMs":331.16,"nativePatternStartMs":46595150.847,"nativeAgeMs":5.236}
10-12 10:20:21.267 21246 21320 I ReactNativeJS: [outputs] outputs.hapticSymbol {"timestamp":46596333.730348,"wallClock":1760278821267,"enabled":true,"symbol":"-","durationMs":240,"platform":"android","source":"console.replay","correlationId":"console-replay:mgnsk782hkmkzmij","timelineOffsetMs":null}
10-12 10:20:21.268 21246 21320 I ReactNativeJS: [outputs] outputs.flashPulse {"timestamp":46596334.840869,"wallClock":1760278821268,"enabled":true,"durationMs":240,"source":"console.replay","correlationId":"console-replay:mgnsk782hkmkzmij","timelineOffsetMs":5.408192001283169,"schedulingMode":"timeline","audioStartHeadroomMs":-71.97204599529505,"audioStartGuard":"headroom","audioStartCompensationMs":71.97204599529505}
10-12 10:20:21.341 21246 21320 I ReactNativeJS: [outputs] outputs.flashPulse.commit {"timestamp":46596408.092431,"wallClock":1760278821341,"durationMs":240,"source":"console.replay","correlationId":"console-replay:mgnsk782hkmkzmij","latencyMs":76.38817699998617,"timelineOffsetMs":5.408192001283169,"leadMs":8,"scheduleSkewMs":73.26052100211382,"schedulingMode":"timeline","audioStartHeadroomMs":-71.97204599529505,"audioStartGuard":"headroom","audioStartCompensationMs":71.97204599529505}
10-12 10:20:21.500 21246 21731 D OutputsAudio: [outputs-audio] stop gain=1.000 release=6.00
10-12 10:20:21.500 21246 21731 D OutputsAudio: [outputs-audio] playMorse.gap sequence=6 nextOffset=1440.000 gapTarget=46596590.847
10-12 10:20:21.500 21246 21731 D OutputsAudio: [outputs-audio] playMorse.dispatch sequence=7 symbol=. offset=1440.000 lead=90.000 dispatchAt=46596500.847
10-12 10:20:21.500 21246 21731 D OutputsAudio: [outputs-audio] start hz=650.0 gain=1.000 attack=2.50 release=6.00
10-12 10:20:21.500 21246 21731 D OutputsAudio: [outputs-audio] playMorse.symbol.start sequence=7 symbol=. expected=46596590.847 actual=46596657.356 skew=66.509 batchElapsed=1506.509
10-12 10:20:21.588 21246 21320 D OutputsAudio: [outputs-audio] symbol.info sequence=7 symbol=. timestamp=46596657.356 duration=80.000 expected=46596590.847 skew=66.509 age=0.000
10-12 10:20:21.590 21246 21320 I ReactNativeJS: [outputs] playMorse.symbol {"timestamp":46596655.022691,"wallClock":1760278821588,"symbol":".","durationMs":80,"index":6,"source":"console.replay","correlationId":"console-replay:jcj3gymd","nativeTimestampMs":46596657.356,"nativeDurationMs":80,"nativeOffsetMs":-2.422266997396946,"nativeSequence":7,"monotonicTimestampMs":46596657.356,"nativeExpectedTimestampMs":46596590.847,"nativeStartSkewMs":66.509,"nativeBatchElapsedMs":1506.509,"nativeExpectedSincePriorMs":320,"nativeSincePriorMs":331.069,"nativePatternStartMs":46595150.847,"nativeAgeMs":0}
10-12 10:20:21.592 21246 21320 I ReactNativeJS: [outputs] playMorse.symbol {"timestamp":46596657.425608,"wallClock":1760278821590,"symbol":".","durationMs":80,"index":6,"source":"console.replay","correlationId":"console-replay:mgnsk7h2yepuz3sk","nativeTimestampMs":46596657.356,"nativeDurationMs":80,"nativeOffsetMs":-2.422266997396946,"nativeSequence":7,"monotonicTimestampMs":46596657.356,"nativeExpectedTimestampMs":46596590.847,"nativeStartSkewMs":66.509,"nativeBatchElapsedMs":1506.509,"nativeExpectedSincePriorMs":320,"nativeSincePriorMs":331.069,"nativePatternStartMs":46595150.847,"nativeAgeMs":0}
10-12 10:20:21.594 21246 21320 I ReactNativeJS: [outputs] outputs.hapticSymbol {"timestamp":46596659.529723,"wallClock":1760278821592,"enabled":true,"symbol":".","durationMs":80,"platform":"android","source":"console.replay","correlationId":"console-replay:mgnsk7h2yepuz3sk","timelineOffsetMs":null}
10-12 10:20:21.597 21246 21320 I ReactNativeJS: [outputs] outputs.flashPulse {"timestamp":46596663.097483,"wallClock":1760278821596,"enabled":true,"durationMs":80,"source":"console.replay","correlationId":"console-replay:mgnsk7h2yepuz3sk","timelineOffsetMs":-2.422266997396946,"schedulingMode":"timeline","audioStartHeadroomMs":-80.23053500056267,"audioStartGuard":"headroom","audioStartCompensationMs":80.23053500056267}
10-12 10:20:21.671 21246 21731 D OutputsAudio: [outputs-audio] stop gain=1.000 release=6.00
10-12 10:20:21.671 21246 21731 D OutputsAudio: [outputs-audio] playMorse.gap sequence=7 nextOffset=1600.000 gapTarget=46596750.847
10-12 10:20:21.671 21246 21731 D OutputsAudio: [outputs-audio] playMorse.dispatch sequence=8 symbol=. offset=1600.000 lead=90.000 dispatchAt=46596660.847
10-12 10:20:21.671 21246 21731 D OutputsAudio: [outputs-audio] start hz=650.0 gain=1.000 attack=2.50 release=6.00
10-12 10:20:21.671 21246 21731 D OutputsAudio: [outputs-audio] playMorse.symbol.start sequence=8 symbol=. expected=46596750.847 actual=46596828.143 skew=77.296 batchElapsed=1677.296
10-12 10:20:21.673 21246 21320 I ReactNativeJS: [outputs] outputs.flashPulse.commit {"timestamp":46596739.453577,"wallClock":1760278821672,"durationMs":80,"source":"console.replay","correlationId":"console-replay:mgnsk7h2yepuz3sk","latencyMs":82.08080600202084,"timelineOffsetMs":-2.422266997396946,"leadMs":8,"scheduleSkewMs":76.35588499903679,"schedulingMode":"timeline","audioStartHeadroomMs":-80.23053500056267,"audioStartGuard":"headroom","audioStartCompensationMs":80.23053500056267}
10-12 10:20:21.769 21246 21320 D OutputsAudio: [outputs-audio] symbol.info sequence=8 symbol=. timestamp=46596828.143 duration=80.000 expected=46596750.847 skew=77.296 age=8.200
10-12 10:20:21.770 21246 21320 I ReactNativeJS: [outputs] playMorse.symbol {"timestamp":46596836.566441,"wallClock":1760278821769,"symbol":".","durationMs":80,"index":7,"source":"console.replay","correlationId":"console-replay:q7s0mlsh","nativeTimestampMs":46596828.143,"nativeDurationMs":80,"nativeOffsetMs":8.338337004184723,"nativeSequence":8,"monotonicTimestampMs":46596828.143,"nativeExpectedTimestampMs":46596750.847,"nativeStartSkewMs":77.296,"nativeBatchElapsedMs":1677.296,"nativeExpectedSincePriorMs":160,"nativeSincePriorMs":170.787,"nativePatternStartMs":46595150.847,"nativeAgeMs":8.2}
10-12 10:20:21.771 21246 21320 I ReactNativeJS: [outputs] playMorse.symbol {"timestamp":46596837.484254,"wallClock":1760278821770,"symbol":".","durationMs":80,"index":7,"source":"console.replay","correlationId":"console-replay:mgnsk7m2bo8tesfr","nativeTimestampMs":46596828.143,"nativeDurationMs":80,"nativeOffsetMs":8.338337004184723,"nativeSequence":8,"monotonicTimestampMs":46596828.143,"nativeExpectedTimestampMs":46596750.847,"nativeStartSkewMs":77.296,"nativeBatchElapsedMs":1677.296,"nativeExpectedSincePriorMs":160,"nativeSincePriorMs":170.787,"nativePatternStartMs":46595150.847,"nativeAgeMs":8.2}
10-12 10:20:21.771 21246 21320 I ReactNativeJS: [outputs] outputs.hapticSymbol {"timestamp":46596838.04717,"wallClock":1760278821771,"enabled":true,"symbol":".","durationMs":80,"platform":"android","source":"console.replay","correlationId":"console-replay:mgnsk7m2bo8tesfr","timelineOffsetMs":null}
10-12 10:20:21.772 21246 21320 I ReactNativeJS: [outputs] outputs.flashPulse {"timestamp":46596838.876337,"wallClock":1760278821772,"enabled":true,"durationMs":80,"source":"console.replay","correlationId":"console-replay:mgnsk7m2bo8tesfr","timelineOffsetMs":8.338337004184723,"schedulingMode":"timeline","audioStartHeadroomMs":-96.01657699793577,"audioStartGuard":"headroom","audioStartCompensationMs":96.01657699793577}
10-12 10:20:21.840 21246 21320 I ReactNativeJS: [outputs] outputs.flashPulse.commit {"timestamp":46596907.13316,"wallClock":1760278821840,"durationMs":80,"source":"console.replay","correlationId":"console-replay:mgnsk7m2bo8tesfr","latencyMs":70.64255199581385,"timelineOffsetMs":8.338337004184723,"leadMs":8,"scheduleSkewMs":68.25812499970198,"schedulingMode":"timeline","audioStartHeadroomMs":-96.01657699793577,"audioStartGuard":"headroom","audioStartCompensationMs":96.01657699793577}
10-12 10:20:21.841 21246 21731 D OutputsAudio: [outputs-audio] stop gain=1.000 release=6.00
10-12 10:20:21.841 21246 21731 D OutputsAudio: [outputs-audio] playMorse.gap sequence=8 nextOffset=1760.000 gapTarget=46596910.847
10-12 10:20:21.841 21246 21731 D OutputsAudio: [outputs-audio] playMorse.dispatch sequence=9 symbol=. offset=1760.000 lead=90.000 dispatchAt=46596820.847
10-12 10:20:21.841 21246 21731 D OutputsAudio: [outputs-audio] start hz=650.0 gain=1.000 attack=2.50 release=6.00
10-12 10:20:21.841 21246 21731 D OutputsAudio: [outputs-audio] playMorse.symbol.start sequence=9 symbol=. expected=46596910.847 actual=46596998.216 skew=87.369 batchElapsed=1847.369
10-12 10:20:21.937 21246 21320 D OutputsAudio: [outputs-audio] symbol.info sequence=9 symbol=. timestamp=46596998.216 duration=80.000 expected=46596910.847 skew=87.369 age=5.753
10-12 10:20:21.938 21246 21320 I ReactNativeJS: [outputs] playMorse.symbol {"timestamp":46597004.219775,"wallClock":1760278821937,"symbol":".","durationMs":80,"index":8,"source":"console.replay","correlationId":"console-replay:10b0d8bw","nativeTimestampMs":46596998.216,"nativeDurationMs":80,"nativeOffsetMs":5.9137750044465065,"nativeSequence":9,"monotonicTimestampMs":46596998.216,"nativeExpectedTimestampMs":46596910.847,"nativeStartSkewMs":87.369,"nativeBatchElapsedMs":1847.369,"nativeExpectedSincePriorMs":160,"nativeSincePriorMs":170.073,"nativePatternStartMs":46595150.847,"nativeAgeMs":5.753}
10-12 10:20:21.938 21246 21320 I ReactNativeJS: [outputs] playMorse.symbol {"timestamp":46597005.089983,"wallClock":1760278821938,"symbol":".","durationMs":80,"index":8,"source":"console.replay","correlationId":"console-replay:mgnsk7qq71oh1000","nativeTimestampMs":46596998.216,"nativeDurationMs":80,"nativeOffsetMs":5.9137750044465065,"nativeSequence":9,"monotonicTimestampMs":46596998.216,"nativeExpectedTimestampMs":46596910.847,"nativeStartSkewMs":87.369,"nativeBatchElapsedMs":1847.369,"nativeExpectedSincePriorMs":160,"nativeSincePriorMs":170.073,"nativePatternStartMs":46595150.847,"nativeAgeMs":5.753}
10-12 10:20:21.939 21246 21320 I ReactNativeJS: [outputs] outputs.hapticSymbol {"timestamp":46597005.573681,"wallClock":1760278821938,"enabled":true,"symbol":".","durationMs":80,"platform":"android","source":"console.replay","correlationId":"console-replay:mgnsk7qq71oh1000","timelineOffsetMs":null}
10-12 10:20:21.940 21246 21320 I ReactNativeJS: [outputs] outputs.flashPulse {"timestamp":46597006.300087,"wallClock":1760278821939,"enabled":true,"durationMs":80,"source":"console.replay","correlationId":"console-replay:mgnsk7qq71oh1000","timelineOffsetMs":5.9137750044465065,"schedulingMode":"timeline","audioStartHeadroomMs":-103.44147199392319,"audioStartGuard":"headroom","audioStartCompensationMs":103.44147199392319}
10-12 10:20:22.008 21246 21320 I ReactNativeJS: [outputs] outputs.flashPulse.commit {"timestamp":46597074.330868,"wallClock":1760278822007,"durationMs":80,"source":"console.replay","correlationId":"console-replay:mgnsk7qq71oh1000","latencyMs":70.1907809972763,"timelineOffsetMs":5.9137750044465065,"leadMs":8,"scheduleSkewMs":68.0300000011921,"schedulingMode":"timeline","audioStartHeadroomMs":-103.44147199392319,"audioStartGuard":"headroom","audioStartCompensationMs":103.44147199392319}
10-12 10:20:22.012 21246 21731 D OutputsAudio: [outputs-audio] stop gain=1.000 release=6.00
10-12 10:20:22.012 21246 21731 D OutputsAudio: [outputs-audio] playMorse.gap sequence=9 nextOffset=1920.000 gapTarget=46597070.847
10-12 10:20:22.012 21246 21731 D OutputsAudio: [outputs-audio] playMorse.dispatch sequence=10 symbol=- offset=1920.000 lead=90.000 dispatchAt=46596980.847
10-12 10:20:22.012 21246 21731 D OutputsAudio: [outputs-audio] start hz=650.0 gain=1.000 attack=2.50 release=6.00
10-12 10:20:22.012 21246 21731 D OutputsAudio: [outputs-audio] playMorse.symbol.start sequence=10 symbol=- expected=46597070.847 actual=46597169.353 skew=98.506 batchElapsed=2018.506
10-12 10:20:22.108 21246 21320 D OutputsAudio: [outputs-audio] symbol.info sequence=10 symbol=- timestamp=46597169.353 duration=240.000 expected=46597070.847 skew=98.506 age=6.180
10-12 10:20:22.110 21246 21320 I ReactNativeJS: [outputs] playMorse.symbol {"timestamp":46597175.799045,"wallClock":1760278822109,"symbol":"-","durationMs":240,"index":9,"source":"console.replay","correlationId":"console-replay:xi19xn2y","nativeTimestampMs":46597169.353,"nativeDurationMs":240,"nativeOffsetMs":6.337086997926235,"nativeSequence":10,"monotonicTimestampMs":46597169.353,"nativeExpectedTimestampMs":46597070.847,"nativeStartSkewMs":98.506,"nativeBatchElapsedMs":2018.506,"nativeExpectedSincePriorMs":160,"nativeSincePriorMs":171.137,"nativePatternStartMs":46595150.847,"nativeAgeMs":6.18}
10-12 10:20:22.111 21246 21320 I ReactNativeJS: [outputs] playMorse.symbol {"timestamp":46597177.023212,"wallClock":1760278822110,"symbol":"-","durationMs":240,"index":9,"source":"console.replay","correlationId":"console-replay:mgnsk7vibinjctov","nativeTimestampMs":46597169.353,"nativeDurationMs":240,"nativeOffsetMs":6.337086997926235,"nativeSequence":10,"monotonicTimestampMs":46597169.353,"nativeExpectedTimestampMs":46597070.847,"nativeStartSkewMs":98.506,"nativeBatchElapsedMs":2018.506,"nativeExpectedSincePriorMs":160,"nativeSincePriorMs":171.137,"nativePatternStartMs":46595150.847,"nativeAgeMs":6.18}
10-12 10:20:22.111 21246 21320 I ReactNativeJS: [outputs] outputs.hapticSymbol {"timestamp":46597177.882691,"wallClock":1760278822111,"enabled":true,"symbol":"-","durationMs":240,"platform":"android","source":"console.replay","correlationId":"console-replay:mgnsk7vibinjctov","timelineOffsetMs":null}
10-12 10:20:22.113 21246 21320 I ReactNativeJS: [outputs] outputs.flashPulse {"timestamp":46597179.143368,"wallClock":1760278822112,"enabled":true,"durationMs":240,"source":"console.replay","correlationId":"console-replay:mgnsk7vibinjctov","timelineOffsetMs":6.337086997926235,"schedulingMode":"timeline","audioStartHeadroomMs":-116.27465000003576,"audioStartGuard":"headroom","audioStartCompensationMs":116.27465000003576}
10-12 10:20:22.196 21246 21320 I ReactNativeJS: [outputs] outputs.flashPulse.commit {"timestamp":46597262.898264,"wallClock":1760278822196,"durationMs":240,"source":"console.replay","correlationId":"console-replay:mgnsk7vibinjctov","latencyMs":87.1988539993763,"timelineOffsetMs":6.337086997926235,"leadMs":8,"scheduleSkewMs":83.76328099519014,"schedulingMode":"timeline","audioStartHeadroomMs":-116.27465000003576,"audioStartGuard":"headroom","audioStartCompensationMs":116.27465000003576}
10-12 10:20:22.343 21246 21731 D OutputsAudio: [outputs-audio] stop gain=1.000 release=6.00
10-12 10:20:22.343 21246 21731 D OutputsAudio: [outputs-audio] playMorse.gap sequence=10 nextOffset=2240.000 gapTarget=46597390.847
10-12 10:20:22.343 21246 21731 D OutputsAudio: [outputs-audio] playMorse.dispatch sequence=11 symbol=- offset=2240.000 lead=90.000 dispatchAt=46597300.847
10-12 10:20:22.344 21246 21731 D OutputsAudio: [outputs-audio] start hz=650.0 gain=1.000 attack=2.50 release=6.00
10-12 10:20:22.344 21246 21731 D OutputsAudio: [outputs-audio] playMorse.symbol.start sequence=11 symbol=- expected=46597390.847 actual=46597500.931 skew=110.084 batchElapsed=2350.084
10-12 10:20:22.433 21246 21320 D OutputsAudio: [outputs-audio] symbol.info sequence=11 symbol=- timestamp=46597500.931 duration=240.000 expected=46597390.847 skew=110.084 age=0.000
10-12 10:20:22.435 21246 21320 I ReactNativeJS: [outputs] playMorse.symbol {"timestamp":46597500.516701,"wallClock":1760278822433,"symbol":"-","durationMs":240,"index":10,"source":"console.replay","correlationId":"console-replay:0g047e70","nativeTimestampMs":46597500.931,"nativeDurationMs":240,"nativeOffsetMs":-0.5308610051870346,"nativeSequence":11,"monotonicTimestampMs":46597500.931,"nativeExpectedTimestampMs":46597390.847,"nativeStartSkewMs":110.084,"nativeBatchElapsedMs":2350.084,"nativeExpectedSincePriorMs":320,"nativeSincePriorMs":331.578,"nativePatternStartMs":46595150.847,"nativeAgeMs":0}
10-12 10:20:22.435 21246 21320 I ReactNativeJS: [outputs] playMorse.symbol {"timestamp":46597501.778368,"wallClock":1760278822435,"symbol":"-","durationMs":240,"index":10,"source":"console.replay","correlationId":"console-replay:mgnsk84jdv0wf9ze","nativeTimestampMs":46597500.931,"nativeDurationMs":240,"nativeOffsetMs":-0.5308610051870346,"nativeSequence":11,"monotonicTimestampMs":46597500.931,"nativeExpectedTimestampMs":46597390.847,"nativeStartSkewMs":110.084,"nativeBatchElapsedMs":2350.084,"nativeExpectedSincePriorMs":320,"nativeSincePriorMs":331.578,"nativePatternStartMs":46595150.847,"nativeAgeMs":0}
10-12 10:20:22.438 21246 21320 I ReactNativeJS: [outputs] outputs.hapticSymbol {"timestamp":46597502.458524,"wallClock":1760278822435,"enabled":true,"symbol":"-","durationMs":240,"platform":"android","source":"console.replay","correlationId":"console-replay:mgnsk84jdv0wf9ze","timelineOffsetMs":null}
10-12 10:20:22.443 21246 21320 I ReactNativeJS: [outputs] outputs.flashPulse {"timestamp":46597508.547691,"wallClock":1760278822441,"enabled":true,"durationMs":240,"source":"console.replay","correlationId":"console-replay:mgnsk84jdv0wf9ze","timelineOffsetMs":-0.5308610051870346,"schedulingMode":"timeline","audioStartHeadroomMs":-125.68204499781132,"audioStartGuard":"headroom","audioStartCompensationMs":125.68204499781132}
10-12 10:20:22.513 21246 21320 I ReactNativeJS: [outputs] outputs.flashPulse.commit {"timestamp":46597579.396233,"wallClock":1760278822512,"durationMs":240,"source":"console.replay","correlationId":"console-replay:mgnsk84jdv0wf9ze","latencyMs":78.45486799627542,"timelineOffsetMs":-0.5308610051870346,"leadMs":8,"scheduleSkewMs":70.85369800031185,"schedulingMode":"timeline","audioStartHeadroomMs":-125.68204499781132,"audioStartGuard":"headroom","audioStartCompensationMs":125.68204499781132}
10-12 10:20:22.675 21246 21731 D OutputsAudio: [outputs-audio] stop gain=1.000 release=6.00
10-12 10:20:22.676 21246 21731 D OutputsAudio: [outputs-audio] playMorse.gap sequence=11 nextOffset=2560.000 gapTarget=46597710.847
10-12 10:20:22.676 21246 21731 D OutputsAudio: [outputs-audio] playMorse.dispatch sequence=12 symbol=- offset=2560.000 lead=90.000 dispatchAt=46597620.847
10-12 10:20:22.676 21246 21731 D OutputsAudio: [outputs-audio] start hz=650.0 gain=1.000 attack=2.50 release=6.00
10-12 10:20:22.676 21246 21731 D OutputsAudio: [outputs-audio] playMorse.symbol.start sequence=12 symbol=- expected=46597710.847 actual=46597833.407 skew=122.560 batchElapsed=2682.560
10-12 10:20:22.765 21246 21320 D OutputsAudio: [outputs-audio] symbol.info sequence=12 symbol=- timestamp=46597833.407 duration=240.000 expected=46597710.847 skew=122.560 age=0.000
10-12 10:20:22.766 21246 21320 I ReactNativeJS: [outputs] playMorse.symbol {"timestamp":46597832.322431,"wallClock":1760278822765,"symbol":"-","durationMs":240,"index":11,"source":"console.replay","correlationId":"console-replay:6sd4a1a3","nativeTimestampMs":46597833.407,"nativeDurationMs":240,"nativeOffsetMs":-1.1788920015096664,"nativeSequence":12,"monotonicTimestampMs":46597833.407,"nativeExpectedTimestampMs":46597710.847,"nativeStartSkewMs":122.56,"nativeBatchElapsedMs":2682.56,"nativeExpectedSincePriorMs":320,"nativeSincePriorMs":332.477,"nativePatternStartMs":46595150.847,"nativeAgeMs":0}
10-12 10:20:22.767 21246 21320 I ReactNativeJS: [outputs] playMorse.symbol {"timestamp":46597833.320972,"wallClock":1760278822766,"symbol":"-","durationMs":240,"index":11,"source":"console.replay","correlationId":"console-replay:mgnsk8dq50nkkhb6","nativeTimestampMs":46597833.407,"nativeDurationMs":240,"nativeOffsetMs":-1.1788920015096664,"nativeSequence":12,"monotonicTimestampMs":46597833.407,"nativeExpectedTimestampMs":46597710.847,"nativeStartSkewMs":122.56,"nativeBatchElapsedMs":2682.56,"nativeExpectedSincePriorMs":320,"nativeSincePriorMs":332.477,"nativePatternStartMs":46595150.847,"nativeAgeMs":0}
10-12 10:20:22.767 21246 21320 I ReactNativeJS: [outputs] outputs.hapticSymbol {"timestamp":46597833.901337,"wallClock":1760278822767,"enabled":true,"symbol":"-","durationMs":240,"platform":"android","source":"console.replay","correlationId":"console-replay:mgnsk8dq50nkkhb6","timelineOffsetMs":null}
10-12 10:20:22.768 21246 21320 I ReactNativeJS: [outputs] outputs.flashPulse {"timestamp":46597834.79467,"wallClock":1760278822768,"enabled":true,"durationMs":240,"source":"console.replay","correlationId":"console-replay:mgnsk8dq50nkkhb6","timelineOffsetMs":-1.1788920015096664,"schedulingMode":"timeline","audioStartHeadroomMs":-131.93027399480343,"audioStartGuard":"headroom","audioStartCompensationMs":131.93027399480343}
10-12 10:20:22.854 21246 21320 I ReactNativeJS: [outputs] outputs.flashPulse.commit {"timestamp":46597920.569097,"wallClock":1760278822853,"durationMs":240,"source":"console.replay","correlationId":"console-replay:mgnsk8dq50nkkhb6","latencyMs":87.15292999893427,"timelineOffsetMs":-1.1788920015096664,"leadMs":8,"scheduleSkewMs":85.7795309945941,"schedulingMode":"timeline","audioStartHeadroomMs":-131.93027399480343,"audioStartGuard":"headroom","audioStartCompensationMs":131.93027399480343}
10-12 10:20:23.007 21246 21731 D OutputsAudio: [outputs-audio] stop gain=1.000 release=6.00
10-12 10:20:23.008 21246 21731 D OutputsAudio: [outputs-audio] playMorse.gap sequence=12 nextOffset=2880.000 gapTarget=46598030.847
10-12 10:20:23.008 21246 21731 D OutputsAudio: [outputs-audio] playMorse.dispatch sequence=13 symbol=. offset=2880.000 lead=90.000 dispatchAt=46597940.847
10-12 10:20:23.008 21246 21731 D OutputsAudio: [outputs-audio] start hz=650.0 gain=1.000 attack=2.50 release=6.00
10-12 10:20:23.008 21246 21731 D OutputsAudio: [outputs-audio] playMorse.symbol.start sequence=13 symbol=. expected=46598030.847 actual=46598165.289 skew=134.442 batchElapsed=3014.442
10-12 10:20:23.099 21246 21320 D OutputsAudio: [outputs-audio] symbol.info sequence=13 symbol=. timestamp=46598165.289 duration=80.000 expected=46598030.847 skew=134.442 age=0.398
10-12 10:20:23.100 21246 21320 I ReactNativeJS: [outputs] playMorse.symbol {"timestamp":46598165.962222,"wallClock":1760278823099,"symbol":".","durationMs":80,"index":12,"source":"console.replay","correlationId":"console-replay:kbjy0fli","nativeTimestampMs":46598165.289,"nativeDurationMs":80,"nativeOffsetMs":0.5697850063443184,"nativeSequence":13,"monotonicTimestampMs":46598165.289,"nativeExpectedTimestampMs":46598030.847,"nativeStartSkewMs":134.442,"nativeBatchElapsedMs":3014.442,"nativeExpectedSincePriorMs":320,"nativeSincePriorMs":331.882,"nativePatternStartMs":46595150.847,"nativeAgeMs":0.398}
10-12 10:20:23.101 21246 21320 I ReactNativeJS: [outputs] playMorse.symbol {"timestamp":46598167.171076,"wallClock":1760278823100,"symbol":".","durationMs":80,"index":12,"source":"console.replay","correlationId":"console-replay:mgnsk8n0sn5jyws5","nativeTimestampMs":46598165.289,"nativeDurationMs":80,"nativeOffsetMs":0.5697850063443184,"nativeSequence":13,"monotonicTimestampMs":46598165.289,"nativeExpectedTimestampMs":46598030.847,"nativeStartSkewMs":134.442,"nativeBatchElapsedMs":3014.442,"nativeExpectedSincePriorMs":320,"nativeSincePriorMs":331.882,"nativePatternStartMs":46595150.847,"nativeAgeMs":0.398}
10-12 10:20:23.101 21246 21320 I ReactNativeJS: [outputs] outputs.hapticSymbol {"timestamp":46598167.913264,"wallClock":1760278823101,"enabled":true,"symbol":".","durationMs":80,"platform":"android","source":"console.replay","correlationId":"console-replay:mgnsk8n0sn5jyws5","timelineOffsetMs":null}
10-12 10:20:23.102 21246 21320 I ReactNativeJS: [outputs] outputs.flashPulse {"timestamp":46598169.019253,"wallClock":1760278823102,"enabled":true,"durationMs":80,"source":"console.replay","correlationId":"console-replay:mgnsk8n0sn5jyws5","timelineOffsetMs":0.5697850063443184,"schedulingMode":"timeline","audioStartHeadroomMs":-146.1526179984212,"audioStartGuard":"headroom","audioStartCompensationMs":146.1526179984212}
10-12 10:20:23.177 21246 21320 I ReactNativeJS: [outputs] outputs.flashPulse.commit {"timestamp":46598243.999774,"wallClock":1760278823177,"durationMs":80,"source":"console.replay","correlationId":"console-replay:mgnsk8n0sn5jyws5","latencyMs":78.13213499635458,"timelineOffsetMs":0.5697850063443184,"leadMs":8,"scheduleSkewMs":74.98775999993086,"schedulingMode":"timeline","audioStartHeadroomMs":-146.1526179984212,"audioStartGuard":"headroom","audioStartCompensationMs":146.1526179984212}
10-12 10:20:23.178 21246 21731 D OutputsAudio: [outputs-audio] stop gain=1.000 release=6.00
10-12 10:20:23.178 21246 21731 D OutputsAudio: [outputs-audio] playMorse.gap sequence=13 nextOffset=3040.000 gapTarget=46598190.847
10-12 10:20:23.178 21246 21731 D OutputsAudio: [outputs-audio] playMorse.dispatch sequence=14 symbol=. offset=3040.000 lead=90.000 dispatchAt=46598100.847
10-12 10:20:23.178 21246 21731 D OutputsAudio: [outputs-audio] start hz=650.0 gain=1.000 attack=2.50 release=6.00
10-12 10:20:23.178 21246 21731 D OutputsAudio: [outputs-audio] playMorse.symbol.start sequence=14 symbol=. expected=46598190.847 actual=46598335.406 skew=144.560 batchElapsed=3184.560
10-12 10:20:23.267 21246 21320 D OutputsAudio: [outputs-audio] symbol.info sequence=14 symbol=. timestamp=46598335.406 duration=80.000 expected=46598190.847 skew=144.560 age=0.000
10-12 10:20:23.268 21246 21320 I ReactNativeJS: [outputs] playMorse.symbol {"timestamp":46598334.621545,"wallClock":1760278823268,"symbol":".","durationMs":80,"index":13,"source":"console.replay","correlationId":"console-replay:lvlsqrmq","nativeTimestampMs":46598335.406,"nativeDurationMs":80,"nativeOffsetMs":-0.8479450047016144,"nativeSequence":14,"monotonicTimestampMs":46598335.406,"nativeExpectedTimestampMs":46598190.847,"nativeStartSkewMs":144.56,"nativeBatchElapsedMs":3184.56,"nativeExpectedSincePriorMs":160,"nativeSincePriorMs":170.117,"nativePatternStartMs":46595150.847,"nativeAgeMs":0}
10-12 10:20:23.268 21246 21320 I ReactNativeJS: [outputs] playMorse.symbol {"timestamp":46598335.282951,"wallClock":1760278823268,"symbol":".","durationMs":80,"index":13,"source":"console.replay","correlationId":"console-replay:mgnsk8roynpw3urd","nativeTimestampMs":46598335.406,"nativeDurationMs":80,"nativeOffsetMs":-0.8479450047016144,"nativeSequence":14,"monotonicTimestampMs":46598335.406,"nativeExpectedTimestampMs":46598190.847,"nativeStartSkewMs":144.56,"nativeBatchElapsedMs":3184.56,"nativeExpectedSincePriorMs":160,"nativeSincePriorMs":170.117,"nativePatternStartMs":46595150.847,"nativeAgeMs":0}
10-12 10:20:23.269 21246 21320 I ReactNativeJS: [outputs] outputs.hapticSymbol {"timestamp":46598335.60493,"wallClock":1760278823269,"enabled":true,"symbol":".","durationMs":80,"platform":"android","source":"console.replay","correlationId":"console-replay:mgnsk8roynpw3urd","timelineOffsetMs":null}
10-12 10:20:23.272 21246 21320 I ReactNativeJS: [outputs] outputs.flashPulse {"timestamp":46598336.140191,"wallClock":1760278823269,"enabled":true,"durationMs":80,"source":"console.replay","correlationId":"console-replay:mgnsk8roynpw3urd","timelineOffsetMs":-0.8479450047016144,"schedulingMode":"timeline","audioStartHeadroomMs":-153.28329499810934,"audioStartGuard":"headroom","audioStartCompensationMs":153.28329499810934}
10-12 10:20:23.328 21246 21320 I ReactNativeJS: [outputs] outputs.flashPulse.commit {"timestamp":46598394.50368,"wallClock":1760278823327,"durationMs":80,"source":"console.replay","correlationId":"console-replay:mgnsk8roynpw3urd","latencyMs":59.08872199803591,"timelineOffsetMs":-0.8479450047016144,"leadMs":8,"scheduleSkewMs":58.36260399967432,"schedulingMode":"timeline","audioStartHeadroomMs":-153.28329499810934,"audioStartGuard":"headroom","audioStartCompensationMs":153.28329499810934}
10-12 10:20:23.349 21246 21731 D OutputsAudio: [outputs-audio] stop gain=1.000 release=6.00
10-12 10:20:23.349 21246 21731 D OutputsAudio: [outputs-audio] playMorse.gap sequence=14 nextOffset=3200.000 gapTarget=46598350.847
10-12 10:20:23.349 21246 21731 D OutputsAudio: [outputs-audio] playMorse.dispatch sequence=15 symbol=. offset=3200.000 lead=90.000 dispatchAt=46598260.847
10-12 10:20:23.349 21246 21731 D OutputsAudio: [outputs-audio] start hz=650.0 gain=1.000 attack=2.50 release=6.00
10-12 10:20:23.349 21246 21731 D OutputsAudio: [outputs-audio] playMorse.symbol.start sequence=15 symbol=. expected=46598350.847 actual=46598506.266 skew=155.419 batchElapsed=3355.419
10-12 10:20:23.439 21246 21320 D OutputsAudio: [outputs-audio] symbol.info sequence=15 symbol=. timestamp=46598506.266 duration=80.000 expected=46598350.847 skew=155.419 age=0.000
10-12 10:20:23.444 21246 21320 I ReactNativeJS: [outputs] playMorse.symbol {"timestamp":46598506.32717,"wallClock":1760278823439,"symbol":".","durationMs":80,"index":14,"source":"console.replay","correlationId":"console-replay:zro65bx5","nativeTimestampMs":46598506.266,"nativeDurationMs":80,"nativeOffsetMs":-0.031174004077911377,"nativeSequence":15,"monotonicTimestampMs":46598506.266,"nativeExpectedTimestampMs":46598350.847,"nativeStartSkewMs":155.419,"nativeBatchElapsedMs":3355.419,"nativeExpectedSincePriorMs":160,"nativeSincePriorMs":170.86,"nativePatternStartMs":46595150.847,"nativeAgeMs":0}
10-12 10:20:23.445 21246 21320 I ReactNativeJS: [outputs] playMorse.symbol {"timestamp":46598510.936805,"wallClock":1760278823444,"symbol":".","durationMs":80,"index":14,"source":"console.replay","correlationId":"console-replay:mgnsk8wkcbx0rfhi","nativeTimestampMs":46598506.266,"nativeDurationMs":80,"nativeOffsetMs":-0.031174004077911377,"nativeSequence":15,"monotonicTimestampMs":46598506.266,"nativeExpectedTimestampMs":46598350.847,"nativeStartSkewMs":155.419,"nativeBatchElapsedMs":3355.419,"nativeExpectedSincePriorMs":160,"nativeSincePriorMs":170.86,"nativePatternStartMs":46595150.847,"nativeAgeMs":0}
10-12 10:20:23.446 21246 21320 I ReactNativeJS: [outputs] outputs.hapticSymbol {"timestamp":46598512.46842,"wallClock":1760278823445,"enabled":true,"symbol":".","durationMs":80,"platform":"android","source":"console.replay","correlationId":"console-replay:mgnsk8wkcbx0rfhi","timelineOffsetMs":null}
10-12 10:20:23.449 21246 21320 I ReactNativeJS: [outputs] outputs.flashPulse {"timestamp":46598515.690087,"wallClock":1760278823449,"enabled":true,"durationMs":80,"source":"console.replay","correlationId":"console-replay:mgnsk8wkcbx0rfhi","timelineOffsetMs":-0.031174004077911377,"schedulingMode":"timeline","audioStartHeadroomMs":-172.8277219980955,"audioStartGuard":"headroom","audioStartCompensationMs":160}
10-12 10:20:23.511 21246 21320 I ReactNativeJS: [outputs] outputs.flashPulse.commit {"timestamp":46598577.243993,"wallClock":1760278823510,"durationMs":80,"source":"console.replay","correlationId":"console-replay:mgnsk8wkcbx0rfhi","latencyMs":70.96846099942923,"timelineOffsetMs":-0.031174004077911377,"leadMs":8,"scheduleSkewMs":61.55697900056839,"schedulingMode":"timeline","audioStartHeadroomMs":-172.8277219980955,"audioStartGuard":"headroom","audioStartCompensationMs":160}
10-12 10:20:23.519 21246 21731 D OutputsAudio: [outputs-audio] stop gain=1.000 release=6.00
10-12 10:20:23.520 21246 21731 D OutputsAudio: [outputs-audio] playMorse.gap sequence=15 nextOffset=3360.000 gapTarget=46598510.847
10-12 10:20:23.520 21246 21731 D OutputsAudio: [outputs-audio] playMorse.dispatch sequence=16 symbol=- offset=3360.000 lead=90.000 dispatchAt=46598420.847
10-12 10:20:23.520 21246 21731 D OutputsAudio: [outputs-audio] start hz=650.0 gain=1.000 attack=2.50 release=6.00
10-12 10:20:23.520 21246 21731 D OutputsAudio: [outputs-audio] playMorse.symbol.start sequence=16 symbol=- expected=46598510.847 actual=46598677.142 skew=166.295 batchElapsed=3526.295
10-12 10:20:23.607 21246 21320 D OutputsAudio: [outputs-audio] symbol.info sequence=16 symbol=- timestamp=46598677.142 duration=240.000 expected=46598510.847 skew=166.295 age=0.000
10-12 10:20:23.608 21246 21320 I ReactNativeJS: [outputs] playMorse.symbol {"timestamp":46598674.413941,"wallClock":1760278823607,"symbol":"-","durationMs":240,"index":15,"source":"console.replay","correlationId":"console-replay:c6phx1v0","nativeTimestampMs":46598677.142,"nativeDurationMs":240,"nativeOffsetMs":-2.805090993642807,"nativeSequence":16,"monotonicTimestampMs":46598677.142,"nativeExpectedTimestampMs":46598510.847,"nativeStartSkewMs":166.295,"nativeBatchElapsedMs":3526.295,"nativeExpectedSincePriorMs":160,"nativeSincePriorMs":170.876,"nativePatternStartMs":46595150.847,"nativeAgeMs":0}
10-12 10:20:23.609 21246 21320 I ReactNativeJS: [outputs] playMorse.symbol {"timestamp":46598675.206597,"wallClock":1760278823608,"symbol":"-","durationMs":240,"index":15,"source":"console.replay","correlationId":"console-replay:mgnsk914xuzu2i5i","nativeTimestampMs":46598677.142,"nativeDurationMs":240,"nativeOffsetMs":-2.805090993642807,"nativeSequence":16,"monotonicTimestampMs":46598677.142,"nativeExpectedTimestampMs":46598510.847,"nativeStartSkewMs":166.295,"nativeBatchElapsedMs":3526.295,"nativeExpectedSincePriorMs":160,"nativeSincePriorMs":170.876,"nativePatternStartMs":46595150.847,"nativeAgeMs":0}
10-12 10:20:23.686 21246 21320 I ReactNativeJS: [outputs] outputs.hapticSymbol {"timestamp":46598753.130763,"wallClock":1760278823686,"enabled":true,"symbol":"-","durationMs":240,"platform":"android","source":"console.replay","correlationId":"console-replay:mgnsk914xuzu2i5i","timelineOffsetMs":null}
10-12 10:20:23.687 21246 21320 I ReactNativeJS: [outputs] outputs.flashPulse {"timestamp":46598753.832743,"wallClock":1760278823687,"enabled":true,"durationMs":240,"source":"console.replay","correlationId":"console-replay:mgnsk914xuzu2i5i","timelineOffsetMs":-2.805090993642807,"schedulingMode":"timeline","audioStartHeadroomMs":-250.97631599754095,"audioStartGuard":"headroom","audioStartCompensationMs":160}
10-12 10:20:23.742 21246 21320 I ReactNativeJS: [outputs] outputs.flashPulse.commit {"timestamp":46598808.671441,"wallClock":1760278823742,"durationMs":240,"source":"console.replay","correlationId":"console-replay:mgnsk914xuzu2i5i","latencyMs":131.52089900523424,"timelineOffsetMs":-2.805090993642807,"leadMs":8,"scheduleSkewMs":54.83791700005531,"schedulingMode":"timeline","audioStartHeadroomMs":-250.97631599754095,"audioStartGuard":"headroom","audioStartCompensationMs":160}
10-12 10:20:23.851 21246 21731 D OutputsAudio: [outputs-audio] stop gain=1.000 release=6.00
10-12 10:20:23.851 21246 21731 D OutputsAudio: [outputs-audio] playMorse.gap sequence=16 nextOffset=3680.000 gapTarget=46598830.847
10-12 10:20:23.852 21246 21731 D OutputsAudio: [outputs-audio] playMorse.dispatch sequence=17 symbol=- offset=3680.000 lead=90.000 dispatchAt=46598740.847
10-12 10:20:23.852 21246 21731 D OutputsAudio: [outputs-audio] start hz=650.0 gain=1.000 attack=2.50 release=6.00
10-12 10:20:23.852 21246 21731 D OutputsAudio: [outputs-audio] playMorse.symbol.start sequence=17 symbol=- expected=46598830.847 actual=46599008.823 skew=177.976 batchElapsed=3857.976
10-12 10:20:23.942 21246 21320 D OutputsAudio: [outputs-audio] symbol.info sequence=17 symbol=- timestamp=46599008.823 duration=240.000 expected=46598830.847 skew=177.976 age=0.000
10-12 10:20:23.946 21246 21320 I ReactNativeJS: [outputs] playMorse.symbol {"timestamp":46599008.88269,"wallClock":1760278823942,"symbol":"-","durationMs":240,"index":16,"source":"console.replay","correlationId":"console-replay:kkym39m2","nativeTimestampMs":46599008.823,"nativeDurationMs":240,"nativeOffsetMs":-0.07390300184488297,"nativeSequence":17,"monotonicTimestampMs":46599008.823,"nativeExpectedTimestampMs":46598830.847,"nativeStartSkewMs":177.976,"nativeBatchElapsedMs":3857.976,"nativeExpectedSincePriorMs":320,"nativeSincePriorMs":331.682,"nativePatternStartMs":46595150.847,"nativeAgeMs":0}
10-12 10:20:23.948 21246 21320 I ReactNativeJS: [outputs] playMorse.symbol {"timestamp":46599013.22842,"wallClock":1760278823946,"symbol":"-","durationMs":240,"index":16,"source":"console.replay","correlationId":"console-replay:mgnsk9aiskh9vfqq","nativeTimestampMs":46599008.823,"nativeDurationMs":240,"nativeOffsetMs":-0.07390300184488297,"nativeSequence":17,"monotonicTimestampMs":46599008.823,"nativeExpectedTimestampMs":46598830.847,"nativeStartSkewMs":177.976,"nativeBatchElapsedMs":3857.976,"nativeExpectedSincePriorMs":320,"nativeSincePriorMs":331.682,"nativePatternStartMs":46595150.847,"nativeAgeMs":0}
10-12 10:20:23.949 21246 21320 I ReactNativeJS: [outputs] outputs.hapticSymbol {"timestamp":46599014.762482,"wallClock":1760278823948,"enabled":true,"symbol":"-","durationMs":240,"platform":"android","source":"console.replay","correlationId":"console-replay:mgnsk9aiskh9vfqq","timelineOffsetMs":null}
10-12 10:20:23.950 21246 21320 I ReactNativeJS: [outputs] outputs.flashPulse {"timestamp":46599016.716076,"wallClock":1760278823950,"enabled":true,"durationMs":240,"source":"console.replay","correlationId":"console-replay:mgnsk9aiskh9vfqq","timelineOffsetMs":-0.07390300184488297,"schedulingMode":"timeline","audioStartHeadroomMs":-193.85053399950266,"audioStartGuard":"headroom","audioStartCompensationMs":160}
10-12 10:20:24.012 21246 21320 I ReactNativeJS: [outputs] outputs.flashPulse.commit {"timestamp":46599078.518836,"wallClock":1760278824011,"durationMs":240,"source":"console.replay","correlationId":"console-replay:mgnsk9aiskh9vfqq","latencyMs":69.686981998384,"timelineOffsetMs":-0.07390300184488297,"leadMs":8,"scheduleSkewMs":61.80911399424076,"schedulingMode":"timeline","audioStartHeadroomMs":-193.85053399950266,"audioStartGuard":"headroom","audioStartCompensationMs":160}
10-12 10:20:24.182 21246 21731 D OutputsAudio: [outputs-audio] stop gain=1.000 release=6.00
10-12 10:20:24.182 21246 21731 D OutputsAudio: [outputs-audio] playMorse.gap sequence=17 nextOffset=4000.000 gapTarget=46599150.847
10-12 10:20:24.182 21246 21731 D OutputsAudio: [outputs-audio] playMorse.dispatch sequence=18 symbol=- offset=4000.000 lead=90.000 dispatchAt=46599060.847
10-12 10:20:24.182 21246 21731 D OutputsAudio: [outputs-audio] start hz=650.0 gain=1.000 attack=2.50 release=6.00
10-12 10:20:24.182 21246 21731 D OutputsAudio: [outputs-audio] playMorse.symbol.start sequence=18 symbol=- expected=46599150.847 actual=46599339.565 skew=188.718 batchElapsed=4188.718
10-12 10:20:24.283 21246 21320 D OutputsAudio: [outputs-audio] symbol.info sequence=18 symbol=- timestamp=46599339.565 duration=240.000 expected=46599150.847 skew=188.718 age=10.431
10-12 10:20:24.284 21246 21320 I ReactNativeJS: [outputs] playMorse.symbol {"timestamp":46599350.219201,"wallClock":1760278824283,"symbol":"-","durationMs":240,"index":17,"source":"console.replay","correlationId":"console-replay:nqr2s8lu","nativeTimestampMs":46599339.565,"nativeDurationMs":240,"nativeOffsetMs":10.579357005655766,"nativeSequence":18,"monotonicTimestampMs":46599339.565,"nativeExpectedTimestampMs":46599150.847,"nativeStartSkewMs":188.718,"nativeBatchElapsedMs":4188.718,"nativeExpectedSincePriorMs":320,"nativeSincePriorMs":330.742,"nativePatternStartMs":46595150.847,"nativeAgeMs":10.431}
10-12 10:20:24.285 21246 21320 I ReactNativeJS: [outputs] playMorse.symbol {"timestamp":46599351.140242,"wallClock":1760278824284,"symbol":"-","durationMs":240,"index":17,"source":"console.replay","correlationId":"console-replay:mgnsk9jwglid85fo","nativeTimestampMs":46599339.565,"nativeDurationMs":240,"nativeOffsetMs":10.579357005655766,"nativeSequence":18,"monotonicTimestampMs":46599339.565,"nativeExpectedTimestampMs":46599150.847,"nativeStartSkewMs":188.718,"nativeBatchElapsedMs":4188.718,"nativeExpectedSincePriorMs":320,"nativeSincePriorMs":330.742,"nativePatternStartMs":46595150.847,"nativeAgeMs":10.431}
10-12 10:20:24.285 21246 21320 I ReactNativeJS: [outputs] outputs.hapticSymbol {"timestamp":46599351.827065,"wallClock":1760278824285,"enabled":true,"symbol":"-","durationMs":240,"platform":"android","source":"console.replay","correlationId":"console-replay:mgnsk9jwglid85fo","timelineOffsetMs":null}
10-12 10:20:24.286 21246 21320 I ReactNativeJS: [outputs] outputs.flashPulse {"timestamp":46599352.781284,"wallClock":1760278824286,"enabled":true,"durationMs":240,"source":"console.replay","correlationId":"console-replay:mgnsk9jwglid85fo","timelineOffsetMs":10.579357005655766,"schedulingMode":"timeline","audioStartHeadroomMs":-209.91954499483109,"audioStartGuard":"headroom","audioStartCompensationMs":160}
10-12 10:20:24.348 21246 21320 I ReactNativeJS: [outputs] outputs.flashPulse.commit {"timestamp":46599415.076492,"wallClock":1760278824348,"durationMs":240,"source":"console.replay","correlationId":"console-replay:mgnsk9jwglid85fo","latencyMs":64.9216669946909,"timelineOffsetMs":10.579357005655766,"leadMs":8,"scheduleSkewMs":62.296875,"schedulingMode":"timeline","audioStartHeadroomMs":-209.91954499483109,"audioStartGuard":"headroom","audioStartCompensationMs":160}
10-12 10:20:24.513 21246 21731 D OutputsAudio: [outputs-audio] stop gain=1.000 release=6.00
10-12 10:20:24.513 21246 21731 D OutputsAudio: [outputs-audio] playMorse.gap sequence=18 nextOffset=4320.000 gapTarget=46599470.847
10-12 10:20:24.513 21246 21731 D OutputsAudio: [outputs-audio] playMorse.dispatch sequence=19 symbol=. offset=4320.000 lead=90.000 dispatchAt=46599380.847
10-12 10:20:24.514 21246 21731 D OutputsAudio: [outputs-audio] start hz=650.0 gain=1.000 attack=2.50 release=6.00
10-12 10:20:24.514 21246 21731 D OutputsAudio: [outputs-audio] playMorse.symbol.start sequence=19 symbol=. expected=46599470.847 actual=46599670.630 skew=199.783 batchElapsed=4519.783
10-12 10:20:24.602 21246 21320 D OutputsAudio: [outputs-audio] symbol.info sequence=19 symbol=. timestamp=46599670.630 duration=80.000 expected=46599470.847 skew=199.783 age=0.000
