10-11 17:58:33.875 15336 15524 I ReactNativeJS: [outputs] outputs.hapticSymbol {"timestamp":20900053.759473,"wallClock":1760219913875,"enabled":true,"symbol":"-","durationMs":120,"platform":"android","source":"console.replay","correlationId":"console-replay:mgmthlzm4iuxf5q6","timelineOffsetMs":82.05524400249124}
10-11 17:58:33.876 15336 15524 I ReactNativeJS: [outputs] outputs.flashPulse {"timestamp":20900054.355879,"wallClock":1760219913875,"enabled":true,"durationMs":120,"source":"console.replay","correlationId":"console-replay:mgmthlzm4iuxf5q6","timelineOffsetMs":82.05524400249124,"schedulingMode":"timeline","audioStartHeadroomMs":-111.75903599709272,"audioStartGuard":"headroom","audioStartCompensationMs":40}
10-11 17:58:33.913 15336 15990 D OutputsAudio: [outputs-audio] stop gain=1.000 release=6.00
10-11 17:58:33.937 15336 15524 I ReactNativeJS: [outputs] outputs.flashPulse.commit {"timestamp":20900115.60364,"wallClock":1760219913937,"durationMs":120,"source":"console.replay","correlationId":"console-replay:mgmthlzm4iuxf5q6","latencyMs":62.68255199864507,"timelineOffsetMs":82.05524400249124,"leadMs":8,"scheduleSkewMs":61.24640600010753,"schedulingMode":"timeline","audioStartHeadroomMs":-111.75903599709272,"audioStartGuard":"headroom","audioStartCompensationMs":40}
10-11 17:58:33.953 15336 15990 D OutputsAudio: [outputs-audio] start hz=700.0 gain=1.000 attack=2.50 release=6.00
10-11 17:58:33.953 15336 15990 D OutputsAudio: [outputs-audio] playMorse.symbol.start sequence=17 symbol=- expected=20900110.587 actual=20900132.481 skew=21.894 batchElapsed=1861.894
10-11 17:58:33.981 15336 15524 D OutputsAudio: [outputs-audio] symbol.info sequence=17 symbol=- timestamp=20900132.481 duration=120.000 expected=20900110.587 skew=21.894 age=27.075
10-11 17:58:33.981 15336 15524 I ReactNativeJS: [outputs] playMorse.symbol {"timestamp":20900159.686244,"wallClock":1760219913981,"symbol":"-","durationMs":120,"index":16,"source":"console.replay","correlationId":"console-replay:mgmthm2lem08kbwm","nativeTimestampMs":20900132.481,"nativeDurationMs":120,"nativeOffsetMs":27.156650003045797,"nativeSequence":17,"monotonicTimestampMs":20900132.481,"nativeExpectedTimestampMs":20900110.587,"nativeStartSkewMs":21.894,"nativeBatchElapsedMs":1861.894,"nativeExpectedSincePriorMs":160,"nativeSincePriorMs":161.625,"nativePatternStartMs":20898270.587,"nativeAgeMs":27.075}
10-11 17:58:33.981 15336 15524 I ReactNativeJS: [outputs] outputs.hapticSymbol {"timestamp":20900160.216192,"wallClock":1760219913981,"enabled":true,"symbol":"-","durationMs":120,"platform":"android","source":"console.replay","correlationId":"console-replay:mgmthm2lem08kbwm","timelineOffsetMs":27.156650003045797}
10-11 17:58:33.982 15336 15524 I ReactNativeJS: [outputs] outputs.flashPulse {"timestamp":20900160.909785,"wallClock":1760219913982,"enabled":true,"durationMs":120,"source":"console.replay","correlationId":"console-replay:mgmthm2lem08kbwm","timelineOffsetMs":27.156650003045797,"schedulingMode":"timeline","audioStartHeadroomMs":-58.313306000083685,"audioStartGuard":"headroom","audioStartCompensationMs":40}
10-11 17:58:34.049 15336 15524 I ReactNativeJS: [outputs] outputs.flashPulse.commit {"timestamp":20900227.994004,"wallClock":1760219914049,"durationMs":120,"source":"console.replay","correlationId":"console-replay:mgmthm2lem08kbwm","latencyMs":68.34650999680161,"timelineOffsetMs":27.156650003045797,"leadMs":8,"scheduleSkewMs":67.08234299719334,"schedulingMode":"timeline","audioStartHeadroomMs":-58.313306000083685,"audioStartGuard":"headroom","audioStartCompensationMs":40}
10-11 17:58:34.074 15336 15990 D OutputsAudio: [outputs-audio] stop gain=1.000 release=6.00
10-11 17:58:34.115 15336 15990 D OutputsAudio: [outputs-audio] start hz=700.0 gain=1.000 attack=2.50 release=6.00
10-11 17:58:34.115 15336 15990 D OutputsAudio: [outputs-audio] playMorse.symbol.start sequence=18 symbol=- expected=20900270.587 actual=20900294.407 skew=23.820 batchElapsed=2023.820
10-11 17:58:34.137 15336 15524 D OutputsAudio: [outputs-audio] symbol.info sequence=18 symbol=- timestamp=20900294.407 duration=120.000 expected=20900270.587 skew=23.820 age=21.528
10-11 17:58:34.138 15336 15524 I ReactNativeJS: [outputs] playMorse.symbol {"timestamp":20900316.174004,"wallClock":1760219914137,"symbol":"-","durationMs":120,"index":17,"source":"console.replay","correlationId":"console-replay:mgmthm6xe9i1c3bq","nativeTimestampMs":20900294.407,"nativeDurationMs":120,"nativeOffsetMs":21.68648299947381,"nativeSequence":18,"monotonicTimestampMs":20900294.407,"nativeExpectedTimestampMs":20900270.587,"nativeStartSkewMs":23.82,"nativeBatchElapsedMs":2023.82,"nativeExpectedSincePriorMs":160,"nativeSincePriorMs":161.926,"nativePatternStartMs":20898270.587,"nativeAgeMs":21.528}
10-11 17:58:34.138 15336 15524 I ReactNativeJS: [outputs] outputs.hapticSymbol {"timestamp":20900317.050775,"wallClock":1760219914138,"enabled":true,"symbol":"-","durationMs":120,"platform":"android","source":"console.replay","correlationId":"console-replay:mgmthm6xe9i1c3bq","timelineOffsetMs":21.68648299947381}
10-11 17:58:34.139 15336 15524 I ReactNativeJS: [outputs] outputs.flashPulse {"timestamp":20900317.945046,"wallClock":1760219914139,"enabled":true,"durationMs":120,"source":"console.replay","correlationId":"console-replay:mgmthm6xe9i1c3bq","timelineOffsetMs":21.68648299947381,"schedulingMode":"timeline","audioStartHeadroomMs":-55.342680998146534,"audioStartGuard":"headroom","audioStartCompensationMs":40}
10-11 17:58:34.198 15336 15524 I ReactNativeJS: [outputs] outputs.flashPulse.commit {"timestamp":20900376.981504,"wallClock":1760219914198,"durationMs":120,"source":"console.replay","correlationId":"console-replay:mgmthm6xe9i1c3bq","latencyMs":60.878853999078274,"timelineOffsetMs":21.68648299947381,"leadMs":8,"scheduleSkewMs":59.04036400094628,"schedulingMode":"timeline","audioStartHeadroomMs":-55.342680998146534,"audioStartGuard":"headroom","audioStartCompensationMs":40}
10-11 17:58:34.236 15336 15990 D OutputsAudio: [outputs-audio] stop gain=1.000 release=6.00
10-11 17:58:34.276 15336 15990 D OutputsAudio: [outputs-audio] start hz=700.0 gain=1.000 attack=2.50 release=6.00
10-11 17:58:34.276 15336 15990 D OutputsAudio: [outputs-audio] playMorse.symbol.start sequence=19 symbol=. expected=20900430.587 actual=20900455.223 skew=24.636 batchElapsed=2184.636
10-11 17:58:34.296 15336 15524 D OutputsAudio: [outputs-audio] symbol.info sequence=19 symbol=. timestamp=20900455.223 duration=40.000 expected=20900430.587 skew=24.636 age=19.977
10-11 17:58:34.298 15336 15524 I ReactNativeJS: [outputs] playMorse.symbol {"timestamp":20900475.479108,"wallClock":1760219914296,"symbol":".","durationMs":40,"index":18,"source":"console.replay","correlationId":"console-replay:mgmthmbcwp1tmk2i","nativeTimestampMs":20900455.223,"nativeDurationMs":40,"nativeOffsetMs":20.151732999831438,"nativeSequence":19,"monotonicTimestampMs":20900455.223,"nativeExpectedTimestampMs":20900430.587,"nativeStartSkewMs":24.636,"nativeBatchElapsedMs":2184.636,"nativeExpectedSincePriorMs":160,"nativeSincePriorMs":160.816,"nativePatternStartMs":20898270.587,"nativeAgeMs":19.977}
10-11 17:58:34.299 15336 15524 I ReactNativeJS: [outputs] outputs.hapticSymbol {"timestamp":20900477.130931,"wallClock":1760219914298,"enabled":true,"symbol":".","durationMs":40,"platform":"android","source":"console.replay","correlationId":"console-replay:mgmthmbcwp1tmk2i","timelineOffsetMs":20.151732999831438}
10-11 17:58:34.301 15336 15524 I ReactNativeJS: [outputs] outputs.flashPulse {"timestamp":20900479.144056,"wallClock":1760219914300,"enabled":true,"durationMs":40,"source":"console.replay","correlationId":"console-replay:mgmthmbcwp1tmk2i","timelineOffsetMs":20.151732999831438,"schedulingMode":"timeline","audioStartHeadroomMs":-56.52669199928641,"audioStartGuard":"headroom","audioStartCompensationMs":40}
10-11 17:58:34.316 15336 15990 D OutputsAudio: [outputs-audio] stop gain=1.000 release=6.00
10-11 17:58:34.357 15336 15990 D OutputsAudio: [outputs-audio] start hz=700.0 gain=1.000 attack=2.50 release=6.00
10-11 17:58:34.357 15336 15990 D OutputsAudio: [outputs-audio] playMorse.symbol.start sequence=20 symbol=. expected=20900510.587 actual=20900535.856 skew=25.269 batchElapsed=2265.269
10-11 17:58:34.366 15336 15524 I ReactNativeJS: [outputs] outputs.flashPulse.commit {"timestamp":20900545.139369,"wallClock":1760219914366,"durationMs":40,"source":"console.replay","correlationId":"console-replay:mgmthmbcwp1tmk2i","latencyMs":69.75572899729013,"timelineOffsetMs":20.151732999831438,"leadMs":8,"scheduleSkewMs":66.01208299770951,"schedulingMode":"timeline","audioStartHeadroomMs":-56.52669199928641,"audioStartGuard":"headroom","audioStartCompensationMs":40}
10-11 17:58:34.398 15336 15990 D OutputsAudio: [outputs-audio] stop gain=1.000 release=6.00
10-11 17:58:34.414 15336 15524 D OutputsAudio: [outputs-audio] symbol.info sequence=20 symbol=. timestamp=20900535.856 duration=40.000 expected=20900510.587 skew=25.269 age=57.425
10-11 17:58:34.415 15336 15524 I ReactNativeJS: [outputs] playMorse.symbol {"timestamp":20900593.419264,"wallClock":1760219914414,"symbol":".","durationMs":40,"index":19,"source":"console.replay","correlationId":"console-replay:mgmthmemyf9i8u1k","nativeTimestampMs":20900535.856,"nativeDurationMs":40,"nativeOffsetMs":57.51373299956322,"nativeSequence":20,"monotonicTimestampMs":20900535.856,"nativeExpectedTimestampMs":20900510.587,"nativeStartSkewMs":25.269,"nativeBatchElapsedMs":2265.269,"nativeExpectedSincePriorMs":80,"nativeSincePriorMs":80.633,"nativePatternStartMs":20898270.587,"nativeAgeMs":57.425}
10-11 17:58:34.415 15336 15524 I ReactNativeJS: [outputs] outputs.hapticSymbol {"timestamp":20900593.918119,"wallClock":1760219914415,"enabled":true,"symbol":".","durationMs":40,"platform":"android","source":"console.replay","correlationId":"console-replay:mgmthmemyf9i8u1k","timelineOffsetMs":57.51373299956322}
10-11 17:58:34.416 15336 15524 I ReactNativeJS: [outputs] outputs.flashPulse {"timestamp":20900594.572806,"wallClock":1760219914415,"enabled":true,"durationMs":40,"source":"console.replay","correlationId":"console-replay:mgmthmemyf9i8u1k","timelineOffsetMs":57.51373299956322,"schedulingMode":"timeline","audioStartHeadroomMs":-91.97611900046468,"audioStartGuard":"headroom","audioStartCompensationMs":40}
10-11 17:58:34.439 15336 15990 D OutputsAudio: [outputs-audio] start hz=700.0 gain=1.000 attack=2.50 release=6.00
10-11 17:58:34.439 15336 15990 D OutputsAudio: [outputs-audio] playMorse.symbol.start sequence=21 symbol=. expected=20900590.587 actual=20900617.649 skew=27.062 batchElapsed=2347.062
10-11 17:58:34.475 15336 15524 I ReactNativeJS: [outputs] outputs.flashPulse.commit {"timestamp":20900653.967962,"wallClock":1760219914475,"durationMs":40,"source":"console.replay","correlationId":"console-replay:mgmthmemyf9i8u1k","latencyMs":60.58859400078654,"timelineOffsetMs":57.51373299956322,"leadMs":8,"scheduleSkewMs":59.39359400048852,"schedulingMode":"timeline","audioStartHeadroomMs":-91.97611900046468,"audioStartGuard":"headroom","audioStartCompensationMs":40}
10-11 17:58:34.479 15336 15990 D OutputsAudio: [outputs-audio] stop gain=1.000 release=6.00
10-11 17:58:34.519 15336 15990 D OutputsAudio: [outputs-audio] start hz=700.0 gain=1.000 attack=2.50 release=6.00
10-11 17:58:34.519 15336 15990 D OutputsAudio: [outputs-audio] playMorse.symbol.start sequence=22 symbol=- expected=20900670.587 actual=20900698.367 skew=27.779 batchElapsed=2427.779
10-11 17:58:34.520 15336 15524 D OutputsAudio: [outputs-audio] symbol.info sequence=22 symbol=- timestamp=20900698.367 duration=120.000 expected=20900670.587 skew=27.779 age=0.194
10-11 17:58:34.523 15336 15524 W ReactNativeJS: '[outputs-audio] native sequence jump', { previous: 20, next: 22, delta: 2 }
10-11 17:58:34.526 15336 15524 I ReactNativeJS: [outputs] playMorse.symbol {"timestamp":20900704.537962,"wallClock":1760219914525,"symbol":".","durationMs":40,"index":20,"source":"console.replay","correlationId":"console-replay:mgmthmhpc8kp6k3e","nativeTimestampMs":20900698.367,"nativeDurationMs":120,"nativeOffsetMs":6.094817001372576,"nativeSequence":22,"monotonicTimestampMs":20900698.367,"nativeExpectedTimestampMs":20900670.587,"nativeStartSkewMs":27.779,"nativeBatchElapsedMs":2427.779,"nativeExpectedSincePriorMs":80,"nativeSincePriorMs":80.718,"nativePatternStartMs":20898270.587,"nativeAgeMs":0.194}
10-11 17:58:34.526 15336 15524 I ReactNativeJS: [outputs] outputs.hapticSymbol {"timestamp":20900704.97765,"wallClock":1760219914526,"enabled":true,"symbol":".","durationMs":40,"platform":"android","source":"console.replay","correlationId":"console-replay:mgmthmhpc8kp6k3e","timelineOffsetMs":6.094817001372576}
10-11 17:58:34.527 15336 15524 I ReactNativeJS: [outputs] outputs.flashPulse {"timestamp":20900705.629369,"wallClock":1760219914527,"enabled":true,"durationMs":40,"source":"console.replay","correlationId":"console-replay:mgmthmhpc8kp6k3e","timelineOffsetMs":6.094817001372576,"schedulingMode":"timeline","audioStartHeadroomMs":-43.032732997089624,"audioStartGuard":"headroom","audioStartCompensationMs":40}
10-11 17:58:34.606 15336 15524 I ReactNativeJS: [outputs] outputs.flashPulse.commit {"timestamp":20900784.908119,"wallClock":1760219914606,"durationMs":40,"source":"console.replay","correlationId":"console-replay:mgmthmhpc8kp6k3e","latencyMs":80.4384890012443,"timelineOffsetMs":6.094817001372576,"leadMs":8,"scheduleSkewMs":79.27890600264072,"schedulingMode":"timeline","audioStartHeadroomMs":-43.032732997089624,"audioStartGuard":"headroom","audioStartCompensationMs":40}
10-11 17:58:34.640 15336 15990 D OutputsAudio: [outputs-audio] stop gain=1.000 release=6.00
10-11 17:58:34.680 15336 15990 D OutputsAudio: [outputs-audio] start hz=700.0 gain=1.000 attack=2.50 release=6.00
10-11 17:58:34.680 15336 15990 D OutputsAudio: [outputs-audio] playMorse.symbol.start sequence=23 symbol=- expected=20900830.587 actual=20900859.362 skew=28.775 batchElapsed=2588.775
10-11 17:58:34.693 15336 15524 D OutputsAudio: [outputs-audio] symbol.info sequence=23 symbol=- timestamp=20900859.362 duration=120.000 expected=20900830.587 skew=28.775 age=13.057
10-11 17:58:34.694 15336 15524 I ReactNativeJS: [outputs] playMorse.symbol {"timestamp":20900872.5789,"wallClock":1760219914693,"symbol":"-","durationMs":120,"index":21,"source":"console.replay","correlationId":"console-replay:mgmthmmd77dtu92i","nativeTimestampMs":20900859.362,"nativeDurationMs":120,"nativeOffsetMs":13.150285001844168,"nativeSequence":23,"monotonicTimestampMs":20900859.362,"nativeExpectedTimestampMs":20900830.587,"nativeStartSkewMs":28.775,"nativeBatchElapsedMs":2588.775,"nativeExpectedSincePriorMs":160,"nativeSincePriorMs":160.995,"nativePatternStartMs":20898270.587,"nativeAgeMs":13.057}
10-11 17:58:34.694 15336 15524 I ReactNativeJS: [outputs] outputs.hapticSymbol {"timestamp":20900873.17916,"wallClock":1760219914694,"enabled":true,"symbol":"-","durationMs":120,"platform":"android","source":"console.replay","correlationId":"console-replay:mgmthmmd77dtu92i","timelineOffsetMs":13.150285001844168}
10-11 17:58:34.695 15336 15524 I ReactNativeJS: [outputs] outputs.flashPulse {"timestamp":20900873.842754,"wallClock":1760219914695,"enabled":true,"durationMs":120,"source":"console.replay","correlationId":"console-replay:mgmthmmd77dtu92i","timelineOffsetMs":13.150285001844168,"schedulingMode":"timeline","audioStartHeadroomMs":-51.24439999833703,"audioStartGuard":"headroom","audioStartCompensationMs":40}
10-11 17:58:34.749 15336 15524 I ReactNativeJS: [outputs] outputs.flashPulse.commit {"timestamp":20900927.67265,"wallClock":1760219914749,"durationMs":120,"source":"console.replay","correlationId":"console-replay:mgmthmmd77dtu92i","latencyMs":55.15083399787545,"timelineOffsetMs":13.150285001844168,"leadMs":8,"scheduleSkewMs":53.82973999902606,"schedulingMode":"timeline","audioStartHeadroomMs":-51.24439999833703,"audioStartGuard":"headroom","audioStartCompensationMs":40}
10-11 17:58:34.801 15336 15990 D OutputsAudio: [outputs-audio] stop gain=1.000 release=6.00
10-11 17:58:34.842 15336 15990 D OutputsAudio: [outputs-audio] start hz=700.0 gain=1.000 attack=2.50 release=6.00
10-11 17:58:34.842 15336 15990 D OutputsAudio: [outputs-audio] playMorse.symbol.start sequence=24 symbol=- expected=20900990.587 actual=20901021.272 skew=30.685 batchElapsed=2750.685
10-11 17:58:34.851 15336 15524 D OutputsAudio: [outputs-audio] symbol.info sequence=24 symbol=- timestamp=20901021.272 duration=120.000 expected=20900990.587 skew=30.685 age=8.318
10-11 17:58:34.852 15336 15524 I ReactNativeJS: [outputs] playMorse.symbol {"timestamp":20901029.836712,"wallClock":1760219914851,"symbol":"-","durationMs":120,"index":22,"source":"console.replay","correlationId":"console-replay:mgmthmqrkert8n2b","nativeTimestampMs":20901021.272,"nativeDurationMs":120,"nativeOffsetMs":8.451274998486042,"nativeSequence":24,"monotonicTimestampMs":20901021.272,"nativeExpectedTimestampMs":20900990.587,"nativeStartSkewMs":30.685,"nativeBatchElapsedMs":2750.685,"nativeExpectedSincePriorMs":160,"nativeSincePriorMs":161.91,"nativePatternStartMs":20898270.587,"nativeAgeMs":8.318}
10-11 17:58:34.852 15336 15524 I ReactNativeJS: [outputs] outputs.hapticSymbol {"timestamp":20901030.755931,"wallClock":1760219914852,"enabled":true,"symbol":"-","durationMs":120,"platform":"android","source":"console.replay","correlationId":"console-replay:mgmthmqrkert8n2b","timelineOffsetMs":8.451274998486042}
10-11 17:58:34.853 15336 15524 I ReactNativeJS: [outputs] outputs.flashPulse {"timestamp":20901031.88515,"wallClock":1760219914853,"enabled":true,"durationMs":120,"source":"console.replay","correlationId":"console-replay:mgmthmqrkert8n2b","timelineOffsetMs":8.451274998486042,"schedulingMode":"timeline","audioStartHeadroomMs":-49.282577000558376,"audioStartGuard":"headroom","audioStartCompensationMs":40}
10-11 17:58:34.917 15336 15524 I ReactNativeJS: [outputs] outputs.flashPulse.commit {"timestamp":20901096.057025,"wallClock":1760219914917,"durationMs":120,"source":"console.replay","correlationId":"console-replay:mgmthmqrkert8n2b","latencyMs":66.32276000082493,"timelineOffsetMs":8.451274998486042,"leadMs":8,"scheduleSkewMs":64.17374999821186,"schedulingMode":"timeline","audioStartHeadroomMs":-49.282577000558376,"audioStartGuard":"headroom","audioStartCompensationMs":40}
10-11 17:58:34.963 15336 15990 D OutputsAudio: [outputs-audio] stop gain=1.000 release=6.00
10-11 17:58:35.003 15336 15990 D OutputsAudio: [outputs-audio] start hz=700.0 gain=1.000 attack=2.50 release=6.00
10-11 17:58:35.003 15336 15990 D OutputsAudio: [outputs-audio] playMorse.symbol.start sequence=25 symbol=. expected=20901150.587 actual=20901181.770 skew=31.183 batchElapsed=2911.183
10-11 17:58:35.016 15336 15524 D OutputsAudio: [outputs-audio] symbol.info sequence=25 symbol=. timestamp=20901181.770 duration=40.000 expected=20901150.587 skew=31.183 age=13.538
10-11 17:58:35.017 15336 15524 I ReactNativeJS: [outputs] playMorse.symbol {"timestamp":20901195.525566,"wallClock":1760219915016,"symbol":"-","durationMs":120,"index":23,"source":"console.replay","correlationId":"console-replay:mgmthmvccvyt11xi","nativeTimestampMs":20901181.77,"nativeDurationMs":40,"nativeOffsetMs":13.680982999503613,"nativeSequence":25,"monotonicTimestampMs":20901181.77,"nativeExpectedTimestampMs":20901150.587,"nativeStartSkewMs":31.183,"nativeBatchElapsedMs":2911.183,"nativeExpectedSincePriorMs":160,"nativeSincePriorMs":160.499,"nativePatternStartMs":20898270.587,"nativeAgeMs":13.538}
10-11 17:58:35.017 15336 15524 I ReactNativeJS: [outputs] outputs.hapticSymbol {"timestamp":20901196.218223,"wallClock":1760219915017,"enabled":true,"symbol":"-","durationMs":120,"platform":"android","source":"console.replay","correlationId":"console-replay:mgmthmvccvyt11xi","timelineOffsetMs":13.680982999503613}
10-11 17:58:35.018 15336 15524 I ReactNativeJS: [outputs] outputs.flashPulse {"timestamp":20901196.956868,"wallClock":1760219915018,"enabled":true,"durationMs":120,"source":"console.replay","correlationId":"console-replay:mgmthmvccvyt11xi","timelineOffsetMs":13.680982999503613,"schedulingMode":"timeline","audioStartHeadroomMs":-54.35872299969196,"audioStartGuard":"headroom","audioStartCompensationMs":40}
10-11 17:58:35.044 15336 15990 D OutputsAudio: [outputs-audio] stop gain=1.000 release=6.00
10-11 17:58:35.084 15336 15990 D OutputsAudio: [outputs-audio] start hz=700.0 gain=1.000 attack=2.50 release=6.00
10-11 17:58:35.084 15336 15990 D OutputsAudio: [outputs-audio] playMorse.symbol.start sequence=26 symbol=. expected=20901230.587 actual=20901263.340 skew=32.753 batchElapsed=2992.753
10-11 17:58:35.089 15336 15524 I ReactNativeJS: [outputs] outputs.flashPulse.commit {"timestamp":20901267.372233,"wallClock":1760219915088,"durationMs":120,"source":"console.replay","correlationId":"console-replay:mgmthmvccvyt11xi","latencyMs":71.90380199998617,"timelineOffsetMs":13.680982999503613,"leadMs":8,"scheduleSkewMs":70.40713499858975,"schedulingMode":"timeline","audioStartHeadroomMs":-54.35872299969196,"audioStartGuard":"headroom","audioStartCompensationMs":40}
10-11 17:58:35.125 15336 15990 D OutputsAudio: [outputs-audio] stop gain=1.000 release=6.00
10-11 17:58:35.146 15336 15524 D OutputsAudio: [outputs-audio] symbol.info sequence=26 symbol=. timestamp=20901263.340 duration=40.000 expected=20901230.587 skew=32.753 age=61.923
10-11 17:58:35.147 15336 15524 I ReactNativeJS: [outputs] playMorse.symbol {"timestamp":20901325.394577,"wallClock":1760219915146,"symbol":".","durationMs":40,"index":24,"source":"console.replay","correlationId":"console-replay:mgmthmyyc6nwqgww","nativeTimestampMs":20901263.34,"nativeDurationMs":40,"nativeOffsetMs":62.00212899968028,"nativeSequence":26,"monotonicTimestampMs":20901263.34,"nativeExpectedTimestampMs":20901230.587,"nativeStartSkewMs":32.753,"nativeBatchElapsedMs":2992.753,"nativeExpectedSincePriorMs":80,"nativeSincePriorMs":81.57,"nativePatternStartMs":20898270.587,"nativeAgeMs":61.923}
10-11 17:58:35.147 15336 15524 I ReactNativeJS: [outputs] outputs.hapticSymbol {"timestamp":20901325.893431,"wallClock":1760219915147,"enabled":true,"symbol":".","durationMs":40,"platform":"android","source":"console.replay","correlationId":"console-replay:mgmthmyyc6nwqgww","timelineOffsetMs":62.00212899968028}
10-11 17:58:35.148 15336 15524 I ReactNativeJS: [outputs] outputs.flashPulse {"timestamp":20901326.536348,"wallClock":1760219915147,"enabled":true,"durationMs":40,"source":"console.replay","correlationId":"console-replay:mgmthmyyc6nwqgww","timelineOffsetMs":62.00212899968028,"schedulingMode":"timeline","audioStartHeadroomMs":-103.93924300000072,"audioStartGuard":"headroom","audioStartCompensationMs":40}
10-11 17:58:35.166 15336 15990 D OutputsAudio: [outputs-audio] start hz=700.0 gain=1.000 attack=2.50 release=6.00
10-11 17:58:35.166 15336 15990 D OutputsAudio: [outputs-audio] playMorse.symbol.start sequence=27 symbol=. expected=20901310.587 actual=20901344.968 skew=34.381 batchElapsed=3074.381
10-11 17:58:35.199 15336 15524 I ReactNativeJS: [outputs] outputs.flashPulse.commit {"timestamp":20901377.312545,"wallClock":1760219915198,"durationMs":40,"source":"console.replay","correlationId":"console-replay:mgmthmyyc6nwqgww","latencyMs":51.96135399863124,"timelineOffsetMs":62.00212899968028,"leadMs":8,"scheduleSkewMs":50.77541699633002,"schedulingMode":"timeline","audioStartHeadroomMs":-103.93924300000072,"audioStartGuard":"headroom","audioStartCompensationMs":40}
10-11 17:58:35.207 15336 15990 D OutputsAudio: [outputs-audio] stop gain=1.000 release=6.00
10-11 17:58:35.207 15336 15990 D OutputsAudio: [outputs-audio] stop gain=1.000 release=6.00
10-11 17:58:35.207 15336 15990 D OutputsAudio: [outputs-audio] playMorse.end cancelled=0
10-11 17:58:35.245 15336 15524 D OutputsAudio: [outputs-audio] symbol.info sequence=27 symbol=. timestamp=20901344.968 duration=40.000 expected=20901310.587 skew=34.381 age=78.638
10-11 17:58:35.245 15336 15524 I ReactNativeJS: [outputs] playMorse.symbol {"timestamp":20901423.806191,"wallClock":1760219915245,"symbol":".","durationMs":40,"index":25,"source":"console.replay","correlationId":"console-replay:mgmthn1pg66dgz40","nativeTimestampMs":20901344.968,"nativeDurationMs":40,"nativeOffsetMs":78.7861599996686,"nativeSequence":27,"monotonicTimestampMs":20901344.968,"nativeExpectedTimestampMs":20901310.587,"nativeStartSkewMs":34.381,"nativeBatchElapsedMs":3074.381,"nativeExpectedSincePriorMs":80,"nativeSincePriorMs":81.628,"nativePatternStartMs":20898270.587,"nativeAgeMs":78.638}
10-11 17:58:35.246 15336 15524 I ReactNativeJS: [outputs] outputs.hapticSymbol {"timestamp":20901424.366295,"wallClock":1760219915245,"enabled":true,"symbol":".","durationMs":40,"platform":"android","source":"console.replay","correlationId":"console-replay:mgmthn1pg66dgz40","timelineOffsetMs":78.7861599996686}
10-11 17:58:35.246 15336 15524 I ReactNativeJS: [outputs] outputs.flashPulse {"timestamp":20901425.021972,"wallClock":1760219915246,"enabled":true,"durationMs":40,"source":"console.replay","correlationId":"console-replay:mgmthn1pg66dgz40","timelineOffsetMs":78.7861599996686,"schedulingMode":"timeline","audioStartHeadroomMs":-122.42507699877024,"audioStartGuard":"headroom","audioStartCompensationMs":40}
10-11 17:58:35.304 15336 15524 I ReactNativeJS: [outputs] outputs.flashPulse.commit {"timestamp":20901482.61416,"wallClock":1760219915304,"durationMs":40,"source":"console.replay","correlationId":"console-replay:mgmthn1pg66dgz40","latencyMs":58.852031003683805,"timelineOffsetMs":78.7861599996686,"leadMs":8,"scheduleSkewMs":57.592344000935555,"schedulingMode":"timeline","audioStartHeadroomMs":-122.42507699877024,"audioStartGuard":"headroom","audioStartCompensationMs":40}
10-11 17:58:35.411 15336 15524 I ReactNativeJS: [outputs] playMorse.symbol {"timestamp":20901586.633952,"wallClock":1760219915408,"symbol":".","durationMs":40,"index":26,"source":"console.replay","correlationId":"console-replay:mgmthn68specw8gn","nativeTimestampMs":null,"nativeDurationMs":null,"nativeOffsetMs":null,"nativeSequence":null,"monotonicTimestampMs":null,"nativeExpectedTimestampMs":null,"nativeStartSkewMs":null,"nativeBatchElapsedMs":null,"nativeExpectedSincePriorMs":null,"nativeSincePriorMs":null,"nativePatternStartMs":null,"nativeAgeMs":null}
10-11 17:58:35.412 15336 15524 I ReactNativeJS: [outputs] outputs.hapticSymbol {"timestamp":20901589.89192,"wallClock":1760219915411,"enabled":true,"symbol":".","durationMs":40,"platform":"android","source":"console.replay","correlationId":"console-replay:mgmthn68specw8gn","timelineOffsetMs":null}
10-11 17:58:35.415 15336 15524 I ReactNativeJS: [outputs] outputs.flashPulse {"timestamp":20901593.660202,"wallClock":1760219915415,"enabled":true,"durationMs":40,"source":"console.replay","correlationId":"console-replay:mgmthn68specw8gn","timelineOffsetMs":24,"schedulingMode":"timeline"}
10-11 17:58:35.469 15336 15524 I ReactNativeJS: [outputs] playMorse.complete {"timestamp":20901647.963222,"wallClock":1760219915469,"durationMs":3524.2658319994807,"source":"console.replay","audioEnabled":true,"audioVolumePercent":100}
10-11 17:58:35.512 15336 15524 I ReactNativeJS: [outputs] outputs.flashPulse.commit {"timestamp":20901690.540566,"wallClock":1760219915511,"durationMs":40,"source":"console.replay","correlationId":"console-replay:mgmthn68specw8gn","latencyMs":79.91453199833632,"timelineOffsetMs":24,"leadMs":8,"scheduleSkewMs":87.91453199833632,"schedulingMode":"timeline"}
10-11 17:58:38.432 15336 15524 I ReactNativeJS: [outputs] playMorse.start {"timestamp":20904610.799263,"wallClock":1760219918432,"unitMs":34,"length":28,"source":"console.replay","audioEnabled":true,"audioVolumePercent":100}
10-11 17:58:38.541 15336 15524 D OutputsAudio: [outputs-audio] warmup hz=700.0
10-11 17:58:38.541 15336 16032 D OutputsAudio: [outputs-audio] playMorse.start count=27 unit=34.0
10-11 17:58:38.541 15336 16032 D OutputsAudio: [outputs-audio] start hz=700.0 gain=1.000 attack=2.50 release=6.00
10-11 17:58:38.541 15336 16032 D OutputsAudio: [outputs-audio] playMorse.symbol.start sequence=1 symbol=. expected=20904720.376 actual=20904720.393 skew=0.016 batchElapsed=0.016
10-11 17:58:38.561 15336 15524 D OutputsAudio: [outputs-audio] symbol.info sequence=1 symbol=. timestamp=20904720.393 duration=34.000 expected=20904720.376 skew=0.016 age=19.549
10-11 17:58:38.562 15336 15524 I ReactNativeJS: [outputs] playMorse.symbol {"timestamp":20904740.249107,"wallClock":1760219918561,"symbol":".","durationMs":34,"index":0,"source":"console.replay","correlationId":"console-replay:mgmthpltblwrakh8","nativeTimestampMs":20904720.393,"nativeDurationMs":34,"nativeOffsetMs":19.742251999676228,"nativeSequence":1,"monotonicTimestampMs":20904720.393,"nativeExpectedTimestampMs":20904720.376,"nativeStartSkewMs":0.016,"nativeBatchElapsedMs":0.016,"nativeExpectedSincePriorMs":0,"nativeSincePriorMs":0,"nativePatternStartMs":20904720.376,"nativeAgeMs":19.549}
10-11 17:58:38.563 15336 15524 I ReactNativeJS: [outputs] outputs.hapticSymbol {"timestamp":20904741.574002,"wallClock":1760219918562,"enabled":true,"symbol":".","durationMs":34,"platform":"android","source":"console.replay","correlationId":"console-replay:mgmthpltblwrakh8","timelineOffsetMs":19.742251999676228}
10-11 17:58:38.569 15336 15524 I ReactNativeJS: [outputs] outputs.flashPulse {"timestamp":20904747.769315,"wallClock":1760219918569,"enabled":true,"durationMs":34,"source":"console.replay","correlationId":"console-replay:mgmthpltblwrakh8","timelineOffsetMs":19.742251999676228,"schedulingMode":"timeline","audioStartHeadroomMs":-35.37909600138664,"audioStartGuard":"headroom","audioStartCompensationMs":35.37909600138664}
10-11 17:58:38.575 15336 16032 D OutputsAudio: [outputs-audio] stop gain=1.000 release=6.00
10-11 17:58:38.610 15336 16032 D OutputsAudio: [outputs-audio] start hz=700.0 gain=1.000 attack=2.50 release=6.00
10-11 17:58:38.610 15336 16032 D OutputsAudio: [outputs-audio] playMorse.symbol.start sequence=2 symbol=. expected=20904788.376 actual=20904788.837 skew=0.461 batchElapsed=68.461
10-11 17:58:38.626 15336 15524 I ReactNativeJS: [outputs] outputs.flashPulse.commit {"timestamp":20904804.599471,"wallClock":1760219918626,"durationMs":34,"source":"console.replay","correlationId":"console-replay:mgmthpltblwrakh8","latencyMs":64.45531300082803,"timelineOffsetMs":19.742251999676228,"leadMs":8,"scheduleSkewMs":56.83286499977112,"schedulingMode":"timeline","audioStartHeadroomMs":-35.37909600138664,"audioStartGuard":"headroom","audioStartCompensationMs":35.37909600138664}
10-11 17:58:38.645 15336 16032 D OutputsAudio: [outputs-audio] stop gain=1.000 release=6.00
10-11 17:58:38.677 15336 15524 D OutputsAudio: [outputs-audio] symbol.info sequence=2 symbol=. timestamp=20904788.837 duration=34.000 expected=20904788.376 skew=0.461 age=67.708
10-11 17:58:38.678 15336 15524 I ReactNativeJS: [outputs] playMorse.symbol {"timestamp":20904856.679784,"wallClock":1760219918678,"symbol":".","durationMs":34,"index":1,"source":"console.replay","correlationId":"console-replay:mgmthpp2z8ahh2i9","nativeTimestampMs":20904788.837,"nativeDurationMs":34,"nativeOffsetMs":67.79257499799132,"nativeSequence":2,"monotonicTimestampMs":20904788.837,"nativeExpectedTimestampMs":20904788.376,"nativeStartSkewMs":0.461,"nativeBatchElapsedMs":68.461,"nativeExpectedSincePriorMs":68,"nativeSincePriorMs":68.445,"nativePatternStartMs":20904720.376,"nativeAgeMs":67.708}
10-11 17:58:38.678 15336 15524 I ReactNativeJS: [outputs] outputs.hapticSymbol {"timestamp":20904857.182909,"wallClock":1760219918678,"enabled":true,"symbol":".","durationMs":34,"platform":"android","source":"console.replay","correlationId":"console-replay:mgmthpp2z8ahh2i9","timelineOffsetMs":67.79257499799132}
10-11 17:58:38.679 15336 15524 I ReactNativeJS: [outputs] outputs.flashPulse {"timestamp":20904857.841294,"wallClock":1760219918679,"enabled":true,"durationMs":34,"source":"console.replay","correlationId":"console-replay:mgmthpp2z8ahh2i9","timelineOffsetMs":67.79257499799132,"schedulingMode":"timeline","audioStartHeadroomMs":-77.45498200133443,"audioStartGuard":"headroom","audioStartCompensationMs":40}
10-11 17:58:38.679 15336 16032 D OutputsAudio: [outputs-audio] start hz=700.0 gain=1.000 attack=2.50 release=6.00
10-11 17:58:38.679 15336 16032 D OutputsAudio: [outputs-audio] playMorse.symbol.start sequence=3 symbol=. expected=20904856.376 actual=20904858.181 skew=1.805 batchElapsed=137.805
10-11 17:58:38.682 15336 15524 D OutputsAudio: [outputs-audio] symbol.info sequence=3 symbol=. timestamp=20904858.181 duration=34.000 expected=20904856.376 skew=1.805 age=0.099
10-11 17:58:38.714 15336 16032 D OutputsAudio: [outputs-audio] stop gain=1.000 release=6.00
10-11 17:58:38.739 15336 15524 I ReactNativeJS: [outputs] playMorse.symbol {"timestamp":20904917.890773,"wallClock":1760219918739,"symbol":".","durationMs":34,"index":2,"source":"console.replay","correlationId":"console-replay:mgmthpqrlljo6j1e","nativeTimestampMs":20904858.181,"nativeDurationMs":34,"nativeOffsetMs":2.667272999882698,"nativeSequence":3,"monotonicTimestampMs":20904858.181,"nativeExpectedTimestampMs":20904856.376,"nativeStartSkewMs":1.805,"nativeBatchElapsedMs":137.805,"nativeExpectedSincePriorMs":68,"nativeSincePriorMs":69.344,"nativePatternStartMs":20904720.376,"nativeAgeMs":0.099}
10-11 17:58:38.740 15336 15524 I ReactNativeJS: [outputs] outputs.hapticSymbol {"timestamp":20904918.416607,"wallClock":1760219918739,"enabled":true,"symbol":".","durationMs":34,"platform":"android","source":"console.replay","correlationId":"console-replay:mgmthpqrlljo6j1e","timelineOffsetMs":2.667272999882698}
10-11 17:58:38.740 15336 15524 I ReactNativeJS: [outputs] outputs.flashPulse {"timestamp":20904919.067284,"wallClock":1760219918740,"enabled":true,"durationMs":34,"source":"console.replay","correlationId":"console-replay:mgmthpqrlljo6j1e","timelineOffsetMs":2.667272999882698,"schedulingMode":"timeline","audioStartHeadroomMs":-70.68144000321627,"audioStartGuard":"headroom","audioStartCompensationMs":40}
10-11 17:58:38.748 15336 16032 D OutputsAudio: [outputs-audio] start hz=700.0 gain=1.000 attack=2.50 release=6.00
10-11 17:58:38.749 15336 16032 D OutputsAudio: [outputs-audio] playMorse.symbol.start sequence=4 symbol=- expected=20904924.376 actual=20904927.606 skew=3.230 batchElapsed=207.230
10-11 17:58:38.793 15336 15524 I ReactNativeJS: [outputs] outputs.flashPulse.commit {"timestamp":20904971.334263,"wallClock":1760219918792,"durationMs":34,"source":"console.replay","correlationId":"console-replay:mgmthpp2z8ahh2i9","latencyMs":114.69635400176048,"timelineOffsetMs":67.79257499799132,"leadMs":8,"scheduleSkewMs":113.49328099936247,"schedulingMode":"timeline","audioStartHeadroomMs":-77.45498200133443,"audioStartGuard":"headroom","audioStartCompensationMs":40}
10-11 17:58:38.845 15336 15524 D OutputsAudio: [outputs-audio] symbol.info sequence=4 symbol=- timestamp=20904927.606 duration=102.000 expected=20904924.376 skew=3.230 age=96.589
10-11 17:58:38.846 15336 15524 I ReactNativeJS: [outputs] playMorse.symbol {"timestamp":20905024.331138,"wallClock":1760219918845,"symbol":"-","durationMs":102,"index":3,"source":"console.replay","correlationId":"console-replay:mgmthptpcdinvnsc","nativeTimestampMs":20904927.606,"nativeDurationMs":102,"nativeOffsetMs":96.67409599944949,"nativeSequence":4,"monotonicTimestampMs":20904927.606,"nativeExpectedTimestampMs":20904924.376,"nativeStartSkewMs":3.23,"nativeBatchElapsedMs":207.23,"nativeExpectedSincePriorMs":68,"nativeSincePriorMs":69.425,"nativePatternStartMs":20904720.376,"nativeAgeMs":96.589}
10-11 17:58:38.846 15336 15524 I ReactNativeJS: [outputs] playMorse.nativeOffset.spike {"timestamp":20905024.823429,"wallClock":1760219918846,"source":"console.replay","offsetMs":96.67409599944949,"sequence":4,"unitMs":34,"correlationId":"console-replay:mgmthptpcdinvnsc","startSkewMs":3.23,"batchElapsedMs":207.23,"ageMs":96.589}
10-11 17:58:38.846 15336 15524 I ReactNativeJS: [outputs] outputs.hapticSymbol {"timestamp":20905025.102075,"wallClock":1760219918846,"enabled":true,"symbol":"-","durationMs":102,"platform":"android","source":"console.replay","correlationId":"console-replay:mgmthptpcdinvnsc","timelineOffsetMs":96.67409599944949}
10-11 17:58:38.847 15336 15524 I ReactNativeJS: [outputs] outputs.flashPulse {"timestamp":20905025.711138,"wallClock":1760219918847,"enabled":true,"durationMs":102,"source":"console.replay","correlationId":"console-replay:mgmthptpcdinvnsc","timelineOffsetMs":96.67409599944949,"schedulingMode":"timeline","audioStartHeadroomMs":-109.32565900310874,"audioStartGuard":"headroom","audioStartCompensationMs":40}
10-11 17:58:38.852 15336 16032 D OutputsAudio: [outputs-audio] stop gain=1.000 release=6.00
10-11 17:58:38.887 15336 16032 D OutputsAudio: [outputs-audio] start hz=700.0 gain=1.000 attack=2.50 release=6.00
10-11 17:58:38.887 15336 16032 D OutputsAudio: [outputs-audio] playMorse.symbol.start sequence=5 symbol=- expected=20905060.376 actual=20905065.914 skew=5.538 batchElapsed=345.538
10-11 17:58:38.902 15336 15524 I ReactNativeJS: [outputs] outputs.flashPulse.commit {"timestamp":20905081.025461,"wallClock":1760219918902,"durationMs":34,"source":"console.replay","correlationId":"console-replay:mgmthpqrlljo6j1e","latencyMs":220.16677099838853,"timelineOffsetMs":2.667272999882698,"leadMs":8,"scheduleSkewMs":161.9556769989431,"schedulingMode":"timeline","audioStartHeadroomMs":-70.68144000321627,"audioStartGuard":"headroom","audioStartCompensationMs":40}
10-11 17:58:38.951 15336 15524 I ReactNativeJS: [outputs] outputs.flashPulse.commit {"timestamp":20905129.513586,"wallClock":1760219918950,"durationMs":102,"source":"console.replay","correlationId":"console-replay:mgmthptpcdinvnsc","latencyMs":105.22552100196481,"timelineOffsetMs":96.67409599944949,"leadMs":8,"scheduleSkewMs":103.80244800075889,"schedulingMode":"timeline","audioStartHeadroomMs":-109.32565900310874,"audioStartGuard":"headroom","audioStartCompensationMs":40}
10-11 17:58:38.989 15336 16032 D OutputsAudio: [outputs-audio] stop gain=1.000 release=6.00
10-11 17:58:38.995 15336 15524 D OutputsAudio: [outputs-audio] symbol.info sequence=5 symbol=- timestamp=20905065.914 duration=102.000 expected=20905060.376 skew=5.538 age=107.900
10-11 17:58:38.995 15336 15524 I ReactNativeJS: [outputs] playMorse.symbol {"timestamp":20905173.944211,"wallClock":1760219918995,"symbol":"-","durationMs":102,"index":4,"source":"console.replay","correlationId":"console-replay:mgmthpxvx2wtyyt4","nativeTimestampMs":20905065.914,"nativeDurationMs":102,"nativeOffsetMs":107.97937699779868,"nativeSequence":5,"monotonicTimestampMs":20905065.914,"nativeExpectedTimestampMs":20905060.376,"nativeStartSkewMs":5.538,"nativeBatchElapsedMs":345.538,"nativeExpectedSincePriorMs":136,"nativeSincePriorMs":138.308,"nativePatternStartMs":20904720.376,"nativeAgeMs":107.9}
10-11 17:58:38.996 15336 15524 I ReactNativeJS: [outputs] playMorse.nativeOffset.spike {"timestamp":20905174.408898,"wallClock":1760219918995,"source":"console.replay","offsetMs":107.97937699779868,"sequence":5,"unitMs":34,"correlationId":"console-replay:mgmthpxvx2wtyyt4","startSkewMs":5.538,"batchElapsedMs":345.538,"ageMs":107.9}
10-11 17:58:38.996 15336 15524 I ReactNativeJS: [outputs] outputs.hapticSymbol {"timestamp":20905174.734731,"wallClock":1760219918996,"enabled":true,"symbol":"-","durationMs":102,"platform":"android","source":"console.replay","correlationId":"console-replay:mgmthpxvx2wtyyt4","timelineOffsetMs":107.97937699779868}
10-11 17:58:38.997 15336 15524 I ReactNativeJS: [outputs] outputs.flashPulse {"timestamp":20905175.340252,"wallClock":1760219918996,"enabled":true,"durationMs":102,"source":"console.replay","correlationId":"console-replay:mgmthpxvx2wtyyt4","timelineOffsetMs":107.97937699779868,"schedulingMode":"timeline","audioStartHeadroomMs":-122.95420000329614,"audioStartGuard":"headroom","audioStartCompensationMs":40}
10-11 17:58:39.024 15336 16032 D OutputsAudio: [outputs-audio] start hz=700.0 gain=1.000 attack=2.50 release=6.00
10-11 17:58:39.024 15336 16032 D OutputsAudio: [outputs-audio] playMorse.symbol.start sequence=6 symbol=- expected=20905196.376 actual=20905203.285 skew=6.909 batchElapsed=482.909
10-11 17:58:39.053 15336 15524 I ReactNativeJS: [outputs] outputs.flashPulse.commit {"timestamp":20905231.857231,"wallClock":1760219919053,"durationMs":102,"source":"console.replay","correlationId":"console-replay:mgmthpxvx2wtyyt4","latencyMs":57.95640700310469,"timelineOffsetMs":107.97937699779868,"leadMs":8,"scheduleSkewMs":56.51781300082803,"schedulingMode":"timeline","audioStartHeadroomMs":-122.95420000329614,"audioStartGuard":"headroom","audioStartCompensationMs":40}
10-11 17:58:39.097 15336 15524 D OutputsAudio: [outputs-audio] symbol.info sequence=6 symbol=- timestamp=20905203.285 duration=102.000 expected=20905196.376 skew=6.909 age=72.916
10-11 17:58:39.098 15336 15524 I ReactNativeJS: [outputs] playMorse.symbol {"timestamp":20905276.335617,"wallClock":1760219919097,"symbol":"-","durationMs":102,"index":5,"source":"console.replay","correlationId":"console-replay:mgmthq0pt0o46lhv","nativeTimestampMs":20905203.285,"nativeDurationMs":102,"nativeOffsetMs":73.00019999966025,"nativeSequence":6,"monotonicTimestampMs":20905203.285,"nativeExpectedTimestampMs":20905196.376,"nativeStartSkewMs":6.909,"nativeBatchElapsedMs":482.909,"nativeExpectedSincePriorMs":136,"nativeSincePriorMs":137.371,"nativePatternStartMs":20904720.376,"nativeAgeMs":72.916}
10-11 17:58:39.098 15336 15524 I ReactNativeJS: [outputs] outputs.hapticSymbol {"timestamp":20905276.826086,"wallClock":1760219919098,"enabled":true,"symbol":"-","durationMs":102,"platform":"android","source":"console.replay","correlationId":"console-replay:mgmthq0pt0o46lhv","timelineOffsetMs":73.00019999966025}
10-11 17:58:39.099 15336 15524 I ReactNativeJS: [outputs] outputs.flashPulse {"timestamp":20905277.449211,"wallClock":1760219919098,"enabled":true,"durationMs":102,"source":"console.replay","correlationId":"console-replay:mgmthq0pt0o46lhv","timelineOffsetMs":73.00019999966025,"schedulingMode":"timeline","audioStartHeadroomMs":-89.0644090026617,"audioStartGuard":"headroom","audioStartCompensationMs":40}
10-11 17:58:39.126 15336 16032 D OutputsAudio: [outputs-audio] stop gain=1.000 release=6.00
10-11 17:58:39.157 15336 15524 I ReactNativeJS: [outputs] outputs.flashPulse.commit {"timestamp":20905335.336763,"wallClock":1760219919156,"durationMs":102,"source":"console.replay","correlationId":"console-replay:mgmthq0pt0o46lhv","latencyMs":59.04281299933791,"timelineOffsetMs":73.00019999966025,"leadMs":8,"scheduleSkewMs":57.886094000190496,"schedulingMode":"timeline","audioStartHeadroomMs":-89.0644090026617,"audioStartGuard":"headroom","audioStartCompensationMs":40}
10-11 17:58:39.161 15336 16032 D OutputsAudio: [outputs-audio] start hz=700.0 gain=1.000 attack=2.50 release=6.00
10-11 17:58:39.161 15336 16032 D OutputsAudio: [outputs-audio] playMorse.symbol.start sequence=7 symbol=. expected=20905332.376 actual=20905340.515 skew=8.139 batchElapsed=620.139
10-11 17:58:39.196 15336 16032 D OutputsAudio: [outputs-audio] stop gain=1.000 release=6.00
10-11 17:58:39.200 15336 15524 D OutputsAudio: [outputs-audio] symbol.info sequence=7 symbol=. timestamp=20905340.515 duration=34.000 expected=20905332.376 skew=8.139 age=38.637
10-11 17:58:39.201 15336 15524 I ReactNativeJS: [outputs] playMorse.symbol {"timestamp":20905379.276138,"wallClock":1760219919200,"symbol":".","durationMs":34,"index":6,"source":"console.replay","correlationId":"console-replay:mgmthq3k5ukwp78s","nativeTimestampMs":20905340.515,"nativeDurationMs":34,"nativeOffsetMs":38.712336000055075,"nativeSequence":7,"monotonicTimestampMs":20905340.515,"nativeExpectedTimestampMs":20905332.376,"nativeStartSkewMs":8.139,"nativeBatchElapsedMs":620.139,"nativeExpectedSincePriorMs":136,"nativeSincePriorMs":137.23,"nativePatternStartMs":20904720.376,"nativeAgeMs":38.637}
10-11 17:58:39.201 15336 15524 I ReactNativeJS: [outputs] outputs.hapticSymbol {"timestamp":20905379.774731,"wallClock":1760219919201,"enabled":true,"symbol":".","durationMs":34,"platform":"android","source":"console.replay","correlationId":"console-replay:mgmthq3k5ukwp78s","timelineOffsetMs":38.712336000055075}
10-11 17:58:39.202 15336 15524 I ReactNativeJS: [outputs] outputs.flashPulse {"timestamp":20905380.519211,"wallClock":1760219919201,"enabled":true,"durationMs":34,"source":"console.replay","correlationId":"console-replay:mgmthq3k5ukwp78s","timelineOffsetMs":38.712336000055075,"schedulingMode":"timeline","audioStartHeadroomMs":-56.13331500068307,"audioStartGuard":"headroom","audioStartCompensationMs":40}
10-11 17:58:39.232 15336 16032 D OutputsAudio: [outputs-audio] start hz=700.0 gain=1.000 attack=2.50 release=6.00
10-11 17:58:39.232 15336 16032 D OutputsAudio: [outputs-audio] playMorse.symbol.start sequence=8 symbol=. expected=20905400.376 actual=20905410.743 skew=10.367 batchElapsed=690.367
10-11 17:58:39.262 15336 15524 I ReactNativeJS: [outputs] outputs.flashPulse.commit {"timestamp":20905440.274158,"wallClock":1760219919261,"durationMs":34,"source":"console.replay","correlationId":"console-replay:mgmthq3k5ukwp78s","latencyMs":61.037499997764826,"timelineOffsetMs":38.712336000055075,"leadMs":8,"scheduleSkewMs":59.75390699878335,"schedulingMode":"timeline","audioStartHeadroomMs":-56.13331500068307,"audioStartGuard":"headroom","audioStartCompensationMs":40}
10-11 17:58:39.266 15336 16032 D OutputsAudio: [outputs-audio] stop gain=1.000 release=6.00
10-11 17:58:39.301 15336 16032 D OutputsAudio: [outputs-audio] start hz=700.0 gain=1.000 attack=2.50 release=6.00
10-11 17:58:39.301 15336 16032 D OutputsAudio: [outputs-audio] playMorse.symbol.start sequence=9 symbol=. expected=20905468.376 actual=20905479.768 skew=11.392 batchElapsed=759.392
10-11 17:58:39.309 15336 15524 D OutputsAudio: [outputs-audio] symbol.info sequence=9 symbol=. timestamp=20905479.768 duration=34.000 expected=20905468.376 skew=11.392 age=8.340
10-11 17:58:39.310 15336 15524 W ReactNativeJS: '[outputs-audio] native sequence jump', { previous: 7, next: 9, delta: 2 }
10-11 17:58:39.310 15336 15524 I ReactNativeJS: [outputs] playMorse.symbol {"timestamp":20905488.851346,"wallClock":1760219919310,"symbol":".","durationMs":34,"index":7,"source":"console.replay","correlationId":"console-replay:mgmthq6m1x1u80lw","nativeTimestampMs":20905479.768,"nativeDurationMs":34,"nativeOffsetMs":9.04449200257659,"nativeSequence":9,"monotonicTimestampMs":20905479.768,"nativeExpectedTimestampMs":20905468.376,"nativeStartSkewMs":11.392,"nativeBatchElapsedMs":759.392,"nativeExpectedSincePriorMs":68,"nativeSincePriorMs":69.024,"nativePatternStartMs":20904720.376,"nativeAgeMs":8.34}
10-11 17:58:39.311 15336 15524 I ReactNativeJS: [outputs] outputs.hapticSymbol {"timestamp":20905489.304211,"wallClock":1760219919310,"enabled":true,"symbol":".","durationMs":34,"platform":"android","source":"console.replay","correlationId":"console-replay:mgmthq6m1x1u80lw","timelineOffsetMs":9.04449200257659}
10-11 17:58:39.311 15336 15524 I ReactNativeJS: [outputs] outputs.flashPulse {"timestamp":20905490.056294,"wallClock":1760219919311,"enabled":true,"durationMs":34,"source":"console.replay","correlationId":"console-replay:mgmthq6m1x1u80lw","timelineOffsetMs":9.04449200257659,"schedulingMode":"timeline","audioStartHeadroomMs":-29.670294001698494,"audioStartGuard":"headroom","audioStartCompensationMs":29.670294001698494}
10-11 17:58:39.335 15336 16032 D OutputsAudio: [outputs-audio] stop gain=1.000 release=6.00
10-11 17:58:39.370 15336 16032 D OutputsAudio: [outputs-audio] start hz=700.0 gain=1.000 attack=2.50 release=6.00
10-11 17:58:39.370 15336 16032 D OutputsAudio: [outputs-audio] playMorse.symbol.start sequence=10 symbol=- expected=20905536.376 actual=20905549.035 skew=12.659 batchElapsed=828.659
10-11 17:58:39.397 15336 15524 I ReactNativeJS: [outputs] outputs.flashPulse.commit {"timestamp":20905575.295513,"wallClock":1760219919396,"durationMs":34,"source":"console.replay","correlationId":"console-replay:mgmthq6m1x1u80lw","latencyMs":86.47484299913049,"timelineOffsetMs":9.04449200257659,"leadMs":8,"scheduleSkewMs":85.2394270002842,"schedulingMode":"timeline","audioStartHeadroomMs":-29.670294001698494,"audioStartGuard":"headroom","audioStartCompensationMs":29.670294001698494}
10-11 17:58:39.443 15336 15524 D OutputsAudio: [outputs-audio] symbol.info sequence=10 symbol=- timestamp=20905549.035 duration=102.000 expected=20905536.376 skew=12.659 age=72.521
10-11 17:58:39.443 15336 15524 I ReactNativeJS: [outputs] playMorse.symbol {"timestamp":20905621.694523,"wallClock":1760219919443,"symbol":".","durationMs":34,"index":8,"source":"console.replay","correlationId":"console-replay:mgmthqabiv5dm8gg","nativeTimestampMs":20905549.035,"nativeDurationMs":102,"nativeOffsetMs":72.60697099938989,"nativeSequence":10,"monotonicTimestampMs":20905549.035,"nativeExpectedTimestampMs":20905536.376,"nativeStartSkewMs":12.659,"nativeBatchElapsedMs":828.659,"nativeExpectedSincePriorMs":68,"nativeSincePriorMs":69.267,"nativePatternStartMs":20904720.376,"nativeAgeMs":72.521}
10-11 17:58:39.443 15336 15524 I ReactNativeJS: [outputs] outputs.hapticSymbol {"timestamp":20905622.20395,"wallClock":1760219919443,"enabled":true,"symbol":".","durationMs":34,"platform":"android","source":"console.replay","correlationId":"console-replay:mgmthqabiv5dm8gg","timelineOffsetMs":72.60697099938989}
10-11 17:58:39.444 15336 15524 I ReactNativeJS: [outputs] outputs.flashPulse {"timestamp":20905622.841138,"wallClock":1760219919444,"enabled":true,"durationMs":34,"source":"console.replay","correlationId":"console-replay:mgmthqabiv5dm8gg","timelineOffsetMs":72.60697099938989,"schedulingMode":"timeline","audioStartHeadroomMs":-94.4558150023222,"audioStartGuard":"headroom","audioStartCompensationMs":40}
10-11 17:58:39.472 15336 16032 D OutputsAudio: [outputs-audio] stop gain=1.000 release=6.00
