--------- beginning of main
10-14 21:54:48.701 16074 16137 I ReactNativeJS: [outputs] playMorse.start {"timestamp":164404207.322231,"wallClock":1760493288700,"unitMs":120,"length":28,"source":"console.replay","audioEnabled":true,"audioVolumePercent":100,"flashEnabled":true,"hapticsEnabled":true,"torchEnabled":false,"screenBrightnessBoost":false}
10-14 21:54:49.151 16074 16137 D OutputsAudio: [outputs-audio] warmup hz=600.0
10-14 21:54:49.208 16074 16629 D OutputsAudio: [outputs-audio] playMorse.start count=27 unit=120.0
10-14 21:54:49.208 16074 16629 D OutputsAudio: [outputs-audio] playMorse.dispatch sequence=1 symbol=. offset=0.000 lead=0.000 dispatchAt=164404658.721 gapLead=0.000
10-14 21:54:49.208 16074 16629 D OutputsAudio: [outputs-audio] start hz=600.0 gain=1.000 attack=2.50 release=6.00
10-14 21:54:49.208 16074 16629 D OutputsAudio: [outputs-audio] tone.request hz=600.0 gain=1.000 requestedAt=164404715.692
10-14 21:54:49.208 16074 16629 D OutputsAudio: [outputs-audio] playMorse.symbol.start sequence=1 symbol=. expected=164404658.721 actual=164404715.799 skew=57.077 batchElapsed=57.077
10-14 21:54:49.210 16074 16258 D OutputsAudio: [outputs-audio] tone.start.actual actual=164404717.060 requested=164404715.692 delta=1.367
10-14 21:54:49.212 16074 16258 D OutputsAudio: [outputs-audio] tone.gain.steady target=1.000 reachedAt=164404718.992 delta=1.933
10-14 21:54:49.291 16074 16137 I ReactNativeJS: [outputs] playMorse.symbol {"timestamp":164404796.803168,"wallClock":1760493289289,"symbol":".","durationMs":120,"index":0,"source":"console.replay","correlationId":"console-replay:a6liu8rv","nativeTimestampMs":164404715.798532,"nativeDurationMs":120,"nativeOffsetMs":0,"nativeSequence":1,"monotonicTimestampMs":164404715.798532,"nativeExpectedTimestampMs":164404658.721241,"nativeStartSkewMs":57.0772910118103,"nativeBatchElapsedMs":57.0772910118103,"nativeExpectedSincePriorMs":null,"nativeSincePriorMs":null,"nativePatternStartMs":164404658.721241,"nativeAgeMs":null,"nativeFlashHandled":true,"nativeFlashAvailable":true}
10-14 21:54:49.291 16074 16137 I ReactNativeJS: [outputs] outputs.hapticSymbol {"timestamp":164404798.291345,"wallClock":1760493289291,"enabled":true,"symbol":".","durationMs":120,"platform":"android","source":"console.replay","correlationId":"console-replay:a6liu8rv","timelineOffsetMs":null,"dispatchPhase":"actual"}
10-14 21:54:49.296 16074 16137 I ReactNativeJS: [outputs] outputs.flashPulse.nativeHandled {"timestamp":164404799.524209,"wallClock":1760493289292,"durationMs":120,"source":"console.replay","dispatchPhase":"actual","correlationId":"console-replay:a6liu8rv","flashIntensity":0.8,"brightnessPercent":80,"nativeFlashAvailable":true}
10-14 21:54:49.336 16074 16629 D OutputsAudio: [outputs-audio] stop gain=1.000 release=6.00
10-14 21:54:49.336 16074 16629 D OutputsAudio: [outputs-audio] playMorse.gap sequence=1 nextOffset=240.000 gapTarget=164404898.721
10-14 21:54:49.336 16074 16629 D OutputsAudio: [outputs-audio] playMorse.dispatch sequence=2 symbol=. offset=240.000 lead=4.000 dispatchAt=164404894.721 gapLead=120.000
10-14 21:54:49.342 16074 16258 D OutputsAudio: [outputs-audio] tone.stop.actual stoppedAt=164404848.988
10-14 21:54:49.388 16074 16629 D OutputsAudio: [outputs-audio] start hz=600.0 gain=1.000 attack=2.50 release=6.00
10-14 21:54:49.388 16074 16629 D OutputsAudio: [outputs-audio] tone.request hz=600.0 gain=1.000 requestedAt=164404895.689
10-14 21:54:49.388 16074 16629 D OutputsAudio: [outputs-audio] playMorse.symbol.start sequence=2 symbol=. expected=164404898.721 actual=164404899.829 skew=1.108 batchElapsed=241.108
10-14 21:54:49.390 16074 16258 D OutputsAudio: [outputs-audio] tone.start.actual actual=164404897.012 requested=164404895.689 delta=1.322
10-14 21:54:49.392 16074 16258 D OutputsAudio: [outputs-audio] tone.gain.steady target=1.000 reachedAt=164404899.042 delta=2.031
10-14 21:54:49.422 16074 16137 I ReactNativeJS: [outputs] playMorse.symbol {"timestamp":164404928.775355,"wallClock":1760493289421,"symbol":".","durationMs":120,"index":1,"source":"console.replay","correlationId":"console-replay:q6zkks22","nativeTimestampMs":164404899.828741,"nativeDurationMs":120,"nativeOffsetMs":240,"nativeSequence":2,"monotonicTimestampMs":164404899.828741,"nativeExpectedTimestampMs":164404898.721241,"nativeStartSkewMs":1.1075000166893005,"nativeBatchElapsedMs":241.1075000166893,"nativeExpectedSincePriorMs":240,"nativeSincePriorMs":184.030209004879,"nativePatternStartMs":164404658.721241,"nativeAgeMs":null,"nativeFlashHandled":true,"nativeFlashAvailable":true}
10-14 21:54:49.423 16074 16137 I ReactNativeJS: [outputs] playMorse.nativeOffset.spike {"timestamp":164404930.093689,"wallClock":1760493289423,"source":"console.replay","offsetMs":240,"sequence":2,"unitMs":120,"correlationId":"console-replay:q6zkks22","startSkewMs":1.1075000166893005,"batchElapsedMs":241.1075000166893}
10-14 21:54:49.424 16074 16137 I ReactNativeJS: [outputs] outputs.hapticSymbol {"timestamp":164404930.876866,"wallClock":1760493289423,"enabled":true,"symbol":".","durationMs":120,"platform":"android","source":"console.replay","correlationId":"console-replay:q6zkks22","timelineOffsetMs":null,"dispatchPhase":"actual"}
10-14 21:54:49.425 16074 16137 I ReactNativeJS: [outputs] outputs.flashPulse.nativeHandled {"timestamp":164404932.133324,"wallClock":1760493289425,"durationMs":120,"source":"console.replay","dispatchPhase":"actual","correlationId":"console-replay:q6zkks22","flashIntensity":0.8,"brightnessPercent":80,"nativeFlashAvailable":true}
10-14 21:54:49.554 16074 16629 D OutputsAudio: [outputs-audio] stop gain=1.000 release=6.00
10-14 21:54:49.554 16074 16629 D OutputsAudio: [outputs-audio] playMorse.gap sequence=2 nextOffset=480.000 gapTarget=164405138.721
10-14 21:54:49.554 16074 16629 D OutputsAudio: [outputs-audio] playMorse.dispatch sequence=3 symbol=. offset=480.000 lead=4.000 dispatchAt=164405134.721 gapLead=120.000
10-14 21:54:49.559 16074 16258 D OutputsAudio: [outputs-audio] tone.stop.actual stoppedAt=164405066.981
10-14 21:54:49.628 16074 16629 D OutputsAudio: [outputs-audio] start hz=600.0 gain=1.000 attack=2.50 release=6.00
10-14 21:54:49.628 16074 16629 D OutputsAudio: [outputs-audio] tone.request hz=600.0 gain=1.000 requestedAt=164405135.762
10-14 21:54:49.628 16074 16629 D OutputsAudio: [outputs-audio] playMorse.symbol.start sequence=3 symbol=. expected=164405138.721 actual=164405139.837 skew=1.116 batchElapsed=481.116
10-14 21:54:49.629 16074 16258 D OutputsAudio: [outputs-audio] tone.start.actual actual=164405136.967 requested=164405135.762 delta=1.205
10-14 21:54:49.632 16074 16258 D OutputsAudio: [outputs-audio] tone.gain.steady target=1.000 reachedAt=164405139.015 delta=2.048
10-14 21:54:49.639 16074 16137 I ReactNativeJS: [outputs] playMorse.symbol {"timestamp":164405145.111553,"wallClock":1760493289638,"symbol":".","durationMs":120,"index":2,"source":"console.replay","correlationId":"console-replay:4ktwzj2f","nativeTimestampMs":164405139.837282,"nativeDurationMs":120,"nativeOffsetMs":480,"nativeSequence":3,"monotonicTimestampMs":164405139.837282,"nativeExpectedTimestampMs":164405138.721241,"nativeStartSkewMs":1.1160410046577454,"nativeBatchElapsedMs":481.11604100465775,"nativeExpectedSincePriorMs":240,"nativeSincePriorMs":240.00854098796844,"nativePatternStartMs":164404658.721241,"nativeAgeMs":null,"nativeFlashHandled":true,"nativeFlashAvailable":true}
10-14 21:54:49.640 16074 16137 I ReactNativeJS: [outputs] playMorse.nativeOffset.spike {"timestamp":164405146.723532,"wallClock":1760493289639,"source":"console.replay","offsetMs":480,"sequence":3,"unitMs":120,"correlationId":"console-replay:4ktwzj2f","startSkewMs":1.1160410046577454,"batchElapsedMs":481.11604100465775}
10-14 21:54:49.641 16074 16137 I ReactNativeJS: [outputs] outputs.hapticSymbol {"timestamp":164405147.553376,"wallClock":1760493289640,"enabled":true,"symbol":".","durationMs":120,"platform":"android","source":"console.replay","correlationId":"console-replay:4ktwzj2f","timelineOffsetMs":null,"dispatchPhase":"actual"}
10-14 21:54:49.643 16074 16137 I ReactNativeJS: [outputs] outputs.flashPulse.nativeHandled {"timestamp":164405149.776084,"wallClock":1760493289642,"durationMs":120,"source":"console.replay","dispatchPhase":"actual","correlationId":"console-replay:4ktwzj2f","flashIntensity":0.8,"brightnessPercent":80,"nativeFlashAvailable":true}
10-14 21:54:49.774 16074 16629 D OutputsAudio: [outputs-audio] stop gain=1.000 release=6.00
10-14 21:54:49.774 16074 16629 D OutputsAudio: [outputs-audio] playMorse.gap sequence=3 nextOffset=720.000 gapTarget=164405378.721
10-14 21:54:49.774 16074 16629 D OutputsAudio: [outputs-audio] playMorse.dispatch sequence=4 symbol=- offset=720.000 lead=4.000 dispatchAt=164405374.721 gapLead=120.000
10-14 21:54:49.780 16074 16258 D OutputsAudio: [outputs-audio] tone.stop.actual stoppedAt=164405287.002
10-14 21:54:49.868 16074 16629 D OutputsAudio: [outputs-audio] start hz=600.0 gain=1.000 attack=2.50 release=6.00
10-14 21:54:49.868 16074 16629 D OutputsAudio: [outputs-audio] tone.request hz=600.0 gain=1.000 requestedAt=164405375.393
10-14 21:54:49.868 16074 16629 D OutputsAudio: [outputs-audio] playMorse.symbol.start sequence=4 symbol=- expected=164405378.721 actual=164405379.494 skew=0.773 batchElapsed=720.773
10-14 21:54:49.870 16074 16258 D OutputsAudio: [outputs-audio] tone.start.actual actual=164405376.989 requested=164405375.393 delta=1.596
10-14 21:54:49.870 16074 16137 I ReactNativeJS: [outputs] playMorse.symbol {"timestamp":164405376.624782,"wallClock":1760493289869,"symbol":"-","durationMs":360,"index":3,"source":"console.replay","correlationId":"console-replay:m47cu9zb","nativeTimestampMs":164405379.494053,"nativeDurationMs":360,"nativeOffsetMs":720,"nativeSequence":4,"monotonicTimestampMs":164405379.494053,"nativeExpectedTimestampMs":164405378.721241,"nativeStartSkewMs":0.772812008857727,"nativeBatchElapsedMs":720.7728120088577,"nativeExpectedSincePriorMs":240,"nativeSincePriorMs":239.65677100419998,"nativePatternStartMs":164404658.721241,"nativeAgeMs":null,"nativeFlashHandled":true,"nativeFlashAvailable":true}
10-14 21:54:49.871 16074 16137 I ReactNativeJS: [outputs] playMorse.nativeOffset.spike {"timestamp":164405377.562334,"wallClock":1760493289870,"source":"console.replay","offsetMs":720,"sequence":4,"unitMs":120,"correlationId":"console-replay:m47cu9zb","startSkewMs":0.772812008857727,"batchElapsedMs":720.7728120088577}
10-14 21:54:49.872 16074 16258 D OutputsAudio: [outputs-audio] tone.gain.steady target=1.000 reachedAt=164405378.988 delta=1.998
10-14 21:54:49.872 16074 16137 I ReactNativeJS: [outputs] outputs.hapticSymbol {"timestamp":164405378.621032,"wallClock":1760493289871,"enabled":true,"symbol":"-","durationMs":360,"platform":"android","source":"console.replay","correlationId":"console-replay:m47cu9zb","timelineOffsetMs":null,"dispatchPhase":"actual"}
10-14 21:54:49.873 16074 16137 I ReactNativeJS: [outputs] outputs.flashPulse.nativeHandled {"timestamp":164405379.866032,"wallClock":1760493289872,"durationMs":360,"source":"console.replay","dispatchPhase":"actual","correlationId":"console-replay:m47cu9zb","flashIntensity":0.8,"brightnessPercent":80,"nativeFlashAvailable":true}
10-14 21:54:50.247 16074 16629 D OutputsAudio: [outputs-audio] stop gain=1.000 release=6.00
10-14 21:54:50.248 16074 16629 D OutputsAudio: [outputs-audio] playMorse.gap sequence=4 nextOffset=1200.000 gapTarget=164405858.721
10-14 21:54:50.248 16074 16629 D OutputsAudio: [outputs-audio] playMorse.dispatch sequence=5 symbol=- offset=1200.000 lead=4.000 dispatchAt=164405854.721 gapLead=120.000
10-14 21:54:50.252 16074 16258 D OutputsAudio: [outputs-audio] tone.stop.actual stoppedAt=164405759.054
10-14 21:54:50.348 16074 16629 D OutputsAudio: [outputs-audio] start hz=600.0 gain=1.000 attack=2.50 release=6.00
10-14 21:54:50.348 16074 16629 D OutputsAudio: [outputs-audio] tone.request hz=600.0 gain=1.000 requestedAt=164405855.394
10-14 21:54:50.348 16074 16629 D OutputsAudio: [outputs-audio] playMorse.symbol.start sequence=5 symbol=- expected=164405858.721 actual=164405859.596 skew=0.875 batchElapsed=1200.875
10-14 21:54:50.350 16074 16258 D OutputsAudio: [outputs-audio] tone.start.actual actual=164405857.016 requested=164405855.394 delta=1.621
10-14 21:54:50.352 16074 16258 D OutputsAudio: [outputs-audio] tone.gain.steady target=1.000 reachedAt=164405859.020 delta=2.005
10-14 21:54:50.360 16074 16137 I ReactNativeJS: [outputs] playMorse.symbol {"timestamp":164405866.685094,"wallClock":1760493290359,"symbol":"-","durationMs":360,"index":4,"source":"console.replay","correlationId":"console-replay:dc3ksidt","nativeTimestampMs":164405859.596136,"nativeDurationMs":360,"nativeOffsetMs":1200,"nativeSequence":5,"monotonicTimestampMs":164405859.596136,"nativeExpectedTimestampMs":164405858.721241,"nativeStartSkewMs":0.8748950064182281,"nativeBatchElapsedMs":1200.8748950064182,"nativeExpectedSincePriorMs":480,"nativeSincePriorMs":480.1020829975605,"nativePatternStartMs":164404658.721241,"nativeAgeMs":null,"nativeFlashHandled":true,"nativeFlashAvailable":true}
10-14 21:54:50.361 16074 16137 I ReactNativeJS: [outputs] playMorse.nativeOffset.spike {"timestamp":164405868.081657,"wallClock":1760493290361,"source":"console.replay","offsetMs":1200,"sequence":5,"unitMs":120,"correlationId":"console-replay:dc3ksidt","startSkewMs":0.8748950064182281,"batchElapsedMs":1200.8748950064182}
10-14 21:54:50.368 16074 16137 I ReactNativeJS: [outputs] outputs.hapticSymbol {"timestamp":164405868.823844,"wallClock":1760493290361,"enabled":true,"symbol":"-","durationMs":360,"platform":"android","source":"console.replay","correlationId":"console-replay:dc3ksidt","timelineOffsetMs":null,"dispatchPhase":"actual"}
10-14 21:54:50.369 16074 16137 I ReactNativeJS: [outputs] outputs.flashPulse.nativeHandled {"timestamp":164405876.119365,"wallClock":1760493290369,"durationMs":360,"source":"console.replay","dispatchPhase":"actual","correlationId":"console-replay:dc3ksidt","flashIntensity":0.8,"brightnessPercent":80,"nativeFlashAvailable":true}
10-14 21:54:50.736 16074 16629 D OutputsAudio: [outputs-audio] stop gain=1.000 release=6.00
10-14 21:54:50.736 16074 16629 D OutputsAudio: [outputs-audio] playMorse.gap sequence=5 nextOffset=1680.000 gapTarget=164406338.721
10-14 21:54:50.736 16074 16629 D OutputsAudio: [outputs-audio] playMorse.dispatch sequence=6 symbol=- offset=1680.000 lead=4.000 dispatchAt=164406334.721 gapLead=120.000
10-14 21:54:50.742 16074 16258 D OutputsAudio: [outputs-audio] tone.stop.actual stoppedAt=164406249.055
10-14 21:54:50.828 16074 16629 D OutputsAudio: [outputs-audio] start hz=600.0 gain=1.000 attack=2.50 release=6.00
10-14 21:54:50.828 16074 16629 D OutputsAudio: [outputs-audio] tone.request hz=600.0 gain=1.000 requestedAt=164406335.082
10-14 21:54:50.828 16074 16629 D OutputsAudio: [outputs-audio] playMorse.symbol.start sequence=6 symbol=- expected=164406338.721 actual=164406339.288 skew=0.567 batchElapsed=1680.567
10-14 21:54:50.830 16074 16258 D OutputsAudio: [outputs-audio] tone.start.actual actual=164406337.071 requested=164406335.082 delta=1.989
10-14 21:54:50.832 16074 16258 D OutputsAudio: [outputs-audio] tone.gain.steady target=1.000 reachedAt=164406339.064 delta=1.993
10-14 21:54:50.839 16074 16137 I ReactNativeJS: [outputs] playMorse.symbol {"timestamp":164406344.985667,"wallClock":1760493290837,"symbol":"-","durationMs":360,"index":5,"source":"console.replay","correlationId":"console-replay:aiofguwv","nativeTimestampMs":164406339.288063,"nativeDurationMs":360,"nativeOffsetMs":1680,"nativeSequence":6,"monotonicTimestampMs":164406339.288063,"nativeExpectedTimestampMs":164406338.721241,"nativeStartSkewMs":0.5668219923973083,"nativeBatchElapsedMs":1680.5668219923973,"nativeExpectedSincePriorMs":480,"nativeSincePriorMs":479.6919269859791,"nativePatternStartMs":164404658.721241,"nativeAgeMs":null,"nativeFlashHandled":true,"nativeFlashAvailable":true}
10-14 21:54:50.840 16074 16137 I ReactNativeJS: [outputs] playMorse.nativeOffset.spike {"timestamp":164406346.580876,"wallClock":1760493290839,"source":"console.replay","offsetMs":1680,"sequence":6,"unitMs":120,"correlationId":"console-replay:aiofguwv","startSkewMs":0.5668219923973083,"batchElapsedMs":1680.5668219923973}
10-14 21:54:50.845 16074 16137 I ReactNativeJS: [outputs] outputs.hapticSymbol {"timestamp":164406347.535094,"wallClock":1760493290840,"enabled":true,"symbol":"-","durationMs":360,"platform":"android","source":"console.replay","correlationId":"console-replay:aiofguwv","timelineOffsetMs":null,"dispatchPhase":"actual"}
10-14 21:54:50.846 16074 16137 I ReactNativeJS: [outputs] outputs.flashPulse.nativeHandled {"timestamp":164406352.948532,"wallClock":1760493290845,"durationMs":360,"source":"console.replay","dispatchPhase":"actual","correlationId":"console-replay:aiofguwv","flashIntensity":0.8,"brightnessPercent":80,"nativeFlashAvailable":true}
10-14 21:54:51.194 16074 16629 D OutputsAudio: [outputs-audio] stop gain=1.000 release=6.00
10-14 21:54:51.194 16074 16629 D OutputsAudio: [outputs-audio] playMorse.gap sequence=6 nextOffset=2160.000 gapTarget=164406818.721
10-14 21:54:51.195 16074 16629 D OutputsAudio: [outputs-audio] playMorse.dispatch sequence=7 symbol=. offset=2160.000 lead=4.000 dispatchAt=164406814.721 gapLead=120.000
10-14 21:54:51.200 16074 16258 D OutputsAudio: [outputs-audio] tone.stop.actual stoppedAt=164406707.051
10-14 21:54:51.310 16074 16629 D OutputsAudio: [outputs-audio] start hz=600.0 gain=1.000 attack=2.50 release=6.00
10-14 21:54:51.310 16074 16629 D OutputsAudio: [outputs-audio] tone.request hz=600.0 gain=1.000 requestedAt=164406817.616
10-14 21:54:51.310 16074 16629 D OutputsAudio: [outputs-audio] playMorse.symbol.start sequence=7 symbol=. expected=164406818.721 actual=164406821.706 skew=2.985 batchElapsed=2162.985
10-14 21:54:51.312 16074 16258 D OutputsAudio: [outputs-audio] tone.start.actual actual=164406819.000 requested=164406817.616 delta=1.384
10-14 21:54:51.314 16074 16258 D OutputsAudio: [outputs-audio] tone.gain.steady target=1.000 reachedAt=164406820.997 delta=1.997
10-14 21:54:51.318 16074 16137 I ReactNativeJS: [outputs] playMorse.symbol {"timestamp":164406824.344,"wallClock":1760493291317,"symbol":".","durationMs":120,"index":6,"source":"console.replay","correlationId":"console-replay:7m22lo25","nativeTimestampMs":164406821.706136,"nativeDurationMs":120,"nativeOffsetMs":2160,"nativeSequence":7,"monotonicTimestampMs":164406821.706136,"nativeExpectedTimestampMs":164406818.721241,"nativeStartSkewMs":2.9848949909210205,"nativeBatchElapsedMs":2162.984894990921,"nativeExpectedSincePriorMs":480,"nativeSincePriorMs":482.4180729985237,"nativePatternStartMs":164404658.721241,"nativeAgeMs":null,"nativeFlashHandled":true,"nativeFlashAvailable":true}
10-14 21:54:51.318 16074 16137 I ReactNativeJS: [outputs] playMorse.nativeOffset.spike {"timestamp":164406825.359886,"wallClock":1760493291318,"source":"console.replay","offsetMs":2160,"sequence":7,"unitMs":120,"correlationId":"console-replay:7m22lo25","startSkewMs":2.9848949909210205,"batchElapsedMs":2162.984894990921}
10-14 21:54:51.319 16074 16137 I ReactNativeJS: [outputs] outputs.hapticSymbol {"timestamp":164406825.98723,"wallClock":1760493291318,"enabled":true,"symbol":".","durationMs":120,"platform":"android","source":"console.replay","correlationId":"console-replay:7m22lo25","timelineOffsetMs":null,"dispatchPhase":"actual"}
10-14 21:54:51.320 16074 16137 I ReactNativeJS: [outputs] outputs.flashPulse.nativeHandled {"timestamp":164406826.876552,"wallClock":1760493291319,"durationMs":120,"source":"console.replay","dispatchPhase":"actual","correlationId":"console-replay:7m22lo25","flashIntensity":0.8,"brightnessPercent":80,"nativeFlashAvailable":true}
10-14 21:54:51.442 16074 16629 D OutputsAudio: [outputs-audio] stop gain=1.000 release=6.00
10-14 21:54:51.442 16074 16629 D OutputsAudio: [outputs-audio] playMorse.gap sequence=7 nextOffset=2400.000 gapTarget=164407058.721
10-14 21:54:51.442 16074 16629 D OutputsAudio: [outputs-audio] playMorse.dispatch sequence=8 symbol=. offset=2400.000 lead=4.000 dispatchAt=164407054.721 gapLead=120.000
10-14 21:54:51.448 16074 16258 D OutputsAudio: [outputs-audio] tone.stop.actual stoppedAt=164406955.014
10-14 21:54:51.548 16074 16629 D OutputsAudio: [outputs-audio] start hz=600.0 gain=1.000 attack=2.50 release=6.00
10-14 21:54:51.548 16074 16629 D OutputsAudio: [outputs-audio] tone.request hz=600.0 gain=1.000 requestedAt=164407055.378
10-14 21:54:51.548 16074 16629 D OutputsAudio: [outputs-audio] playMorse.symbol.start sequence=8 symbol=. expected=164407058.721 actual=164407059.455 skew=0.734 batchElapsed=2400.734
10-14 21:54:51.550 16074 16258 D OutputsAudio: [outputs-audio] tone.start.actual actual=164407057.004 requested=164407055.378 delta=1.627
10-14 21:54:51.552 16074 16258 D OutputsAudio: [outputs-audio] tone.gain.steady target=1.000 reachedAt=164407059.015 delta=2.011
10-14 21:54:51.558 16074 16137 I ReactNativeJS: [outputs] playMorse.symbol {"timestamp":164407062.677386,"wallClock":1760493291555,"symbol":".","durationMs":120,"index":7,"source":"console.replay","correlationId":"console-replay:i93znyrq","nativeTimestampMs":164407059.45499,"nativeDurationMs":120,"nativeOffsetMs":2400,"nativeSequence":8,"monotonicTimestampMs":164407059.45499,"nativeExpectedTimestampMs":164407058.721241,"nativeStartSkewMs":0.7337490022182465,"nativeBatchElapsedMs":2400.7337490022182,"nativeExpectedSincePriorMs":240,"nativeSincePriorMs":237.74885401129723,"nativePatternStartMs":164404658.721241,"nativeAgeMs":null,"nativeFlashHandled":true,"nativeFlashAvailable":true}
10-14 21:54:51.559 16074 16137 I ReactNativeJS: [outputs] playMorse.nativeOffset.spike {"timestamp":164407065.646136,"wallClock":1760493291558,"source":"console.replay","offsetMs":2400,"sequence":8,"unitMs":120,"correlationId":"console-replay:i93znyrq","startSkewMs":0.7337490022182465,"batchElapsedMs":2400.7337490022182}
10-14 21:54:51.561 16074 16137 I ReactNativeJS: [outputs] outputs.hapticSymbol {"timestamp":164407067.008427,"wallClock":1760493291559,"enabled":true,"symbol":".","durationMs":120,"platform":"android","source":"console.replay","correlationId":"console-replay:i93znyrq","timelineOffsetMs":null,"dispatchPhase":"actual"}
10-14 21:54:51.564 16074 16137 I ReactNativeJS: [outputs] outputs.flashPulse.nativeHandled {"timestamp":164407070.107177,"wallClock":1760493291563,"durationMs":120,"source":"console.replay","dispatchPhase":"actual","correlationId":"console-replay:i93znyrq","flashIntensity":0.8,"brightnessPercent":80,"nativeFlashAvailable":true}
10-14 21:54:51.682 16074 16629 D OutputsAudio: [outputs-audio] stop gain=1.000 release=6.00
10-14 21:54:51.682 16074 16629 D OutputsAudio: [outputs-audio] playMorse.gap sequence=8 nextOffset=2640.000 gapTarget=164407298.721
10-14 21:54:51.682 16074 16629 D OutputsAudio: [outputs-audio] playMorse.dispatch sequence=9 symbol=. offset=2640.000 lead=4.000 dispatchAt=164407294.721 gapLead=120.000
10-14 21:54:51.687 16074 16258 D OutputsAudio: [outputs-audio] tone.stop.actual stoppedAt=164407194.979
10-14 21:54:51.788 16074 16629 D OutputsAudio: [outputs-audio] start hz=600.0 gain=1.000 attack=2.50 release=6.00
10-14 21:54:51.788 16074 16629 D OutputsAudio: [outputs-audio] tone.request hz=600.0 gain=1.000 requestedAt=164407295.371
10-14 21:54:51.788 16074 16629 D OutputsAudio: [outputs-audio] playMorse.symbol.start sequence=9 symbol=. expected=164407298.721 actual=164407299.511 skew=0.790 batchElapsed=2640.790
10-14 21:54:51.790 16074 16258 D OutputsAudio: [outputs-audio] tone.start.actual actual=164407296.992 requested=164407295.371 delta=1.621
10-14 21:54:51.791 16074 16137 I ReactNativeJS: [outputs] playMorse.symbol {"timestamp":164407297.221448,"wallClock":1760493291790,"symbol":".","durationMs":120,"index":8,"source":"console.replay","correlationId":"console-replay:dsn9unex","nativeTimestampMs":164407299.511396,"nativeDurationMs":120,"nativeOffsetMs":2640,"nativeSequence":9,"monotonicTimestampMs":164407299.511396,"nativeExpectedTimestampMs":164407298.721241,"nativeStartSkewMs":0.7901549935340881,"nativeBatchElapsedMs":2640.790154993534,"nativeExpectedSincePriorMs":240,"nativeSincePriorMs":240.05640599131584,"nativePatternStartMs":164404658.721241,"nativeAgeMs":null,"nativeFlashHandled":true,"nativeFlashAvailable":true}
10-14 21:54:51.792 16074 16258 D OutputsAudio: [outputs-audio] tone.gain.steady target=1.000 reachedAt=164407299.002 delta=2.009
10-14 21:54:51.793 16074 16137 I ReactNativeJS: [outputs] playMorse.nativeOffset.spike {"timestamp":164407299.126031,"wallClock":1760493291792,"source":"console.replay","offsetMs":2640,"sequence":9,"unitMs":120,"correlationId":"console-replay:dsn9unex","startSkewMs":0.7901549935340881,"batchElapsedMs":2640.790154993534}
10-14 21:54:51.794 16074 16137 I ReactNativeJS: [outputs] outputs.hapticSymbol {"timestamp":164407300.399365,"wallClock":1760493291793,"enabled":true,"symbol":".","durationMs":120,"platform":"android","source":"console.replay","correlationId":"console-replay:dsn9unex","timelineOffsetMs":null,"dispatchPhase":"actual"}
10-14 21:54:51.796 16074 16137 I ReactNativeJS: [outputs] outputs.flashPulse.nativeHandled {"timestamp":164407302.306813,"wallClock":1760493291795,"durationMs":120,"source":"console.replay","dispatchPhase":"actual","correlationId":"console-replay:dsn9unex","flashIntensity":0.8,"brightnessPercent":80,"nativeFlashAvailable":true}
10-14 21:54:51.914 16074 16629 D OutputsAudio: [outputs-audio] stop gain=1.000 release=6.00
10-14 21:54:51.914 16074 16629 D OutputsAudio: [outputs-audio] playMorse.gap sequence=9 nextOffset=2880.000 gapTarget=164407538.721
10-14 21:54:51.914 16074 16629 D OutputsAudio: [outputs-audio] playMorse.dispatch sequence=10 symbol=- offset=2880.000 lead=4.000 dispatchAt=164407534.721 gapLead=120.000
10-14 21:54:51.920 16074 16258 D OutputsAudio: [outputs-audio] tone.stop.actual stoppedAt=164407427.030
10-14 21:54:52.028 16074 16629 D OutputsAudio: [outputs-audio] start hz=600.0 gain=1.000 attack=2.50 release=6.00
10-14 21:54:52.029 16074 16629 D OutputsAudio: [outputs-audio] tone.request hz=600.0 gain=1.000 requestedAt=164407535.766
10-14 21:54:52.029 16074 16629 D OutputsAudio: [outputs-audio] playMorse.symbol.start sequence=10 symbol=- expected=164407538.721 actual=164407540.162 skew=1.440 batchElapsed=2881.440
10-14 21:54:52.030 16074 16258 D OutputsAudio: [outputs-audio] tone.start.actual actual=164407537.022 requested=164407535.766 delta=1.256
10-14 21:54:52.032 16074 16258 D OutputsAudio: [outputs-audio] tone.gain.steady target=1.000 reachedAt=164407539.018 delta=1.995
10-14 21:54:52.033 16074 16137 I ReactNativeJS: [outputs] playMorse.symbol {"timestamp":164407537.797333,"wallClock":1760493292030,"symbol":"-","durationMs":360,"index":9,"source":"console.replay","correlationId":"console-replay:qf2srv7x","nativeTimestampMs":164407540.1615,"nativeDurationMs":360,"nativeOffsetMs":2880,"nativeSequence":10,"monotonicTimestampMs":164407540.1615,"nativeExpectedTimestampMs":164407538.721241,"nativeStartSkewMs":1.4402590095996857,"nativeBatchElapsedMs":2881.4402590095997,"nativeExpectedSincePriorMs":240,"nativeSincePriorMs":240.6501040160656,"nativePatternStartMs":164404658.721241,"nativeAgeMs":null,"nativeFlashHandled":true,"nativeFlashAvailable":true}
10-14 21:54:52.034 16074 16137 I ReactNativeJS: [outputs] playMorse.nativeOffset.spike {"timestamp":164407540.490354,"wallClock":1760493292033,"source":"console.replay","offsetMs":2880,"sequence":10,"unitMs":120,"correlationId":"console-replay:qf2srv7x","startSkewMs":1.4402590095996857,"batchElapsedMs":2881.4402590095997}
10-14 21:54:52.034 16074 16137 I ReactNativeJS: [outputs] outputs.hapticSymbol {"timestamp":164407541.332229,"wallClock":1760493292034,"enabled":true,"symbol":"-","durationMs":360,"platform":"android","source":"console.replay","correlationId":"console-replay:qf2srv7x","timelineOffsetMs":null,"dispatchPhase":"actual"}
10-14 21:54:52.036 16074 16137 I ReactNativeJS: [outputs] outputs.flashPulse.nativeHandled {"timestamp":164407543.305875,"wallClock":1760493292036,"durationMs":360,"source":"console.replay","dispatchPhase":"actual","correlationId":"console-replay:qf2srv7x","flashIntensity":0.8,"brightnessPercent":80,"nativeFlashAvailable":true}
10-14 21:54:52.398 16074 16629 D OutputsAudio: [outputs-audio] stop gain=1.000 release=6.00
10-14 21:54:52.399 16074 16629 D OutputsAudio: [outputs-audio] playMorse.gap sequence=10 nextOffset=3360.000 gapTarget=164408018.721
10-14 21:54:52.399 16074 16629 D OutputsAudio: [outputs-audio] playMorse.dispatch sequence=11 symbol=- offset=3360.000 lead=4.000 dispatchAt=164408014.721 gapLead=120.000
10-14 21:54:52.404 16074 16258 D OutputsAudio: [outputs-audio] tone.stop.actual stoppedAt=164407911.051
10-14 21:54:52.508 16074 16629 D OutputsAudio: [outputs-audio] start hz=600.0 gain=1.000 attack=2.50 release=6.00
10-14 21:54:52.508 16074 16629 D OutputsAudio: [outputs-audio] tone.request hz=600.0 gain=1.000 requestedAt=164408015.096
10-14 21:54:52.508 16074 16629 D OutputsAudio: [outputs-audio] playMorse.symbol.start sequence=11 symbol=- expected=164408018.721 actual=164408019.268 skew=0.547 batchElapsed=3360.547
10-14 21:54:52.510 16074 16258 D OutputsAudio: [outputs-audio] tone.start.actual actual=164408017.010 requested=164408015.096 delta=1.913
10-14 21:54:52.512 16074 16258 D OutputsAudio: [outputs-audio] tone.gain.steady target=1.000 reachedAt=164408019.028 delta=2.018
10-14 21:54:52.514 16074 16137 I ReactNativeJS: [outputs] playMorse.symbol {"timestamp":164408017.236187,"wallClock":1760493292510,"symbol":"-","durationMs":360,"index":10,"source":"console.replay","correlationId":"console-replay:5wlua7mt","nativeTimestampMs":164408019.268479,"nativeDurationMs":360,"nativeOffsetMs":3360,"nativeSequence":11,"monotonicTimestampMs":164408019.268479,"nativeExpectedTimestampMs":164408018.721241,"nativeStartSkewMs":0.5472379922866821,"nativeBatchElapsedMs":3360.5472379922867,"nativeExpectedSincePriorMs":480,"nativeSincePriorMs":479.106978982687,"nativePatternStartMs":164404658.721241,"nativeAgeMs":null,"nativeFlashHandled":true,"nativeFlashAvailable":true}
10-14 21:54:52.516 16074 16137 I ReactNativeJS: [outputs] playMorse.nativeOffset.spike {"timestamp":164408021.681396,"wallClock":1760493292514,"source":"console.replay","offsetMs":3360,"sequence":11,"unitMs":120,"correlationId":"console-replay:5wlua7mt","startSkewMs":0.5472379922866821,"batchElapsedMs":3360.5472379922867}
10-14 21:54:52.519 16074 16137 I ReactNativeJS: [outputs] outputs.hapticSymbol {"timestamp":164408024.202385,"wallClock":1760493292517,"enabled":true,"symbol":"-","durationMs":360,"platform":"android","source":"console.replay","correlationId":"console-replay:5wlua7mt","timelineOffsetMs":null,"dispatchPhase":"actual"}
10-14 21:54:52.524 16074 16137 I ReactNativeJS: [outputs] outputs.flashPulse.nativeHandled {"timestamp":164408030.133635,"wallClock":1760493292523,"durationMs":360,"source":"console.replay","dispatchPhase":"actual","correlationId":"console-replay:5wlua7mt","flashIntensity":0.8,"brightnessPercent":80,"nativeFlashAvailable":true}
10-14 21:54:52.873 16074 16629 D OutputsAudio: [outputs-audio] stop gain=1.000 release=6.00
10-14 21:54:52.873 16074 16629 D OutputsAudio: [outputs-audio] playMorse.gap sequence=11 nextOffset=3840.000 gapTarget=164408498.721
10-14 21:54:52.873 16074 16629 D OutputsAudio: [outputs-audio] playMorse.dispatch sequence=12 symbol=- offset=3840.000 lead=4.000 dispatchAt=164408494.721 gapLead=120.000
10-14 21:54:52.878 16074 16258 D OutputsAudio: [outputs-audio] tone.stop.actual stoppedAt=164408385.015
10-14 21:54:52.988 16074 16629 D OutputsAudio: [outputs-audio] start hz=600.0 gain=1.000 attack=2.50 release=6.00
10-14 21:54:52.988 16074 16629 D OutputsAudio: [outputs-audio] tone.request hz=600.0 gain=1.000 requestedAt=164408495.492
10-14 21:54:52.988 16074 16629 D OutputsAudio: [outputs-audio] playMorse.symbol.start sequence=12 symbol=- expected=164408498.721 actual=164408499.572 skew=0.851 batchElapsed=3840.851
10-14 21:54:52.989 16074 16258 D OutputsAudio: [outputs-audio] tone.start.actual actual=164408496.982 requested=164408495.492 delta=1.490
10-14 21:54:52.991 16074 16258 D OutputsAudio: [outputs-audio] tone.gain.steady target=1.000 reachedAt=164408498.984 delta=2.002
10-14 21:54:52.993 16074 16137 I ReactNativeJS: [outputs] playMorse.symbol {"timestamp":164408498.951656,"wallClock":1760493292991,"symbol":"-","durationMs":360,"index":11,"source":"console.replay","correlationId":"console-replay:qlr37lkh","nativeTimestampMs":164408499.571916,"nativeDurationMs":360,"nativeOffsetMs":3840,"nativeSequence":12,"monotonicTimestampMs":164408499.571916,"nativeExpectedTimestampMs":164408498.721241,"nativeStartSkewMs":0.8506750166416168,"nativeBatchElapsedMs":3840.8506750166416,"nativeExpectedSincePriorMs":480,"nativeSincePriorMs":480.30343702435493,"nativePatternStartMs":164404658.721241,"nativeAgeMs":null,"nativeFlashHandled":true,"nativeFlashAvailable":true}
10-14 21:54:52.993 16074 16137 I ReactNativeJS: [outputs] playMorse.nativeOffset.spike {"timestamp":164408500.172698,"wallClock":1760493292993,"source":"console.replay","offsetMs":3840,"sequence":12,"unitMs":120,"correlationId":"console-replay:qlr37lkh","startSkewMs":0.8506750166416168,"batchElapsedMs":3840.8506750166416}
10-14 21:54:52.994 16074 16137 I ReactNativeJS: [outputs] outputs.hapticSymbol {"timestamp":164408500.774521,"wallClock":1760493292993,"enabled":true,"symbol":"-","durationMs":360,"platform":"android","source":"console.replay","correlationId":"console-replay:qlr37lkh","timelineOffsetMs":null,"dispatchPhase":"actual"}
10-14 21:54:52.995 16074 16137 I ReactNativeJS: [outputs] outputs.flashPulse.nativeHandled {"timestamp":164408501.702437,"wallClock":1760493292994,"durationMs":360,"source":"console.replay","dispatchPhase":"actual","correlationId":"console-replay:qlr37lkh","flashIntensity":0.8,"brightnessPercent":80,"nativeFlashAvailable":true}
10-14 21:54:53.354 16074 16629 D OutputsAudio: [outputs-audio] stop gain=1.000 release=6.00
10-14 21:54:53.354 16074 16629 D OutputsAudio: [outputs-audio] playMorse.gap sequence=12 nextOffset=4320.000 gapTarget=164408978.721
10-14 21:54:53.354 16074 16629 D OutputsAudio: [outputs-audio] playMorse.dispatch sequence=13 symbol=. offset=4320.000 lead=4.000 dispatchAt=164408974.721 gapLead=120.000
10-14 21:54:53.360 16074 16258 D OutputsAudio: [outputs-audio] tone.stop.actual stoppedAt=164408867.237
10-14 21:54:53.468 16074 16629 D OutputsAudio: [outputs-audio] start hz=600.0 gain=1.000 attack=2.50 release=6.00
10-14 21:54:53.468 16074 16629 D OutputsAudio: [outputs-audio] tone.request hz=600.0 gain=1.000 requestedAt=164408975.423
10-14 21:54:53.468 16074 16629 D OutputsAudio: [outputs-audio] playMorse.symbol.start sequence=13 symbol=. expected=164408978.721 actual=164408979.612 skew=0.891 batchElapsed=4320.891
10-14 21:54:53.470 16074 16258 D OutputsAudio: [outputs-audio] tone.start.actual actual=164408976.985 requested=164408975.423 delta=1.563
10-14 21:54:53.472 16074 16258 D OutputsAudio: [outputs-audio] tone.gain.steady target=1.000 reachedAt=164408979.024 delta=2.039
10-14 21:54:53.472 16074 16137 I ReactNativeJS: [outputs] playMorse.symbol {"timestamp":164408977.549416,"wallClock":1760493293470,"symbol":".","durationMs":120,"index":12,"source":"console.replay","correlationId":"console-replay:rnrk8apc","nativeTimestampMs":164408979.611968,"nativeDurationMs":120,"nativeOffsetMs":4320,"nativeSequence":13,"monotonicTimestampMs":164408979.611968,"nativeExpectedTimestampMs":164408978.721241,"nativeStartSkewMs":0.8907270133495331,"nativeBatchElapsedMs":4320.8907270133495,"nativeExpectedSincePriorMs":480,"nativeSincePriorMs":480.0400519967079,"nativePatternStartMs":164404658.721241,"nativeAgeMs":null,"nativeFlashHandled":true,"nativeFlashAvailable":true}
10-14 21:54:53.473 16074 16137 I ReactNativeJS: [outputs] playMorse.nativeOffset.spike {"timestamp":164408979.17577,"wallClock":1760493293472,"source":"console.replay","offsetMs":4320,"sequence":13,"unitMs":120,"correlationId":"console-replay:rnrk8apc","startSkewMs":0.8907270133495331,"batchElapsedMs":4320.8907270133495}
10-14 21:54:53.476 16074 16137 I ReactNativeJS: [outputs] outputs.hapticSymbol {"timestamp":164408980.514,"wallClock":1760493293473,"enabled":true,"symbol":".","durationMs":120,"platform":"android","source":"console.replay","correlationId":"console-replay:rnrk8apc","timelineOffsetMs":null,"dispatchPhase":"actual"}
10-14 21:54:53.478 16074 16137 I ReactNativeJS: [outputs] outputs.flashPulse.nativeHandled {"timestamp":164408984.517281,"wallClock":1760493293477,"durationMs":120,"source":"console.replay","dispatchPhase":"actual","correlationId":"console-replay:rnrk8apc","flashIntensity":0.8,"brightnessPercent":80,"nativeFlashAvailable":true}
10-14 21:54:53.593 16074 16629 D OutputsAudio: [outputs-audio] stop gain=1.000 release=6.00
10-14 21:54:53.593 16074 16629 D OutputsAudio: [outputs-audio] playMorse.gap sequence=13 nextOffset=4560.000 gapTarget=164409218.721
10-14 21:54:53.594 16074 16629 D OutputsAudio: [outputs-audio] playMorse.dispatch sequence=14 symbol=. offset=4560.000 lead=4.000 dispatchAt=164409214.721 gapLead=120.000
10-14 21:54:53.598 16074 16258 D OutputsAudio: [outputs-audio] tone.stop.actual stoppedAt=164409105.077
10-14 21:54:53.708 16074 16629 D OutputsAudio: [outputs-audio] start hz=600.0 gain=1.000 attack=2.50 release=6.00
10-14 21:54:53.708 16074 16629 D OutputsAudio: [outputs-audio] tone.request hz=600.0 gain=1.000 requestedAt=164409215.731
10-14 21:54:53.708 16074 16629 D OutputsAudio: [outputs-audio] playMorse.symbol.start sequence=14 symbol=. expected=164409218.721 actual=164409219.919 skew=1.198 batchElapsed=4561.198
10-14 21:54:53.710 16074 16258 D OutputsAudio: [outputs-audio] tone.start.actual actual=164409217.003 requested=164409215.731 delta=1.272
10-14 21:54:53.712 16074 16258 D OutputsAudio: [outputs-audio] tone.gain.steady target=1.000 reachedAt=164409219.024 delta=2.021
10-14 21:54:53.714 16074 16137 I ReactNativeJS: [outputs] playMorse.symbol {"timestamp":164409220.56952,"wallClock":1760493293713,"symbol":".","durationMs":120,"index":13,"source":"console.replay","correlationId":"console-replay:s8hmvr2b","nativeTimestampMs":164409219.919468,"nativeDurationMs":120,"nativeOffsetMs":4560,"nativeSequence":14,"monotonicTimestampMs":164409219.919468,"nativeExpectedTimestampMs":164409218.721241,"nativeStartSkewMs":1.1982269883155823,"nativeBatchElapsedMs":4561.198226988316,"nativeExpectedSincePriorMs":240,"nativeSincePriorMs":240.30749997496605,"nativePatternStartMs":164404658.721241,"nativeAgeMs":null,"nativeFlashHandled":true,"nativeFlashAvailable":true}
10-14 21:54:53.714 16074 16137 I ReactNativeJS: [outputs] playMorse.nativeOffset.spike {"timestamp":164409221.511291,"wallClock":1760493293714,"source":"console.replay","offsetMs":4560,"sequence":14,"unitMs":120,"correlationId":"console-replay:s8hmvr2b","startSkewMs":1.1982269883155823,"batchElapsedMs":4561.198226988316}
10-14 21:54:53.715 16074 16137 I ReactNativeJS: [outputs] outputs.hapticSymbol {"timestamp":164409222.049624,"wallClock":1760493293715,"enabled":true,"symbol":".","durationMs":120,"platform":"android","source":"console.replay","correlationId":"console-replay:s8hmvr2b","timelineOffsetMs":null,"dispatchPhase":"actual"}
10-14 21:54:53.716 16074 16137 I ReactNativeJS: [outputs] outputs.flashPulse.nativeHandled {"timestamp":164409222.981968,"wallClock":1760493293715,"durationMs":120,"source":"console.replay","dispatchPhase":"actual","correlationId":"console-replay:s8hmvr2b","flashIntensity":0.8,"brightnessPercent":80,"nativeFlashAvailable":true}
10-14 21:54:53.864 16074 16629 D OutputsAudio: [outputs-audio] stop gain=1.000 release=6.00
10-14 21:54:53.864 16074 16629 D OutputsAudio: [outputs-audio] playMorse.gap sequence=14 nextOffset=4800.000 gapTarget=164409458.721
10-14 21:54:53.864 16074 16629 D OutputsAudio: [outputs-audio] playMorse.dispatch sequence=15 symbol=. offset=4800.000 lead=4.000 dispatchAt=164409454.721 gapLead=120.000
10-14 21:54:53.870 16074 16258 D OutputsAudio: [outputs-audio] tone.stop.actual stoppedAt=164409377.061
10-14 21:54:53.948 16074 16629 D OutputsAudio: [outputs-audio] start hz=600.0 gain=1.000 attack=2.50 release=6.00
10-14 21:54:53.948 16074 16629 D OutputsAudio: [outputs-audio] tone.request hz=600.0 gain=1.000 requestedAt=164409455.085
10-14 21:54:53.948 16074 16629 D OutputsAudio: [outputs-audio] playMorse.symbol.start sequence=15 symbol=. expected=164409458.721 actual=164409459.344 skew=0.623 batchElapsed=4800.623
10-14 21:54:53.950 16074 16258 D OutputsAudio: [outputs-audio] tone.start.actual actual=164409456.990 requested=164409455.085 delta=1.905
10-14 21:54:53.952 16074 16258 D OutputsAudio: [outputs-audio] tone.gain.steady target=1.000 reachedAt=164409458.996 delta=2.005
10-14 21:54:53.965 16074 16137 I ReactNativeJS: [outputs] playMorse.symbol {"timestamp":164409471.769156,"wallClock":1760493293964,"symbol":".","durationMs":120,"index":14,"source":"console.replay","correlationId":"console-replay:eavtxnoy","nativeTimestampMs":164409459.343791,"nativeDurationMs":120,"nativeOffsetMs":4800,"nativeSequence":15,"monotonicTimestampMs":164409459.343791,"nativeExpectedTimestampMs":164409458.721241,"nativeStartSkewMs":0.6225500106811523,"nativeBatchElapsedMs":4800.622550010681,"nativeExpectedSincePriorMs":240,"nativeSincePriorMs":239.42432302236557,"nativePatternStartMs":164404658.721241,"nativeAgeMs":null,"nativeFlashHandled":true,"nativeFlashAvailable":true}
10-14 21:54:53.966 16074 16137 I ReactNativeJS: [outputs] playMorse.nativeOffset.spike {"timestamp":164409473.040926,"wallClock":1760493293966,"source":"console.replay","offsetMs":4800,"sequence":15,"unitMs":120,"correlationId":"console-replay:eavtxnoy","startSkewMs":0.6225500106811523,"batchElapsedMs":4800.622550010681}
10-14 21:54:53.967 16074 16137 I ReactNativeJS: [outputs] outputs.hapticSymbol {"timestamp":164409473.622281,"wallClock":1760493293966,"enabled":true,"symbol":".","durationMs":120,"platform":"android","source":"console.replay","correlationId":"console-replay:eavtxnoy","timelineOffsetMs":null,"dispatchPhase":"actual"}
10-14 21:54:53.968 16074 16137 I ReactNativeJS: [outputs] outputs.flashPulse.nativeHandled {"timestamp":164409474.647697,"wallClock":1760493293967,"durationMs":120,"source":"console.replay","dispatchPhase":"actual","correlationId":"console-replay:eavtxnoy","flashIntensity":0.8,"brightnessPercent":80,"nativeFlashAvailable":true}
10-14 21:54:54.114 16074 16629 D OutputsAudio: [outputs-audio] stop gain=1.000 release=6.00
10-14 21:54:54.115 16074 16629 D OutputsAudio: [outputs-audio] playMorse.gap sequence=15 nextOffset=5040.000 gapTarget=164409698.721
10-14 21:54:54.115 16074 16629 D OutputsAudio: [outputs-audio] playMorse.dispatch sequence=16 symbol=- offset=5040.000 lead=4.000 dispatchAt=164409694.721 gapLead=120.000
10-14 21:54:54.120 16074 16258 D OutputsAudio: [outputs-audio] tone.stop.actual stoppedAt=164409626.998
10-14 21:54:54.187 16074 16629 D OutputsAudio: [outputs-audio] start hz=600.0 gain=1.000 attack=2.50 release=6.00
10-14 21:54:54.188 16074 16629 D OutputsAudio: [outputs-audio] tone.request hz=600.0 gain=1.000 requestedAt=164409694.869
10-14 21:54:54.188 16074 16258 D OutputsAudio: [outputs-audio] tone.start.actual actual=164409694.974 requested=164409694.869 delta=0.104
10-14 21:54:54.188 16074 16629 D OutputsAudio: [outputs-audio] playMorse.symbol.start sequence=16 symbol=- expected=164409698.721 actual=164409699.248 skew=0.527 batchElapsed=5040.527
10-14 21:54:54.189 16074 16258 D OutputsAudio: [outputs-audio] tone.gain.steady target=1.000 reachedAt=164409696.985 delta=2.011
10-14 21:54:54.192 16074 16137 I ReactNativeJS: [outputs] playMorse.symbol {"timestamp":164409696.840822,"wallClock":1760493294189,"symbol":"-","durationMs":360,"index":15,"source":"console.replay","correlationId":"console-replay:v20tsnhc","nativeTimestampMs":164409699.247853,"nativeDurationMs":360,"nativeOffsetMs":5040,"nativeSequence":16,"monotonicTimestampMs":164409699.247853,"nativeExpectedTimestampMs":164409698.721241,"nativeStartSkewMs":0.5266120135784149,"nativeBatchElapsedMs":5040.526612013578,"nativeExpectedSincePriorMs":240,"nativeSincePriorMs":239.90406200289726,"nativePatternStartMs":164404658.721241,"nativeAgeMs":null,"nativeFlashHandled":true,"nativeFlashAvailable":true}
10-14 21:54:54.193 16074 16137 I ReactNativeJS: [outputs] playMorse.nativeOffset.spike {"timestamp":164409699.09926,"wallClock":1760493294192,"source":"console.replay","offsetMs":5040,"sequence":16,"unitMs":120,"correlationId":"console-replay:v20tsnhc","startSkewMs":0.5266120135784149,"batchElapsedMs":5040.526612013578}
10-14 21:54:54.194 16074 16137 I ReactNativeJS: [outputs] outputs.hapticSymbol {"timestamp":164409700.384312,"wallClock":1760493294193,"enabled":true,"symbol":"-","durationMs":360,"platform":"android","source":"console.replay","correlationId":"console-replay:v20tsnhc","timelineOffsetMs":null,"dispatchPhase":"actual"}
10-14 21:54:54.199 16074 16137 I ReactNativeJS: [outputs] outputs.flashPulse.nativeHandled {"timestamp":164409702.167645,"wallClock":1760493294195,"durationMs":360,"source":"console.replay","dispatchPhase":"actual","correlationId":"console-replay:v20tsnhc","flashIntensity":0.8,"brightnessPercent":80,"nativeFlashAvailable":true}
10-14 21:54:54.556 16074 16629 D OutputsAudio: [outputs-audio] stop gain=1.000 release=6.00
10-14 21:54:54.556 16074 16629 D OutputsAudio: [outputs-audio] playMorse.gap sequence=16 nextOffset=5520.000 gapTarget=164410178.721
10-14 21:54:54.556 16074 16629 D OutputsAudio: [outputs-audio] playMorse.dispatch sequence=17 symbol=- offset=5520.000 lead=4.000 dispatchAt=164410174.721 gapLead=120.000
10-14 21:54:54.560 16074 16258 D OutputsAudio: [outputs-audio] tone.stop.actual stoppedAt=164410067.025
10-14 21:54:54.668 16074 16629 D OutputsAudio: [outputs-audio] start hz=600.0 gain=1.000 attack=2.50 release=6.00
10-14 21:54:54.668 16074 16629 D OutputsAudio: [outputs-audio] tone.request hz=600.0 gain=1.000 requestedAt=164410175.637
10-14 21:54:54.668 16074 16629 D OutputsAudio: [outputs-audio] playMorse.symbol.start sequence=17 symbol=- expected=164410178.721 actual=164410179.799 skew=1.077 batchElapsed=5521.077
10-14 21:54:54.670 16074 16258 D OutputsAudio: [outputs-audio] tone.start.actual actual=164410177.001 requested=164410175.637 delta=1.364
10-14 21:54:54.672 16074 16258 D OutputsAudio: [outputs-audio] tone.gain.steady target=1.000 reachedAt=164410179.001 delta=2.000
10-14 21:54:54.674 16074 16137 I ReactNativeJS: [outputs] playMorse.symbol {"timestamp":164410178.67176,"wallClock":1760493294671,"symbol":"-","durationMs":360,"index":16,"source":"console.replay","correlationId":"console-replay:2cyzjf9r","nativeTimestampMs":164410179.798635,"nativeDurationMs":360,"nativeOffsetMs":5520,"nativeSequence":17,"monotonicTimestampMs":164410179.798635,"nativeExpectedTimestampMs":164410178.721241,"nativeStartSkewMs":1.0773940086364746,"nativeBatchElapsedMs":5521.0773940086365,"nativeExpectedSincePriorMs":480,"nativeSincePriorMs":480.55078199505806,"nativePatternStartMs":164404658.721241,"nativeAgeMs":null,"nativeFlashHandled":true,"nativeFlashAvailable":true}
10-14 21:54:54.675 16074 16137 I ReactNativeJS: [outputs] playMorse.nativeOffset.spike {"timestamp":164410181.654885,"wallClock":1760493294674,"source":"console.replay","offsetMs":5520,"sequence":17,"unitMs":120,"correlationId":"console-replay:2cyzjf9r","startSkewMs":1.0773940086364746,"batchElapsedMs":5521.0773940086365}
10-14 21:54:54.677 16074 16137 I ReactNativeJS: [outputs] outputs.hapticSymbol {"timestamp":164410182.912697,"wallClock":1760493294675,"enabled":true,"symbol":"-","durationMs":360,"platform":"android","source":"console.replay","correlationId":"console-replay:2cyzjf9r","timelineOffsetMs":null,"dispatchPhase":"actual"}
10-14 21:54:54.679 16074 16137 I ReactNativeJS: [outputs] outputs.flashPulse.nativeHandled {"timestamp":164410185.492332,"wallClock":1760493294678,"durationMs":360,"source":"console.replay","dispatchPhase":"actual","correlationId":"console-replay:2cyzjf9r","flashIntensity":0.8,"brightnessPercent":80,"nativeFlashAvailable":true}
10-14 21:54:55.035 16074 16629 D OutputsAudio: [outputs-audio] stop gain=1.000 release=6.00
10-14 21:54:55.035 16074 16629 D OutputsAudio: [outputs-audio] playMorse.gap sequence=17 nextOffset=6000.000 gapTarget=164410658.721
10-14 21:54:55.035 16074 16629 D OutputsAudio: [outputs-audio] playMorse.dispatch sequence=18 symbol=- offset=6000.000 lead=4.000 dispatchAt=164410654.721 gapLead=120.000
10-14 21:54:55.040 16074 16258 D OutputsAudio: [outputs-audio] tone.stop.actual stoppedAt=164410547.037
10-14 21:54:55.148 16074 16629 D OutputsAudio: [outputs-audio] start hz=600.0 gain=1.000 attack=2.50 release=6.00
10-14 21:54:55.148 16074 16629 D OutputsAudio: [outputs-audio] tone.request hz=600.0 gain=1.000 requestedAt=164410655.643
10-14 21:54:55.148 16074 16629 D OutputsAudio: [outputs-audio] playMorse.symbol.start sequence=18 symbol=- expected=164410658.721 actual=164410659.852 skew=1.130 batchElapsed=6001.130
10-14 21:54:55.149 16074 16258 D OutputsAudio: [outputs-audio] tone.start.actual actual=164410656.971 requested=164410655.643 delta=1.328
10-14 21:54:55.152 16074 16258 D OutputsAudio: [outputs-audio] tone.gain.steady target=1.000 reachedAt=164410659.001 delta=2.030
