10-11 14:14:56.031 11634 11711 I ReactNativeJS: [outputs] outputs.hapticSymbol {"timestamp":7519551.966452,"wallClock":1760206496030,"enabled":true,"symbol":".","durationMs":80,"platform":"android","source":"console.replay","correlationId":"console-replay:mgmli0pqyc7zka8p","timelineOffsetMs":44.50143100041896}
10-11 14:14:56.031 11634 11711 I ReactNativeJS: [outputs] outputs.flashPulse {"timestamp":7519552.777754,"wallClock":1760206496031,"enabled":true,"durationMs":80,"source":"console.replay","correlationId":"console-replay:mgmli0pqyc7zka8p","timelineOffsetMs":44.50143100041896}
10-11 14:14:56.065 11634 17330 D OutputsAudio: [outputs-audio] stop gain=1.000 release=6.00
10-11 14:14:56.106 11634 11711 I ReactNativeJS: [outputs] outputs.flashPulse.commit {"timestamp":7519627.105879,"wallClock":1760206496105,"durationMs":80,"source":"console.replay","correlationId":"console-replay:mgmli0pqyc7zka8p","latencyMs":75.7430729996413,"timelineOffsetMs":44.50143100041896}
10-11 14:14:56.147 11634 17330 D OutputsAudio: [outputs-audio] start hz=700.0 gain=1.000 attack=2.50 release=6.00
10-11 14:14:56.190 11634 11711 D OutputsAudio: [outputs-audio] symbol.info sequence=4 symbol=- timestamp=7519668.194 duration=240.000
10-11 14:14:56.191 11634 11711 I ReactNativeJS: [outputs] playMorse.symbol {"timestamp":7519711.958171,"wallClock":1760206496190,"symbol":"-","durationMs":240,"index":3,"source":"console.replay","correlationId":"console-replay:mgmli0u6fwptgvbw","nativeTimestampMs":7519668.194,"nativeDurationMs":240,"nativeOffsetMs":43.708076999522746,"nativeSequence":4,"monotonicTimestampMs":7519668.194}
10-11 14:14:56.191 11634 11711 I ReactNativeJS: [outputs] outputs.hapticSymbol {"timestamp":7519712.522911,"wallClock":1760206496191,"enabled":true,"symbol":"-","durationMs":240,"platform":"android","source":"console.replay","correlationId":"console-replay:mgmli0u6fwptgvbw","timelineOffsetMs":43.708076999522746}
10-11 14:14:56.192 11634 11711 I ReactNativeJS: [outputs] outputs.flashPulse {"timestamp":7519713.278171,"wallClock":1760206496192,"enabled":true,"durationMs":240,"source":"console.replay","correlationId":"console-replay:mgmli0u6fwptgvbw","timelineOffsetMs":43.708076999522746}
10-11 14:14:56.277 11634 11711 I ReactNativeJS: [outputs] outputs.flashPulse.commit {"timestamp":7519798.207546,"wallClock":1760206496277,"durationMs":240,"source":"console.replay","correlationId":"console-replay:mgmli0u6fwptgvbw","latencyMs":86.3011460006237,"timelineOffsetMs":43.708076999522746}
10-11 14:14:56.387 11634 17330 D OutputsAudio: [outputs-audio] stop gain=1.000 release=6.00
10-11 14:14:56.468 11634 17330 D OutputsAudio: [outputs-audio] start hz=700.0 gain=1.000 attack=2.50 release=6.00
10-11 14:14:56.479 11634 11711 D OutputsAudio: [outputs-audio] symbol.info sequence=5 symbol=- timestamp=7519989.672 duration=240.000
10-11 14:14:56.479 11634 11711 I ReactNativeJS: [outputs] playMorse.symbol {"timestamp":7520000.312546,"wallClock":1760206496479,"symbol":"-","durationMs":240,"index":4,"source":"console.replay","correlationId":"console-replay:mgmli127b85f4jkc","nativeTimestampMs":7519989.672,"nativeDurationMs":240,"nativeOffsetMs":10.552004000172019,"nativeSequence":5,"monotonicTimestampMs":7519989.672}
10-11 14:14:56.480 11634 11711 I ReactNativeJS: [outputs] outputs.hapticSymbol {"timestamp":7520001.074317,"wallClock":1760206496479,"enabled":true,"symbol":"-","durationMs":240,"platform":"android","source":"console.replay","correlationId":"console-replay:mgmli127b85f4jkc","timelineOffsetMs":10.552004000172019}
10-11 14:14:56.481 11634 11711 I ReactNativeJS: [outputs] outputs.flashPulse {"timestamp":7520002.298015,"wallClock":1760206496481,"enabled":true,"durationMs":240,"source":"console.replay","correlationId":"console-replay:mgmli127b85f4jkc","timelineOffsetMs":10.552004000172019}
10-11 14:14:56.557 11634 11711 I ReactNativeJS: [outputs] outputs.flashPulse.commit {"timestamp":7520078.268587,"wallClock":1760206496557,"durationMs":240,"source":"console.replay","correlationId":"console-replay:mgmli127b85f4jkc","latencyMs":78.04000000003725,"timelineOffsetMs":10.552004000172019}
10-11 14:14:56.709 11634 17330 D OutputsAudio: [outputs-audio] stop gain=1.000 release=6.00
10-11 14:14:56.790 11634 17330 D OutputsAudio: [outputs-audio] start hz=700.0 gain=1.000 attack=2.50 release=6.00
10-11 14:14:56.803 11634 11711 D OutputsAudio: [outputs-audio] symbol.info sequence=6 symbol=- timestamp=7520311.642 duration=240.000
10-11 14:14:56.804 11634 11711 I ReactNativeJS: [outputs] playMorse.symbol {"timestamp":7520324.948796,"wallClock":1760206496803,"symbol":"-","durationMs":240,"index":5,"source":"console.replay","correlationId":"console-replay:mgmli1b7q5kcvbix","nativeTimestampMs":7520311.642,"nativeDurationMs":240,"nativeOffsetMs":13.2035140004009,"nativeSequence":6,"monotonicTimestampMs":7520311.642}
10-11 14:14:56.805 11634 11711 I ReactNativeJS: [outputs] outputs.hapticSymbol {"timestamp":7520325.917702,"wallClock":1760206496804,"enabled":true,"symbol":"-","durationMs":240,"platform":"android","source":"console.replay","correlationId":"console-replay:mgmli1b7q5kcvbix","timelineOffsetMs":13.2035140004009}
10-11 14:14:56.807 11634 11711 I ReactNativeJS: [outputs] outputs.flashPulse {"timestamp":7520328.074369,"wallClock":1760206496806,"enabled":true,"durationMs":240,"source":"console.replay","correlationId":"console-replay:mgmli1b7q5kcvbix","timelineOffsetMs":13.2035140004009}
10-11 14:14:56.898 11634 11711 I ReactNativeJS: [outputs] outputs.flashPulse.commit {"timestamp":7520418.737025,"wallClock":1760206496897,"durationMs":240,"source":"console.replay","correlationId":"console-replay:mgmli1b7q5kcvbix","latencyMs":93.88687499985099,"timelineOffsetMs":13.2035140004009}
10-11 14:14:57.031 11634 17330 D OutputsAudio: [outputs-audio] stop gain=1.000 release=6.00
10-11 14:14:57.111 11634 17330 D OutputsAudio: [outputs-audio] start hz=700.0 gain=1.000 attack=2.50 release=6.00
10-11 14:14:57.121 11634 11711 D OutputsAudio: [outputs-audio] symbol.info sequence=7 symbol=. timestamp=7520632.883 duration=80.000
10-11 14:14:57.123 11634 11711 I ReactNativeJS: [outputs] playMorse.symbol {"timestamp":7520643.110098,"wallClock":1760206497121,"symbol":".","durationMs":80,"index":6,"source":"console.replay","correlationId":"console-replay:mgmli1k11evwc9df","nativeTimestampMs":7520632.883,"nativeDurationMs":80,"nativeOffsetMs":10.096315999515355,"nativeSequence":7,"monotonicTimestampMs":7520632.883}
10-11 14:14:57.123 11634 11711 I ReactNativeJS: [outputs] outputs.hapticSymbol {"timestamp":7520644.223066,"wallClock":1760206497123,"enabled":true,"symbol":".","durationMs":80,"platform":"android","source":"console.replay","correlationId":"console-replay:mgmli1k11evwc9df","timelineOffsetMs":10.096315999515355}
10-11 14:14:57.125 11634 11711 I ReactNativeJS: [outputs] outputs.flashPulse {"timestamp":7520646.139994,"wallClock":1760206497125,"enabled":true,"durationMs":80,"source":"console.replay","correlationId":"console-replay:mgmli1k11evwc9df","timelineOffsetMs":10.096315999515355}
10-11 14:14:57.192 11634 17330 D OutputsAudio: [outputs-audio] stop gain=1.000 release=6.00
10-11 14:14:57.227 11634 11711 I ReactNativeJS: [outputs] outputs.flashPulse.commit {"timestamp":7520748.679889,"wallClock":1760206497227,"durationMs":80,"source":"console.replay","correlationId":"console-replay:mgmli1k11evwc9df","latencyMs":105.69625000003725,"timelineOffsetMs":10.096315999515355}
10-11 14:14:57.273 11634 17330 D OutputsAudio: [outputs-audio] start hz=700.0 gain=1.000 attack=2.50 release=6.00
10-11 14:14:57.311 11634 11711 D OutputsAudio: [outputs-audio] symbol.info sequence=8 symbol=. timestamp=7520794.620 duration=80.000
10-11 14:14:57.311 11634 11711 I ReactNativeJS: [outputs] playMorse.symbol {"timestamp":7520832.662181,"wallClock":1760206497311,"symbol":".","durationMs":80,"index":7,"source":"console.replay","correlationId":"console-replay:mgmli1pbcvdlgfsu","nativeTimestampMs":7520794.62,"nativeDurationMs":80,"nativeOffsetMs":37.992805999703705,"nativeSequence":8,"monotonicTimestampMs":7520794.62}
10-11 14:14:57.312 11634 11711 I ReactNativeJS: [outputs] outputs.hapticSymbol {"timestamp":7520833.178014,"wallClock":1760206497312,"enabled":true,"symbol":".","durationMs":80,"platform":"android","source":"console.replay","correlationId":"console-replay:mgmli1pbcvdlgfsu","timelineOffsetMs":37.992805999703705}
10-11 14:14:57.313 11634 11711 I ReactNativeJS: [outputs] outputs.flashPulse {"timestamp":7520833.92416,"wallClock":1760206497312,"enabled":true,"durationMs":80,"source":"console.replay","correlationId":"console-replay:mgmli1pbcvdlgfsu","timelineOffsetMs":37.992805999703705}
10-11 14:14:57.354 11634 17330 D OutputsAudio: [outputs-audio] stop gain=1.000 release=6.00
10-11 14:14:57.386 11634 11711 I ReactNativeJS: [outputs] outputs.flashPulse.commit {"timestamp":7520906.994993,"wallClock":1760206497385,"durationMs":80,"source":"console.replay","correlationId":"console-replay:mgmli1pbcvdlgfsu","latencyMs":74.37791700009257,"timelineOffsetMs":37.992805999703705}
10-11 14:14:57.434 11634 17330 D OutputsAudio: [outputs-audio] start hz=700.0 gain=1.000 attack=2.50 release=6.00
10-11 14:14:57.451 11634 11711 D OutputsAudio: [outputs-audio] symbol.info sequence=9 symbol=. timestamp=7520955.722 duration=80.000
10-11 14:14:57.452 11634 11711 I ReactNativeJS: [outputs] playMorse.symbol {"timestamp":7520973.159577,"wallClock":1760206497452,"symbol":".","durationMs":80,"index":8,"source":"console.replay","correlationId":"console-replay:mgmli1t8nlpe1fxz","nativeTimestampMs":7520955.722,"nativeDurationMs":80,"nativeOffsetMs":17.389712000265718,"nativeSequence":9,"monotonicTimestampMs":7520955.722}
10-11 14:14:57.452 11634 11711 I ReactNativeJS: [outputs] outputs.hapticSymbol {"timestamp":7520973.658691,"wallClock":1760206497452,"enabled":true,"symbol":".","durationMs":80,"platform":"android","source":"console.replay","correlationId":"console-replay:mgmli1t8nlpe1fxz","timelineOffsetMs":17.389712000265718}
10-11 14:14:57.453 11634 11711 I ReactNativeJS: [outputs] outputs.flashPulse {"timestamp":7520974.382806,"wallClock":1760206497453,"enabled":true,"durationMs":80,"source":"console.replay","correlationId":"console-replay:mgmli1t8nlpe1fxz","timelineOffsetMs":17.389712000265718}
10-11 14:14:57.515 11634 17330 D OutputsAudio: [outputs-audio] stop gain=1.000 release=6.00
10-11 14:14:57.528 11634 11711 I ReactNativeJS: [outputs] outputs.flashPulse.commit {"timestamp":7521048.794108,"wallClock":1760206497527,"durationMs":80,"source":"console.replay","correlationId":"console-replay:mgmli1t8nlpe1fxz","latencyMs":75.67786499951035,"timelineOffsetMs":17.389712000265718}
10-11 14:14:57.595 11634 17330 D OutputsAudio: [outputs-audio] start hz=700.0 gain=1.000 attack=2.50 release=6.00
10-11 14:14:57.597 11634 11711 D OutputsAudio: [outputs-audio] symbol.info sequence=10 symbol=- timestamp=7521116.888 duration=240.000
10-11 14:14:57.598 11634 11711 I ReactNativeJS: [outputs] playMorse.symbol {"timestamp":7521118.967702,"wallClock":1760206497597,"symbol":"-","durationMs":240,"index":9,"source":"console.replay","correlationId":"console-replay:mgmli1x9wffz03us","nativeTimestampMs":7521116.888,"nativeDurationMs":240,"nativeOffsetMs":2.0331389997154474,"nativeSequence":10,"monotonicTimestampMs":7521116.888}
10-11 14:14:57.598 11634 11711 I ReactNativeJS: [outputs] outputs.hapticSymbol {"timestamp":7521119.446139,"wallClock":1760206497598,"enabled":true,"symbol":"-","durationMs":240,"platform":"android","source":"console.replay","correlationId":"console-replay:mgmli1x9wffz03us","timelineOffsetMs":2.0331389997154474}
10-11 14:14:57.599 11634 11711 I ReactNativeJS: [outputs] outputs.flashPulse {"timestamp":7521120.166504,"wallClock":1760206497599,"enabled":true,"durationMs":240,"source":"console.replay","correlationId":"console-replay:mgmli1x9wffz03us","timelineOffsetMs":2.0331389997154474}
10-11 14:14:57.672 11634 11711 I ReactNativeJS: [outputs] outputs.flashPulse.commit {"timestamp":7521192.875827,"wallClock":1760206497671,"durationMs":240,"source":"console.replay","correlationId":"console-replay:mgmli1x9wffz03us","latencyMs":73.95036500040442,"timelineOffsetMs":2.0331389997154474}
10-11 14:14:57.836 11634 17330 D OutputsAudio: [outputs-audio] stop gain=1.000 release=6.00
10-11 14:14:57.917 11634 17330 D OutputsAudio: [outputs-audio] start hz=700.0 gain=1.000 attack=2.50 release=6.00
10-11 14:14:57.982 11634 11711 D OutputsAudio: [outputs-audio] symbol.info sequence=11 symbol=- timestamp=7521439.639 duration=240.000
10-11 14:14:57.983 11634 11711 I ReactNativeJS: [outputs] playMorse.symbol {"timestamp":7521503.897702,"wallClock":1760206497982,"symbol":"-","durationMs":240,"index":10,"source":"console.replay","correlationId":"console-replay:mgmli27yjjd84ikz","nativeTimestampMs":7521439.639,"nativeDurationMs":240,"nativeOffsetMs":64.17797199916095,"nativeSequence":11,"monotonicTimestampMs":7521439.639}
10-11 14:14:57.983 11634 11711 I ReactNativeJS: [outputs] outputs.hapticSymbol {"timestamp":7521504.700514,"wallClock":1760206497983,"enabled":true,"symbol":"-","durationMs":240,"platform":"android","source":"console.replay","correlationId":"console-replay:mgmli27yjjd84ikz","timelineOffsetMs":64.17797199916095}
10-11 14:14:57.984 11634 11711 I ReactNativeJS: [outputs] outputs.flashPulse {"timestamp":7521505.687389,"wallClock":1760206497984,"enabled":true,"durationMs":240,"source":"console.replay","correlationId":"console-replay:mgmli27yjjd84ikz","timelineOffsetMs":64.17797199916095}
10-11 14:14:58.076 11634 11711 I ReactNativeJS: [outputs] outputs.flashPulse.commit {"timestamp":7521597.527858,"wallClock":1760206498076,"durationMs":240,"source":"console.replay","correlationId":"console-replay:mgmli27yjjd84ikz","latencyMs":93.70578199997544,"timelineOffsetMs":64.17797199916095}
10-11 14:14:58.159 11634 17330 D OutputsAudio: [outputs-audio] stop gain=1.000 release=6.00
10-11 14:14:58.239 11634 17330 D OutputsAudio: [outputs-audio] start hz=700.0 gain=1.000 attack=2.50 release=6.00
10-11 14:14:58.251 11634 11711 D OutputsAudio: [outputs-audio] symbol.info sequence=12 symbol=- timestamp=7521760.756 duration=240.000
10-11 14:14:58.253 11634 11711 I ReactNativeJS: [outputs] playMorse.symbol {"timestamp":7521772.680097,"wallClock":1760206498251,"symbol":"-","durationMs":240,"index":11,"source":"console.replay","correlationId":"console-replay:mgmli2ffsjqq68ph","nativeTimestampMs":7521760.756,"nativeDurationMs":240,"nativeOffsetMs":11.83368100039661,"nativeSequence":12,"monotonicTimestampMs":7521760.756}
10-11 14:14:58.255 11634 11711 I ReactNativeJS: [outputs] outputs.hapticSymbol {"timestamp":7521775.138795,"wallClock":1760206498254,"enabled":true,"symbol":"-","durationMs":240,"platform":"android","source":"console.replay","correlationId":"console-replay:mgmli2ffsjqq68ph","timelineOffsetMs":11.83368100039661}
10-11 14:14:58.259 11634 11711 I ReactNativeJS: [outputs] outputs.flashPulse {"timestamp":7521778.856972,"wallClock":1760206498257,"enabled":true,"durationMs":240,"source":"console.replay","correlationId":"console-replay:mgmli2ffsjqq68ph","timelineOffsetMs":11.83368100039661}
10-11 14:14:58.353 11634 11711 I ReactNativeJS: [outputs] outputs.flashPulse.commit {"timestamp":7521873.815306,"wallClock":1760206498352,"durationMs":240,"source":"console.replay","correlationId":"console-replay:mgmli2ffsjqq68ph","latencyMs":101.22051999997348,"timelineOffsetMs":11.83368100039661}
10-11 14:14:58.480 11634 17330 D OutputsAudio: [outputs-audio] stop gain=1.000 release=6.00
10-11 14:14:58.560 11634 17330 D OutputsAudio: [outputs-audio] start hz=700.0 gain=1.000 attack=2.50 release=6.00
10-11 14:14:58.573 11634 11711 D OutputsAudio: [outputs-audio] symbol.info sequence=13 symbol=. timestamp=7522081.735 duration=80.000
10-11 14:14:58.574 11634 11711 I ReactNativeJS: [outputs] playMorse.symbol {"timestamp":7522094.727962,"wallClock":1760206498573,"symbol":".","durationMs":80,"index":12,"source":"console.replay","correlationId":"console-replay:mgmli2odoelepv11","nativeTimestampMs":7522081.735,"nativeDurationMs":80,"nativeOffsetMs":12.911398999392986,"nativeSequence":13,"monotonicTimestampMs":7522081.735}
10-11 14:14:58.574 11634 11711 I ReactNativeJS: [outputs] outputs.hapticSymbol {"timestamp":7522095.533483,"wallClock":1760206498574,"enabled":true,"symbol":".","durationMs":80,"platform":"android","source":"console.replay","correlationId":"console-replay:mgmli2odoelepv11","timelineOffsetMs":12.911398999392986}
10-11 14:14:58.575 11634 11711 I ReactNativeJS: [outputs] outputs.flashPulse {"timestamp":7522096.753639,"wallClock":1760206498575,"enabled":true,"durationMs":80,"source":"console.replay","correlationId":"console-replay:mgmli2odoelepv11","timelineOffsetMs":12.911398999392986}
10-11 14:14:58.640 11634 17330 D OutputsAudio: [outputs-audio] stop gain=1.000 release=6.00
10-11 14:14:58.675 11634 11711 I ReactNativeJS: [outputs] outputs.flashPulse.commit {"timestamp":7522195.946347,"wallClock":1760206498674,"durationMs":80,"source":"console.replay","correlationId":"console-replay:mgmli2odoelepv11","latencyMs":101.29531300067902,"timelineOffsetMs":12.911398999392986}
10-11 14:14:58.721 11634 17330 D OutputsAudio: [outputs-audio] start hz=700.0 gain=1.000 attack=2.50 release=6.00
10-11 14:14:58.741 11634 11711 D OutputsAudio: [outputs-audio] symbol.info sequence=14 symbol=. timestamp=7522242.850 duration=80.000
10-11 14:14:58.742 11634 11711 I ReactNativeJS: [outputs] playMorse.symbol {"timestamp":7522262.887024,"wallClock":1760206498741,"symbol":".","durationMs":80,"index":13,"source":"console.replay","correlationId":"console-replay:mgmli2t1kgzd4x2v","nativeTimestampMs":7522242.85,"nativeDurationMs":80,"nativeOffsetMs":19.986972000449896,"nativeSequence":14,"monotonicTimestampMs":7522242.85}
10-11 14:14:58.742 11634 11711 I ReactNativeJS: [outputs] outputs.hapticSymbol {"timestamp":7522263.379628,"wallClock":1760206498742,"enabled":true,"symbol":".","durationMs":80,"platform":"android","source":"console.replay","correlationId":"console-replay:mgmli2t1kgzd4x2v","timelineOffsetMs":19.986972000449896}
10-11 14:14:58.743 11634 11711 I ReactNativeJS: [outputs] outputs.flashPulse {"timestamp":7522264.205774,"wallClock":1760206498743,"enabled":true,"durationMs":80,"source":"console.replay","correlationId":"console-replay:mgmli2t1kgzd4x2v","timelineOffsetMs":19.986972000449896}
10-11 14:14:58.802 11634 17330 D OutputsAudio: [outputs-audio] stop gain=1.000 release=6.00
10-11 14:14:58.836 11634 11711 I ReactNativeJS: [outputs] outputs.flashPulse.commit {"timestamp":7522357.402493,"wallClock":1760206498836,"durationMs":80,"source":"console.replay","correlationId":"console-replay:mgmli2t1kgzd4x2v","latencyMs":94.56156300008297,"timelineOffsetMs":19.986972000449896}
10-11 14:14:58.883 11634 17330 D OutputsAudio: [outputs-audio] start hz=700.0 gain=1.000 attack=2.50 release=6.00
10-11 14:14:58.903 11634 11711 D OutputsAudio: [outputs-audio] symbol.info sequence=15 symbol=. timestamp=7522404.446 duration=80.000
10-11 14:14:58.903 11634 11711 I ReactNativeJS: [outputs] playMorse.symbol {"timestamp":7522424.598535,"wallClock":1760206498903,"symbol":".","durationMs":80,"index":14,"source":"console.replay","correlationId":"console-replay:mgmli2xjum1zabxa","nativeTimestampMs":7522404.446,"nativeDurationMs":80,"nativeOffsetMs":20.10550299938768,"nativeSequence":15,"monotonicTimestampMs":7522404.446}
10-11 14:14:58.904 11634 11711 I ReactNativeJS: [outputs] outputs.hapticSymbol {"timestamp":7522425.02291,"wallClock":1760206498903,"enabled":true,"symbol":".","durationMs":80,"platform":"android","source":"console.replay","correlationId":"console-replay:mgmli2xjum1zabxa","timelineOffsetMs":20.10550299938768}
10-11 14:14:58.904 11634 11711 I ReactNativeJS: [outputs] outputs.flashPulse {"timestamp":7522425.763222,"wallClock":1760206498904,"enabled":true,"durationMs":80,"source":"console.replay","correlationId":"console-replay:mgmli2xjum1zabxa","timelineOffsetMs":20.10550299938768}
10-11 14:14:58.963 11634 17330 D OutputsAudio: [outputs-audio] stop gain=1.000 release=6.00
10-11 14:14:58.977 11634 11711 I ReactNativeJS: [outputs] outputs.flashPulse.commit {"timestamp":7522498.11968,"wallClock":1760206498976,"durationMs":80,"source":"console.replay","correlationId":"console-replay:mgmli2xjum1zabxa","latencyMs":73.56359400041401,"timelineOffsetMs":20.10550299938768}
10-11 14:14:59.044 11634 17330 D OutputsAudio: [outputs-audio] start hz=700.0 gain=1.000 attack=2.50 release=6.00
10-11 14:14:59.060 11634 11711 D OutputsAudio: [outputs-audio] symbol.info sequence=16 symbol=- timestamp=7522567.104 duration=240.000
10-11 14:14:59.061 11634 11711 I ReactNativeJS: [outputs] playMorse.symbol {"timestamp":7522581.984264,"wallClock":1760206499060,"symbol":"-","durationMs":240,"index":15,"source":"console.replay","correlationId":"console-replay:mgmli31w7a315t8n","nativeTimestampMs":7522567.104,"nativeDurationMs":240,"nativeOffsetMs":14.800054999999702,"nativeSequence":16,"monotonicTimestampMs":7522567.104}
10-11 14:14:59.062 11634 11711 I ReactNativeJS: [outputs] outputs.hapticSymbol {"timestamp":7522582.790409,"wallClock":1760206499061,"enabled":true,"symbol":"-","durationMs":240,"platform":"android","source":"console.replay","correlationId":"console-replay:mgmli31w7a315t8n","timelineOffsetMs":14.800054999999702}
10-11 14:14:59.063 11634 11711 I ReactNativeJS: [outputs] outputs.flashPulse {"timestamp":7522583.924055,"wallClock":1760206499062,"enabled":true,"durationMs":240,"source":"console.replay","correlationId":"console-replay:mgmli31w7a315t8n","timelineOffsetMs":14.800054999999702}
10-11 14:14:59.137 11634 11711 I ReactNativeJS: [outputs] outputs.flashPulse.commit {"timestamp":7522658.120722,"wallClock":1760206499136,"durationMs":240,"source":"console.replay","correlationId":"console-replay:mgmli31w7a315t8n","latencyMs":76.21187500003725,"timelineOffsetMs":14.800054999999702}
10-11 14:14:59.286 11634 17330 D OutputsAudio: [outputs-audio] stop gain=1.000 release=6.00
10-11 14:14:59.367 11634 17330 D OutputsAudio: [outputs-audio] start hz=700.0 gain=1.000 attack=2.50 release=6.00
10-11 14:14:59.376 11634 11711 D OutputsAudio: [outputs-audio] symbol.info sequence=17 symbol=- timestamp=7522888.680 duration=240.000
10-11 14:14:59.380 11634 11711 I ReactNativeJS: [outputs] playMorse.symbol {"timestamp":7522897.643118,"wallClock":1760206499376,"symbol":"-","durationMs":240,"index":16,"source":"console.replay","correlationId":"console-replay:mgmli3aonkbt3q6i","nativeTimestampMs":7522888.68,"nativeDurationMs":240,"nativeOffsetMs":8.822961000725627,"nativeSequence":17,"monotonicTimestampMs":7522888.68}
10-11 14:14:59.382 11634 11711 I ReactNativeJS: [outputs] outputs.hapticSymbol {"timestamp":7522901.667649,"wallClock":1760206499380,"enabled":true,"symbol":"-","durationMs":240,"platform":"android","source":"console.replay","correlationId":"console-replay:mgmli3aonkbt3q6i","timelineOffsetMs":8.822961000725627}
10-11 14:14:59.384 11634 11711 I ReactNativeJS: [outputs] outputs.flashPulse {"timestamp":7522905.20442,"wallClock":1760206499384,"enabled":true,"durationMs":240,"source":"console.replay","correlationId":"console-replay:mgmli3aonkbt3q6i","timelineOffsetMs":8.822961000725627}
10-11 14:14:59.459 11634 11711 I ReactNativeJS: [outputs] outputs.flashPulse.commit {"timestamp":7522980.438274,"wallClock":1760206499459,"durationMs":240,"source":"console.replay","correlationId":"console-replay:mgmli3aonkbt3q6i","latencyMs":82.93083399999887,"timelineOffsetMs":8.822961000725627}
10-11 14:14:59.607 11634 17330 D OutputsAudio: [outputs-audio] stop gain=1.000 release=6.00
10-11 14:14:59.688 11634 17330 D OutputsAudio: [outputs-audio] start hz=700.0 gain=1.000 attack=2.50 release=6.00
10-11 14:14:59.700 11634 11711 D OutputsAudio: [outputs-audio] symbol.info sequence=18 symbol=- timestamp=7523209.580 duration=240.000
10-11 14:14:59.701 11634 11711 I ReactNativeJS: [outputs] playMorse.symbol {"timestamp":7523221.534211,"wallClock":1760206499700,"symbol":"-","durationMs":240,"index":17,"source":"console.replay","correlationId":"console-replay:mgmli3jo9mdk7pvq","nativeTimestampMs":7523209.58,"nativeDurationMs":240,"nativeOffsetMs":11.856815000064671,"nativeSequence":18,"monotonicTimestampMs":7523209.58}
10-11 14:14:59.701 11634 11711 I ReactNativeJS: [outputs] outputs.hapticSymbol {"timestamp":7523222.46692,"wallClock":1760206499701,"enabled":true,"symbol":"-","durationMs":240,"platform":"android","source":"console.replay","correlationId":"console-replay:mgmli3jo9mdk7pvq","timelineOffsetMs":11.856815000064671}
10-11 14:14:59.703 11634 11711 I ReactNativeJS: [outputs] outputs.flashPulse {"timestamp":7523224.028951,"wallClock":1760206499702,"enabled":true,"durationMs":240,"source":"console.replay","correlationId":"console-replay:mgmli3jo9mdk7pvq","timelineOffsetMs":11.856815000064671}
10-11 14:14:59.797 11634 11711 I ReactNativeJS: [outputs] outputs.flashPulse.commit {"timestamp":7523318.327753,"wallClock":1760206499797,"durationMs":240,"source":"console.replay","correlationId":"console-replay:mgmli3jo9mdk7pvq","latencyMs":96.8860940001905,"timelineOffsetMs":11.856815000064671}
10-11 14:14:59.928 11634 17330 D OutputsAudio: [outputs-audio] stop gain=1.000 release=6.00
10-11 14:15:00.009 11634 17330 D OutputsAudio: [outputs-audio] start hz=700.0 gain=1.000 attack=2.50 release=6.00
10-11 14:15:00.017 11634 11711 D OutputsAudio: [outputs-audio] symbol.info sequence=19 symbol=. timestamp=7523530.585 duration=80.000
10-11 14:15:00.017 11634 11711 I ReactNativeJS: [outputs] playMorse.symbol {"timestamp":7523538.35744,"wallClock":1760206500017,"symbol":".","durationMs":80,"index":18,"source":"console.replay","correlationId":"console-replay:mgmli3shx5hwc5b5","nativeTimestampMs":7523530.585,"nativeDurationMs":80,"nativeOffsetMs":7.696711000055075,"nativeSequence":19,"monotonicTimestampMs":7523530.585}
10-11 14:15:00.018 11634 11711 I ReactNativeJS: [outputs] outputs.hapticSymbol {"timestamp":7523539.149003,"wallClock":1760206500018,"enabled":true,"symbol":".","durationMs":80,"platform":"android","source":"console.replay","correlationId":"console-replay:mgmli3shx5hwc5b5","timelineOffsetMs":7.696711000055075}
10-11 14:15:00.019 11634 11711 I ReactNativeJS: [outputs] outputs.flashPulse {"timestamp":7523540.382649,"wallClock":1760206500019,"enabled":true,"durationMs":80,"source":"console.replay","correlationId":"console-replay:mgmli3shx5hwc5b5","timelineOffsetMs":7.696711000055075}
10-11 14:15:00.090 11634 17330 D OutputsAudio: [outputs-audio] stop gain=1.000 release=6.00
10-11 14:15:00.122 11634 11711 I ReactNativeJS: [outputs] outputs.flashPulse.commit {"timestamp":7523642.767076,"wallClock":1760206500121,"durationMs":80,"source":"console.replay","correlationId":"console-replay:mgmli3shx5hwc5b5","latencyMs":104.48057300038636,"timelineOffsetMs":7.696711000055075}
10-11 14:15:00.170 11634 17330 D OutputsAudio: [outputs-audio] start hz=700.0 gain=1.000 attack=2.50 release=6.00
10-11 14:15:00.205 11634 11711 D OutputsAudio: [outputs-audio] symbol.info sequence=20 symbol=. timestamp=7523692.416 duration=80.000
10-11 14:15:00.206 11634 11711 I ReactNativeJS: [outputs] playMorse.symbol {"timestamp":7523727.120982,"wallClock":1760206500205,"symbol":".","durationMs":80,"index":19,"source":"console.replay","correlationId":"console-replay:mgmli3xpua6xrgwm","nativeTimestampMs":7523692.416,"nativeDurationMs":80,"nativeOffsetMs":34.649252999573946,"nativeSequence":20,"monotonicTimestampMs":7523692.416}
10-11 14:15:00.206 11634 11711 I ReactNativeJS: [outputs] outputs.hapticSymbol {"timestamp":7523727.645305,"wallClock":1760206500206,"enabled":true,"symbol":".","durationMs":80,"platform":"android","source":"console.replay","correlationId":"console-replay:mgmli3xpua6xrgwm","timelineOffsetMs":34.649252999573946}
10-11 14:15:00.207 11634 11711 I ReactNativeJS: [outputs] outputs.flashPulse {"timestamp":7523728.469315,"wallClock":1760206500207,"enabled":true,"durationMs":80,"source":"console.replay","correlationId":"console-replay:mgmli3xpua6xrgwm","timelineOffsetMs":34.649252999573946}
10-11 14:15:00.251 11634 17330 D OutputsAudio: [outputs-audio] stop gain=1.000 release=6.00
10-11 14:15:00.280 11634 11711 I ReactNativeJS: [outputs] outputs.flashPulse.commit {"timestamp":7523801.510982,"wallClock":1760206500280,"durationMs":80,"source":"console.replay","correlationId":"console-replay:mgmli3xpua6xrgwm","latencyMs":74.44156200066209,"timelineOffsetMs":34.649252999573946}
10-11 14:15:00.332 11634 17330 D OutputsAudio: [outputs-audio] start hz=700.0 gain=1.000 attack=2.50 release=6.00
10-11 14:15:00.346 11634 11711 D OutputsAudio: [outputs-audio] symbol.info sequence=21 symbol=. timestamp=7523853.230 duration=80.000
10-11 14:15:00.346 11634 11711 I ReactNativeJS: [outputs] playMorse.symbol {"timestamp":7523867.464159,"wallClock":1760206500346,"symbol":".","durationMs":80,"index":20,"source":"console.replay","correlationId":"console-replay:mgmli41ma9fdrmu2","nativeTimestampMs":7523853.23,"nativeDurationMs":80,"nativeOffsetMs":14.186450999230146,"nativeSequence":21,"monotonicTimestampMs":7523853.23}
10-11 14:15:00.347 11634 11711 I ReactNativeJS: [outputs] outputs.hapticSymbol {"timestamp":7523867.969836,"wallClock":1760206500346,"enabled":true,"symbol":".","durationMs":80,"platform":"android","source":"console.replay","correlationId":"console-replay:mgmli41ma9fdrmu2","timelineOffsetMs":14.186450999230146}
10-11 14:15:00.347 11634 11711 I ReactNativeJS: [outputs] outputs.flashPulse {"timestamp":7523868.768586,"wallClock":1760206500347,"enabled":true,"durationMs":80,"source":"console.replay","correlationId":"console-replay:mgmli41ma9fdrmu2","timelineOffsetMs":14.186450999230146}
10-11 14:15:00.412 11634 17330 D OutputsAudio: [outputs-audio] stop gain=1.000 release=6.00
10-11 14:15:00.420 11634 11711 I ReactNativeJS: [outputs] outputs.flashPulse.commit {"timestamp":7523941.347284,"wallClock":1760206500420,"durationMs":80,"source":"console.replay","correlationId":"console-replay:mgmli41ma9fdrmu2","latencyMs":73.92635400034487,"timelineOffsetMs":14.186450999230146}
10-11 14:15:00.493 11634 17330 D OutputsAudio: [outputs-audio] start hz=700.0 gain=1.000 attack=2.50 release=6.00
10-11 14:15:00.502 11634 11711 D OutputsAudio: [outputs-audio] symbol.info sequence=22 symbol=- timestamp=7524014.409 duration=240.000
10-11 14:15:00.503 11634 11711 I ReactNativeJS: [outputs] playMorse.symbol {"timestamp":7524023.993326,"wallClock":1760206500502,"symbol":"-","durationMs":240,"index":21,"source":"console.replay","correlationId":"console-replay:mgmli45yyhepifwd","nativeTimestampMs":7524014.409,"nativeDurationMs":240,"nativeOffsetMs":9.536825999617577,"nativeSequence":22,"monotonicTimestampMs":7524014.409}
10-11 14:15:00.503 11634 11711 I ReactNativeJS: [outputs] outputs.hapticSymbol {"timestamp":7524024.566451,"wallClock":1760206500503,"enabled":true,"symbol":"-","durationMs":240,"platform":"android","source":"console.replay","correlationId":"console-replay:mgmli45yyhepifwd","timelineOffsetMs":9.536825999617577}
10-11 14:15:00.504 11634 11711 I ReactNativeJS: [outputs] outputs.flashPulse {"timestamp":7524025.290305,"wallClock":1760206500504,"enabled":true,"durationMs":240,"source":"console.replay","correlationId":"console-replay:mgmli45yyhepifwd","timelineOffsetMs":9.536825999617577}
10-11 14:15:00.598 11634 11711 I ReactNativeJS: [outputs] outputs.flashPulse.commit {"timestamp":7524119.299107,"wallClock":1760206500598,"durationMs":240,"source":"console.replay","correlationId":"console-replay:mgmli45yyhepifwd","latencyMs":95.34843700006604,"timelineOffsetMs":9.536825999617577}
10-11 14:15:00.733 11634 17330 D OutputsAudio: [outputs-audio] stop gain=1.000 release=6.00
10-11 14:15:00.815 11634 17330 D OutputsAudio: [outputs-audio] start hz=700.0 gain=1.000 attack=2.50 release=6.00
10-11 14:15:00.827 11634 11711 D OutputsAudio: [outputs-audio] symbol.info sequence=23 symbol=- timestamp=7524336.265 duration=240.000
10-11 14:15:00.828 11634 11711 I ReactNativeJS: [outputs] playMorse.symbol {"timestamp":7524348.794471,"wallClock":1760206500827,"symbol":"-","durationMs":240,"index":22,"source":"console.replay","correlationId":"console-replay:mgmli4eziffjiyya","nativeTimestampMs":7524336.265,"nativeDurationMs":240,"nativeOffsetMs":12.4370750002563,"nativeSequence":23,"monotonicTimestampMs":7524336.265}
10-11 14:15:00.829 11634 11711 I ReactNativeJS: [outputs] outputs.hapticSymbol {"timestamp":7524349.688638,"wallClock":1760206500828,"enabled":true,"symbol":"-","durationMs":240,"platform":"android","source":"console.replay","correlationId":"console-replay:mgmli4eziffjiyya","timelineOffsetMs":12.4370750002563}
10-11 14:15:00.830 11634 11711 I ReactNativeJS: [outputs] outputs.flashPulse {"timestamp":7524351.068482,"wallClock":1760206500829,"enabled":true,"durationMs":240,"source":"console.replay","correlationId":"console-replay:mgmli4eziffjiyya","timelineOffsetMs":12.4370750002563}
10-11 14:15:00.929 11634 11711 I ReactNativeJS: [outputs] outputs.flashPulse.commit {"timestamp":7524449.618221,"wallClock":1760206500928,"durationMs":240,"source":"console.replay","correlationId":"console-replay:mgmli4eziffjiyya","latencyMs":100.9110939996317,"timelineOffsetMs":12.4370750002563}
10-11 14:15:01.055 11634 17330 D OutputsAudio: [outputs-audio] stop gain=1.000 release=6.00
10-11 14:15:01.136 11634 17330 D OutputsAudio: [outputs-audio] start hz=700.0 gain=1.000 attack=2.50 release=6.00
10-11 14:15:01.144 11634 11711 D OutputsAudio: [outputs-audio] symbol.info sequence=24 symbol=- timestamp=7524657.695 duration=240.000
10-11 14:15:01.146 11634 11711 I ReactNativeJS: [outputs] playMorse.symbol {"timestamp":7524666.229836,"wallClock":1760206501145,"symbol":"-","durationMs":240,"index":23,"source":"console.replay","correlationId":"console-replay:mgmli4ntq1l7f99o","nativeTimestampMs":7524657.695,"nativeDurationMs":240,"nativeOffsetMs":8.430772999301553,"nativeSequence":24,"monotonicTimestampMs":7524657.695}
10-11 14:15:01.146 11634 11711 I ReactNativeJS: [outputs] outputs.hapticSymbol {"timestamp":7524667.219523,"wallClock":1760206501146,"enabled":true,"symbol":"-","durationMs":240,"platform":"android","source":"console.replay","correlationId":"console-replay:mgmli4ntq1l7f99o","timelineOffsetMs":8.430772999301553}
10-11 14:15:01.151 11634 11711 I ReactNativeJS: [outputs] outputs.flashPulse {"timestamp":7524671.798377,"wallClock":1760206501150,"enabled":true,"durationMs":240,"source":"console.replay","correlationId":"console-replay:mgmli4ntq1l7f99o","timelineOffsetMs":8.430772999301553}
10-11 14:15:01.245 11634 11711 I ReactNativeJS: [outputs] outputs.flashPulse.commit {"timestamp":7524766.53645,"wallClock":1760206501245,"durationMs":240,"source":"console.replay","correlationId":"console-replay:mgmli4ntq1l7f99o","latencyMs":100.40651100035757,"timelineOffsetMs":8.430772999301553}
10-11 14:15:01.377 11634 17330 D OutputsAudio: [outputs-audio] stop gain=1.000 release=6.00
10-11 14:15:01.458 11634 17330 D OutputsAudio: [outputs-audio] start hz=700.0 gain=1.000 attack=2.50 release=6.00
10-11 14:15:01.475 11634 11711 D OutputsAudio: [outputs-audio] symbol.info sequence=25 symbol=. timestamp=7524979.968 duration=80.000
10-11 14:15:01.481 11634 11711 I ReactNativeJS: [outputs] playMorse.symbol {"timestamp":7524997.122492,"wallClock":1760206501475,"symbol":".","durationMs":80,"index":24,"source":"console.replay","correlationId":"console-replay:mgmli4wzdkw02f3s","nativeTimestampMs":7524979.968,"nativeDurationMs":80,"nativeOffsetMs":17.023605999536812,"nativeSequence":25,"monotonicTimestampMs":7524979.968}
10-11 14:15:01.482 11634 11711 I ReactNativeJS: [outputs] outputs.hapticSymbol {"timestamp":7525002.285356,"wallClock":1760206501481,"enabled":true,"symbol":".","durationMs":80,"platform":"android","source":"console.replay","correlationId":"console-replay:mgmli4wzdkw02f3s","timelineOffsetMs":17.023605999536812}
10-11 14:15:01.486 11634 11711 I ReactNativeJS: [outputs] outputs.flashPulse {"timestamp":7525006.686034,"wallClock":1760206501485,"enabled":true,"durationMs":80,"source":"console.replay","correlationId":"console-replay:mgmli4wzdkw02f3s","timelineOffsetMs":17.023605999536812}
10-11 14:15:01.539 11634 17330 D OutputsAudio: [outputs-audio] stop gain=1.000 release=6.00
10-11 14:15:01.565 11634 11711 I ReactNativeJS: [outputs] outputs.flashPulse.commit {"timestamp":7525085.979679,"wallClock":1760206501564,"durationMs":80,"source":"console.replay","correlationId":"console-replay:mgmli4wzdkw02f3s","latencyMs":88.98296900000423,"timelineOffsetMs":17.023605999536812}
10-11 14:15:01.619 11634 17330 D OutputsAudio: [outputs-audio] start hz=700.0 gain=1.000 attack=2.50 release=6.00
10-11 14:15:01.647 11634 11711 D OutputsAudio: [outputs-audio] symbol.info sequence=26 symbol=. timestamp=7525140.981 duration=80.000
10-11 14:15:01.648 11634 11711 I ReactNativeJS: [outputs] playMorse.symbol {"timestamp":7525169.153794,"wallClock":1760206501648,"symbol":".","durationMs":80,"index":25,"source":"console.replay","correlationId":"console-replay:mgmli51sipkjli4f","nativeTimestampMs":7525140.981,"nativeDurationMs":80,"nativeOffsetMs":28.119096000678837,"nativeSequence":26,"monotonicTimestampMs":7525140.981}
10-11 14:15:01.648 11634 11711 I ReactNativeJS: [outputs] outputs.hapticSymbol {"timestamp":7525169.662908,"wallClock":1760206501648,"enabled":true,"symbol":".","durationMs":80,"platform":"android","source":"console.replay","correlationId":"console-replay:mgmli51sipkjli4f","timelineOffsetMs":28.119096000678837}
10-11 14:15:01.649 11634 11711 I ReactNativeJS: [outputs] outputs.flashPulse {"timestamp":7525170.413325,"wallClock":1760206501649,"enabled":true,"durationMs":80,"source":"console.replay","correlationId":"console-replay:mgmli51sipkjli4f","timelineOffsetMs":28.119096000678837}
10-11 14:15:01.700 11634 17330 D OutputsAudio: [outputs-audio] stop gain=1.000 release=6.00
10-11 14:15:01.721 11634 11711 I ReactNativeJS: [outputs] outputs.flashPulse.commit {"timestamp":7525242.495148,"wallClock":1760206501721,"durationMs":80,"source":"console.replay","correlationId":"console-replay:mgmli51sipkjli4f","latencyMs":73.39072899986058,"timelineOffsetMs":28.119096000678837}
10-11 14:15:01.781 11634 17330 D OutputsAudio: [outputs-audio] start hz=700.0 gain=1.000 attack=2.50 release=6.00
10-11 14:15:01.806 11634 11711 D OutputsAudio: [outputs-audio] symbol.info sequence=27 symbol=. timestamp=7525302.695 duration=80.000
10-11 14:15:01.806 11634 11711 I ReactNativeJS: [outputs] playMorse.symbol {"timestamp":7525327.350929,"wallClock":1760206501806,"symbol":".","durationMs":80,"index":26,"source":"console.replay","correlationId":"console-replay:mgmli566exv6gbf1","nativeTimestampMs":7525302.695,"nativeDurationMs":80,"nativeOffsetMs":24.604470999911427,"nativeSequence":27,"monotonicTimestampMs":7525302.695}
10-11 14:15:01.806 11634 11711 I ReactNativeJS: [outputs] outputs.hapticSymbol {"timestamp":7525327.769002,"wallClock":1760206501806,"enabled":true,"symbol":".","durationMs":80,"platform":"android","source":"console.replay","correlationId":"console-replay:mgmli566exv6gbf1","timelineOffsetMs":24.604470999911427}
10-11 14:15:01.807 11634 11711 I ReactNativeJS: [outputs] outputs.flashPulse {"timestamp":7525328.546971,"wallClock":1760206501807,"enabled":true,"durationMs":80,"source":"console.replay","correlationId":"console-replay:mgmli566exv6gbf1","timelineOffsetMs":24.604470999911427}
10-11 14:15:01.862 11634 17330 D OutputsAudio: [outputs-audio] stop gain=1.000 release=6.00
10-11 14:15:01.899 11634 11711 I ReactNativeJS: [outputs] outputs.flashPulse.commit {"timestamp":7525420.08744,"wallClock":1760206501898,"durationMs":80,"source":"console.replay","correlationId":"console-replay:mgmli566exv6gbf1","latencyMs":92.78369800001383,"timelineOffsetMs":24.604470999911427}
10-11 14:15:01.942 11634 17330 D OutputsAudio: [outputs-audio] stop gain=0.000 release=6.00
10-11 14:15:01.942 11634 17330 D OutputsAudio: [outputs-audio] playMorse.end cancelled=0
10-11 14:15:01.982 11634 11711 I ReactNativeJS: [outputs] playMorse.complete {"timestamp":7525503.227908,"wallClock":1760206501982,"durationMs":6572.079788999632,"source":"console.replay","audioEnabled":true,"audioVolumePercent":100}
10-11 14:15:04.655 11634 11711 I ReactNativeJS: [outputs] playMorse.start {"timestamp":7528176.333011,"wallClock":1760206504655,"unitMs":60,"length":28,"source":"console.replay","audioEnabled":true,"audioVolumePercent":100}
10-11 14:15:04.849 11634 11711 D OutputsAudio: [outputs-audio] warmup hz=700.0
10-11 14:15:04.849 11634 17377 D OutputsAudio: [outputs-audio] playMorse.start count=27 unit=60.0
10-11 14:15:04.849 11634 17377 D OutputsAudio: [outputs-audio] start hz=700.0 gain=1.000 attack=2.50 release=6.00
10-11 14:15:04.857 11634 11711 D OutputsAudio: [outputs-audio] symbol.info sequence=1 symbol=. timestamp=7528370.652 duration=60.000
10-11 14:15:04.858 11634 11711 I ReactNativeJS: [outputs] playMorse.symbol {"timestamp":7528378.903428,"wallClock":1760206504857,"symbol":".","durationMs":60,"index":0,"source":"console.replay","correlationId":"console-replay:mgmli7ixg4umzid6","nativeTimestampMs":7528370.652,"nativeDurationMs":60,"nativeOffsetMs":8.157886000350118,"nativeSequence":1,"monotonicTimestampMs":7528370.652}
10-11 14:15:04.859 11634 11711 I ReactNativeJS: [outputs] outputs.hapticSymbol {"timestamp":7528379.952855,"wallClock":1760206504858,"enabled":true,"symbol":".","durationMs":60,"platform":"android","source":"console.replay","correlationId":"console-replay:mgmli7ixg4umzid6","timelineOffsetMs":8.157886000350118}
10-11 14:15:04.860 11634 11711 I ReactNativeJS: [outputs] outputs.flashPulse {"timestamp":7528381.349261,"wallClock":1760206504860,"enabled":true,"durationMs":60,"source":"console.replay","correlationId":"console-replay:mgmli7ixg4umzid6","timelineOffsetMs":8.157886000350118}
10-11 14:15:04.910 11634 17377 D OutputsAudio: [outputs-audio] stop gain=1.000 release=6.00
10-11 14:15:04.945 11634 11711 I ReactNativeJS: [outputs] outputs.flashPulse.commit {"timestamp":7528466.354209,"wallClock":1760206504945,"durationMs":60,"source":"console.replay","correlationId":"console-replay:mgmli7ixg4umzid6","latencyMs":87.53927099984139,"timelineOffsetMs":8.157886000350118}
10-11 14:15:04.970 11634 17377 D OutputsAudio: [outputs-audio] start hz=700.0 gain=1.000 attack=2.50 release=6.00
10-11 14:15:05.031 11634 17377 D OutputsAudio: [outputs-audio] stop gain=1.000 release=6.00
10-11 14:15:05.031 11634 11711 D OutputsAudio: [outputs-audio] symbol.info sequence=2 symbol=. timestamp=7528491.802 duration=60.000
10-11 14:15:05.032 11634 11711 I ReactNativeJS: [outputs] playMorse.symbol {"timestamp":7528553.028324,"wallClock":1760206505031,"symbol":".","durationMs":60,"index":1,"source":"console.replay","correlationId":"console-replay:mgmli7nrmdgwy7w8","nativeTimestampMs":7528491.802,"nativeDurationMs":60,"nativeOffsetMs":61.17174099944532,"nativeSequence":2,"monotonicTimestampMs":7528491.802}
10-11 14:15:05.032 11634 11711 I ReactNativeJS: [outputs] outputs.hapticSymbol {"timestamp":7528553.550355,"wallClock":1760206505032,"enabled":true,"symbol":".","durationMs":60,"platform":"android","source":"console.replay","correlationId":"console-replay:mgmli7nrmdgwy7w8","timelineOffsetMs":61.17174099944532}
10-11 14:15:05.033 11634 11711 I ReactNativeJS: [outputs] outputs.flashPulse {"timestamp":7528554.326188,"wallClock":1760206505033,"enabled":true,"durationMs":60,"source":"console.replay","correlationId":"console-replay:mgmli7nrmdgwy7w8","timelineOffsetMs":61.17174099944532}
10-11 14:15:05.092 11634 17377 D OutputsAudio: [outputs-audio] start hz=700.0 gain=1.000 attack=2.50 release=6.00
10-11 14:15:05.131 11634 11711 I ReactNativeJS: [outputs] outputs.flashPulse.commit {"timestamp":7528652.281188,"wallClock":1760206505131,"durationMs":60,"source":"console.replay","correlationId":"console-replay:mgmli7nrmdgwy7w8","latencyMs":99.30302000045776,"timelineOffsetMs":61.17174099944532}
10-11 14:15:05.152 11634 17377 D OutputsAudio: [outputs-audio] stop gain=1.000 release=6.00
10-11 14:15:05.196 11634 11711 D OutputsAudio: [outputs-audio] symbol.info sequence=3 symbol=. timestamp=7528613.503 duration=60.000
10-11 14:15:05.197 11634 11711 I ReactNativeJS: [outputs] playMorse.symbol {"timestamp":7528717.730147,"wallClock":1760206505196,"symbol":".","durationMs":60,"index":2,"source":"console.replay","correlationId":"console-replay:mgmli7scvskel6rc","nativeTimestampMs":7528613.503,"nativeDurationMs":60,"nativeOffsetMs":104.17584500089288,"nativeSequence":3,"monotonicTimestampMs":7528613.503}
10-11 14:15:05.197 11634 11711 I ReactNativeJS: [outputs] playMorse.nativeOffset.spike {"timestamp":7528718.201553,"wallClock":1760206505197,"source":"console.replay","offsetMs":104.17584500089288,"sequence":3,"unitMs":60,"correlationId":"console-replay:mgmli7scvskel6rc"}
10-11 14:15:05.197 11634 11711 I ReactNativeJS: [outputs] outputs.hapticSymbol {"timestamp":7528718.50072,"wallClock":1760206505197,"enabled":true,"symbol":".","durationMs":60,"platform":"android","source":"console.replay","correlationId":"console-replay:mgmli7scvskel6rc","timelineOffsetMs":104.17584500089288}
10-11 14:15:05.198 11634 11711 I ReactNativeJS: [outputs] outputs.flashPulse {"timestamp":7528719.213793,"wallClock":1760206505198,"enabled":true,"durationMs":60,"source":"console.replay","correlationId":"console-replay:mgmli7scvskel6rc","timelineOffsetMs":104.17584500089288}
10-11 14:15:05.213 11634 17377 D OutputsAudio: [outputs-audio] start hz=700.0 gain=1.000 attack=2.50 release=6.00
10-11 14:15:05.274 11634 11711 I ReactNativeJS: [outputs] outputs.flashPulse.commit {"timestamp":7528795.473272,"wallClock":1760206505274,"durationMs":60,"source":"console.replay","correlationId":"console-replay:mgmli7scvskel6rc","latencyMs":77.78984299954027,"timelineOffsetMs":104.17584500089288}
10-11 14:15:05.340 11634 11711 D OutputsAudio: [outputs-audio] symbol.info sequence=4 symbol=- timestamp=7528734.295 duration=180.000
10-11 14:15:05.340 11634 11711 I ReactNativeJS: [outputs] playMorse.symbol {"timestamp":7528861.645667,"wallClock":1760206505340,"symbol":"-","durationMs":180,"index":3,"source":"console.replay","correlationId":"console-replay:mgmli7wcfq1ellgp","nativeTimestampMs":7528734.295,"nativeDurationMs":180,"nativeOffsetMs":127.299469999969,"nativeSequence":4,"monotonicTimestampMs":7528734.295}
10-11 14:15:05.341 11634 11711 I ReactNativeJS: [outputs] playMorse.nativeOffset.spike {"timestamp":7528862.094886,"wallClock":1760206505340,"source":"console.replay","offsetMs":127.299469999969,"sequence":4,"unitMs":60,"correlationId":"console-replay:mgmli7wcfq1ellgp"}
10-11 14:15:05.341 11634 11711 I ReactNativeJS: [outputs] outputs.hapticSymbol {"timestamp":7528862.393584,"wallClock":1760206505341,"enabled":true,"symbol":"-","durationMs":180,"platform":"android","source":"console.replay","correlationId":"console-replay:mgmli7wcfq1ellgp","timelineOffsetMs":127.299469999969}
10-11 14:15:05.342 11634 11711 I ReactNativeJS: [outputs] outputs.flashPulse {"timestamp":7528863.053324,"wallClock":1760206505341,"enabled":true,"durationMs":180,"source":"console.replay","correlationId":"console-replay:mgmli7wcfq1ellgp","timelineOffsetMs":127.299469999969}
10-11 14:15:05.394 11634 17377 D OutputsAudio: [outputs-audio] stop gain=1.000 release=6.00
10-11 14:15:05.433 11634 11711 I ReactNativeJS: [outputs] outputs.flashPulse.commit {"timestamp":7528954.055407,"wallClock":1760206505432,"durationMs":180,"source":"console.replay","correlationId":"console-replay:mgmli7wcfq1ellgp","latencyMs":92.4566660001874,"timelineOffsetMs":127.299469999969}
10-11 14:15:05.454 11634 17377 D OutputsAudio: [outputs-audio] start hz=700.0 gain=1.000 attack=2.50 release=6.00
10-11 14:15:05.517 11634 11711 D OutputsAudio: [outputs-audio] symbol.info sequence=5 symbol=- timestamp=7528976.183 duration=180.000
10-11 14:15:05.518 11634 11711 I ReactNativeJS: [outputs] playMorse.symbol {"timestamp":7529038.972074,"wallClock":1760206505517,"symbol":"-","durationMs":180,"index":4,"source":"console.replay","correlationId":"console-replay:mgmli819l38k4u1p","nativeTimestampMs":7528976.183,"nativeDurationMs":180,"nativeOffsetMs":62.738396999426186,"nativeSequence":5,"monotonicTimestampMs":7528976.183}
10-11 14:15:05.518 11634 11711 I ReactNativeJS: [outputs] outputs.hapticSymbol {"timestamp":7529039.460772,"wallClock":1760206505518,"enabled":true,"symbol":"-","durationMs":180,"platform":"android","source":"console.replay","correlationId":"console-replay:mgmli819l38k4u1p","timelineOffsetMs":62.738396999426186}
10-11 14:15:05.519 11634 11711 I ReactNativeJS: [outputs] outputs.flashPulse {"timestamp":7529040.234678,"wallClock":1760206505519,"enabled":true,"durationMs":180,"source":"console.replay","correlationId":"console-replay:mgmli819l38k4u1p","timelineOffsetMs":62.738396999426186}
10-11 14:15:05.608 11634 11711 I ReactNativeJS: [outputs] outputs.flashPulse.commit {"timestamp":7529128.833115,"wallClock":1760206505607,"durationMs":180,"source":"console.replay","correlationId":"console-replay:mgmli819l38k4u1p","latencyMs":89.90723900031298,"timelineOffsetMs":62.738396999426186}
10-11 14:15:05.635 11634 17377 D OutputsAudio: [outputs-audio] stop gain=1.000 release=6.00
10-11 14:15:05.696 11634 17377 D OutputsAudio: [outputs-audio] start hz=700.0 gain=1.000 attack=2.50 release=6.00
10-11 14:15:05.727 11634 11711 D OutputsAudio: [outputs-audio] symbol.info sequence=6 symbol=- timestamp=7529217.830 duration=180.000
10-11 14:15:05.728 11634 11711 I ReactNativeJS: [outputs] playMorse.symbol {"timestamp":7529248.650303,"wallClock":1760206505727,"symbol":"-","durationMs":180,"index":5,"source":"console.replay","correlationId":"console-replay:mgmli873puv00c96","nativeTimestampMs":7529217.83,"nativeDurationMs":180,"nativeOffsetMs":30.659365000203252,"nativeSequence":6,"monotonicTimestampMs":7529217.83}
