10-11 14:47:01.915 21612 23139 D OutputsAudio: [outputs-audio] start hz=700.0 gain=1.000 attack=2.50 release=6.00
10-11 14:47:01.924 21612 21675 D OutputsAudio: [outputs-audio] symbol.info sequence=4 symbol=- timestamp=9445436.461 duration=240.000
10-11 14:47:01.925 21612 21675 I ReactNativeJS: [outputs] playMorse.symbol {"timestamp":9445446.098895,"wallClock":1760208421924,"symbol":"-","durationMs":240,"index":3,"source":"console.replay","correlationId":"console-replay:mgmmnaqspyczy64p","nativeTimestampMs":9445436.461,"nativeDurationMs":240,"nativeOffsetMs":9.568207001313567,"nativeSequence":4,"monotonicTimestampMs":9445436.461}
10-11 14:47:01.925 21612 21675 I ReactNativeJS: [outputs] outputs.hapticSymbol {"timestamp":9445446.678218,"wallClock":1760208421925,"enabled":true,"symbol":"-","durationMs":240,"platform":"android","source":"console.replay","correlationId":"console-replay:mgmmnaqspyczy64p","timelineOffsetMs":9.568207001313567}
10-11 14:47:01.926 21612 21675 I ReactNativeJS: [outputs] outputs.flashPulse {"timestamp":9445447.462436,"wallClock":1760208421926,"enabled":true,"durationMs":240,"source":"console.replay","correlationId":"console-replay:mgmmnaqspyczy64p","timelineOffsetMs":9.568207001313567}
10-11 14:47:01.985 21612 21675 I ReactNativeJS: [outputs] outputs.flashPulse.commit {"timestamp":9445506.686395,"wallClock":1760208421985,"durationMs":240,"source":"console.replay","correlationId":"console-replay:mgmmnaqspyczy64p","latencyMs":60.65260399878025,"timelineOffsetMs":9.568207001313567}
10-11 14:47:02.155 21612 23139 D OutputsAudio: [outputs-audio] stop gain=1.000 release=6.00
10-11 14:47:02.236 21612 23139 D OutputsAudio: [outputs-audio] start hz=700.0 gain=1.000 attack=2.50 release=6.00
10-11 14:47:02.259 21612 21675 D OutputsAudio: [outputs-audio] symbol.info sequence=5 symbol=- timestamp=9445758.297 duration=240.000
10-11 14:47:02.261 21612 21675 I ReactNativeJS: [outputs] playMorse.symbol {"timestamp":9445780.384728,"wallClock":1760208422259,"symbol":"-","durationMs":240,"index":4,"source":"console.replay","correlationId":"console-replay:mgmmnb03mz97dn85","nativeTimestampMs":9445758.297,"nativeDurationMs":240,"nativeOffsetMs":21.962624000385404,"nativeSequence":5,"monotonicTimestampMs":9445758.297}
10-11 14:47:02.261 21612 21675 I ReactNativeJS: [outputs] outputs.hapticSymbol {"timestamp":9445782.353999,"wallClock":1760208422261,"enabled":true,"symbol":"-","durationMs":240,"platform":"android","source":"console.replay","correlationId":"console-replay:mgmmnb03mz97dn85","timelineOffsetMs":21.962624000385404}
10-11 14:47:02.263 21612 21675 I ReactNativeJS: [outputs] outputs.flashPulse {"timestamp":9445784.153634,"wallClock":1760208422263,"enabled":true,"durationMs":240,"source":"console.replay","correlationId":"console-replay:mgmmnb03mz97dn85","timelineOffsetMs":21.962624000385404}
10-11 14:47:02.326 21612 21675 I ReactNativeJS: [outputs] outputs.flashPulse.commit {"timestamp":9445846.950249,"wallClock":1760208422325,"durationMs":240,"source":"console.replay","correlationId":"console-replay:mgmmnb03mz97dn85","latencyMs":66.68593699857593,"timelineOffsetMs":21.962624000385404}
10-11 14:47:02.478 21612 23139 D OutputsAudio: [outputs-audio] stop gain=1.000 release=6.00
10-11 14:47:02.559 21612 23139 D OutputsAudio: [outputs-audio] start hz=700.0 gain=1.000 attack=2.50 release=6.00
10-11 14:47:02.565 21612 21675 D OutputsAudio: [outputs-audio] symbol.info sequence=6 symbol=- timestamp=9446080.509 duration=240.000
10-11 14:47:02.566 21612 21675 I ReactNativeJS: [outputs] playMorse.symbol {"timestamp":9446086.842072,"wallClock":1760208422565,"symbol":"-","durationMs":240,"index":5,"source":"console.replay","correlationId":"console-replay:mgmmnb8lpwmerqva","nativeTimestampMs":9446080.509,"nativeDurationMs":240,"nativeOffsetMs":6.230832001194358,"nativeSequence":6,"monotonicTimestampMs":9446080.509}
10-11 14:47:02.567 21612 21675 I ReactNativeJS: [outputs] outputs.hapticSymbol {"timestamp":9446087.767019,"wallClock":1760208422566,"enabled":true,"symbol":"-","durationMs":240,"platform":"android","source":"console.replay","correlationId":"console-replay:mgmmnb8lpwmerqva","timelineOffsetMs":6.230832001194358}
10-11 14:47:02.568 21612 21675 I ReactNativeJS: [outputs] outputs.flashPulse {"timestamp":9446089.101759,"wallClock":1760208422567,"enabled":true,"durationMs":240,"source":"console.replay","correlationId":"console-replay:mgmmnb8lpwmerqva","timelineOffsetMs":6.230832001194358}
10-11 14:47:02.631 21612 21675 I ReactNativeJS: [outputs] outputs.flashPulse.commit {"timestamp":9446152.531499,"wallClock":1760208422631,"durationMs":240,"source":"console.replay","correlationId":"console-replay:mgmmnb8lpwmerqva","latencyMs":65.78677099943161,"timelineOffsetMs":6.230832001194358}
10-11 14:47:02.800 21612 23139 D OutputsAudio: [outputs-audio] stop gain=1.000 release=6.00
10-11 14:47:02.881 21612 23139 D OutputsAudio: [outputs-audio] start hz=700.0 gain=1.000 attack=2.50 release=6.00
10-11 14:47:02.898 21612 21675 D OutputsAudio: [outputs-audio] symbol.info sequence=7 symbol=. timestamp=9446402.297 duration=80.000
10-11 14:47:02.901 21612 21675 I ReactNativeJS: [outputs] playMorse.symbol {"timestamp":9446419.516655,"wallClock":1760208422898,"symbol":".","durationMs":80,"index":6,"source":"console.replay","correlationId":"console-replay:mgmmnbhupsi07zfy","nativeTimestampMs":9446402.297,"nativeDurationMs":80,"nativeOffsetMs":17.08569600060582,"nativeSequence":7,"monotonicTimestampMs":9446402.297}
10-11 14:47:02.902 21612 21675 I ReactNativeJS: [outputs] outputs.hapticSymbol {"timestamp":9446422.374311,"wallClock":1760208422901,"enabled":true,"symbol":".","durationMs":80,"platform":"android","source":"console.replay","correlationId":"console-replay:mgmmnbhupsi07zfy","timelineOffsetMs":17.08569600060582}
10-11 14:47:02.906 21612 21675 I ReactNativeJS: [outputs] outputs.flashPulse {"timestamp":9446426.919623,"wallClock":1760208422905,"enabled":true,"durationMs":80,"source":"console.replay","correlationId":"console-replay:mgmmnbhupsi07zfy","timelineOffsetMs":17.08569600060582}
10-11 14:47:02.961 21612 23139 D OutputsAudio: [outputs-audio] stop gain=1.000 release=6.00
10-11 14:47:02.975 21612 21675 I ReactNativeJS: [outputs] outputs.flashPulse.commit {"timestamp":9446495.925092,"wallClock":1760208422974,"durationMs":80,"source":"console.replay","correlationId":"console-replay:mgmmnbhupsi07zfy","latencyMs":76.5375519990921,"timelineOffsetMs":17.08569600060582}
10-11 14:47:03.042 21612 23139 D OutputsAudio: [outputs-audio] start hz=700.0 gain=1.000 attack=2.50 release=6.00
10-11 14:47:03.054 21612 21675 D OutputsAudio: [outputs-audio] symbol.info sequence=8 symbol=. timestamp=9446563.568 duration=80.000
10-11 14:47:03.055 21612 21675 I ReactNativeJS: [outputs] playMorse.symbol {"timestamp":9446576.183009,"wallClock":1760208423055,"symbol":".","durationMs":80,"index":7,"source":"console.replay","correlationId":"console-replay:mgmmnbm7r0tb7rz8","nativeTimestampMs":9446563.568,"nativeDurationMs":80,"nativeOffsetMs":12.524644000455737,"nativeSequence":8,"monotonicTimestampMs":9446563.568}
10-11 14:47:03.056 21612 21675 I ReactNativeJS: [outputs] outputs.hapticSymbol {"timestamp":9446576.88754,"wallClock":1760208423055,"enabled":true,"symbol":".","durationMs":80,"platform":"android","source":"console.replay","correlationId":"console-replay:mgmmnbm7r0tb7rz8","timelineOffsetMs":12.524644000455737}
10-11 14:47:03.056 21612 21675 I ReactNativeJS: [outputs] outputs.flashPulse {"timestamp":9446577.747228,"wallClock":1760208423056,"enabled":true,"durationMs":80,"source":"console.replay","correlationId":"console-replay:mgmmnbm7r0tb7rz8","timelineOffsetMs":12.524644000455737}
10-11 14:47:03.109 21612 21675 I ReactNativeJS: [outputs] outputs.flashPulse.commit {"timestamp":9446629.867332,"wallClock":1760208423108,"durationMs":80,"source":"console.replay","correlationId":"console-replay:mgmmnbm7r0tb7rz8","latencyMs":53.77010400034487,"timelineOffsetMs":12.524644000455737}
10-11 14:47:03.123 21612 23139 D OutputsAudio: [outputs-audio] stop gain=1.000 release=6.00
10-11 14:47:03.205 21612 23139 D OutputsAudio: [outputs-audio] start hz=700.0 gain=1.000 attack=2.50 release=6.00
10-11 14:47:03.215 21612 21675 D OutputsAudio: [outputs-audio] symbol.info sequence=9 symbol=. timestamp=9446726.257 duration=80.000
10-11 14:47:03.216 21612 21675 I ReactNativeJS: [outputs] playMorse.symbol {"timestamp":9446736.706967,"wallClock":1760208423215,"symbol":".","durationMs":80,"index":8,"source":"console.replay","correlationId":"console-replay:mgmmnbqnvz8afl8e","nativeTimestampMs":9446726.257,"nativeDurationMs":80,"nativeOffsetMs":10.37861300073564,"nativeSequence":9,"monotonicTimestampMs":9446726.257}
10-11 14:47:03.216 21612 21675 I ReactNativeJS: [outputs] outputs.hapticSymbol {"timestamp":9446737.391603,"wallClock":1760208423216,"enabled":true,"symbol":".","durationMs":80,"platform":"android","source":"console.replay","correlationId":"console-replay:mgmmnbqnvz8afl8e","timelineOffsetMs":10.37861300073564}
10-11 14:47:03.217 21612 21675 I ReactNativeJS: [outputs] outputs.flashPulse {"timestamp":9446738.434675,"wallClock":1760208423217,"enabled":true,"durationMs":80,"source":"console.replay","correlationId":"console-replay:mgmmnbqnvz8afl8e","timelineOffsetMs":10.37861300073564}
10-11 14:47:03.278 21612 21675 I ReactNativeJS: [outputs] outputs.flashPulse.commit {"timestamp":9446799.487905,"wallClock":1760208423278,"durationMs":80,"source":"console.replay","correlationId":"console-replay:mgmmnbqnvz8afl8e","latencyMs":62.84817700088024,"timelineOffsetMs":10.37861300073564}
10-11 14:47:03.286 21612 23139 D OutputsAudio: [outputs-audio] stop gain=1.000 release=6.00
10-11 14:47:03.366 21612 23139 D OutputsAudio: [outputs-audio] start hz=700.0 gain=1.000 attack=2.50 release=6.00
10-11 14:47:03.377 21612 21675 D OutputsAudio: [outputs-audio] symbol.info sequence=10 symbol=- timestamp=9446887.757 duration=240.000
10-11 14:47:03.377 21612 21675 I ReactNativeJS: [outputs] playMorse.symbol {"timestamp":9446898.294415,"wallClock":1760208423377,"symbol":"-","durationMs":240,"index":9,"source":"console.replay","correlationId":"console-replay:mgmmnbv5cfful8lf","nativeTimestampMs":9446887.757,"nativeDurationMs":240,"nativeOffsetMs":10.464602001011372,"nativeSequence":10,"monotonicTimestampMs":9446887.757}
10-11 14:47:03.378 21612 21675 I ReactNativeJS: [outputs] outputs.hapticSymbol {"timestamp":9446898.988165,"wallClock":1760208423377,"enabled":true,"symbol":"-","durationMs":240,"platform":"android","source":"console.replay","correlationId":"console-replay:mgmmnbv5cfful8lf","timelineOffsetMs":10.464602001011372}
10-11 14:47:03.379 21612 21675 I ReactNativeJS: [outputs] outputs.flashPulse {"timestamp":9446900.118113,"wallClock":1760208423378,"enabled":true,"durationMs":240,"source":"console.replay","correlationId":"console-replay:mgmmnbv5cfful8lf","timelineOffsetMs":10.464602001011372}
10-11 14:47:03.442 21612 21675 I ReactNativeJS: [outputs] outputs.flashPulse.commit {"timestamp":9446963.699519,"wallClock":1760208423442,"durationMs":240,"source":"console.replay","correlationId":"console-replay:mgmmnbv5cfful8lf","latencyMs":65.47312499955297,"timelineOffsetMs":10.464602001011372}
10-11 14:47:03.607 21612 23139 D OutputsAudio: [outputs-audio] stop gain=1.000 release=6.00
10-11 14:47:03.688 21612 23139 D OutputsAudio: [outputs-audio] start hz=700.0 gain=1.000 attack=2.50 release=6.00
10-11 14:47:03.701 21612 21675 D OutputsAudio: [outputs-audio] symbol.info sequence=11 symbol=- timestamp=9447209.711 duration=240.000
10-11 14:47:03.702 21612 21675 I ReactNativeJS: [outputs] playMorse.symbol {"timestamp":9447222.424519,"wallClock":1760208423701,"symbol":"-","durationMs":240,"index":10,"source":"console.replay","correlationId":"console-replay:mgmmnc45sc88rhd0","nativeTimestampMs":9447209.711,"nativeDurationMs":240,"nativeOffsetMs":12.602842001244426,"nativeSequence":11,"monotonicTimestampMs":9447209.711}
10-11 14:47:03.702 21612 21675 I ReactNativeJS: [outputs] outputs.hapticSymbol {"timestamp":9447223.557696,"wallClock":1760208423702,"enabled":true,"symbol":"-","durationMs":240,"platform":"android","source":"console.replay","correlationId":"console-replay:mgmmnc45sc88rhd0","timelineOffsetMs":12.602842001244426}
10-11 14:47:03.704 21612 21675 I ReactNativeJS: [outputs] outputs.flashPulse {"timestamp":9447224.849259,"wallClock":1760208423703,"enabled":true,"durationMs":240,"source":"console.replay","correlationId":"console-replay:mgmmnc45sc88rhd0","timelineOffsetMs":12.602842001244426}
10-11 14:47:03.773 21612 21675 I ReactNativeJS: [outputs] outputs.flashPulse.commit {"timestamp":9447294.4828,"wallClock":1760208423773,"durationMs":240,"source":"console.replay","correlationId":"console-replay:mgmmnc45sc88rhd0","latencyMs":72.16463499888778,"timelineOffsetMs":12.602842001244426}
10-11 14:47:03.928 21612 23139 D OutputsAudio: [outputs-audio] stop gain=1.000 release=6.00
10-11 14:47:04.009 21612 23139 D OutputsAudio: [outputs-audio] start hz=700.0 gain=1.000 attack=2.50 release=6.00
10-11 14:47:04.017 21612 21675 D OutputsAudio: [outputs-audio] symbol.info sequence=12 symbol=- timestamp=9447530.654 duration=240.000
10-11 14:47:04.020 21612 21675 I ReactNativeJS: [outputs] playMorse.symbol {"timestamp":9447539.169206,"wallClock":1760208424018,"symbol":"-","durationMs":240,"index":11,"source":"console.replay","correlationId":"console-replay:mgmmnccyo88e3dsr","nativeTimestampMs":9447530.654,"nativeDurationMs":240,"nativeOffsetMs":8.41088300012052,"nativeSequence":12,"monotonicTimestampMs":9447530.654}
10-11 14:47:04.021 21612 21675 I ReactNativeJS: [outputs] outputs.hapticSymbol {"timestamp":9447541.268061,"wallClock":1760208424020,"enabled":true,"symbol":"-","durationMs":240,"platform":"android","source":"console.replay","correlationId":"console-replay:mgmmnccyo88e3dsr","timelineOffsetMs":8.41088300012052}
10-11 14:47:04.023 21612 21675 I ReactNativeJS: [outputs] outputs.flashPulse {"timestamp":9447544.39004,"wallClock":1760208424023,"enabled":true,"durationMs":240,"source":"console.replay","correlationId":"console-replay:mgmmnccyo88e3dsr","timelineOffsetMs":8.41088300012052}
10-11 14:47:04.096 21612 21675 I ReactNativeJS: [outputs] outputs.flashPulse.commit {"timestamp":9447616.894206,"wallClock":1760208424095,"durationMs":240,"source":"console.replay","correlationId":"console-replay:mgmmnccyo88e3dsr","latencyMs":77.82474000006914,"timelineOffsetMs":8.41088300012052}
10-11 14:47:04.250 21612 23139 D OutputsAudio: [outputs-audio] stop gain=1.000 release=6.00
10-11 14:47:04.331 21612 23139 D OutputsAudio: [outputs-audio] start hz=700.0 gain=1.000 attack=2.50 release=6.00
10-11 14:47:04.342 21612 21675 D OutputsAudio: [outputs-audio] symbol.info sequence=13 symbol=. timestamp=9447852.466 duration=80.000
10-11 14:47:04.344 21612 21675 I ReactNativeJS: [outputs] playMorse.symbol {"timestamp":9447863.922748,"wallClock":1760208424342,"symbol":".","durationMs":80,"index":12,"source":"console.replay","correlationId":"console-replay:mgmmncly2x0w5u4u","nativeTimestampMs":9447852.466,"nativeDurationMs":80,"nativeOffsetMs":11.385237999260426,"nativeSequence":13,"monotonicTimestampMs":9447852.466}
10-11 14:47:04.344 21612 21675 I ReactNativeJS: [outputs] outputs.hapticSymbol {"timestamp":9447865.211185,"wallClock":1760208424344,"enabled":true,"symbol":".","durationMs":80,"platform":"android","source":"console.replay","correlationId":"console-replay:mgmmncly2x0w5u4u","timelineOffsetMs":11.385237999260426}
10-11 14:47:04.346 21612 21675 I ReactNativeJS: [outputs] outputs.flashPulse {"timestamp":9447866.730977,"wallClock":1760208424345,"enabled":true,"durationMs":80,"source":"console.replay","correlationId":"console-replay:mgmmncly2x0w5u4u","timelineOffsetMs":11.385237999260426}
10-11 14:47:04.411 21612 23139 D OutputsAudio: [outputs-audio] stop gain=1.000 release=6.00
10-11 14:47:04.425 21612 21675 I ReactNativeJS: [outputs] outputs.flashPulse.commit {"timestamp":9447946.050508,"wallClock":1760208424424,"durationMs":80,"source":"console.replay","correlationId":"console-replay:mgmmncly2x0w5u4u","latencyMs":82.19463500007987,"timelineOffsetMs":11.385237999260426}
10-11 14:47:04.492 21612 23139 D OutputsAudio: [outputs-audio] start hz=700.0 gain=1.000 attack=2.50 release=6.00
10-11 14:47:04.513 21612 21675 D OutputsAudio: [outputs-audio] symbol.info sequence=14 symbol=. timestamp=9448013.519 duration=80.000
10-11 14:47:04.515 21612 21675 I ReactNativeJS: [outputs] playMorse.symbol {"timestamp":9448034.789154,"wallClock":1760208424513,"symbol":".","durationMs":80,"index":13,"source":"console.replay","correlationId":"console-replay:mgmmncqpjkxeuvb1","nativeTimestampMs":9448013.519,"nativeDurationMs":80,"nativeOffsetMs":21.07562300004065,"nativeSequence":14,"monotonicTimestampMs":9448013.519}
10-11 14:47:04.516 21612 21675 I ReactNativeJS: [outputs] outputs.hapticSymbol {"timestamp":9448036.861915,"wallClock":1760208424515,"enabled":true,"symbol":".","durationMs":80,"platform":"android","source":"console.replay","correlationId":"console-replay:mgmmncqpjkxeuvb1","timelineOffsetMs":21.07562300004065}
10-11 14:47:04.519 21612 21675 I ReactNativeJS: [outputs] outputs.flashPulse {"timestamp":9448039.735092,"wallClock":1760208424518,"enabled":true,"durationMs":80,"source":"console.replay","correlationId":"console-replay:mgmmncqpjkxeuvb1","timelineOffsetMs":21.07562300004065}
10-11 14:47:04.572 21612 23139 D OutputsAudio: [outputs-audio] stop gain=1.000 release=6.00
10-11 14:47:04.608 21612 21675 I ReactNativeJS: [outputs] outputs.flashPulse.commit {"timestamp":9448129.162592,"wallClock":1760208424608,"durationMs":80,"source":"console.replay","correlationId":"console-replay:mgmmncqpjkxeuvb1","latencyMs":94.56322900019586,"timelineOffsetMs":21.07562300004065}
10-11 14:47:04.653 21612 23139 D OutputsAudio: [outputs-audio] start hz=700.0 gain=1.000 attack=2.50 release=6.00
10-11 14:47:04.657 21612 21675 D OutputsAudio: [outputs-audio] symbol.info sequence=15 symbol=. timestamp=9448174.196 duration=80.000
10-11 14:47:04.658 21612 21675 I ReactNativeJS: [outputs] playMorse.symbol {"timestamp":9448179.221133,"wallClock":1760208424658,"symbol":".","durationMs":80,"index":14,"source":"console.replay","correlationId":"console-replay:mgmmncuqiygk39m9","nativeTimestampMs":9448174.196,"nativeDurationMs":80,"nativeOffsetMs":4.975809998810291,"nativeSequence":15,"monotonicTimestampMs":9448174.196}
10-11 14:47:04.658 21612 21675 I ReactNativeJS: [outputs] outputs.hapticSymbol {"timestamp":9448179.653946,"wallClock":1760208424658,"enabled":true,"symbol":".","durationMs":80,"platform":"android","source":"console.replay","correlationId":"console-replay:mgmmncuqiygk39m9","timelineOffsetMs":4.975809998810291}
10-11 14:47:04.659 21612 21675 I ReactNativeJS: [outputs] outputs.flashPulse {"timestamp":9448180.406081,"wallClock":1760208424659,"enabled":true,"durationMs":80,"source":"console.replay","correlationId":"console-replay:mgmmncuqiygk39m9","timelineOffsetMs":4.975809998810291}
10-11 14:47:04.709 21612 21675 I ReactNativeJS: [outputs] outputs.flashPulse.commit {"timestamp":9448230.694467,"wallClock":1760208424709,"durationMs":80,"source":"console.replay","correlationId":"console-replay:mgmmncuqiygk39m9","latencyMs":51.51859400048852,"timelineOffsetMs":4.975809998810291}
10-11 14:47:04.734 21612 23139 D OutputsAudio: [outputs-audio] stop gain=1.000 release=6.00
10-11 14:47:04.815 21612 23139 D OutputsAudio: [outputs-audio] start hz=700.0 gain=1.000 attack=2.50 release=6.00
10-11 14:47:04.819 21612 21675 D OutputsAudio: [outputs-audio] symbol.info sequence=16 symbol=- timestamp=9448336.385 duration=240.000
10-11 14:47:04.820 21612 21675 I ReactNativeJS: [outputs] playMorse.symbol {"timestamp":9448341.218633,"wallClock":1760208424820,"symbol":"-","durationMs":240,"index":15,"source":"console.replay","correlationId":"console-replay:mgmmncz8av9alroh","nativeTimestampMs":9448336.385,"nativeDurationMs":240,"nativeOffsetMs":4.741967000067234,"nativeSequence":16,"monotonicTimestampMs":9448336.385}
10-11 14:47:04.821 21612 21675 I ReactNativeJS: [outputs] outputs.hapticSymbol {"timestamp":9448342.110196,"wallClock":1760208424820,"enabled":true,"symbol":"-","durationMs":240,"platform":"android","source":"console.replay","correlationId":"console-replay:mgmmncz8av9alroh","timelineOffsetMs":4.741967000067234}
10-11 14:47:04.822 21612 21675 I ReactNativeJS: [outputs] outputs.flashPulse {"timestamp":9448343.576081,"wallClock":1760208424822,"enabled":true,"durationMs":240,"source":"console.replay","correlationId":"console-replay:mgmmncz8av9alroh","timelineOffsetMs":4.741967000067234}
10-11 14:47:04.897 21612 21675 I ReactNativeJS: [outputs] outputs.flashPulse.commit {"timestamp":9448418.051446,"wallClock":1760208424896,"durationMs":240,"source":"console.replay","correlationId":"console-replay:mgmmncz8av9alroh","latencyMs":76.91989500075579,"timelineOffsetMs":4.741967000067234}
10-11 14:47:05.055 21612 23139 D OutputsAudio: [outputs-audio] stop gain=1.000 release=6.00
10-11 14:47:05.137 21612 23139 D OutputsAudio: [outputs-audio] start hz=700.0 gain=1.000 attack=2.50 release=6.00
10-11 14:47:05.145 21612 21675 D OutputsAudio: [outputs-audio] symbol.info sequence=17 symbol=- timestamp=9448658.763 duration=240.000
10-11 14:47:05.147 21612 21675 I ReactNativeJS: [outputs] playMorse.symbol {"timestamp":9448667.123321,"wallClock":1760208425145,"symbol":"-","durationMs":240,"index":16,"source":"console.replay","correlationId":"console-replay:mgmmnd892vuctp81","nativeTimestampMs":9448658.763,"nativeDurationMs":240,"nativeOffsetMs":8.266206000000238,"nativeSequence":17,"monotonicTimestampMs":9448658.763}
10-11 14:47:05.148 21612 21675 I ReactNativeJS: [outputs] outputs.hapticSymbol {"timestamp":9448668.634623,"wallClock":1760208425147,"enabled":true,"symbol":"-","durationMs":240,"platform":"android","source":"console.replay","correlationId":"console-replay:mgmmnd892vuctp81","timelineOffsetMs":8.266206000000238}
10-11 14:47:05.152 21612 21675 I ReactNativeJS: [outputs] outputs.flashPulse {"timestamp":9448672.697539,"wallClock":1760208425151,"enabled":true,"durationMs":240,"source":"console.replay","correlationId":"console-replay:mgmmnd892vuctp81","timelineOffsetMs":8.266206000000238}
10-11 14:47:05.211 21612 21675 I ReactNativeJS: [outputs] outputs.flashPulse.commit {"timestamp":9448732.574154,"wallClock":1760208425211,"durationMs":240,"source":"console.replay","correlationId":"console-replay:mgmmnd892vuctp81","latencyMs":65.54072899930179,"timelineOffsetMs":8.266206000000238}
10-11 14:47:05.378 21612 23139 D OutputsAudio: [outputs-audio] stop gain=1.000 release=6.00
10-11 14:47:05.459 21612 23139 D OutputsAudio: [outputs-audio] start hz=700.0 gain=1.000 attack=2.50 release=6.00
10-11 14:47:05.472 21612 21675 D OutputsAudio: [outputs-audio] symbol.info sequence=18 symbol=- timestamp=9448980.821 duration=240.000
10-11 14:47:05.473 21612 21675 I ReactNativeJS: [outputs] playMorse.symbol {"timestamp":9448993.338841,"wallClock":1760208425472,"symbol":"-","durationMs":240,"index":17,"source":"console.replay","correlationId":"console-replay:mgmmndhcc5tsaioa","nativeTimestampMs":9448980.821,"nativeDurationMs":240,"nativeOffsetMs":12.41372700035572,"nativeSequence":18,"monotonicTimestampMs":9448980.821}
10-11 14:47:05.473 21612 21675 I ReactNativeJS: [outputs] outputs.hapticSymbol {"timestamp":9448994.309362,"wallClock":1760208425473,"enabled":true,"symbol":"-","durationMs":240,"platform":"android","source":"console.replay","correlationId":"console-replay:mgmmndhcc5tsaioa","timelineOffsetMs":12.41372700035572}
10-11 14:47:05.475 21612 21675 I ReactNativeJS: [outputs] outputs.flashPulse {"timestamp":9448996.629414,"wallClock":1760208425475,"enabled":true,"durationMs":240,"source":"console.replay","correlationId":"console-replay:mgmmndhcc5tsaioa","timelineOffsetMs":12.41372700035572}
10-11 14:47:05.543 21612 21675 I ReactNativeJS: [outputs] outputs.flashPulse.commit {"timestamp":9449063.702747,"wallClock":1760208425542,"durationMs":240,"source":"console.replay","correlationId":"console-replay:mgmmndhcc5tsaioa","latencyMs":70.46301999874413,"timelineOffsetMs":12.41372700035572}
10-11 14:47:05.700 21612 23139 D OutputsAudio: [outputs-audio] stop gain=1.000 release=6.00
10-11 14:47:05.781 21612 23139 D OutputsAudio: [outputs-audio] start hz=700.0 gain=1.000 attack=2.50 release=6.00
10-11 14:47:05.788 21612 21675 D OutputsAudio: [outputs-audio] symbol.info sequence=19 symbol=. timestamp=9449303.111 duration=80.000
10-11 14:47:05.791 21612 21675 I ReactNativeJS: [outputs] playMorse.symbol {"timestamp":9449309.877852,"wallClock":1760208425788,"symbol":".","durationMs":80,"index":18,"source":"console.replay","correlationId":"console-replay:mgmmndq4rkyve207","nativeTimestampMs":9449303.111,"nativeDurationMs":80,"nativeOffsetMs":6.678570000454783,"nativeSequence":19,"monotonicTimestampMs":9449303.111}
10-11 14:47:05.792 21612 21675 I ReactNativeJS: [outputs] outputs.hapticSymbol {"timestamp":9449312.542747,"wallClock":1760208425791,"enabled":true,"symbol":".","durationMs":80,"platform":"android","source":"console.replay","correlationId":"console-replay:mgmmndq4rkyve207","timelineOffsetMs":6.678570000454783}
10-11 14:47:05.795 21612 21675 I ReactNativeJS: [outputs] outputs.flashPulse {"timestamp":9449315.99582,"wallClock":1760208425794,"enabled":true,"durationMs":80,"source":"console.replay","correlationId":"console-replay:mgmmndq4rkyve207","timelineOffsetMs":6.678570000454783}
10-11 14:47:05.856 21612 21675 I ReactNativeJS: [outputs] outputs.flashPulse.commit {"timestamp":9449377.399883,"wallClock":1760208425856,"durationMs":80,"source":"console.replay","correlationId":"console-replay:mgmmndq4rkyve207","latencyMs":67.60531299933791,"timelineOffsetMs":6.678570000454783}
10-11 14:47:05.862 21612 23139 D OutputsAudio: [outputs-audio] stop gain=1.000 release=6.00
10-11 14:47:05.943 21612 23139 D OutputsAudio: [outputs-audio] start hz=700.0 gain=1.000 attack=2.50 release=6.00
10-11 14:47:05.955 21612 21675 D OutputsAudio: [outputs-audio] symbol.info sequence=20 symbol=. timestamp=9449465.210 duration=80.000
10-11 14:47:05.956 21612 21675 I ReactNativeJS: [outputs] playMorse.symbol {"timestamp":9449477.157487,"wallClock":1760208425956,"symbol":".","durationMs":80,"index":19,"source":"console.replay","correlationId":"console-replay:mgmmndush22e25p5","nativeTimestampMs":9449465.21,"nativeDurationMs":80,"nativeOffsetMs":11.89134099893272,"nativeSequence":20,"monotonicTimestampMs":9449465.21}
10-11 14:47:05.957 21612 21675 I ReactNativeJS: [outputs] outputs.hapticSymbol {"timestamp":9449477.69806,"wallClock":1760208425956,"enabled":true,"symbol":".","durationMs":80,"platform":"android","source":"console.replay","correlationId":"console-replay:mgmmndush22e25p5","timelineOffsetMs":11.89134099893272}
10-11 14:47:05.958 21612 21675 I ReactNativeJS: [outputs] outputs.flashPulse {"timestamp":9449479.152695,"wallClock":1760208425958,"enabled":true,"durationMs":80,"source":"console.replay","correlationId":"console-replay:mgmmndush22e25p5","timelineOffsetMs":11.89134099893272}
10-11 14:47:06.017 21612 21675 I ReactNativeJS: [outputs] outputs.flashPulse.commit {"timestamp":9449537.808633,"wallClock":1760208426016,"durationMs":80,"source":"console.replay","correlationId":"console-replay:mgmmndush22e25p5","latencyMs":60.70218800008297,"timelineOffsetMs":11.89134099893272}
10-11 14:47:06.024 21612 23139 D OutputsAudio: [outputs-audio] stop gain=1.000 release=6.00
10-11 14:47:06.105 21612 23139 D OutputsAudio: [outputs-audio] start hz=700.0 gain=1.000 attack=2.50 release=6.00
10-11 14:47:06.112 21612 21675 D OutputsAudio: [outputs-audio] symbol.info sequence=21 symbol=. timestamp=9449626.310 duration=80.000
10-11 14:47:06.113 21612 21675 I ReactNativeJS: [outputs] playMorse.symbol {"timestamp":9449633.880508,"wallClock":1760208426112,"symbol":".","durationMs":80,"index":20,"source":"console.replay","correlationId":"console-replay:mgmmndz46xs64uc8","nativeTimestampMs":9449626.31,"nativeDurationMs":80,"nativeOffsetMs":7.4929559994488955,"nativeSequence":21,"monotonicTimestampMs":9449626.31}
10-11 14:47:06.113 21612 21675 I ReactNativeJS: [outputs] outputs.hapticSymbol {"timestamp":9449634.659726,"wallClock":1760208426113,"enabled":true,"symbol":".","durationMs":80,"platform":"android","source":"console.replay","correlationId":"console-replay:mgmmndz46xs64uc8","timelineOffsetMs":7.4929559994488955}
10-11 14:47:06.115 21612 21675 I ReactNativeJS: [outputs] outputs.flashPulse {"timestamp":9449635.870768,"wallClock":1760208426114,"enabled":true,"durationMs":80,"source":"console.replay","correlationId":"console-replay:mgmmndz46xs64uc8","timelineOffsetMs":7.4929559994488955}
10-11 14:47:06.185 21612 23139 D OutputsAudio: [outputs-audio] stop gain=1.000 release=6.00
10-11 14:47:06.188 21612 21675 I ReactNativeJS: [outputs] outputs.flashPulse.commit {"timestamp":9449709.327591,"wallClock":1760208426188,"durationMs":80,"source":"console.replay","correlationId":"console-replay:mgmmndz46xs64uc8","latencyMs":75.52051999978721,"timelineOffsetMs":7.4929559994488955}
10-11 14:47:06.267 21612 23139 D OutputsAudio: [outputs-audio] start hz=700.0 gain=1.000 attack=2.50 release=6.00
10-11 14:47:06.273 21612 21675 D OutputsAudio: [outputs-audio] symbol.info sequence=22 symbol=- timestamp=9449789.151 duration=240.000
10-11 14:47:06.274 21612 21675 I ReactNativeJS: [outputs] playMorse.symbol {"timestamp":9449795.077331,"wallClock":1760208426273,"symbol":"-","durationMs":240,"index":21,"source":"console.replay","correlationId":"console-replay:mgmmne3lpf662rqz","nativeTimestampMs":9449789.151,"nativeDurationMs":240,"nativeOffsetMs":5.866694999858737,"nativeSequence":22,"monotonicTimestampMs":9449789.151}
10-11 14:47:06.274 21612 21675 I ReactNativeJS: [outputs] outputs.hapticSymbol {"timestamp":9449795.664518,"wallClock":1760208426274,"enabled":true,"symbol":"-","durationMs":240,"platform":"android","source":"console.replay","correlationId":"console-replay:mgmmne3lpf662rqz","timelineOffsetMs":5.866694999858737}
10-11 14:47:06.275 21612 21675 I ReactNativeJS: [outputs] outputs.flashPulse {"timestamp":9449796.449206,"wallClock":1760208426275,"enabled":true,"durationMs":240,"source":"console.replay","correlationId":"console-replay:mgmmne3lpf662rqz","timelineOffsetMs":5.866694999858737}
10-11 14:47:06.331 21612 21675 I ReactNativeJS: [outputs] outputs.flashPulse.commit {"timestamp":9449852.238581,"wallClock":1760208426331,"durationMs":240,"source":"console.replay","correlationId":"console-replay:mgmmne3lpf662rqz","latencyMs":57.21552100032568,"timelineOffsetMs":5.866694999858737}
10-11 14:47:06.508 21612 23139 D OutputsAudio: [outputs-audio] stop gain=1.000 release=6.00
10-11 14:47:06.589 21612 23139 D OutputsAudio: [outputs-audio] start hz=700.0 gain=1.000 attack=2.50 release=6.00
10-11 14:47:06.601 21612 21675 D OutputsAudio: [outputs-audio] symbol.info sequence=23 symbol=- timestamp=9450110.557 duration=240.000
10-11 14:47:06.602 21612 21675 I ReactNativeJS: [outputs] playMorse.symbol {"timestamp":9450122.751966,"wallClock":1760208426601,"symbol":"-","durationMs":240,"index":22,"source":"console.replay","correlationId":"console-replay:mgmmnecpaw2ek7fc","nativeTimestampMs":9450110.557,"nativeDurationMs":240,"nativeOffsetMs":12.0552779994905,"nativeSequence":23,"monotonicTimestampMs":9450110.557}
10-11 14:47:06.603 21612 21675 I ReactNativeJS: [outputs] outputs.hapticSymbol {"timestamp":9450124.178268,"wallClock":1760208426603,"enabled":true,"symbol":"-","durationMs":240,"platform":"android","source":"console.replay","correlationId":"console-replay:mgmmnecpaw2ek7fc","timelineOffsetMs":12.0552779994905}
10-11 14:47:06.606 21612 21675 I ReactNativeJS: [outputs] outputs.flashPulse {"timestamp":9450126.532903,"wallClock":1760208426605,"enabled":true,"durationMs":240,"source":"console.replay","correlationId":"console-replay:mgmmnecpaw2ek7fc","timelineOffsetMs":12.0552779994905}
10-11 14:47:06.668 21612 21675 I ReactNativeJS: [outputs] outputs.flashPulse.commit {"timestamp":9450188.87431,"wallClock":1760208426667,"durationMs":240,"source":"console.replay","correlationId":"console-replay:mgmmnecpaw2ek7fc","latencyMs":66.25744800083339,"timelineOffsetMs":12.0552779994905}
10-11 14:47:06.830 21612 23139 D OutputsAudio: [outputs-audio] stop gain=1.000 release=6.00
10-11 14:47:06.911 21612 23139 D OutputsAudio: [outputs-audio] start hz=700.0 gain=1.000 attack=2.50 release=6.00
10-11 14:47:06.924 21612 21675 D OutputsAudio: [outputs-audio] symbol.info sequence=24 symbol=- timestamp=9450432.498 duration=240.000
10-11 14:47:06.925 21612 21675 I ReactNativeJS: [outputs] playMorse.symbol {"timestamp":9450445.440299,"wallClock":1760208426924,"symbol":"-","durationMs":240,"index":23,"source":"console.replay","correlationId":"console-replay:mgmmnelo5t39xzn7","nativeTimestampMs":9450432.498,"nativeDurationMs":240,"nativeOffsetMs":12.84896600060165,"nativeSequence":24,"monotonicTimestampMs":9450432.498}
10-11 14:47:06.925 21612 21675 I ReactNativeJS: [outputs] outputs.hapticSymbol {"timestamp":9450446.366497,"wallClock":1760208426925,"enabled":true,"symbol":"-","durationMs":240,"platform":"android","source":"console.replay","correlationId":"console-replay:mgmmnelo5t39xzn7","timelineOffsetMs":12.84896600060165}
10-11 14:47:06.926 21612 21675 I ReactNativeJS: [outputs] outputs.flashPulse {"timestamp":9450447.520247,"wallClock":1760208426926,"enabled":true,"durationMs":240,"source":"console.replay","correlationId":"console-replay:mgmmnelo5t39xzn7","timelineOffsetMs":12.84896600060165}
10-11 14:47:06.989 21612 21675 I ReactNativeJS: [outputs] outputs.flashPulse.commit {"timestamp":9450510.309622,"wallClock":1760208426989,"durationMs":240,"source":"console.replay","correlationId":"console-replay:mgmmnelo5t39xzn7","latencyMs":64.95812499895692,"timelineOffsetMs":12.84896600060165}
10-11 14:47:07.151 21612 23139 D OutputsAudio: [outputs-audio] stop gain=1.000 release=6.00
10-11 14:47:07.233 21612 23139 D OutputsAudio: [outputs-audio] start hz=700.0 gain=1.000 attack=2.50 release=6.00
10-11 14:47:07.242 21612 21675 D OutputsAudio: [outputs-audio] symbol.info sequence=25 symbol=. timestamp=9450754.279 duration=80.000
10-11 14:47:07.243 21612 21675 I ReactNativeJS: [outputs] playMorse.symbol {"timestamp":9450763.461497,"wallClock":1760208427242,"symbol":".","durationMs":80,"index":24,"source":"console.replay","correlationId":"console-replay:mgmmneuiynfy60ks","nativeTimestampMs":9450754.279,"nativeDurationMs":80,"nativeOffsetMs":9.06895500048995,"nativeSequence":25,"monotonicTimestampMs":9450754.279}
10-11 14:47:07.243 21612 21675 I ReactNativeJS: [outputs] outputs.hapticSymbol {"timestamp":9450764.55608,"wallClock":1760208427243,"enabled":true,"symbol":".","durationMs":80,"platform":"android","source":"console.replay","correlationId":"console-replay:mgmmneuiynfy60ks","timelineOffsetMs":9.06895500048995}
10-11 14:47:07.245 21612 21675 I ReactNativeJS: [outputs] outputs.flashPulse {"timestamp":9450765.943372,"wallClock":1760208427244,"enabled":true,"durationMs":80,"source":"console.replay","correlationId":"console-replay:mgmmneuiynfy60ks","timelineOffsetMs":9.06895500048995}
10-11 14:47:07.313 21612 23139 D OutputsAudio: [outputs-audio] stop gain=1.000 release=6.00
10-11 14:47:07.320 21612 21675 I ReactNativeJS: [outputs] outputs.flashPulse.commit {"timestamp":9450841.002486,"wallClock":1760208427319,"durationMs":80,"source":"console.replay","correlationId":"console-replay:mgmmneuiynfy60ks","latencyMs":77.64984400011599,"timelineOffsetMs":9.06895500048995}
10-11 14:47:07.395 21612 23139 D OutputsAudio: [outputs-audio] start hz=700.0 gain=1.000 attack=2.50 release=6.00
10-11 14:47:07.421 21612 21675 D OutputsAudio: [outputs-audio] symbol.info sequence=26 symbol=. timestamp=9450916.499 duration=80.000
10-11 14:47:07.425 21612 21675 I ReactNativeJS: [outputs] playMorse.symbol {"timestamp":9450943.302226,"wallClock":1760208427422,"symbol":".","durationMs":80,"index":25,"source":"console.replay","correlationId":"console-replay:mgmmnezihgyitk0j","nativeTimestampMs":9450916.499,"nativeDurationMs":80,"nativeOffsetMs":26.61817399971187,"nativeSequence":26,"monotonicTimestampMs":9450916.499}
10-11 14:47:07.425 21612 21675 I ReactNativeJS: [outputs] outputs.hapticSymbol {"timestamp":9450946.386809,"wallClock":1760208427425,"enabled":true,"symbol":".","durationMs":80,"platform":"android","source":"console.replay","correlationId":"console-replay:mgmmnezihgyitk0j","timelineOffsetMs":26.61817399971187}
10-11 14:47:07.428 21612 21675 I ReactNativeJS: [outputs] outputs.flashPulse {"timestamp":9450948.717174,"wallClock":1760208427427,"enabled":true,"durationMs":80,"source":"console.replay","correlationId":"console-replay:mgmmnezihgyitk0j","timelineOffsetMs":26.61817399971187}
10-11 14:47:07.475 21612 23139 D OutputsAudio: [outputs-audio] stop gain=1.000 release=6.00
10-11 14:47:07.503 21612 21675 I ReactNativeJS: [outputs] outputs.flashPulse.commit {"timestamp":9451023.85332,"wallClock":1760208427502,"durationMs":80,"source":"console.replay","correlationId":"console-replay:mgmmnezihgyitk0j","latencyMs":80.73140600137413,"timelineOffsetMs":26.61817399971187}
10-11 14:47:07.555 21612 23139 D OutputsAudio: [outputs-audio] start hz=700.0 gain=1.000 attack=2.50 release=6.00
10-11 14:47:07.573 21612 21675 D OutputsAudio: [outputs-audio] symbol.info sequence=27 symbol=. timestamp=9451077.123 duration=80.000
10-11 14:47:07.574 21612 21675 I ReactNativeJS: [outputs] playMorse.symbol {"timestamp":9451094.72884,"wallClock":1760208427573,"symbol":".","durationMs":80,"index":26,"source":"console.replay","correlationId":"console-replay:mgmmnf3p6hs961aw","nativeTimestampMs":9451077.123,"nativeDurationMs":80,"nativeOffsetMs":17.500944999977946,"nativeSequence":27,"monotonicTimestampMs":9451077.123}
10-11 14:47:07.575 21612 21675 I ReactNativeJS: [outputs] outputs.hapticSymbol {"timestamp":9451095.739413,"wallClock":1760208427574,"enabled":true,"symbol":".","durationMs":80,"platform":"android","source":"console.replay","correlationId":"console-replay:mgmmnf3p6hs961aw","timelineOffsetMs":17.500944999977946}
10-11 14:47:07.576 21612 21675 I ReactNativeJS: [outputs] outputs.flashPulse {"timestamp":9451097.13108,"wallClock":1760208427576,"enabled":true,"durationMs":80,"source":"console.replay","correlationId":"console-replay:mgmmnf3p6hs961aw","timelineOffsetMs":17.500944999977946}
10-11 14:47:07.630 21612 21675 I ReactNativeJS: [outputs] outputs.flashPulse.commit {"timestamp":9451151.178424,"wallClock":1760208427630,"durationMs":80,"source":"console.replay","correlationId":"console-replay:mgmmnf3p6hs961aw","latencyMs":56.54994800128043,"timelineOffsetMs":17.500944999977946}
10-11 14:47:07.636 21612 23139 D OutputsAudio: [outputs-audio] stop gain=1.000 release=6.00
10-11 14:47:07.680 21612 21675 I ReactNativeJS: [outputs] playMorse.complete {"timestamp":9451200.963059,"wallClock":1760208427679,"durationMs":6506.099476000294,"source":"console.replay","audioEnabled":true,"audioVolumePercent":100}
10-11 14:47:07.717 21612 23139 D OutputsAudio: [outputs-audio] stop gain=0.000 release=6.00
10-11 14:47:07.717 21612 23139 D OutputsAudio: [outputs-audio] playMorse.end cancelled=0
10-11 14:47:10.274 21612 21675 I ReactNativeJS: [outputs] playMorse.start {"timestamp":9453794.662433,"wallClock":1760208430273,"unitMs":60,"length":28,"source":"console.replay","audioEnabled":true,"audioVolumePercent":100}
10-11 14:47:10.463 21612 21675 D OutputsAudio: [outputs-audio] warmup hz=700.0
10-11 14:47:10.463 21612 23180 D OutputsAudio: [outputs-audio] playMorse.start count=27 unit=60.0
10-11 14:47:10.463 21612 23180 D OutputsAudio: [outputs-audio] start hz=700.0 gain=1.000 attack=2.50 release=6.00
10-11 14:47:10.472 21612 21675 D OutputsAudio: [outputs-audio] symbol.info sequence=1 symbol=. timestamp=9453984.743 duration=60.000
10-11 14:47:10.473 21612 21675 I ReactNativeJS: [outputs] playMorse.symbol {"timestamp":9453993.404829,"wallClock":1760208430472,"symbol":".","durationMs":60,"index":0,"source":"console.replay","correlationId":"console-replay:mgmmnhc8dg3pl3mi","nativeTimestampMs":9453984.743,"nativeDurationMs":60,"nativeOffsetMs":8.557245999574661,"nativeSequence":1,"monotonicTimestampMs":9453984.743}
10-11 14:47:10.474 21612 21675 I ReactNativeJS: [outputs] outputs.hapticSymbol {"timestamp":9453994.657121,"wallClock":1760208430473,"enabled":true,"symbol":".","durationMs":60,"platform":"android","source":"console.replay","correlationId":"console-replay:mgmmnhc8dg3pl3mi","timelineOffsetMs":8.557245999574661}
10-11 14:47:10.476 21612 21675 I ReactNativeJS: [outputs] outputs.flashPulse {"timestamp":9453996.609725,"wallClock":1760208430475,"enabled":true,"durationMs":60,"source":"console.replay","correlationId":"console-replay:mgmmnhc8dg3pl3mi","timelineOffsetMs":8.557245999574661}
10-11 14:47:10.524 21612 23180 D OutputsAudio: [outputs-audio] stop gain=1.000 release=6.00
10-11 14:47:10.546 21612 21675 I ReactNativeJS: [outputs] outputs.flashPulse.commit {"timestamp":9454067.467433,"wallClock":1760208430546,"durationMs":60,"source":"console.replay","correlationId":"console-replay:mgmmnhc8dg3pl3mi","latencyMs":74.16187500022352,"timelineOffsetMs":8.557245999574661}
10-11 14:47:10.585 21612 23180 D OutputsAudio: [outputs-audio] start hz=700.0 gain=1.000 attack=2.50 release=6.00
10-11 14:47:10.594 21612 21675 D OutputsAudio: [outputs-audio] symbol.info sequence=2 symbol=. timestamp=9454107.262 duration=60.000
10-11 14:47:10.595 21612 21675 I ReactNativeJS: [outputs] playMorse.symbol {"timestamp":9454115.712537,"wallClock":1760208430594,"symbol":".","durationMs":60,"index":1,"source":"console.replay","correlationId":"console-replay:mgmmnhfmu8e6kv49","nativeTimestampMs":9454107.262,"nativeDurationMs":60,"nativeOffsetMs":8.398974999785423,"nativeSequence":2,"monotonicTimestampMs":9454107.262}
10-11 14:47:10.595 21612 21675 I ReactNativeJS: [outputs] outputs.hapticSymbol {"timestamp":9454116.337537,"wallClock":1760208430595,"enabled":true,"symbol":".","durationMs":60,"platform":"android","source":"console.replay","correlationId":"console-replay:mgmmnhfmu8e6kv49","timelineOffsetMs":8.398974999785423}
10-11 14:47:10.596 21612 21675 I ReactNativeJS: [outputs] outputs.flashPulse {"timestamp":9454117.044516,"wallClock":1760208430595,"enabled":true,"durationMs":60,"source":"console.replay","correlationId":"console-replay:mgmmnhfmu8e6kv49","timelineOffsetMs":8.398974999785423}
10-11 14:47:10.646 21612 21675 I ReactNativeJS: [outputs] outputs.flashPulse.commit {"timestamp":9454167.33811,"wallClock":1760208430646,"durationMs":60,"source":"console.replay","correlationId":"console-replay:mgmmnhfmu8e6kv49","latencyMs":51.67265599966049,"timelineOffsetMs":8.398974999785423}
10-11 14:47:10.646 21612 23180 D OutputsAudio: [outputs-audio] stop gain=1.000 release=6.00
10-11 14:47:10.707 21612 23180 D OutputsAudio: [outputs-audio] start hz=700.0 gain=1.000 attack=2.50 release=6.00
10-11 14:47:10.724 21612 21675 D OutputsAudio: [outputs-audio] symbol.info sequence=3 symbol=. timestamp=9454229.196 duration=60.000
10-11 14:47:10.725 21612 21675 I ReactNativeJS: [outputs] playMorse.symbol {"timestamp":9454245.331912,"wallClock":1760208430724,"symbol":".","durationMs":60,"index":2,"source":"console.replay","correlationId":"console-replay:mgmmnhj8671tas71","nativeTimestampMs":9454229.196,"nativeDurationMs":60,"nativeOffsetMs":16.040027000010014,"nativeSequence":3,"monotonicTimestampMs":9454229.196}
10-11 14:47:10.725 21612 21675 I ReactNativeJS: [outputs] outputs.hapticSymbol {"timestamp":9454246.265454,"wallClock":1760208430725,"enabled":true,"symbol":".","durationMs":60,"platform":"android","source":"console.replay","correlationId":"console-replay:mgmmnhj8671tas71","timelineOffsetMs":16.040027000010014}
10-11 14:47:10.726 21612 21675 I ReactNativeJS: [outputs] outputs.flashPulse {"timestamp":9454247.325141,"wallClock":1760208430726,"enabled":true,"durationMs":60,"source":"console.replay","correlationId":"console-replay:mgmmnhj8671tas71","timelineOffsetMs":16.040027000010014}
10-11 14:47:10.768 21612 23180 D OutputsAudio: [outputs-audio] stop gain=1.000 release=6.00
10-11 14:47:10.788 21612 21675 I ReactNativeJS: [outputs] outputs.flashPulse.commit {"timestamp":9454309.134152,"wallClock":1760208430788,"durationMs":60,"source":"console.replay","correlationId":"console-replay:mgmmnhj8671tas71","latencyMs":63.89369799941778,"timelineOffsetMs":16.040027000010014}
10-11 14:47:10.829 21612 23180 D OutputsAudio: [outputs-audio] start hz=700.0 gain=1.000 attack=2.50 release=6.00
10-11 14:47:10.832 21612 21675 D OutputsAudio: [outputs-audio] symbol.info sequence=4 symbol=- timestamp=9454351.014 duration=180.000
10-11 14:47:10.832 21612 21675 I ReactNativeJS: [outputs] playMorse.symbol {"timestamp":9454353.301756,"wallClock":1760208430832,"symbol":"-","durationMs":180,"index":3,"source":"console.replay","correlationId":"console-replay:mgmmnhm8pkyez7cq","nativeTimestampMs":9454351.014,"nativeDurationMs":180,"nativeOffsetMs":2.2382249999791384,"nativeSequence":4,"monotonicTimestampMs":9454351.014}
10-11 14:47:10.832 21612 21675 I ReactNativeJS: [outputs] outputs.hapticSymbol {"timestamp":9454353.779412,"wallClock":1760208430832,"enabled":true,"symbol":"-","durationMs":180,"platform":"android","source":"console.replay","correlationId":"console-replay:mgmmnhm8pkyez7cq","timelineOffsetMs":2.2382249999791384}
10-11 14:47:10.833 21612 21675 I ReactNativeJS: [outputs] outputs.flashPulse {"timestamp":9454354.463787,"wallClock":1760208430833,"enabled":true,"durationMs":180,"source":"console.replay","correlationId":"console-replay:mgmmnhm8pkyez7cq","timelineOffsetMs":2.2382249999791384}
10-11 14:47:10.889 21612 21675 I ReactNativeJS: [outputs] outputs.flashPulse.commit {"timestamp":9454409.940402,"wallClock":1760208430888,"durationMs":180,"source":"console.replay","correlationId":"console-replay:mgmmnhm8pkyez7cq","latencyMs":56.68369800038636,"timelineOffsetMs":2.2382249999791384}
10-11 14:47:11.011 21612 23180 D OutputsAudio: [outputs-audio] stop gain=1.000 release=6.00
10-11 14:47:11.071 21612 23180 D OutputsAudio: [outputs-audio] start hz=700.0 gain=1.000 attack=2.50 release=6.00
10-11 14:47:11.080 21612 21675 D OutputsAudio: [outputs-audio] symbol.info sequence=5 symbol=- timestamp=9454593.403 duration=180.000
10-11 14:47:11.081 21612 21675 I ReactNativeJS: [outputs] playMorse.symbol {"timestamp":9454601.770141,"wallClock":1760208431080,"symbol":"-","durationMs":180,"index":4,"source":"console.replay","correlationId":"console-replay:mgmmnht4mbfhza6r","nativeTimestampMs":9454593.403,"nativeDurationMs":180,"nativeOffsetMs":8.279015999287367,"nativeSequence":5,"monotonicTimestampMs":9454593.403}
10-11 14:47:11.081 21612 21675 I ReactNativeJS: [outputs] outputs.hapticSymbol {"timestamp":9454602.62087,"wallClock":1760208431081,"enabled":true,"symbol":"-","durationMs":180,"platform":"android","source":"console.replay","correlationId":"console-replay:mgmmnht4mbfhza6r","timelineOffsetMs":8.279015999287367}
10-11 14:47:11.083 21612 21675 I ReactNativeJS: [outputs] outputs.flashPulse {"timestamp":9454603.782641,"wallClock":1760208431082,"enabled":true,"durationMs":180,"source":"console.replay","correlationId":"console-replay:mgmmnht4mbfhza6r","timelineOffsetMs":8.279015999287367}
10-11 14:47:11.149 21612 21675 I ReactNativeJS: [outputs] outputs.flashPulse.commit {"timestamp":9454670.286652,"wallClock":1760208431149,"durationMs":180,"source":"console.replay","correlationId":"console-replay:mgmmnht4mbfhza6r","latencyMs":68.59942699968815,"timelineOffsetMs":8.279015999287367}
10-11 14:47:11.252 21612 23180 D OutputsAudio: [outputs-audio] stop gain=1.000 release=6.00
10-11 14:47:11.313 21612 23180 D OutputsAudio: [outputs-audio] start hz=700.0 gain=1.000 attack=2.50 release=6.00
10-11 14:47:11.325 21612 21675 D OutputsAudio: [outputs-audio] symbol.info sequence=6 symbol=- timestamp=9454834.616 duration=180.000
10-11 14:47:11.327 21612 21675 I ReactNativeJS: [outputs] playMorse.symbol {"timestamp":9454846.318787,"wallClock":1760208431325,"symbol":"-","durationMs":180,"index":5,"source":"console.replay","correlationId":"console-replay:mgmmnhzxff9t4rll","nativeTimestampMs":9454834.616,"nativeDurationMs":180,"nativeOffsetMs":11.600391000509262,"nativeSequence":6,"monotonicTimestampMs":9454834.616}
10-11 14:47:11.328 21612 21675 I ReactNativeJS: [outputs] outputs.hapticSymbol {"timestamp":9454848.965714,"wallClock":1760208431327,"enabled":true,"symbol":"-","durationMs":180,"platform":"android","source":"console.replay","correlationId":"console-replay:mgmmnhzxff9t4rll","timelineOffsetMs":11.600391000509262}
10-11 14:47:11.329 21612 21675 I ReactNativeJS: [outputs] outputs.flashPulse {"timestamp":9454850.631652,"wallClock":1760208431329,"enabled":true,"durationMs":180,"source":"console.replay","correlationId":"console-replay:mgmmnhzxff9t4rll","timelineOffsetMs":11.600391000509262}
10-11 14:47:11.393 21612 21675 I ReactNativeJS: [outputs] outputs.flashPulse.commit {"timestamp":9454914.056235,"wallClock":1760208431392,"durationMs":180,"source":"console.replay","correlationId":"console-replay:mgmmnhzxff9t4rll","latencyMs":67.83525999821723,"timelineOffsetMs":11.600391000509262}
10-11 14:47:11.494 21612 23180 D OutputsAudio: [outputs-audio] stop gain=1.000 release=6.00
10-11 14:47:11.555 21612 23180 D OutputsAudio: [outputs-audio] start hz=700.0 gain=1.000 attack=2.50 release=6.00
10-11 14:47:11.573 21612 21675 D OutputsAudio: [outputs-audio] symbol.info sequence=7 symbol=. timestamp=9455076.481 duration=60.000
10-11 14:47:11.576 21612 21675 I ReactNativeJS: [outputs] playMorse.symbol {"timestamp":9455094.68186,"wallClock":1760208431573,"symbol":".","durationMs":60,"index":6,"source":"console.replay","correlationId":"console-replay:mgmmni6tmqlvkwcf","nativeTimestampMs":9455076.481,"nativeDurationMs":60,"nativeOffsetMs":18.071328999474645,"nativeSequence":7,"monotonicTimestampMs":9455076.481}
