10-11 17:35:15.459  8013  8101 I ReactNativeJS: [outputs] playMorse.symbol {"timestamp":19538977.322232,"wallClock":1760218515456,"symbol":"-","durationMs":360,"index":21,"source":"console.replay","correlationId":"console-replay:mgmsnmyorcua15vg","nativeTimestampMs":19538956.761,"nativeDurationMs":360,"nativeOffsetMs":20.44659600034356,"nativeSequence":22,"monotonicTimestampMs":19538956.761,"nativeExpectedTimestampMs":19538921.462,"nativeStartSkewMs":35.299,"nativeBatchElapsedMs":7235.299,"nativeExpectedSincePriorMs":240,"nativeSincePriorMs":241.839,"nativePatternStartMs":19531721.462,"nativeAgeMs":20.304}
10-11 17:35:15.460  8013  8101 I ReactNativeJS: [outputs] outputs.hapticSymbol {"timestamp":19538980.410773,"wallClock":1760218515459,"enabled":true,"symbol":"-","durationMs":360,"platform":"android","source":"console.replay","correlationId":"console-replay:mgmsnmyorcua15vg","timelineOffsetMs":20.44659600034356}
10-11 17:35:15.461  8013  8101 I ReactNativeJS: [outputs] outputs.flashPulse {"timestamp":19538981.785305,"wallClock":1760218515460,"enabled":true,"durationMs":360,"source":"console.replay","correlationId":"console-replay:mgmsnmyorcua15vg","timelineOffsetMs":20.44659600034356,"schedulingMode":"timeline","audioStartHeadroomMs":-68.30778399854898,"audioStartGuard":"headroom"}
10-11 17:35:15.549  8013  8101 I ReactNativeJS: [outputs] outputs.flashPulse.commit {"timestamp":19539070.27718,"wallClock":1760218515549,"durationMs":360,"source":"console.replay","correlationId":"console-replay:mgmsnmyorcua15vg","latencyMs":93.06052099913359,"timelineOffsetMs":20.44659600034356,"leadMs":8,"scheduleSkewMs":101.06052099913359,"schedulingMode":"timeline","audioStartHeadroomMs":-68.30778399854898,"audioStartGuard":"headroom"}
10-11 17:35:15.796  8013  8327 D OutputsAudio: [outputs-audio] stop gain=1.000 release=6.00
10-11 17:35:15.917  8013  8327 D OutputsAudio: [outputs-audio] start hz=700.0 gain=1.000 attack=2.50 release=6.00
10-11 17:35:15.917  8013  8327 D OutputsAudio: [outputs-audio] playMorse.symbol.start sequence=23 symbol=- expected=19539401.462 actual=19539438.746 skew=37.283 batchElapsed=7717.283
10-11 17:35:15.938  8013  8101 D OutputsAudio: [outputs-audio] symbol.info sequence=23 symbol=- timestamp=19539438.746 duration=360.000 expected=19539401.462 skew=37.283 age=20.781
10-11 17:35:15.939  8013  8101 I ReactNativeJS: [outputs] playMorse.symbol {"timestamp":19539459.811138,"wallClock":1760218515938,"symbol":"-","durationMs":360,"index":22,"source":"console.replay","correlationId":"console-replay:mgmsnnc2ca3bluwk","nativeTimestampMs":19539438.746,"nativeDurationMs":360,"nativeOffsetMs":20.975815001875162,"nativeSequence":23,"monotonicTimestampMs":19539438.746,"nativeExpectedTimestampMs":19539401.462,"nativeStartSkewMs":37.283,"nativeBatchElapsedMs":7717.283,"nativeExpectedSincePriorMs":480,"nativeSincePriorMs":481.984,"nativePatternStartMs":19531721.462,"nativeAgeMs":20.781}
10-11 17:35:15.940  8013  8101 I ReactNativeJS: [outputs] outputs.hapticSymbol {"timestamp":19539460.759888,"wallClock":1760218515939,"enabled":true,"symbol":"-","durationMs":360,"platform":"android","source":"console.replay","correlationId":"console-replay:mgmsnnc2ca3bluwk","timelineOffsetMs":20.975815001875162}
10-11 17:35:15.940  8013  8101 I ReactNativeJS: [outputs] outputs.flashPulse {"timestamp":19539461.568325,"wallClock":1760218515940,"enabled":true,"durationMs":360,"source":"console.replay","correlationId":"console-replay:mgmsnnc2ca3bluwk","timelineOffsetMs":20.975815001875162,"schedulingMode":"timeline","audioStartHeadroomMs":-68.09590899944305,"audioStartGuard":"headroom"}
10-11 17:35:16.005  8013  8101 I ReactNativeJS: [outputs] outputs.flashPulse.commit {"timestamp":19539525.990825,"wallClock":1760218516004,"durationMs":360,"source":"console.replay","correlationId":"console-replay:mgmsnnc2ca3bluwk","latencyMs":66.26020799949765,"timelineOffsetMs":20.975815001875162,"leadMs":8,"scheduleSkewMs":74.26020799949765,"schedulingMode":"timeline","audioStartHeadroomMs":-68.09590899944305,"audioStartGuard":"headroom"}
10-11 17:35:16.278  8013  8327 D OutputsAudio: [outputs-audio] stop gain=1.000 release=6.00
10-11 17:35:16.399  8013  8327 D OutputsAudio: [outputs-audio] start hz=700.0 gain=1.000 attack=2.50 release=6.00
10-11 17:35:16.399  8013  8327 D OutputsAudio: [outputs-audio] playMorse.symbol.start sequence=24 symbol=- expected=19539881.462 actual=19539920.972 skew=39.510 batchElapsed=8199.510
10-11 17:35:16.423  8013  8101 D OutputsAudio: [outputs-audio] symbol.info sequence=24 symbol=- timestamp=19539920.972 duration=360.000 expected=19539881.462 skew=39.510 age=23.215
10-11 17:35:16.424  8013  8101 I ReactNativeJS: [outputs] playMorse.symbol {"timestamp":19539944.560461,"wallClock":1760218516423,"symbol":"-","durationMs":360,"index":23,"source":"console.replay","correlationId":"console-replay:mgmsnnpjutlv3gdt","nativeTimestampMs":19539920.972,"nativeDurationMs":360,"nativeOffsetMs":23.49210600182414,"nativeSequence":24,"monotonicTimestampMs":19539920.972,"nativeExpectedTimestampMs":19539881.462,"nativeStartSkewMs":39.51,"nativeBatchElapsedMs":8199.51,"nativeExpectedSincePriorMs":480,"nativeSincePriorMs":482.226,"nativePatternStartMs":19531721.462,"nativeAgeMs":23.215}
10-11 17:35:16.424  8013  8101 I ReactNativeJS: [outputs] outputs.hapticSymbol {"timestamp":19539945.504627,"wallClock":1760218516424,"enabled":true,"symbol":"-","durationMs":360,"platform":"android","source":"console.replay","correlationId":"console-replay:mgmsnnpjutlv3gdt","timelineOffsetMs":23.49210600182414}
10-11 17:35:16.425  8013  8101 I ReactNativeJS: [outputs] outputs.flashPulse {"timestamp":19539946.464106,"wallClock":1760218516425,"enabled":true,"durationMs":360,"source":"console.replay","correlationId":"console-replay:mgmsnnpjutlv3gdt","timelineOffsetMs":23.49210600182414,"schedulingMode":"timeline","audioStartHeadroomMs":-72.98929399996996,"audioStartGuard":"headroom"}
10-11 17:35:16.500  8013  8101 I ReactNativeJS: [outputs] outputs.flashPulse.commit {"timestamp":19540021.130252,"wallClock":1760218516500,"durationMs":360,"source":"console.replay","correlationId":"console-replay:mgmsnnpjutlv3gdt","latencyMs":76.65859399735928,"timelineOffsetMs":23.49210600182414,"leadMs":8,"scheduleSkewMs":84.65859399735928,"schedulingMode":"timeline","audioStartHeadroomMs":-72.98929399996996,"audioStartGuard":"headroom"}
10-11 17:35:16.760  8013  8327 D OutputsAudio: [outputs-audio] stop gain=1.000 release=6.00
10-11 17:35:16.881  8013  8327 D OutputsAudio: [outputs-audio] start hz=700.0 gain=1.000 attack=2.50 release=6.00
10-11 17:35:16.881  8013  8327 D OutputsAudio: [outputs-audio] playMorse.symbol.start sequence=25 symbol=. expected=19540361.462 actual=19540402.422 skew=40.959 batchElapsed=8680.959
10-11 17:35:16.900  8013  8101 D OutputsAudio: [outputs-audio] symbol.info sequence=25 symbol=. timestamp=19540402.422 duration=120.000 expected=19540361.462 skew=40.959 age=18.762
10-11 17:35:16.901  8013  8101 I ReactNativeJS: [outputs] playMorse.symbol {"timestamp":19540421.527856,"wallClock":1760218516900,"symbol":".","durationMs":120,"index":24,"source":"console.replay","correlationId":"console-replay:mgmsno2sv8fhx297","nativeTimestampMs":19540402.422,"nativeDurationMs":120,"nativeOffsetMs":18.973460000008345,"nativeSequence":25,"monotonicTimestampMs":19540402.422,"nativeExpectedTimestampMs":19540361.462,"nativeStartSkewMs":40.959,"nativeBatchElapsedMs":8680.959,"nativeExpectedSincePriorMs":480,"nativeSincePriorMs":481.45,"nativePatternStartMs":19531721.462,"nativeAgeMs":18.762}
10-11 17:35:16.902  8013  8101 I ReactNativeJS: [outputs] outputs.hapticSymbol {"timestamp":19540423.045981,"wallClock":1760218516901,"enabled":true,"symbol":".","durationMs":120,"platform":"android","source":"console.replay","correlationId":"console-replay:mgmsno2sv8fhx297","timelineOffsetMs":18.973460000008345}
10-11 17:35:16.904  8013  8101 I ReactNativeJS: [outputs] outputs.flashPulse {"timestamp":19540424.746763,"wallClock":1760218516903,"enabled":true,"durationMs":120,"source":"console.replay","correlationId":"console-replay:mgmsno2sv8fhx297","timelineOffsetMs":18.973460000008345,"schedulingMode":"timeline","audioStartHeadroomMs":-71.26554399728775,"audioStartGuard":"headroom"}
10-11 17:35:16.982  8013  8101 I ReactNativeJS: [outputs] outputs.flashPulse.commit {"timestamp":19540502.932231,"wallClock":1760218516981,"durationMs":120,"source":"console.replay","correlationId":"console-replay:mgmsno2sv8fhx297","latencyMs":81.52786500006914,"timelineOffsetMs":18.973460000008345,"leadMs":8,"scheduleSkewMs":89.52786500006914,"schedulingMode":"timeline","audioStartHeadroomMs":-71.26554399728775,"audioStartGuard":"headroom"}
10-11 17:35:17.001  8013  8327 D OutputsAudio: [outputs-audio] stop gain=1.000 release=6.00
10-11 17:35:17.122  8013  8327 D OutputsAudio: [outputs-audio] start hz=700.0 gain=1.000 attack=2.50 release=6.00
10-11 17:35:17.122  8013  8327 D OutputsAudio: [outputs-audio] playMorse.symbol.start sequence=26 symbol=. expected=19540601.462 actual=19540643.970 skew=42.508 batchElapsed=8922.508
10-11 17:35:17.141  8013  8101 D OutputsAudio: [outputs-audio] symbol.info sequence=26 symbol=. timestamp=19540643.970 duration=120.000 expected=19540601.462 skew=42.508 age=18.576
10-11 17:35:17.142  8013  8101 I ReactNativeJS: [outputs] playMorse.symbol {"timestamp":19540662.857596,"wallClock":1760218517141,"symbol":".","durationMs":120,"index":25,"source":"console.replay","correlationId":"console-replay:mgmsno9hzepl6lob","nativeTimestampMs":19540643.97,"nativeDurationMs":120,"nativeOffsetMs":18.764367002993822,"nativeSequence":26,"monotonicTimestampMs":19540643.97,"nativeExpectedTimestampMs":19540601.462,"nativeStartSkewMs":42.508,"nativeBatchElapsedMs":8922.508,"nativeExpectedSincePriorMs":240,"nativeSincePriorMs":241.548,"nativePatternStartMs":19531721.462,"nativeAgeMs":18.576}
10-11 17:35:17.143  8013  8101 I ReactNativeJS: [outputs] outputs.hapticSymbol {"timestamp":19540664.168846,"wallClock":1760218517143,"enabled":true,"symbol":".","durationMs":120,"platform":"android","source":"console.replay","correlationId":"console-replay:mgmsno9hzepl6lob","timelineOffsetMs":18.764367002993822}
10-11 17:35:17.144  8013  8101 I ReactNativeJS: [outputs] outputs.flashPulse {"timestamp":19540665.526242,"wallClock":1760218517144,"enabled":true,"durationMs":120,"source":"console.replay","correlationId":"console-replay:mgmsno9hzepl6lob","timelineOffsetMs":18.764367002993822,"schedulingMode":"timeline","audioStartHeadroomMs":-72.04851200059056,"audioStartGuard":"headroom"}
10-11 17:35:17.219  8013  8101 I ReactNativeJS: [outputs] outputs.flashPulse.commit {"timestamp":19540740.206606,"wallClock":1760218517219,"durationMs":120,"source":"console.replay","correlationId":"console-replay:mgmsno9hzepl6lob","latencyMs":77.46359299868345,"timelineOffsetMs":18.764367002993822,"leadMs":8,"scheduleSkewMs":85.46359299868345,"schedulingMode":"timeline","audioStartHeadroomMs":-72.04851200059056,"audioStartGuard":"headroom"}
10-11 17:35:17.243  8013  8327 D OutputsAudio: [outputs-audio] stop gain=1.000 release=6.00
10-11 17:35:17.363  8013  8327 D OutputsAudio: [outputs-audio] start hz=700.0 gain=1.000 attack=2.50 release=6.00
10-11 17:35:17.363  8013  8327 D OutputsAudio: [outputs-audio] playMorse.symbol.start sequence=27 symbol=. expected=19540841.462 actual=19540885.093 skew=43.631 batchElapsed=9163.631
10-11 17:35:17.371  8013  8101 D OutputsAudio: [outputs-audio] symbol.info sequence=27 symbol=. timestamp=19540885.093 duration=120.000 expected=19540841.462 skew=43.631 age=7.145
10-11 17:35:17.372  8013  8101 I ReactNativeJS: [outputs] playMorse.symbol {"timestamp":19540892.477283,"wallClock":1760218517371,"symbol":".","durationMs":120,"index":26,"source":"console.replay","correlationId":"console-replay:mgmsnofvmsst13s9","nativeTimestampMs":19540885.093,"nativeDurationMs":120,"nativeOffsetMs":7.2800640016794205,"nativeSequence":27,"monotonicTimestampMs":19540885.093,"nativeExpectedTimestampMs":19540841.462,"nativeStartSkewMs":43.631,"nativeBatchElapsedMs":9163.631,"nativeExpectedSincePriorMs":240,"nativeSincePriorMs":241.123,"nativePatternStartMs":19531721.462,"nativeAgeMs":7.145}
10-11 17:35:17.373  8013  8101 I ReactNativeJS: [outputs] outputs.hapticSymbol {"timestamp":19540893.485148,"wallClock":1760218517372,"enabled":true,"symbol":".","durationMs":120,"platform":"android","source":"console.replay","correlationId":"console-replay:mgmsnofvmsst13s9","timelineOffsetMs":7.2800640016794205}
10-11 17:35:17.374  8013  8101 I ReactNativeJS: [outputs] outputs.flashPulse {"timestamp":19540895.361137,"wallClock":1760218517374,"enabled":true,"durationMs":120,"source":"console.replay","correlationId":"console-replay:mgmsnofvmsst13s9","timelineOffsetMs":7.2800640016794205,"schedulingMode":"timeline","audioStartHeadroomMs":-61.88715799897909,"audioStartGuard":"headroom"}
10-11 17:35:17.452  8013  8101 I ReactNativeJS: [outputs] outputs.flashPulse.commit {"timestamp":19540973.571971,"wallClock":1760218517452,"durationMs":120,"source":"console.replay","correlationId":"console-replay:mgmsnofvmsst13s9","latencyMs":81.19062500074506,"timelineOffsetMs":7.2800640016794205,"leadMs":8,"scheduleSkewMs":89.19062500074506,"schedulingMode":"timeline","audioStartHeadroomMs":-61.88715799897909,"audioStartGuard":"headroom"}
10-11 17:35:17.484  8013  8327 D OutputsAudio: [outputs-audio] stop gain=1.000 release=6.00
10-11 17:35:17.484  8013  8327 D OutputsAudio: [outputs-audio] stop gain=1.000 release=6.00
10-11 17:35:17.484  8013  8327 D OutputsAudio: [outputs-audio] playMorse.end cancelled=0
10-11 17:35:17.509  8013  8101 I ReactNativeJS: [outputs] playMorse.complete {"timestamp":19541029.999627,"wallClock":1760218517508,"durationMs":9685.20947600156,"source":"console.replay","audioEnabled":true,"audioVolumePercent":100}
10-11 17:35:20.784  8013  8101 I ReactNativeJS: [outputs] playMorse.start {"timestamp":19544305.077751,"wallClock":1760218520783,"unitMs":80,"length":28,"source":"console.replay","audioEnabled":true,"audioVolumePercent":100}
10-11 17:35:21.038  8013  8101 D OutputsAudio: [outputs-audio] warmup hz=700.0
10-11 17:35:21.038  8013  8371 D OutputsAudio: [outputs-audio] playMorse.start count=27 unit=80.0
10-11 17:35:21.038  8013  8371 D OutputsAudio: [outputs-audio] start hz=700.0 gain=1.000 attack=2.50 release=6.00
10-11 17:35:21.038  8013  8371 D OutputsAudio: [outputs-audio] playMorse.symbol.start sequence=1 symbol=. expected=19544559.944 actual=19544559.956 skew=0.012 batchElapsed=0.012
10-11 17:35:21.044  8013  8101 D OutputsAudio: [outputs-audio] symbol.info sequence=1 symbol=. timestamp=19544559.956 duration=80.000 expected=19544559.944 skew=0.012 age=6.040
10-11 17:35:21.045  8013  8101 I ReactNativeJS: [outputs] playMorse.symbol {"timestamp":19544566.155876,"wallClock":1760218521045,"symbol":".","durationMs":80,"index":0,"source":"console.replay","correlationId":"console-replay:mgmsnr9xcbuordbu","nativeTimestampMs":19544559.956,"nativeDurationMs":80,"nativeOffsetMs":6.128364998847246,"nativeSequence":1,"monotonicTimestampMs":19544559.956,"nativeExpectedTimestampMs":19544559.944,"nativeStartSkewMs":0.012,"nativeBatchElapsedMs":0.012,"nativeExpectedSincePriorMs":0,"nativeSincePriorMs":0,"nativePatternStartMs":19544559.944,"nativeAgeMs":6.04}
10-11 17:35:21.046  8013  8101 I ReactNativeJS: [outputs] outputs.hapticSymbol {"timestamp":19544567.000407,"wallClock":1760218521045,"enabled":true,"symbol":".","durationMs":80,"platform":"android","source":"console.replay","correlationId":"console-replay:mgmsnr9xcbuordbu","timelineOffsetMs":6.128364998847246}
10-11 17:35:21.046  8013  8101 I ReactNativeJS: [outputs] outputs.flashPulse {"timestamp":19544567.72348,"wallClock":1760218521046,"enabled":true,"durationMs":80,"source":"console.replay","correlationId":"console-replay:mgmsnr9xcbuordbu","timelineOffsetMs":6.128364998847246,"schedulingMode":"timeline","audioStartHeadroomMs":-15.766823001205921,"audioStartGuard":"headroom"}
10-11 17:35:21.119  8013  8371 D OutputsAudio: [outputs-audio] stop gain=1.000 release=6.00
10-11 17:35:21.119  8013  8101 I ReactNativeJS: [outputs] outputs.flashPulse.commit {"timestamp":19544639.828584,"wallClock":1760218521118,"durationMs":80,"source":"console.replay","correlationId":"console-replay:mgmsnr9xcbuordbu","latencyMs":73.7353649996221,"timelineOffsetMs":6.128364998847246,"leadMs":8,"scheduleSkewMs":81.7353649996221,"schedulingMode":"timeline","audioStartHeadroomMs":-15.766823001205921,"audioStartGuard":"headroom"}
10-11 17:35:21.199  8013  8371 D OutputsAudio: [outputs-audio] start hz=700.0 gain=1.000 attack=2.50 release=6.00
10-11 17:35:21.199  8013  8371 D OutputsAudio: [outputs-audio] playMorse.symbol.start sequence=2 symbol=. expected=19544719.944 actual=19544720.833 skew=0.889 batchElapsed=160.889
10-11 17:35:21.222  8013  8101 D OutputsAudio: [outputs-audio] symbol.info sequence=2 symbol=. timestamp=19544720.833 duration=80.000 expected=19544719.944 skew=0.889 age=22.258
10-11 17:35:21.223  8013  8101 I ReactNativeJS: [outputs] playMorse.symbol {"timestamp":19544743.341084,"wallClock":1760218521222,"symbol":".","durationMs":80,"index":1,"source":"console.replay","correlationId":"console-replay:mgmsnreu8gftelns","nativeTimestampMs":19544720.833,"nativeDurationMs":80,"nativeOffsetMs":22.40641700103879,"nativeSequence":2,"monotonicTimestampMs":19544720.833,"nativeExpectedTimestampMs":19544719.944,"nativeStartSkewMs":0.889,"nativeBatchElapsedMs":160.889,"nativeExpectedSincePriorMs":160,"nativeSincePriorMs":160.877,"nativePatternStartMs":19544559.944,"nativeAgeMs":22.258}
10-11 17:35:21.223  8013  8101 I ReactNativeJS: [outputs] outputs.hapticSymbol {"timestamp":19544744.406865,"wallClock":1760218521223,"enabled":true,"symbol":".","durationMs":80,"platform":"android","source":"console.replay","correlationId":"console-replay:mgmsnreu8gftelns","timelineOffsetMs":22.40641700103879}
10-11 17:35:21.224  8013  8101 I ReactNativeJS: [outputs] outputs.flashPulse {"timestamp":19544745.181188,"wallClock":1760218521224,"enabled":true,"durationMs":80,"source":"console.replay","correlationId":"console-replay:mgmsnreu8gftelns","timelineOffsetMs":22.40641700103879,"schedulingMode":"timeline","audioStartHeadroomMs":-33.2245320007205,"audioStartGuard":"headroom"}
10-11 17:35:21.280  8013  8371 D OutputsAudio: [outputs-audio] stop gain=1.000 release=6.00
10-11 17:35:21.289  8013  8101 I ReactNativeJS: [outputs] outputs.flashPulse.commit {"timestamp":19544810.605303,"wallClock":1760218521289,"durationMs":80,"source":"console.replay","correlationId":"console-replay:mgmsnreu8gftelns","latencyMs":67.35760399699211,"timelineOffsetMs":22.40641700103879,"leadMs":8,"scheduleSkewMs":75.35760399699211,"schedulingMode":"timeline","audioStartHeadroomMs":-33.2245320007205,"audioStartGuard":"headroom"}
10-11 17:35:21.361  8013  8371 D OutputsAudio: [outputs-audio] start hz=700.0 gain=1.000 attack=2.50 release=6.00
10-11 17:35:21.361  8013  8371 D OutputsAudio: [outputs-audio] playMorse.symbol.start sequence=3 symbol=. expected=19544879.944 actual=19544882.638 skew=2.694 batchElapsed=322.694
10-11 17:35:21.380  8013  8101 D OutputsAudio: [outputs-audio] symbol.info sequence=3 symbol=. timestamp=19544882.638 duration=80.000 expected=19544879.944 skew=2.694 age=18.941
10-11 17:35:21.381  8013  8101 I ReactNativeJS: [outputs] playMorse.symbol {"timestamp":19544901.756448,"wallClock":1760218521380,"symbol":".","durationMs":80,"index":2,"source":"console.replay","correlationId":"console-replay:mgmsnrj80g566m7u","nativeTimestampMs":19544882.638,"nativeDurationMs":80,"nativeOffsetMs":19.046000000089407,"nativeSequence":3,"monotonicTimestampMs":19544882.638,"nativeExpectedTimestampMs":19544879.944,"nativeStartSkewMs":2.694,"nativeBatchElapsedMs":322.694,"nativeExpectedSincePriorMs":160,"nativeSincePriorMs":161.805,"nativePatternStartMs":19544559.944,"nativeAgeMs":18.941}
10-11 17:35:21.381  8013  8101 I ReactNativeJS: [outputs] outputs.hapticSymbol {"timestamp":19544902.471136,"wallClock":1760218521381,"enabled":true,"symbol":".","durationMs":80,"platform":"android","source":"console.replay","correlationId":"console-replay:mgmsnrj80g566m7u","timelineOffsetMs":19.046000000089407}
10-11 17:35:21.382  8013  8101 I ReactNativeJS: [outputs] outputs.flashPulse {"timestamp":19544903.031084,"wallClock":1760218521381,"enabled":true,"durationMs":80,"source":"console.replay","correlationId":"console-replay:mgmsnrj80g566m7u","timelineOffsetMs":19.046000000089407,"schedulingMode":"timeline","audioStartHeadroomMs":-31.07718800008297,"audioStartGuard":"headroom"}
10-11 17:35:21.442  8013  8371 D OutputsAudio: [outputs-audio] stop gain=1.000 release=6.00
10-11 17:35:21.452  8013  8101 I ReactNativeJS: [outputs] outputs.flashPulse.commit {"timestamp":19544973.535146,"wallClock":1760218521452,"durationMs":80,"source":"console.replay","correlationId":"console-replay:mgmsnrj80g566m7u","latencyMs":71.84244799986482,"timelineOffsetMs":19.046000000089407,"leadMs":8,"scheduleSkewMs":79.84244799986482,"schedulingMode":"timeline","audioStartHeadroomMs":-31.07718800008297,"audioStartGuard":"headroom"}
10-11 17:35:21.522  8013  8371 D OutputsAudio: [outputs-audio] start hz=700.0 gain=1.000 attack=2.50 release=6.00
10-11 17:35:21.522  8013  8371 D OutputsAudio: [outputs-audio] playMorse.symbol.start sequence=4 symbol=- expected=19545039.944 actual=19545043.792 skew=3.847 batchElapsed=483.847
10-11 17:35:21.537  8013  8101 D OutputsAudio: [outputs-audio] symbol.info sequence=4 symbol=- timestamp=19545043.792 duration=240.000 expected=19545039.944 skew=3.847 age=14.334
10-11 17:35:21.537  8013  8101 I ReactNativeJS: [outputs] playMorse.symbol {"timestamp":19545058.300927,"wallClock":1760218521537,"symbol":"-","durationMs":240,"index":3,"source":"console.replay","correlationId":"console-replay:mgmsnrnlnb4fxptk","nativeTimestampMs":19545043.792,"nativeDurationMs":240,"nativeOffsetMs":14.436948001384735,"nativeSequence":4,"monotonicTimestampMs":19545043.792,"nativeExpectedTimestampMs":19545039.944,"nativeStartSkewMs":3.847,"nativeBatchElapsedMs":483.847,"nativeExpectedSincePriorMs":160,"nativeSincePriorMs":161.154,"nativePatternStartMs":19544559.944,"nativeAgeMs":14.334}
10-11 17:35:21.538  8013  8101 I ReactNativeJS: [outputs] outputs.hapticSymbol {"timestamp":19545058.976084,"wallClock":1760218521537,"enabled":true,"symbol":"-","durationMs":240,"platform":"android","source":"console.replay","correlationId":"console-replay:mgmsnrnlnb4fxptk","timelineOffsetMs":14.436948001384735}
10-11 17:35:21.538  8013  8101 I ReactNativeJS: [outputs] outputs.flashPulse {"timestamp":19545059.585667,"wallClock":1760218521538,"enabled":true,"durationMs":240,"source":"console.replay","correlationId":"console-replay:mgmsnrnlnb4fxptk","timelineOffsetMs":14.436948001384735,"schedulingMode":"timeline","audioStartHeadroomMs":-27.63135400041938,"audioStartGuard":"headroom"}
10-11 17:35:21.609  8013  8101 I ReactNativeJS: [outputs] outputs.flashPulse.commit {"timestamp":19545129.800927,"wallClock":1760218521608,"durationMs":240,"source":"console.replay","correlationId":"console-replay:mgmsnrnlnb4fxptk","latencyMs":71.56364599987864,"timelineOffsetMs":14.436948001384735,"leadMs":8,"scheduleSkewMs":79.56364599987864,"schedulingMode":"timeline","audioStartHeadroomMs":-27.63135400041938,"audioStartGuard":"headroom"}
10-11 17:35:21.763  8013  8371 D OutputsAudio: [outputs-audio] stop gain=1.000 release=6.00
10-11 17:35:21.844  8013  8371 D OutputsAudio: [outputs-audio] start hz=700.0 gain=1.000 attack=2.50 release=6.00
10-11 17:35:21.844  8013  8371 D OutputsAudio: [outputs-audio] playMorse.symbol.start sequence=5 symbol=- expected=19545359.944 actual=19545365.730 skew=5.786 batchElapsed=805.786
10-11 17:35:21.857  8013  8101 D OutputsAudio: [outputs-audio] symbol.info sequence=5 symbol=- timestamp=19545365.730 duration=240.000 expected=19545359.944 skew=5.786 age=12.353
10-11 17:35:21.858  8013  8101 I ReactNativeJS: [outputs] playMorse.symbol {"timestamp":19545378.468948,"wallClock":1760218521857,"symbol":"-","durationMs":240,"index":4,"source":"console.replay","correlationId":"console-replay:mgmsnrwhna859qaa","nativeTimestampMs":19545365.73,"nativeDurationMs":240,"nativeOffsetMs":12.635666999965906,"nativeSequence":5,"monotonicTimestampMs":19545365.73,"nativeExpectedTimestampMs":19545359.944,"nativeStartSkewMs":5.786,"nativeBatchElapsedMs":805.786,"nativeExpectedSincePriorMs":320,"nativeSincePriorMs":321.939,"nativePatternStartMs":19544559.944,"nativeAgeMs":12.353}
10-11 17:35:21.858  8013  8101 I ReactNativeJS: [outputs] outputs.hapticSymbol {"timestamp":19545379.365979,"wallClock":1760218521858,"enabled":true,"symbol":"-","durationMs":240,"platform":"android","source":"console.replay","correlationId":"console-replay:mgmsnrwhna859qaa","timelineOffsetMs":12.635666999965906}
10-11 17:35:21.859  8013  8101 I ReactNativeJS: [outputs] outputs.flashPulse {"timestamp":19545380.325875,"wallClock":1760218521859,"enabled":true,"durationMs":240,"source":"console.replay","correlationId":"console-replay:mgmsnrwhna859qaa","timelineOffsetMs":12.635666999965906,"schedulingMode":"timeline","audioStartHeadroomMs":-28.36895900219679,"audioStartGuard":"headroom"}
10-11 17:35:21.932  8013  8101 I ReactNativeJS: [outputs] outputs.flashPulse.commit {"timestamp":19545452.845563,"wallClock":1760218521931,"durationMs":240,"source":"console.replay","correlationId":"console-replay:mgmsnrwhna859qaa","latencyMs":74.47098900005221,"timelineOffsetMs":12.635666999965906,"leadMs":8,"scheduleSkewMs":82.47098900005221,"schedulingMode":"timeline","audioStartHeadroomMs":-28.36895900219679,"audioStartGuard":"headroom"}
10-11 17:35:22.085  8013  8371 D OutputsAudio: [outputs-audio] stop gain=1.000 release=6.00
10-11 17:35:22.166  8013  8371 D OutputsAudio: [outputs-audio] start hz=700.0 gain=1.000 attack=2.50 release=6.00
10-11 17:35:22.166  8013  8371 D OutputsAudio: [outputs-audio] playMorse.symbol.start sequence=6 symbol=- expected=19545679.944 actual=19545687.910 skew=7.966 batchElapsed=1127.966
10-11 17:35:22.173  8013  8101 D OutputsAudio: [outputs-audio] symbol.info sequence=6 symbol=- timestamp=19545687.910 duration=240.000 expected=19545679.944 skew=7.966 age=6.597
10-11 17:35:22.176  8013  8101 I ReactNativeJS: [outputs] playMorse.symbol {"timestamp":19545694.736761,"wallClock":1760218522173,"symbol":"-","durationMs":240,"index":5,"source":"console.replay","correlationId":"console-replay:mgmsns59igt7iaoq","nativeTimestampMs":19545687.91,"nativeDurationMs":240,"nativeOffsetMs":6.728739999234676,"nativeSequence":6,"monotonicTimestampMs":19545687.91,"nativeExpectedTimestampMs":19545679.944,"nativeStartSkewMs":7.966,"nativeBatchElapsedMs":1127.966,"nativeExpectedSincePriorMs":320,"nativeSincePriorMs":322.18,"nativePatternStartMs":19544559.944,"nativeAgeMs":6.597}
10-11 17:35:22.177  8013  8101 I ReactNativeJS: [outputs] outputs.hapticSymbol {"timestamp":19545697.447958,"wallClock":1760218522176,"enabled":true,"symbol":"-","durationMs":240,"platform":"android","source":"console.replay","correlationId":"console-replay:mgmsns59igt7iaoq","timelineOffsetMs":6.728739999234676}
10-11 17:35:22.180  8013  8101 I ReactNativeJS: [outputs] outputs.flashPulse {"timestamp":19545700.94301,"wallClock":1760218522179,"enabled":true,"durationMs":240,"source":"console.replay","correlationId":"console-replay:mgmsns59igt7iaoq","timelineOffsetMs":6.728739999234676,"schedulingMode":"timeline","audioStartHeadroomMs":-28.98395800217986,"audioStartGuard":"headroom"}
10-11 17:35:22.257  8013  8101 I ReactNativeJS: [outputs] outputs.flashPulse.commit {"timestamp":19545777.848531,"wallClock":1760218522256,"durationMs":240,"source":"console.replay","correlationId":"console-replay:mgmsns59igt7iaoq","latencyMs":83.2013540007174,"timelineOffsetMs":6.728739999234676,"leadMs":8,"scheduleSkewMs":91.2013540007174,"schedulingMode":"timeline","audioStartHeadroomMs":-28.98395800217986,"audioStartGuard":"headroom"}
10-11 17:35:22.407  8013  8371 D OutputsAudio: [outputs-audio] stop gain=1.000 release=6.00
10-11 17:35:22.487  8013  8371 D OutputsAudio: [outputs-audio] start hz=700.0 gain=1.000 attack=2.50 release=6.00
10-11 17:35:22.488  8013  8371 D OutputsAudio: [outputs-audio] playMorse.symbol.start sequence=7 symbol=. expected=19545999.944 actual=19546009.273 skew=9.329 batchElapsed=1449.329
10-11 17:35:22.499  8013  8101 D OutputsAudio: [outputs-audio] symbol.info sequence=7 symbol=. timestamp=19546009.273 duration=80.000 expected=19545999.944 skew=9.329 age=10.821
10-11 17:35:22.500  8013  8101 I ReactNativeJS: [outputs] playMorse.symbol {"timestamp":19546020.315146,"wallClock":1760218522499,"symbol":".","durationMs":80,"index":6,"source":"console.replay","correlationId":"console-replay:mgmsnsebrmq9sydw","nativeTimestampMs":19546009.273,"nativeDurationMs":80,"nativeOffsetMs":10.946521002799273,"nativeSequence":7,"monotonicTimestampMs":19546009.273,"nativeExpectedTimestampMs":19545999.944,"nativeStartSkewMs":9.329,"nativeBatchElapsedMs":1449.329,"nativeExpectedSincePriorMs":320,"nativeSincePriorMs":321.363,"nativePatternStartMs":19544559.944,"nativeAgeMs":10.821}
10-11 17:35:22.500  8013  8101 I ReactNativeJS: [outputs] outputs.hapticSymbol {"timestamp":19546021.271187,"wallClock":1760218522500,"enabled":true,"symbol":".","durationMs":80,"platform":"android","source":"console.replay","correlationId":"console-replay:mgmsnsebrmq9sydw","timelineOffsetMs":10.946521002799273}
10-11 17:35:22.501  8013  8101 I ReactNativeJS: [outputs] outputs.flashPulse {"timestamp":19546022.195719,"wallClock":1760218522501,"enabled":true,"durationMs":80,"source":"console.replay","correlationId":"console-replay:mgmsnsebrmq9sydw","timelineOffsetMs":10.946521002799273,"schedulingMode":"timeline","audioStartHeadroomMs":-30.237292002886534,"audioStartGuard":"headroom"}
10-11 17:35:22.568  8013  8371 D OutputsAudio: [outputs-audio] stop gain=1.000 release=6.00
10-11 17:35:22.579  8013  8101 I ReactNativeJS: [outputs] outputs.flashPulse.commit {"timestamp":19546099.968115,"wallClock":1760218522578,"durationMs":80,"source":"console.replay","correlationId":"console-replay:mgmsnsebrmq9sydw","latencyMs":79.73973900079727,"timelineOffsetMs":10.946521002799273,"leadMs":8,"scheduleSkewMs":87.73973900079727,"schedulingMode":"timeline","audioStartHeadroomMs":-30.237292002886534,"audioStartGuard":"headroom"}
10-11 17:35:22.648  8013  8371 D OutputsAudio: [outputs-audio] start hz=700.0 gain=1.000 attack=2.50 release=6.00
10-11 17:35:22.648  8013  8371 D OutputsAudio: [outputs-audio] playMorse.symbol.start sequence=8 symbol=. expected=19546159.944 actual=19546169.870 skew=9.926 batchElapsed=1609.926
10-11 17:35:22.666  8013  8101 D OutputsAudio: [outputs-audio] symbol.info sequence=8 symbol=. timestamp=19546169.870 duration=80.000 expected=19546159.944 skew=9.926 age=17.902
10-11 17:35:22.668  8013  8101 I ReactNativeJS: [outputs] playMorse.symbol {"timestamp":19546188.067542,"wallClock":1760218522666,"symbol":".","durationMs":80,"index":7,"source":"console.replay","correlationId":"console-replay:mgmsnsiym352q17c","nativeTimestampMs":19546169.87,"nativeDurationMs":80,"nativeOffsetMs":18.044468998908997,"nativeSequence":8,"monotonicTimestampMs":19546169.87,"nativeExpectedTimestampMs":19546159.944,"nativeStartSkewMs":9.926,"nativeBatchElapsedMs":1609.926,"nativeExpectedSincePriorMs":160,"nativeSincePriorMs":160.597,"nativePatternStartMs":19544559.944,"nativeAgeMs":17.902}
10-11 17:35:22.670  8013  8101 I ReactNativeJS: [outputs] outputs.hapticSymbol {"timestamp":19546190.174781,"wallClock":1760218522669,"enabled":true,"symbol":".","durationMs":80,"platform":"android","source":"console.replay","correlationId":"console-replay:mgmsnsiym352q17c","timelineOffsetMs":18.044468998908997}
10-11 17:35:22.680  8013  8101 I ReactNativeJS: [outputs] outputs.flashPulse {"timestamp":19546200.319052,"wallClock":1760218522679,"enabled":true,"durationMs":80,"source":"console.replay","correlationId":"console-replay:mgmsnsiym352q17c","timelineOffsetMs":18.044468998908997,"schedulingMode":"timeline","audioStartHeadroomMs":-40.80526000261307,"audioStartGuard":"headroom"}
10-11 17:35:22.729  8013  8371 D OutputsAudio: [outputs-audio] stop gain=1.000 release=6.00
10-11 17:35:22.755  8013  8101 I ReactNativeJS: [outputs] outputs.flashPulse.commit {"timestamp":19546275.823792,"wallClock":1760218522754,"durationMs":80,"source":"console.replay","correlationId":"console-replay:mgmsnsiym352q17c","latencyMs":87.90161399915814,"timelineOffsetMs":18.044468998908997,"leadMs":8,"scheduleSkewMs":95.90161399915814,"schedulingMode":"timeline","audioStartHeadroomMs":-40.80526000261307,"audioStartGuard":"headroom"}
10-11 17:35:22.810  8013  8371 D OutputsAudio: [outputs-audio] start hz=700.0 gain=1.000 attack=2.50 release=6.00
10-11 17:35:22.810  8013  8371 D OutputsAudio: [outputs-audio] playMorse.symbol.start sequence=9 symbol=. expected=19546319.944 actual=19546331.912 skew=11.968 batchElapsed=1771.968
10-11 17:35:22.816  8013  8101 D OutputsAudio: [outputs-audio] symbol.info sequence=9 symbol=. timestamp=19546331.912 duration=80.000 expected=19546319.944 skew=11.968 age=5.265
10-11 17:35:22.816  8013  8101 I ReactNativeJS: [outputs] playMorse.symbol {"timestamp":19546337.311656,"wallClock":1760218522816,"symbol":".","durationMs":80,"index":8,"source":"console.replay","correlationId":"console-replay:mgmsnsn45jvfddoj","nativeTimestampMs":19546331.912,"nativeDurationMs":80,"nativeOffsetMs":5.348145999014378,"nativeSequence":9,"monotonicTimestampMs":19546331.912,"nativeExpectedTimestampMs":19546319.944,"nativeStartSkewMs":11.968,"nativeBatchElapsedMs":1771.968,"nativeExpectedSincePriorMs":160,"nativeSincePriorMs":162.043,"nativePatternStartMs":19544559.944,"nativeAgeMs":5.265}
10-11 17:35:22.817  8013  8101 I ReactNativeJS: [outputs] outputs.hapticSymbol {"timestamp":19546337.846552,"wallClock":1760218522816,"enabled":true,"symbol":".","durationMs":80,"platform":"android","source":"console.replay","correlationId":"console-replay:mgmsnsn45jvfddoj","timelineOffsetMs":5.348145999014378}
10-11 17:35:22.817  8013  8101 I ReactNativeJS: [outputs] outputs.flashPulse {"timestamp":19546338.413271,"wallClock":1760218522817,"enabled":true,"durationMs":80,"source":"console.replay","correlationId":"console-replay:mgmsnsn45jvfddoj","timelineOffsetMs":5.348145999014378,"schedulingMode":"timeline","audioStartHeadroomMs":-26.46203100308776,"audioStartGuard":"headroom"}
10-11 17:35:22.884  8013  8101 I ReactNativeJS: [outputs] outputs.flashPulse.commit {"timestamp":19546405.477021,"wallClock":1760218522884,"durationMs":80,"source":"console.replay","correlationId":"console-replay:mgmsnsn45jvfddoj","latencyMs":68.20848900079727,"timelineOffsetMs":5.348145999014378,"leadMs":8,"scheduleSkewMs":76.20848900079727,"schedulingMode":"timeline","audioStartHeadroomMs":-26.46203100308776,"audioStartGuard":"headroom"}
10-11 17:35:22.891  8013  8371 D OutputsAudio: [outputs-audio] stop gain=1.000 release=6.00
10-11 17:35:22.972  8013  8371 D OutputsAudio: [outputs-audio] start hz=700.0 gain=1.000 attack=2.50 release=6.00
10-11 17:35:22.972  8013  8371 D OutputsAudio: [outputs-audio] playMorse.symbol.start sequence=10 symbol=- expected=19546479.944 actual=19546493.676 skew=13.732 batchElapsed=1933.732
10-11 17:35:22.992  8013  8101 D OutputsAudio: [outputs-audio] symbol.info sequence=10 symbol=- timestamp=19546493.676 duration=240.000 expected=19546479.944 skew=13.732 age=20.051
10-11 17:35:22.995  8013  8101 I ReactNativeJS: [outputs] playMorse.symbol {"timestamp":19546513.976187,"wallClock":1760218522992,"symbol":"-","durationMs":240,"index":9,"source":"console.replay","correlationId":"console-replay:mgmsnss024ks0r1j","nativeTimestampMs":19546493.676,"nativeDurationMs":240,"nativeOffsetMs":20.201021000742912,"nativeSequence":10,"monotonicTimestampMs":19546493.676,"nativeExpectedTimestampMs":19546479.944,"nativeStartSkewMs":13.732,"nativeBatchElapsedMs":1933.732,"nativeExpectedSincePriorMs":160,"nativeSincePriorMs":161.763,"nativePatternStartMs":19544559.944,"nativeAgeMs":20.051}
10-11 17:35:22.996  8013  8101 I ReactNativeJS: [outputs] outputs.hapticSymbol {"timestamp":19546516.824364,"wallClock":1760218522995,"enabled":true,"symbol":"-","durationMs":240,"platform":"android","source":"console.replay","correlationId":"console-replay:mgmsnss024ks0r1j","timelineOffsetMs":20.201021000742912}
10-11 17:35:22.997  8013  8101 I ReactNativeJS: [outputs] outputs.flashPulse {"timestamp":19546518.439208,"wallClock":1760218522997,"enabled":true,"durationMs":240,"source":"console.replay","correlationId":"console-replay:mgmsnss024ks0r1j","timelineOffsetMs":20.201021000742912,"schedulingMode":"timeline","audioStartHeadroomMs":-46.46875,"audioStartGuard":"headroom"}
10-11 17:35:23.081  8013  8101 I ReactNativeJS: [outputs] outputs.flashPulse.commit {"timestamp":19546602.674521,"wallClock":1760218523081,"durationMs":240,"source":"console.replay","correlationId":"console-replay:mgmsnss024ks0r1j","latencyMs":88.78926999866962,"timelineOffsetMs":20.201021000742912,"leadMs":8,"scheduleSkewMs":96.78926999866962,"schedulingMode":"timeline","audioStartHeadroomMs":-46.46875,"audioStartGuard":"headroom"}
10-11 17:35:23.213  8013  8371 D OutputsAudio: [outputs-audio] stop gain=1.000 release=6.00
10-11 17:35:23.293  8013  8371 D OutputsAudio: [outputs-audio] start hz=700.0 gain=1.000 attack=2.50 release=6.00
10-11 17:35:23.293  8013  8371 D OutputsAudio: [outputs-audio] playMorse.symbol.start sequence=11 symbol=- expected=19546799.944 actual=19546814.929 skew=14.985 batchElapsed=2254.985
10-11 17:35:23.300  8013  8101 D OutputsAudio: [outputs-audio] symbol.info sequence=11 symbol=- timestamp=19546814.929 duration=240.000 expected=19546799.944 skew=14.985 age=6.776
10-11 17:35:23.302  8013  8101 I ReactNativeJS: [outputs] playMorse.symbol {"timestamp":19546821.914,"wallClock":1760218523300,"symbol":"-","durationMs":240,"index":10,"source":"console.replay","correlationId":"console-replay:mgmsnt0kbw0ui8v3","nativeTimestampMs":19546814.929,"nativeDurationMs":240,"nativeOffsetMs":6.892967998981476,"nativeSequence":11,"monotonicTimestampMs":19546814.929,"nativeExpectedTimestampMs":19546799.944,"nativeStartSkewMs":14.985,"nativeBatchElapsedMs":2254.985,"nativeExpectedSincePriorMs":320,"nativeSincePriorMs":321.253,"nativePatternStartMs":19544559.944,"nativeAgeMs":6.776}
10-11 17:35:23.303  8013  8101 I ReactNativeJS: [outputs] outputs.hapticSymbol {"timestamp":19546823.919937,"wallClock":1760218523302,"enabled":true,"symbol":"-","durationMs":240,"platform":"android","source":"console.replay","correlationId":"console-replay:mgmsnt0kbw0ui8v3","timelineOffsetMs":6.892967998981476}
10-11 17:35:23.305  8013  8101 I ReactNativeJS: [outputs] outputs.flashPulse {"timestamp":19546825.273218,"wallClock":1760218523304,"enabled":true,"durationMs":240,"source":"console.replay","correlationId":"console-replay:mgmsnt0kbw0ui8v3","timelineOffsetMs":6.892967998981476,"schedulingMode":"timeline","audioStartHeadroomMs":-33.314583003520966,"audioStartGuard":"headroom"}
10-11 17:35:23.382  8013  8101 I ReactNativeJS: [outputs] outputs.flashPulse.commit {"timestamp":19546903.549625,"wallClock":1760218523382,"durationMs":240,"source":"console.replay","correlationId":"console-replay:mgmsnt0kbw0ui8v3","latencyMs":81.71859399974346,"timelineOffsetMs":6.892967998981476,"leadMs":8,"scheduleSkewMs":89.71859399974346,"schedulingMode":"timeline","audioStartHeadroomMs":-33.314583003520966,"audioStartGuard":"headroom"}
10-11 17:35:23.534  8013  8371 D OutputsAudio: [outputs-audio] stop gain=1.000 release=6.00
10-11 17:35:23.615  8013  8371 D OutputsAudio: [outputs-audio] start hz=700.0 gain=1.000 attack=2.50 release=6.00
10-11 17:35:23.615  8013  8371 D OutputsAudio: [outputs-audio] playMorse.symbol.start sequence=12 symbol=- expected=19547119.944 actual=19547136.587 skew=16.643 batchElapsed=2576.643
10-11 17:35:23.628  8013  8101 D OutputsAudio: [outputs-audio] symbol.info sequence=12 symbol=- timestamp=19547136.587 duration=240.000 expected=19547119.944 skew=16.643 age=13.027
10-11 17:35:23.629  8013  8101 I ReactNativeJS: [outputs] playMorse.symbol {"timestamp":19547149.898427,"wallClock":1760218523628,"symbol":"-","durationMs":240,"index":11,"source":"console.replay","correlationId":"console-replay:mgmsnt9o8dtwjlwo","nativeTimestampMs":19547136.587,"nativeDurationMs":240,"nativeOffsetMs":13.18350999802351,"nativeSequence":12,"monotonicTimestampMs":19547136.587,"nativeExpectedTimestampMs":19547119.944,"nativeStartSkewMs":16.643,"nativeBatchElapsedMs":2576.643,"nativeExpectedSincePriorMs":320,"nativeSincePriorMs":321.658,"nativePatternStartMs":19544559.944,"nativeAgeMs":13.027}
10-11 17:35:23.630  8013  8101 I ReactNativeJS: [outputs] outputs.hapticSymbol {"timestamp":19547150.932854,"wallClock":1760218523629,"enabled":true,"symbol":"-","durationMs":240,"platform":"android","source":"console.replay","correlationId":"console-replay:mgmsnt9o8dtwjlwo","timelineOffsetMs":13.18350999802351}
10-11 17:35:23.631  8013  8101 I ReactNativeJS: [outputs] outputs.flashPulse {"timestamp":19547151.927125,"wallClock":1760218523630,"enabled":true,"durationMs":240,"source":"console.replay","correlationId":"console-replay:mgmsnt9o8dtwjlwo","timelineOffsetMs":13.18350999802351,"schedulingMode":"timeline","audioStartHeadroomMs":-39.96817700192332,"audioStartGuard":"headroom"}
10-11 17:35:23.705  8013  8101 I ReactNativeJS: [outputs] outputs.flashPulse.commit {"timestamp":19547226.359052,"wallClock":1760218523705,"durationMs":240,"source":"console.replay","correlationId":"console-replay:mgmsnt9o8dtwjlwo","latencyMs":76.57932300120592,"timelineOffsetMs":13.18350999802351,"leadMs":8,"scheduleSkewMs":84.57932300120592,"schedulingMode":"timeline","audioStartHeadroomMs":-39.96817700192332,"audioStartGuard":"headroom"}
10-11 17:35:23.856  8013  8371 D OutputsAudio: [outputs-audio] stop gain=1.000 release=6.00
10-11 17:35:23.936  8013  8371 D OutputsAudio: [outputs-audio] start hz=700.0 gain=1.000 attack=2.50 release=6.00
10-11 17:35:23.936  8013  8371 D OutputsAudio: [outputs-audio] playMorse.symbol.start sequence=13 symbol=. expected=19547439.944 actual=19547458.042 skew=18.097 batchElapsed=2898.097
10-11 17:35:23.945  8013  8101 D OutputsAudio: [outputs-audio] symbol.info sequence=13 symbol=. timestamp=19547458.042 duration=80.000 expected=19547439.944 skew=18.097 age=8.334
10-11 17:35:23.949  8013  8101 I ReactNativeJS: [outputs] playMorse.symbol {"timestamp":19547466.697645,"wallClock":1760218523945,"symbol":".","durationMs":80,"index":12,"source":"console.replay","correlationId":"console-replay:mgmsntihd27p5wxn","nativeTimestampMs":19547458.042,"nativeDurationMs":80,"nativeOffsetMs":8.53345800191164,"nativeSequence":13,"monotonicTimestampMs":19547458.042,"nativeExpectedTimestampMs":19547439.944,"nativeStartSkewMs":18.097,"nativeBatchElapsedMs":2898.097,"nativeExpectedSincePriorMs":320,"nativeSincePriorMs":321.455,"nativePatternStartMs":19544559.944,"nativeAgeMs":8.334}
10-11 17:35:23.950  8013  8101 I ReactNativeJS: [outputs] outputs.hapticSymbol {"timestamp":19547470.284781,"wallClock":1760218523949,"enabled":true,"symbol":".","durationMs":80,"platform":"android","source":"console.replay","correlationId":"console-replay:mgmsntihd27p5wxn","timelineOffsetMs":8.53345800191164}
10-11 17:35:23.951  8013  8101 I ReactNativeJS: [outputs] outputs.flashPulse {"timestamp":19547472.667541,"wallClock":1760218523951,"enabled":true,"durationMs":80,"source":"console.replay","correlationId":"console-replay:mgmsntihd27p5wxn","timelineOffsetMs":8.53345800191164,"schedulingMode":"timeline","audioStartHeadroomMs":-40.7109370008111,"audioStartGuard":"headroom"}
10-11 17:35:24.017  8013  8371 D OutputsAudio: [outputs-audio] stop gain=1.000 release=6.00
10-11 17:35:24.019  8013  8101 I ReactNativeJS: [outputs] outputs.flashPulse.commit {"timestamp":19547540.633687,"wallClock":1760218524019,"durationMs":80,"source":"console.replay","correlationId":"console-replay:mgmsntihd27p5wxn","latencyMs":74.04947900027037,"timelineOffsetMs":8.53345800191164,"leadMs":8,"scheduleSkewMs":82.04947900027037,"schedulingMode":"timeline","audioStartHeadroomMs":-40.7109370008111,"audioStartGuard":"headroom"}
10-11 17:35:24.098  8013  8371 D OutputsAudio: [outputs-audio] start hz=700.0 gain=1.000 attack=2.50 release=6.00
10-11 17:35:24.098  8013  8371 D OutputsAudio: [outputs-audio] playMorse.symbol.start sequence=14 symbol=. expected=19547599.944 actual=19547620.096 skew=20.152 batchElapsed=3060.152
10-11 17:35:24.119  8013  8101 D OutputsAudio: [outputs-audio] symbol.info sequence=14 symbol=. timestamp=19547620.096 duration=80.000 expected=19547599.944 skew=20.152 age=20.098
10-11 17:35:24.120  8013  8101 I ReactNativeJS: [outputs] playMorse.symbol {"timestamp":19547640.400093,"wallClock":1760218524119,"symbol":".","durationMs":80,"index":13,"source":"console.replay","correlationId":"console-replay:mgmsntnb79pm2aq1","nativeTimestampMs":19547620.096,"nativeDurationMs":80,"nativeOffsetMs":20.21763499826193,"nativeSequence":14,"monotonicTimestampMs":19547620.096,"nativeExpectedTimestampMs":19547599.944,"nativeStartSkewMs":20.152,"nativeBatchElapsedMs":3060.152,"nativeExpectedSincePriorMs":160,"nativeSincePriorMs":162.055,"nativePatternStartMs":19544559.944,"nativeAgeMs":20.098}
10-11 17:35:24.120  8013  8101 I ReactNativeJS: [outputs] outputs.hapticSymbol {"timestamp":19547641.238531,"wallClock":1760218524120,"enabled":true,"symbol":".","durationMs":80,"platform":"android","source":"console.replay","correlationId":"console-replay:mgmsntnb79pm2aq1","timelineOffsetMs":20.21763499826193}
10-11 17:35:24.121  8013  8101 I ReactNativeJS: [outputs] outputs.flashPulse {"timestamp":19547641.858062,"wallClock":1760218524120,"enabled":true,"durationMs":80,"source":"console.replay","correlationId":"console-replay:mgmsntnb79pm2aq1","timelineOffsetMs":20.21763499826193,"schedulingMode":"timeline","audioStartHeadroomMs":-49.90234300121665,"audioStartGuard":"headroom"}
10-11 17:35:24.179  8013  8371 D OutputsAudio: [outputs-audio] stop gain=1.000 release=6.00
10-11 17:35:24.190  8013  8101 I ReactNativeJS: [outputs] outputs.flashPulse.commit {"timestamp":19547711.228531,"wallClock":1760218524190,"durationMs":80,"source":"console.replay","correlationId":"console-replay:mgmsntnb79pm2aq1","latencyMs":70.90635400265455,"timelineOffsetMs":20.21763499826193,"leadMs":8,"scheduleSkewMs":78.90635400265455,"schedulingMode":"timeline","audioStartHeadroomMs":-49.90234300121665,"audioStartGuard":"headroom"}
10-11 17:35:24.260  8013  8371 D OutputsAudio: [outputs-audio] start hz=700.0 gain=1.000 attack=2.50 release=6.00
10-11 17:35:24.260  8013  8371 D OutputsAudio: [outputs-audio] playMorse.symbol.start sequence=15 symbol=. expected=19547759.944 actual=19547781.511 skew=21.567 batchElapsed=3221.567
10-11 17:35:24.281  8013  8101 D OutputsAudio: [outputs-audio] symbol.info sequence=15 symbol=. timestamp=19547781.511 duration=80.000 expected=19547759.944 skew=21.567 age=20.779
10-11 17:35:24.282  8013  8101 I ReactNativeJS: [outputs] playMorse.symbol {"timestamp":19547802.581499,"wallClock":1760218524281,"symbol":".","durationMs":80,"index":14,"source":"console.replay","correlationId":"console-replay:mgmsntrt67iy97sf","nativeTimestampMs":19547781.511,"nativeDurationMs":80,"nativeOffsetMs":20.958675999194384,"nativeSequence":15,"monotonicTimestampMs":19547781.511,"nativeExpectedTimestampMs":19547759.944,"nativeStartSkewMs":21.567,"nativeBatchElapsedMs":3221.567,"nativeExpectedSincePriorMs":160,"nativeSincePriorMs":161.414,"nativePatternStartMs":19544559.944,"nativeAgeMs":20.779}
10-11 17:35:24.282  8013  8101 I ReactNativeJS: [outputs] outputs.hapticSymbol {"timestamp":19547803.590458,"wallClock":1760218524282,"enabled":true,"symbol":".","durationMs":80,"platform":"android","source":"console.replay","correlationId":"console-replay:mgmsntrt67iy97sf","timelineOffsetMs":20.958675999194384}
10-11 17:35:24.283  8013  8101 I ReactNativeJS: [outputs] outputs.flashPulse {"timestamp":19547804.383843,"wallClock":1760218524283,"enabled":true,"durationMs":80,"source":"console.replay","correlationId":"console-replay:mgmsntrt67iy97sf","timelineOffsetMs":20.958675999194384,"schedulingMode":"timeline","audioStartHeadroomMs":-52.428541000932455,"audioStartGuard":"headroom"}
10-11 17:35:24.340  8013  8371 D OutputsAudio: [outputs-audio] stop gain=1.000 release=6.00
10-11 17:35:24.360  8013  8101 I ReactNativeJS: [outputs] outputs.flashPulse.commit {"timestamp":19547880.738635,"wallClock":1760218524359,"durationMs":80,"source":"console.replay","correlationId":"console-replay:mgmsntrt67iy97sf","latencyMs":78.2582820020616,"timelineOffsetMs":20.958675999194384,"leadMs":8,"scheduleSkewMs":86.2582820020616,"schedulingMode":"timeline","audioStartHeadroomMs":-52.428541000932455,"audioStartGuard":"headroom"}
10-11 17:35:24.421  8013  8371 D OutputsAudio: [outputs-audio] start hz=700.0 gain=1.000 attack=2.50 release=6.00
10-11 17:35:24.421  8013  8371 D OutputsAudio: [outputs-audio] playMorse.symbol.start sequence=16 symbol=- expected=19547919.944 actual=19547942.477 skew=22.533 batchElapsed=3382.533
10-11 17:35:24.434  8013  8101 D OutputsAudio: [outputs-audio] symbol.info sequence=16 symbol=- timestamp=19547942.477 duration=240.000 expected=19547919.944 skew=22.533 age=13.603
