10-11 20:49:34.602 12221   678 I ReactNativeJS: [outputs] outputs.flashPulse.commit {"timestamp":31160780.789517,"wallClock":1760230174602,"durationMs":102,"source":"console.replay","correlationId":"console-replay:mgmzlj4px6vnisas","latencyMs":113.83599000051618,"timelineOffsetMs":60.808798000216484,"leadMs":8,"scheduleSkewMs":111.90291700139642,"schedulingMode":"timeline","audioStartHeadroomMs":-89.18952799960971,"audioStartGuard":"headroom","audioStartCompensationMs":89.18952799960971}
10-11 20:49:34.645 12221   678 I ReactNativeJS: [outputs] outputs.flashPulse.commit {"timestamp":31160823.919621,"wallClock":1760230174645,"durationMs":34,"source":"console.replay","correlationId":"console-replay:mgmzlj68p1ynt63v","latencyMs":101.85890699923038,"timelineOffsetMs":46.62729800119996,"leadMs":8,"scheduleSkewMs":100.01026099920273,"schedulingMode":"timeline","audioStartHeadroomMs":-76.21343399956822,"audioStartGuard":"headroom","audioStartCompensationMs":76.21343399956822}
10-11 20:49:34.668 12221  1699 D OutputsAudio: [outputs-audio] stop gain=1.000 release=6.00
10-11 20:49:34.689 12221   678 D OutputsAudio: [outputs-audio] symbol.info sequence=16 symbol=- timestamp=31160744.913 duration=102.000 expected=31160723.684 skew=21.228 age=122.730
10-11 20:49:34.689 12221   678 I ReactNativeJS: [outputs] playMorse.symbol {"timestamp":31160867.771444,"wallClock":1760230174689,"symbol":".","durationMs":34,"index":13,"source":"console.replay","correlationId":"console-replay:8qy2v7wj","nativeTimestampMs":31160744.913,"nativeDurationMs":102,"nativeOffsetMs":122.81104800105095,"nativeSequence":16,"monotonicTimestampMs":31160744.913,"nativeExpectedTimestampMs":31160723.684,"nativeStartSkewMs":21.228,"nativeBatchElapsedMs":1449.228,"nativeExpectedSincePriorMs":68,"nativeSincePriorMs":69.49,"nativePatternStartMs":31159295.684,"nativeAgeMs":122.73}
10-11 20:49:34.690 12221   678 I ReactNativeJS: [outputs] playMorse.nativeOffset.spike {"timestamp":31160868.432538,"wallClock":1760230174689,"source":"console.replay","offsetMs":122.81104800105095,"sequence":16,"unitMs":34,"correlationId":"console-replay:8qy2v7wj"}
10-11 20:49:34.690 12221   678 I ReactNativeJS: [outputs] playMorse.symbol {"timestamp":31160868.835663,"wallClock":1760230174690,"symbol":".","durationMs":34,"index":13,"source":"console.replay","correlationId":"console-replay:mgmzljaawiukhil0","nativeTimestampMs":31160744.913,"nativeDurationMs":102,"nativeOffsetMs":122.81104800105095,"nativeSequence":16,"monotonicTimestampMs":31160744.913,"nativeExpectedTimestampMs":31160723.684,"nativeStartSkewMs":21.228,"nativeBatchElapsedMs":1449.228,"nativeExpectedSincePriorMs":68,"nativeSincePriorMs":69.49,"nativePatternStartMs":31159295.684,"nativeAgeMs":122.73}
10-11 20:49:34.690 12221   678 I ReactNativeJS: [outputs] playMorse.nativeOffset.spike {"timestamp":31160869.238528,"wallClock":1760230174690,"source":"console.replay","offsetMs":122.81104800105095,"sequence":16,"unitMs":34,"correlationId":"console-replay:mgmzljaawiukhil0","startSkewMs":21.228,"batchElapsedMs":1449.228,"ageMs":122.73}
10-11 20:49:34.691 12221   678 I ReactNativeJS: [outputs] outputs.hapticSymbol {"timestamp":31160869.596705,"wallClock":1760230174691,"enabled":true,"symbol":".","durationMs":34,"platform":"android","source":"console.replay","correlationId":"console-replay:mgmzljaawiukhil0","timelineOffsetMs":null}
10-11 20:49:34.692 12221   678 I ReactNativeJS: [outputs] outputs.flashPulse {"timestamp":31160870.355455,"wallClock":1760230174691,"enabled":true,"durationMs":34,"source":"console.replay","correlationId":"console-replay:mgmzljaawiukhil0","timelineOffsetMs":122.81104800105095,"schedulingMode":"timeline","audioStartHeadroomMs":-154.66150699928403,"audioStartGuard":"headroom","audioStartCompensationMs":154.66150699928403}
10-11 20:49:34.704 12221  1699 D OutputsAudio: [outputs-audio] start hz=650.0 gain=1.000 attack=2.50 release=6.00
10-11 20:49:34.704 12221  1699 D OutputsAudio: [outputs-audio] playMorse.symbol.start sequence=17 symbol=- expected=31160859.684 actual=31160882.676 skew=22.992 batchElapsed=1586.992
10-11 20:49:34.753 12221   678 I ReactNativeJS: [outputs] outputs.flashPulse.commit {"timestamp":31160931.817903,"wallClock":1760230174753,"durationMs":34,"source":"console.replay","correlationId":"console-replay:mgmzljaawiukhil0","latencyMs":64.08453200012445,"timelineOffsetMs":122.81104800105095,"leadMs":8,"scheduleSkewMs":61.46145899966359,"schedulingMode":"timeline","audioStartHeadroomMs":-154.66150699928403,"audioStartGuard":"headroom","audioStartCompensationMs":154.66150699928403}
10-11 20:49:34.796 12221   678 D OutputsAudio: [outputs-audio] symbol.info sequence=17 symbol=- timestamp=31160882.676 duration=102.000 expected=31160859.684 skew=22.992 age=92.520
10-11 20:49:34.797 12221   678 I ReactNativeJS: [outputs] playMorse.symbol {"timestamp":31160975.334205,"wallClock":1760230174796,"symbol":".","durationMs":34,"index":14,"source":"console.replay","correlationId":"console-replay:rszoh6iu","nativeTimestampMs":31160882.676,"nativeDurationMs":102,"nativeOffsetMs":92.6111210025847,"nativeSequence":17,"monotonicTimestampMs":31160882.676,"nativeExpectedTimestampMs":31160859.684,"nativeStartSkewMs":22.992,"nativeBatchElapsedMs":1586.992,"nativeExpectedSincePriorMs":136,"nativeSincePriorMs":137.763,"nativePatternStartMs":31159295.684,"nativeAgeMs":92.52}
10-11 20:49:34.797 12221   678 I ReactNativeJS: [outputs] playMorse.nativeOffset.spike {"timestamp":31160975.913423,"wallClock":1760230174797,"source":"console.replay","offsetMs":92.6111210025847,"sequence":17,"unitMs":34,"correlationId":"console-replay:rszoh6iu"}
10-11 20:49:34.798 12221   678 I ReactNativeJS: [outputs] playMorse.symbol {"timestamp":31160976.337121,"wallClock":1760230174797,"symbol":".","durationMs":34,"index":14,"source":"console.replay","correlationId":"console-replay:mgmzljd92olfd131","nativeTimestampMs":31160882.676,"nativeDurationMs":102,"nativeOffsetMs":92.6111210025847,"nativeSequence":17,"monotonicTimestampMs":31160882.676,"nativeExpectedTimestampMs":31160859.684,"nativeStartSkewMs":22.992,"nativeBatchElapsedMs":1586.992,"nativeExpectedSincePriorMs":136,"nativeSincePriorMs":137.763,"nativePatternStartMs":31159295.684,"nativeAgeMs":92.52}
10-11 20:49:34.798 12221   678 I ReactNativeJS: [outputs] playMorse.nativeOffset.spike {"timestamp":31160976.768371,"wallClock":1760230174798,"source":"console.replay","offsetMs":92.6111210025847,"sequence":17,"unitMs":34,"correlationId":"console-replay:mgmzljd92olfd131","startSkewMs":22.992,"batchElapsedMs":1586.992,"ageMs":92.52}
10-11 20:49:34.798 12221   678 I ReactNativeJS: [outputs] outputs.hapticSymbol {"timestamp":31160977.160819,"wallClock":1760230174798,"enabled":true,"symbol":".","durationMs":34,"platform":"android","source":"console.replay","correlationId":"console-replay:mgmzljd92olfd131","timelineOffsetMs":null}
10-11 20:49:34.799 12221   678 I ReactNativeJS: [outputs] outputs.flashPulse {"timestamp":31160977.922903,"wallClock":1760230174799,"enabled":true,"durationMs":34,"source":"console.replay","correlationId":"console-replay:mgmzljd92olfd131","timelineOffsetMs":92.6111210025847,"schedulingMode":"timeline","audioStartHeadroomMs":-126.22905899956822,"audioStartGuard":"headroom","audioStartCompensationMs":126.22905899956822}
10-11 20:49:34.807 12221  1699 D OutputsAudio: [outputs-audio] stop gain=1.000 release=6.00
10-11 20:49:34.842 12221  1699 D OutputsAudio: [outputs-audio] start hz=650.0 gain=1.000 attack=2.50 release=6.00
10-11 20:49:34.842 12221  1699 D OutputsAudio: [outputs-audio] playMorse.symbol.start sequence=18 symbol=- expected=31160995.684 actual=31161020.681 skew=24.997 batchElapsed=1724.997
10-11 20:49:34.860 12221   678 I ReactNativeJS: [outputs] outputs.flashPulse.commit {"timestamp":31161038.555975,"wallClock":1760230174859,"durationMs":34,"source":"console.replay","correlationId":"console-replay:mgmzljd92olfd131","latencyMs":63.258958999067545,"timelineOffsetMs":92.6111210025847,"leadMs":8,"scheduleSkewMs":60.63145900145173,"schedulingMode":"timeline","audioStartHeadroomMs":-126.22905899956822,"audioStartGuard":"headroom","audioStartCompensationMs":126.22905899956822}
10-11 20:49:34.904 12221   678 D OutputsAudio: [outputs-audio] symbol.info sequence=18 symbol=- timestamp=31161020.681 duration=102.000 expected=31160995.684 skew=24.997 age=61.984
10-11 20:49:34.904 12221   678 I ReactNativeJS: [outputs] playMorse.symbol {"timestamp":31161082.794777,"wallClock":1760230174904,"symbol":"-","durationMs":102,"index":15,"source":"console.replay","correlationId":"console-replay:ukd0erpz","nativeTimestampMs":31161020.681,"nativeDurationMs":102,"nativeOffsetMs":62.06851699948311,"nativeSequence":18,"monotonicTimestampMs":31161020.681,"nativeExpectedTimestampMs":31160995.684,"nativeStartSkewMs":24.997,"nativeBatchElapsedMs":1724.997,"nativeExpectedSincePriorMs":136,"nativeSincePriorMs":138.005,"nativePatternStartMs":31159295.684,"nativeAgeMs":61.984}
10-11 20:49:34.905 12221   678 I ReactNativeJS: [outputs] playMorse.symbol {"timestamp":31161083.410246,"wallClock":1760230174904,"symbol":"-","durationMs":102,"index":15,"source":"console.replay","correlationId":"console-replay:mgmzljg8b389v4hx","nativeTimestampMs":31161020.681,"nativeDurationMs":102,"nativeOffsetMs":62.06851699948311,"nativeSequence":18,"monotonicTimestampMs":31161020.681,"nativeExpectedTimestampMs":31160995.684,"nativeStartSkewMs":24.997,"nativeBatchElapsedMs":1724.997,"nativeExpectedSincePriorMs":136,"nativeSincePriorMs":138.005,"nativePatternStartMs":31159295.684,"nativeAgeMs":61.984}
10-11 20:49:34.905 12221   678 I ReactNativeJS: [outputs] outputs.hapticSymbol {"timestamp":31161083.861184,"wallClock":1760230174905,"enabled":true,"symbol":"-","durationMs":102,"platform":"android","source":"console.replay","correlationId":"console-replay:mgmzljg8b389v4hx","timelineOffsetMs":null}
10-11 20:49:34.906 12221   678 I ReactNativeJS: [outputs] outputs.flashPulse {"timestamp":31161084.692225,"wallClock":1760230174906,"enabled":true,"durationMs":102,"source":"console.replay","correlationId":"console-replay:mgmzljg8b389v4hx","timelineOffsetMs":62.06851699948311,"schedulingMode":"timeline","audioStartHeadroomMs":-96.99817299842834,"audioStartGuard":"headroom","audioStartCompensationMs":96.99817299842834}
10-11 20:49:34.944 12221  1699 D OutputsAudio: [outputs-audio] stop gain=1.000 release=6.00
10-11 20:49:34.962 12221   678 I ReactNativeJS: [outputs] outputs.flashPulse.commit {"timestamp":31161140.991548,"wallClock":1760230174962,"durationMs":102,"source":"console.replay","correlationId":"console-replay:mgmzljg8b389v4hx","latencyMs":58.232707999646664,"timelineOffsetMs":62.06851699948311,"leadMs":8,"scheduleSkewMs":56.29833300039172,"schedulingMode":"timeline","audioStartHeadroomMs":-96.99817299842834,"audioStartGuard":"headroom","audioStartCompensationMs":96.99817299842834}
10-11 20:49:34.978 12221  1699 D OutputsAudio: [outputs-audio] start hz=650.0 gain=1.000 attack=2.50 release=6.00
10-11 20:49:34.978 12221  1699 D OutputsAudio: [outputs-audio] playMorse.symbol.start sequence=19 symbol=. expected=31161131.684 actual=31161157.401 skew=25.717 batchElapsed=1861.717
10-11 20:49:35.010 12221   678 D OutputsAudio: [outputs-audio] symbol.info sequence=19 symbol=. timestamp=31161157.401 duration=34.000 expected=31161131.684 skew=25.717 age=31.349
10-11 20:49:35.010 12221   678 I ReactNativeJS: [outputs] playMorse.symbol {"timestamp":31161188.880819,"wallClock":1760230175010,"symbol":"-","durationMs":102,"index":16,"source":"console.replay","correlationId":"console-replay:hbtddmwn","nativeTimestampMs":31161157.401,"nativeDurationMs":34,"nativeOffsetMs":31.431694000959396,"nativeSequence":19,"monotonicTimestampMs":31161157.401,"nativeExpectedTimestampMs":31161131.684,"nativeStartSkewMs":25.717,"nativeBatchElapsedMs":1861.717,"nativeExpectedSincePriorMs":136,"nativeSincePriorMs":136.72,"nativePatternStartMs":31159295.684,"nativeAgeMs":31.349}
10-11 20:49:35.011 12221   678 I ReactNativeJS: [outputs] playMorse.symbol {"timestamp":31161189.486861,"wallClock":1760230175010,"symbol":"-","durationMs":102,"index":16,"source":"console.replay","correlationId":"console-replay:mgmzljj6cl0uwqs2","nativeTimestampMs":31161157.401,"nativeDurationMs":34,"nativeOffsetMs":31.431694000959396,"nativeSequence":19,"monotonicTimestampMs":31161157.401,"nativeExpectedTimestampMs":31161131.684,"nativeStartSkewMs":25.717,"nativeBatchElapsedMs":1861.717,"nativeExpectedSincePriorMs":136,"nativeSincePriorMs":136.72,"nativePatternStartMs":31159295.684,"nativeAgeMs":31.349}
10-11 20:49:35.011 12221   678 I ReactNativeJS: [outputs] outputs.hapticSymbol {"timestamp":31161189.930871,"wallClock":1760230175011,"enabled":true,"symbol":"-","durationMs":102,"platform":"android","source":"console.replay","correlationId":"console-replay:mgmzljj6cl0uwqs2","timelineOffsetMs":null}
10-11 20:49:35.012 12221   678 I ReactNativeJS: [outputs] outputs.flashPulse {"timestamp":31161190.720298,"wallClock":1760230175012,"enabled":true,"durationMs":102,"source":"console.replay","correlationId":"console-replay:mgmzljj6cl0uwqs2","timelineOffsetMs":31.431694000959396,"schedulingMode":"timeline","audioStartHeadroomMs":-67.02588199824095,"audioStartGuard":"headroom","audioStartCompensationMs":67.02588199824095}
10-11 20:49:35.012 12221  1699 D OutputsAudio: [outputs-audio] stop gain=1.000 release=6.00
10-11 20:49:35.047 12221  1699 D OutputsAudio: [outputs-audio] start hz=650.0 gain=1.000 attack=2.50 release=6.00
10-11 20:49:35.047 12221  1699 D OutputsAudio: [outputs-audio] playMorse.symbol.start sequence=20 symbol=. expected=31161199.684 actual=31161225.953 skew=26.269 batchElapsed=1930.269
10-11 20:49:35.073 12221   678 D OutputsAudio: [outputs-audio] symbol.info sequence=20 symbol=. timestamp=31161225.953 duration=34.000 expected=31161199.684 skew=26.269 age=25.757
10-11 20:49:35.073 12221   678 I ReactNativeJS: [outputs] playMorse.symbol {"timestamp":31161251.84285,"wallClock":1760230175073,"symbol":"-","durationMs":102,"index":17,"source":"console.replay","correlationId":"console-replay:q939rro1","nativeTimestampMs":31161225.953,"nativeDurationMs":34,"nativeOffsetMs":25.842454999685287,"nativeSequence":20,"monotonicTimestampMs":31161225.953,"nativeExpectedTimestampMs":31161199.684,"nativeStartSkewMs":26.269,"nativeBatchElapsedMs":1930.269,"nativeExpectedSincePriorMs":68,"nativeSincePriorMs":68.551,"nativePatternStartMs":31159295.684,"nativeAgeMs":25.757}
10-11 20:49:35.074 12221   678 I ReactNativeJS: [outputs] playMorse.symbol {"timestamp":31161252.439048,"wallClock":1760230175073,"symbol":"-","durationMs":102,"index":17,"source":"console.replay","correlationId":"console-replay:mgmzljkxgecf96rv","nativeTimestampMs":31161225.953,"nativeDurationMs":34,"nativeOffsetMs":25.842454999685287,"nativeSequence":20,"monotonicTimestampMs":31161225.953,"nativeExpectedTimestampMs":31161199.684,"nativeStartSkewMs":26.269,"nativeBatchElapsedMs":1930.269,"nativeExpectedSincePriorMs":68,"nativeSincePriorMs":68.551,"nativePatternStartMs":31159295.684,"nativeAgeMs":25.757}
10-11 20:49:35.074 12221   678 I ReactNativeJS: [outputs] outputs.hapticSymbol {"timestamp":31161252.84759,"wallClock":1760230175074,"enabled":true,"symbol":"-","durationMs":102,"platform":"android","source":"console.replay","correlationId":"console-replay:mgmzljkxgecf96rv","timelineOffsetMs":null}
10-11 20:49:35.075 12221   678 I ReactNativeJS: [outputs] outputs.flashPulse {"timestamp":31161253.615402,"wallClock":1760230175075,"enabled":true,"durationMs":102,"source":"console.replay","correlationId":"console-replay:mgmzljkxgecf96rv","timelineOffsetMs":25.842454999685287,"schedulingMode":"timeline","audioStartHeadroomMs":-61.920047998428345,"audioStartGuard":"headroom","audioStartCompensationMs":61.920047998428345}
10-11 20:49:35.082 12221  1699 D OutputsAudio: [outputs-audio] stop gain=1.000 release=6.00
10-11 20:49:35.118 12221  1699 D OutputsAudio: [outputs-audio] start hz=650.0 gain=1.000 attack=2.50 release=6.00
10-11 20:49:35.118 12221  1699 D OutputsAudio: [outputs-audio] playMorse.symbol.start sequence=21 symbol=. expected=31161267.684 actual=31161296.806 skew=29.122 batchElapsed=2001.122
10-11 20:49:35.134 12221   678 I ReactNativeJS: [outputs] outputs.flashPulse.commit {"timestamp":31161313.017694,"wallClock":1760230175134,"durationMs":102,"source":"console.replay","correlationId":"console-replay:mgmzljj6cl0uwqs2","latencyMs":124.17437499761581,"timelineOffsetMs":31.431694000959396,"leadMs":8,"scheduleSkewMs":122.29557299986482,"schedulingMode":"timeline","audioStartHeadroomMs":-67.02588199824095,"audioStartGuard":"headroom","audioStartCompensationMs":67.02588199824095}
10-11 20:49:35.152 12221  1699 D OutputsAudio: [outputs-audio] stop gain=1.000 release=6.00
10-11 20:49:35.179 12221   678 I ReactNativeJS: [outputs] outputs.flashPulse.commit {"timestamp":31161357.911548,"wallClock":1760230175179,"durationMs":102,"source":"console.replay","correlationId":"console-replay:mgmzljkxgecf96rv","latencyMs":106.10619699954987,"timelineOffsetMs":25.842454999685287,"leadMs":8,"scheduleSkewMs":104.29567700251937,"schedulingMode":"timeline","audioStartHeadroomMs":-61.920047998428345,"audioStartGuard":"headroom","audioStartCompensationMs":61.920047998428345}
10-11 20:49:35.186 12221  1699 D OutputsAudio: [outputs-audio] start hz=650.0 gain=1.000 attack=2.50 release=6.00
10-11 20:49:35.186 12221  1699 D OutputsAudio: [outputs-audio] playMorse.symbol.start sequence=22 symbol=- expected=31161335.684 actual=31161365.131 skew=29.447 batchElapsed=2069.447
10-11 20:49:35.224 12221   678 D OutputsAudio: [outputs-audio] symbol.info sequence=22 symbol=- timestamp=31161365.131 duration=102.000 expected=31161335.684 skew=29.447 age=38.176
10-11 20:49:35.225 12221   678 W ReactNativeJS: '[outputs-audio] native sequence jump', { previous: 20, next: 22, delta: 2 }
10-11 20:49:35.226 12221   678 I ReactNativeJS: [outputs] playMorse.symbol {"timestamp":31161404.204673,"wallClock":1760230175225,"symbol":".","durationMs":34,"index":18,"source":"console.replay","correlationId":"console-replay:rtlr5jkr","nativeTimestampMs":31161365.131,"nativeDurationMs":102,"nativeOffsetMs":39.0335169993341,"nativeSequence":22,"monotonicTimestampMs":31161365.131,"nativeExpectedTimestampMs":31161335.684,"nativeStartSkewMs":29.447,"nativeBatchElapsedMs":2069.447,"nativeExpectedSincePriorMs":68,"nativeSincePriorMs":68.325,"nativePatternStartMs":31159295.684,"nativeAgeMs":38.176}
10-11 20:49:35.226 12221   678 I ReactNativeJS: [outputs] playMorse.symbol {"timestamp":31161404.738996,"wallClock":1760230175226,"symbol":".","durationMs":34,"index":18,"source":"console.replay","correlationId":"console-replay:mgmzljp63uvehddo","nativeTimestampMs":31161365.131,"nativeDurationMs":102,"nativeOffsetMs":39.0335169993341,"nativeSequence":22,"monotonicTimestampMs":31161365.131,"nativeExpectedTimestampMs":31161335.684,"nativeStartSkewMs":29.447,"nativeBatchElapsedMs":2069.447,"nativeExpectedSincePriorMs":68,"nativeSincePriorMs":68.325,"nativePatternStartMs":31159295.684,"nativeAgeMs":38.176}
10-11 20:49:35.226 12221   678 I ReactNativeJS: [outputs] outputs.hapticSymbol {"timestamp":31161405.186288,"wallClock":1760230175226,"enabled":true,"symbol":".","durationMs":34,"platform":"android","source":"console.replay","correlationId":"console-replay:mgmzljp63uvehddo","timelineOffsetMs":null}
10-11 20:49:35.227 12221   678 I ReactNativeJS: [outputs] outputs.flashPulse {"timestamp":31161405.987902,"wallClock":1760230175227,"enabled":true,"durationMs":34,"source":"console.replay","correlationId":"console-replay:mgmzljp63uvehddo","timelineOffsetMs":39.0335169993341,"schedulingMode":"timeline","audioStartHeadroomMs":-78.29374599829316,"audioStartGuard":"headroom","audioStartCompensationMs":78.29374599829316}
10-11 20:49:35.281 12221   678 I ReactNativeJS: [outputs] outputs.flashPulse.commit {"timestamp":31161459.412277,"wallClock":1760230175280,"durationMs":34,"source":"console.replay","correlationId":"console-replay:mgmzljp63uvehddo","latencyMs":55.23843700066209,"timelineOffsetMs":39.0335169993341,"leadMs":8,"scheduleSkewMs":53.423436999320984,"schedulingMode":"timeline","audioStartHeadroomMs":-78.29374599829316,"audioStartGuard":"headroom","audioStartCompensationMs":78.29374599829316}
10-11 20:49:35.288 12221  1699 D OutputsAudio: [outputs-audio] stop gain=1.000 release=6.00
10-11 20:49:35.323 12221  1699 D OutputsAudio: [outputs-audio] start hz=650.0 gain=1.000 attack=2.50 release=6.00
10-11 20:49:35.323 12221  1699 D OutputsAudio: [outputs-audio] playMorse.symbol.start sequence=23 symbol=- expected=31161471.684 actual=31161502.456 skew=30.772 batchElapsed=2206.772
10-11 20:49:35.324 12221   678 D OutputsAudio: [outputs-audio] symbol.info sequence=23 symbol=- timestamp=31161502.456 duration=102.000 expected=31161471.684 skew=30.772 age=0.805
10-11 20:49:35.325 12221   678 I ReactNativeJS: [outputs] playMorse.symbol {"timestamp":31161503.414777,"wallClock":1760230175324,"symbol":".","durationMs":34,"index":19,"source":"console.replay","correlationId":"console-replay:iqu8a7bz","nativeTimestampMs":31161502.456,"nativeDurationMs":102,"nativeOffsetMs":0.9087769985198975,"nativeSequence":23,"monotonicTimestampMs":31161502.456,"nativeExpectedTimestampMs":31161471.684,"nativeStartSkewMs":30.772,"nativeBatchElapsedMs":2206.772,"nativeExpectedSincePriorMs":136,"nativeSincePriorMs":137.325,"nativePatternStartMs":31159295.684,"nativeAgeMs":0.805}
10-11 20:49:35.325 12221   678 I ReactNativeJS: [outputs] playMorse.symbol {"timestamp":31161504.153892,"wallClock":1760230175325,"symbol":".","durationMs":34,"index":19,"source":"console.replay","correlationId":"console-replay:mgmzljrxwktxztxc","nativeTimestampMs":31161502.456,"nativeDurationMs":102,"nativeOffsetMs":0.9087769985198975,"nativeSequence":23,"monotonicTimestampMs":31161502.456,"nativeExpectedTimestampMs":31161471.684,"nativeStartSkewMs":30.772,"nativeBatchElapsedMs":2206.772,"nativeExpectedSincePriorMs":136,"nativeSincePriorMs":137.325,"nativePatternStartMs":31159295.684,"nativeAgeMs":0.805}
10-11 20:49:35.326 12221   678 I ReactNativeJS: [outputs] outputs.hapticSymbol {"timestamp":31161504.59134,"wallClock":1760230175326,"enabled":true,"symbol":".","durationMs":34,"platform":"android","source":"console.replay","correlationId":"console-replay:mgmzljrxwktxztxc","timelineOffsetMs":null}
10-11 20:49:35.327 12221   678 I ReactNativeJS: [outputs] outputs.flashPulse {"timestamp":31161505.3466,"wallClock":1760230175326,"enabled":true,"durationMs":34,"source":"console.replay","correlationId":"console-replay:mgmzljrxwktxztxc","timelineOffsetMs":0.9087769985198975,"schedulingMode":"timeline","audioStartHeadroomMs":-41.6527570001781,"audioStartGuard":"headroom","audioStartCompensationMs":41.6527570001781}
10-11 20:49:35.383 12221   678 I ReactNativeJS: [outputs] outputs.flashPulse.commit {"timestamp":31161561.593059,"wallClock":1760230175383,"durationMs":34,"source":"console.replay","correlationId":"console-replay:mgmzljrxwktxztxc","latencyMs":58.2184900008142,"timelineOffsetMs":0.9087769985198975,"leadMs":8,"scheduleSkewMs":56.24484400078654,"schedulingMode":"timeline","audioStartHeadroomMs":-41.6527570001781,"audioStartGuard":"headroom","audioStartCompensationMs":41.6527570001781}
10-11 20:49:35.426 12221  1699 D OutputsAudio: [outputs-audio] stop gain=1.000 release=6.00
10-11 20:49:35.461 12221  1699 D OutputsAudio: [outputs-audio] start hz=650.0 gain=1.000 attack=2.50 release=6.00
10-11 20:49:35.461 12221  1699 D OutputsAudio: [outputs-audio] playMorse.symbol.start sequence=24 symbol=- expected=31161607.684 actual=31161639.826 skew=32.142 batchElapsed=2344.142
10-11 20:49:35.471 12221   678 D OutputsAudio: [outputs-audio] symbol.info sequence=24 symbol=- timestamp=31161639.826 duration=102.000 expected=31161607.684 skew=32.142 age=10.151
10-11 20:49:35.472 12221   678 I ReactNativeJS: [outputs] playMorse.symbol {"timestamp":31161650.181809,"wallClock":1760230175471,"symbol":".","durationMs":34,"index":20,"source":"console.replay","correlationId":"console-replay:hhurs8nu","nativeTimestampMs":31161639.826,"nativeDurationMs":102,"nativeOffsetMs":10.270912997424603,"nativeSequence":24,"monotonicTimestampMs":31161639.826,"nativeExpectedTimestampMs":31161607.684,"nativeStartSkewMs":32.142,"nativeBatchElapsedMs":2344.142,"nativeExpectedSincePriorMs":136,"nativeSincePriorMs":137.37,"nativePatternStartMs":31159295.684,"nativeAgeMs":10.151}
10-11 20:49:35.473 12221   678 I ReactNativeJS: [outputs] playMorse.symbol {"timestamp":31161651.233736,"wallClock":1760230175472,"symbol":".","durationMs":34,"index":20,"source":"console.replay","correlationId":"console-replay:mgmzljw0z9fpqp6e","nativeTimestampMs":31161639.826,"nativeDurationMs":102,"nativeOffsetMs":10.270912997424603,"nativeSequence":24,"monotonicTimestampMs":31161639.826,"nativeExpectedTimestampMs":31161607.684,"nativeStartSkewMs":32.142,"nativeBatchElapsedMs":2344.142,"nativeExpectedSincePriorMs":136,"nativeSincePriorMs":137.37,"nativePatternStartMs":31159295.684,"nativeAgeMs":10.151}
10-11 20:49:35.473 12221   678 I ReactNativeJS: [outputs] outputs.hapticSymbol {"timestamp":31161651.867954,"wallClock":1760230175473,"enabled":true,"symbol":".","durationMs":34,"platform":"android","source":"console.replay","correlationId":"console-replay:mgmzljw0z9fpqp6e","timelineOffsetMs":null}
10-11 20:49:35.474 12221   678 I ReactNativeJS: [outputs] outputs.flashPulse {"timestamp":31161652.859465,"wallClock":1760230175474,"enabled":true,"durationMs":34,"source":"console.replay","correlationId":"console-replay:mgmzljw0z9fpqp6e","timelineOffsetMs":10.270912997424603,"schedulingMode":"timeline","audioStartHeadroomMs":-53.16161099821329,"audioStartGuard":"headroom","audioStartCompensationMs":53.16161099821329}
10-11 20:49:35.529 12221   678 I ReactNativeJS: [outputs] outputs.flashPulse.commit {"timestamp":31161707.262798,"wallClock":1760230175528,"durationMs":34,"source":"console.replay","correlationId":"console-replay:mgmzljw0z9fpqp6e","latencyMs":57.15635400265455,"timelineOffsetMs":10.270912997424603,"leadMs":8,"scheduleSkewMs":54.40557300299406,"schedulingMode":"timeline","audioStartHeadroomMs":-53.16161099821329,"audioStartGuard":"headroom","audioStartCompensationMs":53.16161099821329}
10-11 20:49:35.564 12221  1699 D OutputsAudio: [outputs-audio] stop gain=1.000 release=6.00
10-11 20:49:35.598 12221  1699 D OutputsAudio: [outputs-audio] start hz=650.0 gain=1.000 attack=2.50 release=6.00
10-11 20:49:35.598 12221  1699 D OutputsAudio: [outputs-audio] playMorse.symbol.start sequence=25 symbol=. expected=31161743.684 actual=31161777.213 skew=33.529 batchElapsed=2481.529
10-11 20:49:35.607 12221   678 D OutputsAudio: [outputs-audio] symbol.info sequence=25 symbol=. timestamp=31161777.213 duration=34.000 expected=31161743.684 skew=33.529 age=9.076
10-11 20:49:35.608 12221   678 I ReactNativeJS: [outputs] playMorse.symbol {"timestamp":31161786.544256,"wallClock":1760230175607,"symbol":"-","durationMs":102,"index":21,"source":"console.replay","correlationId":"console-replay:815vbqs1","nativeTimestampMs":31161777.213,"nativeDurationMs":34,"nativeOffsetMs":9.225319001823664,"nativeSequence":25,"monotonicTimestampMs":31161777.213,"nativeExpectedTimestampMs":31161743.684,"nativeStartSkewMs":33.529,"nativeBatchElapsedMs":2481.529,"nativeExpectedSincePriorMs":136,"nativeSincePriorMs":137.387,"nativePatternStartMs":31159295.684,"nativeAgeMs":9.076}
10-11 20:49:35.609 12221   678 I ReactNativeJS: [outputs] playMorse.symbol {"timestamp":31161787.515767,"wallClock":1760230175608,"symbol":"-","durationMs":102,"index":21,"source":"console.replay","correlationId":"console-replay:mgmzljzsdcqmejod","nativeTimestampMs":31161777.213,"nativeDurationMs":34,"nativeOffsetMs":9.225319001823664,"nativeSequence":25,"monotonicTimestampMs":31161777.213,"nativeExpectedTimestampMs":31161743.684,"nativeStartSkewMs":33.529,"nativeBatchElapsedMs":2481.529,"nativeExpectedSincePriorMs":136,"nativeSincePriorMs":137.387,"nativePatternStartMs":31159295.684,"nativeAgeMs":9.076}
10-11 20:49:35.609 12221   678 I ReactNativeJS: [outputs] outputs.hapticSymbol {"timestamp":31161788.089308,"wallClock":1760230175609,"enabled":true,"symbol":"-","durationMs":102,"platform":"android","source":"console.replay","correlationId":"console-replay:mgmzljzsdcqmejod","timelineOffsetMs":null}
10-11 20:49:35.610 12221   678 I ReactNativeJS: [outputs] outputs.flashPulse {"timestamp":31161789.09384,"wallClock":1760230175610,"enabled":true,"durationMs":102,"source":"console.replay","correlationId":"console-replay:mgmzljzsdcqmejod","timelineOffsetMs":9.225319001823664,"schedulingMode":"timeline","audioStartHeadroomMs":-53.39775599911809,"audioStartGuard":"headroom","audioStartCompensationMs":53.39775599911809}
10-11 20:49:35.633 12221  1699 D OutputsAudio: [outputs-audio] stop gain=1.000 release=6.00
10-11 20:49:35.668 12221  1699 D OutputsAudio: [outputs-audio] start hz=650.0 gain=1.000 attack=2.50 release=6.00
10-11 20:49:35.668 12221  1699 D OutputsAudio: [outputs-audio] playMorse.symbol.start sequence=26 symbol=. expected=31161811.684 actual=31161847.064 skew=35.380 batchElapsed=2551.380
10-11 20:49:35.671 12221   678 I ReactNativeJS: [outputs] outputs.flashPulse.commit {"timestamp":31161849.55785,"wallClock":1760230175670,"durationMs":102,"source":"console.replay","correlationId":"console-replay:mgmzljzsdcqmejod","latencyMs":63.109322998672724,"timelineOffsetMs":9.225319001823664,"leadMs":8,"scheduleSkewMs":60.46380199864507,"schedulingMode":"timeline","audioStartHeadroomMs":-53.39775599911809,"audioStartGuard":"headroom","audioStartCompensationMs":53.39775599911809}
10-11 20:49:35.703 12221  1699 D OutputsAudio: [outputs-audio] stop gain=1.000 release=6.00
10-11 20:49:35.716 12221   678 D OutputsAudio: [outputs-audio] symbol.info sequence=26 symbol=. timestamp=31161847.064 duration=34.000 expected=31161811.684 skew=35.380 age=48.226
10-11 20:49:35.717 12221   678 I ReactNativeJS: [outputs] playMorse.symbol {"timestamp":31161895.430975,"wallClock":1760230175716,"symbol":"-","durationMs":102,"index":22,"source":"console.replay","correlationId":"console-replay:ztiu68ny","nativeTimestampMs":31161847.064,"nativeDurationMs":34,"nativeOffsetMs":48.319423001259565,"nativeSequence":26,"monotonicTimestampMs":31161847.064,"nativeExpectedTimestampMs":31161811.684,"nativeStartSkewMs":35.38,"nativeBatchElapsedMs":2551.38,"nativeExpectedSincePriorMs":68,"nativeSincePriorMs":69.851,"nativePatternStartMs":31159295.684,"nativeAgeMs":48.226}
10-11 20:49:35.717 12221   678 I ReactNativeJS: [outputs] playMorse.symbol {"timestamp":31161896.090611,"wallClock":1760230175717,"symbol":"-","durationMs":102,"index":22,"source":"console.replay","correlationId":"console-replay:mgmzlk2tvrsw4jmu","nativeTimestampMs":31161847.064,"nativeDurationMs":34,"nativeOffsetMs":48.319423001259565,"nativeSequence":26,"monotonicTimestampMs":31161847.064,"nativeExpectedTimestampMs":31161811.684,"nativeStartSkewMs":35.38,"nativeBatchElapsedMs":2551.38,"nativeExpectedSincePriorMs":68,"nativeSincePriorMs":69.851,"nativePatternStartMs":31159295.684,"nativeAgeMs":48.226}
10-11 20:49:35.718 12221   678 I ReactNativeJS: [outputs] outputs.hapticSymbol {"timestamp":31161896.539881,"wallClock":1760230175717,"enabled":true,"symbol":"-","durationMs":102,"platform":"android","source":"console.replay","correlationId":"console-replay:mgmzlk2tvrsw4jmu","timelineOffsetMs":null}
10-11 20:49:35.719 12221   678 I ReactNativeJS: [outputs] outputs.flashPulse {"timestamp":31161897.331965,"wallClock":1760230175718,"enabled":true,"durationMs":102,"source":"console.replay","correlationId":"console-replay:mgmzlk2tvrsw4jmu","timelineOffsetMs":48.319423001259565,"schedulingMode":"timeline","audioStartHeadroomMs":-93.63634999841452,"audioStartGuard":"headroom","audioStartCompensationMs":93.63634999841452}
10-11 20:49:35.737 12221  1699 D OutputsAudio: [outputs-audio] start hz=650.0 gain=1.000 attack=2.50 release=6.00
10-11 20:49:35.737 12221  1699 D OutputsAudio: [outputs-audio] playMorse.symbol.start sequence=27 symbol=. expected=31161879.684 actual=31161916.480 skew=36.796 batchElapsed=2620.796
10-11 20:49:35.772 12221  1699 D OutputsAudio: [outputs-audio] stop gain=1.000 release=6.00
10-11 20:49:35.772 12221   678 I ReactNativeJS: [outputs] outputs.flashPulse.commit {"timestamp":31161950.594152,"wallClock":1760230175772,"durationMs":102,"source":"console.replay","correlationId":"console-replay:mgmzlk2tvrsw4jmu","latencyMs":55.200780998915434,"timelineOffsetMs":48.319423001259565,"leadMs":8,"scheduleSkewMs":53.26213499903679,"schedulingMode":"timeline","audioStartHeadroomMs":-93.63634999841452,"audioStartGuard":"headroom","audioStartCompensationMs":93.63634999841452}
10-11 20:49:35.772 12221  1699 D OutputsAudio: [outputs-audio] stop gain=1.000 release=6.00
10-11 20:49:35.772 12221  1699 D OutputsAudio: [outputs-audio] playMorse.end cancelled=0
10-11 20:49:35.819 12221   678 D OutputsAudio: [outputs-audio] symbol.info sequence=27 symbol=. timestamp=31161916.480 duration=34.000 expected=31161879.684 skew=36.796 age=81.342
10-11 20:49:35.819 12221   678 I ReactNativeJS: [outputs] playMorse.symbol {"timestamp":31161997.955246,"wallClock":1760230175819,"symbol":"-","durationMs":102,"index":23,"source":"console.replay","correlationId":"console-replay:nn017xor","nativeTimestampMs":31161916.48,"nativeDurationMs":34,"nativeOffsetMs":81.42738100141287,"nativeSequence":27,"monotonicTimestampMs":31161916.48,"nativeExpectedTimestampMs":31161879.684,"nativeStartSkewMs":36.796,"nativeBatchElapsedMs":2620.796,"nativeExpectedSincePriorMs":68,"nativeSincePriorMs":69.416,"nativePatternStartMs":31159295.684,"nativeAgeMs":81.342}
10-11 20:49:35.820 12221   678 I ReactNativeJS: [outputs] playMorse.nativeOffset.spike {"timestamp":31161998.525715,"wallClock":1760230175819,"source":"console.replay","offsetMs":81.42738100141287,"sequence":27,"unitMs":34,"correlationId":"console-replay:nn017xor"}
10-11 20:49:35.820 12221   678 I ReactNativeJS: [outputs] playMorse.symbol {"timestamp":31161998.901131,"wallClock":1760230175820,"symbol":"-","durationMs":102,"index":23,"source":"console.replay","correlationId":"console-replay:mgmzlk5ouulq7n9a","nativeTimestampMs":31161916.48,"nativeDurationMs":34,"nativeOffsetMs":81.42738100141287,"nativeSequence":27,"monotonicTimestampMs":31161916.48,"nativeExpectedTimestampMs":31161879.684,"nativeStartSkewMs":36.796,"nativeBatchElapsedMs":2620.796,"nativeExpectedSincePriorMs":68,"nativeSincePriorMs":69.416,"nativePatternStartMs":31159295.684,"nativeAgeMs":81.342}
10-11 20:49:35.821 12221   678 I ReactNativeJS: [outputs] playMorse.nativeOffset.spike {"timestamp":31161999.290246,"wallClock":1760230175820,"source":"console.replay","offsetMs":81.42738100141287,"sequence":27,"unitMs":34,"correlationId":"console-replay:mgmzlk5ouulq7n9a","startSkewMs":36.796,"batchElapsedMs":2620.796,"ageMs":81.342}
10-11 20:49:35.821 12221   678 I ReactNativeJS: [outputs] outputs.hapticSymbol {"timestamp":31161999.679048,"wallClock":1760230175821,"enabled":true,"symbol":"-","durationMs":102,"platform":"android","source":"console.replay","correlationId":"console-replay:mgmzlk5ouulq7n9a","timelineOffsetMs":null}
10-11 20:49:35.822 12221   678 I ReactNativeJS: [outputs] outputs.flashPulse {"timestamp":31162000.526704,"wallClock":1760230175821,"enabled":true,"durationMs":102,"source":"console.replay","correlationId":"console-replay:mgmzlk5ouulq7n9a","timelineOffsetMs":81.42738100141287,"schedulingMode":"timeline","audioStartHeadroomMs":-128.8321829997003,"audioStartGuard":"headroom","audioStartCompensationMs":128.8321829997003}
10-11 20:49:35.880 12221   678 I ReactNativeJS: [outputs] outputs.flashPulse.commit {"timestamp":31162059.090558,"wallClock":1760230175880,"durationMs":102,"source":"console.replay","correlationId":"console-replay:mgmzlk5ouulq7n9a","latencyMs":61.173281997442245,"timelineOffsetMs":81.42738100141287,"leadMs":8,"scheduleSkewMs":58.5627609975636,"schedulingMode":"timeline","audioStartHeadroomMs":-128.8321829997003,"audioStartGuard":"headroom","audioStartCompensationMs":128.8321829997003}
10-11 20:49:35.974 12221   678 I ReactNativeJS: [outputs] playMorse.symbol {"timestamp":31162151.558579,"wallClock":1760230175972,"symbol":".","durationMs":34,"index":24,"source":"console.replay","correlationId":"console-replay:8r3ijfi6","nativeTimestampMs":null,"nativeDurationMs":34,"nativeOffsetMs":null,"nativeSequence":null,"monotonicTimestampMs":null,"nativeExpectedTimestampMs":null,"nativeStartSkewMs":null,"nativeBatchElapsedMs":null,"nativeExpectedSincePriorMs":null,"nativeSincePriorMs":null,"nativePatternStartMs":null,"nativeAgeMs":null}
10-11 20:49:35.976 12221   678 I ReactNativeJS: [outputs] playMorse.symbol {"timestamp":31162152.71285,"wallClock":1760230175974,"symbol":".","durationMs":34,"index":24,"source":"console.replay","correlationId":"console-replay:mgmzlk9yr3p9zhrc","nativeTimestampMs":null,"nativeDurationMs":34,"nativeOffsetMs":null,"nativeSequence":null,"monotonicTimestampMs":null,"nativeExpectedTimestampMs":null,"nativeStartSkewMs":null,"nativeBatchElapsedMs":null,"nativeExpectedSincePriorMs":null,"nativeSincePriorMs":null,"nativePatternStartMs":null,"nativeAgeMs":null}
10-11 20:49:35.977 12221   678 I ReactNativeJS: [outputs] outputs.hapticSymbol {"timestamp":31162154.742173,"wallClock":1760230175976,"enabled":true,"symbol":".","durationMs":34,"platform":"android","source":"console.replay","correlationId":"console-replay:mgmzlk9yr3p9zhrc","timelineOffsetMs":null}
10-11 20:49:35.981 12221   678 I ReactNativeJS: [outputs] outputs.flashPulse {"timestamp":31162158.331444,"wallClock":1760230175979,"enabled":true,"durationMs":34,"source":"console.replay","correlationId":"console-replay:mgmzlk9yr3p9zhrc","timelineOffsetMs":24,"schedulingMode":"timeline"}
10-11 20:49:36.066 12221   678 I ReactNativeJS: [outputs] outputs.flashPulse.commit {"timestamp":31162243.101965,"wallClock":1760230176064,"durationMs":34,"source":"console.replay","correlationId":"console-replay:mgmzlk9yr3p9zhrc","latencyMs":66.36864599958062,"timelineOffsetMs":24,"leadMs":8,"scheduleSkewMs":74.36864599958062,"schedulingMode":"timeline"}
10-11 20:49:36.275 12221   678 I ReactNativeJS: [outputs] playMorse.symbol {"timestamp":31162451.252277,"wallClock":1760230176272,"symbol":".","durationMs":34,"index":25,"source":"console.replay","correlationId":"console-replay:m9v8e7b6","nativeTimestampMs":null,"nativeDurationMs":34,"nativeOffsetMs":null,"nativeSequence":null,"monotonicTimestampMs":null,"nativeExpectedTimestampMs":null,"nativeStartSkewMs":null,"nativeBatchElapsedMs":null,"nativeExpectedSincePriorMs":null,"nativeSincePriorMs":null,"nativePatternStartMs":null,"nativeAgeMs":null}
10-11 20:49:36.277 12221   678 I ReactNativeJS: [outputs] playMorse.symbol {"timestamp":31162453.844621,"wallClock":1760230176275,"symbol":".","durationMs":34,"index":25,"source":"console.replay","correlationId":"console-replay:mgmzlkibz2d5mlx6","nativeTimestampMs":null,"nativeDurationMs":34,"nativeOffsetMs":null,"nativeSequence":null,"monotonicTimestampMs":null,"nativeExpectedTimestampMs":null,"nativeStartSkewMs":null,"nativeBatchElapsedMs":null,"nativeExpectedSincePriorMs":null,"nativeSincePriorMs":null,"nativePatternStartMs":null,"nativeAgeMs":null}
10-11 20:49:36.278 12221   678 I ReactNativeJS: [outputs] outputs.hapticSymbol {"timestamp":31162455.885819,"wallClock":1760230176277,"enabled":true,"symbol":".","durationMs":34,"platform":"android","source":"console.replay","correlationId":"console-replay:mgmzlkibz2d5mlx6","timelineOffsetMs":null}
10-11 20:49:36.279 12221   678 I ReactNativeJS: [outputs] outputs.flashPulse {"timestamp":31162457.587381,"wallClock":1760230176279,"enabled":true,"durationMs":34,"source":"console.replay","correlationId":"console-replay:mgmzlkibz2d5mlx6","timelineOffsetMs":24,"schedulingMode":"timeline"}
10-11 20:49:36.385 12221   678 I ReactNativeJS: [outputs] outputs.flashPulse.commit {"timestamp":31162562.743058,"wallClock":1760230176384,"durationMs":34,"source":"console.replay","correlationId":"console-replay:mgmzlkibz2d5mlx6","latencyMs":84.88744799792767,"timelineOffsetMs":24,"leadMs":8,"scheduleSkewMs":92.88744799792767,"schedulingMode":"timeline"}
10-11 20:49:36.595 12221   678 I ReactNativeJS: [outputs] playMorse.symbol {"timestamp":31162773.608423,"wallClock":1760230176595,"symbol":".","durationMs":34,"index":26,"source":"console.replay","correlationId":"console-replay:dveacwe2","nativeTimestampMs":null,"nativeDurationMs":34,"nativeOffsetMs":null,"nativeSequence":null,"monotonicTimestampMs":null,"nativeExpectedTimestampMs":null,"nativeStartSkewMs":null,"nativeBatchElapsedMs":null,"nativeExpectedSincePriorMs":null,"nativeSincePriorMs":null,"nativePatternStartMs":null,"nativeAgeMs":null}
10-11 20:49:36.596 12221   678 I ReactNativeJS: [outputs] playMorse.symbol {"timestamp":31162774.287641,"wallClock":1760230176595,"symbol":".","durationMs":34,"index":26,"source":"console.replay","correlationId":"console-replay:mgmzlkr7gzjb38ja","nativeTimestampMs":null,"nativeDurationMs":34,"nativeOffsetMs":null,"nativeSequence":null,"monotonicTimestampMs":null,"nativeExpectedTimestampMs":null,"nativeStartSkewMs":null,"nativeBatchElapsedMs":null,"nativeExpectedSincePriorMs":null,"nativeSincePriorMs":null,"nativePatternStartMs":null,"nativeAgeMs":null}
10-11 20:49:36.596 12221   678 I ReactNativeJS: [outputs] outputs.hapticSymbol {"timestamp":31162774.751131,"wallClock":1760230176596,"enabled":true,"symbol":".","durationMs":34,"platform":"android","source":"console.replay","correlationId":"console-replay:mgmzlkr7gzjb38ja","timelineOffsetMs":null}
10-11 20:49:36.597 12221   678 I ReactNativeJS: [outputs] outputs.flashPulse {"timestamp":31162775.559048,"wallClock":1760230176596,"enabled":true,"durationMs":34,"source":"console.replay","correlationId":"console-replay:mgmzlkr7gzjb38ja","timelineOffsetMs":24,"schedulingMode":"timeline"}
10-11 20:49:36.663 12221   678 I ReactNativeJS: [outputs] playMorse.complete {"timestamp":31162842.016235,"wallClock":1760230176663,"durationMs":3781.0930189974606,"source":"console.replay","audioEnabled":true,"audioVolumePercent":100}
10-11 20:49:36.713 12221   678 I ReactNativeJS: [outputs] outputs.flashPulse.commit {"timestamp":31162891.132329,"wallClock":1760230176712,"durationMs":34,"source":"console.replay","correlationId":"console-replay:mgmzlkr7gzjb38ja","latencyMs":92.84187499806285,"timelineOffsetMs":24,"leadMs":8,"scheduleSkewMs":100.84187499806285,"schedulingMode":"timeline"}
10-11 20:49:38.740 12221   678 I ReactNativeJS: [outputs] playMorse.start {"timestamp":31164917.748422,"wallClock":1760230178739,"unitMs":4,"length":29,"source":"console.replay","audioEnabled":true,"audioVolumePercent":100}
10-11 20:49:38.830 12221   678 D OutputsAudio: [outputs-audio] warmup hz=650.0
10-11 20:49:38.831 12221  1760 D OutputsAudio: [outputs-audio] playMorse.start count=27 unit=10.0
10-11 20:49:38.831 12221  1760 D OutputsAudio: [outputs-audio] start hz=650.0 gain=1.000 attack=2.50 release=6.00
10-11 20:49:38.831 12221  1760 D OutputsAudio: [outputs-audio] playMorse.symbol.start sequence=1 symbol=. expected=31165009.193 actual=31165009.763 skew=0.570 batchElapsed=0.570
10-11 20:49:38.841 12221  1760 D OutputsAudio: [outputs-audio] stop gain=1.000 release=6.00
10-11 20:49:38.849 12221   678 D OutputsAudio: [outputs-audio] symbol.info sequence=1 symbol=. timestamp=31165009.763 duration=10.000 expected=31165009.193 skew=0.570 age=18.085
10-11 20:49:38.850 12221   678 I ReactNativeJS: [outputs] playMorse.symbol {"timestamp":31165028.177693,"wallClock":1760230178849,"symbol":".","durationMs":10,"index":0,"source":"console.replay","correlationId":"console-replay:rcbkod8l","nativeTimestampMs":31165009.763,"nativeDurationMs":10,"nativeOffsetMs":18.23750500008464,"nativeSequence":1,"monotonicTimestampMs":31165009.763,"nativeExpectedTimestampMs":31165009.193,"nativeStartSkewMs":0.57,"nativeBatchElapsedMs":0.57,"nativeExpectedSincePriorMs":0,"nativeSincePriorMs":0,"nativePatternStartMs":31165009.193,"nativeAgeMs":18.085}
10-11 20:49:38.851 12221   678 I ReactNativeJS: [outputs] playMorse.symbol {"timestamp":31165029.563578,"wallClock":1760230178850,"symbol":".","durationMs":10,"index":0,"source":"console.replay","correlationId":"console-replay:mgmzlmhure4nd5gf","nativeTimestampMs":31165009.763,"nativeDurationMs":10,"nativeOffsetMs":18.23750500008464,"nativeSequence":1,"monotonicTimestampMs":31165009.763,"nativeExpectedTimestampMs":31165009.193,"nativeStartSkewMs":0.57,"nativeBatchElapsedMs":0.57,"nativeExpectedSincePriorMs":0,"nativeSincePriorMs":0,"nativePatternStartMs":31165009.193,"nativeAgeMs":18.085}
10-11 20:49:38.852 12221   678 I ReactNativeJS: [outputs] outputs.hapticSymbol {"timestamp":31165030.446599,"wallClock":1760230178851,"enabled":true,"symbol":".","durationMs":10,"platform":"android","source":"console.replay","correlationId":"console-replay:mgmzlmhure4nd5gf","timelineOffsetMs":null}
10-11 20:49:38.853 12221  1760 D OutputsAudio: [outputs-audio] start hz=650.0 gain=1.000 attack=2.50 release=6.00
10-11 20:49:38.853 12221  1760 D OutputsAudio: [outputs-audio] playMorse.symbol.start sequence=2 symbol=. expected=31165029.193 actual=31165032.106 skew=2.914 batchElapsed=22.914
10-11 20:49:38.854 12221   678 I ReactNativeJS: [outputs] outputs.flashPulse {"timestamp":31165032.232276,"wallClock":1760230178853,"enabled":true,"durationMs":10,"source":"console.replay","correlationId":"console-replay:mgmzlmhure4nd5gf","timelineOffsetMs":18.23750500008464,"schedulingMode":"timeline","audioStartHeadroomMs":-31.016359001398087,"audioStartGuard":"headroom","audioStartCompensationMs":31.016359001398087}
10-11 20:49:38.854 12221   678 D OutputsAudio: [outputs-audio] symbol.info sequence=2 symbol=. timestamp=31165032.106 duration=10.000 expected=31165029.193 skew=2.914 age=1.094
10-11 20:49:38.863 12221  1760 D OutputsAudio: [outputs-audio] stop gain=1.000 release=6.00
10-11 20:49:38.873 12221  1760 D OutputsAudio: [outputs-audio] start hz=650.0 gain=1.000 attack=2.50 release=6.00
10-11 20:49:38.873 12221  1760 D OutputsAudio: [outputs-audio] playMorse.symbol.start sequence=3 symbol=. expected=31165049.193 actual=31165052.501 skew=3.308 batchElapsed=43.308
10-11 20:49:38.884 12221  1760 D OutputsAudio: [outputs-audio] stop gain=1.000 release=6.00
10-11 20:49:38.895 12221  1760 D OutputsAudio: [outputs-audio] start hz=650.0 gain=1.000 attack=2.50 release=6.00
10-11 20:49:38.895 12221  1760 D OutputsAudio: [outputs-audio] playMorse.symbol.start sequence=4 symbol=- expected=31165069.193 actual=31165073.841 skew=4.649 batchElapsed=64.649
10-11 20:49:38.922 12221   678 I ReactNativeJS: [outputs] playMorse.symbol {"timestamp":31165100.099099,"wallClock":1760230178921,"symbol":".","durationMs":10,"index":1,"source":"console.replay","correlationId":"console-replay:rxnbo8s5","nativeTimestampMs":31165032.106,"nativeDurationMs":10,"nativeOffsetMs":1.1798700019717216,"nativeSequence":2,"monotonicTimestampMs":31165032.106,"nativeExpectedTimestampMs":31165029.193,"nativeStartSkewMs":2.914,"nativeBatchElapsedMs":22.914,"nativeExpectedSincePriorMs":20,"nativeSincePriorMs":22.344,"nativePatternStartMs":31165009.193,"nativeAgeMs":1.094}
10-11 20:49:38.922 12221   678 I ReactNativeJS: [outputs] playMorse.symbol {"timestamp":31165100.799776,"wallClock":1760230178922,"symbol":".","durationMs":10,"index":1,"source":"console.replay","correlationId":"console-replay:mgmzlmjuarftuivr","nativeTimestampMs":31165032.106,"nativeDurationMs":10,"nativeOffsetMs":1.1798700019717216,"nativeSequence":2,"monotonicTimestampMs":31165032.106,"nativeExpectedTimestampMs":31165029.193,"nativeStartSkewMs":2.914,"nativeBatchElapsedMs":22.914,"nativeExpectedSincePriorMs":20,"nativeSincePriorMs":22.344,"nativePatternStartMs":31165009.193,"nativeAgeMs":1.094}
10-11 20:49:38.923 12221   678 I ReactNativeJS: [outputs] outputs.hapticSymbol {"timestamp":31165101.268213,"wallClock":1760230178922,"enabled":true,"symbol":".","durationMs":10,"platform":"android","source":"console.replay","correlationId":"console-replay:mgmzlmjuarftuivr","timelineOffsetMs":null}
10-11 20:49:38.923 12221   678 I ReactNativeJS: [outputs] outputs.flashPulse {"timestamp":31165102.043057,"wallClock":1760230178923,"enabled":true,"durationMs":10,"source":"console.replay","correlationId":"console-replay:mgmzlmjuarftuivr","timelineOffsetMs":1.1798700019717216,"schedulingMode":"timeline","audioStartHeadroomMs":-80.83927600085735,"audioStartGuard":"headroom","audioStartCompensationMs":80.83927600085735}
10-11 20:49:38.923 12221   678 D OutputsAudio: [outputs-audio] symbol.info sequence=4 symbol=- timestamp=31165073.841 duration=30.000 expected=31165069.193 skew=4.649 age=28.658
10-11 20:49:38.924 12221   678 W ReactNativeJS: '[outputs-audio] native sequence jump', { previous: 2, next: 4, delta: 2 }
10-11 20:49:38.927 12221  1760 D OutputsAudio: [outputs-audio] stop gain=1.000 release=6.00
10-11 20:49:38.937 12221  1760 D OutputsAudio: [outputs-audio] start hz=650.0 gain=1.000 attack=2.50 release=6.00
10-11 20:49:38.937 12221  1760 D OutputsAudio: [outputs-audio] playMorse.symbol.start sequence=5 symbol=- expected=31165109.193 actual=31165116.429 skew=7.237 batchElapsed=107.237
10-11 20:49:38.968 12221  1760 D OutputsAudio: [outputs-audio] stop gain=1.000 release=6.00
10-11 20:49:38.978 12221   678 I ReactNativeJS: [outputs] playMorse.symbol {"timestamp":31165156.376026,"wallClock":1760230178977,"symbol":".","durationMs":10,"index":2,"source":"console.replay","correlationId":"console-replay:fwvauhdc","nativeTimestampMs":31165073.841,"nativeDurationMs":30,"nativeOffsetMs":29.22341100126505,"nativeSequence":4,"monotonicTimestampMs":31165073.841,"nativeExpectedTimestampMs":31165069.193,"nativeStartSkewMs":4.649,"nativeBatchElapsedMs":64.649,"nativeExpectedSincePriorMs":20,"nativeSincePriorMs":21.341,"nativePatternStartMs":31165009.193,"nativeAgeMs":28.658}
