--------- beginning of main
10-12 10:20:07.115 21246 21320 I ReactNativeJS: [outputs] playMorse.start {"timestamp":46582180.829311,"wallClock":1760278807114,"unitMs":120,"length":29,"source":"console.replay","audioEnabled":true,"audioVolumePercent":100}
10-12 10:20:07.869 21246 21320 D OutputsAudio: [outputs-audio] warmup hz=650.0
10-12 10:20:07.869 21246 21685 D OutputsAudio: [outputs-audio] playMorse.start count=27 unit=120.0
10-12 10:20:07.869 21246 21685 D OutputsAudio: [outputs-audio] playMorse.dispatch sequence=1 symbol=. offset=0.000 lead=0.000 dispatchAt=46582936.110
10-12 10:20:07.869 21246 21685 D OutputsAudio: [outputs-audio] start hz=650.0 gain=1.000 attack=2.50 release=6.00
10-12 10:20:07.869 21246 21685 D OutputsAudio: [outputs-audio] playMorse.symbol.start sequence=1 symbol=. expected=46582936.110 actual=46582936.527 skew=0.417 batchElapsed=0.417
10-12 10:20:07.872 21246 21320 D OutputsAudio: [outputs-audio] symbol.info sequence=1 symbol=. timestamp=46582936.527 duration=120.000 expected=46582936.110 skew=0.417 age=2.505
10-12 10:20:07.876 21246 21320 I ReactNativeJS: [outputs] playMorse.symbol {"timestamp":46582939.918999,"wallClock":1760278807873,"symbol":".","durationMs":120,"index":0,"source":"console.replay","correlationId":"console-replay:kpw92df8","nativeTimestampMs":46582936.527,"nativeDurationMs":120,"nativeOffsetMs":2.859394997358322,"nativeSequence":1,"monotonicTimestampMs":46582936.527,"nativeExpectedTimestampMs":46582936.11,"nativeStartSkewMs":0.417,"nativeBatchElapsedMs":0.417,"nativeExpectedSincePriorMs":0,"nativeSincePriorMs":0,"nativePatternStartMs":46582936.11,"nativeAgeMs":2.505}
10-12 10:20:07.877 21246 21320 I ReactNativeJS: [outputs] playMorse.symbol {"timestamp":46582943.452853,"wallClock":1760278807876,"symbol":".","durationMs":120,"index":0,"source":"console.replay","correlationId":"console-replay:mgnsjww4fve9y1gk","nativeTimestampMs":46582936.527,"nativeDurationMs":120,"nativeOffsetMs":2.859394997358322,"nativeSequence":1,"monotonicTimestampMs":46582936.527,"nativeExpectedTimestampMs":46582936.11,"nativeStartSkewMs":0.417,"nativeBatchElapsedMs":0.417,"nativeExpectedSincePriorMs":0,"nativeSincePriorMs":0,"nativePatternStartMs":46582936.11,"nativeAgeMs":2.505}
10-12 10:20:07.880 21246 21320 I ReactNativeJS: [outputs] outputs.hapticSymbol {"timestamp":46582946.85728,"wallClock":1760278807880,"enabled":true,"symbol":".","durationMs":120,"platform":"android","source":"console.replay","correlationId":"console-replay:mgnsjww4fve9y1gk","timelineOffsetMs":null}
10-12 10:20:07.891 21246 21320 I ReactNativeJS: [outputs] outputs.flashPulse {"timestamp":46582957.414624,"wallClock":1760278807890,"enabled":true,"durationMs":120,"source":"console.replay","correlationId":"console-replay:mgnsjww4fve9y1gk","timelineOffsetMs":2.859394997358322,"schedulingMode":"timeline","audioStartHeadroomMs":-29.27446699887514,"audioStartGuard":"headroom","audioStartCompensationMs":29.27446699887514}
10-12 10:20:07.899 21246 21320 I ReactNativeJS: [outputs] outputs.flashPulse.commit {"timestamp":46582965.344259,"wallClock":1760278807898,"durationMs":120,"source":"console.replay","correlationId":"console-replay:mgnsjww4fve9y1gk","latencyMs":25.936875000596046,"timelineOffsetMs":2.859394997358322,"leadMs":8,"scheduleSkewMs":7.93359400331974,"schedulingMode":"timeline","audioStartHeadroomMs":-29.27446699887514,"audioStartGuard":"headroom","audioStartCompensationMs":29.27446699887514}
10-12 10:20:07.990 21246 21685 D OutputsAudio: [outputs-audio] stop gain=1.000 release=6.00
10-12 10:20:07.990 21246 21685 D OutputsAudio: [outputs-audio] playMorse.gap sequence=1 nextOffset=240.000 gapTarget=46583176.110
10-12 10:20:07.990 21246 21685 D OutputsAudio: [outputs-audio] playMorse.dispatch sequence=2 symbol=. offset=240.000 lead=90.000 dispatchAt=46583086.110
10-12 10:20:08.019 21246 21685 D OutputsAudio: [outputs-audio] start hz=650.0 gain=1.000 attack=2.50 release=6.00
10-12 10:20:08.019 21246 21685 D OutputsAudio: [outputs-audio] playMorse.symbol.start sequence=2 symbol=. expected=46583176.110 actual=46583176.202 skew=0.092 batchElapsed=240.092
10-12 10:20:08.128 21246 21320 D OutputsAudio: [outputs-audio] symbol.info sequence=2 symbol=. timestamp=46583176.202 duration=120.000 expected=46583176.110 skew=0.092 age=18.355
10-12 10:20:08.129 21246 21320 I ReactNativeJS: [outputs] playMorse.symbol {"timestamp":46583194.846447,"wallClock":1760278808128,"symbol":".","durationMs":120,"index":1,"source":"console.replay","correlationId":"console-replay:q4wnhxjv","nativeTimestampMs":46583176.202,"nativeDurationMs":120,"nativeOffsetMs":18.53048799932003,"nativeSequence":2,"monotonicTimestampMs":46583176.202,"nativeExpectedTimestampMs":46583176.11,"nativeStartSkewMs":0.092,"nativeBatchElapsedMs":240.092,"nativeExpectedSincePriorMs":240,"nativeSincePriorMs":239.675,"nativePatternStartMs":46582936.11,"nativeAgeMs":18.355}
10-12 10:20:08.129 21246 21320 I ReactNativeJS: [outputs] playMorse.symbol {"timestamp":46583195.988582,"wallClock":1760278808129,"symbol":".","durationMs":120,"index":1,"source":"console.replay","correlationId":"console-replay:mgnsjx354v46lg13","nativeTimestampMs":46583176.202,"nativeDurationMs":120,"nativeOffsetMs":18.53048799932003,"nativeSequence":2,"monotonicTimestampMs":46583176.202,"nativeExpectedTimestampMs":46583176.11,"nativeStartSkewMs":0.092,"nativeBatchElapsedMs":240.092,"nativeExpectedSincePriorMs":240,"nativeSincePriorMs":239.675,"nativePatternStartMs":46582936.11,"nativeAgeMs":18.355}
10-12 10:20:08.130 21246 21320 I ReactNativeJS: [outputs] outputs.hapticSymbol {"timestamp":46583196.655769,"wallClock":1760278808130,"enabled":true,"symbol":".","durationMs":120,"platform":"android","source":"console.replay","correlationId":"console-replay:mgnsjx354v46lg13","timelineOffsetMs":null}
10-12 10:20:08.131 21246 21320 I ReactNativeJS: [outputs] outputs.flashPulse {"timestamp":46583197.528113,"wallClock":1760278808130,"enabled":true,"durationMs":120,"source":"console.replay","correlationId":"console-replay:mgnsjx354v46lg13","timelineOffsetMs":18.53048799932003,"schedulingMode":"timeline","audioStartHeadroomMs":-29.399571999907494,"audioStartGuard":"headroom","audioStartCompensationMs":29.399571999907494}
10-12 10:20:08.208 21246 21320 I ReactNativeJS: [outputs] outputs.flashPulse.commit {"timestamp":46583275.044051,"wallClock":1760278808208,"durationMs":120,"source":"console.replay","correlationId":"console-replay:mgnsjx354v46lg13","latencyMs":80.3031769990921,"timelineOffsetMs":18.53048799932003,"leadMs":8,"scheduleSkewMs":77.52218699455261,"schedulingMode":"timeline","audioStartHeadroomMs":-29.399571999907494,"audioStartGuard":"headroom","audioStartCompensationMs":29.399571999907494}
10-12 10:20:08.230 21246 21685 D OutputsAudio: [outputs-audio] stop gain=1.000 release=6.00
10-12 10:20:08.230 21246 21685 D OutputsAudio: [outputs-audio] playMorse.gap sequence=2 nextOffset=480.000 gapTarget=46583416.110
10-12 10:20:08.230 21246 21685 D OutputsAudio: [outputs-audio] playMorse.dispatch sequence=3 symbol=. offset=480.000 lead=90.000 dispatchAt=46583326.110
10-12 10:20:08.259 21246 21685 D OutputsAudio: [outputs-audio] start hz=650.0 gain=1.000 attack=2.50 release=6.00
10-12 10:20:08.259 21246 21685 D OutputsAudio: [outputs-audio] playMorse.symbol.start sequence=3 symbol=. expected=46583416.110 actual=46583416.495 skew=0.384 batchElapsed=480.384
10-12 10:20:08.357 21246 21320 D OutputsAudio: [outputs-audio] symbol.info sequence=3 symbol=. timestamp=46583416.495 duration=120.000 expected=46583416.110 skew=0.384 age=7.711
10-12 10:20:08.360 21246 21320 I ReactNativeJS: [outputs] playMorse.symbol {"timestamp":46583424.770561,"wallClock":1760278808358,"symbol":".","durationMs":120,"index":2,"source":"console.replay","correlationId":"console-replay:io2sz1ex","nativeTimestampMs":46583416.495,"nativeDurationMs":120,"nativeOffsetMs":8.036394000053406,"nativeSequence":3,"monotonicTimestampMs":46583416.495,"nativeExpectedTimestampMs":46583416.11,"nativeStartSkewMs":0.384,"nativeBatchElapsedMs":480.384,"nativeExpectedSincePriorMs":240,"nativeSincePriorMs":240.292,"nativePatternStartMs":46582936.11,"nativeAgeMs":7.711}
10-12 10:20:08.361 21246 21320 I ReactNativeJS: [outputs] playMorse.symbol {"timestamp":46583426.786655,"wallClock":1760278808360,"symbol":".","durationMs":120,"index":2,"source":"console.replay","correlationId":"console-replay:mgnsjx9k7brnfi2j","nativeTimestampMs":46583416.495,"nativeDurationMs":120,"nativeOffsetMs":8.036394000053406,"nativeSequence":3,"monotonicTimestampMs":46583416.495,"nativeExpectedTimestampMs":46583416.11,"nativeStartSkewMs":0.384,"nativeBatchElapsedMs":480.384,"nativeExpectedSincePriorMs":240,"nativeSincePriorMs":240.292,"nativePatternStartMs":46582936.11,"nativeAgeMs":7.711}
10-12 10:20:08.362 21246 21320 I ReactNativeJS: [outputs] outputs.hapticSymbol {"timestamp":46583427.862228,"wallClock":1760278808361,"enabled":true,"symbol":".","durationMs":120,"platform":"android","source":"console.replay","correlationId":"console-replay:mgnsjx9k7brnfi2j","timelineOffsetMs":null}
10-12 10:20:08.363 21246 21320 I ReactNativeJS: [outputs] outputs.flashPulse {"timestamp":46583429.441394,"wallClock":1760278808362,"enabled":true,"durationMs":120,"source":"console.replay","correlationId":"console-replay:mgnsjx9k7brnfi2j","timelineOffsetMs":8.036394000053406,"schedulingMode":"timeline","audioStartHeadroomMs":-21.311446003615856,"audioStartGuard":"headroom","audioStartCompensationMs":21.311446003615856}
10-12 10:20:08.446 21246 21320 I ReactNativeJS: [outputs] outputs.flashPulse.commit {"timestamp":46583512.28853,"wallClock":1760278808445,"durationMs":120,"source":"console.replay","correlationId":"console-replay:mgnsjx9k7brnfi2j","latencyMs":87.74864600598812,"timelineOffsetMs":8.036394000053406,"leadMs":8,"scheduleSkewMs":82.85505200177431,"schedulingMode":"timeline","audioStartHeadroomMs":-21.311446003615856,"audioStartGuard":"headroom","audioStartCompensationMs":21.311446003615856}
10-12 10:20:08.470 21246 21685 D OutputsAudio: [outputs-audio] stop gain=1.000 release=6.00
10-12 10:20:08.470 21246 21685 D OutputsAudio: [outputs-audio] playMorse.gap sequence=3 nextOffset=720.000 gapTarget=46583656.110
10-12 10:20:08.470 21246 21685 D OutputsAudio: [outputs-audio] playMorse.dispatch sequence=4 symbol=- offset=720.000 lead=90.000 dispatchAt=46583566.110
10-12 10:20:08.500 21246 21685 D OutputsAudio: [outputs-audio] start hz=650.0 gain=1.000 attack=2.50 release=6.00
10-12 10:20:08.500 21246 21685 D OutputsAudio: [outputs-audio] playMorse.symbol.start sequence=4 symbol=- expected=46583656.110 actual=46583657.418 skew=1.308 batchElapsed=721.308
10-12 10:20:08.612 21246 21320 D OutputsAudio: [outputs-audio] symbol.info sequence=4 symbol=- timestamp=46583657.418 duration=360.000 expected=46583656.110 skew=1.308 age=21.403
10-12 10:20:08.613 21246 21320 I ReactNativeJS: [outputs] playMorse.symbol {"timestamp":46583679.107332,"wallClock":1760278808612,"symbol":"-","durationMs":360,"index":3,"source":"console.replay","correlationId":"console-replay:vqg05jqd","nativeTimestampMs":46583657.418,"nativeDurationMs":360,"nativeOffsetMs":21.581206999719143,"nativeSequence":4,"monotonicTimestampMs":46583657.418,"nativeExpectedTimestampMs":46583656.11,"nativeStartSkewMs":1.308,"nativeBatchElapsedMs":721.308,"nativeExpectedSincePriorMs":240,"nativeSincePriorMs":240.923,"nativePatternStartMs":46582936.11,"nativeAgeMs":21.403}
10-12 10:20:08.614 21246 21320 I ReactNativeJS: [outputs] playMorse.symbol {"timestamp":46583680.3053,"wallClock":1760278808613,"symbol":"-","durationMs":360,"index":3,"source":"console.replay","correlationId":"console-replay:mgnsjxglwlzkpbmg","nativeTimestampMs":46583657.418,"nativeDurationMs":360,"nativeOffsetMs":21.581206999719143,"nativeSequence":4,"monotonicTimestampMs":46583657.418,"nativeExpectedTimestampMs":46583656.11,"nativeStartSkewMs":1.308,"nativeBatchElapsedMs":721.308,"nativeExpectedSincePriorMs":240,"nativeSincePriorMs":240.923,"nativePatternStartMs":46582936.11,"nativeAgeMs":21.403}
10-12 10:20:08.614 21246 21320 I ReactNativeJS: [outputs] outputs.hapticSymbol {"timestamp":46583680.950769,"wallClock":1760278808614,"enabled":true,"symbol":"-","durationMs":360,"platform":"android","source":"console.replay","correlationId":"console-replay:mgnsjxglwlzkpbmg","timelineOffsetMs":null}
10-12 10:20:08.615 21246 21320 I ReactNativeJS: [outputs] outputs.flashPulse {"timestamp":46583681.935405,"wallClock":1760278808615,"enabled":true,"durationMs":360,"source":"console.replay","correlationId":"console-replay:mgnsjxglwlzkpbmg","timelineOffsetMs":21.581206999719143,"schedulingMode":"timeline","audioStartHeadroomMs":-33.80868600308895,"audioStartGuard":"headroom","audioStartCompensationMs":33.80868600308895}
10-12 10:20:08.707 21246 21320 I ReactNativeJS: [outputs] outputs.flashPulse.commit {"timestamp":46583773.651446,"wallClock":1760278808707,"durationMs":360,"source":"console.replay","correlationId":"console-replay:mgnsjxglwlzkpbmg","latencyMs":94.6428640037775,"timelineOffsetMs":21.581206999719143,"leadMs":8,"scheduleSkewMs":91.72072900086641,"schedulingMode":"timeline","audioStartHeadroomMs":-33.80868600308895,"audioStartGuard":"headroom","audioStartCompensationMs":33.80868600308895}
10-12 10:20:08.951 21246 21685 D OutputsAudio: [outputs-audio] stop gain=1.000 release=6.00
10-12 10:20:08.951 21246 21685 D OutputsAudio: [outputs-audio] playMorse.gap sequence=4 nextOffset=1200.000 gapTarget=46584136.110
10-12 10:20:08.951 21246 21685 D OutputsAudio: [outputs-audio] playMorse.dispatch sequence=5 symbol=- offset=1200.000 lead=90.000 dispatchAt=46584046.110
10-12 10:20:08.980 21246 21685 D OutputsAudio: [outputs-audio] start hz=650.0 gain=1.000 attack=2.50 release=6.00
10-12 10:20:08.980 21246 21685 D OutputsAudio: [outputs-audio] playMorse.symbol.start sequence=5 symbol=- expected=46584136.110 actual=46584137.245 skew=1.135 batchElapsed=1201.135
10-12 10:20:09.126 21246 21320 D OutputsAudio: [outputs-audio] symbol.info sequence=5 symbol=- timestamp=46584137.245 duration=360.000 expected=46584136.110 skew=1.135 age=55.472
10-12 10:20:09.127 21246 21320 I ReactNativeJS: [outputs] playMorse.symbol {"timestamp":46584192.972227,"wallClock":1760278809126,"symbol":"-","durationMs":360,"index":4,"source":"console.replay","correlationId":"console-replay:hz1pv969","nativeTimestampMs":46584137.245,"nativeDurationMs":360,"nativeOffsetMs":55.6311340034008,"nativeSequence":5,"monotonicTimestampMs":46584137.245,"nativeExpectedTimestampMs":46584136.11,"nativeStartSkewMs":1.135,"nativeBatchElapsedMs":1201.135,"nativeExpectedSincePriorMs":480,"nativeSincePriorMs":479.827,"nativePatternStartMs":46582936.11,"nativeAgeMs":55.472}
10-12 10:20:09.128 21246 21320 I ReactNativeJS: [outputs] playMorse.symbol {"timestamp":46584193.978061,"wallClock":1760278809127,"symbol":"-","durationMs":360,"index":4,"source":"console.replay","correlationId":"console-replay:mgnsjxuvjg33usqr","nativeTimestampMs":46584137.245,"nativeDurationMs":360,"nativeOffsetMs":55.6311340034008,"nativeSequence":5,"monotonicTimestampMs":46584137.245,"nativeExpectedTimestampMs":46584136.11,"nativeStartSkewMs":1.135,"nativeBatchElapsedMs":1201.135,"nativeExpectedSincePriorMs":480,"nativeSincePriorMs":479.827,"nativePatternStartMs":46582936.11,"nativeAgeMs":55.472}
10-12 10:20:09.128 21246 21320 I ReactNativeJS: [outputs] outputs.hapticSymbol {"timestamp":46584194.705977,"wallClock":1760278809128,"enabled":true,"symbol":"-","durationMs":360,"platform":"android","source":"console.replay","correlationId":"console-replay:mgnsjxuvjg33usqr","timelineOffsetMs":null}
10-12 10:20:09.129 21246 21320 I ReactNativeJS: [outputs] outputs.flashPulse {"timestamp":46584195.800352,"wallClock":1760278809129,"enabled":true,"durationMs":360,"source":"console.replay","correlationId":"console-replay:mgnsjxuvjg33usqr","timelineOffsetMs":55.6311340034008,"schedulingMode":"timeline","audioStartHeadroomMs":-67.67139399796724,"audioStartGuard":"headroom","audioStartCompensationMs":67.67139399796724}
10-12 10:20:09.204 21246 21320 I ReactNativeJS: [outputs] outputs.flashPulse.commit {"timestamp":46584270.919779,"wallClock":1760278809204,"durationMs":360,"source":"console.replay","correlationId":"console-replay:mgnsjxuvjg33usqr","latencyMs":78.03468699753284,"timelineOffsetMs":55.6311340034008,"leadMs":8,"scheduleSkewMs":75.12583299726248,"schedulingMode":"timeline","audioStartHeadroomMs":-67.67139399796724,"audioStartGuard":"headroom","audioStartCompensationMs":67.67139399796724}
10-12 10:20:09.431 21246 21685 D OutputsAudio: [outputs-audio] stop gain=1.000 release=6.00
10-12 10:20:09.431 21246 21685 D OutputsAudio: [outputs-audio] playMorse.gap sequence=5 nextOffset=1680.000 gapTarget=46584616.110
10-12 10:20:09.431 21246 21685 D OutputsAudio: [outputs-audio] playMorse.dispatch sequence=6 symbol=- offset=1680.000 lead=90.000 dispatchAt=46584526.110
10-12 10:20:09.460 21246 21685 D OutputsAudio: [outputs-audio] start hz=650.0 gain=1.000 attack=2.50 release=6.00
10-12 10:20:09.460 21246 21685 D OutputsAudio: [outputs-audio] playMorse.symbol.start sequence=6 symbol=- expected=46584616.110 actual=46584616.922 skew=0.811 batchElapsed=1680.811
10-12 10:20:09.615 21246 21320 D OutputsAudio: [outputs-audio] symbol.info sequence=6 symbol=- timestamp=46584616.922 duration=360.000 expected=46584616.110 skew=0.811 age=65.601
10-12 10:20:09.618 21246 21320 I ReactNativeJS: [outputs] playMorse.symbol {"timestamp":46584682.829623,"wallClock":1760278809616,"symbol":"-","durationMs":360,"index":5,"source":"console.replay","correlationId":"console-replay:rjnp1oeu","nativeTimestampMs":46584616.922,"nativeDurationMs":360,"nativeOffsetMs":65.79574800282717,"nativeSequence":6,"monotonicTimestampMs":46584616.922,"nativeExpectedTimestampMs":46584616.11,"nativeStartSkewMs":0.811,"nativeBatchElapsedMs":1680.811,"nativeExpectedSincePriorMs":480,"nativeSincePriorMs":479.676,"nativePatternStartMs":46582936.11,"nativeAgeMs":65.601}
10-12 10:20:09.619 21246 21320 I ReactNativeJS: [outputs] playMorse.symbol {"timestamp":46584684.869727,"wallClock":1760278809618,"symbol":"-","durationMs":360,"index":5,"source":"console.replay","correlationId":"console-replay:mgnsjy8i019ryh8x","nativeTimestampMs":46584616.922,"nativeDurationMs":360,"nativeOffsetMs":65.79574800282717,"nativeSequence":6,"monotonicTimestampMs":46584616.922,"nativeExpectedTimestampMs":46584616.11,"nativeStartSkewMs":0.811,"nativeBatchElapsedMs":1680.811,"nativeExpectedSincePriorMs":480,"nativeSincePriorMs":479.676,"nativePatternStartMs":46582936.11,"nativeAgeMs":65.601}
10-12 10:20:09.620 21246 21320 I ReactNativeJS: [outputs] outputs.hapticSymbol {"timestamp":46584685.873269,"wallClock":1760278809619,"enabled":true,"symbol":"-","durationMs":360,"platform":"android","source":"console.replay","correlationId":"console-replay:mgnsjy8i019ryh8x","timelineOffsetMs":null}
10-12 10:20:09.621 21246 21320 I ReactNativeJS: [outputs] outputs.flashPulse {"timestamp":46584687.197696,"wallClock":1760278809620,"enabled":true,"durationMs":360,"source":"console.replay","correlationId":"console-replay:mgnsjy8i019ryh8x","timelineOffsetMs":65.79574800282717,"schedulingMode":"timeline","audioStartHeadroomMs":-79.07009200006723,"audioStartGuard":"headroom","audioStartCompensationMs":79.07009200006723}
10-12 10:20:09.702 21246 21320 I ReactNativeJS: [outputs] outputs.flashPulse.commit {"timestamp":46584768.905821,"wallClock":1760278809702,"durationMs":360,"source":"console.replay","correlationId":"console-replay:mgnsjy8i019ryh8x","latencyMs":86.1791670024395,"timelineOffsetMs":65.79574800282717,"leadMs":8,"scheduleSkewMs":81.71354200690985,"schedulingMode":"timeline","audioStartHeadroomMs":-79.07009200006723,"audioStartGuard":"headroom","audioStartCompensationMs":79.07009200006723}
10-12 10:20:09.910 21246 21685 D OutputsAudio: [outputs-audio] stop gain=1.000 release=6.00
10-12 10:20:09.910 21246 21685 D OutputsAudio: [outputs-audio] playMorse.gap sequence=6 nextOffset=2160.000 gapTarget=46585096.110
10-12 10:20:09.910 21246 21685 D OutputsAudio: [outputs-audio] playMorse.dispatch sequence=7 symbol=. offset=2160.000 lead=90.000 dispatchAt=46585006.110
10-12 10:20:09.940 21246 21685 D OutputsAudio: [outputs-audio] start hz=650.0 gain=1.000 attack=2.50 release=6.00
10-12 10:20:09.940 21246 21685 D OutputsAudio: [outputs-audio] playMorse.symbol.start sequence=7 symbol=. expected=46585096.110 actual=46585097.138 skew=1.028 batchElapsed=2161.028
10-12 10:20:10.040 21246 21320 D OutputsAudio: [outputs-audio] symbol.info sequence=7 symbol=. timestamp=46585097.138 duration=120.000 expected=46585096.110 skew=1.028 age=9.753
10-12 10:20:10.041 21246 21320 I ReactNativeJS: [outputs] playMorse.symbol {"timestamp":46585107.122279,"wallClock":1760278810040,"symbol":".","durationMs":120,"index":6,"source":"console.replay","correlationId":"console-replay:q4nd2474","nativeTimestampMs":46585097.138,"nativeDurationMs":120,"nativeOffsetMs":9.893498003482819,"nativeSequence":7,"monotonicTimestampMs":46585097.138,"nativeExpectedTimestampMs":46585096.11,"nativeStartSkewMs":1.028,"nativeBatchElapsedMs":2161.028,"nativeExpectedSincePriorMs":480,"nativeSincePriorMs":480.217,"nativePatternStartMs":46582936.11,"nativeAgeMs":9.753}
10-12 10:20:10.042 21246 21320 I ReactNativeJS: [outputs] playMorse.symbol {"timestamp":46585108.079623,"wallClock":1760278810041,"symbol":".","durationMs":120,"index":6,"source":"console.replay","correlationId":"console-replay:mgnsjyk9rcdiwdxn","nativeTimestampMs":46585097.138,"nativeDurationMs":120,"nativeOffsetMs":9.893498003482819,"nativeSequence":7,"monotonicTimestampMs":46585097.138,"nativeExpectedTimestampMs":46585096.11,"nativeStartSkewMs":1.028,"nativeBatchElapsedMs":2161.028,"nativeExpectedSincePriorMs":480,"nativeSincePriorMs":480.217,"nativePatternStartMs":46582936.11,"nativeAgeMs":9.753}
10-12 10:20:10.043 21246 21320 I ReactNativeJS: [outputs] outputs.hapticSymbol {"timestamp":46585109.282644,"wallClock":1760278810042,"enabled":true,"symbol":".","durationMs":120,"platform":"android","source":"console.replay","correlationId":"console-replay:mgnsjyk9rcdiwdxn","timelineOffsetMs":null}
10-12 10:20:10.044 21246 21320 I ReactNativeJS: [outputs] outputs.flashPulse {"timestamp":46585110.812904,"wallClock":1760278810044,"enabled":true,"durationMs":120,"source":"console.replay","correlationId":"console-replay:mgnsjyk9rcdiwdxn","timelineOffsetMs":9.893498003482819,"schedulingMode":"timeline","audioStartHeadroomMs":-22.686029002070427,"audioStartGuard":"headroom","audioStartCompensationMs":22.686029002070427}
10-12 10:20:10.130 21246 21320 I ReactNativeJS: [outputs] outputs.flashPulse.commit {"timestamp":46585197.158217,"wallClock":1760278810130,"durationMs":120,"source":"console.replay","correlationId":"console-replay:mgnsjyk9rcdiwdxn","latencyMs":90.11838500201702,"timelineOffsetMs":9.893498003482819,"leadMs":8,"scheduleSkewMs":86.35114600509405,"schedulingMode":"timeline","audioStartHeadroomMs":-22.686029002070427,"audioStartGuard":"headroom","audioStartCompensationMs":22.686029002070427}
10-12 10:20:10.150 21246 21685 D OutputsAudio: [outputs-audio] stop gain=1.000 release=6.00
10-12 10:20:10.150 21246 21685 D OutputsAudio: [outputs-audio] playMorse.gap sequence=7 nextOffset=2400.000 gapTarget=46585336.110
10-12 10:20:10.151 21246 21685 D OutputsAudio: [outputs-audio] playMorse.dispatch sequence=8 symbol=. offset=2400.000 lead=90.000 dispatchAt=46585246.110
10-12 10:20:10.180 21246 21685 D OutputsAudio: [outputs-audio] start hz=650.0 gain=1.000 attack=2.50 release=6.00
10-12 10:20:10.180 21246 21685 D OutputsAudio: [outputs-audio] playMorse.symbol.start sequence=8 symbol=. expected=46585336.110 actual=46585337.136 skew=1.026 batchElapsed=2401.026
10-12 10:20:10.276 21246 21320 D OutputsAudio: [outputs-audio] symbol.info sequence=8 symbol=. timestamp=46585337.136 duration=120.000 expected=46585336.110 skew=1.026 age=5.602
10-12 10:20:10.277 21246 21320 I ReactNativeJS: [outputs] playMorse.symbol {"timestamp":46585343.025352,"wallClock":1760278810276,"symbol":".","durationMs":120,"index":7,"source":"console.replay","correlationId":"console-replay:7duitfrz","nativeTimestampMs":46585337.136,"nativeDurationMs":120,"nativeOffsetMs":5.783257998526096,"nativeSequence":8,"monotonicTimestampMs":46585337.136,"nativeExpectedTimestampMs":46585336.11,"nativeStartSkewMs":1.026,"nativeBatchElapsedMs":2401.026,"nativeExpectedSincePriorMs":240,"nativeSincePriorMs":239.998,"nativePatternStartMs":46582936.11,"nativeAgeMs":5.602}
10-12 10:20:10.278 21246 21320 I ReactNativeJS: [outputs] playMorse.symbol {"timestamp":46585344.284831,"wallClock":1760278810277,"symbol":".","durationMs":120,"index":7,"source":"console.replay","correlationId":"console-replay:mgnsjyqtfkyg2xp1","nativeTimestampMs":46585337.136,"nativeDurationMs":120,"nativeOffsetMs":5.783257998526096,"nativeSequence":8,"monotonicTimestampMs":46585337.136,"nativeExpectedTimestampMs":46585336.11,"nativeStartSkewMs":1.026,"nativeBatchElapsedMs":2401.026,"nativeExpectedSincePriorMs":240,"nativeSincePriorMs":239.998,"nativePatternStartMs":46582936.11,"nativeAgeMs":5.602}
10-12 10:20:10.279 21246 21320 I ReactNativeJS: [outputs] outputs.hapticSymbol {"timestamp":46585345.024414,"wallClock":1760278810278,"enabled":true,"symbol":".","durationMs":120,"platform":"android","source":"console.replay","correlationId":"console-replay:mgnsjyqtfkyg2xp1","timelineOffsetMs":null}
10-12 10:20:10.280 21246 21320 I ReactNativeJS: [outputs] outputs.flashPulse {"timestamp":46585346.098373,"wallClock":1760278810279,"enabled":true,"durationMs":120,"source":"console.replay","correlationId":"console-replay:mgnsjyqtfkyg2xp1","timelineOffsetMs":5.783257998526096,"schedulingMode":"timeline","audioStartHeadroomMs":-17.969986997544765,"audioStartGuard":"headroom","audioStartCompensationMs":17.969986997544765}
10-12 10:20:10.357 21246 21320 I ReactNativeJS: [outputs] outputs.flashPulse.commit {"timestamp":46585423.318269,"wallClock":1760278810356,"durationMs":120,"source":"console.replay","correlationId":"console-replay:mgnsjyqtfkyg2xp1","latencyMs":80.39052100479603,"timelineOffsetMs":5.783257998526096,"leadMs":8,"scheduleSkewMs":77.22645800560713,"schedulingMode":"timeline","audioStartHeadroomMs":-17.969986997544765,"audioStartGuard":"headroom","audioStartCompensationMs":17.969986997544765}
10-12 10:20:10.390 21246 21685 D OutputsAudio: [outputs-audio] stop gain=1.000 release=6.00
10-12 10:20:10.391 21246 21685 D OutputsAudio: [outputs-audio] playMorse.gap sequence=8 nextOffset=2640.000 gapTarget=46585576.110
10-12 10:20:10.391 21246 21685 D OutputsAudio: [outputs-audio] playMorse.dispatch sequence=9 symbol=. offset=2640.000 lead=90.000 dispatchAt=46585486.110
10-12 10:20:10.420 21246 21685 D OutputsAudio: [outputs-audio] start hz=650.0 gain=1.000 attack=2.50 release=6.00
10-12 10:20:10.420 21246 21685 D OutputsAudio: [outputs-audio] playMorse.symbol.start sequence=9 symbol=. expected=46585576.110 actual=46585577.087 skew=0.977 batchElapsed=2640.977
10-12 10:20:10.529 21246 21320 D OutputsAudio: [outputs-audio] symbol.info sequence=9 symbol=. timestamp=46585577.087 duration=120.000 expected=46585576.110 skew=0.977 age=18.587
10-12 10:20:10.530 21246 21320 I ReactNativeJS: [outputs] playMorse.symbol {"timestamp":46585596.08405,"wallClock":1760278810529,"symbol":".","durationMs":120,"index":8,"source":"console.replay","correlationId":"console-replay:p2a5d4jk","nativeTimestampMs":46585577.087,"nativeDurationMs":120,"nativeOffsetMs":18.814133003354073,"nativeSequence":9,"monotonicTimestampMs":46585577.087,"nativeExpectedTimestampMs":46585576.11,"nativeStartSkewMs":0.977,"nativeBatchElapsedMs":2640.977,"nativeExpectedSincePriorMs":240,"nativeSincePriorMs":239.951,"nativePatternStartMs":46582936.11,"nativeAgeMs":18.587}
10-12 10:20:10.531 21246 21320 I ReactNativeJS: [outputs] playMorse.symbol {"timestamp":46585597.280352,"wallClock":1760278810530,"symbol":".","durationMs":120,"index":8,"source":"console.replay","correlationId":"console-replay:mgnsjyxucxtesru6","nativeTimestampMs":46585577.087,"nativeDurationMs":120,"nativeOffsetMs":18.814133003354073,"nativeSequence":9,"monotonicTimestampMs":46585577.087,"nativeExpectedTimestampMs":46585576.11,"nativeStartSkewMs":0.977,"nativeBatchElapsedMs":2640.977,"nativeExpectedSincePriorMs":240,"nativeSincePriorMs":239.951,"nativePatternStartMs":46582936.11,"nativeAgeMs":18.587}
10-12 10:20:10.531 21246 21320 I ReactNativeJS: [outputs] outputs.hapticSymbol {"timestamp":46585597.969362,"wallClock":1760278810531,"enabled":true,"symbol":".","durationMs":120,"platform":"android","source":"console.replay","correlationId":"console-replay:mgnsjyxucxtesru6","timelineOffsetMs":null}
10-12 10:20:10.532 21246 21320 I ReactNativeJS: [outputs] outputs.flashPulse {"timestamp":46585598.913529,"wallClock":1760278810532,"enabled":true,"durationMs":120,"source":"console.replay","correlationId":"console-replay:mgnsjyxucxtesru6","timelineOffsetMs":18.814133003354073,"schedulingMode":"timeline","audioStartHeadroomMs":-30.784831002354622,"audioStartGuard":"headroom","audioStartCompensationMs":30.784831002354622}
10-12 10:20:10.608 21246 21320 I ReactNativeJS: [outputs] outputs.flashPulse.commit {"timestamp":46585674.541341,"wallClock":1760278810607,"durationMs":120,"source":"console.replay","correlationId":"console-replay:mgnsjyxucxtesru6","latencyMs":78.63166699558496,"timelineOffsetMs":18.814133003354073,"leadMs":8,"scheduleSkewMs":75.63437499850988,"schedulingMode":"timeline","audioStartHeadroomMs":-30.784831002354622,"audioStartGuard":"headroom","audioStartCompensationMs":30.784831002354622}
10-12 10:20:10.631 21246 21685 D OutputsAudio: [outputs-audio] stop gain=1.000 release=6.00
10-12 10:20:10.631 21246 21685 D OutputsAudio: [outputs-audio] playMorse.gap sequence=9 nextOffset=2880.000 gapTarget=46585816.110
10-12 10:20:10.631 21246 21685 D OutputsAudio: [outputs-audio] playMorse.dispatch sequence=10 symbol=- offset=2880.000 lead=90.000 dispatchAt=46585726.110
10-12 10:20:10.659 21246 21685 D OutputsAudio: [outputs-audio] start hz=650.0 gain=1.000 attack=2.50 release=6.00
10-12 10:20:10.659 21246 21685 D OutputsAudio: [outputs-audio] playMorse.symbol.start sequence=10 symbol=- expected=46585816.110 actual=46585816.566 skew=0.456 batchElapsed=2880.456
10-12 10:20:10.768 21246 21320 D OutputsAudio: [outputs-audio] symbol.info sequence=10 symbol=- timestamp=46585816.566 duration=360.000 expected=46585816.110 skew=0.456 age=18.663
10-12 10:20:10.769 21246 21320 I ReactNativeJS: [outputs] playMorse.symbol {"timestamp":46585835.493998,"wallClock":1760278810768,"symbol":"-","durationMs":360,"index":9,"source":"console.replay","correlationId":"console-replay:ipilh1bb","nativeTimestampMs":46585816.566,"nativeDurationMs":360,"nativeOffsetMs":18.83159100264311,"nativeSequence":10,"monotonicTimestampMs":46585816.566,"nativeExpectedTimestampMs":46585816.11,"nativeStartSkewMs":0.456,"nativeBatchElapsedMs":2880.456,"nativeExpectedSincePriorMs":240,"nativeSincePriorMs":239.479,"nativePatternStartMs":46582936.11,"nativeAgeMs":18.663}
10-12 10:20:10.770 21246 21320 I ReactNativeJS: [outputs] playMorse.symbol {"timestamp":46585836.532018,"wallClock":1760278810769,"symbol":"-","durationMs":360,"index":9,"source":"console.replay","correlationId":"console-replay:mgnsjz4hu1sk4s7s","nativeTimestampMs":46585816.566,"nativeDurationMs":360,"nativeOffsetMs":18.83159100264311,"nativeSequence":10,"monotonicTimestampMs":46585816.566,"nativeExpectedTimestampMs":46585816.11,"nativeStartSkewMs":0.456,"nativeBatchElapsedMs":2880.456,"nativeExpectedSincePriorMs":240,"nativeSincePriorMs":239.479,"nativePatternStartMs":46582936.11,"nativeAgeMs":18.663}
10-12 10:20:10.770 21246 21320 I ReactNativeJS: [outputs] outputs.hapticSymbol {"timestamp":46585836.941602,"wallClock":1760278810770,"enabled":true,"symbol":"-","durationMs":360,"platform":"android","source":"console.replay","correlationId":"console-replay:mgnsjz4hu1sk4s7s","timelineOffsetMs":null}
10-12 10:20:10.771 21246 21320 I ReactNativeJS: [outputs] outputs.flashPulse {"timestamp":46585837.552123,"wallClock":1760278810770,"enabled":true,"durationMs":360,"source":"console.replay","correlationId":"console-replay:mgnsjz4hu1sk4s7s","timelineOffsetMs":18.83159100264311,"schedulingMode":"timeline","audioStartHeadroomMs":-29.431340999901295,"audioStartGuard":"headroom","audioStartCompensationMs":29.431340999901295}
10-12 10:20:10.849 21246 21320 I ReactNativeJS: [outputs] outputs.flashPulse.commit {"timestamp":46585915.686341,"wallClock":1760278810849,"durationMs":360,"source":"console.replay","correlationId":"console-replay:mgnsjz4hu1sk4s7s","latencyMs":80.28109399974346,"timelineOffsetMs":18.83159100264311,"leadMs":8,"scheduleSkewMs":78.13541699945927,"schedulingMode":"timeline","audioStartHeadroomMs":-29.431340999901295,"audioStartGuard":"headroom","audioStartCompensationMs":29.431340999901295}
10-12 10:20:11.110 21246 21685 D OutputsAudio: [outputs-audio] stop gain=1.000 release=6.00
10-12 10:20:11.110 21246 21685 D OutputsAudio: [outputs-audio] playMorse.gap sequence=10 nextOffset=3360.000 gapTarget=46586296.110
10-12 10:20:11.110 21246 21685 D OutputsAudio: [outputs-audio] playMorse.dispatch sequence=11 symbol=- offset=3360.000 lead=90.000 dispatchAt=46586206.110
10-12 10:20:11.139 21246 21685 D OutputsAudio: [outputs-audio] start hz=650.0 gain=1.000 attack=2.50 release=6.00
10-12 10:20:11.140 21246 21685 D OutputsAudio: [outputs-audio] playMorse.symbol.start sequence=11 symbol=- expected=46586296.110 actual=46586296.843 skew=0.732 batchElapsed=3360.732
10-12 10:20:11.237 21246 21320 D OutputsAudio: [outputs-audio] symbol.info sequence=11 symbol=- timestamp=46586296.843 duration=360.000 expected=46586296.110 skew=0.732 age=7.013
10-12 10:20:11.238 21246 21320 I ReactNativeJS: [outputs] playMorse.symbol {"timestamp":46586304.208945,"wallClock":1760278811237,"symbol":"-","durationMs":360,"index":10,"source":"console.replay","correlationId":"console-replay:uxtldbx3","nativeTimestampMs":46586296.843,"nativeDurationMs":360,"nativeOffsetMs":7.262559995055199,"nativeSequence":11,"monotonicTimestampMs":46586296.843,"nativeExpectedTimestampMs":46586296.11,"nativeStartSkewMs":0.732,"nativeBatchElapsedMs":3360.732,"nativeExpectedSincePriorMs":480,"nativeSincePriorMs":480.277,"nativePatternStartMs":46582936.11,"nativeAgeMs":7.013}
10-12 10:20:11.240 21246 21320 I ReactNativeJS: [outputs] playMorse.symbol {"timestamp":46586305.251706,"wallClock":1760278811238,"symbol":"-","durationMs":360,"index":10,"source":"console.replay","correlationId":"console-replay:mgnsjzhicq9fbpxa","nativeTimestampMs":46586296.843,"nativeDurationMs":360,"nativeOffsetMs":7.262559995055199,"nativeSequence":11,"monotonicTimestampMs":46586296.843,"nativeExpectedTimestampMs":46586296.11,"nativeStartSkewMs":0.732,"nativeBatchElapsedMs":3360.732,"nativeExpectedSincePriorMs":480,"nativeSincePriorMs":480.277,"nativePatternStartMs":46582936.11,"nativeAgeMs":7.013}
10-12 10:20:11.241 21246 21320 I ReactNativeJS: [outputs] outputs.hapticSymbol {"timestamp":46586307.096497,"wallClock":1760278811240,"enabled":true,"symbol":"-","durationMs":360,"platform":"android","source":"console.replay","correlationId":"console-replay:mgnsjzhicq9fbpxa","timelineOffsetMs":null}
10-12 10:20:11.244 21246 21320 I ReactNativeJS: [outputs] outputs.flashPulse {"timestamp":46586310.584258,"wallClock":1760278811243,"enabled":true,"durationMs":360,"source":"console.replay","correlationId":"console-replay:mgnsjzhicq9fbpxa","timelineOffsetMs":7.262559995055199,"schedulingMode":"timeline","audioStartHeadroomMs":-22.442069999873638,"audioStartGuard":"headroom","audioStartCompensationMs":22.442069999873638}
10-12 10:20:11.333 21246 21320 I ReactNativeJS: [outputs] outputs.flashPulse.commit {"timestamp":46586400.088372,"wallClock":1760278811333,"durationMs":360,"source":"console.replay","correlationId":"console-replay:mgnsjzhicq9fbpxa","latencyMs":95.97427099943161,"timelineOffsetMs":7.262559995055199,"leadMs":8,"scheduleSkewMs":89.52208399772644,"schedulingMode":"timeline","audioStartHeadroomMs":-22.442069999873638,"audioStartGuard":"headroom","audioStartCompensationMs":22.442069999873638}
10-12 10:20:11.590 21246 21685 D OutputsAudio: [outputs-audio] stop gain=1.000 release=6.00
10-12 10:20:11.591 21246 21685 D OutputsAudio: [outputs-audio] playMorse.gap sequence=11 nextOffset=3840.000 gapTarget=46586776.110
10-12 10:20:11.591 21246 21685 D OutputsAudio: [outputs-audio] playMorse.dispatch sequence=12 symbol=- offset=3840.000 lead=90.000 dispatchAt=46586686.110
10-12 10:20:11.621 21246 21685 D OutputsAudio: [outputs-audio] start hz=650.0 gain=1.000 attack=2.50 release=6.00
10-12 10:20:11.621 21246 21685 D OutputsAudio: [outputs-audio] playMorse.symbol.start sequence=12 symbol=- expected=46586776.110 actual=46586778.496 skew=2.386 batchElapsed=3842.386
10-12 10:20:11.738 21246 21320 D OutputsAudio: [outputs-audio] symbol.info sequence=12 symbol=- timestamp=46586778.496 duration=360.000 expected=46586776.110 skew=2.386 age=26.142
10-12 10:20:11.739 21246 21320 I ReactNativeJS: [outputs] playMorse.symbol {"timestamp":46586804.867487,"wallClock":1760278811738,"symbol":"-","durationMs":360,"index":11,"source":"console.replay","correlationId":"console-replay:tsail8vg","nativeTimestampMs":46586778.496,"nativeDurationMs":360,"nativeOffsetMs":26.281487002968788,"nativeSequence":12,"monotonicTimestampMs":46586778.496,"nativeExpectedTimestampMs":46586776.11,"nativeStartSkewMs":2.386,"nativeBatchElapsedMs":3842.386,"nativeExpectedSincePriorMs":480,"nativeSincePriorMs":481.653,"nativePatternStartMs":46582936.11,"nativeAgeMs":26.142}
10-12 10:20:11.739 21246 21320 I ReactNativeJS: [outputs] playMorse.symbol {"timestamp":46586805.804987,"wallClock":1760278811739,"symbol":"-","durationMs":360,"index":11,"source":"console.replay","correlationId":"console-replay:mgnsjzvfqzwzvk7w","nativeTimestampMs":46586778.496,"nativeDurationMs":360,"nativeOffsetMs":26.281487002968788,"nativeSequence":12,"monotonicTimestampMs":46586778.496,"nativeExpectedTimestampMs":46586776.11,"nativeStartSkewMs":2.386,"nativeBatchElapsedMs":3842.386,"nativeExpectedSincePriorMs":480,"nativeSincePriorMs":481.653,"nativePatternStartMs":46582936.11,"nativeAgeMs":26.142}
10-12 10:20:11.740 21246 21320 I ReactNativeJS: [outputs] outputs.hapticSymbol {"timestamp":46586806.486341,"wallClock":1760278811739,"enabled":true,"symbol":"-","durationMs":360,"platform":"android","source":"console.replay","correlationId":"console-replay:mgnsjzvfqzwzvk7w","timelineOffsetMs":null}
10-12 10:20:11.741 21246 21320 I ReactNativeJS: [outputs] outputs.flashPulse {"timestamp":46586807.441237,"wallClock":1760278811740,"enabled":true,"durationMs":360,"source":"console.replay","correlationId":"console-replay:mgnsjzvfqzwzvk7w","timelineOffsetMs":26.281487002968788,"schedulingMode":"timeline","audioStartHeadroomMs":-39.31248699873686,"audioStartGuard":"headroom","audioStartCompensationMs":39.31248699873686}
10-12 10:20:11.826 21246 21320 I ReactNativeJS: [outputs] outputs.flashPulse.commit {"timestamp":46586892.390664,"wallClock":1760278811825,"durationMs":360,"source":"console.replay","correlationId":"console-replay:mgnsjzvfqzwzvk7w","latencyMs":87.60447899997234,"timelineOffsetMs":26.281487002968788,"leadMs":8,"scheduleSkewMs":84.95609400421381,"schedulingMode":"timeline","audioStartHeadroomMs":-39.31248699873686,"audioStartGuard":"headroom","audioStartCompensationMs":39.31248699873686}
10-12 10:20:12.072 21246 21685 D OutputsAudio: [outputs-audio] stop gain=1.000 release=6.00
10-12 10:20:12.073 21246 21685 D OutputsAudio: [outputs-audio] playMorse.gap sequence=12 nextOffset=4320.000 gapTarget=46587256.110
10-12 10:20:12.073 21246 21685 D OutputsAudio: [outputs-audio] playMorse.dispatch sequence=13 symbol=. offset=4320.000 lead=90.000 dispatchAt=46587166.110
10-12 10:20:12.100 21246 21685 D OutputsAudio: [outputs-audio] start hz=650.0 gain=1.000 attack=2.50 release=6.00
10-12 10:20:12.100 21246 21685 D OutputsAudio: [outputs-audio] playMorse.symbol.start sequence=13 symbol=. expected=46587256.110 actual=46587257.104 skew=0.993 batchElapsed=4320.993
10-12 10:20:12.229 21246 21320 D OutputsAudio: [outputs-audio] symbol.info sequence=13 symbol=. timestamp=46587257.104 duration=120.000 expected=46587256.110 skew=0.993 age=38.477
10-12 10:20:12.230 21246 21320 I ReactNativeJS: [outputs] playMorse.symbol {"timestamp":46587295.826914,"wallClock":1760278812229,"symbol":".","durationMs":120,"index":12,"source":"console.replay","correlationId":"console-replay:vz0okbzv","nativeTimestampMs":46587257.104,"nativeDurationMs":120,"nativeOffsetMs":38.63088199496269,"nativeSequence":13,"monotonicTimestampMs":46587257.104,"nativeExpectedTimestampMs":46587256.11,"nativeStartSkewMs":0.993,"nativeBatchElapsedMs":4320.993,"nativeExpectedSincePriorMs":480,"nativeSincePriorMs":478.607,"nativePatternStartMs":46582936.11,"nativeAgeMs":38.477}
10-12 10:20:12.231 21246 21320 I ReactNativeJS: [outputs] playMorse.symbol {"timestamp":46587297.022955,"wallClock":1760278812230,"symbol":".","durationMs":120,"index":12,"source":"console.replay","correlationId":"console-replay:mgnsk092lp4kokwn","nativeTimestampMs":46587257.104,"nativeDurationMs":120,"nativeOffsetMs":38.63088199496269,"nativeSequence":13,"monotonicTimestampMs":46587257.104,"nativeExpectedTimestampMs":46587256.11,"nativeStartSkewMs":0.993,"nativeBatchElapsedMs":4320.993,"nativeExpectedSincePriorMs":480,"nativeSincePriorMs":478.607,"nativePatternStartMs":46582936.11,"nativeAgeMs":38.477}
10-12 10:20:12.231 21246 21320 I ReactNativeJS: [outputs] outputs.hapticSymbol {"timestamp":46587297.811497,"wallClock":1760278812231,"enabled":true,"symbol":".","durationMs":120,"platform":"android","source":"console.replay","correlationId":"console-replay:mgnsk092lp4kokwn","timelineOffsetMs":null}
10-12 10:20:12.232 21246 21320 I ReactNativeJS: [outputs] outputs.flashPulse {"timestamp":46587298.85582,"wallClock":1760278812232,"enabled":true,"durationMs":120,"source":"console.replay","correlationId":"console-replay:mgnsk092lp4kokwn","timelineOffsetMs":38.63088199496269,"schedulingMode":"timeline","audioStartHeadroomMs":-50.72274699807167,"audioStartGuard":"headroom","audioStartCompensationMs":50.72274699807167}
10-12 10:20:12.311 21246 21685 D OutputsAudio: [outputs-audio] stop gain=1.000 release=6.00
10-12 10:20:12.311 21246 21685 D OutputsAudio: [outputs-audio] playMorse.gap sequence=13 nextOffset=4560.000 gapTarget=46587496.110
10-12 10:20:12.312 21246 21685 D OutputsAudio: [outputs-audio] playMorse.dispatch sequence=14 symbol=. offset=4560.000 lead=90.000 dispatchAt=46587406.110
10-12 10:20:12.320 21246 21320 I ReactNativeJS: [outputs] outputs.flashPulse.commit {"timestamp":46587386.900924,"wallClock":1760278812320,"durationMs":120,"source":"console.replay","correlationId":"console-replay:mgnsk092lp4kokwn","latencyMs":91.15791700035334,"timelineOffsetMs":38.63088199496269,"leadMs":8,"scheduleSkewMs":88.0567189976573,"schedulingMode":"timeline","audioStartHeadroomMs":-50.72274699807167,"audioStartGuard":"headroom","audioStartCompensationMs":50.72274699807167}
10-12 10:20:12.340 21246 21685 D OutputsAudio: [outputs-audio] start hz=650.0 gain=1.000 attack=2.50 release=6.00
10-12 10:20:12.340 21246 21685 D OutputsAudio: [outputs-audio] playMorse.symbol.start sequence=14 symbol=. expected=46587496.110 actual=46587497.075 skew=0.964 batchElapsed=4560.964
10-12 10:20:12.444 21246 21320 D OutputsAudio: [outputs-audio] symbol.info sequence=14 symbol=. timestamp=46587497.075 duration=120.000 expected=46587496.110 skew=0.964 age=13.996
10-12 10:20:12.445 21246 21320 I ReactNativeJS: [outputs] playMorse.symbol {"timestamp":46587511.241341,"wallClock":1760278812444,"symbol":".","durationMs":120,"index":13,"source":"console.replay","correlationId":"console-replay:8xeex0l5","nativeTimestampMs":46587497.075,"nativeDurationMs":120,"nativeOffsetMs":14.095091000199318,"nativeSequence":14,"monotonicTimestampMs":46587497.075,"nativeExpectedTimestampMs":46587496.11,"nativeStartSkewMs":0.964,"nativeBatchElapsedMs":4560.964,"nativeExpectedSincePriorMs":240,"nativeSincePriorMs":239.971,"nativePatternStartMs":46582936.11,"nativeAgeMs":13.996}
10-12 10:20:12.445 21246 21320 I ReactNativeJS: [outputs] playMorse.symbol {"timestamp":46587511.985195,"wallClock":1760278812445,"symbol":".","durationMs":120,"index":13,"source":"console.replay","correlationId":"console-replay:mgnsk0f1zogyeb64","nativeTimestampMs":46587497.075,"nativeDurationMs":120,"nativeOffsetMs":14.095091000199318,"nativeSequence":14,"monotonicTimestampMs":46587497.075,"nativeExpectedTimestampMs":46587496.11,"nativeStartSkewMs":0.964,"nativeBatchElapsedMs":4560.964,"nativeExpectedSincePriorMs":240,"nativeSincePriorMs":239.971,"nativePatternStartMs":46582936.11,"nativeAgeMs":13.996}
10-12 10:20:12.446 21246 21320 I ReactNativeJS: [outputs] outputs.hapticSymbol {"timestamp":46587512.594257,"wallClock":1760278812445,"enabled":true,"symbol":".","durationMs":120,"platform":"android","source":"console.replay","correlationId":"console-replay:mgnsk0f1zogyeb64","timelineOffsetMs":null}
10-12 10:20:12.447 21246 21320 I ReactNativeJS: [outputs] outputs.flashPulse {"timestamp":46587513.743945,"wallClock":1760278812447,"enabled":true,"durationMs":120,"source":"console.replay","correlationId":"console-replay:mgnsk0f1zogyeb64","timelineOffsetMs":14.095091000199318,"schedulingMode":"timeline","audioStartHeadroomMs":-25.62389300018549,"audioStartGuard":"headroom","audioStartCompensationMs":25.62389300018549}
10-12 10:20:12.516 21246 21320 I ReactNativeJS: [outputs] outputs.flashPulse.commit {"timestamp":46587582.473216,"wallClock":1760278812515,"durationMs":120,"source":"console.replay","correlationId":"console-replay:mgnsk0f1zogyeb64","latencyMs":71.29374999552965,"timelineOffsetMs":14.095091000199318,"leadMs":8,"scheduleSkewMs":68.72812499850988,"schedulingMode":"timeline","audioStartHeadroomMs":-25.62389300018549,"audioStartGuard":"headroom","audioStartCompensationMs":25.62389300018549}
10-12 10:20:12.550 21246 21685 D OutputsAudio: [outputs-audio] stop gain=1.000 release=6.00
10-12 10:20:12.550 21246 21685 D OutputsAudio: [outputs-audio] playMorse.gap sequence=14 nextOffset=4800.000 gapTarget=46587736.110
10-12 10:20:12.550 21246 21685 D OutputsAudio: [outputs-audio] playMorse.dispatch sequence=15 symbol=. offset=4800.000 lead=90.000 dispatchAt=46587646.110
10-12 10:20:12.581 21246 21685 D OutputsAudio: [outputs-audio] start hz=650.0 gain=1.000 attack=2.50 release=6.00
10-12 10:20:12.581 21246 21685 D OutputsAudio: [outputs-audio] playMorse.symbol.start sequence=15 symbol=. expected=46587736.110 actual=46587737.822 skew=1.711 batchElapsed=4801.711
10-12 10:20:12.686 21246 21320 D OutputsAudio: [outputs-audio] symbol.info sequence=15 symbol=. timestamp=46587737.822 duration=120.000 expected=46587736.110 skew=1.711 age=15.317
10-12 10:20:12.688 21246 21320 I ReactNativeJS: [outputs] playMorse.symbol {"timestamp":46587753.407539,"wallClock":1760278812686,"symbol":".","durationMs":120,"index":14,"source":"console.replay","correlationId":"console-replay:h8mb5urv","nativeTimestampMs":46587737.822,"nativeDurationMs":120,"nativeOffsetMs":15.486424006521702,"nativeSequence":15,"monotonicTimestampMs":46587737.822,"nativeExpectedTimestampMs":46587736.11,"nativeStartSkewMs":1.711,"nativeBatchElapsedMs":4801.711,"nativeExpectedSincePriorMs":240,"nativeSincePriorMs":240.747,"nativePatternStartMs":46582936.11,"nativeAgeMs":15.317}
10-12 10:20:12.690 21246 21320 I ReactNativeJS: [outputs] playMorse.symbol {"timestamp":46587755.350299,"wallClock":1760278812688,"symbol":".","durationMs":120,"index":14,"source":"console.replay","correlationId":"console-replay:mgnsk0ls26aamfcp","nativeTimestampMs":46587737.822,"nativeDurationMs":120,"nativeOffsetMs":15.486424006521702,"nativeSequence":15,"monotonicTimestampMs":46587737.822,"nativeExpectedTimestampMs":46587736.11,"nativeStartSkewMs":1.711,"nativeBatchElapsedMs":4801.711,"nativeExpectedSincePriorMs":240,"nativeSincePriorMs":240.747,"nativePatternStartMs":46582936.11,"nativeAgeMs":15.317}
10-12 10:20:12.691 21246 21320 I ReactNativeJS: [outputs] outputs.hapticSymbol {"timestamp":46587756.770872,"wallClock":1760278812690,"enabled":true,"symbol":".","durationMs":120,"platform":"android","source":"console.replay","correlationId":"console-replay:mgnsk0ls26aamfcp","timelineOffsetMs":null}
10-12 10:20:12.694 21246 21320 I ReactNativeJS: [outputs] outputs.flashPulse {"timestamp":46587759.18832,"wallClock":1760278812692,"enabled":true,"durationMs":120,"source":"console.replay","correlationId":"console-replay:mgnsk0ls26aamfcp","timelineOffsetMs":15.486424006521702,"schedulingMode":"timeline","audioStartHeadroomMs":-31.02233000099659,"audioStartGuard":"headroom","audioStartCompensationMs":31.02233000099659}
10-12 10:20:12.790 21246 21320 I ReactNativeJS: [outputs] outputs.flashPulse.commit {"timestamp":46587856.363476,"wallClock":1760278812789,"durationMs":120,"source":"console.replay","correlationId":"console-replay:mgnsk0ls26aamfcp","latencyMs":103.046875,"timelineOffsetMs":15.486424006521702,"leadMs":8,"scheduleSkewMs":97.21338500082493,"schedulingMode":"timeline","audioStartHeadroomMs":-31.02233000099659,"audioStartGuard":"headroom","audioStartCompensationMs":31.02233000099659}
10-12 10:20:12.791 21246 21685 D OutputsAudio: [outputs-audio] stop gain=1.000 release=6.00
10-12 10:20:12.791 21246 21685 D OutputsAudio: [outputs-audio] playMorse.gap sequence=15 nextOffset=5040.000 gapTarget=46587976.110
10-12 10:20:12.791 21246 21685 D OutputsAudio: [outputs-audio] playMorse.dispatch sequence=16 symbol=- offset=5040.000 lead=90.000 dispatchAt=46587886.110
10-12 10:20:12.819 21246 21685 D OutputsAudio: [outputs-audio] start hz=650.0 gain=1.000 attack=2.50 release=6.00
