10-11 14:15:33.828 11634 11711 I ReactNativeJS: [outputs] outputs.flashPulse {"timestamp":7557349.806073,"wallClock":1760206533828,"enabled":true,"durationMs":34,"source":"console.replay","correlationId":"console-replay:mgmlitvnij8p15we","timelineOffsetMs":51.5772399995476}
10-11 14:15:33.845 11634 17520 D OutputsAudio: [outputs-audio] start hz=700.0 gain=1.000 attack=2.50 release=6.00
10-11 14:15:33.880 11634 17520 D OutputsAudio: [outputs-audio] stop gain=1.000 release=6.00
10-11 14:15:33.900 11634 11711 I ReactNativeJS: [outputs] outputs.flashPulse.commit {"timestamp":7557421.470344,"wallClock":1760206533900,"durationMs":34,"source":"console.replay","correlationId":"console-replay:mgmlitvnij8p15we","latencyMs":72.82526000030339,"timelineOffsetMs":51.5772399995476}
10-11 14:15:33.915 11634 17520 D OutputsAudio: [outputs-audio] start hz=700.0 gain=1.000 attack=2.50 release=6.00
10-11 14:15:33.982 11634 11711 D OutputsAudio: [outputs-audio] symbol.info sequence=22 symbol=- timestamp=7557436.325 duration=102.000
10-11 14:15:33.983 11634 11711 W ReactNativeJS: '[outputs-audio] native sequence jump', { previous: 20, next: 22, delta: 2 }
10-11 14:15:33.983 11634 11711 I ReactNativeJS: [outputs] playMorse.symbol {"timestamp":7557504.267427,"wallClock":1760206533983,"symbol":".","durationMs":34,"index":13,"source":"console.replay","correlationId":"console-replay:mgmlitzz6nz1gsxr","nativeTimestampMs":7557436.325,"nativeDurationMs":102,"nativeOffsetMs":67.90430200006813,"nativeSequence":22,"monotonicTimestampMs":7557436.325}
10-11 14:15:33.983 11634 11711 I ReactNativeJS: [outputs] outputs.hapticSymbol {"timestamp":7557504.672688,"wallClock":1760206533983,"enabled":true,"symbol":".","durationMs":34,"platform":"android","source":"console.replay","correlationId":"console-replay:mgmlitzz6nz1gsxr","timelineOffsetMs":67.90430200006813}
10-11 14:15:33.984 11634 11711 I ReactNativeJS: [outputs] outputs.flashPulse {"timestamp":7557505.399094,"wallClock":1760206533984,"enabled":true,"durationMs":34,"source":"console.replay","correlationId":"console-replay:mgmlitzz6nz1gsxr","timelineOffsetMs":67.90430200006813}
10-11 14:15:34.017 11634 17520 D OutputsAudio: [outputs-audio] stop gain=1.000 release=6.00
10-11 14:15:34.052 11634 17520 D OutputsAudio: [outputs-audio] start hz=700.0 gain=1.000 attack=2.50 release=6.00
10-11 14:15:34.075 11634 11711 I ReactNativeJS: [outputs] outputs.flashPulse.commit {"timestamp":7557595.939302,"wallClock":1760206534074,"durationMs":34,"source":"console.replay","correlationId":"console-replay:mgmlitzz6nz1gsxr","latencyMs":91.70557300001383,"timelineOffsetMs":67.90430200006813}
10-11 14:15:34.155 11634 17520 D OutputsAudio: [outputs-audio] stop gain=1.000 release=6.00
10-11 14:15:34.156 11634 11711 D OutputsAudio: [outputs-audio] symbol.info sequence=23 symbol=- timestamp=7557573.751 duration=102.000
10-11 14:15:34.157 11634 11711 I ReactNativeJS: [outputs] playMorse.symbol {"timestamp":7557678.044406,"wallClock":1760206534156,"symbol":".","durationMs":34,"index":14,"source":"console.replay","correlationId":"console-replay:mgmliu4s2uqaju0l","nativeTimestampMs":7557573.751,"nativeDurationMs":102,"nativeOffsetMs":104.24267699941993,"nativeSequence":23,"monotonicTimestampMs":7557573.751}
10-11 14:15:34.157 11634 11711 I ReactNativeJS: [outputs] playMorse.nativeOffset.spike {"timestamp":7557678.512167,"wallClock":1760206534157,"source":"console.replay","offsetMs":104.24267699941993,"sequence":23,"unitMs":34,"correlationId":"console-replay:mgmliu4s2uqaju0l"}
10-11 14:15:34.157 11634 11711 I ReactNativeJS: [outputs] outputs.hapticSymbol {"timestamp":7557678.824719,"wallClock":1760206534157,"enabled":true,"symbol":".","durationMs":34,"platform":"android","source":"console.replay","correlationId":"console-replay:mgmliu4s2uqaju0l","timelineOffsetMs":104.24267699941993}
10-11 14:15:34.158 11634 11711 I ReactNativeJS: [outputs] outputs.flashPulse {"timestamp":7557679.563469,"wallClock":1760206534158,"enabled":true,"durationMs":34,"source":"console.replay","correlationId":"console-replay:mgmliu4s2uqaju0l","timelineOffsetMs":104.24267699941993}
10-11 14:15:34.190 11634 17520 D OutputsAudio: [outputs-audio] start hz=700.0 gain=1.000 attack=2.50 release=6.00
10-11 14:15:34.249 11634 11711 I ReactNativeJS: [outputs] outputs.flashPulse.commit {"timestamp":7557770.701386,"wallClock":1760206534249,"durationMs":34,"source":"console.replay","correlationId":"console-replay:mgmliu4s2uqaju0l","latencyMs":92.70333399996161,"timelineOffsetMs":104.24267699941993}
10-11 14:15:34.292 11634 17520 D OutputsAudio: [outputs-audio] stop gain=1.000 release=6.00
10-11 14:15:34.315 11634 11711 D OutputsAudio: [outputs-audio] symbol.info sequence=24 symbol=- timestamp=7557711.812 duration=102.000
10-11 14:15:34.315 11634 11711 I ReactNativeJS: [outputs] playMorse.symbol {"timestamp":7557836.642375,"wallClock":1760206534315,"symbol":"-","durationMs":102,"index":15,"source":"console.replay","correlationId":"console-replay:mgmliu979ed9o72w","nativeTimestampMs":7557711.812,"nativeDurationMs":102,"nativeOffsetMs":124.77980200015008,"nativeSequence":24,"monotonicTimestampMs":7557711.812}
10-11 14:15:34.316 11634 11711 I ReactNativeJS: [outputs] playMorse.nativeOffset.spike {"timestamp":7557837.085969,"wallClock":1760206534315,"source":"console.replay","offsetMs":124.77980200015008,"sequence":24,"unitMs":34,"correlationId":"console-replay:mgmliu979ed9o72w"}
10-11 14:15:34.316 11634 11711 I ReactNativeJS: [outputs] outputs.hapticSymbol {"timestamp":7557837.388104,"wallClock":1760206534316,"enabled":true,"symbol":"-","durationMs":102,"platform":"android","source":"console.replay","correlationId":"console-replay:mgmliu979ed9o72w","timelineOffsetMs":124.77980200015008}
10-11 14:15:34.317 11634 11711 I ReactNativeJS: [outputs] outputs.flashPulse {"timestamp":7557838.12925,"wallClock":1760206534316,"enabled":true,"durationMs":102,"source":"console.replay","correlationId":"console-replay:mgmliu979ed9o72w","timelineOffsetMs":124.77980200015008}
10-11 14:15:34.326 11634 17520 D OutputsAudio: [outputs-audio] start hz=700.0 gain=1.000 attack=2.50 release=6.00
10-11 14:15:34.361 11634 17520 D OutputsAudio: [outputs-audio] stop gain=1.000 release=6.00
10-11 14:15:34.396 11634 17520 D OutputsAudio: [outputs-audio] start hz=700.0 gain=1.000 attack=2.50 release=6.00
10-11 14:15:34.409 11634 11711 I ReactNativeJS: [outputs] outputs.flashPulse.commit {"timestamp":7557930.237896,"wallClock":1760206534409,"durationMs":102,"source":"console.replay","correlationId":"console-replay:mgmliu979ed9o72w","latencyMs":93.64187499973923,"timelineOffsetMs":124.77980200015008}
10-11 14:15:34.431 11634 17520 D OutputsAudio: [outputs-audio] stop gain=1.000 release=6.00
10-11 14:15:34.466 11634 17520 D OutputsAudio: [outputs-audio] start hz=700.0 gain=1.000 attack=2.50 release=6.00
10-11 14:15:34.491 11634 11711 D OutputsAudio: [outputs-audio] symbol.info sequence=27 symbol=. timestamp=7557987.701 duration=34.000
10-11 14:15:34.491 11634 11711 W ReactNativeJS: '[outputs-audio] native sequence jump', { previous: 24, next: 27, delta: 3 }
10-11 14:15:34.492 11634 11711 I ReactNativeJS: [outputs] playMorse.symbol {"timestamp":7558012.987688,"wallClock":1760206534491,"symbol":"-","durationMs":102,"index":16,"source":"console.replay","correlationId":"console-replay:mgmliue36hu64obn","nativeTimestampMs":7557987.701,"nativeDurationMs":34,"nativeOffsetMs":25.249187999404967,"nativeSequence":27,"monotonicTimestampMs":7557987.701}
10-11 14:15:34.492 11634 11711 I ReactNativeJS: [outputs] outputs.hapticSymbol {"timestamp":7558013.38399,"wallClock":1760206534492,"enabled":true,"symbol":"-","durationMs":102,"platform":"android","source":"console.replay","correlationId":"console-replay:mgmliue36hu64obn","timelineOffsetMs":25.249187999404967}
10-11 14:15:34.493 11634 11711 I ReactNativeJS: [outputs] outputs.flashPulse {"timestamp":7558014.131802,"wallClock":1760206534493,"enabled":true,"durationMs":102,"source":"console.replay","correlationId":"console-replay:mgmliue36hu64obn","timelineOffsetMs":25.249187999404967}
10-11 14:15:34.501 11634 17520 D OutputsAudio: [outputs-audio] stop gain=1.000 release=6.00
10-11 14:15:34.536 11634 17520 D OutputsAudio: [outputs-audio] stop gain=0.000 release=6.00
10-11 14:15:34.536 11634 17520 D OutputsAudio: [outputs-audio] playMorse.end cancelled=0
10-11 14:15:34.585 11634 11711 I ReactNativeJS: [outputs] outputs.flashPulse.commit {"timestamp":7558105.92274,"wallClock":1760206534584,"durationMs":102,"source":"console.replay","correlationId":"console-replay:mgmliue36hu64obn","latencyMs":92.96750000026077,"timelineOffsetMs":25.249187999404967}
10-11 14:15:34.835 11634 11711 I ReactNativeJS: [outputs] playMorse.symbol {"timestamp":7558354.69076,"wallClock":1760206534833,"symbol":"-","durationMs":102,"index":17,"source":"console.replay","correlationId":"console-replay:mgmliunltfkjc9pu","nativeTimestampMs":null,"nativeDurationMs":null,"nativeOffsetMs":null,"nativeSequence":null,"monotonicTimestampMs":null}
10-11 14:15:34.836 11634 11711 I ReactNativeJS: [outputs] outputs.hapticSymbol {"timestamp":7558356.745396,"wallClock":1760206534835,"enabled":true,"symbol":"-","durationMs":102,"platform":"android","source":"console.replay","correlationId":"console-replay:mgmliunltfkjc9pu","timelineOffsetMs":null}
10-11 14:15:34.837 11634 11711 I ReactNativeJS: [outputs] outputs.flashPulse {"timestamp":7558358.114146,"wallClock":1760206534836,"enabled":true,"durationMs":102,"source":"console.replay","correlationId":"console-replay:mgmliunltfkjc9pu","timelineOffsetMs":null}
10-11 14:15:34.930 11634 11711 I ReactNativeJS: [outputs] outputs.flashPulse.commit {"timestamp":7558450.752844,"wallClock":1760206534929,"durationMs":102,"source":"console.replay","correlationId":"console-replay:mgmliunltfkjc9pu","latencyMs":96.0693229995668,"timelineOffsetMs":null}
10-11 14:15:35.253 11634 11711 I ReactNativeJS: [outputs] playMorse.symbol {"timestamp":7558773.17076,"wallClock":1760206535252,"symbol":".","durationMs":34,"index":18,"source":"console.replay","correlationId":"console-replay:mgmliuz8eie6apd6","nativeTimestampMs":null,"nativeDurationMs":null,"nativeOffsetMs":null,"nativeSequence":null,"monotonicTimestampMs":null}
10-11 14:15:35.254 11634 11711 I ReactNativeJS: [outputs] outputs.hapticSymbol {"timestamp":7558774.325291,"wallClock":1760206535253,"enabled":true,"symbol":".","durationMs":34,"platform":"android","source":"console.replay","correlationId":"console-replay:mgmliuz8eie6apd6","timelineOffsetMs":null}
10-11 14:15:35.259 11634 11711 I ReactNativeJS: [outputs] outputs.flashPulse {"timestamp":7558778.753156,"wallClock":1760206535257,"enabled":true,"durationMs":34,"source":"console.replay","correlationId":"console-replay:mgmliuz8eie6apd6","timelineOffsetMs":null}
10-11 14:15:35.333 11634 11711 I ReactNativeJS: [outputs] outputs.flashPulse.commit {"timestamp":7558854.6905,"wallClock":1760206535333,"durationMs":34,"source":"console.replay","correlationId":"console-replay:mgmliuz8eie6apd6","latencyMs":81.53015699982643,"timelineOffsetMs":null}
10-11 14:15:35.670 11634 11711 I ReactNativeJS: [outputs] playMorse.symbol {"timestamp":7559190.68826,"wallClock":1760206535669,"symbol":".","durationMs":34,"index":19,"source":"console.replay","correlationId":"console-replay:mgmlivatzzap0w25","nativeTimestampMs":null,"nativeDurationMs":null,"nativeOffsetMs":null,"nativeSequence":null,"monotonicTimestampMs":null}
10-11 14:15:35.671 11634 11711 I ReactNativeJS: [outputs] outputs.hapticSymbol {"timestamp":7559191.744041,"wallClock":1760206535670,"enabled":true,"symbol":".","durationMs":34,"platform":"android","source":"console.replay","correlationId":"console-replay:mgmlivatzzap0w25","timelineOffsetMs":null}
10-11 14:15:35.673 11634 11711 I ReactNativeJS: [outputs] outputs.flashPulse {"timestamp":7559193.901437,"wallClock":1760206535672,"enabled":true,"durationMs":34,"source":"console.replay","correlationId":"console-replay:mgmlivatzzap0w25","timelineOffsetMs":null}
10-11 14:15:35.765 11634 11711 I ReactNativeJS: [outputs] outputs.flashPulse.commit {"timestamp":7559286.557427,"wallClock":1760206535765,"durationMs":34,"source":"console.replay","correlationId":"console-replay:mgmlivatzzap0w25","latencyMs":95.87624999973923,"timelineOffsetMs":null}
10-11 14:15:36.037 11634 11711 I ReactNativeJS: [outputs] playMorse.symbol {"timestamp":7559557.932843,"wallClock":1760206536036,"symbol":".","durationMs":34,"index":20,"source":"console.replay","correlationId":"console-replay:mgmlivl0yj8d9r9w","nativeTimestampMs":null,"nativeDurationMs":null,"nativeOffsetMs":null,"nativeSequence":null,"monotonicTimestampMs":null}
10-11 14:15:36.040 11634 11711 I ReactNativeJS: [outputs] outputs.hapticSymbol {"timestamp":7559559.094822,"wallClock":1760206536037,"enabled":true,"symbol":".","durationMs":34,"platform":"android","source":"console.replay","correlationId":"console-replay:mgmlivl0yj8d9r9w","timelineOffsetMs":null}
10-11 14:15:36.044 11634 11711 I ReactNativeJS: [outputs] outputs.flashPulse {"timestamp":7559564.241802,"wallClock":1760206536043,"enabled":true,"durationMs":34,"source":"console.replay","correlationId":"console-replay:mgmlivl0yj8d9r9w","timelineOffsetMs":null}
10-11 14:15:36.153 11634 11711 I ReactNativeJS: [outputs] outputs.flashPulse.commit {"timestamp":7559674.503624,"wallClock":1760206536153,"durationMs":34,"source":"console.replay","correlationId":"console-replay:mgmlivl0yj8d9r9w","latencyMs":116.58140600007027,"timelineOffsetMs":null}
10-11 14:15:36.429 11634 11711 I ReactNativeJS: [outputs] playMorse.symbol {"timestamp":7559949.290395,"wallClock":1760206536428,"symbol":"-","durationMs":102,"index":21,"source":"console.replay","correlationId":"console-replay:mgmlivvw54j78x7l","nativeTimestampMs":null,"nativeDurationMs":null,"nativeOffsetMs":null,"nativeSequence":null,"monotonicTimestampMs":null}
10-11 14:15:36.430 11634 11711 I ReactNativeJS: [outputs] outputs.hapticSymbol {"timestamp":7559951.210812,"wallClock":1760206536430,"enabled":true,"symbol":"-","durationMs":102,"platform":"android","source":"console.replay","correlationId":"console-replay:mgmlivvw54j78x7l","timelineOffsetMs":null}
10-11 14:15:36.434 11634 11711 I ReactNativeJS: [outputs] outputs.flashPulse {"timestamp":7559954.891854,"wallClock":1760206536433,"enabled":true,"durationMs":102,"source":"console.replay","correlationId":"console-replay:mgmlivvw54j78x7l","timelineOffsetMs":null}
10-11 14:15:36.512 11634 11711 I ReactNativeJS: [outputs] outputs.flashPulse.commit {"timestamp":7560033.18977,"wallClock":1760206536512,"durationMs":102,"source":"console.replay","correlationId":"console-replay:mgmlivvw54j78x7l","latencyMs":83.90989600028843,"timelineOffsetMs":null}
10-11 14:15:36.780 11634 11711 I ReactNativeJS: [outputs] playMorse.symbol {"timestamp":7560300.468051,"wallClock":1760206536779,"symbol":"-","durationMs":102,"index":22,"source":"console.replay","correlationId":"console-replay:mgmliw5nrl5657fh","nativeTimestampMs":null,"nativeDurationMs":null,"nativeOffsetMs":null,"nativeSequence":null,"monotonicTimestampMs":null}
10-11 14:15:36.782 11634 11711 I ReactNativeJS: [outputs] outputs.hapticSymbol {"timestamp":7560302.166072,"wallClock":1760206536781,"enabled":true,"symbol":"-","durationMs":102,"platform":"android","source":"console.replay","correlationId":"console-replay:mgmliw5nrl5657fh","timelineOffsetMs":null}
10-11 14:15:36.784 11634 11711 I ReactNativeJS: [outputs] outputs.flashPulse {"timestamp":7560304.910135,"wallClock":1760206536783,"enabled":true,"durationMs":102,"source":"console.replay","correlationId":"console-replay:mgmliw5nrl5657fh","timelineOffsetMs":null}
10-11 14:15:36.891 11634 11711 I ReactNativeJS: [outputs] outputs.flashPulse.commit {"timestamp":7560411.835343,"wallClock":1760206536890,"durationMs":102,"source":"console.replay","correlationId":"console-replay:mgmliw5nrl5657fh","latencyMs":111.37567700073123,"timelineOffsetMs":null}
10-11 14:15:37.241 11634 11711 I ReactNativeJS: [outputs] playMorse.symbol {"timestamp":7560760.852478,"wallClock":1760206537239,"symbol":"-","durationMs":102,"index":23,"source":"console.replay","correlationId":"console-replay:mgmliwifblwuuy6p","nativeTimestampMs":null,"nativeDurationMs":null,"nativeOffsetMs":null,"nativeSequence":null,"monotonicTimestampMs":null}
10-11 14:15:37.241 11634 11711 I ReactNativeJS: [outputs] outputs.hapticSymbol {"timestamp":7560762.387843,"wallClock":1760206537241,"enabled":true,"symbol":"-","durationMs":102,"platform":"android","source":"console.replay","correlationId":"console-replay:mgmliwifblwuuy6p","timelineOffsetMs":null}
10-11 14:15:37.247 11634 11711 I ReactNativeJS: [outputs] outputs.flashPulse {"timestamp":7560767.441645,"wallClock":1760206537246,"enabled":true,"durationMs":102,"source":"console.replay","correlationId":"console-replay:mgmliwifblwuuy6p","timelineOffsetMs":null}
10-11 14:15:37.336 11634 11711 I ReactNativeJS: [outputs] outputs.flashPulse.commit {"timestamp":7560856.899614,"wallClock":1760206537335,"durationMs":102,"source":"console.replay","correlationId":"console-replay:mgmliwifblwuuy6p","latencyMs":96.05723900068551,"timelineOffsetMs":null}
10-11 14:15:37.632 11634 11711 I ReactNativeJS: [outputs] playMorse.symbol {"timestamp":7561152.637322,"wallClock":1760206537631,"symbol":".","durationMs":34,"index":24,"source":"console.replay","correlationId":"console-replay:mgmliwtb1cql9ysv","nativeTimestampMs":null,"nativeDurationMs":null,"nativeOffsetMs":null,"nativeSequence":null,"monotonicTimestampMs":null}
10-11 14:15:37.634 11634 11711 I ReactNativeJS: [outputs] outputs.hapticSymbol {"timestamp":7561153.748936,"wallClock":1760206537632,"enabled":true,"symbol":".","durationMs":34,"platform":"android","source":"console.replay","correlationId":"console-replay:mgmliwtb1cql9ysv","timelineOffsetMs":null}
10-11 14:15:37.639 11634 11711 I ReactNativeJS: [outputs] outputs.flashPulse {"timestamp":7561159.921749,"wallClock":1760206537638,"enabled":true,"durationMs":34,"source":"console.replay","correlationId":"console-replay:mgmliwtb1cql9ysv","timelineOffsetMs":null}
10-11 14:15:37.734 11634 11711 I ReactNativeJS: [outputs] outputs.flashPulse.commit {"timestamp":7561255.415447,"wallClock":1760206537734,"durationMs":34,"source":"console.replay","correlationId":"console-replay:mgmliwtb1cql9ysv","latencyMs":102.78557300008833,"timelineOffsetMs":null}
10-11 14:15:38.077 11634 11711 I ReactNativeJS: [outputs] playMorse.symbol {"timestamp":7561597.312009,"wallClock":1760206538076,"symbol":".","durationMs":34,"index":25,"source":"console.replay","correlationId":"console-replay:mgmlix5oeb9kg477","nativeTimestampMs":null,"nativeDurationMs":null,"nativeOffsetMs":null,"nativeSequence":null,"monotonicTimestampMs":null}
10-11 14:15:38.077 11634 11711 I ReactNativeJS: [outputs] outputs.hapticSymbol {"timestamp":7561598.225967,"wallClock":1760206538077,"enabled":true,"symbol":".","durationMs":34,"platform":"android","source":"console.replay","correlationId":"console-replay:mgmlix5oeb9kg477","timelineOffsetMs":null}
10-11 14:15:38.078 11634 11711 I ReactNativeJS: [outputs] outputs.flashPulse {"timestamp":7561599.408103,"wallClock":1760206538078,"enabled":true,"durationMs":34,"source":"console.replay","correlationId":"console-replay:mgmlix5oeb9kg477","timelineOffsetMs":null}
10-11 14:15:38.174 11634 11711 I ReactNativeJS: [outputs] outputs.flashPulse.commit {"timestamp":7561694.78852,"wallClock":1760206538173,"durationMs":34,"source":"console.replay","correlationId":"console-replay:mgmlix5oeb9kg477","latencyMs":97.48218800034374,"timelineOffsetMs":null}
10-11 14:15:38.501 11634 11711 I ReactNativeJS: [outputs] playMorse.symbol {"timestamp":7562021.088363,"wallClock":1760206538499,"symbol":".","durationMs":34,"index":26,"source":"console.replay","correlationId":"console-replay:mgmlixhfdpuvlxdg","nativeTimestampMs":null,"nativeDurationMs":null,"nativeOffsetMs":null,"nativeSequence":null,"monotonicTimestampMs":null}
10-11 14:15:38.503 11634 11711 I ReactNativeJS: [outputs] outputs.hapticSymbol {"timestamp":7562023.031801,"wallClock":1760206538501,"enabled":true,"symbol":".","durationMs":34,"platform":"android","source":"console.replay","correlationId":"console-replay:mgmlixhfdpuvlxdg","timelineOffsetMs":null}
10-11 14:15:38.507 11634 11711 I ReactNativeJS: [outputs] outputs.flashPulse {"timestamp":7562027.356176,"wallClock":1760206538506,"enabled":true,"durationMs":34,"source":"console.replay","correlationId":"console-replay:mgmlixhfdpuvlxdg","timelineOffsetMs":null}
10-11 14:15:38.604 11634 11711 I ReactNativeJS: [outputs] outputs.flashPulse.commit {"timestamp":7562124.984926,"wallClock":1760206538603,"durationMs":34,"source":"console.replay","correlationId":"console-replay:mgmlixhfdpuvlxdg","latencyMs":103.90390599984676,"timelineOffsetMs":null}
10-11 14:15:38.674 11634 11711 I ReactNativeJS: [outputs] playMorse.complete {"timestamp":7562194.711957,"wallClock":1760206538673,"durationMs":6960.082445000298,"source":"console.replay","audioEnabled":true,"audioVolumePercent":100}
10-11 14:15:41.943 11634 11711 I ReactNativeJS: [outputs] playMorse.start {"timestamp":7565464.550966,"wallClock":1760206541943,"unitMs":30,"length":28,"source":"console.replay","audioEnabled":true,"audioVolumePercent":100}
10-11 14:15:42.047 11634 11711 D OutputsAudio: [outputs-audio] warmup hz=700.0
10-11 14:15:42.047 11634 17565 D OutputsAudio: [outputs-audio] playMorse.start count=27 unit=30.0
10-11 14:15:42.047 11634 17565 D OutputsAudio: [outputs-audio] start hz=700.0 gain=1.000 attack=2.50 release=6.00
10-11 14:15:42.065 11634 11711 D OutputsAudio: [outputs-audio] symbol.info sequence=1 symbol=. timestamp=7565569.133 duration=30.000
10-11 14:15:42.066 11634 11711 I ReactNativeJS: [outputs] playMorse.symbol {"timestamp":7565586.897112,"wallClock":1760206542065,"symbol":".","durationMs":30,"index":0,"source":"console.replay","correlationId":"console-replay:mgmlj08hby84cejo","nativeTimestampMs":7565569.133,"nativeDurationMs":30,"nativeOffsetMs":17.659059999510646,"nativeSequence":1,"monotonicTimestampMs":7565569.133}
10-11 14:15:42.067 11634 11711 I ReactNativeJS: [outputs] outputs.hapticSymbol {"timestamp":7565587.97607,"wallClock":1760206542066,"enabled":true,"symbol":".","durationMs":30,"platform":"android","source":"console.replay","correlationId":"console-replay:mgmlj08hby84cejo","timelineOffsetMs":17.659059999510646}
10-11 14:15:42.069 11634 11711 I ReactNativeJS: [outputs] outputs.flashPulse {"timestamp":7565589.695966,"wallClock":1760206542068,"enabled":true,"durationMs":30,"source":"console.replay","correlationId":"console-replay:mgmlj08hby84cejo","timelineOffsetMs":17.659059999510646}
10-11 14:15:42.078 11634 17565 D OutputsAudio: [outputs-audio] stop gain=1.000 release=6.00
10-11 14:15:42.109 11634 17565 D OutputsAudio: [outputs-audio] start hz=700.0 gain=1.000 attack=2.50 release=6.00
10-11 14:15:42.140 11634 17565 D OutputsAudio: [outputs-audio] stop gain=1.000 release=6.00
10-11 14:15:42.168 11634 11711 I ReactNativeJS: [outputs] outputs.flashPulse.commit {"timestamp":7565689.450862,"wallClock":1760206542168,"durationMs":30,"source":"console.replay","correlationId":"console-replay:mgmlj08hby84cejo","latencyMs":102.65416599996388,"timelineOffsetMs":17.659059999510646}
10-11 14:15:42.171 11634 17565 D OutputsAudio: [outputs-audio] start hz=700.0 gain=1.000 attack=2.50 release=6.00
10-11 14:15:42.201 11634 17565 D OutputsAudio: [outputs-audio] stop gain=1.000 release=6.00
10-11 14:15:42.232 11634 17565 D OutputsAudio: [outputs-audio] start hz=700.0 gain=1.000 attack=2.50 release=6.00
10-11 14:15:42.239 11634 11711 D OutputsAudio: [outputs-audio] symbol.info sequence=4 symbol=- timestamp=7565753.480 duration=90.000
10-11 14:15:42.240 11634 11711 W ReactNativeJS: '[outputs-audio] native sequence jump', { previous: 1, next: 4, delta: 3 }
10-11 14:15:42.240 11634 11711 I ReactNativeJS: [outputs] playMorse.symbol {"timestamp":7565761.347112,"wallClock":1760206542240,"symbol":".","durationMs":30,"index":1,"source":"console.replay","correlationId":"console-replay:mgmlj0dce5nbj02w","nativeTimestampMs":7565753.48,"nativeDurationMs":90,"nativeOffsetMs":7.8295599995180964,"nativeSequence":4,"monotonicTimestampMs":7565753.48}
10-11 14:15:42.240 11634 11711 I ReactNativeJS: [outputs] outputs.hapticSymbol {"timestamp":7565761.752945,"wallClock":1760206542240,"enabled":true,"symbol":".","durationMs":30,"platform":"android","source":"console.replay","correlationId":"console-replay:mgmlj0dce5nbj02w","timelineOffsetMs":7.8295599995180964}
10-11 14:15:42.241 11634 11711 I ReactNativeJS: [outputs] outputs.flashPulse {"timestamp":7565762.48133,"wallClock":1760206542241,"enabled":true,"durationMs":30,"source":"console.replay","correlationId":"console-replay:mgmlj0dce5nbj02w","timelineOffsetMs":7.8295599995180964}
10-11 14:15:42.313 11634 11711 I ReactNativeJS: [outputs] outputs.flashPulse.commit {"timestamp":7565834.38706,"wallClock":1760206542313,"durationMs":30,"source":"console.replay","correlationId":"console-replay:mgmlj0dce5nbj02w","latencyMs":73.07343699969351,"timelineOffsetMs":7.8295599995180964}
10-11 14:15:42.324 11634 17565 D OutputsAudio: [outputs-audio] stop gain=1.000 release=6.00
10-11 14:15:42.355 11634 17565 D OutputsAudio: [outputs-audio] start hz=700.0 gain=1.000 attack=2.50 release=6.00
10-11 14:15:42.379 11634 11711 D OutputsAudio: [outputs-audio] symbol.info sequence=5 symbol=- timestamp=7565876.484 duration=90.000
10-11 14:15:42.380 11634 11711 I ReactNativeJS: [outputs] playMorse.symbol {"timestamp":7565900.699143,"wallClock":1760206542379,"symbol":".","durationMs":30,"index":2,"source":"console.replay","correlationId":"console-replay:mgmlj0h7nsxxaou2","nativeTimestampMs":7565876.484,"nativeDurationMs":90,"nativeOffsetMs":24.16529900021851,"nativeSequence":5,"monotonicTimestampMs":7565876.484}
10-11 14:15:42.380 11634 11711 I ReactNativeJS: [outputs] outputs.hapticSymbol {"timestamp":7565901.212216,"wallClock":1760206542380,"enabled":true,"symbol":".","durationMs":30,"platform":"android","source":"console.replay","correlationId":"console-replay:mgmlj0h7nsxxaou2","timelineOffsetMs":24.16529900021851}
10-11 14:15:42.381 11634 11711 I ReactNativeJS: [outputs] outputs.flashPulse {"timestamp":7565901.905966,"wallClock":1760206542380,"enabled":true,"durationMs":30,"source":"console.replay","correlationId":"console-replay:mgmlj0h7nsxxaou2","timelineOffsetMs":24.16529900021851}
10-11 14:15:42.445 11634 17565 D OutputsAudio: [outputs-audio] stop gain=1.000 release=6.00
10-11 14:15:42.470 11634 11711 I ReactNativeJS: [outputs] outputs.flashPulse.commit {"timestamp":7565991.638518,"wallClock":1760206542470,"durationMs":30,"source":"console.replay","correlationId":"console-replay:mgmlj0h7nsxxaou2","latencyMs":90.98499999940395,"timelineOffsetMs":24.16529900021851}
10-11 14:15:42.476 11634 17565 D OutputsAudio: [outputs-audio] start hz=700.0 gain=1.000 attack=2.50 release=6.00
10-11 14:15:42.539 11634 11711 D OutputsAudio: [outputs-audio] symbol.info sequence=6 symbol=- timestamp=7565998.130 duration=90.000
10-11 14:15:42.539 11634 11711 I ReactNativeJS: [outputs] playMorse.symbol {"timestamp":7566060.462164,"wallClock":1760206542539,"symbol":"-","durationMs":90,"index":3,"source":"console.replay","correlationId":"console-replay:mgmlj0lnu7cxmmy2","nativeTimestampMs":7565998.13,"nativeDurationMs":90,"nativeOffsetMs":62.28143499977887,"nativeSequence":6,"monotonicTimestampMs":7565998.13}
10-11 14:15:42.540 11634 11711 I ReactNativeJS: [outputs] outputs.hapticSymbol {"timestamp":7566060.970393,"wallClock":1760206542539,"enabled":true,"symbol":"-","durationMs":90,"platform":"android","source":"console.replay","correlationId":"console-replay:mgmlj0lnu7cxmmy2","timelineOffsetMs":62.28143499977887}
10-11 14:15:42.540 11634 11711 I ReactNativeJS: [outputs] outputs.flashPulse {"timestamp":7566061.674195,"wallClock":1760206542540,"enabled":true,"durationMs":90,"source":"console.replay","correlationId":"console-replay:mgmlj0lnu7cxmmy2","timelineOffsetMs":62.28143499977887}
10-11 14:15:42.567 11634 17565 D OutputsAudio: [outputs-audio] stop gain=1.000 release=6.00
10-11 14:15:42.597 11634 17565 D OutputsAudio: [outputs-audio] start hz=700.0 gain=1.000 attack=2.50 release=6.00
10-11 14:15:42.628 11634 17565 D OutputsAudio: [outputs-audio] stop gain=1.000 release=6.00
10-11 14:15:42.632 11634 11711 I ReactNativeJS: [outputs] outputs.flashPulse.commit {"timestamp":7566153.693726,"wallClock":1760206542632,"durationMs":90,"source":"console.replay","correlationId":"console-replay:mgmlj0lnu7cxmmy2","latencyMs":93.27848900016397,"timelineOffsetMs":62.28143499977887}
10-11 14:15:42.659 11634 17565 D OutputsAudio: [outputs-audio] start hz=700.0 gain=1.000 attack=2.50 release=6.00
10-11 14:15:42.689 11634 17565 D OutputsAudio: [outputs-audio] stop gain=1.000 release=6.00
10-11 14:15:42.720 11634 17565 D OutputsAudio: [outputs-audio] start hz=700.0 gain=1.000 attack=2.50 release=6.00
10-11 14:15:42.722 11634 11711 D OutputsAudio: [outputs-audio] symbol.info sequence=9 symbol=. timestamp=7566241.483 duration=30.000
10-11 14:15:42.723 11634 11711 W ReactNativeJS: '[outputs-audio] native sequence jump', { previous: 6, next: 9, delta: 3 }
10-11 14:15:42.723 11634 11711 I ReactNativeJS: [outputs] playMorse.symbol {"timestamp":7566244.396695,"wallClock":1760206542723,"symbol":"-","durationMs":90,"index":4,"source":"console.replay","correlationId":"console-replay:mgmlj0qrh35luv6g","nativeTimestampMs":7566241.483,"nativeDurationMs":30,"nativeOffsetMs":2.8756219996139407,"nativeSequence":9,"monotonicTimestampMs":7566241.483}
10-11 14:15:42.723 11634 11711 I ReactNativeJS: [outputs] outputs.hapticSymbol {"timestamp":7566244.814507,"wallClock":1760206542723,"enabled":true,"symbol":"-","durationMs":90,"platform":"android","source":"console.replay","correlationId":"console-replay:mgmlj0qrh35luv6g","timelineOffsetMs":2.8756219996139407}
10-11 14:15:42.724 11634 11711 I ReactNativeJS: [outputs] outputs.flashPulse {"timestamp":7566245.564351,"wallClock":1760206542724,"enabled":true,"durationMs":90,"source":"console.replay","correlationId":"console-replay:mgmlj0qrh35luv6g","timelineOffsetMs":2.8756219996139407}
10-11 14:15:42.750 11634 17565 D OutputsAudio: [outputs-audio] stop gain=1.000 release=6.00
10-11 14:15:42.781 11634 17565 D OutputsAudio: [outputs-audio] start hz=700.0 gain=1.000 attack=2.50 release=6.00
10-11 14:15:42.798 11634 11711 I ReactNativeJS: [outputs] outputs.flashPulse.commit {"timestamp":7566319.667424,"wallClock":1760206542798,"durationMs":90,"source":"console.replay","correlationId":"console-replay:mgmlj0qrh35luv6g","latencyMs":75.30494800023735,"timelineOffsetMs":2.8756219996139407}
10-11 14:15:42.873 11634 17565 D OutputsAudio: [outputs-audio] stop gain=1.000 release=6.00
10-11 14:15:42.883 11634 11711 D OutputsAudio: [outputs-audio] symbol.info sequence=10 symbol=- timestamp=7566302.747 duration=90.000
10-11 14:15:42.884 11634 11711 I ReactNativeJS: [outputs] playMorse.symbol {"timestamp":7566405.233153,"wallClock":1760206542884,"symbol":"-","durationMs":90,"index":5,"source":"console.replay","correlationId":"console-replay:mgmlj0v8x8bd357o","nativeTimestampMs":7566302.747,"nativeDurationMs":90,"nativeOffsetMs":102.43136099912226,"nativeSequence":10,"monotonicTimestampMs":7566302.747}
10-11 14:15:42.884 11634 11711 I ReactNativeJS: [outputs] playMorse.nativeOffset.spike {"timestamp":7566405.707736,"wallClock":1760206542884,"source":"console.replay","offsetMs":102.43136099912226,"sequence":10,"unitMs":30,"correlationId":"console-replay:mgmlj0v8x8bd357o"}
10-11 14:15:42.885 11634 11711 I ReactNativeJS: [outputs] outputs.hapticSymbol {"timestamp":7566406.038153,"wallClock":1760206542884,"enabled":true,"symbol":"-","durationMs":90,"platform":"android","source":"console.replay","correlationId":"console-replay:mgmlj0v8x8bd357o","timelineOffsetMs":102.43136099912226}
10-11 14:15:42.885 11634 11711 I ReactNativeJS: [outputs] outputs.flashPulse {"timestamp":7566406.798882,"wallClock":1760206542885,"enabled":true,"durationMs":90,"source":"console.replay","correlationId":"console-replay:mgmlj0v8x8bd357o","timelineOffsetMs":102.43136099912226}
10-11 14:15:42.904 11634 17565 D OutputsAudio: [outputs-audio] start hz=700.0 gain=1.000 attack=2.50 release=6.00
10-11 14:15:42.964 11634 11711 I ReactNativeJS: [outputs] outputs.flashPulse.commit {"timestamp":7566484.908466,"wallClock":1760206542963,"durationMs":90,"source":"console.replay","correlationId":"console-replay:mgmlj0v8x8bd357o","latencyMs":79.72645900025964,"timelineOffsetMs":102.43136099912226}
10-11 14:15:42.994 11634 17565 D OutputsAudio: [outputs-audio] stop gain=1.000 release=6.00
10-11 14:15:43.025 11634 17565 D OutputsAudio: [outputs-audio] start hz=700.0 gain=1.000 attack=2.50 release=6.00
10-11 14:15:43.030 11634 11711 D OutputsAudio: [outputs-audio] symbol.info sequence=12 symbol=- timestamp=7566546.484 duration=90.000
10-11 14:15:43.031 11634 11711 W ReactNativeJS: '[outputs-audio] native sequence jump', { previous: 10, next: 12, delta: 2 }
10-11 14:15:43.031 11634 11711 I ReactNativeJS: [outputs] playMorse.symbol {"timestamp":7566552.319507,"wallClock":1760206543031,"symbol":".","durationMs":30,"index":6,"source":"console.replay","correlationId":"console-replay:mgmlj0zbldgttkh2","nativeTimestampMs":7566546.484,"nativeDurationMs":90,"nativeOffsetMs":5.798527999781072,"nativeSequence":12,"monotonicTimestampMs":7566546.484}
10-11 14:15:43.031 11634 11711 I ReactNativeJS: [outputs] outputs.hapticSymbol {"timestamp":7566552.749299,"wallClock":1760206543031,"enabled":true,"symbol":".","durationMs":30,"platform":"android","source":"console.replay","correlationId":"console-replay:mgmlj0zbldgttkh2","timelineOffsetMs":5.798527999781072}
10-11 14:15:43.032 11634 11711 I ReactNativeJS: [outputs] outputs.flashPulse {"timestamp":7566553.47232,"wallClock":1760206543032,"enabled":true,"durationMs":30,"source":"console.replay","correlationId":"console-replay:mgmlj0zbldgttkh2","timelineOffsetMs":5.798527999781072}
10-11 14:15:43.116 11634 17565 D OutputsAudio: [outputs-audio] stop gain=1.000 release=6.00
10-11 14:15:43.120 11634 11711 I ReactNativeJS: [outputs] outputs.flashPulse.commit {"timestamp":7566641.753049,"wallClock":1760206543120,"durationMs":30,"source":"console.replay","correlationId":"console-replay:mgmlj0zbldgttkh2","latencyMs":89.46640599984676,"timelineOffsetMs":5.798527999781072}
10-11 14:15:43.147 11634 17565 D OutputsAudio: [outputs-audio] start hz=700.0 gain=1.000 attack=2.50 release=6.00
10-11 14:15:43.177 11634 17565 D OutputsAudio: [outputs-audio] stop gain=1.000 release=6.00
10-11 14:15:43.189 11634 11711 D OutputsAudio: [outputs-audio] symbol.info sequence=13 symbol=. timestamp=7566668.569 duration=30.000
10-11 14:15:43.189 11634 11711 I ReactNativeJS: [outputs] playMorse.symbol {"timestamp":7566710.353726,"wallClock":1760206543189,"symbol":".","durationMs":30,"index":7,"source":"console.replay","correlationId":"console-replay:mgmlj13p3djaibvb","nativeTimestampMs":7566668.569,"nativeDurationMs":30,"nativeOffsetMs":41.73524700012058,"nativeSequence":13,"monotonicTimestampMs":7566668.569}
10-11 14:15:43.190 11634 11711 I ReactNativeJS: [outputs] outputs.hapticSymbol {"timestamp":7566710.854611,"wallClock":1760206543189,"enabled":true,"symbol":".","durationMs":30,"platform":"android","source":"console.replay","correlationId":"console-replay:mgmlj13p3djaibvb","timelineOffsetMs":41.73524700012058}
10-11 14:15:43.190 11634 11711 I ReactNativeJS: [outputs] outputs.flashPulse {"timestamp":7566711.602007,"wallClock":1760206543190,"enabled":true,"durationMs":30,"source":"console.replay","correlationId":"console-replay:mgmlj13p3djaibvb","timelineOffsetMs":41.73524700012058}
10-11 14:15:43.208 11634 17565 D OutputsAudio: [outputs-audio] start hz=700.0 gain=1.000 attack=2.50 release=6.00
10-11 14:15:43.238 11634 17565 D OutputsAudio: [outputs-audio] stop gain=1.000 release=6.00
10-11 14:15:43.269 11634 17565 D OutputsAudio: [outputs-audio] start hz=700.0 gain=1.000 attack=2.50 release=6.00
10-11 14:15:43.281 11634 11711 I ReactNativeJS: [outputs] outputs.flashPulse.commit {"timestamp":7566802.316747,"wallClock":1760206543281,"durationMs":30,"source":"console.replay","correlationId":"console-replay:mgmlj13p3djaibvb","latencyMs":92.00822899956256,"timelineOffsetMs":41.73524700012058}
10-11 14:15:43.299 11634 17565 D OutputsAudio: [outputs-audio] stop gain=1.000 release=6.00
10-11 14:15:43.329 11634 17565 D OutputsAudio: [outputs-audio] start hz=700.0 gain=1.000 attack=2.50 release=6.00
10-11 14:15:43.347 11634 11711 D OutputsAudio: [outputs-audio] symbol.info sequence=16 symbol=- timestamp=7566850.974 duration=90.000
10-11 14:15:43.348 11634 11711 W ReactNativeJS: '[outputs-audio] native sequence jump', { previous: 13, next: 16, delta: 3 }
10-11 14:15:43.348 11634 11711 I ReactNativeJS: [outputs] playMorse.symbol {"timestamp":7566869.313882,"wallClock":1760206543348,"symbol":".","durationMs":30,"index":8,"source":"console.replay","correlationId":"console-replay:mgmlj184bieq1mgw","nativeTimestampMs":7566850.974,"nativeDurationMs":90,"nativeOffsetMs":18.303319999948144,"nativeSequence":16,"monotonicTimestampMs":7566850.974}
10-11 14:15:43.348 11634 11711 I ReactNativeJS: [outputs] outputs.hapticSymbol {"timestamp":7566869.704715,"wallClock":1760206543348,"enabled":true,"symbol":".","durationMs":30,"platform":"android","source":"console.replay","correlationId":"console-replay:mgmlj184bieq1mgw","timelineOffsetMs":18.303319999948144}
10-11 14:15:43.349 11634 11711 I ReactNativeJS: [outputs] outputs.flashPulse {"timestamp":7566870.413101,"wallClock":1760206543349,"enabled":true,"durationMs":30,"source":"console.replay","correlationId":"console-replay:mgmlj184bieq1mgw","timelineOffsetMs":18.303319999948144}
10-11 14:15:43.420 11634 17565 D OutputsAudio: [outputs-audio] stop gain=1.000 release=6.00
10-11 14:15:43.438 11634 11711 I ReactNativeJS: [outputs] outputs.flashPulse.commit {"timestamp":7566959.361174,"wallClock":1760206543438,"durationMs":30,"source":"console.replay","correlationId":"console-replay:mgmlj184bieq1mgw","latencyMs":90.07973899971694,"timelineOffsetMs":18.303319999948144}
10-11 14:15:43.450 11634 17565 D OutputsAudio: [outputs-audio] start hz=700.0 gain=1.000 attack=2.50 release=6.00
10-11 14:15:43.504 11634 11711 D OutputsAudio: [outputs-audio] symbol.info sequence=17 symbol=- timestamp=7566971.911 duration=90.000
10-11 14:15:43.504 11634 11711 I ReactNativeJS: [outputs] playMorse.symbol {"timestamp":7567025.316955,"wallClock":1760206543504,"symbol":"-","durationMs":90,"index":9,"source":"console.replay","correlationId":"console-replay:mgmlj1cgt7y1eq9h","nativeTimestampMs":7566971.911,"nativeDurationMs":90,"nativeOffsetMs":53.35736100003123,"nativeSequence":17,"monotonicTimestampMs":7566971.911}
10-11 14:15:43.505 11634 11711 I ReactNativeJS: [outputs] outputs.hapticSymbol {"timestamp":7567025.788257,"wallClock":1760206543504,"enabled":true,"symbol":"-","durationMs":90,"platform":"android","source":"console.replay","correlationId":"console-replay:mgmlj1cgt7y1eq9h","timelineOffsetMs":53.35736100003123}
10-11 14:15:43.505 11634 11711 I ReactNativeJS: [outputs] outputs.flashPulse {"timestamp":7567026.751486,"wallClock":1760206543505,"enabled":true,"durationMs":90,"source":"console.replay","correlationId":"console-replay:mgmlj1cgt7y1eq9h","timelineOffsetMs":53.35736100003123}
10-11 14:15:43.541 11634 17565 D OutputsAudio: [outputs-audio] stop gain=1.000 release=6.00
10-11 14:15:43.572 11634 17565 D OutputsAudio: [outputs-audio] start hz=700.0 gain=1.000 attack=2.50 release=6.00
10-11 14:15:43.580 11634 11711 I ReactNativeJS: [outputs] outputs.flashPulse.commit {"timestamp":7567101.52482,"wallClock":1760206543580,"durationMs":90,"source":"console.replay","correlationId":"console-replay:mgmlj1cgt7y1eq9h","latencyMs":76.25223999936134,"timelineOffsetMs":53.35736100003123}
10-11 14:15:43.649 11634 11711 D OutputsAudio: [outputs-audio] symbol.info sequence=18 symbol=- timestamp=7567093.670 duration=90.000
10-11 14:15:43.650 11634 11711 I ReactNativeJS: [outputs] playMorse.symbol {"timestamp":7567170.956642,"wallClock":1760206543649,"symbol":"-","durationMs":90,"index":10,"source":"console.replay","correlationId":"console-replay:mgmlj1ghxudwy6q2","nativeTimestampMs":7567093.67,"nativeDurationMs":90,"nativeOffsetMs":77.23612200003117,"nativeSequence":18,"monotonicTimestampMs":7567093.67}
10-11 14:15:43.650 11634 11711 I ReactNativeJS: [outputs] outputs.hapticSymbol {"timestamp":7567171.438153,"wallClock":1760206543650,"enabled":true,"symbol":"-","durationMs":90,"platform":"android","source":"console.replay","correlationId":"console-replay:mgmlj1ghxudwy6q2","timelineOffsetMs":77.23612200003117}
10-11 14:15:43.651 11634 11711 I ReactNativeJS: [outputs] outputs.flashPulse {"timestamp":7567172.192215,"wallClock":1760206543651,"enabled":true,"durationMs":90,"source":"console.replay","correlationId":"console-replay:mgmlj1ghxudwy6q2","timelineOffsetMs":77.23612200003117}
10-11 14:15:43.663 11634 17565 D OutputsAudio: [outputs-audio] stop gain=1.000 release=6.00
10-11 14:15:43.693 11634 17565 D OutputsAudio: [outputs-audio] start hz=700.0 gain=1.000 attack=2.50 release=6.00
10-11 14:15:43.724 11634 17565 D OutputsAudio: [outputs-audio] stop gain=1.000 release=6.00
10-11 14:15:43.741 11634 11711 I ReactNativeJS: [outputs] outputs.flashPulse.commit {"timestamp":7567262.201747,"wallClock":1760206543741,"durationMs":90,"source":"console.replay","correlationId":"console-replay:mgmlj1ghxudwy6q2","latencyMs":91.29124999977648,"timelineOffsetMs":77.23612200003117}
10-11 14:15:43.754 11634 17565 D OutputsAudio: [outputs-audio] start hz=700.0 gain=1.000 attack=2.50 release=6.00
10-11 14:15:43.785 11634 17565 D OutputsAudio: [outputs-audio] stop gain=1.000 release=6.00
10-11 14:15:43.816 11634 17565 D OutputsAudio: [outputs-audio] start hz=700.0 gain=1.000 attack=2.50 release=6.00
10-11 14:15:43.823 11634 11711 D OutputsAudio: [outputs-audio] symbol.info sequence=21 symbol=. timestamp=7567338.005 duration=30.000
10-11 14:15:43.824 11634 11711 W ReactNativeJS: '[outputs-audio] native sequence jump', { previous: 18, next: 21, delta: 3 }
10-11 14:15:43.824 11634 11711 I ReactNativeJS: [outputs] playMorse.symbol {"timestamp":7567345.468986,"wallClock":1760206543824,"symbol":"-","durationMs":90,"index":11,"source":"console.replay","correlationId":"console-replay:mgmlj1lc9j9umiv0","nativeTimestampMs":7567338.005,"nativeDurationMs":30,"nativeOffsetMs":7.428516999818385,"nativeSequence":21,"monotonicTimestampMs":7567338.005}
10-11 14:15:43.825 11634 11711 I ReactNativeJS: [outputs] outputs.hapticSymbol {"timestamp":7567345.866747,"wallClock":1760206543824,"enabled":true,"symbol":"-","durationMs":90,"platform":"android","source":"console.replay","correlationId":"console-replay:mgmlj1lc9j9umiv0","timelineOffsetMs":7.428516999818385}
10-11 14:15:43.825 11634 11711 I ReactNativeJS: [outputs] outputs.flashPulse {"timestamp":7567346.593361,"wallClock":1760206543825,"enabled":true,"durationMs":90,"source":"console.replay","correlationId":"console-replay:mgmlj1lc9j9umiv0","timelineOffsetMs":7.428516999818385}
10-11 14:15:43.847 11634 17565 D OutputsAudio: [outputs-audio] stop gain=1.000 release=6.00
10-11 14:15:43.878 11634 17565 D OutputsAudio: [outputs-audio] start hz=700.0 gain=1.000 attack=2.50 release=6.00
10-11 14:15:43.913 11634 11711 I ReactNativeJS: [outputs] outputs.flashPulse.commit {"timestamp":7567434.512424,"wallClock":1760206543913,"durationMs":90,"source":"console.replay","correlationId":"console-replay:mgmlj1lc9j9umiv0","latencyMs":89.07437499985099,"timelineOffsetMs":7.428516999818385}
10-11 14:15:43.968 11634 17565 D OutputsAudio: [outputs-audio] stop gain=1.000 release=6.00
10-11 14:15:43.995 11634 11711 D OutputsAudio: [outputs-audio] symbol.info sequence=22 symbol=- timestamp=7567399.611 duration=90.000
10-11 14:15:43.996 11634 11711 I ReactNativeJS: [outputs] playMorse.symbol {"timestamp":7567516.837371,"wallClock":1760206543995,"symbol":".","durationMs":30,"index":12,"source":"console.replay","correlationId":"console-replay:mgmlj1q3jnm01uyy","nativeTimestampMs":7567399.611,"nativeDurationMs":90,"nativeOffsetMs":117.17210100032389,"nativeSequence":22,"monotonicTimestampMs":7567399.611}
10-11 14:15:43.996 11634 11711 I ReactNativeJS: [outputs] playMorse.nativeOffset.spike {"timestamp":7567517.313778,"wallClock":1760206543996,"source":"console.replay","offsetMs":117.17210100032389,"sequence":22,"unitMs":30,"correlationId":"console-replay:mgmlj1q3jnm01uyy"}
10-11 14:15:43.996 11634 11711 I ReactNativeJS: [outputs] outputs.hapticSymbol {"timestamp":7567517.608257,"wallClock":1760206543996,"enabled":true,"symbol":".","durationMs":30,"platform":"android","source":"console.replay","correlationId":"console-replay:mgmlj1q3jnm01uyy","timelineOffsetMs":117.17210100032389}
10-11 14:15:43.997 11634 11711 I ReactNativeJS: [outputs] outputs.flashPulse {"timestamp":7567518.353101,"wallClock":1760206543997,"enabled":true,"durationMs":30,"source":"console.replay","correlationId":"console-replay:mgmlj1q3jnm01uyy","timelineOffsetMs":117.17210100032389}
10-11 14:15:44.000 11634 17565 D OutputsAudio: [outputs-audio] start hz=700.0 gain=1.000 attack=2.50 release=6.00
10-11 14:15:44.074 11634 11711 D OutputsAudio: [outputs-audio] symbol.info sequence=23 symbol=- timestamp=7567521.218 duration=90.000
10-11 14:15:44.075 11634 11711 I ReactNativeJS: [outputs] playMorse.symbol {"timestamp":7567596.026694,"wallClock":1760206544074,"symbol":".","durationMs":30,"index":13,"source":"console.replay","correlationId":"console-replay:mgmlj1saaiish37o","nativeTimestampMs":7567521.218,"nativeDurationMs":90,"nativeOffsetMs":74.7479649996385,"nativeSequence":23,"monotonicTimestampMs":7567521.218}
10-11 14:15:44.075 11634 11711 I ReactNativeJS: [outputs] outputs.hapticSymbol {"timestamp":7567596.529924,"wallClock":1760206544075,"enabled":true,"symbol":".","durationMs":30,"platform":"android","source":"console.replay","correlationId":"console-replay:mgmlj1saaiish37o","timelineOffsetMs":74.7479649996385}
10-11 14:15:44.076 11634 11711 I ReactNativeJS: [outputs] outputs.flashPulse {"timestamp":7567597.227319,"wallClock":1760206544076,"enabled":true,"durationMs":30,"source":"console.replay","correlationId":"console-replay:mgmlj1saaiish37o","timelineOffsetMs":74.7479649996385}
10-11 14:15:44.090 11634 17565 D OutputsAudio: [outputs-audio] stop gain=1.000 release=6.00
10-11 14:15:44.121 11634 17565 D OutputsAudio: [outputs-audio] start hz=700.0 gain=1.000 attack=2.50 release=6.00
10-11 14:15:44.147 11634 11711 I ReactNativeJS: [outputs] outputs.flashPulse.commit {"timestamp":7567668.199871,"wallClock":1760206544147,"durationMs":30,"source":"console.replay","correlationId":"console-replay:mgmlj1q3jnm01uyy","latencyMs":151.41156200040132,"timelineOffsetMs":117.17210100032389}
10-11 14:15:44.212 11634 17565 D OutputsAudio: [outputs-audio] stop gain=1.000 release=6.00
10-11 14:15:44.231 11634 11711 I ReactNativeJS: [outputs] outputs.flashPulse.commit {"timestamp":7567752.186382,"wallClock":1760206544231,"durationMs":30,"source":"console.replay","correlationId":"console-replay:mgmlj1saaiish37o","latencyMs":156.21562500018626,"timelineOffsetMs":74.7479649996385}
10-11 14:15:44.243 11634 17565 D OutputsAudio: [outputs-audio] start hz=700.0 gain=1.000 attack=2.50 release=6.00
10-11 14:15:44.273 11634 17565 D OutputsAudio: [outputs-audio] stop gain=1.000 release=6.00
10-11 14:15:44.296 11634 11711 D OutputsAudio: [outputs-audio] symbol.info sequence=25 symbol=. timestamp=7567764.682 duration=30.000
10-11 14:15:44.297 11634 11711 W ReactNativeJS: '[outputs-audio] native sequence jump', { previous: 23, next: 25, delta: 2 }
10-11 14:15:44.297 11634 11711 I ReactNativeJS: [outputs] playMorse.symbol {"timestamp":7567818.728413,"wallClock":1760206544297,"symbol":".","durationMs":30,"index":14,"source":"console.replay","correlationId":"console-replay:mgmlj1yhugiwdjig","nativeTimestampMs":7567764.682,"nativeDurationMs":30,"nativeOffsetMs":54.00865299999714,"nativeSequence":25,"monotonicTimestampMs":7567764.682}
10-11 14:15:44.298 11634 11711 I ReactNativeJS: [outputs] outputs.hapticSymbol {"timestamp":7567819.135236,"wallClock":1760206544298,"enabled":true,"symbol":".","durationMs":30,"platform":"android","source":"console.replay","correlationId":"console-replay:mgmlj1yhugiwdjig","timelineOffsetMs":54.00865299999714}
10-11 14:15:44.298 11634 11711 I ReactNativeJS: [outputs] outputs.flashPulse {"timestamp":7567819.865236,"wallClock":1760206544298,"enabled":true,"durationMs":30,"source":"console.replay","correlationId":"console-replay:mgmlj1yhugiwdjig","timelineOffsetMs":54.00865299999714}
10-11 14:15:44.304 11634 17565 D OutputsAudio: [outputs-audio] start hz=700.0 gain=1.000 attack=2.50 release=6.00
10-11 14:15:44.335 11634 17565 D OutputsAudio: [outputs-audio] stop gain=1.000 release=6.00
10-11 14:15:44.365 11634 17565 D OutputsAudio: [outputs-audio] start hz=700.0 gain=1.000 attack=2.50 release=6.00
10-11 14:15:44.370 11634 11711 I ReactNativeJS: [outputs] outputs.flashPulse.commit {"timestamp":7567891.41659,"wallClock":1760206544370,"durationMs":30,"source":"console.replay","correlationId":"console-replay:mgmlj1yhugiwdjig","latencyMs":72.721405999735,"timelineOffsetMs":54.00865299999714}
10-11 14:15:44.396 11634 17565 D OutputsAudio: [outputs-audio] stop gain=1.000 release=6.00
10-11 14:15:44.426 11634 17565 D OutputsAudio: [outputs-audio] stop gain=0.000 release=6.00
10-11 14:15:44.426 11634 17565 D OutputsAudio: [outputs-audio] playMorse.end cancelled=0
10-11 14:15:44.453 11634 11711 D OutputsAudio: [outputs-audio] symbol.info sequence=27 symbol=. timestamp=7567886.689 duration=30.000
10-11 14:15:44.453 11634 11711 W ReactNativeJS: '[outputs-audio] native sequence jump', { previous: 25, next: 27, delta: 2 }
