10-11 14:42:40.723 21612 22318 D OutputsAudio: [outputs-audio] stop gain=1.000 release=6.00
10-11 14:42:40.756 21612 21675 I ReactNativeJS: [outputs] outputs.flashPulse.commit {"timestamp":9184277.705296,"wallClock":1760208160756,"durationMs":40,"source":"console.replay","correlationId":"console-replay:mgmmhp6hkrwoloef","latencyMs":59.156770998612046,"timelineOffsetMs":14.723942000418901}
10-11 14:42:40.763 21612 22318 D OutputsAudio: [outputs-audio] start hz=700.0 gain=1.000 attack=2.50 release=6.00
10-11 14:42:40.804 21612 22318 D OutputsAudio: [outputs-audio] stop gain=1.000 release=6.00
10-11 14:42:40.806 21612 21675 D OutputsAudio: [outputs-audio] symbol.info sequence=14 symbol=. timestamp=9184285.049 duration=40.000
10-11 14:42:40.807 21612 21675 I ReactNativeJS: [outputs] playMorse.symbol {"timestamp":9184328.101442,"wallClock":1760208160806,"symbol":".","durationMs":40,"index":13,"source":"console.replay","correlationId":"console-replay:mgmmhp9iikn743un","nativeTimestampMs":9184285.049,"nativeDurationMs":40,"nativeOffsetMs":42.93759799934924,"nativeSequence":14,"monotonicTimestampMs":9184285.049}
10-11 14:42:40.807 21612 21675 I ReactNativeJS: [outputs] outputs.hapticSymbol {"timestamp":9184328.59863,"wallClock":1760208160807,"enabled":true,"symbol":".","durationMs":40,"platform":"android","source":"console.replay","correlationId":"console-replay:mgmmhp9iikn743un","timelineOffsetMs":42.93759799934924}
10-11 14:42:40.808 21612 21675 I ReactNativeJS: [outputs] outputs.flashPulse {"timestamp":9184329.213994,"wallClock":1760208160808,"enabled":true,"durationMs":40,"source":"console.replay","correlationId":"console-replay:mgmmhp9iikn743un","timelineOffsetMs":42.93759799934924}
10-11 14:42:40.844 21612 22318 D OutputsAudio: [outputs-audio] start hz=700.0 gain=1.000 attack=2.50 release=6.00
10-11 14:42:40.860 21612 21675 I ReactNativeJS: [outputs] outputs.flashPulse.commit {"timestamp":9184381.478265,"wallClock":1760208160860,"durationMs":40,"source":"console.replay","correlationId":"console-replay:mgmmhp9iikn743un","latencyMs":53.48698000051081,"timelineOffsetMs":42.93759799934924}
10-11 14:42:40.885 21612 22318 D OutputsAudio: [outputs-audio] stop gain=1.000 release=6.00
10-11 14:42:40.905 21612 21675 D OutputsAudio: [outputs-audio] symbol.info sequence=15 symbol=. timestamp=9184366.224 duration=40.000
10-11 14:42:40.906 21612 21675 I ReactNativeJS: [outputs] playMorse.symbol {"timestamp":9184426.774932,"wallClock":1760208160905,"symbol":".","durationMs":40,"index":14,"source":"console.replay","correlationId":"console-replay:mgmmhpc9rimqm7i4","nativeTimestampMs":9184366.224,"nativeDurationMs":40,"nativeOffsetMs":60.50864000059664,"nativeSequence":15,"monotonicTimestampMs":9184366.224}
10-11 14:42:40.906 21612 21675 I ReactNativeJS: [outputs] outputs.hapticSymbol {"timestamp":9184427.222119,"wallClock":1760208160906,"enabled":true,"symbol":".","durationMs":40,"platform":"android","source":"console.replay","correlationId":"console-replay:mgmmhpc9rimqm7i4","timelineOffsetMs":60.50864000059664}
10-11 14:42:40.906 21612 21675 I ReactNativeJS: [outputs] outputs.flashPulse {"timestamp":9184427.810244,"wallClock":1760208160906,"enabled":true,"durationMs":40,"source":"console.replay","correlationId":"console-replay:mgmmhpc9rimqm7i4","timelineOffsetMs":60.50864000059664}
10-11 14:42:40.926 21612 22318 D OutputsAudio: [outputs-audio] start hz=700.0 gain=1.000 attack=2.50 release=6.00
10-11 14:42:40.965 21612 21675 D OutputsAudio: [outputs-audio] symbol.info sequence=16 symbol=- timestamp=9184447.876 duration=120.000
10-11 14:42:40.965 21612 21675 I ReactNativeJS: [outputs] playMorse.symbol {"timestamp":9184486.353005,"wallClock":1760208160965,"symbol":"-","durationMs":120,"index":15,"source":"console.replay","correlationId":"console-replay:mgmmhpdxq1pi7sr4","nativeTimestampMs":9184447.876,"nativeDurationMs":120,"nativeOffsetMs":38.431222999468446,"nativeSequence":16,"monotonicTimestampMs":9184447.876}
10-11 14:42:40.965 21612 21675 I ReactNativeJS: [outputs] outputs.hapticSymbol {"timestamp":9184486.842588,"wallClock":1760208160965,"enabled":true,"symbol":"-","durationMs":120,"platform":"android","source":"console.replay","correlationId":"console-replay:mgmmhpdxq1pi7sr4","timelineOffsetMs":38.431222999468446}
10-11 14:42:40.966 21612 21675 I ReactNativeJS: [outputs] outputs.flashPulse {"timestamp":9184487.426546,"wallClock":1760208160966,"enabled":true,"durationMs":120,"source":"console.replay","correlationId":"console-replay:mgmmhpdxq1pi7sr4","timelineOffsetMs":38.431222999468446}
10-11 14:42:41.017 21612 21675 I ReactNativeJS: [outputs] outputs.flashPulse.commit {"timestamp":9184538.40613,"wallClock":1760208161017,"durationMs":40,"source":"console.replay","correlationId":"console-replay:mgmmhpc9rimqm7i4","latencyMs":111.66937500052154,"timelineOffsetMs":60.50864000059664}
10-11 14:42:41.047 21612 22318 D OutputsAudio: [outputs-audio] stop gain=1.000 release=6.00
10-11 14:42:41.062 21612 21675 I ReactNativeJS: [outputs] outputs.flashPulse.commit {"timestamp":9184582.957328,"wallClock":1760208161061,"durationMs":120,"source":"console.replay","correlationId":"console-replay:mgmmhpdxq1pi7sr4","latencyMs":96.64588600024581,"timelineOffsetMs":38.431222999468446}
10-11 14:42:41.088 21612 22318 D OutputsAudio: [outputs-audio] start hz=700.0 gain=1.000 attack=2.50 release=6.00
10-11 14:42:41.112 21612 21675 D OutputsAudio: [outputs-audio] symbol.info sequence=17 symbol=- timestamp=9184609.615 duration=120.000
10-11 14:42:41.113 21612 21675 I ReactNativeJS: [outputs] playMorse.symbol {"timestamp":9184633.809255,"wallClock":1760208161112,"symbol":"-","durationMs":120,"index":16,"source":"console.replay","correlationId":"console-replay:mgmmhpi0lzmqv3dd","nativeTimestampMs":9184609.615,"nativeDurationMs":120,"nativeOffsetMs":24.1467029992491,"nativeSequence":17,"monotonicTimestampMs":9184609.615}
10-11 14:42:41.113 21612 21675 I ReactNativeJS: [outputs] outputs.hapticSymbol {"timestamp":9184634.276546,"wallClock":1760208161113,"enabled":true,"symbol":"-","durationMs":120,"platform":"android","source":"console.replay","correlationId":"console-replay:mgmmhpi0lzmqv3dd","timelineOffsetMs":24.1467029992491}
10-11 14:42:41.113 21612 21675 I ReactNativeJS: [outputs] outputs.flashPulse {"timestamp":9184634.861338,"wallClock":1760208161113,"enabled":true,"durationMs":120,"source":"console.replay","correlationId":"console-replay:mgmmhpi0lzmqv3dd","timelineOffsetMs":24.1467029992491}
10-11 14:42:41.179 21612 21675 I ReactNativeJS: [outputs] outputs.flashPulse.commit {"timestamp":9184700.57889,"wallClock":1760208161179,"durationMs":120,"source":"console.replay","correlationId":"console-replay:mgmmhpi0lzmqv3dd","latencyMs":66.81286399997771,"timelineOffsetMs":24.1467029992491}
10-11 14:42:41.208 21612 22318 D OutputsAudio: [outputs-audio] stop gain=1.000 release=6.00
10-11 14:42:41.249 21612 22318 D OutputsAudio: [outputs-audio] start hz=700.0 gain=1.000 attack=2.50 release=6.00
10-11 14:42:41.269 21612 21675 D OutputsAudio: [outputs-audio] symbol.info sequence=18 symbol=- timestamp=9184770.766 duration=120.000
10-11 14:42:41.269 21612 21675 I ReactNativeJS: [outputs] playMorse.symbol {"timestamp":9184790.444567,"wallClock":1760208161269,"symbol":"-","durationMs":120,"index":17,"source":"console.replay","correlationId":"console-replay:mgmmhpmdf0sjxbim","nativeTimestampMs":9184770.766,"nativeDurationMs":120,"nativeOffsetMs":19.602212999016047,"nativeSequence":18,"monotonicTimestampMs":9184770.766}
10-11 14:42:41.270 21612 21675 I ReactNativeJS: [outputs] outputs.hapticSymbol {"timestamp":9184791.163421,"wallClock":1760208161270,"enabled":true,"symbol":"-","durationMs":120,"platform":"android","source":"console.replay","correlationId":"console-replay:mgmmhpmdf0sjxbim","timelineOffsetMs":19.602212999016047}
10-11 14:42:41.271 21612 21675 I ReactNativeJS: [outputs] outputs.flashPulse {"timestamp":9184791.860869,"wallClock":1760208161270,"enabled":true,"durationMs":120,"source":"console.replay","correlationId":"console-replay:mgmmhpmdf0sjxbim","timelineOffsetMs":19.602212999016047}
10-11 14:42:41.328 21612 21675 I ReactNativeJS: [outputs] outputs.flashPulse.commit {"timestamp":9184849.263161,"wallClock":1760208161328,"durationMs":120,"source":"console.replay","correlationId":"console-replay:mgmmhpmdf0sjxbim","latencyMs":58.89010399952531,"timelineOffsetMs":19.602212999016047}
10-11 14:42:41.370 21612 22318 D OutputsAudio: [outputs-audio] stop gain=1.000 release=6.00
10-11 14:42:41.411 21612 22318 D OutputsAudio: [outputs-audio] start hz=700.0 gain=1.000 attack=2.50 release=6.00
10-11 14:42:41.419 21612 21675 D OutputsAudio: [outputs-audio] symbol.info sequence=19 symbol=. timestamp=9184932.705 duration=40.000
10-11 14:42:41.419 21612 21675 I ReactNativeJS: [outputs] playMorse.symbol {"timestamp":9184940.518369,"wallClock":1760208161419,"symbol":".","durationMs":40,"index":18,"source":"console.replay","correlationId":"console-replay:mgmmhpqja195kyu2","nativeTimestampMs":9184932.705,"nativeDurationMs":40,"nativeOffsetMs":7.745556998997927,"nativeSequence":19,"monotonicTimestampMs":9184932.705}
10-11 14:42:41.420 21612 21675 I ReactNativeJS: [outputs] outputs.hapticSymbol {"timestamp":9184941.129359,"wallClock":1760208161420,"enabled":true,"symbol":".","durationMs":40,"platform":"android","source":"console.replay","correlationId":"console-replay:mgmmhpqja195kyu2","timelineOffsetMs":7.745556998997927}
10-11 14:42:41.421 21612 21675 I ReactNativeJS: [outputs] outputs.flashPulse {"timestamp":9184941.881234,"wallClock":1760208161420,"enabled":true,"durationMs":40,"source":"console.replay","correlationId":"console-replay:mgmmhpqja195kyu2","timelineOffsetMs":7.745556998997927}
10-11 14:42:41.452 21612 22318 D OutputsAudio: [outputs-audio] stop gain=1.000 release=6.00
10-11 14:42:41.479 21612 21675 I ReactNativeJS: [outputs] outputs.flashPulse.commit {"timestamp":9185000.466598,"wallClock":1760208161479,"durationMs":40,"source":"console.replay","correlationId":"console-replay:mgmmhpqja195kyu2","latencyMs":60.01135400123894,"timelineOffsetMs":7.745556998997927}
10-11 14:42:41.492 21612 22318 D OutputsAudio: [outputs-audio] start hz=700.0 gain=1.000 attack=2.50 release=6.00
10-11 14:42:41.524 21612 21675 D OutputsAudio: [outputs-audio] symbol.info sequence=20 symbol=. timestamp=9185014.138 duration=40.000
10-11 14:42:41.524 21612 21675 I ReactNativeJS: [outputs] playMorse.symbol {"timestamp":9185045.375452,"wallClock":1760208161524,"symbol":".","durationMs":40,"index":19,"source":"console.replay","correlationId":"console-replay:mgmmhptglsiek3vq","nativeTimestampMs":9185014.138,"nativeDurationMs":40,"nativeOffsetMs":31.189743999391794,"nativeSequence":20,"monotonicTimestampMs":9185014.138}
10-11 14:42:41.525 21612 21675 I ReactNativeJS: [outputs] outputs.hapticSymbol {"timestamp":9185045.854671,"wallClock":1760208161524,"enabled":true,"symbol":".","durationMs":40,"platform":"android","source":"console.replay","correlationId":"console-replay:mgmmhptglsiek3vq","timelineOffsetMs":31.189743999391794}
10-11 14:42:41.525 21612 21675 I ReactNativeJS: [outputs] outputs.flashPulse {"timestamp":9185046.511807,"wallClock":1760208161525,"enabled":true,"durationMs":40,"source":"console.replay","correlationId":"console-replay:mgmmhptglsiek3vq","timelineOffsetMs":31.189743999391794}
10-11 14:42:41.533 21612 22318 D OutputsAudio: [outputs-audio] stop gain=1.000 release=6.00
10-11 14:42:41.573 21612 22318 D OutputsAudio: [outputs-audio] start hz=700.0 gain=1.000 attack=2.50 release=6.00
10-11 14:42:41.582 21612 21675 I ReactNativeJS: [outputs] outputs.flashPulse.commit {"timestamp":9185103.435088,"wallClock":1760208161582,"durationMs":40,"source":"console.replay","correlationId":"console-replay:mgmmhptglsiek3vq","latencyMs":58.10296900011599,"timelineOffsetMs":31.189743999391794}
10-11 14:42:41.614 21612 22318 D OutputsAudio: [outputs-audio] stop gain=1.000 release=6.00
10-11 14:42:41.632 21612 21675 D OutputsAudio: [outputs-audio] symbol.info sequence=21 symbol=. timestamp=9185094.631 duration=40.000
10-11 14:42:41.632 21612 21675 I ReactNativeJS: [outputs] playMorse.symbol {"timestamp":9185153.678525,"wallClock":1760208161632,"symbol":".","durationMs":40,"index":20,"source":"console.replay","correlationId":"console-replay:mgmmhpwgp4ndryuf","nativeTimestampMs":9185094.631,"nativeDurationMs":40,"nativeOffsetMs":58.9983590003103,"nativeSequence":21,"monotonicTimestampMs":9185094.631}
10-11 14:42:41.633 21612 21675 I ReactNativeJS: [outputs] outputs.hapticSymbol {"timestamp":9185154.159202,"wallClock":1760208161633,"enabled":true,"symbol":".","durationMs":40,"platform":"android","source":"console.replay","correlationId":"console-replay:mgmmhpwgp4ndryuf","timelineOffsetMs":58.9983590003103}
10-11 14:42:41.633 21612 21675 I ReactNativeJS: [outputs] outputs.flashPulse {"timestamp":9185154.773161,"wallClock":1760208161633,"enabled":true,"durationMs":40,"source":"console.replay","correlationId":"console-replay:mgmmhpwgp4ndryuf","timelineOffsetMs":58.9983590003103}
10-11 14:42:41.655 21612 22318 D OutputsAudio: [outputs-audio] start hz=700.0 gain=1.000 attack=2.50 release=6.00
10-11 14:42:41.692 21612 21675 I ReactNativeJS: [outputs] outputs.flashPulse.commit {"timestamp":9185213.10639,"wallClock":1760208161691,"durationMs":40,"source":"console.replay","correlationId":"console-replay:mgmmhpwgp4ndryuf","latencyMs":59.47317700088024,"timelineOffsetMs":58.9983590003103}
10-11 14:42:41.743 21612 21675 D OutputsAudio: [outputs-audio] symbol.info sequence=22 symbol=- timestamp=9185176.543 duration=120.000
10-11 14:42:41.743 21612 21675 I ReactNativeJS: [outputs] playMorse.symbol {"timestamp":9185264.509359,"wallClock":1760208161743,"symbol":"-","durationMs":120,"index":21,"source":"console.replay","correlationId":"console-replay:mgmmhpzjqszu3oy5","nativeTimestampMs":9185176.543,"nativeDurationMs":120,"nativeOffsetMs":87.91828600130975,"nativeSequence":22,"monotonicTimestampMs":9185176.543}
10-11 14:42:41.744 21612 21675 I ReactNativeJS: [outputs] playMorse.nativeOffset.spike {"timestamp":9185264.962848,"wallClock":1760208161743,"source":"console.replay","offsetMs":87.91828600130975,"sequence":22,"unitMs":40,"correlationId":"console-replay:mgmmhpzjqszu3oy5"}
10-11 14:42:41.744 21612 21675 I ReactNativeJS: [outputs] outputs.hapticSymbol {"timestamp":9185265.276286,"wallClock":1760208161744,"enabled":true,"symbol":"-","durationMs":120,"platform":"android","source":"console.replay","correlationId":"console-replay:mgmmhpzjqszu3oy5","timelineOffsetMs":87.91828600130975}
10-11 14:42:41.744 21612 21675 I ReactNativeJS: [outputs] outputs.flashPulse {"timestamp":9185265.873161,"wallClock":1760208161744,"enabled":true,"durationMs":120,"source":"console.replay","correlationId":"console-replay:mgmmhpzjqszu3oy5","timelineOffsetMs":87.91828600130975}
10-11 14:42:41.776 21612 22318 D OutputsAudio: [outputs-audio] stop gain=1.000 release=6.00
10-11 14:42:41.798 21612 21675 I ReactNativeJS: [outputs] outputs.flashPulse.commit {"timestamp":9185319.233004,"wallClock":1760208161798,"durationMs":120,"source":"console.replay","correlationId":"console-replay:mgmmhpzjqszu3oy5","latencyMs":54.76734299957752,"timelineOffsetMs":87.91828600130975}
10-11 14:42:41.816 21612 22318 D OutputsAudio: [outputs-audio] start hz=700.0 gain=1.000 attack=2.50 release=6.00
10-11 14:42:41.848 21612 21675 D OutputsAudio: [outputs-audio] symbol.info sequence=23 symbol=- timestamp=9185338.087 duration=120.000
10-11 14:42:41.848 21612 21675 I ReactNativeJS: [outputs] playMorse.symbol {"timestamp":9185369.667588,"wallClock":1760208161848,"symbol":"-","durationMs":120,"index":22,"source":"console.replay","correlationId":"console-replay:mgmmhq2g1b3jy7i8","nativeTimestampMs":9185338.087,"nativeDurationMs":120,"nativeOffsetMs":31.534494001418352,"nativeSequence":23,"monotonicTimestampMs":9185338.087}
10-11 14:42:41.849 21612 21675 I ReactNativeJS: [outputs] outputs.hapticSymbol {"timestamp":9185370.142483,"wallClock":1760208161849,"enabled":true,"symbol":"-","durationMs":120,"platform":"android","source":"console.replay","correlationId":"console-replay:mgmmhq2g1b3jy7i8","timelineOffsetMs":31.534494001418352}
10-11 14:42:41.849 21612 21675 I ReactNativeJS: [outputs] outputs.flashPulse {"timestamp":9185370.775556,"wallClock":1760208161849,"enabled":true,"durationMs":120,"source":"console.replay","correlationId":"console-replay:mgmmhq2g1b3jy7i8","timelineOffsetMs":31.534494001418352}
10-11 14:42:41.907 21612 21675 I ReactNativeJS: [outputs] outputs.flashPulse.commit {"timestamp":9185428.350452,"wallClock":1760208161907,"durationMs":120,"source":"console.replay","correlationId":"console-replay:mgmmhq2g1b3jy7i8","latencyMs":58.72484399937093,"timelineOffsetMs":31.534494001418352}
10-11 14:42:41.937 21612 22318 D OutputsAudio: [outputs-audio] stop gain=1.000 release=6.00
10-11 14:42:41.978 21612 22318 D OutputsAudio: [outputs-audio] start hz=700.0 gain=1.000 attack=2.50 release=6.00
10-11 14:42:41.991 21612 21675 D OutputsAudio: [outputs-audio] symbol.info sequence=24 symbol=- timestamp=9185499.514 duration=120.000
10-11 14:42:41.992 21612 21675 I ReactNativeJS: [outputs] playMorse.symbol {"timestamp":9185512.698733,"wallClock":1760208161991,"symbol":"-","durationMs":120,"index":23,"source":"console.replay","correlationId":"console-replay:mgmmhq6f2i0f9er7","nativeTimestampMs":9185499.514,"nativeDurationMs":120,"nativeOffsetMs":13.116191999986768,"nativeSequence":24,"monotonicTimestampMs":9185499.514}
10-11 14:42:41.992 21612 21675 I ReactNativeJS: [outputs] outputs.hapticSymbol {"timestamp":9185513.343786,"wallClock":1760208161992,"enabled":true,"symbol":"-","durationMs":120,"platform":"android","source":"console.replay","correlationId":"console-replay:mgmmhq6f2i0f9er7","timelineOffsetMs":13.116191999986768}
10-11 14:42:41.993 21612 21675 I ReactNativeJS: [outputs] outputs.flashPulse {"timestamp":9185514.009046,"wallClock":1760208161992,"enabled":true,"durationMs":120,"source":"console.replay","correlationId":"console-replay:mgmmhq6f2i0f9er7","timelineOffsetMs":13.116191999986768}
10-11 14:42:42.053 21612 21675 I ReactNativeJS: [outputs] outputs.flashPulse.commit {"timestamp":9185574.275244,"wallClock":1760208162053,"durationMs":120,"source":"console.replay","correlationId":"console-replay:mgmmhq6f2i0f9er7","latencyMs":61.64005200006068,"timelineOffsetMs":13.116191999986768}
10-11 14:42:42.099 21612 22318 D OutputsAudio: [outputs-audio] stop gain=1.000 release=6.00
10-11 14:42:42.140 21612 22318 D OutputsAudio: [outputs-audio] start hz=700.0 gain=1.000 attack=2.50 release=6.00
10-11 14:42:42.154 21612 21675 D OutputsAudio: [outputs-audio] symbol.info sequence=25 symbol=. timestamp=9185661.548 duration=40.000
10-11 14:42:42.155 21612 21675 I ReactNativeJS: [outputs] playMorse.symbol {"timestamp":9185675.77139,"wallClock":1760208162154,"symbol":".","durationMs":40,"index":24,"source":"console.replay","correlationId":"console-replay:mgmmhqaywz9ztgno","nativeTimestampMs":9185661.548,"nativeDurationMs":40,"nativeOffsetMs":14.154691999778152,"nativeSequence":25,"monotonicTimestampMs":9185661.548}
10-11 14:42:42.155 21612 21675 I ReactNativeJS: [outputs] outputs.hapticSymbol {"timestamp":9185676.523473,"wallClock":1760208162155,"enabled":true,"symbol":".","durationMs":40,"platform":"android","source":"console.replay","correlationId":"console-replay:mgmmhqaywz9ztgno","timelineOffsetMs":14.154691999778152}
10-11 14:42:42.156 21612 21675 I ReactNativeJS: [outputs] outputs.flashPulse {"timestamp":9185677.520035,"wallClock":1760208162156,"enabled":true,"durationMs":40,"source":"console.replay","correlationId":"console-replay:mgmmhqaywz9ztgno","timelineOffsetMs":14.154691999778152}
10-11 14:42:42.181 21612 22318 D OutputsAudio: [outputs-audio] stop gain=1.000 release=6.00
10-11 14:42:42.213 21612 21675 I ReactNativeJS: [outputs] outputs.flashPulse.commit {"timestamp":9185733.790452,"wallClock":1760208162212,"durationMs":40,"source":"console.replay","correlationId":"console-replay:mgmmhqaywz9ztgno","latencyMs":58.08276000060141,"timelineOffsetMs":14.154691999778152}
10-11 14:42:42.221 21612 22318 D OutputsAudio: [outputs-audio] start hz=700.0 gain=1.000 attack=2.50 release=6.00
10-11 14:42:42.256 21612 21675 D OutputsAudio: [outputs-audio] symbol.info sequence=26 symbol=. timestamp=9185742.636 duration=40.000
10-11 14:42:42.257 21612 21675 I ReactNativeJS: [outputs] playMorse.symbol {"timestamp":9185778.215087,"wallClock":1760208162257,"symbol":".","durationMs":40,"index":25,"source":"console.replay","correlationId":"console-replay:mgmmhqdtitaf9g5m","nativeTimestampMs":9185742.636,"nativeDurationMs":40,"nativeOffsetMs":35.528827000409365,"nativeSequence":26,"monotonicTimestampMs":9185742.636}
10-11 14:42:42.257 21612 21675 I ReactNativeJS: [outputs] outputs.hapticSymbol {"timestamp":9185778.710556,"wallClock":1760208162257,"enabled":true,"symbol":".","durationMs":40,"platform":"android","source":"console.replay","correlationId":"console-replay:mgmmhqdtitaf9g5m","timelineOffsetMs":35.528827000409365}
10-11 14:42:42.258 21612 21675 I ReactNativeJS: [outputs] outputs.flashPulse {"timestamp":9185779.378369,"wallClock":1760208162258,"enabled":true,"durationMs":40,"source":"console.replay","correlationId":"console-replay:mgmmhqdtitaf9g5m","timelineOffsetMs":35.528827000409365}
10-11 14:42:42.261 21612 22318 D OutputsAudio: [outputs-audio] stop gain=1.000 release=6.00
10-11 14:42:42.302 21612 22318 D OutputsAudio: [outputs-audio] start hz=700.0 gain=1.000 attack=2.50 release=6.00
10-11 14:42:42.315 21612 21675 D OutputsAudio: [outputs-audio] symbol.info sequence=27 symbol=. timestamp=9185823.882 duration=40.000
10-11 14:42:42.315 21612 21675 I ReactNativeJS: [outputs] playMorse.symbol {"timestamp":9185836.474098,"wallClock":1760208162315,"symbol":".","durationMs":40,"index":26,"source":"console.replay","correlationId":"console-replay:mgmmhqffdtf0npa0","nativeTimestampMs":9185823.882,"nativeDurationMs":40,"nativeOffsetMs":12.545796001330018,"nativeSequence":27,"monotonicTimestampMs":9185823.882}
10-11 14:42:42.316 21612 21675 I ReactNativeJS: [outputs] outputs.hapticSymbol {"timestamp":9185836.939723,"wallClock":1760208162315,"enabled":true,"symbol":".","durationMs":40,"platform":"android","source":"console.replay","correlationId":"console-replay:mgmmhqffdtf0npa0","timelineOffsetMs":12.545796001330018}
10-11 14:42:42.316 21612 21675 I ReactNativeJS: [outputs] outputs.flashPulse {"timestamp":9185837.52889,"wallClock":1760208162316,"enabled":true,"durationMs":40,"source":"console.replay","correlationId":"console-replay:mgmmhqffdtf0npa0","timelineOffsetMs":12.545796001330018}
10-11 14:42:42.343 21612 22318 D OutputsAudio: [outputs-audio] stop gain=1.000 release=6.00
10-11 14:42:42.373 21612 21675 I ReactNativeJS: [outputs] outputs.flashPulse.commit {"timestamp":9185893.911129,"wallClock":1760208162372,"durationMs":40,"source":"console.replay","correlationId":"console-replay:mgmmhqdtitaf9g5m","latencyMs":115.7414579987526,"timelineOffsetMs":35.528827000409365}
10-11 14:42:42.384 21612 22318 D OutputsAudio: [outputs-audio] stop gain=0.000 release=6.00
10-11 14:42:42.384 21612 22318 D OutputsAudio: [outputs-audio] playMorse.end cancelled=0
10-11 14:42:42.426 21612 21675 I ReactNativeJS: [outputs] outputs.flashPulse.commit {"timestamp":9185947.402587,"wallClock":1760208162426,"durationMs":40,"source":"console.replay","correlationId":"console-replay:mgmmhqffdtf0npa0","latencyMs":110.97067699953914,"timelineOffsetMs":12.545796001330018}
10-11 14:42:42.470 21612 21675 I ReactNativeJS: [outputs] playMorse.complete {"timestamp":9185991.567067,"wallClock":1760208162470,"durationMs":3389.667550999671,"source":"console.replay","audioEnabled":true,"audioVolumePercent":100}
10-11 14:42:45.562 21612 21675 I ReactNativeJS: [outputs] playMorse.start {"timestamp":9189082.754253,"wallClock":1760208165561,"unitMs":34,"length":28,"source":"console.replay","audioEnabled":true,"audioVolumePercent":100}
10-11 14:42:45.673 21612 21675 D OutputsAudio: [outputs-audio] warmup hz=700.0
10-11 14:42:45.673 21612 22360 D OutputsAudio: [outputs-audio] playMorse.start count=27 unit=34.0
10-11 14:42:45.673 21612 22360 D OutputsAudio: [outputs-audio] start hz=700.0 gain=1.000 attack=2.50 release=6.00
10-11 14:42:45.694 21612 21675 D OutputsAudio: [outputs-audio] symbol.info sequence=1 symbol=. timestamp=9189194.871 duration=34.000
10-11 14:42:45.695 21612 21675 I ReactNativeJS: [outputs] playMorse.symbol {"timestamp":9189215.519722,"wallClock":1760208165694,"symbol":".","durationMs":34,"index":0,"source":"console.replay","correlationId":"console-replay:mgmmht1aypzj6c9m","nativeTimestampMs":9189194.871,"nativeDurationMs":34,"nativeOffsetMs":20.55367000028491,"nativeSequence":1,"monotonicTimestampMs":9189194.871}
10-11 14:42:45.695 21612 21675 I ReactNativeJS: [outputs] outputs.hapticSymbol {"timestamp":9189216.579513,"wallClock":1760208165695,"enabled":true,"symbol":".","durationMs":34,"platform":"android","source":"console.replay","correlationId":"console-replay:mgmmht1aypzj6c9m","timelineOffsetMs":20.55367000028491}
10-11 14:42:45.697 21612 21675 I ReactNativeJS: [outputs] outputs.flashPulse {"timestamp":9189217.775503,"wallClock":1760208165696,"enabled":true,"durationMs":34,"source":"console.replay","correlationId":"console-replay:mgmmht1aypzj6c9m","timelineOffsetMs":20.55367000028491}
10-11 14:42:45.708 21612 22360 D OutputsAudio: [outputs-audio] stop gain=1.000 release=6.00
10-11 14:42:45.743 21612 22360 D OutputsAudio: [outputs-audio] start hz=700.0 gain=1.000 attack=2.50 release=6.00
10-11 14:42:45.761 21612 21675 I ReactNativeJS: [outputs] outputs.flashPulse.commit {"timestamp":9189282.270555,"wallClock":1760208165761,"durationMs":34,"source":"console.replay","correlationId":"console-replay:mgmmht1aypzj6c9m","latencyMs":66.84057199954987,"timelineOffsetMs":20.55367000028491}
10-11 14:42:45.778 21612 22360 D OutputsAudio: [outputs-audio] stop gain=1.000 release=6.00
10-11 14:42:45.805 21612 21675 D OutputsAudio: [outputs-audio] symbol.info sequence=2 symbol=. timestamp=9189264.823 duration=34.000
10-11 14:42:45.805 21612 21675 I ReactNativeJS: [outputs] playMorse.symbol {"timestamp":9189326.287794,"wallClock":1760208165805,"symbol":".","durationMs":34,"index":1,"source":"console.replay","correlationId":"console-replay:mgmmht4dhzst2mxi","nativeTimestampMs":9189264.823,"nativeDurationMs":34,"nativeOffsetMs":61.41557599976659,"nativeSequence":2,"monotonicTimestampMs":9189264.823}
10-11 14:42:45.805 21612 21675 I ReactNativeJS: [outputs] outputs.hapticSymbol {"timestamp":9189326.770451,"wallClock":1760208165805,"enabled":true,"symbol":".","durationMs":34,"platform":"android","source":"console.replay","correlationId":"console-replay:mgmmht4dhzst2mxi","timelineOffsetMs":61.41557599976659}
10-11 14:42:45.806 21612 21675 I ReactNativeJS: [outputs] outputs.flashPulse {"timestamp":9189327.401649,"wallClock":1760208165806,"enabled":true,"durationMs":34,"source":"console.replay","correlationId":"console-replay:mgmmht4dhzst2mxi","timelineOffsetMs":61.41557599976659}
10-11 14:42:45.812 21612 22360 D OutputsAudio: [outputs-audio] start hz=700.0 gain=1.000 attack=2.50 release=6.00
10-11 14:42:45.847 21612 22360 D OutputsAudio: [outputs-audio] stop gain=1.000 release=6.00
10-11 14:42:45.863 21612 21675 I ReactNativeJS: [outputs] outputs.flashPulse.commit {"timestamp":9189383.790972,"wallClock":1760208165862,"durationMs":34,"source":"console.replay","correlationId":"console-replay:mgmmht4dhzst2mxi","latencyMs":57.54817700013518,"timelineOffsetMs":61.41557599976659}
10-11 14:42:45.882 21612 22360 D OutputsAudio: [outputs-audio] start hz=700.0 gain=1.000 attack=2.50 release=6.00
10-11 14:42:45.915 21612 21675 D OutputsAudio: [outputs-audio] symbol.info sequence=4 symbol=- timestamp=9189403.771 duration=102.000
10-11 14:42:45.918 21612 21675 W ReactNativeJS: '[outputs-audio] native sequence jump', { previous: 2, next: 4, delta: 2 }
10-11 14:42:45.921 21612 21675 I ReactNativeJS: [outputs] playMorse.symbol {"timestamp":9189442.056701,"wallClock":1760208165920,"symbol":".","durationMs":34,"index":2,"source":"console.replay","correlationId":"console-replay:mgmmht7k8u2iu4zc","nativeTimestampMs":9189403.771,"nativeDurationMs":102,"nativeOffsetMs":38.20799200050533,"nativeSequence":4,"monotonicTimestampMs":9189403.771}
10-11 14:42:45.921 21612 21675 I ReactNativeJS: [outputs] outputs.hapticSymbol {"timestamp":9189442.537482,"wallClock":1760208165921,"enabled":true,"symbol":".","durationMs":34,"platform":"android","source":"console.replay","correlationId":"console-replay:mgmmht7k8u2iu4zc","timelineOffsetMs":38.20799200050533}
10-11 14:42:45.922 21612 21675 I ReactNativeJS: [outputs] outputs.flashPulse {"timestamp":9189443.138003,"wallClock":1760208165922,"enabled":true,"durationMs":34,"source":"console.replay","correlationId":"console-replay:mgmmht7k8u2iu4zc","timelineOffsetMs":38.20799200050533}
10-11 14:42:45.985 21612 22360 D OutputsAudio: [outputs-audio] stop gain=1.000 release=6.00
10-11 14:42:45.993 21612 21675 I ReactNativeJS: [outputs] outputs.flashPulse.commit {"timestamp":9189513.894721,"wallClock":1760208165992,"durationMs":34,"source":"console.replay","correlationId":"console-replay:mgmmht7k8u2iu4zc","latencyMs":71.91119799949229,"timelineOffsetMs":38.20799200050533}
10-11 14:42:46.020 21612 22360 D OutputsAudio: [outputs-audio] start hz=700.0 gain=1.000 attack=2.50 release=6.00
10-11 14:42:46.038 21612 21675 D OutputsAudio: [outputs-audio] symbol.info sequence=5 symbol=- timestamp=9189541.352 duration=102.000
10-11 14:42:46.038 21612 21675 I ReactNativeJS: [outputs] playMorse.symbol {"timestamp":9189559.265503,"wallClock":1760208166038,"symbol":"-","durationMs":102,"index":3,"source":"console.replay","correlationId":"console-replay:mgmmhtauwfutvybw","nativeTimestampMs":9189541.352,"nativeDurationMs":102,"nativeOffsetMs":17.865377999842167,"nativeSequence":5,"monotonicTimestampMs":9189541.352}
10-11 14:42:46.038 21612 21675 I ReactNativeJS: [outputs] outputs.hapticSymbol {"timestamp":9189559.745034,"wallClock":1760208166038,"enabled":true,"symbol":"-","durationMs":102,"platform":"android","source":"console.replay","correlationId":"console-replay:mgmmhtauwfutvybw","timelineOffsetMs":17.865377999842167}
10-11 14:42:46.039 21612 21675 I ReactNativeJS: [outputs] outputs.flashPulse {"timestamp":9189560.421961,"wallClock":1760208166039,"enabled":true,"durationMs":102,"source":"console.replay","correlationId":"console-replay:mgmmhtauwfutvybw","timelineOffsetMs":17.865377999842167}
10-11 14:42:46.105 21612 21675 I ReactNativeJS: [outputs] outputs.flashPulse.commit {"timestamp":9189626.485034,"wallClock":1760208166105,"durationMs":102,"source":"console.replay","correlationId":"console-replay:mgmmhtauwfutvybw","latencyMs":67.26265599951148,"timelineOffsetMs":17.865377999842167}
10-11 14:42:46.123 21612 22360 D OutputsAudio: [outputs-audio] stop gain=1.000 release=6.00
10-11 14:42:46.158 21612 22360 D OutputsAudio: [outputs-audio] start hz=700.0 gain=1.000 attack=2.50 release=6.00
10-11 14:42:46.167 21612 21675 D OutputsAudio: [outputs-audio] symbol.info sequence=6 symbol=- timestamp=9189679.871 duration=102.000
10-11 14:42:46.168 21612 21675 I ReactNativeJS: [outputs] playMorse.symbol {"timestamp":9189689.164565,"wallClock":1760208166168,"symbol":"-","durationMs":102,"index":4,"source":"console.replay","correlationId":"console-replay:mgmmhtegy4zai0bx","nativeTimestampMs":9189679.871,"nativeDurationMs":102,"nativeOffsetMs":9.241690000519156,"nativeSequence":6,"monotonicTimestampMs":9189679.871}
10-11 14:42:46.168 21612 21675 I ReactNativeJS: [outputs] outputs.hapticSymbol {"timestamp":9189689.68868,"wallClock":1760208166168,"enabled":true,"symbol":"-","durationMs":102,"platform":"android","source":"console.replay","correlationId":"console-replay:mgmmhtegy4zai0bx","timelineOffsetMs":9.241690000519156}
10-11 14:42:46.169 21612 21675 I ReactNativeJS: [outputs] outputs.flashPulse {"timestamp":9189690.498367,"wallClock":1760208166169,"enabled":true,"durationMs":102,"source":"console.replay","correlationId":"console-replay:mgmmhtegy4zai0bx","timelineOffsetMs":9.241690000519156}
10-11 14:42:46.223 21612 21675 I ReactNativeJS: [outputs] outputs.flashPulse.commit {"timestamp":9189744.457846,"wallClock":1760208166223,"durationMs":102,"source":"console.replay","correlationId":"console-replay:mgmmhtegy4zai0bx","latencyMs":55.34057299979031,"timelineOffsetMs":9.241690000519156}
10-11 14:42:46.261 21612 22360 D OutputsAudio: [outputs-audio] stop gain=1.000 release=6.00
10-11 14:42:46.296 21612 22360 D OutputsAudio: [outputs-audio] start hz=700.0 gain=1.000 attack=2.50 release=6.00
10-11 14:42:46.308 21612 21675 D OutputsAudio: [outputs-audio] symbol.info sequence=7 symbol=. timestamp=9189818.098 duration=34.000
10-11 14:42:46.308 21612 21675 I ReactNativeJS: [outputs] playMorse.symbol {"timestamp":9189829.292326,"wallClock":1760208166308,"symbol":"-","durationMs":102,"index":5,"source":"console.replay","correlationId":"console-replay:mgmmhtic0iotjr6n","nativeTimestampMs":9189818.098,"nativeDurationMs":34,"nativeOffsetMs":11.126773001626134,"nativeSequence":7,"monotonicTimestampMs":9189818.098}
10-11 14:42:46.309 21612 21675 I ReactNativeJS: [outputs] outputs.hapticSymbol {"timestamp":9189829.951336,"wallClock":1760208166308,"enabled":true,"symbol":"-","durationMs":102,"platform":"android","source":"console.replay","correlationId":"console-replay:mgmmhtic0iotjr6n","timelineOffsetMs":11.126773001626134}
10-11 14:42:46.309 21612 21675 I ReactNativeJS: [outputs] outputs.flashPulse {"timestamp":9189830.656544,"wallClock":1760208166309,"enabled":true,"durationMs":102,"source":"console.replay","correlationId":"console-replay:mgmmhtic0iotjr6n","timelineOffsetMs":11.126773001626134}
10-11 14:42:46.331 21612 22360 D OutputsAudio: [outputs-audio] stop gain=1.000 release=6.00
10-11 14:42:46.363 21612 21675 I ReactNativeJS: [outputs] outputs.flashPulse.commit {"timestamp":9189884.170451,"wallClock":1760208166363,"durationMs":102,"source":"console.replay","correlationId":"console-replay:mgmmhtic0iotjr6n","latencyMs":54.94124999828637,"timelineOffsetMs":11.126773001626134}
10-11 14:42:46.366 21612 22360 D OutputsAudio: [outputs-audio] start hz=700.0 gain=1.000 attack=2.50 release=6.00
10-11 14:42:46.401 21612 22360 D OutputsAudio: [outputs-audio] stop gain=1.000 release=6.00
10-11 14:42:46.407 21612 21675 D OutputsAudio: [outputs-audio] symbol.info sequence=8 symbol=. timestamp=9189887.735 duration=34.000
10-11 14:42:46.407 21612 21675 I ReactNativeJS: [outputs] playMorse.symbol {"timestamp":9189928.239982,"wallClock":1760208166407,"symbol":".","durationMs":34,"index":6,"source":"console.replay","correlationId":"console-replay:mgmmhtl3pch3s7tt","nativeTimestampMs":9189887.735,"nativeDurationMs":34,"nativeOffsetMs":40.459409000352025,"nativeSequence":8,"monotonicTimestampMs":9189887.735}
10-11 14:42:46.407 21612 21675 I ReactNativeJS: [outputs] outputs.hapticSymbol {"timestamp":9189928.711284,"wallClock":1760208166407,"enabled":true,"symbol":".","durationMs":34,"platform":"android","source":"console.replay","correlationId":"console-replay:mgmmhtl3pch3s7tt","timelineOffsetMs":40.459409000352025}
10-11 14:42:46.408 21612 21675 I ReactNativeJS: [outputs] outputs.flashPulse {"timestamp":9189929.31868,"wallClock":1760208166408,"enabled":true,"durationMs":34,"source":"console.replay","correlationId":"console-replay:mgmmhtl3pch3s7tt","timelineOffsetMs":40.459409000352025}
10-11 14:42:46.436 21612 22360 D OutputsAudio: [outputs-audio] start hz=700.0 gain=1.000 attack=2.50 release=6.00
10-11 14:42:46.464 21612 21675 I ReactNativeJS: [outputs] outputs.flashPulse.commit {"timestamp":9189985.620294,"wallClock":1760208166464,"durationMs":34,"source":"console.replay","correlationId":"console-replay:mgmmhtl3pch3s7tt","latencyMs":57.421406000852585,"timelineOffsetMs":40.459409000352025}
10-11 14:42:46.470 21612 22360 D OutputsAudio: [outputs-audio] stop gain=1.000 release=6.00
10-11 14:42:46.504 21612 22360 D OutputsAudio: [outputs-audio] start hz=700.0 gain=1.000 attack=2.50 release=6.00
10-11 14:42:46.510 21612 21675 D OutputsAudio: [outputs-audio] symbol.info sequence=10 symbol=- timestamp=9190026.125 duration=102.000
10-11 14:42:46.511 21612 21675 W ReactNativeJS: '[outputs-audio] native sequence jump', { previous: 8, next: 10, delta: 2 }
10-11 14:42:46.511 21612 21675 I ReactNativeJS: [outputs] playMorse.symbol {"timestamp":9190032.396075,"wallClock":1760208166511,"symbol":".","durationMs":34,"index":7,"source":"console.replay","correlationId":"console-replay:mgmmhtnz825mfqg7","nativeTimestampMs":9190026.125,"nativeDurationMs":102,"nativeOffsetMs":6.238159000873566,"nativeSequence":10,"monotonicTimestampMs":9190026.125}
10-11 14:42:46.511 21612 21675 I ReactNativeJS: [outputs] outputs.hapticSymbol {"timestamp":9190032.7642,"wallClock":1760208166511,"enabled":true,"symbol":".","durationMs":34,"platform":"android","source":"console.replay","correlationId":"console-replay:mgmmhtnz825mfqg7","timelineOffsetMs":6.238159000873566}
10-11 14:42:46.512 21612 21675 I ReactNativeJS: [outputs] outputs.flashPulse {"timestamp":9190033.398159,"wallClock":1760208166512,"enabled":true,"durationMs":34,"source":"console.replay","correlationId":"console-replay:mgmmhtnz825mfqg7","timelineOffsetMs":6.238159000873566}
10-11 14:42:46.564 21612 21675 I ReactNativeJS: [outputs] outputs.flashPulse.commit {"timestamp":9190085.251284,"wallClock":1760208166564,"durationMs":34,"source":"console.replay","correlationId":"console-replay:mgmmhtnz825mfqg7","latencyMs":52.88406199961901,"timelineOffsetMs":6.238159000873566}
10-11 14:42:46.607 21612 22360 D OutputsAudio: [outputs-audio] stop gain=1.000 release=6.00
10-11 14:42:46.642 21612 22360 D OutputsAudio: [outputs-audio] start hz=700.0 gain=1.000 attack=2.50 release=6.00
10-11 14:42:46.667 21612 21675 D OutputsAudio: [outputs-audio] symbol.info sequence=11 symbol=- timestamp=9190164.183 duration=102.000
10-11 14:42:46.668 21612 21675 I ReactNativeJS: [outputs] playMorse.symbol {"timestamp":9190189.165815,"wallClock":1760208166668,"symbol":".","durationMs":34,"index":8,"source":"console.replay","correlationId":"console-replay:mgmmhtsc8zvbkhjv","nativeTimestampMs":9190164.183,"nativeDurationMs":102,"nativeOffsetMs":24.903022998943925,"nativeSequence":11,"monotonicTimestampMs":9190164.183}
10-11 14:42:46.669 21612 21675 I ReactNativeJS: [outputs] outputs.hapticSymbol {"timestamp":9190189.858627,"wallClock":1760208166668,"enabled":true,"symbol":".","durationMs":34,"platform":"android","source":"console.replay","correlationId":"console-replay:mgmmhtsc8zvbkhjv","timelineOffsetMs":24.903022998943925}
10-11 14:42:46.670 21612 21675 I ReactNativeJS: [outputs] outputs.flashPulse {"timestamp":9190190.85545,"wallClock":1760208166669,"enabled":true,"durationMs":34,"source":"console.replay","correlationId":"console-replay:mgmmhtsc8zvbkhjv","timelineOffsetMs":24.903022998943925}
10-11 14:42:46.732 21612 21675 I ReactNativeJS: [outputs] outputs.flashPulse.commit {"timestamp":9190253.294513,"wallClock":1760208166732,"durationMs":34,"source":"console.replay","correlationId":"console-replay:mgmmhtsc8zvbkhjv","latencyMs":64.20416700094938,"timelineOffsetMs":24.903022998943925}
10-11 14:42:46.745 21612 22360 D OutputsAudio: [outputs-audio] stop gain=1.000 release=6.00
10-11 14:42:46.780 21612 22360 D OutputsAudio: [outputs-audio] start hz=700.0 gain=1.000 attack=2.50 release=6.00
10-11 14:42:46.784 21612 21675 D OutputsAudio: [outputs-audio] symbol.info sequence=12 symbol=- timestamp=9190301.617 duration=102.000
10-11 14:42:46.784 21612 21675 I ReactNativeJS: [outputs] playMorse.symbol {"timestamp":9190305.58394,"wallClock":1760208166784,"symbol":"-","durationMs":102,"index":9,"source":"console.replay","correlationId":"console-replay:mgmmhtvkvplp8ajo","nativeTimestampMs":9190301.617,"nativeDurationMs":102,"nativeOffsetMs":3.919022999703884,"nativeSequence":12,"monotonicTimestampMs":9190301.617}
10-11 14:42:46.785 21612 21675 I ReactNativeJS: [outputs] outputs.hapticSymbol {"timestamp":9190306.057794,"wallClock":1760208166784,"enabled":true,"symbol":"-","durationMs":102,"platform":"android","source":"console.replay","correlationId":"console-replay:mgmmhtvkvplp8ajo","timelineOffsetMs":3.919022999703884}
10-11 14:42:46.785 21612 21675 I ReactNativeJS: [outputs] outputs.flashPulse {"timestamp":9190306.686544,"wallClock":1760208166785,"enabled":true,"durationMs":102,"source":"console.replay","correlationId":"console-replay:mgmmhtvkvplp8ajo","timelineOffsetMs":3.919022999703884}
10-11 14:42:46.837 21612 21675 I ReactNativeJS: [outputs] outputs.flashPulse.commit {"timestamp":9190358.502846,"wallClock":1760208166837,"durationMs":102,"source":"console.replay","correlationId":"console-replay:mgmmhtvkvplp8ajo","latencyMs":52.96265600062907,"timelineOffsetMs":3.919022999703884}
10-11 14:42:46.883 21612 22360 D OutputsAudio: [outputs-audio] stop gain=1.000 release=6.00
10-11 14:42:46.917 21612 22360 D OutputsAudio: [outputs-audio] start hz=700.0 gain=1.000 attack=2.50 release=6.00
10-11 14:42:46.941 21612 21675 D OutputsAudio: [outputs-audio] symbol.info sequence=13 symbol=. timestamp=9190439.140 duration=34.000
10-11 14:42:46.942 21612 21675 I ReactNativeJS: [outputs] playMorse.symbol {"timestamp":9190463.055763,"wallClock":1760208166941,"symbol":"-","durationMs":102,"index":10,"source":"console.replay","correlationId":"console-replay:mgmmhtzxaz319y45","nativeTimestampMs":9190439.14,"nativeDurationMs":34,"nativeOffsetMs":23.83253400027752,"nativeSequence":13,"monotonicTimestampMs":9190439.14}
10-11 14:42:46.943 21612 21675 I ReactNativeJS: [outputs] outputs.hapticSymbol {"timestamp":9190463.839513,"wallClock":1760208166942,"enabled":true,"symbol":"-","durationMs":102,"platform":"android","source":"console.replay","correlationId":"console-replay:mgmmhtzxaz319y45","timelineOffsetMs":23.83253400027752}
10-11 14:42:46.944 21612 21675 I ReactNativeJS: [outputs] outputs.flashPulse {"timestamp":9190464.962065,"wallClock":1760208166943,"enabled":true,"durationMs":102,"source":"console.replay","correlationId":"console-replay:mgmmhtzxaz319y45","timelineOffsetMs":23.83253400027752}
10-11 14:42:46.952 21612 22360 D OutputsAudio: [outputs-audio] stop gain=1.000 release=6.00
10-11 14:42:46.986 21612 22360 D OutputsAudio: [outputs-audio] start hz=700.0 gain=1.000 attack=2.50 release=6.00
10-11 14:42:47.004 21612 21675 I ReactNativeJS: [outputs] outputs.flashPulse.commit {"timestamp":9190525.090763,"wallClock":1760208167003,"durationMs":102,"source":"console.replay","correlationId":"console-replay:mgmmhtzxaz319y45","latencyMs":62.113749999552965,"timelineOffsetMs":23.83253400027752}
10-11 14:42:47.021 21612 22360 D OutputsAudio: [outputs-audio] stop gain=1.000 release=6.00
10-11 14:42:47.055 21612 22360 D OutputsAudio: [outputs-audio] start hz=700.0 gain=1.000 attack=2.50 release=6.00
10-11 14:42:47.059 21612 21675 D OutputsAudio: [outputs-audio] symbol.info sequence=15 symbol=. timestamp=9190576.943 duration=34.000
10-11 14:42:47.060 21612 21675 W ReactNativeJS: '[outputs-audio] native sequence jump', { previous: 13, next: 15, delta: 2 }
10-11 14:42:47.060 21612 21675 I ReactNativeJS: [outputs] playMorse.symbol {"timestamp":9190581.437273,"wallClock":1760208167060,"symbol":"-","durationMs":102,"index":11,"source":"console.replay","correlationId":"console-replay:mgmmhu38ciu09js6","nativeTimestampMs":9190576.943,"nativeDurationMs":34,"nativeOffsetMs":4.457606000825763,"nativeSequence":15,"monotonicTimestampMs":9190576.943}
10-11 14:42:47.061 21612 21675 I ReactNativeJS: [outputs] outputs.hapticSymbol {"timestamp":9190581.84144,"wallClock":1760208167060,"enabled":true,"symbol":"-","durationMs":102,"platform":"android","source":"console.replay","correlationId":"console-replay:mgmmhu38ciu09js6","timelineOffsetMs":4.457606000825763}
10-11 14:42:47.061 21612 21675 I ReactNativeJS: [outputs] outputs.flashPulse {"timestamp":9190582.522117,"wallClock":1760208167061,"enabled":true,"durationMs":102,"source":"console.replay","correlationId":"console-replay:mgmmhu38ciu09js6","timelineOffsetMs":4.457606000825763}
10-11 14:42:47.090 21612 22360 D OutputsAudio: [outputs-audio] stop gain=1.000 release=6.00
10-11 14:42:47.114 21612 21675 I ReactNativeJS: [outputs] outputs.flashPulse.commit {"timestamp":9190635.058054,"wallClock":1760208167113,"durationMs":102,"source":"console.replay","correlationId":"console-replay:mgmmhu38ciu09js6","latencyMs":53.65307299979031,"timelineOffsetMs":4.457606000825763}
10-11 14:42:47.125 21612 22360 D OutputsAudio: [outputs-audio] start hz=700.0 gain=1.000 attack=2.50 release=6.00
10-11 14:42:47.165 21612 21675 D OutputsAudio: [outputs-audio] symbol.info sequence=16 symbol=- timestamp=9190646.277 duration=102.000
10-11 14:42:47.165 21612 21675 I ReactNativeJS: [outputs] playMorse.symbol {"timestamp":9190686.511023,"wallClock":1760208167165,"symbol":".","durationMs":34,"index":12,"source":"console.replay","correlationId":"console-replay:mgmmhu659vefujlb","nativeTimestampMs":9190646.277,"nativeDurationMs":102,"nativeOffsetMs":40.186991998925805,"nativeSequence":16,"monotonicTimestampMs":9190646.277}
10-11 14:42:47.166 21612 21675 I ReactNativeJS: [outputs] outputs.hapticSymbol {"timestamp":9190686.991961,"wallClock":1760208167165,"enabled":true,"symbol":".","durationMs":34,"platform":"android","source":"console.replay","correlationId":"console-replay:mgmmhu659vefujlb","timelineOffsetMs":40.186991998925805}
10-11 14:42:47.166 21612 21675 I ReactNativeJS: [outputs] outputs.flashPulse {"timestamp":9190687.678054,"wallClock":1760208167166,"enabled":true,"durationMs":34,"source":"console.replay","correlationId":"console-replay:mgmmhu659vefujlb","timelineOffsetMs":40.186991998925805}
10-11 14:42:47.224 21612 21675 I ReactNativeJS: [outputs] outputs.flashPulse.commit {"timestamp":9190745.716856,"wallClock":1760208167224,"durationMs":34,"source":"console.replay","correlationId":"console-replay:mgmmhu659vefujlb","latencyMs":59.248905999585986,"timelineOffsetMs":40.186991998925805}
10-11 14:42:47.228 21612 22360 D OutputsAudio: [outputs-audio] stop gain=1.000 release=6.00
10-11 14:42:47.263 21612 22360 D OutputsAudio: [outputs-audio] start hz=700.0 gain=1.000 attack=2.50 release=6.00
10-11 14:42:47.277 21612 21675 D OutputsAudio: [outputs-audio] symbol.info sequence=17 symbol=- timestamp=9190784.243 duration=102.000
10-11 14:42:47.277 21612 21675 I ReactNativeJS: [outputs] playMorse.symbol {"timestamp":9190798.353888,"wallClock":1760208167277,"symbol":".","durationMs":34,"index":13,"source":"console.replay","correlationId":"console-replay:mgmmhu99ux6p2zfu","nativeTimestampMs":9190784.243,"nativeDurationMs":102,"nativeOffsetMs":14.062553999945521,"nativeSequence":17,"monotonicTimestampMs":9190784.243}
10-11 14:42:47.277 21612 21675 I ReactNativeJS: [outputs] outputs.hapticSymbol {"timestamp":9190798.829148,"wallClock":1760208167277,"enabled":true,"symbol":".","durationMs":34,"platform":"android","source":"console.replay","correlationId":"console-replay:mgmmhu99ux6p2zfu","timelineOffsetMs":14.062553999945521}
10-11 14:42:47.278 21612 21675 I ReactNativeJS: [outputs] outputs.flashPulse {"timestamp":9190799.461127,"wallClock":1760208167278,"enabled":true,"durationMs":34,"source":"console.replay","correlationId":"console-replay:mgmmhu99ux6p2zfu","timelineOffsetMs":14.062553999945521}
10-11 14:42:47.335 21612 21675 I ReactNativeJS: [outputs] outputs.flashPulse.commit {"timestamp":9190855.741231,"wallClock":1760208167334,"durationMs":34,"source":"console.replay","correlationId":"console-replay:mgmmhu99ux6p2zfu","latencyMs":57.431562999263406,"timelineOffsetMs":14.062553999945521}
10-11 14:42:47.365 21612 22360 D OutputsAudio: [outputs-audio] stop gain=1.000 release=6.00
10-11 14:42:47.400 21612 22360 D OutputsAudio: [outputs-audio] start hz=700.0 gain=1.000 attack=2.50 release=6.00
10-11 14:42:47.418 21612 21675 D OutputsAudio: [outputs-audio] symbol.info sequence=18 symbol=- timestamp=9190921.345 duration=102.000
10-11 14:42:47.419 21612 21675 I ReactNativeJS: [outputs] playMorse.symbol {"timestamp":9190939.794304,"wallClock":1760208167418,"symbol":".","durationMs":34,"index":14,"source":"console.replay","correlationId":"console-replay:mgmmhud64klsw3gt","nativeTimestampMs":9190921.345,"nativeDurationMs":102,"nativeOffsetMs":18.366126999258995,"nativeSequence":18,"monotonicTimestampMs":9190921.345}
10-11 14:42:47.421 21612 21675 I ReactNativeJS: [outputs] outputs.hapticSymbol {"timestamp":9190940.976127,"wallClock":1760208167419,"enabled":true,"symbol":".","durationMs":34,"platform":"android","source":"console.replay","correlationId":"console-replay:mgmmhud64klsw3gt","timelineOffsetMs":18.366126999258995}
10-11 14:42:47.422 21612 21675 I ReactNativeJS: [outputs] outputs.flashPulse {"timestamp":9190943.215971,"wallClock":1760208167422,"enabled":true,"durationMs":34,"source":"console.replay","correlationId":"console-replay:mgmmhud64klsw3gt","timelineOffsetMs":18.366126999258995}
10-11 14:42:47.496 21612 21675 I ReactNativeJS: [outputs] outputs.flashPulse.commit {"timestamp":9191017.178627,"wallClock":1760208167496,"durationMs":34,"source":"console.replay","correlationId":"console-replay:mgmmhud64klsw3gt","latencyMs":77.46291700005531,"timelineOffsetMs":18.366126999258995}
10-11 14:42:47.502 21612 22360 D OutputsAudio: [outputs-audio] stop gain=1.000 release=6.00
10-11 14:42:47.537 21612 22360 D OutputsAudio: [outputs-audio] start hz=700.0 gain=1.000 attack=2.50 release=6.00
10-11 14:42:47.541 21612 21675 D OutputsAudio: [outputs-audio] symbol.info sequence=19 symbol=. timestamp=9191058.161 duration=34.000
