10-11 16:33:07.260 19110 19189 D OutputsAudio: [outputs-audio] symbol.info sequence=3 symbol=. timestamp=15810763.340 duration=80.000
10-11 16:33:07.261 19110 19189 I ReactNativeJS: [outputs] playMorse.symbol {"timestamp":15810782.138706,"wallClock":1760214787261,"symbol":".","durationMs":80,"index":2,"source":"console.replay","correlationId":"console-replay:mgmqfq9o99dczcxc","nativeTimestampMs":15810763.34,"nativeDurationMs":80,"nativeOffsetMs":18.71865399926901,"nativeSequence":3,"monotonicTimestampMs":15810763.34}
10-11 16:33:07.262 19110 19189 I ReactNativeJS: [outputs] outputs.hapticSymbol {"timestamp":15810782.917352,"wallClock":1760214787261,"enabled":true,"symbol":".","durationMs":80,"platform":"android","source":"console.replay","correlationId":"console-replay:mgmqfq9o99dczcxc","timelineOffsetMs":18.71865399926901}
10-11 16:33:07.263 19110 19189 I ReactNativeJS: [outputs] outputs.flashPulse {"timestamp":15810784.256883,"wallClock":1760214787263,"enabled":true,"durationMs":80,"source":"console.replay","correlationId":"console-replay:mgmqfq9o99dczcxc","timelineOffsetMs":18.71865399926901}
10-11 16:33:07.322 19110 19884 D OutputsAudio: [outputs-audio] stop gain=1.000 release=6.00
10-11 16:33:07.326 19110 19189 I ReactNativeJS: [outputs] outputs.flashPulse.commit {"timestamp":15810847.334175,"wallClock":1760214787326,"durationMs":80,"source":"console.replay","correlationId":"console-replay:mgmqfq9o99dczcxc","latencyMs":65.27036500163376,"timelineOffsetMs":18.71865399926901,"leadMs":8,"scheduleSkewMs":73.27036500163376}
10-11 16:33:07.403 19110 19884 D OutputsAudio: [outputs-audio] start hz=700.0 gain=1.000 attack=2.50 release=6.00
10-11 16:33:07.426 19110 19189 D OutputsAudio: [outputs-audio] symbol.info sequence=4 symbol=- timestamp=15810924.691 duration=240.000
10-11 16:33:07.427 19110 19189 I ReactNativeJS: [outputs] playMorse.symbol {"timestamp":15810947.99131,"wallClock":1760214787426,"symbol":"-","durationMs":240,"index":3,"source":"console.replay","correlationId":"console-replay:mgmqfqea8ehtjv4i","nativeTimestampMs":15810924.691,"nativeDurationMs":240,"nativeOffsetMs":23.215779000893235,"nativeSequence":4,"monotonicTimestampMs":15810924.691}
10-11 16:33:07.428 19110 19189 I ReactNativeJS: [outputs] outputs.hapticSymbol {"timestamp":15810948.888341,"wallClock":1760214787427,"enabled":true,"symbol":"-","durationMs":240,"platform":"android","source":"console.replay","correlationId":"console-replay:mgmqfqea8ehtjv4i","timelineOffsetMs":23.215779000893235}
10-11 16:33:07.429 19110 19189 I ReactNativeJS: [outputs] outputs.flashPulse {"timestamp":15810949.923862,"wallClock":1760214787428,"enabled":true,"durationMs":240,"source":"console.replay","correlationId":"console-replay:mgmqfqea8ehtjv4i","timelineOffsetMs":23.215779000893235}
10-11 16:33:07.487 19110 19189 I ReactNativeJS: [outputs] outputs.flashPulse.commit {"timestamp":15811008.354071,"wallClock":1760214787487,"durationMs":240,"source":"console.replay","correlationId":"console-replay:mgmqfqea8ehtjv4i","latencyMs":60.442134998738766,"timelineOffsetMs":23.215779000893235,"leadMs":8,"scheduleSkewMs":68.44213499873877}
10-11 16:33:07.644 19110 19884 D OutputsAudio: [outputs-audio] stop gain=1.000 release=6.00
10-11 16:33:07.724 19110 19884 D OutputsAudio: [outputs-audio] start hz=700.0 gain=1.000 attack=2.50 release=6.00
10-11 16:33:07.738 19110 19189 D OutputsAudio: [outputs-audio] symbol.info sequence=5 symbol=- timestamp=15811246.127 duration=240.000
10-11 16:33:07.741 19110 19189 I ReactNativeJS: [outputs] playMorse.symbol {"timestamp":15811259.800581,"wallClock":1760214787738,"symbol":"-","durationMs":240,"index":4,"source":"console.replay","correlationId":"console-replay:mgmqfqmycpwy18k4","nativeTimestampMs":15811246.127,"nativeDurationMs":240,"nativeOffsetMs":13.56649800017476,"nativeSequence":5,"monotonicTimestampMs":15811246.127}
10-11 16:33:07.743 19110 19189 I ReactNativeJS: [outputs] outputs.hapticSymbol {"timestamp":15811263.237404,"wallClock":1760214787742,"enabled":true,"symbol":"-","durationMs":240,"platform":"android","source":"console.replay","correlationId":"console-replay:mgmqfqmycpwy18k4","timelineOffsetMs":13.56649800017476}
10-11 16:33:07.744 19110 19189 I ReactNativeJS: [outputs] outputs.flashPulse {"timestamp":15811265.436206,"wallClock":1760214787744,"enabled":true,"durationMs":240,"source":"console.replay","correlationId":"console-replay:mgmqfqmycpwy18k4","timelineOffsetMs":13.56649800017476}
10-11 16:33:07.802 19110 19189 I ReactNativeJS: [outputs] outputs.flashPulse.commit {"timestamp":15811323.637612,"wallClock":1760214787802,"durationMs":240,"source":"console.replay","correlationId":"console-replay:mgmqfqmycpwy18k4","latencyMs":63.93932200036943,"timelineOffsetMs":13.56649800017476,"leadMs":8,"scheduleSkewMs":71.93932200036943}
10-11 16:33:07.965 19110 19884 D OutputsAudio: [outputs-audio] stop gain=1.000 release=6.00
10-11 16:33:08.047 19110 19884 D OutputsAudio: [outputs-audio] start hz=700.0 gain=1.000 attack=2.50 release=6.00
10-11 16:33:08.073 19110 19189 D OutputsAudio: [outputs-audio] symbol.info sequence=6 symbol=- timestamp=15811568.848 duration=240.000
10-11 16:33:08.073 19110 19189 I ReactNativeJS: [outputs] playMorse.symbol {"timestamp":15811594.3448,"wallClock":1760214788073,"symbol":"-","durationMs":240,"index":5,"source":"console.replay","correlationId":"console-replay:mgmqfqw9j6ry3zx7","nativeTimestampMs":15811568.848,"nativeDurationMs":240,"nativeOffsetMs":25.42794500105083,"nativeSequence":6,"monotonicTimestampMs":15811568.848}
10-11 16:33:08.074 19110 19189 I ReactNativeJS: [outputs] outputs.hapticSymbol {"timestamp":15811594.97282,"wallClock":1760214788073,"enabled":true,"symbol":"-","durationMs":240,"platform":"android","source":"console.replay","correlationId":"console-replay:mgmqfqw9j6ry3zx7","timelineOffsetMs":25.42794500105083}
10-11 16:33:08.075 19110 19189 I ReactNativeJS: [outputs] outputs.flashPulse {"timestamp":15811595.852508,"wallClock":1760214788074,"enabled":true,"durationMs":240,"source":"console.replay","correlationId":"console-replay:mgmqfqw9j6ry3zx7","timelineOffsetMs":25.42794500105083}
10-11 16:33:08.124 19110 19189 I ReactNativeJS: [outputs] outputs.flashPulse.commit {"timestamp":15811645.67407,"wallClock":1760214788124,"durationMs":240,"source":"console.replay","correlationId":"console-replay:mgmqfqw9j6ry3zx7","latencyMs":51.39328199997544,"timelineOffsetMs":25.42794500105083,"leadMs":8,"scheduleSkewMs":59.39328199997544}
10-11 16:33:08.288 19110 19884 D OutputsAudio: [outputs-audio] stop gain=1.000 release=6.00
10-11 16:33:08.369 19110 19884 D OutputsAudio: [outputs-audio] start hz=700.0 gain=1.000 attack=2.50 release=6.00
10-11 16:33:08.376 19110 19189 D OutputsAudio: [outputs-audio] symbol.info sequence=7 symbol=. timestamp=15811891.179 duration=80.000
10-11 16:33:08.377 19110 19189 I ReactNativeJS: [outputs] playMorse.symbol {"timestamp":15811898.161362,"wallClock":1760214788377,"symbol":".","durationMs":80,"index":6,"source":"console.replay","correlationId":"console-replay:mgmqfr4p5une0pyw","nativeTimestampMs":15811891.179,"nativeDurationMs":80,"nativeOffsetMs":6.882310001179576,"nativeSequence":7,"monotonicTimestampMs":15811891.179}
10-11 16:33:08.378 19110 19189 I ReactNativeJS: [outputs] outputs.hapticSymbol {"timestamp":15811899.071987,"wallClock":1760214788377,"enabled":true,"symbol":".","durationMs":80,"platform":"android","source":"console.replay","correlationId":"console-replay:mgmqfr4p5une0pyw","timelineOffsetMs":6.882310001179576}
10-11 16:33:08.379 19110 19189 I ReactNativeJS: [outputs] outputs.flashPulse {"timestamp":15811900.345945,"wallClock":1760214788379,"enabled":true,"durationMs":80,"source":"console.replay","correlationId":"console-replay:mgmqfr4p5une0pyw","timelineOffsetMs":6.882310001179576}
10-11 16:33:08.446 19110 19189 I ReactNativeJS: [outputs] outputs.flashPulse.commit {"timestamp":15811966.830529,"wallClock":1760214788445,"durationMs":80,"source":"console.replay","correlationId":"console-replay:mgmqfr4p5une0pyw","latencyMs":68.76369799859822,"timelineOffsetMs":6.882310001179576,"leadMs":8,"scheduleSkewMs":76.76369799859822}
10-11 16:33:08.450 19110 19884 D OutputsAudio: [outputs-audio] stop gain=1.000 release=6.00
10-11 16:33:08.531 19110 19884 D OutputsAudio: [outputs-audio] start hz=700.0 gain=1.000 attack=2.50 release=6.00
10-11 16:33:08.553 19110 19189 D OutputsAudio: [outputs-audio] symbol.info sequence=8 symbol=. timestamp=15812053.237 duration=80.000
10-11 16:33:08.554 19110 19189 I ReactNativeJS: [outputs] playMorse.symbol {"timestamp":15812074.980633,"wallClock":1760214788553,"symbol":".","durationMs":80,"index":7,"source":"console.replay","correlationId":"console-replay:mgmqfr9ludqmisqm","nativeTimestampMs":15812053.237,"nativeDurationMs":80,"nativeOffsetMs":21.64337200112641,"nativeSequence":8,"monotonicTimestampMs":15812053.237}
10-11 16:33:08.555 19110 19189 I ReactNativeJS: [outputs] outputs.hapticSymbol {"timestamp":15812075.975164,"wallClock":1760214788554,"enabled":true,"symbol":".","durationMs":80,"platform":"android","source":"console.replay","correlationId":"console-replay:mgmqfr9ludqmisqm","timelineOffsetMs":21.64337200112641}
10-11 16:33:08.557 19110 19189 I ReactNativeJS: [outputs] outputs.flashPulse {"timestamp":15812077.767976,"wallClock":1760214788556,"enabled":true,"durationMs":80,"source":"console.replay","correlationId":"console-replay:mgmqfr9ludqmisqm","timelineOffsetMs":21.64337200112641}
10-11 16:33:08.612 19110 19884 D OutputsAudio: [outputs-audio] stop gain=1.000 release=6.00
10-11 16:33:08.627 19110 19189 I ReactNativeJS: [outputs] outputs.flashPulse.commit {"timestamp":15812148.400789,"wallClock":1760214788627,"durationMs":80,"source":"console.replay","correlationId":"console-replay:mgmqfr9ludqmisqm","latencyMs":73.51552099920809,"timelineOffsetMs":21.64337200112641,"leadMs":8,"scheduleSkewMs":81.51552099920809}
10-11 16:33:08.693 19110 19884 D OutputsAudio: [outputs-audio] start hz=700.0 gain=1.000 attack=2.50 release=6.00
10-11 16:33:08.709 19110 19189 D OutputsAudio: [outputs-audio] symbol.info sequence=9 symbol=. timestamp=15812214.501 duration=80.000
10-11 16:33:08.711 19110 19189 I ReactNativeJS: [outputs] playMorse.symbol {"timestamp":15812231.248601,"wallClock":1760214788710,"symbol":".","durationMs":80,"index":8,"source":"console.replay","correlationId":"console-replay:mgmqfrdysd4x1j3z","nativeTimestampMs":15812214.501,"nativeDurationMs":80,"nativeOffsetMs":16.64176799915731,"nativeSequence":9,"monotonicTimestampMs":15812214.501}
10-11 16:33:08.712 19110 19189 I ReactNativeJS: [outputs] outputs.hapticSymbol {"timestamp":15812232.621883,"wallClock":1760214788711,"enabled":true,"symbol":".","durationMs":80,"platform":"android","source":"console.replay","correlationId":"console-replay:mgmqfrdysd4x1j3z","timelineOffsetMs":16.64176799915731}
10-11 16:33:08.716 19110 19189 I ReactNativeJS: [outputs] outputs.flashPulse {"timestamp":15812235.976153,"wallClock":1760214788714,"enabled":true,"durationMs":80,"source":"console.replay","correlationId":"console-replay:mgmqfrdysd4x1j3z","timelineOffsetMs":16.64176799915731}
10-11 16:33:08.773 19110 19884 D OutputsAudio: [outputs-audio] stop gain=1.000 release=6.00
10-11 16:33:08.836 19110 19189 I ReactNativeJS: [outputs] outputs.flashPulse.commit {"timestamp":15812357.20631,"wallClock":1760214788836,"durationMs":80,"source":"console.replay","correlationId":"console-replay:mgmqfrdysd4x1j3z","latencyMs":126.05609400011599,"timelineOffsetMs":16.64176799915731,"leadMs":8,"scheduleSkewMs":134.056094000116}
10-11 16:33:08.854 19110 19884 D OutputsAudio: [outputs-audio] start hz=700.0 gain=1.000 attack=2.50 release=6.00
10-11 16:33:08.887 19110 19189 D OutputsAudio: [outputs-audio] symbol.info sequence=10 symbol=- timestamp=15812375.653 duration=240.000
10-11 16:33:08.888 19110 19189 I ReactNativeJS: [outputs] playMorse.symbol {"timestamp":15812408.935893,"wallClock":1760214788887,"symbol":"-","durationMs":240,"index":9,"source":"console.replay","correlationId":"console-replay:mgmqfriv56ttkmnf","nativeTimestampMs":15812375.653,"nativeDurationMs":240,"nativeOffsetMs":33.23346599936485,"nativeSequence":10,"monotonicTimestampMs":15812375.653}
10-11 16:33:08.888 19110 19189 I ReactNativeJS: [outputs] outputs.hapticSymbol {"timestamp":15812409.421518,"wallClock":1760214788888,"enabled":true,"symbol":"-","durationMs":240,"platform":"android","source":"console.replay","correlationId":"console-replay:mgmqfriv56ttkmnf","timelineOffsetMs":33.23346599936485}
10-11 16:33:08.889 19110 19189 I ReactNativeJS: [outputs] outputs.flashPulse {"timestamp":15812410.143705,"wallClock":1760214788889,"enabled":true,"durationMs":240,"source":"console.replay","correlationId":"console-replay:mgmqfriv56ttkmnf","timelineOffsetMs":33.23346599936485}
10-11 16:33:08.945 19110 19189 I ReactNativeJS: [outputs] outputs.flashPulse.commit {"timestamp":15812466.680268,"wallClock":1760214788945,"durationMs":240,"source":"console.replay","correlationId":"console-replay:mgmqfriv56ttkmnf","latencyMs":57.788801999762654,"timelineOffsetMs":33.23346599936485,"leadMs":8,"scheduleSkewMs":65.78880199976265}
10-11 16:33:09.094 19110 19884 D OutputsAudio: [outputs-audio] stop gain=1.000 release=6.00
10-11 16:33:09.175 19110 19884 D OutputsAudio: [outputs-audio] start hz=700.0 gain=1.000 attack=2.50 release=6.00
10-11 16:33:09.187 19110 19189 D OutputsAudio: [outputs-audio] symbol.info sequence=11 symbol=- timestamp=15812697.106 duration=240.000
10-11 16:33:09.190 19110 19189 I ReactNativeJS: [outputs] playMorse.symbol {"timestamp":15812709.222143,"wallClock":1760214789188,"symbol":"-","durationMs":240,"index":10,"source":"console.replay","correlationId":"console-replay:mgmqfrr84qjmm5az","nativeTimestampMs":15812697.106,"nativeDurationMs":240,"nativeOffsetMs":12.008798999711871,"nativeSequence":11,"monotonicTimestampMs":15812697.106}
10-11 16:33:09.191 19110 19189 I ReactNativeJS: [outputs] outputs.hapticSymbol {"timestamp":15812711.720997,"wallClock":1760214789190,"enabled":true,"symbol":"-","durationMs":240,"platform":"android","source":"console.replay","correlationId":"console-replay:mgmqfrr84qjmm5az","timelineOffsetMs":12.008798999711871}
10-11 16:33:09.194 19110 19189 I ReactNativeJS: [outputs] outputs.flashPulse {"timestamp":15812715.426414,"wallClock":1760214789194,"enabled":true,"durationMs":240,"source":"console.replay","correlationId":"console-replay:mgmqfrr84qjmm5az","timelineOffsetMs":12.008798999711871}
10-11 16:33:09.253 19110 19189 I ReactNativeJS: [outputs] outputs.flashPulse.commit {"timestamp":15812774.392455,"wallClock":1760214789253,"durationMs":240,"source":"console.replay","correlationId":"console-replay:mgmqfrr84qjmm5az","latencyMs":65.27229199931026,"timelineOffsetMs":12.008798999711871,"leadMs":8,"scheduleSkewMs":73.27229199931026}
10-11 16:33:09.416 19110 19884 D OutputsAudio: [outputs-audio] stop gain=1.000 release=6.00
10-11 16:33:09.496 19110 19884 D OutputsAudio: [outputs-audio] start hz=700.0 gain=1.000 attack=2.50 release=6.00
10-11 16:33:09.506 19110 19189 D OutputsAudio: [outputs-audio] symbol.info sequence=12 symbol=- timestamp=15813018.121 duration=240.000
10-11 16:33:09.509 19110 19189 I ReactNativeJS: [outputs] playMorse.symbol {"timestamp":15813027.615997,"wallClock":1760214789506,"symbol":"-","durationMs":240,"index":11,"source":"console.replay","correlationId":"console-replay:mgmqfs02s0o3zvlu","nativeTimestampMs":15813018.121,"nativeDurationMs":240,"nativeOffsetMs":9.388485999777913,"nativeSequence":12,"monotonicTimestampMs":15813018.121}
10-11 16:33:09.510 19110 19189 I ReactNativeJS: [outputs] outputs.hapticSymbol {"timestamp":15813030.606257,"wallClock":1760214789509,"enabled":true,"symbol":"-","durationMs":240,"platform":"android","source":"console.replay","correlationId":"console-replay:mgmqfs02s0o3zvlu","timelineOffsetMs":9.388485999777913}
10-11 16:33:09.514 19110 19189 I ReactNativeJS: [outputs] outputs.flashPulse {"timestamp":15813034.584278,"wallClock":1760214789513,"enabled":true,"durationMs":240,"source":"console.replay","correlationId":"console-replay:mgmqfs02s0o3zvlu","timelineOffsetMs":9.388485999777913}
10-11 16:33:09.569 19110 19189 I ReactNativeJS: [outputs] outputs.flashPulse.commit {"timestamp":15813090.68782,"wallClock":1760214789569,"durationMs":240,"source":"console.replay","correlationId":"console-replay:mgmqfs02s0o3zvlu","latencyMs":63.173646001145244,"timelineOffsetMs":9.388485999777913,"leadMs":8,"scheduleSkewMs":71.17364600114524}
10-11 16:33:09.737 19110 19884 D OutputsAudio: [outputs-audio] stop gain=1.000 release=6.00
10-11 16:33:09.818 19110 19884 D OutputsAudio: [outputs-audio] start hz=700.0 gain=1.000 attack=2.50 release=6.00
10-11 16:33:09.830 19110 19189 D OutputsAudio: [outputs-audio] symbol.info sequence=13 symbol=. timestamp=15813339.808 duration=80.000
10-11 16:33:09.831 19110 19189 I ReactNativeJS: [outputs] playMorse.symbol {"timestamp":15813351.672716,"wallClock":1760214789830,"symbol":".","durationMs":80,"index":12,"source":"console.replay","correlationId":"console-replay:mgmqfs92ig5damrt","nativeTimestampMs":15813339.808,"nativeDurationMs":80,"nativeOffsetMs":11.764871999621391,"nativeSequence":13,"monotonicTimestampMs":15813339.808}
10-11 16:33:09.832 19110 19189 I ReactNativeJS: [outputs] outputs.hapticSymbol {"timestamp":15813352.704434,"wallClock":1760214789831,"enabled":true,"symbol":".","durationMs":80,"platform":"android","source":"console.replay","correlationId":"console-replay:mgmqfs92ig5damrt","timelineOffsetMs":11.764871999621391}
10-11 16:33:09.833 19110 19189 I ReactNativeJS: [outputs] outputs.flashPulse {"timestamp":15813354.03032,"wallClock":1760214789832,"enabled":true,"durationMs":80,"source":"console.replay","correlationId":"console-replay:mgmqfs92ig5damrt","timelineOffsetMs":11.764871999621391}
10-11 16:33:09.899 19110 19884 D OutputsAudio: [outputs-audio] stop gain=1.000 release=6.00
10-11 16:33:09.903 19110 19189 I ReactNativeJS: [outputs] outputs.flashPulse.commit {"timestamp":15813424.379747,"wallClock":1760214789903,"durationMs":80,"source":"console.replay","correlationId":"console-replay:mgmqfs92ig5damrt","latencyMs":72.80161399953067,"timelineOffsetMs":11.764871999621391,"leadMs":8,"scheduleSkewMs":80.80161399953067}
10-11 16:33:09.979 19110 19884 D OutputsAudio: [outputs-audio] start hz=700.0 gain=1.000 attack=2.50 release=6.00
10-11 16:33:09.995 19110 19189 D OutputsAudio: [outputs-audio] symbol.info sequence=14 symbol=. timestamp=15813501.047 duration=80.000
10-11 16:33:09.995 19110 19189 I ReactNativeJS: [outputs] playMorse.symbol {"timestamp":15813516.278549,"wallClock":1760214789995,"symbol":".","durationMs":80,"index":13,"source":"console.replay","correlationId":"console-replay:mgmqfsdne8wshas9","nativeTimestampMs":15813501.047,"nativeDurationMs":80,"nativeOffsetMs":15.160768000409007,"nativeSequence":14,"monotonicTimestampMs":15813501.047}
10-11 16:33:09.996 19110 19189 I ReactNativeJS: [outputs] outputs.hapticSymbol {"timestamp":15813516.893445,"wallClock":1760214789995,"enabled":true,"symbol":".","durationMs":80,"platform":"android","source":"console.replay","correlationId":"console-replay:mgmqfsdne8wshas9","timelineOffsetMs":15.160768000409007}
10-11 16:33:09.996 19110 19189 I ReactNativeJS: [outputs] outputs.flashPulse {"timestamp":15813517.68584,"wallClock":1760214789996,"enabled":true,"durationMs":80,"source":"console.replay","correlationId":"console-replay:mgmqfsdne8wshas9","timelineOffsetMs":15.160768000409007}
10-11 16:33:10.047 19110 19189 I ReactNativeJS: [outputs] outputs.flashPulse.commit {"timestamp":15813568.369122,"wallClock":1760214790047,"durationMs":80,"source":"console.replay","correlationId":"console-replay:mgmqfsdne8wshas9","latencyMs":52.15640600025654,"timelineOffsetMs":15.160768000409007,"leadMs":8,"scheduleSkewMs":60.15640600025654}
10-11 16:33:10.060 19110 19884 D OutputsAudio: [outputs-audio] stop gain=1.000 release=6.00
10-11 16:33:10.141 19110 19884 D OutputsAudio: [outputs-audio] start hz=700.0 gain=1.000 attack=2.50 release=6.00
10-11 16:33:10.151 19110 19189 D OutputsAudio: [outputs-audio] symbol.info sequence=15 symbol=. timestamp=15813662.439 duration=80.000
10-11 16:33:10.152 19110 19189 I ReactNativeJS: [outputs] playMorse.symbol {"timestamp":15813673.194382,"wallClock":1760214790152,"symbol":".","durationMs":80,"index":14,"source":"console.replay","correlationId":"console-replay:mgmqfsi0o20xcsfh","nativeTimestampMs":15813662.439,"nativeDurationMs":80,"nativeOffsetMs":10.65199699997902,"nativeSequence":15,"monotonicTimestampMs":15813662.439}
10-11 16:33:10.153 19110 19189 I ReactNativeJS: [outputs] outputs.hapticSymbol {"timestamp":15813674.087663,"wallClock":1760214790152,"enabled":true,"symbol":".","durationMs":80,"platform":"android","source":"console.replay","correlationId":"console-replay:mgmqfsi0o20xcsfh","timelineOffsetMs":10.65199699997902}
10-11 16:33:10.155 19110 19189 I ReactNativeJS: [outputs] outputs.flashPulse {"timestamp":15813675.487559,"wallClock":1760214790154,"enabled":true,"durationMs":80,"source":"console.replay","correlationId":"console-replay:mgmqfsi0o20xcsfh","timelineOffsetMs":10.65199699997902}
10-11 16:33:10.212 19110 19189 I ReactNativeJS: [outputs] outputs.flashPulse.commit {"timestamp":15813733.40058,"wallClock":1760214790212,"durationMs":80,"source":"console.replay","correlationId":"console-replay:mgmqfsi0o20xcsfh","latencyMs":60.30447900108993,"timelineOffsetMs":10.65199699997902,"leadMs":8,"scheduleSkewMs":68.30447900108993}
10-11 16:33:10.222 19110 19884 D OutputsAudio: [outputs-audio] stop gain=1.000 release=6.00
10-11 16:33:10.303 19110 19884 D OutputsAudio: [outputs-audio] start hz=700.0 gain=1.000 attack=2.50 release=6.00
10-11 16:33:10.315 19110 19189 D OutputsAudio: [outputs-audio] symbol.info sequence=16 symbol=- timestamp=15813824.454 duration=240.000
10-11 16:33:10.316 19110 19189 I ReactNativeJS: [outputs] playMorse.symbol {"timestamp":15813836.93657,"wallClock":1760214790315,"symbol":"-","durationMs":240,"index":15,"source":"console.replay","correlationId":"console-replay:mgmqfsmjus0ue2g7","nativeTimestampMs":15813824.454,"nativeDurationMs":240,"nativeOffsetMs":12.40824699960649,"nativeSequence":16,"monotonicTimestampMs":15813824.454}
10-11 16:33:10.316 19110 19189 I ReactNativeJS: [outputs] outputs.hapticSymbol {"timestamp":15813837.615215,"wallClock":1760214790316,"enabled":true,"symbol":"-","durationMs":240,"platform":"android","source":"console.replay","correlationId":"console-replay:mgmqfsmjus0ue2g7","timelineOffsetMs":12.40824699960649}
10-11 16:33:10.318 19110 19189 I ReactNativeJS: [outputs] outputs.flashPulse {"timestamp":15813838.82032,"wallClock":1760214790317,"enabled":true,"durationMs":240,"source":"console.replay","correlationId":"console-replay:mgmqfsmjus0ue2g7","timelineOffsetMs":12.40824699960649}
10-11 16:33:10.375 19110 19189 I ReactNativeJS: [outputs] outputs.flashPulse.commit {"timestamp":15813895.727559,"wallClock":1760214790374,"durationMs":240,"source":"console.replay","correlationId":"console-replay:mgmqfsmjus0ue2g7","latencyMs":58.86036400124431,"timelineOffsetMs":12.40824699960649,"leadMs":8,"scheduleSkewMs":66.8603640012443}
10-11 16:33:10.543 19110 19884 D OutputsAudio: [outputs-audio] stop gain=1.000 release=6.00
10-11 16:33:10.624 19110 19884 D OutputsAudio: [outputs-audio] start hz=700.0 gain=1.000 attack=2.50 release=6.00
10-11 16:33:10.642 19110 19189 D OutputsAudio: [outputs-audio] symbol.info sequence=17 symbol=- timestamp=15814145.512 duration=240.000
10-11 16:33:10.643 19110 19189 I ReactNativeJS: [outputs] playMorse.symbol {"timestamp":15814163.922299,"wallClock":1760214790642,"symbol":"-","durationMs":240,"index":16,"source":"console.replay","correlationId":"console-replay:mgmqfsvm7fta6cdl","nativeTimestampMs":15814145.512,"nativeDurationMs":240,"nativeOffsetMs":18.320714998990297,"nativeSequence":17,"monotonicTimestampMs":15814145.512}
10-11 16:33:10.644 19110 19189 I ReactNativeJS: [outputs] outputs.hapticSymbol {"timestamp":15814164.869799,"wallClock":1760214790643,"enabled":true,"symbol":"-","durationMs":240,"platform":"android","source":"console.replay","correlationId":"console-replay:mgmqfsvm7fta6cdl","timelineOffsetMs":18.320714998990297}
10-11 16:33:10.645 19110 19189 I ReactNativeJS: [outputs] outputs.flashPulse {"timestamp":15814165.901882,"wallClock":1760214790644,"enabled":true,"durationMs":240,"source":"console.replay","correlationId":"console-replay:mgmqfsvm7fta6cdl","timelineOffsetMs":18.320714998990297}
10-11 16:33:10.701 19110 19189 I ReactNativeJS: [outputs] outputs.flashPulse.commit {"timestamp":15814222.058184,"wallClock":1760214790700,"durationMs":240,"source":"console.replay","correlationId":"console-replay:mgmqfsvm7fta6cdl","latencyMs":58.22005200013518,"timelineOffsetMs":18.320714998990297,"leadMs":8,"scheduleSkewMs":66.22005200013518}
10-11 16:33:10.864 19110 19884 D OutputsAudio: [outputs-audio] stop gain=1.000 release=6.00
10-11 16:33:10.945 19110 19884 D OutputsAudio: [outputs-audio] start hz=700.0 gain=1.000 attack=2.50 release=6.00
10-11 16:33:10.958 19110 19189 D OutputsAudio: [outputs-audio] symbol.info sequence=18 symbol=- timestamp=15814466.689 duration=240.000
10-11 16:33:10.959 19110 19189 I ReactNativeJS: [outputs] playMorse.symbol {"timestamp":15814479.317767,"wallClock":1760214790958,"symbol":"-","durationMs":240,"index":17,"source":"console.replay","correlationId":"console-replay:mgmqft4es8klbcmq","nativeTimestampMs":15814466.689,"nativeDurationMs":240,"nativeOffsetMs":12.529601000249386,"nativeSequence":18,"monotonicTimestampMs":15814466.689}
10-11 16:33:10.960 19110 19189 I ReactNativeJS: [outputs] outputs.hapticSymbol {"timestamp":15814480.856569,"wallClock":1760214790959,"enabled":true,"symbol":"-","durationMs":240,"platform":"android","source":"console.replay","correlationId":"console-replay:mgmqft4es8klbcmq","timelineOffsetMs":12.529601000249386}
10-11 16:33:10.961 19110 19189 I ReactNativeJS: [outputs] outputs.flashPulse {"timestamp":15814482.523548,"wallClock":1760214790961,"enabled":true,"durationMs":240,"source":"console.replay","correlationId":"console-replay:mgmqft4es8klbcmq","timelineOffsetMs":12.529601000249386}
10-11 16:33:11.019 19110 19189 I ReactNativeJS: [outputs] outputs.flashPulse.commit {"timestamp":15814539.84584,"wallClock":1760214791018,"durationMs":240,"source":"console.replay","correlationId":"console-replay:mgmqft4es8klbcmq","latencyMs":60.62275999970734,"timelineOffsetMs":12.529601000249386,"leadMs":8,"scheduleSkewMs":68.62275999970734}
10-11 16:33:11.186 19110 19884 D OutputsAudio: [outputs-audio] stop gain=1.000 release=6.00
10-11 16:33:11.267 19110 19884 D OutputsAudio: [outputs-audio] start hz=700.0 gain=1.000 attack=2.50 release=6.00
10-11 16:33:11.291 19110 19189 D OutputsAudio: [outputs-audio] symbol.info sequence=19 symbol=. timestamp=15814788.705 duration=80.000
10-11 16:33:11.292 19110 19189 I ReactNativeJS: [outputs] playMorse.symbol {"timestamp":15814812.856152,"wallClock":1760214791291,"symbol":".","durationMs":80,"index":18,"source":"console.replay","correlationId":"console-replay:mgmqftdnjcbhcj8r","nativeTimestampMs":15814788.705,"nativeDurationMs":80,"nativeOffsetMs":24.030526999384165,"nativeSequence":19,"monotonicTimestampMs":15814788.705}
10-11 16:33:11.293 19110 19189 I ReactNativeJS: [outputs] outputs.hapticSymbol {"timestamp":15814814.106517,"wallClock":1760214791292,"enabled":true,"symbol":".","durationMs":80,"platform":"android","source":"console.replay","correlationId":"console-replay:mgmqftdnjcbhcj8r","timelineOffsetMs":24.030526999384165}
10-11 16:33:11.295 19110 19189 I ReactNativeJS: [outputs] outputs.flashPulse {"timestamp":15814815.739538,"wallClock":1760214791294,"enabled":true,"durationMs":80,"source":"console.replay","correlationId":"console-replay:mgmqftdnjcbhcj8r","timelineOffsetMs":24.030526999384165}
10-11 16:33:11.347 19110 19884 D OutputsAudio: [outputs-audio] stop gain=1.000 release=6.00
10-11 16:33:11.358 19110 19189 I ReactNativeJS: [outputs] outputs.flashPulse.commit {"timestamp":15814879.106882,"wallClock":1760214791357,"durationMs":80,"source":"console.replay","correlationId":"console-replay:mgmqftdnjcbhcj8r","latencyMs":66.36645900085568,"timelineOffsetMs":24.030526999384165,"leadMs":8,"scheduleSkewMs":74.36645900085568}
10-11 16:33:11.428 19110 19884 D OutputsAudio: [outputs-audio] start hz=700.0 gain=1.000 attack=2.50 release=6.00
10-11 16:33:11.448 19110 19189 D OutputsAudio: [outputs-audio] symbol.info sequence=20 symbol=. timestamp=15814950.216 duration=80.000
10-11 16:33:11.448 19110 19189 I ReactNativeJS: [outputs] playMorse.symbol {"timestamp":15814969.421048,"wallClock":1760214791448,"symbol":".","durationMs":80,"index":19,"source":"console.replay","correlationId":"console-replay:mgmqfti0ffah6o3p","nativeTimestampMs":15814950.216,"nativeDurationMs":80,"nativeOffsetMs":19.122027000412345,"nativeSequence":20,"monotonicTimestampMs":15814950.216}
10-11 16:33:11.449 19110 19189 I ReactNativeJS: [outputs] outputs.hapticSymbol {"timestamp":15814970.16834,"wallClock":1760214791449,"enabled":true,"symbol":".","durationMs":80,"platform":"android","source":"console.replay","correlationId":"console-replay:mgmqfti0ffah6o3p","timelineOffsetMs":19.122027000412345}
10-11 16:33:11.450 19110 19189 I ReactNativeJS: [outputs] outputs.flashPulse {"timestamp":15814971.391986,"wallClock":1760214791450,"enabled":true,"durationMs":80,"source":"console.replay","correlationId":"console-replay:mgmqfti0ffah6o3p","timelineOffsetMs":19.122027000412345}
10-11 16:33:11.509 19110 19884 D OutputsAudio: [outputs-audio] stop gain=1.000 release=6.00
10-11 16:33:11.514 19110 19189 I ReactNativeJS: [outputs] outputs.flashPulse.commit {"timestamp":15815035.185215,"wallClock":1760214791514,"durationMs":80,"source":"console.replay","correlationId":"console-replay:mgmqfti0ffah6o3p","latencyMs":65.84265699982643,"timelineOffsetMs":19.122027000412345,"leadMs":8,"scheduleSkewMs":73.84265699982643}
10-11 16:33:11.590 19110 19884 D OutputsAudio: [outputs-audio] start hz=700.0 gain=1.000 attack=2.50 release=6.00
10-11 16:33:11.609 19110 19189 D OutputsAudio: [outputs-audio] symbol.info sequence=21 symbol=. timestamp=15815111.261 duration=80.000
10-11 16:33:11.610 19110 19189 I ReactNativeJS: [outputs] playMorse.symbol {"timestamp":15815130.774798,"wallClock":1760214791609,"symbol":".","durationMs":80,"index":20,"source":"console.replay","correlationId":"console-replay:mgmqftmhvgwphwpu","nativeTimestampMs":15815111.261,"nativeDurationMs":80,"nativeOffsetMs":19.415152000263333,"nativeSequence":21,"monotonicTimestampMs":15815111.261}
10-11 16:33:11.610 19110 19189 I ReactNativeJS: [outputs] outputs.hapticSymbol {"timestamp":15815131.621569,"wallClock":1760214791610,"enabled":true,"symbol":".","durationMs":80,"platform":"android","source":"console.replay","correlationId":"console-replay:mgmqftmhvgwphwpu","timelineOffsetMs":19.415152000263333}
10-11 16:33:11.611 19110 19189 I ReactNativeJS: [outputs] outputs.flashPulse {"timestamp":15815132.531361,"wallClock":1760214791611,"enabled":true,"durationMs":80,"source":"console.replay","correlationId":"console-replay:mgmqftmhvgwphwpu","timelineOffsetMs":19.415152000263333}
10-11 16:33:11.663 19110 19189 I ReactNativeJS: [outputs] outputs.flashPulse.commit {"timestamp":15815184.384069,"wallClock":1760214791663,"durationMs":80,"source":"console.replay","correlationId":"console-replay:mgmqftmhvgwphwpu","latencyMs":53.703125,"timelineOffsetMs":19.415152000263333,"leadMs":8,"scheduleSkewMs":61.703125}
10-11 16:33:11.671 19110 19884 D OutputsAudio: [outputs-audio] stop gain=1.000 release=6.00
10-11 16:33:11.752 19110 19884 D OutputsAudio: [outputs-audio] start hz=700.0 gain=1.000 attack=2.50 release=6.00
10-11 16:33:11.761 19110 19189 D OutputsAudio: [outputs-audio] symbol.info sequence=22 symbol=- timestamp=15815273.561 duration=240.000
10-11 16:33:11.762 19110 19189 I ReactNativeJS: [outputs] playMorse.symbol {"timestamp":15815282.840111,"wallClock":1760214791761,"symbol":"-","durationMs":240,"index":21,"source":"console.replay","correlationId":"console-replay:mgmqftqp69z904vg","nativeTimestampMs":15815273.561,"nativeDurationMs":240,"nativeOffsetMs":9.182860998436809,"nativeSequence":22,"monotonicTimestampMs":15815273.561}
10-11 16:33:11.763 19110 19189 I ReactNativeJS: [outputs] outputs.hapticSymbol {"timestamp":15815283.77459,"wallClock":1760214791762,"enabled":true,"symbol":"-","durationMs":240,"platform":"android","source":"console.replay","correlationId":"console-replay:mgmqftqp69z904vg","timelineOffsetMs":9.182860998436809}
10-11 16:33:11.764 19110 19189 I ReactNativeJS: [outputs] outputs.flashPulse {"timestamp":15815285.260059,"wallClock":1760214791764,"enabled":true,"durationMs":240,"source":"console.replay","correlationId":"console-replay:mgmqftqp69z904vg","timelineOffsetMs":9.182860998436809}
10-11 16:33:11.824 19110 19189 I ReactNativeJS: [outputs] outputs.flashPulse.commit {"timestamp":15815345.520006,"wallClock":1760214791824,"durationMs":240,"source":"console.replay","correlationId":"console-replay:mgmqftqp69z904vg","latencyMs":62.7707810010761,"timelineOffsetMs":9.182860998436809,"leadMs":8,"scheduleSkewMs":70.7707810010761}
10-11 16:33:11.992 19110 19884 D OutputsAudio: [outputs-audio] stop gain=1.000 release=6.00
10-11 16:33:12.074 19110 19884 D OutputsAudio: [outputs-audio] start hz=700.0 gain=1.000 attack=2.50 release=6.00
10-11 16:33:12.108 19110 19189 D OutputsAudio: [outputs-audio] symbol.info sequence=23 symbol=- timestamp=15815595.450 duration=240.000
10-11 16:33:12.110 19110 19189 I ReactNativeJS: [outputs] playMorse.symbol {"timestamp":15815629.798027,"wallClock":1760214792108,"symbol":"-","durationMs":240,"index":22,"source":"console.replay","correlationId":"console-replay:mgmqfu0co38fepuh","nativeTimestampMs":15815595.45,"nativeDurationMs":240,"nativeOffsetMs":34.210006000474095,"nativeSequence":23,"monotonicTimestampMs":15815595.45}
10-11 16:33:12.111 19110 19189 I ReactNativeJS: [outputs] outputs.hapticSymbol {"timestamp":15815631.342558,"wallClock":1760214792110,"enabled":true,"symbol":"-","durationMs":240,"platform":"android","source":"console.replay","correlationId":"console-replay:mgmqfu0co38fepuh","timelineOffsetMs":34.210006000474095}
10-11 16:33:12.113 19110 19189 I ReactNativeJS: [outputs] outputs.flashPulse {"timestamp":15815633.684746,"wallClock":1760214792112,"enabled":true,"durationMs":240,"source":"console.replay","correlationId":"console-replay:mgmqfu0co38fepuh","timelineOffsetMs":34.210006000474095}
10-11 16:33:12.168 19110 19189 I ReactNativeJS: [outputs] outputs.flashPulse.commit {"timestamp":15815689.234225,"wallClock":1760214792168,"durationMs":240,"source":"console.replay","correlationId":"console-replay:mgmqfu0co38fepuh","latencyMs":59.56864600069821,"timelineOffsetMs":34.210006000474095,"leadMs":8,"scheduleSkewMs":67.56864600069821}
10-11 16:33:12.314 19110 19884 D OutputsAudio: [outputs-audio] stop gain=1.000 release=6.00
10-11 16:33:12.395 19110 19884 D OutputsAudio: [outputs-audio] start hz=700.0 gain=1.000 attack=2.50 release=6.00
10-11 16:33:12.406 19110 19189 D OutputsAudio: [outputs-audio] symbol.info sequence=24 symbol=- timestamp=15815916.957 duration=240.000
10-11 16:33:12.408 19110 19189 I ReactNativeJS: [outputs] playMorse.symbol {"timestamp":15815927.872975,"wallClock":1760214792406,"symbol":"-","durationMs":240,"index":23,"source":"console.replay","correlationId":"console-replay:mgmqfu8m9g3uyrj1","nativeTimestampMs":15815916.957,"nativeDurationMs":240,"nativeOffsetMs":10.81279799900949,"nativeSequence":24,"monotonicTimestampMs":15815916.957}
10-11 16:33:12.409 19110 19189 I ReactNativeJS: [outputs] outputs.hapticSymbol {"timestamp":15815929.666933,"wallClock":1760214792408,"enabled":true,"symbol":"-","durationMs":240,"platform":"android","source":"console.replay","correlationId":"console-replay:mgmqfu8m9g3uyrj1","timelineOffsetMs":10.81279799900949}
10-11 16:33:12.411 19110 19189 I ReactNativeJS: [outputs] outputs.flashPulse {"timestamp":15815931.866829,"wallClock":1760214792410,"enabled":true,"durationMs":240,"source":"console.replay","correlationId":"console-replay:mgmqfu8m9g3uyrj1","timelineOffsetMs":10.81279799900949}
10-11 16:33:12.471 19110 19189 I ReactNativeJS: [outputs] outputs.flashPulse.commit {"timestamp":15815992.078287,"wallClock":1760214792470,"durationMs":240,"source":"console.replay","correlationId":"console-replay:mgmqfu8m9g3uyrj1","latencyMs":64.30296900123358,"timelineOffsetMs":10.81279799900949,"leadMs":8,"scheduleSkewMs":72.30296900123358}
10-11 16:33:12.636 19110 19884 D OutputsAudio: [outputs-audio] stop gain=1.000 release=6.00
10-11 16:33:12.716 19110 19884 D OutputsAudio: [outputs-audio] start hz=700.0 gain=1.000 attack=2.50 release=6.00
10-11 16:33:12.748 19110 19189 D OutputsAudio: [outputs-audio] symbol.info sequence=25 symbol=. timestamp=15816238.116 duration=80.000
10-11 16:33:12.749 19110 19189 I ReactNativeJS: [outputs] playMorse.symbol {"timestamp":15816270.196048,"wallClock":1760214792749,"symbol":".","durationMs":80,"index":24,"source":"console.replay","correlationId":"console-replay:mgmqfui50ultxcqv","nativeTimestampMs":15816238.116,"nativeDurationMs":80,"nativeOffsetMs":31.977963998913765,"nativeSequence":25,"monotonicTimestampMs":15816238.116}
10-11 16:33:12.751 19110 19189 I ReactNativeJS: [outputs] outputs.hapticSymbol {"timestamp":15816271.162871,"wallClock":1760214792750,"enabled":true,"symbol":".","durationMs":80,"platform":"android","source":"console.replay","correlationId":"console-replay:mgmqfui50ultxcqv","timelineOffsetMs":31.977963998913765}
10-11 16:33:12.752 19110 19189 I ReactNativeJS: [outputs] outputs.flashPulse {"timestamp":15816273.242923,"wallClock":1760214792752,"enabled":true,"durationMs":80,"source":"console.replay","correlationId":"console-replay:mgmqfui50ultxcqv","timelineOffsetMs":31.977963998913765}
10-11 16:33:12.797 19110 19884 D OutputsAudio: [outputs-audio] stop gain=1.000 release=6.00
10-11 16:33:12.823 19110 19189 I ReactNativeJS: [outputs] outputs.flashPulse.commit {"timestamp":15816344.500787,"wallClock":1760214792823,"durationMs":80,"source":"console.replay","correlationId":"console-replay:mgmqfui50ultxcqv","latencyMs":74.40073000080884,"timelineOffsetMs":31.977963998913765,"leadMs":8,"scheduleSkewMs":82.40073000080884}
10-11 16:33:12.878 19110 19884 D OutputsAudio: [outputs-audio] start hz=700.0 gain=1.000 attack=2.50 release=6.00
10-11 16:33:12.891 19110 19189 D OutputsAudio: [outputs-audio] symbol.info sequence=26 symbol=. timestamp=15816399.631 duration=80.000
10-11 16:33:12.892 19110 19189 I ReactNativeJS: [outputs] playMorse.symbol {"timestamp":15816412.779381,"wallClock":1760214792891,"symbol":".","durationMs":80,"index":25,"source":"console.replay","correlationId":"console-replay:mgmqfum37s7t252m","nativeTimestampMs":15816399.631,"nativeDurationMs":80,"nativeOffsetMs":13.06687100045383,"nativeSequence":26,"monotonicTimestampMs":15816399.631}
10-11 16:33:12.892 19110 19189 I ReactNativeJS: [outputs] outputs.hapticSymbol {"timestamp":15816413.545319,"wallClock":1760214792892,"enabled":true,"symbol":".","durationMs":80,"platform":"android","source":"console.replay","correlationId":"console-replay:mgmqfum37s7t252m","timelineOffsetMs":13.06687100045383}
10-11 16:33:12.893 19110 19189 I ReactNativeJS: [outputs] outputs.flashPulse {"timestamp":15816414.544121,"wallClock":1760214792893,"enabled":true,"durationMs":80,"source":"console.replay","correlationId":"console-replay:mgmqfum37s7t252m","timelineOffsetMs":13.06687100045383}
10-11 16:33:12.945 19110 19189 I ReactNativeJS: [outputs] outputs.flashPulse.commit {"timestamp":15816466.006048,"wallClock":1760214792944,"durationMs":80,"source":"console.replay","correlationId":"console-replay:mgmqfum37s7t252m","latencyMs":53.30375000089407,"timelineOffsetMs":13.06687100045383,"leadMs":8,"scheduleSkewMs":61.30375000089407}
10-11 16:33:12.959 19110 19884 D OutputsAudio: [outputs-audio] stop gain=1.000 release=6.00
10-11 16:33:13.040 19110 19884 D OutputsAudio: [outputs-audio] start hz=700.0 gain=1.000 attack=2.50 release=6.00
10-11 16:33:13.053 19110 19189 D OutputsAudio: [outputs-audio] symbol.info sequence=27 symbol=. timestamp=15816561.978 duration=80.000
10-11 16:33:13.054 19110 19189 I ReactNativeJS: [outputs] playMorse.symbol {"timestamp":15816574.673027,"wallClock":1760214793053,"symbol":".","durationMs":80,"index":26,"source":"console.replay","correlationId":"console-replay:mgmqfuqlltrc0362","nativeTimestampMs":15816561.978,"nativeDurationMs":80,"nativeOffsetMs":12.602578999474645,"nativeSequence":27,"monotonicTimestampMs":15816561.978}
10-11 16:33:13.054 19110 19189 I ReactNativeJS: [outputs] outputs.hapticSymbol {"timestamp":15816575.48386,"wallClock":1760214793054,"enabled":true,"symbol":".","durationMs":80,"platform":"android","source":"console.replay","correlationId":"console-replay:mgmqfuqlltrc0362","timelineOffsetMs":12.602578999474645}
10-11 16:33:13.055 19110 19189 I ReactNativeJS: [outputs] outputs.flashPulse {"timestamp":15816576.667193,"wallClock":1760214793055,"enabled":true,"durationMs":80,"source":"console.replay","correlationId":"console-replay:mgmqfuqlltrc0362","timelineOffsetMs":12.602578999474645}
10-11 16:33:13.117 19110 19189 I ReactNativeJS: [outputs] outputs.flashPulse.commit {"timestamp":15816637.869016,"wallClock":1760214793116,"durationMs":80,"source":"console.replay","correlationId":"console-replay:mgmqfuqlltrc0362","latencyMs":63.283594001084566,"timelineOffsetMs":12.602578999474645,"leadMs":8,"scheduleSkewMs":71.28359400108457}
10-11 16:33:13.121 19110 19884 D OutputsAudio: [outputs-audio] stop gain=1.000 release=6.00
10-11 16:33:13.179 19110 19189 I ReactNativeJS: [outputs] playMorse.complete {"timestamp":15816699.982506,"wallClock":1760214793178,"durationMs":6519.625987000763,"source":"console.replay","audioEnabled":true,"audioVolumePercent":100}
10-11 16:33:13.202 19110 19884 D OutputsAudio: [outputs-audio] stop gain=0.000 release=6.00
10-11 16:33:13.202 19110 19884 D OutputsAudio: [outputs-audio] playMorse.end cancelled=0
10-11 16:33:15.876 19110 19189 I ReactNativeJS: [outputs] playMorse.start {"timestamp":15819396.523494,"wallClock":1760214795875,"unitMs":60,"length":28,"source":"console.replay","audioEnabled":true,"audioVolumePercent":100}
10-11 16:33:16.067 19110 19189 D OutputsAudio: [outputs-audio] warmup hz=700.0
10-11 16:33:16.068 19110 19930 D OutputsAudio: [outputs-audio] playMorse.start count=27 unit=60.0
10-11 16:33:16.068 19110 19930 D OutputsAudio: [outputs-audio] start hz=700.0 gain=1.000 attack=2.50 release=6.00
10-11 16:33:16.083 19110 19189 D OutputsAudio: [outputs-audio] symbol.info sequence=1 symbol=. timestamp=15819589.392 duration=60.000
10-11 16:33:16.084 19110 19189 I ReactNativeJS: [outputs] playMorse.symbol {"timestamp":15819605.031203,"wallClock":1760214796083,"symbol":".","durationMs":60,"index":0,"source":"console.replay","correlationId":"console-replay:mgmqfx2rhk6imkgt","nativeTimestampMs":15819589.392,"nativeDurationMs":60,"nativeOffsetMs":15.554827999323606,"nativeSequence":1,"monotonicTimestampMs":15819589.392}
10-11 16:33:16.085 19110 19189 I ReactNativeJS: [outputs] outputs.hapticSymbol {"timestamp":15819605.964536,"wallClock":1760214796084,"enabled":true,"symbol":".","durationMs":60,"platform":"android","source":"console.replay","correlationId":"console-replay:mgmqfx2rhk6imkgt","timelineOffsetMs":15.554827999323606}
10-11 16:33:16.086 19110 19189 I ReactNativeJS: [outputs] outputs.flashPulse {"timestamp":15819607.169744,"wallClock":1760214796086,"enabled":true,"durationMs":60,"source":"console.replay","correlationId":"console-replay:mgmqfx2rhk6imkgt","timelineOffsetMs":15.554827999323606}
10-11 16:33:16.129 19110 19930 D OutputsAudio: [outputs-audio] stop gain=1.000 release=6.00
10-11 16:33:16.153 19110 19189 I ReactNativeJS: [outputs] outputs.flashPulse.commit {"timestamp":15819674.497921,"wallClock":1760214796153,"durationMs":60,"source":"console.replay","correlationId":"console-replay:mgmqfx2rhk6imkgt","latencyMs":69.54625000059605,"timelineOffsetMs":15.554827999323606,"leadMs":8,"scheduleSkewMs":77.54625000059605}
10-11 16:33:16.189 19110 19930 D OutputsAudio: [outputs-audio] start hz=700.0 gain=1.000 attack=2.50 release=6.00
10-11 16:33:16.196 19110 19189 D OutputsAudio: [outputs-audio] symbol.info sequence=2 symbol=. timestamp=15819710.512 duration=60.000
10-11 16:33:16.196 19110 19189 I ReactNativeJS: [outputs] playMorse.symbol {"timestamp":15819717.648651,"wallClock":1760214796196,"symbol":".","durationMs":60,"index":1,"source":"console.replay","correlationId":"console-replay:mgmqfx5w954uz0tq","nativeTimestampMs":15819710.512,"nativeDurationMs":60,"nativeOffsetMs":7.086598999798298,"nativeSequence":2,"monotonicTimestampMs":15819710.512}
10-11 16:33:16.197 19110 19189 I ReactNativeJS: [outputs] outputs.hapticSymbol {"timestamp":15819718.161515,"wallClock":1760214796197,"enabled":true,"symbol":".","durationMs":60,"platform":"android","source":"console.replay","correlationId":"console-replay:mgmqfx5w954uz0tq","timelineOffsetMs":7.086598999798298}
10-11 16:33:16.197 19110 19189 I ReactNativeJS: [outputs] outputs.flashPulse {"timestamp":15819718.866255,"wallClock":1760214796197,"enabled":true,"durationMs":60,"source":"console.replay","correlationId":"console-replay:mgmqfx5w954uz0tq","timelineOffsetMs":7.086598999798298}
10-11 16:33:16.250 19110 19930 D OutputsAudio: [outputs-audio] stop gain=1.000 release=6.00
10-11 16:33:16.254 19110 19189 I ReactNativeJS: [outputs] outputs.flashPulse.commit {"timestamp":15819775.545734,"wallClock":1760214796254,"durationMs":60,"source":"console.replay","correlationId":"console-replay:mgmqfx5w954uz0tq","latencyMs":57.94192700088024,"timelineOffsetMs":7.086598999798298,"leadMs":8,"scheduleSkewMs":65.94192700088024}
10-11 16:33:16.310 19110 19930 D OutputsAudio: [outputs-audio] start hz=700.0 gain=1.000 attack=2.50 release=6.00
10-11 16:33:16.322 19110 19189 D OutputsAudio: [outputs-audio] symbol.info sequence=3 symbol=. timestamp=15819831.907 duration=60.000
10-11 16:33:16.323 19110 19189 I ReactNativeJS: [outputs] playMorse.symbol {"timestamp":15819843.539484,"wallClock":1760214796322,"symbol":".","durationMs":60,"index":2,"source":"console.replay","correlationId":"console-replay:mgmqfx9ekkyithbd","nativeTimestampMs":15819831.907,"nativeDurationMs":60,"nativeOffsetMs":11.546285999938846,"nativeSequence":3,"monotonicTimestampMs":15819831.907}
10-11 16:33:16.323 19110 19189 I ReactNativeJS: [outputs] outputs.hapticSymbol {"timestamp":15819844.525786,"wallClock":1760214796323,"enabled":true,"symbol":".","durationMs":60,"platform":"android","source":"console.replay","correlationId":"console-replay:mgmqfx9ekkyithbd","timelineOffsetMs":11.546285999938846}
10-11 16:33:16.324 19110 19189 I ReactNativeJS: [outputs] outputs.flashPulse {"timestamp":15819845.63063,"wallClock":1760214796324,"enabled":true,"durationMs":60,"source":"console.replay","correlationId":"console-replay:mgmqfx9ekkyithbd","timelineOffsetMs":11.546285999938846}
10-11 16:33:16.370 19110 19930 D OutputsAudio: [outputs-audio] stop gain=1.000 release=6.00
10-11 16:33:16.377 19110 19189 I ReactNativeJS: [outputs] outputs.flashPulse.commit {"timestamp":15819898.267765,"wallClock":1760214796377,"durationMs":60,"source":"console.replay","correlationId":"console-replay:mgmqfx9ekkyithbd","latencyMs":54.80911500006914,"timelineOffsetMs":11.546285999938846,"leadMs":8,"scheduleSkewMs":62.80911500006914}
10-11 16:33:16.431 19110 19930 D OutputsAudio: [outputs-audio] start hz=700.0 gain=1.000 attack=2.50 release=6.00
10-11 16:33:16.452 19110 19189 D OutputsAudio: [outputs-audio] symbol.info sequence=4 symbol=- timestamp=15819953.323 duration=180.000
10-11 16:33:16.453 19110 19189 I ReactNativeJS: [outputs] playMorse.symbol {"timestamp":15819973.471515,"wallClock":1760214796452,"symbol":"-","durationMs":180,"index":3,"source":"console.replay","correlationId":"console-replay:mgmqfxd0l4k10wh0","nativeTimestampMs":15819953.323,"nativeDurationMs":180,"nativeOffsetMs":20.03622299991548,"nativeSequence":4,"monotonicTimestampMs":15819953.323}
10-11 16:33:16.454 19110 19189 I ReactNativeJS: [outputs] outputs.hapticSymbol {"timestamp":15819974.602088,"wallClock":1760214796453,"enabled":true,"symbol":"-","durationMs":180,"platform":"android","source":"console.replay","correlationId":"console-replay:mgmqfxd0l4k10wh0","timelineOffsetMs":20.03622299991548}
10-11 16:33:16.455 19110 19189 I ReactNativeJS: [outputs] outputs.flashPulse {"timestamp":15819976.568703,"wallClock":1760214796455,"enabled":true,"durationMs":180,"source":"console.replay","correlationId":"console-replay:mgmqfxd0l4k10wh0","timelineOffsetMs":20.03622299991548}
10-11 16:33:16.518 19110 19189 I ReactNativeJS: [outputs] outputs.flashPulse.commit {"timestamp":15820039.301515,"wallClock":1760214796518,"durationMs":180,"source":"console.replay","correlationId":"console-replay:mgmqfxd0l4k10wh0","latencyMs":65.93744799867272,"timelineOffsetMs":20.03622299991548,"leadMs":8,"scheduleSkewMs":73.93744799867272}
10-11 16:33:16.612 19110 19930 D OutputsAudio: [outputs-audio] stop gain=1.000 release=6.00
10-11 16:33:16.673 19110 19930 D OutputsAudio: [outputs-audio] start hz=700.0 gain=1.000 attack=2.50 release=6.00
10-11 16:33:16.693 19110 19189 D OutputsAudio: [outputs-audio] symbol.info sequence=5 symbol=- timestamp=15820194.340 duration=180.000
10-11 16:33:16.694 19110 19189 I ReactNativeJS: [outputs] playMorse.symbol {"timestamp":15820214.920213,"wallClock":1760214796693,"symbol":"-","durationMs":180,"index":4,"source":"console.replay","correlationId":"console-replay:mgmqfxjpsp19wm6r","nativeTimestampMs":15820194.34,"nativeDurationMs":180,"nativeOffsetMs":20.466202000156045,"nativeSequence":5,"monotonicTimestampMs":15820194.34}
