--------- beginning of main
10-11 17:00:07.913 19110 19189 I ReactNativeJS: [outputs] playMorse.start {"timestamp":17431433.96465,"wallClock":1760216407912,"unitMs":120,"length":28,"source":"console.replay","audioEnabled":true,"audioVolumePercent":100}
10-11 17:00:08.291 19110 19189 D OutputsAudio: [outputs-audio] warmup hz=700.0
10-11 17:00:08.296 19110 25011 D OutputsAudio: [outputs-audio] playMorse.start count=27 unit=120.0
10-11 17:00:08.296 19110 25011 D OutputsAudio: [outputs-audio] start hz=700.0 gain=1.000 attack=2.50 release=6.00
10-11 17:00:08.305 19110 19189 D OutputsAudio: [outputs-audio] symbol.info sequence=1 symbol=. timestamp=17431817.431 duration=120.000
10-11 17:00:08.306 19110 19189 I ReactNativeJS: [outputs] playMorse.symbol {"timestamp":17431826.425119,"wallClock":1760216408305,"symbol":".","durationMs":120,"index":0,"source":"console.replay","correlationId":"console-replay:mgmreh2plzaqawv5","nativeTimestampMs":17431817.431,"nativeDurationMs":120,"nativeOffsetMs":8.913962997496128,"nativeSequence":1,"monotonicTimestampMs":17431817.431,"nativeExpectedTimestampMs":null,"nativeStartSkewMs":null,"nativeBatchElapsedMs":null,"nativeExpectedSincePriorMs":null,"nativeSincePriorMs":null,"nativePatternStartMs":null,"nativeAgeMs":null}
10-11 17:00:08.306 19110 19189 I ReactNativeJS: [outputs] outputs.hapticSymbol {"timestamp":17431827.285536,"wallClock":1760216408306,"enabled":true,"symbol":".","durationMs":120,"platform":"android","source":"console.replay","correlationId":"console-replay:mgmreh2plzaqawv5","timelineOffsetMs":8.913962997496128}
10-11 17:00:08.307 19110 19189 I ReactNativeJS: [outputs] outputs.flashPulse {"timestamp":17431828.683661,"wallClock":1760216408307,"enabled":true,"durationMs":120,"source":"console.replay","correlationId":"console-replay:mgmreh2plzaqawv5","timelineOffsetMs":8.913962997496128}
10-11 17:00:08.369 19110 19189 I ReactNativeJS: [outputs] outputs.flashPulse.commit {"timestamp":17431889.990692,"wallClock":1760216408368,"durationMs":120,"source":"console.replay","correlationId":"console-replay:mgmreh2plzaqawv5","latencyMs":63.6403640024364,"timelineOffsetMs":8.913962997496128,"leadMs":8,"scheduleSkewMs":71.6403640024364}
10-11 17:00:08.417 19110 25011 D OutputsAudio: [outputs-audio] stop gain=1.000 release=6.00
10-11 17:00:08.538 19110 25011 D OutputsAudio: [outputs-audio] start hz=700.0 gain=1.000 attack=2.50 release=6.00
10-11 17:00:08.550 19110 19189 D OutputsAudio: [outputs-audio] symbol.info sequence=2 symbol=. timestamp=17432060.125 duration=120.000
10-11 17:00:08.551 19110 19189 I ReactNativeJS: [outputs] playMorse.symbol {"timestamp":17432071.968661,"wallClock":1760216408550,"symbol":".","durationMs":120,"index":1,"source":"console.replay","correlationId":"console-replay:mgmreh9iy5pnovki","nativeTimestampMs":17432060.125,"nativeDurationMs":120,"nativeOffsetMs":11.7297019995749,"nativeSequence":2,"monotonicTimestampMs":17432060.125,"nativeExpectedTimestampMs":null,"nativeStartSkewMs":null,"nativeBatchElapsedMs":null,"nativeExpectedSincePriorMs":null,"nativeSincePriorMs":null,"nativePatternStartMs":null,"nativeAgeMs":null}
10-11 17:00:08.553 19110 19189 I ReactNativeJS: [outputs] outputs.hapticSymbol {"timestamp":17432073.172671,"wallClock":1760216408552,"enabled":true,"symbol":".","durationMs":120,"platform":"android","source":"console.replay","correlationId":"console-replay:mgmreh9iy5pnovki","timelineOffsetMs":11.7297019995749}
10-11 17:00:08.555 19110 19189 I ReactNativeJS: [outputs] outputs.flashPulse {"timestamp":17432075.641733,"wallClock":1760216408554,"enabled":true,"durationMs":120,"source":"console.replay","correlationId":"console-replay:mgmreh9iy5pnovki","timelineOffsetMs":11.7297019995749}
10-11 17:00:08.630 19110 19189 I ReactNativeJS: [outputs] outputs.flashPulse.commit {"timestamp":17432151.174338,"wallClock":1760216408630,"durationMs":120,"source":"console.replay","correlationId":"console-replay:mgmreh9iy5pnovki","latencyMs":79.31411499902606,"timelineOffsetMs":11.7297019995749,"leadMs":8,"scheduleSkewMs":87.31411499902606}
10-11 17:00:08.659 19110 25011 D OutputsAudio: [outputs-audio] stop gain=1.000 release=6.00
10-11 17:00:08.780 19110 25011 D OutputsAudio: [outputs-audio] start hz=700.0 gain=1.000 attack=2.50 release=6.00
10-11 17:00:08.798 19110 19189 D OutputsAudio: [outputs-audio] symbol.info sequence=3 symbol=. timestamp=17432301.219 duration=120.000
10-11 17:00:08.798 19110 19189 I ReactNativeJS: [outputs] playMorse.symbol {"timestamp":17432319.3584,"wallClock":1760216408798,"symbol":".","durationMs":120,"index":2,"source":"console.replay","correlationId":"console-replay:mgmrehge2ofjb9ph","nativeTimestampMs":17432301.219,"nativeDurationMs":120,"nativeOffsetMs":18.030545998364687,"nativeSequence":3,"monotonicTimestampMs":17432301.219,"nativeExpectedTimestampMs":null,"nativeStartSkewMs":null,"nativeBatchElapsedMs":null,"nativeExpectedSincePriorMs":null,"nativeSincePriorMs":null,"nativePatternStartMs":null,"nativeAgeMs":null}
10-11 17:00:08.799 19110 19189 I ReactNativeJS: [outputs] outputs.hapticSymbol {"timestamp":17432320.191629,"wallClock":1760216408799,"enabled":true,"symbol":".","durationMs":120,"platform":"android","source":"console.replay","correlationId":"console-replay:mgmrehge2ofjb9ph","timelineOffsetMs":18.030545998364687}
10-11 17:00:08.800 19110 19189 I ReactNativeJS: [outputs] outputs.flashPulse {"timestamp":17432321.353556,"wallClock":1760216408800,"enabled":true,"durationMs":120,"source":"console.replay","correlationId":"console-replay:mgmrehge2ofjb9ph","timelineOffsetMs":18.030545998364687}
10-11 17:00:08.855 19110 19189 I ReactNativeJS: [outputs] outputs.flashPulse.commit {"timestamp":17432376.657515,"wallClock":1760216408855,"durationMs":120,"source":"console.replay","correlationId":"console-replay:mgmrehge2ofjb9ph","latencyMs":57.402448002249,"timelineOffsetMs":18.030545998364687,"leadMs":8,"scheduleSkewMs":65.402448002249}
10-11 17:00:08.900 19110 25011 D OutputsAudio: [outputs-audio] stop gain=1.000 release=6.00
10-11 17:00:09.021 19110 25011 D OutputsAudio: [outputs-audio] start hz=700.0 gain=1.000 attack=2.50 release=6.00
10-11 17:00:09.036 19110 19189 D OutputsAudio: [outputs-audio] symbol.info sequence=4 symbol=- timestamp=17432542.746 duration=360.000
10-11 17:00:09.041 19110 19189 I ReactNativeJS: [outputs] playMorse.symbol {"timestamp":17432558.0884,"wallClock":1760216409036,"symbol":"-","durationMs":360,"index":3,"source":"console.replay","correlationId":"console-replay:mgmrehn0h5f70we1","nativeTimestampMs":17432542.746,"nativeDurationMs":360,"nativeOffsetMs":15.191931001842022,"nativeSequence":4,"monotonicTimestampMs":17432542.746,"nativeExpectedTimestampMs":null,"nativeStartSkewMs":null,"nativeBatchElapsedMs":null,"nativeExpectedSincePriorMs":null,"nativeSincePriorMs":null,"nativePatternStartMs":null,"nativeAgeMs":null}
10-11 17:00:09.043 19110 19189 I ReactNativeJS: [outputs] outputs.hapticSymbol {"timestamp":17432562.463817,"wallClock":1760216409041,"enabled":true,"symbol":"-","durationMs":360,"platform":"android","source":"console.replay","correlationId":"console-replay:mgmrehn0h5f70we1","timelineOffsetMs":15.191931001842022}
10-11 17:00:09.046 19110 19189 I ReactNativeJS: [outputs] outputs.flashPulse {"timestamp":17432566.661681,"wallClock":1760216409045,"enabled":true,"durationMs":360,"source":"console.replay","correlationId":"console-replay:mgmrehn0h5f70we1","timelineOffsetMs":15.191931001842022}
10-11 17:00:09.098 19110 19189 I ReactNativeJS: [outputs] outputs.flashPulse.commit {"timestamp":17432618.926004,"wallClock":1760216409097,"durationMs":360,"source":"console.replay","correlationId":"console-replay:mgmrehn0h5f70we1","latencyMs":60.982812996953726,"timelineOffsetMs":15.191931001842022,"leadMs":8,"scheduleSkewMs":68.98281299695373}
10-11 17:00:09.382 19110 25011 D OutputsAudio: [outputs-audio] stop gain=1.000 release=6.00
10-11 17:00:09.502 19110 25011 D OutputsAudio: [outputs-audio] start hz=700.0 gain=1.000 attack=2.50 release=6.00
10-11 17:00:09.516 19110 19189 D OutputsAudio: [outputs-audio] symbol.info sequence=5 symbol=- timestamp=17433024.196 duration=360.000
10-11 17:00:09.519 19110 19189 I ReactNativeJS: [outputs] playMorse.symbol {"timestamp":17433038.161993,"wallClock":1760216409517,"symbol":"-","durationMs":360,"index":4,"source":"console.replay","correlationId":"console-replay:mgmrei0d51wy5i84","nativeTimestampMs":17433024.196,"nativeDurationMs":360,"nativeOffsetMs":13.865681000053883,"nativeSequence":5,"monotonicTimestampMs":17433024.196,"nativeExpectedTimestampMs":null,"nativeStartSkewMs":null,"nativeBatchElapsedMs":null,"nativeExpectedSincePriorMs":null,"nativeSincePriorMs":null,"nativePatternStartMs":null,"nativeAgeMs":null}
10-11 17:00:09.520 19110 19189 I ReactNativeJS: [outputs] outputs.hapticSymbol {"timestamp":17433040.498191,"wallClock":1760216409519,"enabled":true,"symbol":"-","durationMs":360,"platform":"android","source":"console.replay","correlationId":"console-replay:mgmrei0d51wy5i84","timelineOffsetMs":13.865681000053883}
10-11 17:00:09.524 19110 19189 I ReactNativeJS: [outputs] outputs.flashPulse {"timestamp":17433044.178921,"wallClock":1760216409523,"enabled":true,"durationMs":360,"source":"console.replay","correlationId":"console-replay:mgmrei0d51wy5i84","timelineOffsetMs":13.865681000053883}
10-11 17:00:09.580 19110 19189 I ReactNativeJS: [outputs] outputs.flashPulse.commit {"timestamp":17433101.104389,"wallClock":1760216409579,"durationMs":360,"source":"console.replay","correlationId":"console-replay:mgmrei0d51wy5i84","latencyMs":63.0367710031569,"timelineOffsetMs":13.865681000053883,"leadMs":8,"scheduleSkewMs":71.0367710031569}
10-11 17:00:09.864 19110 25011 D OutputsAudio: [outputs-audio] stop gain=1.000 release=6.00
10-11 17:00:09.985 19110 25011 D OutputsAudio: [outputs-audio] start hz=700.0 gain=1.000 attack=2.50 release=6.00
10-11 17:00:10.003 19110 19189 D OutputsAudio: [outputs-audio] symbol.info sequence=6 symbol=- timestamp=17433506.887 duration=360.000
10-11 17:00:10.005 19110 19189 I ReactNativeJS: [outputs] playMorse.symbol {"timestamp":17433524.945118,"wallClock":1760216410003,"symbol":"-","durationMs":360,"index":5,"source":"console.replay","correlationId":"console-replay:mgmreidv93tiggay","nativeTimestampMs":17433506.887,"nativeDurationMs":360,"nativeOffsetMs":17.96009700000286,"nativeSequence":6,"monotonicTimestampMs":17433506.887,"nativeExpectedTimestampMs":null,"nativeStartSkewMs":null,"nativeBatchElapsedMs":null,"nativeExpectedSincePriorMs":null,"nativeSincePriorMs":null,"nativePatternStartMs":null,"nativeAgeMs":null}
10-11 17:00:10.006 19110 19189 I ReactNativeJS: [outputs] outputs.hapticSymbol {"timestamp":17433526.753712,"wallClock":1760216410005,"enabled":true,"symbol":"-","durationMs":360,"platform":"android","source":"console.replay","correlationId":"console-replay:mgmreidv93tiggay","timelineOffsetMs":17.96009700000286}
10-11 17:00:10.007 19110 19189 I ReactNativeJS: [outputs] outputs.flashPulse {"timestamp":17433528.240743,"wallClock":1760216410007,"enabled":true,"durationMs":360,"source":"console.replay","correlationId":"console-replay:mgmreidv93tiggay","timelineOffsetMs":17.96009700000286}
10-11 17:00:10.076 19110 19189 I ReactNativeJS: [outputs] outputs.flashPulse.commit {"timestamp":17433597.607931,"wallClock":1760216410076,"durationMs":360,"source":"console.replay","correlationId":"console-replay:mgmreidv93tiggay","latencyMs":72.75546900182962,"timelineOffsetMs":17.96009700000286,"leadMs":8,"scheduleSkewMs":80.75546900182962}
10-11 17:00:10.346 19110 25011 D OutputsAudio: [outputs-audio] stop gain=1.000 release=6.00
10-11 17:00:10.467 19110 25011 D OutputsAudio: [outputs-audio] start hz=700.0 gain=1.000 attack=2.50 release=6.00
10-11 17:00:10.488 19110 19189 D OutputsAudio: [outputs-audio] symbol.info sequence=7 symbol=. timestamp=17433988.443 duration=120.000
10-11 17:00:10.490 19110 19189 I ReactNativeJS: [outputs] playMorse.symbol {"timestamp":17434010.215587,"wallClock":1760216410489,"symbol":".","durationMs":120,"index":6,"source":"console.replay","correlationId":"console-replay:mgmreirdxh6lohdh","nativeTimestampMs":17433988.443,"nativeDurationMs":120,"nativeOffsetMs":21.66295100003481,"nativeSequence":7,"monotonicTimestampMs":17433988.443,"nativeExpectedTimestampMs":null,"nativeStartSkewMs":null,"nativeBatchElapsedMs":null,"nativeExpectedSincePriorMs":null,"nativeSincePriorMs":null,"nativePatternStartMs":null,"nativeAgeMs":null}
10-11 17:00:10.490 19110 19189 I ReactNativeJS: [outputs] outputs.hapticSymbol {"timestamp":17434011.340951,"wallClock":1760216410490,"enabled":true,"symbol":".","durationMs":120,"platform":"android","source":"console.replay","correlationId":"console-replay:mgmreirdxh6lohdh","timelineOffsetMs":21.66295100003481}
10-11 17:00:10.491 19110 19189 I ReactNativeJS: [outputs] outputs.flashPulse {"timestamp":17434012.571993,"wallClock":1760216410491,"enabled":true,"durationMs":120,"source":"console.replay","correlationId":"console-replay:mgmreirdxh6lohdh","timelineOffsetMs":21.66295100003481}
10-11 17:00:10.545 19110 19189 I ReactNativeJS: [outputs] outputs.flashPulse.commit {"timestamp":17434065.970691,"wallClock":1760216410544,"durationMs":120,"source":"console.replay","correlationId":"console-replay:mgmreirdxh6lohdh","latencyMs":55.85901099815965,"timelineOffsetMs":21.66295100003481,"leadMs":8,"scheduleSkewMs":63.85901099815965}
10-11 17:00:10.588 19110 25011 D OutputsAudio: [outputs-audio] stop gain=1.000 release=6.00
10-11 17:00:10.708 19110 25011 D OutputsAudio: [outputs-audio] start hz=700.0 gain=1.000 attack=2.50 release=6.00
10-11 17:00:10.729 19110 19189 D OutputsAudio: [outputs-audio] symbol.info sequence=8 symbol=. timestamp=17434230.188 duration=120.000
10-11 17:00:10.730 19110 19189 I ReactNativeJS: [outputs] playMorse.symbol {"timestamp":17434250.450483,"wallClock":1760216410729,"symbol":".","durationMs":120,"index":7,"source":"console.replay","correlationId":"console-replay:mgmreiy14kjpipbq","nativeTimestampMs":17434230.188,"nativeDurationMs":120,"nativeOffsetMs":20.082950998097658,"nativeSequence":8,"monotonicTimestampMs":17434230.188,"nativeExpectedTimestampMs":null,"nativeStartSkewMs":null,"nativeBatchElapsedMs":null,"nativeExpectedSincePriorMs":null,"nativeSincePriorMs":null,"nativePatternStartMs":null,"nativeAgeMs":null}
10-11 17:00:10.732 19110 19189 I ReactNativeJS: [outputs] outputs.hapticSymbol {"timestamp":17434251.994962,"wallClock":1760216410730,"enabled":true,"symbol":".","durationMs":120,"platform":"android","source":"console.replay","correlationId":"console-replay:mgmreiy14kjpipbq","timelineOffsetMs":20.082950998097658}
10-11 17:00:10.735 19110 19189 I ReactNativeJS: [outputs] outputs.flashPulse {"timestamp":17434255.459806,"wallClock":1760216410734,"enabled":true,"durationMs":120,"source":"console.replay","correlationId":"console-replay:mgmreiy14kjpipbq","timelineOffsetMs":20.082950998097658}
10-11 17:00:10.794 19110 19189 I ReactNativeJS: [outputs] outputs.flashPulse.commit {"timestamp":17434315.298243,"wallClock":1760216410794,"durationMs":120,"source":"console.replay","correlationId":"console-replay:mgmreiy14kjpipbq","latencyMs":65.02224000170827,"timelineOffsetMs":20.082950998097658,"leadMs":8,"scheduleSkewMs":73.02224000170827}
10-11 17:00:10.829 19110 25011 D OutputsAudio: [outputs-audio] stop gain=1.000 release=6.00
10-11 17:00:10.950 19110 25011 D OutputsAudio: [outputs-audio] start hz=700.0 gain=1.000 attack=2.50 release=6.00
10-11 17:00:10.972 19110 19189 D OutputsAudio: [outputs-audio] symbol.info sequence=9 symbol=. timestamp=17434472.192 duration=120.000
10-11 17:00:10.975 19110 19189 I ReactNativeJS: [outputs] playMorse.symbol {"timestamp":17434493.978087,"wallClock":1760216410972,"symbol":".","durationMs":120,"index":8,"source":"console.replay","correlationId":"console-replay:mgmrej4s9xyxbs84","nativeTimestampMs":17434472.192,"nativeDurationMs":120,"nativeOffsetMs":21.684575997292995,"nativeSequence":9,"monotonicTimestampMs":17434472.192,"nativeExpectedTimestampMs":null,"nativeStartSkewMs":null,"nativeBatchElapsedMs":null,"nativeExpectedSincePriorMs":null,"nativeSincePriorMs":null,"nativePatternStartMs":null,"nativeAgeMs":null}
10-11 17:00:10.976 19110 19189 I ReactNativeJS: [outputs] outputs.hapticSymbol {"timestamp":17434496.329962,"wallClock":1760216410975,"enabled":true,"symbol":".","durationMs":120,"platform":"android","source":"console.replay","correlationId":"console-replay:mgmrej4s9xyxbs84","timelineOffsetMs":21.684575997292995}
10-11 17:00:10.980 19110 19189 I ReactNativeJS: [outputs] outputs.flashPulse {"timestamp":17434499.966472,"wallClock":1760216410978,"enabled":true,"durationMs":120,"source":"console.replay","correlationId":"console-replay:mgmrej4s9xyxbs84","timelineOffsetMs":21.684575997292995}
10-11 17:00:11.043 19110 19189 I ReactNativeJS: [outputs] outputs.flashPulse.commit {"timestamp":17434564.467878,"wallClock":1760216411043,"durationMs":120,"source":"console.replay","correlationId":"console-replay:mgmrej4s9xyxbs84","latencyMs":70.58505200222135,"timelineOffsetMs":21.684575997292995,"leadMs":8,"scheduleSkewMs":78.58505200222135}
10-11 17:00:11.073 19110 25011 D OutputsAudio: [outputs-audio] stop gain=1.000 release=6.00
10-11 17:00:11.194 19110 25011 D OutputsAudio: [outputs-audio] start hz=700.0 gain=1.000 attack=2.50 release=6.00
10-11 17:00:11.214 19110 19189 D OutputsAudio: [outputs-audio] symbol.info sequence=10 symbol=- timestamp=17434716.052 duration=360.000
10-11 17:00:11.216 19110 19189 I ReactNativeJS: [outputs] playMorse.symbol {"timestamp":17434736.286212,"wallClock":1760216411215,"symbol":"-","durationMs":360,"index":9,"source":"console.replay","correlationId":"console-replay:mgmrejbj0o4hr4vr","nativeTimestampMs":17434716.052,"nativeDurationMs":360,"nativeOffsetMs":20.100669998675585,"nativeSequence":10,"monotonicTimestampMs":17434716.052,"nativeExpectedTimestampMs":null,"nativeStartSkewMs":null,"nativeBatchElapsedMs":null,"nativeExpectedSincePriorMs":null,"nativeSincePriorMs":null,"nativePatternStartMs":null,"nativeAgeMs":null}
10-11 17:00:11.217 19110 19189 I ReactNativeJS: [outputs] outputs.hapticSymbol {"timestamp":17434738.003347,"wallClock":1760216411216,"enabled":true,"symbol":"-","durationMs":360,"platform":"android","source":"console.replay","correlationId":"console-replay:mgmrejbj0o4hr4vr","timelineOffsetMs":20.100669998675585}
10-11 17:00:11.219 19110 19189 I ReactNativeJS: [outputs] outputs.flashPulse {"timestamp":17434740.152878,"wallClock":1760216411219,"enabled":true,"durationMs":360,"source":"console.replay","correlationId":"console-replay:mgmrejbj0o4hr4vr","timelineOffsetMs":20.100669998675585}
10-11 17:00:11.284 19110 19189 I ReactNativeJS: [outputs] outputs.flashPulse.commit {"timestamp":17434804.883191,"wallClock":1760216411283,"durationMs":360,"source":"console.replay","correlationId":"console-replay:mgmrejbj0o4hr4vr","latencyMs":68.72526000067592,"timelineOffsetMs":20.100669998675585,"leadMs":8,"scheduleSkewMs":76.72526000067592}
10-11 17:00:11.555 19110 25011 D OutputsAudio: [outputs-audio] stop gain=1.000 release=6.00
10-11 17:00:11.675 19110 25011 D OutputsAudio: [outputs-audio] start hz=700.0 gain=1.000 attack=2.50 release=6.00
10-11 17:00:11.698 19110 19189 D OutputsAudio: [outputs-audio] symbol.info sequence=11 symbol=- timestamp=17435197.018 duration=360.000
10-11 17:00:11.701 19110 19189 I ReactNativeJS: [outputs] playMorse.symbol {"timestamp":17435219.504649,"wallClock":1760216411698,"symbol":"-","durationMs":360,"index":10,"source":"console.replay","correlationId":"console-replay:mgmrejoyfcdjoono","nativeTimestampMs":17435197.018,"nativeDurationMs":360,"nativeOffsetMs":22.319513000547886,"nativeSequence":11,"monotonicTimestampMs":17435197.018,"nativeExpectedTimestampMs":null,"nativeStartSkewMs":null,"nativeBatchElapsedMs":null,"nativeExpectedSincePriorMs":null,"nativeSincePriorMs":null,"nativePatternStartMs":null,"nativeAgeMs":null}
10-11 17:00:11.704 19110 19189 I ReactNativeJS: [outputs] outputs.hapticSymbol {"timestamp":17435222.954493,"wallClock":1760216411701,"enabled":true,"symbol":"-","durationMs":360,"platform":"android","source":"console.replay","correlationId":"console-replay:mgmrejoyfcdjoono","timelineOffsetMs":22.319513000547886}
10-11 17:00:11.708 19110 19189 I ReactNativeJS: [outputs] outputs.flashPulse {"timestamp":17435228.739493,"wallClock":1760216411707,"enabled":true,"durationMs":360,"source":"console.replay","correlationId":"console-replay:mgmrejoyfcdjoono","timelineOffsetMs":22.319513000547886}
10-11 17:00:11.769 19110 19189 I ReactNativeJS: [outputs] outputs.flashPulse.commit {"timestamp":17435290.688034,"wallClock":1760216411769,"durationMs":360,"source":"console.replay","correlationId":"console-replay:mgmrejoyfcdjoono","latencyMs":71.34458399936557,"timelineOffsetMs":22.319513000547886,"leadMs":8,"scheduleSkewMs":79.34458399936557}
10-11 17:00:12.036 19110 25011 D OutputsAudio: [outputs-audio] stop gain=1.000 release=6.00
10-11 17:00:12.156 19110 25011 D OutputsAudio: [outputs-audio] start hz=700.0 gain=1.000 attack=2.50 release=6.00
10-11 17:00:12.167 19110 19189 D OutputsAudio: [outputs-audio] symbol.info sequence=12 symbol=- timestamp=17435677.941 duration=360.000
10-11 17:00:12.167 19110 19189 I ReactNativeJS: [outputs] playMorse.symbol {"timestamp":17435688.498867,"wallClock":1760216412167,"symbol":"-","durationMs":360,"index":11,"source":"console.replay","correlationId":"console-replay:mgmrek1zr27z8v7q","nativeTimestampMs":17435677.941,"nativeDurationMs":360,"nativeOffsetMs":10.492502998560667,"nativeSequence":12,"monotonicTimestampMs":17435677.941,"nativeExpectedTimestampMs":null,"nativeStartSkewMs":null,"nativeBatchElapsedMs":null,"nativeExpectedSincePriorMs":null,"nativeSincePriorMs":null,"nativePatternStartMs":null,"nativeAgeMs":null}
10-11 17:00:12.168 19110 19189 I ReactNativeJS: [outputs] outputs.hapticSymbol {"timestamp":17435689.15517,"wallClock":1760216412168,"enabled":true,"symbol":"-","durationMs":360,"platform":"android","source":"console.replay","correlationId":"console-replay:mgmrek1zr27z8v7q","timelineOffsetMs":10.492502998560667}
10-11 17:00:12.169 19110 19189 I ReactNativeJS: [outputs] outputs.flashPulse {"timestamp":17435690.134284,"wallClock":1760216412169,"enabled":true,"durationMs":360,"source":"console.replay","correlationId":"console-replay:mgmrek1zr27z8v7q","timelineOffsetMs":10.492502998560667}
10-11 17:00:12.226 19110 19189 I ReactNativeJS: [outputs] outputs.flashPulse.commit {"timestamp":17435746.804909,"wallClock":1760216412225,"durationMs":360,"source":"console.replay","correlationId":"console-replay:mgmrek1zr27z8v7q","latencyMs":58.366042003035545,"timelineOffsetMs":10.492502998560667,"leadMs":8,"scheduleSkewMs":66.36604200303555}
10-11 17:00:12.517 19110 25011 D OutputsAudio: [outputs-audio] stop gain=1.000 release=6.00
10-11 17:00:12.638 19110 25011 D OutputsAudio: [outputs-audio] start hz=700.0 gain=1.000 attack=2.50 release=6.00
10-11 17:00:12.655 19110 19189 D OutputsAudio: [outputs-audio] symbol.info sequence=13 symbol=. timestamp=17436159.392 duration=120.000
10-11 17:00:12.655 19110 19189 I ReactNativeJS: [outputs] playMorse.symbol {"timestamp":17436176.275326,"wallClock":1760216412655,"symbol":".","durationMs":120,"index":12,"source":"console.replay","correlationId":"console-replay:mgmrekfjjwzlyh3q","nativeTimestampMs":17436159.392,"nativeDurationMs":120,"nativeOffsetMs":16.80441899970174,"nativeSequence":13,"monotonicTimestampMs":17436159.392,"nativeExpectedTimestampMs":null,"nativeStartSkewMs":null,"nativeBatchElapsedMs":null,"nativeExpectedSincePriorMs":null,"nativeSincePriorMs":null,"nativePatternStartMs":null,"nativeAgeMs":null}
10-11 17:00:12.656 19110 19189 I ReactNativeJS: [outputs] outputs.hapticSymbol {"timestamp":17436176.958555,"wallClock":1760216412655,"enabled":true,"symbol":".","durationMs":120,"platform":"android","source":"console.replay","correlationId":"console-replay:mgmrekfjjwzlyh3q","timelineOffsetMs":16.80441899970174}
10-11 17:00:12.656 19110 19189 I ReactNativeJS: [outputs] outputs.flashPulse {"timestamp":17436177.739649,"wallClock":1760216412656,"enabled":true,"durationMs":120,"source":"console.replay","correlationId":"console-replay:mgmrekfjjwzlyh3q","timelineOffsetMs":16.80441899970174}
10-11 17:00:12.707 19110 19189 I ReactNativeJS: [outputs] outputs.flashPulse.commit {"timestamp":17436228.317774,"wallClock":1760216412707,"durationMs":120,"source":"console.replay","correlationId":"console-replay:mgmrekfjjwzlyh3q","latencyMs":52.11609400063753,"timelineOffsetMs":16.80441899970174,"leadMs":8,"scheduleSkewMs":60.11609400063753}
10-11 17:00:12.758 19110 25011 D OutputsAudio: [outputs-audio] stop gain=1.000 release=6.00
10-11 17:00:12.879 19110 25011 D OutputsAudio: [outputs-audio] start hz=700.0 gain=1.000 attack=2.50 release=6.00
10-11 17:00:12.900 19110 19189 D OutputsAudio: [outputs-audio] symbol.info sequence=14 symbol=. timestamp=17436401.174 duration=120.000
10-11 17:00:12.902 19110 19189 I ReactNativeJS: [outputs] playMorse.symbol {"timestamp":17436421.770013,"wallClock":1760216412900,"symbol":".","durationMs":120,"index":13,"source":"console.replay","correlationId":"console-replay:mgmrekmca4a73air","nativeTimestampMs":17436401.174,"nativeDurationMs":120,"nativeOffsetMs":20.50465900078416,"nativeSequence":14,"monotonicTimestampMs":17436401.174,"nativeExpectedTimestampMs":null,"nativeStartSkewMs":null,"nativeBatchElapsedMs":null,"nativeExpectedSincePriorMs":null,"nativeSincePriorMs":null,"nativePatternStartMs":null,"nativeAgeMs":null}
10-11 17:00:12.903 19110 19189 I ReactNativeJS: [outputs] outputs.hapticSymbol {"timestamp":17436423.391003,"wallClock":1760216412902,"enabled":true,"symbol":".","durationMs":120,"platform":"android","source":"console.replay","correlationId":"console-replay:mgmrekmca4a73air","timelineOffsetMs":20.50465900078416}
10-11 17:00:12.907 19110 19189 I ReactNativeJS: [outputs] outputs.flashPulse {"timestamp":17436426.612357,"wallClock":1760216412905,"enabled":true,"durationMs":120,"source":"console.replay","correlationId":"console-replay:mgmrekmca4a73air","timelineOffsetMs":20.50465900078416}
10-11 17:00:12.971 19110 19189 I ReactNativeJS: [outputs] outputs.flashPulse.commit {"timestamp":17436492.610273,"wallClock":1760216412971,"durationMs":120,"source":"console.replay","correlationId":"console-replay:mgmrekmca4a73air","latencyMs":70.92604200169444,"timelineOffsetMs":20.50465900078416,"leadMs":8,"scheduleSkewMs":78.92604200169444}
10-11 17:00:13.000 19110 25011 D OutputsAudio: [outputs-audio] stop gain=1.000 release=6.00
10-11 17:00:13.120 19110 25011 D OutputsAudio: [outputs-audio] start hz=700.0 gain=1.000 attack=2.50 release=6.00
10-11 17:00:13.143 19110 19189 D OutputsAudio: [outputs-audio] symbol.info sequence=15 symbol=. timestamp=17436642.047 duration=120.000
10-11 17:00:13.145 19110 19189 I ReactNativeJS: [outputs] playMorse.symbol {"timestamp":17436665.237878,"wallClock":1760216413144,"symbol":".","durationMs":120,"index":14,"source":"console.replay","correlationId":"console-replay:mgmrekt40f2a7q4c","nativeTimestampMs":17436642.047,"nativeDurationMs":120,"nativeOffsetMs":23.093221001327038,"nativeSequence":15,"monotonicTimestampMs":17436642.047,"nativeExpectedTimestampMs":null,"nativeStartSkewMs":null,"nativeBatchElapsedMs":null,"nativeExpectedSincePriorMs":null,"nativeSincePriorMs":null,"nativePatternStartMs":null,"nativeAgeMs":null}
10-11 17:00:13.146 19110 19189 I ReactNativeJS: [outputs] outputs.hapticSymbol {"timestamp":17436667.07319,"wallClock":1760216413145,"enabled":true,"symbol":".","durationMs":120,"platform":"android","source":"console.replay","correlationId":"console-replay:mgmrekt40f2a7q4c","timelineOffsetMs":23.093221001327038}
10-11 17:00:13.147 19110 19189 I ReactNativeJS: [outputs] outputs.flashPulse {"timestamp":17436668.7522,"wallClock":1760216413147,"enabled":true,"durationMs":120,"source":"console.replay","correlationId":"console-replay:mgmrekt40f2a7q4c","timelineOffsetMs":23.093221001327038}
10-11 17:00:13.211 19110 19189 I ReactNativeJS: [outputs] outputs.flashPulse.commit {"timestamp":17436732.107305,"wallClock":1760216413210,"durationMs":120,"source":"console.replay","correlationId":"console-replay:mgmrekt40f2a7q4c","latencyMs":66.9616670012474,"timelineOffsetMs":23.093221001327038,"leadMs":8,"scheduleSkewMs":74.9616670012474}
10-11 17:00:13.241 19110 25011 D OutputsAudio: [outputs-audio] stop gain=1.000 release=6.00
10-11 17:00:13.361 19110 25011 D OutputsAudio: [outputs-audio] start hz=700.0 gain=1.000 attack=2.50 release=6.00
10-11 17:00:13.369 19110 19189 D OutputsAudio: [outputs-audio] symbol.info sequence=16 symbol=- timestamp=17436882.976 duration=360.000
10-11 17:00:13.371 19110 19189 I ReactNativeJS: [outputs] playMorse.symbol {"timestamp":17436890.6622,"wallClock":1760216413369,"symbol":"-","durationMs":360,"index":15,"source":"console.replay","correlationId":"console-replay:mgmrekzdq559pkot","nativeTimestampMs":17436882.976,"nativeDurationMs":360,"nativeOffsetMs":7.425002001225948,"nativeSequence":16,"monotonicTimestampMs":17436882.976,"nativeExpectedTimestampMs":null,"nativeStartSkewMs":null,"nativeBatchElapsedMs":null,"nativeExpectedSincePriorMs":null,"nativeSincePriorMs":null,"nativePatternStartMs":null,"nativeAgeMs":null}
10-11 17:00:13.373 19110 19189 I ReactNativeJS: [outputs] outputs.hapticSymbol {"timestamp":17436892.626107,"wallClock":1760216413371,"enabled":true,"symbol":"-","durationMs":360,"platform":"android","source":"console.replay","correlationId":"console-replay:mgmrekzdq559pkot","timelineOffsetMs":7.425002001225948}
10-11 17:00:13.376 19110 19189 I ReactNativeJS: [outputs] outputs.flashPulse {"timestamp":17436896.681315,"wallClock":1760216413375,"enabled":true,"durationMs":360,"source":"console.replay","correlationId":"console-replay:mgmrekzdq559pkot","timelineOffsetMs":7.425002001225948}
10-11 17:00:13.448 19110 19189 I ReactNativeJS: [outputs] outputs.flashPulse.commit {"timestamp":17436969.240586,"wallClock":1760216413448,"durationMs":360,"source":"console.replay","correlationId":"console-replay:mgmrekzdq559pkot","latencyMs":78.83437499776483,"timelineOffsetMs":7.425002001225948,"leadMs":8,"scheduleSkewMs":86.83437499776483}
10-11 17:00:13.721 19110 25011 D OutputsAudio: [outputs-audio] stop gain=1.000 release=6.00
10-11 17:00:13.843 19110 25011 D OutputsAudio: [outputs-audio] start hz=700.0 gain=1.000 attack=2.50 release=6.00
10-11 17:00:13.876 19110 19189 D OutputsAudio: [outputs-audio] symbol.info sequence=17 symbol=- timestamp=17437364.730 duration=360.000
10-11 17:00:13.876 19110 19189 I ReactNativeJS: [outputs] playMorse.symbol {"timestamp":17437397.376731,"wallClock":1760216413876,"symbol":"-","durationMs":360,"index":16,"source":"console.replay","correlationId":"console-replay:mgmreldgfgb156mq","nativeTimestampMs":17437364.73,"nativeDurationMs":360,"nativeOffsetMs":32.573502000421286,"nativeSequence":17,"monotonicTimestampMs":17437364.73,"nativeExpectedTimestampMs":null,"nativeStartSkewMs":null,"nativeBatchElapsedMs":null,"nativeExpectedSincePriorMs":null,"nativeSincePriorMs":null,"nativePatternStartMs":null,"nativeAgeMs":null}
10-11 17:00:13.877 19110 19189 I ReactNativeJS: [outputs] outputs.hapticSymbol {"timestamp":17437398.028034,"wallClock":1760216413876,"enabled":true,"symbol":"-","durationMs":360,"platform":"android","source":"console.replay","correlationId":"console-replay:mgmreldgfgb156mq","timelineOffsetMs":32.573502000421286}
10-11 17:00:13.878 19110 19189 I ReactNativeJS: [outputs] outputs.flashPulse {"timestamp":17437399.01944,"wallClock":1760216413877,"enabled":true,"durationMs":360,"source":"console.replay","correlationId":"console-replay:mgmreldgfgb156mq","timelineOffsetMs":32.573502000421286}
10-11 17:00:13.932 19110 19189 I ReactNativeJS: [outputs] outputs.flashPulse.commit {"timestamp":17437453.364179,"wallClock":1760216413932,"durationMs":360,"source":"console.replay","correlationId":"console-replay:mgmreldgfgb156mq","latencyMs":56.054896000772715,"timelineOffsetMs":32.573502000421286,"leadMs":8,"scheduleSkewMs":64.05489600077271}
10-11 17:00:14.204 19110 25011 D OutputsAudio: [outputs-audio] stop gain=1.000 release=6.00
10-11 17:00:14.325 19110 25011 D OutputsAudio: [outputs-audio] start hz=700.0 gain=1.000 attack=2.50 release=6.00
10-11 17:00:14.347 19110 19189 D OutputsAudio: [outputs-audio] symbol.info sequence=18 symbol=- timestamp=17437846.685 duration=360.000
10-11 17:00:14.348 19110 19189 I ReactNativeJS: [outputs] playMorse.symbol {"timestamp":17437869.270585,"wallClock":1760216414348,"symbol":"-","durationMs":360,"index":17,"source":"console.replay","correlationId":"console-replay:mgmrelqk8i45jluu","nativeTimestampMs":17437846.685,"nativeDurationMs":360,"nativeOffsetMs":22.46621000021696,"nativeSequence":18,"monotonicTimestampMs":17437846.685,"nativeExpectedTimestampMs":null,"nativeStartSkewMs":null,"nativeBatchElapsedMs":null,"nativeExpectedSincePriorMs":null,"nativeSincePriorMs":null,"nativePatternStartMs":null,"nativeAgeMs":null}
10-11 17:00:14.349 19110 19189 I ReactNativeJS: [outputs] outputs.hapticSymbol {"timestamp":17437870.19595,"wallClock":1760216414349,"enabled":true,"symbol":"-","durationMs":360,"platform":"android","source":"console.replay","correlationId":"console-replay:mgmrelqk8i45jluu","timelineOffsetMs":22.46621000021696}
10-11 17:00:14.350 19110 19189 I ReactNativeJS: [outputs] outputs.flashPulse {"timestamp":17437871.58944,"wallClock":1760216414350,"enabled":true,"durationMs":360,"source":"console.replay","correlationId":"console-replay:mgmrelqk8i45jluu","timelineOffsetMs":22.46621000021696}
10-11 17:00:14.405 19110 19189 I ReactNativeJS: [outputs] outputs.flashPulse.commit {"timestamp":17437926.33871,"wallClock":1760216414405,"durationMs":360,"source":"console.replay","correlationId":"console-replay:mgmrelqk8i45jluu","latencyMs":57.18229199945927,"timelineOffsetMs":22.46621000021696,"leadMs":8,"scheduleSkewMs":65.18229199945927}
10-11 17:00:14.686 19110 25011 D OutputsAudio: [outputs-audio] stop gain=1.000 release=6.00
10-11 17:00:14.807 19110 25011 D OutputsAudio: [outputs-audio] start hz=700.0 gain=1.000 attack=2.50 release=6.00
10-11 17:00:14.817 19110 19189 D OutputsAudio: [outputs-audio] symbol.info sequence=19 symbol=. timestamp=17438328.269 duration=120.000
10-11 17:00:14.818 19110 19189 I ReactNativeJS: [outputs] playMorse.symbol {"timestamp":17438339.029179,"wallClock":1760216414817,"symbol":".","durationMs":120,"index":18,"source":"console.replay","correlationId":"console-replay:mgmrem3lkhwyalbw","nativeTimestampMs":17438328.269,"nativeDurationMs":120,"nativeOffsetMs":10.662834998220205,"nativeSequence":19,"monotonicTimestampMs":17438328.269,"nativeExpectedTimestampMs":null,"nativeStartSkewMs":null,"nativeBatchElapsedMs":null,"nativeExpectedSincePriorMs":null,"nativeSincePriorMs":null,"nativePatternStartMs":null,"nativeAgeMs":null}
10-11 17:00:14.820 19110 19189 I ReactNativeJS: [outputs] outputs.hapticSymbol {"timestamp":17438339.941835,"wallClock":1760216414818,"enabled":true,"symbol":".","durationMs":120,"platform":"android","source":"console.replay","correlationId":"console-replay:mgmrem3lkhwyalbw","timelineOffsetMs":10.662834998220205}
10-11 17:00:14.821 19110 19189 I ReactNativeJS: [outputs] outputs.flashPulse {"timestamp":17438342.037721,"wallClock":1760216414820,"enabled":true,"durationMs":120,"source":"console.replay","correlationId":"console-replay:mgmrem3lkhwyalbw","timelineOffsetMs":10.662834998220205}
10-11 17:00:14.880 19110 19189 I ReactNativeJS: [outputs] outputs.flashPulse.commit {"timestamp":17438401.422408,"wallClock":1760216414880,"durationMs":120,"source":"console.replay","correlationId":"console-replay:mgmrem3lkhwyalbw","latencyMs":62.48546900227666,"timelineOffsetMs":10.662834998220205,"leadMs":8,"scheduleSkewMs":70.48546900227666}
10-11 17:00:14.927 19110 25011 D OutputsAudio: [outputs-audio] stop gain=1.000 release=6.00
10-11 17:00:15.048 19110 25011 D OutputsAudio: [outputs-audio] start hz=700.0 gain=1.000 attack=2.50 release=6.00
10-11 17:00:15.069 19110 19189 D OutputsAudio: [outputs-audio] symbol.info sequence=20 symbol=. timestamp=17438570.148 duration=120.000
10-11 17:00:15.070 19110 19189 I ReactNativeJS: [outputs] playMorse.symbol {"timestamp":17438590.673346,"wallClock":1760216415069,"symbol":".","durationMs":120,"index":19,"source":"console.replay","correlationId":"console-replay:mgmremalzdd5v7t7","nativeTimestampMs":17438570.148,"nativeDurationMs":120,"nativeOffsetMs":20.391960002481937,"nativeSequence":20,"monotonicTimestampMs":17438570.148,"nativeExpectedTimestampMs":null,"nativeStartSkewMs":null,"nativeBatchElapsedMs":null,"nativeExpectedSincePriorMs":null,"nativeSincePriorMs":null,"nativePatternStartMs":null,"nativeAgeMs":null}
10-11 17:00:15.071 19110 19189 I ReactNativeJS: [outputs] outputs.hapticSymbol {"timestamp":17438591.814283,"wallClock":1760216415070,"enabled":true,"symbol":".","durationMs":120,"platform":"android","source":"console.replay","correlationId":"console-replay:mgmremalzdd5v7t7","timelineOffsetMs":20.391960002481937}
10-11 17:00:15.072 19110 19189 I ReactNativeJS: [outputs] outputs.flashPulse {"timestamp":17438593.37621,"wallClock":1760216415072,"enabled":true,"durationMs":120,"source":"console.replay","correlationId":"console-replay:mgmremalzdd5v7t7","timelineOffsetMs":20.391960002481937}
10-11 17:00:15.144 19110 19189 I ReactNativeJS: [outputs] outputs.flashPulse.commit {"timestamp":17438665.622929,"wallClock":1760216415144,"durationMs":120,"source":"console.replay","correlationId":"console-replay:mgmremalzdd5v7t7","latencyMs":75.07723999768496,"timelineOffsetMs":20.391960002481937,"leadMs":8,"scheduleSkewMs":83.07723999768496}
10-11 17:00:15.169 19110 25011 D OutputsAudio: [outputs-audio] stop gain=1.000 release=6.00
10-11 17:00:15.291 19110 25011 D OutputsAudio: [outputs-audio] start hz=700.0 gain=1.000 attack=2.50 release=6.00
10-11 17:00:15.318 19110 19189 D OutputsAudio: [outputs-audio] symbol.info sequence=21 symbol=. timestamp=17438812.553 duration=120.000
10-11 17:00:15.321 19110 19189 I ReactNativeJS: [outputs] playMorse.symbol {"timestamp":17438839.75095,"wallClock":1760216415318,"symbol":".","durationMs":120,"index":20,"source":"console.replay","correlationId":"console-replay:mgmremhiw8bhlh29","nativeTimestampMs":17438812.553,"nativeDurationMs":120,"nativeOffsetMs":27.053261999040842,"nativeSequence":21,"monotonicTimestampMs":17438812.553,"nativeExpectedTimestampMs":null,"nativeStartSkewMs":null,"nativeBatchElapsedMs":null,"nativeExpectedSincePriorMs":null,"nativeSincePriorMs":null,"nativePatternStartMs":null,"nativeAgeMs":null}
10-11 17:00:15.322 19110 19189 I ReactNativeJS: [outputs] outputs.hapticSymbol {"timestamp":17438842.755533,"wallClock":1760216415321,"enabled":true,"symbol":".","durationMs":120,"platform":"android","source":"console.replay","correlationId":"console-replay:mgmremhiw8bhlh29","timelineOffsetMs":27.053261999040842}
10-11 17:00:15.326 19110 19189 I ReactNativeJS: [outputs] outputs.flashPulse {"timestamp":17438846.489752,"wallClock":1760216415325,"enabled":true,"durationMs":120,"source":"console.replay","correlationId":"console-replay:mgmremhiw8bhlh29","timelineOffsetMs":27.053261999040842}
10-11 17:00:15.384 19110 19189 I ReactNativeJS: [outputs] outputs.flashPulse.commit {"timestamp":17438905.236106,"wallClock":1760216415384,"durationMs":120,"source":"console.replay","correlationId":"console-replay:mgmremhiw8bhlh29","latencyMs":65.62484399974346,"timelineOffsetMs":27.053261999040842,"leadMs":8,"scheduleSkewMs":73.62484399974346}
10-11 17:00:15.412 19110 25011 D OutputsAudio: [outputs-audio] stop gain=1.000 release=6.00
10-11 17:00:15.532 19110 25011 D OutputsAudio: [outputs-audio] start hz=700.0 gain=1.000 attack=2.50 release=6.00
10-11 17:00:15.559 19110 19189 D OutputsAudio: [outputs-audio] symbol.info sequence=22 symbol=- timestamp=17439054.013 duration=360.000
10-11 17:00:15.563 19110 19189 I ReactNativeJS: [outputs] playMorse.symbol {"timestamp":17439080.881731,"wallClock":1760216415559,"symbol":"-","durationMs":360,"index":21,"source":"console.replay","correlationId":"console-replay:mgmremo7s6fx7yao","nativeTimestampMs":17439054.013,"nativeDurationMs":360,"nativeOffsetMs":26.692272000014782,"nativeSequence":22,"monotonicTimestampMs":17439054.013,"nativeExpectedTimestampMs":null,"nativeStartSkewMs":null,"nativeBatchElapsedMs":null,"nativeExpectedSincePriorMs":null,"nativeSincePriorMs":null,"nativePatternStartMs":null,"nativeAgeMs":null}
10-11 17:00:15.564 19110 19189 I ReactNativeJS: [outputs] outputs.hapticSymbol {"timestamp":17439084.976731,"wallClock":1760216415563,"enabled":true,"symbol":"-","durationMs":360,"platform":"android","source":"console.replay","correlationId":"console-replay:mgmremo7s6fx7yao","timelineOffsetMs":26.692272000014782}
10-11 17:00:15.569 19110 19189 I ReactNativeJS: [outputs] outputs.flashPulse {"timestamp":17439089.861575,"wallClock":1760216415568,"enabled":true,"durationMs":360,"source":"console.replay","correlationId":"console-replay:mgmremo7s6fx7yao","timelineOffsetMs":26.692272000014782}
10-11 17:00:15.625 19110 19189 I ReactNativeJS: [outputs] outputs.flashPulse.commit {"timestamp":17439146.5247,"wallClock":1760216415625,"durationMs":360,"source":"console.replay","correlationId":"console-replay:mgmremo7s6fx7yao","latencyMs":65.81447999924421,"timelineOffsetMs":26.692272000014782,"leadMs":8,"scheduleSkewMs":73.81447999924421}
10-11 17:00:15.893 19110 25011 D OutputsAudio: [outputs-audio] stop gain=1.000 release=6.00
10-11 17:00:16.014 19110 25011 D OutputsAudio: [outputs-audio] start hz=700.0 gain=1.000 attack=2.50 release=6.00
10-11 17:00:16.040 19110 19189 D OutputsAudio: [outputs-audio] symbol.info sequence=23 symbol=- timestamp=17439535.945 duration=360.000
10-11 17:00:16.042 19110 19189 I ReactNativeJS: [outputs] playMorse.symbol {"timestamp":17439562.307147,"wallClock":1760216416041,"symbol":"-","durationMs":360,"index":22,"source":"console.replay","correlationId":"console-replay:mgmren1lmds6qbc9","nativeTimestampMs":17439535.945,"nativeDurationMs":360,"nativeOffsetMs":26.1679809987545,"nativeSequence":23,"monotonicTimestampMs":17439535.945,"nativeExpectedTimestampMs":null,"nativeStartSkewMs":null,"nativeBatchElapsedMs":null,"nativeExpectedSincePriorMs":null,"nativeSincePriorMs":null,"nativePatternStartMs":null,"nativeAgeMs":null}
10-11 17:00:16.043 19110 19189 I ReactNativeJS: [outputs] outputs.hapticSymbol {"timestamp":17439563.980533,"wallClock":1760216416042,"enabled":true,"symbol":"-","durationMs":360,"platform":"android","source":"console.replay","correlationId":"console-replay:mgmren1lmds6qbc9","timelineOffsetMs":26.1679809987545}
10-11 17:00:16.045 19110 19189 I ReactNativeJS: [outputs] outputs.flashPulse {"timestamp":17439566.133085,"wallClock":1760216416045,"enabled":true,"durationMs":360,"source":"console.replay","correlationId":"console-replay:mgmren1lmds6qbc9","timelineOffsetMs":26.1679809987545}
10-11 17:00:16.109 19110 19189 I ReactNativeJS: [outputs] outputs.flashPulse.commit {"timestamp":17439630.111001,"wallClock":1760216416108,"durationMs":360,"source":"console.replay","correlationId":"console-replay:mgmren1lmds6qbc9","latencyMs":67.99281200021505,"timelineOffsetMs":26.1679809987545,"leadMs":8,"scheduleSkewMs":75.99281200021505}
10-11 17:00:16.375 19110 25011 D OutputsAudio: [outputs-audio] stop gain=1.000 release=6.00
10-11 17:00:16.496 19110 25011 D OutputsAudio: [outputs-audio] start hz=700.0 gain=1.000 attack=2.50 release=6.00
10-11 17:00:16.499 19110 19189 D OutputsAudio: [outputs-audio] symbol.info sequence=24 symbol=- timestamp=17440017.598 duration=360.000
10-11 17:00:16.501 19110 19189 I ReactNativeJS: [outputs] playMorse.symbol {"timestamp":17440020.842147,"wallClock":1760216416499,"symbol":"-","durationMs":360,"index":23,"source":"console.replay","correlationId":"console-replay:mgmrenebtwop58q0","nativeTimestampMs":17440017.598,"nativeDurationMs":360,"nativeOffsetMs":3.115292999893427,"nativeSequence":24,"monotonicTimestampMs":17440017.598,"nativeExpectedTimestampMs":null,"nativeStartSkewMs":null,"nativeBatchElapsedMs":null,"nativeExpectedSincePriorMs":null,"nativeSincePriorMs":null,"nativePatternStartMs":null,"nativeAgeMs":null}
10-11 17:00:16.502 19110 19189 I ReactNativeJS: [outputs] outputs.hapticSymbol {"timestamp":17440022.89173,"wallClock":1760216416501,"enabled":true,"symbol":"-","durationMs":360,"platform":"android","source":"console.replay","correlationId":"console-replay:mgmrenebtwop58q0","timelineOffsetMs":3.115292999893427}
10-11 17:00:16.504 19110 19189 I ReactNativeJS: [outputs] outputs.flashPulse {"timestamp":17440024.979387,"wallClock":1760216416503,"enabled":true,"durationMs":360,"source":"console.replay","correlationId":"console-replay:mgmrenebtwop58q0","timelineOffsetMs":3.115292999893427}
10-11 17:00:16.567 19110 19189 I ReactNativeJS: [outputs] outputs.flashPulse.commit {"timestamp":17440087.991366,"wallClock":1760216416566,"durationMs":360,"source":"console.replay","correlationId":"console-replay:mgmrenebtwop58q0","latencyMs":67.27276000007987,"timelineOffsetMs":3.115292999893427,"leadMs":8,"scheduleSkewMs":75.27276000007987}
10-11 17:00:16.857 19110 25011 D OutputsAudio: [outputs-audio] stop gain=1.000 release=6.00
10-11 17:00:16.978 19110 25011 D OutputsAudio: [outputs-audio] start hz=700.0 gain=1.000 attack=2.50 release=6.00
10-11 17:00:17.003 19110 19189 D OutputsAudio: [outputs-audio] symbol.info sequence=25 symbol=. timestamp=17440499.778 duration=120.000
10-11 17:00:17.006 19110 19189 I ReactNativeJS: [outputs] playMorse.symbol {"timestamp":17440524.877511,"wallClock":1760216417003,"symbol":".","durationMs":120,"index":24,"source":"console.replay","correlationId":"console-replay:mgmrensb15r3eror","nativeTimestampMs":17440499.778,"nativeDurationMs":120,"nativeOffsetMs":24.94914700090885,"nativeSequence":25,"monotonicTimestampMs":17440499.778,"nativeExpectedTimestampMs":null,"nativeStartSkewMs":null,"nativeBatchElapsedMs":null,"nativeExpectedSincePriorMs":null,"nativeSincePriorMs":null,"nativePatternStartMs":null,"nativeAgeMs":null}
10-11 17:00:17.008 19110 19189 I ReactNativeJS: [outputs] outputs.hapticSymbol {"timestamp":17440527.897668,"wallClock":1760216417006,"enabled":true,"symbol":".","durationMs":120,"platform":"android","source":"console.replay","correlationId":"console-replay:mgmrensb15r3eror","timelineOffsetMs":24.94914700090885}
10-11 17:00:17.011 19110 19189 I ReactNativeJS: [outputs] outputs.flashPulse {"timestamp":17440531.794855,"wallClock":1760216417010,"enabled":true,"durationMs":120,"source":"console.replay","correlationId":"console-replay:mgmrensb15r3eror","timelineOffsetMs":24.94914700090885}
10-11 17:00:17.067 19110 19189 I ReactNativeJS: [outputs] outputs.flashPulse.commit {"timestamp":17440588.612459,"wallClock":1760216417067,"durationMs":120,"source":"console.replay","correlationId":"console-replay:mgmrensb15r3eror","latencyMs":63.87994799762964,"timelineOffsetMs":24.94914700090885,"leadMs":8,"scheduleSkewMs":71.87994799762964}
10-11 17:00:17.099 19110 25011 D OutputsAudio: [outputs-audio] stop gain=1.000 release=6.00
10-11 17:00:17.220 19110 25011 D OutputsAudio: [outputs-audio] start hz=700.0 gain=1.000 attack=2.50 release=6.00
10-11 17:00:17.247 19110 19189 D OutputsAudio: [outputs-audio] symbol.info sequence=26 symbol=. timestamp=17440741.858 duration=120.000
10-11 17:00:17.249 19110 19189 I ReactNativeJS: [outputs] playMorse.symbol {"timestamp":17440768.627511,"wallClock":1760216417247,"symbol":".","durationMs":120,"index":25,"source":"console.replay","correlationId":"console-replay:mgmrenz3i4hs2d7v","nativeTimestampMs":17440741.858,"nativeDurationMs":120,"nativeOffsetMs":26.66966800019145,"nativeSequence":26,"monotonicTimestampMs":17440741.858,"nativeExpectedTimestampMs":null,"nativeStartSkewMs":null,"nativeBatchElapsedMs":null,"nativeExpectedSincePriorMs":null,"nativeSincePriorMs":null,"nativePatternStartMs":null,"nativeAgeMs":null}
10-11 17:00:17.251 19110 19189 I ReactNativeJS: [outputs] outputs.hapticSymbol {"timestamp":17440771.117824,"wallClock":1760216417249,"enabled":true,"symbol":".","durationMs":120,"platform":"android","source":"console.replay","correlationId":"console-replay:mgmrenz3i4hs2d7v","timelineOffsetMs":26.66966800019145}
10-11 17:00:17.255 19110 19189 I ReactNativeJS: [outputs] outputs.flashPulse {"timestamp":17440774.939543,"wallClock":1760216417253,"enabled":true,"durationMs":120,"source":"console.replay","correlationId":"console-replay:mgmrenz3i4hs2d7v","timelineOffsetMs":26.66966800019145}
10-11 17:00:17.308 19110 19189 I ReactNativeJS: [outputs] outputs.flashPulse.commit {"timestamp":17440829.465428,"wallClock":1760216417308,"durationMs":120,"source":"console.replay","correlationId":"console-replay:mgmrenz3i4hs2d7v","latencyMs":60.93255200237036,"timelineOffsetMs":26.66966800019145,"leadMs":8,"scheduleSkewMs":68.93255200237036}
10-11 17:00:17.341 19110 25011 D OutputsAudio: [outputs-audio] stop gain=1.000 release=6.00
10-11 17:00:17.462 19110 25011 D OutputsAudio: [outputs-audio] start hz=700.0 gain=1.000 attack=2.50 release=6.00
10-11 17:00:17.470 19110 19189 D OutputsAudio: [outputs-audio] symbol.info sequence=27 symbol=. timestamp=17440983.501 duration=120.000
10-11 17:00:17.473 19110 19189 I ReactNativeJS: [outputs] playMorse.symbol {"timestamp":17440991.824595,"wallClock":1760216417470,"symbol":".","durationMs":120,"index":26,"source":"console.replay","correlationId":"console-replay:mgmreo5av9a6uz7r","nativeTimestampMs":17440983.501,"nativeDurationMs":120,"nativeOffsetMs":8.204636000096798,"nativeSequence":27,"monotonicTimestampMs":17440983.501,"nativeExpectedTimestampMs":null,"nativeStartSkewMs":null,"nativeBatchElapsedMs":null,"nativeExpectedSincePriorMs":null,"nativeSincePriorMs":null,"nativePatternStartMs":null,"nativeAgeMs":null}
