10-11 19:44:07.865 12221 19570 I ReactNativeJS: [outputs] playMorse.symbol {"timestamp":27234043.586536,"wallClock":1760226247865,"symbol":"-","durationMs":360,"index":16,"source":"console.replay","correlationId":"console-replay:mgmx9dbsp7rzn5x9","nativeTimestampMs":27234006.19,"nativeDurationMs":360,"nativeOffsetMs":36.14851499721408,"nativeSequence":17,"monotonicTimestampMs":27234006.19,"nativeExpectedTimestampMs":27233982.446,"nativeStartSkewMs":23.744,"nativeBatchElapsedMs":5543.744,"nativeExpectedSincePriorMs":480,"nativeSincePriorMs":481.073,"nativePatternStartMs":27228462.446,"nativeAgeMs":36.004}
10-11 19:44:07.866 12221 19570 I ReactNativeJS: [outputs] outputs.hapticSymbol {"timestamp":27234044.536276,"wallClock":1760226247865,"enabled":true,"symbol":"-","durationMs":360,"platform":"android","source":"console.replay","correlationId":"console-replay:mgmx9dbsp7rzn5x9","timelineOffsetMs":null}
10-11 19:44:07.867 12221 19570 I ReactNativeJS: [outputs] outputs.flashPulse {"timestamp":27234045.842838,"wallClock":1760226247867,"enabled":true,"durationMs":360,"source":"console.replay","correlationId":"console-replay:mgmx9dbsp7rzn5x9","timelineOffsetMs":36.14851499721408,"schedulingMode":"timeline","audioStartHeadroomMs":-71.37704600021243,"audioStartGuard":"headroom","audioStartCompensationMs":71.37704600021243}
10-11 19:44:07.949 12221 19570 I ReactNativeJS: [outputs] outputs.flashPulse.commit {"timestamp":27234127.099973,"wallClock":1760226247948,"durationMs":360,"source":"console.replay","correlationId":"console-replay:mgmx9dbsp7rzn5x9","latencyMs":84.75104200094938,"timelineOffsetMs":36.14851499721408,"leadMs":8,"scheduleSkewMs":81.26249999925494,"schedulingMode":"timeline","audioStartHeadroomMs":-71.37704600021243,"audioStartGuard":"headroom","audioStartCompensationMs":71.37704600021243}
10-11 19:44:08.188 12221 19824 D OutputsAudio: [outputs-audio] stop gain=1.000 release=6.00
10-11 19:44:08.310 12221 19824 D OutputsAudio: [outputs-audio] start hz=650.0 gain=1.000 attack=2.50 release=6.00
10-11 19:44:08.310 12221 19824 D OutputsAudio: [outputs-audio] playMorse.symbol.start sequence=18 symbol=- expected=27234462.446 actual=27234488.947 skew=26.501 batchElapsed=6026.501
10-11 19:44:08.364 12221 19570 D OutputsAudio: [outputs-audio] symbol.info sequence=18 symbol=- timestamp=27234488.947 duration=360.000 expected=27234462.446 skew=26.501 age=54.295
10-11 19:44:08.365 12221 19570 I ReactNativeJS: [outputs] playMorse.symbol {"timestamp":27234543.459765,"wallClock":1760226248364,"symbol":"-","durationMs":360,"index":17,"source":"console.replay","correlationId":"console-replay:qzsvkant","nativeTimestampMs":27234488.947,"nativeDurationMs":360,"nativeOffsetMs":54.43375499919057,"nativeSequence":18,"monotonicTimestampMs":27234488.947,"nativeExpectedTimestampMs":27234462.446,"nativeStartSkewMs":26.501,"nativeBatchElapsedMs":6026.501,"nativeExpectedSincePriorMs":480,"nativeSincePriorMs":482.757,"nativePatternStartMs":27228462.446,"nativeAgeMs":54.295}
10-11 19:44:08.366 12221 19570 I ReactNativeJS: [outputs] playMorse.symbol {"timestamp":27234544.554921,"wallClock":1760226248365,"symbol":"-","durationMs":360,"index":17,"source":"console.replay","correlationId":"console-replay:mgmx9dppx4v9zzwp","nativeTimestampMs":27234488.947,"nativeDurationMs":360,"nativeOffsetMs":54.43375499919057,"nativeSequence":18,"monotonicTimestampMs":27234488.947,"nativeExpectedTimestampMs":27234462.446,"nativeStartSkewMs":26.501,"nativeBatchElapsedMs":6026.501,"nativeExpectedSincePriorMs":480,"nativeSincePriorMs":482.757,"nativePatternStartMs":27228462.446,"nativeAgeMs":54.295}
10-11 19:44:08.367 12221 19570 I ReactNativeJS: [outputs] outputs.hapticSymbol {"timestamp":27234545.245494,"wallClock":1760226248366,"enabled":true,"symbol":"-","durationMs":360,"platform":"android","source":"console.replay","correlationId":"console-replay:mgmx9dppx4v9zzwp","timelineOffsetMs":null}
10-11 19:44:08.368 12221 19570 I ReactNativeJS: [outputs] outputs.flashPulse {"timestamp":27234546.295025,"wallClock":1760226248367,"enabled":true,"durationMs":360,"source":"console.replay","correlationId":"console-replay:mgmx9dppx4v9zzwp","timelineOffsetMs":54.43375499919057,"schedulingMode":"timeline","audioStartHeadroomMs":-91.83308800309896,"audioStartGuard":"headroom","audioStartCompensationMs":91.83308800309896}
10-11 19:44:08.432 12221 19570 I ReactNativeJS: [outputs] outputs.flashPulse.commit {"timestamp":27234610.684609,"wallClock":1760226248432,"durationMs":360,"source":"console.replay","correlationId":"console-replay:mgmx9dppx4v9zzwp","latencyMs":67.29291599988937,"timelineOffsetMs":54.43375499919057,"leadMs":8,"scheduleSkewMs":64.39182300120592,"schedulingMode":"timeline","audioStartHeadroomMs":-91.83308800309896,"audioStartGuard":"headroom","audioStartCompensationMs":91.83308800309896}
10-11 19:44:08.671 12221 19824 D OutputsAudio: [outputs-audio] stop gain=1.000 release=6.00
10-11 19:44:08.792 12221 19824 D OutputsAudio: [outputs-audio] start hz=650.0 gain=1.000 attack=2.50 release=6.00
10-11 19:44:08.792 12221 19824 D OutputsAudio: [outputs-audio] playMorse.symbol.start sequence=19 symbol=. expected=27234942.446 actual=27234970.942 skew=28.496 batchElapsed=6508.496
10-11 19:44:08.823 12221 19570 D OutputsAudio: [outputs-audio] symbol.info sequence=19 symbol=. timestamp=27234970.942 duration=120.000 expected=27234942.446 skew=28.496 age=31.055
10-11 19:44:08.824 12221 19570 I ReactNativeJS: [outputs] playMorse.symbol {"timestamp":27235002.204348,"wallClock":1760226248823,"symbol":".","durationMs":120,"index":18,"source":"console.replay","correlationId":"console-replay:fttcxklb","nativeTimestampMs":27234970.942,"nativeDurationMs":120,"nativeOffsetMs":31.183910999447107,"nativeSequence":19,"monotonicTimestampMs":27234970.942,"nativeExpectedTimestampMs":27234942.446,"nativeStartSkewMs":28.496,"nativeBatchElapsedMs":6508.496,"nativeExpectedSincePriorMs":480,"nativeSincePriorMs":481.995,"nativePatternStartMs":27228462.446,"nativeAgeMs":31.055}
10-11 19:44:08.825 12221 19570 I ReactNativeJS: [outputs] playMorse.symbol {"timestamp":27235003.140911,"wallClock":1760226248824,"symbol":".","durationMs":120,"index":18,"source":"console.replay","correlationId":"console-replay:mgmx9e2g15w2mfqc","nativeTimestampMs":27234970.942,"nativeDurationMs":120,"nativeOffsetMs":31.183910999447107,"nativeSequence":19,"monotonicTimestampMs":27234970.942,"nativeExpectedTimestampMs":27234942.446,"nativeStartSkewMs":28.496,"nativeBatchElapsedMs":6508.496,"nativeExpectedSincePriorMs":480,"nativeSincePriorMs":481.995,"nativePatternStartMs":27228462.446,"nativeAgeMs":31.055}
10-11 19:44:08.825 12221 19570 I ReactNativeJS: [outputs] outputs.hapticSymbol {"timestamp":27235003.855911,"wallClock":1760226248825,"enabled":true,"symbol":".","durationMs":120,"platform":"android","source":"console.replay","correlationId":"console-replay:mgmx9e2g15w2mfqc","timelineOffsetMs":null}
10-11 19:44:08.826 12221 19570 I ReactNativeJS: [outputs] outputs.flashPulse {"timestamp":27235005.021484,"wallClock":1760226248826,"enabled":true,"durationMs":120,"source":"console.replay","correlationId":"console-replay:mgmx9e2g15w2mfqc","timelineOffsetMs":31.183910999447107,"schedulingMode":"timeline","audioStartHeadroomMs":-70.55886900052428,"audioStartGuard":"headroom","audioStartCompensationMs":70.55886900052428}
10-11 19:44:08.894 12221 19570 I ReactNativeJS: [outputs] outputs.flashPulse.commit {"timestamp":27235073.064661,"wallClock":1760226248894,"durationMs":120,"source":"console.replay","correlationId":"console-replay:mgmx9e2g15w2mfqc","latencyMs":70.92848899960518,"timelineOffsetMs":31.183910999447107,"leadMs":8,"scheduleSkewMs":68.04656200110912,"schedulingMode":"timeline","audioStartHeadroomMs":-70.55886900052428,"audioStartGuard":"headroom","audioStartCompensationMs":70.55886900052428}
10-11 19:44:08.912 12221 19824 D OutputsAudio: [outputs-audio] stop gain=1.000 release=6.00
10-11 19:44:09.033 12221 19824 D OutputsAudio: [outputs-audio] start hz=650.0 gain=1.000 attack=2.50 release=6.00
10-11 19:44:09.033 12221 19824 D OutputsAudio: [outputs-audio] playMorse.symbol.start sequence=20 symbol=. expected=27235182.446 actual=27235212.190 skew=29.743 batchElapsed=6749.743
10-11 19:44:09.042 12221 19570 D OutputsAudio: [outputs-audio] symbol.info sequence=20 symbol=. timestamp=27235212.190 duration=120.000 expected=27235182.446 skew=29.743 age=9.129
10-11 19:44:09.044 12221 19570 I ReactNativeJS: [outputs] playMorse.symbol {"timestamp":27235221.696483,"wallClock":1760226249043,"symbol":".","durationMs":120,"index":19,"source":"console.replay","correlationId":"console-replay:0odfvlt2","nativeTimestampMs":27235212.19,"nativeDurationMs":120,"nativeOffsetMs":9.374972999095917,"nativeSequence":20,"monotonicTimestampMs":27235212.19,"nativeExpectedTimestampMs":27235182.446,"nativeStartSkewMs":29.743,"nativeBatchElapsedMs":6749.743,"nativeExpectedSincePriorMs":240,"nativeSincePriorMs":241.247,"nativePatternStartMs":27228462.446,"nativeAgeMs":9.129}
10-11 19:44:09.047 12221 19570 I ReactNativeJS: [outputs] playMorse.symbol {"timestamp":27235223.402733,"wallClock":1760226249044,"symbol":".","durationMs":120,"index":19,"source":"console.replay","correlationId":"console-replay:mgmx9e8kokuqk9wo","nativeTimestampMs":27235212.19,"nativeDurationMs":120,"nativeOffsetMs":9.374972999095917,"nativeSequence":20,"monotonicTimestampMs":27235212.19,"nativeExpectedTimestampMs":27235182.446,"nativeStartSkewMs":29.743,"nativeBatchElapsedMs":6749.743,"nativeExpectedSincePriorMs":240,"nativeSincePriorMs":241.247,"nativePatternStartMs":27228462.446,"nativeAgeMs":9.129}
10-11 19:44:09.049 12221 19570 I ReactNativeJS: [outputs] outputs.hapticSymbol {"timestamp":27235226.418827,"wallClock":1760226249047,"enabled":true,"symbol":".","durationMs":120,"platform":"android","source":"console.replay","correlationId":"console-replay:mgmx9e8kokuqk9wo","timelineOffsetMs":null}
10-11 19:44:09.054 12221 19570 I ReactNativeJS: [outputs] outputs.flashPulse {"timestamp":27235231.571431,"wallClock":1760226249052,"enabled":true,"durationMs":120,"source":"console.replay","correlationId":"console-replay:mgmx9e8kokuqk9wo","timelineOffsetMs":9.374972999095917,"schedulingMode":"timeline","audioStartHeadroomMs":-57.10454600304365,"audioStartGuard":"headroom","audioStartCompensationMs":57.10454600304365}
10-11 19:44:09.138 12221 19570 I ReactNativeJS: [outputs] outputs.flashPulse.commit {"timestamp":27235316.472265,"wallClock":1760226249137,"durationMs":120,"source":"console.replay","correlationId":"console-replay:mgmx9e8kokuqk9wo","latencyMs":94.89750000089407,"timelineOffsetMs":9.374972999095917,"leadMs":8,"scheduleSkewMs":84.90854199975729,"schedulingMode":"timeline","audioStartHeadroomMs":-57.10454600304365,"audioStartGuard":"headroom","audioStartCompensationMs":57.10454600304365}
10-11 19:44:09.154 12221 19824 D OutputsAudio: [outputs-audio] stop gain=1.000 release=6.00
10-11 19:44:09.275 12221 19824 D OutputsAudio: [outputs-audio] start hz=650.0 gain=1.000 attack=2.50 release=6.00
10-11 19:44:09.275 12221 19824 D OutputsAudio: [outputs-audio] playMorse.symbol.start sequence=21 symbol=. expected=27235422.446 actual=27235454.097 skew=31.651 batchElapsed=6991.651
10-11 19:44:09.285 12221 19570 D OutputsAudio: [outputs-audio] symbol.info sequence=21 symbol=. timestamp=27235454.097 duration=120.000 expected=27235422.446 skew=31.651 age=10.409
10-11 19:44:09.286 12221 19570 I ReactNativeJS: [outputs] playMorse.symbol {"timestamp":27235464.64565,"wallClock":1760226249286,"symbol":".","durationMs":120,"index":20,"source":"console.replay","correlationId":"console-replay:pu7qxf4q","nativeTimestampMs":27235454.097,"nativeDurationMs":120,"nativeOffsetMs":10.489952001720667,"nativeSequence":21,"monotonicTimestampMs":27235454.097,"nativeExpectedTimestampMs":27235422.446,"nativeStartSkewMs":31.651,"nativeBatchElapsedMs":6991.651,"nativeExpectedSincePriorMs":240,"nativeSincePriorMs":241.907,"nativePatternStartMs":27228462.446,"nativeAgeMs":10.409}
10-11 19:44:09.287 12221 19570 I ReactNativeJS: [outputs] playMorse.symbol {"timestamp":27235465.3594,"wallClock":1760226249286,"symbol":".","durationMs":120,"index":20,"source":"console.replay","correlationId":"console-replay:mgmx9efaufqsw5bx","nativeTimestampMs":27235454.097,"nativeDurationMs":120,"nativeOffsetMs":10.489952001720667,"nativeSequence":21,"monotonicTimestampMs":27235454.097,"nativeExpectedTimestampMs":27235422.446,"nativeStartSkewMs":31.651,"nativeBatchElapsedMs":6991.651,"nativeExpectedSincePriorMs":240,"nativeSincePriorMs":241.907,"nativePatternStartMs":27228462.446,"nativeAgeMs":10.409}
10-11 19:44:09.287 12221 19570 I ReactNativeJS: [outputs] outputs.hapticSymbol {"timestamp":27235465.826327,"wallClock":1760226249287,"enabled":true,"symbol":".","durationMs":120,"platform":"android","source":"console.replay","correlationId":"console-replay:mgmx9efaufqsw5bx","timelineOffsetMs":null}
10-11 19:44:09.288 12221 19570 I ReactNativeJS: [outputs] outputs.flashPulse {"timestamp":27235467.165546,"wallClock":1760226249288,"enabled":true,"durationMs":120,"source":"console.replay","correlationId":"console-replay:mgmx9efaufqsw5bx","timelineOffsetMs":10.489952001720667,"schedulingMode":"timeline","audioStartHeadroomMs":-52.70912900194526,"audioStartGuard":"headroom","audioStartCompensationMs":52.70912900194526}
10-11 19:44:09.343 12221 19570 I ReactNativeJS: [outputs] outputs.flashPulse.commit {"timestamp":27235521.535702,"wallClock":1760226249342,"durationMs":120,"source":"console.replay","correlationId":"console-replay:mgmx9efaufqsw5bx","latencyMs":56.93937499821186,"timelineOffsetMs":10.489952001720667,"leadMs":8,"scheduleSkewMs":54.3692189976573,"schedulingMode":"timeline","audioStartHeadroomMs":-52.70912900194526,"audioStartGuard":"headroom","audioStartCompensationMs":52.70912900194526}
10-11 19:44:09.396 12221 19824 D OutputsAudio: [outputs-audio] stop gain=1.000 release=6.00
10-11 19:44:09.516 12221 19824 D OutputsAudio: [outputs-audio] start hz=650.0 gain=1.000 attack=2.50 release=6.00
10-11 19:44:09.517 12221 19824 D OutputsAudio: [outputs-audio] playMorse.symbol.start sequence=22 symbol=- expected=27235662.446 actual=27235695.633 skew=33.187 batchElapsed=7233.187
10-11 19:44:09.532 12221 19570 D OutputsAudio: [outputs-audio] symbol.info sequence=22 symbol=- timestamp=27235695.633 duration=360.000 expected=27235662.446 skew=33.187 age=15.352
10-11 19:44:09.535 12221 19570 I ReactNativeJS: [outputs] playMorse.symbol {"timestamp":27235711.304869,"wallClock":1760226249532,"symbol":"-","durationMs":360,"index":21,"source":"console.replay","correlationId":"console-replay:5ielnqgo","nativeTimestampMs":27235695.633,"nativeDurationMs":360,"nativeOffsetMs":15.539628997445107,"nativeSequence":22,"monotonicTimestampMs":27235695.633,"nativeExpectedTimestampMs":27235662.446,"nativeStartSkewMs":33.187,"nativeBatchElapsedMs":7233.187,"nativeExpectedSincePriorMs":240,"nativeSincePriorMs":241.536,"nativePatternStartMs":27228462.446,"nativeAgeMs":15.352}
10-11 19:44:09.537 12221 19570 I ReactNativeJS: [outputs] playMorse.symbol {"timestamp":27235714.633046,"wallClock":1760226249536,"symbol":"-","durationMs":360,"index":21,"source":"console.replay","correlationId":"console-replay:mgmx9em833cvbms1","nativeTimestampMs":27235695.633,"nativeDurationMs":360,"nativeOffsetMs":15.539628997445107,"nativeSequence":22,"monotonicTimestampMs":27235695.633,"nativeExpectedTimestampMs":27235662.446,"nativeStartSkewMs":33.187,"nativeBatchElapsedMs":7233.187,"nativeExpectedSincePriorMs":240,"nativeSincePriorMs":241.536,"nativePatternStartMs":27228462.446,"nativeAgeMs":15.352}
10-11 19:44:09.538 12221 19570 I ReactNativeJS: [outputs] outputs.hapticSymbol {"timestamp":27235716.312994,"wallClock":1760226249537,"enabled":true,"symbol":"-","durationMs":360,"platform":"android","source":"console.replay","correlationId":"console-replay:mgmx9em833cvbms1","timelineOffsetMs":null}
10-11 19:44:09.542 12221 19570 I ReactNativeJS: [outputs] outputs.flashPulse {"timestamp":27235720.764348,"wallClock":1760226249542,"enabled":true,"durationMs":360,"source":"console.replay","correlationId":"console-replay:mgmx9em833cvbms1","timelineOffsetMs":15.539628997445107,"schedulingMode":"timeline","audioStartHeadroomMs":-66.30647300183773,"audioStartGuard":"headroom","audioStartCompensationMs":66.30647300183773}
10-11 19:44:09.607 12221 19570 I ReactNativeJS: [outputs] outputs.flashPulse.commit {"timestamp":27235785.702317,"wallClock":1760226249607,"durationMs":360,"source":"console.replay","correlationId":"console-replay:mgmx9em833cvbms1","latencyMs":74.51916700229049,"timelineOffsetMs":15.539628997445107,"leadMs":8,"scheduleSkewMs":64.93713600188494,"schedulingMode":"timeline","audioStartHeadroomMs":-66.30647300183773,"audioStartGuard":"headroom","audioStartCompensationMs":66.30647300183773}
10-11 19:44:09.877 12221 19824 D OutputsAudio: [outputs-audio] stop gain=1.000 release=6.00
10-11 19:44:09.998 12221 19824 D OutputsAudio: [outputs-audio] start hz=650.0 gain=1.000 attack=2.50 release=6.00
10-11 19:44:09.998 12221 19824 D OutputsAudio: [outputs-audio] playMorse.symbol.start sequence=23 symbol=- expected=27236142.446 actual=27236176.958 skew=34.512 batchElapsed=7714.512
10-11 19:44:10.013 12221 19570 D OutputsAudio: [outputs-audio] symbol.info sequence=23 symbol=- timestamp=27236176.958 duration=360.000 expected=27236142.446 skew=34.512 age=14.739
10-11 19:44:10.014 12221 19570 I ReactNativeJS: [outputs] playMorse.symbol {"timestamp":27236191.924243,"wallClock":1760226250013,"symbol":"-","durationMs":360,"index":22,"source":"console.replay","correlationId":"console-replay:j68b4m1z","nativeTimestampMs":27236176.958,"nativeDurationMs":360,"nativeOffsetMs":14.881191000342369,"nativeSequence":23,"monotonicTimestampMs":27236176.958,"nativeExpectedTimestampMs":27236142.446,"nativeStartSkewMs":34.512,"nativeBatchElapsedMs":7714.512,"nativeExpectedSincePriorMs":480,"nativeSincePriorMs":481.326,"nativePatternStartMs":27228462.446,"nativeAgeMs":14.739}
10-11 19:44:10.015 12221 19570 I ReactNativeJS: [outputs] playMorse.symbol {"timestamp":27236193.036483,"wallClock":1760226250014,"symbol":"-","durationMs":360,"index":22,"source":"console.replay","correlationId":"console-replay:mgmx9ezib89jqkj1","nativeTimestampMs":27236176.958,"nativeDurationMs":360,"nativeOffsetMs":14.881191000342369,"nativeSequence":23,"monotonicTimestampMs":27236176.958,"nativeExpectedTimestampMs":27236142.446,"nativeStartSkewMs":34.512,"nativeBatchElapsedMs":7714.512,"nativeExpectedSincePriorMs":480,"nativeSincePriorMs":481.326,"nativePatternStartMs":27228462.446,"nativeAgeMs":14.739}
10-11 19:44:10.015 12221 19570 I ReactNativeJS: [outputs] outputs.hapticSymbol {"timestamp":27236193.662421,"wallClock":1760226250015,"enabled":true,"symbol":"-","durationMs":360,"platform":"android","source":"console.replay","correlationId":"console-replay:mgmx9ezib89jqkj1","timelineOffsetMs":null}
10-11 19:44:10.016 12221 19570 I ReactNativeJS: [outputs] outputs.flashPulse {"timestamp":27236194.62841,"wallClock":1760226250016,"enabled":true,"durationMs":360,"source":"console.replay","correlationId":"console-replay:mgmx9ezib89jqkj1","timelineOffsetMs":14.881191000342369,"schedulingMode":"timeline","audioStartHeadroomMs":-60.16558700054884,"audioStartGuard":"headroom","audioStartCompensationMs":60.16558700054884}
10-11 19:44:10.080 12221 19570 I ReactNativeJS: [outputs] outputs.flashPulse.commit {"timestamp":27236258.787681,"wallClock":1760226250080,"durationMs":360,"source":"console.replay","correlationId":"console-replay:mgmx9ezib89jqkj1","latencyMs":66.93916700035334,"timelineOffsetMs":14.881191000342369,"leadMs":8,"scheduleSkewMs":64.16375000029802,"schedulingMode":"timeline","audioStartHeadroomMs":-60.16558700054884,"audioStartGuard":"headroom","audioStartCompensationMs":60.16558700054884}
10-11 19:44:10.359 12221 19824 D OutputsAudio: [outputs-audio] stop gain=1.000 release=6.00
10-11 19:44:10.479 12221 19824 D OutputsAudio: [outputs-audio] start hz=650.0 gain=1.000 attack=2.50 release=6.00
10-11 19:44:10.480 12221 19824 D OutputsAudio: [outputs-audio] playMorse.symbol.start sequence=24 symbol=- expected=27236622.446 actual=27236658.734 skew=36.288 batchElapsed=8196.288
10-11 19:44:10.500 12221 19570 D OutputsAudio: [outputs-audio] symbol.info sequence=24 symbol=- timestamp=27236658.734 duration=360.000 expected=27236622.446 skew=36.288 age=20.471
10-11 19:44:10.501 12221 19570 I ReactNativeJS: [outputs] playMorse.symbol {"timestamp":27236679.436535,"wallClock":1760226250500,"symbol":"-","durationMs":360,"index":23,"source":"console.replay","correlationId":"console-replay:y1uosgl0","nativeTimestampMs":27236658.734,"nativeDurationMs":360,"nativeOffsetMs":20.610867999494076,"nativeSequence":24,"monotonicTimestampMs":27236658.734,"nativeExpectedTimestampMs":27236622.446,"nativeStartSkewMs":36.288,"nativeBatchElapsedMs":8196.288,"nativeExpectedSincePriorMs":480,"nativeSincePriorMs":481.776,"nativePatternStartMs":27228462.446,"nativeAgeMs":20.471}
10-11 19:44:10.502 12221 19570 I ReactNativeJS: [outputs] playMorse.symbol {"timestamp":27236680.531431,"wallClock":1760226250501,"symbol":"-","durationMs":360,"index":23,"source":"console.replay","correlationId":"console-replay:mgmx9fd10ycmep05","nativeTimestampMs":27236658.734,"nativeDurationMs":360,"nativeOffsetMs":20.610867999494076,"nativeSequence":24,"monotonicTimestampMs":27236658.734,"nativeExpectedTimestampMs":27236622.446,"nativeStartSkewMs":36.288,"nativeBatchElapsedMs":8196.288,"nativeExpectedSincePriorMs":480,"nativeSincePriorMs":481.776,"nativePatternStartMs":27228462.446,"nativeAgeMs":20.471}
10-11 19:44:10.503 12221 19570 I ReactNativeJS: [outputs] outputs.hapticSymbol {"timestamp":27236681.237733,"wallClock":1760226250502,"enabled":true,"symbol":"-","durationMs":360,"platform":"android","source":"console.replay","correlationId":"console-replay:mgmx9fd10ycmep05","timelineOffsetMs":null}
10-11 19:44:10.504 12221 19570 I ReactNativeJS: [outputs] outputs.flashPulse {"timestamp":27236682.457993,"wallClock":1760226250503,"enabled":true,"durationMs":360,"source":"console.replay","correlationId":"console-replay:mgmx9fd10ycmep05","timelineOffsetMs":20.610867999494076,"schedulingMode":"timeline","audioStartHeadroomMs":-67.99454500153661,"audioStartGuard":"headroom","audioStartCompensationMs":67.99454500153661}
10-11 19:44:10.576 12221 19570 I ReactNativeJS: [outputs] outputs.flashPulse.commit {"timestamp":27236754.468931,"wallClock":1760226250575,"durationMs":360,"source":"console.replay","correlationId":"console-replay:mgmx9fd10ycmep05","latencyMs":75.1139069981873,"timelineOffsetMs":20.610867999494076,"leadMs":8,"scheduleSkewMs":72.01520900055766,"schedulingMode":"timeline","audioStartHeadroomMs":-67.99454500153661,"audioStartGuard":"headroom","audioStartCompensationMs":67.99454500153661}
10-11 19:44:10.840 12221 19824 D OutputsAudio: [outputs-audio] stop gain=1.000 release=6.00
10-11 19:44:10.961 12221 19824 D OutputsAudio: [outputs-audio] start hz=650.0 gain=1.000 attack=2.50 release=6.00
10-11 19:44:10.961 12221 19824 D OutputsAudio: [outputs-audio] playMorse.symbol.start sequence=25 symbol=. expected=27237102.446 actual=27237140.189 skew=37.743 batchElapsed=8677.743
10-11 19:44:11.003 12221 19570 D OutputsAudio: [outputs-audio] symbol.info sequence=25 symbol=. timestamp=27237140.189 duration=120.000 expected=27237102.446 skew=37.743 age=41.871
10-11 19:44:11.005 12221 19570 I ReactNativeJS: [outputs] playMorse.symbol {"timestamp":27237182.418201,"wallClock":1760226251003,"symbol":".","durationMs":120,"index":24,"source":"console.replay","correlationId":"console-replay:vs178mek","nativeTimestampMs":27237140.189,"nativeDurationMs":120,"nativeOffsetMs":42.092950999736786,"nativeSequence":25,"monotonicTimestampMs":27237140.189,"nativeExpectedTimestampMs":27237102.446,"nativeStartSkewMs":37.743,"nativeBatchElapsedMs":8677.743,"nativeExpectedSincePriorMs":480,"nativeSincePriorMs":481.455,"nativePatternStartMs":27228462.446,"nativeAgeMs":41.871}
10-11 19:44:11.006 12221 19570 I ReactNativeJS: [outputs] playMorse.symbol {"timestamp":27237184.167785,"wallClock":1760226251005,"symbol":".","durationMs":120,"index":24,"source":"console.replay","correlationId":"console-replay:mgmx9fr1codp2dsp","nativeTimestampMs":27237140.189,"nativeDurationMs":120,"nativeOffsetMs":42.092950999736786,"nativeSequence":25,"monotonicTimestampMs":27237140.189,"nativeExpectedTimestampMs":27237102.446,"nativeStartSkewMs":37.743,"nativeBatchElapsedMs":8677.743,"nativeExpectedSincePriorMs":480,"nativeSincePriorMs":481.455,"nativePatternStartMs":27228462.446,"nativeAgeMs":41.871}
10-11 19:44:11.007 12221 19570 I ReactNativeJS: [outputs] outputs.hapticSymbol {"timestamp":27237185.069451,"wallClock":1760226251006,"enabled":true,"symbol":".","durationMs":120,"platform":"android","source":"console.replay","correlationId":"console-replay:mgmx9fr1codp2dsp","timelineOffsetMs":null}
10-11 19:44:11.008 12221 19570 I ReactNativeJS: [outputs] outputs.flashPulse {"timestamp":27237186.389764,"wallClock":1760226251007,"enabled":true,"durationMs":120,"source":"console.replay","correlationId":"console-replay:mgmx9fr1codp2dsp","timelineOffsetMs":42.092950999736786,"schedulingMode":"timeline","audioStartHeadroomMs":-91.92355599999428,"audioStartGuard":"headroom","audioStartCompensationMs":91.92355599999428}
10-11 19:44:11.074 12221 19570 I ReactNativeJS: [outputs] outputs.flashPulse.commit {"timestamp":27237252.232472,"wallClock":1760226251073,"durationMs":120,"source":"console.replay","correlationId":"console-replay:mgmx9fr1codp2dsp","latencyMs":69.94182300195098,"timelineOffsetMs":42.092950999736786,"leadMs":8,"scheduleSkewMs":65.85067700222135,"schedulingMode":"timeline","audioStartHeadroomMs":-91.92355599999428,"audioStartGuard":"headroom","audioStartCompensationMs":91.92355599999428}
10-11 19:44:11.082 12221 19824 D OutputsAudio: [outputs-audio] stop gain=1.000 release=6.00
10-11 19:44:11.203 12221 19824 D OutputsAudio: [outputs-audio] start hz=650.0 gain=1.000 attack=2.50 release=6.00
10-11 19:44:11.203 12221 19824 D OutputsAudio: [outputs-audio] playMorse.symbol.start sequence=26 symbol=. expected=27237342.446 actual=27237381.950 skew=39.504 batchElapsed=8919.504
10-11 19:44:11.221 12221 19570 D OutputsAudio: [outputs-audio] symbol.info sequence=26 symbol=. timestamp=27237381.950 duration=120.000 expected=27237342.446 skew=39.504 age=17.742
10-11 19:44:11.222 12221 19570 I ReactNativeJS: [outputs] playMorse.symbol {"timestamp":27237399.950701,"wallClock":1760226251221,"symbol":".","durationMs":120,"index":25,"source":"console.replay","correlationId":"console-replay:pxl2coic","nativeTimestampMs":27237381.95,"nativeDurationMs":120,"nativeOffsetMs":17.902056001126766,"nativeSequence":26,"monotonicTimestampMs":27237381.95,"nativeExpectedTimestampMs":27237342.446,"nativeStartSkewMs":39.504,"nativeBatchElapsedMs":8919.504,"nativeExpectedSincePriorMs":240,"nativeSincePriorMs":241.761,"nativePatternStartMs":27228462.446,"nativeAgeMs":17.742}
10-11 19:44:11.224 12221 19570 I ReactNativeJS: [outputs] playMorse.symbol {"timestamp":27237401.403253,"wallClock":1760226251222,"symbol":".","durationMs":120,"index":25,"source":"console.replay","correlationId":"console-replay:mgmx9fx2pzhcx48a","nativeTimestampMs":27237381.95,"nativeDurationMs":120,"nativeOffsetMs":17.902056001126766,"nativeSequence":26,"monotonicTimestampMs":27237381.95,"nativeExpectedTimestampMs":27237342.446,"nativeStartSkewMs":39.504,"nativeBatchElapsedMs":8919.504,"nativeExpectedSincePriorMs":240,"nativeSincePriorMs":241.761,"nativePatternStartMs":27228462.446,"nativeAgeMs":17.742}
10-11 19:44:11.226 12221 19570 I ReactNativeJS: [outputs] outputs.hapticSymbol {"timestamp":27237403.272785,"wallClock":1760226251224,"enabled":true,"symbol":".","durationMs":120,"platform":"android","source":"console.replay","correlationId":"console-replay:mgmx9fx2pzhcx48a","timelineOffsetMs":null}
10-11 19:44:11.227 12221 19570 I ReactNativeJS: [outputs] outputs.flashPulse {"timestamp":27237405.681899,"wallClock":1760226251227,"enabled":true,"durationMs":120,"source":"console.replay","correlationId":"console-replay:mgmx9fx2pzhcx48a","timelineOffsetMs":17.902056001126766,"schedulingMode":"timeline","audioStartHeadroomMs":-71.21121200174093,"audioStartGuard":"headroom","audioStartCompensationMs":71.21121200174093}
10-11 19:44:11.287 12221 19570 I ReactNativeJS: [outputs] outputs.flashPulse.commit {"timestamp":27237465.494764,"wallClock":1760226251286,"durationMs":120,"source":"console.replay","correlationId":"console-replay:mgmx9fx2pzhcx48a","latencyMs":65.63229100033641,"timelineOffsetMs":17.902056001126766,"leadMs":8,"scheduleSkewMs":59.82354100048542,"schedulingMode":"timeline","audioStartHeadroomMs":-71.21121200174093,"audioStartGuard":"headroom","audioStartCompensationMs":71.21121200174093}
10-11 19:44:11.323 12221 19824 D OutputsAudio: [outputs-audio] stop gain=1.000 release=6.00
10-11 19:44:11.444 12221 19824 D OutputsAudio: [outputs-audio] start hz=650.0 gain=1.000 attack=2.50 release=6.00
10-11 19:44:11.444 12221 19824 D OutputsAudio: [outputs-audio] playMorse.symbol.start sequence=27 symbol=. expected=27237582.446 actual=27237623.313 skew=40.867 batchElapsed=9160.867
10-11 19:44:11.457 12221 19570 D OutputsAudio: [outputs-audio] symbol.info sequence=27 symbol=. timestamp=27237623.313 duration=120.000 expected=27237582.446 skew=40.867 age=13.027
10-11 19:44:11.459 12221 19570 I ReactNativeJS: [outputs] playMorse.symbol {"timestamp":27237636.561795,"wallClock":1760226251457,"symbol":".","durationMs":120,"index":26,"source":"console.replay","correlationId":"console-replay:y7irmvpb","nativeTimestampMs":27237623.313,"nativeDurationMs":120,"nativeOffsetMs":13.150513999164104,"nativeSequence":27,"monotonicTimestampMs":27237623.313,"nativeExpectedTimestampMs":27237582.446,"nativeStartSkewMs":40.867,"nativeBatchElapsedMs":9160.867,"nativeExpectedSincePriorMs":240,"nativeSincePriorMs":241.363,"nativePatternStartMs":27228462.446,"nativeAgeMs":13.027}
10-11 19:44:11.460 12221 19570 I ReactNativeJS: [outputs] playMorse.symbol {"timestamp":27237637.711274,"wallClock":1760226251459,"symbol":".","durationMs":120,"index":26,"source":"console.replay","correlationId":"console-replay:mgmx9g3n6u0hcs4n","nativeTimestampMs":27237623.313,"nativeDurationMs":120,"nativeOffsetMs":13.150513999164104,"nativeSequence":27,"monotonicTimestampMs":27237623.313,"nativeExpectedTimestampMs":27237582.446,"nativeStartSkewMs":40.867,"nativeBatchElapsedMs":9160.867,"nativeExpectedSincePriorMs":240,"nativeSincePriorMs":241.363,"nativePatternStartMs":27228462.446,"nativeAgeMs":13.027}
10-11 19:44:11.461 12221 19570 I ReactNativeJS: [outputs] outputs.hapticSymbol {"timestamp":27237639.341118,"wallClock":1760226251460,"enabled":true,"symbol":".","durationMs":120,"platform":"android","source":"console.replay","correlationId":"console-replay:mgmx9g3n6u0hcs4n","timelineOffsetMs":null}
10-11 19:44:11.462 12221 19570 I ReactNativeJS: [outputs] outputs.flashPulse {"timestamp":27237640.736326,"wallClock":1760226251462,"enabled":true,"durationMs":120,"source":"console.replay","correlationId":"console-replay:mgmx9g3n6u0hcs4n","timelineOffsetMs":13.150513999164104,"schedulingMode":"timeline","audioStartHeadroomMs":-66.27308700233698,"audioStartGuard":"headroom","audioStartCompensationMs":66.27308700233698}
10-11 19:44:11.523 12221 19570 I ReactNativeJS: [outputs] outputs.flashPulse.commit {"timestamp":27237701.563357,"wallClock":1760226251522,"durationMs":120,"source":"console.replay","correlationId":"console-replay:mgmx9g3n6u0hcs4n","latencyMs":65.09088499844074,"timelineOffsetMs":13.150513999164104,"leadMs":8,"scheduleSkewMs":60.83213499933481,"schedulingMode":"timeline","audioStartHeadroomMs":-66.27308700233698,"audioStartGuard":"headroom","audioStartCompensationMs":66.27308700233698}
10-11 19:44:11.565 12221 19824 D OutputsAudio: [outputs-audio] stop gain=1.000 release=6.00
10-11 19:44:11.565 12221 19824 D OutputsAudio: [outputs-audio] stop gain=1.000 release=6.00
10-11 19:44:11.565 12221 19824 D OutputsAudio: [outputs-audio] playMorse.end cancelled=0
10-11 19:44:11.572 12221 19570 I ReactNativeJS: [outputs] playMorse.complete {"timestamp":27237750.211743,"wallClock":1760226251571,"durationMs":10071.770309001207,"source":"console.replay","audioEnabled":true,"audioVolumePercent":100}
10-11 19:44:14.434 12221 19570 I ReactNativeJS: [outputs] playMorse.start {"timestamp":27240611.212783,"wallClock":1760226254432,"unitMs":80,"length":29,"source":"console.replay","audioEnabled":true,"audioVolumePercent":100}
10-11 19:44:14.953 12221 19570 D OutputsAudio: [outputs-audio] warmup hz=650.0
10-11 19:44:14.953 12221 19870 D OutputsAudio: [outputs-audio] playMorse.start count=27 unit=80.0
10-11 19:44:14.953 12221 19870 D OutputsAudio: [outputs-audio] start hz=650.0 gain=1.000 attack=2.50 release=6.00
10-11 19:44:14.953 12221 19870 D OutputsAudio: [outputs-audio] playMorse.symbol.start sequence=1 symbol=. expected=27241132.049 actual=27241132.474 skew=0.424 batchElapsed=0.424
10-11 19:44:14.993 12221 19570 D OutputsAudio: [outputs-audio] symbol.info sequence=1 symbol=. timestamp=27241132.474 duration=80.000 expected=27241132.049 skew=0.424 age=39.121
10-11 19:44:15.002 12221 19570 I ReactNativeJS: [outputs] playMorse.symbol {"timestamp":27241171.895387,"wallClock":1760226254993,"symbol":".","durationMs":80,"index":0,"source":"console.replay","correlationId":"console-replay:sjdrx0pc","nativeTimestampMs":27241132.474,"nativeDurationMs":80,"nativeOffsetMs":39.30867899954319,"nativeSequence":1,"monotonicTimestampMs":27241132.474,"nativeExpectedTimestampMs":27241132.049,"nativeStartSkewMs":0.424,"nativeBatchElapsedMs":0.424,"nativeExpectedSincePriorMs":0,"nativeSincePriorMs":0,"nativePatternStartMs":27241132.049,"nativeAgeMs":39.121}
10-11 19:44:15.004 12221 19570 I ReactNativeJS: [outputs] playMorse.symbol {"timestamp":27241181.720387,"wallClock":1760226255003,"symbol":".","durationMs":80,"index":0,"source":"console.replay","correlationId":"console-replay:mgmx9iu3uk2p9oc2","nativeTimestampMs":27241132.474,"nativeDurationMs":80,"nativeOffsetMs":39.30867899954319,"nativeSequence":1,"monotonicTimestampMs":27241132.474,"nativeExpectedTimestampMs":27241132.049,"nativeStartSkewMs":0.424,"nativeBatchElapsedMs":0.424,"nativeExpectedSincePriorMs":0,"nativeSincePriorMs":0,"nativePatternStartMs":27241132.049,"nativeAgeMs":39.121}
10-11 19:44:15.005 12221 19570 I ReactNativeJS: [outputs] outputs.hapticSymbol {"timestamp":27241182.817419,"wallClock":1760226255004,"enabled":true,"symbol":".","durationMs":80,"platform":"android","source":"console.replay","correlationId":"console-replay:mgmx9iu3uk2p9oc2","timelineOffsetMs":null}
10-11 19:44:15.006 12221 19570 I ReactNativeJS: [outputs] outputs.flashPulse {"timestamp":27241184.404606,"wallClock":1760226255005,"enabled":true,"durationMs":80,"source":"console.replay","correlationId":"console-replay:mgmx9iu3uk2p9oc2","timelineOffsetMs":39.30867899954319,"schedulingMode":"timeline","audioStartHeadroomMs":-60.33571000024676,"audioStartGuard":"headroom","audioStartCompensationMs":60.33571000024676}
10-11 19:44:15.034 12221 19870 D OutputsAudio: [outputs-audio] stop gain=1.000 release=6.00
10-11 19:44:15.089 12221 19570 I ReactNativeJS: [outputs] outputs.flashPulse.commit {"timestamp":27241267.283148,"wallClock":1760226255088,"durationMs":80,"source":"console.replay","correlationId":"console-replay:mgmx9iu3uk2p9oc2","latencyMs":95.49145800247788,"timelineOffsetMs":39.30867899954319,"leadMs":8,"scheduleSkewMs":82.88541600108147,"schedulingMode":"timeline","audioStartHeadroomMs":-60.33571000024676,"audioStartGuard":"headroom","audioStartCompensationMs":60.33571000024676}
10-11 19:44:15.114 12221 19870 D OutputsAudio: [outputs-audio] start hz=650.0 gain=1.000 attack=2.50 release=6.00
10-11 19:44:15.114 12221 19870 D OutputsAudio: [outputs-audio] playMorse.symbol.start sequence=2 symbol=. expected=27241292.049 actual=27241293.506 skew=1.457 batchElapsed=161.457
10-11 19:44:15.132 12221 19570 D OutputsAudio: [outputs-audio] symbol.info sequence=2 symbol=. timestamp=27241293.506 duration=80.000 expected=27241292.049 skew=1.457 age=17.974
10-11 19:44:15.133 12221 19570 I ReactNativeJS: [outputs] playMorse.symbol {"timestamp":27241311.60971,"wallClock":1760226255133,"symbol":".","durationMs":80,"index":1,"source":"console.replay","correlationId":"console-replay:wgjo8ubk","nativeTimestampMs":27241293.506,"nativeDurationMs":80,"nativeOffsetMs":18.05594999715686,"nativeSequence":2,"monotonicTimestampMs":27241293.506,"nativeExpectedTimestampMs":27241292.049,"nativeStartSkewMs":1.457,"nativeBatchElapsedMs":161.457,"nativeExpectedSincePriorMs":160,"nativeSincePriorMs":161.032,"nativePatternStartMs":27241132.049,"nativeAgeMs":17.974}
10-11 19:44:15.134 12221 19570 I ReactNativeJS: [outputs] playMorse.symbol {"timestamp":27241312.315231,"wallClock":1760226255133,"symbol":".","durationMs":80,"index":1,"source":"console.replay","correlationId":"console-replay:mgmx9ixp00zrfoss","nativeTimestampMs":27241293.506,"nativeDurationMs":80,"nativeOffsetMs":18.05594999715686,"nativeSequence":2,"monotonicTimestampMs":27241293.506,"nativeExpectedTimestampMs":27241292.049,"nativeStartSkewMs":1.457,"nativeBatchElapsedMs":161.457,"nativeExpectedSincePriorMs":160,"nativeSincePriorMs":161.032,"nativePatternStartMs":27241132.049,"nativeAgeMs":17.974}
10-11 19:44:15.134 12221 19570 I ReactNativeJS: [outputs] outputs.hapticSymbol {"timestamp":27241312.75445,"wallClock":1760226255134,"enabled":true,"symbol":".","durationMs":80,"platform":"android","source":"console.replay","correlationId":"console-replay:mgmx9ixp00zrfoss","timelineOffsetMs":null}
10-11 19:44:15.135 12221 19570 I ReactNativeJS: [outputs] outputs.flashPulse {"timestamp":27241313.395804,"wallClock":1760226255134,"enabled":true,"durationMs":80,"source":"console.replay","correlationId":"console-replay:mgmx9ixp00zrfoss","timelineOffsetMs":18.05594999715686,"schedulingMode":"timeline","audioStartHeadroomMs":-29.33779400214553,"audioStartGuard":"headroom","audioStartCompensationMs":29.33779400214553}
10-11 19:44:15.195 12221 19870 D OutputsAudio: [outputs-audio] stop gain=1.000 release=6.00
10-11 19:44:15.208 12221 19570 I ReactNativeJS: [outputs] outputs.flashPulse.commit {"timestamp":27241386.370908,"wallClock":1760226255207,"durationMs":80,"source":"console.replay","correlationId":"console-replay:mgmx9ixp00zrfoss","latencyMs":74.79395800083876,"timelineOffsetMs":18.05594999715686,"leadMs":8,"scheduleSkewMs":72.96760400012136,"schedulingMode":"timeline","audioStartHeadroomMs":-29.33779400214553,"audioStartGuard":"headroom","audioStartCompensationMs":29.33779400214553}
10-11 19:44:15.276 12221 19870 D OutputsAudio: [outputs-audio] start hz=650.0 gain=1.000 attack=2.50 release=6.00
10-11 19:44:15.276 12221 19870 D OutputsAudio: [outputs-audio] playMorse.symbol.start sequence=3 symbol=. expected=27241452.049 actual=27241454.667 skew=2.618 batchElapsed=322.618
10-11 19:44:15.291 12221 19570 D OutputsAudio: [outputs-audio] symbol.info sequence=3 symbol=. timestamp=27241454.667 duration=80.000 expected=27241452.049 skew=2.618 age=15.206
10-11 19:44:15.292 12221 19570 I ReactNativeJS: [outputs] playMorse.symbol {"timestamp":27241470.048148,"wallClock":1760226255291,"symbol":".","durationMs":80,"index":2,"source":"console.replay","correlationId":"console-replay:wc303o3h","nativeTimestampMs":27241454.667,"nativeDurationMs":80,"nativeOffsetMs":15.311512000858784,"nativeSequence":3,"monotonicTimestampMs":27241454.667,"nativeExpectedTimestampMs":27241452.049,"nativeStartSkewMs":2.618,"nativeBatchElapsedMs":322.618,"nativeExpectedSincePriorMs":160,"nativeSincePriorMs":161.161,"nativePatternStartMs":27241132.049,"nativeAgeMs":15.206}
10-11 19:44:15.292 12221 19570 I ReactNativeJS: [outputs] playMorse.symbol {"timestamp":27241470.904033,"wallClock":1760226255292,"symbol":".","durationMs":80,"index":2,"source":"console.replay","correlationId":"console-replay:mgmx9j24y6sxjtmt","nativeTimestampMs":27241454.667,"nativeDurationMs":80,"nativeOffsetMs":15.311512000858784,"nativeSequence":3,"monotonicTimestampMs":27241454.667,"nativeExpectedTimestampMs":27241452.049,"nativeStartSkewMs":2.618,"nativeBatchElapsedMs":322.618,"nativeExpectedSincePriorMs":160,"nativeSincePriorMs":161.161,"nativePatternStartMs":27241132.049,"nativeAgeMs":15.206}
10-11 19:44:15.293 12221 19570 I ReactNativeJS: [outputs] outputs.hapticSymbol {"timestamp":27241471.386377,"wallClock":1760226255292,"enabled":true,"symbol":".","durationMs":80,"platform":"android","source":"console.replay","correlationId":"console-replay:mgmx9j24y6sxjtmt","timelineOffsetMs":null}
10-11 19:44:15.293 12221 19570 I ReactNativeJS: [outputs] outputs.flashPulse {"timestamp":27241472.198877,"wallClock":1760226255293,"enabled":true,"durationMs":80,"source":"console.replay","correlationId":"console-replay:mgmx9j24y6sxjtmt","timelineOffsetMs":15.311512000858784,"schedulingMode":"timeline","audioStartHeadroomMs":-28.13951200246811,"audioStartGuard":"headroom","audioStartCompensationMs":28.13951200246811}
10-11 19:44:15.351 12221 19570 I ReactNativeJS: [outputs] outputs.flashPulse.commit {"timestamp":27241530.019398,"wallClock":1760226255351,"durationMs":80,"source":"console.replay","correlationId":"console-replay:mgmx9j24y6sxjtmt","latencyMs":60.03088599815965,"timelineOffsetMs":15.311512000858784,"leadMs":8,"scheduleSkewMs":57.81895899772644,"schedulingMode":"timeline","audioStartHeadroomMs":-28.13951200246811,"audioStartGuard":"headroom","audioStartCompensationMs":28.13951200246811}
10-11 19:44:15.356 12221 19870 D OutputsAudio: [outputs-audio] stop gain=1.000 release=6.00
10-11 19:44:15.436 12221 19870 D OutputsAudio: [outputs-audio] start hz=650.0 gain=1.000 attack=2.50 release=6.00
10-11 19:44:15.436 12221 19870 D OutputsAudio: [outputs-audio] playMorse.symbol.start sequence=4 symbol=- expected=27241612.049 actual=27241615.342 skew=3.292 batchElapsed=483.292
10-11 19:44:15.449 12221 19570 D OutputsAudio: [outputs-audio] symbol.info sequence=4 symbol=- timestamp=27241615.342 duration=240.000 expected=27241612.049 skew=3.292 age=12.959
10-11 19:44:15.451 12221 19570 I ReactNativeJS: [outputs] playMorse.symbol {"timestamp":27241628.657575,"wallClock":1760226255450,"symbol":"-","durationMs":240,"index":3,"source":"console.replay","correlationId":"console-replay:mvsbv94h","nativeTimestampMs":27241615.342,"nativeDurationMs":240,"nativeOffsetMs":13.172917999327183,"nativeSequence":4,"monotonicTimestampMs":27241615.342,"nativeExpectedTimestampMs":27241612.049,"nativeStartSkewMs":3.292,"nativeBatchElapsedMs":483.292,"nativeExpectedSincePriorMs":160,"nativeSincePriorMs":160.674,"nativePatternStartMs":27241132.049,"nativeAgeMs":12.959}
10-11 19:44:15.453 12221 19570 I ReactNativeJS: [outputs] playMorse.symbol {"timestamp":27241630.519137,"wallClock":1760226255451,"symbol":"-","durationMs":240,"index":3,"source":"console.replay","correlationId":"console-replay:mgmx9j6j06qbjvr2","nativeTimestampMs":27241615.342,"nativeDurationMs":240,"nativeOffsetMs":13.172917999327183,"nativeSequence":4,"monotonicTimestampMs":27241615.342,"nativeExpectedTimestampMs":27241612.049,"nativeStartSkewMs":3.292,"nativeBatchElapsedMs":483.292,"nativeExpectedSincePriorMs":160,"nativeSincePriorMs":160.674,"nativePatternStartMs":27241132.049,"nativeAgeMs":12.959}
10-11 19:44:15.454 12221 19570 I ReactNativeJS: [outputs] outputs.hapticSymbol {"timestamp":27241632.152158,"wallClock":1760226255453,"enabled":true,"symbol":"-","durationMs":240,"platform":"android","source":"console.replay","correlationId":"console-replay:mgmx9j6j06qbjvr2","timelineOffsetMs":null}
10-11 19:44:15.456 12221 19570 I ReactNativeJS: [outputs] outputs.flashPulse {"timestamp":27241634.058929,"wallClock":1760226255455,"enabled":true,"durationMs":240,"source":"console.replay","correlationId":"console-replay:mgmx9j6j06qbjvr2","timelineOffsetMs":13.172917999327183,"schedulingMode":"timeline","audioStartHeadroomMs":-29.986700002104044,"audioStartGuard":"headroom","audioStartCompensationMs":29.986700002104044}
10-11 19:44:15.526 12221 19570 I ReactNativeJS: [outputs] outputs.flashPulse.commit {"timestamp":27241704.397106,"wallClock":1760226255525,"durationMs":240,"source":"console.replay","correlationId":"console-replay:mgmx9j6j06qbjvr2","latencyMs":75.8727090023458,"timelineOffsetMs":13.172917999327183,"leadMs":8,"scheduleSkewMs":70.34770900011063,"schedulingMode":"timeline","audioStartHeadroomMs":-29.986700002104044,"audioStartGuard":"headroom","audioStartCompensationMs":29.986700002104044}
10-11 19:44:15.677 12221 19870 D OutputsAudio: [outputs-audio] stop gain=1.000 release=6.00
10-11 19:44:15.758 12221 19870 D OutputsAudio: [outputs-audio] start hz=650.0 gain=1.000 attack=2.50 release=6.00
10-11 19:44:15.758 12221 19870 D OutputsAudio: [outputs-audio] playMorse.symbol.start sequence=5 symbol=- expected=27241932.049 actual=27241936.817 skew=4.768 batchElapsed=804.768
10-11 19:44:15.763 12221 19570 D OutputsAudio: [outputs-audio] symbol.info sequence=5 symbol=- timestamp=27241936.817 duration=240.000 expected=27241932.049 skew=4.768 age=5.514
10-11 19:44:15.765 12221 19570 I ReactNativeJS: [outputs] playMorse.symbol {"timestamp":27241942.582314,"wallClock":1760226255764,"symbol":"-","durationMs":240,"index":4,"source":"console.replay","correlationId":"console-replay:j9ogzhvw","nativeTimestampMs":27241936.817,"nativeDurationMs":240,"nativeOffsetMs":5.65531399846077,"nativeSequence":5,"monotonicTimestampMs":27241936.817,"nativeExpectedTimestampMs":27241932.049,"nativeStartSkewMs":4.768,"nativeBatchElapsedMs":804.768,"nativeExpectedSincePriorMs":320,"nativeSincePriorMs":321.475,"nativePatternStartMs":27241132.049,"nativeAgeMs":5.514}
10-11 19:44:15.766 12221 19570 I ReactNativeJS: [outputs] playMorse.symbol {"timestamp":27241943.917002,"wallClock":1760226255765,"symbol":"-","durationMs":240,"index":4,"source":"console.replay","correlationId":"console-replay:mgmx9jf9uvpf5l3a","nativeTimestampMs":27241936.817,"nativeDurationMs":240,"nativeOffsetMs":5.65531399846077,"nativeSequence":5,"monotonicTimestampMs":27241936.817,"nativeExpectedTimestampMs":27241932.049,"nativeStartSkewMs":4.768,"nativeBatchElapsedMs":804.768,"nativeExpectedSincePriorMs":320,"nativeSincePriorMs":321.475,"nativePatternStartMs":27241132.049,"nativeAgeMs":5.514}
10-11 19:44:15.766 12221 19570 I ReactNativeJS: [outputs] outputs.hapticSymbol {"timestamp":27241944.715231,"wallClock":1760226255766,"enabled":true,"symbol":"-","durationMs":240,"platform":"android","source":"console.replay","correlationId":"console-replay:mgmx9jf9uvpf5l3a","timelineOffsetMs":null}
10-11 19:44:15.767 12221 19570 I ReactNativeJS: [outputs] outputs.flashPulse {"timestamp":27241945.895595,"wallClock":1760226255767,"enabled":true,"durationMs":240,"source":"console.replay","correlationId":"console-replay:mgmx9jf9uvpf5l3a","timelineOffsetMs":5.65531399846077,"schedulingMode":"timeline","audioStartHeadroomMs":-21.830866001546383,"audioStartGuard":"headroom","audioStartCompensationMs":21.830866001546383}
10-11 19:44:15.834 12221 19570 I ReactNativeJS: [outputs] outputs.flashPulse.commit {"timestamp":27242012.340335,"wallClock":1760226255833,"durationMs":240,"source":"console.replay","correlationId":"console-replay:mgmx9jf9uvpf5l3a","latencyMs":69.85864600166678,"timelineOffsetMs":5.65531399846077,"leadMs":8,"scheduleSkewMs":66.44838500022888,"schedulingMode":"timeline","audioStartHeadroomMs":-21.830866001546383,"audioStartGuard":"headroom","audioStartCompensationMs":21.830866001546383}
10-11 19:44:15.998 12221 19870 D OutputsAudio: [outputs-audio] stop gain=1.000 release=6.00
10-11 19:44:16.079 12221 19870 D OutputsAudio: [outputs-audio] start hz=650.0 gain=1.000 attack=2.50 release=6.00
10-11 19:44:16.079 12221 19870 D OutputsAudio: [outputs-audio] playMorse.symbol.start sequence=6 symbol=- expected=27242252.049 actual=27242257.965 skew=5.916 batchElapsed=1125.916
10-11 19:44:16.098 12221 19570 D OutputsAudio: [outputs-audio] symbol.info sequence=6 symbol=- timestamp=27242257.965 duration=240.000 expected=27242252.049 skew=5.916 age=19.419
10-11 19:44:16.099 12221 19570 I ReactNativeJS: [outputs] playMorse.symbol {"timestamp":27242277.605543,"wallClock":1760226256099,"symbol":"-","durationMs":240,"index":5,"source":"console.replay","correlationId":"console-replay:b28wku90","nativeTimestampMs":27242257.965,"nativeDurationMs":240,"nativeOffsetMs":19.556949000805616,"nativeSequence":6,"monotonicTimestampMs":27242257.965,"nativeExpectedTimestampMs":27242252.049,"nativeStartSkewMs":5.916,"nativeBatchElapsedMs":1125.916,"nativeExpectedSincePriorMs":320,"nativeSincePriorMs":321.148,"nativePatternStartMs":27241132.049,"nativeAgeMs":19.419}
10-11 19:44:16.101 12221 19570 I ReactNativeJS: [outputs] playMorse.symbol {"timestamp":27242278.59247,"wallClock":1760226256100,"symbol":"-","durationMs":240,"index":5,"source":"console.replay","correlationId":"console-replay:mgmx9jojr5gvhbs0","nativeTimestampMs":27242257.965,"nativeDurationMs":240,"nativeOffsetMs":19.556949000805616,"nativeSequence":6,"monotonicTimestampMs":27242257.965,"nativeExpectedTimestampMs":27242252.049,"nativeStartSkewMs":5.916,"nativeBatchElapsedMs":1125.916,"nativeExpectedSincePriorMs":320,"nativeSincePriorMs":321.148,"nativePatternStartMs":27241132.049,"nativeAgeMs":19.419}
10-11 19:44:16.101 12221 19570 I ReactNativeJS: [outputs] outputs.hapticSymbol {"timestamp":27242279.744241,"wallClock":1760226256101,"enabled":true,"symbol":"-","durationMs":240,"platform":"android","source":"console.replay","correlationId":"console-replay:mgmx9jojr5gvhbs0","timelineOffsetMs":null}
