10-11 16:13:33.311 12664 12741 D OutputsAudio: [outputs-audio] symbol.info sequence=9 symbol=. timestamp=14636786.338 duration=34.000
10-11 16:13:33.311 12664 12741 W ReactNativeJS: '[outputs-audio] native sequence jump', { previous: 7, next: 9, delta: 2 }
10-11 16:13:33.312 12664 12741 I ReactNativeJS: [outputs] playMorse.symbol {"timestamp":14636833.064154,"wallClock":1760213613311,"symbol":".","durationMs":34,"index":6,"source":"console.replay","correlationId":"console-replay:mgmpqkfzniexf31s","nativeTimestampMs":14636786.338,"nativeDurationMs":34,"nativeOffsetMs":46.675737001001835,"nativeSequence":9,"monotonicTimestampMs":14636786.338}
10-11 16:13:33.312 12664 12741 I ReactNativeJS: [outputs] outputs.hapticSymbol {"timestamp":14636833.61306,"wallClock":1760213613312,"enabled":true,"symbol":".","durationMs":34,"platform":"android","source":"console.replay","correlationId":"console-replay:mgmpqkfzniexf31s","timelineOffsetMs":46.675737001001835}
10-11 16:13:33.313 12664 12741 I ReactNativeJS: [outputs] outputs.flashPulse {"timestamp":14636834.575404,"wallClock":1760213613313,"enabled":true,"durationMs":34,"source":"console.replay","correlationId":"console-replay:mgmpqkfzniexf31s","timelineOffsetMs":null,"audioStartMs":14636786.338}
10-11 16:13:33.334 12664 14442 D OutputsAudio: [outputs-audio] start hz=700.0 gain=1.000 attack=2.50 release=6.00
10-11 16:13:33.386 12664 12741 I ReactNativeJS: [outputs] outputs.flashPulse.commit {"timestamp":14636907.043789,"wallClock":1760213613385,"durationMs":34,"source":"console.replay","correlationId":"console-replay:mgmpqkfzniexf31s","latencyMs":120.6991230007261,"timelineOffsetMs":null,"leadMs":8,"audioStartMs":14636786.338,"scheduleSkewMs":128.6991230007261}
10-11 16:13:33.436 12664 14442 D OutputsAudio: [outputs-audio] stop gain=1.000 release=6.00
10-11 16:13:33.460 12664 12741 D OutputsAudio: [outputs-audio] symbol.info sequence=10 symbol=- timestamp=14636855.473 duration=102.000
10-11 16:13:33.460 12664 12741 I ReactNativeJS: [outputs] playMorse.symbol {"timestamp":14636981.28556,"wallClock":1760213613460,"symbol":".","durationMs":34,"index":7,"source":"console.replay","correlationId":"console-replay:mgmpqkk4yi8nbfky","nativeTimestampMs":14636855.473,"nativeDurationMs":102,"nativeOffsetMs":125.74844600073993,"nativeSequence":10,"monotonicTimestampMs":14636855.473}
10-11 16:13:33.461 12664 12741 I ReactNativeJS: [outputs] playMorse.nativeOffset.spike {"timestamp":14636981.893321,"wallClock":1760213613460,"source":"console.replay","offsetMs":125.74844600073993,"sequence":10,"unitMs":34,"correlationId":"console-replay:mgmpqkk4yi8nbfky"}
10-11 16:13:33.461 12664 12741 I ReactNativeJS: [outputs] outputs.hapticSymbol {"timestamp":14636982.326393,"wallClock":1760213613461,"enabled":true,"symbol":".","durationMs":34,"platform":"android","source":"console.replay","correlationId":"console-replay:mgmpqkk4yi8nbfky","timelineOffsetMs":125.74844600073993}
10-11 16:13:33.462 12664 12741 I ReactNativeJS: [outputs] outputs.flashPulse {"timestamp":14636983.174623,"wallClock":1760213613462,"enabled":true,"durationMs":34,"source":"console.replay","correlationId":"console-replay:mgmpqkk4yi8nbfky","timelineOffsetMs":null,"audioStartMs":14636855.473}
10-11 16:13:33.471 12664 14442 D OutputsAudio: [outputs-audio] start hz=700.0 gain=1.000 attack=2.50 release=6.00
10-11 16:13:33.565 12664 12741 I ReactNativeJS: [outputs] outputs.flashPulse.commit {"timestamp":14637085.967018,"wallClock":1760213613564,"durationMs":34,"source":"console.replay","correlationId":"console-replay:mgmpqkk4yi8nbfky","latencyMs":230.48719500005245,"timelineOffsetMs":null,"leadMs":8,"audioStartMs":14636855.473,"scheduleSkewMs":238.48719500005245}
10-11 16:13:33.574 12664 14442 D OutputsAudio: [outputs-audio] stop gain=1.000 release=6.00
10-11 16:13:33.609 12664 14442 D OutputsAudio: [outputs-audio] start hz=700.0 gain=1.000 attack=2.50 release=6.00
10-11 16:13:33.639 12664 12741 D OutputsAudio: [outputs-audio] symbol.info sequence=12 symbol=- timestamp=14637130.581 duration=102.000
10-11 16:13:33.640 12664 12741 W ReactNativeJS: '[outputs-audio] native sequence jump', { previous: 10, next: 12, delta: 2 }
10-11 16:13:33.640 12664 12741 I ReactNativeJS: [outputs] playMorse.symbol {"timestamp":14637161.325925,"wallClock":1760213613640,"symbol":".","durationMs":34,"index":8,"source":"console.replay","correlationId":"console-replay:mgmpqkp4mlqul53w","nativeTimestampMs":14637130.581,"nativeDurationMs":102,"nativeOffsetMs":30.692997999489307,"nativeSequence":12,"monotonicTimestampMs":14637130.581}
10-11 16:13:33.641 12664 12741 I ReactNativeJS: [outputs] outputs.hapticSymbol {"timestamp":14637161.874935,"wallClock":1760213613640,"enabled":true,"symbol":".","durationMs":34,"platform":"android","source":"console.replay","correlationId":"console-replay:mgmpqkp4mlqul53w","timelineOffsetMs":30.692997999489307}
10-11 16:13:33.642 12664 12741 I ReactNativeJS: [outputs] outputs.flashPulse {"timestamp":14637162.86082,"wallClock":1760213613641,"enabled":true,"durationMs":34,"source":"console.replay","correlationId":"console-replay:mgmpqkp4mlqul53w","timelineOffsetMs":null,"audioStartMs":14637130.581}
10-11 16:13:33.712 12664 14442 D OutputsAudio: [outputs-audio] stop gain=1.000 release=6.00
10-11 16:13:33.729 12664 12741 I ReactNativeJS: [outputs] outputs.flashPulse.commit {"timestamp":14637250.024727,"wallClock":1760213613728,"durationMs":34,"source":"console.replay","correlationId":"console-replay:mgmpqkp4mlqul53w","latencyMs":119.43685200065374,"timelineOffsetMs":null,"leadMs":8,"audioStartMs":14637130.581,"scheduleSkewMs":127.43685200065374}
10-11 16:13:33.747 12664 14442 D OutputsAudio: [outputs-audio] start hz=700.0 gain=1.000 attack=2.50 release=6.00
10-11 16:13:33.782 12664 14442 D OutputsAudio: [outputs-audio] stop gain=1.000 release=6.00
10-11 16:13:33.804 12664 12741 D OutputsAudio: [outputs-audio] symbol.info sequence=13 symbol=. timestamp=14637268.848 duration=34.000
10-11 16:13:33.805 12664 12741 I ReactNativeJS: [outputs] playMorse.symbol {"timestamp":14637326.055247,"wallClock":1760213613804,"symbol":"-","durationMs":102,"index":9,"source":"console.replay","correlationId":"console-replay:mgmpqkto71bu3v21","nativeTimestampMs":14637268.848,"nativeDurationMs":34,"nativeOffsetMs":57.135789001360536,"nativeSequence":13,"monotonicTimestampMs":14637268.848}
10-11 16:13:33.805 12664 12741 I ReactNativeJS: [outputs] outputs.hapticSymbol {"timestamp":14637326.722383,"wallClock":1760213613805,"enabled":true,"symbol":"-","durationMs":102,"platform":"android","source":"console.replay","correlationId":"console-replay:mgmpqkto71bu3v21","timelineOffsetMs":57.135789001360536}
10-11 16:13:33.806 12664 12741 I ReactNativeJS: [outputs] outputs.flashPulse {"timestamp":14637327.653268,"wallClock":1760213613806,"enabled":true,"durationMs":102,"source":"console.replay","correlationId":"console-replay:mgmpqkto71bu3v21","timelineOffsetMs":null,"audioStartMs":14637268.848}
10-11 16:13:33.817 12664 14442 D OutputsAudio: [outputs-audio] start hz=700.0 gain=1.000 attack=2.50 release=6.00
10-11 16:13:33.852 12664 14442 D OutputsAudio: [outputs-audio] stop gain=1.000 release=6.00
10-11 16:13:33.882 12664 12741 I ReactNativeJS: [outputs] outputs.flashPulse.commit {"timestamp":14637402.784622,"wallClock":1760213613881,"durationMs":102,"source":"console.replay","correlationId":"console-replay:mgmpqkto71bu3v21","latencyMs":133.92948700115085,"timelineOffsetMs":null,"leadMs":8,"audioStartMs":14637268.848,"scheduleSkewMs":141.92948700115085}
10-11 16:13:33.887 12664 14442 D OutputsAudio: [outputs-audio] start hz=700.0 gain=1.000 attack=2.50 release=6.00
10-11 16:13:33.922 12664 14442 D OutputsAudio: [outputs-audio] stop gain=1.000 release=6.00
10-11 16:13:33.954 12664 12741 D OutputsAudio: [outputs-audio] symbol.info sequence=15 symbol=. timestamp=14637409.105 duration=34.000
10-11 16:13:33.954 12664 12741 W ReactNativeJS: '[outputs-audio] native sequence jump', { previous: 13, next: 15, delta: 2 }
10-11 16:13:33.955 12664 12741 I ReactNativeJS: [outputs] playMorse.symbol {"timestamp":14637475.989258,"wallClock":1760213613954,"symbol":"-","durationMs":102,"index":10,"source":"console.replay","correlationId":"console-replay:mgmpqkxudnizpf81","nativeTimestampMs":14637409.105,"nativeDurationMs":34,"nativeOffsetMs":66.83321600034833,"nativeSequence":15,"monotonicTimestampMs":14637409.105}
10-11 16:13:33.955 12664 12741 I ReactNativeJS: [outputs] outputs.hapticSymbol {"timestamp":14637476.57457,"wallClock":1760213613955,"enabled":true,"symbol":"-","durationMs":102,"platform":"android","source":"console.replay","correlationId":"console-replay:mgmpqkxudnizpf81","timelineOffsetMs":66.83321600034833}
10-11 16:13:33.956 12664 12741 I ReactNativeJS: [outputs] outputs.flashPulse {"timestamp":14637477.552279,"wallClock":1760213613956,"enabled":true,"durationMs":102,"source":"console.replay","correlationId":"console-replay:mgmpqkxudnizpf81","timelineOffsetMs":null,"audioStartMs":14637409.105}
10-11 16:13:33.957 12664 14442 D OutputsAudio: [outputs-audio] start hz=700.0 gain=1.000 attack=2.50 release=6.00
10-11 16:13:34.031 12664 12741 D OutputsAudio: [outputs-audio] symbol.info sequence=16 symbol=- timestamp=14637479.064 duration=102.000
10-11 16:13:34.032 12664 12741 I ReactNativeJS: [outputs] playMorse.symbol {"timestamp":14637553.006289,"wallClock":1760213614031,"symbol":"-","durationMs":102,"index":11,"source":"console.replay","correlationId":"console-replay:mgmpqkzz028a0tky","nativeTimestampMs":14637479.064,"nativeDurationMs":102,"nativeOffsetMs":73.88447700068355,"nativeSequence":16,"monotonicTimestampMs":14637479.064}
10-11 16:13:34.032 12664 12741 I ReactNativeJS: [outputs] outputs.hapticSymbol {"timestamp":14637553.613789,"wallClock":1760213614032,"enabled":true,"symbol":"-","durationMs":102,"platform":"android","source":"console.replay","correlationId":"console-replay:mgmpqkzz028a0tky","timelineOffsetMs":73.88447700068355}
10-11 16:13:34.033 12664 12741 I ReactNativeJS: [outputs] outputs.flashPulse {"timestamp":14637554.587747,"wallClock":1760213614033,"enabled":true,"durationMs":102,"source":"console.replay","correlationId":"console-replay:mgmpqkzz028a0tky","timelineOffsetMs":null,"audioStartMs":14637479.064}
10-11 16:13:34.060 12664 14442 D OutputsAudio: [outputs-audio] stop gain=1.000 release=6.00
10-11 16:13:34.095 12664 14442 D OutputsAudio: [outputs-audio] start hz=700.0 gain=1.000 attack=2.50 release=6.00
10-11 16:13:34.107 12664 12741 I ReactNativeJS: [outputs] outputs.flashPulse.commit {"timestamp":14637627.889987,"wallClock":1760213614106,"durationMs":102,"source":"console.replay","correlationId":"console-replay:mgmpqkxudnizpf81","latencyMs":218.7766019999981,"timelineOffsetMs":null,"leadMs":8,"audioStartMs":14637409.105,"scheduleSkewMs":226.7766019999981}
10-11 16:13:34.171 12664 12741 I ReactNativeJS: [outputs] outputs.flashPulse.commit {"timestamp":14637692.510456,"wallClock":1760213614171,"durationMs":102,"source":"console.replay","correlationId":"console-replay:mgmpqkzz028a0tky","latencyMs":213.43895599991083,"timelineOffsetMs":null,"leadMs":8,"audioStartMs":14637479.064,"scheduleSkewMs":221.43895599991083}
10-11 16:13:34.198 12664 14442 D OutputsAudio: [outputs-audio] stop gain=1.000 release=6.00
10-11 16:13:34.233 12664 14442 D OutputsAudio: [outputs-audio] start hz=700.0 gain=1.000 attack=2.50 release=6.00
10-11 16:13:34.238 12664 12741 D OutputsAudio: [outputs-audio] symbol.info sequence=18 symbol=- timestamp=14637754.444 duration=102.000
10-11 16:13:34.239 12664 12741 W ReactNativeJS: '[outputs-audio] native sequence jump', { previous: 16, next: 18, delta: 2 }
10-11 16:13:34.240 12664 12741 I ReactNativeJS: [outputs] playMorse.symbol {"timestamp":14637760.864154,"wallClock":1760213614239,"symbol":".","durationMs":34,"index":12,"source":"console.replay","correlationId":"console-replay:mgmpql5rmtl8eu6l","nativeTimestampMs":14637754.444,"nativeDurationMs":102,"nativeOffsetMs":6.369319999590516,"nativeSequence":18,"monotonicTimestampMs":14637754.444}
10-11 16:13:34.240 12664 12741 I ReactNativeJS: [outputs] outputs.hapticSymbol {"timestamp":14637761.40056,"wallClock":1760213614240,"enabled":true,"symbol":".","durationMs":34,"platform":"android","source":"console.replay","correlationId":"console-replay:mgmpql5rmtl8eu6l","timelineOffsetMs":6.369319999590516}
10-11 16:13:34.241 12664 12741 I ReactNativeJS: [outputs] outputs.flashPulse {"timestamp":14637762.307591,"wallClock":1760213614241,"enabled":true,"durationMs":34,"source":"console.replay","correlationId":"console-replay:mgmpql5rmtl8eu6l","timelineOffsetMs":null,"audioStartMs":14637754.444}
10-11 16:13:34.331 12664 12741 I ReactNativeJS: [outputs] outputs.flashPulse.commit {"timestamp":14637851.822435,"wallClock":1760213614330,"durationMs":34,"source":"console.replay","correlationId":"console-replay:mgmpql5rmtl8eu6l","latencyMs":97.37187200039625,"timelineOffsetMs":null,"leadMs":8,"audioStartMs":14637754.444,"scheduleSkewMs":105.37187200039625}
10-11 16:13:34.336 12664 14442 D OutputsAudio: [outputs-audio] stop gain=1.000 release=6.00
10-11 16:13:34.371 12664 14442 D OutputsAudio: [outputs-audio] start hz=700.0 gain=1.000 attack=2.50 release=6.00
10-11 16:13:34.402 12664 12741 D OutputsAudio: [outputs-audio] symbol.info sequence=19 symbol=. timestamp=14637892.568 duration=34.000
10-11 16:13:34.403 12664 12741 I ReactNativeJS: [outputs] playMorse.symbol {"timestamp":14637923.873841,"wallClock":1760213614402,"symbol":".","durationMs":34,"index":13,"source":"console.replay","correlationId":"console-replay:mgmpqlaa11ve50n1","nativeTimestampMs":14637892.568,"nativeDurationMs":34,"nativeOffsetMs":31.23714300058782,"nativeSequence":19,"monotonicTimestampMs":14637892.568}
10-11 16:13:34.403 12664 12741 I ReactNativeJS: [outputs] outputs.hapticSymbol {"timestamp":14637924.542226,"wallClock":1760213614403,"enabled":true,"symbol":".","durationMs":34,"platform":"android","source":"console.replay","correlationId":"console-replay:mgmpqlaa11ve50n1","timelineOffsetMs":31.23714300058782}
10-11 16:13:34.404 12664 12741 I ReactNativeJS: [outputs] outputs.flashPulse {"timestamp":14637925.536653,"wallClock":1760213614404,"enabled":true,"durationMs":34,"source":"console.replay","correlationId":"console-replay:mgmpqlaa11ve50n1","timelineOffsetMs":null,"audioStartMs":14637892.568}
10-11 16:13:34.406 12664 14442 D OutputsAudio: [outputs-audio] stop gain=1.000 release=6.00
10-11 16:13:34.441 12664 14442 D OutputsAudio: [outputs-audio] start hz=700.0 gain=1.000 attack=2.50 release=6.00
10-11 16:13:34.476 12664 14442 D OutputsAudio: [outputs-audio] stop gain=1.000 release=6.00
10-11 16:13:34.500 12664 12741 I ReactNativeJS: [outputs] outputs.flashPulse.commit {"timestamp":14638021.150195,"wallClock":1760213614500,"durationMs":34,"source":"console.replay","correlationId":"console-replay:mgmpqlaa11ve50n1","latencyMs":128.5752680003643,"timelineOffsetMs":null,"leadMs":8,"audioStartMs":14637892.568,"scheduleSkewMs":136.5752680003643}
10-11 16:13:34.511 12664 14442 D OutputsAudio: [outputs-audio] start hz=700.0 gain=1.000 attack=2.50 release=6.00
10-11 16:13:34.547 12664 14442 D OutputsAudio: [outputs-audio] stop gain=1.000 release=6.00
10-11 16:13:34.564 12664 12741 D OutputsAudio: [outputs-audio] symbol.info sequence=21 symbol=. timestamp=14638033.167 duration=34.000
10-11 16:13:34.565 12664 12741 W ReactNativeJS: '[outputs-audio] native sequence jump', { previous: 19, next: 21, delta: 2 }
10-11 16:13:34.566 12664 12741 I ReactNativeJS: [outputs] playMorse.symbol {"timestamp":14638086.683216,"wallClock":1760213614565,"symbol":".","durationMs":34,"index":14,"source":"console.replay","correlationId":"console-replay:mgmpqlet2gxd6zvd","nativeTimestampMs":14638033.167,"nativeDurationMs":34,"nativeOffsetMs":53.46517400071025,"nativeSequence":21,"monotonicTimestampMs":14638033.167}
10-11 16:13:34.566 12664 12741 I ReactNativeJS: [outputs] outputs.hapticSymbol {"timestamp":14638087.226289,"wallClock":1760213614566,"enabled":true,"symbol":".","durationMs":34,"platform":"android","source":"console.replay","correlationId":"console-replay:mgmpqlet2gxd6zvd","timelineOffsetMs":53.46517400071025}
10-11 16:13:34.567 12664 12741 I ReactNativeJS: [outputs] outputs.flashPulse {"timestamp":14638088.257487,"wallClock":1760213614567,"enabled":true,"durationMs":34,"source":"console.replay","correlationId":"console-replay:mgmpqlet2gxd6zvd","timelineOffsetMs":null,"audioStartMs":14638033.167}
10-11 16:13:34.582 12664 14442 D OutputsAudio: [outputs-audio] start hz=700.0 gain=1.000 attack=2.50 release=6.00
10-11 16:13:34.644 12664 12741 I ReactNativeJS: [outputs] outputs.flashPulse.commit {"timestamp":14638164.820924,"wallClock":1760213614643,"durationMs":34,"source":"console.replay","correlationId":"console-replay:mgmpqlet2gxd6zvd","latencyMs":131.6466330010444,"timelineOffsetMs":null,"leadMs":8,"audioStartMs":14638033.167,"scheduleSkewMs":139.6466330010444}
10-11 16:13:34.684 12664 14442 D OutputsAudio: [outputs-audio] stop gain=1.000 release=6.00
10-11 16:13:34.710 12664 12741 D OutputsAudio: [outputs-audio] symbol.info sequence=22 symbol=- timestamp=14638103.427 duration=102.000
10-11 16:13:34.711 12664 12741 I ReactNativeJS: [outputs] playMorse.symbol {"timestamp":14638231.905091,"wallClock":1760213614710,"symbol":"-","durationMs":102,"index":15,"source":"console.replay","correlationId":"console-replay:mgmpqliufm2vi33y","nativeTimestampMs":14638103.427,"nativeDurationMs":102,"nativeOffsetMs":128.4031430017203,"nativeSequence":22,"monotonicTimestampMs":14638103.427}
10-11 16:13:34.711 12664 12741 I ReactNativeJS: [outputs] playMorse.nativeOffset.spike {"timestamp":14638232.644205,"wallClock":1760213614711,"source":"console.replay","offsetMs":128.4031430017203,"sequence":22,"unitMs":34,"correlationId":"console-replay:mgmpqliufm2vi33y"}
10-11 16:13:34.712 12664 12741 I ReactNativeJS: [outputs] outputs.hapticSymbol {"timestamp":14638233.08358,"wallClock":1760213614711,"enabled":true,"symbol":"-","durationMs":102,"platform":"android","source":"console.replay","correlationId":"console-replay:mgmpqliufm2vi33y","timelineOffsetMs":128.4031430017203}
10-11 16:13:34.713 12664 12741 I ReactNativeJS: [outputs] outputs.flashPulse {"timestamp":14638233.937226,"wallClock":1760213614712,"enabled":true,"durationMs":102,"source":"console.replay","correlationId":"console-replay:mgmpqliufm2vi33y","timelineOffsetMs":null,"audioStartMs":14638103.427}
10-11 16:13:34.718 12664 14442 D OutputsAudio: [outputs-audio] start hz=700.0 gain=1.000 attack=2.50 release=6.00
10-11 16:13:34.800 12664 12741 I ReactNativeJS: [outputs] outputs.flashPulse.commit {"timestamp":14638321.28832,"wallClock":1760213614800,"durationMs":102,"source":"console.replay","correlationId":"console-replay:mgmpqliufm2vi33y","latencyMs":217.85501800104976,"timelineOffsetMs":null,"leadMs":8,"audioStartMs":14638103.427,"scheduleSkewMs":225.85501800104976}
10-11 16:13:34.821 12664 14442 D OutputsAudio: [outputs-audio] stop gain=1.000 release=6.00
10-11 16:13:34.856 12664 14442 D OutputsAudio: [outputs-audio] start hz=700.0 gain=1.000 attack=2.50 release=6.00
10-11 16:13:34.871 12664 12741 D OutputsAudio: [outputs-audio] symbol.info sequence=24 symbol=- timestamp=14638377.518 duration=102.000
10-11 16:13:34.872 12664 12741 W ReactNativeJS: '[outputs-audio] native sequence jump', { previous: 22, next: 24, delta: 2 }
10-11 16:13:34.872 12664 12741 I ReactNativeJS: [outputs] playMorse.symbol {"timestamp":14638393.517695,"wallClock":1760213614872,"symbol":"-","durationMs":102,"index":16,"source":"console.replay","correlationId":"console-replay:mgmpqlnc4vz7h51v","nativeTimestampMs":14638377.518,"nativeDurationMs":102,"nativeOffsetMs":15.950997000560164,"nativeSequence":24,"monotonicTimestampMs":14638377.518}
10-11 16:13:34.873 12664 12741 I ReactNativeJS: [outputs] outputs.hapticSymbol {"timestamp":14638394.028216,"wallClock":1760213614872,"enabled":true,"symbol":"-","durationMs":102,"platform":"android","source":"console.replay","correlationId":"console-replay:mgmpqlnc4vz7h51v","timelineOffsetMs":15.950997000560164}
10-11 16:13:34.874 12664 12741 I ReactNativeJS: [outputs] outputs.flashPulse {"timestamp":14638394.991132,"wallClock":1760213614873,"enabled":true,"durationMs":102,"source":"console.replay","correlationId":"console-replay:mgmpqlnc4vz7h51v","timelineOffsetMs":null,"audioStartMs":14638377.518}
10-11 16:13:34.947 12664 12741 I ReactNativeJS: [outputs] outputs.flashPulse.commit {"timestamp":14638468.591914,"wallClock":1760213614947,"durationMs":102,"source":"console.replay","correlationId":"console-replay:mgmpqlnc4vz7h51v","latencyMs":91.0668299999088,"timelineOffsetMs":null,"leadMs":8,"audioStartMs":14638377.518,"scheduleSkewMs":99.0668299999088}
10-11 16:13:34.959 12664 14442 D OutputsAudio: [outputs-audio] stop gain=1.000 release=6.00
10-11 16:13:34.993 12664 14442 D OutputsAudio: [outputs-audio] start hz=700.0 gain=1.000 attack=2.50 release=6.00
10-11 16:13:35.011 12664 12741 D OutputsAudio: [outputs-audio] symbol.info sequence=25 symbol=. timestamp=14638515.091 duration=34.000
10-11 16:13:35.011 12664 12741 I ReactNativeJS: [outputs] playMorse.symbol {"timestamp":14638532.499726,"wallClock":1760213615011,"symbol":"-","durationMs":102,"index":17,"source":"console.replay","correlationId":"console-replay:mgmpqlr7b4g47ioa","nativeTimestampMs":14638515.091,"nativeDurationMs":34,"nativeOffsetMs":17.342579999938607,"nativeSequence":25,"monotonicTimestampMs":14638515.091}
10-11 16:13:35.012 12664 12741 I ReactNativeJS: [outputs] outputs.hapticSymbol {"timestamp":14638533.077539,"wallClock":1760213615011,"enabled":true,"symbol":"-","durationMs":102,"platform":"android","source":"console.replay","correlationId":"console-replay:mgmpqlr7b4g47ioa","timelineOffsetMs":17.342579999938607}
10-11 16:13:35.013 12664 12741 I ReactNativeJS: [outputs] outputs.flashPulse {"timestamp":14638534.011028,"wallClock":1760213615012,"enabled":true,"durationMs":102,"source":"console.replay","correlationId":"console-replay:mgmpqlr7b4g47ioa","timelineOffsetMs":null,"audioStartMs":14638515.091}
10-11 16:13:35.028 12664 14442 D OutputsAudio: [outputs-audio] stop gain=1.000 release=6.00
10-11 16:13:35.063 12664 14442 D OutputsAudio: [outputs-audio] start hz=700.0 gain=1.000 attack=2.50 release=6.00
10-11 16:13:35.089 12664 12741 D OutputsAudio: [outputs-audio] symbol.info sequence=26 symbol=. timestamp=14638584.386 duration=34.000
10-11 16:13:35.090 12664 12741 I ReactNativeJS: [outputs] playMorse.symbol {"timestamp":14638611.200351,"wallClock":1760213615090,"symbol":".","durationMs":34,"index":18,"source":"console.replay","correlationId":"console-replay:mgmpqlte2ql5948e","nativeTimestampMs":14638584.386,"nativeDurationMs":34,"nativeOffsetMs":26.750653000548482,"nativeSequence":26,"monotonicTimestampMs":14638584.386}
10-11 16:13:35.091 12664 12741 I ReactNativeJS: [outputs] outputs.hapticSymbol {"timestamp":14638611.851757,"wallClock":1760213615090,"enabled":true,"symbol":".","durationMs":34,"platform":"android","source":"console.replay","correlationId":"console-replay:mgmpqlte2ql5948e","timelineOffsetMs":26.750653000548482}
10-11 16:13:35.091 12664 12741 I ReactNativeJS: [outputs] outputs.flashPulse {"timestamp":14638612.747174,"wallClock":1760213615091,"enabled":true,"durationMs":34,"source":"console.replay","correlationId":"console-replay:mgmpqlte2ql5948e","timelineOffsetMs":null,"audioStartMs":14638584.386}
10-11 16:13:35.097 12664 14442 D OutputsAudio: [outputs-audio] stop gain=1.000 release=6.00
10-11 16:13:35.131 12664 14442 D OutputsAudio: [outputs-audio] start hz=700.0 gain=1.000 attack=2.50 release=6.00
10-11 16:13:35.166 12664 14442 D OutputsAudio: [outputs-audio] stop gain=1.000 release=6.00
10-11 16:13:35.178 12664 12741 I ReactNativeJS: [outputs] outputs.flashPulse.commit {"timestamp":14638698.956393,"wallClock":1760213615177,"durationMs":102,"source":"console.replay","correlationId":"console-replay:mgmpqlr7b4g47ioa","latencyMs":183.85768399946392,"timelineOffsetMs":null,"leadMs":8,"audioStartMs":14638515.091,"scheduleSkewMs":191.85768399946392}
10-11 16:13:35.201 12664 14442 D OutputsAudio: [outputs-audio] stop gain=0.000 release=6.00
10-11 16:13:35.201 12664 14442 D OutputsAudio: [outputs-audio] playMorse.end cancelled=0
10-11 16:13:35.241 12664 12741 I ReactNativeJS: [outputs] outputs.flashPulse.commit {"timestamp":14638762.184049,"wallClock":1760213615241,"durationMs":34,"source":"console.replay","correlationId":"console-replay:mgmpqlte2ql5948e","latencyMs":177.79226800054312,"timelineOffsetMs":null,"leadMs":8,"audioStartMs":14638584.386,"scheduleSkewMs":185.79226800054312}
10-11 16:13:35.305 12664 12741 D OutputsAudio: [outputs-audio] symbol.info sequence=27 symbol=. timestamp=14638652.992 duration=34.000
10-11 16:13:35.305 12664 12741 I ReactNativeJS: [outputs] playMorse.symbol {"timestamp":14638826.422591,"wallClock":1760213615305,"symbol":".","durationMs":34,"index":19,"source":"console.replay","correlationId":"console-replay:mgmpqlzdu6tyfmhf","nativeTimestampMs":14638652.992,"nativeDurationMs":34,"nativeOffsetMs":173.36199699901044,"nativeSequence":27,"monotonicTimestampMs":14638652.992}
10-11 16:13:35.306 12664 12741 I ReactNativeJS: [outputs] playMorse.nativeOffset.spike {"timestamp":14638827.060299,"wallClock":1760213615305,"source":"console.replay","offsetMs":173.36199699901044,"sequence":27,"unitMs":34,"correlationId":"console-replay:mgmpqlzdu6tyfmhf"}
10-11 16:13:35.306 12664 12741 I ReactNativeJS: [outputs] outputs.hapticSymbol {"timestamp":14638827.491549,"wallClock":1760213615306,"enabled":true,"symbol":".","durationMs":34,"platform":"android","source":"console.replay","correlationId":"console-replay:mgmpqlzdu6tyfmhf","timelineOffsetMs":173.36199699901044}
10-11 16:13:35.307 12664 12741 I ReactNativeJS: [outputs] outputs.flashPulse {"timestamp":14638828.455559,"wallClock":1760213615307,"enabled":true,"durationMs":34,"source":"console.replay","correlationId":"console-replay:mgmpqlzdu6tyfmhf","timelineOffsetMs":null,"audioStartMs":14638652.992}
10-11 16:13:35.395 12664 12741 I ReactNativeJS: [outputs] outputs.flashPulse.commit {"timestamp":14638916.121289,"wallClock":1760213615394,"durationMs":34,"source":"console.replay","correlationId":"console-replay:mgmpqlzdu6tyfmhf","latencyMs":263.1232469994575,"timelineOffsetMs":null,"leadMs":8,"audioStartMs":14638652.992,"scheduleSkewMs":271.1232469994575}
10-11 16:13:35.459 12664 12741 I ReactNativeJS: [outputs] playMorse.symbol {"timestamp":14638980.233528,"wallClock":1760213615459,"symbol":".","durationMs":34,"index":20,"source":"console.replay","correlationId":"console-replay:mgmpqm3nt3z5vkxc","nativeTimestampMs":null,"nativeDurationMs":null,"nativeOffsetMs":null,"nativeSequence":null,"monotonicTimestampMs":null}
10-11 16:13:35.460 12664 12741 I ReactNativeJS: [outputs] outputs.hapticSymbol {"timestamp":14638980.878945,"wallClock":1760213615459,"enabled":true,"symbol":".","durationMs":34,"platform":"android","source":"console.replay","correlationId":"console-replay:mgmpqm3nt3z5vkxc","timelineOffsetMs":null}
10-11 16:13:35.460 12664 12741 I ReactNativeJS: [outputs] outputs.flashPulse {"timestamp":14638981.754309,"wallClock":1760213615460,"enabled":true,"durationMs":34,"source":"console.replay","correlationId":"console-replay:mgmpqm3nt3z5vkxc","timelineOffsetMs":null,"audioStartMs":null}
10-11 16:13:35.543 12664 12741 I ReactNativeJS: [outputs] outputs.flashPulse.commit {"timestamp":14639063.803424,"wallClock":1760213615542,"durationMs":34,"source":"console.replay","correlationId":"console-replay:mgmpqm3nt3z5vkxc","latencyMs":83.56911399960518,"timelineOffsetMs":null,"leadMs":8,"audioStartMs":null,"scheduleSkewMs":91.56911399960518}
10-11 16:13:35.825 12664 12741 I ReactNativeJS: [outputs] playMorse.symbol {"timestamp":14639345.76707,"wallClock":1760213615824,"symbol":"-","durationMs":102,"index":21,"source":"console.replay","correlationId":"console-replay:mgmpqmdsrwef23n7","nativeTimestampMs":null,"nativeDurationMs":null,"nativeOffsetMs":null,"nativeSequence":null,"monotonicTimestampMs":null}
10-11 16:13:35.827 12664 12741 I ReactNativeJS: [outputs] outputs.hapticSymbol {"timestamp":14639346.83259,"wallClock":1760213615825,"enabled":true,"symbol":"-","durationMs":102,"platform":"android","source":"console.replay","correlationId":"console-replay:mgmpqmdsrwef23n7","timelineOffsetMs":null}
10-11 16:13:35.828 12664 12741 I ReactNativeJS: [outputs] outputs.flashPulse {"timestamp":14639349.622747,"wallClock":1760213615828,"enabled":true,"durationMs":102,"source":"console.replay","correlationId":"console-replay:mgmpqmdsrwef23n7","timelineOffsetMs":null,"audioStartMs":null}
10-11 16:13:35.904 12664 12741 I ReactNativeJS: [outputs] outputs.flashPulse.commit {"timestamp":14639425.313893,"wallClock":1760213615904,"durationMs":102,"source":"console.replay","correlationId":"console-replay:mgmpqmdsrwef23n7","latencyMs":79.55093700066209,"timelineOffsetMs":null,"leadMs":8,"audioStartMs":null,"scheduleSkewMs":87.55093700066209}
10-11 16:13:36.231 12664 12741 I ReactNativeJS: [outputs] playMorse.symbol {"timestamp":14639751.597278,"wallClock":1760213616230,"symbol":"-","durationMs":102,"index":22,"source":"console.replay","correlationId":"console-replay:mgmpqmp29y0xirku","nativeTimestampMs":null,"nativeDurationMs":null,"nativeOffsetMs":null,"nativeSequence":null,"monotonicTimestampMs":null}
10-11 16:13:36.232 12664 12741 I ReactNativeJS: [outputs] outputs.hapticSymbol {"timestamp":14639752.775247,"wallClock":1760213616231,"enabled":true,"symbol":"-","durationMs":102,"platform":"android","source":"console.replay","correlationId":"console-replay:mgmpqmp29y0xirku","timelineOffsetMs":null}
10-11 16:13:36.234 12664 12741 I ReactNativeJS: [outputs] outputs.flashPulse {"timestamp":14639755.244465,"wallClock":1760213616234,"enabled":true,"durationMs":102,"source":"console.replay","correlationId":"console-replay:mgmpqmp29y0xirku","timelineOffsetMs":null,"audioStartMs":null}
10-11 16:13:36.312 12664 12741 I ReactNativeJS: [outputs] outputs.flashPulse.commit {"timestamp":14639833.544309,"wallClock":1760213616312,"durationMs":102,"source":"console.replay","correlationId":"console-replay:mgmpqmp29y0xirku","latencyMs":81.94994799979031,"timelineOffsetMs":null,"leadMs":8,"audioStartMs":null,"scheduleSkewMs":89.94994799979031}
10-11 16:13:36.609 12664 12741 I ReactNativeJS: [outputs] playMorse.symbol {"timestamp":14640129.258684,"wallClock":1760213616608,"symbol":"-","durationMs":102,"index":23,"source":"console.replay","correlationId":"console-replay:mgmpqmzkl38n3q10","nativeTimestampMs":null,"nativeDurationMs":null,"nativeOffsetMs":null,"nativeSequence":null,"monotonicTimestampMs":null}
10-11 16:13:36.609 12664 12741 I ReactNativeJS: [outputs] outputs.hapticSymbol {"timestamp":14640130.336288,"wallClock":1760213616609,"enabled":true,"symbol":"-","durationMs":102,"platform":"android","source":"console.replay","correlationId":"console-replay:mgmpqmzkl38n3q10","timelineOffsetMs":null}
10-11 16:13:36.612 12664 12741 I ReactNativeJS: [outputs] outputs.flashPulse {"timestamp":14640132.78608,"wallClock":1760213616611,"enabled":true,"durationMs":102,"source":"console.replay","correlationId":"console-replay:mgmpqmzkl38n3q10","timelineOffsetMs":null,"audioStartMs":null}
10-11 16:13:36.687 12664 12741 I ReactNativeJS: [outputs] outputs.flashPulse.commit {"timestamp":14640208.324205,"wallClock":1760213616687,"durationMs":102,"source":"console.replay","correlationId":"console-replay:mgmpqmzkl38n3q10","latencyMs":79.06880200095475,"timelineOffsetMs":null,"leadMs":8,"audioStartMs":null,"scheduleSkewMs":87.06880200095475}
10-11 16:13:36.961 12664 12741 I ReactNativeJS: [outputs] playMorse.symbol {"timestamp":14640481.921809,"wallClock":1760213616960,"symbol":".","durationMs":34,"index":24,"source":"console.replay","correlationId":"console-replay:mgmpqn9ccut3m4sg","nativeTimestampMs":null,"nativeDurationMs":null,"nativeOffsetMs":null,"nativeSequence":null,"monotonicTimestampMs":null}
10-11 16:13:36.962 12664 12741 I ReactNativeJS: [outputs] outputs.hapticSymbol {"timestamp":14640483.202798,"wallClock":1760213616962,"enabled":true,"symbol":".","durationMs":34,"platform":"android","source":"console.replay","correlationId":"console-replay:mgmpqn9ccut3m4sg","timelineOffsetMs":null}
10-11 16:13:36.965 12664 12741 I ReactNativeJS: [outputs] outputs.flashPulse {"timestamp":14640485.740611,"wallClock":1760213616964,"enabled":true,"durationMs":34,"source":"console.replay","correlationId":"console-replay:mgmpqn9ccut3m4sg","timelineOffsetMs":null,"audioStartMs":null}
10-11 16:13:37.054 12664 12741 I ReactNativeJS: [outputs] outputs.flashPulse.commit {"timestamp":14640574.591548,"wallClock":1760213617053,"durationMs":34,"source":"console.replay","correlationId":"console-replay:mgmpqn9ccut3m4sg","latencyMs":92.67802099883556,"timelineOffsetMs":null,"leadMs":8,"audioStartMs":null,"scheduleSkewMs":100.67802099883556}
10-11 16:13:37.343 12664 12741 I ReactNativeJS: [outputs] playMorse.symbol {"timestamp":14640863.340871,"wallClock":1760213617342,"symbol":".","durationMs":34,"index":25,"source":"console.replay","correlationId":"console-replay:mgmpqnjydmbn3srq","nativeTimestampMs":null,"nativeDurationMs":null,"nativeOffsetMs":null,"nativeSequence":null,"monotonicTimestampMs":null}
10-11 16:13:37.344 12664 12741 I ReactNativeJS: [outputs] outputs.hapticSymbol {"timestamp":14640864.726704,"wallClock":1760213617343,"enabled":true,"symbol":".","durationMs":34,"platform":"android","source":"console.replay","correlationId":"console-replay:mgmpqnjydmbn3srq","timelineOffsetMs":null}
10-11 16:13:37.347 12664 12741 I ReactNativeJS: [outputs] outputs.flashPulse {"timestamp":14640867.507746,"wallClock":1760213617346,"enabled":true,"durationMs":34,"source":"console.replay","correlationId":"console-replay:mgmpqnjydmbn3srq","timelineOffsetMs":null,"audioStartMs":null}
10-11 16:13:37.437 12664 12741 I ReactNativeJS: [outputs] outputs.flashPulse.commit {"timestamp":14640957.640559,"wallClock":1760213617436,"durationMs":34,"source":"console.replay","correlationId":"console-replay:mgmpqnjydmbn3srq","latencyMs":94.30635399930179,"timelineOffsetMs":null,"leadMs":8,"audioStartMs":null,"scheduleSkewMs":102.30635399930179}
10-11 16:13:37.729 12664 12741 I ReactNativeJS: [outputs] playMorse.symbol {"timestamp":14641248.462277,"wallClock":1760213617727,"symbol":".","durationMs":34,"index":26,"source":"console.replay","correlationId":"console-replay:mgmpqnungzw8t25p","nativeTimestampMs":null,"nativeDurationMs":null,"nativeOffsetMs":null,"nativeSequence":null,"monotonicTimestampMs":null}
10-11 16:13:37.732 12664 12741 I ReactNativeJS: [outputs] outputs.hapticSymbol {"timestamp":14641250.823788,"wallClock":1760213617729,"enabled":true,"symbol":".","durationMs":34,"platform":"android","source":"console.replay","correlationId":"console-replay:mgmpqnungzw8t25p","timelineOffsetMs":null}
10-11 16:13:37.735 12664 12741 I ReactNativeJS: [outputs] outputs.flashPulse {"timestamp":14641256.384673,"wallClock":1760213617735,"enabled":true,"durationMs":34,"source":"console.replay","correlationId":"console-replay:mgmpqnungzw8t25p","timelineOffsetMs":null,"audioStartMs":null}
10-11 16:13:37.800 12664 12741 I ReactNativeJS: [outputs] outputs.flashPulse.commit {"timestamp":14641320.797173,"wallClock":1760213617799,"durationMs":34,"source":"console.replay","correlationId":"console-replay:mgmpqnungzw8t25p","latencyMs":72.3525520004332,"timelineOffsetMs":null,"leadMs":8,"audioStartMs":null,"scheduleSkewMs":80.3525520004332}
10-11 16:13:37.857 12664 12741 I ReactNativeJS: [outputs] playMorse.complete {"timestamp":14641378.2266,"wallClock":1760213617857,"durationMs":5489.445258000866,"source":"console.replay","audioEnabled":true,"audioVolumePercent":100}
10-11 16:13:41.921 12664 12741 I ReactNativeJS: [outputs] playMorse.start {"timestamp":14645442.104515,"wallClock":1760213621920,"unitMs":30,"length":28,"source":"console.replay","audioEnabled":true,"audioVolumePercent":100}
10-11 16:13:42.026 12664 12741 D OutputsAudio: [outputs-audio] warmup hz=700.0
10-11 16:13:42.026 12664 14490 D OutputsAudio: [outputs-audio] playMorse.start count=27 unit=30.0
10-11 16:13:42.026 12664 14490 D OutputsAudio: [outputs-audio] start hz=700.0 gain=1.000 attack=2.50 release=6.00
10-11 16:13:42.036 12664 12741 D OutputsAudio: [outputs-audio] symbol.info sequence=1 symbol=. timestamp=14645547.768 duration=30.000
10-11 16:13:42.038 12664 12741 I ReactNativeJS: [outputs] playMorse.symbol {"timestamp":14645558.252536,"wallClock":1760213622037,"symbol":".","durationMs":30,"index":0,"source":"console.replay","correlationId":"console-replay:mgmpqr6dawndzgnw","nativeTimestampMs":14645547.768,"nativeDurationMs":30,"nativeOffsetMs":10.386828001588583,"nativeSequence":1,"monotonicTimestampMs":14645547.768}
10-11 16:13:42.038 12664 12741 I ReactNativeJS: [outputs] outputs.hapticSymbol {"timestamp":14645559.322953,"wallClock":1760213622038,"enabled":true,"symbol":".","durationMs":30,"platform":"android","source":"console.replay","correlationId":"console-replay:mgmpqr6dawndzgnw","timelineOffsetMs":10.386828001588583}
10-11 16:13:42.040 12664 12741 I ReactNativeJS: [outputs] outputs.flashPulse {"timestamp":14645560.751234,"wallClock":1760213622039,"enabled":true,"durationMs":30,"source":"console.replay","correlationId":"console-replay:mgmpqr6dawndzgnw","timelineOffsetMs":null,"audioStartMs":14645547.768}
10-11 16:13:42.057 12664 14490 D OutputsAudio: [outputs-audio] stop gain=1.000 release=6.00
10-11 16:13:42.088 12664 14490 D OutputsAudio: [outputs-audio] start hz=700.0 gain=1.000 attack=2.50 release=6.00
10-11 16:13:42.109 12664 12741 I ReactNativeJS: [outputs] outputs.flashPulse.commit {"timestamp":14645630.10738,"wallClock":1760213622108,"durationMs":30,"source":"console.replay","correlationId":"console-replay:mgmpqr6dawndzgnw","latencyMs":82.33391100168228,"timelineOffsetMs":null,"leadMs":8,"audioStartMs":14645547.768,"scheduleSkewMs":90.33391100168228}
10-11 16:13:42.118 12664 14490 D OutputsAudio: [outputs-audio] stop gain=1.000 release=6.00
10-11 16:13:42.149 12664 14490 D OutputsAudio: [outputs-audio] start hz=700.0 gain=1.000 attack=2.50 release=6.00
10-11 16:13:42.158 12664 12741 D OutputsAudio: [outputs-audio] symbol.info sequence=3 symbol=. timestamp=14645670.929 duration=30.000
10-11 16:13:42.158 12664 12741 W ReactNativeJS: '[outputs-audio] native sequence jump', { previous: 1, next: 3, delta: 2 }
10-11 16:13:42.159 12664 12741 I ReactNativeJS: [outputs] playMorse.symbol {"timestamp":14645680.185661,"wallClock":1760213622159,"symbol":".","durationMs":30,"index":1,"source":"console.replay","correlationId":"console-replay:mgmpqr9rneqixyl8","nativeTimestampMs":14645670.929,"nativeDurationMs":30,"nativeOffsetMs":9.2157760001719,"nativeSequence":3,"monotonicTimestampMs":14645670.929}
10-11 16:13:42.159 12664 12741 I ReactNativeJS: [outputs] outputs.hapticSymbol {"timestamp":14645680.624359,"wallClock":1760213622159,"enabled":true,"symbol":".","durationMs":30,"platform":"android","source":"console.replay","correlationId":"console-replay:mgmpqr9rneqixyl8","timelineOffsetMs":9.2157760001719}
10-11 16:13:42.160 12664 12741 I ReactNativeJS: [outputs] outputs.flashPulse {"timestamp":14645681.375505,"wallClock":1760213622160,"enabled":true,"durationMs":30,"source":"console.replay","correlationId":"console-replay:mgmpqr9rneqixyl8","timelineOffsetMs":null,"audioStartMs":14645670.929}
10-11 16:13:42.179 12664 14490 D OutputsAudio: [outputs-audio] stop gain=1.000 release=6.00
10-11 16:13:42.211 12664 14490 D OutputsAudio: [outputs-audio] start hz=700.0 gain=1.000 attack=2.50 release=6.00
10-11 16:13:42.225 12664 12741 I ReactNativeJS: [outputs] outputs.flashPulse.commit {"timestamp":14645745.972744,"wallClock":1760213622224,"durationMs":30,"source":"console.replay","correlationId":"console-replay:mgmpqr9rneqixyl8","latencyMs":75.0370780006051,"timelineOffsetMs":null,"leadMs":8,"audioStartMs":14645670.929,"scheduleSkewMs":83.0370780006051}
10-11 16:13:42.281 12664 12741 D OutputsAudio: [outputs-audio] symbol.info sequence=4 symbol=- timestamp=14645732.381 duration=90.000
10-11 16:13:42.281 12664 12741 I ReactNativeJS: [outputs] playMorse.symbol {"timestamp":14645802.419515,"wallClock":1760213622281,"symbol":".","durationMs":30,"index":2,"source":"console.replay","correlationId":"console-replay:mgmpqrd5vf1tfc7i","nativeTimestampMs":14645732.381,"nativeDurationMs":90,"nativeOffsetMs":69.98002500087023,"nativeSequence":4,"monotonicTimestampMs":14645732.381}
10-11 16:13:42.282 12664 12741 I ReactNativeJS: [outputs] outputs.hapticSymbol {"timestamp":14645802.968161,"wallClock":1760213622281,"enabled":true,"symbol":".","durationMs":30,"platform":"android","source":"console.replay","correlationId":"console-replay:mgmpqrd5vf1tfc7i","timelineOffsetMs":69.98002500087023}
10-11 16:13:42.282 12664 12741 I ReactNativeJS: [outputs] outputs.flashPulse {"timestamp":14645803.718005,"wallClock":1760213622282,"enabled":true,"durationMs":30,"source":"console.replay","correlationId":"console-replay:mgmpqrd5vf1tfc7i","timelineOffsetMs":null,"audioStartMs":14645732.381}
10-11 16:13:42.301 12664 14490 D OutputsAudio: [outputs-audio] stop gain=1.000 release=6.00
10-11 16:13:42.332 12664 14490 D OutputsAudio: [outputs-audio] start hz=700.0 gain=1.000 attack=2.50 release=6.00
10-11 16:13:42.346 12664 12741 I ReactNativeJS: [outputs] outputs.flashPulse.commit {"timestamp":14645867.574619,"wallClock":1760213622346,"durationMs":30,"source":"console.replay","correlationId":"console-replay:mgmpqrd5vf1tfc7i","latencyMs":135.18877500109375,"timelineOffsetMs":null,"leadMs":8,"audioStartMs":14645732.381,"scheduleSkewMs":143.18877500109375}
10-11 16:13:42.402 12664 12741 D OutputsAudio: [outputs-audio] symbol.info sequence=5 symbol=- timestamp=14645853.441 duration=90.000
10-11 16:13:42.402 12664 12741 I ReactNativeJS: [outputs] playMorse.symbol {"timestamp":14645923.586546,"wallClock":1760213622402,"symbol":"-","durationMs":90,"index":3,"source":"console.replay","correlationId":"console-replay:mgmpqrgimmn1j02m","nativeTimestampMs":14645853.441,"nativeDurationMs":90,"nativeOffsetMs":70.09138000011444,"nativeSequence":5,"monotonicTimestampMs":14645853.441}
10-11 16:13:42.403 12664 12741 I ReactNativeJS: [outputs] outputs.hapticSymbol {"timestamp":14645924.164723,"wallClock":1760213622403,"enabled":true,"symbol":"-","durationMs":90,"platform":"android","source":"console.replay","correlationId":"console-replay:mgmpqrgimmn1j02m","timelineOffsetMs":70.09138000011444}
10-11 16:13:42.404 12664 12741 I ReactNativeJS: [outputs] outputs.flashPulse {"timestamp":14645924.914046,"wallClock":1760213622403,"enabled":true,"durationMs":90,"source":"console.replay","correlationId":"console-replay:mgmpqrgimmn1j02m","timelineOffsetMs":null,"audioStartMs":14645853.441}
10-11 16:13:42.422 12664 14490 D OutputsAudio: [outputs-audio] stop gain=1.000 release=6.00
10-11 16:13:42.452 12664 14490 D OutputsAudio: [outputs-audio] start hz=700.0 gain=1.000 attack=2.50 release=6.00
10-11 16:13:42.459 12664 12741 I ReactNativeJS: [outputs] outputs.flashPulse.commit {"timestamp":14645980.371859,"wallClock":1760213622459,"durationMs":90,"source":"console.replay","correlationId":"console-replay:mgmpqrgimmn1j02m","latencyMs":126.92606700025499,"timelineOffsetMs":null,"leadMs":8,"audioStartMs":14645853.441,"scheduleSkewMs":134.926067000255}
10-11 16:13:42.521 12664 12741 D OutputsAudio: [outputs-audio] symbol.info sequence=6 symbol=- timestamp=14645974.176 duration=90.000
10-11 16:13:42.522 12664 12741 I ReactNativeJS: [outputs] playMorse.symbol {"timestamp":14646042.620557,"wallClock":1760213622521,"symbol":"-","durationMs":90,"index":4,"source":"console.replay","correlationId":"console-replay:mgmpqrjttnn0858y","nativeTimestampMs":14645974.176,"nativeDurationMs":90,"nativeOffsetMs":68.37585899978876,"nativeSequence":6,"monotonicTimestampMs":14645974.176}
10-11 16:13:42.522 12664 12741 I ReactNativeJS: [outputs] outputs.hapticSymbol {"timestamp":14646043.282119,"wallClock":1760213622522,"enabled":true,"symbol":"-","durationMs":90,"platform":"android","source":"console.replay","correlationId":"console-replay:mgmpqrjttnn0858y","timelineOffsetMs":68.37585899978876}
10-11 16:13:42.523 12664 12741 I ReactNativeJS: [outputs] outputs.flashPulse {"timestamp":14646044.271911,"wallClock":1760213622523,"enabled":true,"durationMs":90,"source":"console.replay","correlationId":"console-replay:mgmpqrjttnn0858y","timelineOffsetMs":null,"audioStartMs":14645974.176}
10-11 16:13:42.543 12664 14490 D OutputsAudio: [outputs-audio] stop gain=1.000 release=6.00
10-11 16:13:42.573 12664 14490 D OutputsAudio: [outputs-audio] start hz=700.0 gain=1.000 attack=2.50 release=6.00
10-11 16:13:42.598 12664 12741 I ReactNativeJS: [outputs] outputs.flashPulse.commit {"timestamp":14646119.426911,"wallClock":1760213622598,"durationMs":90,"source":"console.replay","correlationId":"console-replay:mgmpqrjttnn0858y","latencyMs":145.2439839988947,"timelineOffsetMs":null,"leadMs":8,"audioStartMs":14645974.176,"scheduleSkewMs":153.2439839988947}
10-11 16:13:42.604 12664 14490 D OutputsAudio: [outputs-audio] stop gain=1.000 release=6.00
10-11 16:13:42.635 12664 14490 D OutputsAudio: [outputs-audio] start hz=700.0 gain=1.000 attack=2.50 release=6.00
10-11 16:13:42.664 12664 12741 D OutputsAudio: [outputs-audio] symbol.info sequence=8 symbol=. timestamp=14646157.183 duration=30.000
10-11 16:13:42.665 12664 12741 W ReactNativeJS: '[outputs-audio] native sequence jump', { previous: 6, next: 8, delta: 2 }
10-11 16:13:42.665 12664 12741 I ReactNativeJS: [outputs] playMorse.symbol {"timestamp":14646186.569202,"wallClock":1760213622665,"symbol":"-","durationMs":90,"index":5,"source":"console.replay","correlationId":"console-replay:mgmpqrnt8xivuheh","nativeTimestampMs":14646157.183,"nativeDurationMs":30,"nativeOffsetMs":29.335785999894142,"nativeSequence":8,"monotonicTimestampMs":14646157.183}
10-11 16:13:42.666 12664 12741 I ReactNativeJS: [outputs] outputs.hapticSymbol {"timestamp":14646187.098369,"wallClock":1760213622665,"enabled":true,"symbol":"-","durationMs":90,"platform":"android","source":"console.replay","correlationId":"console-replay:mgmpqrnt8xivuheh","timelineOffsetMs":29.335785999894142}
10-11 16:13:42.666 12664 14490 D OutputsAudio: [outputs-audio] stop gain=1.000 release=6.00
10-11 16:13:42.667 12664 12741 I ReactNativeJS: [outputs] outputs.flashPulse {"timestamp":14646188.098421,"wallClock":1760213622666,"enabled":true,"durationMs":90,"source":"console.replay","correlationId":"console-replay:mgmpqrnt8xivuheh","timelineOffsetMs":null,"audioStartMs":14646157.183}
10-11 16:13:42.697 12664 14490 D OutputsAudio: [outputs-audio] start hz=700.0 gain=1.000 attack=2.50 release=6.00
10-11 16:13:42.727 12664 14490 D OutputsAudio: [outputs-audio] stop gain=1.000 release=6.00
10-11 16:13:42.742 12664 12741 I ReactNativeJS: [outputs] outputs.flashPulse.commit {"timestamp":14646263.376859,"wallClock":1760213622742,"durationMs":90,"source":"console.replay","correlationId":"console-replay:mgmpqrnt8xivuheh","latencyMs":106.18781699985266,"timelineOffsetMs":null,"leadMs":8,"audioStartMs":14646157.183,"scheduleSkewMs":114.18781699985266}
10-11 16:13:42.757 12664 14490 D OutputsAudio: [outputs-audio] start hz=700.0 gain=1.000 attack=2.50 release=6.00
10-11 16:13:42.848 12664 14490 D OutputsAudio: [outputs-audio] stop gain=1.000 release=6.00
10-11 16:13:42.857 12664 12741 D OutputsAudio: [outputs-audio] symbol.info sequence=10 symbol=- timestamp=14646279.145 duration=90.000
10-11 16:13:42.858 12664 12741 W ReactNativeJS: '[outputs-audio] native sequence jump', { previous: 8, next: 10, delta: 2 }
10-11 16:13:42.858 12664 12741 I ReactNativeJS: [outputs] playMorse.symbol {"timestamp":14646379.392379,"wallClock":1760213622858,"symbol":".","durationMs":30,"index":6,"source":"console.replay","correlationId":"console-replay:mgmpqrt657cu4ken","nativeTimestampMs":14646279.145,"nativeDurationMs":90,"nativeOffsetMs":100.19467100128531,"nativeSequence":10,"monotonicTimestampMs":14646279.145}
10-11 16:13:42.859 12664 12741 I ReactNativeJS: [outputs] playMorse.nativeOffset.spike {"timestamp":14646379.926129,"wallClock":1760213622858,"source":"console.replay","offsetMs":100.19467100128531,"sequence":10,"unitMs":30,"correlationId":"console-replay:mgmpqrt657cu4ken"}
10-11 16:13:42.859 12664 12741 I ReactNativeJS: [outputs] outputs.hapticSymbol {"timestamp":14646380.439984,"wallClock":1760213622859,"enabled":true,"symbol":".","durationMs":30,"platform":"android","source":"console.replay","correlationId":"console-replay:mgmpqrt657cu4ken","timelineOffsetMs":100.19467100128531}
10-11 16:13:42.860 12664 12741 I ReactNativeJS: [outputs] outputs.flashPulse {"timestamp":14646381.483004,"wallClock":1760213622860,"enabled":true,"durationMs":30,"source":"console.replay","correlationId":"console-replay:mgmpqrt657cu4ken","timelineOffsetMs":null,"audioStartMs":14646279.145}
10-11 16:13:42.879 12664 14490 D OutputsAudio: [outputs-audio] start hz=700.0 gain=1.000 attack=2.50 release=6.00
10-11 16:13:42.963 12664 12741 I ReactNativeJS: [outputs] outputs.flashPulse.commit {"timestamp":14646483.573525,"wallClock":1760213622962,"durationMs":30,"source":"console.replay","correlationId":"console-replay:mgmpqrt657cu4ken","latencyMs":204.42185899987817,"timelineOffsetMs":null,"leadMs":8,"audioStartMs":14646279.145,"scheduleSkewMs":212.42185899987817}
10-11 16:13:42.969 12664 14490 D OutputsAudio: [outputs-audio] stop gain=1.000 release=6.00
10-11 16:13:42.999 12664 14490 D OutputsAudio: [outputs-audio] start hz=700.0 gain=1.000 attack=2.50 release=6.00
10-11 16:13:43.028 12664 12741 D OutputsAudio: [outputs-audio] symbol.info sequence=12 symbol=- timestamp=14646521.341 duration=90.000
10-11 16:13:43.029 12664 12741 W ReactNativeJS: '[outputs-audio] native sequence jump', { previous: 10, next: 12, delta: 2 }
