10-12 10:25:36.696 21246 22753 D OutputsAudio: [outputs-audio] playMorse.symbol.start sequence=16 symbol=- expected=46911853.336 actual=46911853.581 skew=0.244 batchElapsed=5040.244
10-12 10:25:36.791 21246 22662 D OutputsAudio: [outputs-audio] symbol.info sequence=16 symbol=- timestamp=46911853.581 duration=360.000 expected=46911853.336 skew=0.244 age=4.542
10-12 10:25:36.792 21246 22662 I ReactNativeJS: [outputs] playMorse.symbol {"timestamp":46911858.38054,"wallClock":1760279136791,"symbol":"-","durationMs":360,"index":15,"source":"console.replay","correlationId":"console-replay:0w4cx5ei","nativeTimestampMs":46911853.581,"nativeDurationMs":360,"nativeOffsetMs":4.696988001465797,"nativeSequence":16,"monotonicTimestampMs":46911853.581,"nativeExpectedTimestampMs":46911853.336,"nativeStartSkewMs":0.244,"nativeBatchElapsedMs":5040.244,"nativeExpectedSincePriorMs":240,"nativeSincePriorMs":239.506,"nativePatternStartMs":46906813.336,"nativeAgeMs":4.542}
10-12 10:25:36.793 21246 22662 I ReactNativeJS: [outputs] playMorse.symbol {"timestamp":46911859.434759,"wallClock":1760279136792,"symbol":"-","durationMs":360,"index":15,"source":"console.replay","correlationId":"console-replay:mgnsqyoomd1ife0w","nativeTimestampMs":46911853.581,"nativeDurationMs":360,"nativeOffsetMs":4.696988001465797,"nativeSequence":16,"monotonicTimestampMs":46911853.581,"nativeExpectedTimestampMs":46911853.336,"nativeStartSkewMs":0.244,"nativeBatchElapsedMs":5040.244,"nativeExpectedSincePriorMs":240,"nativeSincePriorMs":239.506,"nativePatternStartMs":46906813.336,"nativeAgeMs":4.542}
10-12 10:25:36.794 21246 22662 I ReactNativeJS: [outputs] outputs.hapticSymbol {"timestamp":46911860.649654,"wallClock":1760279136794,"enabled":true,"symbol":"-","durationMs":360,"platform":"android","source":"console.replay","correlationId":"console-replay:mgnsqyoomd1ife0w","timelineOffsetMs":null}
10-12 10:25:36.795 21246 22662 I ReactNativeJS: [outputs] outputs.flashPulse {"timestamp":46911861.993977,"wallClock":1760279136795,"enabled":true,"durationMs":360,"source":"console.replay","correlationId":"console-replay:mgnsqyoomd1ife0w","timelineOffsetMs":4.696988001465797,"schedulingMode":"timeline","audioStartHeadroomMs":-16.637351997196674,"audioStartGuard":"headroom","audioStartCompensationMs":16.637351997196674}
10-12 10:25:36.871 21246 22662 I ReactNativeJS: [outputs] outputs.flashPulse.commit {"timestamp":46911937.369602,"wallClock":1760279136870,"durationMs":360,"source":"console.replay","correlationId":"console-replay:mgnsqyoomd1ife0w","latencyMs":79.08182299882174,"timelineOffsetMs":4.696988001465797,"leadMs":8,"scheduleSkewMs":75.38333400338888,"schedulingMode":"timeline","audioStartHeadroomMs":-16.637351997196674,"audioStartGuard":"headroom","audioStartCompensationMs":16.637351997196674}
10-12 10:25:37.147 21246 22753 D OutputsAudio: [outputs-audio] stop gain=1.000 release=6.00
10-12 10:25:37.147 21246 22753 D OutputsAudio: [outputs-audio] playMorse.gap sequence=16 nextOffset=5520.000 gapTarget=46912333.336
10-12 10:25:37.147 21246 22753 D OutputsAudio: [outputs-audio] playMorse.dispatch sequence=17 symbol=- offset=5520.000 lead=90.000 dispatchAt=46912243.336
10-12 10:25:37.177 21246 22753 D OutputsAudio: [outputs-audio] start hz=650.0 gain=1.000 attack=2.50 release=6.00
10-12 10:25:37.177 21246 22753 D OutputsAudio: [outputs-audio] playMorse.symbol.start sequence=17 symbol=- expected=46912333.336 actual=46912334.371 skew=1.035 batchElapsed=5521.035
10-12 10:25:37.288 21246 22662 D OutputsAudio: [outputs-audio] symbol.info sequence=17 symbol=- timestamp=46912334.371 duration=360.000 expected=46912333.336 skew=1.035 age=20.928
10-12 10:25:37.290 21246 22662 I ReactNativeJS: [outputs] playMorse.symbol {"timestamp":46912355.538769,"wallClock":1760279137288,"symbol":"-","durationMs":360,"index":16,"source":"console.replay","correlationId":"console-replay:ub8r2ktq","nativeTimestampMs":46912334.371,"nativeDurationMs":360,"nativeOffsetMs":21.07302900403738,"nativeSequence":17,"monotonicTimestampMs":46912334.371,"nativeExpectedTimestampMs":46912333.336,"nativeStartSkewMs":1.035,"nativeBatchElapsedMs":5521.035,"nativeExpectedSincePriorMs":480,"nativeSincePriorMs":480.791,"nativePatternStartMs":46906813.336,"nativeAgeMs":20.928}
10-12 10:25:37.290 21246 22662 I ReactNativeJS: [outputs] playMorse.symbol {"timestamp":46912357.089758,"wallClock":1760279137290,"symbol":"-","durationMs":360,"index":16,"source":"console.replay","correlationId":"console-replay:mgnsqz2itr18v7gr","nativeTimestampMs":46912334.371,"nativeDurationMs":360,"nativeOffsetMs":21.07302900403738,"nativeSequence":17,"monotonicTimestampMs":46912334.371,"nativeExpectedTimestampMs":46912333.336,"nativeStartSkewMs":1.035,"nativeBatchElapsedMs":5521.035,"nativeExpectedSincePriorMs":480,"nativeSincePriorMs":480.791,"nativePatternStartMs":46906813.336,"nativeAgeMs":20.928}
10-12 10:25:37.291 21246 22662 I ReactNativeJS: [outputs] outputs.hapticSymbol {"timestamp":46912357.68304,"wallClock":1760279137291,"enabled":true,"symbol":"-","durationMs":360,"platform":"android","source":"console.replay","correlationId":"console-replay:mgnsqz2itr18v7gr","timelineOffsetMs":null}
10-12 10:25:37.292 21246 22662 I ReactNativeJS: [outputs] outputs.flashPulse {"timestamp":46912358.665019,"wallClock":1760279137292,"enabled":true,"durationMs":360,"source":"console.replay","correlationId":"console-replay:mgnsqz2itr18v7gr","timelineOffsetMs":21.07302900403738,"schedulingMode":"timeline","audioStartHeadroomMs":-33.3131859973073,"audioStartGuard":"headroom","audioStartCompensationMs":33.3131859973073}
10-12 10:25:37.371 21246 22662 I ReactNativeJS: [outputs] outputs.flashPulse.commit {"timestamp":46912437.690279,"wallClock":1760279137371,"durationMs":360,"source":"console.replay","correlationId":"console-replay:mgnsqz2itr18v7gr","latencyMs":82.23848999291658,"timelineOffsetMs":21.07302900403738,"leadMs":8,"scheduleSkewMs":79.03057299554348,"schedulingMode":"timeline","audioStartHeadroomMs":-33.3131859973073,"audioStartGuard":"headroom","audioStartCompensationMs":33.3131859973073}
10-12 10:25:37.628 21246 22753 D OutputsAudio: [outputs-audio] stop gain=1.000 release=6.00
10-12 10:25:37.628 21246 22753 D OutputsAudio: [outputs-audio] playMorse.gap sequence=17 nextOffset=6000.000 gapTarget=46912813.336
10-12 10:25:37.629 21246 22753 D OutputsAudio: [outputs-audio] playMorse.dispatch sequence=18 symbol=- offset=6000.000 lead=90.000 dispatchAt=46912723.336
10-12 10:25:37.657 21246 22753 D OutputsAudio: [outputs-audio] start hz=650.0 gain=1.000 attack=2.50 release=6.00
10-12 10:25:37.658 21246 22753 D OutputsAudio: [outputs-audio] playMorse.symbol.start sequence=18 symbol=- expected=46912813.336 actual=46912815.189 skew=1.853 batchElapsed=6001.853
10-12 10:25:37.767 21246 22662 D OutputsAudio: [outputs-audio] symbol.info sequence=18 symbol=- timestamp=46912815.189 duration=360.000 expected=46912813.336 skew=1.853 age=19.028
10-12 10:25:37.768 21246 22662 I ReactNativeJS: [outputs] playMorse.symbol {"timestamp":46912834.41731,"wallClock":1760279137767,"symbol":"-","durationMs":360,"index":17,"source":"console.replay","correlationId":"console-replay:l5grzm51","nativeTimestampMs":46912815.189,"nativeDurationMs":360,"nativeOffsetMs":19.151903994381428,"nativeSequence":18,"monotonicTimestampMs":46912815.189,"nativeExpectedTimestampMs":46912813.336,"nativeStartSkewMs":1.853,"nativeBatchElapsedMs":6001.853,"nativeExpectedSincePriorMs":480,"nativeSincePriorMs":480.818,"nativePatternStartMs":46906813.336,"nativeAgeMs":19.028}
10-12 10:25:37.769 21246 22662 I ReactNativeJS: [outputs] playMorse.symbol {"timestamp":46912835.232206,"wallClock":1760279137768,"symbol":"-","durationMs":360,"index":17,"source":"console.replay","correlationId":"console-replay:mgnsqzfsxblklb7f","nativeTimestampMs":46912815.189,"nativeDurationMs":360,"nativeOffsetMs":19.151903994381428,"nativeSequence":18,"monotonicTimestampMs":46912815.189,"nativeExpectedTimestampMs":46912813.336,"nativeStartSkewMs":1.853,"nativeBatchElapsedMs":6001.853,"nativeExpectedSincePriorMs":480,"nativeSincePriorMs":480.818,"nativePatternStartMs":46906813.336,"nativeAgeMs":19.028}
10-12 10:25:37.769 21246 22662 I ReactNativeJS: [outputs] outputs.hapticSymbol {"timestamp":46912835.758925,"wallClock":1760279137769,"enabled":true,"symbol":"-","durationMs":360,"platform":"android","source":"console.replay","correlationId":"console-replay:mgnsqzfsxblklb7f","timelineOffsetMs":null}
10-12 10:25:37.771 21246 22662 I ReactNativeJS: [outputs] outputs.flashPulse {"timestamp":46912837.114758,"wallClock":1760279137770,"enabled":true,"durationMs":360,"source":"console.replay","correlationId":"console-replay:mgnsqzfsxblklb7f","timelineOffsetMs":19.151903994381428,"schedulingMode":"timeline","audioStartHeadroomMs":-31.758809998631477,"audioStartGuard":"headroom","audioStartCompensationMs":31.758809998631477}
10-12 10:25:37.842 21246 22662 I ReactNativeJS: [outputs] outputs.flashPulse.commit {"timestamp":46912908.405123,"wallClock":1760279137841,"durationMs":360,"source":"console.replay","correlationId":"console-replay:mgnsqzfsxblklb7f","latencyMs":74.05578099936247,"timelineOffsetMs":19.151903994381428,"leadMs":8,"scheduleSkewMs":71.29848899692297,"schedulingMode":"timeline","audioStartHeadroomMs":-31.758809998631477,"audioStartGuard":"headroom","audioStartCompensationMs":31.758809998631477}
10-12 10:25:38.109 21246 22753 D OutputsAudio: [outputs-audio] stop gain=1.000 release=6.00
10-12 10:25:38.109 21246 22753 D OutputsAudio: [outputs-audio] playMorse.gap sequence=18 nextOffset=6480.000 gapTarget=46913293.336
10-12 10:25:38.109 21246 22753 D OutputsAudio: [outputs-audio] playMorse.dispatch sequence=19 symbol=. offset=6480.000 lead=90.000 dispatchAt=46913203.336
10-12 10:25:38.137 21246 22753 D OutputsAudio: [outputs-audio] start hz=650.0 gain=1.000 attack=2.50 release=6.00
10-12 10:25:38.137 21246 22753 D OutputsAudio: [outputs-audio] playMorse.symbol.start sequence=19 symbol=. expected=46913293.336 actual=46913294.447 skew=1.111 batchElapsed=6481.111
10-12 10:25:38.234 21246 22662 D OutputsAudio: [outputs-audio] symbol.info sequence=19 symbol=. timestamp=46913294.447 duration=120.000 expected=46913293.336 skew=1.111 age=6.619
10-12 10:25:38.235 21246 22662 I ReactNativeJS: [outputs] playMorse.symbol {"timestamp":46913301.31205,"wallClock":1760279138234,"symbol":".","durationMs":120,"index":18,"source":"console.replay","correlationId":"console-replay:prpej8s8","nativeTimestampMs":46913294.447,"nativeDurationMs":120,"nativeOffsetMs":6.77572700381279,"nativeSequence":19,"monotonicTimestampMs":46913294.447,"nativeExpectedTimestampMs":46913293.336,"nativeStartSkewMs":1.111,"nativeBatchElapsedMs":6481.111,"nativeExpectedSincePriorMs":480,"nativeSincePriorMs":479.258,"nativePatternStartMs":46906813.336,"nativeAgeMs":6.619}
10-12 10:25:38.236 21246 22662 I ReactNativeJS: [outputs] playMorse.symbol {"timestamp":46913302.290123,"wallClock":1760279138235,"symbol":".","durationMs":120,"index":18,"source":"console.replay","correlationId":"console-replay:mgnsqzsrgayg9z89","nativeTimestampMs":46913294.447,"nativeDurationMs":120,"nativeOffsetMs":6.77572700381279,"nativeSequence":19,"monotonicTimestampMs":46913294.447,"nativeExpectedTimestampMs":46913293.336,"nativeStartSkewMs":1.111,"nativeBatchElapsedMs":6481.111,"nativeExpectedSincePriorMs":480,"nativeSincePriorMs":479.258,"nativePatternStartMs":46906813.336,"nativeAgeMs":6.619}
10-12 10:25:38.236 21246 22662 I ReactNativeJS: [outputs] outputs.hapticSymbol {"timestamp":46913302.91356,"wallClock":1760279138236,"enabled":true,"symbol":".","durationMs":120,"platform":"android","source":"console.replay","correlationId":"console-replay:mgnsqzsrgayg9z89","timelineOffsetMs":null}
10-12 10:25:38.237 21246 22662 I ReactNativeJS: [outputs] outputs.flashPulse {"timestamp":46913303.796946,"wallClock":1760279138237,"enabled":true,"durationMs":120,"source":"console.replay","correlationId":"console-replay:mgnsqzsrgayg9z89","timelineOffsetMs":6.77572700381279,"schedulingMode":"timeline","audioStartHeadroomMs":-18.444486998021603,"audioStartGuard":"headroom","audioStartCompensationMs":18.444486998021603}
10-12 10:25:38.308 21246 22662 I ReactNativeJS: [outputs] outputs.flashPulse.commit {"timestamp":46913374.373143,"wallClock":1760279138307,"durationMs":120,"source":"console.replay","correlationId":"console-replay:mgnsqzsrgayg9z89","latencyMs":73.14182300120592,"timelineOffsetMs":6.77572700381279,"leadMs":8,"scheduleSkewMs":70.58130200207233,"schedulingMode":"timeline","audioStartHeadroomMs":-18.444486998021603,"audioStartGuard":"headroom","audioStartCompensationMs":18.444486998021603}
10-12 10:25:38.348 21246 22753 D OutputsAudio: [outputs-audio] stop gain=1.000 release=6.00
10-12 10:25:38.348 21246 22753 D OutputsAudio: [outputs-audio] playMorse.gap sequence=19 nextOffset=6720.000 gapTarget=46913533.336
10-12 10:25:38.348 21246 22753 D OutputsAudio: [outputs-audio] playMorse.dispatch sequence=20 symbol=. offset=6720.000 lead=90.000 dispatchAt=46913443.336
10-12 10:25:38.377 21246 22753 D OutputsAudio: [outputs-audio] start hz=650.0 gain=1.000 attack=2.50 release=6.00
10-12 10:25:38.377 21246 22753 D OutputsAudio: [outputs-audio] playMorse.symbol.start sequence=20 symbol=. expected=46913533.336 actual=46913533.715 skew=0.379 batchElapsed=6720.379
10-12 10:25:38.485 21246 22662 D OutputsAudio: [outputs-audio] symbol.info sequence=20 symbol=. timestamp=46913533.715 duration=120.000 expected=46913533.336 skew=0.379 age=18.525
10-12 10:25:38.488 21246 22662 I ReactNativeJS: [outputs] playMorse.symbol {"timestamp":46913552.488508,"wallClock":1760279138485,"symbol":".","durationMs":120,"index":19,"source":"console.replay","correlationId":"console-replay:7hxqmcxl","nativeTimestampMs":46913533.715,"nativeDurationMs":120,"nativeOffsetMs":18.679653994739056,"nativeSequence":20,"monotonicTimestampMs":46913533.715,"nativeExpectedTimestampMs":46913533.336,"nativeStartSkewMs":0.379,"nativeBatchElapsedMs":6720.379,"nativeExpectedSincePriorMs":240,"nativeSincePriorMs":239.268,"nativePatternStartMs":46906813.336,"nativeAgeMs":18.525}
10-12 10:25:38.489 21246 22662 I ReactNativeJS: [outputs] playMorse.symbol {"timestamp":46913555.317154,"wallClock":1760279138488,"symbol":".","durationMs":120,"index":19,"source":"console.replay","correlationId":"console-replay:mgnsqzzs4ygcpm14","nativeTimestampMs":46913533.715,"nativeDurationMs":120,"nativeOffsetMs":18.679653994739056,"nativeSequence":20,"monotonicTimestampMs":46913533.715,"nativeExpectedTimestampMs":46913533.336,"nativeStartSkewMs":0.379,"nativeBatchElapsedMs":6720.379,"nativeExpectedSincePriorMs":240,"nativeSincePriorMs":239.268,"nativePatternStartMs":46906813.336,"nativeAgeMs":18.525}
10-12 10:25:38.490 21246 22662 I ReactNativeJS: [outputs] outputs.hapticSymbol {"timestamp":46913556.558612,"wallClock":1760279138489,"enabled":true,"symbol":".","durationMs":120,"platform":"android","source":"console.replay","correlationId":"console-replay:mgnsqzzs4ygcpm14","timelineOffsetMs":null}
10-12 10:25:38.494 21246 22662 I ReactNativeJS: [outputs] outputs.flashPulse {"timestamp":46913559.739498,"wallClock":1760279138493,"enabled":true,"durationMs":120,"source":"console.replay","correlationId":"console-replay:mgnsqzzs4ygcpm14","timelineOffsetMs":18.679653994739056,"schedulingMode":"timeline","audioStartHeadroomMs":-34.38417499512434,"audioStartGuard":"headroom","audioStartCompensationMs":34.38417499512434}
10-12 10:25:38.570 21246 22662 I ReactNativeJS: [outputs] outputs.flashPulse.commit {"timestamp":46913636.340643,"wallClock":1760279138569,"durationMs":120,"source":"console.replay","correlationId":"console-replay:mgnsqzzs4ygcpm14","latencyMs":83.9369790032506,"timelineOffsetMs":18.679653994739056,"leadMs":8,"scheduleSkewMs":76.60822900384665,"schedulingMode":"timeline","audioStartHeadroomMs":-34.38417499512434,"audioStartGuard":"headroom","audioStartCompensationMs":34.38417499512434}
10-12 10:25:38.587 21246 22753 D OutputsAudio: [outputs-audio] stop gain=1.000 release=6.00
10-12 10:25:38.587 21246 22753 D OutputsAudio: [outputs-audio] playMorse.gap sequence=20 nextOffset=6960.000 gapTarget=46913773.336
10-12 10:25:38.587 21246 22753 D OutputsAudio: [outputs-audio] playMorse.dispatch sequence=21 symbol=. offset=6960.000 lead=90.000 dispatchAt=46913683.336
10-12 10:25:38.616 21246 22753 D OutputsAudio: [outputs-audio] start hz=650.0 gain=1.000 attack=2.50 release=6.00
10-12 10:25:38.617 21246 22753 D OutputsAudio: [outputs-audio] playMorse.symbol.start sequence=21 symbol=. expected=46913773.336 actual=46913773.830 skew=0.493 batchElapsed=6960.493
10-12 10:25:38.708 21246 22662 D OutputsAudio: [outputs-audio] symbol.info sequence=21 symbol=. timestamp=46913773.830 duration=120.000 expected=46913773.336 skew=0.493 age=1.405
10-12 10:25:38.709 21246 22662 I ReactNativeJS: [outputs] playMorse.symbol {"timestamp":46913775.41205,"wallClock":1760279138708,"symbol":".","durationMs":120,"index":20,"source":"console.replay","correlationId":"console-replay:yo7hbsls","nativeTimestampMs":46913773.83,"nativeDurationMs":120,"nativeOffsetMs":1.5184560045599937,"nativeSequence":21,"monotonicTimestampMs":46913773.83,"nativeExpectedTimestampMs":46913773.336,"nativeStartSkewMs":0.493,"nativeBatchElapsedMs":6960.493,"nativeExpectedSincePriorMs":240,"nativeSincePriorMs":240.115,"nativePatternStartMs":46906813.336,"nativeAgeMs":1.405}
10-12 10:25:38.709 21246 22662 I ReactNativeJS: [outputs] playMorse.symbol {"timestamp":46913776.155383,"wallClock":1760279138709,"symbol":".","durationMs":120,"index":20,"source":"console.replay","correlationId":"console-replay:mgnsr05xcf4bszif","nativeTimestampMs":46913773.83,"nativeDurationMs":120,"nativeOffsetMs":1.5184560045599937,"nativeSequence":21,"monotonicTimestampMs":46913773.83,"nativeExpectedTimestampMs":46913773.336,"nativeStartSkewMs":0.493,"nativeBatchElapsedMs":6960.493,"nativeExpectedSincePriorMs":240,"nativeSincePriorMs":240.115,"nativePatternStartMs":46906813.336,"nativeAgeMs":1.405}
10-12 10:25:38.710 21246 22662 I ReactNativeJS: [outputs] outputs.hapticSymbol {"timestamp":46913776.580227,"wallClock":1760279138709,"enabled":true,"symbol":".","durationMs":120,"platform":"android","source":"console.replay","correlationId":"console-replay:mgnsr05xcf4bszif","timelineOffsetMs":null}
10-12 10:25:38.710 21246 22662 I ReactNativeJS: [outputs] outputs.flashPulse {"timestamp":46913777.190175,"wallClock":1760279138710,"enabled":true,"durationMs":120,"source":"console.replay","correlationId":"console-replay:mgnsr05xcf4bszif","timelineOffsetMs":1.5184560045599937,"schedulingMode":"timeline","audioStartHeadroomMs":-11.842976994812489,"audioStartGuard":"headroom","audioStartCompensationMs":11.842976994812489}
10-12 10:25:38.782 21246 22662 I ReactNativeJS: [outputs] outputs.flashPulse.commit {"timestamp":46913848.917935,"wallClock":1760279138782,"durationMs":120,"source":"console.replay","correlationId":"console-replay:mgnsr05xcf4bszif","latencyMs":73.56015599519014,"timelineOffsetMs":1.5184560045599937,"leadMs":8,"scheduleSkewMs":71.72765599936247,"schedulingMode":"timeline","audioStartHeadroomMs":-11.842976994812489,"audioStartGuard":"headroom","audioStartCompensationMs":11.842976994812489}
10-12 10:25:38.827 21246 22753 D OutputsAudio: [outputs-audio] stop gain=1.000 release=6.00
10-12 10:25:38.827 21246 22753 D OutputsAudio: [outputs-audio] playMorse.gap sequence=21 nextOffset=7200.000 gapTarget=46914013.336
10-12 10:25:38.828 21246 22753 D OutputsAudio: [outputs-audio] playMorse.dispatch sequence=22 symbol=- offset=7200.000 lead=90.000 dispatchAt=46913923.336
10-12 10:25:38.857 21246 22753 D OutputsAudio: [outputs-audio] start hz=650.0 gain=1.000 attack=2.50 release=6.00
10-12 10:25:38.857 21246 22753 D OutputsAudio: [outputs-audio] playMorse.symbol.start sequence=22 symbol=- expected=46914013.336 actual=46914014.254 skew=0.917 batchElapsed=7200.917
10-12 10:25:38.959 21246 22662 D OutputsAudio: [outputs-audio] symbol.info sequence=22 symbol=- timestamp=46914014.254 duration=360.000 expected=46914013.336 skew=0.917 age=12.114
10-12 10:25:38.964 21246 22662 I ReactNativeJS: [outputs] playMorse.symbol {"timestamp":46914026.732883,"wallClock":1760279138960,"symbol":"-","durationMs":360,"index":21,"source":"console.replay","correlationId":"console-replay:6d0atpky","nativeTimestampMs":46914014.254,"nativeDurationMs":360,"nativeOffsetMs":12.334977000951767,"nativeSequence":22,"monotonicTimestampMs":46914014.254,"nativeExpectedTimestampMs":46914013.336,"nativeStartSkewMs":0.917,"nativeBatchElapsedMs":7200.917,"nativeExpectedSincePriorMs":240,"nativeSincePriorMs":240.424,"nativePatternStartMs":46906813.336,"nativeAgeMs":12.114}
10-12 10:25:38.966 21246 22662 I ReactNativeJS: [outputs] playMorse.symbol {"timestamp":46914031.620487,"wallClock":1760279138965,"symbol":"-","durationMs":360,"index":21,"source":"console.replay","correlationId":"console-replay:mgnsr0d01z1x8pqg","nativeTimestampMs":46914014.254,"nativeDurationMs":360,"nativeOffsetMs":12.334977000951767,"nativeSequence":22,"monotonicTimestampMs":46914014.254,"nativeExpectedTimestampMs":46914013.336,"nativeStartSkewMs":0.917,"nativeBatchElapsedMs":7200.917,"nativeExpectedSincePriorMs":240,"nativeSincePriorMs":240.424,"nativePatternStartMs":46906813.336,"nativeAgeMs":12.114}
10-12 10:25:38.967 21246 22662 I ReactNativeJS: [outputs] outputs.hapticSymbol {"timestamp":46914033.169706,"wallClock":1760279138966,"enabled":true,"symbol":"-","durationMs":360,"platform":"android","source":"console.replay","correlationId":"console-replay:mgnsr0d01z1x8pqg","timelineOffsetMs":null}
10-12 10:25:38.967 21246 22662 I ReactNativeJS: [outputs] outputs.flashPulse {"timestamp":46914034.201685,"wallClock":1760279138967,"enabled":true,"durationMs":360,"source":"console.replay","correlationId":"console-replay:mgnsr0d01z1x8pqg","timelineOffsetMs":12.334977000951767,"schedulingMode":"timeline","audioStartHeadroomMs":-28.850580997765064,"audioStartGuard":"headroom","audioStartCompensationMs":28.850580997765064}
10-12 10:25:39.043 21246 22662 I ReactNativeJS: [outputs] outputs.flashPulse.commit {"timestamp":46914109.478872,"wallClock":1760279139042,"durationMs":360,"source":"console.replay","correlationId":"console-replay:mgnsr0d01z1x8pqg","latencyMs":82.8800520002842,"timelineOffsetMs":12.334977000951767,"leadMs":8,"scheduleSkewMs":75.28005199879408,"schedulingMode":"timeline","audioStartHeadroomMs":-28.850580997765064,"audioStartGuard":"headroom","audioStartCompensationMs":28.850580997765064}
10-12 10:25:39.307 21246 22753 D OutputsAudio: [outputs-audio] stop gain=1.000 release=6.00
10-12 10:25:39.308 21246 22753 D OutputsAudio: [outputs-audio] playMorse.gap sequence=22 nextOffset=7680.000 gapTarget=46914493.336
10-12 10:25:39.308 21246 22753 D OutputsAudio: [outputs-audio] playMorse.dispatch sequence=23 symbol=- offset=7680.000 lead=90.000 dispatchAt=46914403.336
10-12 10:25:39.337 21246 22753 D OutputsAudio: [outputs-audio] start hz=650.0 gain=1.000 attack=2.50 release=6.00
10-12 10:25:39.337 21246 22753 D OutputsAudio: [outputs-audio] playMorse.symbol.start sequence=23 symbol=- expected=46914493.336 actual=46914494.354 skew=1.018 batchElapsed=7681.018
10-12 10:25:39.458 21246 22662 D OutputsAudio: [outputs-audio] symbol.info sequence=23 symbol=- timestamp=46914494.354 duration=360.000 expected=46914493.336 skew=1.018 age=31.113
10-12 10:25:39.460 21246 22662 I ReactNativeJS: [outputs] playMorse.symbol {"timestamp":46914525.753768,"wallClock":1760279139459,"symbol":"-","durationMs":360,"index":22,"source":"console.replay","correlationId":"console-replay:al2yx1ck","nativeTimestampMs":46914494.354,"nativeDurationMs":360,"nativeOffsetMs":31.288153000175953,"nativeSequence":23,"monotonicTimestampMs":46914494.354,"nativeExpectedTimestampMs":46914493.336,"nativeStartSkewMs":1.018,"nativeBatchElapsedMs":7681.018,"nativeExpectedSincePriorMs":480,"nativeSincePriorMs":480.1,"nativePatternStartMs":46906813.336,"nativeAgeMs":31.113}
10-12 10:25:39.460 21246 22662 I ReactNativeJS: [outputs] playMorse.symbol {"timestamp":46914526.896893,"wallClock":1760279139460,"symbol":"-","durationMs":360,"index":22,"source":"console.replay","correlationId":"console-replay:mgnsr0qs3lnowi44","nativeTimestampMs":46914494.354,"nativeDurationMs":360,"nativeOffsetMs":31.288153000175953,"nativeSequence":23,"monotonicTimestampMs":46914494.354,"nativeExpectedTimestampMs":46914493.336,"nativeStartSkewMs":1.018,"nativeBatchElapsedMs":7681.018,"nativeExpectedSincePriorMs":480,"nativeSincePriorMs":480.1,"nativePatternStartMs":46906813.336,"nativeAgeMs":31.113}
10-12 10:25:39.461 21246 22662 I ReactNativeJS: [outputs] outputs.hapticSymbol {"timestamp":46914527.581476,"wallClock":1760279139460,"enabled":true,"symbol":"-","durationMs":360,"platform":"android","source":"console.replay","correlationId":"console-replay:mgnsr0qs3lnowi44","timelineOffsetMs":null}
10-12 10:25:39.462 21246 22662 I ReactNativeJS: [outputs] outputs.flashPulse {"timestamp":46914528.726476,"wallClock":1760279139462,"enabled":true,"durationMs":360,"source":"console.replay","correlationId":"console-replay:mgnsr0qs3lnowi44","timelineOffsetMs":31.288153000175953,"schedulingMode":"timeline","audioStartHeadroomMs":-43.368340998888016,"audioStartGuard":"headroom","audioStartCompensationMs":43.368340998888016}
10-12 10:25:39.546 21246 22662 I ReactNativeJS: [outputs] outputs.flashPulse.commit {"timestamp":46914612.638039,"wallClock":1760279139546,"durationMs":360,"source":"console.replay","correlationId":"console-replay:mgnsr0qs3lnowi44","latencyMs":86.98546899855137,"timelineOffsetMs":31.288153000175953,"leadMs":8,"scheduleSkewMs":83.91942699998617,"schedulingMode":"timeline","audioStartHeadroomMs":-43.368340998888016,"audioStartGuard":"headroom","audioStartCompensationMs":43.368340998888016}
10-12 10:25:39.788 21246 22753 D OutputsAudio: [outputs-audio] stop gain=1.000 release=6.00
10-12 10:25:39.789 21246 22753 D OutputsAudio: [outputs-audio] playMorse.gap sequence=23 nextOffset=8160.000 gapTarget=46914973.336
10-12 10:25:39.789 21246 22753 D OutputsAudio: [outputs-audio] playMorse.dispatch sequence=24 symbol=- offset=8160.000 lead=90.000 dispatchAt=46914883.336
10-12 10:25:39.816 21246 22753 D OutputsAudio: [outputs-audio] start hz=650.0 gain=1.000 attack=2.50 release=6.00
10-12 10:25:39.817 21246 22753 D OutputsAudio: [outputs-audio] playMorse.symbol.start sequence=24 symbol=- expected=46914973.336 actual=46914973.578 skew=0.242 batchElapsed=8160.242
10-12 10:25:39.923 21246 22662 D OutputsAudio: [outputs-audio] symbol.info sequence=24 symbol=- timestamp=46914973.578 duration=360.000 expected=46914973.336 skew=0.242 age=16.572
10-12 10:25:39.924 21246 22662 I ReactNativeJS: [outputs] playMorse.symbol {"timestamp":46914990.328612,"wallClock":1760279139923,"symbol":"-","durationMs":360,"index":23,"source":"console.replay","correlationId":"console-replay:dxwn3hoq","nativeTimestampMs":46914973.578,"nativeDurationMs":360,"nativeOffsetMs":16.68436200171709,"nativeSequence":24,"monotonicTimestampMs":46914973.578,"nativeExpectedTimestampMs":46914973.336,"nativeStartSkewMs":0.242,"nativeBatchElapsedMs":8160.242,"nativeExpectedSincePriorMs":480,"nativeSincePriorMs":479.224,"nativePatternStartMs":46906813.336,"nativeAgeMs":16.572}
10-12 10:25:39.924 21246 22662 I ReactNativeJS: [outputs] playMorse.symbol {"timestamp":46914991.096216,"wallClock":1760279139924,"symbol":"-","durationMs":360,"index":23,"source":"console.replay","correlationId":"console-replay:mgnsr13omlbzt1fc","nativeTimestampMs":46914973.578,"nativeDurationMs":360,"nativeOffsetMs":16.68436200171709,"nativeSequence":24,"monotonicTimestampMs":46914973.578,"nativeExpectedTimestampMs":46914973.336,"nativeStartSkewMs":0.242,"nativeBatchElapsedMs":8160.242,"nativeExpectedSincePriorMs":480,"nativeSincePriorMs":479.224,"nativePatternStartMs":46906813.336,"nativeAgeMs":16.572}
10-12 10:25:39.925 21246 22662 I ReactNativeJS: [outputs] outputs.hapticSymbol {"timestamp":46914991.57981,"wallClock":1760279139924,"enabled":true,"symbol":"-","durationMs":360,"platform":"android","source":"console.replay","correlationId":"console-replay:mgnsr13omlbzt1fc","timelineOffsetMs":null}
10-12 10:25:39.926 21246 22662 I ReactNativeJS: [outputs] outputs.flashPulse {"timestamp":46914992.447987,"wallClock":1760279139925,"enabled":true,"durationMs":360,"source":"console.replay","correlationId":"console-replay:mgnsr13omlbzt1fc","timelineOffsetMs":16.68436200171709,"schedulingMode":"timeline","audioStartHeadroomMs":-27.097350999712944,"audioStartGuard":"headroom","audioStartCompensationMs":27.097350999712944}
10-12 10:25:39.996 21246 22662 I ReactNativeJS: [outputs] outputs.flashPulse.commit {"timestamp":46915062.747466,"wallClock":1760279139996,"durationMs":360,"source":"console.replay","correlationId":"console-replay:mgnsr13omlbzt1fc","latencyMs":72.47531199455261,"timelineOffsetMs":16.68436200171709,"leadMs":8,"scheduleSkewMs":70.30161400139332,"schedulingMode":"timeline","audioStartHeadroomMs":-27.097350999712944,"audioStartGuard":"headroom","audioStartCompensationMs":27.097350999712944}
10-12 10:25:40.267 21246 22753 D OutputsAudio: [outputs-audio] stop gain=1.000 release=6.00
10-12 10:25:40.268 21246 22753 D OutputsAudio: [outputs-audio] playMorse.gap sequence=24 nextOffset=8640.000 gapTarget=46915453.336
10-12 10:25:40.268 21246 22753 D OutputsAudio: [outputs-audio] playMorse.dispatch sequence=25 symbol=. offset=8640.000 lead=90.000 dispatchAt=46915363.336
10-12 10:25:40.297 21246 22753 D OutputsAudio: [outputs-audio] start hz=650.0 gain=1.000 attack=2.50 release=6.00
10-12 10:25:40.297 21246 22753 D OutputsAudio: [outputs-audio] playMorse.symbol.start sequence=25 symbol=. expected=46915453.336 actual=46915453.929 skew=0.592 batchElapsed=8640.592
10-12 10:25:40.411 21246 22662 D OutputsAudio: [outputs-audio] symbol.info sequence=25 symbol=. timestamp=46915453.929 duration=120.000 expected=46915453.336 skew=0.592 age=24.037
10-12 10:25:40.413 21246 22662 I ReactNativeJS: [outputs] playMorse.symbol {"timestamp":46915478.332205,"wallClock":1760279140411,"symbol":".","durationMs":120,"index":24,"source":"console.replay","correlationId":"console-replay:j3kmhozg","nativeTimestampMs":46915453.929,"nativeDurationMs":120,"nativeOffsetMs":24.25992400199175,"nativeSequence":25,"monotonicTimestampMs":46915453.929,"nativeExpectedTimestampMs":46915453.336,"nativeStartSkewMs":0.592,"nativeBatchElapsedMs":8640.592,"nativeExpectedSincePriorMs":480,"nativeSincePriorMs":480.351,"nativePatternStartMs":46906813.336,"nativeAgeMs":24.037}
10-12 10:25:40.414 21246 22662 I ReactNativeJS: [outputs] playMorse.symbol {"timestamp":46915480.087778,"wallClock":1760279140413,"symbol":".","durationMs":120,"index":24,"source":"console.replay","correlationId":"console-replay:mgnsr1h9au476bmy","nativeTimestampMs":46915453.929,"nativeDurationMs":120,"nativeOffsetMs":24.25992400199175,"nativeSequence":25,"monotonicTimestampMs":46915453.929,"nativeExpectedTimestampMs":46915453.336,"nativeStartSkewMs":0.592,"nativeBatchElapsedMs":8640.592,"nativeExpectedSincePriorMs":480,"nativeSincePriorMs":480.351,"nativePatternStartMs":46906813.336,"nativeAgeMs":24.037}
10-12 10:25:40.415 21246 22662 I ReactNativeJS: [outputs] outputs.hapticSymbol {"timestamp":46915480.858403,"wallClock":1760279140414,"enabled":true,"symbol":".","durationMs":120,"platform":"android","source":"console.replay","correlationId":"console-replay:mgnsr1h9au476bmy","timelineOffsetMs":null}
10-12 10:25:40.419 21246 22662 I ReactNativeJS: [outputs] outputs.flashPulse {"timestamp":46915484.903247,"wallClock":1760279140418,"enabled":true,"durationMs":120,"source":"console.replay","correlationId":"console-replay:mgnsr1h9au476bmy","timelineOffsetMs":24.25992400199175,"schedulingMode":"timeline","audioStartHeadroomMs":-39.550735995173454,"audioStartGuard":"headroom","audioStartCompensationMs":39.550735995173454}
10-12 10:25:40.498 21246 22662 I ReactNativeJS: [outputs] outputs.flashPulse.commit {"timestamp":46915564.316945,"wallClock":1760279140497,"durationMs":120,"source":"console.replay","correlationId":"console-replay:mgnsr1h9au476bmy","latencyMs":86.11854200065136,"timelineOffsetMs":24.25992400199175,"leadMs":8,"scheduleSkewMs":79.41807299852371,"schedulingMode":"timeline","audioStartHeadroomMs":-39.550735995173454,"audioStartGuard":"headroom","audioStartCompensationMs":39.550735995173454}
10-12 10:25:40.507 21246 22753 D OutputsAudio: [outputs-audio] stop gain=1.000 release=6.00
10-12 10:25:40.507 21246 22753 D OutputsAudio: [outputs-audio] playMorse.gap sequence=25 nextOffset=8880.000 gapTarget=46915693.336
10-12 10:25:40.507 21246 22753 D OutputsAudio: [outputs-audio] playMorse.dispatch sequence=26 symbol=. offset=8880.000 lead=90.000 dispatchAt=46915603.336
10-12 10:25:40.537 21246 22753 D OutputsAudio: [outputs-audio] start hz=650.0 gain=1.000 attack=2.50 release=6.00
10-12 10:25:40.537 21246 22753 D OutputsAudio: [outputs-audio] playMorse.symbol.start sequence=26 symbol=. expected=46915693.336 actual=46915693.797 skew=0.461 batchElapsed=8880.461
10-12 10:25:40.639 21246 22662 D OutputsAudio: [outputs-audio] symbol.info sequence=26 symbol=. timestamp=46915693.797 duration=120.000 expected=46915693.336 skew=0.461 age=12.012
10-12 10:25:40.639 21246 22662 I ReactNativeJS: [outputs] playMorse.symbol {"timestamp":46915705.958976,"wallClock":1760279140639,"symbol":".","durationMs":120,"index":25,"source":"console.replay","correlationId":"console-replay:81ea3gbd","nativeTimestampMs":46915693.797,"nativeDurationMs":120,"nativeOffsetMs":12.109997004270554,"nativeSequence":26,"monotonicTimestampMs":46915693.797,"nativeExpectedTimestampMs":46915693.336,"nativeStartSkewMs":0.461,"nativeBatchElapsedMs":8880.461,"nativeExpectedSincePriorMs":240,"nativeSincePriorMs":239.868,"nativePatternStartMs":46906813.336,"nativeAgeMs":12.012}
10-12 10:25:40.640 21246 22662 I ReactNativeJS: [outputs] playMorse.symbol {"timestamp":46915706.536945,"wallClock":1760279140639,"symbol":".","durationMs":120,"index":25,"source":"console.replay","correlationId":"console-replay:mgnsr1nj26uxsett","nativeTimestampMs":46915693.797,"nativeDurationMs":120,"nativeOffsetMs":12.109997004270554,"nativeSequence":26,"monotonicTimestampMs":46915693.797,"nativeExpectedTimestampMs":46915693.336,"nativeStartSkewMs":0.461,"nativeBatchElapsedMs":8880.461,"nativeExpectedSincePriorMs":240,"nativeSincePriorMs":239.868,"nativePatternStartMs":46906813.336,"nativeAgeMs":12.012}
10-12 10:25:40.640 21246 22662 I ReactNativeJS: [outputs] outputs.hapticSymbol {"timestamp":46915706.861736,"wallClock":1760279140640,"enabled":true,"symbol":".","durationMs":120,"platform":"android","source":"console.replay","correlationId":"console-replay:mgnsr1nj26uxsett","timelineOffsetMs":null}
10-12 10:25:40.641 21246 22662 I ReactNativeJS: [outputs] outputs.flashPulse {"timestamp":46915707.374809,"wallClock":1760279140640,"enabled":true,"durationMs":120,"source":"console.replay","correlationId":"console-replay:mgnsr1nj26uxsett","timelineOffsetMs":12.109997004270554,"schedulingMode":"timeline","audioStartHeadroomMs":-22.028079994022846,"audioStartGuard":"headroom","audioStartCompensationMs":22.028079994022846}
10-12 10:25:40.709 21246 22662 I ReactNativeJS: [outputs] outputs.flashPulse.commit {"timestamp":46915775.797622,"wallClock":1760279140709,"durationMs":120,"source":"console.replay","correlationId":"console-replay:mgnsr1nj26uxsett","latencyMs":69.8828120008111,"timelineOffsetMs":12.109997004270554,"leadMs":8,"scheduleSkewMs":68.42416600137949,"schedulingMode":"timeline","audioStartHeadroomMs":-22.028079994022846,"audioStartGuard":"headroom","audioStartCompensationMs":22.028079994022846}
10-12 10:25:40.747 21246 22753 D OutputsAudio: [outputs-audio] stop gain=1.000 release=6.00
10-12 10:25:40.747 21246 22753 D OutputsAudio: [outputs-audio] playMorse.gap sequence=26 nextOffset=9120.000 gapTarget=46915933.336
10-12 10:25:40.747 21246 22753 D OutputsAudio: [outputs-audio] playMorse.dispatch sequence=27 symbol=. offset=9120.000 lead=90.000 dispatchAt=46915843.336
10-12 10:25:40.777 21246 22753 D OutputsAudio: [outputs-audio] start hz=650.0 gain=1.000 attack=2.50 release=6.00
10-12 10:25:40.777 21246 22753 D OutputsAudio: [outputs-audio] playMorse.symbol.start sequence=27 symbol=. expected=46915933.336 actual=46915934.141 skew=0.805 batchElapsed=9120.805
10-12 10:25:40.882 21246 22662 D OutputsAudio: [outputs-audio] symbol.info sequence=27 symbol=. timestamp=46915934.141 duration=120.000 expected=46915933.336 skew=0.805 age=14.850
10-12 10:25:40.884 21246 22662 I ReactNativeJS: [outputs] playMorse.symbol {"timestamp":46915949.21434,"wallClock":1760279140882,"symbol":".","durationMs":120,"index":26,"source":"console.replay","correlationId":"console-replay:lph6zlzf","nativeTimestampMs":46915934.141,"nativeDurationMs":120,"nativeOffsetMs":14.9850590005517,"nativeSequence":27,"monotonicTimestampMs":46915934.141,"nativeExpectedTimestampMs":46915933.336,"nativeStartSkewMs":0.805,"nativeBatchElapsedMs":9120.805,"nativeExpectedSincePriorMs":240,"nativeSincePriorMs":240.344,"nativePatternStartMs":46906813.336,"nativeAgeMs":14.85}
10-12 10:25:40.886 21246 22662 I ReactNativeJS: [outputs] playMorse.symbol {"timestamp":46915951.631736,"wallClock":1760279140885,"symbol":".","durationMs":120,"index":26,"source":"console.replay","correlationId":"console-replay:mgnsr1udei66qsdf","nativeTimestampMs":46915934.141,"nativeDurationMs":120,"nativeOffsetMs":14.9850590005517,"nativeSequence":27,"monotonicTimestampMs":46915934.141,"nativeExpectedTimestampMs":46915933.336,"nativeStartSkewMs":0.805,"nativeBatchElapsedMs":9120.805,"nativeExpectedSincePriorMs":240,"nativeSincePriorMs":240.344,"nativePatternStartMs":46906813.336,"nativeAgeMs":14.85}
10-12 10:25:40.887 21246 22662 I ReactNativeJS: [outputs] outputs.hapticSymbol {"timestamp":46915952.887049,"wallClock":1760279140886,"enabled":true,"symbol":".","durationMs":120,"platform":"android","source":"console.replay","correlationId":"console-replay:mgnsr1udei66qsdf","timelineOffsetMs":null}
10-12 10:25:40.890 21246 22662 I ReactNativeJS: [outputs] outputs.flashPulse {"timestamp":46915956.130903,"wallClock":1760279140889,"enabled":true,"durationMs":120,"source":"console.replay","correlationId":"console-replay:mgnsr1udei66qsdf","timelineOffsetMs":14.9850590005517,"schedulingMode":"timeline","audioStartHeadroomMs":-30.777923993766308,"audioStartGuard":"headroom","audioStartCompensationMs":30.777923993766308}
10-12 10:25:40.963 21246 22662 I ReactNativeJS: [outputs] outputs.flashPulse.commit {"timestamp":46916029.499809,"wallClock":1760279140962,"durationMs":120,"source":"console.replay","correlationId":"console-replay:mgnsr1udei66qsdf","latencyMs":80.36458300054073,"timelineOffsetMs":14.9850590005517,"leadMs":8,"scheduleSkewMs":73.37380200624466,"schedulingMode":"timeline","audioStartHeadroomMs":-30.777923993766308,"audioStartGuard":"headroom","audioStartCompensationMs":30.777923993766308}
10-12 10:25:40.988 21246 22753 D OutputsAudio: [outputs-audio] stop gain=1.000 release=6.00
10-12 10:25:40.988 21246 22753 D OutputsAudio: [outputs-audio] stop gain=1.000 release=6.00
10-12 10:25:40.988 21246 22753 D OutputsAudio: [outputs-audio] playMorse.end cancelled=0
10-12 10:25:41.016 21246 22662 I ReactNativeJS: [outputs] playMorse.complete {"timestamp":46916082.631424,"wallClock":1760279141016,"durationMs":10026.100100003183,"source":"console.replay","audioEnabled":true,"audioVolumePercent":100}
10-12 10:25:43.209 21246 22662 I ReactNativeJS: [outputs] playMorse.start {"timestamp":46918275.42111,"wallClock":1760279143208,"unitMs":80,"length":29,"source":"console.replay","audioEnabled":true,"audioVolumePercent":100}
10-12 10:25:43.747 21246 22662 D OutputsAudio: [outputs-audio] warmup hz=650.0
10-12 10:25:43.748 21246 22802 D OutputsAudio: [outputs-audio] playMorse.start count=27 unit=80.0
10-12 10:25:43.748 21246 22802 D OutputsAudio: [outputs-audio] playMorse.dispatch sequence=1 symbol=. offset=0.000 lead=0.000 dispatchAt=46918814.621
10-12 10:25:43.748 21246 22802 D OutputsAudio: [outputs-audio] start hz=650.0 gain=1.000 attack=2.50 release=6.00
10-12 10:25:43.748 21246 22802 D OutputsAudio: [outputs-audio] playMorse.symbol.start sequence=1 symbol=. expected=46918814.621 actual=46918815.335 skew=0.714 batchElapsed=0.714
10-12 10:25:43.796 21246 22662 D OutputsAudio: [outputs-audio] symbol.info sequence=1 symbol=. timestamp=46918815.335 duration=80.000 expected=46918814.621 skew=0.714 age=47.385
10-12 10:25:43.798 21246 22662 I ReactNativeJS: [outputs] playMorse.symbol {"timestamp":46918863.144183,"wallClock":1760279143796,"symbol":".","durationMs":80,"index":0,"source":"console.replay","correlationId":"console-replay:zffoppt9","nativeTimestampMs":46918815.335,"nativeDurationMs":80,"nativeOffsetMs":47.64324600249529,"nativeSequence":1,"monotonicTimestampMs":46918815.335,"nativeExpectedTimestampMs":46918814.621,"nativeStartSkewMs":0.714,"nativeBatchElapsedMs":0.714,"nativeExpectedSincePriorMs":0,"nativeSincePriorMs":0,"nativePatternStartMs":46918814.621,"nativeAgeMs":47.385}
10-12 10:25:43.799 21246 22662 I ReactNativeJS: [outputs] playMorse.symbol {"timestamp":46918865.225225,"wallClock":1760279143798,"symbol":".","durationMs":80,"index":0,"source":"console.replay","correlationId":"console-replay:mgnsr43a5t931fu8","nativeTimestampMs":46918815.335,"nativeDurationMs":80,"nativeOffsetMs":47.64324600249529,"nativeSequence":1,"monotonicTimestampMs":46918815.335,"nativeExpectedTimestampMs":46918814.621,"nativeStartSkewMs":0.714,"nativeBatchElapsedMs":0.714,"nativeExpectedSincePriorMs":0,"nativeSincePriorMs":0,"nativePatternStartMs":46918814.621,"nativeAgeMs":47.385}
10-12 10:25:43.800 21246 22662 I ReactNativeJS: [outputs] outputs.hapticSymbol {"timestamp":46918866.393923,"wallClock":1760279143799,"enabled":true,"symbol":".","durationMs":80,"platform":"android","source":"console.replay","correlationId":"console-replay:mgnsr43a5t931fu8","timelineOffsetMs":null}
10-12 10:25:43.802 21246 22662 I ReactNativeJS: [outputs] outputs.flashPulse {"timestamp":46918868.383402,"wallClock":1760279143801,"enabled":true,"durationMs":80,"source":"console.replay","correlationId":"console-replay:mgnsr43a5t931fu8","timelineOffsetMs":47.64324600249529,"schedulingMode":"timeline","audioStartHeadroomMs":-61.729745998978615,"audioStartGuard":"headroom","audioStartCompensationMs":61.729745998978615}
10-12 10:25:43.829 21246 22802 D OutputsAudio: [outputs-audio] stop gain=1.000 release=6.00
10-12 10:25:43.829 21246 22802 D OutputsAudio: [outputs-audio] playMorse.gap sequence=1 nextOffset=160.000 gapTarget=46918974.621
10-12 10:25:43.829 21246 22802 D OutputsAudio: [outputs-audio] playMorse.dispatch sequence=2 symbol=. offset=160.000 lead=90.000 dispatchAt=46918884.621
10-12 10:25:43.829 21246 22802 D OutputsAudio: [outputs-audio] start hz=650.0 gain=1.000 attack=2.50 release=6.00
10-12 10:25:43.829 21246 22802 D OutputsAudio: [outputs-audio] playMorse.symbol.start sequence=2 symbol=. expected=46918974.621 actual=46918985.851 skew=11.230 batchElapsed=171.230
10-12 10:25:43.891 21246 22662 I ReactNativeJS: [outputs] outputs.flashPulse.commit {"timestamp":46918957.893402,"wallClock":1760279143891,"durationMs":80,"source":"console.replay","correlationId":"console-replay:mgnsr43a5t931fu8","latencyMs":94.90614499896765,"timelineOffsetMs":47.64324600249529,"leadMs":8,"scheduleSkewMs":89.52828100323677,"schedulingMode":"timeline","audioStartHeadroomMs":-61.729745998978615,"audioStartGuard":"headroom","audioStartCompensationMs":61.729745998978615}
10-12 10:25:43.944 21246 22662 D OutputsAudio: [outputs-audio] symbol.info sequence=2 symbol=. timestamp=46918985.851 duration=80.000 expected=46918974.621 skew=11.230 age=25.193
10-12 10:25:43.945 21246 22662 I ReactNativeJS: [outputs] playMorse.symbol {"timestamp":46919011.181631,"wallClock":1760279143944,"symbol":".","durationMs":80,"index":1,"source":"console.replay","correlationId":"console-replay:46p3ngnd","nativeTimestampMs":46918985.851,"nativeDurationMs":80,"nativeOffsetMs":25.2807349935174,"nativeSequence":2,"monotonicTimestampMs":46918985.851,"nativeExpectedTimestampMs":46918974.621,"nativeStartSkewMs":11.23,"nativeBatchElapsedMs":171.23,"nativeExpectedSincePriorMs":160,"nativeSincePriorMs":170.516,"nativePatternStartMs":46918814.621,"nativeAgeMs":25.193}
10-12 10:25:43.945 21246 22662 I ReactNativeJS: [outputs] playMorse.symbol {"timestamp":46919011.711214,"wallClock":1760279143945,"symbol":".","durationMs":80,"index":1,"source":"console.replay","correlationId":"console-replay:mgnsr47dambvc45p","nativeTimestampMs":46918985.851,"nativeDurationMs":80,"nativeOffsetMs":25.2807349935174,"nativeSequence":2,"monotonicTimestampMs":46918985.851,"nativeExpectedTimestampMs":46918974.621,"nativeStartSkewMs":11.23,"nativeBatchElapsedMs":171.23,"nativeExpectedSincePriorMs":160,"nativeSincePriorMs":170.516,"nativePatternStartMs":46918814.621,"nativeAgeMs":25.193}
10-12 10:25:43.945 21246 22662 I ReactNativeJS: [outputs] outputs.hapticSymbol {"timestamp":46919012.086006,"wallClock":1760279143945,"enabled":true,"symbol":".","durationMs":80,"platform":"android","source":"console.replay","correlationId":"console-replay:mgnsr47dambvc45p","timelineOffsetMs":null}
10-12 10:25:43.946 21246 22662 I ReactNativeJS: [outputs] outputs.flashPulse {"timestamp":46919012.603766,"wallClock":1760279143946,"enabled":true,"durationMs":80,"source":"console.replay","correlationId":"console-replay:mgnsr47dambvc45p","timelineOffsetMs":25.2807349935174,"schedulingMode":"timeline","audioStartHeadroomMs":-45.97386000305414,"audioStartGuard":"headroom","audioStartCompensationMs":45.97386000305414}
10-12 10:25:43.999 21246 22802 D OutputsAudio: [outputs-audio] stop gain=1.000 release=6.00
10-12 10:25:43.999 21246 22802 D OutputsAudio: [outputs-audio] playMorse.gap sequence=2 nextOffset=320.000 gapTarget=46919134.621
10-12 10:25:43.999 21246 22802 D OutputsAudio: [outputs-audio] playMorse.dispatch sequence=3 symbol=. offset=320.000 lead=90.000 dispatchAt=46919044.621
10-12 10:25:43.999 21246 22802 D OutputsAudio: [outputs-audio] start hz=650.0 gain=1.000 attack=2.50 release=6.00
10-12 10:25:43.999 21246 22802 D OutputsAudio: [outputs-audio] playMorse.symbol.start sequence=3 symbol=. expected=46919134.621 actual=46919156.246 skew=21.625 batchElapsed=341.625
10-12 10:25:44.022 21246 22662 I ReactNativeJS: [outputs] outputs.flashPulse.commit {"timestamp":46919088.813454,"wallClock":1760279144022,"durationMs":80,"source":"console.replay","correlationId":"console-replay:mgnsr47dambvc45p","latencyMs":77.67328100651503,"timelineOffsetMs":25.2807349935174,"leadMs":8,"scheduleSkewMs":76.20848900079727,"schedulingMode":"timeline","audioStartHeadroomMs":-45.97386000305414,"audioStartGuard":"headroom","audioStartCompensationMs":45.97386000305414}
10-12 10:25:44.083 21246 22662 D OutputsAudio: [outputs-audio] symbol.info sequence=3 symbol=. timestamp=46919156.246 duration=80.000 expected=46919134.621 skew=21.625 age=0.000
10-12 10:25:44.083 21246 22662 I ReactNativeJS: [outputs] playMorse.symbol {"timestamp":46919149.922933,"wallClock":1760279144083,"symbol":".","durationMs":80,"index":2,"source":"console.replay","correlationId":"console-replay:4rh5btt5","nativeTimestampMs":46919156.246,"nativeDurationMs":80,"nativeOffsetMs":-6.370931997895241,"nativeSequence":3,"monotonicTimestampMs":46919156.246,"nativeExpectedTimestampMs":46919134.621,"nativeStartSkewMs":21.625,"nativeBatchElapsedMs":341.625,"nativeExpectedSincePriorMs":160,"nativeSincePriorMs":170.395,"nativePatternStartMs":46918814.621,"nativeAgeMs":0}
10-12 10:25:44.084 21246 22662 I ReactNativeJS: [outputs] playMorse.symbol {"timestamp":46919150.427308,"wallClock":1760279144083,"symbol":".","durationMs":80,"index":2,"source":"console.replay","correlationId":"console-replay:mgnsr4b7vs5ja9ds","nativeTimestampMs":46919156.246,"nativeDurationMs":80,"nativeOffsetMs":-6.370931997895241,"nativeSequence":3,"monotonicTimestampMs":46919156.246,"nativeExpectedTimestampMs":46919134.621,"nativeStartSkewMs":21.625,"nativeBatchElapsedMs":341.625,"nativeExpectedSincePriorMs":160,"nativeSincePriorMs":170.395,"nativePatternStartMs":46918814.621,"nativeAgeMs":0}
10-12 10:25:44.143 21246 22662 I ReactNativeJS: [outputs] outputs.hapticSymbol {"timestamp":46919210.036162,"wallClock":1760279144143,"enabled":true,"symbol":".","durationMs":80,"platform":"android","source":"console.replay","correlationId":"console-replay:mgnsr4b7vs5ja9ds","timelineOffsetMs":null}
10-12 10:25:44.144 21246 22662 I ReactNativeJS: [outputs] outputs.flashPulse {"timestamp":46919210.636162,"wallClock":1760279144144,"enabled":true,"durationMs":80,"source":"console.replay","correlationId":"console-replay:mgnsr4b7vs5ja9ds","timelineOffsetMs":-6.370931997895241,"schedulingMode":"timeline","audioStartHeadroomMs":-84.00516200065613,"audioStartGuard":"headroom","audioStartCompensationMs":84.00516200065613}
10-12 10:25:44.170 21246 22802 D OutputsAudio: [outputs-audio] stop gain=1.000 release=6.00
10-12 10:25:44.170 21246 22802 D OutputsAudio: [outputs-audio] playMorse.gap sequence=3 nextOffset=480.000 gapTarget=46919294.621
10-12 10:25:44.170 21246 22802 D OutputsAudio: [outputs-audio] playMorse.dispatch sequence=4 symbol=- offset=480.000 lead=90.000 dispatchAt=46919204.621
10-12 10:25:44.170 21246 22802 D OutputsAudio: [outputs-audio] start hz=650.0 gain=1.000 attack=2.50 release=6.00
10-12 10:25:44.170 21246 22802 D OutputsAudio: [outputs-audio] playMorse.symbol.start sequence=4 symbol=- expected=46919294.621 actual=46919327.379 skew=32.759 batchElapsed=512.759
