10-11 15:00:07.958 21612 21675 I ReactNativeJS: [outputs] outputs.flashPulse.commit {"timestamp":10231479.119845,"wallClock":1760209207957,"durationMs":34,"source":"console.replay","correlationId":"console-replay:mgmn457d8x474d14","latencyMs":60.4672389999032,"timelineOffsetMs":11.842970000579953}
10-11 15:00:07.988 21612 25989 D OutputsAudio: [outputs-audio] stop gain=1.000 release=6.00
10-11 15:00:08.023 21612 25989 D OutputsAudio: [outputs-audio] start hz=700.0 gain=1.000 attack=2.50 release=6.00
10-11 15:00:08.043 21612 21675 D OutputsAudio: [outputs-audio] symbol.info sequence=19 symbol=. timestamp=10231544.698 duration=34.000
10-11 15:00:08.044 21612 21675 I ReactNativeJS: [outputs] playMorse.symbol {"timestamp":10231564.871772,"wallClock":1760209208043,"symbol":"-","durationMs":102,"index":15,"source":"console.replay","correlationId":"console-replay:mgmn45bfzj5u9hqx","nativeTimestampMs":10231544.698,"nativeDurationMs":34,"nativeOffsetMs":20.090802999213338,"nativeSequence":19,"monotonicTimestampMs":10231544.698}
10-11 15:00:08.045 21612 21675 I ReactNativeJS: [outputs] outputs.hapticSymbol {"timestamp":10231565.704845,"wallClock":1760209208044,"enabled":true,"symbol":"-","durationMs":102,"platform":"android","source":"console.replay","correlationId":"console-replay:mgmn45bfzj5u9hqx","timelineOffsetMs":20.090802999213338}
10-11 15:00:08.051 21612 21675 I ReactNativeJS: [outputs] outputs.flashPulse {"timestamp":10231572.05172,"wallClock":1760209208050,"enabled":true,"durationMs":102,"source":"console.replay","correlationId":"console-replay:mgmn45bfzj5u9hqx","timelineOffsetMs":20.090802999213338}
10-11 15:00:08.058 21612 25989 D OutputsAudio: [outputs-audio] stop gain=1.000 release=6.00
10-11 15:00:08.093 21612 25989 D OutputsAudio: [outputs-audio] start hz=700.0 gain=1.000 attack=2.50 release=6.00
10-11 15:00:08.107 21612 21675 I ReactNativeJS: [outputs] outputs.flashPulse.commit {"timestamp":10231628.65948,"wallClock":1760209208107,"durationMs":102,"source":"console.replay","correlationId":"console-replay:mgmn45bfzj5u9hqx","latencyMs":63.86593800038099,"timelineOffsetMs":20.090802999213338}
10-11 15:00:08.128 21612 25989 D OutputsAudio: [outputs-audio] stop gain=1.000 release=6.00
10-11 15:00:08.157 21612 21675 D OutputsAudio: [outputs-audio] symbol.info sequence=20 symbol=. timestamp=10231614.552 duration=34.000
10-11 15:00:08.158 21612 21675 I ReactNativeJS: [outputs] playMorse.symbol {"timestamp":10231679.168699,"wallClock":1760209208158,"symbol":"-","durationMs":102,"index":16,"source":"console.replay","correlationId":"console-replay:mgmn45emj9cr36km","nativeTimestampMs":10231614.552,"nativeDurationMs":34,"nativeOffsetMs":64.56487600132823,"nativeSequence":20,"monotonicTimestampMs":10231614.552}
10-11 15:00:08.158 21612 21675 I ReactNativeJS: [outputs] outputs.hapticSymbol {"timestamp":10231679.661251,"wallClock":1760209208158,"enabled":true,"symbol":"-","durationMs":102,"platform":"android","source":"console.replay","correlationId":"console-replay:mgmn45emj9cr36km","timelineOffsetMs":64.56487600132823}
10-11 15:00:08.159 21612 21675 I ReactNativeJS: [outputs] outputs.flashPulse {"timestamp":10231680.434689,"wallClock":1760209208159,"enabled":true,"durationMs":102,"source":"console.replay","correlationId":"console-replay:mgmn45emj9cr36km","timelineOffsetMs":64.56487600132823}
10-11 15:00:08.163 21612 25989 D OutputsAudio: [outputs-audio] start hz=700.0 gain=1.000 attack=2.50 release=6.00
10-11 15:00:08.197 21612 25989 D OutputsAudio: [outputs-audio] stop gain=1.000 release=6.00
10-11 15:00:08.215 21612 21675 D OutputsAudio: [outputs-audio] symbol.info sequence=21 symbol=. timestamp=10231684.391 duration=34.000
10-11 15:00:08.216 21612 21675 I ReactNativeJS: [outputs] playMorse.symbol {"timestamp":10231737.102918,"wallClock":1760209208215,"symbol":"-","durationMs":102,"index":17,"source":"console.replay","correlationId":"console-replay:mgmn45g7phu57h9y","nativeTimestampMs":10231684.391,"nativeDurationMs":34,"nativeOffsetMs":52.66702199913561,"nativeSequence":21,"monotonicTimestampMs":10231684.391}
10-11 15:00:08.216 21612 21675 I ReactNativeJS: [outputs] outputs.hapticSymbol {"timestamp":10231737.546407,"wallClock":1760209208216,"enabled":true,"symbol":"-","durationMs":102,"platform":"android","source":"console.replay","correlationId":"console-replay:mgmn45g7phu57h9y","timelineOffsetMs":52.66702199913561}
10-11 15:00:08.217 21612 21675 I ReactNativeJS: [outputs] outputs.flashPulse {"timestamp":10231738.251616,"wallClock":1760209208217,"enabled":true,"durationMs":102,"source":"console.replay","correlationId":"console-replay:mgmn45g7phu57h9y","timelineOffsetMs":52.66702199913561}
10-11 15:00:08.233 21612 25989 D OutputsAudio: [outputs-audio] start hz=700.0 gain=1.000 attack=2.50 release=6.00
10-11 15:00:08.273 21612 21675 I ReactNativeJS: [outputs] outputs.flashPulse.commit {"timestamp":10231794.715938,"wallClock":1760209208273,"durationMs":102,"source":"console.replay","correlationId":"console-replay:mgmn45emj9cr36km","latencyMs":115.59458299912512,"timelineOffsetMs":64.56487600132823}
10-11 15:00:08.323 21612 21675 I ReactNativeJS: [outputs] outputs.flashPulse.commit {"timestamp":10231844.717293,"wallClock":1760209208323,"durationMs":102,"source":"console.replay","correlationId":"console-replay:mgmn45g7phu57h9y","latencyMs":107.65499999932945,"timelineOffsetMs":52.66702199913561}
10-11 15:00:08.336 21612 25989 D OutputsAudio: [outputs-audio] stop gain=1.000 release=6.00
10-11 15:00:08.370 21612 25989 D OutputsAudio: [outputs-audio] start hz=700.0 gain=1.000 attack=2.50 release=6.00
10-11 15:00:08.373 21612 21675 D OutputsAudio: [outputs-audio] symbol.info sequence=23 symbol=- timestamp=10231892.278 duration=102.000
10-11 15:00:08.374 21612 21675 W ReactNativeJS: '[outputs-audio] native sequence jump', { previous: 21, next: 23, delta: 2 }
10-11 15:00:08.374 21612 21675 I ReactNativeJS: [outputs] playMorse.symbol {"timestamp":10231895.247397,"wallClock":1760209208374,"symbol":".","durationMs":34,"index":18,"source":"console.replay","correlationId":"console-replay:mgmn45km09au4gwr","nativeTimestampMs":10231892.278,"nativeDurationMs":102,"nativeOffsetMs":2.934552999213338,"nativeSequence":23,"monotonicTimestampMs":10231892.278}
10-11 15:00:08.374 21612 21675 I ReactNativeJS: [outputs] outputs.hapticSymbol {"timestamp":10231895.631095,"wallClock":1760209208374,"enabled":true,"symbol":".","durationMs":34,"platform":"android","source":"console.replay","correlationId":"console-replay:mgmn45km09au4gwr","timelineOffsetMs":2.934552999213338}
10-11 15:00:08.375 21612 21675 I ReactNativeJS: [outputs] outputs.flashPulse {"timestamp":10231896.38573,"wallClock":1760209208375,"enabled":true,"durationMs":34,"source":"console.replay","correlationId":"console-replay:mgmn45km09au4gwr","timelineOffsetMs":2.934552999213338}
10-11 15:00:08.434 21612 21675 I ReactNativeJS: [outputs] outputs.flashPulse.commit {"timestamp":10231954.914949,"wallClock":1760209208433,"durationMs":34,"source":"console.replay","correlationId":"console-replay:mgmn45km09au4gwr","latencyMs":59.69791699945927,"timelineOffsetMs":2.934552999213338}
10-11 15:00:08.473 21612 25989 D OutputsAudio: [outputs-audio] stop gain=1.000 release=6.00
10-11 15:00:08.508 21612 25989 D OutputsAudio: [outputs-audio] start hz=700.0 gain=1.000 attack=2.50 release=6.00
10-11 15:00:08.515 21612 21675 D OutputsAudio: [outputs-audio] symbol.info sequence=24 symbol=- timestamp=10232029.642 duration=102.000
10-11 15:00:08.515 21612 21675 I ReactNativeJS: [outputs] playMorse.symbol {"timestamp":10232036.504428,"wallClock":1760209208515,"symbol":".","durationMs":34,"index":19,"source":"console.replay","correlationId":"console-replay:mgmn45oj3sd80nxv","nativeTimestampMs":10232029.642,"nativeDurationMs":102,"nativeOffsetMs":6.795760998502374,"nativeSequence":24,"monotonicTimestampMs":10232029.642}
10-11 15:00:08.516 21612 21675 I ReactNativeJS: [outputs] outputs.hapticSymbol {"timestamp":10232037.084168,"wallClock":1760209208515,"enabled":true,"symbol":".","durationMs":34,"platform":"android","source":"console.replay","correlationId":"console-replay:mgmn45oj3sd80nxv","timelineOffsetMs":6.795760998502374}
10-11 15:00:08.516 21612 21675 I ReactNativeJS: [outputs] outputs.flashPulse {"timestamp":10232037.82422,"wallClock":1760209208516,"enabled":true,"durationMs":34,"source":"console.replay","correlationId":"console-replay:mgmn45oj3sd80nxv","timelineOffsetMs":6.795760998502374}
10-11 15:00:08.571 21612 21675 I ReactNativeJS: [outputs] outputs.flashPulse.commit {"timestamp":10232092.742345,"wallClock":1760209208571,"durationMs":34,"source":"console.replay","correlationId":"console-replay:mgmn45oj3sd80nxv","latencyMs":56.30010399967432,"timelineOffsetMs":6.795760998502374}
10-11 15:00:08.611 21612 25989 D OutputsAudio: [outputs-audio] stop gain=1.000 release=6.00
10-11 15:00:08.645 21612 25989 D OutputsAudio: [outputs-audio] start hz=700.0 gain=1.000 attack=2.50 release=6.00
10-11 15:00:08.657 21612 21675 D OutputsAudio: [outputs-audio] symbol.info sequence=25 symbol=. timestamp=10232166.995 duration=34.000
10-11 15:00:08.658 21612 21675 I ReactNativeJS: [outputs] playMorse.symbol {"timestamp":10232178.647917,"wallClock":1760209208657,"symbol":".","durationMs":34,"index":20,"source":"console.replay","correlationId":"console-replay:mgmn45sh5m3foj4c","nativeTimestampMs":10232166.995,"nativeDurationMs":34,"nativeOffsetMs":11.577292000874877,"nativeSequence":25,"monotonicTimestampMs":10232166.995}
10-11 15:00:08.658 21612 21675 I ReactNativeJS: [outputs] outputs.hapticSymbol {"timestamp":10232179.280157,"wallClock":1760209208658,"enabled":true,"symbol":".","durationMs":34,"platform":"android","source":"console.replay","correlationId":"console-replay:mgmn45sh5m3foj4c","timelineOffsetMs":11.577292000874877}
10-11 15:00:08.659 21612 21675 I ReactNativeJS: [outputs] outputs.flashPulse {"timestamp":10232180.16422,"wallClock":1760209208659,"enabled":true,"durationMs":34,"source":"console.replay","correlationId":"console-replay:mgmn45sh5m3foj4c","timelineOffsetMs":11.577292000874877}
10-11 15:00:08.680 21612 25989 D OutputsAudio: [outputs-audio] stop gain=1.000 release=6.00
10-11 15:00:08.711 21612 21675 I ReactNativeJS: [outputs] outputs.flashPulse.commit {"timestamp":10232232.633647,"wallClock":1760209208711,"durationMs":34,"source":"console.replay","correlationId":"console-replay:mgmn45sh5m3foj4c","latencyMs":54.05666700005531,"timelineOffsetMs":11.577292000874877}
10-11 15:00:08.715 21612 25989 D OutputsAudio: [outputs-audio] start hz=700.0 gain=1.000 attack=2.50 release=6.00
10-11 15:00:08.750 21612 25989 D OutputsAudio: [outputs-audio] stop gain=1.000 release=6.00
10-11 15:00:08.757 21612 21675 D OutputsAudio: [outputs-audio] symbol.info sequence=26 symbol=. timestamp=10232236.959 duration=34.000
10-11 15:00:08.758 21612 21675 I ReactNativeJS: [outputs] playMorse.symbol {"timestamp":10232278.786459,"wallClock":1760209208757,"symbol":"-","durationMs":102,"index":21,"source":"console.replay","correlationId":"console-replay:mgmn45v9mleq165g","nativeTimestampMs":10232236.959,"nativeDurationMs":34,"nativeOffsetMs":41.7776149995625,"nativeSequence":26,"monotonicTimestampMs":10232236.959}
10-11 15:00:08.758 21612 21675 I ReactNativeJS: [outputs] outputs.hapticSymbol {"timestamp":10232279.27448,"wallClock":1760209208758,"enabled":true,"symbol":"-","durationMs":102,"platform":"android","source":"console.replay","correlationId":"console-replay:mgmn45v9mleq165g","timelineOffsetMs":41.7776149995625}
10-11 15:00:08.759 21612 21675 I ReactNativeJS: [outputs] outputs.flashPulse {"timestamp":10232279.970105,"wallClock":1760209208758,"enabled":true,"durationMs":102,"source":"console.replay","correlationId":"console-replay:mgmn45v9mleq165g","timelineOffsetMs":41.7776149995625}
10-11 15:00:08.786 21612 25989 D OutputsAudio: [outputs-audio] start hz=700.0 gain=1.000 attack=2.50 release=6.00
10-11 15:00:08.808 21612 21675 I ReactNativeJS: [outputs] outputs.flashPulse.commit {"timestamp":10232329.298751,"wallClock":1760209208808,"durationMs":102,"source":"console.replay","correlationId":"console-replay:mgmn45v9mleq165g","latencyMs":50.558125000447035,"timelineOffsetMs":41.7776149995625}
10-11 15:00:08.821 21612 25989 D OutputsAudio: [outputs-audio] stop gain=1.000 release=6.00
10-11 15:00:08.856 21612 25989 D OutputsAudio: [outputs-audio] stop gain=0.000 release=6.00
10-11 15:00:08.856 21612 25989 D OutputsAudio: [outputs-audio] playMorse.end cancelled=0
10-11 15:00:08.858 21612 21675 D OutputsAudio: [outputs-audio] symbol.info sequence=27 symbol=. timestamp=10232307.324 duration=34.000
10-11 15:00:08.858 21612 21675 I ReactNativeJS: [outputs] playMorse.symbol {"timestamp":10232379.501407,"wallClock":1760209208858,"symbol":"-","durationMs":102,"index":22,"source":"console.replay","correlationId":"console-replay:mgmn45y2mogp9i03","nativeTimestampMs":10232307.324,"nativeDurationMs":34,"nativeOffsetMs":72.12969900108874,"nativeSequence":27,"monotonicTimestampMs":10232307.324}
10-11 15:00:08.859 21612 21675 I ReactNativeJS: [outputs] outputs.hapticSymbol {"timestamp":10232379.956459,"wallClock":1760209208858,"enabled":true,"symbol":"-","durationMs":102,"platform":"android","source":"console.replay","correlationId":"console-replay:mgmn45y2mogp9i03","timelineOffsetMs":72.12969900108874}
10-11 15:00:08.859 21612 21675 I ReactNativeJS: [outputs] outputs.flashPulse {"timestamp":10232380.721251,"wallClock":1760209208859,"enabled":true,"durationMs":102,"source":"console.replay","correlationId":"console-replay:mgmn45y2mogp9i03","timelineOffsetMs":72.12969900108874}
10-11 15:00:08.917 21612 21675 I ReactNativeJS: [outputs] outputs.flashPulse.commit {"timestamp":10232438.224532,"wallClock":1760209208917,"durationMs":102,"source":"console.replay","correlationId":"console-replay:mgmn45y2mogp9i03","latencyMs":58.76645799912512,"timelineOffsetMs":72.12969900108874}
10-11 15:00:09.028 21612 21675 I ReactNativeJS: [outputs] playMorse.symbol {"timestamp":10232547.197032,"wallClock":1760209209026,"symbol":"-","durationMs":102,"index":23,"source":"console.replay","correlationId":"console-replay:mgmn462qhrhjwb6w","nativeTimestampMs":null,"nativeDurationMs":null,"nativeOffsetMs":null,"nativeSequence":null,"monotonicTimestampMs":null}
10-11 15:00:09.029 21612 21675 I ReactNativeJS: [outputs] outputs.hapticSymbol {"timestamp":10232549.782344,"wallClock":1760209209028,"enabled":true,"symbol":"-","durationMs":102,"platform":"android","source":"console.replay","correlationId":"console-replay:mgmn462qhrhjwb6w","timelineOffsetMs":null}
10-11 15:00:09.033 21612 21675 I ReactNativeJS: [outputs] outputs.flashPulse {"timestamp":10232553.72849,"wallClock":1760209209032,"enabled":true,"durationMs":102,"source":"console.replay","correlationId":"console-replay:mgmn462qhrhjwb6w","timelineOffsetMs":null}
10-11 15:00:09.098 21612 21675 I ReactNativeJS: [outputs] outputs.flashPulse.commit {"timestamp":10232619.292553,"wallClock":1760209209098,"durationMs":102,"source":"console.replay","correlationId":"console-replay:mgmn462qhrhjwb6w","latencyMs":72.10239499993622,"timelineOffsetMs":null}
10-11 15:00:09.349 21612 21675 I ReactNativeJS: [outputs] playMorse.symbol {"timestamp":10232869.967501,"wallClock":1760209209348,"symbol":".","durationMs":34,"index":24,"source":"console.replay","correlationId":"console-replay:mgmn46bo5a3s5ksg","nativeTimestampMs":null,"nativeDurationMs":null,"nativeOffsetMs":null,"nativeSequence":null,"monotonicTimestampMs":null}
10-11 15:00:09.352 21612 21675 I ReactNativeJS: [outputs] outputs.hapticSymbol {"timestamp":10232872.415209,"wallClock":1760209209351,"enabled":true,"symbol":".","durationMs":34,"platform":"android","source":"console.replay","correlationId":"console-replay:mgmn46bo5a3s5ksg","timelineOffsetMs":null}
10-11 15:00:09.356 21612 21675 I ReactNativeJS: [outputs] outputs.flashPulse {"timestamp":10232876.379428,"wallClock":1760209209355,"enabled":true,"durationMs":34,"source":"console.replay","correlationId":"console-replay:mgmn46bo5a3s5ksg","timelineOffsetMs":null}
10-11 15:00:09.406 21612 21675 I ReactNativeJS: [outputs] outputs.flashPulse.commit {"timestamp":10232926.970678,"wallClock":1760209209405,"durationMs":34,"source":"console.replay","correlationId":"console-replay:mgmn46bo5a3s5ksg","latencyMs":57.01333300024271,"timelineOffsetMs":null}
10-11 15:00:09.650 21612 21675 I ReactNativeJS: [outputs] playMorse.symbol {"timestamp":10233170.799792,"wallClock":1760209209649,"symbol":".","durationMs":34,"index":25,"source":"console.replay","correlationId":"console-replay:mgmn46k1z4ptd8z5","nativeTimestampMs":null,"nativeDurationMs":null,"nativeOffsetMs":null,"nativeSequence":null,"monotonicTimestampMs":null}
10-11 15:00:09.651 21612 21675 I ReactNativeJS: [outputs] outputs.hapticSymbol {"timestamp":10233172.082605,"wallClock":1760209209650,"enabled":true,"symbol":".","durationMs":34,"platform":"android","source":"console.replay","correlationId":"console-replay:mgmn46k1z4ptd8z5","timelineOffsetMs":null}
10-11 15:00:09.653 21612 21675 I ReactNativeJS: [outputs] outputs.flashPulse {"timestamp":10233173.977657,"wallClock":1760209209652,"enabled":true,"durationMs":34,"source":"console.replay","correlationId":"console-replay:mgmn46k1z4ptd8z5","timelineOffsetMs":null}
10-11 15:00:09.727 21612 21675 I ReactNativeJS: [outputs] outputs.flashPulse.commit {"timestamp":10233247.738698,"wallClock":1760209209726,"durationMs":34,"source":"console.replay","correlationId":"console-replay:mgmn46k1z4ptd8z5","latencyMs":76.94833399914205,"timelineOffsetMs":null}
10-11 15:00:09.979 21612 21675 I ReactNativeJS: [outputs] playMorse.symbol {"timestamp":10233497.38099,"wallClock":1760209209976,"symbol":".","durationMs":34,"index":26,"source":"console.replay","correlationId":"console-replay:mgmn46t4yi4pwdls","nativeTimestampMs":null,"nativeDurationMs":null,"nativeOffsetMs":null,"nativeSequence":null,"monotonicTimestampMs":null}
10-11 15:00:09.981 21612 21675 I ReactNativeJS: [outputs] outputs.hapticSymbol {"timestamp":10233501.072032,"wallClock":1760209209979,"enabled":true,"symbol":".","durationMs":34,"platform":"android","source":"console.replay","correlationId":"console-replay:mgmn46t4yi4pwdls","timelineOffsetMs":null}
10-11 15:00:09.985 21612 21675 I ReactNativeJS: [outputs] outputs.flashPulse {"timestamp":10233505.931511,"wallClock":1760209209984,"enabled":true,"durationMs":34,"source":"console.replay","correlationId":"console-replay:mgmn46t4yi4pwdls","timelineOffsetMs":null}
10-11 15:00:10.042 21612 21675 I ReactNativeJS: [outputs] outputs.flashPulse.commit {"timestamp":10233563.241927,"wallClock":1760209210042,"durationMs":34,"source":"console.replay","correlationId":"console-replay:mgmn46t4yi4pwdls","latencyMs":65.8716139998287,"timelineOffsetMs":null}
10-11 15:00:10.086 21612 21675 I ReactNativeJS: [outputs] playMorse.complete {"timestamp":10233607.422032,"wallClock":1760209210086,"durationMs":4043.819582000375,"source":"console.replay","audioEnabled":true,"audioVolumePercent":100}
10-11 15:00:13.148 21612 21675 I ReactNativeJS: [outputs] playMorse.start {"timestamp":10236669.36901,"wallClock":1760209213148,"unitMs":30,"length":28,"source":"console.replay","audioEnabled":true,"audioVolumePercent":100}
10-11 15:00:13.258 21612 21675 D OutputsAudio: [outputs-audio] warmup hz=700.0
10-11 15:00:13.258 21612 26023 D OutputsAudio: [outputs-audio] playMorse.start count=27 unit=30.0
10-11 15:00:13.258 21612 26023 D OutputsAudio: [outputs-audio] start hz=700.0 gain=1.000 attack=2.50 release=6.00
10-11 15:00:13.279 21612 21675 D OutputsAudio: [outputs-audio] symbol.info sequence=1 symbol=. timestamp=10236779.977 duration=30.000
10-11 15:00:13.280 21612 21675 I ReactNativeJS: [outputs] playMorse.symbol {"timestamp":10236800.562603,"wallClock":1760209213279,"symbol":".","durationMs":30,"index":0,"source":"console.replay","correlationId":"console-replay:mgmn49cvxxeiqo4p","nativeTimestampMs":10236779.977,"nativeDurationMs":30,"nativeOffsetMs":20.51362399943173,"nativeSequence":1,"monotonicTimestampMs":10236779.977}
10-11 15:00:13.280 21612 21675 I ReactNativeJS: [outputs] outputs.hapticSymbol {"timestamp":10236801.286509,"wallClock":1760209213280,"enabled":true,"symbol":".","durationMs":30,"platform":"android","source":"console.replay","correlationId":"console-replay:mgmn49cvxxeiqo4p","timelineOffsetMs":20.51362399943173}
10-11 15:00:13.281 21612 21675 I ReactNativeJS: [outputs] outputs.flashPulse {"timestamp":10236802.249634,"wallClock":1760209213281,"enabled":true,"durationMs":30,"source":"console.replay","correlationId":"console-replay:mgmn49cvxxeiqo4p","timelineOffsetMs":20.51362399943173}
10-11 15:00:13.288 21612 26023 D OutputsAudio: [outputs-audio] stop gain=1.000 release=6.00
10-11 15:00:13.320 21612 26023 D OutputsAudio: [outputs-audio] start hz=700.0 gain=1.000 attack=2.50 release=6.00
10-11 15:00:13.338 21612 21675 I ReactNativeJS: [outputs] outputs.flashPulse.commit {"timestamp":10236859.580259,"wallClock":1760209213338,"durationMs":30,"source":"console.replay","correlationId":"console-replay:mgmn49cvxxeiqo4p","latencyMs":59.08494800142944,"timelineOffsetMs":20.51362399943173}
10-11 15:00:13.351 21612 26023 D OutputsAudio: [outputs-audio] stop gain=1.000 release=6.00
10-11 15:00:13.383 21612 26023 D OutputsAudio: [outputs-audio] start hz=700.0 gain=1.000 attack=2.50 release=6.00
10-11 15:00:13.394 21612 21675 D OutputsAudio: [outputs-audio] symbol.info sequence=3 symbol=. timestamp=10236904.317 duration=30.000
10-11 15:00:13.395 21612 21675 W ReactNativeJS: '[outputs-audio] native sequence jump', { previous: 1, next: 3, delta: 2 }
10-11 15:00:13.395 21612 21675 I ReactNativeJS: [outputs] playMorse.symbol {"timestamp":10236916.343905,"wallClock":1760209213395,"symbol":".","durationMs":30,"index":1,"source":"console.replay","correlationId":"console-replay:mgmn49g3ppxsb16l","nativeTimestampMs":10236904.317,"nativeDurationMs":30,"nativeOffsetMs":11.988624000921845,"nativeSequence":3,"monotonicTimestampMs":10236904.317}
10-11 15:00:13.395 21612 21675 I ReactNativeJS: [outputs] outputs.hapticSymbol {"timestamp":10236916.769947,"wallClock":1760209213395,"enabled":true,"symbol":".","durationMs":30,"platform":"android","source":"console.replay","correlationId":"console-replay:mgmn49g3ppxsb16l","timelineOffsetMs":11.988624000921845}
10-11 15:00:13.396 21612 21675 I ReactNativeJS: [outputs] outputs.flashPulse {"timestamp":10236917.504166,"wallClock":1760209213396,"enabled":true,"durationMs":30,"source":"console.replay","correlationId":"console-replay:mgmn49g3ppxsb16l","timelineOffsetMs":11.988624000921845}
10-11 15:00:13.413 21612 26023 D OutputsAudio: [outputs-audio] stop gain=1.000 release=6.00
10-11 15:00:13.443 21612 26023 D OutputsAudio: [outputs-audio] start hz=700.0 gain=1.000 attack=2.50 release=6.00
10-11 15:00:13.446 21612 21675 I ReactNativeJS: [outputs] outputs.flashPulse.commit {"timestamp":10236967.535416,"wallClock":1760209213446,"durationMs":30,"source":"console.replay","correlationId":"console-replay:mgmn49g3ppxsb16l","latencyMs":51.225416999310255,"timelineOffsetMs":11.988624000921845}
10-11 15:00:13.492 21612 21675 D OutputsAudio: [outputs-audio] symbol.info sequence=4 symbol=- timestamp=10236965.097 duration=90.000
10-11 15:00:13.492 21612 21675 I ReactNativeJS: [outputs] playMorse.symbol {"timestamp":10237013.322551,"wallClock":1760209213492,"symbol":".","durationMs":30,"index":2,"source":"console.replay","correlationId":"console-replay:mgmn49isd0zy28ku","nativeTimestampMs":10236965.097,"nativeDurationMs":90,"nativeOffsetMs":48.169145001098514,"nativeSequence":4,"monotonicTimestampMs":10236965.097}
10-11 15:00:13.492 21612 21675 I ReactNativeJS: [outputs] outputs.hapticSymbol {"timestamp":10237013.826666,"wallClock":1760209213492,"enabled":true,"symbol":".","durationMs":30,"platform":"android","source":"console.replay","correlationId":"console-replay:mgmn49isd0zy28ku","timelineOffsetMs":48.169145001098514}
10-11 15:00:13.493 21612 21675 I ReactNativeJS: [outputs] outputs.flashPulse {"timestamp":10237014.561874,"wallClock":1760209213493,"enabled":true,"durationMs":30,"source":"console.replay","correlationId":"console-replay:mgmn49isd0zy28ku","timelineOffsetMs":48.169145001098514}
10-11 15:00:13.534 21612 26023 D OutputsAudio: [outputs-audio] stop gain=1.000 release=6.00
10-11 15:00:13.551 21612 21675 I ReactNativeJS: [outputs] outputs.flashPulse.commit {"timestamp":10237071.831249,"wallClock":1760209213550,"durationMs":30,"source":"console.replay","correlationId":"console-replay:mgmn49isd0zy28ku","latencyMs":58.56093700043857,"timelineOffsetMs":48.169145001098514}
10-11 15:00:13.565 21612 26023 D OutputsAudio: [outputs-audio] start hz=700.0 gain=1.000 attack=2.50 release=6.00
10-11 15:00:13.604 21612 21675 D OutputsAudio: [outputs-audio] symbol.info sequence=5 symbol=- timestamp=10237087.114 duration=90.000
10-11 15:00:13.605 21612 21675 I ReactNativeJS: [outputs] playMorse.symbol {"timestamp":10237126.008384,"wallClock":1760209213604,"symbol":"-","durationMs":90,"index":3,"source":"console.replay","correlationId":"console-replay:mgmn49lwfzp7ynqm","nativeTimestampMs":10237087.114,"nativeDurationMs":90,"nativeOffsetMs":38.843654999509454,"nativeSequence":5,"monotonicTimestampMs":10237087.114}
10-11 15:00:13.605 21612 21675 I ReactNativeJS: [outputs] outputs.hapticSymbol {"timestamp":10237126.487291,"wallClock":1760209213605,"enabled":true,"symbol":"-","durationMs":90,"platform":"android","source":"console.replay","correlationId":"console-replay:mgmn49lwfzp7ynqm","timelineOffsetMs":38.843654999509454}
10-11 15:00:13.606 21612 21675 I ReactNativeJS: [outputs] outputs.flashPulse {"timestamp":10237127.193176,"wallClock":1760209213606,"enabled":true,"durationMs":90,"source":"console.replay","correlationId":"console-replay:mgmn49lwfzp7ynqm","timelineOffsetMs":38.843654999509454}
10-11 15:00:13.656 21612 26023 D OutputsAudio: [outputs-audio] stop gain=1.000 release=6.00
10-11 15:00:13.657 21612 21675 I ReactNativeJS: [outputs] outputs.flashPulse.commit {"timestamp":10237177.835155,"wallClock":1760209213656,"durationMs":90,"source":"console.replay","correlationId":"console-replay:mgmn49lwfzp7ynqm","latencyMs":51.87328100018203,"timelineOffsetMs":38.843654999509454}
10-11 15:00:13.687 21612 26023 D OutputsAudio: [outputs-audio] start hz=700.0 gain=1.000 attack=2.50 release=6.00
10-11 15:00:13.700 21612 21675 D OutputsAudio: [outputs-audio] symbol.info sequence=6 symbol=- timestamp=10237208.396 duration=90.000
10-11 15:00:13.701 21612 21675 I ReactNativeJS: [outputs] playMorse.symbol {"timestamp":10237222.218228,"wallClock":1760209213701,"symbol":"-","durationMs":90,"index":4,"source":"console.replay","correlationId":"console-replay:mgmn49olgnxt9amu","nativeTimestampMs":10237208.396,"nativeDurationMs":90,"nativeOffsetMs":13.775093000382185,"nativeSequence":6,"monotonicTimestampMs":10237208.396}
10-11 15:00:13.701 21612 21675 I ReactNativeJS: [outputs] outputs.hapticSymbol {"timestamp":10237222.687238,"wallClock":1760209213701,"enabled":true,"symbol":"-","durationMs":90,"platform":"android","source":"console.replay","correlationId":"console-replay:mgmn49olgnxt9amu","timelineOffsetMs":13.775093000382185}
10-11 15:00:13.702 21612 21675 I ReactNativeJS: [outputs] outputs.flashPulse {"timestamp":10237223.405311,"wallClock":1760209213702,"enabled":true,"durationMs":90,"source":"console.replay","correlationId":"console-replay:mgmn49olgnxt9amu","timelineOffsetMs":13.775093000382185}
10-11 15:00:13.757 21612 21675 I ReactNativeJS: [outputs] outputs.flashPulse.commit {"timestamp":10237278.54328,"wallClock":1760209213757,"durationMs":90,"source":"console.replay","correlationId":"console-replay:mgmn49olgnxt9amu","latencyMs":56.36796800047159,"timelineOffsetMs":13.775093000382185}
10-11 15:00:13.778 21612 26023 D OutputsAudio: [outputs-audio] stop gain=1.000 release=6.00
10-11 15:00:13.808 21612 26023 D OutputsAudio: [outputs-audio] start hz=700.0 gain=1.000 attack=2.50 release=6.00
10-11 15:00:13.813 21612 21675 D OutputsAudio: [outputs-audio] symbol.info sequence=7 symbol=. timestamp=10237329.466 duration=30.000
10-11 15:00:13.813 21612 21675 I ReactNativeJS: [outputs] playMorse.symbol {"timestamp":10237334.418541,"wallClock":1760209213813,"symbol":"-","durationMs":90,"index":5,"source":"console.replay","correlationId":"console-replay:mgmn49rpvcb5wyeu","nativeTimestampMs":10237329.466,"nativeDurationMs":30,"nativeOffsetMs":4.896707000210881,"nativeSequence":7,"monotonicTimestampMs":10237329.466}
10-11 15:00:13.814 21612 21675 I ReactNativeJS: [outputs] outputs.hapticSymbol {"timestamp":10237334.944738,"wallClock":1760209213813,"enabled":true,"symbol":"-","durationMs":90,"platform":"android","source":"console.replay","correlationId":"console-replay:mgmn49rpvcb5wyeu","timelineOffsetMs":4.896707000210881}
10-11 15:00:13.814 21612 21675 I ReactNativeJS: [outputs] outputs.flashPulse {"timestamp":10237335.735155,"wallClock":1760209213814,"enabled":true,"durationMs":90,"source":"console.replay","correlationId":"console-replay:mgmn49rpvcb5wyeu","timelineOffsetMs":4.896707000210881}
10-11 15:00:13.839 21612 26023 D OutputsAudio: [outputs-audio] stop gain=1.000 release=6.00
10-11 15:00:13.869 21612 26023 D OutputsAudio: [outputs-audio] start hz=700.0 gain=1.000 attack=2.50 release=6.00
10-11 15:00:13.881 21612 21675 I ReactNativeJS: [outputs] outputs.flashPulse.commit {"timestamp":10237402.364634,"wallClock":1760209213881,"durationMs":90,"source":"console.replay","correlationId":"console-replay:mgmn49rpvcb5wyeu","latencyMs":67.99744799919426,"timelineOffsetMs":4.896707000210881}
10-11 15:00:13.900 21612 26023 D OutputsAudio: [outputs-audio] stop gain=1.000 release=6.00
10-11 15:00:13.927 21612 21675 D OutputsAudio: [outputs-audio] symbol.info sequence=8 symbol=. timestamp=10237391.113 duration=30.000
10-11 15:00:13.927 21612 21675 I ReactNativeJS: [outputs] playMorse.symbol {"timestamp":10237448.293332,"wallClock":1760209213927,"symbol":".","durationMs":30,"index":6,"source":"console.replay","correlationId":"console-replay:mgmn49uvcrs4qyy3","nativeTimestampMs":10237391.113,"nativeDurationMs":30,"nativeOffsetMs":57.131843000650406,"nativeSequence":8,"monotonicTimestampMs":10237391.113}
10-11 15:00:13.927 21612 21675 I ReactNativeJS: [outputs] outputs.hapticSymbol {"timestamp":10237448.786978,"wallClock":1760209213927,"enabled":true,"symbol":".","durationMs":30,"platform":"android","source":"console.replay","correlationId":"console-replay:mgmn49uvcrs4qyy3","timelineOffsetMs":57.131843000650406}
10-11 15:00:13.928 21612 21675 I ReactNativeJS: [outputs] outputs.flashPulse {"timestamp":10237449.514478,"wallClock":1760209213928,"enabled":true,"durationMs":30,"source":"console.replay","correlationId":"console-replay:mgmn49uvcrs4qyy3","timelineOffsetMs":57.131843000650406}
10-11 15:00:13.931 21612 26023 D OutputsAudio: [outputs-audio] start hz=700.0 gain=1.000 attack=2.50 release=6.00
10-11 15:00:13.962 21612 26023 D OutputsAudio: [outputs-audio] stop gain=1.000 release=6.00
10-11 15:00:13.984 21612 21675 D OutputsAudio: [outputs-audio] symbol.info sequence=9 symbol=. timestamp=10237452.417 duration=30.000
10-11 15:00:13.984 21612 21675 I ReactNativeJS: [outputs] playMorse.symbol {"timestamp":10237505.70177,"wallClock":1760209213984,"symbol":".","durationMs":30,"index":7,"source":"console.replay","correlationId":"console-replay:mgmn49wg4sslvsu0","nativeTimestampMs":10237452.417,"nativeDurationMs":30,"nativeOffsetMs":53.23805100098252,"nativeSequence":9,"monotonicTimestampMs":10237452.417}
10-11 15:00:13.985 21612 21675 I ReactNativeJS: [outputs] outputs.hapticSymbol {"timestamp":10237506.145988,"wallClock":1760209213985,"enabled":true,"symbol":".","durationMs":30,"platform":"android","source":"console.replay","correlationId":"console-replay:mgmn49wg4sslvsu0","timelineOffsetMs":53.23805100098252}
10-11 15:00:13.985 21612 21675 I ReactNativeJS: [outputs] outputs.flashPulse {"timestamp":10237506.844374,"wallClock":1760209213985,"enabled":true,"durationMs":30,"source":"console.replay","correlationId":"console-replay:mgmn49wg4sslvsu0","timelineOffsetMs":53.23805100098252}
10-11 15:00:13.993 21612 26023 D OutputsAudio: [outputs-audio] start hz=700.0 gain=1.000 attack=2.50 release=6.00
10-11 15:00:14.042 21612 21675 I ReactNativeJS: [outputs] outputs.flashPulse.commit {"timestamp":10237563.159426,"wallClock":1760209214042,"durationMs":30,"source":"console.replay","correlationId":"console-replay:mgmn49uvcrs4qyy3","latencyMs":114.91010399907827,"timelineOffsetMs":57.131843000650406}
10-11 15:00:14.083 21612 26023 D OutputsAudio: [outputs-audio] stop gain=1.000 release=6.00
10-11 15:00:14.092 21612 21675 I ReactNativeJS: [outputs] outputs.flashPulse.commit {"timestamp":10237613.509374,"wallClock":1760209214092,"durationMs":30,"source":"console.replay","correlationId":"console-replay:mgmn49wg4sslvsu0","latencyMs":107.85031200014055,"timelineOffsetMs":53.23805100098252}
10-11 15:00:14.113 21612 26023 D OutputsAudio: [outputs-audio] start hz=700.0 gain=1.000 attack=2.50 release=6.00
10-11 15:00:14.142 21612 21675 D OutputsAudio: [outputs-audio] symbol.info sequence=11 symbol=- timestamp=10237634.961 duration=90.000
10-11 15:00:14.142 21612 21675 W ReactNativeJS: '[outputs-audio] native sequence jump', { previous: 9, next: 11, delta: 2 }
10-11 15:00:14.143 21612 21675 I ReactNativeJS: [outputs] playMorse.symbol {"timestamp":10237663.888697,"wallClock":1760209214142,"symbol":".","durationMs":30,"index":8,"source":"console.replay","correlationId":"console-replay:mgmn4a0usb0r8w7a","nativeTimestampMs":10237634.961,"nativeDurationMs":90,"nativeOffsetMs":28.891238000243902,"nativeSequence":11,"monotonicTimestampMs":10237634.961}
10-11 15:00:14.143 21612 21675 I ReactNativeJS: [outputs] outputs.hapticSymbol {"timestamp":10237664.285572,"wallClock":1760209214143,"enabled":true,"symbol":".","durationMs":30,"platform":"android","source":"console.replay","correlationId":"console-replay:mgmn4a0usb0r8w7a","timelineOffsetMs":28.891238000243902}
10-11 15:00:14.144 21612 21675 I ReactNativeJS: [outputs] outputs.flashPulse {"timestamp":10237664.968749,"wallClock":1760209214143,"enabled":true,"durationMs":30,"source":"console.replay","correlationId":"console-replay:mgmn4a0usb0r8w7a","timelineOffsetMs":28.891238000243902}
10-11 15:00:14.201 21612 21675 I ReactNativeJS: [outputs] outputs.flashPulse.commit {"timestamp":10237722.615207,"wallClock":1760209214201,"durationMs":30,"source":"console.replay","correlationId":"console-replay:mgmn4a0usb0r8w7a","latencyMs":58.757551999762654,"timelineOffsetMs":28.891238000243902}
10-11 15:00:14.204 21612 26023 D OutputsAudio: [outputs-audio] stop gain=1.000 release=6.00
10-11 15:00:14.234 21612 26023 D OutputsAudio: [outputs-audio] start hz=700.0 gain=1.000 attack=2.50 release=6.00
10-11 15:00:14.255 21612 21675 D OutputsAudio: [outputs-audio] symbol.info sequence=12 symbol=- timestamp=10237755.709 duration=90.000
10-11 15:00:14.255 21612 21675 I ReactNativeJS: [outputs] playMorse.symbol {"timestamp":10237776.657499,"wallClock":1760209214255,"symbol":"-","durationMs":90,"index":9,"source":"console.replay","correlationId":"console-replay:mgmn4a3z98to1p57","nativeTimestampMs":10237755.709,"nativeDurationMs":90,"nativeOffsetMs":20.900634000077844,"nativeSequence":12,"monotonicTimestampMs":10237755.709}
10-11 15:00:14.256 21612 21675 I ReactNativeJS: [outputs] outputs.hapticSymbol {"timestamp":10237777.136092,"wallClock":1760209214256,"enabled":true,"symbol":"-","durationMs":90,"platform":"android","source":"console.replay","correlationId":"console-replay:mgmn4a3z98to1p57","timelineOffsetMs":20.900634000077844}
10-11 15:00:14.256 21612 21675 I ReactNativeJS: [outputs] outputs.flashPulse {"timestamp":10237777.873801,"wallClock":1760209214256,"enabled":true,"durationMs":90,"source":"console.replay","correlationId":"console-replay:mgmn4a3z98to1p57","timelineOffsetMs":20.900634000077844}
10-11 15:00:14.307 21612 21675 I ReactNativeJS: [outputs] outputs.flashPulse.commit {"timestamp":10237827.800988,"wallClock":1760209214306,"durationMs":90,"source":"console.replay","correlationId":"console-replay:mgmn4a3z98to1p57","latencyMs":51.18692700006068,"timelineOffsetMs":20.900634000077844}
10-11 15:00:14.324 21612 26023 D OutputsAudio: [outputs-audio] stop gain=1.000 release=6.00
10-11 15:00:14.355 21612 26023 D OutputsAudio: [outputs-audio] start hz=700.0 gain=1.000 attack=2.50 release=6.00
10-11 15:00:14.370 21612 21675 D OutputsAudio: [outputs-audio] symbol.info sequence=13 symbol=. timestamp=10237876.520 duration=30.000
10-11 15:00:14.371 21612 21675 I ReactNativeJS: [outputs] playMorse.symbol {"timestamp":10237891.783592,"wallClock":1760209214370,"symbol":"-","durationMs":90,"index":10,"source":"console.replay","correlationId":"console-replay:mgmn4a76uhdnotd7","nativeTimestampMs":10237876.52,"nativeDurationMs":30,"nativeOffsetMs":15.178905000910163,"nativeSequence":13,"monotonicTimestampMs":10237876.52}
10-11 15:00:14.371 21612 21675 I ReactNativeJS: [outputs] outputs.hapticSymbol {"timestamp":10237892.702499,"wallClock":1760209214371,"enabled":true,"symbol":"-","durationMs":90,"platform":"android","source":"console.replay","correlationId":"console-replay:mgmn4a76uhdnotd7","timelineOffsetMs":15.178905000910163}
10-11 15:00:14.373 21612 21675 I ReactNativeJS: [outputs] outputs.flashPulse {"timestamp":10237893.823436,"wallClock":1760209214372,"enabled":true,"durationMs":90,"source":"console.replay","correlationId":"console-replay:mgmn4a76uhdnotd7","timelineOffsetMs":15.178905000910163}
10-11 15:00:14.386 21612 26023 D OutputsAudio: [outputs-audio] stop gain=1.000 release=6.00
10-11 15:00:14.416 21612 26023 D OutputsAudio: [outputs-audio] start hz=700.0 gain=1.000 attack=2.50 release=6.00
10-11 15:00:14.435 21612 21675 I ReactNativeJS: [outputs] outputs.flashPulse.commit {"timestamp":10237955.90953,"wallClock":1760209214434,"durationMs":90,"source":"console.replay","correlationId":"console-replay:mgmn4a76uhdnotd7","latencyMs":64.20343699865043,"timelineOffsetMs":15.178905000910163}
10-11 15:00:14.446 21612 26023 D OutputsAudio: [outputs-audio] stop gain=1.000 release=6.00
10-11 15:00:14.477 21612 26023 D OutputsAudio: [outputs-audio] start hz=700.0 gain=1.000 attack=2.50 release=6.00
10-11 15:00:14.489 21612 21675 D OutputsAudio: [outputs-audio] symbol.info sequence=15 symbol=. timestamp=10237998.953 duration=30.000
10-11 15:00:14.490 21612 21675 W ReactNativeJS: '[outputs-audio] native sequence jump', { previous: 13, next: 15, delta: 2 }
10-11 15:00:14.490 21612 21675 I ReactNativeJS: [outputs] playMorse.symbol {"timestamp":10238011.52354,"wallClock":1760209214490,"symbol":"-","durationMs":90,"index":11,"source":"console.replay","correlationId":"console-replay:mgmn4aaipgwsr41s","nativeTimestampMs":10237998.953,"nativeDurationMs":30,"nativeOffsetMs":12.53095700033009,"nativeSequence":15,"monotonicTimestampMs":10237998.953}
10-11 15:00:14.491 21612 21675 I ReactNativeJS: [outputs] outputs.hapticSymbol {"timestamp":10238011.944269,"wallClock":1760209214490,"enabled":true,"symbol":"-","durationMs":90,"platform":"android","source":"console.replay","correlationId":"console-replay:mgmn4aaipgwsr41s","timelineOffsetMs":12.53095700033009}
10-11 15:00:14.491 21612 21675 I ReactNativeJS: [outputs] outputs.flashPulse {"timestamp":10238012.732551,"wallClock":1760209214491,"enabled":true,"durationMs":90,"source":"console.replay","correlationId":"console-replay:mgmn4aaipgwsr41s","timelineOffsetMs":12.53095700033009}
10-11 15:00:14.508 21612 26023 D OutputsAudio: [outputs-audio] stop gain=1.000 release=6.00
10-11 15:00:14.539 21612 26023 D OutputsAudio: [outputs-audio] start hz=700.0 gain=1.000 attack=2.50 release=6.00
10-11 15:00:14.541 21612 21675 I ReactNativeJS: [outputs] outputs.flashPulse.commit {"timestamp":10238062.11453,"wallClock":1760209214540,"durationMs":90,"source":"console.replay","correlationId":"console-replay:mgmn4aaipgwsr41s","latencyMs":50.62645800039172,"timelineOffsetMs":12.53095700033009}
10-11 15:00:14.586 21612 21675 D OutputsAudio: [outputs-audio] symbol.info sequence=16 symbol=- timestamp=10238060.733 duration=90.000
10-11 15:00:14.586 21612 21675 I ReactNativeJS: [outputs] playMorse.symbol {"timestamp":10238107.465207,"wallClock":1760209214586,"symbol":".","durationMs":30,"index":12,"source":"console.replay","correlationId":"console-replay:mgmn4ad6nvq9k6rq","nativeTimestampMs":10238060.733,"nativeDurationMs":90,"nativeOffsetMs":46.680540001019835,"nativeSequence":16,"monotonicTimestampMs":10238060.733}
10-11 15:00:14.587 21612 21675 I ReactNativeJS: [outputs] outputs.hapticSymbol {"timestamp":10238107.960051,"wallClock":1760209214586,"enabled":true,"symbol":".","durationMs":30,"platform":"android","source":"console.replay","correlationId":"console-replay:mgmn4ad6nvq9k6rq","timelineOffsetMs":46.680540001019835}
10-11 15:00:14.587 21612 21675 I ReactNativeJS: [outputs] outputs.flashPulse {"timestamp":10238108.75979,"wallClock":1760209214587,"enabled":true,"durationMs":30,"source":"console.replay","correlationId":"console-replay:mgmn4ad6nvq9k6rq","timelineOffsetMs":46.680540001019835}
10-11 15:00:14.630 21612 26023 D OutputsAudio: [outputs-audio] stop gain=1.000 release=6.00
10-11 15:00:14.646 21612 21675 I ReactNativeJS: [outputs] outputs.flashPulse.commit {"timestamp":10238166.800936,"wallClock":1760209214645,"durationMs":30,"source":"console.replay","correlationId":"console-replay:mgmn4ad6nvq9k6rq","latencyMs":59.383229000493884,"timelineOffsetMs":46.680540001019835}
10-11 15:00:14.660 21612 26023 D OutputsAudio: [outputs-audio] start hz=700.0 gain=1.000 attack=2.50 release=6.00
10-11 15:00:14.695 21612 21675 D OutputsAudio: [outputs-audio] symbol.info sequence=17 symbol=- timestamp=10238181.930 duration=90.000
10-11 15:00:14.695 21612 21675 I ReactNativeJS: [outputs] playMorse.symbol {"timestamp":10238216.251353,"wallClock":1760209214695,"symbol":".","durationMs":30,"index":13,"source":"console.replay","correlationId":"console-replay:mgmn4ag7pa4akils","nativeTimestampMs":10238181.93,"nativeDurationMs":90,"nativeOffsetMs":34.27301900088787,"nativeSequence":17,"monotonicTimestampMs":10238181.93}
10-11 15:00:14.695 21612 21675 I ReactNativeJS: [outputs] outputs.hapticSymbol {"timestamp":10238216.738019,"wallClock":1760209214695,"enabled":true,"symbol":".","durationMs":30,"platform":"android","source":"console.replay","correlationId":"console-replay:mgmn4ag7pa4akils","timelineOffsetMs":34.27301900088787}
10-11 15:00:14.696 21612 21675 I ReactNativeJS: [outputs] outputs.flashPulse {"timestamp":10238217.467186,"wallClock":1760209214696,"enabled":true,"durationMs":30,"source":"console.replay","correlationId":"console-replay:mgmn4ag7pa4akils","timelineOffsetMs":34.27301900088787}
10-11 15:00:14.751 21612 21675 I ReactNativeJS: [outputs] outputs.flashPulse.commit {"timestamp":10238271.847915,"wallClock":1760209214750,"durationMs":30,"source":"console.replay","correlationId":"console-replay:mgmn4ag7pa4akils","latencyMs":55.640625,"timelineOffsetMs":34.27301900088787}
10-11 15:00:14.751 21612 26023 D OutputsAudio: [outputs-audio] stop gain=1.000 release=6.00
10-11 15:00:14.782 21612 26023 D OutputsAudio: [outputs-audio] start hz=700.0 gain=1.000 attack=2.50 release=6.00
10-11 15:00:14.799 21612 21675 D OutputsAudio: [outputs-audio] symbol.info sequence=18 symbol=- timestamp=10238303.592 duration=90.000
10-11 15:00:14.800 21612 21675 I ReactNativeJS: [outputs] playMorse.symbol {"timestamp":10238321.086821,"wallClock":1760209214799,"symbol":".","durationMs":30,"index":14,"source":"console.replay","correlationId":"console-replay:mgmn4aj34f2msba1","nativeTimestampMs":10238303.592,"nativeDurationMs":90,"nativeOffsetMs":17.448414999991655,"nativeSequence":18,"monotonicTimestampMs":10238303.592}
10-11 15:00:14.800 21612 21675 I ReactNativeJS: [outputs] outputs.hapticSymbol {"timestamp":10238321.541144,"wallClock":1760209214800,"enabled":true,"symbol":".","durationMs":30,"platform":"android","source":"console.replay","correlationId":"console-replay:mgmn4aj34f2msba1","timelineOffsetMs":17.448414999991655}
10-11 15:00:14.801 21612 21675 I ReactNativeJS: [outputs] outputs.flashPulse {"timestamp":10238322.292811,"wallClock":1760209214801,"enabled":true,"durationMs":30,"source":"console.replay","correlationId":"console-replay:mgmn4aj34f2msba1","timelineOffsetMs":17.448414999991655}
10-11 15:00:14.850 21612 21675 I ReactNativeJS: [outputs] outputs.flashPulse.commit {"timestamp":10238371.412238,"wallClock":1760209214850,"durationMs":30,"source":"console.replay","correlationId":"console-replay:mgmn4aj34f2msba1","latencyMs":50.367604000493884,"timelineOffsetMs":17.448414999991655}
10-11 15:00:14.873 21612 26023 D OutputsAudio: [outputs-audio] stop gain=1.000 release=6.00
10-11 15:00:14.903 21612 26023 D OutputsAudio: [outputs-audio] start hz=700.0 gain=1.000 attack=2.50 release=6.00
10-11 15:00:14.926 21612 21675 D OutputsAudio: [outputs-audio] symbol.info sequence=19 symbol=. timestamp=10238424.819 duration=30.000
10-11 15:00:14.927 21612 21675 I ReactNativeJS: [outputs] playMorse.symbol {"timestamp":10238447.448957,"wallClock":1760209214926,"symbol":"-","durationMs":90,"index":15,"source":"console.replay","correlationId":"console-replay:mgmn4ammfeo7rkot","nativeTimestampMs":10238424.819,"nativeDurationMs":30,"nativeOffsetMs":22.545216999948025,"nativeSequence":19,"monotonicTimestampMs":10238424.819}
10-11 15:00:14.927 21612 21675 I ReactNativeJS: [outputs] outputs.hapticSymbol {"timestamp":10238448.314373,"wallClock":1760209214927,"enabled":true,"symbol":"-","durationMs":90,"platform":"android","source":"console.replay","correlationId":"console-replay:mgmn4ammfeo7rkot","timelineOffsetMs":22.545216999948025}
10-11 15:00:14.928 21612 21675 I ReactNativeJS: [outputs] outputs.flashPulse {"timestamp":10238449.421717,"wallClock":1760209214928,"enabled":true,"durationMs":90,"source":"console.replay","correlationId":"console-replay:mgmn4ammfeo7rkot","timelineOffsetMs":22.545216999948025}
10-11 15:00:14.933 21612 26023 D OutputsAudio: [outputs-audio] stop gain=1.000 release=6.00
10-11 15:00:14.964 21612 26023 D OutputsAudio: [outputs-audio] start hz=700.0 gain=1.000 attack=2.50 release=6.00
10-11 15:00:14.988 21612 21675 I ReactNativeJS: [outputs] outputs.flashPulse.commit {"timestamp":10238509.056613,"wallClock":1760209214987,"durationMs":90,"source":"console.replay","correlationId":"console-replay:mgmn4ammfeo7rkot","latencyMs":61.687916999682784,"timelineOffsetMs":22.545216999948025}
10-11 15:00:14.995 21612 26023 D OutputsAudio: [outputs-audio] stop gain=1.000 release=6.00
10-11 15:00:15.026 21612 26023 D OutputsAudio: [outputs-audio] start hz=700.0 gain=1.000 attack=2.50 release=6.00
10-11 15:00:15.046 21612 21675 D OutputsAudio: [outputs-audio] symbol.info sequence=21 symbol=. timestamp=10238548.331 duration=30.000
10-11 15:00:15.057 21612 26023 D OutputsAudio: [outputs-audio] stop gain=1.000 release=6.00
10-11 15:00:15.062 21612 21675 W ReactNativeJS: '[outputs-audio] native sequence jump', { previous: 19, next: 21, delta: 2 }
10-11 15:00:15.062 21612 21675 I ReactNativeJS: [outputs] playMorse.symbol {"timestamp":10238583.444113,"wallClock":1760209215062,"symbol":"-","durationMs":90,"index":16,"source":"console.replay","correlationId":"console-replay:mgmn4aqe7xn9jwfe","nativeTimestampMs":10238548.331,"nativeDurationMs":30,"nativeOffsetMs":35.06524799950421,"nativeSequence":21,"monotonicTimestampMs":10238548.331}
10-11 15:00:15.063 21612 21675 I ReactNativeJS: [outputs] outputs.hapticSymbol {"timestamp":10238583.926405,"wallClock":1760209215062,"enabled":true,"symbol":"-","durationMs":90,"platform":"android","source":"console.replay","correlationId":"console-replay:mgmn4aqe7xn9jwfe","timelineOffsetMs":35.06524799950421}
10-11 15:00:15.063 21612 21675 I ReactNativeJS: [outputs] outputs.flashPulse {"timestamp":10238584.79828,"wallClock":1760209215063,"enabled":true,"durationMs":90,"source":"console.replay","correlationId":"console-replay:mgmn4aqe7xn9jwfe","timelineOffsetMs":35.06524799950421}
10-11 15:00:15.088 21612 26023 D OutputsAudio: [outputs-audio] start hz=700.0 gain=1.000 attack=2.50 release=6.00
10-11 15:00:15.116 21612 21675 I ReactNativeJS: [outputs] outputs.flashPulse.commit {"timestamp":10238636.88578,"wallClock":1760209215115,"durationMs":90,"source":"console.replay","correlationId":"console-replay:mgmn4aqe7xn9jwfe","latencyMs":53.48515699990094,"timelineOffsetMs":35.06524799950421}
10-11 15:00:15.160 21612 21675 D OutputsAudio: [outputs-audio] symbol.info sequence=22 symbol=- timestamp=10238609.521 duration=90.000
10-11 15:00:15.161 21612 21675 I ReactNativeJS: [outputs] playMorse.symbol {"timestamp":10238682.044686,"wallClock":1760209215160,"symbol":"-","durationMs":90,"index":17,"source":"console.replay","correlationId":"console-replay:mgmn4at4fjdn8ngg","nativeTimestampMs":10238609.521,"nativeDurationMs":90,"nativeOffsetMs":72.47634200006723,"nativeSequence":22,"monotonicTimestampMs":10238609.521}
10-11 15:00:15.161 21612 21675 I ReactNativeJS: [outputs] outputs.hapticSymbol {"timestamp":10238682.52953,"wallClock":1760209215161,"enabled":true,"symbol":"-","durationMs":90,"platform":"android","source":"console.replay","correlationId":"console-replay:mgmn4at4fjdn8ngg","timelineOffsetMs":72.47634200006723}
10-11 15:00:15.162 21612 21675 I ReactNativeJS: [outputs] outputs.flashPulse {"timestamp":10238683.268228,"wallClock":1760209215162,"enabled":true,"durationMs":90,"source":"console.replay","correlationId":"console-replay:mgmn4at4fjdn8ngg","timelineOffsetMs":72.47634200006723}
10-11 15:00:15.178 21612 26023 D OutputsAudio: [outputs-audio] stop gain=1.000 release=6.00
10-11 15:00:15.209 21612 26023 D OutputsAudio: [outputs-audio] start hz=700.0 gain=1.000 attack=2.50 release=6.00
