--------- beginning of main
10-11 16:32:54.772 19110 19189 I ReactNativeJS: [outputs] playMorse.start {"timestamp":15798293.462773,"wallClock":1760214774772,"unitMs":120,"length":28,"source":"console.replay","audioEnabled":true,"audioVolumePercent":100}
10-11 16:32:55.143 19110 19189 D OutputsAudio: [outputs-audio] warmup hz=700.0
10-11 16:32:55.143 19110 19841 D OutputsAudio: [outputs-audio] playMorse.start count=27 unit=120.0
10-11 16:32:55.143 19110 19841 D OutputsAudio: [outputs-audio] start hz=700.0 gain=1.000 attack=2.50 release=6.00
10-11 16:32:55.158 19110 19189 D OutputsAudio: [outputs-audio] symbol.info sequence=1 symbol=. timestamp=15798665.001 duration=120.000
10-11 16:32:55.159 19110 19189 I ReactNativeJS: [outputs] playMorse.symbol {"timestamp":15798679.424596,"wallClock":1760214775158,"symbol":".","durationMs":120,"index":0,"source":"console.replay","correlationId":"console-replay:mgmqfgxihf33cd0b","nativeTimestampMs":15798665.001,"nativeDurationMs":120,"nativeOffsetMs":14.341199999675155,"nativeSequence":1,"monotonicTimestampMs":15798665.001}
10-11 16:32:55.159 19110 19189 I ReactNativeJS: [outputs] outputs.hapticSymbol {"timestamp":15798680.374388,"wallClock":1760214775159,"enabled":true,"symbol":".","durationMs":120,"platform":"android","source":"console.replay","correlationId":"console-replay:mgmqfgxihf33cd0b","timelineOffsetMs":14.341199999675155}
10-11 16:32:55.161 19110 19189 I ReactNativeJS: [outputs] outputs.flashPulse {"timestamp":15798681.820534,"wallClock":1760214775160,"enabled":true,"durationMs":120,"source":"console.replay","correlationId":"console-replay:mgmqfgxihf33cd0b","timelineOffsetMs":14.341199999675155}
10-11 16:32:55.225 19110 19189 I ReactNativeJS: [outputs] outputs.flashPulse.commit {"timestamp":15798746.425638,"wallClock":1760214775225,"durationMs":120,"source":"console.replay","correlationId":"console-replay:mgmqfgxihf33cd0b","latencyMs":67.07781299948692,"timelineOffsetMs":14.341199999675155,"leadMs":8,"scheduleSkewMs":75.07781299948692}
10-11 16:32:55.264 19110 19841 D OutputsAudio: [outputs-audio] stop gain=1.000 release=6.00
10-11 16:32:55.384 19110 19841 D OutputsAudio: [outputs-audio] start hz=700.0 gain=1.000 attack=2.50 release=6.00
10-11 16:32:55.406 19110 19189 D OutputsAudio: [outputs-audio] symbol.info sequence=2 symbol=. timestamp=15798906.212 duration=120.000
10-11 16:32:55.408 19110 19189 I ReactNativeJS: [outputs] playMorse.symbol {"timestamp":15798927.837773,"wallClock":1760214775406,"symbol":".","durationMs":120,"index":1,"source":"console.replay","correlationId":"console-replay:mgmqfh4e8xfz3v0u","nativeTimestampMs":15798906.212,"nativeDurationMs":120,"nativeOffsetMs":21.512388000264764,"nativeSequence":2,"monotonicTimestampMs":15798906.212}
10-11 16:32:55.410 19110 19189 I ReactNativeJS: [outputs] outputs.hapticSymbol {"timestamp":15798930.206159,"wallClock":1760214775409,"enabled":true,"symbol":".","durationMs":120,"platform":"android","source":"console.replay","correlationId":"console-replay:mgmqfh4e8xfz3v0u","timelineOffsetMs":21.512388000264764}
10-11 16:32:55.414 19110 19189 I ReactNativeJS: [outputs] outputs.flashPulse {"timestamp":15798934.054961,"wallClock":1760214775412,"enabled":true,"durationMs":120,"source":"console.replay","correlationId":"console-replay:mgmqfh4e8xfz3v0u","timelineOffsetMs":21.512388000264764}
10-11 16:32:55.470 19110 19189 I ReactNativeJS: [outputs] outputs.flashPulse.commit {"timestamp":15798991.463294,"wallClock":1760214775470,"durationMs":120,"source":"console.replay","correlationId":"console-replay:mgmqfh4e8xfz3v0u","latencyMs":63.73380200006068,"timelineOffsetMs":21.512388000264764,"leadMs":8,"scheduleSkewMs":71.73380200006068}
10-11 16:32:55.505 19110 19841 D OutputsAudio: [outputs-audio] stop gain=1.000 release=6.00
10-11 16:32:55.626 19110 19841 D OutputsAudio: [outputs-audio] start hz=700.0 gain=1.000 attack=2.50 release=6.00
10-11 16:32:55.646 19110 19189 D OutputsAudio: [outputs-audio] symbol.info sequence=3 symbol=. timestamp=15799147.403 duration=120.000
10-11 16:32:55.648 19110 19189 I ReactNativeJS: [outputs] playMorse.symbol {"timestamp":15799167.928971,"wallClock":1760214775646,"symbol":".","durationMs":120,"index":2,"source":"console.replay","correlationId":"console-replay:mgmqfhb20kscjo4a","nativeTimestampMs":15799147.403,"nativeDurationMs":120,"nativeOffsetMs":20.43612699955702,"nativeSequence":3,"monotonicTimestampMs":15799147.403}
10-11 16:32:55.649 19110 19189 I ReactNativeJS: [outputs] outputs.hapticSymbol {"timestamp":15799169.591992,"wallClock":1760214775648,"enabled":true,"symbol":".","durationMs":120,"platform":"android","source":"console.replay","correlationId":"console-replay:mgmqfhb20kscjo4a","timelineOffsetMs":20.43612699955702}
10-11 16:32:55.653 19110 19189 I ReactNativeJS: [outputs] outputs.flashPulse {"timestamp":15799173.678658,"wallClock":1760214775652,"enabled":true,"durationMs":120,"source":"console.replay","correlationId":"console-replay:mgmqfhb20kscjo4a","timelineOffsetMs":20.43612699955702}
10-11 16:32:55.718 19110 19189 I ReactNativeJS: [outputs] outputs.flashPulse.commit {"timestamp":15799239.555221,"wallClock":1760214775718,"durationMs":120,"source":"console.replay","correlationId":"console-replay:mgmqfhb20kscjo4a","latencyMs":71.71057299897075,"timelineOffsetMs":20.43612699955702,"leadMs":8,"scheduleSkewMs":79.71057299897075}
10-11 16:32:55.747 19110 19841 D OutputsAudio: [outputs-audio] stop gain=1.000 release=6.00
10-11 16:32:55.868 19110 19841 D OutputsAudio: [outputs-audio] start hz=700.0 gain=1.000 attack=2.50 release=6.00
10-11 16:32:55.884 19110 19189 D OutputsAudio: [outputs-audio] symbol.info sequence=4 symbol=- timestamp=15799389.848 duration=360.000
10-11 16:32:55.884 19110 19189 I ReactNativeJS: [outputs] playMorse.symbol {"timestamp":15799405.321523,"wallClock":1760214775884,"symbol":"-","durationMs":360,"index":3,"source":"console.replay","correlationId":"console-replay:mgmqfhhocc06ewk9","nativeTimestampMs":15799389.848,"nativeDurationMs":360,"nativeOffsetMs":15.385138001292944,"nativeSequence":4,"monotonicTimestampMs":15799389.848}
10-11 16:32:55.885 19110 19189 I ReactNativeJS: [outputs] outputs.hapticSymbol {"timestamp":15799406.089492,"wallClock":1760214775884,"enabled":true,"symbol":"-","durationMs":360,"platform":"android","source":"console.replay","correlationId":"console-replay:mgmqfhhocc06ewk9","timelineOffsetMs":15.385138001292944}
10-11 16:32:55.886 19110 19189 I ReactNativeJS: [outputs] outputs.flashPulse {"timestamp":15799407.161419,"wallClock":1760214775886,"enabled":true,"durationMs":360,"source":"console.replay","correlationId":"console-replay:mgmqfhhocc06ewk9","timelineOffsetMs":15.385138001292944}
10-11 16:32:55.951 19110 19189 I ReactNativeJS: [outputs] outputs.flashPulse.commit {"timestamp":15799471.870585,"wallClock":1760214775950,"durationMs":360,"source":"console.replay","correlationId":"console-replay:mgmqfhhocc06ewk9","latencyMs":66.63234299980104,"timelineOffsetMs":15.385138001292944,"leadMs":8,"scheduleSkewMs":74.63234299980104}
10-11 16:32:56.229 19110 19841 D OutputsAudio: [outputs-audio] stop gain=1.000 release=6.00
10-11 16:32:56.350 19110 19841 D OutputsAudio: [outputs-audio] start hz=700.0 gain=1.000 attack=2.50 release=6.00
10-11 16:32:56.376 19110 19189 D OutputsAudio: [outputs-audio] symbol.info sequence=5 symbol=- timestamp=15799871.689 duration=360.000
10-11 16:32:56.377 19110 19189 I ReactNativeJS: [outputs] playMorse.symbol {"timestamp":15799898.022981,"wallClock":1760214776376,"symbol":"-","durationMs":360,"index":4,"source":"console.replay","correlationId":"console-replay:mgmqfhvcsnheygke","nativeTimestampMs":15799871.689,"nativeDurationMs":360,"nativeOffsetMs":26.221637001261115,"nativeSequence":5,"monotonicTimestampMs":15799871.689}
10-11 16:32:56.378 19110 19189 I ReactNativeJS: [outputs] outputs.hapticSymbol {"timestamp":15799899.09121,"wallClock":1760214776377,"enabled":true,"symbol":"-","durationMs":360,"platform":"android","source":"console.replay","correlationId":"console-replay:mgmqfhvcsnheygke","timelineOffsetMs":26.221637001261115}
10-11 16:32:56.379 19110 19189 I ReactNativeJS: [outputs] outputs.flashPulse {"timestamp":15799900.262877,"wallClock":1760214776379,"enabled":true,"durationMs":360,"source":"console.replay","correlationId":"console-replay:mgmqfhvcsnheygke","timelineOffsetMs":26.221637001261115}
10-11 16:32:56.435 19110 19189 I ReactNativeJS: [outputs] outputs.flashPulse.commit {"timestamp":15799956.124283,"wallClock":1760214776434,"durationMs":360,"source":"console.replay","correlationId":"console-replay:mgmqfhvcsnheygke","latencyMs":58.19598999992013,"timelineOffsetMs":26.221637001261115,"leadMs":8,"scheduleSkewMs":66.19598999992013}
10-11 16:32:56.710 19110 19841 D OutputsAudio: [outputs-audio] stop gain=1.000 release=6.00
10-11 16:32:56.831 19110 19841 D OutputsAudio: [outputs-audio] start hz=700.0 gain=1.000 attack=2.50 release=6.00
10-11 16:32:56.858 19110 19189 D OutputsAudio: [outputs-audio] symbol.info sequence=6 symbol=- timestamp=15800353.037 duration=360.000
10-11 16:32:56.859 19110 19189 I ReactNativeJS: [outputs] playMorse.symbol {"timestamp":15800379.983762,"wallClock":1760214776858,"symbol":"-","durationMs":360,"index":5,"source":"console.replay","correlationId":"console-replay:mgmqfi8qxohgqj0q","nativeTimestampMs":15800353.037,"nativeDurationMs":360,"nativeOffsetMs":26.82405399903655,"nativeSequence":6,"monotonicTimestampMs":15800353.037}
10-11 16:32:56.860 19110 19189 I ReactNativeJS: [outputs] outputs.hapticSymbol {"timestamp":15800380.98147,"wallClock":1760214776859,"enabled":true,"symbol":"-","durationMs":360,"platform":"android","source":"console.replay","correlationId":"console-replay:mgmqfi8qxohgqj0q","timelineOffsetMs":26.82405399903655}
10-11 16:32:56.861 19110 19189 I ReactNativeJS: [outputs] outputs.flashPulse {"timestamp":15800381.93522,"wallClock":1760214776860,"enabled":true,"durationMs":360,"source":"console.replay","correlationId":"console-replay:mgmqfi8qxohgqj0q","timelineOffsetMs":26.82405399903655}
10-11 16:32:56.912 19110 19189 I ReactNativeJS: [outputs] outputs.flashPulse.commit {"timestamp":15800433.413189,"wallClock":1760214776912,"durationMs":360,"source":"console.replay","correlationId":"console-replay:mgmqfi8qxohgqj0q","latencyMs":53.54697900079191,"timelineOffsetMs":26.82405399903655,"leadMs":8,"scheduleSkewMs":61.54697900079191}
10-11 16:32:57.192 19110 19841 D OutputsAudio: [outputs-audio] stop gain=1.000 release=6.00
10-11 16:32:57.313 19110 19841 D OutputsAudio: [outputs-audio] start hz=700.0 gain=1.000 attack=2.50 release=6.00
10-11 16:32:57.335 19110 19189 D OutputsAudio: [outputs-audio] symbol.info sequence=7 symbol=. timestamp=15800835.575 duration=120.000
10-11 16:32:57.337 19110 19189 I ReactNativeJS: [outputs] playMorse.symbol {"timestamp":15800856.770481,"wallClock":1760214777335,"symbol":".","durationMs":120,"index":6,"source":"console.replay","correlationId":"console-replay:mgmqfilz89fhiuzm","nativeTimestampMs":15800835.575,"nativeDurationMs":120,"nativeOffsetMs":21.10037700086832,"nativeSequence":7,"monotonicTimestampMs":15800835.575}
10-11 16:32:57.338 19110 19189 I ReactNativeJS: [outputs] outputs.hapticSymbol {"timestamp":15800858.817252,"wallClock":1760214777337,"enabled":true,"symbol":".","durationMs":120,"platform":"android","source":"console.replay","correlationId":"console-replay:mgmqfilz89fhiuzm","timelineOffsetMs":21.10037700086832}
10-11 16:32:57.342 19110 19189 I ReactNativeJS: [outputs] outputs.flashPulse {"timestamp":15800862.343658,"wallClock":1760214777341,"enabled":true,"durationMs":120,"source":"console.replay","correlationId":"console-replay:mgmqfilz89fhiuzm","timelineOffsetMs":21.10037700086832}
10-11 16:32:57.398 19110 19189 I ReactNativeJS: [outputs] outputs.flashPulse.commit {"timestamp":15800919.201522,"wallClock":1760214777398,"durationMs":120,"source":"console.replay","correlationId":"console-replay:mgmqfilz89fhiuzm","latencyMs":62.52046800032258,"timelineOffsetMs":21.10037700086832,"leadMs":8,"scheduleSkewMs":70.52046800032258}
10-11 16:32:57.435 19110 19841 D OutputsAudio: [outputs-audio] stop gain=1.000 release=6.00
10-11 16:32:57.556 19110 19841 D OutputsAudio: [outputs-audio] start hz=700.0 gain=1.000 attack=2.50 release=6.00
10-11 16:32:57.575 19110 19189 D OutputsAudio: [outputs-audio] symbol.info sequence=8 symbol=. timestamp=15801077.675 duration=120.000
10-11 16:32:57.579 19110 19189 I ReactNativeJS: [outputs] playMorse.symbol {"timestamp":15801096.560741,"wallClock":1760214777575,"symbol":".","durationMs":120,"index":7,"source":"console.replay","correlationId":"console-replay:mgmqfisn9fudlxqs","nativeTimestampMs":15801077.675,"nativeDurationMs":120,"nativeOffsetMs":18.740116000175476,"nativeSequence":8,"monotonicTimestampMs":15801077.675}
10-11 16:32:57.582 19110 19189 I ReactNativeJS: [outputs] outputs.hapticSymbol {"timestamp":15801101.109804,"wallClock":1760214777579,"enabled":true,"symbol":".","durationMs":120,"platform":"android","source":"console.replay","correlationId":"console-replay:mgmqfisn9fudlxqs","timelineOffsetMs":18.740116000175476}
10-11 16:32:57.584 19110 19189 I ReactNativeJS: [outputs] outputs.flashPulse {"timestamp":15801105.232824,"wallClock":1760214777584,"enabled":true,"durationMs":120,"source":"console.replay","correlationId":"console-replay:mgmqfisn9fudlxqs","timelineOffsetMs":18.740116000175476}
10-11 16:32:57.651 19110 19189 I ReactNativeJS: [outputs] outputs.flashPulse.commit {"timestamp":15801171.855689,"wallClock":1760214777650,"durationMs":120,"source":"console.replay","correlationId":"console-replay:mgmqfisn9fudlxqs","latencyMs":75.43463499844074,"timelineOffsetMs":18.740116000175476,"leadMs":8,"scheduleSkewMs":83.43463499844074}
10-11 16:32:57.676 19110 19841 D OutputsAudio: [outputs-audio] stop gain=1.000 release=6.00
10-11 16:32:57.797 19110 19841 D OutputsAudio: [outputs-audio] start hz=700.0 gain=1.000 attack=2.50 release=6.00
10-11 16:32:57.802 19110 19189 D OutputsAudio: [outputs-audio] symbol.info sequence=9 symbol=. timestamp=15801319.068 duration=120.000
10-11 16:32:57.802 19110 19189 I ReactNativeJS: [outputs] playMorse.symbol {"timestamp":15801323.323397,"wallClock":1760214777802,"symbol":".","durationMs":120,"index":8,"source":"console.replay","correlationId":"console-replay:mgmqfiyyd12pqw8u","nativeTimestampMs":15801319.068,"nativeDurationMs":120,"nativeOffsetMs":4.191750999540091,"nativeSequence":9,"monotonicTimestampMs":15801319.068}
10-11 16:32:57.803 19110 19189 I ReactNativeJS: [outputs] outputs.hapticSymbol {"timestamp":15801323.951366,"wallClock":1760214777802,"enabled":true,"symbol":".","durationMs":120,"platform":"android","source":"console.replay","correlationId":"console-replay:mgmqfiyyd12pqw8u","timelineOffsetMs":4.191750999540091}
10-11 16:32:57.804 19110 19189 I ReactNativeJS: [outputs] outputs.flashPulse {"timestamp":15801324.875533,"wallClock":1760214777803,"enabled":true,"durationMs":120,"source":"console.replay","correlationId":"console-replay:mgmqfiyyd12pqw8u","timelineOffsetMs":4.191750999540091}
10-11 16:32:57.914 19110 19189 I ReactNativeJS: [outputs] outputs.flashPulse.commit {"timestamp":15801435.196105,"wallClock":1760214777914,"durationMs":120,"source":"console.replay","correlationId":"console-replay:mgmqfiyyd12pqw8u","latencyMs":111.93015700019896,"timelineOffsetMs":4.191750999540091,"leadMs":8,"scheduleSkewMs":119.93015700019896}
10-11 16:32:57.918 19110 19841 D OutputsAudio: [outputs-audio] stop gain=1.000 release=6.00
10-11 16:32:58.038 19110 19841 D OutputsAudio: [outputs-audio] start hz=700.0 gain=1.000 attack=2.50 release=6.00
10-11 16:32:58.054 19110 19189 D OutputsAudio: [outputs-audio] symbol.info sequence=10 symbol=- timestamp=15801560.121 duration=360.000
10-11 16:32:58.055 19110 19189 I ReactNativeJS: [outputs] playMorse.symbol {"timestamp":15801575.702616,"wallClock":1760214778054,"symbol":"-","durationMs":360,"index":9,"source":"console.replay","correlationId":"console-replay:mgmqfj5yy31wo2r5","nativeTimestampMs":15801560.121,"nativeDurationMs":360,"nativeOffsetMs":15.480991000309587,"nativeSequence":10,"monotonicTimestampMs":15801560.121}
10-11 16:32:58.057 19110 19189 I ReactNativeJS: [outputs] outputs.hapticSymbol {"timestamp":15801576.755741,"wallClock":1760214778055,"enabled":true,"symbol":"-","durationMs":360,"platform":"android","source":"console.replay","correlationId":"console-replay:mgmqfj5yy31wo2r5","timelineOffsetMs":15.480991000309587}
10-11 16:32:58.058 19110 19189 I ReactNativeJS: [outputs] outputs.flashPulse {"timestamp":15801579.107251,"wallClock":1760214778057,"enabled":true,"durationMs":360,"source":"console.replay","correlationId":"console-replay:mgmqfj5yy31wo2r5","timelineOffsetMs":15.480991000309587}
10-11 16:32:58.124 19110 19189 I ReactNativeJS: [outputs] outputs.flashPulse.commit {"timestamp":15801644.872824,"wallClock":1760214778123,"durationMs":360,"source":"console.replay","correlationId":"console-replay:mgmqfj5yy31wo2r5","latencyMs":69.26609400101006,"timelineOffsetMs":15.480991000309587,"leadMs":8,"scheduleSkewMs":77.26609400101006}
10-11 16:32:58.399 19110 19841 D OutputsAudio: [outputs-audio] stop gain=1.000 release=6.00
10-11 16:32:58.520 19110 19841 D OutputsAudio: [outputs-audio] start hz=700.0 gain=1.000 attack=2.50 release=6.00
10-11 16:32:58.528 19110 19189 D OutputsAudio: [outputs-audio] symbol.info sequence=11 symbol=- timestamp=15802041.528 duration=360.000
10-11 16:32:58.529 19110 19189 I ReactNativeJS: [outputs] playMorse.symbol {"timestamp":15802049.494751,"wallClock":1760214778528,"symbol":"-","durationMs":360,"index":10,"source":"console.replay","correlationId":"console-replay:mgmqfjj469puj95e","nativeTimestampMs":15802041.528,"nativeDurationMs":360,"nativeOffsetMs":7.808417998254299,"nativeSequence":11,"monotonicTimestampMs":15802041.528}
10-11 16:32:58.533 19110 19189 I ReactNativeJS: [outputs] outputs.hapticSymbol {"timestamp":15802051.126314,"wallClock":1760214778529,"enabled":true,"symbol":"-","durationMs":360,"platform":"android","source":"console.replay","correlationId":"console-replay:mgmqfjj469puj95e","timelineOffsetMs":7.808417998254299}
10-11 16:32:58.536 19110 19189 I ReactNativeJS: [outputs] outputs.flashPulse {"timestamp":15802056.62647,"wallClock":1760214778535,"enabled":true,"durationMs":360,"source":"console.replay","correlationId":"console-replay:mgmqfjj469puj95e","timelineOffsetMs":7.808417998254299}
10-11 16:32:58.613 19110 19189 I ReactNativeJS: [outputs] outputs.flashPulse.commit {"timestamp":15802134.036157,"wallClock":1760214778612,"durationMs":360,"source":"console.replay","correlationId":"console-replay:mgmqfjj469puj95e","latencyMs":84.69406200014055,"timelineOffsetMs":7.808417998254299,"leadMs":8,"scheduleSkewMs":92.69406200014055}
10-11 16:32:58.881 19110 19841 D OutputsAudio: [outputs-audio] stop gain=1.000 release=6.00
10-11 16:32:59.001 19110 19841 D OutputsAudio: [outputs-audio] start hz=700.0 gain=1.000 attack=2.50 release=6.00
10-11 16:32:59.023 19110 19189 D OutputsAudio: [outputs-audio] symbol.info sequence=12 symbol=- timestamp=15802522.854 duration=360.000
10-11 16:32:59.023 19110 19189 I ReactNativeJS: [outputs] playMorse.symbol {"timestamp":15802544.406834,"wallClock":1760214779023,"symbol":"-","durationMs":360,"index":11,"source":"console.replay","correlationId":"console-replay:mgmqfjwv2wp734kg","nativeTimestampMs":15802522.854,"nativeDurationMs":360,"nativeOffsetMs":21.41538600064814,"nativeSequence":12,"monotonicTimestampMs":15802522.854}
10-11 16:32:59.024 19110 19189 I ReactNativeJS: [outputs] outputs.hapticSymbol {"timestamp":15802545.170115,"wallClock":1760214779024,"enabled":true,"symbol":"-","durationMs":360,"platform":"android","source":"console.replay","correlationId":"console-replay:mgmqfjwv2wp734kg","timelineOffsetMs":21.41538600064814}
10-11 16:32:59.025 19110 19189 I ReactNativeJS: [outputs] outputs.flashPulse {"timestamp":15802546.359074,"wallClock":1760214779025,"enabled":true,"durationMs":360,"source":"console.replay","correlationId":"console-replay:mgmqfjwv2wp734kg","timelineOffsetMs":21.41538600064814}
10-11 16:32:59.090 19110 19189 I ReactNativeJS: [outputs] outputs.flashPulse.commit {"timestamp":15802610.789959,"wallClock":1760214779089,"durationMs":360,"source":"console.replay","correlationId":"console-replay:mgmqfjwv2wp734kg","latencyMs":66.515625,"timelineOffsetMs":21.41538600064814,"leadMs":8,"scheduleSkewMs":74.515625}
10-11 16:32:59.361 19110 19841 D OutputsAudio: [outputs-audio] stop gain=1.000 release=6.00
10-11 16:32:59.482 19110 19841 D OutputsAudio: [outputs-audio] start hz=700.0 gain=1.000 attack=2.50 release=6.00
10-11 16:32:59.504 19110 19189 D OutputsAudio: [outputs-audio] symbol.info sequence=13 symbol=. timestamp=15803003.338 duration=120.000
10-11 16:32:59.508 19110 19189 I ReactNativeJS: [outputs] playMorse.symbol {"timestamp":15803025.745063,"wallClock":1760214779504,"symbol":".","durationMs":120,"index":12,"source":"console.replay","correlationId":"console-replay:mgmqfka8zyt3tb9d","nativeTimestampMs":15803003.338,"nativeDurationMs":120,"nativeOffsetMs":22.266230000182986,"nativeSequence":13,"monotonicTimestampMs":15803003.338}
10-11 16:32:59.509 19110 19189 I ReactNativeJS: [outputs] outputs.hapticSymbol {"timestamp":15803029.306365,"wallClock":1760214779508,"enabled":true,"symbol":".","durationMs":120,"platform":"android","source":"console.replay","correlationId":"console-replay:mgmqfka8zyt3tb9d","timelineOffsetMs":22.266230000182986}
10-11 16:32:59.510 19110 19189 I ReactNativeJS: [outputs] outputs.flashPulse {"timestamp":15803031.361626,"wallClock":1760214779510,"enabled":true,"durationMs":120,"source":"console.replay","correlationId":"console-replay:mgmqfka8zyt3tb9d","timelineOffsetMs":22.266230000182986}
10-11 16:32:59.570 19110 19189 I ReactNativeJS: [outputs] outputs.flashPulse.commit {"timestamp":15803091.390376,"wallClock":1760214779570,"durationMs":120,"source":"console.replay","correlationId":"console-replay:mgmqfka8zyt3tb9d","latencyMs":65.78057300113142,"timelineOffsetMs":22.266230000182986,"leadMs":8,"scheduleSkewMs":73.78057300113142}
10-11 16:32:59.602 19110 19841 D OutputsAudio: [outputs-audio] stop gain=1.000 release=6.00
10-11 16:32:59.723 19110 19841 D OutputsAudio: [outputs-audio] start hz=700.0 gain=1.000 attack=2.50 release=6.00
10-11 16:32:59.748 19110 19189 D OutputsAudio: [outputs-audio] symbol.info sequence=14 symbol=. timestamp=15803244.537 duration=120.000
10-11 16:32:59.749 19110 19189 I ReactNativeJS: [outputs] playMorse.symbol {"timestamp":15803269.694126,"wallClock":1760214779748,"symbol":".","durationMs":120,"index":13,"source":"console.replay","correlationId":"console-replay:mgmqfkh0k1fd2ov1","nativeTimestampMs":15803244.537,"nativeDurationMs":120,"nativeOffsetMs":25.075718998908997,"nativeSequence":14,"monotonicTimestampMs":15803244.537}
10-11 16:32:59.749 19110 19189 I ReactNativeJS: [outputs] outputs.hapticSymbol {"timestamp":15803270.386782,"wallClock":1760214779749,"enabled":true,"symbol":".","durationMs":120,"platform":"android","source":"console.replay","correlationId":"console-replay:mgmqfkh0k1fd2ov1","timelineOffsetMs":25.075718998908997}
10-11 16:32:59.750 19110 19189 I ReactNativeJS: [outputs] outputs.flashPulse {"timestamp":15803271.28824,"wallClock":1760214779750,"enabled":true,"durationMs":120,"source":"console.replay","correlationId":"console-replay:mgmqfkh0k1fd2ov1","timelineOffsetMs":25.075718998908997}
10-11 16:32:59.810 19110 19189 I ReactNativeJS: [outputs] outputs.flashPulse.commit {"timestamp":15803331.082667,"wallClock":1760214779809,"durationMs":120,"source":"console.replay","correlationId":"console-replay:mgmqfkh0k1fd2ov1","latencyMs":61.463907001540065,"timelineOffsetMs":25.075718998908997,"leadMs":8,"scheduleSkewMs":69.46390700154006}
10-11 16:32:59.843 19110 19841 D OutputsAudio: [outputs-audio] stop gain=1.000 release=6.00
10-11 16:32:59.964 19110 19841 D OutputsAudio: [outputs-audio] start hz=700.0 gain=1.000 attack=2.50 release=6.00
10-11 16:32:59.991 19110 19189 D OutputsAudio: [outputs-audio] symbol.info sequence=15 symbol=. timestamp=15803485.687 duration=120.000
10-11 16:32:59.995 19110 19189 I ReactNativeJS: [outputs] playMorse.symbol {"timestamp":15803513.311521,"wallClock":1760214779992,"symbol":".","durationMs":120,"index":14,"source":"console.replay","correlationId":"console-replay:mgmqfknsue117pi9","nativeTimestampMs":15803485.687,"nativeDurationMs":120,"nativeOffsetMs":27.461552999913692,"nativeSequence":15,"monotonicTimestampMs":15803485.687}
10-11 16:32:59.998 19110 19189 I ReactNativeJS: [outputs] outputs.hapticSymbol {"timestamp":15803516.877719,"wallClock":1760214779995,"enabled":true,"symbol":".","durationMs":120,"platform":"android","source":"console.replay","correlationId":"console-replay:mgmqfknsue117pi9","timelineOffsetMs":27.461552999913692}
10-11 16:33:00.003 19110 19189 I ReactNativeJS: [outputs] outputs.flashPulse {"timestamp":15803522.663761,"wallClock":1760214780001,"enabled":true,"durationMs":120,"source":"console.replay","correlationId":"console-replay:mgmqfknsue117pi9","timelineOffsetMs":27.461552999913692}
10-11 16:33:00.054 19110 19189 I ReactNativeJS: [outputs] outputs.flashPulse.commit {"timestamp":15803574.75449,"wallClock":1760214780053,"durationMs":120,"source":"console.replay","correlationId":"console-replay:mgmqfknsue117pi9","latencyMs":61.60025999881327,"timelineOffsetMs":27.461552999913692,"leadMs":8,"scheduleSkewMs":69.60025999881327}
10-11 16:33:00.085 19110 19841 D OutputsAudio: [outputs-audio] stop gain=1.000 release=6.00
10-11 16:33:00.205 19110 19841 D OutputsAudio: [outputs-audio] start hz=700.0 gain=1.000 attack=2.50 release=6.00
10-11 16:33:00.231 19110 19189 D OutputsAudio: [outputs-audio] symbol.info sequence=16 symbol=- timestamp=15803726.664 duration=360.000
10-11 16:33:00.234 19110 19189 I ReactNativeJS: [outputs] playMorse.symbol {"timestamp":15803752.625271,"wallClock":1760214780231,"symbol":"-","durationMs":360,"index":15,"source":"console.replay","correlationId":"console-replay:mgmqfkufcg3hu87e","nativeTimestampMs":15803726.664,"nativeDurationMs":360,"nativeOffsetMs":25.839864999055862,"nativeSequence":16,"monotonicTimestampMs":15803726.664}
10-11 16:33:00.236 19110 19189 I ReactNativeJS: [outputs] outputs.hapticSymbol {"timestamp":15803755.807823,"wallClock":1760214780234,"enabled":true,"symbol":"-","durationMs":360,"platform":"android","source":"console.replay","correlationId":"console-replay:mgmqfkufcg3hu87e","timelineOffsetMs":25.839864999055862}
10-11 16:33:00.239 19110 19189 I ReactNativeJS: [outputs] outputs.flashPulse {"timestamp":15803759.722771,"wallClock":1760214780238,"enabled":true,"durationMs":360,"source":"console.replay","correlationId":"console-replay:mgmqfkufcg3hu87e","timelineOffsetMs":25.839864999055862}
10-11 16:33:00.295 19110 19189 I ReactNativeJS: [outputs] outputs.flashPulse.commit {"timestamp":15803816.59298,"wallClock":1760214780295,"durationMs":360,"source":"console.replay","correlationId":"console-replay:mgmqfkufcg3hu87e","latencyMs":64.0840620007366,"timelineOffsetMs":25.839864999055862,"leadMs":8,"scheduleSkewMs":72.0840620007366}
10-11 16:33:00.566 19110 19841 D OutputsAudio: [outputs-audio] stop gain=1.000 release=6.00
10-11 16:33:00.686 19110 19841 D OutputsAudio: [outputs-audio] start hz=700.0 gain=1.000 attack=2.50 release=6.00
10-11 16:33:00.706 19110 19189 D OutputsAudio: [outputs-audio] symbol.info sequence=17 symbol=- timestamp=15804207.478 duration=360.000
10-11 16:33:00.707 19110 19189 I ReactNativeJS: [outputs] playMorse.symbol {"timestamp":15804227.510323,"wallClock":1760214780706,"symbol":"-","durationMs":360,"index":16,"source":"console.replay","correlationId":"console-replay:mgmqfl7mmsl1mpze","nativeTimestampMs":15804207.478,"nativeDurationMs":360,"nativeOffsetMs":19.957636000588536,"nativeSequence":17,"monotonicTimestampMs":15804207.478}
10-11 16:33:00.707 19110 19189 I ReactNativeJS: [outputs] outputs.hapticSymbol {"timestamp":15804228.239907,"wallClock":1760214780707,"enabled":true,"symbol":"-","durationMs":360,"platform":"android","source":"console.replay","correlationId":"console-replay:mgmqfl7mmsl1mpze","timelineOffsetMs":19.957636000588536}
10-11 16:33:00.708 19110 19189 I ReactNativeJS: [outputs] outputs.flashPulse {"timestamp":15804229.368761,"wallClock":1760214780708,"enabled":true,"durationMs":360,"source":"console.replay","correlationId":"console-replay:mgmqfl7mmsl1mpze","timelineOffsetMs":19.957636000588536}
10-11 16:33:00.766 19110 19189 I ReactNativeJS: [outputs] outputs.flashPulse.commit {"timestamp":15804287.681469,"wallClock":1760214780766,"durationMs":360,"source":"console.replay","correlationId":"console-replay:mgmqfl7mmsl1mpze","latencyMs":60.24072899855673,"timelineOffsetMs":19.957636000588536,"leadMs":8,"scheduleSkewMs":68.24072899855673}
10-11 16:33:01.046 19110 19841 D OutputsAudio: [outputs-audio] stop gain=1.000 release=6.00
10-11 16:33:01.168 19110 19841 D OutputsAudio: [outputs-audio] start hz=700.0 gain=1.000 attack=2.50 release=6.00
10-11 16:33:01.192 19110 19189 D OutputsAudio: [outputs-audio] symbol.info sequence=18 symbol=- timestamp=15804689.640 duration=360.000
10-11 16:33:01.193 19110 19189 I ReactNativeJS: [outputs] playMorse.symbol {"timestamp":15804713.519958,"wallClock":1760214781192,"symbol":"-","durationMs":360,"index":17,"source":"console.replay","correlationId":"console-replay:mgmqfll46ypizz4d","nativeTimestampMs":15804689.64,"nativeDurationMs":360,"nativeOffsetMs":23.807926999405026,"nativeSequence":18,"monotonicTimestampMs":15804689.64}
10-11 16:33:01.193 19110 19189 I ReactNativeJS: [outputs] outputs.hapticSymbol {"timestamp":15804714.207458,"wallClock":1760214781193,"enabled":true,"symbol":"-","durationMs":360,"platform":"android","source":"console.replay","correlationId":"console-replay:mgmqfll46ypizz4d","timelineOffsetMs":23.807926999405026}
10-11 16:33:01.198 19110 19189 I ReactNativeJS: [outputs] outputs.flashPulse {"timestamp":15804719.487875,"wallClock":1760214781198,"enabled":true,"durationMs":360,"source":"console.replay","correlationId":"console-replay:mgmqfll46ypizz4d","timelineOffsetMs":23.807926999405026}
10-11 16:33:01.268 19110 19189 I ReactNativeJS: [outputs] outputs.flashPulse.commit {"timestamp":15804789.44324,"wallClock":1760214781268,"durationMs":360,"source":"console.replay","correlationId":"console-replay:mgmqfll46ypizz4d","latencyMs":75.99020799994469,"timelineOffsetMs":23.807926999405026,"leadMs":8,"scheduleSkewMs":83.99020799994469}
10-11 16:33:01.529 19110 19841 D OutputsAudio: [outputs-audio] stop gain=1.000 release=6.00
10-11 16:33:01.650 19110 19841 D OutputsAudio: [outputs-audio] start hz=700.0 gain=1.000 attack=2.50 release=6.00
10-11 16:33:01.681 19110 19189 D OutputsAudio: [outputs-audio] symbol.info sequence=19 symbol=. timestamp=15805172.144 duration=120.000
10-11 16:33:01.682 19110 19189 I ReactNativeJS: [outputs] playMorse.symbol {"timestamp":15805203.095739,"wallClock":1760214781681,"symbol":".","durationMs":120,"index":18,"source":"console.replay","correlationId":"console-replay:mgmqflypa0xufr8m","nativeTimestampMs":15805172.144,"nativeDurationMs":120,"nativeOffsetMs":30.86517699994147,"nativeSequence":19,"monotonicTimestampMs":15805172.144}
10-11 16:33:01.683 19110 19189 I ReactNativeJS: [outputs] outputs.hapticSymbol {"timestamp":15805203.829646,"wallClock":1760214781682,"enabled":true,"symbol":".","durationMs":120,"platform":"android","source":"console.replay","correlationId":"console-replay:mgmqflypa0xufr8m","timelineOffsetMs":30.86517699994147}
10-11 16:33:01.684 19110 19189 I ReactNativeJS: [outputs] outputs.flashPulse {"timestamp":15805205.012823,"wallClock":1760214781683,"enabled":true,"durationMs":120,"source":"console.replay","correlationId":"console-replay:mgmqflypa0xufr8m","timelineOffsetMs":30.86517699994147}
10-11 16:33:01.740 19110 19189 I ReactNativeJS: [outputs] outputs.flashPulse.commit {"timestamp":15805261.640167,"wallClock":1760214781740,"durationMs":120,"source":"console.replay","correlationId":"console-replay:mgmqflypa0xufr8m","latencyMs":58.625260001048446,"timelineOffsetMs":30.86517699994147,"leadMs":8,"scheduleSkewMs":66.62526000104845}
10-11 16:33:01.771 19110 19841 D OutputsAudio: [outputs-audio] stop gain=1.000 release=6.00
10-11 16:33:01.892 19110 19841 D OutputsAudio: [outputs-audio] start hz=700.0 gain=1.000 attack=2.50 release=6.00
10-11 16:33:01.906 19110 19189 D OutputsAudio: [outputs-audio] symbol.info sequence=20 symbol=. timestamp=15805413.864 duration=120.000
10-11 16:33:01.907 19110 19189 I ReactNativeJS: [outputs] playMorse.symbol {"timestamp":15805427.643291,"wallClock":1760214781906,"symbol":".","durationMs":120,"index":19,"source":"console.replay","correlationId":"console-replay:mgmqfm4y442yi3ly","nativeTimestampMs":15805413.864,"nativeDurationMs":120,"nativeOffsetMs":13.703665999695659,"nativeSequence":20,"monotonicTimestampMs":15805413.864}
10-11 16:33:01.908 19110 19189 I ReactNativeJS: [outputs] outputs.hapticSymbol {"timestamp":15805428.968344,"wallClock":1760214781907,"enabled":true,"symbol":".","durationMs":120,"platform":"android","source":"console.replay","correlationId":"console-replay:mgmqfm4y442yi3ly","timelineOffsetMs":13.703665999695659}
10-11 16:33:01.909 19110 19189 I ReactNativeJS: [outputs] outputs.flashPulse {"timestamp":15805430.644698,"wallClock":1760214781909,"enabled":true,"durationMs":120,"source":"console.replay","correlationId":"console-replay:mgmqfm4y442yi3ly","timelineOffsetMs":13.703665999695659}
10-11 16:33:01.969 19110 19189 I ReactNativeJS: [outputs] outputs.flashPulse.commit {"timestamp":15805490.557302,"wallClock":1760214781969,"durationMs":120,"source":"console.replay","correlationId":"console-replay:mgmqfm4y442yi3ly","latencyMs":62.98448000103235,"timelineOffsetMs":13.703665999695659,"leadMs":8,"scheduleSkewMs":70.98448000103235}
10-11 16:33:02.013 19110 19841 D OutputsAudio: [outputs-audio] stop gain=1.000 release=6.00
10-11 16:33:02.133 19110 19841 D OutputsAudio: [outputs-audio] start hz=700.0 gain=1.000 attack=2.50 release=6.00
10-11 16:33:02.150 19110 19189 D OutputsAudio: [outputs-audio] symbol.info sequence=21 symbol=. timestamp=15805655.334 duration=120.000
10-11 16:33:02.153 19110 19189 I ReactNativeJS: [outputs] playMorse.symbol {"timestamp":15805672.081416,"wallClock":1760214782150,"symbol":".","durationMs":120,"index":20,"source":"console.replay","correlationId":"console-replay:mgmqfmbq3bdpwptj","nativeTimestampMs":15805655.334,"nativeDurationMs":120,"nativeOffsetMs":16.5980929993093,"nativeSequence":21,"monotonicTimestampMs":15805655.334}
10-11 16:33:02.155 19110 19189 I ReactNativeJS: [outputs] outputs.hapticSymbol {"timestamp":15805674.991208,"wallClock":1760214782153,"enabled":true,"symbol":".","durationMs":120,"platform":"android","source":"console.replay","correlationId":"console-replay:mgmqfmbq3bdpwptj","timelineOffsetMs":16.5980929993093}
10-11 16:33:02.159 19110 19189 I ReactNativeJS: [outputs] outputs.flashPulse {"timestamp":15805678.962979,"wallClock":1760214782157,"enabled":true,"durationMs":120,"source":"console.replay","correlationId":"console-replay:mgmqfmbq3bdpwptj","timelineOffsetMs":16.5980929993093}
10-11 16:33:02.213 19110 19189 I ReactNativeJS: [outputs] outputs.flashPulse.commit {"timestamp":15805734.695791,"wallClock":1760214782213,"durationMs":120,"source":"console.replay","correlationId":"console-replay:mgmqfmbq3bdpwptj","latencyMs":62.75791699998081,"timelineOffsetMs":16.5980929993093,"leadMs":8,"scheduleSkewMs":70.75791699998081}
10-11 16:33:02.254 19110 19841 D OutputsAudio: [outputs-audio] stop gain=1.000 release=6.00
10-11 16:33:02.376 19110 19841 D OutputsAudio: [outputs-audio] start hz=700.0 gain=1.000 attack=2.50 release=6.00
10-11 16:33:02.378 19110 19189 D OutputsAudio: [outputs-audio] symbol.info sequence=22 symbol=- timestamp=15805897.207 duration=360.000
10-11 16:33:02.380 19110 19189 I ReactNativeJS: [outputs] playMorse.symbol {"timestamp":15805900.157145,"wallClock":1760214782379,"symbol":"-","durationMs":360,"index":21,"source":"console.replay","correlationId":"console-replay:mgmqfmi2g2zpd5vf","nativeTimestampMs":15805897.207,"nativeDurationMs":360,"nativeOffsetMs":2.7257700003683567,"nativeSequence":22,"monotonicTimestampMs":15805897.207}
10-11 16:33:02.382 19110 19189 I ReactNativeJS: [outputs] outputs.hapticSymbol {"timestamp":15805902.243239,"wallClock":1760214782381,"enabled":true,"symbol":"-","durationMs":360,"platform":"android","source":"console.replay","correlationId":"console-replay:mgmqfmi2g2zpd5vf","timelineOffsetMs":2.7257700003683567}
10-11 16:33:02.386 19110 19189 I ReactNativeJS: [outputs] outputs.flashPulse {"timestamp":15805906.693708,"wallClock":1760214782385,"enabled":true,"durationMs":360,"source":"console.replay","correlationId":"console-replay:mgmqfmi2g2zpd5vf","timelineOffsetMs":2.7257700003683567}
10-11 16:33:02.462 19110 19189 I ReactNativeJS: [outputs] outputs.flashPulse.commit {"timestamp":15805982.757145,"wallClock":1760214782461,"durationMs":360,"source":"console.replay","correlationId":"console-replay:mgmqfmi2g2zpd5vf","latencyMs":82.8185419999063,"timelineOffsetMs":2.7257700003683567,"leadMs":8,"scheduleSkewMs":90.8185419999063}
10-11 16:33:02.736 19110 19841 D OutputsAudio: [outputs-audio] stop gain=1.000 release=6.00
10-11 16:33:02.856 19110 19841 D OutputsAudio: [outputs-audio] start hz=700.0 gain=1.000 attack=2.50 release=6.00
10-11 16:33:02.879 19110 19189 D OutputsAudio: [outputs-audio] symbol.info sequence=23 symbol=- timestamp=15806378.450 duration=360.000
10-11 16:33:02.881 19110 19189 I ReactNativeJS: [outputs] playMorse.symbol {"timestamp":15806401.131104,"wallClock":1760214782880,"symbol":"-","durationMs":360,"index":22,"source":"console.replay","correlationId":"console-replay:mgmqfmvznh91820p","nativeTimestampMs":15806378.45,"nativeDurationMs":360,"nativeOffsetMs":22.545998999848962,"nativeSequence":23,"monotonicTimestampMs":15806378.45}
10-11 16:33:02.881 19110 19189 I ReactNativeJS: [outputs] outputs.hapticSymbol {"timestamp":15806402.437874,"wallClock":1760214782881,"enabled":true,"symbol":"-","durationMs":360,"platform":"android","source":"console.replay","correlationId":"console-replay:mgmqfmvznh91820p","timelineOffsetMs":22.545998999848962}
10-11 16:33:02.883 19110 19189 I ReactNativeJS: [outputs] outputs.flashPulse {"timestamp":15806403.968291,"wallClock":1760214782882,"enabled":true,"durationMs":360,"source":"console.replay","correlationId":"console-replay:mgmqfmvznh91820p","timelineOffsetMs":22.545998999848962}
10-11 16:33:02.949 19110 19189 I ReactNativeJS: [outputs] outputs.flashPulse.commit {"timestamp":15806470.078187,"wallClock":1760214782948,"durationMs":360,"source":"console.replay","correlationId":"console-replay:mgmqfmvznh91820p","latencyMs":69.07703200168908,"timelineOffsetMs":22.545998999848962,"leadMs":8,"scheduleSkewMs":77.07703200168908}
10-11 16:33:03.217 19110 19841 D OutputsAudio: [outputs-audio] stop gain=1.000 release=6.00
10-11 16:33:03.338 19110 19841 D OutputsAudio: [outputs-audio] start hz=700.0 gain=1.000 attack=2.50 release=6.00
10-11 16:33:03.345 19110 19189 D OutputsAudio: [outputs-audio] symbol.info sequence=24 symbol=- timestamp=15806859.746 duration=360.000
10-11 16:33:03.346 19110 19189 I ReactNativeJS: [outputs] playMorse.symbol {"timestamp":15806866.734801,"wallClock":1760214783345,"symbol":"-","durationMs":360,"index":23,"source":"console.replay","correlationId":"console-replay:mgmqfn8xeaeavyk6","nativeTimestampMs":15806859.746,"nativeDurationMs":360,"nativeOffsetMs":6.928437000140548,"nativeSequence":24,"monotonicTimestampMs":15806859.746}
10-11 16:33:03.346 19110 19189 I ReactNativeJS: [outputs] outputs.hapticSymbol {"timestamp":15806867.281676,"wallClock":1760214783346,"enabled":true,"symbol":"-","durationMs":360,"platform":"android","source":"console.replay","correlationId":"console-replay:mgmqfn8xeaeavyk6","timelineOffsetMs":6.928437000140548}
10-11 16:33:03.347 19110 19189 I ReactNativeJS: [outputs] outputs.flashPulse {"timestamp":15806868.119228,"wallClock":1760214783346,"enabled":true,"durationMs":360,"source":"console.replay","correlationId":"console-replay:mgmqfn8xeaeavyk6","timelineOffsetMs":6.928437000140548}
10-11 16:33:03.397 19110 19189 I ReactNativeJS: [outputs] outputs.flashPulse.commit {"timestamp":15806918.55152,"wallClock":1760214783397,"durationMs":360,"source":"console.replay","correlationId":"console-replay:mgmqfn8xeaeavyk6","latencyMs":51.87213500030339,"timelineOffsetMs":6.928437000140548,"leadMs":8,"scheduleSkewMs":59.87213500030339}
10-11 16:33:03.699 19110 19841 D OutputsAudio: [outputs-audio] stop gain=1.000 release=6.00
10-11 16:33:03.819 19110 19841 D OutputsAudio: [outputs-audio] start hz=700.0 gain=1.000 attack=2.50 release=6.00
10-11 16:33:03.839 19110 19189 D OutputsAudio: [outputs-audio] symbol.info sequence=25 symbol=. timestamp=15807341.351 duration=120.000
10-11 16:33:03.840 19110 19189 I ReactNativeJS: [outputs] playMorse.symbol {"timestamp":15807361.064437,"wallClock":1760214783839,"symbol":".","durationMs":120,"index":24,"source":"console.replay","correlationId":"console-replay:mgmqfnmnuoqsaokd","nativeTimestampMs":15807341.351,"nativeDurationMs":120,"nativeOffsetMs":19.600051000714302,"nativeSequence":25,"monotonicTimestampMs":15807341.351}
10-11 16:33:03.841 19110 19189 I ReactNativeJS: [outputs] outputs.hapticSymbol {"timestamp":15807362.113499,"wallClock":1760214783840,"enabled":true,"symbol":".","durationMs":120,"platform":"android","source":"console.replay","correlationId":"console-replay:mgmqfnmnuoqsaokd","timelineOffsetMs":19.600051000714302}
10-11 16:33:03.842 19110 19189 I ReactNativeJS: [outputs] outputs.flashPulse {"timestamp":15807363.435895,"wallClock":1760214783842,"enabled":true,"durationMs":120,"source":"console.replay","correlationId":"console-replay:mgmqfnmnuoqsaokd","timelineOffsetMs":19.600051000714302}
10-11 16:33:03.904 19110 19189 I ReactNativeJS: [outputs] outputs.flashPulse.commit {"timestamp":15807424.803864,"wallClock":1760214783903,"durationMs":120,"source":"console.replay","correlationId":"console-replay:mgmqfnmnuoqsaokd","latencyMs":63.84692700020969,"timelineOffsetMs":19.600051000714302,"leadMs":8,"scheduleSkewMs":71.84692700020969}
10-11 16:33:03.940 19110 19841 D OutputsAudio: [outputs-audio] stop gain=1.000 release=6.00
10-11 16:33:04.061 19110 19841 D OutputsAudio: [outputs-audio] start hz=700.0 gain=1.000 attack=2.50 release=6.00
10-11 16:33:04.081 19110 19189 D OutputsAudio: [outputs-audio] symbol.info sequence=26 symbol=. timestamp=15807582.824 duration=120.000
10-11 16:33:04.084 19110 19189 I ReactNativeJS: [outputs] playMorse.symbol {"timestamp":15807602.439801,"wallClock":1760214784081,"symbol":".","durationMs":120,"index":25,"source":"console.replay","correlationId":"console-replay:mgmqfntdtz956o11","nativeTimestampMs":15807582.824,"nativeDurationMs":120,"nativeOffsetMs":19.453718001022935,"nativeSequence":26,"monotonicTimestampMs":15807582.824}
10-11 16:33:04.085 19110 19189 I ReactNativeJS: [outputs] outputs.hapticSymbol {"timestamp":15807605.931207,"wallClock":1760214784084,"enabled":true,"symbol":".","durationMs":120,"platform":"android","source":"console.replay","correlationId":"console-replay:mgmqfntdtz956o11","timelineOffsetMs":19.453718001022935}
10-11 16:33:04.090 19110 19189 I ReactNativeJS: [outputs] outputs.flashPulse {"timestamp":15807610.268916,"wallClock":1760214784089,"enabled":true,"durationMs":120,"source":"console.replay","correlationId":"console-replay:mgmqfntdtz956o11","timelineOffsetMs":19.453718001022935}
10-11 16:33:04.142 19110 19189 I ReactNativeJS: [outputs] outputs.flashPulse.commit {"timestamp":15807663.09553,"wallClock":1760214784141,"durationMs":120,"source":"console.replay","correlationId":"console-replay:mgmqfntdtz956o11","latencyMs":60.81281200051308,"timelineOffsetMs":19.453718001022935,"leadMs":8,"scheduleSkewMs":68.81281200051308}
10-11 16:33:04.181 19110 19841 D OutputsAudio: [outputs-audio] stop gain=1.000 release=6.00
10-11 16:33:04.302 19110 19841 D OutputsAudio: [outputs-audio] start hz=700.0 gain=1.000 attack=2.50 release=6.00
10-11 16:33:04.324 19110 19189 D OutputsAudio: [outputs-audio] symbol.info sequence=27 symbol=. timestamp=15807823.783 duration=120.000
10-11 16:33:04.325 19110 19189 I ReactNativeJS: [outputs] playMorse.symbol {"timestamp":15807846.138447,"wallClock":1760214784325,"symbol":".","durationMs":120,"index":26,"source":"console.replay","correlationId":"console-replay:mgmqfo0442p28nqx","nativeTimestampMs":15807823.783,"nativeDurationMs":120,"nativeOffsetMs":22.244145000353456,"nativeSequence":27,"monotonicTimestampMs":15807823.783}
10-11 16:33:04.326 19110 19189 I ReactNativeJS: [outputs] outputs.hapticSymbol {"timestamp":15807847.131416,"wallClock":1760214784326,"enabled":true,"symbol":".","durationMs":120,"platform":"android","source":"console.replay","correlationId":"console-replay:mgmqfo0442p28nqx","timelineOffsetMs":22.244145000353456}
10-11 16:33:04.327 19110 19189 I ReactNativeJS: [outputs] outputs.flashPulse {"timestamp":15807848.539124,"wallClock":1760214784327,"enabled":true,"durationMs":120,"source":"console.replay","correlationId":"console-replay:mgmqfo0442p28nqx","timelineOffsetMs":22.244145000353456}
10-11 16:33:04.393 19110 19189 I ReactNativeJS: [outputs] outputs.flashPulse.commit {"timestamp":15807914.367561,"wallClock":1760214784393,"durationMs":120,"source":"console.replay","correlationId":"console-replay:mgmqfo0442p28nqx","latencyMs":68.33520800061524,"timelineOffsetMs":22.244145000353456,"leadMs":8,"scheduleSkewMs":76.33520800061524}
10-11 16:33:04.423 19110 19841 D OutputsAudio: [outputs-audio] stop gain=1.000 release=6.00
10-11 16:33:04.438 19110 19189 I ReactNativeJS: [outputs] playMorse.complete {"timestamp":15807959.051832,"wallClock":1760214784437,"durationMs":9665.588955000043,"source":"console.replay","audioEnabled":true,"audioVolumePercent":100}
10-11 16:33:04.544 19110 19841 D OutputsAudio: [outputs-audio] stop gain=0.000 release=6.00
10-11 16:33:04.544 19110 19841 D OutputsAudio: [outputs-audio] playMorse.end cancelled=0
10-11 16:33:06.659 19110 19189 I ReactNativeJS: [outputs] playMorse.start {"timestamp":15810180.357144,"wallClock":1760214786659,"unitMs":80,"length":28,"source":"console.replay","audioEnabled":true,"audioVolumePercent":100}
10-11 16:33:06.916 19110 19189 D OutputsAudio: [outputs-audio] warmup hz=700.0
10-11 16:33:06.917 19110 19884 D OutputsAudio: [outputs-audio] playMorse.start count=27 unit=80.0
10-11 16:33:06.917 19110 19884 D OutputsAudio: [outputs-audio] start hz=700.0 gain=1.000 attack=2.50 release=6.00
10-11 16:33:06.933 19110 19189 D OutputsAudio: [outputs-audio] symbol.info sequence=1 symbol=. timestamp=15810438.587 duration=80.000
10-11 16:33:06.934 19110 19189 I ReactNativeJS: [outputs] playMorse.symbol {"timestamp":15810454.528758,"wallClock":1760214786933,"symbol":".","durationMs":80,"index":0,"source":"console.replay","correlationId":"console-replay:mgmqfq0l2my22tj9","nativeTimestampMs":15810438.587,"nativeDurationMs":80,"nativeOffsetMs":15.85181000083685,"nativeSequence":1,"monotonicTimestampMs":15810438.587}
10-11 16:33:06.934 19110 19189 I ReactNativeJS: [outputs] outputs.hapticSymbol {"timestamp":15810455.467404,"wallClock":1760214786934,"enabled":true,"symbol":".","durationMs":80,"platform":"android","source":"console.replay","correlationId":"console-replay:mgmqfq0l2my22tj9","timelineOffsetMs":15.85181000083685}
10-11 16:33:06.940 19110 19189 I ReactNativeJS: [outputs] outputs.flashPulse {"timestamp":15810456.740894,"wallClock":1760214786935,"enabled":true,"durationMs":80,"source":"console.replay","correlationId":"console-replay:mgmqfq0l2my22tj9","timelineOffsetMs":15.85181000083685}
10-11 16:33:06.998 19110 19884 D OutputsAudio: [outputs-audio] stop gain=1.000 release=6.00
10-11 16:33:07.007 19110 19189 I ReactNativeJS: [outputs] outputs.flashPulse.commit {"timestamp":15810527.950633,"wallClock":1760214787006,"durationMs":80,"source":"console.replay","correlationId":"console-replay:mgmqfq0l2my22tj9","latencyMs":73.50640700012445,"timelineOffsetMs":15.85181000083685,"leadMs":8,"scheduleSkewMs":81.50640700012445}
10-11 16:33:07.079 19110 19884 D OutputsAudio: [outputs-audio] start hz=700.0 gain=1.000 attack=2.50 release=6.00
10-11 16:33:07.093 19110 19189 D OutputsAudio: [outputs-audio] symbol.info sequence=2 symbol=. timestamp=15810600.547 duration=80.000
10-11 16:33:07.094 19110 19189 I ReactNativeJS: [outputs] playMorse.symbol {"timestamp":15810614.742925,"wallClock":1760214787093,"symbol":".","durationMs":80,"index":1,"source":"console.replay","correlationId":"console-replay:mgmqfq51cwjo38t7","nativeTimestampMs":15810600.547,"nativeDurationMs":80,"nativeOffsetMs":14.095038998872042,"nativeSequence":2,"monotonicTimestampMs":15810600.547}
10-11 16:33:07.094 19110 19189 I ReactNativeJS: [outputs] outputs.hapticSymbol {"timestamp":15810615.550946,"wallClock":1760214787094,"enabled":true,"symbol":".","durationMs":80,"platform":"android","source":"console.replay","correlationId":"console-replay:mgmqfq51cwjo38t7","timelineOffsetMs":14.095038998872042}
10-11 16:33:07.098 19110 19189 I ReactNativeJS: [outputs] outputs.flashPulse {"timestamp":15810616.818394,"wallClock":1760214787095,"enabled":true,"durationMs":80,"source":"console.replay","correlationId":"console-replay:mgmqfq51cwjo38t7","timelineOffsetMs":14.095038998872042}
10-11 16:33:07.156 19110 19189 I ReactNativeJS: [outputs] outputs.flashPulse.commit {"timestamp":15810677.203029,"wallClock":1760214787156,"durationMs":80,"source":"console.replay","correlationId":"console-replay:mgmqfq51cwjo38t7","latencyMs":62.55588600039482,"timelineOffsetMs":14.095038998872042,"leadMs":8,"scheduleSkewMs":70.55588600039482}
10-11 16:33:07.160 19110 19884 D OutputsAudio: [outputs-audio] stop gain=1.000 release=6.00
10-11 16:33:07.242 19110 19884 D OutputsAudio: [outputs-audio] start hz=700.0 gain=1.000 attack=2.50 release=6.00
