10-11 19:25:24.910 12221 14039 I ReactNativeJS: [outputs] outputs.flashPulse {"timestamp":26111088.58811,"wallClock":1760225124910,"enabled":true,"durationMs":102,"source":"console.replay","correlationId":"console-replay:mgmwlaukckoyff7d","timelineOffsetMs":33.8737250007689,"schedulingMode":"timeline","audioStartHeadroomMs":-61.328579001128674,"audioStartGuard":"headroom","audioStartCompensationMs":61.328579001128674}
10-11 19:25:24.963 12221 14039 I ReactNativeJS: [outputs] outputs.flashPulse.commit {"timestamp":26111141.520246,"wallClock":1760225124962,"durationMs":102,"source":"console.replay","correlationId":"console-replay:mgmwlaukckoyff7d","latencyMs":54.84104099869728,"timelineOffsetMs":33.8737250007689,"leadMs":8,"scheduleSkewMs":52.930415999144316,"schedulingMode":"timeline","audioStartHeadroomMs":-61.328579001128674,"audioStartGuard":"headroom","audioStartCompensationMs":61.328579001128674}
10-11 19:25:24.976 12221 14901 D OutputsAudio: [outputs-audio] stop gain=1.000 release=6.00
10-11 19:25:25.011 12221 14901 D OutputsAudio: [outputs-audio] start hz=650.0 gain=1.000 attack=2.50 release=6.00
10-11 19:25:25.012 12221 14901 D OutputsAudio: [outputs-audio] playMorse.symbol.start sequence=13 symbol=. expected=26111171.250 actual=26111190.747 skew=19.496 batchElapsed=1243.496
10-11 19:25:25.025 12221 14039 D OutputsAudio: [outputs-audio] symbol.info sequence=13 symbol=. timestamp=26111190.747 duration=34.000 expected=26111171.250 skew=19.496 age=13.148
10-11 19:25:25.026 12221 14039 I ReactNativeJS: [outputs] playMorse.symbol {"timestamp":26111204.168891,"wallClock":1760225125025,"symbol":"-","durationMs":102,"index":11,"source":"console.replay","correlationId":"console-replay:m9gpdqvs","nativeTimestampMs":26111190.747,"nativeDurationMs":34,"nativeOffsetMs":13.325380999594927,"nativeSequence":13,"monotonicTimestampMs":26111190.747,"nativeExpectedTimestampMs":26111171.25,"nativeStartSkewMs":19.496,"nativeBatchElapsedMs":1243.496,"nativeExpectedSincePriorMs":136,"nativeSincePriorMs":137.95,"nativePatternStartMs":26109947.25,"nativeAgeMs":13.148}
10-11 19:25:25.027 12221 14039 I ReactNativeJS: [outputs] playMorse.symbol {"timestamp":26111205.204777,"wallClock":1760225125026,"symbol":"-","durationMs":102,"index":11,"source":"console.replay","correlationId":"console-replay:mgmwlaxuse44pxc8","nativeTimestampMs":26111190.747,"nativeDurationMs":34,"nativeOffsetMs":13.325380999594927,"nativeSequence":13,"monotonicTimestampMs":26111190.747,"nativeExpectedTimestampMs":26111171.25,"nativeStartSkewMs":19.496,"nativeBatchElapsedMs":1243.496,"nativeExpectedSincePriorMs":136,"nativeSincePriorMs":137.95,"nativePatternStartMs":26109947.25,"nativeAgeMs":13.148}
10-11 19:25:25.027 12221 14039 I ReactNativeJS: [outputs] outputs.hapticSymbol {"timestamp":26111205.926183,"wallClock":1760225125027,"enabled":true,"symbol":"-","durationMs":102,"platform":"android","source":"console.replay","correlationId":"console-replay:mgmwlaxuse44pxc8","timelineOffsetMs":null}
10-11 19:25:25.029 12221 14039 I ReactNativeJS: [outputs] outputs.flashPulse {"timestamp":26111207.215089,"wallClock":1760225125028,"enabled":true,"durationMs":102,"source":"console.replay","correlationId":"console-replay:mgmwlaxuse44pxc8","timelineOffsetMs":13.325380999594927,"schedulingMode":"timeline","audioStartHeadroomMs":-43.94316200166941,"audioStartGuard":"headroom","audioStartCompensationMs":43.94316200166941}
10-11 19:25:25.046 12221 14901 D OutputsAudio: [outputs-audio] stop gain=1.000 release=6.00
10-11 19:25:25.080 12221 14901 D OutputsAudio: [outputs-audio] start hz=650.0 gain=1.000 attack=2.50 release=6.00
10-11 19:25:25.080 12221 14901 D OutputsAudio: [outputs-audio] playMorse.symbol.start sequence=14 symbol=. expected=26111239.250 actual=26111259.550 skew=20.299 batchElapsed=1312.299
10-11 19:25:25.087 12221 14039 I ReactNativeJS: [outputs] outputs.flashPulse.commit {"timestamp":26111265.66285,"wallClock":1760225125087,"durationMs":102,"source":"console.replay","correlationId":"console-replay:mgmwlaxuse44pxc8","latencyMs":61.580885000526905,"timelineOffsetMs":13.325380999594927,"leadMs":8,"scheduleSkewMs":58.45687500014901,"schedulingMode":"timeline","audioStartHeadroomMs":-43.94316200166941,"audioStartGuard":"headroom","audioStartCompensationMs":43.94316200166941}
10-11 19:25:25.115 12221 14901 D OutputsAudio: [outputs-audio] stop gain=1.000 release=6.00
10-11 19:25:25.130 12221 14039 D OutputsAudio: [outputs-audio] symbol.info sequence=14 symbol=. timestamp=26111259.550 duration=34.000 expected=26111239.250 skew=20.299 age=49.643
10-11 19:25:25.131 12221 14039 I ReactNativeJS: [outputs] playMorse.symbol {"timestamp":26111309.334256,"wallClock":1760225125130,"symbol":".","durationMs":34,"index":12,"source":"console.replay","correlationId":"console-replay:08id0jrq","nativeTimestampMs":26111259.55,"nativeDurationMs":34,"nativeOffsetMs":49.735192999243736,"nativeSequence":14,"monotonicTimestampMs":26111259.55,"nativeExpectedTimestampMs":26111239.25,"nativeStartSkewMs":20.299,"nativeBatchElapsedMs":1312.299,"nativeExpectedSincePriorMs":68,"nativeSincePriorMs":68.803,"nativePatternStartMs":26109947.25,"nativeAgeMs":49.643}
10-11 19:25:25.131 12221 14039 I ReactNativeJS: [outputs] playMorse.symbol {"timestamp":26111309.954256,"wallClock":1760225125131,"symbol":".","durationMs":34,"index":12,"source":"console.replay","correlationId":"console-replay:mgmwlb0r9txdu02e","nativeTimestampMs":26111259.55,"nativeDurationMs":34,"nativeOffsetMs":49.735192999243736,"nativeSequence":14,"monotonicTimestampMs":26111259.55,"nativeExpectedTimestampMs":26111239.25,"nativeStartSkewMs":20.299,"nativeBatchElapsedMs":1312.299,"nativeExpectedSincePriorMs":68,"nativeSincePriorMs":68.803,"nativePatternStartMs":26109947.25,"nativeAgeMs":49.643}
10-11 19:25:25.132 12221 14039 I ReactNativeJS: [outputs] outputs.hapticSymbol {"timestamp":26111310.361496,"wallClock":1760225125131,"enabled":true,"symbol":".","durationMs":34,"platform":"android","source":"console.replay","correlationId":"console-replay:mgmwlb0r9txdu02e","timelineOffsetMs":null}
10-11 19:25:25.132 12221 14039 I ReactNativeJS: [outputs] outputs.flashPulse {"timestamp":26111311.190193,"wallClock":1760225125132,"enabled":true,"durationMs":34,"source":"console.replay","correlationId":"console-replay:mgmwlb0r9txdu02e","timelineOffsetMs":49.735192999243736,"schedulingMode":"timeline","audioStartHeadroomMs":-79.93066199868917,"audioStartGuard":"headroom","audioStartCompensationMs":79.93066199868917}
10-11 19:25:25.150 12221 14901 D OutputsAudio: [outputs-audio] start hz=650.0 gain=1.000 attack=2.50 release=6.00
10-11 19:25:25.150 12221 14901 D OutputsAudio: [outputs-audio] playMorse.symbol.start sequence=15 symbol=. expected=26111307.250 actual=26111328.787 skew=21.536 batchElapsed=1381.536
10-11 19:25:25.185 12221 14901 D OutputsAudio: [outputs-audio] stop gain=1.000 release=6.00
10-11 19:25:25.190 12221 14039 I ReactNativeJS: [outputs] outputs.flashPulse.commit {"timestamp":26111368.798423,"wallClock":1760225125190,"durationMs":34,"source":"console.replay","correlationId":"console-replay:mgmwlb0r9txdu02e","latencyMs":59.50489600002766,"timelineOffsetMs":49.735192999243736,"leadMs":8,"scheduleSkewMs":57.6078639999032,"schedulingMode":"timeline","audioStartHeadroomMs":-79.93066199868917,"audioStartGuard":"headroom","audioStartCompensationMs":79.93066199868917}
10-11 19:25:25.219 12221 14901 D OutputsAudio: [outputs-audio] start hz=650.0 gain=1.000 attack=2.50 release=6.00
10-11 19:25:25.219 12221 14901 D OutputsAudio: [outputs-audio] playMorse.symbol.start sequence=16 symbol=- expected=26111375.250 actual=26111397.914 skew=22.663 batchElapsed=1450.663
10-11 19:25:25.233 12221 14039 D OutputsAudio: [outputs-audio] symbol.info sequence=16 symbol=- timestamp=26111397.914 duration=102.000 expected=26111375.250 skew=22.663 age=14.062
10-11 19:25:25.234 12221 14039 W ReactNativeJS: '[outputs-audio] native sequence jump', { previous: 14, next: 16, delta: 2 }
10-11 19:25:25.234 12221 14039 I ReactNativeJS: [outputs] playMorse.symbol {"timestamp":26111412.815298,"wallClock":1760225125234,"symbol":".","durationMs":34,"index":13,"source":"console.replay","correlationId":"console-replay:0qzuhvm1","nativeTimestampMs":26111397.914,"nativeDurationMs":102,"nativeOffsetMs":14.863640997558832,"nativeSequence":16,"monotonicTimestampMs":26111397.914,"nativeExpectedTimestampMs":26111375.25,"nativeStartSkewMs":22.663,"nativeBatchElapsedMs":1450.663,"nativeExpectedSincePriorMs":68,"nativeSincePriorMs":69.127,"nativePatternStartMs":26109947.25,"nativeAgeMs":14.062}
10-11 19:25:25.235 12221 14039 I ReactNativeJS: [outputs] playMorse.symbol {"timestamp":26111413.346235,"wallClock":1760225125234,"symbol":".","durationMs":34,"index":13,"source":"console.replay","correlationId":"console-replay:mgmwlb3my1pqqzux","nativeTimestampMs":26111397.914,"nativeDurationMs":102,"nativeOffsetMs":14.863640997558832,"nativeSequence":16,"monotonicTimestampMs":26111397.914,"nativeExpectedTimestampMs":26111375.25,"nativeStartSkewMs":22.663,"nativeBatchElapsedMs":1450.663,"nativeExpectedSincePriorMs":68,"nativeSincePriorMs":69.127,"nativePatternStartMs":26109947.25,"nativeAgeMs":14.062}
10-11 19:25:25.235 12221 14039 I ReactNativeJS: [outputs] outputs.hapticSymbol {"timestamp":26111413.773162,"wallClock":1760225125235,"enabled":true,"symbol":".","durationMs":34,"platform":"android","source":"console.replay","correlationId":"console-replay:mgmwlb3my1pqqzux","timelineOffsetMs":null}
10-11 19:25:25.236 12221 14039 I ReactNativeJS: [outputs] outputs.flashPulse {"timestamp":26111414.619829,"wallClock":1760225125236,"enabled":true,"durationMs":34,"source":"console.replay","correlationId":"console-replay:mgmwlb3my1pqqzux","timelineOffsetMs":14.863640997558832,"schedulingMode":"timeline","audioStartHeadroomMs":-47.36024500057101,"audioStartGuard":"headroom","audioStartCompensationMs":47.36024500057101}
10-11 19:25:25.289 12221 14039 I ReactNativeJS: [outputs] outputs.flashPulse.commit {"timestamp":26111467.808475,"wallClock":1760225125289,"durationMs":34,"source":"console.replay","correlationId":"console-replay:mgmwlb3my1pqqzux","latencyMs":55.02213600277901,"timelineOffsetMs":14.863640997558832,"leadMs":8,"scheduleSkewMs":53.18807300180197,"schedulingMode":"timeline","audioStartHeadroomMs":-47.36024500057101,"audioStartGuard":"headroom","audioStartCompensationMs":47.36024500057101}
10-11 19:25:25.322 12221 14901 D OutputsAudio: [outputs-audio] stop gain=1.000 release=6.00
10-11 19:25:25.356 12221 14901 D OutputsAudio: [outputs-audio] start hz=650.0 gain=1.000 attack=2.50 release=6.00
10-11 19:25:25.356 12221 14901 D OutputsAudio: [outputs-audio] playMorse.symbol.start sequence=17 symbol=- expected=26111511.250 actual=26111535.375 skew=24.124 batchElapsed=1588.124
10-11 19:25:25.369 12221 14039 D OutputsAudio: [outputs-audio] symbol.info sequence=17 symbol=- timestamp=26111535.375 duration=102.000 expected=26111511.250 skew=24.124 age=12.792
10-11 19:25:25.370 12221 14039 I ReactNativeJS: [outputs] playMorse.symbol {"timestamp":26111548.334516,"wallClock":1760225125369,"symbol":".","durationMs":34,"index":14,"source":"console.replay","correlationId":"console-replay:csevenjo","nativeTimestampMs":26111535.375,"nativeDurationMs":102,"nativeOffsetMs":12.89071400091052,"nativeSequence":17,"monotonicTimestampMs":26111535.375,"nativeExpectedTimestampMs":26111511.25,"nativeStartSkewMs":24.124,"nativeBatchElapsedMs":1588.124,"nativeExpectedSincePriorMs":136,"nativeSincePriorMs":137.461,"nativePatternStartMs":26109947.25,"nativeAgeMs":12.792}
10-11 19:25:25.371 12221 14039 I ReactNativeJS: [outputs] playMorse.symbol {"timestamp":26111549.145245,"wallClock":1760225125370,"symbol":".","durationMs":34,"index":14,"source":"console.replay","correlationId":"console-replay:mgmwlb7ea7b8c6cl","nativeTimestampMs":26111535.375,"nativeDurationMs":102,"nativeOffsetMs":12.89071400091052,"nativeSequence":17,"monotonicTimestampMs":26111535.375,"nativeExpectedTimestampMs":26111511.25,"nativeStartSkewMs":24.124,"nativeBatchElapsedMs":1588.124,"nativeExpectedSincePriorMs":136,"nativeSincePriorMs":137.461,"nativePatternStartMs":26109947.25,"nativeAgeMs":12.792}
10-11 19:25:25.371 12221 14039 I ReactNativeJS: [outputs] outputs.hapticSymbol {"timestamp":26111549.777641,"wallClock":1760225125371,"enabled":true,"symbol":".","durationMs":34,"platform":"android","source":"console.replay","correlationId":"console-replay:mgmwlb7ea7b8c6cl","timelineOffsetMs":null}
10-11 19:25:25.372 12221 14039 I ReactNativeJS: [outputs] outputs.flashPulse {"timestamp":26111550.745922,"wallClock":1760225125372,"enabled":true,"durationMs":34,"source":"console.replay","correlationId":"console-replay:mgmwlb7ea7b8c6cl","timelineOffsetMs":12.89071400091052,"schedulingMode":"timeline","audioStartHeadroomMs":-47.48201600089669,"audioStartGuard":"headroom","audioStartCompensationMs":47.48201600089669}
10-11 19:25:25.428 12221 14039 I ReactNativeJS: [outputs] outputs.flashPulse.commit {"timestamp":26111606.45311,"wallClock":1760225125427,"durationMs":34,"source":"console.replay","correlationId":"console-replay:mgmwlb7ea7b8c6cl","latencyMs":58.17838599905372,"timelineOffsetMs":12.89071400091052,"leadMs":8,"scheduleSkewMs":55.70974000170827,"schedulingMode":"timeline","audioStartHeadroomMs":-47.48201600089669,"audioStartGuard":"headroom","audioStartCompensationMs":47.48201600089669}
10-11 19:25:25.459 12221 14901 D OutputsAudio: [outputs-audio] stop gain=1.000 release=6.00
10-11 19:25:25.494 12221 14901 D OutputsAudio: [outputs-audio] start hz=650.0 gain=1.000 attack=2.50 release=6.00
10-11 19:25:25.494 12221 14901 D OutputsAudio: [outputs-audio] playMorse.symbol.start sequence=18 symbol=- expected=26111647.250 actual=26111672.765 skew=25.514 batchElapsed=1725.514
10-11 19:25:25.504 12221 14039 D OutputsAudio: [outputs-audio] symbol.info sequence=18 symbol=- timestamp=26111672.765 duration=102.000 expected=26111647.250 skew=25.514 age=9.950
10-11 19:25:25.505 12221 14039 I ReactNativeJS: [outputs] playMorse.symbol {"timestamp":26111682.888943,"wallClock":1760225125504,"symbol":"-","durationMs":102,"index":15,"source":"console.replay","correlationId":"console-replay:4qynrcpy","nativeTimestampMs":26111672.765,"nativeDurationMs":102,"nativeOffsetMs":10.049777001142502,"nativeSequence":18,"monotonicTimestampMs":26111672.765,"nativeExpectedTimestampMs":26111647.25,"nativeStartSkewMs":25.514,"nativeBatchElapsedMs":1725.514,"nativeExpectedSincePriorMs":136,"nativeSincePriorMs":137.39,"nativePatternStartMs":26109947.25,"nativeAgeMs":9.95}
10-11 19:25:25.505 12221 14039 I ReactNativeJS: [outputs] playMorse.symbol {"timestamp":26111683.692641,"wallClock":1760225125505,"symbol":"-","durationMs":102,"index":15,"source":"console.replay","correlationId":"console-replay:mgmwlbb59veok3i1","nativeTimestampMs":26111672.765,"nativeDurationMs":102,"nativeOffsetMs":10.049777001142502,"nativeSequence":18,"monotonicTimestampMs":26111672.765,"nativeExpectedTimestampMs":26111647.25,"nativeStartSkewMs":25.514,"nativeBatchElapsedMs":1725.514,"nativeExpectedSincePriorMs":136,"nativeSincePriorMs":137.39,"nativePatternStartMs":26109947.25,"nativeAgeMs":9.95}
10-11 19:25:25.506 12221 14039 I ReactNativeJS: [outputs] outputs.hapticSymbol {"timestamp":26111684.322641,"wallClock":1760225125505,"enabled":true,"symbol":"-","durationMs":102,"platform":"android","source":"console.replay","correlationId":"console-replay:mgmwlbb59veok3i1","timelineOffsetMs":null}
10-11 19:25:25.507 12221 14039 I ReactNativeJS: [outputs] outputs.flashPulse {"timestamp":26111685.392329,"wallClock":1760225125506,"enabled":true,"durationMs":102,"source":"console.replay","correlationId":"console-replay:mgmwlbb59veok3i1","timelineOffsetMs":10.049777001142502,"schedulingMode":"timeline","audioStartHeadroomMs":-46.12972500175238,"audioStartGuard":"headroom","audioStartCompensationMs":46.12972500175238}
10-11 19:25:25.561 12221 14039 I ReactNativeJS: [outputs] outputs.flashPulse.commit {"timestamp":26111739.391443,"wallClock":1760225125560,"durationMs":102,"source":"console.replay","correlationId":"console-replay:mgmwlbb59veok3i1","latencyMs":56.56854099780321,"timelineOffsetMs":10.049777001142502,"leadMs":8,"scheduleSkewMs":54.00187499821186,"schedulingMode":"timeline","audioStartHeadroomMs":-46.12972500175238,"audioStartGuard":"headroom","audioStartCompensationMs":46.12972500175238}
10-11 19:25:25.596 12221 14901 D OutputsAudio: [outputs-audio] stop gain=1.000 release=6.00
10-11 19:25:25.631 12221 14901 D OutputsAudio: [outputs-audio] start hz=650.0 gain=1.000 attack=2.50 release=6.00
10-11 19:25:25.631 12221 14901 D OutputsAudio: [outputs-audio] playMorse.symbol.start sequence=19 symbol=. expected=26111783.250 actual=26111810.267 skew=27.016 batchElapsed=1863.016
10-11 19:25:25.638 12221 14039 D OutputsAudio: [outputs-audio] symbol.info sequence=19 symbol=. timestamp=26111810.267 duration=34.000 expected=26111783.250 skew=27.016 age=6.775
10-11 19:25:25.639 12221 14039 I ReactNativeJS: [outputs] playMorse.symbol {"timestamp":26111817.205818,"wallClock":1760225125638,"symbol":"-","durationMs":102,"index":16,"source":"console.replay","correlationId":"console-replay:v8l93w2r","nativeTimestampMs":26111810.267,"nativeDurationMs":34,"nativeOffsetMs":6.866473998874426,"nativeSequence":19,"monotonicTimestampMs":26111810.267,"nativeExpectedTimestampMs":26111783.25,"nativeStartSkewMs":27.016,"nativeBatchElapsedMs":1863.016,"nativeExpectedSincePriorMs":136,"nativeSincePriorMs":137.502,"nativePatternStartMs":26109947.25,"nativeAgeMs":6.775}
10-11 19:25:25.639 12221 14039 I ReactNativeJS: [outputs] playMorse.symbol {"timestamp":26111817.981547,"wallClock":1760225125639,"symbol":"-","durationMs":102,"index":16,"source":"console.replay","correlationId":"console-replay:mgmwlbev83vjhce2","nativeTimestampMs":26111810.267,"nativeDurationMs":34,"nativeOffsetMs":6.866473998874426,"nativeSequence":19,"monotonicTimestampMs":26111810.267,"nativeExpectedTimestampMs":26111783.25,"nativeStartSkewMs":27.016,"nativeBatchElapsedMs":1863.016,"nativeExpectedSincePriorMs":136,"nativeSincePriorMs":137.502,"nativePatternStartMs":26109947.25,"nativeAgeMs":6.775}
10-11 19:25:25.640 12221 14039 I ReactNativeJS: [outputs] outputs.hapticSymbol {"timestamp":26111818.505662,"wallClock":1760225125639,"enabled":true,"symbol":"-","durationMs":102,"platform":"android","source":"console.replay","correlationId":"console-replay:mgmwlbev83vjhce2","timelineOffsetMs":null}
10-11 19:25:25.641 12221 14039 I ReactNativeJS: [outputs] outputs.flashPulse {"timestamp":26111819.428631,"wallClock":1760225125640,"enabled":true,"durationMs":102,"source":"console.replay","correlationId":"console-replay:mgmwlbev83vjhce2","timelineOffsetMs":6.866473998874426,"schedulingMode":"timeline","audioStartHeadroomMs":-44.16675600036979,"audioStartGuard":"headroom","audioStartCompensationMs":44.16675600036979}
10-11 19:25:25.665 12221 14901 D OutputsAudio: [outputs-audio] stop gain=1.000 release=6.00
10-11 19:25:25.698 12221 14039 I ReactNativeJS: [outputs] outputs.flashPulse.commit {"timestamp":26111876.441495,"wallClock":1760225125697,"durationMs":102,"source":"console.replay","correlationId":"console-replay:mgmwlbev83vjhce2","latencyMs":59.29458399862051,"timelineOffsetMs":6.866473998874426,"leadMs":8,"scheduleSkewMs":57.00932299718261,"schedulingMode":"timeline","audioStartHeadroomMs":-44.16675600036979,"audioStartGuard":"headroom","audioStartCompensationMs":44.16675600036979}
10-11 19:25:25.701 12221 14901 D OutputsAudio: [outputs-audio] start hz=650.0 gain=1.000 attack=2.50 release=6.00
10-11 19:25:25.702 12221 14901 D OutputsAudio: [outputs-audio] playMorse.symbol.start sequence=20 symbol=. expected=26111851.250 actual=26111880.615 skew=29.364 batchElapsed=1933.364
10-11 19:25:25.737 12221 14901 D OutputsAudio: [outputs-audio] stop gain=1.000 release=6.00
10-11 19:25:25.743 12221 14039 D OutputsAudio: [outputs-audio] symbol.info sequence=20 symbol=. timestamp=26111880.615 duration=34.000 expected=26111851.250 skew=29.364 age=41.650
10-11 19:25:25.744 12221 14039 I ReactNativeJS: [outputs] playMorse.symbol {"timestamp":26111922.383735,"wallClock":1760225125743,"symbol":"-","durationMs":102,"index":17,"source":"console.replay","correlationId":"console-replay:tp4x1kj3","nativeTimestampMs":26111880.615,"nativeDurationMs":34,"nativeOffsetMs":41.72451600059867,"nativeSequence":20,"monotonicTimestampMs":26111880.615,"nativeExpectedTimestampMs":26111851.25,"nativeStartSkewMs":29.364,"nativeBatchElapsedMs":1933.364,"nativeExpectedSincePriorMs":68,"nativeSincePriorMs":70.348,"nativePatternStartMs":26109947.25,"nativeAgeMs":41.65}
10-11 19:25:25.744 12221 14039 I ReactNativeJS: [outputs] playMorse.symbol {"timestamp":26111923.010922,"wallClock":1760225125744,"symbol":"-","durationMs":102,"index":17,"source":"console.replay","correlationId":"console-replay:mgmwlbhs9jruzxrb","nativeTimestampMs":26111880.615,"nativeDurationMs":34,"nativeOffsetMs":41.72451600059867,"nativeSequence":20,"monotonicTimestampMs":26111880.615,"nativeExpectedTimestampMs":26111851.25,"nativeStartSkewMs":29.364,"nativeBatchElapsedMs":1933.364,"nativeExpectedSincePriorMs":68,"nativeSincePriorMs":70.348,"nativePatternStartMs":26109947.25,"nativeAgeMs":41.65}
10-11 19:25:25.745 12221 14039 I ReactNativeJS: [outputs] outputs.hapticSymbol {"timestamp":26111923.464464,"wallClock":1760225125744,"enabled":true,"symbol":"-","durationMs":102,"platform":"android","source":"console.replay","correlationId":"console-replay:mgmwlbhs9jruzxrb","timelineOffsetMs":null}
10-11 19:25:25.746 12221 14039 I ReactNativeJS: [outputs] outputs.flashPulse {"timestamp":26111924.393683,"wallClock":1760225125745,"enabled":true,"durationMs":102,"source":"console.replay","correlationId":"console-replay:mgmwlbhs9jruzxrb","timelineOffsetMs":41.72451600059867,"schedulingMode":"timeline","audioStartHeadroomMs":-81.13368299975991,"audioStartGuard":"headroom","audioStartCompensationMs":81.13368299975991}
10-11 19:25:25.772 12221 14901 D OutputsAudio: [outputs-audio] start hz=650.0 gain=1.000 attack=2.50 release=6.00
10-11 19:25:25.772 12221 14901 D OutputsAudio: [outputs-audio] playMorse.symbol.start sequence=21 symbol=. expected=26111919.250 actual=26111950.969 skew=31.719 batchElapsed=2003.719
10-11 19:25:25.807 12221 14901 D OutputsAudio: [outputs-audio] stop gain=1.000 release=6.00
10-11 19:25:25.807 12221 14039 I ReactNativeJS: [outputs] outputs.flashPulse.commit {"timestamp":26111985.707329,"wallClock":1760225125807,"durationMs":102,"source":"console.replay","correlationId":"console-replay:mgmwlbhs9jruzxrb","latencyMs":63.358229000121355,"timelineOffsetMs":41.72451600059867,"leadMs":8,"scheduleSkewMs":61.312291000038385,"schedulingMode":"timeline","audioStartHeadroomMs":-81.13368299975991,"audioStartGuard":"headroom","audioStartCompensationMs":81.13368299975991}
10-11 19:25:25.842 12221 14901 D OutputsAudio: [outputs-audio] start hz=650.0 gain=1.000 attack=2.50 release=6.00
10-11 19:25:25.842 12221 14901 D OutputsAudio: [outputs-audio] playMorse.symbol.start sequence=22 symbol=- expected=26111987.250 actual=26112021.059 skew=33.809 batchElapsed=2073.809
10-11 19:25:25.850 12221 14039 D OutputsAudio: [outputs-audio] symbol.info sequence=22 symbol=- timestamp=26112021.059 duration=102.000 expected=26111987.250 skew=33.809 age=7.969
10-11 19:25:25.851 12221 14039 W ReactNativeJS: '[outputs-audio] native sequence jump', { previous: 20, next: 22, delta: 2 }
10-11 19:25:25.851 12221 14039 I ReactNativeJS: [outputs] playMorse.symbol {"timestamp":26112029.834933,"wallClock":1760225125851,"symbol":".","durationMs":34,"index":18,"source":"console.replay","correlationId":"console-replay:gy3wz1nb","nativeTimestampMs":26112021.059,"nativeDurationMs":102,"nativeOffsetMs":8.738954000175,"nativeSequence":22,"monotonicTimestampMs":26112021.059,"nativeExpectedTimestampMs":26111987.25,"nativeStartSkewMs":33.809,"nativeBatchElapsedMs":2073.809,"nativeExpectedSincePriorMs":68,"nativeSincePriorMs":70.091,"nativePatternStartMs":26109947.25,"nativeAgeMs":7.969}
10-11 19:25:25.852 12221 14039 I ReactNativeJS: [outputs] playMorse.symbol {"timestamp":26112030.335245,"wallClock":1760225125851,"symbol":".","durationMs":34,"index":18,"source":"console.replay","correlationId":"console-replay:mgmwlbkrgla9vjse","nativeTimestampMs":26112021.059,"nativeDurationMs":102,"nativeOffsetMs":8.738954000175,"nativeSequence":22,"monotonicTimestampMs":26112021.059,"nativeExpectedTimestampMs":26111987.25,"nativeStartSkewMs":33.809,"nativeBatchElapsedMs":2073.809,"nativeExpectedSincePriorMs":68,"nativeSincePriorMs":70.091,"nativePatternStartMs":26109947.25,"nativeAgeMs":7.969}
10-11 19:25:25.852 12221 14039 I ReactNativeJS: [outputs] outputs.hapticSymbol {"timestamp":26112030.787381,"wallClock":1760225125852,"enabled":true,"symbol":".","durationMs":34,"platform":"android","source":"console.replay","correlationId":"console-replay:mgmwlbkrgla9vjse","timelineOffsetMs":null}
10-11 19:25:25.853 12221 14039 I ReactNativeJS: [outputs] outputs.flashPulse {"timestamp":26112031.665974,"wallClock":1760225125853,"enabled":true,"durationMs":34,"source":"console.replay","correlationId":"console-replay:mgmwlbkrgla9vjse","timelineOffsetMs":8.738954000175,"schedulingMode":"timeline","audioStartHeadroomMs":-52.40550599992275,"audioStartGuard":"headroom","audioStartCompensationMs":52.40550599992275}
10-11 19:25:25.906 12221 14039 I ReactNativeJS: [outputs] outputs.flashPulse.commit {"timestamp":26112084.797589,"wallClock":1760225125906,"durationMs":34,"source":"console.replay","correlationId":"console-replay:mgmwlbkrgla9vjse","latencyMs":54.99041599780321,"timelineOffsetMs":8.738954000175,"leadMs":8,"scheduleSkewMs":53.13088499754667,"schedulingMode":"timeline","audioStartHeadroomMs":-52.40550599992275,"audioStartGuard":"headroom","audioStartCompensationMs":52.40550599992275}
10-11 19:25:25.944 12221 14901 D OutputsAudio: [outputs-audio] stop gain=1.000 release=6.00
10-11 19:25:25.979 12221 14901 D OutputsAudio: [outputs-audio] start hz=650.0 gain=1.000 attack=2.50 release=6.00
10-11 19:25:25.980 12221 14901 D OutputsAudio: [outputs-audio] playMorse.symbol.start sequence=23 symbol=- expected=26112123.250 actual=26112158.619 skew=35.369 batchElapsed=2211.369
10-11 19:25:25.987 12221 14039 D OutputsAudio: [outputs-audio] symbol.info sequence=23 symbol=- timestamp=26112158.619 duration=102.000 expected=26112123.250 skew=35.369 age=7.870
10-11 19:25:25.988 12221 14039 I ReactNativeJS: [outputs] playMorse.symbol {"timestamp":26112166.642016,"wallClock":1760225125988,"symbol":".","durationMs":34,"index":19,"source":"console.replay","correlationId":"console-replay:5hrkqodl","nativeTimestampMs":26112158.619,"nativeDurationMs":102,"nativeOffsetMs":7.957704000174999,"nativeSequence":23,"monotonicTimestampMs":26112158.619,"nativeExpectedTimestampMs":26112123.25,"nativeStartSkewMs":35.369,"nativeBatchElapsedMs":2211.369,"nativeExpectedSincePriorMs":136,"nativeSincePriorMs":137.559,"nativePatternStartMs":26109947.25,"nativeAgeMs":7.87}
10-11 19:25:25.989 12221 14039 I ReactNativeJS: [outputs] playMorse.symbol {"timestamp":26112167.352849,"wallClock":1760225125988,"symbol":".","durationMs":34,"index":19,"source":"console.replay","correlationId":"console-replay:mgmwlbokr4bjoql7","nativeTimestampMs":26112158.619,"nativeDurationMs":102,"nativeOffsetMs":7.957704000174999,"nativeSequence":23,"monotonicTimestampMs":26112158.619,"nativeExpectedTimestampMs":26112123.25,"nativeStartSkewMs":35.369,"nativeBatchElapsedMs":2211.369,"nativeExpectedSincePriorMs":136,"nativeSincePriorMs":137.559,"nativePatternStartMs":26109947.25,"nativeAgeMs":7.87}
10-11 19:25:25.989 12221 14039 I ReactNativeJS: [outputs] outputs.hapticSymbol {"timestamp":26112167.818214,"wallClock":1760225125989,"enabled":true,"symbol":".","durationMs":34,"platform":"android","source":"console.replay","correlationId":"console-replay:mgmwlbokr4bjoql7","timelineOffsetMs":null}
10-11 19:25:25.990 12221 14039 I ReactNativeJS: [outputs] outputs.flashPulse {"timestamp":26112168.796651,"wallClock":1760225125990,"enabled":true,"durationMs":34,"source":"console.replay","correlationId":"console-replay:mgmwlbokr4bjoql7","timelineOffsetMs":7.957704000174999,"schedulingMode":"timeline","audioStartHeadroomMs":-53.53488099947572,"audioStartGuard":"headroom","audioStartCompensationMs":53.53488099947572}
10-11 19:25:26.048 12221 14039 I ReactNativeJS: [outputs] outputs.flashPulse.commit {"timestamp":26112227.06436,"wallClock":1760225126048,"durationMs":34,"source":"console.replay","correlationId":"console-replay:mgmwlbokr4bjoql7","latencyMs":60.47843699902296,"timelineOffsetMs":7.957704000174999,"leadMs":8,"scheduleSkewMs":58.26833299919963,"schedulingMode":"timeline","audioStartHeadroomMs":-53.53488099947572,"audioStartGuard":"headroom","audioStartCompensationMs":53.53488099947572}
10-11 19:25:26.082 12221 14901 D OutputsAudio: [outputs-audio] stop gain=1.000 release=6.00
10-11 19:25:26.116 12221 14901 D OutputsAudio: [outputs-audio] start hz=650.0 gain=1.000 attack=2.50 release=6.00
10-11 19:25:26.116 12221 14901 D OutputsAudio: [outputs-audio] playMorse.symbol.start sequence=24 symbol=- expected=26112259.250 actual=26112295.547 skew=36.297 batchElapsed=2348.297
10-11 19:25:26.130 12221 14039 D OutputsAudio: [outputs-audio] symbol.info sequence=24 symbol=- timestamp=26112295.547 duration=102.000 expected=26112259.250 skew=36.297 age=13.194
10-11 19:25:26.131 12221 14039 I ReactNativeJS: [outputs] playMorse.symbol {"timestamp":26112308.942745,"wallClock":1760225126130,"symbol":".","durationMs":34,"index":20,"source":"console.replay","correlationId":"console-replay:brq8wt3x","nativeTimestampMs":26112295.547,"nativeDurationMs":102,"nativeOffsetMs":13.316943001002073,"nativeSequence":24,"monotonicTimestampMs":26112295.547,"nativeExpectedTimestampMs":26112259.25,"nativeStartSkewMs":36.297,"nativeBatchElapsedMs":2348.297,"nativeExpectedSincePriorMs":136,"nativeSincePriorMs":136.928,"nativePatternStartMs":26109947.25,"nativeAgeMs":13.194}
10-11 19:25:26.131 12221 14039 I ReactNativeJS: [outputs] playMorse.symbol {"timestamp":26112309.837901,"wallClock":1760225126131,"symbol":".","durationMs":34,"index":20,"source":"console.replay","correlationId":"console-replay:mgmwlbsjtmp3lx6u","nativeTimestampMs":26112295.547,"nativeDurationMs":102,"nativeOffsetMs":13.316943001002073,"nativeSequence":24,"monotonicTimestampMs":26112295.547,"nativeExpectedTimestampMs":26112259.25,"nativeStartSkewMs":36.297,"nativeBatchElapsedMs":2348.297,"nativeExpectedSincePriorMs":136,"nativeSincePriorMs":136.928,"nativePatternStartMs":26109947.25,"nativeAgeMs":13.194}
10-11 19:25:26.132 12221 14039 I ReactNativeJS: [outputs] outputs.hapticSymbol {"timestamp":26112310.423787,"wallClock":1760225126131,"enabled":true,"symbol":".","durationMs":34,"platform":"android","source":"console.replay","correlationId":"console-replay:mgmwlbsjtmp3lx6u","timelineOffsetMs":null}
10-11 19:25:26.133 12221 14039 I ReactNativeJS: [outputs] outputs.flashPulse {"timestamp":26112311.394724,"wallClock":1760225126132,"enabled":true,"durationMs":34,"source":"console.replay","correlationId":"console-replay:mgmwlbsjtmp3lx6u","timelineOffsetMs":13.316943001002073,"schedulingMode":"timeline","audioStartHeadroomMs":-60.13232799991965,"audioStartGuard":"headroom","audioStartCompensationMs":60.13232799991965}
10-11 19:25:26.187 12221 14039 I ReactNativeJS: [outputs] outputs.flashPulse.commit {"timestamp":26112366.077953,"wallClock":1760225126187,"durationMs":34,"source":"console.replay","correlationId":"console-replay:mgmwlbsjtmp3lx6u","latencyMs":57.204688001424074,"timelineOffsetMs":13.316943001002073,"leadMs":8,"scheduleSkewMs":54.68427100032568,"schedulingMode":"timeline","audioStartHeadroomMs":-60.13232799991965,"audioStartGuard":"headroom","audioStartCompensationMs":60.13232799991965}
10-11 19:25:26.220 12221 14901 D OutputsAudio: [outputs-audio] stop gain=1.000 release=6.00
10-11 19:25:26.254 12221 14901 D OutputsAudio: [outputs-audio] start hz=650.0 gain=1.000 attack=2.50 release=6.00
10-11 19:25:26.254 12221 14901 D OutputsAudio: [outputs-audio] playMorse.symbol.start sequence=25 symbol=. expected=26112395.250 actual=26112432.836 skew=37.585 batchElapsed=2485.585
10-11 19:25:26.263 12221 14039 D OutputsAudio: [outputs-audio] symbol.info sequence=25 symbol=. timestamp=26112432.836 duration=34.000 expected=26112395.250 skew=37.585 age=9.478
10-11 19:25:26.264 12221 14039 I ReactNativeJS: [outputs] playMorse.symbol {"timestamp":26112442.485766,"wallClock":1760225126263,"symbol":"-","durationMs":102,"index":21,"source":"console.replay","correlationId":"console-replay:lzcixrnm","nativeTimestampMs":26112432.836,"nativeDurationMs":34,"nativeOffsetMs":9.574610002338886,"nativeSequence":25,"monotonicTimestampMs":26112432.836,"nativeExpectedTimestampMs":26112395.25,"nativeStartSkewMs":37.585,"nativeBatchElapsedMs":2485.585,"nativeExpectedSincePriorMs":136,"nativeSincePriorMs":137.288,"nativePatternStartMs":26109947.25,"nativeAgeMs":9.478}
10-11 19:25:26.265 12221 14039 I ReactNativeJS: [outputs] playMorse.symbol {"timestamp":26112443.266183,"wallClock":1760225126264,"symbol":"-","durationMs":102,"index":21,"source":"console.replay","correlationId":"console-replay:mgmwlbw88brpcgur","nativeTimestampMs":26112432.836,"nativeDurationMs":34,"nativeOffsetMs":9.574610002338886,"nativeSequence":25,"monotonicTimestampMs":26112432.836,"nativeExpectedTimestampMs":26112395.25,"nativeStartSkewMs":37.585,"nativeBatchElapsedMs":2485.585,"nativeExpectedSincePriorMs":136,"nativeSincePriorMs":137.288,"nativePatternStartMs":26109947.25,"nativeAgeMs":9.478}
10-11 19:25:26.265 12221 14039 I ReactNativeJS: [outputs] outputs.hapticSymbol {"timestamp":26112443.754047,"wallClock":1760225126265,"enabled":true,"symbol":"-","durationMs":102,"platform":"android","source":"console.replay","correlationId":"console-replay:mgmwlbw88brpcgur","timelineOffsetMs":null}
10-11 19:25:26.266 12221 14039 I ReactNativeJS: [outputs] outputs.flashPulse {"timestamp":26112444.71212,"wallClock":1760225126266,"enabled":true,"durationMs":102,"source":"console.replay","correlationId":"console-replay:mgmwlbw88brpcgur","timelineOffsetMs":9.574610002338886,"schedulingMode":"timeline","audioStartHeadroomMs":-57.4424329996109,"audioStartGuard":"headroom","audioStartCompensationMs":57.4424329996109}
10-11 19:25:26.288 12221 14901 D OutputsAudio: [outputs-audio] stop gain=1.000 release=6.00
10-11 19:25:26.323 12221 14901 D OutputsAudio: [outputs-audio] start hz=650.0 gain=1.000 attack=2.50 release=6.00
10-11 19:25:26.323 12221 14901 D OutputsAudio: [outputs-audio] playMorse.symbol.start sequence=26 symbol=. expected=26112463.250 actual=26112502.100 skew=38.850 batchElapsed=2554.850
10-11 19:25:26.327 12221 14039 I ReactNativeJS: [outputs] outputs.flashPulse.commit {"timestamp":26112505.63686,"wallClock":1760225126327,"durationMs":102,"source":"console.replay","correlationId":"console-replay:mgmwlbw88brpcgur","latencyMs":63.2066660001874,"timelineOffsetMs":9.574610002338886,"leadMs":8,"scheduleSkewMs":60.92197900265455,"schedulingMode":"timeline","audioStartHeadroomMs":-57.4424329996109,"audioStartGuard":"headroom","audioStartCompensationMs":57.4424329996109}
10-11 19:25:26.357 12221 14901 D OutputsAudio: [outputs-audio] stop gain=1.000 release=6.00
10-11 19:25:26.376 12221 14039 D OutputsAudio: [outputs-audio] symbol.info sequence=26 symbol=. timestamp=26112502.100 duration=34.000 expected=26112463.250 skew=38.850 age=52.969
10-11 19:25:26.377 12221 14039 I ReactNativeJS: [outputs] playMorse.symbol {"timestamp":26112555.195037,"wallClock":1760225126376,"symbol":"-","durationMs":102,"index":22,"source":"console.replay","correlationId":"console-replay:2mc5boxb","nativeTimestampMs":26112502.1,"nativeDurationMs":34,"nativeOffsetMs":53.048265997320414,"nativeSequence":26,"monotonicTimestampMs":26112502.1,"nativeExpectedTimestampMs":26112463.25,"nativeStartSkewMs":38.85,"nativeBatchElapsedMs":2554.85,"nativeExpectedSincePriorMs":68,"nativeSincePriorMs":69.265,"nativePatternStartMs":26109947.25,"nativeAgeMs":52.969}
10-11 19:25:26.377 12221 14039 I ReactNativeJS: [outputs] playMorse.symbol {"timestamp":26112555.797745,"wallClock":1760225126377,"symbol":"-","durationMs":102,"index":22,"source":"console.replay","correlationId":"console-replay:mgmwlbzdkotun9cv","nativeTimestampMs":26112502.1,"nativeDurationMs":34,"nativeOffsetMs":53.048265997320414,"nativeSequence":26,"monotonicTimestampMs":26112502.1,"nativeExpectedTimestampMs":26112463.25,"nativeStartSkewMs":38.85,"nativeBatchElapsedMs":2554.85,"nativeExpectedSincePriorMs":68,"nativeSincePriorMs":69.265,"nativePatternStartMs":26109947.25,"nativeAgeMs":52.969}
10-11 19:25:26.378 12221 14039 I ReactNativeJS: [outputs] outputs.hapticSymbol {"timestamp":26112556.304724,"wallClock":1760225126377,"enabled":true,"symbol":"-","durationMs":102,"platform":"android","source":"console.replay","correlationId":"console-replay:mgmwlbzdkotun9cv","timelineOffsetMs":null}
10-11 19:25:26.378 12221 14039 I ReactNativeJS: [outputs] outputs.flashPulse {"timestamp":26112557.151078,"wallClock":1760225126378,"enabled":true,"durationMs":102,"source":"console.replay","correlationId":"console-replay:mgmwlbzdkotun9cv","timelineOffsetMs":53.048265997320414,"schedulingMode":"timeline","audioStartHeadroomMs":-101.89118300005794,"audioStartGuard":"headroom","audioStartCompensationMs":101.89118300005794}
10-11 19:25:26.391 12221 14901 D OutputsAudio: [outputs-audio] start hz=650.0 gain=1.000 attack=2.50 release=6.00
10-11 19:25:26.391 12221 14901 D OutputsAudio: [outputs-audio] playMorse.symbol.start sequence=27 symbol=. expected=26112531.250 actual=26112570.277 skew=39.027 batchElapsed=2623.027
10-11 19:25:26.426 12221 14901 D OutputsAudio: [outputs-audio] stop gain=1.000 release=6.00
10-11 19:25:26.426 12221 14901 D OutputsAudio: [outputs-audio] stop gain=1.000 release=6.00
10-11 19:25:26.426 12221 14901 D OutputsAudio: [outputs-audio] playMorse.end cancelled=0
10-11 19:25:26.435 12221 14039 I ReactNativeJS: [outputs] outputs.flashPulse.commit {"timestamp":26112613.380297,"wallClock":1760225126434,"durationMs":102,"source":"console.replay","correlationId":"console-replay:mgmwlbzdkotun9cv","latencyMs":58.222708001732826,"timelineOffsetMs":53.048265997320414,"leadMs":8,"scheduleSkewMs":56.22817699983716,"schedulingMode":"timeline","audioStartHeadroomMs":-101.89118300005794,"audioStartGuard":"headroom","audioStartCompensationMs":101.89118300005794}
10-11 19:25:26.478 12221 14039 D OutputsAudio: [outputs-audio] symbol.info sequence=27 symbol=. timestamp=26112570.277 duration=34.000 expected=26112531.250 skew=39.027 age=86.321
10-11 19:25:26.478 12221 14039 I ReactNativeJS: [outputs] playMorse.symbol {"timestamp":26112656.735714,"wallClock":1760225126478,"symbol":"-","durationMs":102,"index":23,"source":"console.replay","correlationId":"console-replay:xa5mppn9","nativeTimestampMs":26112570.277,"nativeDurationMs":34,"nativeOffsetMs":86.4106409996748,"nativeSequence":27,"monotonicTimestampMs":26112570.277,"nativeExpectedTimestampMs":26112531.25,"nativeStartSkewMs":39.027,"nativeBatchElapsedMs":2623.027,"nativeExpectedSincePriorMs":68,"nativeSincePriorMs":68.177,"nativePatternStartMs":26109947.25,"nativeAgeMs":86.321}
10-11 19:25:26.479 12221 14039 I ReactNativeJS: [outputs] playMorse.nativeOffset.spike {"timestamp":26112657.394828,"wallClock":1760225126478,"source":"console.replay","offsetMs":86.4106409996748,"sequence":27,"unitMs":34,"correlationId":"console-replay:xa5mppn9"}
10-11 19:25:26.479 12221 14039 I ReactNativeJS: [outputs] playMorse.symbol {"timestamp":26112657.807745,"wallClock":1760225126479,"symbol":"-","durationMs":102,"index":23,"source":"console.replay","correlationId":"console-replay:mgmwlc27l1ra4q1r","nativeTimestampMs":26112570.277,"nativeDurationMs":34,"nativeOffsetMs":86.4106409996748,"nativeSequence":27,"monotonicTimestampMs":26112570.277,"nativeExpectedTimestampMs":26112531.25,"nativeStartSkewMs":39.027,"nativeBatchElapsedMs":2623.027,"nativeExpectedSincePriorMs":68,"nativeSincePriorMs":68.177,"nativePatternStartMs":26109947.25,"nativeAgeMs":86.321}
10-11 19:25:26.479 12221 14039 I ReactNativeJS: [outputs] playMorse.nativeOffset.spike {"timestamp":26112658.180557,"wallClock":1760225126479,"source":"console.replay","offsetMs":86.4106409996748,"sequence":27,"unitMs":34,"correlationId":"console-replay:mgmwlc27l1ra4q1r","startSkewMs":39.027,"batchElapsedMs":2623.027,"ageMs":86.321}
10-11 19:25:26.480 12221 14039 I ReactNativeJS: [outputs] outputs.hapticSymbol {"timestamp":26112658.554047,"wallClock":1760225126479,"enabled":true,"symbol":"-","durationMs":102,"platform":"android","source":"console.replay","correlationId":"console-replay:mgmwlc27l1ra4q1r","timelineOffsetMs":null}
10-11 19:25:26.481 12221 14039 I ReactNativeJS: [outputs] outputs.flashPulse {"timestamp":26112659.35811,"wallClock":1760225126480,"enabled":true,"durationMs":102,"source":"console.replay","correlationId":"console-replay:mgmwlc27l1ra4q1r","timelineOffsetMs":86.4106409996748,"schedulingMode":"timeline","audioStartHeadroomMs":-136.09857799857855,"audioStartGuard":"headroom","audioStartCompensationMs":136.09857799857855}
10-11 19:25:26.547 12221 14039 I ReactNativeJS: [outputs] outputs.flashPulse.commit {"timestamp":26112725.277485,"wallClock":1760225126546,"durationMs":102,"source":"console.replay","correlationId":"console-replay:mgmwlc27l1ra4q1r","latencyMs":68.58098900318146,"timelineOffsetMs":86.4106409996748,"leadMs":8,"scheduleSkewMs":65.91854100301862,"schedulingMode":"timeline","audioStartHeadroomMs":-136.09857799857855,"audioStartGuard":"headroom","audioStartCompensationMs":136.09857799857855}
10-11 19:25:26.644 12221 14039 I ReactNativeJS: [outputs] playMorse.symbol {"timestamp":26112820.154828,"wallClock":1760225126641,"symbol":".","durationMs":34,"index":24,"source":"console.replay","correlationId":"console-replay:ltwwqe32","nativeTimestampMs":null,"nativeDurationMs":34,"nativeOffsetMs":null,"nativeSequence":null,"monotonicTimestampMs":null,"nativeExpectedTimestampMs":null,"nativeStartSkewMs":null,"nativeBatchElapsedMs":null,"nativeExpectedSincePriorMs":null,"nativeSincePriorMs":null,"nativePatternStartMs":null,"nativeAgeMs":null}
10-11 19:25:26.646 12221 14039 I ReactNativeJS: [outputs] playMorse.symbol {"timestamp":26112823.289203,"wallClock":1760225126644,"symbol":".","durationMs":34,"index":24,"source":"console.replay","correlationId":"console-replay:mgmwlc6swso8rxam","nativeTimestampMs":null,"nativeDurationMs":34,"nativeOffsetMs":null,"nativeSequence":null,"monotonicTimestampMs":null,"nativeExpectedTimestampMs":null,"nativeStartSkewMs":null,"nativeBatchElapsedMs":null,"nativeExpectedSincePriorMs":null,"nativeSincePriorMs":null,"nativePatternStartMs":null,"nativeAgeMs":null}
10-11 19:25:26.647 12221 14039 I ReactNativeJS: [outputs] outputs.hapticSymbol {"timestamp":26112824.940349,"wallClock":1760225126646,"enabled":true,"symbol":".","durationMs":34,"platform":"android","source":"console.replay","correlationId":"console-replay:mgmwlc6swso8rxam","timelineOffsetMs":null}
10-11 19:25:26.650 12221 14039 I ReactNativeJS: [outputs] outputs.flashPulse {"timestamp":26112828.189464,"wallClock":1760225126649,"enabled":true,"durationMs":34,"source":"console.replay","correlationId":"console-replay:mgmwlc6swso8rxam","timelineOffsetMs":24,"schedulingMode":"timeline"}
10-11 19:25:26.722 12221 14039 I ReactNativeJS: [outputs] outputs.flashPulse.commit {"timestamp":26112900.398734,"wallClock":1760225126721,"durationMs":34,"source":"console.replay","correlationId":"console-replay:mgmwlc6swso8rxam","latencyMs":53.10604099929333,"timelineOffsetMs":24,"leadMs":8,"scheduleSkewMs":61.10604099929333,"schedulingMode":"timeline"}
10-11 19:25:26.940 12221 14039 I ReactNativeJS: [outputs] playMorse.symbol {"timestamp":26113118.268318,"wallClock":1760225126939,"symbol":".","durationMs":34,"index":25,"source":"console.replay","correlationId":"console-replay:i39ed24f","nativeTimestampMs":null,"nativeDurationMs":34,"nativeOffsetMs":null,"nativeSequence":null,"monotonicTimestampMs":null,"nativeExpectedTimestampMs":null,"nativeStartSkewMs":null,"nativeBatchElapsedMs":null,"nativeExpectedSincePriorMs":null,"nativeSincePriorMs":null,"nativePatternStartMs":null,"nativeAgeMs":null}
10-11 19:25:26.943 12221 14039 I ReactNativeJS: [outputs] playMorse.symbol {"timestamp":26113119.916443,"wallClock":1760225126941,"symbol":".","durationMs":34,"index":25,"source":"console.replay","correlationId":"console-replay:mgmwlcf1obu4imxh","nativeTimestampMs":null,"nativeDurationMs":34,"nativeOffsetMs":null,"nativeSequence":null,"monotonicTimestampMs":null,"nativeExpectedTimestampMs":null,"nativeStartSkewMs":null,"nativeBatchElapsedMs":null,"nativeExpectedSincePriorMs":null,"nativeSincePriorMs":null,"nativePatternStartMs":null,"nativeAgeMs":null}
10-11 19:25:26.945 12221 14039 I ReactNativeJS: [outputs] outputs.hapticSymbol {"timestamp":26113122.458161,"wallClock":1760225126943,"enabled":true,"symbol":".","durationMs":34,"platform":"android","source":"console.replay","correlationId":"console-replay:mgmwlcf1obu4imxh","timelineOffsetMs":null}
10-11 19:25:26.950 12221 14039 I ReactNativeJS: [outputs] outputs.flashPulse {"timestamp":26113126.71613,"wallClock":1760225126948,"enabled":true,"durationMs":34,"source":"console.replay","correlationId":"console-replay:mgmwlcf1obu4imxh","timelineOffsetMs":24,"schedulingMode":"timeline"}
10-11 19:25:27.040 12221 14039 I ReactNativeJS: [outputs] outputs.flashPulse.commit {"timestamp":26113218.490714,"wallClock":1760225127039,"durationMs":34,"source":"console.replay","correlationId":"console-replay:mgmwlcf1obu4imxh","latencyMs":74.57479199767113,"timelineOffsetMs":24,"leadMs":8,"scheduleSkewMs":82.57479199767113,"schedulingMode":"timeline"}
10-11 19:25:27.242 12221 14039 I ReactNativeJS: [outputs] playMorse.symbol {"timestamp":26113419.113318,"wallClock":1760225127240,"symbol":".","durationMs":34,"index":26,"source":"console.replay","correlationId":"console-replay:dp6ca2ec","nativeTimestampMs":null,"nativeDurationMs":34,"nativeOffsetMs":null,"nativeSequence":null,"monotonicTimestampMs":null,"nativeExpectedTimestampMs":null,"nativeStartSkewMs":null,"nativeBatchElapsedMs":null,"nativeExpectedSincePriorMs":null,"nativeSincePriorMs":null,"nativePatternStartMs":null,"nativeAgeMs":null}
10-11 19:25:27.243 12221 14039 I ReactNativeJS: [outputs] playMorse.symbol {"timestamp":26113421.012328,"wallClock":1760225127242,"symbol":".","durationMs":34,"index":26,"source":"console.replay","correlationId":"console-replay:mgmwlcneri6oeqsb","nativeTimestampMs":null,"nativeDurationMs":34,"nativeOffsetMs":null,"nativeSequence":null,"monotonicTimestampMs":null,"nativeExpectedTimestampMs":null,"nativeStartSkewMs":null,"nativeBatchElapsedMs":null,"nativeExpectedSincePriorMs":null,"nativeSincePriorMs":null,"nativePatternStartMs":null,"nativeAgeMs":null}
10-11 19:25:27.243 12221 14039 I ReactNativeJS: [outputs] outputs.hapticSymbol {"timestamp":26113421.702536,"wallClock":1760225127243,"enabled":true,"symbol":".","durationMs":34,"platform":"android","source":"console.replay","correlationId":"console-replay:mgmwlcneri6oeqsb","timelineOffsetMs":null}
10-11 19:25:27.245 12221 14039 I ReactNativeJS: [outputs] outputs.flashPulse {"timestamp":26113423.101078,"wallClock":1760225127244,"enabled":true,"durationMs":34,"source":"console.replay","correlationId":"console-replay:mgmwlcneri6oeqsb","timelineOffsetMs":24,"schedulingMode":"timeline"}
10-11 19:25:27.311 12221 14039 I ReactNativeJS: [outputs] playMorse.complete {"timestamp":26113489.186495,"wallClock":1760225127310,"durationMs":3764.874060999602,"source":"console.replay","audioEnabled":true,"audioVolumePercent":100}
10-11 19:25:27.353 12221 14039 I ReactNativeJS: [outputs] outputs.flashPulse.commit {"timestamp":26113531.55514,"wallClock":1760225127352,"durationMs":34,"source":"console.replay","correlationId":"console-replay:mgmwlcneri6oeqsb","latencyMs":86.5441140010953,"timelineOffsetMs":24,"leadMs":8,"scheduleSkewMs":94.5441140010953,"schedulingMode":"timeline"}
10-11 19:25:30.536 12221 14039 I ReactNativeJS: [outputs] playMorse.start {"timestamp":26116714.613368,"wallClock":1760225130536,"unitMs":30,"length":29,"source":"console.replay","audioEnabled":true,"audioVolumePercent":100}
10-11 19:25:30.747 12221 14039 D OutputsAudio: [outputs-audio] warmup hz=650.0
10-11 19:25:30.748 12221 14940 D OutputsAudio: [outputs-audio] playMorse.start count=27 unit=30.0
10-11 19:25:30.748 12221 14940 D OutputsAudio: [outputs-audio] start hz=650.0 gain=1.000 attack=2.50 release=6.00
10-11 19:25:30.748 12221 14940 D OutputsAudio: [outputs-audio] playMorse.symbol.start sequence=1 symbol=. expected=26116926.355 actual=26116927.232 skew=0.878 batchElapsed=0.878
10-11 19:25:30.762 12221 14039 D OutputsAudio: [outputs-audio] symbol.info sequence=1 symbol=. timestamp=26116927.232 duration=30.000 expected=26116926.355 skew=0.878 age=13.728
10-11 19:25:30.764 12221 14039 I ReactNativeJS: [outputs] playMorse.symbol {"timestamp":26116941.279879,"wallClock":1760225130762,"symbol":".","durationMs":30,"index":0,"source":"console.replay","correlationId":"console-replay:zf019o13","nativeTimestampMs":26116927.232,"nativeDurationMs":30,"nativeOffsetMs":13.93563899770379,"nativeSequence":1,"monotonicTimestampMs":26116927.232,"nativeExpectedTimestampMs":26116926.355,"nativeStartSkewMs":0.878,"nativeBatchElapsedMs":0.878,"nativeExpectedSincePriorMs":0,"nativeSincePriorMs":0,"nativePatternStartMs":26116926.355,"nativeAgeMs":13.728}
