10-13 20:33:34.637 D/Dynatrace MAUI(22765): [INFO]: Agent GetRequestTag(https://apps.axosbank.com/olbapi/api/configuration/featureFlags)
10-13 20:33:34.638 D/dtxDTXAutoAction(22765): #2.onUA: add child MT_3_21_534694096_60-0_e7288ae2-9a31-4473-a356-0cd0c8c0f224_1_2_9 to Loading UFB Direct
10-13 20:33:34.638 D/dtxCore (22765): #2.Added an event MT_3_21_534694096_60-0_e7288ae2-9a31-4473-a356-0cd0c8c0f224_1_2_9 id=5 pid=1
10-13 20:33:34.639 D/Dynatrace MAUI(22765): [INFO]: Dynatrace.MAUI.Native.HttpHandler SendAsync: https://apps.axosbank.com/olbapi/api/configuration/featureFlags will be tagged with MT_3_21_534694096_60-0_e7288ae2-9a31-4473-a356-0cd0c8c0f224_1_2_9
10-13 20:33:34.641 D/Dynatrace MAUI(22765): [INFO]: Agent GetWebRequestTiming(MT_3_21_534694096_60-0_e7288ae2-9a31-4473-a356-0cd0c8c0f224_1_2_9, https://apps.axosbank.com/olbapi/api/configuration/featureFlags)
10-13 20:33:34.641 D/dtxWebRequestTiming(22765): #2.Creating new web request timing for tag MT_3_21_534694096_60-0_e7288ae2-9a31-4473-a356-0cd0c8c0f224_1_2_9
10-13 20:33:34.685 D/Dynatrace MAUI(22765): [INFO]: Dynatrace.MAUI.Native.WebRequestTiming StartWebRequestTiming()
10-13 20:33:34.775 D/NetdEventListenerService( 2385): DNS Requested by 160, 10321, 37
10-13 20:33:35.061 D/SemWifiSwitchForIndividualAppsService( 2385): isSkipTcpMonitorInfo - result:2
10-13 20:33:35.094 I/HYPER-HAL( 1451): [RequestManager.cpp]releaseLocked(): Released ID : 3279080
10-13 20:33:35.205 I/sensors-hal( 1443): handle_sns_std_sensor_event:311, [SSC_LIGHT] P: 4(4),m:7,c:0,b:16,c0:208,l:4,f(r):104,u(bl):100,j:2
10-13 20:33:35.277 D/Dynatrace MAUI(22765): [WARNING]: Dynatrace.MAUI.Native.HttpHandler CalcResponseSizeBytes(https://apps.axosbank.com/olbapi/api/configuration/featureFlags) can't calculate response size.
10-13 20:33:35.280 D/Dynatrace MAUI(22765): [INFO]: Dynatrace.MAUI.Native.WebRequestTiming StopWebRequestTiming(https://apps.axosbank.com/olbapi/api/configuration/featureFlags, 401, Unauthorized, 409, -1)
10-13 20:33:35.282 D/dtxWebRequestTiming(22765): #388.Creating web timing event for MT_3_21_534694096_60-0_e7288ae2-9a31-4473-a356-0cd0c8c0f224_1_2_9
10-13 20:33:35.282 D/dtxCore (22765): #388.Store 436bytes
10-13 20:33:35.282 D/dtxDTXAutoAction(22765): #388.onUA: new eT=3219 dur=3210
10-13 20:33:35.411 D/Dynatrace MAUI(22765): [INFO]: Agent ReportError(ConfigurationApiHandler - GetFeatureFlagsAsync(CancellationToken cancellationtoken), System.InvalidOperationException: net_http_content_stream_already_read
10-13 20:33:35.411 D/Dynatrace MAUI(22765):    at System.Net.Http.StreamContent.PrepareContent()
10-13 20:33:35.411 D/Dynatrace MAUI(22765):    at System.Net.Http.StreamContent.SerializeToStreamAsyncCore(Stream , CancellationToken )
10-13 20:33:35.411 D/Dynatrace MAUI(22765):    at System.Net.Http.StreamContent.SerializeToStreamAsync(Stream , TransportContext , CancellationToken )
10-13 20:33:35.411 D/Dynatrace MAUI(22765):    at System.Net.Http.HttpContent.LoadIntoBufferAsync(Int64 , CancellationToken )
10-13 20:33:35.411 D/Dynatrace MAUI(22765):    at System.Net.Http.HttpClient.<SendAsync>g__Core|83_0(HttpRequestMessage , HttpCompletionOption , CancellationTokenSource , Boolean , CancellationTokenSource , CancellationToken )
10-13 20:33:35.411 D/Dynatrace MAUI(22765):    at Axos.Udb.Client.Services.Base.UdbServiceBase.GetFromServer(String url, HttpClient client, CancellationToken cancellationToken)
10-13 20:33:35.411 D/Dynatrace MAUI(22765):    at Axos.Udb.Client.Services.Base.UdbServiceBase.<GetAsync>d__3`1[[System.Collections.Generic.List`1[[Axos.Udb.Models.Configuration.FeatureFlag, Axos.Udb.Models, Version=2.16.101.0, Culture=neutral, PublicKeyToken=null]], System.Private.CoreLib, Version=8.0.0.0, Culture=neutral, PublicKeyToken=7cec85d7bea7798e]].MoveNext()
10-13 20:33:35.411 D/Dynatrace MAUI(22765):    at Axos.Udb.Client.Services.Implementation.UdbConfigurationService.GetFeatureFlags(CancellationToken cancellationToken)
10-13 20:33:35.411 D/Dynatrace MAUI(22765):    at Axos.Udb.Mobile.Core.Utilities.Helpers.Api.ConfigurationApiHandler.<>c__DisplayClass6_0.<<GetFeatureFlags>b__0>d.MoveNext())
10-13 20:33:35.414 D/dtxCore (22765): #2.Handle event name=ConfigurationApiHandler - GetFeatureFlagsAsync(CancellationToken cancellationtoken) type=10
10-13 20:33:35.414 D/dtxCore (22765): #2.Store 1883bytes
10-13 20:33:35.428 I/sensors-hal( 1443): handle_sns_client_event:550, [0][30] accel_sample [-0.694,  5.507,  7.989] 204035657099712
10-13 20:33:35.630 D/io_stats( 1074): !@   8,0 r 7108392 159666119 w 3638862 53401796 d 970247 99578632 f 0 429946 iot 4051540 0 th 0 0 0 pt 0 inp 0 0 126246.357
10-13 20:33:35.701 I/NearbyMediums(21992): No BLE Fast/GATT advertisements found in the latest cycle.
10-13 20:33:35.701 I/NearbyMediums(21992): Current Tracked Scanning Clients are : {NearbyConnections.EnvironmentMonitor, NearbySharing, NearbyConnections.TxAdvertisement}
10-13 20:33:35.726 D/PowerManagerService( 2385): UserActivityStateListenerState: 0
10-13 20:33:35.776 I/SemDvfsHyPerManager( 2385): acquire hyper - AMS_RESUME_TAIL/2385@22, type = -999
10-13 20:33:35.777 I/SemDvfsHyPerManager( 2385): acquire hyper - AMS_ACT_LAZY/2385@23, type = -999
10-13 20:33:35.777 D/ActivityManagerPerformance( 2385): AMP_acquire() TAIL
10-13 20:33:35.777 D/ActivityManagerPerformance( 2385): AMP_release() APP_SWITCH
10-13 20:33:35.777 I/HYPER-HAL( 1451): [RequestManager.cpp]acquire(): Acquired ID : 2898050  [2385 / 22]    HINT : AMS_RESUME_TAIL    list : 
10-13 20:33:35.777 D/FreecessController( 2385): BG freezed, skip OLAF unfreeze for (com.samsung.android.game.gamehome, 10083).
10-13 20:33:35.780 I/HYPER-HAL( 1451): [RequestManager.cpp]acquire(): Acquired ID : 2900459  [2385 / 23]    HINT : AMS_ACT_LAZY    list : 
10-13 20:33:35.787 I/HYPER-HAL( 1451): [RequestManager.cpp]releaseLocked(): Released ID : 2902869
10-13 20:33:35.787 D/FreecessController( 2385): BG freezed, skip OLAF unfreeze for (com.sec.android.gallery3d, 10125).
10-13 20:33:35.802 D/FreecessController( 2385): BG freezed, skip OLAF unfreeze for (com.google.android.apps.youtube.music, 10319).
10-13 20:33:35.802 D/FreecessController( 2385): BG freezed, skip OLAF unfreeze for (com.linkedin.android, 10322).
10-13 20:33:35.802 D/FreecessController( 2385): BG freezed, skip OLAF unfreeze for (com.duolingo, 10324).
10-13 20:33:35.804 I/SAMSUNGWALLET(16814): [Hint_ProcessStatusChange] fg Change, pid : 22830 , isNotify : true , isForeground : true , fg list : [3604, 22830]
10-13 20:33:35.808 I/SAMSUNGWALLET(16814): [Hint_SimpleHintProcessMonitor] isHomePackageRunning topPkgName = com.csparks113.MorseCodeApp, topClsName = com.csparks113.MorseCodeApp.MainActivity, return false , se : false
10-13 20:33:35.809 I/SAMSUNGWALLET(16814): [Hint_IntroHintService] Hint Status - already invisible, skip hide : [4000000] - Home Package Not Running
10-13 20:33:36.067 D/SemWifiSwitchForIndividualAppsService( 2385): isSkipTcpMonitorInfo - result:2
10-13 20:33:36.083 I/HYPER-HAL( 1451): [RequestManager.cpp]releaseLocked(): Released ID : 2898050
10-13 20:33:36.364 D/WifiConnectivityMonitor.DnsThread( 2385):  [|203]
10-13 20:33:36.365 D/WifiConnectivityMonitor.NetworkStatsAnalyzer( 2385): DNS resultType : 0, responseTime : 203
10-13 20:33:36.366 D/OpenNetworkQos[4.00]( 2385): updateBssidLatestDnsResultType - result: 0
10-13 20:33:36.367 D/OpenNetworkQos[4.00]( 2385): updateBssidNoInternet: mBssidNoInternet = false
10-13 20:33:36.367 D/OpenNetworkQos[4.00]( 2385): getOpenNetworkQosNoInternetStatus: false
10-13 20:33:36.367 D/OpenNetworkQos[4.00]( 2385): getOpenNetworkQosScores: 30 23 25 
10-13 20:33:36.367 D/KNOX_MDM_SettingsProvider( 2385): isChangeAllowed() : name = wifi_wcm_qos_sharing_score_summary
10-13 20:33:36.368 I/WifiProfileShare( 2385): network QoS data was changed (internet), updateQoSData networkType: true, qosData: false
10-13 20:33:36.369 V/WifiProfileShare.Caster( 2385): update wips network, size: 0
10-13 20:33:36.369 D/WifiProfileShare( 2385): nearby scanning settings run
10-13 20:33:36.370 D/WifiProfileShare( 2385): network score provider settings enabled
10-13 20:33:36.370 D/OpenNetworkQos[4.00]( 2385): getOpenNetworkQosScores: 30 23 25 
10-13 20:33:36.370 D/OpenNetworkQos[4.00]( 2385): getOpenNetworkQosNoInternetStatus: false
10-13 20:33:36.370 I/WifiProfileShare.Caster( 2385): current network type: 0, score: [30, 23, 25]
10-13 20:33:36.371 V/WifiProfileShare.Cache( 2385): update network score 48:22:54:**:**:72
10-13 20:33:36.372 D/WifiProfileShare.ScanMatcher( 2385): getMcfDataList size:2
10-13 20:33:36.372 I/WifiProfileShare.Caster( 2385): qos data was updated , before:type:QOS, pBssid:6f:87:3a, qosData:77 after:type:QOS, pBssid:6f:87:3a, qosData:77
10-13 20:33:36.373 I/[MCFSDK_android_1.2.13040]_4_McfCasterImpl( 2385): isNetworkEnabled - type : 1 ret : true
10-13 20:33:36.373 D/WifiProfileShare.McfCast( 2385): -ME--- mIsNetworkEnabled :true
10-13 20:33:36.373 D/WifiProfileShare.McfCast( 2385): updateQoSData ignored, same contents
10-13 20:33:36.374 D/WifiProfileShare.MCF( 2385): success update QosData !
10-13 20:33:36.374 I/[MCFSDK_android_1.2.13040]_4_McfCasterImpl( 2385): isNetworkEnabled - type : 1 ret : true
10-13 20:33:36.374 D/WifiProfileShare.McfCast( 2385): -ME--- mIsNetworkEnabled :true
10-13 20:33:36.374 D/WifiProfileShare.McfCast( 2385): -ME--- updatePasswordDate pwdData size:2
10-13 20:33:36.474 I/AfterimageCompensationService( 2385): AfcThread mLuminance : 16 , AfpcPeriodCount : 910 , rotation : 0 , AOD : false
10-13 20:33:36.479 D/RenderEngine( 1560): [SEC_GC_CMN_SF_EFFECTS] drawLayersInternal,1279, Rendering layer  at index 0
10-13 20:33:36.479 D/RenderEngine( 1560): [SEC_GC_CMN_SF_EFFECTS] drawLayersInternal,1279, Rendering layer Splash Screen com.csparks113.MorseCodeApp$_3203#17698 at index 1
10-13 20:33:36.480 D/RenderEngine( 1560): [SEC_GC_CMN_SF_EFFECTS] drawLayersInternal,1279, Rendering layer StatusBar$_3203#87 at index 2
10-13 20:33:36.480 D/RenderEngine( 1560): [SEC_GC_CMN_SF_EFFECTS] drawLayersInternal,1279, Rendering layer com.sec.android.app.launcher/com.samsung.app.honeyspace.edge.CocktailBarService$_3604#17434 at index 3
10-13 20:33:36.480 D/RenderEngine( 1560): [SEC_GC_CMN_SF_EFFECTS] drawLayersInternal,1279, Rendering layer NavigationBar0$_3203#83 at index 4
10-13 20:33:36.490 D/system_server( 2385): mAFPC_Read - w = 1080, h = 2340, s = 8, f = 4, s_size = 10183680, luminance = 16, count = 910, captureOrientation = 0
10-13 20:33:36.499 D/WifiConnectivityMonitor.NetworkStatsAnalyzer( 2385): Backhaul result - RSSI:-31, CE:11, PE:4, TI:22, PTI:15, TW:5, PTW:5, Tx:5626, Rx:5617, TxS:233, RxS:232, RESULT:true, IC:0, ICT:5, WC:0, WCT:5, R:7, RC:0, IE:0, EC:0
10-13 20:33:36.619 D/SecPowerUI.Notification( 3203): showChargingNotice oldChargingType : 11 / currentChargingType : 11, oldChargingTime : 7084000 / mChargingTime : 7084000
10-13 20:33:36.620 D/SecPowerUI.Notification( 3203): showChargingNotice There is no change about charging status, so return!
10-13 20:33:36.789 I/HYPER-HAL( 1451): [RequestManager.cpp]releaseLocked(): Released ID : 15935853
10-13 20:33:36.795 E/TaskPersister( 2385): File error accessing recents directory (directory doesn't exist?).
10-13 20:33:36.802 I/UMR     ( 2385): ReclaimerPolicyManager: update policy 3 -> 0
10-13 20:33:36.803 I/UMR     ( 2385): KswapdReclaimer: suppress end
10-13 20:33:37.075 D/dtxDTXAutoAction(22765): #380.onUA: cancel timer=java.util.Timer@54a6402 graceTimeOver=false
10-13 20:33:37.075 D/dtxDTXAutoAction(22765): #380.onUA: onTimerPop for Loading UFB Direct intv=0 WR=0 action=1
10-13 20:33:37.075 D/dtxDTXAutoAction(22765): #380.onUA: starting waiting period for Loading UFB Direct
10-13 20:33:37.075 D/dtxDTXAutoAction(22765): #380.onUA: startTimer for Loading UFB Direct delay=1000ms period=1000ms #period=54
10-13 20:33:37.437 I/sensors-hal( 1443): handle_sns_client_event:550, [0][60] accel_sample [-0.461,  5.364,  8.328] 204037665600337
10-13 20:33:37.631 D/io_stats( 1074): !@   8,0 r 7108422 159666571 w 3638873 53402492 d 970247 99578632 f 0 429949 iot 4051596 0 th 0 0 0 pt 0 inp 0 0 126248.358
10-13 20:33:37.631 D/io_stats( 1074): !@ Read_top(KB): loop27(1245) 3760 m.ufbdirect.udb(22765) 864 ogle.android.as(5487) 452
10-13 20:33:37.631 D/io_stats( 1074): !@ Write_top(KB): system_server(2385) 696 m.ufbdirect.udb(22765) 72 .gms.persistent(21992) 8
10-13 20:33:37.713 D/SemWifiUsabilityStatsMonitor( 2385): onWifiUsabilityStats - seqNum 33955, isSameBssidAndFreq true
10-13 20:33:37.714 I/SemWifiLinkQualityMonitor( 2385): Link stat: 899 / 36 / 1.04 (24) / 816 / -30.0 || 100.0 : 816.00 / 0.5 : 0.96 / 0.55 : 0.04 / G (G) || 0.08 ms / 94.33 Mbps / N || 0 / N / 0 N / 0 Y
10-13 20:33:37.857 I/Pageboost( 2385): memUsage collected : 41064 344 4480 for com.csparks113.MorseCodeApp 22830
10-13 20:33:38.078 D/dtxDTXAutoAction(22765): #397.onUA: onTimerPop for Loading UFB Direct intv=53 WR=0 action=1
10-13 20:33:38.749 W/unknown:BridgelessReact(22830): ReactHost{0}.loadJSBundleFromMetro(): Creating BundleLoader
10-13 20:33:38.749 W/unknown:BridgelessReact(22830): ReactHost{0}.getOrCreateReactContext(): Creating BridgelessReactContext
10-13 20:33:38.750 W/unknown:BridgelessReact(22830): ReactHost{0}.getOrCreateReactInstanceTask(): Creating ReactInstance
10-13 20:33:38.761 I/WindowManager(22830): WindowManagerGlobal#removeView, ty=1000, view=android.widget.PopupWindow$PopupDecorView{a0eb16d V.E...... R....... 0,0-1080,74}, caller=android.view.WindowManagerGlobal.removeView:648 android.view.WindowManagerImpl.removeViewImmediate:208 android.widget.PopupWindow.dismissImmediate:2422 
10-13 20:33:38.762 W/WindowOnBackDispatcher(22830): sendCancelIfRunning: isInProgress=falsecallback=android.view.ViewRootImpl$$ExternalSyntheticLambda19@9f1f769
10-13 20:33:38.762 D/CoreBackPreview( 2385): Window{e73a7d6 u0 PopupWindow:ee7b584}: Setting back callback null
10-13 20:33:38.765 I/ViewRootImpl@99ef1a2[PopupWindow:ee7b584](22830): dispatchDetachedFromWindow
10-13 20:33:38.766 D/NetdEventListenerService( 2385): DNS Requested by 160, 10481, 0
10-13 20:33:38.767 D/InputTransport( 2385): Input channel destroyed: 'e73a7d6', fd=962
10-13 20:33:38.767 W/InputManager-JNI( 2385): Input channel object 'e73a7d6 PopupWindow:ee7b584 (client)' was disposed without first being removed with the input manager!
10-13 20:33:38.767 D/InputTransport( 2385): Input channel destroyed: 'e73a7d6', fd=966
10-13 20:33:38.768 V/WindowManager( 2385): Remove Window{e73a7d6 u0 PopupWindow:ee7b584}: mSurfaceController=Surface(name=PopupWindow:ee7b584$_22830)/@0x6e6d10f mAnimatingExit=false mRemoveOnExit=false mHasSurface=true surfaceShowing=false animating=false app-animation=false mDisplayFrozen=false callers=com.android.server.wm.WindowManagerService.removeWindow:2151 com.android.server.wm.Session.remove:257 android.view.IWindowSession$Stub.onTransact:747 com.android.server.wm.Session.onTransact:204 android.os.Binder.execTransactInternal:1375 android.os.Binder.execTransact:1311 
10-13 20:33:38.768 I/WindowManager( 2385): Destroying surface Surface(name=PopupWindow:ee7b584$_22830)/@0x6e6d10f called by com.android.server.wm.WindowStateAnimator.destroySurface:811 com.android.server.wm.WindowStateAnimator.destroySurfaceLocked:478 com.android.server.wm.WindowState.removeImmediately:2958 com.android.server.wm.WindowState.removeIfPossible:3226 com.android.server.wm.WindowManagerService.removeWindow:2151 com.android.server.wm.Session.remove:257 android.view.IWindowSession$Stub.onTransact:747 com.android.server.wm.Session.onTransact:204 
10-13 20:33:38.769 D/nativeloader(22830): Load /data/app/~~ErfVK0nfRf7FiiyLTEpf2g==/com.csparks113.MorseCodeApp-UqTpRymPaX0kGYGmw0fg1w==/base.apk!/lib/arm64-v8a/libhermes.so using class loader ns clns-4 (caller=/data/app/~~ErfVK0nfRf7FiiyLTEpf2g==/com.csparks113.MorseCodeApp-UqTpRymPaX0kGYGmw0fg1w==/base.apk!classes21.dex): ok
10-13 20:33:38.770 D/nativeloader(22830): Load /data/app/~~ErfVK0nfRf7FiiyLTEpf2g==/com.csparks113.MorseCodeApp-UqTpRymPaX0kGYGmw0fg1w==/base.apk!/lib/arm64-v8a/libhermestooling.so using class loader ns clns-4 (caller=/data/app/~~ErfVK0nfRf7FiiyLTEpf2g==/com.csparks113.MorseCodeApp-UqTpRymPaX0kGYGmw0fg1w==/base.apk!classes21.dex): ok
10-13 20:33:38.770 D/jni_lib_merge(22830): Entering merged library JNI_OnLoad.
10-13 20:33:38.770 D/jni_lib_merge(22830): Preparing 4 pre-merged libs (including stub)
10-13 20:33:38.770 D/jni_lib_merge(22830): Preparing to register libhermes_executor_so.  onload_func: 0x6e2cc6a7a0
10-13 20:33:38.770 D/jni_lib_merge(22830): Preparing to register libhermesinstancejni_so.  onload_func: 0x6e2cca022c
10-13 20:33:38.770 D/jni_lib_merge(22830): Preparing to register libjsijniprofiler_so.  onload_func: 0x6e2cca227c
10-13 20:33:38.770 D/jni_lib_merge(22830): About to register 3 actual methods.
10-13 20:33:38.774 D/InputTransport(22830): Input channel destroyed: 'e73a7d6', fd=108
10-13 20:33:38.774 D/nativeloader(22830): Load /data/app/~~ErfVK0nfRf7FiiyLTEpf2g==/com.csparks113.MorseCodeApp-UqTpRymPaX0kGYGmw0fg1w==/base.apk!/lib/arm64-v8a/libNitroHaptics.so using class loader ns clns-4 (caller=/data/app/~~ErfVK0nfRf7FiiyLTEpf2g==/com.csparks113.MorseCodeApp-UqTpRymPaX0kGYGmw0fg1w==/base.apk!classes10.dex): ok
10-13 20:33:38.774 I/Nitro.HybridObjectRegistry(22830): Registering HybridObject "Haptics"...
10-13 20:33:38.774 I/Nitro.HybridObjectRegistry(22830): Successfully registered HybridObject "Haptics"!
10-13 20:33:38.775 I/Layer   ( 1560): Layer::reparent [PopupWindow:ee7b584$_22830#17711] newParentHandle : null -------------------------
10-13 20:33:38.775 I/Layer   ( 1560): id=17711 removeFromCurrentState PopupWindow:ee7b584$_22830#17711 (128)
10-13 20:33:38.775 I/Layer   ( 1560): Layer::reparent [PopupWindow:ee7b584$_22830#17711] End -------------------------
10-13 20:33:38.775 I/Layer   ( 1560): Layer::reparent [e73a7d6 PopupWindow:ee7b584#17710] newParentHandle : null -------------------------
10-13 20:33:38.775 I/Layer   ( 1560): id=17710 removeFromCurrentState e73a7d6 PopupWindow:ee7b584#17710 (128)
10-13 20:33:38.775 I/Layer   ( 1560): Layer::reparent [e73a7d6 PopupWindow:ee7b584#17710] End -------------------------
10-13 20:33:38.776 I/SurfaceFlinger( 1560): id=17710 Removed e73a7d6 PopupWindow:ee7b584#17710 (128)
10-13 20:33:38.776 I/SurfaceFlinger( 1560): id=17711 Removed PopupWindow:ee7b584$_22830#17711 (128)
10-13 20:33:38.792 I/Layer   ( 1560): id=17711 Destroyed PopupWindow:ee7b584$_22830#17711
10-13 20:33:38.793 I/Layer   ( 1560): id=17710 Destroyed e73a7d6 PopupWindow:ee7b584#17710
10-13 20:33:38.799 I/ExpoModulesCore(22830):  AppContext was initialized
10-13 20:33:38.833 W/unknown:BridgelessReact(22830): ReactHost{0}.getOrCreateReactInstanceTask(): Loading JS Bundle
10-13 20:33:38.833 W/unknown:BridgelessReact(22830): ReactHost{0}.getOrCreateReactInstanceTask(): Calling DevSupportManagerBase.onNewReactContextCreated(reactContext)
10-13 20:33:38.834 W/unknown:BridgelessReact(22830): ReactHost{0}.startSurface(surfaceId = 0): Execute
10-13 20:33:38.876 W/unknown:ReactNative(22830): Packager connection already open, nooping.
10-13 20:33:38.876 W/unknown:BridgelessReact(22830): ReactContext.onHostResume()
10-13 20:33:38.878 W/unknown:BridgelessReact(22830): ReactHost{0}.getOrCreateReactInstanceTask(): Executing ReactInstanceEventListeners
10-13 20:33:38.997 D/ProfileInstaller(22830): Installing profile for com.csparks113.MorseCodeApp
10-13 20:33:39.079 D/dtxDTXAutoAction(22765): #397.onUA: onTimerPop for Loading UFB Direct intv=52 WR=0 action=1
10-13 20:33:39.083 I/WebViewFactory(22830): Loading com.google.android.webview version 140.0.7339.207 (code 733920733)
10-13 20:33:39.085 W/13.MorseCodeApp(22830): Failed to find entry 'classes.dex': Entry not found
10-13 20:33:39.086 D/nativeloader(22830): Configuring clns-5 for other apk /data/app/~~zFlU7rYwJq51gVSMc0tViQ==/com.google.android.trichromelibrary_733920733-eo_f2aNvXaIc-P2lQRaTlw==/base.apk. target_sdk_version=36, uses_libraries=ALL, library_path=/data/app/~~jaKnF3rWdjJNib5ViIOHag==/com.google.android.webview-B-q3h52lyXCLfR88Z4kZ0A==/lib/arm64:/data/app/~~jaKnF3rWdjJNib5ViIOHag==/com.google.android.webview-B-q3h52lyXCLfR88Z4kZ0A==/base.apk!/lib/arm64-v8a:/data/app/~~zFlU7rYwJq51gVSMc0tViQ==/com.google.android.trichromelibrary_733920733-eo_f2aNvXaIc-P2lQRaTlw==/base.apk!/lib/arm64-v8a, permitted_path=/data:/mnt/expand
10-13 20:33:39.086 D/nativeloader(22830): Extending system_exposed_libraries: libhumantracking.arcsoft.so:libPortraitDistortionCorrection.arcsoft.so:libPortraitDistortionCorrectionCali.arcsoft.so:libface_landmark.arcsoft.so:libFacialStickerEngine.arcsoft.so:libfrtracking_engine.arcsoft.so:libFaceRecognition.arcsoft.so:libveengine.arcsoft.so:lib_pet_detection.arcsoft.so:libae_bracket_hdr.arcsoft.so:libhybrid_high_dynamic_range.arcsoft.so:libimage_enhancement.arcsoft.so:liblow_light_hdr.arcsoft.so:libhigh_dynamic_range.arcsoft.so:libsuperresolution_raw.arcsoft.so:libobjectcapture_jni.arcsoft.so:libobjectcapture.arcsoft.so:libFacialAttributeDetection.arcsoft.so:libaudiomirroring_jni.audiomirroring.samsung.so:libBeauty_v4.camera.samsung.so:libexifa.camera.samsung.so:libjpega.camera.samsung.so:libOpenCv.camera.samsung.so:libVideoClassifier.camera.samsung.so:libImageScreener.camera.samsung.so:libMyFilter.camera.samsung.so:libtflite2.myfilters.camera.samsung.so:libHIDTSnapJNI.camera.samsung.so:libSmartScan.camera.samsung.so:libRectify.camera.samsung.so:lib
10-13 20:33:39.087 W/13.MorseCodeApp(22830): Loading /data/app/~~jaKnF3rWdjJNib5ViIOHag==/com.google.android.webview-B-q3h52lyXCLfR88Z4kZ0A==/oat/arm64/base.odex non-executable as it requires an image which we failed to load
10-13 20:33:39.088 D/nativeloader(22830): Configuring clns-6 for other apk /data/app/~~jaKnF3rWdjJNib5ViIOHag==/com.google.android.webview-B-q3h52lyXCLfR88Z4kZ0A==/base.apk. target_sdk_version=36, uses_libraries=, library_path=/data/app/~~jaKnF3rWdjJNib5ViIOHag==/com.google.android.webview-B-q3h52lyXCLfR88Z4kZ0A==/lib/arm64:/data/app/~~jaKnF3rWdjJNib5ViIOHag==/com.google.android.webview-B-q3h52lyXCLfR88Z4kZ0A==/base.apk!/lib/arm64-v8a:/data/app/~~zFlU7rYwJq51gVSMc0tViQ==/com.google.android.trichromelibrary_733920733-eo_f2aNvXaIc-P2lQRaTlw==/base.apk!/lib/arm64-v8a, permitted_path=/data:/mnt/expand
10-13 20:33:39.100 I/cr_WVCFactoryProvider(22830): version=140.0.7339.207 (733920733) minSdkVersion=29 multiprocess=true packageId=2 splits=<none>
10-13 20:33:39.103 D/nativeloader(22830): Load /data/app/~~zFlU7rYwJq51gVSMc0tViQ==/com.google.android.trichromelibrary_733920733-eo_f2aNvXaIc-P2lQRaTlw==/base.apk!/lib/arm64-v8a/libmonochrome_64.so using class loader ns clns-6 (caller=/data/app/~~jaKnF3rWdjJNib5ViIOHag==/com.google.android.webview-B-q3h52lyXCLfR88Z4kZ0A==/base.apk): ok
10-13 20:33:39.104 D/nativeloader(22830): Load /system/lib64/libwebviewchromium_plat_support.so using class loader ns clns-6 (caller=/data/app/~~jaKnF3rWdjJNib5ViIOHag==/com.google.android.webview-B-q3h52lyXCLfR88Z4kZ0A==/base.apk): ok
10-13 20:33:39.105 I/chromium(22830): [1013/203339.105764:INFO:android_webview/browser/variations/variations_seed_loader.cc:67] Failed to open file for reading.: No such file or directory (2)
10-13 20:33:39.109 I/cr_LibraryLoader(22830): Successfully loaded native library
10-13 20:33:39.109 I/cr_CachingUmaRecorder(22830): Flushed 13 samples from 13 histograms, 0 samples were dropped.
10-13 20:33:39.117 D/nativeloader(22830): Load /data/app/~~ErfVK0nfRf7FiiyLTEpf2g==/com.csparks113.MorseCodeApp-UqTpRymPaX0kGYGmw0fg1w==/base.apk!/lib/arm64-v8a/libexpo-modules-core.so using class loader ns clns-4 (caller=/data/app/~~ErfVK0nfRf7FiiyLTEpf2g==/com.csparks113.MorseCodeApp-UqTpRymPaX0kGYGmw0fg1w==/base.apk!classes21.dex): ok
10-13 20:33:39.126 W/unknown:ViewManagerPropertyUpdater(22830): Could not find generated setter for class com.th3rdwave.safeareacontext.SafeAreaProviderManager
10-13 20:33:39.129 W/unknown:ViewManagerPropertyUpdater(22830): Could not find generated setter for class com.facebook.react.uimanager.LayoutShadowNode
10-13 20:33:39.130 W/unknown:ViewManagerPropertyUpdater(22830): Could not find generated setter for class com.swmansion.rnscreens.SearchBarManager
10-13 20:33:39.131 W/unknown:ViewManagerPropertyUpdater(22830): Could not find generated setter for class com.swmansion.rnscreens.ScreenFooterManager
10-13 20:33:39.131 W/unknown:ViewManagerPropertyUpdater(22830): Could not find generated setter for class com.swmansion.rnscreens.gamma.tabs.TabScreenViewManager
10-13 20:33:39.133 W/unknown:ViewManagerPropertyUpdater(22830): Could not find generated setter for class expo.modules.kotlin.views.GroupViewManagerWrapper
10-13 20:33:39.134 W/unknown:ViewManagerPropertyUpdater(22830): Could not find generated setter for class com.swmansion.rnscreens.ScreenContainerViewManager
10-13 20:33:39.134 W/unknown:ViewManagerPropertyUpdater(22830): Could not find generated setter for class com.reactnativecommunity.slider.ReactSliderManager
10-13 20:33:39.137 W/unknown:ViewManagerPropertyUpdater(22830): Could not find generated setter for class com.swmansion.rnscreens.gamma.tabs.TabsHostViewManager
10-13 20:33:39.137 W/unknown:ViewManagerPropertyUpdater(22830): Could not find generated setter for class com.reactnativecommunity.webview.RNCWebViewManager
10-13 20:33:39.139 W/unknown:ViewManagerPropertyUpdater(22830): Could not find generated setter for class com.swmansion.rnscreens.ModalScreenViewManager
10-13 20:33:39.140 W/unknown:ViewManagerPropertyUpdater(22830): Could not find generated setter for class org.reactnative.maskedview.RNCMaskedViewManager
10-13 20:33:39.141 W/unknown:ViewManagerPropertyUpdater(22830): Could not find generated setter for class com.swmansion.rnscreens.ScreenStackHeaderConfigViewManager
10-13 20:33:39.142 W/unknown:ViewManagerPropertyUpdater(22830): Could not find generated setter for class com.swmansion.rnscreens.ScreenContentWrapperManager
10-13 20:33:39.142 W/unknown:ViewManagerPropertyUpdater(22830): Could not find generated setter for class com.th3rdwave.safeareacontext.SafeAreaViewManager
10-13 20:33:39.143 W/unknown:ViewManagerPropertyUpdater(22830): Could not find generated setter for class com.th3rdwave.safeareacontext.SafeAreaViewShadowNode
10-13 20:33:39.144 W/unknown:ViewManagerPropertyUpdater(22830): Could not find generated setter for class com.swmansion.rnscreens.ScreenViewManager
10-13 20:33:39.144 W/unknown:ViewManagerPropertyUpdater(22830): Could not find generated setter for class expo.modules.kotlin.views.SimpleViewManagerWrapper
10-13 20:33:39.145 W/unknown:ViewManagerPropertyUpdater(22830): Could not find generated setter for class com.swmansion.rnscreens.ScreenStackHeaderSubviewManager
10-13 20:33:39.146 W/unknown:ViewManagerPropertyUpdater(22830): Could not find generated setter for class com.swmansion.rnscreens.ScreenStackViewManager
10-13 20:33:39.197 W/unknown:ViewManagerPropertyUpdater(22830): Could not find generated setter for class com.horcrux.svg.RenderableViewManager$FeMergeManager
10-13 20:33:39.198 W/unknown:ViewManagerPropertyUpdater(22830): Could not find generated setter for class com.horcrux.svg.VirtualViewManager$RenderableShadowNode
10-13 20:33:39.201 W/unknown:ViewManagerPropertyUpdater(22830): Could not find generated setter for class com.facebook.react.views.safeareaview.ReactSafeAreaViewManager
10-13 20:33:39.201 W/unknown:ViewManagerPropertyUpdater(22830): Could not find generated setter for class com.facebook.react.views.safeareaview.ReactSafeAreaViewShadowNode
10-13 20:33:39.203 W/unknown:ViewManagerPropertyUpdater(22830): Could not find generated setter for class com.horcrux.svg.RenderableViewManager$LinearGradientManager
10-13 20:33:39.206 W/unknown:ViewManagerPropertyUpdater(22830): Could not find generated setter for class com.facebook.react.views.progressbar.ReactProgressBarViewManager
10-13 20:33:39.207 W/unknown:ViewManagerPropertyUpdater(22830): Could not find generated setter for class com.facebook.react.views.progressbar.ProgressBarShadowNode
10-13 20:33:39.209 W/unknown:ViewManagerPropertyUpdater(22830): Could not find generated setter for class com.horcrux.svg.RenderableViewManager$FeColorMatrixManager
10-13 20:33:39.212 W/unknown:ViewManagerPropertyUpdater(22830): Could not find generated setter for class com.horcrux.svg.RenderableViewManager$SymbolManager
10-13 20:33:39.216 W/unknown:ViewManagerPropertyUpdater(22830): Could not find generated setter for class com.horcrux.svg.RenderableViewManager$PatternManager
10-13 20:33:39.219 W/unknown:ViewManagerPropertyUpdater(22830): Could not find generated setter for class com.horcrux.svg.SvgViewManager
10-13 20:33:39.223 W/unknown:ViewManagerPropertyUpdater(22830): Could not find generated setter for class com.facebook.react.views.switchview.ReactSwitchManager
10-13 20:33:39.223 W/unknown:ViewManagerPropertyUpdater(22830): Could not find generated setter for class com.facebook.react.views.switchview.ReactSwitchShadowNode
10-13 20:33:39.226 W/unknown:ViewManagerPropertyUpdater(22830): Could not find generated setter for class com.horcrux.svg.RenderableViewManager$UseViewManager
10-13 20:33:39.229 W/unknown:ViewManagerPropertyUpdater(22830): Could not find generated setter for class com.horcrux.svg.RenderableViewManager$TSpanViewManager
10-13 20:33:39.233 W/unknown:ViewManagerPropertyUpdater(22830): Could not find generated setter for class com.horcrux.svg.RenderableViewManager$FilterManager
10-13 20:33:39.236 W/unknown:ViewManagerPropertyUpdater(22830): Could not find generated setter for class com.horcrux.svg.RenderableViewManager$MarkerManager
10-13 20:33:39.240 W/unknown:ViewManagerPropertyUpdater(22830): Could not find generated setter for class com.swmansion.gesturehandler.react.RNGestureHandlerButtonViewManager
10-13 20:33:39.243 W/unknown:ViewManagerPropertyUpdater(22830): Could not find generated setter for class com.horcrux.svg.RenderableViewManager$ForeignObjectManager
10-13 20:33:39.246 W/unknown:ViewManagerPropertyUpdater(22830): Could not find generated setter for class com.horcrux.svg.RenderableViewManager$GroupViewManager
10-13 20:33:39.250 W/unknown:ViewManagerPropertyUpdater(22830): Could not find generated setter for class com.horcrux.svg.RenderableViewManager$TextViewManager
10-13 20:33:39.253 W/unknown:ViewManagerPropertyUpdater(22830): Could not find generated setter for class com.horcrux.svg.RenderableViewManager$ImageViewManager
10-13 20:33:39.256 W/unknown:ViewManagerPropertyUpdater(22830): Could not find generated setter for class com.horcrux.svg.RenderableViewManager$FeCompositeManager
10-13 20:33:39.259 W/unknown:ViewManagerPropertyUpdater(22830): Could not find generated setter for class com.horcrux.svg.RenderableViewManager$RadialGradientManager
10-13 20:33:39.263 W/unknown:ViewManagerPropertyUpdater(22830): Could not find generated setter for class com.facebook.react.views.unimplementedview.ReactUnimplementedViewManager
10-13 20:33:39.265 W/unknown:ViewManagerPropertyUpdater(22830): Could not find generated setter for class com.horcrux.svg.RenderableViewManager$FeOffsetManager
10-13 20:33:39.268 W/unknown:ViewManagerPropertyUpdater(22830): Could not find generated setter for class com.horcrux.svg.RenderableViewManager$PathViewManager
10-13 20:33:39.271 W/unknown:ViewManagerPropertyUpdater(22830): Could not find generated setter for class com.facebook.react.views.drawer.ReactDrawerLayoutManager
10-13 20:33:39.275 W/unknown:ViewManagerPropertyUpdater(22830): Could not find generated setter for class com.facebook.react.views.textinput.ReactTextInputManager
10-13 20:33:39.276 W/unknown:ViewManagerPropertyUpdater(22830): Could not find generated setter for class com.facebook.react.views.textinput.ReactTextInputShadowNode
10-13 20:33:39.280 W/unknown:ViewManagerPropertyUpdater(22830): Could not find generated setter for class com.horcrux.svg.RenderableViewManager$DefsViewManager
10-13 20:33:39.283 W/unknown:ViewManagerPropertyUpdater(22830): Could not find generated setter for class com.facebook.react.views.debuggingoverlay.DebuggingOverlayManager
10-13 20:33:39.285 W/unknown:ViewManagerPropertyUpdater(22830): Could not find generated setter for class com.horcrux.svg.RenderableViewManager$FeGaussianBlurManager
10-13 20:33:39.288 W/unknown:ViewManagerPropertyUpdater(22830): Could not find generated setter for class com.facebook.react.views.scroll.ReactHorizontalScrollViewManager
10-13 20:33:39.292 W/unknown:ViewManagerPropertyUpdater(22830): Could not find generated setter for class com.facebook.react.views.text.ReactTextViewManager
10-13 20:33:39.293 W/unknown:ViewManagerPropertyUpdater(22830): Could not find generated setter for class com.facebook.react.views.text.ReactTextShadowNode
10-13 20:33:39.296 W/unknown:ViewManagerPropertyUpdater(22830): Could not find generated setter for class com.facebook.react.views.scroll.ReactHorizontalScrollContainerViewManager
10-13 20:33:39.299 W/unknown:ViewManagerPropertyUpdater(22830): Could not find generated setter for class com.horcrux.svg.RenderableViewManager$ClipPathViewManager
10-13 20:33:39.302 W/unknown:ViewManagerPropertyUpdater(22830): Could not find generated setter for class com.horcrux.svg.RenderableViewManager$FeBlendManager
10-13 20:33:39.305 W/unknown:ViewManagerPropertyUpdater(22830): Could not find generated setter for class com.facebook.react.views.view.ReactViewManager
10-13 20:33:39.308 W/unknown:ViewManagerPropertyUpdater(22830): Could not find generated setter for class com.horcrux.svg.RenderableViewManager$CircleViewManager
10-13 20:33:39.311 W/unknown:ViewManagerPropertyUpdater(22830): Could not find generated setter for class com.facebook.react.views.modal.ReactModalHostManager
10-13 20:33:39.314 W/unknown:ViewManagerPropertyUpdater(22830): Could not find generated setter for class com.horcrux.svg.RenderableViewManager$EllipseViewManager
10-13 20:33:39.318 W/unknown:ViewManagerPropertyUpdater(22830): Could not find generated setter for class com.horcrux.svg.RenderableViewManager$LineViewManager
10-13 20:33:39.321 W/unknown:ViewManagerPropertyUpdater(22830): Could not find generated setter for class com.facebook.react.views.text.frescosupport.FrescoBasedReactTextInlineImageViewManager
10-13 20:33:39.322 W/unknown:ViewManagerPropertyUpdater(22830): Could not find generated setter for class com.facebook.react.views.text.frescosupport.FrescoBasedReactTextInlineImageShadowNode
10-13 20:33:39.324 W/unknown:ViewManagerPropertyUpdater(22830): Could not find generated setter for class com.horcrux.svg.RenderableViewManager$FeFloodManager
10-13 20:33:39.327 W/unknown:ViewManagerPropertyUpdater(22830): Could not find generated setter for class com.facebook.react.views.image.ReactImageManager
10-13 20:33:39.330 W/unknown:ViewManagerPropertyUpdater(22830): Could not find generated setter for class com.horcrux.svg.RenderableViewManager$MaskManager
10-13 20:33:39.333 W/unknown:ViewManagerPropertyUpdater(22830): Could not find generated setter for class com.horcrux.svg.RenderableViewManager$RectViewManager
10-13 20:33:39.336 W/unknown:ViewManagerPropertyUpdater(22830): Could not find generated setter for class com.horcrux.svg.RenderableViewManager$TextPathViewManager
10-13 20:33:39.340 W/unknown:ViewManagerPropertyUpdater(22830): Could not find generated setter for class com.facebook.react.views.scroll.ReactScrollViewManager
10-13 20:33:39.343 W/unknown:ViewManagerPropertyUpdater(22830): Could not find generated setter for class com.facebook.react.views.text.ReactVirtualTextViewManager
10-13 20:33:39.344 W/unknown:ViewManagerPropertyUpdater(22830): Could not find generated setter for class com.facebook.react.views.text.ReactVirtualTextShadowNode
10-13 20:33:39.346 W/unknown:ViewManagerPropertyUpdater(22830): Could not find generated setter for class com.facebook.react.views.swiperefresh.SwipeRefreshLayoutManager
10-13 20:33:39.349 W/unknown:ViewManagerPropertyUpdater(22830): Could not find generated setter for class com.facebook.react.views.text.ReactRawTextManager
10-13 20:33:39.349 W/unknown:ViewManagerPropertyUpdater(22830): Could not find generated setter for class com.facebook.react.views.text.ReactRawTextShadowNode
10-13 20:33:39.349 W/unknown:ViewManagerPropertyUpdater(22830): Could not find generated setter for class com.swmansion.gesturehandler.react.RNGestureHandlerRootViewManager
10-13 20:33:39.390 W/BridgelessReactContext(22830): [WARNING] Bridgeless doesn't support CatalystInstance. Accessing an API that's not part of the new architecture is not encouraged usage.
10-13 20:33:39.392 I/ExpoModulesCore(22830):  JSI interop was installed
10-13 20:33:39.394 I/ExpoModulesCore(22830):  Constants were exported
10-13 20:33:39.445 I/sensors-hal( 1443): handle_sns_client_event:550, [0][90] accel_sample [-0.245,  5.230,  8.313] 204039674108075
10-13 20:33:39.523 I/sensors-hal( 1443): handle_sns_std_sensor_event:311, [SSC_LIGHT] P: 4(4),m:7,c:0,b:16,c0:176,l:4,f(r):104,u(bl):100,j:2
10-13 20:33:39.523 D/nativeloader(22830): Load /data/app/~~ErfVK0nfRf7FiiyLTEpf2g==/com.csparks113.MorseCodeApp-UqTpRymPaX0kGYGmw0fg1w==/base.apk!/lib/arm64-v8a/librnscreens.so using class loader ns clns-4 (caller=/data/app/~~ErfVK0nfRf7FiiyLTEpf2g==/com.csparks113.MorseCodeApp-UqTpRymPaX0kGYGmw0fg1w==/base.apk!classes16.dex): ok
10-13 20:33:39.554 D/CompatibilityChangeReporter(22830): Compat change id reported: 289878283; UID 10481; state: ENABLED
10-13 20:33:39.557 I/ReactNativeJS(22830): Running "main" with {"rootTag":1,"initialProps":{},"fabric":true}
10-13 20:33:39.632 D/io_stats( 1074): !@   8,0 r 7108423 159666575 w 3638886 53402620 d 970247 99578632 f 0 429949 iot 4051616 0 th 0 0 0 pt 0 inp 0 0 126250.359
10-13 20:33:39.636 I/sensors-hal( 1443): handle_sns_client_event:185, auto_rotation_debug_2 mode,255, type,1,1 acc,-0.400,5.178,8.425, ar,0, ver,12, pedo,1,e,0,i,3
10-13 20:33:39.652 D/PhoneInterfaceManager( 3161): setDataEnabledForReason() Reason=1 Pid=2385 App=system
10-13 20:33:39.723 V/CpEventLog(u0)( 7154): cp_state: [                 contacts = {contacts=107, raw_contacts=130, data=331, account={secphone(1)=104, google(2)=0, google(3)=0, sim(4)=3, sim2(5)=0, agg(6)=0, samsung(7)=0, mobileservice(8)=0, com.samsung.android.email(9)=0, duo(10)=23, com.microsoft.msa.ltw(12)=0, com.microsoft.skydrive(13)=0, com.facebook.messenger(16)=0, com.duolingo(17)=0, com.facebook.auth.login(18)=0, com.facebook.auth.login(19)=0}, trash=0, trash_acc={}, trash_sync=0, database=contacts2.db} ]
10-13 20:33:39.723 V/CpEventLog(u0)( 7154): cp_state: [               aggregated = {[1,10]=23, [1]=81, [4]=3} ]
10-13 20:33:39.723 V/CpEventLog(u0)( 7154): cp_state: [                  request = {} ]
10-13 20:33:39.723 V/CpEventLog(u0)( 7154): cp_state: [                    calls = {types={[100]=18, [200]=40, [300]=460, [1000]=1982}, database=calllog.db} ]
10-13 20:33:39.723 V/CpEventLog(u0)( 7154): cp_state: [                  profile = {contacts=0, raw_contacts=0, data=0, account={secphone(1)=0, google(2)=0, google(3)=0, sim(4)=0, sim2(5)=0, agg(6)=0, samsung(7)=0, mobileservice(8)=0, com.samsung.android.email(9)=0, duo(10)=0, com.microsoft.msa.ltw(12)=0, com.microsoft.skydrive(13)=0, com.facebook.messenger(16)=0, com.duolingo(17)=0, com.facebook.auth.login(18)=0, com.facebook.auth.login(19)=0}, trash=0, trash_acc={}, trash_sync=0, database=profile.db} ]
10-13 20:33:39.723 V/CpEventLog(u0)( 7154): cp_state: [               sa_profile = {contacts=1, raw_contacts=1, data=2, account={secphone(1)=1, google(2)=0, google(3)=0, sim(4)=0, sim2(5)=0, agg(6)=0, samsung(7)=0, mobileservice(8)=0, com.samsung.android.email(9)=0, duo(10)=0, com.microsoft.msa.ltw(12)=0, com.microsoft.skydrive(13)=0, com.facebook.messenger(16)=0, com.duolingo(17)=0, com.facebook.auth.login(18)=0, com.facebook.auth.login(19)=0}, trash=0, trash_acc={}, trash_sync=0, database=profile_sa.db} ]
10-13 20:33:39.723 V/CpEventLog(u0)( 7154): cp_state: [                      etc = {binders=0, country_iso=US, version=15.2.26, db_version=1802, csc=/GCF} ]
10-13 20:33:39.723 V/CpEventLog(u0)( 7154): cp_state: ------------------------------------------------------------------------------
10-13 20:33:39.778 E/audit   ( 1347): type=1400 audit(1760402019.775:277367): avc:  denied  { ioctl } for  pid=22830 comm=4173796E635461736B202332 path="/data/data/com.csparks113.MorseCodeApp/databases/RKStorage" dev="dm-56" ino=492824 ioctlcmd=0xf522 scontext=u:r:untrusted_app:s0:c225,c257,c512,c768 tcontext=u:object_r:app_data_file:s0:c225,c257,c512,c768 tclass=file permissive=0 SEPF_SM-S906U_12_0001 audit_filtered
10-13 20:33:39.846 D/nativeloader(22830): Load /data/app/~~ErfVK0nfRf7FiiyLTEpf2g==/com.csparks113.MorseCodeApp-UqTpRymPaX0kGYGmw0fg1w==/base.apk!/lib/arm64-v8a/libworklets.so using class loader ns clns-4 (caller=/data/app/~~ErfVK0nfRf7FiiyLTEpf2g==/com.csparks113.MorseCodeApp-UqTpRymPaX0kGYGmw0fg1w==/base.apk!classes21.dex): ok
10-13 20:33:39.894 D/nativeloader(22830): Load /data/app/~~ErfVK0nfRf7FiiyLTEpf2g==/com.csparks113.MorseCodeApp-UqTpRymPaX0kGYGmw0fg1w==/base.apk!/lib/arm64-v8a/libreanimated.so using class loader ns clns-4 (caller=/data/app/~~ErfVK0nfRf7FiiyLTEpf2g==/com.csparks113.MorseCodeApp-UqTpRymPaX0kGYGmw0fg1w==/base.apk!classes21.dex): ok
10-13 20:33:40.080 D/dtxDTXAutoAction(22765): #397.onUA: onTimerPop for Loading UFB Direct intv=51 WR=0 action=1
10-13 20:33:40.296 V/WindowManager( 2385): Relayout Window{ade02b9 u0 com.csparks113.MorseCodeApp/com.csparks113.MorseCodeApp.MainActivity}: viewVisibility=0 req=1080x2340 ty=1 d0
10-13 20:33:40.299 D/LocalDisplayAdapter( 2385): updateActiveModeLocked for d=4630947232161729154, mActiveModeId=6, mActiveSfDisplayMode=DisplayMode{id=5, width=1080, height=2340, xDpi=391.885, yDpi=393.615, refreshRate=24.000002, appVsyncOffsetNanos=0, presentationDeadlineNanos=42666666, supportedHdrTypes=[2, 3, 4], group=1080}
10-13 20:33:40.299 V/WindowManager( 2385): Relayout hash=ade02b9, pid=22830, syncId=-1: mAttrs={(0,0)(fillxfill) sim={adjust=resize forwardNavigation} layoutInDisplayCutoutMode=always ty=BASE_APPLICATION wanim=0x1030303
10-13 20:33:40.299 V/WindowManager( 2385):   fl=81810180
10-13 20:33:40.299 V/WindowManager( 2385):   pfl=16008040
10-13 20:33:40.299 V/WindowManager( 2385):   vsysui=110
10-13 20:33:40.299 V/WindowManager( 2385):   apr=LIGHT_NAVIGATION_BARS
10-13 20:33:40.299 V/WindowManager( 2385):   bhv=DEFAULT
10-13 20:33:40.299 V/WindowManager( 2385):   fitSides= naviIconColor=0}
10-13 20:33:40.300 I/DisplayDeviceRepository( 2385): Display device changed: DisplayDeviceInfo{"Built-in Screen": uniqueId="local:4630947232161729154", 1080 x 2340, modeId 6, renderFrameRate 24.000002, defaultModeId 1, supportedModes [{id=1, width=1080, height=2340, fps=120.00001, alternativeRefreshRates=[10.0, 24.000002, 30.000002, 48.000004, 60.000004, 96.00001], supportedHdrTypes=[2, 3, 4]}, {id=2, width=1080, height=2340, fps=96.00001, alternativeRefreshRates=[10.0, 24.000002, 30.000002, 48.000004, 60.000004, 120.00001], supportedHdrTypes=[2, 3, 4]}, {id=3, width=1080, height=2340, fps=60.000004, alternativeRefreshRates=[10.0, 24.000002, 30.000002, 48.000004, 96.00001, 120.00001], supportedHdrTypes=[2, 3, 4]}, {id=4, width=1080, height=2340, fps=48.000004, alternativeRefreshRates=[10.0, 24.000002, 30.000002, 60.000004, 96.00001, 120.00001], supportedHdrTypes=[2, 3, 4]}, {id=5, width=1080, height=2340, fps=30.000002, alternativeRefreshRates=[10.0, 24.000002, 48.000004, 60.000004, 96.00001, 120.00001], supportedHdrTypes=[2, 3, 4]}, {id=6, width=1080, height=2340, fps=24.000002, alternativeRefreshRates=[10.0, 30.000002, 48.000004, 60.000004, 96.00001, 120.00001], supportedHdrTypes=[2, 3, 4]}, {id=7, width=1080, height=2340, fps=10.0, alternativeRefreshRates=[24.000002, 30.000002, 48.000004, 60.000004, 96.00001, 120.00001], supportedHdrTypes=[2, 3, 4]}], colorMode 0, supportedColorModes [0, 7, 9], hdrCapabilities HdrCapabilities{mSupportedHdrTypes=[2, 3, 4], mMaxLuminance=450.0, mMaxAverageLuminance=225.00024, mMinLuminance=5.0E-4}, allmSupported false, gameContentTypeSupported false, density 450, 391.885 x 393.615 dpi, appVsyncOff 0, presDeadline 42666666, cutout DisplayCutout{insets=Rect(0, 74 - 0, 0) waterfall=Insets{left=0, top=0, right=0, bottom=0} boundingRect={Bounds=[Rect(0, 0 - 0, 0), Rect(514, 0 - 566, 74), Rect(0, 0 - 0, 0), Rect(0, 0 - 0, 0)]} cutoutPathParserInfo={CutoutPathParserInfo{displayWidth=1080 displayHeight=2340 physicalDisplayWidth=1080 physicalDisplayHeight=2340 density={2.8125} cutoutSpec={M 0,0 H -9.244444444444444 V 26.31111111111111 H 9.244444444444444 V 0 H 0 Z @dp} rotation={0} scale={1.0} physicalPixelDisplaySizeRatio={1.0}}}}, touch INTERNAL, rotation 0, type INTERNAL, address {port=130, model=0x40446df8ca940a}, deviceProductInfo DeviceProductInfo{name=, manufacturerPnpId=QCM, productId=1, modelYear=null, manufactureDate=ManufactureDate{week=27, year=2006}, connectionToSinkType=0}, state ON, committedState ON, frameRateOverride , brightnessMinimum 0.0, brightnessMaximum 1.0, brightnessDefault 0.5019608, hdrSdrRatio NaN, roundedCorners RoundedCorners{[RoundedCorner{position=TopLeft, radius=101, center=Point(101, 101)}, RoundedCorner{position=TopRight, radius=101, center=Point(979, 101)}, RoundedCorner{position=BottomRight, radius=101, center=Point(979, 2239)}, RoundedCorner{position=BottomLeft, radius=101, center=Point(101, 2239)}]}, FLAG_ALLOWED_TO_BE_DEFAULT_DISPLAY, FLAG_ROTATES_WITH_CONTENT, FLAG_SECURE, FLAG_SUPPORTS_PROTECTED_BUFFERS, FLAG_TRUSTED, installOrientation 0, displayShape DisplayShape{ spec=-311912193 displayWidth=1080 displayHeight=2340 physicalPixelDisplaySizeRatio=1.0 rotation=0 offsetX=0 offsetY=0 scale=1.0}}
10-13 20:33:40.302 I/BLASTBufferQueue_Java(22830): update, w= 1080 h= 2340 mName = ViewRootImpl@32d524[MainActivity] mNativeObject= 0xb400006fcf2162b0 sc.mNativeObject= 0xb40000717f215190 format= -1 caller= android.view.ViewRootImpl.updateBlastSurfaceIfNeeded:3074 android.view.ViewRootImpl.relayoutWindow:10224 android.view.ViewRootImpl.performTraversals:4167 android.view.ViewRootImpl.doTraversal:3345 android.view.ViewRootImpl$TraversalRunnable.run:11437 android.view.Choreographer$CallbackRecord.run:1690 
10-13 20:33:40.303 D/DisplayManagerService( 2385): Ignore redundant display event 0/2 to 10125/2030
10-13 20:33:40.305 I/ViewRootImpl@32d524[MainActivity](22830): Relayout returned: old=(0,0,1080,2340) new=(0,0,1080,2340) relayoutAsync=false req=(1080,2340)0 dur=6 res=0x401 s={true 0xb4000070bf2238d0} ch=false seqId=0
10-13 20:33:40.305 D/SGM:GameManager( 2385): onDisplayChanged. displyId: 0, state: 2
10-13 20:33:40.305 D/LiftUpHandler( 2385): [LTW] Stopped already.
10-13 20:33:40.307 D/ViewRootImpl@32d524[MainActivity](22830): reportNextDraw android.view.ViewRootImpl.performTraversals:4781 android.view.ViewRootImpl.doTraversal:3345 android.view.ViewRootImpl$TraversalRunnable.run:11437 android.view.Choreographer$CallbackRecord.run:1690 android.view.Choreographer$CallbackRecord.run:1699 
10-13 20:33:40.307 D/SGM:FgCheckThread( 2385): onLooperPrepared(), msg: MSG_LCD_ON
10-13 20:33:40.309 I/ViewRootImpl@10d93d7[LauncherActivity]( 3604): onDisplayChanged oldDisplayState=2 newDisplayState=2
10-13 20:33:40.310 I/ViewRootImpl@bef49ba[RecentsTransitionOverlay]( 3604): onDisplayChanged oldDisplayState=2 newDisplayState=2
10-13 20:33:40.310 I/ViewRootImpl@1c50ebd[RecentsActivity]( 3604): onDisplayChanged oldDisplayState=2 newDisplayState=2
10-13 20:33:40.310 D/CompatibilityChangeReporter( 2385): Compat change id reported: 170503758; UID 10316; state: ENABLED
10-13 20:33:40.310 I/ViewRootImpl@38e6306[HintService](16814): onDisplayChanged oldDisplayState=2 newDisplayState=2
10-13 20:33:40.310 I/HoneySpace.DeXLaunchService( 3604): Display changed - 0
10-13 20:33:40.310 I/HoneySpace.RefreshRateSource( 3604): singleFrameMs 41
10-13 20:33:40.310 I/HoneySpace.Memory-Monitor( 3604): current state = 2, didTrim = false
10-13 20:33:40.311 I/ViewRootImpl@11a5dbb[CocktailBarService]( 3604): onDisplayChanged oldDisplayState=2 newDisplayState=2
10-13 20:33:40.312 D/AODManagerService( 2385): requestReCalToTSP IsSingleTouchMode = truerequestedReCalToTSP = false / previousDisplayState = ON
10-13 20:33:40.312 D/RefreshRateModeManager( 2385): updateDefaultDisplayToken: android.os.BinderProxy@2fc7734, isChanged: false
10-13 20:33:40.315 I/ViewRootImpl@9c6e022[InputMethod]( 7128): onDisplayChanged oldDisplayState=2 newDisplayState=2
10-13 20:33:40.316 I/ViewRootImpl@e68d732[MorseCodeApp]( 3203): onDisplayChanged oldDisplayState=2 newDisplayState=2
10-13 20:33:40.316 I/ViewRootImpl@15a5ec3[ShellDropTarget]( 3203): onDisplayChanged oldDisplayState=2 newDisplayState=2
10-13 20:33:40.317 D/DisplayLifecycle( 3203): updateDisplay id = 0
10-13 20:33:40.317 I/ViewRootImpl@fe0e6e8[LockscreenShortcutBlur]( 3203): onDisplayChanged oldDisplayState=2 newDisplayState=2
10-13 20:33:40.317 I/ViewRootImpl@7cc165f[NavigationBar0]( 3203): onDisplayChanged oldDisplayState=2 newDisplayState=2
10-13 20:33:40.317 I/ViewRootImpl@b4ae233[NotificationShade]( 3203): onDisplayChanged oldDisplayState=2 newDisplayState=2
10-13 20:33:40.317 I/ViewRootImpl@610be23[StatusBar]( 3203): onDisplayChanged oldDisplayState=2 newDisplayState=2
10-13 20:33:40.317 I/ViewRootImpl@9326066[Bouncer]( 3203): onDisplayChanged oldDisplayState=2 newDisplayState=2
10-13 20:33:40.317 I/ViewRootImpl@bff8fbf[KeyguardBiometricToastView]( 3203): onDisplayChanged oldDisplayState=2 newDisplayState=2
10-13 20:33:40.317 D/StackScroller( 3203): onDisplayChanged for predraw skip to 2
10-13 20:33:40.337 I/ViewRootImpl@32d524[MainActivity](22830): onDisplayChanged oldDisplayState=2 newDisplayState=2
10-13 20:33:40.347 W/13.MorseCodeApp(22830): ApkAssets: Deleting an ApkAssets object '<empty> and /data/app/~~jaKnF3rWdjJNib5ViIOHag==/com.google.android.webview-B-q3h52lyXCLfR88Z4kZ0A==/base.apk' with 1 weak references
