10-12 10:25:48.271 21246 22662 I ReactNativeJS: [outputs] playMorse.symbol {"timestamp":46923337.251786,"wallClock":1760279148270,"symbol":".","durationMs":80,"index":18,"source":"console.replay","correlationId":"console-replay:fiqy2ykt","nativeTimestampMs":46923331.056,"nativeDurationMs":80,"nativeOffsetMs":6.0952650010585785,"nativeSequence":19,"monotonicTimestampMs":46923331.056,"nativeExpectedTimestampMs":46923134.621,"nativeStartSkewMs":196.435,"nativeBatchElapsedMs":4516.435,"nativeExpectedSincePriorMs":320,"nativeSincePriorMs":332.31,"nativePatternStartMs":46918814.621,"nativeAgeMs":5.806}
10-12 10:25:48.272 21246 22662 I ReactNativeJS: [outputs] playMorse.symbol {"timestamp":46923338.219233,"wallClock":1760279148271,"symbol":".","durationMs":80,"index":18,"source":"console.replay","correlationId":"console-replay:mgnsr7jjbgua6ujr","nativeTimestampMs":46923331.056,"nativeDurationMs":80,"nativeOffsetMs":6.0952650010585785,"nativeSequence":19,"monotonicTimestampMs":46923331.056,"nativeExpectedTimestampMs":46923134.621,"nativeStartSkewMs":196.435,"nativeBatchElapsedMs":4516.435,"nativeExpectedSincePriorMs":320,"nativeSincePriorMs":332.31,"nativePatternStartMs":46918814.621,"nativeAgeMs":5.806}
10-12 10:25:48.272 21246 22662 I ReactNativeJS: [outputs] outputs.hapticSymbol {"timestamp":46923338.842046,"wallClock":1760279148272,"enabled":true,"symbol":".","durationMs":80,"platform":"android","source":"console.replay","correlationId":"console-replay:mgnsr7jjbgua6ujr","timelineOffsetMs":null}
10-12 10:25:48.328 21246 22662 I ReactNativeJS: [outputs] outputs.flashPulse {"timestamp":46923389.932306,"wallClock":1760279148323,"enabled":true,"durationMs":80,"source":"console.replay","correlationId":"console-replay:mgnsr7jjbgua6ujr","timelineOffsetMs":6.0952650010585785,"schedulingMode":"timeline","audioStartHeadroomMs":-240.6489100009203,"audioStartGuard":"headroom","audioStartCompensationMs":160}
10-12 10:25:48.345 21246 22802 D OutputsAudio: [outputs-audio] stop gain=1.000 release=6.00
10-12 10:25:48.345 21246 22802 D OutputsAudio: [outputs-audio] playMorse.gap sequence=19 nextOffset=4480.000 gapTarget=46923294.621
10-12 10:25:48.345 21246 22802 D OutputsAudio: [outputs-audio] playMorse.dispatch sequence=20 symbol=. offset=4480.000 lead=90.000 dispatchAt=46923204.621
10-12 10:25:48.345 21246 22802 D OutputsAudio: [outputs-audio] start hz=650.0 gain=1.000 attack=2.50 release=6.00
10-12 10:25:48.345 21246 22802 D OutputsAudio: [outputs-audio] playMorse.symbol.start sequence=20 symbol=. expected=46923294.621 actual=46923501.758 skew=207.137 batchElapsed=4687.137
10-12 10:25:48.407 21246 22662 I ReactNativeJS: [outputs] outputs.flashPulse.commit {"timestamp":46923473.952306,"wallClock":1760279148407,"durationMs":80,"source":"console.replay","correlationId":"console-replay:mgnsr7jjbgua6ujr","latencyMs":136.7918229997158,"timelineOffsetMs":6.0952650010585785,"leadMs":8,"scheduleSkewMs":106.66937500238419,"schedulingMode":"timeline","audioStartHeadroomMs":-240.6489100009203,"audioStartGuard":"headroom","audioStartCompensationMs":160}
10-12 10:25:48.452 21246 22662 D OutputsAudio: [outputs-audio] symbol.info sequence=20 symbol=. timestamp=46923501.758 duration=80.000 expected=46923294.621 skew=207.137 age=16.927
10-12 10:25:48.452 21246 22662 I ReactNativeJS: [outputs] playMorse.symbol {"timestamp":46923518.828765,"wallClock":1760279148452,"symbol":".","durationMs":80,"index":19,"source":"console.replay","correlationId":"console-replay:pso5g302","nativeTimestampMs":46923501.758,"nativeDurationMs":80,"nativeOffsetMs":17.021806001663208,"nativeSequence":20,"monotonicTimestampMs":46923501.758,"nativeExpectedTimestampMs":46923294.621,"nativeStartSkewMs":207.137,"nativeBatchElapsedMs":4687.137,"nativeExpectedSincePriorMs":160,"nativeSincePriorMs":170.702,"nativePatternStartMs":46918814.621,"nativeAgeMs":16.927}
10-12 10:25:48.453 21246 22662 I ReactNativeJS: [outputs] playMorse.symbol {"timestamp":46923519.389806,"wallClock":1760279148452,"symbol":".","durationMs":80,"index":19,"source":"console.replay","correlationId":"console-replay:mgnsr7okv3ln753g","nativeTimestampMs":46923501.758,"nativeDurationMs":80,"nativeOffsetMs":17.021806001663208,"nativeSequence":20,"monotonicTimestampMs":46923501.758,"nativeExpectedTimestampMs":46923294.621,"nativeStartSkewMs":207.137,"nativeBatchElapsedMs":4687.137,"nativeExpectedSincePriorMs":160,"nativeSincePriorMs":170.702,"nativePatternStartMs":46918814.621,"nativeAgeMs":16.927}
10-12 10:25:48.453 21246 22662 I ReactNativeJS: [outputs] outputs.hapticSymbol {"timestamp":46923519.744025,"wallClock":1760279148453,"enabled":true,"symbol":".","durationMs":80,"platform":"android","source":"console.replay","correlationId":"console-replay:mgnsr7okv3ln753g","timelineOffsetMs":null}
10-12 10:25:48.454 21246 22662 I ReactNativeJS: [outputs] outputs.flashPulse {"timestamp":46923520.46439,"wallClock":1760279148453,"enabled":true,"durationMs":80,"source":"console.replay","correlationId":"console-replay:mgnsr7okv3ln753g","timelineOffsetMs":17.021806001663208,"schedulingMode":"timeline","audioStartHeadroomMs":-233.83245199918747,"audioStartGuard":"headroom","audioStartCompensationMs":160}
10-12 10:25:48.513 21246 22662 I ReactNativeJS: [outputs] outputs.flashPulse.commit {"timestamp":46923579.632306,"wallClock":1760279148513,"durationMs":80,"source":"console.replay","correlationId":"console-replay:mgnsr7okv3ln753g","latencyMs":60.843020997941494,"timelineOffsetMs":17.021806001663208,"leadMs":8,"scheduleSkewMs":59.16765600442886,"schedulingMode":"timeline","audioStartHeadroomMs":-233.83245199918747,"audioStartGuard":"headroom","audioStartCompensationMs":160}
10-12 10:25:48.516 21246 22802 D OutputsAudio: [outputs-audio] stop gain=1.000 release=6.00
10-12 10:25:48.516 21246 22802 D OutputsAudio: [outputs-audio] playMorse.gap sequence=20 nextOffset=4640.000 gapTarget=46923454.621
10-12 10:25:48.516 21246 22802 D OutputsAudio: [outputs-audio] playMorse.dispatch sequence=21 symbol=. offset=4640.000 lead=90.000 dispatchAt=46923364.621
10-12 10:25:48.516 21246 22802 D OutputsAudio: [outputs-audio] start hz=650.0 gain=1.000 attack=2.50 release=6.00
10-12 10:25:48.516 21246 22802 D OutputsAudio: [outputs-audio] playMorse.symbol.start sequence=21 symbol=. expected=46923454.621 actual=46923672.820 skew=218.199 batchElapsed=4858.199
10-12 10:25:48.604 21246 22662 D OutputsAudio: [outputs-audio] symbol.info sequence=21 symbol=. timestamp=46923672.820 duration=80.000 expected=46923454.621 skew=218.199 age=0.000
10-12 10:25:48.605 21246 22662 I ReactNativeJS: [outputs] playMorse.symbol {"timestamp":46923671.658348,"wallClock":1760279148605,"symbol":".","durationMs":80,"index":20,"source":"console.replay","correlationId":"console-replay:iaxpcozg","nativeTimestampMs":46923672.82,"nativeDurationMs":80,"nativeOffsetMs":-1.2287880033254623,"nativeSequence":21,"monotonicTimestampMs":46923672.82,"nativeExpectedTimestampMs":46923454.621,"nativeStartSkewMs":218.199,"nativeBatchElapsedMs":4858.199,"nativeExpectedSincePriorMs":160,"nativeSincePriorMs":171.062,"nativePatternStartMs":46918814.621,"nativeAgeMs":0}
10-12 10:25:48.606 21246 22662 I ReactNativeJS: [outputs] playMorse.symbol {"timestamp":46923672.383556,"wallClock":1760279148605,"symbol":".","durationMs":80,"index":20,"source":"console.replay","correlationId":"console-replay:mgnsr7st7kp54uf2","nativeTimestampMs":46923672.82,"nativeDurationMs":80,"nativeOffsetMs":-1.2287880033254623,"nativeSequence":21,"monotonicTimestampMs":46923672.82,"nativeExpectedTimestampMs":46923454.621,"nativeStartSkewMs":218.199,"nativeBatchElapsedMs":4858.199,"nativeExpectedSincePriorMs":160,"nativeSincePriorMs":171.062,"nativePatternStartMs":46918814.621,"nativeAgeMs":0}
10-12 10:25:48.606 21246 22662 I ReactNativeJS: [outputs] outputs.hapticSymbol {"timestamp":46923672.691473,"wallClock":1760279148606,"enabled":true,"symbol":".","durationMs":80,"platform":"android","source":"console.replay","correlationId":"console-replay:mgnsr7st7kp54uf2","timelineOffsetMs":null}
10-12 10:25:48.606 21246 22662 I ReactNativeJS: [outputs] outputs.flashPulse {"timestamp":46923673.254546,"wallClock":1760279148606,"enabled":true,"durationMs":80,"source":"console.replay","correlationId":"console-replay:mgnsr7st7kp54uf2","timelineOffsetMs":-1.2287880033254623,"schedulingMode":"timeline","audioStartHeadroomMs":-226.6211500018835,"audioStartGuard":"headroom","audioStartCompensationMs":160}
10-12 10:25:48.661 21246 22662 I ReactNativeJS: [outputs] outputs.flashPulse.commit {"timestamp":46923727.934181,"wallClock":1760279148661,"durationMs":80,"source":"console.replay","correlationId":"console-replay:mgnsr7st7kp54uf2","latencyMs":55.10470200330019,"timelineOffsetMs":-1.2287880033254623,"leadMs":8,"scheduleSkewMs":54.68072900176048,"schedulingMode":"timeline","audioStartHeadroomMs":-226.6211500018835,"audioStartGuard":"headroom","audioStartCompensationMs":160}
10-12 10:25:48.686 21246 22802 D OutputsAudio: [outputs-audio] stop gain=1.000 release=6.00
10-12 10:25:48.686 21246 22802 D OutputsAudio: [outputs-audio] playMorse.gap sequence=21 nextOffset=4800.000 gapTarget=46923614.621
10-12 10:25:48.686 21246 22802 D OutputsAudio: [outputs-audio] playMorse.dispatch sequence=22 symbol=- offset=4800.000 lead=90.000 dispatchAt=46923524.621
10-12 10:25:48.686 21246 22802 D OutputsAudio: [outputs-audio] start hz=650.0 gain=1.000 attack=2.50 release=6.00
10-12 10:25:48.686 21246 22802 D OutputsAudio: [outputs-audio] playMorse.symbol.start sequence=22 symbol=- expected=46923614.621 actual=46923843.160 skew=228.539 batchElapsed=5028.539
10-12 10:25:48.779 21246 22662 D OutputsAudio: [outputs-audio] symbol.info sequence=22 symbol=- timestamp=46923843.160 duration=240.000 expected=46923614.621 skew=228.539 age=3.102
10-12 10:25:48.780 21246 22662 I ReactNativeJS: [outputs] playMorse.symbol {"timestamp":46923846.509962,"wallClock":1760279148779,"symbol":"-","durationMs":240,"index":21,"source":"console.replay","correlationId":"console-replay:9h4vdgt1","nativeTimestampMs":46923843.16,"nativeDurationMs":240,"nativeOffsetMs":3.2489210069179535,"nativeSequence":22,"monotonicTimestampMs":46923843.16,"nativeExpectedTimestampMs":46923614.621,"nativeStartSkewMs":228.539,"nativeBatchElapsedMs":5028.539,"nativeExpectedSincePriorMs":160,"nativeSincePriorMs":170.34,"nativePatternStartMs":46918814.621,"nativeAgeMs":3.102}
10-12 10:25:48.782 21246 22662 I ReactNativeJS: [outputs] playMorse.symbol {"timestamp":46923847.364025,"wallClock":1760279148780,"symbol":"-","durationMs":240,"index":21,"source":"console.replay","correlationId":"console-replay:mgnsr7xoarjdu81r","nativeTimestampMs":46923843.16,"nativeDurationMs":240,"nativeOffsetMs":3.2489210069179535,"nativeSequence":22,"monotonicTimestampMs":46923843.16,"nativeExpectedTimestampMs":46923614.621,"nativeStartSkewMs":228.539,"nativeBatchElapsedMs":5028.539,"nativeExpectedSincePriorMs":160,"nativeSincePriorMs":170.34,"nativePatternStartMs":46918814.621,"nativeAgeMs":3.102}
10-12 10:25:48.783 21246 22662 I ReactNativeJS: [outputs] outputs.hapticSymbol {"timestamp":46923848.912879,"wallClock":1760279148782,"enabled":true,"symbol":"-","durationMs":240,"platform":"android","source":"console.replay","correlationId":"console-replay:mgnsr7xoarjdu81r","timelineOffsetMs":null}
10-12 10:25:48.788 21246 22662 I ReactNativeJS: [outputs] outputs.flashPulse {"timestamp":46923852.998817,"wallClock":1760279148786,"enabled":true,"durationMs":240,"source":"console.replay","correlationId":"console-replay:mgnsr7xoarjdu81r","timelineOffsetMs":3.2489210069179535,"schedulingMode":"timeline","audioStartHeadroomMs":-246.35224399715662,"audioStartGuard":"headroom","audioStartCompensationMs":160}
10-12 10:25:48.845 21246 22662 I ReactNativeJS: [outputs] outputs.flashPulse.commit {"timestamp":46923911.976004,"wallClock":1760279148845,"durationMs":240,"source":"console.replay","correlationId":"console-replay:mgnsr7xoarjdu81r","latencyMs":65.55734299868345,"timelineOffsetMs":3.2489210069179535,"leadMs":8,"scheduleSkewMs":58.989843003451824,"schedulingMode":"timeline","audioStartHeadroomMs":-246.35224399715662,"audioStartGuard":"headroom","audioStartCompensationMs":160}
10-12 10:25:49.017 21246 22802 D OutputsAudio: [outputs-audio] stop gain=1.000 release=6.00
10-12 10:25:49.017 21246 22802 D OutputsAudio: [outputs-audio] playMorse.gap sequence=22 nextOffset=5120.000 gapTarget=46923934.621
10-12 10:25:49.017 21246 22802 D OutputsAudio: [outputs-audio] playMorse.dispatch sequence=23 symbol=- offset=5120.000 lead=90.000 dispatchAt=46923844.621
10-12 10:25:49.017 21246 22802 D OutputsAudio: [outputs-audio] start hz=650.0 gain=1.000 attack=2.50 release=6.00
10-12 10:25:49.017 21246 22802 D OutputsAudio: [outputs-audio] playMorse.symbol.start sequence=23 symbol=- expected=46923934.621 actual=46924174.554 skew=239.933 batchElapsed=5359.933
10-12 10:25:49.115 21246 22662 D OutputsAudio: [outputs-audio] symbol.info sequence=23 symbol=- timestamp=46924174.554 duration=240.000 expected=46923934.621 skew=239.933 age=7.820
10-12 10:25:49.116 21246 22662 I ReactNativeJS: [outputs] playMorse.symbol {"timestamp":46924182.632254,"wallClock":1760279149116,"symbol":"-","durationMs":240,"index":22,"source":"console.replay","correlationId":"console-replay:pakrpf4o","nativeTimestampMs":46924174.554,"nativeDurationMs":240,"nativeOffsetMs":7.980598002672195,"nativeSequence":23,"monotonicTimestampMs":46924174.554,"nativeExpectedTimestampMs":46923934.621,"nativeStartSkewMs":239.933,"nativeBatchElapsedMs":5359.933,"nativeExpectedSincePriorMs":320,"nativeSincePriorMs":331.394,"nativePatternStartMs":46918814.621,"nativeAgeMs":7.82}
10-12 10:25:49.117 21246 22662 I ReactNativeJS: [outputs] playMorse.symbol {"timestamp":46924183.654702,"wallClock":1760279149117,"symbol":"-","durationMs":240,"index":22,"source":"console.replay","correlationId":"console-replay:mgnsr8715nl19y25","nativeTimestampMs":46924174.554,"nativeDurationMs":240,"nativeOffsetMs":7.980598002672195,"nativeSequence":23,"monotonicTimestampMs":46924174.554,"nativeExpectedTimestampMs":46923934.621,"nativeStartSkewMs":239.933,"nativeBatchElapsedMs":5359.933,"nativeExpectedSincePriorMs":320,"nativeSincePriorMs":331.394,"nativePatternStartMs":46918814.621,"nativeAgeMs":7.82}
10-12 10:25:49.118 21246 22662 I ReactNativeJS: [outputs] outputs.hapticSymbol {"timestamp":46924184.296264,"wallClock":1760279149117,"enabled":true,"symbol":"-","durationMs":240,"platform":"android","source":"console.replay","correlationId":"console-replay:mgnsr8715nl19y25","timelineOffsetMs":null}
10-12 10:25:49.119 21246 22662 I ReactNativeJS: [outputs] outputs.flashPulse {"timestamp":46924185.630744,"wallClock":1760279149119,"enabled":true,"durationMs":240,"source":"console.replay","correlationId":"console-replay:mgnsr8715nl19y25","timelineOffsetMs":7.980598002672195,"schedulingMode":"timeline","audioStartHeadroomMs":-258.9857850000262,"audioStartGuard":"headroom","audioStartCompensationMs":160}
10-12 10:25:49.187 21246 22662 I ReactNativeJS: [outputs] outputs.flashPulse.commit {"timestamp":46924253.967046,"wallClock":1760279149187,"durationMs":240,"source":"console.replay","correlationId":"console-replay:mgnsr8715nl19y25","latencyMs":71.42072899639606,"timelineOffsetMs":7.980598002672195,"leadMs":8,"scheduleSkewMs":68.34510399401188,"schedulingMode":"timeline","audioStartHeadroomMs":-258.9857850000262,"audioStartGuard":"headroom","audioStartCompensationMs":160}
10-12 10:25:49.348 21246 22802 D OutputsAudio: [outputs-audio] stop gain=1.000 release=6.00
10-12 10:25:49.348 21246 22802 D OutputsAudio: [outputs-audio] playMorse.gap sequence=23 nextOffset=5440.000 gapTarget=46924254.621
10-12 10:25:49.348 21246 22802 D OutputsAudio: [outputs-audio] playMorse.dispatch sequence=24 symbol=- offset=5440.000 lead=90.000 dispatchAt=46924164.621
10-12 10:25:49.349 21246 22802 D OutputsAudio: [outputs-audio] start hz=650.0 gain=1.000 attack=2.50 release=6.00
10-12 10:25:49.349 21246 22802 D OutputsAudio: [outputs-audio] playMorse.symbol.start sequence=24 symbol=- expected=46924254.621 actual=46924505.785 skew=251.164 batchElapsed=5691.164
10-12 10:25:49.438 21246 22662 D OutputsAudio: [outputs-audio] symbol.info sequence=24 symbol=- timestamp=46924505.785 duration=240.000 expected=46924254.621 skew=251.164 age=0.000
10-12 10:25:49.439 21246 22662 I ReactNativeJS: [outputs] playMorse.symbol {"timestamp":46924505.628243,"wallClock":1760279149439,"symbol":"-","durationMs":240,"index":23,"source":"console.replay","correlationId":"console-replay:hy2u5p31","nativeTimestampMs":46924505.785,"nativeDurationMs":240,"nativeOffsetMs":-0.26024599373340607,"nativeSequence":24,"monotonicTimestampMs":46924505.785,"nativeExpectedTimestampMs":46924254.621,"nativeStartSkewMs":251.164,"nativeBatchElapsedMs":5691.164,"nativeExpectedSincePriorMs":320,"nativeSincePriorMs":331.231,"nativePatternStartMs":46918814.621,"nativeAgeMs":0}
10-12 10:25:49.440 21246 22662 I ReactNativeJS: [outputs] playMorse.symbol {"timestamp":46924506.606473,"wallClock":1760279149440,"symbol":"-","durationMs":240,"index":23,"source":"console.replay","correlationId":"console-replay:mgnsr8fzus7lfsnl","nativeTimestampMs":46924505.785,"nativeDurationMs":240,"nativeOffsetMs":-0.26024599373340607,"nativeSequence":24,"monotonicTimestampMs":46924505.785,"nativeExpectedTimestampMs":46924254.621,"nativeStartSkewMs":251.164,"nativeBatchElapsedMs":5691.164,"nativeExpectedSincePriorMs":320,"nativeSincePriorMs":331.231,"nativePatternStartMs":46918814.621,"nativeAgeMs":0}
10-12 10:25:49.441 21246 22662 I ReactNativeJS: [outputs] outputs.hapticSymbol {"timestamp":46924507.196056,"wallClock":1760279149440,"enabled":true,"symbol":"-","durationMs":240,"platform":"android","source":"console.replay","correlationId":"console-replay:mgnsr8fzus7lfsnl","timelineOffsetMs":null}
10-12 10:25:49.442 21246 22662 I ReactNativeJS: [outputs] outputs.flashPulse {"timestamp":46924508.257254,"wallClock":1760279149441,"enabled":true,"durationMs":240,"source":"console.replay","correlationId":"console-replay:mgnsr8fzus7lfsnl","timelineOffsetMs":-0.26024599373340607,"schedulingMode":"timeline","audioStartHeadroomMs":-261.61245200037956,"audioStartGuard":"headroom","audioStartCompensationMs":160}
10-12 10:25:49.517 21246 22662 I ReactNativeJS: [outputs] outputs.flashPulse.commit {"timestamp":46924583.77017,"wallClock":1760279149517,"durationMs":240,"source":"console.replay","correlationId":"console-replay:mgnsr8fzus7lfsnl","latencyMs":77.97501400113106,"timelineOffsetMs":-0.26024599373340607,"leadMs":8,"scheduleSkewMs":75.52338499575853,"schedulingMode":"timeline","audioStartHeadroomMs":-261.61245200037956,"audioStartGuard":"headroom","audioStartCompensationMs":160}
10-12 10:25:49.679 21246 22802 D OutputsAudio: [outputs-audio] stop gain=1.000 release=6.00
10-12 10:25:49.680 21246 22802 D OutputsAudio: [outputs-audio] playMorse.gap sequence=24 nextOffset=5760.000 gapTarget=46924574.621
10-12 10:25:49.680 21246 22802 D OutputsAudio: [outputs-audio] playMorse.dispatch sequence=25 symbol=. offset=5760.000 lead=90.000 dispatchAt=46924484.621
10-12 10:25:49.680 21246 22802 D OutputsAudio: [outputs-audio] start hz=650.0 gain=1.000 attack=2.50 release=6.00
10-12 10:25:49.680 21246 22802 D OutputsAudio: [outputs-audio] playMorse.symbol.start sequence=25 symbol=. expected=46924574.621 actual=46924837.425 skew=262.804 batchElapsed=6022.804
10-12 10:25:49.772 21246 22662 D OutputsAudio: [outputs-audio] symbol.info sequence=25 symbol=. timestamp=46924837.425 duration=80.000 expected=46924574.621 skew=262.804 age=1.739
10-12 10:25:49.774 21246 22662 I ReactNativeJS: [outputs] playMorse.symbol {"timestamp":46924839.4834,"wallClock":1760279149772,"symbol":".","durationMs":80,"index":24,"source":"console.replay","correlationId":"console-replay:qxdwb1g1","nativeTimestampMs":46924837.425,"nativeDurationMs":80,"nativeOffsetMs":1.9492850005626678,"nativeSequence":25,"monotonicTimestampMs":46924837.425,"nativeExpectedTimestampMs":46924574.621,"nativeStartSkewMs":262.804,"nativeBatchElapsedMs":6022.804,"nativeExpectedSincePriorMs":320,"nativeSincePriorMs":331.64,"nativePatternStartMs":46918814.621,"nativeAgeMs":1.739}
10-12 10:25:49.774 21246 22662 I ReactNativeJS: [outputs] playMorse.symbol {"timestamp":46924840.722202,"wallClock":1760279149774,"symbol":".","durationMs":80,"index":24,"source":"console.replay","correlationId":"console-replay:mgnsr8pavypmvb37","nativeTimestampMs":46924837.425,"nativeDurationMs":80,"nativeOffsetMs":1.9492850005626678,"nativeSequence":25,"monotonicTimestampMs":46924837.425,"nativeExpectedTimestampMs":46924574.621,"nativeStartSkewMs":262.804,"nativeBatchElapsedMs":6022.804,"nativeExpectedSincePriorMs":320,"nativeSincePriorMs":331.64,"nativePatternStartMs":46918814.621,"nativeAgeMs":1.739}
10-12 10:25:49.775 21246 22662 I ReactNativeJS: [outputs] outputs.hapticSymbol {"timestamp":46924841.554754,"wallClock":1760279149774,"enabled":true,"symbol":".","durationMs":80,"platform":"android","source":"console.replay","correlationId":"console-replay:mgnsr8pavypmvb37","timelineOffsetMs":null}
10-12 10:25:49.777 21246 22662 I ReactNativeJS: [outputs] outputs.flashPulse {"timestamp":46924843.532306,"wallClock":1760279149776,"enabled":true,"durationMs":80,"source":"console.replay","correlationId":"console-replay:mgnsr8pavypmvb37","timelineOffsetMs":1.9492850005626678,"schedulingMode":"timeline","audioStartHeadroomMs":-276.8841179981828,"audioStartGuard":"headroom","audioStartCompensationMs":160}
10-12 10:25:49.846 21246 22662 I ReactNativeJS: [outputs] outputs.flashPulse.commit {"timestamp":46924912.999493,"wallClock":1760279149846,"durationMs":80,"source":"console.replay","correlationId":"console-replay:mgnsr8pavypmvb37","latencyMs":73.6159370020032,"timelineOffsetMs":1.9492850005626678,"leadMs":8,"scheduleSkewMs":69.48166599869728,"schedulingMode":"timeline","audioStartHeadroomMs":-276.8841179981828,"audioStartGuard":"headroom","audioStartCompensationMs":160}
10-12 10:25:49.851 21246 22802 D OutputsAudio: [outputs-audio] stop gain=1.000 release=6.00
10-12 10:25:49.851 21246 22802 D OutputsAudio: [outputs-audio] playMorse.gap sequence=25 nextOffset=5920.000 gapTarget=46924734.621
10-12 10:25:49.851 21246 22802 D OutputsAudio: [outputs-audio] playMorse.dispatch sequence=26 symbol=. offset=5920.000 lead=90.000 dispatchAt=46924644.621
10-12 10:25:49.851 21246 22802 D OutputsAudio: [outputs-audio] start hz=650.0 gain=1.000 attack=2.50 release=6.00
10-12 10:25:49.851 21246 22802 D OutputsAudio: [outputs-audio] playMorse.symbol.start sequence=26 symbol=. expected=46924734.621 actual=46925008.297 skew=273.677 batchElapsed=6193.677
10-12 10:25:49.939 21246 22662 D OutputsAudio: [outputs-audio] symbol.info sequence=26 symbol=. timestamp=46925008.297 duration=80.000 expected=46924734.621 skew=273.677 age=0.000
10-12 10:25:49.940 21246 22662 I ReactNativeJS: [outputs] playMorse.symbol {"timestamp":46925005.893504,"wallClock":1760279149939,"symbol":".","durationMs":80,"index":25,"source":"console.replay","correlationId":"console-replay:2jmj7oat","nativeTimestampMs":46925008.297,"nativeDurationMs":80,"nativeOffsetMs":-2.513964995741844,"nativeSequence":26,"monotonicTimestampMs":46925008.297,"nativeExpectedTimestampMs":46924734.621,"nativeStartSkewMs":273.677,"nativeBatchElapsedMs":6193.677,"nativeExpectedSincePriorMs":160,"nativeSincePriorMs":170.872,"nativePatternStartMs":46918814.621,"nativeAgeMs":0}
10-12 10:25:49.940 21246 22662 I ReactNativeJS: [outputs] playMorse.symbol {"timestamp":46925006.780535,"wallClock":1760279149940,"symbol":".","durationMs":80,"index":25,"source":"console.replay","correlationId":"console-replay:mgnsr8twguk69go0","nativeTimestampMs":46925008.297,"nativeDurationMs":80,"nativeOffsetMs":-2.513964995741844,"nativeSequence":26,"monotonicTimestampMs":46925008.297,"nativeExpectedTimestampMs":46924734.621,"nativeStartSkewMs":273.677,"nativeBatchElapsedMs":6193.677,"nativeExpectedSincePriorMs":160,"nativeSincePriorMs":170.872,"nativePatternStartMs":46918814.621,"nativeAgeMs":0}
10-12 10:25:49.941 21246 22662 I ReactNativeJS: [outputs] outputs.hapticSymbol {"timestamp":46925007.485847,"wallClock":1760279149940,"enabled":true,"symbol":".","durationMs":80,"platform":"android","source":"console.replay","correlationId":"console-replay:mgnsr8twguk69go0","timelineOffsetMs":null}
10-12 10:25:49.942 21246 22662 I ReactNativeJS: [outputs] outputs.flashPulse {"timestamp":46925008.564545,"wallClock":1760279149941,"enabled":true,"durationMs":80,"source":"console.replay","correlationId":"console-replay:mgnsr8twguk69go0","timelineOffsetMs":-2.513964995741844,"schedulingMode":"timeline","audioStartHeadroomMs":-281.91156600415707,"audioStartGuard":"headroom","audioStartCompensationMs":160}
10-12 10:25:50.001 21246 22662 I ReactNativeJS: [outputs] outputs.flashPulse.commit {"timestamp":46925068.110847,"wallClock":1760279150001,"durationMs":80,"source":"console.replay","correlationId":"console-replay:mgnsr8twguk69go0","latencyMs":59.8040039986372,"timelineOffsetMs":-2.513964995741844,"leadMs":8,"scheduleSkewMs":59.56411499530077,"schedulingMode":"timeline","audioStartHeadroomMs":-281.91156600415707,"audioStartGuard":"headroom","audioStartCompensationMs":160}
10-12 10:25:50.021 21246 22802 D OutputsAudio: [outputs-audio] stop gain=1.000 release=6.00
10-12 10:25:50.022 21246 22802 D OutputsAudio: [outputs-audio] playMorse.gap sequence=26 nextOffset=6080.000 gapTarget=46924894.621
10-12 10:25:50.022 21246 22802 D OutputsAudio: [outputs-audio] playMorse.dispatch sequence=27 symbol=. offset=6080.000 lead=90.000 dispatchAt=46924804.621
10-12 10:25:50.022 21246 22802 D OutputsAudio: [outputs-audio] start hz=650.0 gain=1.000 attack=2.50 release=6.00
10-12 10:25:50.022 21246 22802 D OutputsAudio: [outputs-audio] playMorse.symbol.start sequence=27 symbol=. expected=46924894.621 actual=46925178.626 skew=284.005 batchElapsed=6364.005
10-12 10:25:50.112 21246 22662 D OutputsAudio: [outputs-audio] symbol.info sequence=27 symbol=. timestamp=46925178.626 duration=80.000 expected=46924894.621 skew=284.005 age=0.021
10-12 10:25:50.113 21246 22662 I ReactNativeJS: [outputs] playMorse.symbol {"timestamp":46925178.890274,"wallClock":1760279150112,"symbol":".","durationMs":80,"index":26,"source":"console.replay","correlationId":"console-replay:4jk2yfpc","nativeTimestampMs":46925178.626,"nativeDurationMs":80,"nativeOffsetMs":0.16516000032424927,"nativeSequence":27,"monotonicTimestampMs":46925178.626,"nativeExpectedTimestampMs":46924894.621,"nativeStartSkewMs":284.005,"nativeBatchElapsedMs":6364.005,"nativeExpectedSincePriorMs":160,"nativeSincePriorMs":170.328,"nativePatternStartMs":46918814.621,"nativeAgeMs":0.021}
10-12 10:25:50.113 21246 22662 I ReactNativeJS: [outputs] playMorse.symbol {"timestamp":46925179.896472,"wallClock":1760279150113,"symbol":".","durationMs":80,"index":26,"source":"console.replay","correlationId":"console-replay:mgnsr8ypbg7dj08q","nativeTimestampMs":46925178.626,"nativeDurationMs":80,"nativeOffsetMs":0.16516000032424927,"nativeSequence":27,"monotonicTimestampMs":46925178.626,"nativeExpectedTimestampMs":46924894.621,"nativeStartSkewMs":284.005,"nativeBatchElapsedMs":6364.005,"nativeExpectedSincePriorMs":160,"nativeSincePriorMs":170.328,"nativePatternStartMs":46918814.621,"nativeAgeMs":0.021}
10-12 10:25:50.114 21246 22662 I ReactNativeJS: [outputs] outputs.hapticSymbol {"timestamp":46925180.571368,"wallClock":1760279150113,"enabled":true,"symbol":".","durationMs":80,"platform":"android","source":"console.replay","correlationId":"console-replay:mgnsr8ypbg7dj08q","timelineOffsetMs":null}
10-12 10:25:50.115 21246 22662 I ReactNativeJS: [outputs] outputs.flashPulse {"timestamp":46925181.579701,"wallClock":1760279150114,"enabled":true,"durationMs":80,"source":"console.replay","correlationId":"console-replay:mgnsr8ypbg7dj08q","timelineOffsetMs":0.16516000032424927,"schedulingMode":"timeline","audioStartHeadroomMs":-294.9342219978571,"audioStartGuard":"headroom","audioStartCompensationMs":160}
10-12 10:25:50.180 21246 22662 I ReactNativeJS: [outputs] outputs.flashPulse.commit {"timestamp":46925247.227931,"wallClock":1760279150180,"durationMs":80,"source":"console.replay","correlationId":"console-replay:mgnsr8ypbg7dj08q","latencyMs":68.42713499814272,"timelineOffsetMs":0.16516000032424927,"leadMs":8,"scheduleSkewMs":65.6592710018158,"schedulingMode":"timeline","audioStartHeadroomMs":-294.9342219978571,"audioStartGuard":"headroom","audioStartCompensationMs":160}
10-12 10:25:50.192 21246 22802 D OutputsAudio: [outputs-audio] stop gain=1.000 release=6.00
10-12 10:25:50.192 21246 22802 D OutputsAudio: [outputs-audio] stop gain=1.000 release=6.00
10-12 10:25:50.192 21246 22802 D OutputsAudio: [outputs-audio] playMorse.end cancelled=0
10-12 10:25:50.224 21246 22662 I ReactNativeJS: [outputs] playMorse.complete {"timestamp":46925290.975535,"wallClock":1760279150224,"durationMs":7015.555257998407,"source":"console.replay","audioEnabled":true,"audioVolumePercent":100}
10-12 10:25:52.955 21246 22662 I ReactNativeJS: [outputs] playMorse.start {"timestamp":46928021.508971,"wallClock":1760279152954,"unitMs":60,"length":29,"source":"console.replay","audioEnabled":true,"audioVolumePercent":100}
10-12 10:25:53.335 21246 22662 D OutputsAudio: [outputs-audio] warmup hz=650.0
10-12 10:25:53.336 21246 22847 D OutputsAudio: [outputs-audio] playMorse.start count=27 unit=60.0
10-12 10:25:53.336 21246 22847 D OutputsAudio: [outputs-audio] playMorse.dispatch sequence=1 symbol=. offset=0.000 lead=0.000 dispatchAt=46928402.596
10-12 10:25:53.336 21246 22847 D OutputsAudio: [outputs-audio] start hz=650.0 gain=1.000 attack=2.50 release=6.00
10-12 10:25:53.336 21246 22847 D OutputsAudio: [outputs-audio] playMorse.symbol.start sequence=1 symbol=. expected=46928402.596 actual=46928402.993 skew=0.397 batchElapsed=0.397
10-12 10:25:53.352 21246 22662 D OutputsAudio: [outputs-audio] symbol.info sequence=1 symbol=. timestamp=46928402.993 duration=60.000 expected=46928402.596 skew=0.397 age=16.036
10-12 10:25:53.353 21246 22662 I ReactNativeJS: [outputs] playMorse.symbol {"timestamp":46928419.261367,"wallClock":1760279153352,"symbol":".","durationMs":60,"index":0,"source":"console.replay","correlationId":"console-replay:ai356a7g","nativeTimestampMs":46928402.993,"nativeDurationMs":60,"nativeOffsetMs":16.183627001941204,"nativeSequence":1,"monotonicTimestampMs":46928402.993,"nativeExpectedTimestampMs":46928402.596,"nativeStartSkewMs":0.397,"nativeBatchElapsedMs":0.397,"nativeExpectedSincePriorMs":0,"nativeSincePriorMs":0,"nativePatternStartMs":46928402.596,"nativeAgeMs":16.036}
10-12 10:25:53.355 21246 22662 I ReactNativeJS: [outputs] playMorse.symbol {"timestamp":46928420.366054,"wallClock":1760279153353,"symbol":".","durationMs":60,"index":0,"source":"console.replay","correlationId":"console-replay:mgnsrbgp48vs22k6","nativeTimestampMs":46928402.993,"nativeDurationMs":60,"nativeOffsetMs":16.183627001941204,"nativeSequence":1,"monotonicTimestampMs":46928402.993,"nativeExpectedTimestampMs":46928402.596,"nativeStartSkewMs":0.397,"nativeBatchElapsedMs":0.397,"nativeExpectedSincePriorMs":0,"nativeSincePriorMs":0,"nativePatternStartMs":46928402.596,"nativeAgeMs":16.036}
10-12 10:25:53.355 21246 22662 I ReactNativeJS: [outputs] outputs.hapticSymbol {"timestamp":46928421.765638,"wallClock":1760279153355,"enabled":true,"symbol":".","durationMs":60,"platform":"android","source":"console.replay","correlationId":"console-replay:mgnsrbgp48vs22k6","timelineOffsetMs":null}
10-12 10:25:53.356 21246 22662 I ReactNativeJS: [outputs] outputs.flashPulse {"timestamp":46928422.825586,"wallClock":1760279153356,"enabled":true,"durationMs":60,"source":"console.replay","correlationId":"console-replay:mgnsrbgp48vs22k6","timelineOffsetMs":16.183627001941204,"schedulingMode":"timeline","audioStartHeadroomMs":-28.20651300251484,"audioStartGuard":"headroom","audioStartCompensationMs":28.20651300251484}
10-12 10:25:53.396 21246 22847 D OutputsAudio: [outputs-audio] stop gain=1.000 release=6.00
10-12 10:25:53.396 21246 22847 D OutputsAudio: [outputs-audio] playMorse.gap sequence=1 nextOffset=120.000 gapTarget=46928522.596
10-12 10:25:53.396 21246 22847 D OutputsAudio: [outputs-audio] playMorse.dispatch sequence=2 symbol=. offset=120.000 lead=90.000 dispatchAt=46928432.596
10-12 10:25:53.396 21246 22847 D OutputsAudio: [outputs-audio] start hz=650.0 gain=1.000 attack=2.50 release=6.00
10-12 10:25:53.396 21246 22847 D OutputsAudio: [outputs-audio] playMorse.symbol.start sequence=2 symbol=. expected=46928522.596 actual=46928553.310 skew=30.714 batchElapsed=150.714
10-12 10:25:53.430 21246 22662 I ReactNativeJS: [outputs] outputs.flashPulse.commit {"timestamp":46928496.434284,"wallClock":1760279153429,"durationMs":60,"source":"console.replay","correlationId":"console-replay:mgnsrbgp48vs22k6","latencyMs":77.24822899699211,"timelineOffsetMs":16.183627001941204,"leadMs":8,"scheduleSkewMs":73.61906199902296,"schedulingMode":"timeline","audioStartHeadroomMs":-28.20651300251484,"audioStartGuard":"headroom","audioStartCompensationMs":28.20651300251484}
10-12 10:25:53.473 21246 22662 D OutputsAudio: [outputs-audio] symbol.info sequence=2 symbol=. timestamp=46928553.310 duration=60.000 expected=46928522.596 skew=30.714 age=0.000
10-12 10:25:53.474 21246 22662 I ReactNativeJS: [outputs] playMorse.symbol {"timestamp":46928540.348711,"wallClock":1760279153473,"symbol":".","durationMs":60,"index":1,"source":"console.replay","correlationId":"console-replay:b6p2usl1","nativeTimestampMs":46928553.31,"nativeDurationMs":60,"nativeOffsetMs":-13.007019005715847,"nativeSequence":2,"monotonicTimestampMs":46928553.31,"nativeExpectedTimestampMs":46928522.596,"nativeStartSkewMs":30.714,"nativeBatchElapsedMs":150.714,"nativeExpectedSincePriorMs":120,"nativeSincePriorMs":150.317,"nativePatternStartMs":46928402.596,"nativeAgeMs":0}
10-12 10:25:53.474 21246 22662 I ReactNativeJS: [outputs] playMorse.symbol {"timestamp":46928540.875846,"wallClock":1760279153474,"symbol":".","durationMs":60,"index":1,"source":"console.replay","correlationId":"console-replay:mgnsrbk26lud80az","nativeTimestampMs":46928553.31,"nativeDurationMs":60,"nativeOffsetMs":-13.007019005715847,"nativeSequence":2,"monotonicTimestampMs":46928553.31,"nativeExpectedTimestampMs":46928522.596,"nativeStartSkewMs":30.714,"nativeBatchElapsedMs":150.714,"nativeExpectedSincePriorMs":120,"nativeSincePriorMs":150.317,"nativePatternStartMs":46928402.596,"nativeAgeMs":0}
10-12 10:25:53.547 21246 22847 D OutputsAudio: [outputs-audio] stop gain=1.000 release=6.00
10-12 10:25:53.547 21246 22847 D OutputsAudio: [outputs-audio] playMorse.gap sequence=2 nextOffset=240.000 gapTarget=46928642.596
10-12 10:25:53.547 21246 22847 D OutputsAudio: [outputs-audio] playMorse.dispatch sequence=3 symbol=. offset=240.000 lead=90.000 dispatchAt=46928552.596
10-12 10:25:53.547 21246 22847 D OutputsAudio: [outputs-audio] start hz=650.0 gain=1.000 attack=2.50 release=6.00
10-12 10:25:53.547 21246 22847 D OutputsAudio: [outputs-audio] playMorse.symbol.start sequence=3 symbol=. expected=46928642.596 actual=46928704.366 skew=61.771 batchElapsed=301.771
10-12 10:25:53.627 21246 22662 I ReactNativeJS: [outputs] outputs.hapticSymbol {"timestamp":46928692.919752,"wallClock":1760279153626,"enabled":true,"symbol":".","durationMs":60,"platform":"android","source":"console.replay","correlationId":"console-replay:mgnsrbk26lud80az","timelineOffsetMs":null}
10-12 10:25:53.628 21246 22662 I ReactNativeJS: [outputs] outputs.flashPulse {"timestamp":46928694.470481,"wallClock":1760279153627,"enabled":true,"durationMs":60,"source":"console.replay","correlationId":"console-replay:mgnsrbk26lud80az","timelineOffsetMs":-13.007019005715847,"schedulingMode":"timeline","audioStartHeadroomMs":-179.8455229997635,"audioStartGuard":"headroom","audioStartCompensationMs":160}
10-12 10:25:53.698 21246 22847 D OutputsAudio: [outputs-audio] stop gain=1.000 release=6.00
10-12 10:25:53.698 21246 22847 D OutputsAudio: [outputs-audio] playMorse.gap sequence=3 nextOffset=360.000 gapTarget=46928762.596
10-12 10:25:53.698 21246 22847 D OutputsAudio: [outputs-audio] playMorse.dispatch sequence=4 symbol=- offset=360.000 lead=90.000 dispatchAt=46928672.596
10-12 10:25:53.698 21246 22847 D OutputsAudio: [outputs-audio] start hz=650.0 gain=1.000 attack=2.50 release=6.00
10-12 10:25:53.698 21246 22847 D OutputsAudio: [outputs-audio] playMorse.symbol.start sequence=4 symbol=- expected=46928762.596 actual=46928855.318 skew=92.723 batchElapsed=452.723
10-12 10:25:53.706 21246 22662 D OutputsAudio: [outputs-audio] symbol.info sequence=3 symbol=. timestamp=46928704.366 duration=60.000 expected=46928642.596 skew=61.771 age=69.098
10-12 10:25:53.708 21246 22662 I ReactNativeJS: [outputs] playMorse.symbol {"timestamp":46928773.764231,"wallClock":1760279153707,"symbol":".","durationMs":60,"index":2,"source":"console.replay","correlationId":"console-replay:g00m1lkg","nativeTimestampMs":46928704.366,"nativeDurationMs":60,"nativeOffsetMs":69.29052300006151,"nativeSequence":3,"monotonicTimestampMs":46928704.366,"nativeExpectedTimestampMs":46928642.596,"nativeStartSkewMs":61.771,"nativeBatchElapsedMs":301.771,"nativeExpectedSincePriorMs":120,"nativeSincePriorMs":151.057,"nativePatternStartMs":46928402.596,"nativeAgeMs":69.098}
10-12 10:25:53.709 21246 22662 I ReactNativeJS: [outputs] playMorse.symbol {"timestamp":46928774.99095,"wallClock":1760279153708,"symbol":".","durationMs":60,"index":2,"source":"console.replay","correlationId":"console-replay:mgnsrbqkfvf8w2bv","nativeTimestampMs":46928704.366,"nativeDurationMs":60,"nativeOffsetMs":69.29052300006151,"nativeSequence":3,"monotonicTimestampMs":46928704.366,"nativeExpectedTimestampMs":46928642.596,"nativeStartSkewMs":61.771,"nativeBatchElapsedMs":301.771,"nativeExpectedSincePriorMs":120,"nativeSincePriorMs":151.057,"nativePatternStartMs":46928402.596,"nativeAgeMs":69.098}
10-12 10:25:53.709 21246 22662 I ReactNativeJS: [outputs] outputs.hapticSymbol {"timestamp":46928775.79319,"wallClock":1760279153709,"enabled":true,"symbol":".","durationMs":60,"platform":"android","source":"console.replay","correlationId":"console-replay:mgnsrbqkfvf8w2bv","timelineOffsetMs":null}
10-12 10:25:53.711 21246 22662 I ReactNativeJS: [outputs] outputs.flashPulse {"timestamp":46928777.151888,"wallClock":1760279153710,"enabled":true,"durationMs":60,"source":"console.replay","correlationId":"console-replay:mgnsrbqkfvf8w2bv","timelineOffsetMs":69.29052300006151,"schedulingMode":"timeline","audioStartHeadroomMs":-142.53385599702597,"audioStartGuard":"headroom","audioStartCompensationMs":142.53385599702597}
10-12 10:25:53.820 21246 22662 I ReactNativeJS: [outputs] outputs.flashPulse.commit {"timestamp":46928885.534388,"wallClock":1760279153818,"durationMs":60,"source":"console.replay","correlationId":"console-replay:mgnsrbk26lud80az","latencyMs":332.1973039954901,"timelineOffsetMs":-13.007019005715847,"leadMs":8,"scheduleSkewMs":191.0622909963131,"schedulingMode":"timeline","audioStartHeadroomMs":-179.8455229997635,"audioStartGuard":"headroom","audioStartCompensationMs":160}
10-12 10:25:53.875 21246 22662 I ReactNativeJS: [outputs] outputs.flashPulse.commit {"timestamp":46928941.8972,"wallClock":1760279153875,"durationMs":60,"source":"console.replay","correlationId":"console-replay:mgnsrbqkfvf8w2bv","latencyMs":168.23203100264072,"timelineOffsetMs":69.29052300006151,"leadMs":8,"scheduleSkewMs":164.75598900020123,"schedulingMode":"timeline","audioStartHeadroomMs":-142.53385599702597,"audioStartGuard":"headroom","audioStartCompensationMs":142.53385599702597}
10-12 10:25:53.919 21246 22662 D OutputsAudio: [outputs-audio] symbol.info sequence=4 symbol=- timestamp=46928855.318 duration=180.000 expected=46928762.596 skew=92.723 age=130.550
10-12 10:25:53.919 21246 22662 I ReactNativeJS: [outputs] playMorse.symbol {"timestamp":46928986.006679,"wallClock":1760279153919,"symbol":"-","durationMs":180,"index":3,"source":"console.replay","correlationId":"console-replay:hk9388a8","nativeTimestampMs":46928855.318,"nativeDurationMs":180,"nativeOffsetMs":130.64149199426174,"nativeSequence":4,"monotonicTimestampMs":46928855.318,"nativeExpectedTimestampMs":46928762.596,"nativeStartSkewMs":92.723,"nativeBatchElapsedMs":452.723,"nativeExpectedSincePriorMs":120,"nativeSincePriorMs":150.952,"nativePatternStartMs":46928402.596,"nativeAgeMs":130.55}
10-12 10:25:53.920 21246 22662 I ReactNativeJS: [outputs] playMorse.nativeOffset.spike {"timestamp":46928986.464752,"wallClock":1760279153919,"source":"console.replay","offsetMs":130.64149199426174,"sequence":4,"unitMs":60,"correlationId":"console-replay:hk9388a8"}
10-12 10:25:53.920 21246 22662 I ReactNativeJS: [outputs] playMorse.symbol {"timestamp":46928986.760481,"wallClock":1760279153920,"symbol":"-","durationMs":180,"index":3,"source":"console.replay","correlationId":"console-replay:mgnsrbwgz7i1419o","nativeTimestampMs":46928855.318,"nativeDurationMs":180,"nativeOffsetMs":130.64149199426174,"nativeSequence":4,"monotonicTimestampMs":46928855.318,"nativeExpectedTimestampMs":46928762.596,"nativeStartSkewMs":92.723,"nativeBatchElapsedMs":452.723,"nativeExpectedSincePriorMs":120,"nativeSincePriorMs":150.952,"nativePatternStartMs":46928402.596,"nativeAgeMs":130.55}
10-12 10:25:53.920 21246 22662 I ReactNativeJS: [outputs] playMorse.nativeOffset.spike {"timestamp":46928987.041679,"wallClock":1760279153920,"source":"console.replay","offsetMs":130.64149199426174,"sequence":4,"unitMs":60,"correlationId":"console-replay:mgnsrbwgz7i1419o","startSkewMs":92.723,"batchElapsedMs":452.723,"ageMs":130.55}
10-12 10:25:53.921 21246 22662 I ReactNativeJS: [outputs] outputs.hapticSymbol {"timestamp":46928987.358502,"wallClock":1760279153920,"enabled":true,"symbol":"-","durationMs":180,"platform":"android","source":"console.replay","correlationId":"console-replay:mgnsrbwgz7i1419o","timelineOffsetMs":null}
10-12 10:25:53.921 21246 22662 I ReactNativeJS: [outputs] outputs.flashPulse {"timestamp":46928987.927252,"wallClock":1760279153921,"enabled":true,"durationMs":180,"source":"console.replay","correlationId":"console-replay:mgnsrbwgz7i1419o","timelineOffsetMs":130.64149199426174,"schedulingMode":"timeline","audioStartHeadroomMs":-233.3200540021062,"audioStartGuard":"headroom","audioStartCompensationMs":160}
10-12 10:25:53.969 21246 22847 D OutputsAudio: [outputs-audio] stop gain=1.000 release=6.00
10-12 10:25:53.969 21246 22847 D OutputsAudio: [outputs-audio] playMorse.gap sequence=4 nextOffset=600.000 gapTarget=46929002.596
10-12 10:25:53.969 21246 22847 D OutputsAudio: [outputs-audio] playMorse.dispatch sequence=5 symbol=- offset=600.000 lead=90.000 dispatchAt=46928912.596
10-12 10:25:53.969 21246 22847 D OutputsAudio: [outputs-audio] start hz=650.0 gain=1.000 attack=2.50 release=6.00
10-12 10:25:53.969 21246 22847 D OutputsAudio: [outputs-audio] playMorse.symbol.start sequence=5 symbol=- expected=46929002.596 actual=46929125.732 skew=123.136 batchElapsed=723.136
10-12 10:25:53.990 21246 22662 I ReactNativeJS: [outputs] outputs.flashPulse.commit {"timestamp":46929056.535221,"wallClock":1760279153989,"durationMs":180,"source":"console.replay","correlationId":"console-replay:mgnsrbwgz7i1419o","latencyMs":70.56630200147629,"timelineOffsetMs":130.64149199426174,"leadMs":8,"scheduleSkewMs":68.60802099853754,"schedulingMode":"timeline","audioStartHeadroomMs":-233.3200540021062,"audioStartGuard":"headroom","audioStartCompensationMs":160}
10-12 10:25:54.039 21246 22662 D OutputsAudio: [outputs-audio] symbol.info sequence=5 symbol=- timestamp=46929125.732 duration=180.000 expected=46929002.596 skew=123.136 age=0.000
10-12 10:25:54.040 21246 22662 I ReactNativeJS: [outputs] playMorse.symbol {"timestamp":46929106.57819,"wallClock":1760279154039,"symbol":"-","durationMs":180,"index":4,"source":"console.replay","correlationId":"console-replay:8gtjyad8","nativeTimestampMs":46929125.732,"nativeDurationMs":180,"nativeOffsetMs":-19.19964399933815,"nativeSequence":5,"monotonicTimestampMs":46929125.732,"nativeExpectedTimestampMs":46929002.596,"nativeStartSkewMs":123.136,"nativeBatchElapsedMs":723.136,"nativeExpectedSincePriorMs":240,"nativeSincePriorMs":270.413,"nativePatternStartMs":46928402.596,"nativeAgeMs":0}
10-12 10:25:54.040 21246 22662 I ReactNativeJS: [outputs] playMorse.symbol {"timestamp":46929107.077565,"wallClock":1760279154040,"symbol":"-","durationMs":180,"index":4,"source":"console.replay","correlationId":"console-replay:mgnsrbzsg0jr0hfm","nativeTimestampMs":46929125.732,"nativeDurationMs":180,"nativeOffsetMs":-19.19964399933815,"nativeSequence":5,"monotonicTimestampMs":46929125.732,"nativeExpectedTimestampMs":46929002.596,"nativeStartSkewMs":123.136,"nativeBatchElapsedMs":723.136,"nativeExpectedSincePriorMs":240,"nativeSincePriorMs":270.413,"nativePatternStartMs":46928402.596,"nativeAgeMs":0}
10-12 10:25:54.091 21246 22662 I ReactNativeJS: [outputs] outputs.hapticSymbol {"timestamp":46929158.256471,"wallClock":1760279154091,"enabled":true,"symbol":"-","durationMs":180,"platform":"android","source":"console.replay","correlationId":"console-replay:mgnsrbzsg0jr0hfm","timelineOffsetMs":null}
10-12 10:25:54.092 21246 22662 I ReactNativeJS: [outputs] outputs.flashPulse {"timestamp":46929158.856106,"wallClock":1760279154092,"enabled":true,"durationMs":180,"source":"console.replay","correlationId":"console-replay:mgnsrbzsg0jr0hfm","timelineOffsetMs":-19.19964399933815,"schedulingMode":"timeline","audioStartHeadroomMs":-164.24859599769115,"audioStartGuard":"headroom","audioStartCompensationMs":160}
10-12 10:25:54.139 21246 22662 I ReactNativeJS: [outputs] outputs.flashPulse.commit {"timestamp":46929205.616575,"wallClock":1760279154139,"durationMs":180,"source":"console.replay","correlationId":"console-replay:mgnsrbzsg0jr0hfm","latencyMs":79.87624199688435,"timelineOffsetMs":-19.19964399933815,"leadMs":8,"scheduleSkewMs":46.7620839998126,"schedulingMode":"timeline","audioStartHeadroomMs":-164.24859599769115,"audioStartGuard":"headroom","audioStartCompensationMs":160}
10-12 10:25:54.239 21246 22847 D OutputsAudio: [outputs-audio] stop gain=1.000 release=6.00
10-12 10:25:54.239 21246 22847 D OutputsAudio: [outputs-audio] playMorse.gap sequence=5 nextOffset=840.000 gapTarget=46929242.596
10-12 10:25:54.239 21246 22847 D OutputsAudio: [outputs-audio] playMorse.dispatch sequence=6 symbol=- offset=840.000 lead=90.000 dispatchAt=46929152.596
10-12 10:25:54.239 21246 22847 D OutputsAudio: [outputs-audio] start hz=650.0 gain=1.000 attack=2.50 release=6.00
10-12 10:25:54.239 21246 22847 D OutputsAudio: [outputs-audio] playMorse.symbol.start sequence=6 symbol=- expected=46929242.596 actual=46929396.175 skew=153.579 batchElapsed=993.579
10-12 10:25:54.312 21246 22662 D OutputsAudio: [outputs-audio] symbol.info sequence=6 symbol=- timestamp=46929396.175 duration=180.000 expected=46929242.596 skew=153.579 age=0.000
10-12 10:25:54.313 21246 22662 I ReactNativeJS: [outputs] playMorse.symbol {"timestamp":46929378.943658,"wallClock":1760279154312,"symbol":"-","durationMs":180,"index":5,"source":"console.replay","correlationId":"console-replay:66cxe5hs","nativeTimestampMs":46929396.175,"nativeDurationMs":180,"nativeOffsetMs":-17.326028995215893,"nativeSequence":6,"monotonicTimestampMs":46929396.175,"nativeExpectedTimestampMs":46929242.596,"nativeStartSkewMs":153.579,"nativeBatchElapsedMs":993.579,"nativeExpectedSincePriorMs":240,"nativeSincePriorMs":270.443,"nativePatternStartMs":46928402.596,"nativeAgeMs":0}
10-12 10:25:54.314 21246 22662 I ReactNativeJS: [outputs] playMorse.symbol {"timestamp":46929379.898554,"wallClock":1760279154313,"symbol":"-","durationMs":180,"index":5,"source":"console.replay","correlationId":"console-replay:mgnsrc7dvp3niqbl","nativeTimestampMs":46929396.175,"nativeDurationMs":180,"nativeOffsetMs":-17.326028995215893,"nativeSequence":6,"monotonicTimestampMs":46929396.175,"nativeExpectedTimestampMs":46929242.596,"nativeStartSkewMs":153.579,"nativeBatchElapsedMs":993.579,"nativeExpectedSincePriorMs":240,"nativeSincePriorMs":270.443,"nativePatternStartMs":46928402.596,"nativeAgeMs":0}
10-12 10:25:54.372 21246 22662 I ReactNativeJS: [outputs] outputs.hapticSymbol {"timestamp":46929438.632825,"wallClock":1760279154372,"enabled":true,"symbol":"-","durationMs":180,"platform":"android","source":"console.replay","correlationId":"console-replay:mgnsrc7dvp3niqbl","timelineOffsetMs":null}
10-12 10:25:54.372 21246 22662 I ReactNativeJS: [outputs] outputs.flashPulse {"timestamp":46929439.340898,"wallClock":1760279154372,"enabled":true,"durationMs":180,"source":"console.replay","correlationId":"console-replay:mgnsrc7dvp3niqbl","timelineOffsetMs":-17.326028995215893,"schedulingMode":"timeline","audioStartHeadroomMs":-204.73396000266075,"audioStartGuard":"headroom","audioStartCompensationMs":160}
10-12 10:25:54.419 21246 22662 I ReactNativeJS: [outputs] outputs.flashPulse.commit {"timestamp":46929485.481366,"wallClock":1760279154418,"durationMs":180,"source":"console.replay","correlationId":"console-replay:mgnsrc7dvp3niqbl","latencyMs":89.29537700116634,"timelineOffsetMs":-17.326028995215893,"leadMs":8,"scheduleSkewMs":46.138541996479034,"schedulingMode":"timeline","audioStartHeadroomMs":-204.73396000266075,"audioStartGuard":"headroom","audioStartCompensationMs":160}
10-12 10:25:54.510 21246 22847 D OutputsAudio: [outputs-audio] stop gain=1.000 release=6.00
10-12 10:25:54.510 21246 22847 D OutputsAudio: [outputs-audio] playMorse.gap sequence=6 nextOffset=1080.000 gapTarget=46929482.596
10-12 10:25:54.510 21246 22847 D OutputsAudio: [outputs-audio] playMorse.dispatch sequence=7 symbol=. offset=1080.000 lead=90.000 dispatchAt=46929392.596
10-12 10:25:54.510 21246 22847 D OutputsAudio: [outputs-audio] start hz=650.0 gain=1.000 attack=2.50 release=6.00
10-12 10:25:54.510 21246 22847 D OutputsAudio: [outputs-audio] playMorse.symbol.start sequence=7 symbol=. expected=46929482.596 actual=46929666.738 skew=184.142 batchElapsed=1264.142
