10-11 15:02:21.245 21612 21675 I ReactNativeJS: [outputs] outputs.flashPulse.commit {"timestamp":10364766.041669,"wallClock":1760209341244,"durationMs":80,"source":"console.replay","correlationId":"console-replay:mgmn701rwuhhfo8k","latencyMs":61.37921900115907,"timelineOffsetMs":15.76702299900353}
10-11 15:02:21.247 21612 26451 D OutputsAudio: [outputs-audio] stop gain=1.000 release=6.00
10-11 15:02:21.328 21612 26451 D OutputsAudio: [outputs-audio] start hz=700.0 gain=1.000 attack=2.50 release=6.00
10-11 15:02:21.347 21612 21675 D OutputsAudio: [outputs-audio] symbol.info sequence=4 symbol=- timestamp=10364849.480 duration=240.000
10-11 15:02:21.349 21612 21675 I ReactNativeJS: [outputs] playMorse.symbol {"timestamp":10364869.351929,"wallClock":1760209341348,"symbol":"-","durationMs":240,"index":3,"source":"console.replay","correlationId":"console-replay:mgmn706c8r0zvy4b","nativeTimestampMs":10364849.48,"nativeDurationMs":240,"nativeOffsetMs":19.747293999418616,"nativeSequence":4,"monotonicTimestampMs":10364849.48}
10-11 15:02:21.350 21612 21675 I ReactNativeJS: [outputs] outputs.hapticSymbol {"timestamp":10364870.526773,"wallClock":1760209341349,"enabled":true,"symbol":"-","durationMs":240,"platform":"android","source":"console.replay","correlationId":"console-replay:mgmn706c8r0zvy4b","timelineOffsetMs":19.747293999418616}
10-11 15:02:21.351 21612 21675 I ReactNativeJS: [outputs] outputs.flashPulse {"timestamp":10364872.349429,"wallClock":1760209341351,"enabled":true,"durationMs":240,"source":"console.replay","correlationId":"console-replay:mgmn706c8r0zvy4b","timelineOffsetMs":19.747293999418616}
10-11 15:02:21.413 21612 21675 I ReactNativeJS: [outputs] outputs.flashPulse.commit {"timestamp":10364934.552398,"wallClock":1760209341413,"durationMs":240,"source":"console.replay","correlationId":"console-replay:mgmn706c8r0zvy4b","latencyMs":65.32078099995852,"timelineOffsetMs":19.747293999418616}
10-11 15:02:21.568 21612 26451 D OutputsAudio: [outputs-audio] stop gain=1.000 release=6.00
10-11 15:02:21.649 21612 26451 D OutputsAudio: [outputs-audio] start hz=700.0 gain=1.000 attack=2.50 release=6.00
10-11 15:02:21.664 21612 21675 D OutputsAudio: [outputs-audio] symbol.info sequence=5 symbol=- timestamp=10365170.830 duration=240.000
10-11 15:02:21.665 21612 21675 I ReactNativeJS: [outputs] playMorse.symbol {"timestamp":10365185.466461,"wallClock":1760209341664,"symbol":"-","durationMs":240,"index":4,"source":"console.replay","correlationId":"console-replay:mgmn70f4snd291mz","nativeTimestampMs":10365170.83,"nativeDurationMs":240,"nativeOffsetMs":14.532293999567628,"nativeSequence":5,"monotonicTimestampMs":10365170.83}
10-11 15:02:21.666 21612 21675 I ReactNativeJS: [outputs] outputs.hapticSymbol {"timestamp":10365186.999117,"wallClock":1760209341665,"enabled":true,"symbol":"-","durationMs":240,"platform":"android","source":"console.replay","correlationId":"console-replay:mgmn70f4snd291mz","timelineOffsetMs":14.532293999567628}
10-11 15:02:21.668 21612 21675 I ReactNativeJS: [outputs] outputs.flashPulse {"timestamp":10365188.858231,"wallClock":1760209341667,"enabled":true,"durationMs":240,"source":"console.replay","correlationId":"console-replay:mgmn70f4snd291mz","timelineOffsetMs":14.532293999567628}
10-11 15:02:21.730 21612 21675 I ReactNativeJS: [outputs] outputs.flashPulse.commit {"timestamp":10365251.114221,"wallClock":1760209341729,"durationMs":240,"source":"console.replay","correlationId":"console-replay:mgmn70f4snd291mz","latencyMs":65.74708300083876,"timelineOffsetMs":14.532293999567628}
10-11 15:02:21.890 21612 26451 D OutputsAudio: [outputs-audio] stop gain=1.000 release=6.00
10-11 15:02:21.971 21612 26451 D OutputsAudio: [outputs-audio] start hz=700.0 gain=1.000 attack=2.50 release=6.00
10-11 15:02:21.982 21612 21675 D OutputsAudio: [outputs-audio] symbol.info sequence=6 symbol=- timestamp=10365492.886 duration=240.000
10-11 15:02:21.983 21612 21675 I ReactNativeJS: [outputs] playMorse.symbol {"timestamp":10365503.583387,"wallClock":1760209341982,"symbol":"-","durationMs":240,"index":5,"source":"console.replay","correlationId":"console-replay:mgmn70nyxrfg1rzh","nativeTimestampMs":10365492.886,"nativeDurationMs":240,"nativeOffsetMs":10.596710000187159,"nativeSequence":6,"monotonicTimestampMs":10365492.886}
10-11 15:02:21.984 21612 21675 I ReactNativeJS: [outputs] outputs.hapticSymbol {"timestamp":10365505.000471,"wallClock":1760209341983,"enabled":true,"symbol":"-","durationMs":240,"platform":"android","source":"console.replay","correlationId":"console-replay:mgmn70nyxrfg1rzh","timelineOffsetMs":10.596710000187159}
10-11 15:02:21.986 21612 21675 I ReactNativeJS: [outputs] outputs.flashPulse {"timestamp":10365506.90495,"wallClock":1760209341985,"enabled":true,"durationMs":240,"source":"console.replay","correlationId":"console-replay:mgmn70nyxrfg1rzh","timelineOffsetMs":10.596710000187159}
10-11 15:02:22.068 21612 21675 I ReactNativeJS: [outputs] outputs.flashPulse.commit {"timestamp":10365589.324273,"wallClock":1760209342068,"durationMs":240,"source":"console.replay","correlationId":"console-replay:mgmn70nyxrfg1rzh","latencyMs":85.83567699976265,"timelineOffsetMs":10.596710000187159}
10-11 15:02:22.212 21612 26451 D OutputsAudio: [outputs-audio] stop gain=1.000 release=6.00
10-11 15:02:22.293 21612 26451 D OutputsAudio: [outputs-audio] start hz=700.0 gain=1.000 attack=2.50 release=6.00
10-11 15:02:22.304 21612 21675 D OutputsAudio: [outputs-audio] symbol.info sequence=7 symbol=. timestamp=10365814.529 duration=80.000
10-11 15:02:22.306 21612 21675 I ReactNativeJS: [outputs] playMorse.symbol {"timestamp":10365826.068908,"wallClock":1760209342304,"symbol":".","durationMs":80,"index":6,"source":"console.replay","correlationId":"console-replay:mgmn70wwqv5rt0kt","nativeTimestampMs":10365814.529,"nativeDurationMs":80,"nativeOffsetMs":11.454648001119494,"nativeSequence":7,"monotonicTimestampMs":10365814.529}
10-11 15:02:22.307 21612 21675 I ReactNativeJS: [outputs] outputs.hapticSymbol {"timestamp":10365827.783231,"wallClock":1760209342306,"enabled":true,"symbol":".","durationMs":80,"platform":"android","source":"console.replay","correlationId":"console-replay:mgmn70wwqv5rt0kt","timelineOffsetMs":11.454648001119494}
10-11 15:02:22.311 21612 21675 I ReactNativeJS: [outputs] outputs.flashPulse {"timestamp":10365831.135314,"wallClock":1760209342310,"enabled":true,"durationMs":80,"source":"console.replay","correlationId":"console-replay:mgmn70wwqv5rt0kt","timelineOffsetMs":11.454648001119494}
10-11 15:02:22.367 21612 21675 I ReactNativeJS: [outputs] outputs.flashPulse.commit {"timestamp":10365887.980575,"wallClock":1760209342366,"durationMs":80,"source":"console.replay","correlationId":"console-replay:mgmn70wwqv5rt0kt","latencyMs":61.991770999506116,"timelineOffsetMs":11.454648001119494}
10-11 15:02:22.374 21612 26451 D OutputsAudio: [outputs-audio] stop gain=1.000 release=6.00
10-11 15:02:22.455 21612 26451 D OutputsAudio: [outputs-audio] start hz=700.0 gain=1.000 attack=2.50 release=6.00
10-11 15:02:22.473 21612 21675 D OutputsAudio: [outputs-audio] symbol.info sequence=8 symbol=. timestamp=10365976.596 duration=80.000
10-11 15:02:22.474 21612 21675 I ReactNativeJS: [outputs] playMorse.symbol {"timestamp":10365994.513648,"wallClock":1760209342473,"symbol":".","durationMs":80,"index":7,"source":"console.replay","correlationId":"console-replay:mgmn711lm6x0x9pw","nativeTimestampMs":10365976.596,"nativeDurationMs":80,"nativeOffsetMs":17.81764799915254,"nativeSequence":8,"monotonicTimestampMs":10365976.596}
10-11 15:02:22.474 21612 21675 I ReactNativeJS: [outputs] outputs.hapticSymbol {"timestamp":10365995.420887,"wallClock":1760209342474,"enabled":true,"symbol":".","durationMs":80,"platform":"android","source":"console.replay","correlationId":"console-replay:mgmn711lm6x0x9pw","timelineOffsetMs":17.81764799915254}
10-11 15:02:22.476 21612 21675 I ReactNativeJS: [outputs] outputs.flashPulse {"timestamp":10365996.773283,"wallClock":1760209342475,"enabled":true,"durationMs":80,"source":"console.replay","correlationId":"console-replay:mgmn711lm6x0x9pw","timelineOffsetMs":17.81764799915254}
10-11 15:02:22.535 21612 26451 D OutputsAudio: [outputs-audio] stop gain=1.000 release=6.00
10-11 15:02:22.535 21612 21675 I ReactNativeJS: [outputs] outputs.flashPulse.commit {"timestamp":10366056.549637,"wallClock":1760209342535,"durationMs":80,"source":"console.replay","correlationId":"console-replay:mgmn711lm6x0x9pw","latencyMs":62.131666000932455,"timelineOffsetMs":17.81764799915254}
10-11 15:02:22.616 21612 26451 D OutputsAudio: [outputs-audio] start hz=700.0 gain=1.000 attack=2.50 release=6.00
10-11 15:02:22.627 21612 21675 D OutputsAudio: [outputs-audio] symbol.info sequence=9 symbol=. timestamp=10366138.002 duration=80.000
10-11 15:02:22.629 21612 21675 I ReactNativeJS: [outputs] playMorse.symbol {"timestamp":10366149.151616,"wallClock":1760209342628,"symbol":".","durationMs":80,"index":8,"source":"console.replay","correlationId":"console-replay:mgmn715wvja7t1cb","nativeTimestampMs":10366138.002,"nativeDurationMs":80,"nativeOffsetMs":11.045084999874234,"nativeSequence":9,"monotonicTimestampMs":10366138.002}
10-11 15:02:22.631 21612 21675 I ReactNativeJS: [outputs] outputs.hapticSymbol {"timestamp":10366151.315418,"wallClock":1760209342630,"enabled":true,"symbol":".","durationMs":80,"platform":"android","source":"console.replay","correlationId":"console-replay:mgmn715wvja7t1cb","timelineOffsetMs":11.045084999874234}
10-11 15:02:22.632 21612 21675 I ReactNativeJS: [outputs] outputs.flashPulse {"timestamp":10366153.581668,"wallClock":1760209342632,"enabled":true,"durationMs":80,"source":"console.replay","correlationId":"console-replay:mgmn715wvja7t1cb","timelineOffsetMs":11.045084999874234}
10-11 15:02:22.697 21612 26451 D OutputsAudio: [outputs-audio] stop gain=1.000 release=6.00
10-11 15:02:22.712 21612 21675 I ReactNativeJS: [outputs] outputs.flashPulse.commit {"timestamp":10366233.134377,"wallClock":1760209342712,"durationMs":80,"source":"console.replay","correlationId":"console-replay:mgmn715wvja7t1cb","latencyMs":84.0825519990176,"timelineOffsetMs":11.045084999874234}
10-11 15:02:22.778 21612 26451 D OutputsAudio: [outputs-audio] start hz=700.0 gain=1.000 attack=2.50 release=6.00
10-11 15:02:22.795 21612 21675 D OutputsAudio: [outputs-audio] symbol.info sequence=10 symbol=- timestamp=10366299.355 duration=240.000
10-11 15:02:22.796 21612 21675 I ReactNativeJS: [outputs] playMorse.symbol {"timestamp":10366317.109377,"wallClock":1760209342795,"symbol":"-","durationMs":240,"index":9,"source":"console.replay","correlationId":"console-replay:mgmn71aj46r3qrne","nativeTimestampMs":10366299.355,"nativeDurationMs":240,"nativeOffsetMs":17.65583499893546,"nativeSequence":10,"monotonicTimestampMs":10366299.355}
10-11 15:02:22.797 21612 21675 I ReactNativeJS: [outputs] outputs.hapticSymbol {"timestamp":10366318.144273,"wallClock":1760209342797,"enabled":true,"symbol":"-","durationMs":240,"platform":"android","source":"console.replay","correlationId":"console-replay:mgmn71aj46r3qrne","timelineOffsetMs":17.65583499893546}
10-11 15:02:22.798 21612 21675 I ReactNativeJS: [outputs] outputs.flashPulse {"timestamp":10366319.596877,"wallClock":1760209342798,"enabled":true,"durationMs":240,"source":"console.replay","correlationId":"console-replay:mgmn71aj46r3qrne","timelineOffsetMs":17.65583499893546}
10-11 15:02:22.868 21612 21675 I ReactNativeJS: [outputs] outputs.flashPulse.commit {"timestamp":10366389.197137,"wallClock":1760209342868,"durationMs":240,"source":"console.replay","correlationId":"console-replay:mgmn71aj46r3qrne","latencyMs":72.1811980009079,"timelineOffsetMs":17.65583499893546}
10-11 15:02:23.018 21612 26451 D OutputsAudio: [outputs-audio] stop gain=1.000 release=6.00
10-11 15:02:23.098 21612 26451 D OutputsAudio: [outputs-audio] start hz=700.0 gain=1.000 attack=2.50 release=6.00
10-11 15:02:23.107 21612 21675 D OutputsAudio: [outputs-audio] symbol.info sequence=11 symbol=- timestamp=10366619.775 duration=240.000
10-11 15:02:23.108 21612 21675 I ReactNativeJS: [outputs] playMorse.symbol {"timestamp":10366628.609116,"wallClock":1760209343107,"symbol":"-","durationMs":240,"index":10,"source":"console.replay","correlationId":"console-replay:mgmn71j7jh2ue2kv","nativeTimestampMs":10366619.775,"nativeDurationMs":240,"nativeOffsetMs":8.73161599971354,"nativeSequence":11,"monotonicTimestampMs":10366619.775}
10-11 15:02:23.108 21612 21675 I ReactNativeJS: [outputs] outputs.hapticSymbol {"timestamp":10366629.583075,"wallClock":1760209343108,"enabled":true,"symbol":"-","durationMs":240,"platform":"android","source":"console.replay","correlationId":"console-replay:mgmn71j7jh2ue2kv","timelineOffsetMs":8.73161599971354}
10-11 15:02:23.110 21612 21675 I ReactNativeJS: [outputs] outputs.flashPulse {"timestamp":10366630.815314,"wallClock":1760209343109,"enabled":true,"durationMs":240,"source":"console.replay","correlationId":"console-replay:mgmn71j7jh2ue2kv","timelineOffsetMs":8.73161599971354}
10-11 15:02:23.175 21612 21675 I ReactNativeJS: [outputs] outputs.flashPulse.commit {"timestamp":10366695.869272,"wallClock":1760209343174,"durationMs":240,"source":"console.replay","correlationId":"console-replay:mgmn71j7jh2ue2kv","latencyMs":67.35786500014365,"timelineOffsetMs":8.73161599971354}
10-11 15:02:23.339 21612 26451 D OutputsAudio: [outputs-audio] stop gain=1.000 release=6.00
10-11 15:02:23.421 21612 26451 D OutputsAudio: [outputs-audio] start hz=700.0 gain=1.000 attack=2.50 release=6.00
10-11 15:02:23.432 21612 21675 D OutputsAudio: [outputs-audio] symbol.info sequence=12 symbol=- timestamp=10366942.436 duration=240.000
10-11 15:02:23.433 21612 21675 I ReactNativeJS: [outputs] playMorse.symbol {"timestamp":10366953.958387,"wallClock":1760209343432,"symbol":"-","durationMs":240,"index":11,"source":"console.replay","correlationId":"console-replay:mgmn71s8hrqzs380","nativeTimestampMs":10366942.436,"nativeDurationMs":240,"nativeOffsetMs":11.449000999331474,"nativeSequence":12,"monotonicTimestampMs":10366942.436}
10-11 15:02:23.433 21612 21675 I ReactNativeJS: [outputs] outputs.hapticSymbol {"timestamp":10366954.657658,"wallClock":1760209343433,"enabled":true,"symbol":"-","durationMs":240,"platform":"android","source":"console.replay","correlationId":"console-replay:mgmn71s8hrqzs380","timelineOffsetMs":11.449000999331474}
10-11 15:02:23.434 21612 21675 I ReactNativeJS: [outputs] outputs.flashPulse {"timestamp":10366955.717449,"wallClock":1760209343434,"enabled":true,"durationMs":240,"source":"console.replay","correlationId":"console-replay:mgmn71s8hrqzs380","timelineOffsetMs":11.449000999331474}
10-11 15:02:23.490 21612 21675 I ReactNativeJS: [outputs] outputs.flashPulse.commit {"timestamp":10367010.81146,"wallClock":1760209343489,"durationMs":240,"source":"console.replay","correlationId":"console-replay:mgmn71s8hrqzs380","latencyMs":56.921927999705076,"timelineOffsetMs":11.449000999331474}
10-11 15:02:23.662 21612 26451 D OutputsAudio: [outputs-audio] stop gain=1.000 release=6.00
10-11 15:02:23.743 21612 26451 D OutputsAudio: [outputs-audio] start hz=700.0 gain=1.000 attack=2.50 release=6.00
10-11 15:02:23.751 21612 21675 D OutputsAudio: [outputs-audio] symbol.info sequence=13 symbol=. timestamp=10367264.581 duration=80.000
10-11 15:02:23.752 21612 21675 I ReactNativeJS: [outputs] playMorse.symbol {"timestamp":10367272.364741,"wallClock":1760209343751,"symbol":".","durationMs":80,"index":12,"source":"console.replay","correlationId":"console-replay:mgmn7213f0sllqd2","nativeTimestampMs":10367264.581,"nativeDurationMs":80,"nativeOffsetMs":7.6751990001648664,"nativeSequence":13,"monotonicTimestampMs":10367264.581}
10-11 15:02:23.752 21612 21675 I ReactNativeJS: [outputs] outputs.hapticSymbol {"timestamp":10367273.281928,"wallClock":1760209343752,"enabled":true,"symbol":".","durationMs":80,"platform":"android","source":"console.replay","correlationId":"console-replay:mgmn7213f0sllqd2","timelineOffsetMs":7.6751990001648664}
10-11 15:02:23.753 21612 21675 I ReactNativeJS: [outputs] outputs.flashPulse {"timestamp":10367274.397449,"wallClock":1760209343753,"enabled":true,"durationMs":80,"source":"console.replay","correlationId":"console-replay:mgmn7213f0sllqd2","timelineOffsetMs":7.6751990001648664}
10-11 15:02:23.804 21612 21675 I ReactNativeJS: [outputs] outputs.flashPulse.commit {"timestamp":10367325.458856,"wallClock":1760209343804,"durationMs":80,"source":"console.replay","correlationId":"console-replay:mgmn7213f0sllqd2","latencyMs":53.197864999994636,"timelineOffsetMs":7.6751990001648664}
10-11 15:02:23.823 21612 26451 D OutputsAudio: [outputs-audio] stop gain=1.000 release=6.00
10-11 15:02:23.904 21612 26451 D OutputsAudio: [outputs-audio] start hz=700.0 gain=1.000 attack=2.50 release=6.00
10-11 15:02:23.932 21612 21675 D OutputsAudio: [outputs-audio] symbol.info sequence=14 symbol=. timestamp=10367425.651 duration=80.000
10-11 15:02:23.936 21612 21675 I ReactNativeJS: [outputs] playMorse.symbol {"timestamp":10367453.926408,"wallClock":1760209343932,"symbol":".","durationMs":80,"index":13,"source":"console.replay","correlationId":"console-replay:mgmn7264rjsm8son","nativeTimestampMs":10367425.651,"nativeDurationMs":80,"nativeOffsetMs":28.088740998879075,"nativeSequence":14,"monotonicTimestampMs":10367425.651}
10-11 15:02:23.938 21612 21675 I ReactNativeJS: [outputs] outputs.hapticSymbol {"timestamp":10367457.80521,"wallClock":1760209343936,"enabled":true,"symbol":".","durationMs":80,"platform":"android","source":"console.replay","correlationId":"console-replay:mgmn7264rjsm8son","timelineOffsetMs":28.088740998879075}
10-11 15:02:23.944 21612 21675 I ReactNativeJS: [outputs] outputs.flashPulse {"timestamp":10367464.826772,"wallClock":1760209343943,"enabled":true,"durationMs":80,"source":"console.replay","correlationId":"console-replay:mgmn7264rjsm8son","timelineOffsetMs":28.088740998879075}
10-11 15:02:23.984 21612 26451 D OutputsAudio: [outputs-audio] stop gain=1.000 release=6.00
10-11 15:02:24.011 21612 21675 I ReactNativeJS: [outputs] outputs.flashPulse.commit {"timestamp":10367531.960366,"wallClock":1760209344010,"durationMs":80,"source":"console.replay","correlationId":"console-replay:mgmn7264rjsm8son","latencyMs":78.21567700058222,"timelineOffsetMs":28.088740998879075}
10-11 15:02:24.065 21612 26451 D OutputsAudio: [outputs-audio] start hz=700.0 gain=1.000 attack=2.50 release=6.00
10-11 15:02:24.083 21612 21675 D OutputsAudio: [outputs-audio] symbol.info sequence=15 symbol=. timestamp=10367587.904 duration=80.000
10-11 15:02:24.085 21612 21675 I ReactNativeJS: [outputs] playMorse.symbol {"timestamp":10367605.107866,"wallClock":1760209344083,"symbol":".","durationMs":80,"index":14,"source":"console.replay","correlationId":"console-replay:mgmn72abo6cstvcm","nativeTimestampMs":10367587.904,"nativeDurationMs":80,"nativeOffsetMs":17.03917800076306,"nativeSequence":15,"monotonicTimestampMs":10367587.904}
10-11 15:02:24.087 21612 21675 I ReactNativeJS: [outputs] outputs.hapticSymbol {"timestamp":10367607.267918,"wallClock":1760209344086,"enabled":true,"symbol":".","durationMs":80,"platform":"android","source":"console.replay","correlationId":"console-replay:mgmn72abo6cstvcm","timelineOffsetMs":17.03917800076306}
10-11 15:02:24.090 21612 21675 I ReactNativeJS: [outputs] outputs.flashPulse {"timestamp":10367610.54146,"wallClock":1760209344089,"enabled":true,"durationMs":80,"source":"console.replay","correlationId":"console-replay:mgmn72abo6cstvcm","timelineOffsetMs":17.03917800076306}
10-11 15:02:24.145 21612 21675 I ReactNativeJS: [outputs] outputs.flashPulse.commit {"timestamp":10367666.17797,"wallClock":1760209344145,"durationMs":80,"source":"console.replay","correlationId":"console-replay:mgmn72abo6cstvcm","latencyMs":61.23036500066519,"timelineOffsetMs":17.03917800076306}
10-11 15:02:24.147 21612 26451 D OutputsAudio: [outputs-audio] stop gain=1.000 release=6.00
10-11 15:02:24.228 21612 26451 D OutputsAudio: [outputs-audio] start hz=700.0 gain=1.000 attack=2.50 release=6.00
10-11 15:02:24.240 21612 21675 D OutputsAudio: [outputs-audio] symbol.info sequence=16 symbol=- timestamp=10367749.683 duration=240.000
10-11 15:02:24.241 21612 21675 I ReactNativeJS: [outputs] playMorse.symbol {"timestamp":10367761.824845,"wallClock":1760209344240,"symbol":"-","durationMs":240,"index":15,"source":"console.replay","correlationId":"console-replay:mgmn72eow0airw8b","nativeTimestampMs":10367749.683,"nativeDurationMs":240,"nativeOffsetMs":12.047366000711918,"nativeSequence":16,"monotonicTimestampMs":10367749.683}
10-11 15:02:24.242 21612 21675 I ReactNativeJS: [outputs] outputs.hapticSymbol {"timestamp":10367762.713855,"wallClock":1760209344241,"enabled":true,"symbol":"-","durationMs":240,"platform":"android","source":"console.replay","correlationId":"console-replay:mgmn72eow0airw8b","timelineOffsetMs":12.047366000711918}
10-11 15:02:24.243 21612 21675 I ReactNativeJS: [outputs] outputs.flashPulse {"timestamp":10367764.17521,"wallClock":1760209344243,"enabled":true,"durationMs":240,"source":"console.replay","correlationId":"console-replay:mgmn72eow0airw8b","timelineOffsetMs":12.047366000711918}
10-11 15:02:24.303 21612 21675 I ReactNativeJS: [outputs] outputs.flashPulse.commit {"timestamp":10367824.631459,"wallClock":1760209344303,"durationMs":240,"source":"console.replay","correlationId":"console-replay:mgmn72eow0airw8b","latencyMs":62.89614599943161,"timelineOffsetMs":12.047366000711918}
10-11 15:02:24.468 21612 26451 D OutputsAudio: [outputs-audio] stop gain=1.000 release=6.00
10-11 15:02:24.550 21612 26451 D OutputsAudio: [outputs-audio] start hz=700.0 gain=1.000 attack=2.50 release=6.00
10-11 15:02:24.575 21612 21675 D OutputsAudio: [outputs-audio] symbol.info sequence=17 symbol=- timestamp=10368071.435 duration=240.000
10-11 15:02:24.575 21612 21675 I ReactNativeJS: [outputs] playMorse.symbol {"timestamp":10368096.400574,"wallClock":1760209344575,"symbol":"-","durationMs":240,"index":16,"source":"console.replay","correlationId":"console-replay:mgmn72nz61p3aa5j","nativeTimestampMs":10368071.435,"nativeDurationMs":240,"nativeOffsetMs":24.903594998642802,"nativeSequence":17,"monotonicTimestampMs":10368071.435}
10-11 15:02:24.576 21612 21675 I ReactNativeJS: [outputs] outputs.hapticSymbol {"timestamp":10368097.008178,"wallClock":1760209344575,"enabled":true,"symbol":"-","durationMs":240,"platform":"android","source":"console.replay","correlationId":"console-replay:mgmn72nz61p3aa5j","timelineOffsetMs":24.903594998642802}
10-11 15:02:24.577 21612 21675 I ReactNativeJS: [outputs] outputs.flashPulse {"timestamp":10368097.912449,"wallClock":1760209344576,"enabled":true,"durationMs":240,"source":"console.replay","correlationId":"console-replay:mgmn72nz61p3aa5j","timelineOffsetMs":24.903594998642802}
10-11 15:02:24.636 21612 21675 I ReactNativeJS: [outputs] outputs.flashPulse.commit {"timestamp":10368154.551928,"wallClock":1760209344633,"durationMs":240,"source":"console.replay","correlationId":"console-replay:mgmn72nz61p3aa5j","latencyMs":58.2085410002619,"timelineOffsetMs":24.903594998642802}
10-11 15:02:24.790 21612 26451 D OutputsAudio: [outputs-audio] stop gain=1.000 release=6.00
10-11 15:02:24.871 21612 26451 D OutputsAudio: [outputs-audio] start hz=700.0 gain=1.000 attack=2.50 release=6.00
10-11 15:02:24.877 21612 21675 D OutputsAudio: [outputs-audio] symbol.info sequence=18 symbol=- timestamp=10368392.465 duration=240.000
10-11 15:02:24.878 21612 21675 I ReactNativeJS: [outputs] playMorse.symbol {"timestamp":10368398.903022,"wallClock":1760209344877,"symbol":"-","durationMs":240,"index":17,"source":"console.replay","correlationId":"console-replay:mgmn72wd23hekyfy","nativeTimestampMs":10368392.465,"nativeDurationMs":240,"nativeOffsetMs":6.356928000226617,"nativeSequence":18,"monotonicTimestampMs":10368392.465}
10-11 15:02:24.879 21612 21675 I ReactNativeJS: [outputs] outputs.hapticSymbol {"timestamp":10368399.731876,"wallClock":1760209344878,"enabled":true,"symbol":"-","durationMs":240,"platform":"android","source":"console.replay","correlationId":"console-replay:mgmn72wd23hekyfy","timelineOffsetMs":6.356928000226617}
10-11 15:02:24.880 21612 21675 I ReactNativeJS: [outputs] outputs.flashPulse {"timestamp":10368400.921459,"wallClock":1760209344879,"enabled":true,"durationMs":240,"source":"console.replay","correlationId":"console-replay:mgmn72wd23hekyfy","timelineOffsetMs":6.356928000226617}
10-11 15:02:24.943 21612 21675 I ReactNativeJS: [outputs] outputs.flashPulse.commit {"timestamp":10368464.013647,"wallClock":1760209344942,"durationMs":240,"source":"console.replay","correlationId":"console-replay:mgmn72wd23hekyfy","latencyMs":65.17505200020969,"timelineOffsetMs":6.356928000226617}
10-11 15:02:25.111 21612 26451 D OutputsAudio: [outputs-audio] stop gain=1.000 release=6.00
10-11 15:02:25.192 21612 26451 D OutputsAudio: [outputs-audio] start hz=700.0 gain=1.000 attack=2.50 release=6.00
10-11 15:02:25.221 21612 21675 D OutputsAudio: [outputs-audio] symbol.info sequence=19 symbol=. timestamp=10368714.030 duration=80.000
10-11 15:02:25.222 21612 21675 I ReactNativeJS: [outputs] playMorse.symbol {"timestamp":10368742.756199,"wallClock":1760209345221,"symbol":".","durationMs":80,"index":18,"source":"console.replay","correlationId":"console-replay:mgmn735xsu0gis2l","nativeTimestampMs":10368714.03,"nativeDurationMs":80,"nativeOffsetMs":28.63630300015211,"nativeSequence":19,"monotonicTimestampMs":10368714.03}
10-11 15:02:25.223 21612 21675 I ReactNativeJS: [outputs] outputs.hapticSymbol {"timestamp":10368743.53573,"wallClock":1760209345222,"enabled":true,"symbol":".","durationMs":80,"platform":"android","source":"console.replay","correlationId":"console-replay:mgmn735xsu0gis2l","timelineOffsetMs":28.63630300015211}
10-11 15:02:25.225 21612 21675 I ReactNativeJS: [outputs] outputs.flashPulse {"timestamp":10368746.089897,"wallClock":1760209345224,"enabled":true,"durationMs":80,"source":"console.replay","correlationId":"console-replay:mgmn735xsu0gis2l","timelineOffsetMs":28.63630300015211}
10-11 15:02:25.272 21612 26451 D OutputsAudio: [outputs-audio] stop gain=1.000 release=6.00
10-11 15:02:25.290 21612 21675 I ReactNativeJS: [outputs] outputs.flashPulse.commit {"timestamp":10368811.009272,"wallClock":1760209345289,"durationMs":80,"source":"console.replay","correlationId":"console-replay:mgmn735xsu0gis2l","latencyMs":68.3383330013603,"timelineOffsetMs":28.63630300015211}
10-11 15:02:25.354 21612 26451 D OutputsAudio: [outputs-audio] start hz=700.0 gain=1.000 attack=2.50 release=6.00
10-11 15:02:25.366 21612 21675 D OutputsAudio: [outputs-audio] symbol.info sequence=20 symbol=. timestamp=10368875.655 duration=80.000
10-11 15:02:25.367 21612 21675 I ReactNativeJS: [outputs] playMorse.symbol {"timestamp":10368887.959324,"wallClock":1760209345366,"symbol":".","durationMs":80,"index":19,"source":"console.replay","correlationId":"console-replay:mgmn739ymu0ite7x","nativeTimestampMs":10368875.655,"nativeDurationMs":80,"nativeOffsetMs":12.21140700019896,"nativeSequence":20,"monotonicTimestampMs":10368875.655}
10-11 15:02:25.368 21612 21675 I ReactNativeJS: [outputs] outputs.hapticSymbol {"timestamp":10368888.838647,"wallClock":1760209345367,"enabled":true,"symbol":".","durationMs":80,"platform":"android","source":"console.replay","correlationId":"console-replay:mgmn739ymu0ite7x","timelineOffsetMs":12.21140700019896}
10-11 15:02:25.369 21612 21675 I ReactNativeJS: [outputs] outputs.flashPulse {"timestamp":10368889.947553,"wallClock":1760209345368,"enabled":true,"durationMs":80,"source":"console.replay","correlationId":"console-replay:mgmn739ymu0ite7x","timelineOffsetMs":12.21140700019896}
10-11 15:02:25.428 21612 21675 I ReactNativeJS: [outputs] outputs.flashPulse.commit {"timestamp":10368949.574272,"wallClock":1760209345428,"durationMs":80,"source":"console.replay","correlationId":"console-replay:mgmn739ymu0ite7x","latencyMs":61.70380200073123,"timelineOffsetMs":12.21140700019896}
10-11 15:02:25.435 21612 26451 D OutputsAudio: [outputs-audio] stop gain=1.000 release=6.00
10-11 15:02:25.516 21612 26451 D OutputsAudio: [outputs-audio] start hz=700.0 gain=1.000 attack=2.50 release=6.00
10-11 15:02:25.534 21612 21675 D OutputsAudio: [outputs-audio] symbol.info sequence=21 symbol=. timestamp=10369037.670 duration=80.000
10-11 15:02:25.536 21612 21675 I ReactNativeJS: [outputs] playMorse.symbol {"timestamp":10369056.197709,"wallClock":1760209345535,"symbol":".","durationMs":80,"index":20,"source":"console.replay","correlationId":"console-replay:mgmn73enbensot4n","nativeTimestampMs":10369037.67,"nativeDurationMs":80,"nativeOffsetMs":18.393333999440074,"nativeSequence":21,"monotonicTimestampMs":10369037.67}
10-11 15:02:25.537 21612 21675 I ReactNativeJS: [outputs] outputs.hapticSymbol {"timestamp":10369057.947449,"wallClock":1760209345536,"enabled":true,"symbol":".","durationMs":80,"platform":"android","source":"console.replay","correlationId":"console-replay:mgmn73enbensot4n","timelineOffsetMs":18.393333999440074}
10-11 15:02:25.539 21612 21675 I ReactNativeJS: [outputs] outputs.flashPulse {"timestamp":10369059.837188,"wallClock":1760209345538,"enabled":true,"durationMs":80,"source":"console.replay","correlationId":"console-replay:mgmn73enbensot4n","timelineOffsetMs":18.393333999440074}
10-11 15:02:25.597 21612 26451 D OutputsAudio: [outputs-audio] stop gain=1.000 release=6.00
10-11 15:02:25.601 21612 21675 I ReactNativeJS: [outputs] outputs.flashPulse.commit {"timestamp":10369122.291042,"wallClock":1760209345601,"durationMs":80,"source":"console.replay","correlationId":"console-replay:mgmn73enbensot4n","latencyMs":66.22281300090253,"timelineOffsetMs":18.393333999440074}
10-11 15:02:25.677 21612 26451 D OutputsAudio: [outputs-audio] start hz=700.0 gain=1.000 attack=2.50 release=6.00
10-11 15:02:25.694 21612 21675 D OutputsAudio: [outputs-audio] symbol.info sequence=22 symbol=- timestamp=10369198.838 duration=240.000
10-11 15:02:25.695 21612 21675 I ReactNativeJS: [outputs] playMorse.symbol {"timestamp":10369215.444167,"wallClock":1760209345694,"symbol":"-","durationMs":240,"index":21,"source":"console.replay","correlationId":"console-replay:mgmn73j2l0xza4az","nativeTimestampMs":10369198.838,"nativeDurationMs":240,"nativeOffsetMs":16.41736499965191,"nativeSequence":22,"monotonicTimestampMs":10369198.838}
10-11 15:02:25.695 21612 21675 I ReactNativeJS: [outputs] outputs.hapticSymbol {"timestamp":10369216.231563,"wallClock":1760209345695,"enabled":true,"symbol":"-","durationMs":240,"platform":"android","source":"console.replay","correlationId":"console-replay:mgmn73j2l0xza4az","timelineOffsetMs":16.41736499965191}
10-11 15:02:25.700 21612 21675 I ReactNativeJS: [outputs] outputs.flashPulse {"timestamp":10369221.529219,"wallClock":1760209345700,"enabled":true,"durationMs":240,"source":"console.replay","correlationId":"console-replay:mgmn73j2l0xza4az","timelineOffsetMs":16.41736499965191}
10-11 15:02:25.759 21612 21675 I ReactNativeJS: [outputs] outputs.flashPulse.commit {"timestamp":10369279.832605,"wallClock":1760209345758,"durationMs":240,"source":"console.replay","correlationId":"console-replay:mgmn73j2l0xza4az","latencyMs":64.57296900078654,"timelineOffsetMs":16.41736499965191}
10-11 15:02:25.918 21612 26451 D OutputsAudio: [outputs-audio] stop gain=1.000 release=6.00
10-11 15:02:25.998 21612 26451 D OutputsAudio: [outputs-audio] start hz=700.0 gain=1.000 attack=2.50 release=6.00
10-11 15:02:26.030 21612 21675 D OutputsAudio: [outputs-audio] symbol.info sequence=23 symbol=- timestamp=10369519.995 duration=240.000
10-11 15:02:26.031 21612 21675 I ReactNativeJS: [outputs] playMorse.symbol {"timestamp":10369551.893386,"wallClock":1760209346030,"symbol":"-","durationMs":240,"index":22,"source":"console.replay","correlationId":"console-replay:mgmn73ses76y23wz","nativeTimestampMs":10369519.995,"nativeDurationMs":240,"nativeOffsetMs":31.836771000176668,"nativeSequence":23,"monotonicTimestampMs":10369519.995}
10-11 15:02:26.031 21612 21675 I ReactNativeJS: [outputs] outputs.hapticSymbol {"timestamp":10369552.47224,"wallClock":1760209346031,"enabled":true,"symbol":"-","durationMs":240,"platform":"android","source":"console.replay","correlationId":"console-replay:mgmn73ses76y23wz","timelineOffsetMs":31.836771000176668}
10-11 15:02:26.032 21612 21675 I ReactNativeJS: [outputs] outputs.flashPulse {"timestamp":10369553.290001,"wallClock":1760209346032,"enabled":true,"durationMs":240,"source":"console.replay","correlationId":"console-replay:mgmn73ses76y23wz","timelineOffsetMs":31.836771000176668}
10-11 15:02:26.089 21612 21675 I ReactNativeJS: [outputs] outputs.flashPulse.commit {"timestamp":10369609.765209,"wallClock":1760209346088,"durationMs":240,"source":"console.replay","correlationId":"console-replay:mgmn73ses76y23wz","latencyMs":57.92953200079501,"timelineOffsetMs":31.836771000176668}
10-11 15:02:26.239 21612 26451 D OutputsAudio: [outputs-audio] stop gain=1.000 release=6.00
10-11 15:02:26.319 21612 26451 D OutputsAudio: [outputs-audio] start hz=700.0 gain=1.000 attack=2.50 release=6.00
10-11 15:02:26.329 21612 21675 D OutputsAudio: [outputs-audio] symbol.info sequence=24 symbol=- timestamp=10369840.786 duration=240.000
10-11 15:02:26.332 21612 21675 I ReactNativeJS: [outputs] playMorse.symbol {"timestamp":10369851.181563,"wallClock":1760209346330,"symbol":"-","durationMs":240,"index":23,"source":"console.replay","correlationId":"console-replay:mgmn740qw2iocyw3","nativeTimestampMs":10369840.786,"nativeDurationMs":240,"nativeOffsetMs":10.293426999822259,"nativeSequence":24,"monotonicTimestampMs":10369840.786}
10-11 15:02:26.333 21612 21675 I ReactNativeJS: [outputs] outputs.hapticSymbol {"timestamp":10369853.305052,"wallClock":1760209346332,"enabled":true,"symbol":"-","durationMs":240,"platform":"android","source":"console.replay","correlationId":"console-replay:mgmn740qw2iocyw3","timelineOffsetMs":10.293426999822259}
10-11 15:02:26.335 21612 21675 I ReactNativeJS: [outputs] outputs.flashPulse {"timestamp":10369855.671771,"wallClock":1760209346334,"enabled":true,"durationMs":240,"source":"console.replay","correlationId":"console-replay:mgmn740qw2iocyw3","timelineOffsetMs":10.293426999822259}
10-11 15:02:26.453 21612 21675 I ReactNativeJS: [outputs] outputs.flashPulse.commit {"timestamp":10369974.660261,"wallClock":1760209346453,"durationMs":240,"source":"console.replay","correlationId":"console-replay:mgmn740qw2iocyw3","latencyMs":123.57619800046086,"timelineOffsetMs":10.293426999822259}
10-11 15:02:26.559 21612 26451 D OutputsAudio: [outputs-audio] stop gain=1.000 release=6.00
10-11 15:02:26.640 21612 26451 D OutputsAudio: [outputs-audio] start hz=700.0 gain=1.000 attack=2.50 release=6.00
10-11 15:02:26.658 21612 21675 D OutputsAudio: [outputs-audio] symbol.info sequence=25 symbol=. timestamp=10370161.731 duration=80.000
10-11 15:02:26.663 21612 21675 I ReactNativeJS: [outputs] playMorse.symbol {"timestamp":10370179.839115,"wallClock":1760209346658,"symbol":".","durationMs":80,"index":24,"source":"console.replay","correlationId":"console-replay:mgmn749uunbvcsdo","nativeTimestampMs":10370161.731,"nativeDurationMs":80,"nativeOffsetMs":17.979103999212384,"nativeSequence":25,"monotonicTimestampMs":10370161.731}
10-11 15:02:26.664 21612 21675 I ReactNativeJS: [outputs] outputs.hapticSymbol {"timestamp":10370184.496875,"wallClock":1760209346663,"enabled":true,"symbol":".","durationMs":80,"platform":"android","source":"console.replay","correlationId":"console-replay:mgmn749uunbvcsdo","timelineOffsetMs":17.979103999212384}
10-11 15:02:26.668 21612 21675 I ReactNativeJS: [outputs] outputs.flashPulse {"timestamp":10370188.92224,"wallClock":1760209346667,"enabled":true,"durationMs":80,"source":"console.replay","correlationId":"console-replay:mgmn749uunbvcsdo","timelineOffsetMs":17.979103999212384}
10-11 15:02:26.721 21612 26451 D OutputsAudio: [outputs-audio] stop gain=1.000 release=6.00
10-11 15:02:26.738 21612 21675 I ReactNativeJS: [outputs] outputs.flashPulse.commit {"timestamp":10370258.915625,"wallClock":1760209346737,"durationMs":80,"source":"console.replay","correlationId":"console-replay:mgmn749uunbvcsdo","latencyMs":79.20135500095785,"timelineOffsetMs":17.979103999212384}
10-11 15:02:26.802 21612 26451 D OutputsAudio: [outputs-audio] start hz=700.0 gain=1.000 attack=2.50 release=6.00
10-11 15:02:26.824 21612 21675 D OutputsAudio: [outputs-audio] symbol.info sequence=26 symbol=. timestamp=10370323.612 duration=80.000
10-11 15:02:26.825 21612 21675 I ReactNativeJS: [outputs] playMorse.symbol {"timestamp":10370345.583594,"wallClock":1760209346824,"symbol":".","durationMs":80,"index":25,"source":"console.replay","correlationId":"console-replay:mgmn74eglsavoert","nativeTimestampMs":10370323.612,"nativeDurationMs":80,"nativeOffsetMs":21.889459000900388,"nativeSequence":26,"monotonicTimestampMs":10370323.612}
10-11 15:02:26.825 21612 21675 I ReactNativeJS: [outputs] outputs.hapticSymbol {"timestamp":10370346.357709,"wallClock":1760209346825,"enabled":true,"symbol":".","durationMs":80,"platform":"android","source":"console.replay","correlationId":"console-replay:mgmn74eglsavoert","timelineOffsetMs":21.889459000900388}
10-11 15:02:26.826 21612 21675 I ReactNativeJS: [outputs] outputs.flashPulse {"timestamp":10370347.443698,"wallClock":1760209346826,"enabled":true,"durationMs":80,"source":"console.replay","correlationId":"console-replay:mgmn74eglsavoert","timelineOffsetMs":21.889459000900388}
10-11 15:02:26.878 21612 21675 I ReactNativeJS: [outputs] outputs.flashPulse.commit {"timestamp":10370398.945156,"wallClock":1760209346877,"durationMs":80,"source":"console.replay","correlationId":"console-replay:mgmn74eglsavoert","latencyMs":53.43859300017357,"timelineOffsetMs":21.889459000900388}
10-11 15:02:26.882 21612 26451 D OutputsAudio: [outputs-audio] stop gain=1.000 release=6.00
10-11 15:02:26.962 21612 26451 D OutputsAudio: [outputs-audio] start hz=700.0 gain=1.000 attack=2.50 release=6.00
10-11 15:02:26.972 21612 21675 D OutputsAudio: [outputs-audio] symbol.info sequence=27 symbol=. timestamp=10370484.132 duration=80.000
10-11 15:02:26.973 21612 21675 I ReactNativeJS: [outputs] playMorse.symbol {"timestamp":10370493.906615,"wallClock":1760209346972,"symbol":".","durationMs":80,"index":26,"source":"console.replay","correlationId":"console-replay:mgmn74ikwbm64x85","nativeTimestampMs":10370484.132,"nativeDurationMs":80,"nativeOffsetMs":9.670917000621557,"nativeSequence":27,"monotonicTimestampMs":10370484.132}
10-11 15:02:26.974 21612 21675 I ReactNativeJS: [outputs] outputs.hapticSymbol {"timestamp":10370494.88625,"wallClock":1760209346973,"enabled":true,"symbol":".","durationMs":80,"platform":"android","source":"console.replay","correlationId":"console-replay:mgmn74ikwbm64x85","timelineOffsetMs":9.670917000621557}
10-11 15:02:26.975 21612 21675 I ReactNativeJS: [outputs] outputs.flashPulse {"timestamp":10370496.591511,"wallClock":1760209346975,"enabled":true,"durationMs":80,"source":"console.replay","correlationId":"console-replay:mgmn74ikwbm64x85","timelineOffsetMs":9.670917000621557}
10-11 15:02:27.043 21612 26451 D OutputsAudio: [outputs-audio] stop gain=1.000 release=6.00
10-11 15:02:27.066 21612 21675 I ReactNativeJS: [outputs] outputs.flashPulse.commit {"timestamp":10370587.635886,"wallClock":1760209347066,"durationMs":80,"source":"console.replay","correlationId":"console-replay:mgmn74ikwbm64x85","latencyMs":93.82822900079191,"timelineOffsetMs":9.670917000621557}
10-11 15:02:27.113 21612 21675 I ReactNativeJS: [outputs] playMorse.complete {"timestamp":10370633.727292,"wallClock":1760209347112,"durationMs":6524.322705999017,"source":"console.replay","audioEnabled":true,"audioVolumePercent":100}
10-11 15:02:27.124 21612 26451 D OutputsAudio: [outputs-audio] stop gain=0.000 release=6.00
10-11 15:02:27.124 21612 26451 D OutputsAudio: [outputs-audio] playMorse.end cancelled=0
10-11 15:02:29.840 21612 21675 I ReactNativeJS: [outputs] playMorse.start {"timestamp":10373360.98177,"wallClock":1760209349839,"unitMs":60,"length":28,"source":"console.replay","audioEnabled":true,"audioVolumePercent":100}
10-11 15:02:30.027 21612 21675 D OutputsAudio: [outputs-audio] warmup hz=700.0
10-11 15:02:30.028 21612 26494 D OutputsAudio: [outputs-audio] playMorse.start count=27 unit=60.0
10-11 15:02:30.028 21612 26494 D OutputsAudio: [outputs-audio] start hz=700.0 gain=1.000 attack=2.50 release=6.00
10-11 15:02:30.037 21612 21675 D OutputsAudio: [outputs-audio] symbol.info sequence=1 symbol=. timestamp=10373549.324 duration=60.000
10-11 15:02:30.038 21612 21675 I ReactNativeJS: [outputs] playMorse.symbol {"timestamp":10373558.575155,"wallClock":1760209350037,"symbol":".","durationMs":60,"index":0,"source":"console.replay","correlationId":"console-replay:mgmn76vpnplawahp","nativeTimestampMs":10373549.324,"nativeDurationMs":60,"nativeOffsetMs":9.158134000375867,"nativeSequence":1,"monotonicTimestampMs":10373549.324}
10-11 15:02:30.039 21612 21675 I ReactNativeJS: [outputs] outputs.hapticSymbol {"timestamp":10373559.618176,"wallClock":1760209350038,"enabled":true,"symbol":".","durationMs":60,"platform":"android","source":"console.replay","correlationId":"console-replay:mgmn76vpnplawahp","timelineOffsetMs":9.158134000375867}
10-11 15:02:30.040 21612 21675 I ReactNativeJS: [outputs] outputs.flashPulse {"timestamp":10373561.005259,"wallClock":1760209350039,"enabled":true,"durationMs":60,"source":"console.replay","correlationId":"console-replay:mgmn76vpnplawahp","timelineOffsetMs":9.158134000375867}
10-11 15:02:30.089 21612 26494 D OutputsAudio: [outputs-audio] stop gain=1.000 release=6.00
10-11 15:02:30.108 21612 21675 I ReactNativeJS: [outputs] outputs.flashPulse.commit {"timestamp":10373628.748332,"wallClock":1760209350107,"durationMs":60,"source":"console.replay","correlationId":"console-replay:mgmn76vpnplawahp","latencyMs":70.26177100092173,"timelineOffsetMs":9.158134000375867}
10-11 15:02:30.149 21612 26494 D OutputsAudio: [outputs-audio] start hz=700.0 gain=1.000 attack=2.50 release=6.00
10-11 15:02:30.156 21612 21675 D OutputsAudio: [outputs-audio] symbol.info sequence=2 symbol=. timestamp=10373670.765 duration=60.000
10-11 15:02:30.157 21612 21675 I ReactNativeJS: [outputs] playMorse.symbol {"timestamp":10373677.960572,"wallClock":1760209350156,"symbol":".","durationMs":60,"index":1,"source":"console.replay","correlationId":"console-replay:mgmn76z077mka40f","nativeTimestampMs":10373670.765,"nativeDurationMs":60,"nativeOffsetMs":7.143644999712706,"nativeSequence":2,"monotonicTimestampMs":10373670.765}
10-11 15:02:30.157 21612 21675 I ReactNativeJS: [outputs] outputs.hapticSymbol {"timestamp":10373678.477499,"wallClock":1760209350157,"enabled":true,"symbol":".","durationMs":60,"platform":"android","source":"console.replay","correlationId":"console-replay:mgmn76z077mka40f","timelineOffsetMs":7.143644999712706}
10-11 15:02:30.158 21612 21675 I ReactNativeJS: [outputs] outputs.flashPulse {"timestamp":10373679.187968,"wallClock":1760209350158,"enabled":true,"durationMs":60,"source":"console.replay","correlationId":"console-replay:mgmn76z077mka40f","timelineOffsetMs":7.143644999712706}
10-11 15:02:30.209 21612 26494 D OutputsAudio: [outputs-audio] stop gain=1.000 release=6.00
10-11 15:02:30.214 21612 21675 I ReactNativeJS: [outputs] outputs.flashPulse.commit {"timestamp":10373735.343488,"wallClock":1760209350214,"durationMs":60,"source":"console.replay","correlationId":"console-replay:mgmn76z077mka40f","latencyMs":57.429948000237346,"timelineOffsetMs":7.143644999712706}
10-11 15:02:30.270 21612 26494 D OutputsAudio: [outputs-audio] start hz=700.0 gain=1.000 attack=2.50 release=6.00
10-11 15:02:30.282 21612 21675 D OutputsAudio: [outputs-audio] symbol.info sequence=3 symbol=. timestamp=10373792.183 duration=60.000
10-11 15:02:30.283 21612 21675 I ReactNativeJS: [outputs] playMorse.symbol {"timestamp":10373803.765259,"wallClock":1760209350282,"symbol":".","durationMs":60,"index":2,"source":"console.replay","correlationId":"console-replay:mgmn772iw73bj1gn","nativeTimestampMs":10373792.183,"nativeDurationMs":60,"nativeOffsetMs":11.51137400045991,"nativeSequence":3,"monotonicTimestampMs":10373792.183}
10-11 15:02:30.283 21612 21675 I ReactNativeJS: [outputs] outputs.hapticSymbol {"timestamp":10373804.487655,"wallClock":1760209350283,"enabled":true,"symbol":".","durationMs":60,"platform":"android","source":"console.replay","correlationId":"console-replay:mgmn772iw73bj1gn","timelineOffsetMs":11.51137400045991}
10-11 15:02:30.284 21612 21675 I ReactNativeJS: [outputs] outputs.flashPulse {"timestamp":10373805.36302,"wallClock":1760209350284,"enabled":true,"durationMs":60,"source":"console.replay","correlationId":"console-replay:mgmn772iw73bj1gn","timelineOffsetMs":11.51137400045991}
10-11 15:02:30.331 21612 26494 D OutputsAudio: [outputs-audio] stop gain=1.000 release=6.00
10-11 15:02:30.349 21612 21675 I ReactNativeJS: [outputs] outputs.flashPulse.commit {"timestamp":10373870.398905,"wallClock":1760209350349,"durationMs":60,"source":"console.replay","correlationId":"console-replay:mgmn772iw73bj1gn","latencyMs":66.70005199871957,"timelineOffsetMs":11.51137400045991}
10-11 15:02:30.392 21612 26494 D OutputsAudio: [outputs-audio] start hz=700.0 gain=1.000 attack=2.50 release=6.00
10-11 15:02:30.399 21612 21675 D OutputsAudio: [outputs-audio] symbol.info sequence=4 symbol=- timestamp=10373913.520 duration=180.000
10-11 15:02:30.400 21612 21675 I ReactNativeJS: [outputs] playMorse.symbol {"timestamp":10373920.783801,"wallClock":1760209350399,"symbol":"-","durationMs":180,"index":3,"source":"console.replay","correlationId":"console-replay:mgmn775rqz8ymo63","nativeTimestampMs":10373913.52,"nativeDurationMs":180,"nativeOffsetMs":7.212968001142144,"nativeSequence":4,"monotonicTimestampMs":10373913.52}
10-11 15:02:30.400 21612 21675 I ReactNativeJS: [outputs] outputs.hapticSymbol {"timestamp":10373921.264322,"wallClock":1760209350400,"enabled":true,"symbol":"-","durationMs":180,"platform":"android","source":"console.replay","correlationId":"console-replay:mgmn775rqz8ymo63","timelineOffsetMs":7.212968001142144}
10-11 15:02:30.401 21612 21675 I ReactNativeJS: [outputs] outputs.flashPulse {"timestamp":10373921.982916,"wallClock":1760209350400,"enabled":true,"durationMs":180,"source":"console.replay","correlationId":"console-replay:mgmn775rqz8ymo63","timelineOffsetMs":7.212968001142144}
10-11 15:02:30.462 21612 21675 I ReactNativeJS: [outputs] outputs.flashPulse.commit {"timestamp":10373983.010155,"wallClock":1760209350461,"durationMs":180,"source":"console.replay","correlationId":"console-replay:mgmn775rqz8ymo63","latencyMs":62.27312499843538,"timelineOffsetMs":7.212968001142144}
10-11 15:02:30.572 21612 26494 D OutputsAudio: [outputs-audio] stop gain=1.000 release=6.00
10-11 15:02:30.633 21612 26494 D OutputsAudio: [outputs-audio] start hz=700.0 gain=1.000 attack=2.50 release=6.00
10-11 15:02:30.646 21612 21675 D OutputsAudio: [outputs-audio] symbol.info sequence=5 symbol=- timestamp=10374154.949 duration=180.000
10-11 15:02:30.648 21612 21675 I ReactNativeJS: [outputs] playMorse.symbol {"timestamp":10374167.642238,"wallClock":1760209350646,"symbol":"-","durationMs":180,"index":4,"source":"console.replay","correlationId":"console-replay:mgmn77cmjarmgp31","nativeTimestampMs":10374154.949,"nativeDurationMs":180,"nativeOffsetMs":12.602613000199199,"nativeSequence":5,"monotonicTimestampMs":10374154.949}
10-11 15:02:30.649 21612 21675 I ReactNativeJS: [outputs] outputs.hapticSymbol {"timestamp":10374169.282915,"wallClock":1760209350648,"enabled":true,"symbol":"-","durationMs":180,"platform":"android","source":"console.replay","correlationId":"console-replay:mgmn77cmjarmgp31","timelineOffsetMs":12.602613000199199}
10-11 15:02:30.652 21612 21675 I ReactNativeJS: [outputs] outputs.flashPulse {"timestamp":10374172.946197,"wallClock":1760209350651,"enabled":true,"durationMs":180,"source":"console.replay","correlationId":"console-replay:mgmn77cmjarmgp31","timelineOffsetMs":12.602613000199199}
10-11 15:02:30.711 21612 21675 I ReactNativeJS: [outputs] outputs.flashPulse.commit {"timestamp":10374232.299582,"wallClock":1760209350711,"durationMs":180,"source":"console.replay","correlationId":"console-replay:mgmn77cmjarmgp31","latencyMs":64.74312500096858,"timelineOffsetMs":12.602613000199199}
10-11 15:02:30.813 21612 26494 D OutputsAudio: [outputs-audio] stop gain=1.000 release=6.00
10-11 15:02:30.875 21612 26494 D OutputsAudio: [outputs-audio] start hz=700.0 gain=1.000 attack=2.50 release=6.00
10-11 15:02:30.896 21612 21675 D OutputsAudio: [outputs-audio] symbol.info sequence=6 symbol=- timestamp=10374397.049 duration=180.000
10-11 15:02:30.899 21612 21675 I ReactNativeJS: [outputs] playMorse.symbol {"timestamp":10374417.904947,"wallClock":1760209350896,"symbol":"-","durationMs":180,"index":5,"source":"console.replay","correlationId":"console-replay:mgmn77jk8op8i277","nativeTimestampMs":10374397.049,"nativeDurationMs":180,"nativeOffsetMs":20.73266499862075,"nativeSequence":6,"monotonicTimestampMs":10374397.049}
10-11 15:02:30.900 21612 21675 I ReactNativeJS: [outputs] outputs.hapticSymbol {"timestamp":10374420.484634,"wallClock":1760209350899,"enabled":true,"symbol":"-","durationMs":180,"platform":"android","source":"console.replay","correlationId":"console-replay:mgmn77jk8op8i277","timelineOffsetMs":20.73266499862075}
10-11 15:02:30.904 21612 21675 I ReactNativeJS: [outputs] outputs.flashPulse {"timestamp":10374424.618905,"wallClock":1760209350903,"enabled":true,"durationMs":180,"source":"console.replay","correlationId":"console-replay:mgmn77jk8op8i277","timelineOffsetMs":20.73266499862075}
10-11 15:02:30.963 21612 21675 I ReactNativeJS: [outputs] outputs.flashPulse.commit {"timestamp":10374484.068019,"wallClock":1760209350962,"durationMs":180,"source":"console.replay","correlationId":"console-replay:mgmn77jk8op8i277","latencyMs":66.28182299993932,"timelineOffsetMs":20.73266499862075}
10-11 15:02:31.056 21612 26494 D OutputsAudio: [outputs-audio] stop gain=1.000 release=6.00
