10-11 14:42:33.560 21612 21675 I ReactNativeJS: [outputs] outputs.flashPulse.commit {"timestamp":9177081.449518,"wallClock":1760208153560,"durationMs":144,"source":"console.replay","correlationId":"console-replay:mgmmhjmm1s32l311","latencyMs":57.68437499925494,"timelineOffsetMs":54.143559999763966}
10-11 14:42:33.593 21612 22281 D OutputsAudio: [outputs-audio] stop gain=1.000 release=6.00
10-11 14:42:33.642 21612 22281 D OutputsAudio: [outputs-audio] start hz=700.0 gain=1.000 attack=2.50 release=6.00
10-11 14:42:33.658 21612 21675 D OutputsAudio: [outputs-audio] symbol.info sequence=11 symbol=- timestamp=9177163.863 duration=144.000
10-11 14:42:33.659 21612 21675 I ReactNativeJS: [outputs] playMorse.symbol {"timestamp":9177179.73931,"wallClock":1760208153658,"symbol":"-","durationMs":144,"index":10,"source":"console.replay","correlationId":"console-replay:mgmmhjqy5jpd97qu","nativeTimestampMs":9177163.863,"nativeDurationMs":144,"nativeOffsetMs":15.76099699921906,"nativeSequence":11,"monotonicTimestampMs":9177163.863}
10-11 14:42:33.660 21612 21675 I ReactNativeJS: [outputs] outputs.hapticSymbol {"timestamp":9177180.819674,"wallClock":1760208153659,"enabled":true,"symbol":"-","durationMs":144,"platform":"android","source":"console.replay","correlationId":"console-replay:mgmmhjqy5jpd97qu","timelineOffsetMs":15.76099699921906}
10-11 14:42:33.661 21612 21675 I ReactNativeJS: [outputs] outputs.flashPulse {"timestamp":9177182.045091,"wallClock":1760208153660,"enabled":true,"durationMs":144,"source":"console.replay","correlationId":"console-replay:mgmmhjqy5jpd97qu","timelineOffsetMs":15.76099699921906}
10-11 14:42:33.724 21612 21675 I ReactNativeJS: [outputs] outputs.flashPulse.commit {"timestamp":9177245.742643,"wallClock":1760208153724,"durationMs":144,"source":"console.replay","correlationId":"console-replay:mgmmhjqy5jpd97qu","latencyMs":66.11354200169444,"timelineOffsetMs":15.76099699921906}
10-11 14:42:33.787 21612 22281 D OutputsAudio: [outputs-audio] stop gain=1.000 release=6.00
10-11 14:42:33.836 21612 22281 D OutputsAudio: [outputs-audio] start hz=700.0 gain=1.000 attack=2.50 release=6.00
10-11 14:42:33.847 21612 21675 D OutputsAudio: [outputs-audio] symbol.info sequence=12 symbol=- timestamp=9177357.562 duration=144.000
10-11 14:42:33.848 21612 21675 I ReactNativeJS: [outputs] playMorse.symbol {"timestamp":9177368.651757,"wallClock":1760208153847,"symbol":"-","durationMs":144,"index":11,"source":"console.replay","correlationId":"console-replay:mgmmhjw746x637b8","nativeTimestampMs":9177357.562,"nativeDurationMs":144,"nativeOffsetMs":10.99736199900508,"nativeSequence":12,"monotonicTimestampMs":9177357.562}
10-11 14:42:33.848 21612 21675 I ReactNativeJS: [outputs] outputs.hapticSymbol {"timestamp":9177369.601237,"wallClock":1760208153848,"enabled":true,"symbol":"-","durationMs":144,"platform":"android","source":"console.replay","correlationId":"console-replay:mgmmhjw746x637b8","timelineOffsetMs":10.99736199900508}
10-11 14:42:33.850 21612 21675 I ReactNativeJS: [outputs] outputs.flashPulse {"timestamp":9177370.768632,"wallClock":1760208153849,"enabled":true,"durationMs":144,"source":"console.replay","correlationId":"console-replay:mgmmhjw746x637b8","timelineOffsetMs":10.99736199900508}
10-11 14:42:33.971 21612 21675 I ReactNativeJS: [outputs] outputs.flashPulse.commit {"timestamp":9177492.134674,"wallClock":1760208153971,"durationMs":144,"source":"console.replay","correlationId":"console-replay:mgmmhjw746x637b8","latencyMs":123.56994700059295,"timelineOffsetMs":10.99736199900508}
10-11 14:42:33.981 21612 22281 D OutputsAudio: [outputs-audio] stop gain=1.000 release=6.00
10-11 14:42:34.030 21612 22281 D OutputsAudio: [outputs-audio] start hz=700.0 gain=1.000 attack=2.50 release=6.00
10-11 14:42:34.045 21612 21675 D OutputsAudio: [outputs-audio] symbol.info sequence=13 symbol=. timestamp=9177552.245 duration=48.000
10-11 14:42:34.046 21612 21675 I ReactNativeJS: [outputs] playMorse.symbol {"timestamp":9177566.940195,"wallClock":1760208154045,"symbol":".","durationMs":48,"index":12,"source":"console.replay","correlationId":"console-replay:mgmmhk1pbvz80yo1","nativeTimestampMs":9177552.245,"nativeDurationMs":48,"nativeOffsetMs":14.609101001173258,"nativeSequence":13,"monotonicTimestampMs":9177552.245}
10-11 14:42:34.047 21612 21675 I ReactNativeJS: [outputs] outputs.hapticSymbol {"timestamp":9177567.766289,"wallClock":1760208154046,"enabled":true,"symbol":".","durationMs":48,"platform":"android","source":"console.replay","correlationId":"console-replay:mgmmhk1pbvz80yo1","timelineOffsetMs":14.609101001173258}
10-11 14:42:34.047 21612 21675 I ReactNativeJS: [outputs] outputs.flashPulse {"timestamp":9177568.621393,"wallClock":1760208154047,"enabled":true,"durationMs":48,"source":"console.replay","correlationId":"console-replay:mgmmhk1pbvz80yo1","timelineOffsetMs":14.609101001173258}
10-11 14:42:34.079 21612 22281 D OutputsAudio: [outputs-audio] stop gain=1.000 release=6.00
10-11 14:42:34.100 21612 21675 I ReactNativeJS: [outputs] outputs.flashPulse.commit {"timestamp":9177621.03733,"wallClock":1760208154099,"durationMs":48,"source":"console.replay","correlationId":"console-replay:mgmmhk1pbvz80yo1","latencyMs":54.178593998774886,"timelineOffsetMs":14.609101001173258}
10-11 14:42:34.128 21612 22281 D OutputsAudio: [outputs-audio] start hz=700.0 gain=1.000 attack=2.50 release=6.00
10-11 14:42:34.143 21612 21675 D OutputsAudio: [outputs-audio] symbol.info sequence=14 symbol=. timestamp=9177649.638 duration=48.000
10-11 14:42:34.144 21612 21675 I ReactNativeJS: [outputs] playMorse.symbol {"timestamp":9177665.04207,"wallClock":1760208154143,"symbol":".","durationMs":48,"index":13,"source":"console.replay","correlationId":"console-replay:mgmmhk4fvvljwc78","nativeTimestampMs":9177649.638,"nativeDurationMs":48,"nativeOffsetMs":15.358079999685287,"nativeSequence":14,"monotonicTimestampMs":9177649.638}
10-11 14:42:34.144 21612 21675 I ReactNativeJS: [outputs] outputs.hapticSymbol {"timestamp":9177665.528372,"wallClock":1760208154144,"enabled":true,"symbol":".","durationMs":48,"platform":"android","source":"console.replay","correlationId":"console-replay:mgmmhk4fvvljwc78","timelineOffsetMs":15.358079999685287}
10-11 14:42:34.145 21612 21675 I ReactNativeJS: [outputs] outputs.flashPulse {"timestamp":9177666.131236,"wallClock":1760208154145,"enabled":true,"durationMs":48,"source":"console.replay","correlationId":"console-replay:mgmmhk4fvvljwc78","timelineOffsetMs":15.358079999685287}
10-11 14:42:34.177 21612 22281 D OutputsAudio: [outputs-audio] stop gain=1.000 release=6.00
10-11 14:42:34.206 21612 21675 I ReactNativeJS: [outputs] outputs.flashPulse.commit {"timestamp":9177726.817018,"wallClock":1760208154205,"durationMs":48,"source":"console.replay","correlationId":"console-replay:mgmmhk4fvvljwc78","latencyMs":61.81692700088024,"timelineOffsetMs":15.358079999685287}
10-11 14:42:34.226 21612 22281 D OutputsAudio: [outputs-audio] start hz=700.0 gain=1.000 attack=2.50 release=6.00
10-11 14:42:34.255 21612 21675 D OutputsAudio: [outputs-audio] symbol.info sequence=15 symbol=. timestamp=9177747.178 duration=48.000
10-11 14:42:34.256 21612 21675 I ReactNativeJS: [outputs] playMorse.symbol {"timestamp":9177776.700403,"wallClock":1760208154255,"symbol":".","durationMs":48,"index":14,"source":"console.replay","correlationId":"console-replay:mgmmhk7jdy8ovkgy","nativeTimestampMs":9177747.178,"nativeDurationMs":48,"nativeOffsetMs":29.473861001431942,"nativeSequence":15,"monotonicTimestampMs":9177747.178}
10-11 14:42:34.256 21612 21675 I ReactNativeJS: [outputs] outputs.hapticSymbol {"timestamp":9177777.17832,"wallClock":1760208154256,"enabled":true,"symbol":".","durationMs":48,"platform":"android","source":"console.replay","correlationId":"console-replay:mgmmhk7jdy8ovkgy","timelineOffsetMs":29.473861001431942}
10-11 14:42:34.256 21612 21675 I ReactNativeJS: [outputs] outputs.flashPulse {"timestamp":9177777.755924,"wallClock":1760208154256,"enabled":true,"durationMs":48,"source":"console.replay","correlationId":"console-replay:mgmmhk7jdy8ovkgy","timelineOffsetMs":29.473861001431942}
10-11 14:42:34.275 21612 22281 D OutputsAudio: [outputs-audio] stop gain=1.000 release=6.00
10-11 14:42:34.307 21612 21675 I ReactNativeJS: [outputs] outputs.flashPulse.commit {"timestamp":9177828.75358,"wallClock":1760208154307,"durationMs":48,"source":"console.replay","correlationId":"console-replay:mgmmhk7jdy8ovkgy","latencyMs":52.097239999100566,"timelineOffsetMs":29.473861001431942}
10-11 14:42:34.323 21612 22281 D OutputsAudio: [outputs-audio] start hz=700.0 gain=1.000 attack=2.50 release=6.00
10-11 14:42:34.351 21612 21675 D OutputsAudio: [outputs-audio] symbol.info sequence=16 symbol=- timestamp=9177845.152 duration=144.000
10-11 14:42:34.351 21612 21675 I ReactNativeJS: [outputs] playMorse.symbol {"timestamp":9177872.580403,"wallClock":1760208154351,"symbol":"-","durationMs":144,"index":15,"source":"console.replay","correlationId":"console-replay:mgmmhka7tvtzzf9n","nativeTimestampMs":9177845.152,"nativeDurationMs":144,"nativeOffsetMs":27.377673998475075,"nativeSequence":16,"monotonicTimestampMs":9177845.152}
10-11 14:42:34.352 21612 21675 I ReactNativeJS: [outputs] outputs.hapticSymbol {"timestamp":9177873.049518,"wallClock":1760208154351,"enabled":true,"symbol":"-","durationMs":144,"platform":"android","source":"console.replay","correlationId":"console-replay:mgmmhka7tvtzzf9n","timelineOffsetMs":27.377673998475075}
10-11 14:42:34.352 21612 21675 I ReactNativeJS: [outputs] outputs.flashPulse {"timestamp":9177873.609101,"wallClock":1760208154352,"enabled":true,"durationMs":144,"source":"console.replay","correlationId":"console-replay:mgmmhka7tvtzzf9n","timelineOffsetMs":27.377673998475075}
10-11 14:42:34.409 21612 21675 I ReactNativeJS: [outputs] outputs.flashPulse.commit {"timestamp":9177930.281236,"wallClock":1760208154409,"durationMs":144,"source":"console.replay","correlationId":"console-replay:mgmmhka7tvtzzf9n","latencyMs":57.747187001630664,"timelineOffsetMs":27.377673998475075}
10-11 14:42:34.468 21612 22281 D OutputsAudio: [outputs-audio] stop gain=1.000 release=6.00
10-11 14:42:34.517 21612 22281 D OutputsAudio: [outputs-audio] start hz=700.0 gain=1.000 attack=2.50 release=6.00
10-11 14:42:34.524 21612 21675 D OutputsAudio: [outputs-audio] symbol.info sequence=17 symbol=- timestamp=9178038.451 duration=144.000
10-11 14:42:34.525 21612 21675 I ReactNativeJS: [outputs] playMorse.symbol {"timestamp":9178046.098684,"wallClock":1760208154524,"symbol":"-","durationMs":144,"index":16,"source":"console.replay","correlationId":"console-replay:mgmmhkf026z234jr","nativeTimestampMs":9178038.451,"nativeDurationMs":144,"nativeOffsetMs":7.541434001177549,"nativeSequence":17,"monotonicTimestampMs":9178038.451}
10-11 14:42:34.526 21612 21675 I ReactNativeJS: [outputs] outputs.hapticSymbol {"timestamp":9178047.151028,"wallClock":1760208154526,"enabled":true,"symbol":"-","durationMs":144,"platform":"android","source":"console.replay","correlationId":"console-replay:mgmmhkf026z234jr","timelineOffsetMs":7.541434001177549}
10-11 14:42:34.528 21612 21675 I ReactNativeJS: [outputs] outputs.flashPulse {"timestamp":9178049.058945,"wallClock":1760208154527,"enabled":true,"durationMs":144,"source":"console.replay","correlationId":"console-replay:mgmmhkf026z234jr","timelineOffsetMs":7.541434001177549}
10-11 14:42:34.603 21612 21675 I ReactNativeJS: [outputs] outputs.flashPulse.commit {"timestamp":9178124.124465,"wallClock":1760208154602,"durationMs":144,"source":"console.replay","correlationId":"console-replay:mgmmhkf026z234jr","latencyMs":78.11463600024581,"timelineOffsetMs":7.541434001177549}
10-11 14:42:34.661 21612 22281 D OutputsAudio: [outputs-audio] stop gain=1.000 release=6.00
10-11 14:42:34.710 21612 22281 D OutputsAudio: [outputs-audio] start hz=700.0 gain=1.000 attack=2.50 release=6.00
10-11 14:42:34.725 21612 21675 D OutputsAudio: [outputs-audio] symbol.info sequence=18 symbol=- timestamp=9178231.991 duration=144.000
10-11 14:42:34.726 21612 21675 I ReactNativeJS: [outputs] playMorse.symbol {"timestamp":9178246.425663,"wallClock":1760208154725,"symbol":"-","durationMs":144,"index":17,"source":"console.replay","correlationId":"console-replay:mgmmhkkl0ieqzqei","nativeTimestampMs":9178231.991,"nativeDurationMs":144,"nativeOffsetMs":14.344038000330329,"nativeSequence":18,"monotonicTimestampMs":9178231.991}
10-11 14:42:34.726 21612 21675 I ReactNativeJS: [outputs] outputs.hapticSymbol {"timestamp":9178247.332642,"wallClock":1760208154726,"enabled":true,"symbol":"-","durationMs":144,"platform":"android","source":"console.replay","correlationId":"console-replay:mgmmhkkl0ieqzqei","timelineOffsetMs":14.344038000330329}
10-11 14:42:34.728 21612 21675 I ReactNativeJS: [outputs] outputs.flashPulse {"timestamp":9178248.408736,"wallClock":1760208154727,"enabled":true,"durationMs":144,"source":"console.replay","correlationId":"console-replay:mgmmhkkl0ieqzqei","timelineOffsetMs":14.344038000330329}
10-11 14:42:34.796 21612 21675 I ReactNativeJS: [outputs] outputs.flashPulse.commit {"timestamp":9178317.166184,"wallClock":1760208154796,"durationMs":144,"source":"console.replay","correlationId":"console-replay:mgmmhkkl0ieqzqei","latencyMs":70.82656299881637,"timelineOffsetMs":14.344038000330329}
10-11 14:42:34.855 21612 22281 D OutputsAudio: [outputs-audio] stop gain=1.000 release=6.00
10-11 14:42:34.904 21612 22281 D OutputsAudio: [outputs-audio] start hz=700.0 gain=1.000 attack=2.50 release=6.00
10-11 14:42:34.918 21612 21675 D OutputsAudio: [outputs-audio] symbol.info sequence=19 symbol=. timestamp=9178426.311 duration=48.000
10-11 14:42:34.920 21612 21675 I ReactNativeJS: [outputs] playMorse.symbol {"timestamp":9178439.544153,"wallClock":1760208154918,"symbol":".","durationMs":48,"index":18,"source":"console.replay","correlationId":"console-replay:mgmmhkpy41q5gaua","nativeTimestampMs":9178426.311,"nativeDurationMs":48,"nativeOffsetMs":13.128829998895526,"nativeSequence":19,"monotonicTimestampMs":9178426.311}
10-11 14:42:34.921 21612 21675 I ReactNativeJS: [outputs] outputs.hapticSymbol {"timestamp":9178441.570038,"wallClock":1760208154920,"enabled":true,"symbol":".","durationMs":48,"platform":"android","source":"console.replay","correlationId":"console-replay:mgmmhkpy41q5gaua","timelineOffsetMs":13.128829998895526}
10-11 14:42:34.923 21612 21675 I ReactNativeJS: [outputs] outputs.flashPulse {"timestamp":9178444.074674,"wallClock":1760208154922,"enabled":true,"durationMs":48,"source":"console.replay","correlationId":"console-replay:mgmmhkpy41q5gaua","timelineOffsetMs":13.128829998895526}
10-11 14:42:34.954 21612 22281 D OutputsAudio: [outputs-audio] stop gain=1.000 release=6.00
10-11 14:42:34.988 21612 21675 I ReactNativeJS: [outputs] outputs.flashPulse.commit {"timestamp":9178509.613892,"wallClock":1760208154988,"durationMs":48,"source":"console.replay","correlationId":"console-replay:mgmmhkpy41q5gaua","latencyMs":70.16953100077808,"timelineOffsetMs":13.128829998895526}
10-11 14:42:35.003 21612 22281 D OutputsAudio: [outputs-audio] start hz=700.0 gain=1.000 attack=2.50 release=6.00
10-11 14:42:35.037 21612 21675 D OutputsAudio: [outputs-audio] symbol.info sequence=20 symbol=. timestamp=9178524.410 duration=48.000
10-11 14:42:35.038 21612 21675 I ReactNativeJS: [outputs] playMorse.symbol {"timestamp":9178559.182121,"wallClock":1760208155038,"symbol":".","durationMs":48,"index":19,"source":"console.replay","correlationId":"console-replay:mgmmhkta5hitdwzy","nativeTimestampMs":9178524.41,"nativeDurationMs":48,"nativeOffsetMs":34.720870999619365,"nativeSequence":20,"monotonicTimestampMs":9178524.41}
10-11 14:42:35.038 21612 21675 I ReactNativeJS: [outputs] outputs.hapticSymbol {"timestamp":9178559.680038,"wallClock":1760208155038,"enabled":true,"symbol":".","durationMs":48,"platform":"android","source":"console.replay","correlationId":"console-replay:mgmmhkta5hitdwzy","timelineOffsetMs":34.720870999619365}
10-11 14:42:35.039 21612 21675 I ReactNativeJS: [outputs] outputs.flashPulse {"timestamp":9178560.272069,"wallClock":1760208155039,"enabled":true,"durationMs":48,"source":"console.replay","correlationId":"console-replay:mgmmhkta5hitdwzy","timelineOffsetMs":34.720870999619365}
10-11 14:42:35.052 21612 22281 D OutputsAudio: [outputs-audio] stop gain=1.000 release=6.00
10-11 14:42:35.098 21612 21675 I ReactNativeJS: [outputs] outputs.flashPulse.commit {"timestamp":9178619.285663,"wallClock":1760208155098,"durationMs":48,"source":"console.replay","correlationId":"console-replay:mgmmhkta5hitdwzy","latencyMs":60.15057300031185,"timelineOffsetMs":34.720870999619365}
10-11 14:42:35.101 21612 22281 D OutputsAudio: [outputs-audio] start hz=700.0 gain=1.000 attack=2.50 release=6.00
10-11 14:42:35.147 21612 21675 D OutputsAudio: [outputs-audio] symbol.info sequence=21 symbol=. timestamp=9178622.722 duration=48.000
10-11 14:42:35.148 21612 21675 I ReactNativeJS: [outputs] playMorse.symbol {"timestamp":9178668.784569,"wallClock":1760208155147,"symbol":".","durationMs":48,"index":20,"source":"console.replay","correlationId":"console-replay:mgmmhkwbvzdxw3fw","nativeTimestampMs":9178622.722,"nativeDurationMs":48,"nativeOffsetMs":46.01512100175023,"nativeSequence":21,"monotonicTimestampMs":9178622.722}
10-11 14:42:35.148 21612 21675 I ReactNativeJS: [outputs] outputs.hapticSymbol {"timestamp":9178669.267538,"wallClock":1760208155148,"enabled":true,"symbol":".","durationMs":48,"platform":"android","source":"console.replay","correlationId":"console-replay:mgmmhkwbvzdxw3fw","timelineOffsetMs":46.01512100175023}
10-11 14:42:35.148 21612 21675 I ReactNativeJS: [outputs] outputs.flashPulse {"timestamp":9178669.824778,"wallClock":1760208155148,"enabled":true,"durationMs":48,"source":"console.replay","correlationId":"console-replay:mgmmhkwbvzdxw3fw","timelineOffsetMs":46.01512100175023}
10-11 14:42:35.150 21612 22281 D OutputsAudio: [outputs-audio] stop gain=1.000 release=6.00
10-11 14:42:35.198 21612 22281 D OutputsAudio: [outputs-audio] start hz=700.0 gain=1.000 attack=2.50 release=6.00
10-11 14:42:35.204 21612 21675 D OutputsAudio: [outputs-audio] symbol.info sequence=22 symbol=- timestamp=9178719.946 duration=144.000
10-11 14:42:35.205 21612 21675 I ReactNativeJS: [outputs] playMorse.symbol {"timestamp":9178725.92733,"wallClock":1760208155204,"symbol":"-","durationMs":144,"index":21,"source":"console.replay","correlationId":"console-replay:mgmmhkxwjj0qpuo1","nativeTimestampMs":9178719.946,"nativeDurationMs":144,"nativeOffsetMs":5.937424000352621,"nativeSequence":22,"monotonicTimestampMs":9178719.946}
10-11 14:42:35.205 21612 21675 I ReactNativeJS: [outputs] outputs.hapticSymbol {"timestamp":9178726.403424,"wallClock":1760208155205,"enabled":true,"symbol":"-","durationMs":144,"platform":"android","source":"console.replay","correlationId":"console-replay:mgmmhkxwjj0qpuo1","timelineOffsetMs":5.937424000352621}
10-11 14:42:35.206 21612 21675 I ReactNativeJS: [outputs] outputs.flashPulse {"timestamp":9178726.957538,"wallClock":1760208155205,"enabled":true,"durationMs":144,"source":"console.replay","correlationId":"console-replay:mgmmhkxwjj0qpuo1","timelineOffsetMs":5.937424000352621}
10-11 14:42:35.262 21612 21675 I ReactNativeJS: [outputs] outputs.flashPulse.commit {"timestamp":9178783.169621,"wallClock":1760208155262,"durationMs":48,"source":"console.replay","correlationId":"console-replay:mgmmhkwbvzdxw3fw","latencyMs":114.42802099883556,"timelineOffsetMs":46.01512100175023}
10-11 14:42:35.315 21612 21675 I ReactNativeJS: [outputs] outputs.flashPulse.commit {"timestamp":9178836.081028,"wallClock":1760208155314,"durationMs":144,"source":"console.replay","correlationId":"console-replay:mgmmhkxwjj0qpuo1","latencyMs":110.19270799867809,"timelineOffsetMs":5.937424000352621}
10-11 14:42:35.343 21612 22281 D OutputsAudio: [outputs-audio] stop gain=1.000 release=6.00
10-11 14:42:35.392 21612 22281 D OutputsAudio: [outputs-audio] start hz=700.0 gain=1.000 attack=2.50 release=6.00
10-11 14:42:35.400 21612 21675 D OutputsAudio: [outputs-audio] symbol.info sequence=23 symbol=- timestamp=9178913.651 duration=144.000
10-11 14:42:35.401 21612 21675 I ReactNativeJS: [outputs] playMorse.symbol {"timestamp":9178922.02009,"wallClock":1760208155400,"symbol":"-","durationMs":144,"index":22,"source":"console.replay","correlationId":"console-replay:mgmmhl3cuuc25hft","nativeTimestampMs":9178913.651,"nativeDurationMs":144,"nativeOffsetMs":8.312527999281883,"nativeSequence":23,"monotonicTimestampMs":9178913.651}
10-11 14:42:35.401 21612 21675 I ReactNativeJS: [outputs] outputs.hapticSymbol {"timestamp":9178922.565455,"wallClock":1760208155401,"enabled":true,"symbol":"-","durationMs":144,"platform":"android","source":"console.replay","correlationId":"console-replay:mgmmhl3cuuc25hft","timelineOffsetMs":8.312527999281883}
10-11 14:42:35.405 21612 21675 I ReactNativeJS: [outputs] outputs.flashPulse {"timestamp":9178926.388736,"wallClock":1760208155405,"enabled":true,"durationMs":144,"source":"console.replay","correlationId":"console-replay:mgmmhl3cuuc25hft","timelineOffsetMs":8.312527999281883}
10-11 14:42:35.462 21612 21675 I ReactNativeJS: [outputs] outputs.flashPulse.commit {"timestamp":9178982.881236,"wallClock":1760208155461,"durationMs":144,"source":"console.replay","correlationId":"console-replay:mgmmhl3cuuc25hft","latencyMs":60.9131770003587,"timelineOffsetMs":8.312527999281883}
10-11 14:42:35.536 21612 22281 D OutputsAudio: [outputs-audio] stop gain=1.000 release=6.00
10-11 14:42:35.585 21612 22281 D OutputsAudio: [outputs-audio] start hz=700.0 gain=1.000 attack=2.50 release=6.00
10-11 14:42:35.594 21612 21675 D OutputsAudio: [outputs-audio] symbol.info sequence=24 symbol=- timestamp=9179106.726 duration=144.000
10-11 14:42:35.595 21612 21675 I ReactNativeJS: [outputs] playMorse.symbol {"timestamp":9179115.422121,"wallClock":1760208155594,"symbol":"-","durationMs":144,"index":23,"source":"console.replay","correlationId":"console-replay:mgmmhl8q0n24g9gk","nativeTimestampMs":9179106.726,"nativeDurationMs":144,"nativeOffsetMs":8.608256999403238,"nativeSequence":24,"monotonicTimestampMs":9179106.726}
10-11 14:42:35.595 21612 21675 I ReactNativeJS: [outputs] outputs.hapticSymbol {"timestamp":9179116.384882,"wallClock":1760208155595,"enabled":true,"symbol":"-","durationMs":144,"platform":"android","source":"console.replay","correlationId":"console-replay:mgmmhl8q0n24g9gk","timelineOffsetMs":8.608256999403238}
10-11 14:42:35.596 21612 21675 I ReactNativeJS: [outputs] outputs.flashPulse {"timestamp":9179117.450246,"wallClock":1760208155596,"enabled":true,"durationMs":144,"source":"console.replay","correlationId":"console-replay:mgmmhl8q0n24g9gk","timelineOffsetMs":8.608256999403238}
10-11 14:42:35.676 21612 21675 I ReactNativeJS: [outputs] outputs.flashPulse.commit {"timestamp":9179197.16035,"wallClock":1760208155676,"durationMs":144,"source":"console.replay","correlationId":"console-replay:mgmmhl8q0n24g9gk","latencyMs":81.81885400041938,"timelineOffsetMs":8.608256999403238}
10-11 14:42:35.730 21612 22281 D OutputsAudio: [outputs-audio] stop gain=1.000 release=6.00
10-11 14:42:35.779 21612 22281 D OutputsAudio: [outputs-audio] start hz=700.0 gain=1.000 attack=2.50 release=6.00
10-11 14:42:35.789 21612 21675 D OutputsAudio: [outputs-audio] symbol.info sequence=25 symbol=. timestamp=9179300.399 duration=48.000
10-11 14:42:35.790 21612 21675 I ReactNativeJS: [outputs] playMorse.symbol {"timestamp":9179310.893267,"wallClock":1760208155789,"symbol":".","durationMs":48,"index":24,"source":"console.replay","correlationId":"console-replay:mgmmhle51zr8ljdo","nativeTimestampMs":9179300.399,"nativeDurationMs":48,"nativeOffsetMs":10.405569000169635,"nativeSequence":25,"monotonicTimestampMs":9179300.399}
10-11 14:42:35.791 21612 21675 I ReactNativeJS: [outputs] outputs.hapticSymbol {"timestamp":9179311.738371,"wallClock":1760208155790,"enabled":true,"symbol":".","durationMs":48,"platform":"android","source":"console.replay","correlationId":"console-replay:mgmmhle51zr8ljdo","timelineOffsetMs":10.405569000169635}
10-11 14:42:35.792 21612 21675 I ReactNativeJS: [outputs] outputs.flashPulse {"timestamp":9179312.875402,"wallClock":1760208155791,"enabled":true,"durationMs":48,"source":"console.replay","correlationId":"console-replay:mgmmhle51zr8ljdo","timelineOffsetMs":10.405569000169635}
10-11 14:42:35.827 21612 22281 D OutputsAudio: [outputs-audio] stop gain=1.000 release=6.00
10-11 14:42:35.854 21612 21675 I ReactNativeJS: [outputs] outputs.flashPulse.commit {"timestamp":9179375.446913,"wallClock":1760208155854,"durationMs":48,"source":"console.replay","correlationId":"console-replay:mgmmhle51zr8ljdo","latencyMs":64.63812500052154,"timelineOffsetMs":10.405569000169635}
10-11 14:42:35.876 21612 22281 D OutputsAudio: [outputs-audio] start hz=700.0 gain=1.000 attack=2.50 release=6.00
10-11 14:42:35.899 21612 21675 D OutputsAudio: [outputs-audio] symbol.info sequence=26 symbol=. timestamp=9179397.636 duration=48.000
10-11 14:42:35.900 21612 21675 I ReactNativeJS: [outputs] playMorse.symbol {"timestamp":9179421.086705,"wallClock":1760208155899,"symbol":".","durationMs":48,"index":25,"source":"console.replay","correlationId":"console-replay:mgmmhlh7vvln4gnz","nativeTimestampMs":9179397.636,"nativeDurationMs":48,"nativeOffsetMs":23.40127700008452,"nativeSequence":26,"monotonicTimestampMs":9179397.636}
10-11 14:42:35.900 21612 21675 I ReactNativeJS: [outputs] outputs.hapticSymbol {"timestamp":9179421.591392,"wallClock":1760208155900,"enabled":true,"symbol":".","durationMs":48,"platform":"android","source":"console.replay","correlationId":"console-replay:mgmmhlh7vvln4gnz","timelineOffsetMs":23.40127700008452}
10-11 14:42:35.901 21612 21675 I ReactNativeJS: [outputs] outputs.flashPulse {"timestamp":9179422.188475,"wallClock":1760208155901,"enabled":true,"durationMs":48,"source":"console.replay","correlationId":"console-replay:mgmmhlh7vvln4gnz","timelineOffsetMs":23.40127700008452}
10-11 14:42:35.924 21612 22281 D OutputsAudio: [outputs-audio] stop gain=1.000 release=6.00
10-11 14:42:35.952 21612 21675 I ReactNativeJS: [outputs] outputs.flashPulse.commit {"timestamp":9179473.443475,"wallClock":1760208155952,"durationMs":48,"source":"console.replay","correlationId":"console-replay:mgmmhlh7vvln4gnz","latencyMs":52.401667000725865,"timelineOffsetMs":23.40127700008452}
10-11 14:42:35.974 21612 22281 D OutputsAudio: [outputs-audio] start hz=700.0 gain=1.000 attack=2.50 release=6.00
10-11 14:42:35.997 21612 21675 D OutputsAudio: [outputs-audio] symbol.info sequence=27 symbol=. timestamp=9179495.305 duration=48.000
10-11 14:42:35.997 21612 21675 I ReactNativeJS: [outputs] playMorse.symbol {"timestamp":9179518.495663,"wallClock":1760208155997,"symbol":".","durationMs":48,"index":26,"source":"console.replay","correlationId":"console-replay:mgmmhljx56qaqs0r","nativeTimestampMs":9179495.305,"nativeDurationMs":48,"nativeOffsetMs":23.143007000908256,"nativeSequence":27,"monotonicTimestampMs":9179495.305}
10-11 14:42:35.998 21612 21675 I ReactNativeJS: [outputs] outputs.hapticSymbol {"timestamp":9179518.991079,"wallClock":1760208155997,"enabled":true,"symbol":".","durationMs":48,"platform":"android","source":"console.replay","correlationId":"console-replay:mgmmhljx56qaqs0r","timelineOffsetMs":23.143007000908256}
10-11 14:42:35.998 21612 21675 I ReactNativeJS: [outputs] outputs.flashPulse {"timestamp":9179519.550663,"wallClock":1760208155998,"enabled":true,"durationMs":48,"source":"console.replay","correlationId":"console-replay:mgmmhljx56qaqs0r","timelineOffsetMs":23.143007000908256}
10-11 14:42:36.023 21612 22281 D OutputsAudio: [outputs-audio] stop gain=1.000 release=6.00
10-11 14:42:36.055 21612 21675 I ReactNativeJS: [outputs] outputs.flashPulse.commit {"timestamp":9179576.457798,"wallClock":1760208156055,"durationMs":48,"source":"console.replay","correlationId":"console-replay:mgmmhljx56qaqs0r","latencyMs":58.005260000005364,"timelineOffsetMs":23.143007000908256}
10-11 14:42:36.071 21612 22281 D OutputsAudio: [outputs-audio] stop gain=0.000 release=6.00
10-11 14:42:36.071 21612 22281 D OutputsAudio: [outputs-audio] playMorse.end cancelled=0
10-11 14:42:36.100 21612 21675 I ReactNativeJS: [outputs] playMorse.complete {"timestamp":9179621.2391,"wallClock":1760208156100,"durationMs":3979.312030000612,"source":"console.replay","audioEnabled":true,"audioVolumePercent":100}
10-11 14:42:39.081 21612 21675 I ReactNativeJS: [outputs] playMorse.start {"timestamp":9182601.900037,"wallClock":1760208159080,"unitMs":40,"length":28,"source":"console.replay","audioEnabled":true,"audioVolumePercent":100}
10-11 14:42:39.220 21612 21675 D OutputsAudio: [outputs-audio] warmup hz=700.0
10-11 14:42:39.220 21612 22318 D OutputsAudio: [outputs-audio] playMorse.start count=27 unit=40.0
10-11 14:42:39.220 21612 22318 D OutputsAudio: [outputs-audio] start hz=700.0 gain=1.000 attack=2.50 release=6.00
10-11 14:42:39.230 21612 21675 D OutputsAudio: [outputs-audio] symbol.info sequence=1 symbol=. timestamp=9182742.105 duration=40.000
10-11 14:42:39.231 21612 21675 I ReactNativeJS: [outputs] playMorse.symbol {"timestamp":9182751.572276,"wallClock":1760208159230,"symbol":".","durationMs":40,"index":0,"source":"console.replay","correlationId":"console-replay:mgmmho1qlanomycr","nativeTimestampMs":9182742.105,"nativeDurationMs":40,"nativeOffsetMs":9.391077999025583,"nativeSequence":1,"monotonicTimestampMs":9182742.105}
10-11 14:42:39.231 21612 21675 I ReactNativeJS: [outputs] outputs.hapticSymbol {"timestamp":9182752.511912,"wallClock":1760208159231,"enabled":true,"symbol":".","durationMs":40,"platform":"android","source":"console.replay","correlationId":"console-replay:mgmmho1qlanomycr","timelineOffsetMs":9.391077999025583}
10-11 14:42:39.233 21612 21675 I ReactNativeJS: [outputs] outputs.flashPulse {"timestamp":9182753.93988,"wallClock":1760208159232,"enabled":true,"durationMs":40,"source":"console.replay","correlationId":"console-replay:mgmmho1qlanomycr","timelineOffsetMs":9.391077999025583}
10-11 14:42:39.262 21612 22318 D OutputsAudio: [outputs-audio] stop gain=1.000 release=6.00
10-11 14:42:39.288 21612 21675 I ReactNativeJS: [outputs] outputs.flashPulse.commit {"timestamp":9182809.54988,"wallClock":1760208159288,"durationMs":40,"source":"console.replay","correlationId":"console-replay:mgmmho1qlanomycr","latencyMs":58.049427000805736,"timelineOffsetMs":9.391077999025583}
10-11 14:42:39.302 21612 22318 D OutputsAudio: [outputs-audio] start hz=700.0 gain=1.000 attack=2.50 release=6.00
10-11 14:42:39.338 21612 21675 D OutputsAudio: [outputs-audio] symbol.info sequence=2 symbol=. timestamp=9182823.678 duration=40.000
10-11 14:42:39.339 21612 21675 I ReactNativeJS: [outputs] playMorse.symbol {"timestamp":9182860.16212,"wallClock":1760208159339,"symbol":".","durationMs":40,"index":1,"source":"console.replay","correlationId":"console-replay:mgmmho4rusf2s7ub","nativeTimestampMs":9182823.678,"nativeDurationMs":40,"nativeOffsetMs":36.43526600115001,"nativeSequence":2,"monotonicTimestampMs":9182823.678}
10-11 14:42:39.339 21612 21675 I ReactNativeJS: [outputs] outputs.hapticSymbol {"timestamp":9182860.651391,"wallClock":1760208159339,"enabled":true,"symbol":".","durationMs":40,"platform":"android","source":"console.replay","correlationId":"console-replay:mgmmho4rusf2s7ub","timelineOffsetMs":36.43526600115001}
10-11 14:42:39.340 21612 21675 I ReactNativeJS: [outputs] outputs.flashPulse {"timestamp":9182861.224672,"wallClock":1760208159340,"enabled":true,"durationMs":40,"source":"console.replay","correlationId":"console-replay:mgmmho4rusf2s7ub","timelineOffsetMs":36.43526600115001}
10-11 14:42:39.347 21612 22318 D OutputsAudio: [outputs-audio] stop gain=1.000 release=6.00
10-11 14:42:39.389 21612 22318 D OutputsAudio: [outputs-audio] start hz=700.0 gain=1.000 attack=2.50 release=6.00
10-11 14:42:39.391 21612 21675 I ReactNativeJS: [outputs] outputs.flashPulse.commit {"timestamp":9182912.066547,"wallClock":1760208159390,"durationMs":40,"source":"console.replay","correlationId":"console-replay:mgmmho4rusf2s7ub","latencyMs":51.94906199909747,"timelineOffsetMs":36.43526600115001}
10-11 14:42:39.429 21612 22318 D OutputsAudio: [outputs-audio] stop gain=1.000 release=6.00
10-11 14:42:39.434 21612 21675 D OutputsAudio: [outputs-audio] symbol.info sequence=3 symbol=. timestamp=9182910.423 duration=40.000
10-11 14:42:39.434 21612 21675 I ReactNativeJS: [outputs] playMorse.symbol {"timestamp":9182955.497745,"wallClock":1760208159434,"symbol":".","durationMs":40,"index":2,"source":"console.replay","correlationId":"console-replay:mgmmho7e88j2d7j4","nativeTimestampMs":9182910.423,"nativeDurationMs":40,"nativeOffsetMs":45.029849000275135,"nativeSequence":3,"monotonicTimestampMs":9182910.423}
10-11 14:42:39.435 21612 21675 I ReactNativeJS: [outputs] outputs.hapticSymbol {"timestamp":9182955.959203,"wallClock":1760208159434,"enabled":true,"symbol":".","durationMs":40,"platform":"android","source":"console.replay","correlationId":"console-replay:mgmmho7e88j2d7j4","timelineOffsetMs":45.029849000275135}
10-11 14:42:39.435 21612 21675 I ReactNativeJS: [outputs] outputs.flashPulse {"timestamp":9182956.611547,"wallClock":1760208159435,"enabled":true,"durationMs":40,"source":"console.replay","correlationId":"console-replay:mgmmho7e88j2d7j4","timelineOffsetMs":45.029849000275135}
10-11 14:42:39.470 21612 22318 D OutputsAudio: [outputs-audio] start hz=700.0 gain=1.000 attack=2.50 release=6.00
10-11 14:42:39.488 21612 21675 I ReactNativeJS: [outputs] outputs.flashPulse.commit {"timestamp":9183009.124984,"wallClock":1760208159487,"durationMs":40,"source":"console.replay","correlationId":"console-replay:mgmmho7e88j2d7j4","latencyMs":53.667759999632835,"timelineOffsetMs":45.029849000275135}
10-11 14:42:39.541 21612 21675 D OutputsAudio: [outputs-audio] symbol.info sequence=4 symbol=- timestamp=9182991.582 duration=120.000
10-11 14:42:39.542 21612 21675 I ReactNativeJS: [outputs] playMorse.symbol {"timestamp":9183062.857068,"wallClock":1760208159541,"symbol":"-","durationMs":120,"index":3,"source":"console.replay","correlationId":"console-replay:mgmmhoad78f4g0x7","nativeTimestampMs":9182991.582,"nativeDurationMs":120,"nativeOffsetMs":71.21996399946511,"nativeSequence":4,"monotonicTimestampMs":9182991.582}
10-11 14:42:39.542 21612 21675 I ReactNativeJS: [outputs] outputs.hapticSymbol {"timestamp":9183063.393057,"wallClock":1760208159542,"enabled":true,"symbol":"-","durationMs":120,"platform":"android","source":"console.replay","correlationId":"console-replay:mgmmhoad78f4g0x7","timelineOffsetMs":71.21996399946511}
10-11 14:42:39.543 21612 21675 I ReactNativeJS: [outputs] outputs.flashPulse {"timestamp":9183064.047484,"wallClock":1760208159542,"enabled":true,"durationMs":120,"source":"console.replay","correlationId":"console-replay:mgmmhoad78f4g0x7","timelineOffsetMs":71.21996399946511}
10-11 14:42:39.590 21612 22318 D OutputsAudio: [outputs-audio] stop gain=1.000 release=6.00
10-11 14:42:39.594 21612 21675 I ReactNativeJS: [outputs] outputs.flashPulse.commit {"timestamp":9183115.182693,"wallClock":1760208159594,"durationMs":120,"source":"console.replay","correlationId":"console-replay:mgmmhoad78f4g0x7","latencyMs":52.376197000965476,"timelineOffsetMs":71.21996399946511}
10-11 14:42:39.631 21612 22318 D OutputsAudio: [outputs-audio] start hz=700.0 gain=1.000 attack=2.50 release=6.00
10-11 14:42:39.637 21612 21675 D OutputsAudio: [outputs-audio] symbol.info sequence=5 symbol=- timestamp=9183152.606 duration=120.000
10-11 14:42:39.638 21612 21675 I ReactNativeJS: [outputs] playMorse.symbol {"timestamp":9183158.997953,"wallClock":1760208159637,"symbol":"-","durationMs":120,"index":4,"source":"console.replay","correlationId":"console-replay:mgmmhod1fipy53f2","nativeTimestampMs":9183152.606,"nativeDurationMs":120,"nativeOffsetMs":6.3408070001751184,"nativeSequence":5,"monotonicTimestampMs":9183152.606}
10-11 14:42:39.638 21612 21675 I ReactNativeJS: [outputs] outputs.hapticSymbol {"timestamp":9183159.475505,"wallClock":1760208159638,"enabled":true,"symbol":"-","durationMs":120,"platform":"android","source":"console.replay","correlationId":"console-replay:mgmmhod1fipy53f2","timelineOffsetMs":6.3408070001751184}
10-11 14:42:39.639 21612 21675 I ReactNativeJS: [outputs] outputs.flashPulse {"timestamp":9183160.134516,"wallClock":1760208159639,"enabled":true,"durationMs":120,"source":"console.replay","correlationId":"console-replay:mgmmhod1fipy53f2","timelineOffsetMs":6.3408070001751184}
10-11 14:42:39.691 21612 21675 I ReactNativeJS: [outputs] outputs.flashPulse.commit {"timestamp":9183212.634151,"wallClock":1760208159691,"durationMs":120,"source":"console.replay","correlationId":"console-replay:mgmmhod1fipy53f2","latencyMs":53.68307299911976,"timelineOffsetMs":6.3408070001751184}
10-11 14:42:39.752 21612 22318 D OutputsAudio: [outputs-audio] stop gain=1.000 release=6.00
10-11 14:42:39.792 21612 22318 D OutputsAudio: [outputs-audio] start hz=700.0 gain=1.000 attack=2.50 release=6.00
10-11 14:42:39.803 21612 21675 D OutputsAudio: [outputs-audio] symbol.info sequence=6 symbol=- timestamp=9183314.493 duration=120.000
10-11 14:42:39.804 21612 21675 I ReactNativeJS: [outputs] playMorse.symbol {"timestamp":9183325.240818,"wallClock":1760208159804,"symbol":"-","durationMs":120,"index":5,"source":"console.replay","correlationId":"console-replay:mgmmhoho26fb45ch","nativeTimestampMs":9183314.493,"nativeDurationMs":120,"nativeOffsetMs":10.647765999659896,"nativeSequence":6,"monotonicTimestampMs":9183314.493}
10-11 14:42:39.805 21612 21675 I ReactNativeJS: [outputs] outputs.hapticSymbol {"timestamp":9183326.168838,"wallClock":1760208159805,"enabled":true,"symbol":"-","durationMs":120,"platform":"android","source":"console.replay","correlationId":"console-replay:mgmmhoho26fb45ch","timelineOffsetMs":10.647765999659896}
10-11 14:42:39.806 21612 21675 I ReactNativeJS: [outputs] outputs.flashPulse {"timestamp":9183327.452068,"wallClock":1760208159806,"enabled":true,"durationMs":120,"source":"console.replay","correlationId":"console-replay:mgmmhoho26fb45ch","timelineOffsetMs":10.647765999659896}
10-11 14:42:39.884 21612 21675 I ReactNativeJS: [outputs] outputs.flashPulse.commit {"timestamp":9183405.26889,"wallClock":1760208159884,"durationMs":120,"source":"console.replay","correlationId":"console-replay:mgmmhoho26fb45ch","latencyMs":80.123748999089,"timelineOffsetMs":10.647765999659896}
10-11 14:42:39.914 21612 22318 D OutputsAudio: [outputs-audio] stop gain=1.000 release=6.00
10-11 14:42:39.955 21612 22318 D OutputsAudio: [outputs-audio] start hz=700.0 gain=1.000 attack=2.50 release=6.00
10-11 14:42:39.971 21612 21675 D OutputsAudio: [outputs-audio] symbol.info sequence=7 symbol=. timestamp=9183476.499 duration=40.000
10-11 14:42:39.972 21612 21675 I ReactNativeJS: [outputs] playMorse.symbol {"timestamp":9183493.001911,"wallClock":1760208159971,"symbol":".","durationMs":40,"index":6,"source":"console.replay","correlationId":"console-replay:mgmmhomby8ng0tzp","nativeTimestampMs":9183476.499,"nativeDurationMs":40,"nativeOffsetMs":16.395202999934554,"nativeSequence":7,"monotonicTimestampMs":9183476.499}
10-11 14:42:39.973 21612 21675 I ReactNativeJS: [outputs] outputs.hapticSymbol {"timestamp":9183494.107745,"wallClock":1760208159972,"enabled":true,"symbol":".","durationMs":40,"platform":"android","source":"console.replay","correlationId":"console-replay:mgmmhomby8ng0tzp","timelineOffsetMs":16.395202999934554}
10-11 14:42:39.974 21612 21675 I ReactNativeJS: [outputs] outputs.flashPulse {"timestamp":9183495.378526,"wallClock":1760208159974,"enabled":true,"durationMs":40,"source":"console.replay","correlationId":"console-replay:mgmmhomby8ng0tzp","timelineOffsetMs":16.395202999934554}
10-11 14:42:39.995 21612 22318 D OutputsAudio: [outputs-audio] stop gain=1.000 release=6.00
10-11 14:42:40.034 21612 21675 I ReactNativeJS: [outputs] outputs.flashPulse.commit {"timestamp":9183555.245297,"wallClock":1760208160034,"durationMs":40,"source":"console.replay","correlationId":"console-replay:mgmmhomby8ng0tzp","latencyMs":62.34619800001383,"timelineOffsetMs":16.395202999934554}
10-11 14:42:40.036 21612 22318 D OutputsAudio: [outputs-audio] start hz=700.0 gain=1.000 attack=2.50 release=6.00
10-11 14:42:40.076 21612 22318 D OutputsAudio: [outputs-audio] stop gain=1.000 release=6.00
10-11 14:42:40.078 21612 21675 D OutputsAudio: [outputs-audio] symbol.info sequence=8 symbol=. timestamp=9183557.533 duration=40.000
10-11 14:42:40.078 21612 21675 I ReactNativeJS: [outputs] playMorse.symbol {"timestamp":9183599.302224,"wallClock":1760208160078,"symbol":".","durationMs":40,"index":7,"source":"console.replay","correlationId":"console-replay:mgmmhopad5u78m9t","nativeTimestampMs":9183557.533,"nativeDurationMs":40,"nativeOffsetMs":41.719015000388026,"nativeSequence":8,"monotonicTimestampMs":9183557.533}
10-11 14:42:40.079 21612 21675 I ReactNativeJS: [outputs] outputs.hapticSymbol {"timestamp":9183599.80238,"wallClock":1760208160078,"enabled":true,"symbol":".","durationMs":40,"platform":"android","source":"console.replay","correlationId":"console-replay:mgmmhopad5u78m9t","timelineOffsetMs":41.719015000388026}
10-11 14:42:40.079 21612 21675 I ReactNativeJS: [outputs] outputs.flashPulse {"timestamp":9183600.512901,"wallClock":1760208160079,"enabled":true,"durationMs":40,"source":"console.replay","correlationId":"console-replay:mgmmhopad5u78m9t","timelineOffsetMs":41.719015000388026}
10-11 14:42:40.117 21612 22318 D OutputsAudio: [outputs-audio] start hz=700.0 gain=1.000 attack=2.50 release=6.00
10-11 14:42:40.136 21612 21675 I ReactNativeJS: [outputs] outputs.flashPulse.commit {"timestamp":9183657.131495,"wallClock":1760208160136,"durationMs":40,"source":"console.replay","correlationId":"console-replay:mgmmhopad5u78m9t","latencyMs":57.87494800053537,"timelineOffsetMs":41.719015000388026}
10-11 14:42:40.158 21612 22318 D OutputsAudio: [outputs-audio] stop gain=1.000 release=6.00
10-11 14:42:40.179 21612 21675 D OutputsAudio: [outputs-audio] symbol.info sequence=9 symbol=. timestamp=9183638.525 duration=40.000
10-11 14:42:40.180 21612 21675 I ReactNativeJS: [outputs] playMorse.symbol {"timestamp":9183700.939151,"wallClock":1760208160179,"symbol":".","durationMs":40,"index":8,"source":"console.replay","correlationId":"console-replay:mgmmhos3vidjc74v","nativeTimestampMs":9183638.525,"nativeDurationMs":40,"nativeOffsetMs":62.36441100016236,"nativeSequence":9,"monotonicTimestampMs":9183638.525}
10-11 14:42:40.180 21612 21675 I ReactNativeJS: [outputs] outputs.hapticSymbol {"timestamp":9183701.43264,"wallClock":1760208160180,"enabled":true,"symbol":".","durationMs":40,"platform":"android","source":"console.replay","correlationId":"console-replay:mgmmhos3vidjc74v","timelineOffsetMs":62.36441100016236}
10-11 14:42:40.181 21612 21675 I ReactNativeJS: [outputs] outputs.flashPulse {"timestamp":9183702.037015,"wallClock":1760208160180,"enabled":true,"durationMs":40,"source":"console.replay","correlationId":"console-replay:mgmmhos3vidjc74v","timelineOffsetMs":62.36441100016236}
10-11 14:42:40.198 21612 22318 D OutputsAudio: [outputs-audio] start hz=700.0 gain=1.000 attack=2.50 release=6.00
10-11 14:42:40.243 21612 21675 I ReactNativeJS: [outputs] outputs.flashPulse.commit {"timestamp":9183764.215349,"wallClock":1760208160243,"durationMs":40,"source":"console.replay","correlationId":"console-replay:mgmmhos3vidjc74v","latencyMs":63.32197899930179,"timelineOffsetMs":62.36441100016236}
10-11 14:42:40.295 21612 21675 D OutputsAudio: [outputs-audio] symbol.info sequence=10 symbol=- timestamp=9183719.898 duration=120.000
10-11 14:42:40.295 21612 21675 I ReactNativeJS: [outputs] playMorse.symbol {"timestamp":9183816.473838,"wallClock":1760208160295,"symbol":"-","durationMs":120,"index":9,"source":"console.replay","correlationId":"console-replay:mgmmhovbve2nh290","nativeTimestampMs":9183719.898,"nativeDurationMs":120,"nativeOffsetMs":96.52750499919057,"nativeSequence":10,"monotonicTimestampMs":9183719.898}
10-11 14:42:40.296 21612 21675 I ReactNativeJS: [outputs] playMorse.nativeOffset.spike {"timestamp":9183816.933265,"wallClock":1760208160295,"source":"console.replay","offsetMs":96.52750499919057,"sequence":10,"unitMs":40,"correlationId":"console-replay:mgmmhovbve2nh290"}
10-11 14:42:40.296 21612 21675 I ReactNativeJS: [outputs] outputs.hapticSymbol {"timestamp":9183817.243682,"wallClock":1760208160296,"enabled":true,"symbol":"-","durationMs":120,"platform":"android","source":"console.replay","correlationId":"console-replay:mgmmhovbve2nh290","timelineOffsetMs":96.52750499919057}
10-11 14:42:40.296 21612 21675 I ReactNativeJS: [outputs] outputs.flashPulse {"timestamp":9183817.806234,"wallClock":1760208160296,"enabled":true,"durationMs":120,"source":"console.replay","correlationId":"console-replay:mgmmhovbve2nh290","timelineOffsetMs":96.52750499919057}
10-11 14:42:40.319 21612 22318 D OutputsAudio: [outputs-audio] stop gain=1.000 release=6.00
10-11 14:42:40.360 21612 22318 D OutputsAudio: [outputs-audio] start hz=700.0 gain=1.000 attack=2.50 release=6.00
10-11 14:42:40.429 21612 21675 I ReactNativeJS: [outputs] outputs.flashPulse.commit {"timestamp":9183950.12988,"wallClock":1760208160429,"durationMs":120,"source":"console.replay","correlationId":"console-replay:mgmmhovbve2nh290","latencyMs":133.69697900116444,"timelineOffsetMs":96.52750499919057}
10-11 14:42:40.480 21612 22318 D OutputsAudio: [outputs-audio] stop gain=1.000 release=6.00
10-11 14:42:40.482 21612 21675 D OutputsAudio: [outputs-audio] symbol.info sequence=11 symbol=- timestamp=9183881.543 duration=120.000
10-11 14:42:40.482 21612 21675 I ReactNativeJS: [outputs] playMorse.symbol {"timestamp":9184003.393682,"wallClock":1760208160482,"symbol":"-","durationMs":120,"index":10,"source":"console.replay","correlationId":"console-replay:mgmmhp0inlgoh3am","nativeTimestampMs":9183881.543,"nativeDurationMs":120,"nativeOffsetMs":121.80026500113308,"nativeSequence":11,"monotonicTimestampMs":9183881.543}
10-11 14:42:40.483 21612 21675 I ReactNativeJS: [outputs] playMorse.nativeOffset.spike {"timestamp":9184003.878734,"wallClock":1760208160482,"source":"console.replay","offsetMs":121.80026500113308,"sequence":11,"unitMs":40,"correlationId":"console-replay:mgmmhp0inlgoh3am"}
10-11 14:42:40.483 21612 21675 I ReactNativeJS: [outputs] outputs.hapticSymbol {"timestamp":9184004.255817,"wallClock":1760208160483,"enabled":true,"symbol":"-","durationMs":120,"platform":"android","source":"console.replay","correlationId":"console-replay:mgmmhp0inlgoh3am","timelineOffsetMs":121.80026500113308}
10-11 14:42:40.483 21612 21675 I ReactNativeJS: [outputs] outputs.flashPulse {"timestamp":9184004.839932,"wallClock":1760208160483,"enabled":true,"durationMs":120,"source":"console.replay","correlationId":"console-replay:mgmmhp0inlgoh3am","timelineOffsetMs":121.80026500113308}
10-11 14:42:40.520 21612 22318 D OutputsAudio: [outputs-audio] start hz=700.0 gain=1.000 attack=2.50 release=6.00
10-11 14:42:40.540 21612 21675 I ReactNativeJS: [outputs] outputs.flashPulse.commit {"timestamp":9184061.314255,"wallClock":1760208160540,"durationMs":120,"source":"console.replay","correlationId":"console-replay:mgmmhp0inlgoh3am","latencyMs":57.96656299941242,"timelineOffsetMs":121.80026500113308}
10-11 14:42:40.585 21612 21675 D OutputsAudio: [outputs-audio] symbol.info sequence=12 symbol=- timestamp=9184042.102 duration=120.000
10-11 14:42:40.585 21612 21675 I ReactNativeJS: [outputs] playMorse.symbol {"timestamp":9184106.593109,"wallClock":1760208160585,"symbol":"-","durationMs":120,"index":11,"source":"console.replay","correlationId":"console-replay:mgmmhp3d5z9xsltf","nativeTimestampMs":9184042.102,"nativeDurationMs":120,"nativeOffsetMs":64.44376499950886,"nativeSequence":12,"monotonicTimestampMs":9184042.102}
10-11 14:42:40.586 21612 21675 I ReactNativeJS: [outputs] outputs.hapticSymbol {"timestamp":9184107.075817,"wallClock":1760208160585,"enabled":true,"symbol":"-","durationMs":120,"platform":"android","source":"console.replay","correlationId":"console-replay:mgmmhp3d5z9xsltf","timelineOffsetMs":64.44376499950886}
10-11 14:42:40.586 21612 21675 I ReactNativeJS: [outputs] outputs.flashPulse {"timestamp":9184107.716182,"wallClock":1760208160586,"enabled":true,"durationMs":120,"source":"console.replay","correlationId":"console-replay:mgmmhp3d5z9xsltf","timelineOffsetMs":64.44376499950886}
10-11 14:42:40.641 21612 22318 D OutputsAudio: [outputs-audio] stop gain=1.000 release=6.00
10-11 14:42:40.647 21612 21675 I ReactNativeJS: [outputs] outputs.flashPulse.commit {"timestamp":9184168.075401,"wallClock":1760208160646,"durationMs":120,"source":"console.replay","correlationId":"console-replay:mgmmhp3d5z9xsltf","latencyMs":61.52557300031185,"timelineOffsetMs":64.44376499950886}
10-11 14:42:40.682 21612 22318 D OutputsAudio: [outputs-audio] start hz=700.0 gain=1.000 attack=2.50 release=6.00
10-11 14:42:40.697 21612 21675 D OutputsAudio: [outputs-audio] symbol.info sequence=13 symbol=. timestamp=9184203.820 duration=40.000
10-11 14:42:40.697 21612 21675 I ReactNativeJS: [outputs] playMorse.symbol {"timestamp":9184218.591963,"wallClock":1760208160697,"symbol":".","durationMs":40,"index":12,"source":"console.replay","correlationId":"console-replay:mgmmhp6hkrwoloef","nativeTimestampMs":9184203.82,"nativeDurationMs":40,"nativeOffsetMs":14.723942000418901,"nativeSequence":13,"monotonicTimestampMs":9184203.82}
10-11 14:42:40.698 21612 21675 I ReactNativeJS: [outputs] outputs.hapticSymbol {"timestamp":9184219.064515,"wallClock":1760208160697,"enabled":true,"symbol":".","durationMs":40,"platform":"android","source":"console.replay","correlationId":"console-replay:mgmmhp6hkrwoloef","timelineOffsetMs":14.723942000418901}
10-11 14:42:40.698 21612 21675 I ReactNativeJS: [outputs] outputs.flashPulse {"timestamp":9184219.66738,"wallClock":1760208160698,"enabled":true,"durationMs":40,"source":"console.replay","correlationId":"console-replay:mgmmhp6hkrwoloef","timelineOffsetMs":14.723942000418901}
