--------- beginning of main
10-11 16:22:10.534 12664 12741 E ReactNativeJS: { [Error: TransformError SyntaxError: C:\dev\Morse\services\outputs\defaultOutputsService.ts: Unexpected keyword 'import'. (744:0)
10-11 16:22:10.534 12664 12741 E ReactNativeJS: 
10-11 16:22:10.534 12664 12741 E ReactNativeJS: [0m [90m 742 |[39m     dispatchStart()[33m;[39m
10-11 16:22:10.534 12664 12741 E ReactNativeJS:  [90m 743 |[39m   }[33m,[39m
10-11 16:22:10.534 12664 12741 E ReactNativeJS: [31m[1m>[22m[39m[90m 744 |[39m [36mimport[39m { [33mAnimated[39m[33m,[39m [33mPlatform[39m[33m,[39m [33mVibration[39m } [36mfrom[39m [32m'react-native'[39m[33m;[39m
10-11 16:22:10.534 12664 12741 E ReactNativeJS:  [90m     |[39m [31m[1m^[22m[39m
10-11 16:22:10.534 12664 12741 E ReactNativeJS:  [90m 745 |[39m [36mimport[39m [33m*[39m [36mas[39m [33mHaptics[39m [36mfrom[39m [32m'expo-haptics'[39m[33m;[39m
10-11 16:22:10.534 12664 12741 E ReactNativeJS:  [90m 746 |[39m
10-11 16:22:10.534 12664 12741 E ReactNativeJS:  [90m 747 |[39m [36mimport[39m { playMorseCode[33m,[39m stopPlayback[33m,[39m createToneController } [36mfrom[39m [32m'@/utils/audio'[39m[33m;[39m[0m] preventSymbolication: true }
10-11 16:22:18.996 12664 12741 I ReactNativeJS: [outputs] playMorse.start {"timestamp":15162516.669005,"wallClock":1760214138995,"unitMs":120,"length":28,"source":"console.replay","audioEnabled":true,"audioVolumePercent":100}
10-11 16:22:19.433 12664 12741 D OutputsAudio: [outputs-audio] stream.open sampleRate=48000.0 burst=96 api=2
10-11 16:22:19.469 12664 12741 D OutputsAudio: [outputs-audio] warmup hz=700.0
10-11 16:22:19.469 12664 16407 D OutputsAudio: [outputs-audio] playMorse.start count=27 unit=120.0
10-11 16:22:19.469 12664 16407 D OutputsAudio: [outputs-audio] start hz=700.0 gain=1.000 attack=2.50 release=6.00
10-11 16:22:19.469 12664 12741 D OutputsAudio: [outputs-audio] symbol.info sequence=1 symbol=. timestamp=15162990.497 duration=120.000
10-11 16:22:19.470 12664 12741 I ReactNativeJS: [outputs] playMorse.symbol {"timestamp":15162990.685464,"wallClock":1760214139469,"symbol":".","durationMs":120,"index":0,"source":"console.replay","correlationId":"console-replay:mgmq1ufhfusrzbac","nativeTimestampMs":15162990.497,"nativeDurationMs":120,"nativeOffsetMs":0.07664100080728531,"nativeSequence":1,"monotonicTimestampMs":15162990.497}
10-11 16:22:19.472 12664 12741 I ReactNativeJS: [outputs] outputs.hapticSymbol {"timestamp":15162992.000464,"wallClock":1760214139471,"enabled":true,"symbol":".","durationMs":120,"platform":"android","source":"console.replay","correlationId":"console-replay:mgmq1ufhfusrzbac","timelineOffsetMs":0.07664100080728531}
10-11 16:22:19.473 12664 12741 I ReactNativeJS: [outputs] outputs.flashPulse {"timestamp":15162994.666349,"wallClock":1760214139473,"enabled":true,"durationMs":120,"source":"console.replay","correlationId":"console-replay:mgmq1ufhfusrzbac","timelineOffsetMs":0.07664100080728531,"audioStartMs":null}
10-11 16:22:19.491 12664 12741 I ReactNativeJS: [outputs] outputs.flashPulse.commit {"timestamp":15163012.083589,"wallClock":1760214139490,"durationMs":120,"source":"console.replay","correlationId":"console-replay:mgmq1ufhfusrzbac","latencyMs":21.499218000099063,"timelineOffsetMs":0.07664100080728531,"leadMs":8,"audioStartMs":null,"scheduleSkewMs":29.499218000099063}
10-11 16:22:19.590 12664 16407 D OutputsAudio: [outputs-audio] stop gain=1.000 release=6.00
10-11 16:22:19.711 12664 16407 D OutputsAudio: [outputs-audio] start hz=700.0 gain=1.000 attack=2.50 release=6.00
10-11 16:22:19.726 12664 12741 D OutputsAudio: [outputs-audio] symbol.info sequence=2 symbol=. timestamp=15163232.601 duration=120.000
10-11 16:22:19.727 12664 12741 I ReactNativeJS: [outputs] playMorse.symbol {"timestamp":15163247.825464,"wallClock":1760214139726,"symbol":".","durationMs":120,"index":1,"source":"console.replay","correlationId":"console-replay:mgmq1ummcbry46w2","nativeTimestampMs":15163232.601,"nativeDurationMs":120,"nativeOffsetMs":15.123317999765277,"nativeSequence":2,"monotonicTimestampMs":15163232.601}
10-11 16:22:19.728 12664 12741 I ReactNativeJS: [outputs] outputs.hapticSymbol {"timestamp":15163248.955932,"wallClock":1760214139727,"enabled":true,"symbol":".","durationMs":120,"platform":"android","source":"console.replay","correlationId":"console-replay:mgmq1ummcbry46w2","timelineOffsetMs":15.123317999765277}
10-11 16:22:19.729 12664 12741 I ReactNativeJS: [outputs] outputs.flashPulse {"timestamp":15163250.298328,"wallClock":1760214139729,"enabled":true,"durationMs":120,"source":"console.replay","correlationId":"console-replay:mgmq1ummcbry46w2","timelineOffsetMs":15.123317999765277,"audioStartMs":null}
10-11 16:22:19.802 12664 12741 I ReactNativeJS: [outputs] outputs.flashPulse.commit {"timestamp":15163323.50562,"wallClock":1760214139802,"durationMs":120,"source":"console.replay","correlationId":"console-replay:mgmq1ummcbry46w2","latencyMs":75.77479100041091,"timelineOffsetMs":15.123317999765277,"leadMs":8,"audioStartMs":null,"scheduleSkewMs":83.77479100041091}
10-11 16:22:19.832 12664 16407 D OutputsAudio: [outputs-audio] stop gain=1.000 release=6.00
10-11 16:22:19.953 12664 16407 D OutputsAudio: [outputs-audio] start hz=700.0 gain=1.000 attack=2.50 release=6.00
10-11 16:22:19.976 12664 12741 D OutputsAudio: [outputs-audio] symbol.info sequence=3 symbol=. timestamp=15163475.225 duration=120.000
10-11 16:22:19.978 12664 12741 I ReactNativeJS: [outputs] playMorse.symbol {"timestamp":15163497.902911,"wallClock":1760214139976,"symbol":".","durationMs":120,"index":2,"source":"console.replay","correlationId":"console-replay:mgmq1utkp0psdrkg","nativeTimestampMs":15163475.225,"nativeDurationMs":120,"nativeOffsetMs":22.561401000246406,"nativeSequence":3,"monotonicTimestampMs":15163475.225}
10-11 16:22:19.979 12664 12741 I ReactNativeJS: [outputs] outputs.hapticSymbol {"timestamp":15163499.532859,"wallClock":1760214139978,"enabled":true,"symbol":".","durationMs":120,"platform":"android","source":"console.replay","correlationId":"console-replay:mgmq1utkp0psdrkg","timelineOffsetMs":22.561401000246406}
10-11 16:22:19.983 12664 12741 I ReactNativeJS: [outputs] outputs.flashPulse {"timestamp":15163503.300151,"wallClock":1760214139982,"enabled":true,"durationMs":120,"source":"console.replay","correlationId":"console-replay:mgmq1utkp0psdrkg","timelineOffsetMs":22.561401000246406,"audioStartMs":null}
10-11 16:22:20.048 12664 12741 I ReactNativeJS: [outputs] outputs.flashPulse.commit {"timestamp":15163568.735411,"wallClock":1760214140047,"durationMs":120,"source":"console.replay","correlationId":"console-replay:mgmq1utkp0psdrkg","latencyMs":70.94239600002766,"timelineOffsetMs":22.561401000246406,"leadMs":8,"audioStartMs":null,"scheduleSkewMs":78.94239600002766}
10-11 16:22:20.074 12664 16407 D OutputsAudio: [outputs-audio] stop gain=1.000 release=6.00
10-11 16:22:20.195 12664 16407 D OutputsAudio: [outputs-audio] start hz=700.0 gain=1.000 attack=2.50 release=6.00
10-11 16:22:20.224 12664 12741 D OutputsAudio: [outputs-audio] symbol.info sequence=4 symbol=- timestamp=15163716.592 duration=360.000
10-11 16:22:20.226 12664 12741 I ReactNativeJS: [outputs] playMorse.symbol {"timestamp":15163745.576505,"wallClock":1760214140224,"symbol":"-","durationMs":360,"index":3,"source":"console.replay","correlationId":"console-replay:mgmq1v0gtrabtg8u","nativeTimestampMs":15163716.592,"nativeDurationMs":360,"nativeOffsetMs":28.880441999062896,"nativeSequence":4,"monotonicTimestampMs":15163716.592}
10-11 16:22:20.227 12664 12741 I ReactNativeJS: [outputs] outputs.hapticSymbol {"timestamp":15163747.981765,"wallClock":1760214140226,"enabled":true,"symbol":"-","durationMs":360,"platform":"android","source":"console.replay","correlationId":"console-replay:mgmq1v0gtrabtg8u","timelineOffsetMs":28.880441999062896}
10-11 16:22:20.231 12664 12741 I ReactNativeJS: [outputs] outputs.flashPulse {"timestamp":15163751.675672,"wallClock":1760214140230,"enabled":true,"durationMs":360,"source":"console.replay","correlationId":"console-replay:mgmq1v0gtrabtg8u","timelineOffsetMs":28.880441999062896,"audioStartMs":null}
10-11 16:22:20.296 12664 12741 I ReactNativeJS: [outputs] outputs.flashPulse.commit {"timestamp":15163817.472547,"wallClock":1760214140296,"durationMs":360,"source":"console.replay","correlationId":"console-replay:mgmq1v0gtrabtg8u","latencyMs":71.99421900138259,"timelineOffsetMs":28.880441999062896,"leadMs":8,"audioStartMs":null,"scheduleSkewMs":79.99421900138259}
10-11 16:22:20.555 12664 16407 D OutputsAudio: [outputs-audio] stop gain=1.000 release=6.00
10-11 16:22:20.676 12664 16407 D OutputsAudio: [outputs-audio] start hz=700.0 gain=1.000 attack=2.50 release=6.00
10-11 16:22:20.682 12664 12741 D OutputsAudio: [outputs-audio] symbol.info sequence=5 symbol=- timestamp=15164198.397 duration=360.000
10-11 16:22:20.683 12664 12741 I ReactNativeJS: [outputs] playMorse.symbol {"timestamp":15164203.863432,"wallClock":1760214140682,"symbol":"-","durationMs":360,"index":4,"source":"console.replay","correlationId":"console-replay:mgmq1vd6wg8f734e","nativeTimestampMs":15164198.397,"nativeDurationMs":360,"nativeOffsetMs":5.394556999206543,"nativeSequence":5,"monotonicTimestampMs":15164198.397}
10-11 16:22:20.683 12664 12741 I ReactNativeJS: [outputs] outputs.hapticSymbol {"timestamp":15164204.618692,"wallClock":1760214140683,"enabled":true,"symbol":"-","durationMs":360,"platform":"android","source":"console.replay","correlationId":"console-replay:mgmq1vd6wg8f734e","timelineOffsetMs":5.394556999206543}
10-11 16:22:20.684 12664 12741 I ReactNativeJS: [outputs] outputs.flashPulse {"timestamp":15164205.550046,"wallClock":1760214140684,"enabled":true,"durationMs":360,"source":"console.replay","correlationId":"console-replay:mgmq1vd6wg8f734e","timelineOffsetMs":5.394556999206543,"audioStartMs":null}
10-11 16:22:20.753 12664 12741 I ReactNativeJS: [outputs] outputs.flashPulse.commit {"timestamp":15164273.994474,"wallClock":1760214140752,"durationMs":360,"source":"console.replay","correlationId":"console-replay:mgmq1vd6wg8f734e","latencyMs":70.19723900035024,"timelineOffsetMs":5.394556999206543,"leadMs":8,"audioStartMs":null,"scheduleSkewMs":78.19723900035024}
10-11 16:22:21.038 12664 16407 D OutputsAudio: [outputs-audio] stop gain=1.000 release=6.00
10-11 16:22:21.158 12664 16407 D OutputsAudio: [outputs-audio] start hz=700.0 gain=1.000 attack=2.50 release=6.00
10-11 16:22:21.184 12664 12741 D OutputsAudio: [outputs-audio] symbol.info sequence=6 symbol=- timestamp=15164679.678 duration=360.000
10-11 16:22:21.188 12664 12741 I ReactNativeJS: [outputs] playMorse.symbol {"timestamp":15164705.720046,"wallClock":1760214141184,"symbol":"-","durationMs":360,"index":5,"source":"console.replay","correlationId":"console-replay:mgmq1vr4a7ej2bw7","nativeTimestampMs":15164679.678,"nativeDurationMs":360,"nativeOffsetMs":25.91199400089681,"nativeSequence":6,"monotonicTimestampMs":15164679.678}
10-11 16:22:21.190 12664 12741 I ReactNativeJS: [outputs] outputs.hapticSymbol {"timestamp":15164710.150307,"wallClock":1760214141189,"enabled":true,"symbol":"-","durationMs":360,"platform":"android","source":"console.replay","correlationId":"console-replay:mgmq1vr4a7ej2bw7","timelineOffsetMs":25.91199400089681}
10-11 16:22:21.192 12664 12741 I ReactNativeJS: [outputs] outputs.flashPulse {"timestamp":15164712.714942,"wallClock":1760214141191,"enabled":true,"durationMs":360,"source":"console.replay","correlationId":"console-replay:mgmq1vr4a7ej2bw7","timelineOffsetMs":25.91199400089681,"audioStartMs":null}
10-11 16:22:21.265 12664 12741 I ReactNativeJS: [outputs] outputs.flashPulse.commit {"timestamp":15164785.956609,"wallClock":1760214141264,"durationMs":360,"source":"console.replay","correlationId":"console-replay:mgmq1vr4a7ej2bw7","latencyMs":80.36015599966049,"timelineOffsetMs":25.91199400089681,"leadMs":8,"audioStartMs":null,"scheduleSkewMs":88.36015599966049}
10-11 16:22:21.519 12664 16407 D OutputsAudio: [outputs-audio] stop gain=1.000 release=6.00
10-11 16:22:21.639 12664 16407 D OutputsAudio: [outputs-audio] start hz=700.0 gain=1.000 attack=2.50 release=6.00
10-11 16:22:21.651 12664 12741 D OutputsAudio: [outputs-audio] symbol.info sequence=7 symbol=. timestamp=15165161.376 duration=120.000
10-11 16:22:21.652 12664 12741 I ReactNativeJS: [outputs] playMorse.symbol {"timestamp":15165172.959577,"wallClock":1760214141651,"symbol":".","durationMs":120,"index":6,"source":"console.replay","correlationId":"console-replay:mgmq1w436n2o21pe","nativeTimestampMs":15165161.376,"nativeDurationMs":120,"nativeOffsetMs":11.502274999395013,"nativeSequence":7,"monotonicTimestampMs":15165161.376}
10-11 16:22:21.653 12664 12741 I ReactNativeJS: [outputs] outputs.hapticSymbol {"timestamp":15165173.771973,"wallClock":1760214141652,"enabled":true,"symbol":".","durationMs":120,"platform":"android","source":"console.replay","correlationId":"console-replay:mgmq1w436n2o21pe","timelineOffsetMs":11.502274999395013}
10-11 16:22:21.653 12664 12741 I ReactNativeJS: [outputs] outputs.flashPulse {"timestamp":15165174.766921,"wallClock":1760214141653,"enabled":true,"durationMs":120,"source":"console.replay","correlationId":"console-replay:mgmq1w436n2o21pe","timelineOffsetMs":11.502274999395013,"audioStartMs":null}
10-11 16:22:21.721 12664 12741 I ReactNativeJS: [outputs] outputs.flashPulse.commit {"timestamp":15165242.131296,"wallClock":1760214141721,"durationMs":120,"source":"console.replay","correlationId":"console-replay:mgmq1w436n2o21pe","latencyMs":69.2470840010792,"timelineOffsetMs":11.502274999395013,"leadMs":8,"audioStartMs":null,"scheduleSkewMs":77.2470840010792}
10-11 16:22:21.761 12664 16407 D OutputsAudio: [outputs-audio] stop gain=1.000 release=6.00
10-11 16:22:21.881 12664 16407 D OutputsAudio: [outputs-audio] start hz=700.0 gain=1.000 attack=2.50 release=6.00
10-11 16:22:21.901 12664 12741 D OutputsAudio: [outputs-audio] symbol.info sequence=8 symbol=. timestamp=15165403.023 duration=120.000
10-11 16:22:21.903 12664 12741 I ReactNativeJS: [outputs] playMorse.symbol {"timestamp":15165422.429473,"wallClock":1760214141901,"symbol":".","durationMs":120,"index":7,"source":"console.replay","correlationId":"console-replay:mgmq1wb1tb54wyct","nativeTimestampMs":15165403.023,"nativeDurationMs":120,"nativeOffsetMs":19.277930999174714,"nativeSequence":8,"monotonicTimestampMs":15165403.023}
10-11 16:22:21.904 12664 12741 I ReactNativeJS: [outputs] outputs.hapticSymbol {"timestamp":15165424.942181,"wallClock":1760214141903,"enabled":true,"symbol":".","durationMs":120,"platform":"android","source":"console.replay","correlationId":"console-replay:mgmq1wb1tb54wyct","timelineOffsetMs":19.277930999174714}
10-11 16:22:21.906 12664 12741 I ReactNativeJS: [outputs] outputs.flashPulse {"timestamp":15165426.724004,"wallClock":1760214141905,"enabled":true,"durationMs":120,"source":"console.replay","correlationId":"console-replay:mgmq1wb1tb54wyct","timelineOffsetMs":19.277930999174714,"audioStartMs":null}
10-11 16:22:21.976 12664 12741 I ReactNativeJS: [outputs] outputs.flashPulse.commit {"timestamp":15165497.461661,"wallClock":1760214141976,"durationMs":120,"source":"console.replay","correlationId":"console-replay:mgmq1wb1tb54wyct","latencyMs":75.15536500141025,"timelineOffsetMs":19.277930999174714,"leadMs":8,"audioStartMs":null,"scheduleSkewMs":83.15536500141025}
10-11 16:22:22.002 12664 16407 D OutputsAudio: [outputs-audio] stop gain=1.000 release=6.00
10-11 16:22:22.123 12664 16407 D OutputsAudio: [outputs-audio] start hz=700.0 gain=1.000 attack=2.50 release=6.00
10-11 16:22:22.125 12664 12741 D OutputsAudio: [outputs-audio] symbol.info sequence=9 symbol=. timestamp=15165644.992 duration=120.000
10-11 16:22:22.125 12664 12741 I ReactNativeJS: [outputs] playMorse.symbol {"timestamp":15165646.307806,"wallClock":1760214142125,"symbol":".","durationMs":120,"index":8,"source":"console.replay","correlationId":"console-replay:mgmq1wh98w6wvc5g","nativeTimestampMs":15165644.992,"nativeDurationMs":120,"nativeOffsetMs":1.2553899995982647,"nativeSequence":9,"monotonicTimestampMs":15165644.992}
10-11 16:22:22.126 12664 12741 I ReactNativeJS: [outputs] outputs.hapticSymbol {"timestamp":15165646.896504,"wallClock":1760214142125,"enabled":true,"symbol":".","durationMs":120,"platform":"android","source":"console.replay","correlationId":"console-replay:mgmq1wh98w6wvc5g","timelineOffsetMs":1.2553899995982647}
10-11 16:22:22.126 12664 12741 I ReactNativeJS: [outputs] outputs.flashPulse {"timestamp":15165647.783796,"wallClock":1760214142126,"enabled":true,"durationMs":120,"source":"console.replay","correlationId":"console-replay:mgmq1wh98w6wvc5g","timelineOffsetMs":1.2553899995982647,"audioStartMs":null}
10-11 16:22:22.188 12664 12741 I ReactNativeJS: [outputs] outputs.flashPulse.commit {"timestamp":15165708.862233,"wallClock":1760214142187,"durationMs":120,"source":"console.replay","correlationId":"console-replay:mgmq1wh98w6wvc5g","latencyMs":62.60885399952531,"timelineOffsetMs":1.2553899995982647,"leadMs":8,"audioStartMs":null,"scheduleSkewMs":70.60885399952531}
10-11 16:22:22.244 12664 16407 D OutputsAudio: [outputs-audio] stop gain=1.000 release=6.00
10-11 16:22:22.365 12664 16407 D OutputsAudio: [outputs-audio] start hz=700.0 gain=1.000 attack=2.50 release=6.00
10-11 16:22:22.378 12664 12741 D OutputsAudio: [outputs-audio] symbol.info sequence=10 symbol=- timestamp=15165886.701 duration=360.000
10-11 16:22:22.379 12664 12741 I ReactNativeJS: [outputs] playMorse.symbol {"timestamp":15165899.824733,"wallClock":1760214142378,"symbol":"-","durationMs":360,"index":9,"source":"console.replay","correlationId":"console-replay:mgmq1woad1c20rfv","nativeTimestampMs":15165886.701,"nativeDurationMs":360,"nativeOffsetMs":13.0451400000602,"nativeSequence":10,"monotonicTimestampMs":15165886.701}
10-11 16:22:22.380 12664 12741 I ReactNativeJS: [outputs] outputs.hapticSymbol {"timestamp":15165900.873535,"wallClock":1760214142379,"enabled":true,"symbol":"-","durationMs":360,"platform":"android","source":"console.replay","correlationId":"console-replay:mgmq1woad1c20rfv","timelineOffsetMs":13.0451400000602}
10-11 16:22:22.383 12664 12741 I ReactNativeJS: [outputs] outputs.flashPulse {"timestamp":15165902.874213,"wallClock":1760214142381,"enabled":true,"durationMs":360,"source":"console.replay","correlationId":"console-replay:mgmq1woad1c20rfv","timelineOffsetMs":13.0451400000602,"audioStartMs":null}
10-11 16:22:22.474 12664 12741 I ReactNativeJS: [outputs] outputs.flashPulse.commit {"timestamp":15165994.996192,"wallClock":1760214142473,"durationMs":360,"source":"console.replay","correlationId":"console-replay:mgmq1woad1c20rfv","latencyMs":95.24380199983716,"timelineOffsetMs":13.0451400000602,"leadMs":8,"audioStartMs":null,"scheduleSkewMs":103.24380199983716}
10-11 16:22:22.725 12664 16407 D OutputsAudio: [outputs-audio] stop gain=1.000 release=6.00
10-11 16:22:22.846 12664 16407 D OutputsAudio: [outputs-audio] start hz=700.0 gain=1.000 attack=2.50 release=6.00
