10-11 14:47:32.950 21612 21675 I ReactNativeJS: [outputs] outputs.flashPulse.commit {"timestamp":9476471.507164,"wallClock":1760208452950,"durationMs":102,"source":"console.replay","correlationId":"console-replay:mgmmnyn4u4lrdl57","latencyMs":53.51859400048852,"timelineOffsetMs":22.870143000036478}
10-11 14:47:32.977 21612 23280 D OutputsAudio: [outputs-audio] stop gain=1.000 release=6.00
10-11 14:47:32.999 21612 21675 D OutputsAudio: [outputs-audio] symbol.info sequence=20 symbol=. timestamp=9476464.147 duration=34.000
10-11 14:47:33.000 21612 21675 I ReactNativeJS: [outputs] playMorse.symbol {"timestamp":9476521.111539,"wallClock":1760208452999,"symbol":"-","durationMs":102,"index":16,"source":"console.replay","correlationId":"console-replay:mgmmnypzuuyuges6","nativeTimestampMs":9476464.147,"nativeDurationMs":34,"nativeOffsetMs":56.91693500056863,"nativeSequence":20,"monotonicTimestampMs":9476464.147}
10-11 14:47:33.000 21612 21675 I ReactNativeJS: [outputs] outputs.hapticSymbol {"timestamp":9476521.579664,"wallClock":1760208453000,"enabled":true,"symbol":"-","durationMs":102,"platform":"android","source":"console.replay","correlationId":"console-replay:mgmmnypzuuyuges6","timelineOffsetMs":56.91693500056863}
10-11 14:47:33.001 21612 21675 I ReactNativeJS: [outputs] outputs.flashPulse {"timestamp":9476522.280237,"wallClock":1760208453001,"enabled":true,"durationMs":102,"source":"console.replay","correlationId":"console-replay:mgmmnypzuuyuges6","timelineOffsetMs":56.91693500056863}
10-11 14:47:33.012 21612 23280 D OutputsAudio: [outputs-audio] start hz=700.0 gain=1.000 attack=2.50 release=6.00
10-11 14:47:33.047 21612 23280 D OutputsAudio: [outputs-audio] stop gain=1.000 release=6.00
10-11 14:47:33.057 21612 21675 I ReactNativeJS: [outputs] outputs.flashPulse.commit {"timestamp":9476578.35706,"wallClock":1760208453057,"durationMs":102,"source":"console.replay","correlationId":"console-replay:mgmmnypzuuyuges6","latencyMs":57.289009999483824,"timelineOffsetMs":56.91693500056863}
10-11 14:47:33.082 21612 23280 D OutputsAudio: [outputs-audio] start hz=700.0 gain=1.000 attack=2.50 release=6.00
10-11 14:47:33.100 21612 21675 D OutputsAudio: [outputs-audio] symbol.info sequence=22 symbol=- timestamp=9476603.430 duration=102.000
10-11 14:47:33.101 21612 21675 W ReactNativeJS: '[outputs-audio] native sequence jump', { previous: 20, next: 22, delta: 2 }
10-11 14:47:33.101 21612 21675 I ReactNativeJS: [outputs] playMorse.symbol {"timestamp":9476622.373518,"wallClock":1760208453101,"symbol":"-","durationMs":102,"index":17,"source":"console.replay","correlationId":"console-replay:mgmmnyst3nc0qo4z","nativeTimestampMs":9476603.43,"nativeDurationMs":102,"nativeOffsetMs":18.903310000896454,"nativeSequence":22,"monotonicTimestampMs":9476603.43}
10-11 14:47:33.101 21612 21675 I ReactNativeJS: [outputs] outputs.hapticSymbol {"timestamp":9476622.755602,"wallClock":1760208453101,"enabled":true,"symbol":"-","durationMs":102,"platform":"android","source":"console.replay","correlationId":"console-replay:mgmmnyst3nc0qo4z","timelineOffsetMs":18.903310000896454}
10-11 14:47:33.102 21612 21675 I ReactNativeJS: [outputs] outputs.flashPulse {"timestamp":9476623.48206,"wallClock":1760208453102,"enabled":true,"durationMs":102,"source":"console.replay","correlationId":"console-replay:mgmmnyst3nc0qo4z","timelineOffsetMs":18.903310000896454}
10-11 14:47:33.161 21612 21675 I ReactNativeJS: [outputs] outputs.flashPulse.commit {"timestamp":9476681.944456,"wallClock":1760208453160,"durationMs":102,"source":"console.replay","correlationId":"console-replay:mgmmnyst3nc0qo4z","latencyMs":59.60677099972963,"timelineOffsetMs":18.903310000896454}
10-11 14:47:33.184 21612 23280 D OutputsAudio: [outputs-audio] stop gain=1.000 release=6.00
10-11 14:47:33.219 21612 23280 D OutputsAudio: [outputs-audio] start hz=700.0 gain=1.000 attack=2.50 release=6.00
10-11 14:47:33.235 21612 21675 D OutputsAudio: [outputs-audio] symbol.info sequence=23 symbol=- timestamp=9476740.853 duration=102.000
10-11 14:47:33.235 21612 21675 I ReactNativeJS: [outputs] playMorse.symbol {"timestamp":9476756.552424,"wallClock":1760208453235,"symbol":".","durationMs":34,"index":18,"source":"console.replay","correlationId":"console-replay:mgmmnywj322rc2sz","nativeTimestampMs":9476740.853,"nativeDurationMs":102,"nativeOffsetMs":15.635414000600576,"nativeSequence":23,"monotonicTimestampMs":9476740.853}
10-11 14:47:33.236 21612 21675 I ReactNativeJS: [outputs] outputs.hapticSymbol {"timestamp":9476757.10331,"wallClock":1760208453235,"enabled":true,"symbol":".","durationMs":34,"platform":"android","source":"console.replay","correlationId":"console-replay:mgmmnywj322rc2sz","timelineOffsetMs":15.635414000600576}
10-11 14:47:33.237 21612 21675 I ReactNativeJS: [outputs] outputs.flashPulse {"timestamp":9476757.976487,"wallClock":1760208453236,"enabled":true,"durationMs":34,"source":"console.replay","correlationId":"console-replay:mgmmnywj322rc2sz","timelineOffsetMs":15.635414000600576}
10-11 14:47:33.287 21612 21675 I ReactNativeJS: [outputs] outputs.flashPulse.commit {"timestamp":9476807.972268,"wallClock":1760208453286,"durationMs":34,"source":"console.replay","correlationId":"console-replay:mgmmnywj322rc2sz","latencyMs":51.47900999896228,"timelineOffsetMs":15.635414000600576}
10-11 14:47:33.322 21612 23280 D OutputsAudio: [outputs-audio] stop gain=1.000 release=6.00
10-11 14:47:33.357 21612 23280 D OutputsAudio: [outputs-audio] start hz=700.0 gain=1.000 attack=2.50 release=6.00
10-11 14:47:33.371 21612 21675 D OutputsAudio: [outputs-audio] symbol.info sequence=24 symbol=- timestamp=9476878.246 duration=102.000
10-11 14:47:33.372 21612 21675 I ReactNativeJS: [outputs] playMorse.symbol {"timestamp":9476892.753987,"wallClock":1760208453371,"symbol":".","durationMs":34,"index":19,"source":"console.replay","correlationId":"console-replay:mgmmnz0bwa834ysg","nativeTimestampMs":9476878.246,"nativeDurationMs":102,"nativeOffsetMs":14.416424000635743,"nativeSequence":24,"monotonicTimestampMs":9476878.246}
10-11 14:47:33.373 21612 21675 I ReactNativeJS: [outputs] outputs.hapticSymbol {"timestamp":9476893.731487,"wallClock":1760208453372,"enabled":true,"symbol":".","durationMs":34,"platform":"android","source":"console.replay","correlationId":"console-replay:mgmmnz0bwa834ysg","timelineOffsetMs":14.416424000635743}
10-11 14:47:33.374 21612 21675 I ReactNativeJS: [outputs] outputs.flashPulse {"timestamp":9476894.906279,"wallClock":1760208453373,"enabled":true,"durationMs":34,"source":"console.replay","correlationId":"console-replay:mgmmnz0bwa834ysg","timelineOffsetMs":14.416424000635743}
10-11 14:47:33.430 21612 21675 I ReactNativeJS: [outputs] outputs.flashPulse.commit {"timestamp":9476951.126435,"wallClock":1760208453429,"durationMs":34,"source":"console.replay","correlationId":"console-replay:mgmmnz0bwa834ysg","latencyMs":58.459062999114394,"timelineOffsetMs":14.416424000635743}
10-11 14:47:33.459 21612 23280 D OutputsAudio: [outputs-audio] stop gain=1.000 release=6.00
10-11 14:47:33.494 21612 23280 D OutputsAudio: [outputs-audio] start hz=700.0 gain=1.000 attack=2.50 release=6.00
10-11 14:47:33.513 21612 21675 D OutputsAudio: [outputs-audio] symbol.info sequence=25 symbol=. timestamp=9477015.879 duration=34.000
10-11 14:47:33.514 21612 21675 I ReactNativeJS: [outputs] playMorse.symbol {"timestamp":9477034.604872,"wallClock":1760208453513,"symbol":".","durationMs":34,"index":20,"source":"console.replay","correlationId":"console-replay:mgmmnz49amgqrsm1","nativeTimestampMs":9477015.879,"nativeDurationMs":34,"nativeOffsetMs":18.628632999956608,"nativeSequence":25,"monotonicTimestampMs":9477015.879}
10-11 14:47:33.514 21612 21675 I ReactNativeJS: [outputs] outputs.hapticSymbol {"timestamp":9477035.349351,"wallClock":1760208453514,"enabled":true,"symbol":".","durationMs":34,"platform":"android","source":"console.replay","correlationId":"console-replay:mgmmnz49amgqrsm1","timelineOffsetMs":18.628632999956608}
10-11 14:47:33.515 21612 21675 I ReactNativeJS: [outputs] outputs.flashPulse {"timestamp":9477036.340862,"wallClock":1760208453515,"enabled":true,"durationMs":34,"source":"console.replay","correlationId":"console-replay:mgmmnz49amgqrsm1","timelineOffsetMs":18.628632999956608}
10-11 14:47:33.529 21612 23280 D OutputsAudio: [outputs-audio] stop gain=1.000 release=6.00
10-11 14:47:33.563 21612 23280 D OutputsAudio: [outputs-audio] start hz=700.0 gain=1.000 attack=2.50 release=6.00
10-11 14:47:33.566 21612 21675 I ReactNativeJS: [outputs] outputs.flashPulse.commit {"timestamp":9477087.045237,"wallClock":1760208453565,"durationMs":34,"source":"console.replay","correlationId":"console-replay:mgmmnz49amgqrsm1","latencyMs":52.53301999904215,"timelineOffsetMs":18.628632999956608}
10-11 14:47:33.599 21612 23280 D OutputsAudio: [outputs-audio] stop gain=1.000 release=6.00
10-11 14:47:33.609 21612 21675 D OutputsAudio: [outputs-audio] symbol.info sequence=26 symbol=. timestamp=9477085.011 duration=34.000
10-11 14:47:33.610 21612 21675 I ReactNativeJS: [outputs] playMorse.symbol {"timestamp":9477130.716435,"wallClock":1760208453609,"symbol":"-","durationMs":102,"index":21,"source":"console.replay","correlationId":"console-replay:mgmmnz6x09vr7kxy","nativeTimestampMs":9477085.011,"nativeDurationMs":34,"nativeOffsetMs":45.65678899921477,"nativeSequence":26,"monotonicTimestampMs":9477085.011}
10-11 14:47:33.610 21612 21675 I ReactNativeJS: [outputs] outputs.hapticSymbol {"timestamp":9477131.175289,"wallClock":1760208453610,"enabled":true,"symbol":"-","durationMs":102,"platform":"android","source":"console.replay","correlationId":"console-replay:mgmmnz6x09vr7kxy","timelineOffsetMs":45.65678899921477}
10-11 14:47:33.611 21612 21675 I ReactNativeJS: [outputs] outputs.flashPulse {"timestamp":9477131.884976,"wallClock":1760208453610,"enabled":true,"durationMs":102,"source":"console.replay","correlationId":"console-replay:mgmmnz6x09vr7kxy","timelineOffsetMs":45.65678899921477}
10-11 14:47:33.633 21612 23280 D OutputsAudio: [outputs-audio] start hz=700.0 gain=1.000 attack=2.50 release=6.00
10-11 14:47:33.667 21612 21675 I ReactNativeJS: [outputs] outputs.flashPulse.commit {"timestamp":9477188.055185,"wallClock":1760208453666,"durationMs":102,"source":"console.replay","correlationId":"console-replay:mgmmnz6x09vr7kxy","latencyMs":57.38296900130808,"timelineOffsetMs":45.65678899921477}
10-11 14:47:33.668 21612 23280 D OutputsAudio: [outputs-audio] stop gain=1.000 release=6.00
10-11 14:47:33.702 21612 23280 D OutputsAudio: [outputs-audio] stop gain=0.000 release=6.00
10-11 14:47:33.702 21612 23280 D OutputsAudio: [outputs-audio] playMorse.end cancelled=0
10-11 14:47:33.710 21612 21675 D OutputsAudio: [outputs-audio] symbol.info sequence=27 symbol=. timestamp=9477154.733 duration=34.000
10-11 14:47:33.710 21612 21675 I ReactNativeJS: [outputs] playMorse.symbol {"timestamp":9477231.542633,"wallClock":1760208453710,"symbol":"-","durationMs":102,"index":22,"source":"console.replay","correlationId":"console-replay:mgmmnz9qrdd5tp6v","nativeTimestampMs":9477154.733,"nativeDurationMs":34,"nativeOffsetMs":76.76004900038242,"nativeSequence":27,"monotonicTimestampMs":9477154.733}
10-11 14:47:33.711 21612 21675 I ReactNativeJS: [outputs] outputs.hapticSymbol {"timestamp":9477232.019872,"wallClock":1760208453710,"enabled":true,"symbol":"-","durationMs":102,"platform":"android","source":"console.replay","correlationId":"console-replay:mgmmnz9qrdd5tp6v","timelineOffsetMs":76.76004900038242}
10-11 14:47:33.711 21612 21675 I ReactNativeJS: [outputs] outputs.flashPulse {"timestamp":9477232.722008,"wallClock":1760208453711,"enabled":true,"durationMs":102,"source":"console.replay","correlationId":"console-replay:mgmmnz9qrdd5tp6v","timelineOffsetMs":76.76004900038242}
10-11 14:47:33.768 21612 21675 I ReactNativeJS: [outputs] outputs.flashPulse.commit {"timestamp":9477289.144768,"wallClock":1760208453768,"durationMs":102,"source":"console.replay","correlationId":"console-replay:mgmmnz9qrdd5tp6v","latencyMs":57.64750000089407,"timelineOffsetMs":76.76004900038242}
10-11 14:47:33.873 21612 21675 I ReactNativeJS: [outputs] playMorse.symbol {"timestamp":9477393.607164,"wallClock":1760208453872,"symbol":"-","durationMs":102,"index":23,"source":"console.replay","correlationId":"console-replay:mgmmnze8tu81bpxi","nativeTimestampMs":null,"nativeDurationMs":null,"nativeOffsetMs":null,"nativeSequence":null,"monotonicTimestampMs":null}
10-11 14:47:33.874 21612 21675 I ReactNativeJS: [outputs] outputs.hapticSymbol {"timestamp":9477394.721122,"wallClock":1760208453873,"enabled":true,"symbol":"-","durationMs":102,"platform":"android","source":"console.replay","correlationId":"console-replay:mgmmnze8tu81bpxi","timelineOffsetMs":null}
10-11 14:47:33.876 21612 21675 I ReactNativeJS: [outputs] outputs.flashPulse {"timestamp":9477396.565914,"wallClock":1760208453875,"enabled":true,"durationMs":102,"source":"console.replay","correlationId":"console-replay:mgmmnze8tu81bpxi","timelineOffsetMs":null}
10-11 14:47:33.938 21612 21675 I ReactNativeJS: [outputs] outputs.flashPulse.commit {"timestamp":9477458.905445,"wallClock":1760208453937,"durationMs":102,"source":"console.replay","correlationId":"console-replay:mgmmnze8tu81bpxi","latencyMs":65.30468699894845,"timelineOffsetMs":null}
10-11 14:47:34.193 21612 21675 I ReactNativeJS: [outputs] playMorse.symbol {"timestamp":9477713.611851,"wallClock":1760208454192,"symbol":".","durationMs":34,"index":24,"source":"console.replay","correlationId":"console-replay:mgmmnzn4e9i5hast","nativeTimestampMs":null,"nativeDurationMs":null,"nativeOffsetMs":null,"nativeSequence":null,"monotonicTimestampMs":null}
10-11 14:47:34.194 21612 21675 I ReactNativeJS: [outputs] outputs.hapticSymbol {"timestamp":9477715.097216,"wallClock":1760208454193,"enabled":true,"symbol":".","durationMs":34,"platform":"android","source":"console.replay","correlationId":"console-replay:mgmmnzn4e9i5hast","timelineOffsetMs":null}
10-11 14:47:34.195 21612 21675 I ReactNativeJS: [outputs] outputs.flashPulse {"timestamp":9477716.341278,"wallClock":1760208454195,"enabled":true,"durationMs":34,"source":"console.replay","correlationId":"console-replay:mgmmnzn4e9i5hast","timelineOffsetMs":null}
10-11 14:47:34.252 21612 21675 I ReactNativeJS: [outputs] outputs.flashPulse.commit {"timestamp":9477773.33232,"wallClock":1760208454252,"durationMs":34,"source":"console.replay","correlationId":"console-replay:mgmmnzn4e9i5hast","latencyMs":59.72625000029802,"timelineOffsetMs":null}
10-11 14:47:34.501 21612 21675 I ReactNativeJS: [outputs] playMorse.symbol {"timestamp":9478021.054247,"wallClock":1760208454499,"symbol":".","durationMs":34,"index":25,"source":"console.replay","correlationId":"console-replay:mgmmnzvnxe8fm7yb","nativeTimestampMs":null,"nativeDurationMs":null,"nativeOffsetMs":null,"nativeSequence":null,"monotonicTimestampMs":null}
10-11 14:47:34.503 21612 21675 I ReactNativeJS: [outputs] outputs.hapticSymbol {"timestamp":9478022.483778,"wallClock":1760208454501,"enabled":true,"symbol":".","durationMs":34,"platform":"android","source":"console.replay","correlationId":"console-replay:mgmmnzvnxe8fm7yb","timelineOffsetMs":null}
10-11 14:47:34.504 21612 21675 I ReactNativeJS: [outputs] outputs.flashPulse {"timestamp":9478025.557268,"wallClock":1760208454504,"enabled":true,"durationMs":34,"source":"console.replay","correlationId":"console-replay:mgmmnzvnxe8fm7yb","timelineOffsetMs":null}
10-11 14:47:34.595 21612 21675 I ReactNativeJS: [outputs] outputs.flashPulse.commit {"timestamp":9478115.805861,"wallClock":1760208454594,"durationMs":34,"source":"console.replay","correlationId":"console-replay:mgmmnzvnxe8fm7yb","latencyMs":94.76171899959445,"timelineOffsetMs":null}
10-11 14:47:34.851 21612 21675 I ReactNativeJS: [outputs] playMorse.symbol {"timestamp":9478372.314611,"wallClock":1760208454851,"symbol":".","durationMs":34,"index":26,"source":"console.replay","correlationId":"console-replay:mgmmo05f3jws1int","nativeTimestampMs":null,"nativeDurationMs":null,"nativeOffsetMs":null,"nativeSequence":null,"monotonicTimestampMs":null}
10-11 14:47:34.852 21612 21675 I ReactNativeJS: [outputs] outputs.hapticSymbol {"timestamp":9478373.102788,"wallClock":1760208454851,"enabled":true,"symbol":".","durationMs":34,"platform":"android","source":"console.replay","correlationId":"console-replay:mgmmo05f3jws1int","timelineOffsetMs":null}
10-11 14:47:34.853 21612 21675 I ReactNativeJS: [outputs] outputs.flashPulse {"timestamp":9478374.248101,"wallClock":1760208454853,"enabled":true,"durationMs":34,"source":"console.replay","correlationId":"console-replay:mgmmo05f3jws1int","timelineOffsetMs":null}
10-11 14:47:34.916 21612 21675 I ReactNativeJS: [outputs] outputs.flashPulse.commit {"timestamp":9478436.864507,"wallClock":1760208454915,"durationMs":34,"source":"console.replay","correlationId":"console-replay:mgmmo05f3jws1int","latencyMs":64.55124999955297,"timelineOffsetMs":null}
10-11 14:47:34.968 21612 21675 I ReactNativeJS: [outputs] playMorse.complete {"timestamp":9478489.001382,"wallClock":1760208454967,"durationMs":4075.3255709987134,"source":"console.replay","audioEnabled":true,"audioVolumePercent":100}
10-11 14:47:37.207 21612 21675 I ReactNativeJS: [outputs] playMorse.start {"timestamp":9480727.73534,"wallClock":1760208457206,"unitMs":30,"length":28,"source":"console.replay","audioEnabled":true,"audioVolumePercent":100}
10-11 14:47:37.310 21612 21675 D OutputsAudio: [outputs-audio] warmup hz=700.0
10-11 14:47:37.311 21612 23315 D OutputsAudio: [outputs-audio] playMorse.start count=27 unit=30.0
10-11 14:47:37.311 21612 23315 D OutputsAudio: [outputs-audio] start hz=700.0 gain=1.000 attack=2.50 release=6.00
10-11 14:47:37.317 21612 21675 D OutputsAudio: [outputs-audio] symbol.info sequence=1 symbol=. timestamp=9480832.292 duration=30.000
10-11 14:47:37.318 21612 21675 I ReactNativeJS: [outputs] playMorse.symbol {"timestamp":9480839.094194,"wallClock":1760208457317,"symbol":".","durationMs":30,"index":0,"source":"console.replay","correlationId":"console-replay:mgmmo21xkodx1ooq","nativeTimestampMs":9480832.292,"nativeDurationMs":30,"nativeOffsetMs":6.744590001180768,"nativeSequence":1,"monotonicTimestampMs":9480832.292}
10-11 14:47:37.318 21612 21675 I ReactNativeJS: [outputs] outputs.hapticSymbol {"timestamp":9480839.649454,"wallClock":1760208457318,"enabled":true,"symbol":".","durationMs":30,"platform":"android","source":"console.replay","correlationId":"console-replay:mgmmo21xkodx1ooq","timelineOffsetMs":6.744590001180768}
10-11 14:47:37.320 21612 21675 I ReactNativeJS: [outputs] outputs.flashPulse {"timestamp":9480840.942735,"wallClock":1760208457319,"enabled":true,"durationMs":30,"source":"console.replay","correlationId":"console-replay:mgmmo21xkodx1ooq","timelineOffsetMs":6.744590001180768}
10-11 14:47:37.342 21612 23315 D OutputsAudio: [outputs-audio] stop gain=1.000 release=6.00
10-11 14:47:37.372 21612 23315 D OutputsAudio: [outputs-audio] start hz=700.0 gain=1.000 attack=2.50 release=6.00
10-11 14:47:37.383 21612 21675 I ReactNativeJS: [outputs] outputs.flashPulse.commit {"timestamp":9480904.21461,"wallClock":1760208457383,"durationMs":30,"source":"console.replay","correlationId":"console-replay:mgmmo21xkodx1ooq","latencyMs":65.17312399856746,"timelineOffsetMs":6.744590001180768}
10-11 14:47:37.403 21612 23315 D OutputsAudio: [outputs-audio] stop gain=1.000 release=6.00
10-11 14:47:37.426 21612 21675 D OutputsAudio: [outputs-audio] symbol.info sequence=2 symbol=. timestamp=9480894.144 duration=30.000
10-11 14:47:37.427 21612 21675 I ReactNativeJS: [outputs] playMorse.symbol {"timestamp":9480948.052683,"wallClock":1760208457426,"symbol":".","durationMs":30,"index":1,"source":"console.replay","correlationId":"console-replay:mgmmo24y9jkn2ubm","nativeTimestampMs":9480894.144,"nativeDurationMs":30,"nativeOffsetMs":53.82378700003028,"nativeSequence":2,"monotonicTimestampMs":9480894.144}
10-11 14:47:37.427 21612 21675 I ReactNativeJS: [outputs] outputs.hapticSymbol {"timestamp":9480948.582058,"wallClock":1760208457427,"enabled":true,"symbol":".","durationMs":30,"platform":"android","source":"console.replay","correlationId":"console-replay:mgmmo24y9jkn2ubm","timelineOffsetMs":53.82378700003028}
10-11 14:47:37.428 21612 21675 I ReactNativeJS: [outputs] outputs.flashPulse {"timestamp":9480949.250027,"wallClock":1760208457428,"enabled":true,"durationMs":30,"source":"console.replay","correlationId":"console-replay:mgmmo24y9jkn2ubm","timelineOffsetMs":53.82378700003028}
10-11 14:47:37.435 21612 23315 D OutputsAudio: [outputs-audio] start hz=700.0 gain=1.000 attack=2.50 release=6.00
10-11 14:47:37.465 21612 23315 D OutputsAudio: [outputs-audio] stop gain=1.000 release=6.00
10-11 14:47:37.483 21612 21675 D OutputsAudio: [outputs-audio] symbol.info sequence=3 symbol=. timestamp=9480956.399 duration=30.000
10-11 14:47:37.484 21612 21675 I ReactNativeJS: [outputs] playMorse.symbol {"timestamp":9481005.121069,"wallClock":1760208457483,"symbol":".","durationMs":30,"index":2,"source":"console.replay","correlationId":"console-replay:mgmmo26jyfxiij0j","nativeTimestampMs":9480956.399,"nativeDurationMs":30,"nativeOffsetMs":48.675402000546455,"nativeSequence":3,"monotonicTimestampMs":9480956.399}
10-11 14:47:37.484 21612 21675 I ReactNativeJS: [outputs] outputs.hapticSymbol {"timestamp":9481005.585027,"wallClock":1760208457484,"enabled":true,"symbol":".","durationMs":30,"platform":"android","source":"console.replay","correlationId":"console-replay:mgmmo26jyfxiij0j","timelineOffsetMs":48.675402000546455}
10-11 14:47:37.485 21612 21675 I ReactNativeJS: [outputs] outputs.flashPulse {"timestamp":9481006.237944,"wallClock":1760208457485,"enabled":true,"durationMs":30,"source":"console.replay","correlationId":"console-replay:mgmmo26jyfxiij0j","timelineOffsetMs":48.675402000546455}
10-11 14:47:37.496 21612 23315 D OutputsAudio: [outputs-audio] start hz=700.0 gain=1.000 attack=2.50 release=6.00
10-11 14:47:37.542 21612 21675 I ReactNativeJS: [outputs] outputs.flashPulse.commit {"timestamp":9481063.157267,"wallClock":1760208457542,"durationMs":30,"source":"console.replay","correlationId":"console-replay:mgmmo24y9jkn2ubm","latencyMs":115.18468800000846,"timelineOffsetMs":53.82378700003028}
10-11 14:47:37.586 21612 23315 D OutputsAudio: [outputs-audio] stop gain=1.000 release=6.00
10-11 14:47:37.589 21612 21675 I ReactNativeJS: [outputs] outputs.flashPulse.commit {"timestamp":9481110.245027,"wallClock":1760208457589,"durationMs":30,"source":"console.replay","correlationId":"console-replay:mgmmo26jyfxiij0j","latencyMs":105.16635399870574,"timelineOffsetMs":48.675402000546455}
10-11 14:47:37.617 21612 23315 D OutputsAudio: [outputs-audio] start hz=700.0 gain=1.000 attack=2.50 release=6.00
10-11 14:47:37.632 21612 21675 D OutputsAudio: [outputs-audio] symbol.info sequence=5 symbol=- timestamp=9481138.484 duration=90.000
10-11 14:47:37.633 21612 21675 W ReactNativeJS: '[outputs-audio] native sequence jump', { previous: 3, next: 5, delta: 2 }
10-11 14:47:37.633 21612 21675 I ReactNativeJS: [outputs] playMorse.symbol {"timestamp":9481154.358933,"wallClock":1760208457633,"symbol":"-","durationMs":90,"index":3,"source":"console.replay","correlationId":"console-replay:mgmmo2apcpok2jmv","nativeTimestampMs":9481138.484,"nativeDurationMs":90,"nativeOffsetMs":15.835923001170158,"nativeSequence":5,"monotonicTimestampMs":9481138.484}
10-11 14:47:37.633 21612 21675 I ReactNativeJS: [outputs] outputs.hapticSymbol {"timestamp":9481154.729298,"wallClock":1760208457633,"enabled":true,"symbol":"-","durationMs":90,"platform":"android","source":"console.replay","correlationId":"console-replay:mgmmo2apcpok2jmv","timelineOffsetMs":15.835923001170158}
10-11 14:47:37.634 21612 21675 I ReactNativeJS: [outputs] outputs.flashPulse {"timestamp":9481155.397579,"wallClock":1760208457634,"enabled":true,"durationMs":90,"source":"console.replay","correlationId":"console-replay:mgmmo2apcpok2jmv","timelineOffsetMs":15.835923001170158}
10-11 14:47:37.693 21612 21675 I ReactNativeJS: [outputs] outputs.flashPulse.commit {"timestamp":9481213.837787,"wallClock":1760208457692,"durationMs":90,"source":"console.replay","correlationId":"console-replay:mgmmo2apcpok2jmv","latencyMs":59.51333300024271,"timelineOffsetMs":15.835923001170158}
10-11 14:47:37.707 21612 23315 D OutputsAudio: [outputs-audio] stop gain=1.000 release=6.00
10-11 14:47:37.738 21612 23315 D OutputsAudio: [outputs-audio] start hz=700.0 gain=1.000 attack=2.50 release=6.00
10-11 14:47:37.755 21612 21675 D OutputsAudio: [outputs-audio] symbol.info sequence=6 symbol=- timestamp=9481259.774 duration=90.000
10-11 14:47:37.756 21612 21675 I ReactNativeJS: [outputs] playMorse.symbol {"timestamp":9481276.646746,"wallClock":1760208457755,"symbol":"-","durationMs":90,"index":4,"source":"console.replay","correlationId":"console-replay:mgmmo2e33f61mh4j","nativeTimestampMs":9481259.774,"nativeDurationMs":90,"nativeOffsetMs":16.79008900001645,"nativeSequence":6,"monotonicTimestampMs":9481259.774}
10-11 14:47:37.756 21612 21675 I ReactNativeJS: [outputs] outputs.hapticSymbol {"timestamp":9481277.432058,"wallClock":1760208457756,"enabled":true,"symbol":"-","durationMs":90,"platform":"android","source":"console.replay","correlationId":"console-replay:mgmmo2e33f61mh4j","timelineOffsetMs":16.79008900001645}
10-11 14:47:37.757 21612 21675 I ReactNativeJS: [outputs] outputs.flashPulse {"timestamp":9481278.427891,"wallClock":1760208457757,"enabled":true,"durationMs":90,"source":"console.replay","correlationId":"console-replay:mgmmo2e33f61mh4j","timelineOffsetMs":16.79008900001645}
10-11 14:47:37.817 21612 21675 I ReactNativeJS: [outputs] outputs.flashPulse.commit {"timestamp":9481338.032318,"wallClock":1760208457816,"durationMs":90,"source":"console.replay","correlationId":"console-replay:mgmmo2e33f61mh4j","latencyMs":61.463438000530005,"timelineOffsetMs":16.79008900001645}
10-11 14:47:37.829 21612 23315 D OutputsAudio: [outputs-audio] stop gain=1.000 release=6.00
10-11 14:47:37.860 21612 23315 D OutputsAudio: [outputs-audio] start hz=700.0 gain=1.000 attack=2.50 release=6.00
10-11 14:47:37.861 21612 21675 D OutputsAudio: [outputs-audio] symbol.info sequence=7 symbol=. timestamp=9481381.606 duration=30.000
10-11 14:47:37.862 21612 21675 I ReactNativeJS: [outputs] playMorse.symbol {"timestamp":9481382.910756,"wallClock":1760208457861,"symbol":"-","durationMs":90,"index":5,"source":"console.replay","correlationId":"console-replay:mgmmo2h10m3gcts4","nativeTimestampMs":9481381.606,"nativeDurationMs":30,"nativeOffsetMs":1.2576729990541935,"nativeSequence":7,"monotonicTimestampMs":9481381.606}
10-11 14:47:37.862 21612 21675 I ReactNativeJS: [outputs] outputs.hapticSymbol {"timestamp":9481383.381433,"wallClock":1760208457862,"enabled":true,"symbol":"-","durationMs":90,"platform":"android","source":"console.replay","correlationId":"console-replay:mgmmo2h10m3gcts4","timelineOffsetMs":1.2576729990541935}
10-11 14:47:37.863 21612 21675 I ReactNativeJS: [outputs] outputs.flashPulse {"timestamp":9481384.117839,"wallClock":1760208457862,"enabled":true,"durationMs":90,"source":"console.replay","correlationId":"console-replay:mgmmo2h10m3gcts4","timelineOffsetMs":1.2576729990541935}
10-11 14:47:37.891 21612 23315 D OutputsAudio: [outputs-audio] stop gain=1.000 release=6.00
10-11 14:47:37.922 21612 23315 D OutputsAudio: [outputs-audio] start hz=700.0 gain=1.000 attack=2.50 release=6.00
10-11 14:47:37.922 21612 21675 I ReactNativeJS: [outputs] outputs.flashPulse.commit {"timestamp":9481443.655027,"wallClock":1760208457922,"durationMs":90,"source":"console.replay","correlationId":"console-replay:mgmmo2h10m3gcts4","latencyMs":60.7866660002619,"timelineOffsetMs":1.2576729990541935}
10-11 14:47:37.952 21612 23315 D OutputsAudio: [outputs-audio] stop gain=1.000 release=6.00
10-11 14:47:37.971 21612 21675 D OutputsAudio: [outputs-audio] symbol.info sequence=8 symbol=. timestamp=9481443.267 duration=30.000
10-11 14:47:37.972 21612 21675 I ReactNativeJS: [outputs] playMorse.symbol {"timestamp":9481492.818464,"wallClock":1760208457971,"symbol":".","durationMs":30,"index":6,"source":"console.replay","correlationId":"console-replay:mgmmo2k3sz28395c","nativeTimestampMs":9481443.267,"nativeDurationMs":30,"nativeOffsetMs":49.50188099965453,"nativeSequence":8,"monotonicTimestampMs":9481443.267}
10-11 14:47:37.972 21612 21675 I ReactNativeJS: [outputs] outputs.hapticSymbol {"timestamp":9481493.287475,"wallClock":1760208457972,"enabled":true,"symbol":".","durationMs":30,"platform":"android","source":"console.replay","correlationId":"console-replay:mgmmo2k3sz28395c","timelineOffsetMs":49.50188099965453}
10-11 14:47:37.973 21612 21675 I ReactNativeJS: [outputs] outputs.flashPulse {"timestamp":9481494.006016,"wallClock":1760208457972,"enabled":true,"durationMs":30,"source":"console.replay","correlationId":"console-replay:mgmmo2k3sz28395c","timelineOffsetMs":49.50188099965453}
10-11 14:47:37.983 21612 23315 D OutputsAudio: [outputs-audio] start hz=700.0 gain=1.000 attack=2.50 release=6.00
10-11 14:47:38.014 21612 23315 D OutputsAudio: [outputs-audio] stop gain=1.000 release=6.00
10-11 14:47:38.023 21612 21675 I ReactNativeJS: [outputs] outputs.flashPulse.commit {"timestamp":9481544.20586,"wallClock":1760208458023,"durationMs":30,"source":"console.replay","correlationId":"console-replay:mgmmo2k3sz28395c","latencyMs":51.432396000251174,"timelineOffsetMs":49.50188099965453}
10-11 14:47:38.045 21612 23315 D OutputsAudio: [outputs-audio] start hz=700.0 gain=1.000 attack=2.50 release=6.00
10-11 14:47:38.078 21612 21675 D OutputsAudio: [outputs-audio] symbol.info sequence=10 symbol=- timestamp=9481567.217 duration=90.000
10-11 14:47:38.078 21612 21675 W ReactNativeJS: '[outputs-audio] native sequence jump', { previous: 8, next: 10, delta: 2 }
10-11 14:47:38.079 21612 21675 I ReactNativeJS: [outputs] playMorse.symbol {"timestamp":9481600.059506,"wallClock":1760208458078,"symbol":".","durationMs":30,"index":7,"source":"console.replay","correlationId":"console-replay:mgmmo2n24qzw8i2l","nativeTimestampMs":9481567.217,"nativeDurationMs":90,"nativeOffsetMs":32.77635999955237,"nativeSequence":10,"monotonicTimestampMs":9481567.217}
10-11 14:47:38.079 21612 21675 I ReactNativeJS: [outputs] outputs.hapticSymbol {"timestamp":9481600.516954,"wallClock":1760208458079,"enabled":true,"symbol":".","durationMs":30,"platform":"android","source":"console.replay","correlationId":"console-replay:mgmmo2n24qzw8i2l","timelineOffsetMs":32.77635999955237}
10-11 14:47:38.080 21612 21675 I ReactNativeJS: [outputs] outputs.flashPulse {"timestamp":9481601.256693,"wallClock":1760208458080,"enabled":true,"durationMs":30,"source":"console.replay","correlationId":"console-replay:mgmmo2n24qzw8i2l","timelineOffsetMs":32.77635999955237}
10-11 14:47:38.137 21612 23315 D OutputsAudio: [outputs-audio] stop gain=1.000 release=6.00
10-11 14:47:38.168 21612 23315 D OutputsAudio: [outputs-audio] start hz=700.0 gain=1.000 attack=2.50 release=6.00
10-11 14:47:38.201 21612 21675 I ReactNativeJS: [outputs] outputs.flashPulse.commit {"timestamp":9481722.260079,"wallClock":1760208458201,"durationMs":30,"source":"console.replay","correlationId":"console-replay:mgmmo2n24qzw8i2l","latencyMs":122.26203100010753,"timelineOffsetMs":32.77635999955237}
10-11 14:47:38.251 21612 21675 D OutputsAudio: [outputs-audio] symbol.info sequence=11 symbol=- timestamp=9481690.275 duration=90.000
10-11 14:47:38.251 21612 21675 I ReactNativeJS: [outputs] playMorse.symbol {"timestamp":9481772.391641,"wallClock":1760208458251,"symbol":".","durationMs":30,"index":8,"source":"console.replay","correlationId":"console-replay:mgmmo2rvjw8th877","nativeTimestampMs":9481690.275,"nativeDurationMs":90,"nativeOffsetMs":82.0677869990468,"nativeSequence":11,"monotonicTimestampMs":9481690.275}
10-11 14:47:38.251 21612 21675 I ReactNativeJS: [outputs] playMorse.nativeOffset.spike {"timestamp":9481772.8606,"wallClock":1760208458251,"source":"console.replay","offsetMs":82.0677869990468,"sequence":11,"unitMs":30,"correlationId":"console-replay:mgmmo2rvjw8th877"}
10-11 14:47:38.252 21612 21675 I ReactNativeJS: [outputs] outputs.hapticSymbol {"timestamp":9481773.149037,"wallClock":1760208458252,"enabled":true,"symbol":".","durationMs":30,"platform":"android","source":"console.replay","correlationId":"console-replay:mgmmo2rvjw8th877","timelineOffsetMs":82.0677869990468}
10-11 14:47:38.252 21612 21675 I ReactNativeJS: [outputs] outputs.flashPulse {"timestamp":9481773.851745,"wallClock":1760208458252,"enabled":true,"durationMs":30,"source":"console.replay","correlationId":"console-replay:mgmmo2rvjw8th877","timelineOffsetMs":82.0677869990468}
10-11 14:47:38.259 21612 23315 D OutputsAudio: [outputs-audio] stop gain=1.000 release=6.00
10-11 14:47:38.290 21612 23315 D OutputsAudio: [outputs-audio] start hz=700.0 gain=1.000 attack=2.50 release=6.00
10-11 14:47:38.315 21612 21675 I ReactNativeJS: [outputs] outputs.flashPulse.commit {"timestamp":9481836.070756,"wallClock":1760208458314,"durationMs":30,"source":"console.replay","correlationId":"console-replay:mgmmo2rvjw8th877","latencyMs":63.723594000563025,"timelineOffsetMs":82.0677869990468}
10-11 14:47:38.358 21612 21675 D OutputsAudio: [outputs-audio] symbol.info sequence=12 symbol=- timestamp=9481812.177 duration=90.000
10-11 14:47:38.359 21612 21675 I ReactNativeJS: [outputs] playMorse.symbol {"timestamp":9481880.188256,"wallClock":1760208458359,"symbol":"-","durationMs":90,"index":9,"source":"console.replay","correlationId":"console-replay:mgmmo2uvfv2m20sl","nativeTimestampMs":9481812.177,"nativeDurationMs":90,"nativeOffsetMs":67.96052700094879,"nativeSequence":12,"monotonicTimestampMs":9481812.177}
10-11 14:47:38.359 21612 21675 I ReactNativeJS: [outputs] outputs.hapticSymbol {"timestamp":9481880.672475,"wallClock":1760208458359,"enabled":true,"symbol":"-","durationMs":90,"platform":"android","source":"console.replay","correlationId":"console-replay:mgmmo2uvfv2m20sl","timelineOffsetMs":67.96052700094879}
10-11 14:47:38.360 21612 21675 I ReactNativeJS: [outputs] outputs.flashPulse {"timestamp":9481881.400079,"wallClock":1760208458360,"enabled":true,"durationMs":90,"source":"console.replay","correlationId":"console-replay:mgmmo2uvfv2m20sl","timelineOffsetMs":67.96052700094879}
10-11 14:47:38.381 21612 23315 D OutputsAudio: [outputs-audio] stop gain=1.000 release=6.00
10-11 14:47:38.412 21612 23315 D OutputsAudio: [outputs-audio] start hz=700.0 gain=1.000 attack=2.50 release=6.00
10-11 14:47:38.416 21612 21675 I ReactNativeJS: [outputs] outputs.flashPulse.commit {"timestamp":9481937.534454,"wallClock":1760208458416,"durationMs":90,"source":"console.replay","correlationId":"console-replay:mgmmo2uvfv2m20sl","latencyMs":57.39281200058758,"timelineOffsetMs":67.96052700094879}
10-11 14:47:38.442 21612 23315 D OutputsAudio: [outputs-audio] stop gain=1.000 release=6.00
10-11 14:47:38.460 21612 21675 D OutputsAudio: [outputs-audio] symbol.info sequence=13 symbol=. timestamp=9481933.526 duration=30.000
10-11 14:47:38.460 21612 21675 I ReactNativeJS: [outputs] playMorse.symbol {"timestamp":9481981.418152,"wallClock":1760208458460,"symbol":"-","durationMs":90,"index":10,"source":"console.replay","correlationId":"console-replay:mgmmo2xo6ryg6x4v","nativeTimestampMs":9481933.526,"nativeDurationMs":30,"nativeOffsetMs":47.84579699859023,"nativeSequence":13,"monotonicTimestampMs":9481933.526}
10-11 14:47:38.461 21612 21675 I ReactNativeJS: [outputs] outputs.hapticSymbol {"timestamp":9481981.896172,"wallClock":1760208458460,"enabled":true,"symbol":"-","durationMs":90,"platform":"android","source":"console.replay","correlationId":"console-replay:mgmmo2xo6ryg6x4v","timelineOffsetMs":47.84579699859023}
10-11 14:47:38.461 21612 21675 I ReactNativeJS: [outputs] outputs.flashPulse {"timestamp":9481982.590652,"wallClock":1760208458461,"enabled":true,"durationMs":90,"source":"console.replay","correlationId":"console-replay:mgmmo2xo6ryg6x4v","timelineOffsetMs":47.84579699859023}
10-11 14:47:38.473 21612 23315 D OutputsAudio: [outputs-audio] start hz=700.0 gain=1.000 attack=2.50 release=6.00
10-11 14:47:38.504 21612 23315 D OutputsAudio: [outputs-audio] stop gain=1.000 release=6.00
10-11 14:47:38.518 21612 21675 I ReactNativeJS: [outputs] outputs.flashPulse.commit {"timestamp":9482039.183881,"wallClock":1760208458518,"durationMs":90,"source":"console.replay","correlationId":"console-replay:mgmmo2xo6ryg6x4v","latencyMs":57.807969000190496,"timelineOffsetMs":47.84579699859023}
10-11 14:47:38.535 21612 23315 D OutputsAudio: [outputs-audio] start hz=700.0 gain=1.000 attack=2.50 release=6.00
10-11 14:47:38.561 21612 21675 D OutputsAudio: [outputs-audio] symbol.info sequence=15 symbol=. timestamp=9482056.288 duration=30.000
10-11 14:47:38.562 21612 21675 W ReactNativeJS: '[outputs-audio] native sequence jump', { previous: 13, next: 15, delta: 2 }
10-11 14:47:38.562 21612 21675 I ReactNativeJS: [outputs] playMorse.symbol {"timestamp":9482083.522891,"wallClock":1760208458562,"symbol":"-","durationMs":90,"index":11,"source":"console.replay","correlationId":"console-replay:mgmmo30i5q5eaw16","nativeTimestampMs":9482056.288,"nativeDurationMs":30,"nativeOffsetMs":27.195880999788642,"nativeSequence":15,"monotonicTimestampMs":9482056.288}
10-11 14:47:38.563 21612 21675 I ReactNativeJS: [outputs] outputs.hapticSymbol {"timestamp":9482083.880183,"wallClock":1760208458562,"enabled":true,"symbol":"-","durationMs":90,"platform":"android","source":"console.replay","correlationId":"console-replay:mgmmo30i5q5eaw16","timelineOffsetMs":27.195880999788642}
10-11 14:47:38.563 21612 21675 I ReactNativeJS: [outputs] outputs.flashPulse {"timestamp":9482084.637214,"wallClock":1760208458563,"enabled":true,"durationMs":90,"source":"console.replay","correlationId":"console-replay:mgmmo30i5q5eaw16","timelineOffsetMs":27.195880999788642}
10-11 14:47:38.565 21612 23315 D OutputsAudio: [outputs-audio] stop gain=1.000 release=6.00
10-11 14:47:38.596 21612 23315 D OutputsAudio: [outputs-audio] start hz=700.0 gain=1.000 attack=2.50 release=6.00
10-11 14:47:38.621 21612 21675 D OutputsAudio: [outputs-audio] symbol.info sequence=16 symbol=- timestamp=9482117.925 duration=90.000
10-11 14:47:38.621 21612 21675 I ReactNativeJS: [outputs] playMorse.symbol {"timestamp":9482142.441016,"wallClock":1760208458621,"symbol":".","durationMs":30,"index":12,"source":"console.replay","correlationId":"console-replay:mgmmo3255m29huko","nativeTimestampMs":9482117.925,"nativeDurationMs":90,"nativeOffsetMs":24.47023499943316,"nativeSequence":16,"monotonicTimestampMs":9482117.925}
10-11 14:47:38.622 21612 21675 I ReactNativeJS: [outputs] outputs.hapticSymbol {"timestamp":9482142.897214,"wallClock":1760208458621,"enabled":true,"symbol":".","durationMs":30,"platform":"android","source":"console.replay","correlationId":"console-replay:mgmmo3255m29huko","timelineOffsetMs":24.47023499943316}
10-11 14:47:38.622 21612 21675 I ReactNativeJS: [outputs] outputs.flashPulse {"timestamp":9482143.634349,"wallClock":1760208458622,"enabled":true,"durationMs":30,"source":"console.replay","correlationId":"console-replay:mgmmo3255m29huko","timelineOffsetMs":24.47023499943316}
10-11 14:47:38.678 21612 21675 I ReactNativeJS: [outputs] outputs.flashPulse.commit {"timestamp":9482199.363568,"wallClock":1760208458678,"durationMs":90,"source":"console.replay","correlationId":"console-replay:mgmmo30i5q5eaw16","latencyMs":115.87494799867272,"timelineOffsetMs":27.195880999788642}
10-11 14:47:38.687 21612 23315 D OutputsAudio: [outputs-audio] stop gain=1.000 release=6.00
10-11 14:47:38.718 21612 23315 D OutputsAudio: [outputs-audio] start hz=700.0 gain=1.000 attack=2.50 release=6.00
10-11 14:47:38.728 21612 21675 I ReactNativeJS: [outputs] outputs.flashPulse.commit {"timestamp":9482249.399037,"wallClock":1760208458728,"durationMs":30,"source":"console.replay","correlationId":"console-replay:mgmmo3255m29huko","latencyMs":106.99921900033951,"timelineOffsetMs":24.47023499943316}
10-11 14:47:38.778 21612 21675 D OutputsAudio: [outputs-audio] symbol.info sequence=17 symbol=- timestamp=9482240.421 duration=90.000
10-11 14:47:38.779 21612 21675 I ReactNativeJS: [outputs] playMorse.symbol {"timestamp":9482300.24737,"wallClock":1760208458779,"symbol":".","durationMs":30,"index":13,"source":"console.replay","correlationId":"console-replay:mgmmo36jr2oqhz7r","nativeTimestampMs":9482240.421,"nativeDurationMs":90,"nativeOffsetMs":59.775954000651836,"nativeSequence":17,"monotonicTimestampMs":9482240.421}
10-11 14:47:38.779 21612 21675 I ReactNativeJS: [outputs] outputs.hapticSymbol {"timestamp":9482300.699506,"wallClock":1760208458779,"enabled":true,"symbol":".","durationMs":30,"platform":"android","source":"console.replay","correlationId":"console-replay:mgmmo36jr2oqhz7r","timelineOffsetMs":59.775954000651836}
10-11 14:47:38.780 21612 21675 I ReactNativeJS: [outputs] outputs.flashPulse {"timestamp":9482301.436589,"wallClock":1760208458780,"enabled":true,"durationMs":30,"source":"console.replay","correlationId":"console-replay:mgmmo36jr2oqhz7r","timelineOffsetMs":59.775954000651836}
10-11 14:47:38.809 21612 23315 D OutputsAudio: [outputs-audio] stop gain=1.000 release=6.00
10-11 14:47:38.835 21612 21675 I ReactNativeJS: [outputs] outputs.flashPulse.commit {"timestamp":9482356.740391,"wallClock":1760208458835,"durationMs":30,"source":"console.replay","correlationId":"console-replay:mgmmo36jr2oqhz7r","latencyMs":56.539269998669624,"timelineOffsetMs":59.775954000651836}
10-11 14:47:38.840 21612 23315 D OutputsAudio: [outputs-audio] start hz=700.0 gain=1.000 attack=2.50 release=6.00
10-11 14:47:38.885 21612 21675 D OutputsAudio: [outputs-audio] symbol.info sequence=18 symbol=- timestamp=9482361.258 duration=90.000
10-11 14:47:38.886 21612 21675 I ReactNativeJS: [outputs] playMorse.symbol {"timestamp":9482406.777891,"wallClock":1760208458885,"symbol":".","durationMs":30,"index":14,"source":"console.replay","correlationId":"console-replay:mgmmo39hmztfnum2","nativeTimestampMs":9482361.258,"nativeDurationMs":90,"nativeOffsetMs":45.473120000213385,"nativeSequence":18,"monotonicTimestampMs":9482361.258}
10-11 14:47:38.886 21612 21675 I ReactNativeJS: [outputs] outputs.hapticSymbol {"timestamp":9482407.256329,"wallClock":1760208458886,"enabled":true,"symbol":".","durationMs":30,"platform":"android","source":"console.replay","correlationId":"console-replay:mgmmo39hmztfnum2","timelineOffsetMs":45.473120000213385}
10-11 14:47:38.887 21612 21675 I ReactNativeJS: [outputs] outputs.flashPulse {"timestamp":9482407.97487,"wallClock":1760208458886,"enabled":true,"durationMs":30,"source":"console.replay","correlationId":"console-replay:mgmmo39hmztfnum2","timelineOffsetMs":45.473120000213385}
10-11 14:47:38.930 21612 23315 D OutputsAudio: [outputs-audio] stop gain=1.000 release=6.00
10-11 14:47:38.939 21612 21675 I ReactNativeJS: [outputs] outputs.flashPulse.commit {"timestamp":9482460.577422,"wallClock":1760208458939,"durationMs":30,"source":"console.replay","correlationId":"console-replay:mgmmo39hmztfnum2","latencyMs":53.841874999925494,"timelineOffsetMs":45.473120000213385}
10-11 14:47:38.961 21612 23315 D OutputsAudio: [outputs-audio] start hz=700.0 gain=1.000 attack=2.50 release=6.00
10-11 14:47:38.990 21612 21675 D OutputsAudio: [outputs-audio] symbol.info sequence=19 symbol=. timestamp=9482483.039 duration=30.000
10-11 14:47:38.991 21612 21675 I ReactNativeJS: [outputs] playMorse.symbol {"timestamp":9482511.798047,"wallClock":1760208458990,"symbol":"-","durationMs":90,"index":15,"source":"console.replay","correlationId":"console-replay:mgmmo3cetycv4swn","nativeTimestampMs":9482483.039,"nativeDurationMs":30,"nativeOffsetMs":28.712067998945713,"nativeSequence":19,"monotonicTimestampMs":9482483.039}
10-11 14:47:38.991 21612 21675 I ReactNativeJS: [outputs] outputs.hapticSymbol {"timestamp":9482512.248203,"wallClock":1760208458991,"enabled":true,"symbol":"-","durationMs":90,"platform":"android","source":"console.replay","correlationId":"console-replay:mgmmo3cetycv4swn","timelineOffsetMs":28.712067998945713}
10-11 14:47:38.992 21612 21675 I ReactNativeJS: [outputs] outputs.flashPulse {"timestamp":9482512.980756,"wallClock":1760208458991,"enabled":true,"durationMs":90,"source":"console.replay","correlationId":"console-replay:mgmmo3cetycv4swn","timelineOffsetMs":28.712067998945713}
10-11 14:47:38.993 21612 23315 D OutputsAudio: [outputs-audio] stop gain=1.000 release=6.00
10-11 14:47:39.024 21612 23315 D OutputsAudio: [outputs-audio] start hz=700.0 gain=1.000 attack=2.50 release=6.00
10-11 14:47:39.042 21612 21675 I ReactNativeJS: [outputs] outputs.flashPulse.commit {"timestamp":9482563.124245,"wallClock":1760208459041,"durationMs":90,"source":"console.replay","correlationId":"console-replay:mgmmo3cetycv4swn","latencyMs":51.36927100084722,"timelineOffsetMs":28.712067998945713}
10-11 14:47:39.054 21612 23315 D OutputsAudio: [outputs-audio] stop gain=1.000 release=6.00
10-11 14:47:39.085 21612 23315 D OutputsAudio: [outputs-audio] start hz=700.0 gain=1.000 attack=2.50 release=6.00
10-11 14:47:39.092 21612 21675 D OutputsAudio: [outputs-audio] symbol.info sequence=21 symbol=. timestamp=9482606.632 duration=30.000
10-11 14:47:39.093 21612 21675 W ReactNativeJS: '[outputs-audio] native sequence jump', { previous: 19, next: 21, delta: 2 }
10-11 14:47:39.093 21612 21675 I ReactNativeJS: [outputs] playMorse.symbol {"timestamp":9482614.426693,"wallClock":1760208459093,"symbol":"-","durationMs":90,"index":16,"source":"console.replay","correlationId":"console-replay:mgmmo3f9pwxyup61","nativeTimestampMs":9482606.632,"nativeDurationMs":30,"nativeOffsetMs":7.759537000209093,"nativeSequence":21,"monotonicTimestampMs":9482606.632}
10-11 14:47:39.093 21612 21675 I ReactNativeJS: [outputs] outputs.hapticSymbol {"timestamp":9482614.819141,"wallClock":1760208459093,"enabled":true,"symbol":"-","durationMs":90,"platform":"android","source":"console.replay","correlationId":"console-replay:mgmmo3f9pwxyup61","timelineOffsetMs":7.759537000209093}
10-11 14:47:39.094 21612 21675 I ReactNativeJS: [outputs] outputs.flashPulse {"timestamp":9482615.554974,"wallClock":1760208459094,"enabled":true,"durationMs":90,"source":"console.replay","correlationId":"console-replay:mgmmo3f9pwxyup61","timelineOffsetMs":7.759537000209093}
10-11 14:47:39.116 21612 23315 D OutputsAudio: [outputs-audio] stop gain=1.000 release=6.00
10-11 14:47:39.142 21612 21675 I ReactNativeJS: [outputs] outputs.flashPulse.commit {"timestamp":9482663.438516,"wallClock":1760208459142,"durationMs":90,"source":"console.replay","correlationId":"console-replay:mgmmo3f9pwxyup61","latencyMs":49.04281200096011,"timelineOffsetMs":7.759537000209093}
10-11 14:47:39.147 21612 23315 D OutputsAudio: [outputs-audio] start hz=700.0 gain=1.000 attack=2.50 release=6.00
10-11 14:47:39.189 21612 21675 D OutputsAudio: [outputs-audio] symbol.info sequence=22 symbol=- timestamp=9482668.306 duration=90.000
10-11 14:47:39.190 21612 21675 I ReactNativeJS: [outputs] playMorse.symbol {"timestamp":9482711.01461,"wallClock":1760208459189,"symbol":"-","durationMs":90,"index":17,"source":"console.replay","correlationId":"console-replay:mgmmo3hx48k42pas","nativeTimestampMs":9482668.306,"nativeDurationMs":90,"nativeOffsetMs":42.66022399999201,"nativeSequence":22,"monotonicTimestampMs":9482668.306}
10-11 14:47:39.190 21612 21675 I ReactNativeJS: [outputs] outputs.hapticSymbol {"timestamp":9482711.493308,"wallClock":1760208459190,"enabled":true,"symbol":"-","durationMs":90,"platform":"android","source":"console.replay","correlationId":"console-replay:mgmmo3hx48k42pas","timelineOffsetMs":42.66022399999201}
10-11 14:47:39.191 21612 21675 I ReactNativeJS: [outputs] outputs.flashPulse {"timestamp":9482712.207214,"wallClock":1760208459191,"enabled":true,"durationMs":90,"source":"console.replay","correlationId":"console-replay:mgmmo3hx48k42pas","timelineOffsetMs":42.66022399999201}
10-11 14:47:39.237 21612 23315 D OutputsAudio: [outputs-audio] stop gain=1.000 release=6.00
10-11 14:47:39.245 21612 21675 I ReactNativeJS: [outputs] outputs.flashPulse.commit {"timestamp":9482766.491328,"wallClock":1760208459245,"durationMs":90,"source":"console.replay","correlationId":"console-replay:mgmmo3hx48k42pas","latencyMs":55.52114599943161,"timelineOffsetMs":42.66022399999201}
10-11 14:47:39.267 21612 23315 D OutputsAudio: [outputs-audio] start hz=700.0 gain=1.000 attack=2.50 release=6.00
10-11 14:47:39.291 21612 21675 D OutputsAudio: [outputs-audio] symbol.info sequence=23 symbol=- timestamp=9482789.335 duration=90.000
10-11 14:47:39.291 21612 21675 I ReactNativeJS: [outputs] playMorse.symbol {"timestamp":9482812.375287,"wallClock":1760208459291,"symbol":".","durationMs":30,"index":18,"source":"console.replay","correlationId":"console-replay:mgmmo3krv0parzi0","nativeTimestampMs":9482789.335,"nativeDurationMs":90,"nativeOffsetMs":22.991900999099016,"nativeSequence":23,"monotonicTimestampMs":9482789.335}
10-11 14:47:39.291 21612 21675 I ReactNativeJS: [outputs] outputs.hapticSymbol {"timestamp":9482812.84836,"wallClock":1760208459291,"enabled":true,"symbol":".","durationMs":30,"platform":"android","source":"console.replay","correlationId":"console-replay:mgmmo3krv0parzi0","timelineOffsetMs":22.991900999099016}
10-11 14:47:39.292 21612 21675 I ReactNativeJS: [outputs] outputs.flashPulse {"timestamp":9482813.54836,"wallClock":1760208459292,"enabled":true,"durationMs":30,"source":"console.replay","correlationId":"console-replay:mgmmo3krv0parzi0","timelineOffsetMs":22.991900999099016}
10-11 14:47:39.348 21612 21675 I ReactNativeJS: [outputs] outputs.flashPulse.commit {"timestamp":9482869.34263,"wallClock":1760208459348,"durationMs":30,"source":"console.replay","correlationId":"console-replay:mgmmo3krv0parzi0","latencyMs":57.01151099987328,"timelineOffsetMs":22.991900999099016}
10-11 14:47:39.359 21612 23315 D OutputsAudio: [outputs-audio] stop gain=1.000 release=6.00
10-11 14:47:39.390 21612 23315 D OutputsAudio: [outputs-audio] start hz=700.0 gain=1.000 attack=2.50 release=6.00
