10-11 19:25:20.278 12221 14039 I ReactNativeJS: [outputs] playMorse.symbol {"timestamp":26106455.893477,"wallClock":1760225120277,"symbol":"-","durationMs":120,"index":22,"source":"console.replay","correlationId":"console-replay:z7qvhar1","nativeTimestampMs":26106449.573,"nativeDurationMs":120,"nativeOffsetMs":6.271673999726772,"nativeSequence":24,"monotonicTimestampMs":26106449.573,"nativeExpectedTimestampMs":26106414.425,"nativeStartSkewMs":35.148,"nativeBatchElapsedMs":2755.148,"nativeExpectedSincePriorMs":160,"nativeSincePriorMs":161.121,"nativePatternStartMs":26103694.425,"nativeAgeMs":6.204}
10-11 19:25:20.278 12221 14039 I ReactNativeJS: [outputs] playMorse.symbol {"timestamp":26106456.702539,"wallClock":1760225120278,"symbol":"-","durationMs":120,"index":22,"source":"console.replay","correlationId":"console-replay:mgmwl79yfwpepatr","nativeTimestampMs":26106449.573,"nativeDurationMs":120,"nativeOffsetMs":6.271673999726772,"nativeSequence":24,"monotonicTimestampMs":26106449.573,"nativeExpectedTimestampMs":26106414.425,"nativeStartSkewMs":35.148,"nativeBatchElapsedMs":2755.148,"nativeExpectedSincePriorMs":160,"nativeSincePriorMs":161.121,"nativePatternStartMs":26103694.425,"nativeAgeMs":6.204}
10-11 19:25:20.278 12221 14039 I ReactNativeJS: [outputs] outputs.hapticSymbol {"timestamp":26106457.184206,"wallClock":1760225120278,"enabled":true,"symbol":"-","durationMs":120,"platform":"android","source":"console.replay","correlationId":"console-replay:mgmwl79yfwpepatr","timelineOffsetMs":null}
10-11 19:25:20.279 12221 14039 I ReactNativeJS: [outputs] outputs.flashPulse {"timestamp":26106458.097383,"wallClock":1760225120279,"enabled":true,"durationMs":120,"source":"console.replay","correlationId":"console-replay:mgmwl79yfwpepatr","timelineOffsetMs":6.271673999726772,"schedulingMode":"timeline","audioStartHeadroomMs":-51.65972699970007,"audioStartGuard":"headroom","audioStartCompensationMs":51.65972699970007}
10-11 19:25:20.335 12221 14039 I ReactNativeJS: [outputs] outputs.flashPulse.commit {"timestamp":26106513.446185,"wallClock":1760225120334,"durationMs":120,"source":"console.replay","correlationId":"console-replay:mgmwl79yfwpepatr","latencyMs":57.59177100285888,"timelineOffsetMs":6.271673999726772,"leadMs":8,"scheduleSkewMs":55.34994800016284,"schedulingMode":"timeline","audioStartHeadroomMs":-51.65972699970007,"audioStartGuard":"headroom","audioStartCompensationMs":51.65972699970007}
10-11 19:25:20.391 12221 14872 D OutputsAudio: [outputs-audio] stop gain=1.000 release=6.00
10-11 19:25:20.432 12221 14872 D OutputsAudio: [outputs-audio] start hz=650.0 gain=1.000 attack=2.50 release=6.00
10-11 19:25:20.432 12221 14872 D OutputsAudio: [outputs-audio] playMorse.symbol.start sequence=25 symbol=. expected=26106574.425 actual=26106611.111 skew=36.686 batchElapsed=2916.686
10-11 19:25:20.444 12221 14039 D OutputsAudio: [outputs-audio] symbol.info sequence=25 symbol=. timestamp=26106611.111 duration=40.000 expected=26106574.425 skew=36.686 age=12.159
10-11 19:25:20.446 12221 14039 I ReactNativeJS: [outputs] playMorse.symbol {"timestamp":26106623.508529,"wallClock":1760225120444,"symbol":"-","durationMs":120,"index":23,"source":"console.replay","correlationId":"console-replay:o97g2256","nativeTimestampMs":26106611.111,"nativeDurationMs":40,"nativeOffsetMs":12.296694997698069,"nativeSequence":25,"monotonicTimestampMs":26106611.111,"nativeExpectedTimestampMs":26106574.425,"nativeStartSkewMs":36.686,"nativeBatchElapsedMs":2916.686,"nativeExpectedSincePriorMs":160,"nativeSincePriorMs":161.538,"nativePatternStartMs":26103694.425,"nativeAgeMs":12.159}
10-11 19:25:20.448 12221 14039 I ReactNativeJS: [outputs] playMorse.symbol {"timestamp":26106625.293789,"wallClock":1760225120446,"symbol":"-","durationMs":120,"index":23,"source":"console.replay","correlationId":"console-replay:mgmwl7emmh8b4aif","nativeTimestampMs":26106611.111,"nativeDurationMs":40,"nativeOffsetMs":12.296694997698069,"nativeSequence":25,"monotonicTimestampMs":26106611.111,"nativeExpectedTimestampMs":26106574.425,"nativeStartSkewMs":36.686,"nativeBatchElapsedMs":2916.686,"nativeExpectedSincePriorMs":160,"nativeSincePriorMs":161.538,"nativePatternStartMs":26103694.425,"nativeAgeMs":12.159}
10-11 19:25:20.449 12221 14039 I ReactNativeJS: [outputs] outputs.hapticSymbol {"timestamp":26106626.924779,"wallClock":1760225120448,"enabled":true,"symbol":"-","durationMs":120,"platform":"android","source":"console.replay","correlationId":"console-replay:mgmwl7emmh8b4aif","timelineOffsetMs":null}
10-11 19:25:20.450 12221 14039 I ReactNativeJS: [outputs] outputs.flashPulse {"timestamp":26106628.753581,"wallClock":1760225120450,"enabled":true,"durationMs":120,"source":"console.replay","correlationId":"console-replay:mgmwl7emmh8b4aif","timelineOffsetMs":12.296694997698069,"schedulingMode":"timeline","audioStartHeadroomMs":-62.311861999332905,"audioStartGuard":"headroom","audioStartCompensationMs":62.311861999332905}
10-11 19:25:20.473 12221 14872 D OutputsAudio: [outputs-audio] stop gain=1.000 release=6.00
10-11 19:25:20.505 12221 14039 I ReactNativeJS: [outputs] outputs.flashPulse.commit {"timestamp":26106683.789101,"wallClock":1760225120505,"durationMs":120,"source":"console.replay","correlationId":"console-replay:mgmwl7emmh8b4aif","latencyMs":60.37213600054383,"timelineOffsetMs":12.296694997698069,"leadMs":8,"scheduleSkewMs":55.04052099958062,"schedulingMode":"timeline","audioStartHeadroomMs":-62.311861999332905,"audioStartGuard":"headroom","audioStartCompensationMs":62.311861999332905}
10-11 19:25:20.513 12221 14872 D OutputsAudio: [outputs-audio] start hz=650.0 gain=1.000 attack=2.50 release=6.00
10-11 19:25:20.514 12221 14872 D OutputsAudio: [outputs-audio] playMorse.symbol.start sequence=26 symbol=. expected=26106654.425 actual=26106692.626 skew=38.201 batchElapsed=2998.201
10-11 19:25:20.554 12221 14872 D OutputsAudio: [outputs-audio] stop gain=1.000 release=6.00
10-11 19:25:20.556 12221 14039 D OutputsAudio: [outputs-audio] symbol.info sequence=26 symbol=. timestamp=26106692.626 duration=40.000 expected=26106654.425 skew=38.201 age=42.500
10-11 19:25:20.557 12221 14039 I ReactNativeJS: [outputs] playMorse.symbol {"timestamp":26106735.253945,"wallClock":1760225120556,"symbol":".","durationMs":40,"index":24,"source":"console.replay","correlationId":"console-replay:r4j7njr4","nativeTimestampMs":26106692.626,"nativeDurationMs":40,"nativeOffsetMs":42.57804900035262,"nativeSequence":26,"monotonicTimestampMs":26106692.626,"nativeExpectedTimestampMs":26106654.425,"nativeStartSkewMs":38.201,"nativeBatchElapsedMs":2998.201,"nativeExpectedSincePriorMs":80,"nativeSincePriorMs":81.515,"nativePatternStartMs":26103694.425,"nativeAgeMs":42.5}
10-11 19:25:20.557 12221 14039 I ReactNativeJS: [outputs] playMorse.symbol {"timestamp":26106735.908268,"wallClock":1760225120557,"symbol":".","durationMs":40,"index":24,"source":"console.replay","correlationId":"console-replay:mgmwl7hpzreceqrp","nativeTimestampMs":26106692.626,"nativeDurationMs":40,"nativeOffsetMs":42.57804900035262,"nativeSequence":26,"monotonicTimestampMs":26106692.626,"nativeExpectedTimestampMs":26106654.425,"nativeStartSkewMs":38.201,"nativeBatchElapsedMs":2998.201,"nativeExpectedSincePriorMs":80,"nativeSincePriorMs":81.515,"nativePatternStartMs":26103694.425,"nativeAgeMs":42.5}
10-11 19:25:20.558 12221 14039 I ReactNativeJS: [outputs] outputs.hapticSymbol {"timestamp":26106736.451758,"wallClock":1760225120557,"enabled":true,"symbol":".","durationMs":40,"platform":"android","source":"console.replay","correlationId":"console-replay:mgmwl7hpzreceqrp","timelineOffsetMs":null}
10-11 19:25:20.559 12221 14039 I ReactNativeJS: [outputs] outputs.flashPulse {"timestamp":26106737.352539,"wallClock":1760225120558,"enabled":true,"durationMs":40,"source":"console.replay","correlationId":"console-replay:mgmwl7hpzreceqrp","timelineOffsetMs":42.57804900035262,"schedulingMode":"timeline","audioStartHeadroomMs":-90.9169659987092,"audioStartGuard":"headroom","audioStartCompensationMs":90.9169659987092}
10-11 19:25:20.595 12221 14872 D OutputsAudio: [outputs-audio] start hz=650.0 gain=1.000 attack=2.50 release=6.00
10-11 19:25:20.595 12221 14872 D OutputsAudio: [outputs-audio] playMorse.symbol.start sequence=27 symbol=. expected=26106734.425 actual=26106774.070 skew=39.645 batchElapsed=3079.645
10-11 19:25:20.636 12221 14872 D OutputsAudio: [outputs-audio] stop gain=1.000 release=6.00
10-11 19:25:20.636 12221 14872 D OutputsAudio: [outputs-audio] stop gain=1.000 release=6.00
10-11 19:25:20.636 12221 14872 D OutputsAudio: [outputs-audio] playMorse.end cancelled=0
10-11 19:25:20.678 12221 14039 I ReactNativeJS: [outputs] outputs.flashPulse.commit {"timestamp":26106856.972643,"wallClock":1760225120678,"durationMs":40,"source":"console.replay","correlationId":"console-replay:mgmwl7hpzreceqrp","latencyMs":121.75953200086951,"timelineOffsetMs":42.57804900035262,"leadMs":8,"scheduleSkewMs":119.61973999813199,"schedulingMode":"timeline","audioStartHeadroomMs":-90.9169659987092,"audioStartGuard":"headroom","audioStartCompensationMs":90.9169659987092}
10-11 19:25:20.728 12221 14039 D OutputsAudio: [outputs-audio] symbol.info sequence=27 symbol=. timestamp=26106774.070 duration=40.000 expected=26106734.425 skew=39.645 age=133.084
10-11 19:25:20.729 12221 14039 I ReactNativeJS: [outputs] playMorse.symbol {"timestamp":26106907.289362,"wallClock":1760225120728,"symbol":".","durationMs":40,"index":25,"source":"console.replay","correlationId":"console-replay:ja04faxm","nativeTimestampMs":26106774.07,"nativeDurationMs":40,"nativeOffsetMs":133.1722260005772,"nativeSequence":27,"monotonicTimestampMs":26106774.07,"nativeExpectedTimestampMs":26106734.425,"nativeStartSkewMs":39.645,"nativeBatchElapsedMs":3079.645,"nativeExpectedSincePriorMs":80,"nativeSincePriorMs":81.444,"nativePatternStartMs":26103694.425,"nativeAgeMs":133.084}
10-11 19:25:20.729 12221 14039 I ReactNativeJS: [outputs] playMorse.nativeOffset.spike {"timestamp":26106907.879101,"wallClock":1760225120729,"source":"console.replay","offsetMs":133.1722260005772,"sequence":27,"unitMs":40,"correlationId":"console-replay:ja04faxm"}
10-11 19:25:20.730 12221 14039 I ReactNativeJS: [outputs] playMorse.symbol {"timestamp":26106908.318424,"wallClock":1760225120729,"symbol":".","durationMs":40,"index":25,"source":"console.replay","correlationId":"console-replay:mgmwl7mha40rquoq","nativeTimestampMs":26106774.07,"nativeDurationMs":40,"nativeOffsetMs":133.1722260005772,"nativeSequence":27,"monotonicTimestampMs":26106774.07,"nativeExpectedTimestampMs":26106734.425,"nativeStartSkewMs":39.645,"nativeBatchElapsedMs":3079.645,"nativeExpectedSincePriorMs":80,"nativeSincePriorMs":81.444,"nativePatternStartMs":26103694.425,"nativeAgeMs":133.084}
10-11 19:25:20.730 12221 14039 I ReactNativeJS: [outputs] playMorse.nativeOffset.spike {"timestamp":26106908.726914,"wallClock":1760225120730,"source":"console.replay","offsetMs":133.1722260005772,"sequence":27,"unitMs":40,"correlationId":"console-replay:mgmwl7mha40rquoq","startSkewMs":39.645,"batchElapsedMs":3079.645,"ageMs":133.084}
10-11 19:25:20.730 12221 14039 I ReactNativeJS: [outputs] outputs.hapticSymbol {"timestamp":26106909.129258,"wallClock":1760225120730,"enabled":true,"symbol":".","durationMs":40,"platform":"android","source":"console.replay","correlationId":"console-replay:mgmwl7mha40rquoq","timelineOffsetMs":null}
10-11 19:25:20.731 12221 14039 I ReactNativeJS: [outputs] outputs.flashPulse {"timestamp":26106909.982695,"wallClock":1760225120731,"enabled":true,"durationMs":40,"source":"console.replay","correlationId":"console-replay:mgmwl7mha40rquoq","timelineOffsetMs":133.1722260005772,"schedulingMode":"timeline","audioStartHeadroomMs":-183.54691400006413,"audioStartGuard":"headroom","audioStartCompensationMs":160}
10-11 19:25:20.794 12221 14039 I ReactNativeJS: [outputs] outputs.flashPulse.commit {"timestamp":26106972.889674,"wallClock":1760225120794,"durationMs":40,"source":"console.replay","correlationId":"console-replay:mgmwl7mha40rquoq","latencyMs":65.63817699998617,"timelineOffsetMs":133.1722260005772,"leadMs":8,"scheduleSkewMs":62.90682199969888,"schedulingMode":"timeline","audioStartHeadroomMs":-183.54691400006413,"audioStartGuard":"headroom","audioStartCompensationMs":160}
10-11 19:25:20.889 12221 14039 I ReactNativeJS: [outputs] playMorse.symbol {"timestamp":26107066.503737,"wallClock":1760225120887,"symbol":".","durationMs":40,"index":26,"source":"console.replay","correlationId":"console-replay:q24lit1x","nativeTimestampMs":null,"nativeDurationMs":40,"nativeOffsetMs":null,"nativeSequence":null,"monotonicTimestampMs":null,"nativeExpectedTimestampMs":null,"nativeStartSkewMs":null,"nativeBatchElapsedMs":null,"nativeExpectedSincePriorMs":null,"nativeSincePriorMs":null,"nativePatternStartMs":null,"nativeAgeMs":null}
10-11 19:25:20.892 12221 14039 I ReactNativeJS: [outputs] playMorse.symbol {"timestamp":26107069.599726,"wallClock":1760225120891,"symbol":".","durationMs":40,"index":26,"source":"console.replay","correlationId":"console-replay:mgmwl7qyq1ujq6d6","nativeTimestampMs":null,"nativeDurationMs":40,"nativeOffsetMs":null,"nativeSequence":null,"monotonicTimestampMs":null,"nativeExpectedTimestampMs":null,"nativeStartSkewMs":null,"nativeBatchElapsedMs":null,"nativeExpectedSincePriorMs":null,"nativeSincePriorMs":null,"nativePatternStartMs":null,"nativeAgeMs":null}
10-11 19:25:20.893 12221 14039 I ReactNativeJS: [outputs] outputs.hapticSymbol {"timestamp":26107070.976289,"wallClock":1760225120892,"enabled":true,"symbol":".","durationMs":40,"platform":"android","source":"console.replay","correlationId":"console-replay:mgmwl7qyq1ujq6d6","timelineOffsetMs":null}
10-11 19:25:20.894 12221 14039 I ReactNativeJS: [outputs] outputs.flashPulse {"timestamp":26107072.91832,"wallClock":1760225120894,"enabled":true,"durationMs":40,"source":"console.replay","correlationId":"console-replay:mgmwl7qyq1ujq6d6","timelineOffsetMs":24,"schedulingMode":"timeline"}
10-11 19:25:20.965 12221 14039 I ReactNativeJS: [outputs] playMorse.complete {"timestamp":26107143.935768,"wallClock":1760225120965,"durationMs":3714.8435400016606,"source":"console.replay","audioEnabled":true,"audioVolumePercent":100}
10-11 19:25:21.013 12221 14039 I ReactNativeJS: [outputs] outputs.flashPulse.commit {"timestamp":26107191.870924,"wallClock":1760225121013,"durationMs":40,"source":"console.replay","correlationId":"console-replay:mgmwl7qyq1ujq6d6","latencyMs":98.28286400064826,"timelineOffsetMs":24,"leadMs":8,"scheduleSkewMs":106.28286400064826,"schedulingMode":"timeline"}
10-11 19:25:23.546 12221 14039 I ReactNativeJS: [outputs] playMorse.start {"timestamp":26109724.313527,"wallClock":1760225123545,"unitMs":34,"length":29,"source":"console.replay","audioEnabled":true,"audioVolumePercent":100}
10-11 19:25:23.768 12221 14039 D OutputsAudio: [outputs-audio] warmup hz=650.0
10-11 19:25:23.769 12221 14901 D OutputsAudio: [outputs-audio] playMorse.start count=27 unit=34.0
10-11 19:25:23.769 12221 14901 D OutputsAudio: [outputs-audio] start hz=650.0 gain=1.000 attack=2.50 release=6.00
10-11 19:25:23.769 12221 14901 D OutputsAudio: [outputs-audio] playMorse.symbol.start sequence=1 symbol=. expected=26109947.250 actual=26109947.664 skew=0.414 batchElapsed=0.414
10-11 19:25:23.784 12221 14039 D OutputsAudio: [outputs-audio] symbol.info sequence=1 symbol=. timestamp=26109947.664 duration=34.000 expected=26109947.250 skew=0.414 age=14.889
10-11 19:25:23.785 12221 14039 I ReactNativeJS: [outputs] playMorse.symbol {"timestamp":26109962.811027,"wallClock":1760225123784,"symbol":".","durationMs":34,"index":0,"source":"console.replay","correlationId":"console-replay:zjc7bpoj","nativeTimestampMs":26109947.664,"nativeDurationMs":34,"nativeOffsetMs":15.045151997357607,"nativeSequence":1,"monotonicTimestampMs":26109947.664,"nativeExpectedTimestampMs":26109947.25,"nativeStartSkewMs":0.414,"nativeBatchElapsedMs":0.414,"nativeExpectedSincePriorMs":0,"nativeSincePriorMs":0,"nativePatternStartMs":26109947.25,"nativeAgeMs":14.889}
10-11 19:25:23.786 12221 14039 I ReactNativeJS: [outputs] playMorse.symbol {"timestamp":26109964.25009,"wallClock":1760225123785,"symbol":".","durationMs":34,"index":0,"source":"console.replay","correlationId":"console-replay:mgmwl9zd77kz3743","nativeTimestampMs":26109947.664,"nativeDurationMs":34,"nativeOffsetMs":15.045151997357607,"nativeSequence":1,"monotonicTimestampMs":26109947.664,"nativeExpectedTimestampMs":26109947.25,"nativeStartSkewMs":0.414,"nativeBatchElapsedMs":0.414,"nativeExpectedSincePriorMs":0,"nativeSincePriorMs":0,"nativePatternStartMs":26109947.25,"nativeAgeMs":14.889}
10-11 19:25:23.787 12221 14039 I ReactNativeJS: [outputs] outputs.hapticSymbol {"timestamp":26109965.132069,"wallClock":1760225123786,"enabled":true,"symbol":".","durationMs":34,"platform":"android","source":"console.replay","correlationId":"console-replay:mgmwl9zd77kz3743","timelineOffsetMs":null}
10-11 19:25:23.788 12221 14039 I ReactNativeJS: [outputs] outputs.flashPulse {"timestamp":26109966.802486,"wallClock":1760225123788,"enabled":true,"durationMs":34,"source":"console.replay","correlationId":"console-replay:mgmwl9zd77kz3743","timelineOffsetMs":15.045151997357607,"schedulingMode":"timeline","audioStartHeadroomMs":-27.532641999423504,"audioStartGuard":"headroom","audioStartCompensationMs":27.532641999423504}
10-11 19:25:23.804 12221 14901 D OutputsAudio: [outputs-audio] stop gain=1.000 release=6.00
10-11 19:25:23.838 12221 14901 D OutputsAudio: [outputs-audio] start hz=650.0 gain=1.000 attack=2.50 release=6.00
10-11 19:25:23.838 12221 14901 D OutputsAudio: [outputs-audio] playMorse.symbol.start sequence=2 symbol=. expected=26110015.250 actual=26110017.499 skew=2.248 batchElapsed=70.248
10-11 19:25:23.858 12221 14039 I ReactNativeJS: [outputs] outputs.flashPulse.commit {"timestamp":26110036.993423,"wallClock":1760225123858,"durationMs":34,"source":"console.replay","correlationId":"console-replay:mgmwl9zd77kz3743","latencyMs":74.27546900138259,"timelineOffsetMs":15.045151997357607,"leadMs":8,"scheduleSkewMs":70.19900999963284,"schedulingMode":"timeline","audioStartHeadroomMs":-27.532641999423504,"audioStartGuard":"headroom","audioStartCompensationMs":27.532641999423504}
10-11 19:25:23.873 12221 14901 D OutputsAudio: [outputs-audio] stop gain=1.000 release=6.00
10-11 19:25:23.908 12221 14039 D OutputsAudio: [outputs-audio] symbol.info sequence=2 symbol=. timestamp=26110017.499 duration=34.000 expected=26110015.250 skew=2.248 age=69.140
10-11 19:25:23.908 12221 14039 I ReactNativeJS: [outputs] playMorse.symbol {"timestamp":26110086.773215,"wallClock":1760225123908,"symbol":".","durationMs":34,"index":1,"source":"console.replay","correlationId":"console-replay:lt37326m","nativeTimestampMs":26110017.499,"nativeDurationMs":34,"nativeOffsetMs":69.22671499848366,"nativeSequence":2,"monotonicTimestampMs":26110017.499,"nativeExpectedTimestampMs":26110015.25,"nativeStartSkewMs":2.248,"nativeBatchElapsedMs":70.248,"nativeExpectedSincePriorMs":68,"nativeSincePriorMs":69.834,"nativePatternStartMs":26109947.25,"nativeAgeMs":69.14}
10-11 19:25:23.908 12221 14901 D OutputsAudio: [outputs-audio] start hz=650.0 gain=1.000 attack=2.50 release=6.00
10-11 19:25:23.909 12221 14039 I ReactNativeJS: [outputs] playMorse.symbol {"timestamp":26110087.417381,"wallClock":1760225123908,"symbol":".","durationMs":34,"index":1,"source":"console.replay","correlationId":"console-replay:mgmwla2sf8zkrc84","nativeTimestampMs":26110017.499,"nativeDurationMs":34,"nativeOffsetMs":69.22671499848366,"nativeSequence":2,"monotonicTimestampMs":26110017.499,"nativeExpectedTimestampMs":26110015.25,"nativeStartSkewMs":2.248,"nativeBatchElapsedMs":70.248,"nativeExpectedSincePriorMs":68,"nativeSincePriorMs":69.834,"nativePatternStartMs":26109947.25,"nativeAgeMs":69.14}
10-11 19:25:23.909 12221 14039 I ReactNativeJS: [outputs] outputs.hapticSymbol {"timestamp":26110087.861444,"wallClock":1760225123909,"enabled":true,"symbol":".","durationMs":34,"platform":"android","source":"console.replay","correlationId":"console-replay:mgmwla2sf8zkrc84","timelineOffsetMs":null}
10-11 19:25:23.910 12221 14039 I ReactNativeJS: [outputs] outputs.flashPulse {"timestamp":26110088.790454,"wallClock":1760225123910,"enabled":true,"durationMs":34,"source":"console.replay","correlationId":"console-replay:mgmwla2sf8zkrc84","timelineOffsetMs":69.22671499848366,"schedulingMode":"timeline","audioStartHeadroomMs":-81.53055800125003,"audioStartGuard":"headroom","audioStartCompensationMs":81.53055800125003}
10-11 19:25:23.910 12221 14901 D OutputsAudio: [outputs-audio] playMorse.symbol.start sequence=3 symbol=. expected=26110083.250 actual=26110087.680 skew=4.430 batchElapsed=140.430
10-11 19:25:23.910 12221 14039 D OutputsAudio: [outputs-audio] symbol.info sequence=3 symbol=. timestamp=26110087.680 duration=34.000 expected=26110083.250 skew=4.430 age=1.631
10-11 19:25:23.943 12221 14901 D OutputsAudio: [outputs-audio] stop gain=1.000 release=6.00
10-11 19:25:23.970 12221 14039 I ReactNativeJS: [outputs] playMorse.symbol {"timestamp":26110147.961861,"wallClock":1760225123969,"symbol":".","durationMs":34,"index":2,"source":"console.replay","correlationId":"console-replay:3i6iin4j","nativeTimestampMs":26110087.68,"nativeDurationMs":34,"nativeOffsetMs":1.6736310012638569,"nativeSequence":3,"monotonicTimestampMs":26110087.68,"nativeExpectedTimestampMs":26110083.25,"nativeStartSkewMs":4.43,"nativeBatchElapsedMs":140.43,"nativeExpectedSincePriorMs":68,"nativeSincePriorMs":70.182,"nativePatternStartMs":26109947.25,"nativeAgeMs":1.631}
10-11 19:25:23.970 12221 14039 I ReactNativeJS: [outputs] playMorse.symbol {"timestamp":26110148.699933,"wallClock":1760225123970,"symbol":".","durationMs":34,"index":2,"source":"console.replay","correlationId":"console-replay:mgmwla4iev7hgm5n","nativeTimestampMs":26110087.68,"nativeDurationMs":34,"nativeOffsetMs":1.6736310012638569,"nativeSequence":3,"monotonicTimestampMs":26110087.68,"nativeExpectedTimestampMs":26110083.25,"nativeStartSkewMs":4.43,"nativeBatchElapsedMs":140.43,"nativeExpectedSincePriorMs":68,"nativeSincePriorMs":70.182,"nativePatternStartMs":26109947.25,"nativeAgeMs":1.631}
10-11 19:25:23.970 12221 14039 I ReactNativeJS: [outputs] outputs.hapticSymbol {"timestamp":26110149.109413,"wallClock":1760225123970,"enabled":true,"symbol":".","durationMs":34,"platform":"android","source":"console.replay","correlationId":"console-replay:mgmwla4iev7hgm5n","timelineOffsetMs":null}
10-11 19:25:23.971 12221 14039 I ReactNativeJS: [outputs] outputs.flashPulse {"timestamp":26110149.950871,"wallClock":1760225123971,"enabled":true,"durationMs":34,"source":"console.replay","correlationId":"console-replay:mgmwla4iev7hgm5n","timelineOffsetMs":1.6736310012638569,"schedulingMode":"timeline","audioStartHeadroomMs":-74.69133999943733,"audioStartGuard":"headroom","audioStartCompensationMs":74.69133999943733}
10-11 19:25:23.977 12221 14901 D OutputsAudio: [outputs-audio] start hz=650.0 gain=1.000 attack=2.50 release=6.00
10-11 19:25:23.977 12221 14901 D OutputsAudio: [outputs-audio] playMorse.symbol.start sequence=4 symbol=- expected=26110151.250 actual=26110156.490 skew=5.240 batchElapsed=209.240
10-11 19:25:24.028 12221 14039 I ReactNativeJS: [outputs] outputs.flashPulse.commit {"timestamp":26110206.615715,"wallClock":1760225124028,"durationMs":34,"source":"console.replay","correlationId":"console-replay:mgmwla2sf8zkrc84","latencyMs":119.8810410015285,"timelineOffsetMs":69.22671499848366,"leadMs":8,"scheduleSkewMs":117.824323002249,"schedulingMode":"timeline","audioStartHeadroomMs":-81.53055800125003,"audioStartGuard":"headroom","audioStartCompensationMs":81.53055800125003}
10-11 19:25:24.073 12221 14039 D OutputsAudio: [outputs-audio] symbol.info sequence=4 symbol=- timestamp=26110156.490 duration=102.000 expected=26110151.250 skew=5.240 age=95.700
10-11 19:25:24.074 12221 14039 I ReactNativeJS: [outputs] playMorse.symbol {"timestamp":26110252.3241,"wallClock":1760225124073,"symbol":"-","durationMs":102,"index":3,"source":"console.replay","correlationId":"console-replay:q3nlqjss","nativeTimestampMs":26110156.49,"nativeDurationMs":102,"nativeOffsetMs":95.78727700188756,"nativeSequence":4,"monotonicTimestampMs":26110156.49,"nativeExpectedTimestampMs":26110151.25,"nativeStartSkewMs":5.24,"nativeBatchElapsedMs":209.24,"nativeExpectedSincePriorMs":68,"nativeSincePriorMs":68.81,"nativePatternStartMs":26109947.25,"nativeAgeMs":95.7}
10-11 19:25:24.074 12221 14039 I ReactNativeJS: [outputs] playMorse.nativeOffset.spike {"timestamp":26110252.929777,"wallClock":1760225124074,"source":"console.replay","offsetMs":95.78727700188756,"sequence":4,"unitMs":34,"correlationId":"console-replay:q3nlqjss"}
10-11 19:25:24.075 12221 14039 I ReactNativeJS: [outputs] playMorse.symbol {"timestamp":26110253.360194,"wallClock":1760225124074,"symbol":"-","durationMs":102,"index":3,"source":"console.replay","correlationId":"console-replay:mgmwla7eqqo2omp9","nativeTimestampMs":26110156.49,"nativeDurationMs":102,"nativeOffsetMs":95.78727700188756,"nativeSequence":4,"monotonicTimestampMs":26110156.49,"nativeExpectedTimestampMs":26110151.25,"nativeStartSkewMs":5.24,"nativeBatchElapsedMs":209.24,"nativeExpectedSincePriorMs":68,"nativeSincePriorMs":68.81,"nativePatternStartMs":26109947.25,"nativeAgeMs":95.7}
10-11 19:25:24.075 12221 14039 I ReactNativeJS: [outputs] playMorse.nativeOffset.spike {"timestamp":26110253.774256,"wallClock":1760225124075,"source":"console.replay","offsetMs":95.78727700188756,"sequence":4,"unitMs":34,"correlationId":"console-replay:mgmwla7eqqo2omp9","startSkewMs":5.24,"batchElapsedMs":209.24,"ageMs":95.7}
10-11 19:25:24.075 12221 14039 I ReactNativeJS: [outputs] outputs.hapticSymbol {"timestamp":26110254.164829,"wallClock":1760225124075,"enabled":true,"symbol":"-","durationMs":102,"platform":"android","source":"console.replay","correlationId":"console-replay:mgmwla7eqqo2omp9","timelineOffsetMs":null}
10-11 19:25:24.076 12221 14039 I ReactNativeJS: [outputs] outputs.flashPulse {"timestamp":26110255.048631,"wallClock":1760225124076,"enabled":true,"durationMs":102,"source":"console.replay","correlationId":"console-replay:mgmwla7eqqo2omp9","timelineOffsetMs":95.78727700188756,"schedulingMode":"timeline","audioStartHeadroomMs":-111.78805800154805,"audioStartGuard":"headroom","audioStartCompensationMs":111.78805800154805}
10-11 19:25:24.080 12221 14901 D OutputsAudio: [outputs-audio] stop gain=1.000 release=6.00
10-11 19:25:24.115 12221 14901 D OutputsAudio: [outputs-audio] start hz=650.0 gain=1.000 attack=2.50 release=6.00
10-11 19:25:24.115 12221 14901 D OutputsAudio: [outputs-audio] playMorse.symbol.start sequence=5 symbol=- expected=26110287.250 actual=26110293.862 skew=6.612 batchElapsed=346.612
10-11 19:25:24.143 12221 14039 I ReactNativeJS: [outputs] outputs.flashPulse.commit {"timestamp":26110321.825715,"wallClock":1760225124143,"durationMs":34,"source":"console.replay","correlationId":"console-replay:mgmwla4iev7hgm5n","latencyMs":232.46276099979877,"timelineOffsetMs":1.6736310012638569,"leadMs":8,"scheduleSkewMs":171.87343800067902,"schedulingMode":"timeline","audioStartHeadroomMs":-74.69133999943733,"audioStartGuard":"headroom","audioStartCompensationMs":74.69133999943733}
10-11 19:25:24.189 12221 14039 I ReactNativeJS: [outputs] outputs.flashPulse.commit {"timestamp":26110367.818631,"wallClock":1760225124189,"durationMs":102,"source":"console.replay","correlationId":"console-replay:mgmwla7eqqo2omp9","latencyMs":115.53255200013518,"timelineOffsetMs":95.78727700188756,"leadMs":8,"scheduleSkewMs":112.76984399929643,"schedulingMode":"timeline","audioStartHeadroomMs":-111.78805800154805,"audioStartGuard":"headroom","audioStartCompensationMs":111.78805800154805}
10-11 19:25:24.217 12221 14901 D OutputsAudio: [outputs-audio] stop gain=1.000 release=6.00
10-11 19:25:24.233 12221 14039 D OutputsAudio: [outputs-audio] symbol.info sequence=5 symbol=- timestamp=26110293.862 duration=102.000 expected=26110287.250 skew=6.612 age=118.494
10-11 19:25:24.234 12221 14039 I ReactNativeJS: [outputs] playMorse.symbol {"timestamp":26110412.483944,"wallClock":1760225124233,"symbol":"-","durationMs":102,"index":4,"source":"console.replay","correlationId":"console-replay:p8t8dp12","nativeTimestampMs":26110293.862,"nativeDurationMs":102,"nativeOffsetMs":118.5759540013969,"nativeSequence":5,"monotonicTimestampMs":26110293.862,"nativeExpectedTimestampMs":26110287.25,"nativeStartSkewMs":6.612,"nativeBatchElapsedMs":346.612,"nativeExpectedSincePriorMs":136,"nativeSincePriorMs":137.372,"nativePatternStartMs":26109947.25,"nativeAgeMs":118.494}
10-11 19:25:24.234 12221 14039 I ReactNativeJS: [outputs] playMorse.nativeOffset.spike {"timestamp":26110413.073579,"wallClock":1760225124234,"source":"console.replay","offsetMs":118.5759540013969,"sequence":5,"unitMs":34,"correlationId":"console-replay:p8t8dp12"}
10-11 19:25:24.235 12221 14039 I ReactNativeJS: [outputs] playMorse.symbol {"timestamp":26110413.455767,"wallClock":1760225124234,"symbol":"-","durationMs":102,"index":4,"source":"console.replay","correlationId":"console-replay:mgmwlabu8uzfl8rr","nativeTimestampMs":26110293.862,"nativeDurationMs":102,"nativeOffsetMs":118.5759540013969,"nativeSequence":5,"monotonicTimestampMs":26110293.862,"nativeExpectedTimestampMs":26110287.25,"nativeStartSkewMs":6.612,"nativeBatchElapsedMs":346.612,"nativeExpectedSincePriorMs":136,"nativeSincePriorMs":137.372,"nativePatternStartMs":26109947.25,"nativeAgeMs":118.494}
10-11 19:25:24.235 12221 14039 I ReactNativeJS: [outputs] playMorse.nativeOffset.spike {"timestamp":26110413.843892,"wallClock":1760225124235,"source":"console.replay","offsetMs":118.5759540013969,"sequence":5,"unitMs":34,"correlationId":"console-replay:mgmwlabu8uzfl8rr","startSkewMs":6.612,"batchElapsedMs":346.612,"ageMs":118.494}
10-11 19:25:24.236 12221 14039 I ReactNativeJS: [outputs] outputs.hapticSymbol {"timestamp":26110414.247485,"wallClock":1760225124235,"enabled":true,"symbol":"-","durationMs":102,"platform":"android","source":"console.replay","correlationId":"console-replay:mgmwlabu8uzfl8rr","timelineOffsetMs":null}
10-11 19:25:24.236 12221 14039 I ReactNativeJS: [outputs] outputs.flashPulse {"timestamp":26110415.118319,"wallClock":1760225124236,"enabled":true,"durationMs":102,"source":"console.replay","correlationId":"console-replay:mgmwlabu8uzfl8rr","timelineOffsetMs":118.5759540013969,"schedulingMode":"timeline","audioStartHeadroomMs":-135.85873499885201,"audioStartGuard":"headroom","audioStartCompensationMs":135.85873499885201}
10-11 19:25:24.252 12221 14901 D OutputsAudio: [outputs-audio] start hz=650.0 gain=1.000 attack=2.50 release=6.00
10-11 19:25:24.252 12221 14901 D OutputsAudio: [outputs-audio] playMorse.symbol.start sequence=6 symbol=- expected=26110423.250 actual=26110431.125 skew=7.875 batchElapsed=483.875
10-11 19:25:24.312 12221 14039 I ReactNativeJS: [outputs] outputs.flashPulse.commit {"timestamp":26110490.347537,"wallClock":1760225124311,"durationMs":102,"source":"console.replay","correlationId":"console-replay:mgmwlabu8uzfl8rr","latencyMs":77.90005199983716,"timelineOffsetMs":118.5759540013969,"leadMs":8,"scheduleSkewMs":75.22770800068974,"schedulingMode":"timeline","audioStartHeadroomMs":-135.85873499885201,"audioStartGuard":"headroom","audioStartCompensationMs":135.85873499885201}
10-11 19:25:24.355 12221 14901 D OutputsAudio: [outputs-audio] stop gain=1.000 release=6.00
10-11 19:25:24.363 12221 14039 D OutputsAudio: [outputs-audio] symbol.info sequence=6 symbol=- timestamp=26110431.125 duration=102.000 expected=26110423.250 skew=7.875 age=110.621
10-11 19:25:24.363 12221 14039 I ReactNativeJS: [outputs] playMorse.symbol {"timestamp":26110541.876444,"wallClock":1760225124363,"symbol":"-","durationMs":102,"index":5,"source":"console.replay","correlationId":"console-replay:6j5bulm1","nativeTimestampMs":26110431.125,"nativeDurationMs":102,"nativeOffsetMs":110.7042560018599,"nativeSequence":6,"monotonicTimestampMs":26110431.125,"nativeExpectedTimestampMs":26110423.25,"nativeStartSkewMs":7.875,"nativeBatchElapsedMs":483.875,"nativeExpectedSincePriorMs":136,"nativeSincePriorMs":137.263,"nativePatternStartMs":26109947.25,"nativeAgeMs":110.621}
10-11 19:25:24.364 12221 14039 I ReactNativeJS: [outputs] playMorse.nativeOffset.spike {"timestamp":26110542.476079,"wallClock":1760225124363,"source":"console.replay","offsetMs":110.7042560018599,"sequence":6,"unitMs":34,"correlationId":"console-replay:6j5bulm1"}
10-11 19:25:24.364 12221 14039 I ReactNativeJS: [outputs] playMorse.symbol {"timestamp":26110542.894933,"wallClock":1760225124364,"symbol":"-","durationMs":102,"index":5,"source":"console.replay","correlationId":"console-replay:mgmwlafgtubjon5s","nativeTimestampMs":26110431.125,"nativeDurationMs":102,"nativeOffsetMs":110.7042560018599,"nativeSequence":6,"monotonicTimestampMs":26110431.125,"nativeExpectedTimestampMs":26110423.25,"nativeStartSkewMs":7.875,"nativeBatchElapsedMs":483.875,"nativeExpectedSincePriorMs":136,"nativeSincePriorMs":137.263,"nativePatternStartMs":26109947.25,"nativeAgeMs":110.621}
10-11 19:25:24.365 12221 14039 I ReactNativeJS: [outputs] playMorse.nativeOffset.spike {"timestamp":26110543.307537,"wallClock":1760225124364,"source":"console.replay","offsetMs":110.7042560018599,"sequence":6,"unitMs":34,"correlationId":"console-replay:mgmwlafgtubjon5s","startSkewMs":7.875,"batchElapsedMs":483.875,"ageMs":110.621}
10-11 19:25:24.365 12221 14039 I ReactNativeJS: [outputs] outputs.hapticSymbol {"timestamp":26110543.706235,"wallClock":1760225124365,"enabled":true,"symbol":"-","durationMs":102,"platform":"android","source":"console.replay","correlationId":"console-replay:mgmwlafgtubjon5s","timelineOffsetMs":null}
10-11 19:25:24.366 12221 14039 I ReactNativeJS: [outputs] outputs.flashPulse {"timestamp":26110544.680819,"wallClock":1760225124366,"enabled":true,"durationMs":102,"source":"console.replay","correlationId":"console-replay:mgmwlafgtubjon5s","timelineOffsetMs":110.7042560018599,"schedulingMode":"timeline","audioStartHeadroomMs":-129.42087100073695,"audioStartGuard":"headroom","audioStartCompensationMs":129.42087100073695}
10-11 19:25:24.390 12221 14901 D OutputsAudio: [outputs-audio] start hz=650.0 gain=1.000 attack=2.50 release=6.00
10-11 19:25:24.390 12221 14901 D OutputsAudio: [outputs-audio] playMorse.symbol.start sequence=7 symbol=. expected=26110559.250 actual=26110568.770 skew=9.520 batchElapsed=621.520
10-11 19:25:24.425 12221 14901 D OutputsAudio: [outputs-audio] stop gain=1.000 release=6.00
10-11 19:25:24.435 12221 14039 I ReactNativeJS: [outputs] outputs.flashPulse.commit {"timestamp":26110613.513371,"wallClock":1760225124434,"durationMs":102,"source":"console.replay","correlationId":"console-replay:mgmwlafgtubjon5s","latencyMs":71.67536499723792,"timelineOffsetMs":110.7042560018599,"leadMs":8,"scheduleSkewMs":68.83224000036716,"schedulingMode":"timeline","audioStartHeadroomMs":-129.42087100073695,"audioStartGuard":"headroom","audioStartCompensationMs":129.42087100073695}
10-11 19:25:24.460 12221 14901 D OutputsAudio: [outputs-audio] start hz=650.0 gain=1.000 attack=2.50 release=6.00
10-11 19:25:24.460 12221 14901 D OutputsAudio: [outputs-audio] playMorse.symbol.start sequence=8 symbol=. expected=26110627.250 actual=26110639.219 skew=11.969 batchElapsed=691.969
10-11 19:25:24.479 12221 14039 D OutputsAudio: [outputs-audio] symbol.info sequence=8 symbol=. timestamp=26110639.219 duration=34.000 expected=26110627.250 skew=11.969 age=19.026
10-11 19:25:24.480 12221 14039 W ReactNativeJS: '[outputs-audio] native sequence jump', { previous: 6, next: 8, delta: 2 }
10-11 19:25:24.480 12221 14039 I ReactNativeJS: [outputs] playMorse.symbol {"timestamp":26110659.062746,"wallClock":1760225124480,"symbol":".","durationMs":34,"index":6,"source":"console.replay","correlationId":"console-replay:o643ku8u","nativeTimestampMs":26110639.219,"nativeDurationMs":34,"nativeOffsetMs":19.80697499960661,"nativeSequence":8,"monotonicTimestampMs":26110639.219,"nativeExpectedTimestampMs":26110627.25,"nativeStartSkewMs":11.969,"nativeBatchElapsedMs":691.969,"nativeExpectedSincePriorMs":68,"nativeSincePriorMs":70.449,"nativePatternStartMs":26109947.25,"nativeAgeMs":19.026}
10-11 19:25:24.481 12221 14039 I ReactNativeJS: [outputs] playMorse.symbol {"timestamp":26110659.572694,"wallClock":1760225124480,"symbol":".","durationMs":34,"index":6,"source":"console.replay","correlationId":"console-replay:mgmwlaiohwrf15bg","nativeTimestampMs":26110639.219,"nativeDurationMs":34,"nativeOffsetMs":19.80697499960661,"nativeSequence":8,"monotonicTimestampMs":26110639.219,"nativeExpectedTimestampMs":26110627.25,"nativeStartSkewMs":11.969,"nativeBatchElapsedMs":691.969,"nativeExpectedSincePriorMs":68,"nativeSincePriorMs":70.449,"nativePatternStartMs":26109947.25,"nativeAgeMs":19.026}
10-11 19:25:24.481 12221 14039 I ReactNativeJS: [outputs] outputs.hapticSymbol {"timestamp":26110659.979881,"wallClock":1760225124481,"enabled":true,"symbol":".","durationMs":34,"platform":"android","source":"console.replay","correlationId":"console-replay:mgmwlaiohwrf15bg","timelineOffsetMs":null}
10-11 19:25:24.482 12221 14039 I ReactNativeJS: [outputs] outputs.flashPulse {"timestamp":26110660.887954,"wallClock":1760225124482,"enabled":true,"durationMs":34,"source":"console.replay","correlationId":"console-replay:mgmwlaiohwrf15bg","timelineOffsetMs":19.80697499960661,"schedulingMode":"timeline","audioStartHeadroomMs":-41.627849999815226,"audioStartGuard":"headroom","audioStartCompensationMs":41.627849999815226}
10-11 19:25:24.494 12221 14901 D OutputsAudio: [outputs-audio] stop gain=1.000 release=6.00
10-11 19:25:24.529 12221 14901 D OutputsAudio: [outputs-audio] start hz=650.0 gain=1.000 attack=2.50 release=6.00
10-11 19:25:24.529 12221 14901 D OutputsAudio: [outputs-audio] playMorse.symbol.start sequence=9 symbol=. expected=26110695.250 actual=26110708.280 skew=13.030 batchElapsed=761.030
10-11 19:25:24.537 12221 14039 I ReactNativeJS: [outputs] outputs.flashPulse.commit {"timestamp":26110715.177277,"wallClock":1760225124536,"durationMs":34,"source":"console.replay","correlationId":"console-replay:mgmwlaiohwrf15bg","latencyMs":56.1423959992826,"timelineOffsetMs":19.80697499960661,"leadMs":8,"scheduleSkewMs":54.289010997861624,"schedulingMode":"timeline","audioStartHeadroomMs":-41.627849999815226,"audioStartGuard":"headroom","audioStartCompensationMs":41.627849999815226}
10-11 19:25:24.563 12221 14901 D OutputsAudio: [outputs-audio] stop gain=1.000 release=6.00
10-11 19:25:24.588 12221 14039 D OutputsAudio: [outputs-audio] symbol.info sequence=9 symbol=. timestamp=26110708.280 duration=34.000 expected=26110695.250 skew=13.030 age=58.488
10-11 19:25:24.588 12221 14039 I ReactNativeJS: [outputs] playMorse.symbol {"timestamp":26110766.903162,"wallClock":1760225124588,"symbol":".","durationMs":34,"index":7,"source":"console.replay","correlationId":"console-replay:ky2zycvy","nativeTimestampMs":26110708.28,"nativeDurationMs":34,"nativeOffsetMs":58.57430800050497,"nativeSequence":9,"monotonicTimestampMs":26110708.28,"nativeExpectedTimestampMs":26110695.25,"nativeStartSkewMs":13.03,"nativeBatchElapsedMs":761.03,"nativeExpectedSincePriorMs":68,"nativeSincePriorMs":69.061,"nativePatternStartMs":26109947.25,"nativeAgeMs":58.488}
10-11 19:25:24.589 12221 14039 I ReactNativeJS: [outputs] playMorse.symbol {"timestamp":26110767.524517,"wallClock":1760225124588,"symbol":".","durationMs":34,"index":7,"source":"console.replay","correlationId":"console-replay:mgmwlaloalusl294","nativeTimestampMs":26110708.28,"nativeDurationMs":34,"nativeOffsetMs":58.57430800050497,"nativeSequence":9,"monotonicTimestampMs":26110708.28,"nativeExpectedTimestampMs":26110695.25,"nativeStartSkewMs":13.03,"nativeBatchElapsedMs":761.03,"nativeExpectedSincePriorMs":68,"nativeSincePriorMs":69.061,"nativePatternStartMs":26109947.25,"nativeAgeMs":58.488}
10-11 19:25:24.589 12221 14039 I ReactNativeJS: [outputs] outputs.hapticSymbol {"timestamp":26110767.961131,"wallClock":1760225124589,"enabled":true,"symbol":".","durationMs":34,"platform":"android","source":"console.replay","correlationId":"console-replay:mgmwlaloalusl294","timelineOffsetMs":null}
10-11 19:25:24.590 12221 14039 I ReactNativeJS: [outputs] outputs.flashPulse {"timestamp":26110768.889881,"wallClock":1760225124590,"enabled":true,"durationMs":34,"source":"console.replay","correlationId":"console-replay:mgmwlaloalusl294","timelineOffsetMs":58.57430800050497,"schedulingMode":"timeline","audioStartHeadroomMs":-81.62998500093818,"audioStartGuard":"headroom","audioStartCompensationMs":81.62998500093818}
10-11 19:25:24.598 12221 14901 D OutputsAudio: [outputs-audio] start hz=650.0 gain=1.000 attack=2.50 release=6.00
10-11 19:25:24.598 12221 14901 D OutputsAudio: [outputs-audio] playMorse.symbol.start sequence=10 symbol=- expected=26110763.250 actual=26110777.508 skew=14.257 batchElapsed=830.257
10-11 19:25:24.645 12221 14039 I ReactNativeJS: [outputs] outputs.flashPulse.commit {"timestamp":26110823.758735,"wallClock":1760225124645,"durationMs":34,"source":"console.replay","correlationId":"console-replay:mgmwlaloalusl294","latencyMs":56.895416997373104,"timelineOffsetMs":58.57430800050497,"leadMs":8,"scheduleSkewMs":54.86812499910593,"schedulingMode":"timeline","audioStartHeadroomMs":-81.62998500093818,"audioStartGuard":"headroom","audioStartCompensationMs":81.62998500093818}
10-11 19:25:24.694 12221 14039 D OutputsAudio: [outputs-audio] symbol.info sequence=10 symbol=- timestamp=26110777.508 duration=102.000 expected=26110763.250 skew=14.257 age=95.088
10-11 19:25:24.694 12221 14039 I ReactNativeJS: [outputs] playMorse.symbol {"timestamp":26110872.725662,"wallClock":1760225124694,"symbol":".","durationMs":34,"index":8,"source":"console.replay","correlationId":"console-replay:2jfiii8h","nativeTimestampMs":26110777.508,"nativeDurationMs":102,"nativeOffsetMs":95.17073499783874,"nativeSequence":10,"monotonicTimestampMs":26110777.508,"nativeExpectedTimestampMs":26110763.25,"nativeStartSkewMs":14.257,"nativeBatchElapsedMs":830.257,"nativeExpectedSincePriorMs":68,"nativeSincePriorMs":69.228,"nativePatternStartMs":26109947.25,"nativeAgeMs":95.088}
10-11 19:25:24.695 12221 14039 I ReactNativeJS: [outputs] playMorse.nativeOffset.spike {"timestamp":26110873.326548,"wallClock":1760225124694,"source":"console.replay","offsetMs":95.17073499783874,"sequence":10,"unitMs":34,"correlationId":"console-replay:2jfiii8h"}
10-11 19:25:24.695 12221 14039 I ReactNativeJS: [outputs] playMorse.symbol {"timestamp":26110873.738787,"wallClock":1760225124695,"symbol":".","durationMs":34,"index":8,"source":"console.replay","correlationId":"console-replay:mgmwlaonvccrkekz","nativeTimestampMs":26110777.508,"nativeDurationMs":102,"nativeOffsetMs":95.17073499783874,"nativeSequence":10,"monotonicTimestampMs":26110777.508,"nativeExpectedTimestampMs":26110763.25,"nativeStartSkewMs":14.257,"nativeBatchElapsedMs":830.257,"nativeExpectedSincePriorMs":68,"nativeSincePriorMs":69.228,"nativePatternStartMs":26109947.25,"nativeAgeMs":95.088}
10-11 19:25:24.695 12221 14039 I ReactNativeJS: [outputs] playMorse.nativeOffset.spike {"timestamp":26110874.1116,"wallClock":1760225124695,"source":"console.replay","offsetMs":95.17073499783874,"sequence":10,"unitMs":34,"correlationId":"console-replay:mgmwlaonvccrkekz","startSkewMs":14.257,"batchElapsedMs":830.257,"ageMs":95.088}
10-11 19:25:24.696 12221 14039 I ReactNativeJS: [outputs] outputs.hapticSymbol {"timestamp":26110874.529308,"wallClock":1760225124695,"enabled":true,"symbol":".","durationMs":34,"platform":"android","source":"console.replay","correlationId":"console-replay:mgmwlaonvccrkekz","timelineOffsetMs":null}
10-11 19:25:24.697 12221 14039 I ReactNativeJS: [outputs] outputs.flashPulse {"timestamp":26110875.374464,"wallClock":1760225124696,"enabled":true,"durationMs":34,"source":"console.replay","correlationId":"console-replay:mgmwlaonvccrkekz","timelineOffsetMs":95.17073499783874,"schedulingMode":"timeline","audioStartHeadroomMs":-120.11399599909782,"audioStartGuard":"headroom","audioStartCompensationMs":120.11399599909782}
10-11 19:25:24.701 12221 14901 D OutputsAudio: [outputs-audio] stop gain=1.000 release=6.00
10-11 19:25:24.736 12221 14901 D OutputsAudio: [outputs-audio] start hz=650.0 gain=1.000 attack=2.50 release=6.00
10-11 19:25:24.736 12221 14901 D OutputsAudio: [outputs-audio] playMorse.symbol.start sequence=11 symbol=- expected=26110899.250 actual=26110915.202 skew=15.952 batchElapsed=967.952
10-11 19:25:24.758 12221 14039 I ReactNativeJS: [outputs] outputs.flashPulse.commit {"timestamp":26110936.53436,"wallClock":1760225124757,"durationMs":34,"source":"console.replay","correlationId":"console-replay:mgmwlaonvccrkekz","latencyMs":63.84635400027037,"timelineOffsetMs":95.17073499783874,"leadMs":8,"scheduleSkewMs":61.1595310010016,"schedulingMode":"timeline","audioStartHeadroomMs":-120.11399599909782,"audioStartGuard":"headroom","audioStartCompensationMs":120.11399599909782}
10-11 19:25:24.801 12221 14039 D OutputsAudio: [outputs-audio] symbol.info sequence=11 symbol=- timestamp=26110915.202 duration=102.000 expected=26110899.250 skew=15.952 age=65.310
10-11 19:25:24.802 12221 14039 I ReactNativeJS: [outputs] playMorse.symbol {"timestamp":26110980.642537,"wallClock":1760225124802,"symbol":"-","durationMs":102,"index":9,"source":"console.replay","correlationId":"console-replay:77onlqbx","nativeTimestampMs":26110915.202,"nativeDurationMs":102,"nativeOffsetMs":65.39527700096369,"nativeSequence":11,"monotonicTimestampMs":26110915.202,"nativeExpectedTimestampMs":26110899.25,"nativeStartSkewMs":15.952,"nativeBatchElapsedMs":967.952,"nativeExpectedSincePriorMs":136,"nativeSincePriorMs":137.695,"nativePatternStartMs":26109947.25,"nativeAgeMs":65.31}
10-11 19:25:24.803 12221 14039 I ReactNativeJS: [outputs] playMorse.symbol {"timestamp":26110981.247121,"wallClock":1760225124802,"symbol":"-","durationMs":102,"index":9,"source":"console.replay","correlationId":"console-replay:mgmwlarmbgevde3h","nativeTimestampMs":26110915.202,"nativeDurationMs":102,"nativeOffsetMs":65.39527700096369,"nativeSequence":11,"monotonicTimestampMs":26110915.202,"nativeExpectedTimestampMs":26110899.25,"nativeStartSkewMs":15.952,"nativeBatchElapsedMs":967.952,"nativeExpectedSincePriorMs":136,"nativeSincePriorMs":137.695,"nativePatternStartMs":26109947.25,"nativeAgeMs":65.31}
10-11 19:25:24.803 12221 14039 I ReactNativeJS: [outputs] outputs.hapticSymbol {"timestamp":26110981.678423,"wallClock":1760225124803,"enabled":true,"symbol":"-","durationMs":102,"platform":"android","source":"console.replay","correlationId":"console-replay:mgmwlarmbgevde3h","timelineOffsetMs":null}
10-11 19:25:24.804 12221 14039 I ReactNativeJS: [outputs] outputs.flashPulse {"timestamp":26110982.534516,"wallClock":1760225124803,"enabled":true,"durationMs":102,"source":"console.replay","correlationId":"console-replay:mgmwlarmbgevde3h","timelineOffsetMs":65.39527700096369,"schedulingMode":"timeline","audioStartHeadroomMs":-91.2745690010488,"audioStartGuard":"headroom","audioStartCompensationMs":91.2745690010488}
10-11 19:25:24.838 12221 14901 D OutputsAudio: [outputs-audio] stop gain=1.000 release=6.00
10-11 19:25:24.864 12221 14039 I ReactNativeJS: [outputs] outputs.flashPulse.commit {"timestamp":26111042.99535,"wallClock":1760225124864,"durationMs":102,"source":"console.replay","correlationId":"console-replay:mgmwlarmbgevde3h","latencyMs":62.38843699917197,"timelineOffsetMs":65.39527700096369,"leadMs":8,"scheduleSkewMs":60.45947900041938,"schedulingMode":"timeline","audioStartHeadroomMs":-91.2745690010488,"audioStartGuard":"headroom","audioStartCompensationMs":91.2745690010488}
10-11 19:25:24.874 12221 14901 D OutputsAudio: [outputs-audio] start hz=650.0 gain=1.000 attack=2.50 release=6.00
10-11 19:25:24.874 12221 14901 D OutputsAudio: [outputs-audio] playMorse.symbol.start sequence=12 symbol=- expected=26111035.250 actual=26111052.796 skew=17.546 batchElapsed=1105.546
10-11 19:25:24.908 12221 14039 D OutputsAudio: [outputs-audio] symbol.info sequence=12 symbol=- timestamp=26111052.796 duration=102.000 expected=26111035.250 skew=17.546 age=33.795
10-11 19:25:24.908 12221 14039 I ReactNativeJS: [outputs] playMorse.symbol {"timestamp":26111086.714621,"wallClock":1760225124908,"symbol":"-","durationMs":102,"index":10,"source":"console.replay","correlationId":"console-replay:1r7qnzis","nativeTimestampMs":26111052.796,"nativeDurationMs":102,"nativeOffsetMs":33.8737250007689,"nativeSequence":12,"monotonicTimestampMs":26111052.796,"nativeExpectedTimestampMs":26111035.25,"nativeStartSkewMs":17.546,"nativeBatchElapsedMs":1105.546,"nativeExpectedSincePriorMs":136,"nativeSincePriorMs":137.594,"nativePatternStartMs":26109947.25,"nativeAgeMs":33.795}
10-11 19:25:24.909 12221 14039 I ReactNativeJS: [outputs] playMorse.symbol {"timestamp":26111087.308735,"wallClock":1760225124908,"symbol":"-","durationMs":102,"index":10,"source":"console.replay","correlationId":"console-replay:mgmwlaukckoyff7d","nativeTimestampMs":26111052.796,"nativeDurationMs":102,"nativeOffsetMs":33.8737250007689,"nativeSequence":12,"monotonicTimestampMs":26111052.796,"nativeExpectedTimestampMs":26111035.25,"nativeStartSkewMs":17.546,"nativeBatchElapsedMs":1105.546,"nativeExpectedSincePriorMs":136,"nativeSincePriorMs":137.594,"nativePatternStartMs":26109947.25,"nativeAgeMs":33.795}
10-11 19:25:24.909 12221 14039 I ReactNativeJS: [outputs] outputs.hapticSymbol {"timestamp":26111087.730506,"wallClock":1760225124909,"enabled":true,"symbol":"-","durationMs":102,"platform":"android","source":"console.replay","correlationId":"console-replay:mgmwlaukckoyff7d","timelineOffsetMs":null}
