10-11 16:13:25.527 12664 12741 I ReactNativeJS: [outputs] playMorse.symbol {"timestamp":14629047.586553,"wallClock":1760213605526,"symbol":"-","durationMs":120,"index":5,"source":"console.replay","correlationId":"console-replay:mgmpqefq33w50ypi","nativeTimestampMs":14628992.217,"nativeDurationMs":120,"nativeOffsetMs":55.306687999516726,"nativeSequence":6,"monotonicTimestampMs":14628992.217}
10-11 16:13:25.527 12664 12741 I ReactNativeJS: [outputs] outputs.hapticSymbol {"timestamp":14629048.291969,"wallClock":1760213605527,"enabled":true,"symbol":"-","durationMs":120,"platform":"android","source":"console.replay","correlationId":"console-replay:mgmpqefq33w50ypi","timelineOffsetMs":55.306687999516726}
10-11 16:13:25.528 12664 12741 I ReactNativeJS: [outputs] outputs.flashPulse {"timestamp":14629049.137646,"wallClock":1760213605528,"enabled":true,"durationMs":120,"source":"console.replay","correlationId":"console-replay:mgmpqefq33w50ypi","timelineOffsetMs":null,"audioStartMs":14628992.217}
10-11 16:13:25.592 12664 14406 D OutputsAudio: [outputs-audio] stop gain=1.000 release=6.00
10-11 16:13:25.604 12664 12741 I ReactNativeJS: [outputs] outputs.flashPulse.commit {"timestamp":14629125.287334,"wallClock":1760213605604,"durationMs":120,"source":"console.replay","correlationId":"console-replay:mgmpqefq33w50ypi","latencyMs":133.06309399940073,"timelineOffsetMs":null,"leadMs":8,"audioStartMs":14628992.217,"scheduleSkewMs":141.06309399940073}
10-11 16:13:25.633 12664 14406 D OutputsAudio: [outputs-audio] start hz=700.0 gain=1.000 attack=2.50 release=6.00
10-11 16:13:25.666 12664 12741 D OutputsAudio: [outputs-audio] symbol.info sequence=7 symbol=. timestamp=14629154.696 duration=40.000
10-11 16:13:25.667 12664 12741 I ReactNativeJS: [outputs] playMorse.symbol {"timestamp":14629188.257386,"wallClock":1760213605667,"symbol":".","durationMs":40,"index":6,"source":"console.replay","correlationId":"console-replay:mgmpqejncwk6o53c","nativeTimestampMs":14629154.696,"nativeDurationMs":40,"nativeOffsetMs":33.4559690002352,"nativeSequence":7,"monotonicTimestampMs":14629154.696}
10-11 16:13:25.668 12664 12741 I ReactNativeJS: [outputs] outputs.hapticSymbol {"timestamp":14629188.930771,"wallClock":1760213605667,"enabled":true,"symbol":".","durationMs":40,"platform":"android","source":"console.replay","correlationId":"console-replay:mgmpqejncwk6o53c","timelineOffsetMs":33.4559690002352}
10-11 16:13:25.668 12664 12741 I ReactNativeJS: [outputs] outputs.flashPulse {"timestamp":14629189.788844,"wallClock":1760213605668,"enabled":true,"durationMs":40,"source":"console.replay","correlationId":"console-replay:mgmpqejncwk6o53c","timelineOffsetMs":null,"audioStartMs":14629154.696}
10-11 16:13:25.673 12664 14406 D OutputsAudio: [outputs-audio] stop gain=1.000 release=6.00
10-11 16:13:25.713 12664 14406 D OutputsAudio: [outputs-audio] start hz=700.0 gain=1.000 attack=2.50 release=6.00
10-11 16:13:25.754 12664 14406 D OutputsAudio: [outputs-audio] stop gain=1.000 release=6.00
10-11 16:13:25.756 12664 12741 I ReactNativeJS: [outputs] outputs.flashPulse.commit {"timestamp":14629277.377438,"wallClock":1760213605756,"durationMs":40,"source":"console.replay","correlationId":"console-replay:mgmpqejncwk6o53c","latencyMs":122.67534399963915,"timelineOffsetMs":null,"leadMs":8,"audioStartMs":14629154.696,"scheduleSkewMs":130.67534399963915}
10-11 16:13:25.794 12664 14406 D OutputsAudio: [outputs-audio] start hz=700.0 gain=1.000 attack=2.50 release=6.00
10-11 16:13:25.819 12664 12741 D OutputsAudio: [outputs-audio] symbol.info sequence=9 symbol=. timestamp=14629316.202 duration=40.000
10-11 16:13:25.820 12664 12741 W ReactNativeJS: '[outputs-audio] native sequence jump', { previous: 7, next: 9, delta: 2 }
10-11 16:13:25.820 12664 12741 I ReactNativeJS: [outputs] playMorse.symbol {"timestamp":14629341.326032,"wallClock":1760213605820,"symbol":".","durationMs":40,"index":7,"source":"console.replay","correlationId":"console-replay:mgmpqenwpao4a33a","nativeTimestampMs":14629316.202,"nativeDurationMs":40,"nativeOffsetMs":25.07778200134635,"nativeSequence":9,"monotonicTimestampMs":14629316.202}
10-11 16:13:25.821 12664 12741 I ReactNativeJS: [outputs] outputs.hapticSymbol {"timestamp":14629341.851813,"wallClock":1760213605820,"enabled":true,"symbol":".","durationMs":40,"platform":"android","source":"console.replay","correlationId":"console-replay:mgmpqenwpao4a33a","timelineOffsetMs":25.07778200134635}
10-11 16:13:25.821 12664 12741 I ReactNativeJS: [outputs] outputs.flashPulse {"timestamp":14629342.741136,"wallClock":1760213605821,"enabled":true,"durationMs":40,"source":"console.replay","correlationId":"console-replay:mgmpqenwpao4a33a","timelineOffsetMs":null,"audioStartMs":14629316.202}
10-11 16:13:25.835 12664 14406 D OutputsAudio: [outputs-audio] stop gain=1.000 release=6.00
10-11 16:13:25.876 12664 14406 D OutputsAudio: [outputs-audio] start hz=700.0 gain=1.000 attack=2.50 release=6.00
10-11 16:13:25.903 12664 12741 I ReactNativeJS: [outputs] outputs.flashPulse.commit {"timestamp":14629423.708428,"wallClock":1760213605902,"durationMs":40,"source":"console.replay","correlationId":"console-replay:mgmpqenwpao4a33a","latencyMs":107.49991700053215,"timelineOffsetMs":null,"leadMs":8,"audioStartMs":14629316.202,"scheduleSkewMs":115.49991700053215}
10-11 16:13:25.979 12664 12741 D OutputsAudio: [outputs-audio] symbol.info sequence=10 symbol=- timestamp=14629397.621 duration=120.000
10-11 16:13:25.979 12664 12741 I ReactNativeJS: [outputs] playMorse.symbol {"timestamp":14629500.30749,"wallClock":1760213605979,"symbol":".","durationMs":40,"index":8,"source":"console.replay","correlationId":"console-replay:mgmpqesbt0fxtqxt","nativeTimestampMs":14629397.621,"nativeDurationMs":120,"nativeOffsetMs":102.5773230008781,"nativeSequence":10,"monotonicTimestampMs":14629397.621}
10-11 16:13:25.980 12664 12741 I ReactNativeJS: [outputs] playMorse.nativeOffset.spike {"timestamp":14629500.986344,"wallClock":1760213605979,"source":"console.replay","offsetMs":102.5773230008781,"sequence":10,"unitMs":40,"correlationId":"console-replay:mgmpqesbt0fxtqxt"}
10-11 16:13:25.980 12664 12741 I ReactNativeJS: [outputs] outputs.hapticSymbol {"timestamp":14629501.466761,"wallClock":1760213605980,"enabled":true,"symbol":".","durationMs":40,"platform":"android","source":"console.replay","correlationId":"console-replay:mgmpqesbt0fxtqxt","timelineOffsetMs":102.5773230008781}
10-11 16:13:25.981 12664 12741 I ReactNativeJS: [outputs] outputs.flashPulse {"timestamp":14629502.401084,"wallClock":1760213605981,"enabled":true,"durationMs":40,"source":"console.replay","correlationId":"console-replay:mgmpqesbt0fxtqxt","timelineOffsetMs":null,"audioStartMs":14629397.621}
10-11 16:13:25.996 12664 14406 D OutputsAudio: [outputs-audio] stop gain=1.000 release=6.00
10-11 16:13:26.037 12664 14406 D OutputsAudio: [outputs-audio] start hz=700.0 gain=1.000 attack=2.50 release=6.00
10-11 16:13:26.106 12664 12741 I ReactNativeJS: [outputs] outputs.flashPulse.commit {"timestamp":14629627.220146,"wallClock":1760213606106,"durationMs":40,"source":"console.replay","correlationId":"console-replay:mgmpqesbt0fxtqxt","latencyMs":229.5934690013528,"timelineOffsetMs":null,"leadMs":8,"audioStartMs":14629397.621,"scheduleSkewMs":237.5934690013528}
10-11 16:13:26.158 12664 14406 D OutputsAudio: [outputs-audio] stop gain=1.000 release=6.00
10-11 16:13:26.171 12664 12741 D OutputsAudio: [outputs-audio] symbol.info sequence=11 symbol=- timestamp=14629558.590 duration=120.000
10-11 16:13:26.172 12664 12741 I ReactNativeJS: [outputs] playMorse.symbol {"timestamp":14629692.600667,"wallClock":1760213606171,"symbol":"-","durationMs":120,"index":9,"source":"console.replay","correlationId":"console-replay:mgmpqexng0ygutrl","nativeTimestampMs":14629558.59,"nativeDurationMs":120,"nativeOffsetMs":133.93874000012875,"nativeSequence":11,"monotonicTimestampMs":14629558.59}
10-11 16:13:26.172 12664 12741 I ReactNativeJS: [outputs] playMorse.nativeOffset.spike {"timestamp":14629693.282907,"wallClock":1760213606172,"source":"console.replay","offsetMs":133.93874000012875,"sequence":11,"unitMs":40,"correlationId":"console-replay:mgmpqexng0ygutrl"}
10-11 16:13:26.173 12664 12741 I ReactNativeJS: [outputs] outputs.hapticSymbol {"timestamp":14629693.744365,"wallClock":1760213606172,"enabled":true,"symbol":"-","durationMs":120,"platform":"android","source":"console.replay","correlationId":"console-replay:mgmpqexng0ygutrl","timelineOffsetMs":133.93874000012875}
10-11 16:13:26.173 12664 12741 I ReactNativeJS: [outputs] outputs.flashPulse {"timestamp":14629694.658219,"wallClock":1760213606173,"enabled":true,"durationMs":120,"source":"console.replay","correlationId":"console-replay:mgmpqexng0ygutrl","timelineOffsetMs":null,"audioStartMs":14629558.59}
10-11 16:13:26.198 12664 14406 D OutputsAudio: [outputs-audio] start hz=700.0 gain=1.000 attack=2.50 release=6.00
10-11 16:13:26.261 12664 12741 I ReactNativeJS: [outputs] outputs.flashPulse.commit {"timestamp":14629782.441813,"wallClock":1760213606261,"durationMs":120,"source":"console.replay","correlationId":"console-replay:mgmpqexng0ygutrl","latencyMs":223.84488599933684,"timelineOffsetMs":null,"leadMs":8,"audioStartMs":14629558.59,"scheduleSkewMs":231.84488599933684}
10-11 16:13:26.319 12664 14406 D OutputsAudio: [outputs-audio] stop gain=1.000 release=6.00
10-11 16:13:26.326 12664 12741 D OutputsAudio: [outputs-audio] symbol.info sequence=12 symbol=- timestamp=14629719.975 duration=120.000
10-11 16:13:26.327 12664 12741 I ReactNativeJS: [outputs] playMorse.symbol {"timestamp":14629848.094677,"wallClock":1760213606326,"symbol":"-","durationMs":120,"index":10,"source":"console.replay","correlationId":"console-replay:mgmpqf1yghvey978","nativeTimestampMs":14629719.975,"nativeDurationMs":120,"nativeOffsetMs":128.00858400017023,"nativeSequence":12,"monotonicTimestampMs":14629719.975}
10-11 16:13:26.327 12664 12741 I ReactNativeJS: [outputs] playMorse.nativeOffset.spike {"timestamp":14629848.732334,"wallClock":1760213606327,"source":"console.replay","offsetMs":128.00858400017023,"sequence":12,"unitMs":40,"correlationId":"console-replay:mgmpqf1yghvey978"}
10-11 16:13:26.328 12664 12741 I ReactNativeJS: [outputs] outputs.hapticSymbol {"timestamp":14629849.16374,"wallClock":1760213606328,"enabled":true,"symbol":"-","durationMs":120,"platform":"android","source":"console.replay","correlationId":"console-replay:mgmpqf1yghvey978","timelineOffsetMs":128.00858400017023}
10-11 16:13:26.329 12664 12741 I ReactNativeJS: [outputs] outputs.flashPulse {"timestamp":14629849.97525,"wallClock":1760213606328,"enabled":true,"durationMs":120,"source":"console.replay","correlationId":"console-replay:mgmpqf1yghvey978","timelineOffsetMs":null,"audioStartMs":14629719.975}
10-11 16:13:26.359 12664 14406 D OutputsAudio: [outputs-audio] start hz=700.0 gain=1.000 attack=2.50 release=6.00
10-11 16:13:26.399 12664 14406 D OutputsAudio: [outputs-audio] stop gain=1.000 release=6.00
10-11 16:13:26.408 12664 12741 I ReactNativeJS: [outputs] outputs.flashPulse.commit {"timestamp":14629928.931292,"wallClock":1760213606407,"durationMs":120,"source":"console.replay","correlationId":"console-replay:mgmpqf1yghvey978","latencyMs":208.94983400031924,"timelineOffsetMs":null,"leadMs":8,"audioStartMs":14629719.975,"scheduleSkewMs":216.94983400031924}
10-11 16:13:26.440 12664 14406 D OutputsAudio: [outputs-audio] start hz=700.0 gain=1.000 attack=2.50 release=6.00
10-11 16:13:26.472 12664 12741 D OutputsAudio: [outputs-audio] symbol.info sequence=14 symbol=. timestamp=14629961.762 duration=40.000
10-11 16:13:26.473 12664 12741 W ReactNativeJS: '[outputs-audio] native sequence jump', { previous: 12, next: 14, delta: 2 }
10-11 16:13:26.473 12664 12741 I ReactNativeJS: [outputs] playMorse.symbol {"timestamp":14629994.548167,"wallClock":1760213606473,"symbol":"-","durationMs":120,"index":11,"source":"console.replay","correlationId":"console-replay:mgmpqf61bhdf7v7a","nativeTimestampMs":14629961.762,"nativeDurationMs":40,"nativeOffsetMs":32.74074999988079,"nativeSequence":14,"monotonicTimestampMs":14629961.762}
10-11 16:13:26.474 12664 12741 I ReactNativeJS: [outputs] outputs.hapticSymbol {"timestamp":14629995.047021,"wallClock":1760213606473,"enabled":true,"symbol":"-","durationMs":120,"platform":"android","source":"console.replay","correlationId":"console-replay:mgmpqf61bhdf7v7a","timelineOffsetMs":32.74074999988079}
10-11 16:13:26.475 12664 12741 I ReactNativeJS: [outputs] outputs.flashPulse {"timestamp":14629995.909417,"wallClock":1760213606474,"enabled":true,"durationMs":120,"source":"console.replay","correlationId":"console-replay:mgmpqf61bhdf7v7a","timelineOffsetMs":null,"audioStartMs":14629961.762}
10-11 16:13:26.481 12664 14406 D OutputsAudio: [outputs-audio] stop gain=1.000 release=6.00
10-11 16:13:26.521 12664 14406 D OutputsAudio: [outputs-audio] start hz=700.0 gain=1.000 attack=2.50 release=6.00
10-11 16:13:26.561 12664 12741 D OutputsAudio: [outputs-audio] symbol.info sequence=15 symbol=. timestamp=14630043.252 duration=40.000
10-11 16:13:26.561 12664 12741 I ReactNativeJS: [outputs] playMorse.symbol {"timestamp":14630082.404834,"wallClock":1760213606561,"symbol":".","durationMs":40,"index":12,"source":"console.replay","correlationId":"console-replay:mgmpqf8hcpdkeaaj","nativeTimestampMs":14630043.252,"nativeDurationMs":40,"nativeOffsetMs":39.09147899970412,"nativeSequence":15,"monotonicTimestampMs":14630043.252}
10-11 16:13:26.562 12664 12741 I ReactNativeJS: [outputs] outputs.hapticSymbol {"timestamp":14630083.055094,"wallClock":1760213606561,"enabled":true,"symbol":".","durationMs":40,"platform":"android","source":"console.replay","correlationId":"console-replay:mgmpqf8hcpdkeaaj","timelineOffsetMs":39.09147899970412}
10-11 16:13:26.562 12664 14406 D OutputsAudio: [outputs-audio] stop gain=1.000 release=6.00
10-11 16:13:26.563 12664 12741 I ReactNativeJS: [outputs] outputs.flashPulse {"timestamp":14630083.859104,"wallClock":1760213606562,"enabled":true,"durationMs":40,"source":"console.replay","correlationId":"console-replay:mgmpqf8hcpdkeaaj","timelineOffsetMs":null,"audioStartMs":14630043.252}
10-11 16:13:26.603 12664 14406 D OutputsAudio: [outputs-audio] start hz=700.0 gain=1.000 attack=2.50 release=6.00
10-11 16:13:26.635 12664 12741 I ReactNativeJS: [outputs] outputs.flashPulse.commit {"timestamp":14630155.698167,"wallClock":1760213606634,"durationMs":120,"source":"console.replay","correlationId":"console-replay:mgmpqf61bhdf7v7a","latencyMs":193.92840600013733,"timelineOffsetMs":null,"leadMs":8,"audioStartMs":14629961.762,"scheduleSkewMs":201.92840600013733}
10-11 16:13:26.698 12664 12741 I ReactNativeJS: [outputs] outputs.flashPulse.commit {"timestamp":14630219.55775,"wallClock":1760213606698,"durationMs":40,"source":"console.replay","correlationId":"console-replay:mgmpqf8hcpdkeaaj","latencyMs":176.2992920000106,"timelineOffsetMs":null,"leadMs":8,"audioStartMs":14630043.252,"scheduleSkewMs":184.2992920000106}
10-11 16:13:26.723 12664 14406 D OutputsAudio: [outputs-audio] stop gain=1.000 release=6.00
10-11 16:13:26.762 12664 12741 D OutputsAudio: [outputs-audio] symbol.info sequence=16 symbol=- timestamp=14630124.892 duration=120.000
10-11 16:13:26.762 12664 12741 I ReactNativeJS: [outputs] playMorse.symbol {"timestamp":14630283.417177,"wallClock":1760213606762,"symbol":".","durationMs":40,"index":13,"source":"console.replay","correlationId":"console-replay:mgmpqfe2mo6zpdc4","nativeTimestampMs":14630124.892,"nativeDurationMs":120,"nativeOffsetMs":158.4588749986142,"nativeSequence":16,"monotonicTimestampMs":14630124.892}
10-11 16:13:26.763 12664 12741 I ReactNativeJS: [outputs] playMorse.nativeOffset.spike {"timestamp":14630284.055458,"wallClock":1760213606762,"source":"console.replay","offsetMs":158.4588749986142,"sequence":16,"unitMs":40,"correlationId":"console-replay:mgmpqfe2mo6zpdc4"}
10-11 16:13:26.763 12664 12741 I ReactNativeJS: [outputs] outputs.hapticSymbol {"timestamp":14630284.585563,"wallClock":1760213606763,"enabled":true,"symbol":".","durationMs":40,"platform":"android","source":"console.replay","correlationId":"console-replay:mgmpqfe2mo6zpdc4","timelineOffsetMs":158.4588749986142}
10-11 16:13:26.764 12664 14406 D OutputsAudio: [outputs-audio] start hz=700.0 gain=1.000 attack=2.50 release=6.00
10-11 16:13:26.764 12664 12741 I ReactNativeJS: [outputs] outputs.flashPulse {"timestamp":14630285.442542,"wallClock":1760213606764,"enabled":true,"durationMs":40,"source":"console.replay","correlationId":"console-replay:mgmpqfe2mo6zpdc4","timelineOffsetMs":null,"audioStartMs":14630124.892}
10-11 16:13:26.764 12664 12741 D OutputsAudio: [outputs-audio] symbol.info sequence=17 symbol=- timestamp=14630285.422 duration=120.000
10-11 16:13:26.840 12664 12741 I ReactNativeJS: [outputs] playMorse.symbol {"timestamp":14630360.830563,"wallClock":1760213606839,"symbol":".","durationMs":40,"index":14,"source":"console.replay","correlationId":"console-replay:mgmpqfg7itwnp2vc","nativeTimestampMs":14630285.422,"nativeDurationMs":120,"nativeOffsetMs":0.709604000672698,"nativeSequence":17,"monotonicTimestampMs":14630285.422}
10-11 16:13:26.840 12664 12741 I ReactNativeJS: [outputs] outputs.hapticSymbol {"timestamp":14630361.512333,"wallClock":1760213606840,"enabled":true,"symbol":".","durationMs":40,"platform":"android","source":"console.replay","correlationId":"console-replay:mgmpqfg7itwnp2vc","timelineOffsetMs":0.709604000672698}
10-11 16:13:26.841 12664 12741 I ReactNativeJS: [outputs] outputs.flashPulse {"timestamp":14630362.390563,"wallClock":1760213606841,"enabled":true,"durationMs":40,"source":"console.replay","correlationId":"console-replay:mgmpqfg7itwnp2vc","timelineOffsetMs":null,"audioStartMs":14630285.422}
10-11 16:13:26.885 12664 14406 D OutputsAudio: [outputs-audio] stop gain=1.000 release=6.00
10-11 16:13:26.919 12664 12741 I ReactNativeJS: [outputs] outputs.flashPulse.commit {"timestamp":14630439.831083,"wallClock":1760213606918,"durationMs":40,"source":"console.replay","correlationId":"console-replay:mgmpqfe2mo6zpdc4","latencyMs":314.9321559984237,"timelineOffsetMs":null,"leadMs":8,"audioStartMs":14630124.892,"scheduleSkewMs":322.9321559984237}
10-11 16:13:26.926 12664 14406 D OutputsAudio: [outputs-audio] start hz=700.0 gain=1.000 attack=2.50 release=6.00
10-11 16:13:26.987 12664 12741 I ReactNativeJS: [outputs] outputs.flashPulse.commit {"timestamp":14630508.359469,"wallClock":1760213606987,"durationMs":40,"source":"console.replay","correlationId":"console-replay:mgmpqfg7itwnp2vc","latencyMs":222.93095799908042,"timelineOffsetMs":null,"leadMs":8,"audioStartMs":14630285.422,"scheduleSkewMs":230.93095799908042}
10-11 16:13:27.047 12664 14406 D OutputsAudio: [outputs-audio] stop gain=1.000 release=6.00
10-11 16:13:27.051 12664 12741 D OutputsAudio: [outputs-audio] symbol.info sequence=18 symbol=- timestamp=14630447.367 duration=120.000
10-11 16:13:27.051 12664 12741 I ReactNativeJS: [outputs] playMorse.symbol {"timestamp":14630572.368323,"wallClock":1760213607051,"symbol":"-","durationMs":120,"index":15,"source":"console.replay","correlationId":"console-replay:mgmpqfm3fur0or60","nativeTimestampMs":14630447.367,"nativeDurationMs":120,"nativeOffsetMs":124.92798999883235,"nativeSequence":18,"monotonicTimestampMs":14630447.367}
10-11 16:13:27.052 12664 12741 I ReactNativeJS: [outputs] playMorse.nativeOffset.spike {"timestamp":14630573.024521,"wallClock":1760213607051,"source":"console.replay","offsetMs":124.92798999883235,"sequence":18,"unitMs":40,"correlationId":"console-replay:mgmpqfm3fur0or60"}
10-11 16:13:27.052 12664 12741 I ReactNativeJS: [outputs] outputs.hapticSymbol {"timestamp":14630573.491083,"wallClock":1760213607052,"enabled":true,"symbol":"-","durationMs":120,"platform":"android","source":"console.replay","correlationId":"console-replay:mgmpqfm3fur0or60","timelineOffsetMs":124.92798999883235}
10-11 16:13:27.053 12664 12741 I ReactNativeJS: [outputs] outputs.flashPulse {"timestamp":14630574.34249,"wallClock":1760213607053,"enabled":true,"durationMs":120,"source":"console.replay","correlationId":"console-replay:mgmpqfm3fur0or60","timelineOffsetMs":null,"audioStartMs":14630447.367}
10-11 16:13:27.087 12664 14406 D OutputsAudio: [outputs-audio] start hz=700.0 gain=1.000 attack=2.50 release=6.00
10-11 16:13:27.128 12664 14406 D OutputsAudio: [outputs-audio] stop gain=1.000 release=6.00
10-11 16:13:27.142 12664 12741 I ReactNativeJS: [outputs] outputs.flashPulse.commit {"timestamp":14630663.002229,"wallClock":1760213607141,"durationMs":120,"source":"console.replay","correlationId":"console-replay:mgmpqfm3fur0or60","latencyMs":215.62772899866104,"timelineOffsetMs":null,"leadMs":8,"audioStartMs":14630447.367,"scheduleSkewMs":223.62772899866104}
10-11 16:13:27.169 12664 14406 D OutputsAudio: [outputs-audio] start hz=700.0 gain=1.000 attack=2.50 release=6.00
10-11 16:13:27.209 12664 14406 D OutputsAudio: [outputs-audio] stop gain=1.000 release=6.00
10-11 16:13:27.215 12664 12741 D OutputsAudio: [outputs-audio] symbol.info sequence=20 symbol=. timestamp=14630690.210 duration=40.000
10-11 16:13:27.216 12664 12741 W ReactNativeJS: '[outputs-audio] native sequence jump', { previous: 18, next: 20, delta: 2 }
10-11 16:13:27.217 12664 12741 I ReactNativeJS: [outputs] playMorse.symbol {"timestamp":14630737.833635,"wallClock":1760213607216,"symbol":"-","durationMs":120,"index":16,"source":"console.replay","correlationId":"console-replay:mgmpqfqo9sy69h1e","nativeTimestampMs":14630690.21,"nativeDurationMs":40,"nativeOffsetMs":47.57311499863863,"nativeSequence":20,"monotonicTimestampMs":14630690.21}
10-11 16:13:27.217 12664 12741 I ReactNativeJS: [outputs] outputs.hapticSymbol {"timestamp":14630738.375719,"wallClock":1760213607217,"enabled":true,"symbol":"-","durationMs":120,"platform":"android","source":"console.replay","correlationId":"console-replay:mgmpqfqo9sy69h1e","timelineOffsetMs":47.57311499863863}
10-11 16:13:27.218 12664 12741 I ReactNativeJS: [outputs] outputs.flashPulse {"timestamp":14630739.225771,"wallClock":1760213607218,"enabled":true,"durationMs":120,"source":"console.replay","correlationId":"console-replay:mgmpqfqo9sy69h1e","timelineOffsetMs":null,"audioStartMs":14630690.21}
10-11 16:13:27.249 12664 14406 D OutputsAudio: [outputs-audio] start hz=700.0 gain=1.000 attack=2.50 release=6.00
10-11 16:13:27.289 12664 14406 D OutputsAudio: [outputs-audio] stop gain=1.000 release=6.00
10-11 16:13:27.300 12664 12741 I ReactNativeJS: [outputs] outputs.flashPulse.commit {"timestamp":14630821.553323,"wallClock":1760213607300,"durationMs":120,"source":"console.replay","correlationId":"console-replay:mgmpqfqo9sy69h1e","latencyMs":131.33655199967325,"timelineOffsetMs":null,"leadMs":8,"audioStartMs":14630690.21,"scheduleSkewMs":139.33655199967325}
10-11 16:13:27.330 12664 14406 D OutputsAudio: [outputs-audio] start hz=700.0 gain=1.000 attack=2.50 release=6.00
10-11 16:13:27.372 12664 12741 D OutputsAudio: [outputs-audio] symbol.info sequence=22 symbol=- timestamp=14630851.993 duration=120.000
10-11 16:13:27.373 12664 12741 W ReactNativeJS: '[outputs-audio] native sequence jump', { previous: 20, next: 22, delta: 2 }
10-11 16:13:27.373 12664 12741 I ReactNativeJS: [outputs] playMorse.symbol {"timestamp":14630894.434781,"wallClock":1760213607373,"symbol":"-","durationMs":120,"index":17,"source":"console.replay","correlationId":"console-replay:mgmpqfv1mti52ev0","nativeTimestampMs":14630851.993,"nativeDurationMs":120,"nativeOffsetMs":42.39516699872911,"nativeSequence":22,"monotonicTimestampMs":14630851.993}
10-11 16:13:27.374 12664 12741 I ReactNativeJS: [outputs] outputs.hapticSymbol {"timestamp":14630894.98801,"wallClock":1760213607373,"enabled":true,"symbol":"-","durationMs":120,"platform":"android","source":"console.replay","correlationId":"console-replay:mgmpqfv1mti52ev0","timelineOffsetMs":42.39516699872911}
10-11 16:13:27.375 12664 12741 I ReactNativeJS: [outputs] outputs.flashPulse {"timestamp":14630895.886083,"wallClock":1760213607374,"enabled":true,"durationMs":120,"source":"console.replay","correlationId":"console-replay:mgmpqfv1mti52ev0","timelineOffsetMs":null,"audioStartMs":14630851.993}
10-11 16:13:27.451 12664 14406 D OutputsAudio: [outputs-audio] stop gain=1.000 release=6.00
10-11 16:13:27.461 12664 12741 I ReactNativeJS: [outputs] outputs.flashPulse.commit {"timestamp":14630981.797542,"wallClock":1760213607460,"durationMs":120,"source":"console.replay","correlationId":"console-replay:mgmpqfv1mti52ev0","latencyMs":129.79818699881434,"timelineOffsetMs":null,"leadMs":8,"audioStartMs":14630851.993,"scheduleSkewMs":137.79818699881434}
10-11 16:13:27.492 12664 14406 D OutputsAudio: [outputs-audio] start hz=700.0 gain=1.000 attack=2.50 release=6.00
10-11 16:13:27.533 12664 12741 D OutputsAudio: [outputs-audio] symbol.info sequence=23 symbol=- timestamp=14631013.626 duration=120.000
10-11 16:13:27.534 12664 12741 I ReactNativeJS: [outputs] playMorse.symbol {"timestamp":14631054.575614,"wallClock":1760213607533,"symbol":".","durationMs":40,"index":18,"source":"console.replay","correlationId":"console-replay:mgmpqfzh75w5drv1","nativeTimestampMs":14631013.626,"nativeDurationMs":120,"nativeOffsetMs":40.88195800036192,"nativeSequence":23,"monotonicTimestampMs":14631013.626}
10-11 16:13:27.534 12664 12741 I ReactNativeJS: [outputs] outputs.hapticSymbol {"timestamp":14631055.268531,"wallClock":1760213607534,"enabled":true,"symbol":".","durationMs":40,"platform":"android","source":"console.replay","correlationId":"console-replay:mgmpqfzh75w5drv1","timelineOffsetMs":40.88195800036192}
10-11 16:13:27.535 12664 12741 I ReactNativeJS: [outputs] outputs.flashPulse {"timestamp":14631056.166083,"wallClock":1760213607535,"enabled":true,"durationMs":40,"source":"console.replay","correlationId":"console-replay:mgmpqfzh75w5drv1","timelineOffsetMs":null,"audioStartMs":14631013.626}
10-11 16:13:27.613 12664 14406 D OutputsAudio: [outputs-audio] stop gain=1.000 release=6.00
10-11 16:13:27.628 12664 12741 I ReactNativeJS: [outputs] outputs.flashPulse.commit {"timestamp":14631148.998219,"wallClock":1760213607627,"durationMs":40,"source":"console.replay","correlationId":"console-replay:mgmpqfzh75w5drv1","latencyMs":135.3656559996307,"timelineOffsetMs":null,"leadMs":8,"audioStartMs":14631013.626,"scheduleSkewMs":143.3656559996307}
10-11 16:13:27.654 12664 14406 D OutputsAudio: [outputs-audio] start hz=700.0 gain=1.000 attack=2.50 release=6.00
10-11 16:13:27.690 12664 12741 D OutputsAudio: [outputs-audio] symbol.info sequence=24 symbol=- timestamp=14631175.552 duration=120.000
10-11 16:13:27.691 12664 12741 I ReactNativeJS: [outputs] playMorse.symbol {"timestamp":14631212.244521,"wallClock":1760213607691,"symbol":".","durationMs":40,"index":19,"source":"console.replay","correlationId":"console-replay:mgmpqg3voejlbp4a","nativeTimestampMs":14631175.552,"nativeDurationMs":120,"nativeOffsetMs":36.623250000178814,"nativeSequence":24,"monotonicTimestampMs":14631175.552}
10-11 16:13:27.692 12664 12741 I ReactNativeJS: [outputs] outputs.hapticSymbol {"timestamp":14631212.897489,"wallClock":1760213607691,"enabled":true,"symbol":".","durationMs":40,"platform":"android","source":"console.replay","correlationId":"console-replay:mgmpqg3voejlbp4a","timelineOffsetMs":36.623250000178814}
10-11 16:13:27.692 12664 12741 I ReactNativeJS: [outputs] outputs.flashPulse {"timestamp":14631213.764729,"wallClock":1760213607692,"enabled":true,"durationMs":40,"source":"console.replay","correlationId":"console-replay:mgmpqg3voejlbp4a","timelineOffsetMs":null,"audioStartMs":14631175.552}
10-11 16:13:27.774 12664 12741 I ReactNativeJS: [outputs] outputs.flashPulse.commit {"timestamp":14631295.054573,"wallClock":1760213607773,"durationMs":40,"source":"console.replay","correlationId":"console-replay:mgmpqg3voejlbp4a","latencyMs":119.49517700076103,"timelineOffsetMs":null,"leadMs":8,"audioStartMs":14631175.552,"scheduleSkewMs":127.49517700076103}
10-11 16:13:27.775 12664 14406 D OutputsAudio: [outputs-audio] stop gain=1.000 release=6.00
10-11 16:13:27.815 12664 14406 D OutputsAudio: [outputs-audio] start hz=700.0 gain=1.000 attack=2.50 release=6.00
10-11 16:13:27.844 12664 12741 D OutputsAudio: [outputs-audio] symbol.info sequence=25 symbol=. timestamp=14631336.810 duration=40.000
10-11 16:13:27.845 12664 12741 I ReactNativeJS: [outputs] playMorse.symbol {"timestamp":14631366.114989,"wallClock":1760213607844,"symbol":".","durationMs":40,"index":20,"source":"console.replay","correlationId":"console-replay:mgmpqg84hiokur3l","nativeTimestampMs":14631336.81,"nativeDurationMs":40,"nativeOffsetMs":29.238322999328375,"nativeSequence":25,"monotonicTimestampMs":14631336.81}
10-11 16:13:27.846 12664 12741 I ReactNativeJS: [outputs] outputs.hapticSymbol {"timestamp":14631366.777802,"wallClock":1760213607845,"enabled":true,"symbol":".","durationMs":40,"platform":"android","source":"console.replay","correlationId":"console-replay:mgmpqg84hiokur3l","timelineOffsetMs":29.238322999328375}
10-11 16:13:27.846 12664 12741 I ReactNativeJS: [outputs] outputs.flashPulse {"timestamp":14631367.651291,"wallClock":1760213607846,"enabled":true,"durationMs":40,"source":"console.replay","correlationId":"console-replay:mgmpqg84hiokur3l","timelineOffsetMs":null,"audioStartMs":14631336.81}
10-11 16:13:27.856 12664 14406 D OutputsAudio: [outputs-audio] stop gain=1.000 release=6.00
10-11 16:13:27.896 12664 14406 D OutputsAudio: [outputs-audio] start hz=700.0 gain=1.000 attack=2.50 release=6.00
10-11 16:13:27.930 12664 12741 I ReactNativeJS: [outputs] outputs.flashPulse.commit {"timestamp":14631450.760979,"wallClock":1760213607929,"durationMs":40,"source":"console.replay","correlationId":"console-replay:mgmpqg84hiokur3l","latencyMs":113.94394799880683,"timelineOffsetMs":null,"leadMs":8,"audioStartMs":14631336.81,"scheduleSkewMs":121.94394799880683}
10-11 16:13:27.937 12664 14406 D OutputsAudio: [outputs-audio] stop gain=1.000 release=6.00
10-11 16:13:27.978 12664 14406 D OutputsAudio: [outputs-audio] start hz=700.0 gain=1.000 attack=2.50 release=6.00
10-11 16:13:28.000 12664 12741 D OutputsAudio: [outputs-audio] symbol.info sequence=27 symbol=. timestamp=14631499.827 duration=40.000
10-11 16:13:28.001 12664 12741 W ReactNativeJS: '[outputs-audio] native sequence jump', { previous: 25, next: 27, delta: 2 }
10-11 16:13:28.002 12664 12741 I ReactNativeJS: [outputs] playMorse.symbol {"timestamp":14631522.708948,"wallClock":1760213608001,"symbol":"-","durationMs":120,"index":21,"source":"console.replay","correlationId":"console-replay:mgmpqgch5kyggkn7","nativeTimestampMs":14631499.827,"nativeDurationMs":40,"nativeOffsetMs":22.836582999676466,"nativeSequence":27,"monotonicTimestampMs":14631499.827}
10-11 16:13:28.002 12664 12741 I ReactNativeJS: [outputs] outputs.hapticSymbol {"timestamp":14631523.280406,"wallClock":1760213608002,"enabled":true,"symbol":"-","durationMs":120,"platform":"android","source":"console.replay","correlationId":"console-replay:mgmpqgch5kyggkn7","timelineOffsetMs":22.836582999676466}
10-11 16:13:28.003 12664 12741 I ReactNativeJS: [outputs] outputs.flashPulse {"timestamp":14631524.273271,"wallClock":1760213608003,"enabled":true,"durationMs":120,"source":"console.replay","correlationId":"console-replay:mgmpqgch5kyggkn7","timelineOffsetMs":null,"audioStartMs":14631499.827}
10-11 16:13:28.019 12664 14406 D OutputsAudio: [outputs-audio] stop gain=1.000 release=6.00
10-11 16:13:28.059 12664 14406 D OutputsAudio: [outputs-audio] stop gain=0.000 release=6.00
10-11 16:13:28.060 12664 14406 D OutputsAudio: [outputs-audio] playMorse.end cancelled=0
10-11 16:13:28.077 12664 12741 I ReactNativeJS: [outputs] outputs.flashPulse.commit {"timestamp":14631598.084416,"wallClock":1760213608076,"durationMs":120,"source":"console.replay","correlationId":"console-replay:mgmpqgch5kyggkn7","latencyMs":98.25059300102293,"timelineOffsetMs":null,"leadMs":8,"audioStartMs":14631499.827,"scheduleSkewMs":106.25059300102293}
10-11 16:13:28.307 12664 12741 I ReactNativeJS: [outputs] playMorse.symbol {"timestamp":14631827.081552,"wallClock":1760213608305,"symbol":"-","durationMs":120,"index":22,"source":"console.replay","correlationId":"console-replay:mgmpqgkxblqdpx5l","nativeTimestampMs":null,"nativeDurationMs":null,"nativeOffsetMs":null,"nativeSequence":null,"monotonicTimestampMs":null}
10-11 16:13:28.308 12664 12741 I ReactNativeJS: [outputs] outputs.hapticSymbol {"timestamp":14631828.351604,"wallClock":1760213608307,"enabled":true,"symbol":"-","durationMs":120,"platform":"android","source":"console.replay","correlationId":"console-replay:mgmpqgkxblqdpx5l","timelineOffsetMs":null}
10-11 16:13:28.310 12664 12741 I ReactNativeJS: [outputs] outputs.flashPulse {"timestamp":14631831.14775,"wallClock":1760213608310,"enabled":true,"durationMs":120,"source":"console.replay","correlationId":"console-replay:mgmpqgkxblqdpx5l","timelineOffsetMs":null,"audioStartMs":null}
10-11 16:13:28.397 12664 12741 I ReactNativeJS: [outputs] outputs.flashPulse.commit {"timestamp":14631917.61702,"wallClock":1760213608396,"durationMs":120,"source":"console.replay","correlationId":"console-replay:mgmpqgkxblqdpx5l","latencyMs":90.54078099876642,"timelineOffsetMs":null,"leadMs":8,"audioStartMs":null,"scheduleSkewMs":98.54078099876642}
10-11 16:13:28.673 12664 12741 I ReactNativeJS: [outputs] playMorse.symbol {"timestamp":14632193.559624,"wallClock":1760213608672,"symbol":"-","durationMs":120,"index":23,"source":"console.replay","correlationId":"console-replay:mgmpqgv4jp0pmz5h","nativeTimestampMs":null,"nativeDurationMs":null,"nativeOffsetMs":null,"nativeSequence":null,"monotonicTimestampMs":null}
10-11 16:13:28.674 12664 12741 I ReactNativeJS: [outputs] outputs.hapticSymbol {"timestamp":14632194.822645,"wallClock":1760213608673,"enabled":true,"symbol":"-","durationMs":120,"platform":"android","source":"console.replay","correlationId":"console-replay:mgmpqgv4jp0pmz5h","timelineOffsetMs":null}
10-11 16:13:28.676 12664 12741 I ReactNativeJS: [outputs] outputs.flashPulse {"timestamp":14632197.462229,"wallClock":1760213608676,"enabled":true,"durationMs":120,"source":"console.replay","correlationId":"console-replay:mgmpqgv4jp0pmz5h","timelineOffsetMs":null,"audioStartMs":null}
10-11 16:13:28.752 12664 12741 I ReactNativeJS: [outputs] outputs.flashPulse.commit {"timestamp":14632272.985041,"wallClock":1760213608751,"durationMs":120,"source":"console.replay","correlationId":"console-replay:mgmpqgv4jp0pmz5h","latencyMs":79.4315620008856,"timelineOffsetMs":null,"leadMs":8,"audioStartMs":null,"scheduleSkewMs":87.4315620008856}
10-11 16:13:29.060 12664 12741 I ReactNativeJS: [outputs] playMorse.symbol {"timestamp":14632578.84827,"wallClock":1760213609057,"symbol":".","durationMs":40,"index":24,"source":"console.replay","correlationId":"console-replay:mgmpqh5tsf5b8njx","nativeTimestampMs":null,"nativeDurationMs":null,"nativeOffsetMs":null,"nativeSequence":null,"monotonicTimestampMs":null}
10-11 16:13:29.062 12664 12741 I ReactNativeJS: [outputs] outputs.hapticSymbol {"timestamp":14632582.218374,"wallClock":1760213609061,"enabled":true,"symbol":".","durationMs":40,"platform":"android","source":"console.replay","correlationId":"console-replay:mgmpqh5tsf5b8njx","timelineOffsetMs":null}
10-11 16:13:29.064 12664 12741 I ReactNativeJS: [outputs] outputs.flashPulse {"timestamp":14632584.802749,"wallClock":1760213609063,"enabled":true,"durationMs":40,"source":"console.replay","correlationId":"console-replay:mgmpqh5tsf5b8njx","timelineOffsetMs":null,"audioStartMs":null}
10-11 16:13:29.143 12664 12741 I ReactNativeJS: [outputs] outputs.flashPulse.commit {"timestamp":14632664.475614,"wallClock":1760213609143,"durationMs":40,"source":"console.replay","correlationId":"console-replay:mgmpqh5tsf5b8njx","latencyMs":85.63130200095475,"timelineOffsetMs":null,"leadMs":8,"audioStartMs":null,"scheduleSkewMs":93.63130200095475}
10-11 16:13:29.459 12664 12741 I ReactNativeJS: [outputs] playMorse.symbol {"timestamp":14632978.908062,"wallClock":1760213609457,"symbol":".","durationMs":40,"index":25,"source":"console.replay","correlationId":"console-replay:mgmpqhgxxoq7tv2h","nativeTimestampMs":null,"nativeDurationMs":null,"nativeOffsetMs":null,"nativeSequence":null,"monotonicTimestampMs":null}
10-11 16:13:29.460 12664 12741 I ReactNativeJS: [outputs] outputs.hapticSymbol {"timestamp":14632980.316603,"wallClock":1760213609459,"enabled":true,"symbol":".","durationMs":40,"platform":"android","source":"console.replay","correlationId":"console-replay:mgmpqhgxxoq7tv2h","timelineOffsetMs":null}
10-11 16:13:29.462 12664 12741 I ReactNativeJS: [outputs] outputs.flashPulse {"timestamp":14632982.864103,"wallClock":1760213609461,"enabled":true,"durationMs":40,"source":"console.replay","correlationId":"console-replay:mgmpqhgxxoq7tv2h","timelineOffsetMs":null,"audioStartMs":null}
10-11 16:13:29.539 12664 12741 I ReactNativeJS: [outputs] outputs.flashPulse.commit {"timestamp":14633059.764416,"wallClock":1760213609538,"durationMs":40,"source":"console.replay","correlationId":"console-replay:mgmpqhgxxoq7tv2h","latencyMs":80.86151000112295,"timelineOffsetMs":null,"leadMs":8,"audioStartMs":null,"scheduleSkewMs":88.86151000112295}
10-11 16:13:29.859 12664 12741 I ReactNativeJS: [outputs] playMorse.symbol {"timestamp":14633379.695197,"wallClock":1760213609858,"symbol":".","durationMs":40,"index":26,"source":"console.replay","correlationId":"console-replay:mgmpqhs2n5sm7xx3","nativeTimestampMs":null,"nativeDurationMs":null,"nativeOffsetMs":null,"nativeSequence":null,"monotonicTimestampMs":null}
10-11 16:13:29.861 12664 12741 I ReactNativeJS: [outputs] outputs.hapticSymbol {"timestamp":14633381.036864,"wallClock":1760213609859,"enabled":true,"symbol":".","durationMs":40,"platform":"android","source":"console.replay","correlationId":"console-replay:mgmpqhs2n5sm7xx3","timelineOffsetMs":null}
10-11 16:13:29.863 12664 12741 I ReactNativeJS: [outputs] outputs.flashPulse {"timestamp":14633383.465666,"wallClock":1760213609862,"enabled":true,"durationMs":40,"source":"console.replay","correlationId":"console-replay:mgmpqhs2n5sm7xx3","timelineOffsetMs":null,"audioStartMs":null}
10-11 16:13:29.942 12664 12741 I ReactNativeJS: [outputs] outputs.flashPulse.commit {"timestamp":14633463.19103,"wallClock":1760213609942,"durationMs":40,"source":"console.replay","correlationId":"console-replay:mgmpqhs2n5sm7xx3","latencyMs":83.502655999735,"timelineOffsetMs":null,"leadMs":8,"audioStartMs":null,"scheduleSkewMs":91.502655999735}
10-11 16:13:30.007 12664 12741 I ReactNativeJS: [outputs] playMorse.complete {"timestamp":14633528.221343,"wallClock":1760213610007,"durationMs":5244.452184999362,"source":"console.replay","audioEnabled":true,"audioVolumePercent":100}
10-11 16:13:32.368 12664 12741 I ReactNativeJS: [outputs] playMorse.start {"timestamp":14635888.780665,"wallClock":1760213612367,"unitMs":34,"length":28,"source":"console.replay","audioEnabled":true,"audioVolumePercent":100}
10-11 16:13:32.502 12664 12741 D OutputsAudio: [outputs-audio] warmup hz=700.0
10-11 16:13:32.502 12664 14442 D OutputsAudio: [outputs-audio] playMorse.start count=27 unit=34.0
10-11 16:13:32.502 12664 14442 D OutputsAudio: [outputs-audio] start hz=700.0 gain=1.000 attack=2.50 release=6.00
10-11 16:13:32.509 12664 12741 D OutputsAudio: [outputs-audio] symbol.info sequence=1 symbol=. timestamp=14636023.504 duration=34.000
10-11 16:13:32.510 12664 12741 I ReactNativeJS: [outputs] playMorse.symbol {"timestamp":14636030.935873,"wallClock":1760213612509,"symbol":".","durationMs":34,"index":0,"source":"console.replay","correlationId":"console-replay:mgmpqjtpgpgjqpfg","nativeTimestampMs":14636023.504,"nativeDurationMs":34,"nativeOffsetMs":7.377132998779416,"nativeSequence":1,"monotonicTimestampMs":14636023.504}
10-11 16:13:32.510 12664 12741 I ReactNativeJS: [outputs] outputs.hapticSymbol {"timestamp":14636031.530404,"wallClock":1760213612510,"enabled":true,"symbol":".","durationMs":34,"platform":"android","source":"console.replay","correlationId":"console-replay:mgmpqjtpgpgjqpfg","timelineOffsetMs":7.377132998779416}
10-11 16:13:32.511 12664 12741 I ReactNativeJS: [outputs] outputs.flashPulse {"timestamp":14636032.538321,"wallClock":1760213612511,"enabled":true,"durationMs":34,"source":"console.replay","correlationId":"console-replay:mgmpqjtpgpgjqpfg","timelineOffsetMs":null,"audioStartMs":14636023.504}
10-11 16:13:32.537 12664 14442 D OutputsAudio: [outputs-audio] stop gain=1.000 release=6.00
10-11 16:13:32.572 12664 14442 D OutputsAudio: [outputs-audio] start hz=700.0 gain=1.000 attack=2.50 release=6.00
10-11 16:13:32.585 12664 12741 I ReactNativeJS: [outputs] outputs.flashPulse.commit {"timestamp":14636105.74181,"wallClock":1760213612584,"durationMs":34,"source":"console.replay","correlationId":"console-replay:mgmpqjtpgpgjqpfg","latencyMs":82.23176899924874,"timelineOffsetMs":null,"leadMs":8,"audioStartMs":14636023.504,"scheduleSkewMs":90.23176899924874}
10-11 16:13:32.606 12664 14442 D OutputsAudio: [outputs-audio] stop gain=1.000 release=6.00
10-11 16:13:32.633 12664 12741 D OutputsAudio: [outputs-audio] symbol.info sequence=2 symbol=. timestamp=14636093.382 duration=34.000
10-11 16:13:32.634 12664 12741 I ReactNativeJS: [outputs] playMorse.symbol {"timestamp":14636155.095196,"wallClock":1760213612633,"symbol":".","durationMs":34,"index":1,"source":"console.replay","correlationId":"console-replay:mgmpqjx5anhvqrb7","nativeTimestampMs":14636093.382,"nativeDurationMs":34,"nativeOffsetMs":61.659446001052856,"nativeSequence":2,"monotonicTimestampMs":14636093.382}
10-11 16:13:32.634 12664 12741 I ReactNativeJS: [outputs] outputs.hapticSymbol {"timestamp":14636155.686081,"wallClock":1760213612634,"enabled":true,"symbol":".","durationMs":34,"platform":"android","source":"console.replay","correlationId":"console-replay:mgmpqjx5anhvqrb7","timelineOffsetMs":61.659446001052856}
10-11 16:13:32.635 12664 12741 I ReactNativeJS: [outputs] outputs.flashPulse {"timestamp":14636156.411133,"wallClock":1760213612635,"enabled":true,"durationMs":34,"source":"console.replay","correlationId":"console-replay:mgmpqjx5anhvqrb7","timelineOffsetMs":null,"audioStartMs":14636093.382}
10-11 16:13:32.641 12664 14442 D OutputsAudio: [outputs-audio] start hz=700.0 gain=1.000 attack=2.50 release=6.00
10-11 16:13:32.676 12664 14442 D OutputsAudio: [outputs-audio] stop gain=1.000 release=6.00
10-11 16:13:32.692 12664 12741 D OutputsAudio: [outputs-audio] symbol.info sequence=3 symbol=. timestamp=14636162.514 duration=34.000
10-11 16:13:32.693 12664 12741 I ReactNativeJS: [outputs] playMorse.symbol {"timestamp":14636213.865612,"wallClock":1760213612692,"symbol":".","durationMs":34,"index":2,"source":"console.replay","correlationId":"console-replay:mgmpqjysw8gqjuqa","nativeTimestampMs":14636162.514,"nativeDurationMs":34,"nativeOffsetMs":51.28963300026953,"nativeSequence":3,"monotonicTimestampMs":14636162.514}
10-11 16:13:32.693 12664 12741 I ReactNativeJS: [outputs] outputs.hapticSymbol {"timestamp":14636214.457175,"wallClock":1760213612693,"enabled":true,"symbol":".","durationMs":34,"platform":"android","source":"console.replay","correlationId":"console-replay:mgmpqjysw8gqjuqa","timelineOffsetMs":51.28963300026953}
10-11 16:13:32.694 12664 12741 I ReactNativeJS: [outputs] outputs.flashPulse {"timestamp":14636215.162123,"wallClock":1760213612694,"enabled":true,"durationMs":34,"source":"console.replay","correlationId":"console-replay:mgmpqjysw8gqjuqa","timelineOffsetMs":null,"audioStartMs":14636162.514}
10-11 16:13:32.710 12664 14442 D OutputsAudio: [outputs-audio] start hz=700.0 gain=1.000 attack=2.50 release=6.00
10-11 16:13:32.751 12664 12741 I ReactNativeJS: [outputs] outputs.flashPulse.commit {"timestamp":14636272.618477,"wallClock":1760213612751,"durationMs":34,"source":"console.replay","correlationId":"console-replay:mgmpqjx5anhvqrb7","latencyMs":179.23147699981928,"timelineOffsetMs":null,"leadMs":8,"audioStartMs":14636093.382,"scheduleSkewMs":187.23147699981928}
10-11 16:13:32.813 12664 12741 I ReactNativeJS: [outputs] outputs.flashPulse.commit {"timestamp":14636333.796862,"wallClock":1760213612812,"durationMs":34,"source":"console.replay","correlationId":"console-replay:mgmpqjysw8gqjuqa","latencyMs":171.27713299915195,"timelineOffsetMs":null,"leadMs":8,"audioStartMs":14636162.514,"scheduleSkewMs":179.27713299915195}
10-11 16:13:32.813 12664 14442 D OutputsAudio: [outputs-audio] stop gain=1.000 release=6.00
10-11 16:13:32.848 12664 14442 D OutputsAudio: [outputs-audio] start hz=700.0 gain=1.000 attack=2.50 release=6.00
10-11 16:13:32.873 12664 12741 D OutputsAudio: [outputs-audio] symbol.info sequence=5 symbol=- timestamp=14636369.529 duration=102.000
10-11 16:13:32.873 12664 12741 W ReactNativeJS: '[outputs-audio] native sequence jump', { previous: 3, next: 5, delta: 2 }
10-11 16:13:32.874 12664 12741 I ReactNativeJS: [outputs] playMorse.symbol {"timestamp":14636394.934987,"wallClock":1760213612873,"symbol":"-","durationMs":102,"index":3,"source":"console.replay","correlationId":"console-replay:mgmpqk3tg6m95wpb","nativeTimestampMs":14636369.529,"nativeDurationMs":102,"nativeOffsetMs":25.36702900007367,"nativeSequence":5,"monotonicTimestampMs":14636369.529}
10-11 16:13:32.874 12664 12741 I ReactNativeJS: [outputs] outputs.hapticSymbol {"timestamp":14636395.336342,"wallClock":1760213612874,"enabled":true,"symbol":"-","durationMs":102,"platform":"android","source":"console.replay","correlationId":"console-replay:mgmpqk3tg6m95wpb","timelineOffsetMs":25.36702900007367}
10-11 16:13:32.875 12664 12741 I ReactNativeJS: [outputs] outputs.flashPulse {"timestamp":14636396.064831,"wallClock":1760213612874,"enabled":true,"durationMs":102,"source":"console.replay","correlationId":"console-replay:mgmpqk3tg6m95wpb","timelineOffsetMs":null,"audioStartMs":14636369.529}
10-11 16:13:32.932 12664 12741 I ReactNativeJS: [outputs] outputs.flashPulse.commit {"timestamp":14636452.818112,"wallClock":1760213612931,"durationMs":102,"source":"console.replay","correlationId":"console-replay:mgmpqk3tg6m95wpb","latencyMs":83.2836440000683,"timelineOffsetMs":null,"leadMs":8,"audioStartMs":14636369.529,"scheduleSkewMs":91.2836440000683}
10-11 16:13:32.950 12664 14442 D OutputsAudio: [outputs-audio] stop gain=1.000 release=6.00
10-11 16:13:32.986 12664 14442 D OutputsAudio: [outputs-audio] start hz=700.0 gain=1.000 attack=2.50 release=6.00
10-11 16:13:33.011 12664 12741 D OutputsAudio: [outputs-audio] symbol.info sequence=6 symbol=- timestamp=14636507.316 duration=102.000
10-11 16:13:33.012 12664 12741 I ReactNativeJS: [outputs] playMorse.symbol {"timestamp":14636532.699414,"wallClock":1760213613011,"symbol":"-","durationMs":102,"index":4,"source":"console.replay","correlationId":"console-replay:mgmpqk7nxehczcaf","nativeTimestampMs":14636507.316,"nativeDurationMs":102,"nativeOffsetMs":25.2788309995085,"nativeSequence":6,"monotonicTimestampMs":14636507.316}
10-11 16:13:33.013 12664 12741 I ReactNativeJS: [outputs] outputs.hapticSymbol {"timestamp":14636533.815977,"wallClock":1760213613012,"enabled":true,"symbol":"-","durationMs":102,"platform":"android","source":"console.replay","correlationId":"console-replay:mgmpqk7nxehczcaf","timelineOffsetMs":25.2788309995085}
10-11 16:13:33.014 12664 12741 I ReactNativeJS: [outputs] outputs.flashPulse {"timestamp":14636535.024467,"wallClock":1760213613013,"enabled":true,"durationMs":102,"source":"console.replay","correlationId":"console-replay:mgmpqk7nxehczcaf","timelineOffsetMs":null,"audioStartMs":14636507.316}
10-11 16:13:33.088 12664 14442 D OutputsAudio: [outputs-audio] stop gain=1.000 release=6.00
10-11 16:13:33.096 12664 12741 I ReactNativeJS: [outputs] outputs.flashPulse.commit {"timestamp":14636617.492227,"wallClock":1760213613096,"durationMs":102,"source":"console.replay","correlationId":"console-replay:mgmpqk7nxehczcaf","latencyMs":110.16862300038338,"timelineOffsetMs":null,"leadMs":8,"audioStartMs":14636507.316,"scheduleSkewMs":118.16862300038338}
10-11 16:13:33.124 12664 14442 D OutputsAudio: [outputs-audio] start hz=700.0 gain=1.000 attack=2.50 release=6.00
10-11 16:13:33.159 12664 14442 D OutputsAudio: [outputs-audio] stop gain=1.000 release=6.00
10-11 16:13:33.160 12664 12741 D OutputsAudio: [outputs-audio] symbol.info sequence=7 symbol=. timestamp=14636645.386 duration=34.000
10-11 16:13:33.161 12664 12741 I ReactNativeJS: [outputs] playMorse.symbol {"timestamp":14636681.812852,"wallClock":1760213613160,"symbol":"-","durationMs":102,"index":5,"source":"console.replay","correlationId":"console-replay:mgmpqkbs9o91hl87","nativeTimestampMs":14636645.386,"nativeDurationMs":34,"nativeOffsetMs":36.354872999712825,"nativeSequence":7,"monotonicTimestampMs":14636645.386}
10-11 16:13:33.161 12664 12741 I ReactNativeJS: [outputs] outputs.hapticSymbol {"timestamp":14636682.478425,"wallClock":1760213613161,"enabled":true,"symbol":"-","durationMs":102,"platform":"android","source":"console.replay","correlationId":"console-replay:mgmpqkbs9o91hl87","timelineOffsetMs":36.354872999712825}
10-11 16:13:33.162 12664 12741 I ReactNativeJS: [outputs] outputs.flashPulse {"timestamp":14636683.376237,"wallClock":1760213613162,"enabled":true,"durationMs":102,"source":"console.replay","correlationId":"console-replay:mgmpqkbs9o91hl87","timelineOffsetMs":null,"audioStartMs":14636645.386}
10-11 16:13:33.194 12664 14442 D OutputsAudio: [outputs-audio] start hz=700.0 gain=1.000 attack=2.50 release=6.00
10-11 16:13:33.229 12664 14442 D OutputsAudio: [outputs-audio] stop gain=1.000 release=6.00
10-11 16:13:33.236 12664 12741 I ReactNativeJS: [outputs] outputs.flashPulse.commit {"timestamp":14636757.090352,"wallClock":1760213613235,"durationMs":102,"source":"console.replay","correlationId":"console-replay:mgmpqkbs9o91hl87","latencyMs":111.69732099957764,"timelineOffsetMs":null,"leadMs":8,"audioStartMs":14636645.386,"scheduleSkewMs":119.69732099957764}
10-11 16:13:33.265 12664 14442 D OutputsAudio: [outputs-audio] start hz=700.0 gain=1.000 attack=2.50 release=6.00
10-11 16:13:33.299 12664 14442 D OutputsAudio: [outputs-audio] stop gain=1.000 release=6.00
