10-11 18:15:21.322 21460 21538 I ReactNativeJS: [outputs] outputs.flashPulse.commit {"timestamp":21907501.026693,"wallClock":1760220921322,"durationMs":34,"source":"console.replay","correlationId":"console-replay:mgmu37aspeyhq89w","latencyMs":53.76776099950075,"timelineOffsetMs":62.180077999830246,"leadMs":8,"scheduleSkewMs":52.50724000111222,"schedulingMode":"timeline","audioStartHeadroomMs":-83.49708900228143,"audioStartGuard":"headroom","audioStartCompensationMs":83.49708900228143}
10-11 18:15:21.367 21460 21538 D OutputsAudio: [outputs-audio] symbol.info sequence=10 symbol=- timestamp=21907455.215 duration=102.000 expected=21907441.012 skew=14.203 age=90.629
10-11 18:15:21.367 21460 21538 I ReactNativeJS: [outputs] playMorse.symbol {"timestamp":21907545.973203,"wallClock":1760220921367,"symbol":".","durationMs":34,"index":8,"source":"console.replay","correlationId":"console-replay:mgmu37dj1rw9q4a1","nativeTimestampMs":21907455.215,"nativeDurationMs":102,"nativeOffsetMs":90.70903699845076,"nativeSequence":10,"monotonicTimestampMs":21907455.215,"nativeExpectedTimestampMs":21907441.012,"nativeStartSkewMs":14.203,"nativeBatchElapsedMs":830.203,"nativeExpectedSincePriorMs":68,"nativeSincePriorMs":70.145,"nativePatternStartMs":21906625.012,"nativeAgeMs":90.629}
10-11 18:15:21.368 21460 21538 I ReactNativeJS: [outputs] playMorse.nativeOffset.spike {"timestamp":21907546.448932,"wallClock":1760220921367,"source":"console.replay","offsetMs":90.70903699845076,"sequence":10,"unitMs":34,"correlationId":"console-replay:mgmu37dj1rw9q4a1","startSkewMs":14.203,"batchElapsedMs":830.203,"ageMs":90.629}
10-11 18:15:21.368 21460 21538 I ReactNativeJS: [outputs] outputs.hapticSymbol {"timestamp":21907546.753724,"wallClock":1760220921368,"enabled":true,"symbol":".","durationMs":34,"platform":"android","source":"console.replay","correlationId":"console-replay:mgmu37dj1rw9q4a1","timelineOffsetMs":90.70903699845076}
10-11 18:15:21.369 21460 21538 I ReactNativeJS: [outputs] outputs.flashPulse {"timestamp":21907547.375026,"wallClock":1760220921368,"enabled":true,"durationMs":34,"source":"console.replay","correlationId":"console-replay:mgmu37dj1rw9q4a1","timelineOffsetMs":90.70903699845076,"schedulingMode":"timeline","audioStartHeadroomMs":-114.35396400094032,"audioStartGuard":"headroom","audioStartCompensationMs":114.35396400094032}
10-11 18:15:21.378 21460 21927 D OutputsAudio: [outputs-audio] stop gain=1.000 release=6.00
10-11 18:15:21.413 21460 21927 D OutputsAudio: [outputs-audio] start hz=700.0 gain=1.000 attack=2.50 release=6.00
10-11 18:15:21.413 21460 21927 D OutputsAudio: [outputs-audio] playMorse.symbol.start sequence=11 symbol=- expected=21907577.012 actual=21907592.449 skew=15.437 batchElapsed=967.437
10-11 18:15:21.431 21460 21538 I ReactNativeJS: [outputs] outputs.flashPulse.commit {"timestamp":21907609.996172,"wallClock":1760220921431,"durationMs":34,"source":"console.replay","correlationId":"console-replay:mgmu37dj1rw9q4a1","latencyMs":64.06359300017357,"timelineOffsetMs":90.70903699845076,"leadMs":8,"scheduleSkewMs":62.620207998901606,"schedulingMode":"timeline","audioStartHeadroomMs":-114.35396400094032,"audioStartGuard":"headroom","audioStartCompensationMs":114.35396400094032}
10-11 18:15:21.475 21460 21538 D OutputsAudio: [outputs-audio] symbol.info sequence=11 symbol=- timestamp=21907592.449 duration=102.000 expected=21907577.012 skew=15.437 age=61.147
10-11 18:15:21.475 21460 21538 I ReactNativeJS: [outputs] playMorse.symbol {"timestamp":21907653.732734,"wallClock":1760220921475,"symbol":"-","durationMs":102,"index":9,"source":"console.replay","correlationId":"console-replay:mgmu37gj2re5phd1","nativeTimestampMs":21907592.449,"nativeDurationMs":102,"nativeOffsetMs":61.23482799902558,"nativeSequence":11,"monotonicTimestampMs":21907592.449,"nativeExpectedTimestampMs":21907577.012,"nativeStartSkewMs":15.437,"nativeBatchElapsedMs":967.437,"nativeExpectedSincePriorMs":136,"nativeSincePriorMs":137.234,"nativePatternStartMs":21906625.012,"nativeAgeMs":61.147}
10-11 18:15:21.475 21460 21538 I ReactNativeJS: [outputs] outputs.hapticSymbol {"timestamp":21907654.244349,"wallClock":1760220921475,"enabled":true,"symbol":"-","durationMs":102,"platform":"android","source":"console.replay","correlationId":"console-replay:mgmu37gj2re5phd1","timelineOffsetMs":61.23482799902558}
10-11 18:15:21.476 21460 21538 I ReactNativeJS: [outputs] outputs.flashPulse {"timestamp":21907654.895964,"wallClock":1760220921476,"enabled":true,"durationMs":102,"source":"console.replay","correlationId":"console-replay:mgmu37gj2re5phd1","timelineOffsetMs":61.23482799902558,"schedulingMode":"timeline","audioStartHeadroomMs":-85.87516200169921,"audioStartGuard":"headroom","audioStartCompensationMs":85.87516200169921}
10-11 18:15:21.516 21460 21927 D OutputsAudio: [outputs-audio] stop gain=1.000 release=6.00
10-11 18:15:21.530 21460 21538 I ReactNativeJS: [outputs] outputs.flashPulse.commit {"timestamp":21907708.476537,"wallClock":1760220921529,"durationMs":102,"source":"console.replay","correlationId":"console-replay:mgmu37gj2re5phd1","latencyMs":54.78380199894309,"timelineOffsetMs":61.23482799902558,"leadMs":8,"scheduleSkewMs":53.57906199991703,"schedulingMode":"timeline","audioStartHeadroomMs":-85.87516200169921,"audioStartGuard":"headroom","audioStartCompensationMs":85.87516200169921}
10-11 18:15:21.550 21460 21927 D OutputsAudio: [outputs-audio] start hz=700.0 gain=1.000 attack=2.50 release=6.00
10-11 18:15:21.550 21460 21927 D OutputsAudio: [outputs-audio] playMorse.symbol.start sequence=12 symbol=- expected=21907713.012 actual=21907729.303 skew=16.291 batchElapsed=1104.291
10-11 18:15:21.580 21460 21538 D OutputsAudio: [outputs-audio] symbol.info sequence=12 symbol=- timestamp=21907729.303 duration=102.000 expected=21907713.012 skew=16.291 age=29.525
10-11 18:15:21.580 21460 21538 I ReactNativeJS: [outputs] playMorse.symbol {"timestamp":21907758.966016,"wallClock":1760220921580,"symbol":"-","durationMs":102,"index":10,"source":"console.replay","correlationId":"console-replay:mgmu37jgjpsgcqpu","nativeTimestampMs":21907729.303,"nativeDurationMs":102,"nativeOffsetMs":29.60207800194621,"nativeSequence":12,"monotonicTimestampMs":21907729.303,"nativeExpectedTimestampMs":21907713.012,"nativeStartSkewMs":16.291,"nativeBatchElapsedMs":1104.291,"nativeExpectedSincePriorMs":136,"nativeSincePriorMs":136.854,"nativePatternStartMs":21906625.012,"nativeAgeMs":29.525}
10-11 18:15:21.581 21460 21538 I ReactNativeJS: [outputs] outputs.hapticSymbol {"timestamp":21907759.438255,"wallClock":1760220921580,"enabled":true,"symbol":"-","durationMs":102,"platform":"android","source":"console.replay","correlationId":"console-replay:mgmu37jgjpsgcqpu","timelineOffsetMs":29.60207800194621}
10-11 18:15:21.581 21460 21538 I ReactNativeJS: [outputs] outputs.flashPulse {"timestamp":21907760.135495,"wallClock":1760220921581,"enabled":true,"durationMs":102,"source":"console.replay","correlationId":"console-replay:mgmu37jgjpsgcqpu","timelineOffsetMs":29.60207800194621,"schedulingMode":"timeline","audioStartHeadroomMs":-55.11396400257945,"audioStartGuard":"headroom","audioStartCompensationMs":55.11396400257945}
10-11 18:15:21.633 21460 21538 I ReactNativeJS: [outputs] outputs.flashPulse.commit {"timestamp":21907811.331068,"wallClock":1760220921632,"durationMs":102,"source":"console.replay","correlationId":"console-replay:mgmu37jgjpsgcqpu","latencyMs":52.4176039993763,"timelineOffsetMs":29.60207800194621,"leadMs":8,"scheduleSkewMs":51.19520800188184,"schedulingMode":"timeline","audioStartHeadroomMs":-55.11396400257945,"audioStartGuard":"headroom","audioStartCompensationMs":55.11396400257945}
10-11 18:15:21.652 21460 21927 D OutputsAudio: [outputs-audio] stop gain=1.000 release=6.00
10-11 18:15:21.687 21460 21927 D OutputsAudio: [outputs-audio] start hz=700.0 gain=1.000 attack=2.50 release=6.00
10-11 18:15:21.687 21460 21927 D OutputsAudio: [outputs-audio] playMorse.symbol.start sequence=13 symbol=. expected=21907849.012 actual=21907865.701 skew=16.690 batchElapsed=1240.690
10-11 18:15:21.713 21460 21538 D OutputsAudio: [outputs-audio] symbol.info sequence=13 symbol=. timestamp=21907865.701 duration=34.000 expected=21907849.012 skew=16.690 age=26.619
10-11 18:15:21.715 21460 21538 I ReactNativeJS: [outputs] playMorse.symbol {"timestamp":21907892.607266,"wallClock":1760220921714,"symbol":"-","durationMs":102,"index":11,"source":"console.replay","correlationId":"console-replay:mgmu37n64hh6dbb3","nativeTimestampMs":21907865.701,"nativeDurationMs":34,"nativeOffsetMs":26.786369998008013,"nativeSequence":13,"monotonicTimestampMs":21907865.701,"nativeExpectedTimestampMs":21907849.012,"nativeStartSkewMs":16.69,"nativeBatchElapsedMs":1240.69,"nativeExpectedSincePriorMs":136,"nativeSincePriorMs":136.398,"nativePatternStartMs":21906625.012,"nativeAgeMs":26.619}
10-11 18:15:21.715 21460 21538 I ReactNativeJS: [outputs] outputs.hapticSymbol {"timestamp":21907893.74513,"wallClock":1760220921715,"enabled":true,"symbol":"-","durationMs":102,"platform":"android","source":"console.replay","correlationId":"console-replay:mgmu37n64hh6dbb3","timelineOffsetMs":26.786369998008013}
10-11 18:15:21.716 21460 21538 I ReactNativeJS: [outputs] outputs.flashPulse {"timestamp":21907895.100495,"wallClock":1760220921716,"enabled":true,"durationMs":102,"source":"console.replay","correlationId":"console-replay:mgmu37n64hh6dbb3","timelineOffsetMs":26.786369998008013,"schedulingMode":"timeline","audioStartHeadroomMs":-54.06969300284982,"audioStartGuard":"headroom","audioStartCompensationMs":54.06969300284982}
10-11 18:15:21.721 21460 21927 D OutputsAudio: [outputs-audio] stop gain=1.000 release=6.00
10-11 18:15:21.755 21460 21927 D OutputsAudio: [outputs-audio] start hz=700.0 gain=1.000 attack=2.50 release=6.00
10-11 18:15:21.755 21460 21927 D OutputsAudio: [outputs-audio] playMorse.symbol.start sequence=14 symbol=. expected=21907917.012 actual=21907933.927 skew=16.915 batchElapsed=1308.915
10-11 18:15:21.777 21460 21538 I ReactNativeJS: [outputs] outputs.flashPulse.commit {"timestamp":21907955.243359,"wallClock":1760220921776,"durationMs":102,"source":"console.replay","correlationId":"console-replay:mgmu37n64hh6dbb3","latencyMs":62.74739599972963,"timelineOffsetMs":26.786369998008013,"leadMs":8,"scheduleSkewMs":60.14942700043321,"schedulingMode":"timeline","audioStartHeadroomMs":-54.06969300284982,"audioStartGuard":"headroom","audioStartCompensationMs":54.06969300284982}
10-11 18:15:21.790 21460 21927 D OutputsAudio: [outputs-audio] stop gain=1.000 release=6.00
10-11 18:15:21.824 21460 21538 D OutputsAudio: [outputs-audio] symbol.info sequence=14 symbol=. timestamp=21907933.927 duration=34.000 expected=21907917.012 skew=16.915 age=68.935
10-11 18:15:21.824 21460 21538 I ReactNativeJS: [outputs] playMorse.symbol {"timestamp":21908003.009818,"wallClock":1760220921824,"symbol":".","durationMs":34,"index":12,"source":"console.replay","correlationId":"console-replay:mgmu37q8hq6ulx7e","nativeTimestampMs":21907933.927,"nativeDurationMs":34,"nativeOffsetMs":69.03109899908304,"nativeSequence":14,"monotonicTimestampMs":21907933.927,"nativeExpectedTimestampMs":21907917.012,"nativeStartSkewMs":16.915,"nativeBatchElapsedMs":1308.915,"nativeExpectedSincePriorMs":68,"nativeSincePriorMs":68.226,"nativePatternStartMs":21906625.012,"nativeAgeMs":68.935}
10-11 18:15:21.825 21460 21538 I ReactNativeJS: [outputs] outputs.hapticSymbol {"timestamp":21908003.53888,"wallClock":1760220921824,"enabled":true,"symbol":".","durationMs":34,"platform":"android","source":"console.replay","correlationId":"console-replay:mgmu37q8hq6ulx7e","timelineOffsetMs":69.03109899908304}
10-11 18:15:21.825 21460 21927 D OutputsAudio: [outputs-audio] start hz=700.0 gain=1.000 attack=2.50 release=6.00
10-11 18:15:21.825 21460 21927 D OutputsAudio: [outputs-audio] playMorse.symbol.start sequence=15 symbol=. expected=21907985.012 actual=21908003.917 skew=18.905 batchElapsed=1378.905
10-11 18:15:21.825 21460 21538 I ReactNativeJS: [outputs] outputs.flashPulse {"timestamp":21908004.246745,"wallClock":1760220921825,"enabled":true,"durationMs":34,"source":"console.replay","correlationId":"console-replay:mgmu37q8hq6ulx7e","timelineOffsetMs":69.03109899908304,"schedulingMode":"timeline","audioStartHeadroomMs":-95.22526600211859,"audioStartGuard":"headroom","audioStartCompensationMs":95.22526600211859}
10-11 18:15:21.826 21460 21538 D OutputsAudio: [outputs-audio] symbol.info sequence=15 symbol=. timestamp=21908003.917 duration=34.000 expected=21907985.012 skew=18.905 age=0.762
10-11 18:15:21.860 21460 21927 D OutputsAudio: [outputs-audio] stop gain=1.000 release=6.00
10-11 18:15:21.881 21460 21538 I ReactNativeJS: [outputs] playMorse.symbol {"timestamp":21908059.933203,"wallClock":1760220921881,"symbol":".","durationMs":34,"index":13,"source":"console.replay","correlationId":"console-replay:mgmu37rt239yd3vt","nativeTimestampMs":21908003.917,"nativeDurationMs":34,"nativeOffsetMs":0.8254740014672279,"nativeSequence":15,"monotonicTimestampMs":21908003.917,"nativeExpectedTimestampMs":21907985.012,"nativeStartSkewMs":18.905,"nativeBatchElapsedMs":1378.905,"nativeExpectedSincePriorMs":68,"nativeSincePriorMs":69.99,"nativePatternStartMs":21906625.012,"nativeAgeMs":0.762}
10-11 18:15:21.882 21460 21538 I ReactNativeJS: [outputs] outputs.hapticSymbol {"timestamp":21908060.453151,"wallClock":1760220921881,"enabled":true,"symbol":".","durationMs":34,"platform":"android","source":"console.replay","correlationId":"console-replay:mgmu37rt239yd3vt","timelineOffsetMs":0.8254740014672279}
10-11 18:15:21.882 21460 21538 I ReactNativeJS: [outputs] outputs.flashPulse {"timestamp":21908061.134974,"wallClock":1760220921882,"enabled":true,"durationMs":34,"source":"console.replay","correlationId":"console-replay:mgmu37rt239yd3vt","timelineOffsetMs":0.8254740014672279,"schedulingMode":"timeline","audioStartHeadroomMs":-84.1133380010724,"audioStartGuard":"headroom","audioStartCompensationMs":84.1133380010724}
10-11 18:15:21.894 21460 21927 D OutputsAudio: [outputs-audio] start hz=700.0 gain=1.000 attack=2.50 release=6.00
10-11 18:15:21.894 21460 21927 D OutputsAudio: [outputs-audio] playMorse.symbol.start sequence=16 symbol=- expected=21908053.012 actual=21908073.058 skew=20.046 batchElapsed=1448.046
10-11 18:15:21.935 21460 21538 I ReactNativeJS: [outputs] outputs.flashPulse.commit {"timestamp":21908113.747213,"wallClock":1760220921935,"durationMs":34,"source":"console.replay","correlationId":"console-replay:mgmu37q8hq6ulx7e","latencyMs":110.77942699939013,"timelineOffsetMs":69.03109899908304,"leadMs":8,"scheduleSkewMs":109.49833299964666,"schedulingMode":"timeline","audioStartHeadroomMs":-95.22526600211859,"audioStartGuard":"headroom","audioStartCompensationMs":95.22526600211859}
10-11 18:15:21.980 21460 21538 D OutputsAudio: [outputs-audio] symbol.info sequence=16 symbol=- timestamp=21908073.058 duration=102.000 expected=21908053.012 skew=20.046 age=85.868
10-11 18:15:21.980 21460 21538 I ReactNativeJS: [outputs] playMorse.symbol {"timestamp":21908159.059193,"wallClock":1760220921980,"symbol":".","durationMs":34,"index":14,"source":"console.replay","correlationId":"console-replay:mgmu37ukhr591zo0","nativeTimestampMs":21908073.058,"nativeDurationMs":102,"nativeOffsetMs":85.95155700296164,"nativeSequence":16,"monotonicTimestampMs":21908073.058,"nativeExpectedTimestampMs":21908053.012,"nativeStartSkewMs":20.046,"nativeBatchElapsedMs":1448.046,"nativeExpectedSincePriorMs":68,"nativeSincePriorMs":69.141,"nativePatternStartMs":21906625.012,"nativeAgeMs":85.868}
10-11 18:15:21.981 21460 21538 I ReactNativeJS: [outputs] playMorse.nativeOffset.spike {"timestamp":21908159.527266,"wallClock":1760220921980,"source":"console.replay","offsetMs":85.95155700296164,"sequence":16,"unitMs":34,"correlationId":"console-replay:mgmu37ukhr591zo0","startSkewMs":20.046,"batchElapsedMs":1448.046,"ageMs":85.868}
10-11 18:15:21.981 21460 21538 I ReactNativeJS: [outputs] outputs.hapticSymbol {"timestamp":21908159.836276,"wallClock":1760220921981,"enabled":true,"symbol":".","durationMs":34,"platform":"android","source":"console.replay","correlationId":"console-replay:mgmu37ukhr591zo0","timelineOffsetMs":85.95155700296164}
10-11 18:15:21.982 21460 21538 I ReactNativeJS: [outputs] outputs.flashPulse {"timestamp":21908160.521849,"wallClock":1760220921981,"enabled":true,"durationMs":34,"source":"console.replay","correlationId":"console-replay:mgmu37ukhr591zo0","timelineOffsetMs":85.95155700296164,"schedulingMode":"timeline","audioStartHeadroomMs":-115.50026600062847,"audioStartGuard":"headroom","audioStartCompensationMs":115.50026600062847}
10-11 18:15:21.996 21460 21927 D OutputsAudio: [outputs-audio] stop gain=1.000 release=6.00
10-11 18:15:22.031 21460 21927 D OutputsAudio: [outputs-audio] start hz=700.0 gain=1.000 attack=2.50 release=6.00
10-11 18:15:22.032 21460 21927 D OutputsAudio: [outputs-audio] playMorse.symbol.start sequence=17 symbol=- expected=21908189.012 actual=21908210.673 skew=21.661 batchElapsed=1585.661
10-11 18:15:22.035 21460 21538 I ReactNativeJS: [outputs] outputs.flashPulse.commit {"timestamp":21908213.515234,"wallClock":1760220922034,"durationMs":34,"source":"console.replay","correlationId":"console-replay:mgmu37rt239yd3vt","latencyMs":208.76395799964666,"timelineOffsetMs":0.8254740014672279,"leadMs":8,"scheduleSkewMs":152.37963499873877,"schedulingMode":"timeline","audioStartHeadroomMs":-84.1133380010724,"audioStartGuard":"headroom","audioStartCompensationMs":84.1133380010724}
10-11 18:15:22.088 21460 21538 I ReactNativeJS: [outputs] outputs.flashPulse.commit {"timestamp":21908266.275286,"wallClock":1760220922087,"durationMs":34,"source":"console.replay","correlationId":"console-replay:mgmu37ukhr591zo0","latencyMs":107.25776099786162,"timelineOffsetMs":85.95155700296164,"leadMs":8,"scheduleSkewMs":105.75338599830866,"schedulingMode":"timeline","audioStartHeadroomMs":-115.50026600062847,"audioStartGuard":"headroom","audioStartCompensationMs":115.50026600062847}
10-11 18:15:22.134 21460 21927 D OutputsAudio: [outputs-audio] stop gain=1.000 release=6.00
10-11 18:15:22.142 21460 21538 D OutputsAudio: [outputs-audio] symbol.info sequence=17 symbol=- timestamp=21908210.673 duration=102.000 expected=21908189.012 skew=21.661 age=110.656
10-11 18:15:22.143 21460 21538 I ReactNativeJS: [outputs] playMorse.symbol {"timestamp":21908321.465755,"wallClock":1760220922142,"symbol":"-","durationMs":102,"index":15,"source":"console.replay","correlationId":"console-replay:mgmu37z2icotbegj","nativeTimestampMs":21908210.673,"nativeDurationMs":102,"nativeOffsetMs":110.74067199975252,"nativeSequence":17,"monotonicTimestampMs":21908210.673,"nativeExpectedTimestampMs":21908189.012,"nativeStartSkewMs":21.661,"nativeBatchElapsedMs":1585.661,"nativeExpectedSincePriorMs":136,"nativeSincePriorMs":137.615,"nativePatternStartMs":21906625.012,"nativeAgeMs":110.656}
10-11 18:15:22.143 21460 21538 I ReactNativeJS: [outputs] playMorse.nativeOffset.spike {"timestamp":21908321.942526,"wallClock":1760220922143,"source":"console.replay","offsetMs":110.74067199975252,"sequence":17,"unitMs":34,"correlationId":"console-replay:mgmu37z2icotbegj","startSkewMs":21.661,"batchElapsedMs":1585.661,"ageMs":110.656}
10-11 18:15:22.143 21460 21538 I ReactNativeJS: [outputs] outputs.hapticSymbol {"timestamp":21908322.252213,"wallClock":1760220922143,"enabled":true,"symbol":"-","durationMs":102,"platform":"android","source":"console.replay","correlationId":"console-replay:mgmu37z2icotbegj","timelineOffsetMs":110.74067199975252}
10-11 18:15:22.144 21460 21538 I ReactNativeJS: [outputs] outputs.flashPulse {"timestamp":21908322.929661,"wallClock":1760220922144,"enabled":true,"durationMs":102,"source":"console.replay","correlationId":"console-replay:mgmu37z2icotbegj","timelineOffsetMs":110.74067199975252,"schedulingMode":"timeline","audioStartHeadroomMs":-141.9087030030787,"audioStartGuard":"headroom","audioStartCompensationMs":141.9087030030787}
10-11 18:15:22.169 21460 21927 D OutputsAudio: [outputs-audio] start hz=700.0 gain=1.000 attack=2.50 release=6.00
10-11 18:15:22.169 21460 21927 D OutputsAudio: [outputs-audio] playMorse.symbol.start sequence=18 symbol=- expected=21908325.012 actual=21908348.136 skew=23.124 batchElapsed=1723.124
10-11 18:15:22.207 21460 21538 I ReactNativeJS: [outputs] outputs.flashPulse.commit {"timestamp":21908385.565755,"wallClock":1760220922206,"durationMs":102,"source":"console.replay","correlationId":"console-replay:mgmu37z2icotbegj","latencyMs":64.14359299838543,"timelineOffsetMs":110.74067199975252,"leadMs":8,"scheduleSkewMs":62.634894996881485,"schedulingMode":"timeline","audioStartHeadroomMs":-141.9087030030787,"audioStartGuard":"headroom","audioStartCompensationMs":141.9087030030787}
10-11 18:15:22.251 21460 21538 D OutputsAudio: [outputs-audio] symbol.info sequence=18 symbol=- timestamp=21908348.136 duration=102.000 expected=21908325.012 skew=23.124 age=81.562
10-11 18:15:22.251 21460 21538 I ReactNativeJS: [outputs] playMorse.symbol {"timestamp":21908429.833411,"wallClock":1760220922251,"symbol":"-","durationMs":102,"index":16,"source":"console.replay","correlationId":"console-replay:mgmu3823drkb07lv","nativeTimestampMs":21908348.136,"nativeDurationMs":102,"nativeOffsetMs":81.64975500106812,"nativeSequence":18,"monotonicTimestampMs":21908348.136,"nativeExpectedTimestampMs":21908325.012,"nativeStartSkewMs":23.124,"nativeBatchElapsedMs":1723.124,"nativeExpectedSincePriorMs":136,"nativeSincePriorMs":137.463,"nativePatternStartMs":21906625.012,"nativeAgeMs":81.562}
10-11 18:15:22.251 21460 21538 I ReactNativeJS: [outputs] playMorse.nativeOffset.spike {"timestamp":21908430.298411,"wallClock":1760220922251,"source":"console.replay","offsetMs":81.64975500106812,"sequence":18,"unitMs":34,"correlationId":"console-replay:mgmu3823drkb07lv","startSkewMs":23.124,"batchElapsedMs":1723.124,"ageMs":81.562}
10-11 18:15:22.252 21460 21538 I ReactNativeJS: [outputs] outputs.hapticSymbol {"timestamp":21908430.601745,"wallClock":1760220922252,"enabled":true,"symbol":"-","durationMs":102,"platform":"android","source":"console.replay","correlationId":"console-replay:mgmu3823drkb07lv","timelineOffsetMs":81.64975500106812}
10-11 18:15:22.252 21460 21538 I ReactNativeJS: [outputs] outputs.flashPulse {"timestamp":21908431.22638,"wallClock":1760220922252,"enabled":true,"durationMs":102,"source":"console.replay","correlationId":"console-replay:mgmu3823drkb07lv","timelineOffsetMs":81.64975500106812,"schedulingMode":"timeline","audioStartHeadroomMs":-114.20401500165462,"audioStartGuard":"headroom","audioStartCompensationMs":114.20401500165462}
10-11 18:15:22.272 21460 21927 D OutputsAudio: [outputs-audio] stop gain=1.000 release=6.00
10-11 18:15:22.306 21460 21927 D OutputsAudio: [outputs-audio] start hz=700.0 gain=1.000 attack=2.50 release=6.00
10-11 18:15:22.306 21460 21927 D OutputsAudio: [outputs-audio] playMorse.symbol.start sequence=19 symbol=. expected=21908461.012 actual=21908485.431 skew=24.419 batchElapsed=1860.419
10-11 18:15:22.315 21460 21538 I ReactNativeJS: [outputs] outputs.flashPulse.commit {"timestamp":21908493.665859,"wallClock":1760220922315,"durationMs":102,"source":"console.replay","correlationId":"console-replay:mgmu3823drkb07lv","latencyMs":63.87078100070357,"timelineOffsetMs":81.64975500106812,"leadMs":8,"scheduleSkewMs":62.43848900124431,"schedulingMode":"timeline","audioStartHeadroomMs":-114.20401500165462,"audioStartGuard":"headroom","audioStartCompensationMs":114.20401500165462}
10-11 18:15:22.341 21460 21927 D OutputsAudio: [outputs-audio] stop gain=1.000 release=6.00
10-11 18:15:22.359 21460 21538 D OutputsAudio: [outputs-audio] symbol.info sequence=19 symbol=. timestamp=21908485.431 duration=34.000 expected=21908461.012 skew=24.419 age=52.376
10-11 18:15:22.359 21460 21538 I ReactNativeJS: [outputs] playMorse.symbol {"timestamp":21908537.941588,"wallClock":1760220922359,"symbol":"-","durationMs":102,"index":17,"source":"console.replay","correlationId":"console-replay:mgmu3853ar2nc1va","nativeTimestampMs":21908485.431,"nativeDurationMs":34,"nativeOffsetMs":52.461577996611595,"nativeSequence":19,"monotonicTimestampMs":21908485.431,"nativeExpectedTimestampMs":21908461.012,"nativeStartSkewMs":24.419,"nativeBatchElapsedMs":1860.419,"nativeExpectedSincePriorMs":136,"nativeSincePriorMs":137.295,"nativePatternStartMs":21906625.012,"nativeAgeMs":52.376}
10-11 18:15:22.360 21460 21538 I ReactNativeJS: [outputs] outputs.hapticSymbol {"timestamp":21908538.421849,"wallClock":1760220922359,"enabled":true,"symbol":"-","durationMs":102,"platform":"android","source":"console.replay","correlationId":"console-replay:mgmu3853ar2nc1va","timelineOffsetMs":52.461577996611595}
10-11 18:15:22.360 21460 21538 I ReactNativeJS: [outputs] outputs.flashPulse {"timestamp":21908539.055963,"wallClock":1760220922360,"enabled":true,"durationMs":102,"source":"console.replay","correlationId":"console-replay:mgmu3853ar2nc1va","timelineOffsetMs":52.461577996611595,"schedulingMode":"timeline","audioStartHeadroomMs":-86.03505700081587,"audioStartGuard":"headroom","audioStartCompensationMs":86.03505700081587}
10-11 18:15:22.376 21460 21927 D OutputsAudio: [outputs-audio] start hz=700.0 gain=1.000 attack=2.50 release=6.00
10-11 18:15:22.376 21460 21927 D OutputsAudio: [outputs-audio] playMorse.symbol.start sequence=20 symbol=. expected=21908529.012 actual=21908555.395 skew=26.383 batchElapsed=1930.383
10-11 18:15:22.411 21460 21927 D OutputsAudio: [outputs-audio] stop gain=1.000 release=6.00
10-11 18:15:22.420 21460 21538 I ReactNativeJS: [outputs] outputs.flashPulse.commit {"timestamp":21908599.088151,"wallClock":1760220922420,"durationMs":102,"source":"console.replay","correlationId":"console-replay:mgmu3853ar2nc1va","latencyMs":61.18666700273752,"timelineOffsetMs":52.461577996611595,"leadMs":8,"scheduleSkewMs":60.0307300016284,"schedulingMode":"timeline","audioStartHeadroomMs":-86.03505700081587,"audioStartGuard":"headroom","audioStartCompensationMs":86.03505700081587}
10-11 18:15:22.446 21460 21927 D OutputsAudio: [outputs-audio] start hz=700.0 gain=1.000 attack=2.50 release=6.00
10-11 18:15:22.446 21460 21927 D OutputsAudio: [outputs-audio] playMorse.symbol.start sequence=21 symbol=. expected=21908597.012 actual=21908625.530 skew=28.518 batchElapsed=2000.518
10-11 18:15:22.467 21460 21538 D OutputsAudio: [outputs-audio] symbol.info sequence=21 symbol=. timestamp=21908625.530 duration=34.000 expected=21908597.012 skew=28.518 age=20.430
10-11 18:15:22.467 21460 21538 W ReactNativeJS: '[outputs-audio] native sequence jump', { previous: 19, next: 21, delta: 2 }
10-11 18:15:22.468 21460 21538 I ReactNativeJS: [outputs] playMorse.symbol {"timestamp":21908646.624036,"wallClock":1760220922468,"symbol":".","durationMs":34,"index":18,"source":"console.replay","correlationId":"console-replay:mgmu388406jtztzs","nativeTimestampMs":21908625.53,"nativeDurationMs":34,"nativeOffsetMs":21.057264998555183,"nativeSequence":21,"monotonicTimestampMs":21908625.53,"nativeExpectedTimestampMs":21908597.012,"nativeStartSkewMs":28.518,"nativeBatchElapsedMs":2000.518,"nativeExpectedSincePriorMs":68,"nativeSincePriorMs":70.135,"nativePatternStartMs":21906625.012,"nativeAgeMs":20.43}
10-11 18:15:22.468 21460 21538 I ReactNativeJS: [outputs] outputs.hapticSymbol {"timestamp":21908646.983359,"wallClock":1760220922468,"enabled":true,"symbol":".","durationMs":34,"platform":"android","source":"console.replay","correlationId":"console-replay:mgmu388406jtztzs","timelineOffsetMs":21.057264998555183}
10-11 18:15:22.469 21460 21538 I ReactNativeJS: [outputs] outputs.flashPulse {"timestamp":21908647.678515,"wallClock":1760220922469,"enabled":true,"durationMs":34,"source":"console.replay","correlationId":"console-replay:mgmu388406jtztzs","timelineOffsetMs":21.057264998555183,"schedulingMode":"timeline","audioStartHeadroomMs":-58.65667200088501,"audioStartGuard":"headroom","audioStartCompensationMs":58.65667200088501}
10-11 18:15:22.481 21460 21927 D OutputsAudio: [outputs-audio] stop gain=1.000 release=6.00
10-11 18:15:22.516 21460 21927 D OutputsAudio: [outputs-audio] start hz=700.0 gain=1.000 attack=2.50 release=6.00
10-11 18:15:22.516 21460 21927 D OutputsAudio: [outputs-audio] playMorse.symbol.start sequence=22 symbol=- expected=21908665.012 actual=21908694.748 skew=29.736 batchElapsed=2069.736
10-11 18:15:22.530 21460 21538 I ReactNativeJS: [outputs] outputs.flashPulse.commit {"timestamp":21908708.485026,"wallClock":1760220922529,"durationMs":34,"source":"console.replay","correlationId":"console-replay:mgmu388406jtztzs","latencyMs":61.889479000121355,"timelineOffsetMs":21.057264998555183,"leadMs":8,"scheduleSkewMs":60.8064580000937,"schedulingMode":"timeline","audioStartHeadroomMs":-58.65667200088501,"audioStartGuard":"headroom","audioStartCompensationMs":58.65667200088501}
10-11 18:15:22.580 21460 21538 D OutputsAudio: [outputs-audio] symbol.info sequence=22 symbol=- timestamp=21908694.748 duration=102.000 expected=21908665.012 skew=29.736 age=64.097
10-11 18:15:22.580 21460 21538 I ReactNativeJS: [outputs] playMorse.symbol {"timestamp":21908758.972474,"wallClock":1760220922580,"symbol":".","durationMs":34,"index":19,"source":"console.replay","correlationId":"console-replay:mgmu38b87bdpyuk5","nativeTimestampMs":21908694.748,"nativeDurationMs":102,"nativeOffsetMs":64.17744199931622,"nativeSequence":22,"monotonicTimestampMs":21908694.748,"nativeExpectedTimestampMs":21908665.012,"nativeStartSkewMs":29.736,"nativeBatchElapsedMs":2069.736,"nativeExpectedSincePriorMs":68,"nativeSincePriorMs":69.217,"nativePatternStartMs":21906625.012,"nativeAgeMs":64.097}
10-11 18:15:22.581 21460 21538 I ReactNativeJS: [outputs] outputs.hapticSymbol {"timestamp":21908759.473724,"wallClock":1760220922580,"enabled":true,"symbol":".","durationMs":34,"platform":"android","source":"console.replay","correlationId":"console-replay:mgmu38b87bdpyuk5","timelineOffsetMs":64.17744199931622}
10-11 18:15:22.581 21460 21538 I ReactNativeJS: [outputs] outputs.flashPulse {"timestamp":21908760.199401,"wallClock":1760220922581,"enabled":true,"durationMs":34,"source":"console.replay","correlationId":"console-replay:mgmu38b87bdpyuk5","timelineOffsetMs":64.17744199931622,"schedulingMode":"timeline","audioStartHeadroomMs":-103.17719200253487,"audioStartGuard":"headroom","audioStartCompensationMs":103.17719200253487}
10-11 18:15:22.618 21460 21927 D OutputsAudio: [outputs-audio] stop gain=1.000 release=6.00
10-11 18:15:22.633 21460 21538 I ReactNativeJS: [outputs] outputs.flashPulse.commit {"timestamp":21908811.546692,"wallClock":1760220922632,"durationMs":34,"source":"console.replay","correlationId":"console-replay:mgmu38b87bdpyuk5","latencyMs":52.612396001815796,"timelineOffsetMs":64.17744199931622,"leadMs":8,"scheduleSkewMs":51.34682299941778,"schedulingMode":"timeline","audioStartHeadroomMs":-103.17719200253487,"audioStartGuard":"headroom","audioStartCompensationMs":103.17719200253487}
10-11 18:15:22.653 21460 21927 D OutputsAudio: [outputs-audio] start hz=700.0 gain=1.000 attack=2.50 release=6.00
10-11 18:15:22.654 21460 21927 D OutputsAudio: [outputs-audio] playMorse.symbol.start sequence=23 symbol=- expected=21908801.012 actual=21908832.887 skew=31.875 batchElapsed=2207.875
10-11 18:15:22.683 21460 21538 D OutputsAudio: [outputs-audio] symbol.info sequence=23 symbol=- timestamp=21908832.887 duration=102.000 expected=21908801.012 skew=31.875 age=28.815
10-11 18:15:22.683 21460 21538 I ReactNativeJS: [outputs] playMorse.symbol {"timestamp":21908861.828672,"wallClock":1760220922683,"symbol":".","durationMs":34,"index":20,"source":"console.replay","correlationId":"console-replay:mgmu38e37n8fzn0s","nativeTimestampMs":21908832.887,"nativeDurationMs":102,"nativeOffsetMs":28.893911000341177,"nativeSequence":23,"monotonicTimestampMs":21908832.887,"nativeExpectedTimestampMs":21908801.012,"nativeStartSkewMs":31.875,"nativeBatchElapsedMs":2207.875,"nativeExpectedSincePriorMs":136,"nativeSincePriorMs":138.139,"nativePatternStartMs":21906625.012,"nativeAgeMs":28.815}
10-11 18:15:22.684 21460 21538 I ReactNativeJS: [outputs] outputs.hapticSymbol {"timestamp":21908862.318984,"wallClock":1760220922683,"enabled":true,"symbol":".","durationMs":34,"platform":"android","source":"console.replay","correlationId":"console-replay:mgmu38e37n8fzn0s","timelineOffsetMs":28.893911000341177}
10-11 18:15:22.684 21460 21538 I ReactNativeJS: [outputs] outputs.flashPulse {"timestamp":21908862.96789,"wallClock":1760220922684,"enabled":true,"durationMs":34,"source":"console.replay","correlationId":"console-replay:mgmu38e37n8fzn0s","timelineOffsetMs":28.893911000341177,"schedulingMode":"timeline","audioStartHeadroomMs":-69.94615100324154,"audioStartGuard":"headroom","audioStartCompensationMs":69.94615100324154}
10-11 18:15:22.741 21460 21538 I ReactNativeJS: [outputs] outputs.flashPulse.commit {"timestamp":21908919.399817,"wallClock":1760220922740,"durationMs":34,"source":"console.replay","correlationId":"console-replay:mgmu38e37n8fzn0s","latencyMs":57.610000003129244,"timelineOffsetMs":28.893911000341177,"leadMs":8,"scheduleSkewMs":56.43114600330591,"schedulingMode":"timeline","audioStartHeadroomMs":-69.94615100324154,"audioStartGuard":"headroom","audioStartCompensationMs":69.94615100324154}
10-11 18:15:22.757 21460 21927 D OutputsAudio: [outputs-audio] stop gain=1.000 release=6.00
10-11 18:15:22.792 21460 21927 D OutputsAudio: [outputs-audio] start hz=700.0 gain=1.000 attack=2.50 release=6.00
10-11 18:15:22.792 21460 21927 D OutputsAudio: [outputs-audio] playMorse.symbol.start sequence=24 symbol=- expected=21908937.012 actual=21908971.224 skew=34.212 batchElapsed=2346.212
10-11 18:15:22.798 21460 21538 D OutputsAudio: [outputs-audio] symbol.info sequence=24 symbol=- timestamp=21908971.224 duration=102.000 expected=21908937.012 skew=34.212 age=5.495
10-11 18:15:22.798 21460 21538 I ReactNativeJS: [outputs] playMorse.symbol {"timestamp":21908976.853567,"wallClock":1760220922798,"symbol":"-","durationMs":102,"index":21,"source":"console.replay","correlationId":"console-replay:mgmu38hakijda73k","nativeTimestampMs":21908971.224,"nativeDurationMs":102,"nativeOffsetMs":5.578577999025583,"nativeSequence":24,"monotonicTimestampMs":21908971.224,"nativeExpectedTimestampMs":21908937.012,"nativeStartSkewMs":34.212,"nativeBatchElapsedMs":2346.212,"nativeExpectedSincePriorMs":136,"nativeSincePriorMs":138.337,"nativePatternStartMs":21906625.012,"nativeAgeMs":5.495}
10-11 18:15:22.799 21460 21538 I ReactNativeJS: [outputs] outputs.hapticSymbol {"timestamp":21908977.343046,"wallClock":1760220922798,"enabled":true,"symbol":"-","durationMs":102,"platform":"android","source":"console.replay","correlationId":"console-replay:mgmu38hakijda73k","timelineOffsetMs":5.578577999025583}
10-11 18:15:22.799 21460 21538 I ReactNativeJS: [outputs] outputs.flashPulse {"timestamp":21908978.035963,"wallClock":1760220922799,"enabled":true,"durationMs":102,"source":"console.replay","correlationId":"console-replay:mgmu38hakijda73k","timelineOffsetMs":5.578577999025583,"schedulingMode":"timeline","audioStartHeadroomMs":-49.01453600078821,"audioStartGuard":"headroom","audioStartCompensationMs":49.01453600078821}
10-11 18:15:22.856 21460 21538 I ReactNativeJS: [outputs] outputs.flashPulse.commit {"timestamp":21909034.858828,"wallClock":1760220922856,"durationMs":102,"source":"console.replay","correlationId":"console-replay:mgmu38hakijda73k","latencyMs":58.04770800098777,"timelineOffsetMs":5.578577999025583,"leadMs":8,"scheduleSkewMs":56.82229200005531,"schedulingMode":"timeline","audioStartHeadroomMs":-49.01453600078821,"audioStartGuard":"headroom","audioStartCompensationMs":49.01453600078821}
10-11 18:15:22.895 21460 21927 D OutputsAudio: [outputs-audio] stop gain=1.000 release=6.00
10-11 18:15:22.930 21460 21927 D OutputsAudio: [outputs-audio] start hz=700.0 gain=1.000 attack=2.50 release=6.00
10-11 18:15:22.930 21460 21927 D OutputsAudio: [outputs-audio] playMorse.symbol.start sequence=25 symbol=. expected=21909073.012 actual=21909109.297 skew=36.285 batchElapsed=2484.285
10-11 18:15:22.947 21460 21538 D OutputsAudio: [outputs-audio] symbol.info sequence=25 symbol=. timestamp=21909109.297 duration=34.000 expected=21909073.012 skew=36.285 age=16.962
10-11 18:15:22.948 21460 21538 I ReactNativeJS: [outputs] playMorse.symbol {"timestamp":21909126.428463,"wallClock":1760220922947,"symbol":"-","durationMs":102,"index":22,"source":"console.replay","correlationId":"console-replay:mgmu38lf941toe7h","nativeTimestampMs":21909109.297,"nativeDurationMs":34,"nativeOffsetMs":17.065161000937223,"nativeSequence":25,"monotonicTimestampMs":21909109.297,"nativeExpectedTimestampMs":21909073.012,"nativeStartSkewMs":36.285,"nativeBatchElapsedMs":2484.285,"nativeExpectedSincePriorMs":136,"nativeSincePriorMs":138.073,"nativePatternStartMs":21906625.012,"nativeAgeMs":16.962}
10-11 18:15:22.948 21460 21538 I ReactNativeJS: [outputs] outputs.hapticSymbol {"timestamp":21909127.031901,"wallClock":1760220922948,"enabled":true,"symbol":"-","durationMs":102,"platform":"android","source":"console.replay","correlationId":"console-replay:mgmu38lf941toe7h","timelineOffsetMs":17.065161000937223}
10-11 18:15:22.949 21460 21538 I ReactNativeJS: [outputs] outputs.flashPulse {"timestamp":21909127.739921,"wallClock":1760220922949,"enabled":true,"durationMs":102,"source":"console.replay","correlationId":"console-replay:mgmu38lf941toe7h","timelineOffsetMs":17.065161000937223,"schedulingMode":"timeline","audioStartHeadroomMs":-62.71755700185895,"audioStartGuard":"headroom","audioStartCompensationMs":62.71755700185895}
10-11 18:15:22.965 21460 21927 D OutputsAudio: [outputs-audio] stop gain=1.000 release=6.00
10-11 18:15:23.000 21460 21927 D OutputsAudio: [outputs-audio] start hz=700.0 gain=1.000 attack=2.50 release=6.00
10-11 18:15:23.000 21460 21927 D OutputsAudio: [outputs-audio] playMorse.symbol.start sequence=26 symbol=. expected=21909141.012 actual=21909179.208 skew=38.196 batchElapsed=2554.196
10-11 18:15:23.001 21460 21538 I ReactNativeJS: [outputs] outputs.flashPulse.commit {"timestamp":21909179.620442,"wallClock":1760220923001,"durationMs":102,"source":"console.replay","correlationId":"console-replay:mgmu38lf941toe7h","latencyMs":53.248594000935555,"timelineOffsetMs":17.065161000937223,"leadMs":8,"scheduleSkewMs":51.879374999552965,"schedulingMode":"timeline","audioStartHeadroomMs":-62.71755700185895,"audioStartGuard":"headroom","audioStartCompensationMs":62.71755700185895}
10-11 18:15:23.034 21460 21927 D OutputsAudio: [outputs-audio] stop gain=1.000 release=6.00
10-11 18:15:23.046 21460 21538 D OutputsAudio: [outputs-audio] symbol.info sequence=26 symbol=. timestamp=21909179.208 duration=34.000 expected=21909141.012 skew=38.196 age=45.588
10-11 18:15:23.046 21460 21538 I ReactNativeJS: [outputs] playMorse.symbol {"timestamp":21909224.925911,"wallClock":1760220923046,"symbol":"-","durationMs":102,"index":23,"source":"console.replay","correlationId":"console-replay:mgmu38o6sxp1cj5r","nativeTimestampMs":21909179.208,"nativeDurationMs":34,"nativeOffsetMs":45.66676500067115,"nativeSequence":26,"monotonicTimestampMs":21909179.208,"nativeExpectedTimestampMs":21909141.012,"nativeStartSkewMs":38.196,"nativeBatchElapsedMs":2554.196,"nativeExpectedSincePriorMs":68,"nativeSincePriorMs":69.911,"nativePatternStartMs":21906625.012,"nativeAgeMs":45.588}
10-11 18:15:23.047 21460 21538 I ReactNativeJS: [outputs] outputs.hapticSymbol {"timestamp":21909225.407786,"wallClock":1760220923046,"enabled":true,"symbol":"-","durationMs":102,"platform":"android","source":"console.replay","correlationId":"console-replay:mgmu38o6sxp1cj5r","timelineOffsetMs":45.66676500067115}
10-11 18:15:23.047 21460 21538 I ReactNativeJS: [outputs] outputs.flashPulse {"timestamp":21909226.150807,"wallClock":1760220923047,"enabled":true,"durationMs":102,"source":"console.replay","correlationId":"console-replay:mgmu38o6sxp1cj5r","timelineOffsetMs":45.66676500067115,"schedulingMode":"timeline","audioStartHeadroomMs":-93.12917100265622,"audioStartGuard":"headroom","audioStartCompensationMs":93.12917100265622}
10-11 18:15:23.069 21460 21927 D OutputsAudio: [outputs-audio] start hz=700.0 gain=1.000 attack=2.50 release=6.00
10-11 18:15:23.069 21460 21927 D OutputsAudio: [outputs-audio] playMorse.symbol.start sequence=27 symbol=. expected=21909209.012 actual=21909247.719 skew=38.707 batchElapsed=2622.707
10-11 18:15:23.104 21460 21927 D OutputsAudio: [outputs-audio] stop gain=1.000 release=6.00
10-11 18:15:23.104 21460 21927 D OutputsAudio: [outputs-audio] stop gain=0.667 release=6.00
10-11 18:15:23.104 21460 21927 D OutputsAudio: [outputs-audio] playMorse.end cancelled=0
10-11 18:15:23.118 21460 21538 I ReactNativeJS: [outputs] outputs.flashPulse.commit {"timestamp":21909297.168515,"wallClock":1760220923118,"durationMs":102,"source":"console.replay","correlationId":"console-replay:mgmu38o6sxp1cj5r","latencyMs":72.28447899967432,"timelineOffsetMs":45.66676500067115,"leadMs":8,"scheduleSkewMs":71.01640599966049,"schedulingMode":"timeline","audioStartHeadroomMs":-93.12917100265622,"audioStartGuard":"headroom","audioStartCompensationMs":93.12917100265622}
10-11 18:15:23.166 21460 21538 D OutputsAudio: [outputs-audio] symbol.info sequence=27 symbol=. timestamp=21909247.719 duration=34.000 expected=21909209.012 skew=38.707 age=96.961
10-11 18:15:23.166 21460 21538 I ReactNativeJS: [outputs] playMorse.symbol {"timestamp":21909344.814036,"wallClock":1760220923166,"symbol":".","durationMs":34,"index":24,"source":"console.replay","correlationId":"console-replay:mgmu38rig658c4do","nativeTimestampMs":21909247.719,"nativeDurationMs":34,"nativeOffsetMs":97.0450359992683,"nativeSequence":27,"monotonicTimestampMs":21909247.719,"nativeExpectedTimestampMs":21909209.012,"nativeStartSkewMs":38.707,"nativeBatchElapsedMs":2622.707,"nativeExpectedSincePriorMs":68,"nativeSincePriorMs":68.511,"nativePatternStartMs":21906625.012,"nativeAgeMs":96.961}
10-11 18:15:23.166 21460 21538 I ReactNativeJS: [outputs] playMorse.nativeOffset.spike {"timestamp":21909345.287421,"wallClock":1760220923166,"source":"console.replay","offsetMs":97.0450359992683,"sequence":27,"unitMs":34,"correlationId":"console-replay:mgmu38rig658c4do","startSkewMs":38.707,"batchElapsedMs":2622.707,"ageMs":96.961}
10-11 18:15:23.167 21460 21538 I ReactNativeJS: [outputs] outputs.hapticSymbol {"timestamp":21909345.621536,"wallClock":1760220923167,"enabled":true,"symbol":".","durationMs":34,"platform":"android","source":"console.replay","correlationId":"console-replay:mgmu38rig658c4do","timelineOffsetMs":97.0450359992683}
10-11 18:15:23.167 21460 21538 I ReactNativeJS: [outputs] outputs.flashPulse {"timestamp":21909346.292005,"wallClock":1760220923167,"enabled":true,"durationMs":34,"source":"console.replay","correlationId":"console-replay:mgmu38rig658c4do","timelineOffsetMs":97.0450359992683,"schedulingMode":"timeline","audioStartHeadroomMs":-145.27052600309253,"audioStartGuard":"headroom","audioStartCompensationMs":145.27052600309253}
10-11 18:15:23.236 21460 21538 I ReactNativeJS: [outputs] outputs.flashPulse.commit {"timestamp":21909414.660807,"wallClock":1760220923236,"durationMs":34,"source":"console.replay","correlationId":"console-replay:mgmu38rig658c4do","latencyMs":69.88703100010753,"timelineOffsetMs":97.0450359992683,"leadMs":8,"scheduleSkewMs":68.36703100055456,"schedulingMode":"timeline","audioStartHeadroomMs":-145.27052600309253,"audioStartGuard":"headroom","audioStartCompensationMs":145.27052600309253}
10-11 18:15:23.328 21460 21538 I ReactNativeJS: [outputs] playMorse.symbol {"timestamp":21909505.838932,"wallClock":1760220923327,"symbol":".","durationMs":34,"index":25,"source":"console.replay","correlationId":"console-replay:mgmu38vz4ou5732i","nativeTimestampMs":null,"nativeDurationMs":null,"nativeOffsetMs":null,"nativeSequence":null,"monotonicTimestampMs":null,"nativeExpectedTimestampMs":null,"nativeStartSkewMs":null,"nativeBatchElapsedMs":null,"nativeExpectedSincePriorMs":null,"nativeSincePriorMs":null,"nativePatternStartMs":null,"nativeAgeMs":null}
10-11 18:15:23.328 21460 21538 I ReactNativeJS: [outputs] outputs.hapticSymbol {"timestamp":21909506.93315,"wallClock":1760220923328,"enabled":true,"symbol":".","durationMs":34,"platform":"android","source":"console.replay","correlationId":"console-replay:mgmu38vz4ou5732i","timelineOffsetMs":null}
10-11 18:15:23.330 21460 21538 I ReactNativeJS: [outputs] outputs.flashPulse {"timestamp":21909508.289244,"wallClock":1760220923329,"enabled":true,"durationMs":34,"source":"console.replay","correlationId":"console-replay:mgmu38vz4ou5732i","timelineOffsetMs":24,"schedulingMode":"timeline"}
10-11 18:15:23.418 21460 21538 I ReactNativeJS: [outputs] outputs.flashPulse.commit {"timestamp":21909595.648932,"wallClock":1760220923417,"durationMs":34,"source":"console.replay","correlationId":"console-replay:mgmu38vz4ou5732i","latencyMs":65.80697900056839,"timelineOffsetMs":24,"leadMs":8,"scheduleSkewMs":73.80697900056839,"schedulingMode":"timeline"}
10-11 18:15:23.638 21460 21538 I ReactNativeJS: [outputs] playMorse.symbol {"timestamp":21909815.840807,"wallClock":1760220923637,"symbol":".","durationMs":34,"index":26,"source":"console.replay","correlationId":"console-replay:mgmu394l79rvqnnf","nativeTimestampMs":null,"nativeDurationMs":null,"nativeOffsetMs":null,"nativeSequence":null,"monotonicTimestampMs":null,"nativeExpectedTimestampMs":null,"nativeStartSkewMs":null,"nativeBatchElapsedMs":null,"nativeExpectedSincePriorMs":null,"nativeSincePriorMs":null,"nativePatternStartMs":null,"nativeAgeMs":null}
10-11 18:15:23.638 21460 21538 I ReactNativeJS: [outputs] outputs.hapticSymbol {"timestamp":21909816.904609,"wallClock":1760220923638,"enabled":true,"symbol":".","durationMs":34,"platform":"android","source":"console.replay","correlationId":"console-replay:mgmu394l79rvqnnf","timelineOffsetMs":null}
10-11 18:15:23.639 21460 21538 I ReactNativeJS: [outputs] outputs.flashPulse {"timestamp":21909817.921692,"wallClock":1760220923639,"enabled":true,"durationMs":34,"source":"console.replay","correlationId":"console-replay:mgmu394l79rvqnnf","timelineOffsetMs":24,"schedulingMode":"timeline"}
10-11 18:15:23.694 21460 21538 I ReactNativeJS: [outputs] playMorse.complete {"timestamp":21909873.133932,"wallClock":1760220923694,"durationMs":3367.3177069984376,"source":"console.replay","audioEnabled":true,"audioVolumePercent":100}
10-11 18:15:23.737 21460 21538 I ReactNativeJS: [outputs] outputs.flashPulse.commit {"timestamp":21909916.122161,"wallClock":1760220923737,"durationMs":34,"source":"console.replay","correlationId":"console-replay:mgmu394l79rvqnnf","latencyMs":76.28984399884939,"timelineOffsetMs":24,"leadMs":8,"scheduleSkewMs":84.28984399884939,"schedulingMode":"timeline"}
10-11 18:15:33.331 21460 21538 I ReactNativeJS: [outputs] playMorse.start {"timestamp":21919509.004345,"wallClock":1760220933330,"unitMs":30,"length":28,"source":"console.replay","audioEnabled":true,"audioVolumePercent":100}
10-11 18:15:33.435 21460 21538 D OutputsAudio: [outputs-audio] warmup hz=700.0
10-11 18:15:33.436 21460 22000 D OutputsAudio: [outputs-audio] playMorse.start count=27 unit=30.0
10-11 18:15:33.436 21460 22000 D OutputsAudio: [outputs-audio] start hz=700.0 gain=1.000 attack=2.50 release=6.00
10-11 18:15:33.436 21460 22000 D OutputsAudio: [outputs-audio] playMorse.symbol.start sequence=1 symbol=. expected=21919615.168 actual=21919615.183 skew=0.014 batchElapsed=0.014
10-11 18:15:33.447 21460 21538 D OutputsAudio: [outputs-audio] symbol.info sequence=1 symbol=. timestamp=21919615.183 duration=30.000 expected=21919615.168 skew=0.014 age=11.088
10-11 18:15:33.449 21460 21538 I ReactNativeJS: [outputs] playMorse.symbol {"timestamp":21919626.555959,"wallClock":1760220933447,"symbol":".","durationMs":30,"index":0,"source":"console.replay","correlationId":"console-replay:mgmu3gp3h0pdj9sv","nativeTimestampMs":21919615.183,"nativeDurationMs":30,"nativeOffsetMs":11.276709001511335,"nativeSequence":1,"monotonicTimestampMs":21919615.183,"nativeExpectedTimestampMs":21919615.168,"nativeStartSkewMs":0.014,"nativeBatchElapsedMs":0.014,"nativeExpectedSincePriorMs":0,"nativeSincePriorMs":0,"nativePatternStartMs":21919615.168,"nativeAgeMs":11.088}
10-11 18:15:33.450 21460 21538 I ReactNativeJS: [outputs] outputs.hapticSymbol {"timestamp":21919627.906428,"wallClock":1760220933449,"enabled":true,"symbol":".","durationMs":30,"platform":"android","source":"console.replay","correlationId":"console-replay:mgmu3gp3h0pdj9sv","timelineOffsetMs":11.276709001511335}
10-11 18:15:33.451 21460 21538 I ReactNativeJS: [outputs] outputs.flashPulse {"timestamp":21919629.766532,"wallClock":1760220933451,"enabled":true,"durationMs":30,"source":"console.replay","correlationId":"console-replay:mgmu3gp3h0pdj9sv","timelineOffsetMs":11.276709001511335,"schedulingMode":"timeline","audioStartHeadroomMs":-22.577802997082472,"audioStartGuard":"headroom","audioStartCompensationMs":22.577802997082472}
10-11 18:15:33.467 21460 22000 D OutputsAudio: [outputs-audio] stop gain=1.000 release=6.00
10-11 18:15:33.498 21460 22000 D OutputsAudio: [outputs-audio] start hz=700.0 gain=1.000 attack=2.50 release=6.00
10-11 18:15:33.498 21460 22000 D OutputsAudio: [outputs-audio] playMorse.symbol.start sequence=2 symbol=. expected=21919675.168 actual=21919677.284 skew=2.116 batchElapsed=62.116
10-11 18:15:33.516 21460 21538 I ReactNativeJS: [outputs] outputs.flashPulse.commit {"timestamp":21919694.838459,"wallClock":1760220933516,"durationMs":30,"source":"console.replay","correlationId":"console-replay:mgmu3gp3h0pdj9sv","latencyMs":68.36833300068974,"timelineOffsetMs":11.276709001511335,"leadMs":8,"scheduleSkewMs":65.07848900184035,"schedulingMode":"timeline","audioStartHeadroomMs":-22.577802997082472,"audioStartGuard":"headroom","audioStartCompensationMs":22.577802997082472}
10-11 18:15:33.529 21460 22000 D OutputsAudio: [outputs-audio] stop gain=1.000 release=6.00
