10-11 13:37:34.878 11634 11955 D OutputsAudio: [outputs-audio] start hz=700.0 gain=1.000 attack=2.50 release=6.00
10-11 13:37:34.920 11634 11711 D OutputsAudio: [outputs-audio] symbol.info sequence=4 symbol=- timestamp=5278399.699 duration=240.000
10-11 13:37:34.921 11634 11711 I ReactNativeJS: [outputs] playMorse.symbol {"timestamp":5278441.835484,"wallClock":1760204254920,"symbol":"-","durationMs":240,"index":3,"source":"console.replay","correlationId":"console-replay:mgmk5zgoa5o7ifmu","nativeTimestampMs":5278399.699,"nativeDurationMs":240,"nativeOffsetMs":42.08570300042629,"nativeSequence":4,"monotonicTimestampMs":5278399.699}
10-11 13:37:34.921 11634 11711 I ReactNativeJS: [outputs] outputs.hapticSymbol {"timestamp":5278442.333088,"wallClock":1760204254921,"enabled":true,"symbol":"-","durationMs":240,"platform":"android","source":"console.replay","correlationId":"console-replay:mgmk5zgoa5o7ifmu","timelineOffsetMs":42.08570300042629}
10-11 13:37:34.921 11634 11711 I ReactNativeJS: [outputs] outputs.flashPulse {"timestamp":5278442.85413,"wallClock":1760204254921,"enabled":true,"durationMs":240,"source":"console.replay","correlationId":"console-replay:mgmk5zgoa5o7ifmu","timelineOffsetMs":42.08570300042629}
10-11 13:37:34.991 11634 11711 I ReactNativeJS: [outputs] outputs.flashPulse.commit {"timestamp":5278511.877151,"wallClock":1760204254990,"durationMs":240,"source":"console.replay","correlationId":"console-replay:mgmk5zgoa5o7ifmu","latencyMs":70.08812499977648,"timelineOffsetMs":42.08570300042629}
10-11 13:37:35.119 11634 11955 D OutputsAudio: [outputs-audio] stop gain=1.000 release=6.00
10-11 13:37:35.199 11634 11955 D OutputsAudio: [outputs-audio] start hz=700.0 gain=1.000 attack=2.50 release=6.00
10-11 13:37:35.209 11634 11711 D OutputsAudio: [outputs-audio] symbol.info sequence=5 symbol=- timestamp=5278721.291 duration=240.000
10-11 13:37:35.210 11634 11711 I ReactNativeJS: [outputs] playMorse.symbol {"timestamp":5278730.361317,"wallClock":1760204255209,"symbol":"-","durationMs":240,"index":4,"source":"console.replay","correlationId":"console-replay:mgmk5zop83ogud3l","nativeTimestampMs":5278721.291,"nativeDurationMs":240,"nativeOffsetMs":8.984535999596119,"nativeSequence":5,"monotonicTimestampMs":5278721.291}
10-11 13:37:35.210 11634 11711 I ReactNativeJS: [outputs] outputs.hapticSymbol {"timestamp":5278731.239755,"wallClock":1760204255210,"enabled":true,"symbol":"-","durationMs":240,"platform":"android","source":"console.replay","correlationId":"console-replay:mgmk5zop83ogud3l","timelineOffsetMs":8.984535999596119}
10-11 13:37:35.211 11634 11711 I ReactNativeJS: [outputs] outputs.flashPulse {"timestamp":5278732.05814,"wallClock":1760204255210,"enabled":true,"durationMs":240,"source":"console.replay","correlationId":"console-replay:mgmk5zop83ogud3l","timelineOffsetMs":8.984535999596119}
10-11 13:37:35.288 11634 11711 I ReactNativeJS: [outputs] outputs.flashPulse.commit {"timestamp":5278808.835901,"wallClock":1760204255287,"durationMs":240,"source":"console.replay","correlationId":"console-replay:mgmk5zop83ogud3l","latencyMs":78.55572899989784,"timelineOffsetMs":8.984535999596119}
10-11 13:37:35.440 11634 11955 D OutputsAudio: [outputs-audio] stop gain=1.000 release=6.00
10-11 13:37:35.521 11634 11955 D OutputsAudio: [outputs-audio] start hz=700.0 gain=1.000 attack=2.50 release=6.00
10-11 13:37:35.533 11634 11711 D OutputsAudio: [outputs-audio] symbol.info sequence=6 symbol=- timestamp=5279042.546 duration=240.000
10-11 13:37:35.534 11634 11711 I ReactNativeJS: [outputs] playMorse.symbol {"timestamp":5279054.955744,"wallClock":1760204255533,"symbol":"-","durationMs":240,"index":5,"source":"console.replay","correlationId":"console-replay:mgmk5zxp3sw9q114","nativeTimestampMs":5279042.546,"nativeDurationMs":240,"nativeOffsetMs":12.312400999478996,"nativeSequence":6,"monotonicTimestampMs":5279042.546}
10-11 13:37:35.535 11634 11711 I ReactNativeJS: [outputs] outputs.hapticSymbol {"timestamp":5279055.969651,"wallClock":1760204255534,"enabled":true,"symbol":"-","durationMs":240,"platform":"android","source":"console.replay","correlationId":"console-replay:mgmk5zxp3sw9q114","timelineOffsetMs":12.312400999478996}
10-11 13:37:35.536 11634 11711 I ReactNativeJS: [outputs] outputs.flashPulse {"timestamp":5279057.084859,"wallClock":1760204255535,"enabled":true,"durationMs":240,"source":"console.replay","correlationId":"console-replay:mgmk5zxp3sw9q114","timelineOffsetMs":12.312400999478996}
10-11 13:37:35.614 11634 11711 I ReactNativeJS: [outputs] outputs.flashPulse.commit {"timestamp":5279134.973453,"wallClock":1760204255613,"durationMs":240,"source":"console.replay","correlationId":"console-replay:mgmk5zxp3sw9q114","latencyMs":80.11062500067055,"timelineOffsetMs":12.312400999478996}
10-11 13:37:35.762 11634 11955 D OutputsAudio: [outputs-audio] stop gain=1.000 release=6.00
10-11 13:37:35.843 11634 11955 D OutputsAudio: [outputs-audio] start hz=700.0 gain=1.000 attack=2.50 release=6.00
10-11 13:37:35.854 11634 11711 D OutputsAudio: [outputs-audio] symbol.info sequence=7 symbol=. timestamp=5279364.301 duration=80.000
10-11 13:37:35.856 11634 11711 I ReactNativeJS: [outputs] playMorse.symbol {"timestamp":5279375.678817,"wallClock":1760204255854,"symbol":".","durationMs":80,"index":6,"source":"console.replay","correlationId":"console-replay:mgmk606mb43yz0hm","nativeTimestampMs":5279364.301,"nativeDurationMs":80,"nativeOffsetMs":11.271306999959052,"nativeSequence":7,"monotonicTimestampMs":5279364.301}
10-11 13:37:35.858 11634 11711 I ReactNativeJS: [outputs] outputs.hapticSymbol {"timestamp":5279377.779182,"wallClock":1760204255856,"enabled":true,"symbol":".","durationMs":80,"platform":"android","source":"console.replay","correlationId":"console-replay:mgmk606mb43yz0hm","timelineOffsetMs":11.271306999959052}
10-11 13:37:35.859 11634 11711 I ReactNativeJS: [outputs] outputs.flashPulse {"timestamp":5279380.419546,"wallClock":1760204255859,"enabled":true,"durationMs":80,"source":"console.replay","correlationId":"console-replay:mgmk606mb43yz0hm","timelineOffsetMs":11.271306999959052}
10-11 13:37:35.923 11634 11955 D OutputsAudio: [outputs-audio] stop gain=1.000 release=6.00
10-11 13:37:35.943 11634 11711 I ReactNativeJS: [outputs] outputs.flashPulse.commit {"timestamp":5279463.986109,"wallClock":1760204255942,"durationMs":80,"source":"console.replay","correlationId":"console-replay:mgmk606mb43yz0hm","latencyMs":88.40947899967432,"timelineOffsetMs":11.271306999959052}
10-11 13:37:36.004 11634 11955 D OutputsAudio: [outputs-audio] start hz=700.0 gain=1.000 attack=2.50 release=6.00
10-11 13:37:36.013 11634 11711 D OutputsAudio: [outputs-audio] symbol.info sequence=8 symbol=. timestamp=5279525.525 duration=80.000
10-11 13:37:36.014 11634 11711 I ReactNativeJS: [outputs] playMorse.symbol {"timestamp":5279534.817463,"wallClock":1760204256013,"symbol":".","durationMs":80,"index":7,"source":"console.replay","correlationId":"console-replay:mgmk60b1czngkdtn","nativeTimestampMs":5279525.525,"nativeDurationMs":80,"nativeOffsetMs":9.202254999428988,"nativeSequence":8,"monotonicTimestampMs":5279525.525}
10-11 13:37:36.015 11634 11711 I ReactNativeJS: [outputs] outputs.hapticSymbol {"timestamp":5279535.710588,"wallClock":1760204256014,"enabled":true,"symbol":".","durationMs":80,"platform":"android","source":"console.replay","correlationId":"console-replay:mgmk60b1czngkdtn","timelineOffsetMs":9.202254999428988}
10-11 13:37:36.015 11634 11711 I ReactNativeJS: [outputs] outputs.flashPulse {"timestamp":5279536.578088,"wallClock":1760204256015,"enabled":true,"durationMs":80,"source":"console.replay","correlationId":"console-replay:mgmk60b1czngkdtn","timelineOffsetMs":9.202254999428988}
10-11 13:37:36.085 11634 11955 D OutputsAudio: [outputs-audio] stop gain=1.000 release=6.00
10-11 13:37:36.086 11634 11711 I ReactNativeJS: [outputs] outputs.flashPulse.commit {"timestamp":5279607.674078,"wallClock":1760204256086,"durationMs":80,"source":"console.replay","correlationId":"console-replay:mgmk60b1czngkdtn","latencyMs":72.94213500060141,"timelineOffsetMs":9.202254999428988}
10-11 13:37:36.165 11634 11955 D OutputsAudio: [outputs-audio] start hz=700.0 gain=1.000 attack=2.50 release=6.00
10-11 13:37:36.180 11634 11711 D OutputsAudio: [outputs-audio] symbol.info sequence=9 symbol=. timestamp=5279686.772 duration=80.000
10-11 13:37:36.181 11634 11711 I ReactNativeJS: [outputs] playMorse.symbol {"timestamp":5279701.754442,"wallClock":1760204256180,"symbol":".","durationMs":80,"index":8,"source":"console.replay","correlationId":"console-replay:mgmk60fofj5o4ncw","nativeTimestampMs":5279686.772,"nativeDurationMs":80,"nativeOffsetMs":14.874734000302851,"nativeSequence":9,"monotonicTimestampMs":5279686.772}
10-11 13:37:36.182 11634 11711 I ReactNativeJS: [outputs] outputs.hapticSymbol {"timestamp":5279702.873088,"wallClock":1760204256181,"enabled":true,"symbol":".","durationMs":80,"platform":"android","source":"console.replay","correlationId":"console-replay:mgmk60fofj5o4ncw","timelineOffsetMs":14.874734000302851}
10-11 13:37:36.183 11634 11711 I ReactNativeJS: [outputs] outputs.flashPulse {"timestamp":5279703.971525,"wallClock":1760204256182,"enabled":true,"durationMs":80,"source":"console.replay","correlationId":"console-replay:mgmk60fofj5o4ncw","timelineOffsetMs":14.874734000302851}
10-11 13:37:36.245 11634 11955 D OutputsAudio: [outputs-audio] stop gain=1.000 release=6.00
10-11 13:37:36.253 11634 11711 I ReactNativeJS: [outputs] outputs.flashPulse.commit {"timestamp":5279774.367098,"wallClock":1760204256253,"durationMs":80,"source":"console.replay","correlationId":"console-replay:mgmk60fofj5o4ncw","latencyMs":72.71572900004685,"timelineOffsetMs":14.874734000302851}
10-11 13:37:36.326 11634 11955 D OutputsAudio: [outputs-audio] start hz=700.0 gain=1.000 attack=2.50 release=6.00
10-11 13:37:36.342 11634 11711 D OutputsAudio: [outputs-audio] symbol.info sequence=10 symbol=- timestamp=5279847.625 duration=240.000
10-11 13:37:36.342 11634 11711 I ReactNativeJS: [outputs] playMorse.symbol {"timestamp":5279863.329234,"wallClock":1760204256342,"symbol":"-","durationMs":240,"index":9,"source":"console.replay","correlationId":"console-replay:mgmk60k607ntlvxi","nativeTimestampMs":5279847.625,"nativeDurationMs":240,"nativeOffsetMs":15.623816999606788,"nativeSequence":10,"monotonicTimestampMs":5279847.625}
10-11 13:37:36.343 11634 11711 I ReactNativeJS: [outputs] outputs.hapticSymbol {"timestamp":5279864.181734,"wallClock":1760204256343,"enabled":true,"symbol":"-","durationMs":240,"platform":"android","source":"console.replay","correlationId":"console-replay:mgmk60k607ntlvxi","timelineOffsetMs":15.623816999606788}
10-11 13:37:36.343 11634 11711 I ReactNativeJS: [outputs] outputs.flashPulse {"timestamp":5279864.83538,"wallClock":1760204256343,"enabled":true,"durationMs":240,"source":"console.replay","correlationId":"console-replay:mgmk60k607ntlvxi","timelineOffsetMs":15.623816999606788}
10-11 13:37:36.405 11634 11711 I ReactNativeJS: [outputs] outputs.flashPulse.commit {"timestamp":5279925.843817,"wallClock":1760204256404,"durationMs":240,"source":"console.replay","correlationId":"console-replay:mgmk60k607ntlvxi","latencyMs":62.59052100032568,"timelineOffsetMs":15.623816999606788}
10-11 13:37:36.566 11634 11955 D OutputsAudio: [outputs-audio] stop gain=1.000 release=6.00
10-11 13:37:36.647 11634 11955 D OutputsAudio: [outputs-audio] start hz=700.0 gain=1.000 attack=2.50 release=6.00
10-11 13:37:36.675 11634 11711 D OutputsAudio: [outputs-audio] symbol.info sequence=11 symbol=- timestamp=5280168.473 duration=240.000
10-11 13:37:36.675 11634 11711 I ReactNativeJS: [outputs] playMorse.symbol {"timestamp":5280196.588973,"wallClock":1760204256675,"symbol":"-","durationMs":240,"index":10,"source":"console.replay","correlationId":"console-replay:mgmk60tfk68b8o8i","nativeTimestampMs":5280168.473,"nativeDurationMs":240,"nativeOffsetMs":28.062795999459922,"nativeSequence":11,"monotonicTimestampMs":5280168.473}
10-11 13:37:36.676 11634 11711 I ReactNativeJS: [outputs] outputs.hapticSymbol {"timestamp":5280197.12689,"wallClock":1760204256675,"enabled":true,"symbol":"-","durationMs":240,"platform":"android","source":"console.replay","correlationId":"console-replay:mgmk60tfk68b8o8i","timelineOffsetMs":28.062795999459922}
10-11 13:37:36.676 11634 11711 I ReactNativeJS: [outputs] outputs.flashPulse {"timestamp":5280197.692827,"wallClock":1760204256676,"enabled":true,"durationMs":240,"source":"console.replay","correlationId":"console-replay:mgmk60tfk68b8o8i","timelineOffsetMs":28.062795999459922}
10-11 13:37:36.739 11634 11711 I ReactNativeJS: [outputs] outputs.flashPulse.commit {"timestamp":5280260.521109,"wallClock":1760204256739,"durationMs":240,"source":"console.replay","correlationId":"console-replay:mgmk60tfk68b8o8i","latencyMs":63.98078100010753,"timelineOffsetMs":28.062795999459922}
10-11 13:37:36.888 11634 11955 D OutputsAudio: [outputs-audio] stop gain=1.000 release=6.00
10-11 13:37:36.968 11634 11955 D OutputsAudio: [outputs-audio] start hz=700.0 gain=1.000 attack=2.50 release=6.00
10-11 13:37:36.980 11634 11711 D OutputsAudio: [outputs-audio] symbol.info sequence=12 symbol=- timestamp=5280490.126 duration=240.000
10-11 13:37:36.981 11634 11711 I ReactNativeJS: [outputs] playMorse.symbol {"timestamp":5280501.528817,"wallClock":1760204256980,"symbol":"-","durationMs":240,"index":11,"source":"console.replay","correlationId":"console-replay:mgmk611wkndfy0tz","nativeTimestampMs":5280490.126,"nativeDurationMs":240,"nativeOffsetMs":11.30396299995482,"nativeSequence":12,"monotonicTimestampMs":5280490.126}
10-11 13:37:36.982 11634 11711 I ReactNativeJS: [outputs] outputs.hapticSymbol {"timestamp":5280502.560744,"wallClock":1760204256981,"enabled":true,"symbol":"-","durationMs":240,"platform":"android","source":"console.replay","correlationId":"console-replay:mgmk611wkndfy0tz","timelineOffsetMs":11.30396299995482}
10-11 13:37:36.983 11634 11711 I ReactNativeJS: [outputs] outputs.flashPulse {"timestamp":5280503.7934,"wallClock":1760204256982,"enabled":true,"durationMs":240,"source":"console.replay","correlationId":"console-replay:mgmk611wkndfy0tz","timelineOffsetMs":11.30396299995482}
10-11 13:37:37.068 11634 11711 I ReactNativeJS: [outputs] outputs.flashPulse.commit {"timestamp":5280589.038036,"wallClock":1760204257067,"durationMs":240,"source":"console.replay","correlationId":"console-replay:mgmk611wkndfy0tz","latencyMs":87.60343699995428,"timelineOffsetMs":11.30396299995482}
10-11 13:37:37.210 11634 11955 D OutputsAudio: [outputs-audio] stop gain=1.000 release=6.00
10-11 13:37:37.291 11634 11955 D OutputsAudio: [outputs-audio] start hz=700.0 gain=1.000 attack=2.50 release=6.00
10-11 13:37:37.310 11634 11711 D OutputsAudio: [outputs-audio] symbol.info sequence=13 symbol=. timestamp=5280812.226 duration=80.000
10-11 13:37:37.311 11634 11711 I ReactNativeJS: [outputs] playMorse.symbol {"timestamp":5280831.670015,"wallClock":1760204257310,"symbol":".","durationMs":80,"index":12,"source":"console.replay","correlationId":"console-replay:mgmk61b2avrtot1x","nativeTimestampMs":5280812.226,"nativeDurationMs":80,"nativeOffsetMs":19.319015000015497,"nativeSequence":13,"monotonicTimestampMs":5280812.226}
10-11 13:37:37.312 11634 11711 I ReactNativeJS: [outputs] outputs.hapticSymbol {"timestamp":5280833.0634,"wallClock":1760204257311,"enabled":true,"symbol":".","durationMs":80,"platform":"android","source":"console.replay","correlationId":"console-replay:mgmk61b2avrtot1x","timelineOffsetMs":19.319015000015497}
10-11 13:37:37.313 11634 11711 I ReactNativeJS: [outputs] outputs.flashPulse {"timestamp":5280834.29939,"wallClock":1760204257313,"enabled":true,"durationMs":80,"source":"console.replay","correlationId":"console-replay:mgmk61b2avrtot1x","timelineOffsetMs":19.319015000015497}
10-11 13:37:37.371 11634 11955 D OutputsAudio: [outputs-audio] stop gain=1.000 release=6.00
10-11 13:37:37.380 11634 11711 I ReactNativeJS: [outputs] outputs.flashPulse.commit {"timestamp":5280901.673973,"wallClock":1760204257380,"durationMs":80,"source":"console.replay","correlationId":"console-replay:mgmk61b2avrtot1x","latencyMs":70.12406199984252,"timelineOffsetMs":19.319015000015497}
10-11 13:37:37.452 11634 11955 D OutputsAudio: [outputs-audio] start hz=700.0 gain=1.000 attack=2.50 release=6.00
10-11 13:37:37.480 11634 11711 D OutputsAudio: [outputs-audio] symbol.info sequence=14 symbol=. timestamp=5280973.349 duration=80.000
10-11 13:37:37.481 11634 11711 I ReactNativeJS: [outputs] playMorse.symbol {"timestamp":5281001.732202,"wallClock":1760204257480,"symbol":".","durationMs":80,"index":13,"source":"console.replay","correlationId":"console-replay:mgmk61fsrm9n244n","nativeTimestampMs":5280973.349,"nativeDurationMs":80,"nativeOffsetMs":28.297993999905884,"nativeSequence":14,"monotonicTimestampMs":5280973.349}
10-11 13:37:37.481 11634 11711 I ReactNativeJS: [outputs] outputs.hapticSymbol {"timestamp":5281002.552358,"wallClock":1760204257481,"enabled":true,"symbol":".","durationMs":80,"platform":"android","source":"console.replay","correlationId":"console-replay:mgmk61fsrm9n244n","timelineOffsetMs":28.297993999905884}
10-11 13:37:37.482 11634 11711 I ReactNativeJS: [outputs] outputs.flashPulse {"timestamp":5281003.36491,"wallClock":1760204257482,"enabled":true,"durationMs":80,"source":"console.replay","correlationId":"console-replay:mgmk61fsrm9n244n","timelineOffsetMs":28.297993999905884}
10-11 13:37:37.532 11634 11955 D OutputsAudio: [outputs-audio] stop gain=1.000 release=6.00
10-11 13:37:37.553 11634 11711 I ReactNativeJS: [outputs] outputs.flashPulse.commit {"timestamp":5281073.859442,"wallClock":1760204257552,"durationMs":80,"source":"console.replay","correlationId":"console-replay:mgmk61fsrm9n244n","latencyMs":72.2087499992922,"timelineOffsetMs":28.297993999905884}
10-11 13:37:37.612 11634 11955 D OutputsAudio: [outputs-audio] start hz=700.0 gain=1.000 attack=2.50 release=6.00
10-11 13:37:37.627 11634 11711 D OutputsAudio: [outputs-audio] symbol.info sequence=15 symbol=. timestamp=5281133.855 duration=80.000
10-11 13:37:37.628 11634 11711 I ReactNativeJS: [outputs] playMorse.symbol {"timestamp":5281148.596681,"wallClock":1760204257627,"symbol":".","durationMs":80,"index":14,"source":"console.replay","correlationId":"console-replay:mgmk61jvcq6269tl","nativeTimestampMs":5281133.855,"nativeDurationMs":80,"nativeOffsetMs":14.640795999206603,"nativeSequence":15,"monotonicTimestampMs":5281133.855}
10-11 13:37:37.629 11634 11711 I ReactNativeJS: [outputs] outputs.hapticSymbol {"timestamp":5281149.841629,"wallClock":1760204257628,"enabled":true,"symbol":".","durationMs":80,"platform":"android","source":"console.replay","correlationId":"console-replay:mgmk61jvcq6269tl","timelineOffsetMs":14.640795999206603}
10-11 13:37:37.630 11634 11711 I ReactNativeJS: [outputs] outputs.flashPulse {"timestamp":5281150.985223,"wallClock":1760204257629,"enabled":true,"durationMs":80,"source":"console.replay","correlationId":"console-replay:mgmk61jvcq6269tl","timelineOffsetMs":14.640795999206603}
10-11 13:37:37.693 11634 11955 D OutputsAudio: [outputs-audio] stop gain=1.000 release=6.00
10-11 13:37:37.701 11634 11711 I ReactNativeJS: [outputs] outputs.flashPulse.commit {"timestamp":5281222.470379,"wallClock":1760204257701,"durationMs":80,"source":"console.replay","correlationId":"console-replay:mgmk61jvcq6269tl","latencyMs":73.97000000067055,"timelineOffsetMs":14.640795999206603}
10-11 13:37:37.774 11634 11955 D OutputsAudio: [outputs-audio] start hz=700.0 gain=1.000 attack=2.50 release=6.00
10-11 13:37:37.795 11634 11711 D OutputsAudio: [outputs-audio] symbol.info sequence=16 symbol=- timestamp=5281296.279 duration=240.000
10-11 13:37:37.796 11634 11711 I ReactNativeJS: [outputs] playMorse.symbol {"timestamp":5281316.518608,"wallClock":1760204257795,"symbol":"-","durationMs":240,"index":15,"source":"console.replay","correlationId":"console-replay:mgmk61oja2c2rzui","nativeTimestampMs":5281296.279,"nativeDurationMs":240,"nativeOffsetMs":20.14382699970156,"nativeSequence":16,"monotonicTimestampMs":5281296.279}
10-11 13:37:37.796 11634 11711 I ReactNativeJS: [outputs] outputs.hapticSymbol {"timestamp":5281317.290796,"wallClock":1760204257796,"enabled":true,"symbol":"-","durationMs":240,"platform":"android","source":"console.replay","correlationId":"console-replay:mgmk61oja2c2rzui","timelineOffsetMs":20.14382699970156}
10-11 13:37:37.797 11634 11711 I ReactNativeJS: [outputs] outputs.flashPulse {"timestamp":5281317.921212,"wallClock":1760204257796,"enabled":true,"durationMs":240,"source":"console.replay","correlationId":"console-replay:mgmk61oja2c2rzui","timelineOffsetMs":20.14382699970156}
10-11 13:37:37.864 11634 11711 I ReactNativeJS: [outputs] outputs.flashPulse.commit {"timestamp":5281385.110431,"wallClock":1760204257863,"durationMs":240,"source":"console.replay","correlationId":"console-replay:mgmk61oja2c2rzui","latencyMs":68.68338500056416,"timelineOffsetMs":20.14382699970156}
10-11 13:37:38.016 11634 11955 D OutputsAudio: [outputs-audio] stop gain=1.000 release=6.00
10-11 13:37:38.096 11634 11955 D OutputsAudio: [outputs-audio] start hz=700.0 gain=1.000 attack=2.50 release=6.00
10-11 13:37:38.107 11634 11711 D OutputsAudio: [outputs-audio] symbol.info sequence=17 symbol=- timestamp=5281617.603 duration=240.000
10-11 13:37:38.108 11634 11711 I ReactNativeJS: [outputs] playMorse.symbol {"timestamp":5281628.440275,"wallClock":1760204258107,"symbol":"-","durationMs":240,"index":16,"source":"console.replay","correlationId":"console-replay:mgmk61x7n2pp024u","nativeTimestampMs":5281617.603,"nativeDurationMs":240,"nativeOffsetMs":10.75040000025183,"nativeSequence":17,"monotonicTimestampMs":5281617.603}
10-11 13:37:38.108 11634 11711 I ReactNativeJS: [outputs] outputs.hapticSymbol {"timestamp":5281629.382775,"wallClock":1760204258108,"enabled":true,"symbol":"-","durationMs":240,"platform":"android","source":"console.replay","correlationId":"console-replay:mgmk61x7n2pp024u","timelineOffsetMs":10.75040000025183}
10-11 13:37:38.109 11634 11711 I ReactNativeJS: [outputs] outputs.flashPulse {"timestamp":5281630.384806,"wallClock":1760204258109,"enabled":true,"durationMs":240,"source":"console.replay","correlationId":"console-replay:mgmk61x7n2pp024u","timelineOffsetMs":10.75040000025183}
10-11 13:37:38.174 11634 11711 I ReactNativeJS: [outputs] outputs.flashPulse.commit {"timestamp":5281694.930014,"wallClock":1760204258173,"durationMs":240,"source":"console.replay","correlationId":"console-replay:mgmk61x7n2pp024u","latencyMs":66.57218699995428,"timelineOffsetMs":10.75040000025183}
10-11 13:37:38.336 11634 11955 D OutputsAudio: [outputs-audio] stop gain=1.000 release=6.00
10-11 13:37:38.417 11634 11955 D OutputsAudio: [outputs-audio] start hz=700.0 gain=1.000 attack=2.50 release=6.00
10-11 13:37:38.432 11634 11711 D OutputsAudio: [outputs-audio] symbol.info sequence=18 symbol=- timestamp=5281938.779 duration=240.000
10-11 13:37:38.433 11634 11711 I ReactNativeJS: [outputs] playMorse.symbol {"timestamp":5281954.00517,"wallClock":1760204258432,"symbol":"-","durationMs":240,"index":17,"source":"console.replay","correlationId":"console-replay:mgmk62684kfif2f3","nativeTimestampMs":5281938.779,"nativeDurationMs":240,"nativeOffsetMs":15.139816000126302,"nativeSequence":18,"monotonicTimestampMs":5281938.779}
10-11 13:37:38.434 11634 11711 I ReactNativeJS: [outputs] outputs.hapticSymbol {"timestamp":5281954.866108,"wallClock":1760204258433,"enabled":true,"symbol":"-","durationMs":240,"platform":"android","source":"console.replay","correlationId":"console-replay:mgmk62684kfif2f3","timelineOffsetMs":15.139816000126302}
10-11 13:37:38.434 11634 11711 I ReactNativeJS: [outputs] outputs.flashPulse {"timestamp":5281955.683348,"wallClock":1760204258434,"enabled":true,"durationMs":240,"source":"console.replay","correlationId":"console-replay:mgmk62684kfif2f3","timelineOffsetMs":15.139816000126302}
10-11 13:37:38.510 11634 11711 I ReactNativeJS: [outputs] outputs.flashPulse.commit {"timestamp":5282031.330379,"wallClock":1760204258510,"durationMs":240,"source":"console.replay","correlationId":"console-replay:mgmk62684kfif2f3","latencyMs":77.40718800015748,"timelineOffsetMs":15.139816000126302}
10-11 13:37:38.657 11634 11955 D OutputsAudio: [outputs-audio] stop gain=1.000 release=6.00
10-11 13:37:38.738 11634 11955 D OutputsAudio: [outputs-audio] start hz=700.0 gain=1.000 attack=2.50 release=6.00
10-11 13:37:38.748 11634 11711 D OutputsAudio: [outputs-audio] symbol.info sequence=19 symbol=. timestamp=5282260.748 duration=80.000
10-11 13:37:38.750 11634 11711 I ReactNativeJS: [outputs] playMorse.symbol {"timestamp":5282270.309129,"wallClock":1760204258749,"symbol":".","durationMs":80,"index":18,"source":"console.replay","correlationId":"console-replay:mgmk62f1mpewhf4i","nativeTimestampMs":5282260.748,"nativeDurationMs":80,"nativeOffsetMs":9.456858000718057,"nativeSequence":19,"monotonicTimestampMs":5282260.748}
10-11 13:37:38.750 11634 11711 I ReactNativeJS: [outputs] outputs.hapticSymbol {"timestamp":5282271.376316,"wallClock":1760204258750,"enabled":true,"symbol":".","durationMs":80,"platform":"android","source":"console.replay","correlationId":"console-replay:mgmk62f1mpewhf4i","timelineOffsetMs":9.456858000718057}
10-11 13:37:38.751 11634 11711 I ReactNativeJS: [outputs] outputs.flashPulse {"timestamp":5282272.434858,"wallClock":1760204258751,"enabled":true,"durationMs":80,"source":"console.replay","correlationId":"console-replay:mgmk62f1mpewhf4i","timelineOffsetMs":9.456858000718057}
10-11 13:37:38.819 11634 11955 D OutputsAudio: [outputs-audio] stop gain=1.000 release=6.00
10-11 13:37:38.836 11634 11711 I ReactNativeJS: [outputs] outputs.flashPulse.commit {"timestamp":5282357.321212,"wallClock":1760204258836,"durationMs":80,"source":"console.replay","correlationId":"console-replay:mgmk62f1mpewhf4i","latencyMs":87.11140599939972,"timelineOffsetMs":9.456858000718057}
10-11 13:37:38.900 11634 11955 D OutputsAudio: [outputs-audio] start hz=700.0 gain=1.000 attack=2.50 release=6.00
10-11 13:37:38.915 11634 11711 D OutputsAudio: [outputs-audio] symbol.info sequence=20 symbol=. timestamp=5282421.888 duration=80.000
10-11 13:37:38.916 11634 11711 I ReactNativeJS: [outputs] playMorse.symbol {"timestamp":5282436.742149,"wallClock":1760204258915,"symbol":".","durationMs":80,"index":19,"source":"console.replay","correlationId":"console-replay:mgmk62jn9zpr90yv","nativeTimestampMs":5282421.888,"nativeDurationMs":80,"nativeOffsetMs":14.798263999633491,"nativeSequence":20,"monotonicTimestampMs":5282421.888}
10-11 13:37:38.916 11634 11711 I ReactNativeJS: [outputs] outputs.hapticSymbol {"timestamp":5282437.307931,"wallClock":1760204258916,"enabled":true,"symbol":".","durationMs":80,"platform":"android","source":"console.replay","correlationId":"console-replay:mgmk62jn9zpr90yv","timelineOffsetMs":14.798263999633491}
10-11 13:37:38.916 11634 11711 I ReactNativeJS: [outputs] outputs.flashPulse {"timestamp":5282437.829129,"wallClock":1760204258916,"enabled":true,"durationMs":80,"source":"console.replay","correlationId":"console-replay:mgmk62jn9zpr90yv","timelineOffsetMs":14.798263999633491}
10-11 13:37:38.981 11634 11955 D OutputsAudio: [outputs-audio] stop gain=1.000 release=6.00
10-11 13:37:39.059 11634 11711 I ReactNativeJS: [outputs] outputs.flashPulse.commit {"timestamp":5282580.210899,"wallClock":1760204259059,"durationMs":80,"source":"console.replay","correlationId":"console-replay:mgmk62jn9zpr90yv","latencyMs":143.51796900015324,"timelineOffsetMs":14.798263999633491}
10-11 13:37:39.062 11634 11955 D OutputsAudio: [outputs-audio] start hz=700.0 gain=1.000 attack=2.50 release=6.00
10-11 13:37:39.124 11634 11711 D OutputsAudio: [outputs-audio] symbol.info sequence=21 symbol=. timestamp=5282583.824 duration=80.000
10-11 13:37:39.125 11634 11711 I ReactNativeJS: [outputs] playMorse.symbol {"timestamp":5282646.196629,"wallClock":1760204259125,"symbol":".","durationMs":80,"index":20,"source":"console.replay","correlationId":"console-replay:mgmk62phs99rk8mv","nativeTimestampMs":5282583.824,"nativeDurationMs":80,"nativeOffsetMs":62.323462000116706,"nativeSequence":21,"monotonicTimestampMs":5282583.824}
10-11 13:37:39.125 11634 11711 I ReactNativeJS: [outputs] outputs.hapticSymbol {"timestamp":5282646.72892,"wallClock":1760204259125,"enabled":true,"symbol":".","durationMs":80,"platform":"android","source":"console.replay","correlationId":"console-replay:mgmk62phs99rk8mv","timelineOffsetMs":62.323462000116706}
10-11 13:37:39.126 11634 11711 I ReactNativeJS: [outputs] outputs.flashPulse {"timestamp":5282647.257254,"wallClock":1760204259126,"enabled":true,"durationMs":80,"source":"console.replay","correlationId":"console-replay:mgmk62phs99rk8mv","timelineOffsetMs":62.323462000116706}
10-11 13:37:39.143 11634 11955 D OutputsAudio: [outputs-audio] stop gain=1.000 release=6.00
10-11 13:37:39.195 11634 11711 I ReactNativeJS: [outputs] outputs.flashPulse.commit {"timestamp":5282716.038764,"wallClock":1760204259194,"durationMs":80,"source":"console.replay","correlationId":"console-replay:mgmk62phs99rk8mv","latencyMs":69.88687499985099,"timelineOffsetMs":62.323462000116706}
10-11 13:37:39.224 11634 11955 D OutputsAudio: [outputs-audio] start hz=700.0 gain=1.000 attack=2.50 release=6.00
10-11 13:37:39.249 11634 11711 D OutputsAudio: [outputs-audio] symbol.info sequence=22 symbol=- timestamp=5282745.491 duration=240.000
10-11 13:37:39.249 11634 11711 I ReactNativeJS: [outputs] playMorse.symbol {"timestamp":5282770.308399,"wallClock":1760204259249,"symbol":"-","durationMs":240,"index":21,"source":"console.replay","correlationId":"console-replay:mgmk62sx7n1857r3","nativeTimestampMs":5282745.491,"nativeDurationMs":240,"nativeOffsetMs":24.768648999743164,"nativeSequence":22,"monotonicTimestampMs":5282745.491}
10-11 13:37:39.249 11634 11711 I ReactNativeJS: [outputs] outputs.hapticSymbol {"timestamp":5282770.811003,"wallClock":1760204259249,"enabled":true,"symbol":"-","durationMs":240,"platform":"android","source":"console.replay","correlationId":"console-replay:mgmk62sx7n1857r3","timelineOffsetMs":24.768648999743164}
10-11 13:37:39.250 11634 11711 I ReactNativeJS: [outputs] outputs.flashPulse {"timestamp":5282771.351003,"wallClock":1760204259250,"enabled":true,"durationMs":240,"source":"console.replay","correlationId":"console-replay:mgmk62sx7n1857r3","timelineOffsetMs":24.768648999743164}
10-11 13:37:39.313 11634 11711 I ReactNativeJS: [outputs] outputs.flashPulse.commit {"timestamp":5282834.651628,"wallClock":1760204259313,"durationMs":240,"source":"console.replay","correlationId":"console-replay:mgmk62sx7n1857r3","latencyMs":64.38781300000846,"timelineOffsetMs":24.768648999743164}
10-11 13:37:39.465 11634 11955 D OutputsAudio: [outputs-audio] stop gain=1.000 release=6.00
10-11 13:37:39.546 11634 11955 D OutputsAudio: [outputs-audio] start hz=700.0 gain=1.000 attack=2.50 release=6.00
10-11 13:37:39.556 11634 11711 D OutputsAudio: [outputs-audio] symbol.info sequence=23 symbol=- timestamp=5283068.234 duration=240.000
10-11 13:37:39.558 11634 11711 I ReactNativeJS: [outputs] playMorse.symbol {"timestamp":5283077.911108,"wallClock":1760204259556,"symbol":"-","durationMs":240,"index":22,"source":"console.replay","correlationId":"console-replay:mgmk631gu2t7ageq","nativeTimestampMs":5283068.234,"nativeDurationMs":240,"nativeOffsetMs":9.590493000112474,"nativeSequence":23,"monotonicTimestampMs":5283068.234}
10-11 13:37:39.559 11634 11711 I ReactNativeJS: [outputs] outputs.hapticSymbol {"timestamp":5283079.426368,"wallClock":1760204259558,"enabled":true,"symbol":"-","durationMs":240,"platform":"android","source":"console.replay","correlationId":"console-replay:mgmk631gu2t7ageq","timelineOffsetMs":9.590493000112474}
10-11 13:37:39.565 11634 11711 I ReactNativeJS: [outputs] outputs.flashPulse {"timestamp":5283086.328972,"wallClock":1760204259565,"enabled":true,"durationMs":240,"source":"console.replay","correlationId":"console-replay:mgmk631gu2t7ageq","timelineOffsetMs":9.590493000112474}
10-11 13:37:39.644 11634 11711 I ReactNativeJS: [outputs] outputs.flashPulse.commit {"timestamp":5283164.77043,"wallClock":1760204259643,"durationMs":240,"source":"console.replay","correlationId":"console-replay:mgmk631gu2t7ageq","latencyMs":86.9413540000096,"timelineOffsetMs":9.590493000112474}
10-11 13:37:39.787 11634 11955 D OutputsAudio: [outputs-audio] stop gain=1.000 release=6.00
10-11 13:37:39.867 11634 11955 D OutputsAudio: [outputs-audio] start hz=700.0 gain=1.000 attack=2.50 release=6.00
10-11 13:37:39.884 11634 11711 D OutputsAudio: [outputs-audio] symbol.info sequence=24 symbol=- timestamp=5283389.280 duration=240.000
10-11 13:37:39.885 11634 11711 I ReactNativeJS: [outputs] playMorse.symbol {"timestamp":5283405.393659,"wallClock":1760204259884,"symbol":"-","durationMs":240,"index":23,"source":"console.replay","correlationId":"console-replay:mgmk63akl73vtsdk","nativeTimestampMs":5283389.28,"nativeDurationMs":240,"nativeOffsetMs":16.014492999762297,"nativeSequence":24,"monotonicTimestampMs":5283389.28}
10-11 13:37:39.885 11634 11711 I ReactNativeJS: [outputs] outputs.hapticSymbol {"timestamp":5283406.301316,"wallClock":1760204259885,"enabled":true,"symbol":"-","durationMs":240,"platform":"android","source":"console.replay","correlationId":"console-replay:mgmk63akl73vtsdk","timelineOffsetMs":16.014492999762297}
10-11 13:37:39.886 11634 11711 I ReactNativeJS: [outputs] outputs.flashPulse {"timestamp":5283407.266628,"wallClock":1760204259886,"enabled":true,"durationMs":240,"source":"console.replay","correlationId":"console-replay:mgmk63akl73vtsdk","timelineOffsetMs":16.014492999762297}
10-11 13:37:39.950 11634 11711 I ReactNativeJS: [outputs] outputs.flashPulse.commit {"timestamp":5283471.68392,"wallClock":1760204259950,"durationMs":240,"source":"console.replay","correlationId":"console-replay:mgmk63akl73vtsdk","latencyMs":66.38494800031185,"timelineOffsetMs":16.014492999762297}
10-11 13:37:40.108 11634 11955 D OutputsAudio: [outputs-audio] stop gain=1.000 release=6.00
10-11 13:37:40.189 11634 11955 D OutputsAudio: [outputs-audio] start hz=700.0 gain=1.000 attack=2.50 release=6.00
10-11 13:37:40.199 11634 11711 D OutputsAudio: [outputs-audio] symbol.info sequence=25 symbol=. timestamp=5283710.710 duration=80.000
10-11 13:37:40.200 11634 11711 I ReactNativeJS: [outputs] playMorse.symbol {"timestamp":5283721.215691,"wallClock":1760204260200,"symbol":".","durationMs":80,"index":24,"source":"console.replay","correlationId":"console-replay:mgmk63jcephbp2bo","nativeTimestampMs":5283710.71,"nativeDurationMs":80,"nativeOffsetMs":10.418607000261545,"nativeSequence":25,"monotonicTimestampMs":5283710.71}
10-11 13:37:40.201 11634 11711 I ReactNativeJS: [outputs] outputs.hapticSymbol {"timestamp":5283722.101889,"wallClock":1760204260200,"enabled":true,"symbol":".","durationMs":80,"platform":"android","source":"console.replay","correlationId":"console-replay:mgmk63jcephbp2bo","timelineOffsetMs":10.418607000261545}
10-11 13:37:40.202 11634 11711 I ReactNativeJS: [outputs] outputs.flashPulse {"timestamp":5283722.928503,"wallClock":1760204260201,"enabled":true,"durationMs":80,"source":"console.replay","correlationId":"console-replay:mgmk63jcephbp2bo","timelineOffsetMs":10.418607000261545}
10-11 13:37:40.259 11634 11711 I ReactNativeJS: [outputs] outputs.flashPulse.commit {"timestamp":5283779.978243,"wallClock":1760204260258,"durationMs":80,"source":"console.replay","correlationId":"console-replay:mgmk63jcephbp2bo","latencyMs":58.84531299956143,"timelineOffsetMs":10.418607000261545}
10-11 13:37:40.270 11634 11955 D OutputsAudio: [outputs-audio] stop gain=1.000 release=6.00
10-11 13:37:40.351 11634 11955 D OutputsAudio: [outputs-audio] start hz=700.0 gain=1.000 attack=2.50 release=6.00
10-11 13:37:40.365 11634 11711 D OutputsAudio: [outputs-audio] symbol.info sequence=26 symbol=. timestamp=5283872.362 duration=80.000
10-11 13:37:40.366 11634 11711 I ReactNativeJS: [outputs] playMorse.symbol {"timestamp":5283886.573868,"wallClock":1760204260365,"symbol":".","durationMs":80,"index":25,"source":"console.replay","correlationId":"console-replay:mgmk63nxc3djsjb6","nativeTimestampMs":5283872.362,"nativeDurationMs":80,"nativeOffsetMs":14.113743000663817,"nativeSequence":26,"monotonicTimestampMs":5283872.362}
10-11 13:37:40.367 11634 11711 I ReactNativeJS: [outputs] outputs.hapticSymbol {"timestamp":5283887.506263,"wallClock":1760204260366,"enabled":true,"symbol":".","durationMs":80,"platform":"android","source":"console.replay","correlationId":"console-replay:mgmk63nxc3djsjb6","timelineOffsetMs":14.113743000663817}
10-11 13:37:40.367 11634 11711 I ReactNativeJS: [outputs] outputs.flashPulse {"timestamp":5283888.654597,"wallClock":1760204260367,"enabled":true,"durationMs":80,"source":"console.replay","correlationId":"console-replay:mgmk63nxc3djsjb6","timelineOffsetMs":14.113743000663817}
10-11 13:37:40.432 11634 11955 D OutputsAudio: [outputs-audio] stop gain=1.000 release=6.00
10-11 13:37:40.435 11634 11711 I ReactNativeJS: [outputs] outputs.flashPulse.commit {"timestamp":5283956.189076,"wallClock":1760204260435,"durationMs":80,"source":"console.replay","correlationId":"console-replay:mgmk63nxc3djsjb6","latencyMs":69.70864499919116,"timelineOffsetMs":14.113743000663817}
10-11 13:37:40.513 11634 11955 D OutputsAudio: [outputs-audio] start hz=700.0 gain=1.000 attack=2.50 release=6.00
10-11 13:37:40.532 11634 11711 D OutputsAudio: [outputs-audio] symbol.info sequence=27 symbol=. timestamp=5284034.670 duration=80.000
10-11 13:37:40.534 11634 11711 I ReactNativeJS: [outputs] playMorse.symbol {"timestamp":5284053.689493,"wallClock":1760204260532,"symbol":".","durationMs":80,"index":26,"source":"console.replay","correlationId":"console-replay:mgmk63ski8bi41h5","nativeTimestampMs":5284034.67,"nativeDurationMs":80,"nativeOffsetMs":18.934752999804914,"nativeSequence":27,"monotonicTimestampMs":5284034.67}
10-11 13:37:40.535 11634 11711 I ReactNativeJS: [outputs] outputs.hapticSymbol {"timestamp":5284056.110534,"wallClock":1760204260534,"enabled":true,"symbol":".","durationMs":80,"platform":"android","source":"console.replay","correlationId":"console-replay:mgmk63ski8bi41h5","timelineOffsetMs":18.934752999804914}
10-11 13:37:40.536 11634 11711 I ReactNativeJS: [outputs] outputs.flashPulse {"timestamp":5284057.114649,"wallClock":1760204260535,"enabled":true,"durationMs":80,"source":"console.replay","correlationId":"console-replay:mgmk63ski8bi41h5","timelineOffsetMs":18.934752999804914}
10-11 13:37:40.594 11634 11955 D OutputsAudio: [outputs-audio] stop gain=1.000 release=6.00
10-11 13:37:40.594 11634 11711 I ReactNativeJS: [outputs] outputs.flashPulse.commit {"timestamp":5284115.485586,"wallClock":1760204260594,"durationMs":80,"source":"console.replay","correlationId":"console-replay:mgmk63ski8bi41h5","latencyMs":61.87604200001806,"timelineOffsetMs":18.934752999804914}
10-11 13:37:40.644 11634 11711 I ReactNativeJS: [outputs] playMorse.complete {"timestamp":5284164.656472,"wallClock":1760204260643,"durationMs":6506.978904000483,"source":"console.replay","audioEnabled":true,"audioVolumePercent":100}
10-11 13:37:40.674 11634 11955 D OutputsAudio: [outputs-audio] stop gain=0.000 release=6.00
10-11 13:37:40.674 11634 11955 D OutputsAudio: [outputs-audio] playMorse.end cancelled=0
10-11 13:37:44.327 11634 11711 I ReactNativeJS: [outputs] playMorse.start {"timestamp":5287847.999439,"wallClock":1760204264326,"unitMs":60,"length":28,"source":"console.replay","audioEnabled":true,"audioVolumePercent":100}
10-11 13:37:44.524 11634 11711 D OutputsAudio: [outputs-audio] warmup hz=700.0
10-11 13:37:44.524 11634 12013 D OutputsAudio: [outputs-audio] playMorse.start count=27 unit=60.0
10-11 13:37:44.524 11634 12013 D OutputsAudio: [outputs-audio] start hz=700.0 gain=1.000 attack=2.50 release=6.00
10-11 13:37:44.539 11634 11711 D OutputsAudio: [outputs-audio] symbol.info sequence=1 symbol=. timestamp=5288046.016 duration=60.000
10-11 13:37:44.540 11634 11711 I ReactNativeJS: [outputs] playMorse.symbol {"timestamp":5288060.473293,"wallClock":1760204264539,"symbol":".","durationMs":60,"index":0,"source":"console.replay","correlationId":"console-replay:mgmk66vv3ytxtekb","nativeTimestampMs":5288046.016,"nativeDurationMs":60,"nativeOffsetMs":14.377762000076473,"nativeSequence":1,"monotonicTimestampMs":5288046.016}
10-11 13:37:44.540 11634 11711 I ReactNativeJS: [outputs] outputs.hapticSymbol {"timestamp":5288061.373554,"wallClock":1760204264540,"enabled":true,"symbol":".","durationMs":60,"platform":"android","source":"console.replay","correlationId":"console-replay:mgmk66vv3ytxtekb","timelineOffsetMs":14.377762000076473}
10-11 13:37:44.541 11634 11711 I ReactNativeJS: [outputs] outputs.flashPulse {"timestamp":5288062.176835,"wallClock":1760204264541,"enabled":true,"durationMs":60,"source":"console.replay","correlationId":"console-replay:mgmk66vv3ytxtekb","timelineOffsetMs":14.377762000076473}
10-11 13:37:44.584 11634 12013 D OutputsAudio: [outputs-audio] stop gain=1.000 release=6.00
10-11 13:37:44.598 11634 11711 I ReactNativeJS: [outputs] outputs.flashPulse.commit {"timestamp":5288119.10746,"wallClock":1760204264597,"durationMs":60,"source":"console.replay","correlationId":"console-replay:mgmk66vv3ytxtekb","latencyMs":58.70958300027996,"timelineOffsetMs":14.377762000076473}
10-11 13:37:44.645 11634 12013 D OutputsAudio: [outputs-audio] start hz=700.0 gain=1.000 attack=2.50 release=6.00
10-11 13:37:44.662 11634 11711 D OutputsAudio: [outputs-audio] symbol.info sequence=2 symbol=. timestamp=5288166.842 duration=60.000
10-11 13:37:44.663 11634 11711 I ReactNativeJS: [outputs] playMorse.symbol {"timestamp":5288183.491731,"wallClock":1760204264662,"symbol":".","durationMs":60,"index":1,"source":"console.replay","correlationId":"console-replay:mgmk66za2f4m97gc","nativeTimestampMs":5288166.842,"nativeDurationMs":60,"nativeOffsetMs":16.557959999889135,"nativeSequence":2,"monotonicTimestampMs":5288166.842}
10-11 13:37:44.663 11634 11711 I ReactNativeJS: [outputs] outputs.hapticSymbol {"timestamp":5288184.473762,"wallClock":1760204264663,"enabled":true,"symbol":".","durationMs":60,"platform":"android","source":"console.replay","correlationId":"console-replay:mgmk66za2f4m97gc","timelineOffsetMs":16.557959999889135}
10-11 13:37:44.664 11634 11711 I ReactNativeJS: [outputs] outputs.flashPulse {"timestamp":5288185.145012,"wallClock":1760204264664,"enabled":true,"durationMs":60,"source":"console.replay","correlationId":"console-replay:mgmk66za2f4m97gc","timelineOffsetMs":16.557959999889135}
10-11 13:37:44.706 11634 12013 D OutputsAudio: [outputs-audio] stop gain=1.000 release=6.00
10-11 13:37:44.718 11634 11711 I ReactNativeJS: [outputs] outputs.flashPulse.commit {"timestamp":5288239.07147,"wallClock":1760204264717,"durationMs":60,"source":"console.replay","correlationId":"console-replay:mgmk66za2f4m97gc","latencyMs":55.666771000251174,"timelineOffsetMs":16.557959999889135}
10-11 13:37:44.766 11634 12013 D OutputsAudio: [outputs-audio] start hz=700.0 gain=1.000 attack=2.50 release=6.00
10-11 13:37:44.779 11634 11711 D OutputsAudio: [outputs-audio] symbol.info sequence=3 symbol=. timestamp=5288288.221 duration=60.000
10-11 13:37:44.780 11634 11711 I ReactNativeJS: [outputs] playMorse.symbol {"timestamp":5288300.938241,"wallClock":1760204264779,"symbol":".","durationMs":60,"index":2,"source":"console.replay","correlationId":"console-replay:mgmk672jzjskh5a0","nativeTimestampMs":5288288.221,"nativeDurationMs":60,"nativeOffsetMs":12.627709999680519,"nativeSequence":3,"monotonicTimestampMs":5288288.221}
10-11 13:37:44.781 11634 11711 I ReactNativeJS: [outputs] outputs.hapticSymbol {"timestamp":5288301.812095,"wallClock":1760204264780,"enabled":true,"symbol":".","durationMs":60,"platform":"android","source":"console.replay","correlationId":"console-replay:mgmk672jzjskh5a0","timelineOffsetMs":12.627709999680519}
10-11 13:37:44.781 11634 11711 I ReactNativeJS: [outputs] outputs.flashPulse {"timestamp":5288302.589699,"wallClock":1760204264781,"enabled":true,"durationMs":60,"source":"console.replay","correlationId":"console-replay:mgmk672jzjskh5a0","timelineOffsetMs":12.627709999680519}
10-11 13:37:44.827 11634 12013 D OutputsAudio: [outputs-audio] stop gain=1.000 release=6.00
10-11 13:37:44.842 11634 11711 I ReactNativeJS: [outputs] outputs.flashPulse.commit {"timestamp":5288363.239074,"wallClock":1760204264842,"durationMs":60,"source":"console.replay","correlationId":"console-replay:mgmk672jzjskh5a0","latencyMs":62.38531200028956,"timelineOffsetMs":12.627709999680519}
10-11 13:37:44.888 11634 12013 D OutputsAudio: [outputs-audio] start hz=700.0 gain=1.000 attack=2.50 release=6.00
10-11 13:37:44.909 11634 11711 D OutputsAudio: [outputs-audio] symbol.info sequence=4 symbol=- timestamp=5288409.913 duration=180.000
10-11 13:37:44.910 11634 11711 I ReactNativeJS: [outputs] playMorse.symbol {"timestamp":5288430.340949,"wallClock":1760204264909,"symbol":"-","durationMs":180,"index":3,"source":"console.replay","correlationId":"console-replay:mgmk6765elwzw6yj","nativeTimestampMs":5288409.913,"nativeDurationMs":180,"nativeOffsetMs":20.322220000438392,"nativeSequence":4,"monotonicTimestampMs":5288409.913}
10-11 13:37:44.910 11634 11711 I ReactNativeJS: [outputs] outputs.hapticSymbol {"timestamp":5288431.419803,"wallClock":1760204264910,"enabled":true,"symbol":"-","durationMs":180,"platform":"android","source":"console.replay","correlationId":"console-replay:mgmk6765elwzw6yj","timelineOffsetMs":20.322220000438392}
10-11 13:37:44.911 11634 11711 I ReactNativeJS: [outputs] outputs.flashPulse {"timestamp":5288432.566262,"wallClock":1760204264911,"enabled":true,"durationMs":180,"source":"console.replay","correlationId":"console-replay:mgmk6765elwzw6yj","timelineOffsetMs":20.322220000438392}
10-11 13:37:44.966 11634 11711 I ReactNativeJS: [outputs] outputs.flashPulse.commit {"timestamp":5288487.170376,"wallClock":1760204264966,"durationMs":180,"source":"console.replay","correlationId":"console-replay:mgmk6765elwzw6yj","latencyMs":56.93072899989784,"timelineOffsetMs":20.322220000438392}
10-11 13:37:45.069 11634 12013 D OutputsAudio: [outputs-audio] stop gain=1.000 release=6.00
10-11 13:37:45.130 11634 12013 D OutputsAudio: [outputs-audio] start hz=700.0 gain=1.000 attack=2.50 release=6.00
10-11 13:37:45.143 11634 11711 D OutputsAudio: [outputs-audio] symbol.info sequence=5 symbol=- timestamp=5288651.298 duration=180.000
10-11 13:37:45.144 11634 11711 I ReactNativeJS: [outputs] playMorse.symbol {"timestamp":5288664.923762,"wallClock":1760204265143,"symbol":"-","durationMs":180,"index":4,"source":"console.replay","correlationId":"console-replay:mgmk67cnza2ugp9b","nativeTimestampMs":5288651.298,"nativeDurationMs":180,"nativeOffsetMs":13.546387000009418,"nativeSequence":5,"monotonicTimestampMs":5288651.298}
10-11 13:37:45.145 11634 11711 I ReactNativeJS: [outputs] outputs.hapticSymbol {"timestamp":5288665.705376,"wallClock":1760204265144,"enabled":true,"symbol":"-","durationMs":180,"platform":"android","source":"console.replay","correlationId":"console-replay:mgmk67cnza2ugp9b","timelineOffsetMs":13.546387000009418}
10-11 13:37:45.146 11634 11711 I ReactNativeJS: [outputs] outputs.flashPulse {"timestamp":5288667.452355,"wallClock":1760204265146,"enabled":true,"durationMs":180,"source":"console.replay","correlationId":"console-replay:mgmk67cnza2ugp9b","timelineOffsetMs":13.546387000009418}
10-11 13:37:45.211 11634 11711 I ReactNativeJS: [outputs] outputs.flashPulse.commit {"timestamp":5288732.198866,"wallClock":1760204265211,"durationMs":180,"source":"console.replay","correlationId":"console-replay:mgmk67cnza2ugp9b","latencyMs":67.34963499940932,"timelineOffsetMs":13.546387000009418}
10-11 13:37:45.310 11634 12013 D OutputsAudio: [outputs-audio] stop gain=1.000 release=6.00
10-11 13:37:45.371 11634 12013 D OutputsAudio: [outputs-audio] start hz=700.0 gain=1.000 attack=2.50 release=6.00
10-11 13:37:45.383 11634 11711 D OutputsAudio: [outputs-audio] symbol.info sequence=6 symbol=- timestamp=5288892.387 duration=180.000
10-11 13:37:45.384 11634 11711 I ReactNativeJS: [outputs] playMorse.symbol {"timestamp":5288904.582668,"wallClock":1760204265383,"symbol":"-","durationMs":180,"index":5,"source":"console.replay","correlationId":"console-replay:mgmk67jbty03fynn","nativeTimestampMs":5288892.387,"nativeDurationMs":180,"nativeOffsetMs":12.125146999955177,"nativeSequence":6,"monotonicTimestampMs":5288892.387}
10-11 13:37:45.385 11634 11711 I ReactNativeJS: [outputs] outputs.hapticSymbol {"timestamp":5288905.323709,"wallClock":1760204265384,"enabled":true,"symbol":"-","durationMs":180,"platform":"android","source":"console.replay","correlationId":"console-replay:mgmk67jbty03fynn","timelineOffsetMs":12.125146999955177}
10-11 13:37:45.386 11634 11711 I ReactNativeJS: [outputs] outputs.flashPulse {"timestamp":5288906.957512,"wallClock":1760204265385,"enabled":true,"durationMs":180,"source":"console.replay","correlationId":"console-replay:mgmk67jbty03fynn","timelineOffsetMs":12.125146999955177}
10-11 13:37:45.465 11634 11711 I ReactNativeJS: [outputs] outputs.flashPulse.commit {"timestamp":5288985.861314,"wallClock":1760204265464,"durationMs":180,"source":"console.replay","correlationId":"console-replay:mgmk67jbty03fynn","latencyMs":81.34437500033528,"timelineOffsetMs":12.125146999955177}
10-11 13:37:45.551 11634 12013 D OutputsAudio: [outputs-audio] stop gain=1.000 release=6.00
10-11 13:37:45.611 11634 12013 D OutputsAudio: [outputs-audio] start hz=700.0 gain=1.000 attack=2.50 release=6.00
10-11 13:37:45.629 11634 11711 D OutputsAudio: [outputs-audio] symbol.info sequence=7 symbol=. timestamp=5289133.008 duration=60.000
