10-13 20:33:32.363 I/RegiMgr<0>( 3563):  rec[6]: time=10-13 20:02:13.801 processed=ReadyState org=RegisteredState dest=<null> what=50(0x32)
10-13 20:33:32.363 I/RegiMgr<0>( 3563):  rec[7]: time=10-13 20:02:13.821 processed=ReadyState org=RegisteredState dest=<null> what=34(0x22)
10-13 20:33:32.363 I/RegiMgr<0>( 3563):  rec[8]: time=10-13 20:02:13.822 processed=RegisteredState org=RegisteredState dest=<null> what=2000(0x7d0)
10-13 20:33:32.363 I/RegiMgr<0>( 3563):  rec[9]: time=10-13 20:16:33.970 processed=ReadyState org=RegisteredState dest=<null> what=34(0x22)
10-13 20:33:32.363 I/RegiMgr<0>( 3563):  rec[10]: time=10-13 20:16:33.972 processed=ReadyState org=RegisteredState dest=<null> what=50(0x32)
10-13 20:33:32.363 I/RegiMgr<0>( 3563):  rec[11]: time=10-13 20:16:33.990 processed=RegisteredState org=RegisteredState dest=<null> what=2000(0x7d0)
10-13 20:33:32.363 I/RegiMgr<0>( 3563):  rec[12]: time=10-13 20:16:34.019 processed=ReadyState org=RegisteredState dest=<null> what=34(0x22)
10-13 20:33:32.363 I/RegiMgr<0>( 3563):  rec[13]: time=10-13 20:16:34.020 processed=RegisteredState org=RegisteredState dest=<null> what=2000(0x7d0)
10-13 20:33:32.363 I/RegiMgr<0>( 3563):  rec[14]: time=10-13 20:17:15.561 processed=ReadyState org=RegisteredState dest=<null> what=34(0x22)
10-13 20:33:32.363 I/RegiMgr<0>( 3563):  rec[15]: time=10-13 20:17:15.561 processed=RegisteredState org=RegisteredState dest=<null> what=2000(0x7d0)
10-13 20:33:32.363 I/RegiMgr<0>( 3563):  rec[16]: time=10-13 20:17:55.236 processed=ReadyState org=RegisteredState dest=<null> what=34(0x22)
10-13 20:33:32.363 I/RegiMgr<0>( 3563):  rec[17]: time=10-13 20:17:55.236 processed=RegisteredState org=RegisteredState dest=<null> what=2000(0x7d0)
10-13 20:33:32.363 I/RegiMgr<0>( 3563):  rec[18]: time=10-13 20:28:57.150 processed=RegisteredState org=RegisteredState dest=<null> what=8(0x8)
10-13 20:33:32.363 I/RegiMgr<0>( 3563):  rec[19]: time=10-13 20:28:57.249 processed=RegisteredState org=RegisteredState dest=<null> what=1000(0x3e8)
10-13 20:33:32.363 I/RegiMgr<0>( 3563): curState=RegisteredState
10-13 20:33:32.363 I/RegiMgr<0>( 3563): , mReason=, mPcscfHostname=null, mDeregiReason=41]
10-13 20:33:32.363 I/VolteServiceModule( 3563): onServiceStateChanged({mVoiceRegState=0(IN_SERVICE), mDataRegState=0(IN_SERVICE), mChannelNumber=1000, duplexMode()=1, mCellBandwidths=[], mOperatorAlphaLong=Tello, mOperatorAlphaShort=Tello, isManualNetworkSelection=false(automatic), getRilVoiceRadioTechnology=14(LTE), getRilDataRadioTechnology=14(LTE), mCssIndicator=unsupported, mNetworkId=*1, mSystemId=*1, mCdmaRoamingIndicator=-1, mCdmaDefaultRoamingIndicator=-1, VoiceRegType=0, Snap=0, PsOnly=false, FemtocellInd=0, SprDisplayRoam=false, OptRadioTech=0, MsimSubmode=0, IsVoiceCallAvailable=true, mIsEmergencyOnly=false, isUsingCarrierAggregation=true, mArfcnRsrpBoost=0, mNetworkRegistrationInfos=[NetworkRegistrationInfo{ domain=PS transportType=WLAN registrationState=UNKNOWN networkRegistrationState=UNKNOWN roamingType=NOT_ROAMING accessNetworkTechnology=IWLAN rejectCause=0 emergencyEnabled=false availableServices=[] cellIdentity=null voiceSpecificInfo=null dataSpecificInfo=null nrState=**** rRplmn= isUsingCarrierAggregation=false isNonTerrestrialNetwork=TERRESTRIAL}, NetworkRegistrationInfo{ domain=CS transportType=WWAN registrationState=HOME networkRegistrationState=HOME roamingType=NOT_ROAMING accessNetworkTechnology=LTE rejectCause=0 emergencyEnabled=false availableServices=[VOICE,SMS,VIDEO] cellIdentity=CellIdentityLte:{ mCi=8*****56 mPci=477 mTac=2***5 mEarfcn=1000 mBands=[2] mBandwidth=2147483647 mMcc=310 mMnc=260 mAlphaLong=T-Mobile mAlphaShort=T-Mobile mAdditionalPlmns={} mCsgInfo=null} voiceSpecificInfo=VoiceSpecificRegistrationInfo { mCssSupported=false mRoamingIndicator=0 mSystemIsInPrl=0 mDefaultRoamingIndicator=0} dataSpecificInfo=null nrState=**** rRplmn=310260 isUsingCarrierAggregation=false isNonTerrestrialNetwork=TERRESTRIAL}, NetworkRegistrationInfo{ domain=PS transportType=WWAN registrationState=HOME networkRegistrationState=HOME roamingType=NOT_ROAMING accessNetworkTechnology=LTE rejectCause=0 emergencyEnabled=false availableServices=[DATA,MMS] cellIdentity=CellIdentityLte:{ mCi=8*****56 mPci=477 mTac=2***5 mEarfcn=1000 mBands=[2] mBandwidth=2147483647 mMcc=310 mMnc=260 mAlphaLong=T-Mobile mAlphaShort=T-Mobile mAdditionalPlmns={} mCsgInfo=null} voiceSpecificInfo=null dataSpecificInfo=android.telephony.DataSpecificRegistrationInfo :{ maxDataCalls = 16 isDcNrRestricted = false isNrAvailable = true isEnDcAvailable = true mLteAttachResultType = 0 mLteAttachExtraInfo = 0 LteVopsSupportInfo :  mVopsSupport = 2 mEmcBearerSupport = 2 } nrState=**** rRplmn=310260 isUsingCarrierAggregation=true isNonTerrestrialNetwork=TERRESTRIAL}], mNrFrequencyRange=0, mOperatorAlphaLongRaw=T-Mobile, mOperatorAlphaShortRaw=T-Mobile, mIsDataRoamingFromRegistration=false, mIsIwlanPreferred=false})
10-13 20:33:32.363 I/EPDG -- SIM0 [NetController]( 3277): WWAN Voice Regi: 0 Roaming: 0
10-13 20:33:32.363 I/EPDG -- SIM0 [NetController]( 3277): WWAN Data Regi: 0 Rat: 13 Roaming: false
10-13 20:33:32.363 W/NetworkManager_FLP( 4209): updateServiceStateChanged, serviceState=0 / isRegistered=true / channel=1000 / networkTypeName=LTE / nr=false
10-13 20:33:32.364 W/ContextImpl( 2385): Calling a method in the system process without a qualified user: android.app.ContextImpl.sendBroadcastMultiplePermissions:1364 com.android.server.TelephonyRegistry.broadcastServiceStateChanged:3720 com.android.server.TelephonyRegistry.notifyServiceStateForPhoneId:1767 com.android.internal.telephony.ITelephonyRegistry$Stub.onTransact:549 android.os.Binder.execTransactInternal:1380 
10-13 20:33:32.364 I/NetworkManager_FLP( 4209): Success to update networkStatus, Service=0 / Network=LTE(band=2, ch=1000) / MobileData=false, roaming=false / WIFI=true, conn=true / BT=true, conn=false
10-13 20:33:32.364 I/HoneySpace.DvfsManager( 3604): releasePageSwipe takenTime: 259
10-13 20:33:32.364 D/SemWifiService( 2385): received: android.intent.action.SERVICE_STATE
10-13 20:33:32.365 I/EPDG -- SIM0 [EpdgSubScription]( 3277): getIsAirplaneMode: returning: false
10-13 20:33:32.365 W/NetworkManager_FLP( 4209): updateServiceStateChanged, serviceState=0 / isRegistered=true / channel=1000 / networkTypeName=LTE / nr=false
10-13 20:33:32.365 W/ContextImpl( 2385): Calling a method in the system process without a qualified user: android.app.ContextImpl.sendBroadcastMultiplePermissions:1364 com.android.server.TelephonyRegistry.broadcastServiceStateChanged:3726 com.android.server.TelephonyRegistry.notifyServiceStateForPhoneId:1767 com.android.internal.telephony.ITelephonyRegistry$Stub.onTransact:549 android.os.Binder.execTransactInternal:1380 
10-13 20:33:32.365 I/VolteServiceModule( 3563): mIsLteEpsOnlyAttached(0):false
10-13 20:33:32.366 I/EPDG -- SIM0 [NetController]( 3277): getIsRssiDisabledForProfiling: returning: false
10-13 20:33:32.366 I/PaniGenerator<0>( 3563): generate: subId=1, network=13, pdn=11
10-13 20:33:32.366 I/PaniGenerator<0>( 3563): generate: network=13, fallbackPlmn=310260
10-13 20:33:32.366 I/PdnController<0>( 3563): getAllCellInfo mNeedCellLocationUpdate : true
10-13 20:33:32.367 I/EPDG -- SIM0 [Operator]( 3277): getSubId(): subID is : 1
10-13 20:33:32.367 I/PdnController<0>( 3563): get latest cellInfo and store, subId = 1
10-13 20:33:32.367 I/PaniGenerator( 3563): generate: change to NW PLMN(310260)
10-13 20:33:32.367 I/PaniGenerator( 3563): invalid cellidentity : Unknown CellIdentity
10-13 20:33:32.368 I/PaniGenerator<0>( 3563): generateLtePani: Invalid Cell Id : return empty.
10-13 20:33:32.368 I/ImsCallSessionManager( 3563): onDataConnectionStateChanged(): networkType [LTE]isWifiConnected [true], phoneId [0]
10-13 20:33:32.369 I/TelephonyCallbackForPdnController<0>( 3563): notifySnapshotState: snapshotState=0 old=0
10-13 20:33:32.369 D/ServiceStateProvider( 3161): subId=1
10-13 20:33:32.369 D/CellBroadcastReceiver( 7466): onReceive Intent { act=android.intent.action.SERVICE_STATE flg=0x1000010 cmp=com.google.android.cellbroadcastreceiver/com.android.cellbroadcastreceiver.CellBroadcastReceiver (has extras) }
10-13 20:33:32.369 I/VolteServiceModule( 3563): onServiceStateChanged({mVoiceRegState=0(IN_SERVICE), mDataRegState=0(IN_SERVICE), mChannelNumber=1000, duplexMode()=1, mCellBandwidths=[], mOperatorAlphaLong=Tello, mOperatorAlphaShort=Tello, isManualNetworkSelection=false(automatic), getRilVoiceRadioTechnology=14(LTE), getRilDataRadioTechnology=14(LTE), mCssIndicator=unsupported, mNetworkId=*1, mSystemId=*1, mCdmaRoamingIndicator=-1, mCdmaDefaultRoamingIndicator=-1, VoiceRegType=0, Snap=0, PsOnly=false, FemtocellInd=0, SprDisplayRoam=false, OptRadioTech=0, MsimSubmode=0, IsVoiceCallAvailable=true, mIsEmergencyOnly=false, isUsingCarrierAggregation=true, mArfcnRsrpBoost=0, mNetworkRegistrationInfos=[NetworkRegistrationInfo{ domain=PS transportType=WLAN registrationState=UNKNOWN networkRegistrationState=UNKNOWN roamingType=NOT_ROAMING accessNetworkTechnology=IWLAN rejectCause=0 emergencyEnabled=false availableServices=[] cellIdentity=null voiceSpecificInfo=null dataSpecificInfo=null nrState=**** rRplmn= isUsingCarrierAggregation=false isNonTerrestrialNetwork=TERRESTRIAL}, NetworkRegistrationInfo{ domain=CS transportType=WWAN registrationState=HOME networkRegistrationState=HOME roamingType=NOT_ROAMING accessNetworkTechnology=LTE rejectCause=0 emergencyEnabled=false availableServices=[VOICE,SMS,VIDEO] cellIdentity=CellIdentityLte:{ mCi=8*****56 mPci=477 mTac=2***5 mEarfcn=1000 mBands=[2] mBandwidth=2147483647 mMcc=310 mMnc=260 mAlphaLong=T-Mobile mAlphaShort=T-Mobile mAdditionalPlmns={} mCsgInfo=null} voiceSpecificInfo=VoiceSpecificRegistrationInfo { mCssSupported=false mRoamingIndicator=0 mSystemIsInPrl=0 mDefaultRoamingIndicator=0} dataSpecificInfo=null nrState=**** rRplmn=310260 isUsingCarrierAggregation=false isNonTerrestrialNetwork=TERRESTRIAL}, NetworkRegistrationInfo{ domain=PS transportType=WWAN registrationState=HOME networkRegistrationState=HOME roamingType=NOT_ROAMING accessNetworkTechnology=LTE rejectCause=0 emergencyEnabled=false availableServices=[DATA,MMS] cellIdentity=CellIdentityLte:{ mCi=8*****56 mPci=477 mTac=2***5 mEarfcn=1000 mBands=[2] mBandwidth=2147483647 mMcc=310 mMnc=260 mAlphaLong=T-Mobile mAlphaShort=T-Mobile mAdditionalPlmns={} mCsgInfo=null} voiceSpecificInfo=null dataSpecificInfo=android.telephony.DataSpecificRegistrationInfo :{ maxDataCalls = 16 isDcNrRestricted = false isNrAvailable = true isEnDcAvailable = true mLteAttachResultType = 0 mLteAttachExtraInfo = 0 LteVopsSupportInfo :  mVopsSupport = 2 mEmcBearerSupport = 2 } nrState=**** rRplmn=310260 isUsingCarrierAggregation=true isNonTerrestrialNetwork=TERRESTRIAL}], mNrFrequencyRange=0, mOperatorAlphaLongRaw=T-Mobile, mOperatorAlphaShortRaw=T-Mobile, mIsDataRoamingFromRegistration=false, mIsIwlanPreferred=false})
10-13 20:33:32.369 I/VolteServiceModule( 3563): mIsLteEpsOnlyAttached(1):false
10-13 20:33:32.369 V/SemWifiBackOff.5G( 2385): checkAndSetup nrFrequencyRange=0 / prevNrFrequencyRange=0
10-13 20:33:32.370 V/SemWifiBackOff.5G( 2385): restore back off mode, current: [NONE]
10-13 20:33:32.370 D/MobileIconViewModel( 3203): [mobile] (0/1) connected=true dataConnected=false dataType=DefaultIcon(iconGroup=IconGroup(5G_Connected)) networkType=NR simCard=ETC
10-13 20:33:32.370 D/CellBroadcastReceiver( 7466): onServiceStateChanged, ss: 0
10-13 20:33:32.370 D/CellBroadcastReceiver( 7466): networkOperator: 310260
10-13 20:33:32.370 I/SecImsServiceConnector<0>( 3563): getSipTransportImpl
10-13 20:33:32.370 E/SecImsServiceConnector( 3563): connect to local SecImsService #1 attempt
10-13 20:33:32.370 I/SecImsService<0>( 3563): getSipTransport
10-13 20:33:32.370 I/RegiMgr<0>( 3563): updatePani RegisterTask[0][mProfile=TMobile 3G, mRegistrationRat=20, mPdnType=0, mState=IDLE, mObject=null, mReason=, mPcscfHostname=null, mDeregiReason=41]
10-13 20:33:32.370 D/AirplaneModeTile( 3203): onReceive android.intent.action.SERVICE_STATE
10-13 20:33:32.371 D/MultiSIMController( 3203): onReceive() - action = android.intent.action.SERVICE_STATE
10-13 20:33:32.371 I/SipTransportImpl<0>( 3563): onPaniUpdated
10-13 20:33:32.371 D/StatusBarIconController( 3203): ignoring old pipeline callbacks, because the new mobile icons are enabled
10-13 20:33:32.371 D/CarrierTextController( 3203): carrierTextForSimState(1)-(order: 0) : Tello
10-13 20:33:32.371 D/CarrierTextController( 3203): setText : Tello
10-13 20:33:32.371 D/CarrierTextController( 3203): carrierTextForSimState(1)-(order: 0) : Tello
10-13 20:33:32.371 D/CarrierTextController( 3203): setText : Tello
10-13 20:33:32.371 D/CarrierTextController( 3203): carrierTextForSimState(1)-(order: 0) : Tello
10-13 20:33:32.371 D/CarrierTextController( 3203): setText : Tello
10-13 20:33:32.371 D/FaceWidgetPagesController( 3203): onRefreshCarrierInfo()
10-13 20:33:32.371 I/EPDG -- SIM0 [UTILS]( 3277): isDifferentSimAndNWOperator(): 310260 is in TMO home network list.
10-13 20:33:32.371 D/FaceWidgetClockRoamManager( 3203): isNetworkRoamingState id=1
10-13 20:33:32.371 D/FaceWidgetClockRoamManager( 3203): isNetworkRoamingState false
10-13 20:33:32.371 I/EPDG -- SIM0 [NetController]( 3277): onNetworkStatusChanged: voiceNetType: 13 mActiveVoiceRat: 20
10-13 20:33:32.371 D/FaceWidgetClockRoamManager( 3203): onRefreshCarrierInfo(pre, now): false, false
10-13 20:33:32.371 D/FaceWidgetClockPage( 3203): onRefreshCarrierInfo : isChanged false mIsRoaming false
10-13 20:33:32.371 I/EPDG -- SIM0 [EpdgSubScription]( 3277): volteSetting(true) for VOICECALL_TYPE_KEY: voicecall_type
10-13 20:33:32.371 I/EPDG -- SIM0 [Operator]( 3277): getSubId(): subID is : 1
10-13 20:33:32.371 D/CellBroadcastReceiver( 7466): update supported roaming operator as 
10-13 20:33:32.371 I/PaniGenerator<0>( 3563): generate: subId=1, network=13, pdn=0
10-13 20:33:32.372 I/PaniGenerator<0>( 3563): generate: network=13, fallbackPlmn=310260
10-13 20:33:32.372 I/PdnController<0>( 3563): getAllCellInfo mNeedCellLocationUpdate : false
10-13 20:33:32.372 I/PaniGenerator( 3563): generate: change to NW PLMN(310260)
10-13 20:33:32.372 I/PaniGenerator( 3563): invalid cellidentity : Unknown CellIdentity
10-13 20:33:32.372 I/PaniGenerator<0>( 3563): generateLtePani: Invalid Cell Id : return empty.
10-13 20:33:32.373 I/Telecom ( 2385): SamsungTelecomServiceImpl : isInCall - callingPackage : com.android.systemui / callingUser : UserHandle{0} / hasCrossUserAccess : true
10-13 20:33:32.373 D/MultiSIMController( 3203): MESSAGE_UPDATE_SERVICE_STATE
10-13 20:33:32.373 I/StackIF ( 3563): updateRat: 11600 network: 13
10-13 20:33:32.373 I/SECIMSJ ( 3563): [3912]> 80
10-13 20:33:32.373 I/HoneySpace.ApplistFastRecyclerView( 3604): updateCellLayoutAlpha() showAll: false
10-13 20:33:32.374 I/[IMS6.0]( 3563): IMS_onResponse()
10-13 20:33:32.375 D/ShadeCarrierGroup( 3203): handleUpdateCarrierInfo [Tello] isLatin=false
10-13 20:33:32.375 I/StackIF ( 3563): processMessage 2
10-13 20:33:32.375 I/StackIF ( 3563): Processing Response
10-13 20:33:32.375 I/SECIMSJ ( 3563): [3912]< 602
10-13 20:33:32.375 I/StackIF ( 3563): processResponse: reqId 602
10-13 20:33:32.375 I/StackIF ( 3563): processResponse: handle 11600 result 0 reason 0
10-13 20:33:32.376 D/SLocation( 2385): CellLocationManager - onCellLocationChanged 1 / 0
10-13 20:33:32.376 I/EPDG -- SIM0 [UTILS]( 3277): isDifferentSimAndNWOperator(): 310260 is in TMO home network list.
10-13 20:33:32.377 D/SemCellularStateManager( 2385): onCellInfoChanged: cellInfoList Number of cell: 2
10-13 20:33:32.377 D/SemCellularStateManager( 2385): onCellInfoChanged: Registered = true, mCellularCellId = 80748556
10-13 20:33:32.378 I/TelephonyCallbackForPdnController<0>( 3563): onCellInfoChanged: xxxxx
10-13 20:33:32.378 I/ImsCallSessionManager( 3563): onCellInfoChanged, phoneId: 0
10-13 20:33:32.378 I/EPDG -- SIM0 [EpdgImsManagerHelper]( 3277): Find isAllowedOnRoaming value on IMS Profile : true
10-13 20:33:32.379 I/EPDG -- SIM0 [EPDG-->RIL]( 3277): EpdgConfigurationInfo: (0,2,-1,1,1,1,0=>TMobile_US)
10-13 20:33:32.379 I/EPDG -- SIM0 [EPDG-->RIL]( 3277): New EpdgConfigurationInfo: (0,2,-1,1,1,1,0=>TMobile_US)
10-13 20:33:32.379 I/EPDG -- SIM0 [TelephonyAdapter]( 3277): notifyHandoverEnableChanged255
10-13 20:33:32.379 I/EPDG -- SIM0 [EpdgHandoverHandler]( 3277): [EpdgHandoverHandler : MSG_EPDG_HANDOVER_ENABLE_CHANGED (1)] phoneID : 0 ,enable:true
10-13 20:33:32.379 D/DeviceState( 3203): isESIM() :0 : false
10-13 20:33:32.379 D/NetworkController.MobileSignalController(1)( 3203): isPowerOffServiceState,mCurrentState.getVoiceServiceState() = 0,mCurrentState.airplaneMode = false,mCurrentState.canCellularVoiceService() = true,mCurrentState.getMobileDataRegState() = true
10-13 20:33:32.379 D/AirplaneModeTile( 3203):  handleUpdateState mIsWiFiOnlyDevice false isNoSimState false isNoSimState  isPowerOffServiceState false mSetting.getValue() 0
10-13 20:33:32.379 D/AirplaneModeTile( 3203):  handleUpdateState:  value = false, state = 1
10-13 20:33:32.379 I/EPDG -- SIM0 [NetController]( 3277): [HO_OPTIMIZATION][NETCHANGE]Active Rat Changed from 20(NR) to 13(LTE)
10-13 20:33:32.379 I/EPDG -- SIM0 [EpdgSubScription]( 3277): isOngoingConnectionOverWifi: returning result: falseConnected Check : false
10-13 20:33:32.379 D/CompatibilityChangeReporter( 2385): Compat change id reported: 157233955; UID 1000; state: ENABLED
10-13 20:33:32.379 I/EPDG -- SIM0 [EpdgSubScription]( 3277):  mWifiRssiA :-70 mWifiRssiB:-80 mWifiRssiC:0 mWifiRssiRoveInWifiOnly:0 mWifiRssiRoveOutWifiOnly:0 mWifiRssiRoveInVoice:0 mLteRsrp1:-114 mLteRsrp2:0 mLteRsrp3:-20 mNrRsrp1:0 mNrRsrp2:0 mNrRsrp3:0
10-13 20:33:32.379 I/EPDG -- SIM0 [EpdgSubScription]( 3277): TimerStatus :
10-13 20:33:32.379 I/EPDG -- SIM0 [EpdgImsListener]( 3277): getVoWifiSessionConnected: CALL: idle IPME: false result: false
10-13 20:33:32.379 I/EPDG -- SIM0 [EpdgSubScription]( 3277): getIsAirplaneMode: returning: false
10-13 20:33:32.380 I/RegiMgr-NetEvtCtr<0>( 3563): onNetworkEventChanged:Changed Event: Network type(20=>13), Voice network(20=>13), isPsOnlyReg(true=>false)
10-13 20:33:32.380 I/VolteServiceModule( 3563): onNetworkChanged: NetworkEvent [network=13, voiceNetwork=13, voiceOverPs=SUPPORTED, outOfService=false, isDataRoaming=false, isVoiceRoaming=false, csOutOfService=false, isWifiConnected=true, isEpdgConnected=false, isEpdgAvailable=false, operatorNumeric=310260, isPsOnlyReg=false, isDataConnected=false]
10-13 20:33:32.380 E/#IMSCR  ( 3563): 10-13 20:33:32 0x30000009:0,20->13
10-13 20:33:32.382 I/EPDG -- SIM0 IwlanNetworkService( 3277): requestNetworkRegistrationInfo for domain 2
10-13 20:33:32.382 I/EPDG -- SIM0 IwlanNetworkService( 3277): Calling onRequestNetworkRegistrationInfoComplete.resultCode = 0, netState = NetworkRegistrationInfo{ domain=PS transportType=WLAN registrationState=UNKNOWN networkRegistrationState=UNKNOWN roamingType=NOT_ROAMING accessNetworkTechnology=IWLAN rejectCause=0 emergencyEnabled=false availableServices=[] cellIdentity=null voiceSpecificInfo=null dataSpecificInfo=null nrState=**** rRplmn= isUsingCarrierAggregation=false isNonTerrestrialNetwork=TERRESTRIAL}
10-13 20:33:32.383 I/EPDG -- SIM0 [PolicyMgr]( 3277): isW2LRecommended: ims,idle EPDG not available
10-13 20:33:32.383 I/EPDG -- SIM0 [PolicyMgr]( 3277): [HO_OPTIMIZATION]isW2LRecommended: ims,idle result=true
10-13 20:33:32.383 I/EPDG -- SIM0 [EpdgSubScription]( 3277): No SM for apnType: ims
10-13 20:33:32.383 I/EPDG -- SIM0 [EpdgSubScription]( 3277): isPdnConnectedOverWifi: returning result: false for apnType: ims
10-13 20:33:32.383 I/EPDG -- SIM0 [EpdgSubScription]( 3277): Firing W2L handover
10-13 20:33:32.383 I/VolteServiceModule( 3563): tryDisconnect(0) delay 100
10-13 20:33:32.383 I/SmsServiceModule( 3563): regInfo: ImsRegistration [mHandle=11600, mProfile=TMobile LTE/WiFi, mServices=[mmtel-video, smsip, mmtel], mDomain=msg.pc.t-mobile.com, mDeviceList=[], mSubscriptionId=1, mPhoneId=0, mPdnType=11, mPcscf=fd00:976a:d5d1:31::5, mEcmpStatus=0, mRegExpiryStatus=0, mEpdgStatus=false, mEpdgOverCellularData=false, mProhibited=false, mNetwork=159, mDeregiReason =14]
10-13 20:33:32.383 I/SmsServiceModule( 3563): Sms Service queryCapabilityStatus[0]: addCapabilities CAPABILITY_TYPE_SMS
10-13 20:33:32.384 I/EntitlementConfigProvider( 3563): Empty slot. query regardless slot
10-13 20:33:32.384 D/CompatibilityChangeReporter( 2385): Compat change id reported: 181658987; UID 1000; state: ENABLED
10-13 20:33:32.387 I/EPDG -- SIM0 [EpdgSubScription]( 3277): Current Wifi RSSI:-32
10-13 20:33:32.388 I/EPDG -- SIM0 [EpdgSubScription]( 3277): startHandOverWifiToLte HOtype:0
10-13 20:33:32.388 I/EPDG -- SIM0 [EpdgSubScription]( 3277): [HANDOFF]Cannot trigger W2L HO: (AP ASSIST MODE) : 11
10-13 20:33:32.388 I/EPDG -- SIM0 [ThrottleController]( 3277): isThrottleTimerRunning: apnType: ims. result: false
10-13 20:33:32.388 I/EPDG -- SIM0 [ThrottleController]( 3277): isThrottleTimerRunning: apnType: ims. result: false
10-13 20:33:32.388 I/EPDG -- SIM0 [EpdgSubScription]( 3277): notifyQualifiedNetworksChange isEpdgAvailabilityRecommended():true, mLastestEpdgAvailableState:false
10-13 20:33:32.388 I/ImsUtil<0>( 3563): ComposerAuthValue: 0
10-13 20:33:32.388 I/VolteServiceModule( 3563): TMO: return false for composerauth 0 and callcomposer service case
10-13 20:33:32.388 V/PhoneGlobals( 3161): handleServiceStateChanged
10-13 20:33:32.388 I/UtServiceModule<0>( 3563): isUtEnabled with policy : PS_ONLY_VOLTEREGIED enabled = true
10-13 20:33:32.388 I/CapabilityDiscModule<0>( 3563): queryCapabilityStatus
10-13 20:33:32.388 D/NotificationMgr( 3161): updateNetworkSelection, Use Samsung codes instead of AOSP codes
10-13 20:33:32.388 E/CapabilityUtil<0>( 3563): checkModuleReady: module is disabled
10-13 20:33:32.388 V/PhoneGlobals( 3161): subId=-1, mDefaultDataSubId=1, ss roaming=false
10-13 20:33:32.388 I/CapabilityDiscModule<0>( 3563): isUceServiceAvailable: not ready
10-13 20:33:32.388 E/CapabilityUtil<0>( 3563): checkModuleReady: module is disabled
10-13 20:33:32.388 I/CapabilityDiscModule<0>( 3563): isUceServiceAvailable: not ready
10-13 20:33:32.388 I/SecImsNotifier( 3563): slot[0]: updateCapabilities: capabilities=MmTel Capabilities - [Voice: true Video: true UT: true SMS: true CALL_COMPOSER: false]
10-13 20:33:32.388 I/Telephony( 3161): TelecomAccountRegistry$TelecomAccountTelephonyCallback: onServiceStateChanged: newState=0, mServiceState=0
10-13 20:33:32.388 I/EPDG -- SIM0 [UTILS]( 3277): getSubIdFromSpecifier() : return : 1
10-13 20:33:32.388 I/EPDG -- SIM0 [UTILS]( 3277): getNetworkForType: subIdFromSpecifier: 1
10-13 20:33:32.388 I/EPDG -- SIM0 [UTILS]( 3277): getNetworkForType: returning Network for type: 11
10-13 20:33:32.388 I/EPDG -- SIM0 [UTILS]( 3277): getNetworkInfo: returning networkInfo [type: MOBILE[NR], state: CONNECTED/CONNECTED, reason: (unspecified), extra: ims, failover: false, available: true, roaming: false]
10-13 20:33:32.388 I/EPDG -- SIM0 [EpdgSubScription]( 3277): notifyQualifiedNetworksChange to telephony
10-13 20:33:32.388 I/SecImsServiceConnector<0>( 3563): getMmTelFeatureImpl
10-13 20:33:32.388 E/SecImsServiceConnector( 3563): connect to local SecImsService #1 attempt
10-13 20:33:32.388 I/SecImsService( 3563): createMmTelFeatureForSubscription: slotId=0,subscriptionId=-1
10-13 20:33:32.388 I/SecImsNotifier( 3563): slot[0]: updateRcsCapabilities: capabilities=Capabilities: 0
10-13 20:33:32.389 I/EPDG -- SIM0 [NetController]( 3277): onNetworkStatusChanged : mCellularAvailable = true
10-13 20:33:32.389 W/View    ( 3203): requestLayout() improperly called by android.widget.FrameLayout{4a365b1 V.E...... ......ID 0,136-1080,2205 #7f0a0866 app:id/qs_frame} during layout: running second layout pass
10-13 20:33:32.389 I/SecImsServiceConnector<0>( 3563): getRcsFeatureImpl
10-13 20:33:32.389 E/SecImsServiceConnector( 3563): connect to local SecImsService #1 attempt
10-13 20:33:32.389 I/SecImsService( 3563): createRcsFeatureForSubscription: slotId=0,subscriptionId=-1
10-13 20:33:32.391 I/PdnController( 3563): getDefaultNetworkBearer:  WIFI
10-13 20:33:32.391 I/RegistrationRatDecider<0>( 3563): getAvailableMobileNetwork: network=13 mobileDataType=13 => rat=13
10-13 20:33:32.391 I/PdnController<0>( 3563): isNetworkAvailable: isEpdgConnected=false getDataNetworkType()=13
10-13 20:33:32.391 I/EPDG -- SIM0 [ThrottleController]( 3277): isThrottleTimerRunning: apnType: ims. result: false
10-13 20:33:32.391 I/EPDG -- SIM0 [ThrottleController]( 3277): isThrottleTimerRunning: apnType: ims. result: false
10-13 20:33:32.391 I/EPDG -- SIM0 [EpdgSubScription]( 3277): notifyQualifiedNetworksChange isEpdgAvailabilityRecommended():true, mLastestEpdgAvailableState:false
10-13 20:33:32.391 I/Telephony( 3161): TelecomAccountRegistry$AccountEntry: isRttCurrentlySupported -- regular acct,, hasVoiceAvailability: true, isRttSupported: false, alwaysAllowWhileRoaming: false, isRoaming: false, isOnWfc: false
10-13 20:33:32.391 V/PhoneGlobals( 3161): handleServiceStateChanged
10-13 20:33:32.391 D/NotificationMgr( 3161): updateNetworkSelection, Use Samsung codes instead of AOSP codes
10-13 20:33:32.391 V/PhoneGlobals( 3161): subId=1, mDefaultDataSubId=1, ss roaming=false
10-13 20:33:32.391 V/PhoneGlobals( 3161): updateDataRoamingStatus
10-13 20:33:32.391 I/EPDG -- SIM0 [UTILS]( 3277): getSubIdFromSpecifier() : return : 1
10-13 20:33:32.391 I/EPDG -- SIM0 [UTILS]( 3277): getNetworkForType: subIdFromSpecifier: 1
10-13 20:33:32.392 I/EPDG -- SIM0 [UTILS]( 3277): getNetworkForType: returning Network for type: 11
10-13 20:33:32.392 D/MobileIconViewModel( 3203): [mobile] (0/1) connected=true dataConnected=false dataType=DefaultIcon(iconGroup=IconGroup(5G_Connected)) networkType=LTE/NR_NSA simCard=ETC
10-13 20:33:32.392 I/EPDG -- SIM0 [UTILS]( 3277): getNetworkInfo: returning networkInfo [type: MOBILE[NR], state: CONNECTED/CONNECTED, reason: (unspecified), extra: ims, failover: false, available: true, roaming: false]
10-13 20:33:32.392 I/EPDG -- SIM0 [EpdgSubScription]( 3277): notifyQualifiedNetworksChange to telephony
10-13 20:33:32.392 I/RegistrationRatDecider<0>( 3563): findBestNetwork: LTE
10-13 20:33:32.392 I/RegiMgr ( 3563): slot[0]: [TMobile LTE/WiFi|REGISTERED] updateRegistration: reason=NETWORK_EVENT_CHANGED|by network event changed, rat=13, isForceReRegi=false, immediately=false
10-13 20:33:32.392 D/PhoneRestrictionPolicy( 2385): isOperationAllowed >>> slotNum: 0 function: 1
10-13 20:33:32.392 D/MobileIconViewModel( 3203): [mobile] (0/1) connected=true dataConnected=false dataType=DefaultIcon(iconGroup=IconGroup(5G_Available)) networkType=LTE/NR_NSA simCard=ETC
10-13 20:33:32.392 I/RegiGvnBase( 3563): checkRegiStatus: getState()=REGISTERED mIsUpdateRegistering=false
10-13 20:33:32.392 I/RegiMgr<0>( 3563): getTelephonyCallStatus:
10-13 20:33:32.393 V/PhoneGlobals( 3161): dataAllowed=true, reasons=[], roamingOperatorNumeric=310260, mPrevRoamingNotification=0, dataIsNowRoaming=false
10-13 20:33:32.393 D/StatusBarIconController( 3203): ignoring old pipeline callbacks, because the new mobile icons are enabled
10-13 20:33:32.393 D/StatusBarIconController( 3203): ignoring old pipeline callbacks, because the new mobile icons are enabled
10-13 20:33:32.395 I/ImSessionProcessor( 3563): hasEstablishedSession : false
10-13 20:33:32.395 I/PdnController<0>( 3563): getAllCellInfo mNeedCellLocationUpdate : false
10-13 20:33:32.395 I/RegiGvnBase<0>( 3563): isCellIdentityUnavailable: rat 13 -> CellIdentity<LTE>: AreaCode: xxxxx Cell ID: xxxxx
10-13 20:33:32.395 I/RegisterTask( 3563): isSuspended: mSuspended(false) mSuspendByIrat(false)
10-13 20:33:32.395 I/RegiGvnTmo<0>( 3563): isNeedToDeRegistration:
10-13 20:33:32.395 I/RegiGvnBase<0>( 3563): isNeedToDeRegistration:
10-13 20:33:32.395 I/ImsProfile( 3563): isRttSupportByCallApp : false ttyType : 3
10-13 20:33:32.395 I/RegiMgr<0>( 3563): getServiceForNetwork: network 13
10-13 20:33:32.395 I/RegiMgr<0>( 3563): getServiceForNetwork: service {presence, chatbot-communication, ft_http, ft, im, euc, gls, slm, mmtel, smsip, mmtel-video, mmtel-call-composer}
10-13 20:33:32.399 I/RegiGvnTmo<0>( 3563): VOLTE: true, RCS: false, rcs_user_setting: true, Data allowed: true, Default MSG app: true
10-13 20:33:32.399 I/ImsProfile( 3563): isRttSupportByCallApp : false ttyType : 3
10-13 20:33:32.400 E/TelephonyManagerWrapper( 3563): backup gid: null
10-13 20:33:32.400 I/ImsUtil<0>( 3563): isDualVideoCallAllowed: Check video for ADS: 0
10-13 20:33:32.400 I/ConfigTrigger<0>( 3563): isValidAcsVersion:
10-13 20:33:32.404 I/ConfigUtil<0>( 3563): getDmaPackage: defaultSmsApp from Telephony: com.samsung.android.messaging
10-13 20:33:32.404 I/ConfigUtil( 3563): default sms app:com.samsung.android.messaging googlePackage:com.google.android.apps.messaging
10-13 20:33:32.404 I/ConfigUtil( 3563): isGoogDmaPackageInuse : false
10-13 20:33:32.404 E/TelephonyManagerWrapper( 3563): backup gid: null
10-13 20:33:32.404 I/SimUtil ( 3563): isCctChaCBRS: result = false
10-13 20:33:32.404 I/OmcCode<1>( 3563): getOmcCodeByNwPath : GCF
10-13 20:33:32.404 I/DualRcsPolicyType<0>( 3563): omcCode: GCF, omcNwCode: GCF, counterOmcNwCode: GCF
10-13 20:33:32.407 D/ServiceStateProvider( 3161): subId=1
10-13 20:33:32.407 I/ConfigUtil<0>( 3563): getDmaPackage: defaultSmsApp from Telephony: com.samsung.android.messaging
10-13 20:33:32.407 I/ConfigUtil( 3563): default sms app:com.samsung.android.messaging googlePackage:com.google.android.apps.messaging
10-13 20:33:32.407 I/ConfigUtil( 3563): isGoogDmaPackageInuse : false
10-13 20:33:32.407 I/RegiMgr<0>( 3563): getImsProfile: profile [RCS]
10-13 20:33:32.407 E/RegiMgr<0>( 3563): getImsProfile: found [TMobile LTE/WiFi] for [RCS]
10-13 20:33:32.407 I/ConfigTrigger<0>( 3563): isValidAcsVersion: This is a other country SIM, RCS disabled in SIM mobility
10-13 20:33:32.409 D/ConnectivityService( 2385): notifyType CALLBACK_CAP_CHANGED for [159 CELLULAR]
10-13 20:33:32.410 I/PdnController<0>( 3563): onCapabilitiesChanged: network 159 networkCapabilities [ Transports: CELLULAR Capabilities: IMS&NOT_METERED&TRUSTED&NOT_VPN&VALIDATED&NOT_ROAMING&FOREGROUND&NOT_CONGESTED&NOT_SUSPENDED&NOT_VCN_MANAGED&MMTEL LinkUpBandwidth>=989Kbps LinkDnBandwidth>=1990Kbps Specifier: <TelephonyNetworkSpecifier [mSubId = 1]> AdminUids: [10345, 10380, 10381] SubscriptionIds: {1} UnderlyingNetworks: Null]
10-13 20:33:32.410 I/ConfigUtil<0>( 3563): getDmaPackage: defaultSmsApp from Telephony: com.samsung.android.messaging
10-13 20:33:32.410 I/ConfigUtil( 3563): default sms app:com.samsung.android.messaging googlePackage:com.google.android.apps.messaging
10-13 20:33:32.410 I/ConfigUtil( 3563): isGoogDmaPackageInuse : false
10-13 20:33:32.411 E/TelephonyManagerWrapper( 3563): backup gid: null
10-13 20:33:32.411 I/SimUtil ( 3563): isCctChaCBRS: result = false
10-13 20:33:32.411 I/OmcCode<1>( 3563): getOmcCodeByNwPath : GCF
10-13 20:33:32.411 I/DualRcsPolicyType<0>( 3563): omcCode: GCF, omcNwCode: GCF, counterOmcNwCode: GCF
10-13 20:33:32.411 I/RegiMgr<0>( 3563): getServiceForNetwork: filtered service [mmtel-video, smsip, mmtel]
10-13 20:33:32.411 I/RegiMgr<0>( 3563): compareSvcAndDoUpdateRegistration: registered service oldSvc[mmtel-video, smsip, mmtel]
10-13 20:33:32.411 I/RegiMgr-Utils<0>( 3563): determineUpdateRegistration: Same services. No need to re-register.
10-13 20:33:32.411 I/PaniGenerator<0>( 3563): generate: subId=1, network=13, pdn=11
10-13 20:33:32.411 I/PaniGenerator<0>( 3563): generate: network=13, fallbackPlmn=310260
10-13 20:33:32.411 I/PdnController<0>( 3563): getAllCellInfo mNeedCellLocationUpdate : false
10-13 20:33:32.411 I/PaniGenerator( 3563): generate: change to NW PLMN(310260)
10-13 20:33:32.412 D/SLocation( 2385): SGeofenceCellManager - cellList : 2
10-13 20:33:32.413 I/UserAgent<0>( 3563): updatePani
10-13 20:33:32.413 I/RegiMgr-NetEvtCtr<0>( 3563): handleNetworkEventBeforeRegister: new network event=NetworkEvent [network=13, voiceNetwork=13, voiceOverPs=SUPPORTED, outOfService=false, isDataRoaming=false, isVoiceRoaming=false, csOutOfService=false, isWifiConnected=true, isEpdgConnected=false, isEpdgAvailable=false, operatorNumeric=310260, isPsOnlyReg=false, isDataConnected=false], old network event=NetworkEvent [network=20, voiceNetwork=20, voiceOverPs=SUPPORTED, outOfService=false, isDataRoaming=false, isVoiceRoaming=false, csOutOfService=false, isWifiConnected=true, isEpdgConnected=false, isEpdgAvailable=false, operatorNumeric=310260, isPsOnlyReg=true, isDataConnected=false]
10-13 20:33:32.413 I/TelephonyManagerWrapper<0>( 3563): getRilSimOperator: ETC
10-13 20:33:32.413 I/SimManager<0>( 3563): hasIsim: [true]
10-13 20:33:32.413 I/SimManager<0>( 3563): mSimState:LOADED, mIsimLoaded:true, hasIsim():true
10-13 20:33:32.413 I/RegiMgr-NetEvtCtr<0>( 3563): onNetworkEventChanged: tryRegister by phoneID
10-13 20:33:32.413 I/RegiMgr<0>( 3563): tryRegister:
10-13 20:33:32.413 I/RegiMgr<0>( 3563): RegisterTask(s): TMobile LTE/WiFi (REGISTERED, rat = 13, service = [mmtel-video, smsip, mmtel]), TMobile 3G (IDLE)
10-13 20:33:32.413 I/RcsPolicyMgr<0>( 3563): pendingRcsRegister: mActiveDataPhoneId = 0
10-13 20:33:32.413 I/RcsPolicyMgr<0>( 3563): pendingRcsRegister: mActiveDataPhoneId = 0
10-13 20:33:32.413 I/RegisterTask( 3563): isSuspended: mSuspended(false) mSuspendByIrat(false)
10-13 20:33:32.413 I/RegiMgr<0>( 3563): [TMobile 3G|IDLE] checkForTryRegister id: 281
10-13 20:33:32.414 I/SECIMSJ ( 3563): [3913]> 140
10-13 20:33:32.414 I/PdnController( 3563): getDefaultNetworkBearer:  WIFI
10-13 20:33:32.414 I/RegistrationRatDecider<0>( 3563): getAvailableMobileNetwork: network=13 mobileDataType=13 => rat=13
10-13 20:33:32.414 I/PdnController<0>( 3563): isNetworkAvailable: isEpdgConnected=false getDataNetworkType()=13
10-13 20:33:32.414 I/[IMS6.0]( 3563): IMS_onResponse()
10-13 20:33:32.414 I/StackIF ( 3563): processMessage 2
10-13 20:33:32.414 I/StackIF ( 3563): Processing Response
10-13 20:33:32.414 I/SECIMSJ ( 3563): [3913]< 600
10-13 20:33:32.414 I/StackIF ( 3563): processResponse: reqId 600
10-13 20:33:32.414 I/StackIF ( 3563): processResponse: handle 11600 result 0 reason 0
10-13 20:33:32.415 I/RegistrationRatDecider<0>( 3563): findBestNetwork: LTE
10-13 20:33:32.415 I/RegiGvnBase<0>( 3563): isReadyToDualRegister: slot 1's call state: 0
10-13 20:33:32.415 I/RegiGvnBase<0>( 3563): isReadyToDualRegister : true
10-13 20:33:32.416 I/RegiMgr<0>( 3563): [TMobile 3G|IDLE] checkInitialRegistrationIsReady: APM ON [false], Roamimg [false]
10-13 20:33:32.416 I/RcsPolicyMgr<0>( 3563): pendingRcsRegister: mActiveDataPhoneId = 0
10-13 20:33:32.416 I/ImsProfile( 3563): isRttSupportByCallApp : false ttyType : 1
10-13 20:33:32.416 I/RegiMgr-Utils<0>( 3563): getPriorityRegiedTask : isPriority  High? true
10-13 20:33:32.416 I/RegiMgr-Utils<0>( 3563): checkHigherPriorityRegiedTask != null
10-13 20:33:32.416 I/GeolocationCon( 3563): handleMessage : what = SERVICE_STATE_CHANGED
10-13 20:33:32.417 I/GeolocationCon( 3563): matchTimingReqLocation ,match=0, timing=4
10-13 20:33:32.417 I/GeolocationCon( 3563): matchTimingReqLocation ,match=0, timing=4
10-13 20:33:32.417 I/GeolocationCon( 3563): matchTimingReqLocation ,match=1, timing=4
10-13 20:33:32.417 I/GeolocationCon( 3563): profile is null
10-13 20:33:32.417 I/GeolocationCon<0>( 3563): onNetworkCountryIsoChanged: mCountryIso = us, iso = us
10-13 20:33:32.417 I/RegiMgr-Handler( 3563): handleMessage: EVENT_CELL_INFO_CHANGED
10-13 20:33:32.417 I/RegiMgr<0>( 3563): updatePani RegisterTask[0][mProfile=TMobile LTE/WiFi, mRegistrationRat=13, mPdnType=11, mState=REGISTERED, mObject=UserAgent - :
10-13 20:33:32.417 I/RegiMgr<0>( 3563):  total records=96
10-13 20:33:32.417 I/RegiMgr<0>( 3563):  rec[0]: time=10-13 20:00:31.907 processed=RegisteredState org=RegisteredState dest=<null> what=2000(0x7d0)
10-13 20:33:32.417 I/RegiMgr<0>( 3563):  rec[1]: time=10-13 20:02:13.798 processed=ReadyState org=RegisteredState dest=<null> what=34(0x22)
10-13 20:33:32.417 I/RegiMgr<0>( 3563):  rec[2]: time=10-13 20:02:13.799 processed=RegisteredState org=RegisteredState dest=<null> what=2000(0x7d0)
10-13 20:33:32.417 I/RegiMgr<0>( 3563):  rec[3]: time=10-13 20:02:13.801 processed=ReadyState org=RegisteredState dest=<null> what=50(0x32)
10-13 20:33:32.417 I/RegiMgr<0>( 3563):  rec[4]: time=10-13 20:02:13.821 processed=ReadyState org=RegisteredState dest=<null> what=34(0x22)
10-13 20:33:32.417 I/RegiMgr<0>( 3563):  rec[5]: time=10-13 20:02:13.822 processed=RegisteredState org=RegisteredState dest=<null> what=2000(0x7d0)
10-13 20:33:32.417 I/RegiMgr<0>( 3563):  rec[6]: time=10-13 20:16:33.970 processed=ReadyState org=RegisteredState dest=<null> what=34(0x22)
10-13 20:33:32.417 I/RegiMgr<0>( 3563):  rec[7]: time=10-13 20:16:33.972 processed=ReadyState org=RegisteredState dest=<null> what=50(0x32)
10-13 20:33:32.417 I/RegiMgr<0>( 3563):  rec[8]: time=10-13 20:16:33.990 processed=RegisteredState org=RegisteredState dest=<null> what=2000(0x7d0)
10-13 20:33:32.417 I/RegiMgr<0>( 3563):  rec[9]: time=10-13 20:16:34.019 processed=ReadyState org=RegisteredState dest=<null> what=34(0x22)
10-13 20:33:32.417 I/RegiMgr<0>( 3563):  rec[10]: time=10-13 20:16:34.020 processed=RegisteredState org=RegisteredState dest=<null> what=2000(0x7d0)
10-13 20:33:32.417 I/RegiMgr<0>( 3563):  rec[11]: time=10-13 20:17:15.561 processed=ReadyState org=RegisteredState dest=<null> what=34(0x22)
10-13 20:33:32.417 I/RegiMgr<0>( 3563):  rec[12]: time=10-13 20:17:15.561 processed=RegisteredState org=RegisteredState dest=<null> what=2000(0x7d0)
10-13 20:33:32.417 I/RegiMgr<0>( 3563):  rec[13]: time=10-13 20:17:55.236 processed=ReadyState org=RegisteredState dest=<null> what=34(0x22)
10-13 20:33:32.417 I/RegiMgr<0>( 3563):  rec[14]: time=10-13 20:17:55.236 processed=RegisteredState org=RegisteredState dest=<null> what=2000(0x7d0)
10-13 20:33:32.417 I/RegiMgr<0>( 3563):  rec[15]: time=10-13 20:28:57.150 processed=RegisteredState org=RegisteredState dest=<null> what=8(0x8)
10-13 20:33:32.417 I/RegiMgr<0>( 3563):  rec[16]: time=10-13 20:28:57.249 processed=RegisteredState org=RegisteredState dest=<null> what=1000(0x3e8)
10-13 20:33:32.417 I/RegiMgr<0>( 3563):  rec[17]: time=10-13 20:33:32.374 processed=ReadyState org=RegisteredState dest=<null> what=50(0x32)
10-13 20:33:32.417 I/RegiMgr<0>( 3563):  rec[18]: time=10-13 20:33:32.414 processed=ReadyState org=RegisteredState dest=<null> what=34(0x22)
10-13 20:33:32.417 I/RegiMgr<0>( 3563):  rec[19]: time=10-13 20:33:32.415 processed=RegisteredState org=RegisteredState dest=<null> what=2000(0x7d0)
10-13 20:33:32.417 I/RegiMgr<0>( 3563): curState=RegisteredState
10-13 20:33:32.417 I/RegiMgr<0>( 3563): , mReason=, mPcscfHostname=null, mDeregiReason=41]
10-13 20:33:32.418 I/PaniGenerator<0>( 3563): generate: subId=1, network=13, pdn=11
10-13 20:33:32.418 I/PaniGenerator<0>( 3563): generate: network=13, fallbackPlmn=310260
10-13 20:33:32.418 I/PdnController<0>( 3563): getAllCellInfo mNeedCellLocationUpdate : false
10-13 20:33:32.418 I/PaniGenerator( 3563): generate: change to NW PLMN(310260)
10-13 20:33:32.419 I/UserAgent<0>( 3563): updatePani
10-13 20:33:32.419 I/SecImsServiceConnector<0>( 3563): getSipTransportImpl
10-13 20:33:32.419 E/SecImsServiceConnector( 3563): connect to local SecImsService #1 attempt
10-13 20:33:32.419 I/SecImsService<0>( 3563): getSipTransport
10-13 20:33:32.419 I/RegiMgr<0>( 3563): updatePani RegisterTask[0][mProfile=TMobile 3G, mRegistrationRat=13, mPdnType=0, mState=IDLE, mObject=null, mReason=, mPcscfHostname=null, mDeregiReason=41]
10-13 20:33:32.419 I/SipTransportImpl<0>( 3563): onPaniUpdated
10-13 20:33:32.420 I/PaniGenerator<0>( 3563): generate: subId=1, network=13, pdn=0
10-13 20:33:32.420 I/PaniGenerator<0>( 3563): generate: network=13, fallbackPlmn=310260
10-13 20:33:32.420 I/PdnController<0>( 3563): getAllCellInfo mNeedCellLocationUpdate : false
10-13 20:33:32.420 I/PaniGenerator( 3563): generate: change to NW PLMN(310260)
10-13 20:33:32.420 I/SECIMSJ ( 3563): [3914]> 140
10-13 20:33:32.420 I/[IMS6.0]( 3563): IMS_onResponse()
10-13 20:33:32.420 I/StackIF ( 3563): processMessage 2
10-13 20:33:32.420 I/StackIF ( 3563): Processing Response
10-13 20:33:32.420 I/SECIMSJ ( 3563): [3914]< 600
10-13 20:33:32.420 I/StackIF ( 3563): processResponse: reqId 600
10-13 20:33:32.420 I/StackIF ( 3563): processResponse: handle 11600 result 0 reason 0
10-13 20:33:32.423 I/RegiMgr<0>( 3563): tryRegister:
10-13 20:33:32.423 I/RegiMgr<0>( 3563): RegisterTask(s): TMobile LTE/WiFi (REGISTERED, rat = 13, service = [mmtel-video, smsip, mmtel]), TMobile 3G (IDLE)
10-13 20:33:32.423 I/RcsPolicyMgr<0>( 3563): pendingRcsRegister: mActiveDataPhoneId = 0
10-13 20:33:32.423 I/RcsPolicyMgr<0>( 3563): pendingRcsRegister: mActiveDataPhoneId = 0
10-13 20:33:32.423 I/RegisterTask( 3563): isSuspended: mSuspended(false) mSuspendByIrat(false)
10-13 20:33:32.423 I/RegiMgr<0>( 3563): [TMobile 3G|IDLE] checkForTryRegister id: 281
10-13 20:33:32.423 I/PdnController( 3563): getDefaultNetworkBearer:  WIFI
10-13 20:33:32.423 I/RegistrationRatDecider<0>( 3563): getAvailableMobileNetwork: network=13 mobileDataType=13 => rat=13
10-13 20:33:32.423 I/PdnController<0>( 3563): isNetworkAvailable: isEpdgConnected=false getDataNetworkType()=13
10-13 20:33:32.425 I/RegistrationRatDecider<0>( 3563): findBestNetwork: LTE
10-13 20:33:32.425 I/RegiGvnBase<0>( 3563): isReadyToDualRegister: slot 1's call state: 0
10-13 20:33:32.425 I/RegiGvnBase<0>( 3563): isReadyToDualRegister : true
10-13 20:33:32.426 I/RegiMgr<0>( 3563): [TMobile 3G|IDLE] checkInitialRegistrationIsReady: APM ON [false], Roamimg [false]
10-13 20:33:32.426 I/RcsPolicyMgr<0>( 3563): pendingRcsRegister: mActiveDataPhoneId = 0
10-13 20:33:32.426 I/ImsProfile( 3563): isRttSupportByCallApp : false ttyType : 1
10-13 20:33:32.426 I/RegiMgr-Utils<0>( 3563): getPriorityRegiedTask : isPriority  High? true
10-13 20:33:32.426 I/RegiMgr-Utils<0>( 3563): checkHigherPriorityRegiedTask != null
10-13 20:33:32.426 I/RegiMgr-Handler( 3563): handleMessage: EVENT_EPDG_HANDOVER_ENABLE_CHANGED
10-13 20:33:32.426 I/RegiMgr<0>( 3563): isOnlyEpsFallback: 0
10-13 20:33:32.426 I/RegiMgr<0>( 3563): nrPreferredMode: false
10-13 20:33:32.426 I/RegiMgr<0>( 3563): updateEpdgHandoverEnableChanged: onlyEpsFb = false , nrPreferredMode = false , hoEnable = true
10-13 20:33:32.437 W/monodroid-assembly(22765): Assembly 'Akavache.Mac' (hash 0x71b401caed70f36f) not found
10-13 20:33:32.437 W/monodroid-assembly(22765): open_from_bundles: failed to load assembly Akavache.Mac
10-13 20:33:32.437 W/monodroid-assembly(22765): Assembly 'Akavache.Mac' (hash 0x71b401caed70f36f) not found
10-13 20:33:32.437 W/monodroid-assembly(22765): open_from_bundles: failed to load assembly Akavache.Mac
10-13 20:33:32.437 W/monodroid-assembly(22765): Assembly 'Akavache.Deprecated' (hash 0x4b0440407d94c280) not found
10-13 20:33:32.437 W/monodroid-assembly(22765): open_from_bundles: failed to load assembly Akavache.Deprecated
10-13 20:33:32.437 W/monodroid-assembly(22765): Assembly 'Akavache.Deprecated' (hash 0x4b0440407d94c280) not found
10-13 20:33:32.437 W/monodroid-assembly(22765): open_from_bundles: failed to load assembly Akavache.Deprecated
10-13 20:33:32.437 W/monodroid-assembly(22765): Assembly 'Akavache.Mobile' (hash 0x6621a25556110652) not found
10-13 20:33:32.437 W/monodroid-assembly(22765): open_from_bundles: failed to load assembly Akavache.Mobile
10-13 20:33:32.437 W/monodroid-assembly(22765): Assembly 'Akavache.Mobile' (hash 0x6621a25556110652) not found
10-13 20:33:32.437 W/monodroid-assembly(22765): open_from_bundles: failed to load assembly Akavache.Mobile
10-13 20:33:32.438 W/monodroid-assembly(22765): Assembly 'Akavache.Drawing' (hash 0xb3ff7c2f195953ac) not found
10-13 20:33:32.438 W/monodroid-assembly(22765): open_from_bundles: failed to load assembly Akavache.Drawing
10-13 20:33:32.438 W/monodroid-assembly(22765): Assembly 'Akavache.Drawing' (hash 0xb3ff7c2f195953ac) not found
10-13 20:33:32.438 W/monodroid-assembly(22765): open_from_bundles: failed to load assembly Akavache.Drawing
10-13 20:33:32.445 I/UMR     ( 2385): ReclaimerPolicyManager: update policy 0 -> 2
10-13 20:33:32.445 I/UMR     ( 2385): KswapdReclaimer: suppress begin
10-13 20:33:32.456 D/app_process64(22765): LogHost: Initializing Akavache (EnsureInitialized)
10-13 20:33:32.479 D/app_process64(22765): LogHost: Initializing Akavache (EnsureInitialized)
10-13 20:33:32.485 I/HoneySpace.PackageOperationTracker( 3604): onShortcutsChanged com.ufbdirect.udb - 4 UserHandle{0}
10-13 20:33:32.485 D/QC-time-services( 1355): Daemon:tod_update_ind_cb: Got Update from modem msg_id 51
10-13 20:33:32.488 D/QC-time-services( 1901): Lib:time_genoff_operation: pargs->base = 13
10-13 20:33:32.488 D/QC-time-services( 1901): Lib:time_genoff_operation: pargs->operation = 0
10-13 20:33:32.488 D/QC-time-services( 1901): Lib:time_genoff_operation: pargs->ts_val = 2005289310812000
10-13 20:33:32.488 D/QC-time-services( 1355): Daemon: Connection accepted:time_genoff
10-13 20:33:32.489 D/QC-time-services( 1901): Lib:time_genoff_operation: Send to server  passed!!
10-13 20:33:32.489 D/QC-time-services( 1355): Daemon: genoff_handler: Process name is rild
10-13 20:33:32.489 D/QC-time-services( 1355): Daemon:Received base = 13, unit = 1, operation = 0,value = 2005289310812000
10-13 20:33:32.489 D/QC-time-services( 1355): Daemon:genoff_opr: Base = 13, val = 2005289310812000, operation = 0
10-13 20:33:32.489 D/QC-time-services( 1355): Daemon:Value read from QTimer mseconds = 204037919
10-13 20:33:32.490 D/QC-time-services( 1355): Daemon:Value read from RTC mseconds on boot = 107979536000
10-13 20:33:32.490 D/QC-time-services( 1355): Daemon:Delta read on boot mseconds = 107979524406
10-13 20:33:32.490 D/QC-time-services( 1355): Daemon:new time 2005289310812000 
10-13 20:33:32.490 D/QC-time-services( 1355): Daemon: delta 2005181127249675 genoff 2005181127249675 
10-13 20:33:32.490 D/QC-time-services( 1355): Daemon:genoff_persistent_update: Writing genoff = 2005181127249675 to memory
10-13 20:33:32.490 D/QC-time-services( 1355): Daemon:Opening File: /mnt/vendor/persist/time/ats_13 /data/vendor/time/ats_13
10-13 20:33:32.490 D/QC-time-services( 1355): Daemon:time_persistent_memory_opr:Genoff write operation 
10-13 20:33:32.493 I/EPDG -- SIM0 IwlanNetworkService( 3277): requestNetworkRegistrationInfo for domain 2
10-13 20:33:32.494 I/EPDG -- SIM0 IwlanNetworkService( 3277): Calling onRequestNetworkRegistrationInfoComplete.resultCode = 0, netState = NetworkRegistrationInfo{ domain=PS transportType=WLAN registrationState=UNKNOWN networkRegistrationState=UNKNOWN roamingType=NOT_ROAMING accessNetworkTechnology=IWLAN rejectCause=0 emergencyEnabled=false availableServices=[] cellIdentity=null voiceSpecificInfo=null dataSpecificInfo=null nrState=**** rRplmn= isUsingCarrierAggregation=false isNonTerrestrialNetwork=TERRESTRIAL}
10-13 20:33:32.499 D/time_detector( 2385): For more accuracy, systemClockUpdateThreshold changed to 500
10-13 20:33:32.499 D/time_detector( 2385): Not setting system clock or confidence. origin=network newTime=UnixEpochTime{mElapsedRealtimeMillis=194989133, mUnixEpochTimeMillis=1760392968795} newTimeConfidence=100 cause=Found good network suggestion., networkSuggestion=NetworkTimeSuggestion{mUnixEpochTime=UnixEpochTime{mElapsedRealtimeMillis=194989133, mUnixEpochTimeMillis=1760392968795}, mUncertaintyMillis=45, mDebugInfo=[scheduled refresh, TimeResult{unixEpochTime=2025-10-13T22:02:48.795Z, elapsedRealtime=PT54H9M49.133S, mUncertaintyMillis=45, mNtpServerSocketAddress=time.android.com/[2001:4860:4806::]:123}]}, detectionReason=New telephony time suggested. suggestion=TelephonyTimeSuggestion{mSlotIndex='0', mUnixEpochTime=UnixEpochTime{mElapsedRealtimeMillis=204032755, mUnixEpochTimeMillis=1760402012000}, mDebugInfo=[Sending new time suggestion nitzSignal=NitzSignal{mReceiptElapsedMillis=PT56H40M32.755S, mNitzData=NitzData{mOriginalString=25/10/14,00:33:32-16,01, mZoneOffset=-14400000, mDstOffset=3600000, mCurrentTimeMillis=1760402012000, mEmulatorHostTimeZone=null}, mAgeMillis=0}, reason=handleNitzReceived(NitzSignal{mReceiptElapsedMillis=PT56H40M32.755S, mNitzData=NitzData{mOriginalString=25/10/14,00:33:32-16,01, mZoneOffset=-14400000, mDstOffset=3600000, mCurrentTimeMillis=1760402012000, mEmulatorHostTimeZone=null}, mAgeMillis=0})]} elapsedRealtimeMillis=204032766 systemClockUpdateThreshold=500 absTimeDifference=71 currentTimeConfidence=100
10-13 20:33:32.505 E/QC-time-services( 1901): Receive Passed == base = 13, unit = 1, operation = 0, result = 0
10-13 20:33:32.505 E/QC-time-services( 1355): Daemon: Time-services: Waiting to acceptconnection
10-13 20:33:32.509 I/HoneySpace.ShortcutDataSourceImpl( 3604): shortcut updated. ShortcutInfo {id=***, flags=0x485 [DynIc-rStrRets], packageName=com.ufbdirect.udb, activity=ComponentInfo{com.ufbdirect.udb/crc645699f962880779a0.SplashActivity}, shortLabel=***, resId=0[null], longLabel=***, resId=0[null], disabledMessage=***, resId=0[null], disabledReason=[Not disabled], categories=null, persons=null, icon=null, rank=1, timestamp=1760402012383, intents=null, extras=null}
10-13 20:33:32.509 I/HoneySpace.ShortcutDataSourceImpl( 3604): shortcut updated. ShortcutInfo {id=***, flags=0x485 [DynIc-rStrRets], packageName=com.ufbdirect.udb, activity=ComponentInfo{com.ufbdirect.udb/crc645699f962880779a0.SplashActivity}, shortLabel=***, resId=0[null], longLabel=***, resId=0[null], disabledMessage=***, resId=0[null], disabledReason=[Not disabled], categories=null, persons=null, icon=null, rank=0, timestamp=1760402012383, intents=null, extras=null}
