10-11 14:42:26.013 21612 21675 I ReactNativeJS: [outputs] outputs.hapticSymbol {"timestamp":9169534.252594,"wallClock":1760208146013,"enabled":true,"symbol":".","durationMs":60,"platform":"android","source":"console.replay","correlationId":"console-replay:mgmmhdujf1pry13n","timelineOffsetMs":12.892271000891924}
10-11 14:42:26.015 21612 21675 I ReactNativeJS: [outputs] outputs.flashPulse {"timestamp":9169535.788792,"wallClock":1760208146014,"enabled":true,"durationMs":60,"source":"console.replay","correlationId":"console-replay:mgmmhdujf1pry13n","timelineOffsetMs":12.892271000891924}
10-11 14:42:26.059 21612 22246 D OutputsAudio: [outputs-audio] stop gain=1.000 release=6.00
10-11 14:42:26.080 21612 21675 I ReactNativeJS: [outputs] outputs.flashPulse.commit {"timestamp":9169601.554937,"wallClock":1760208146080,"durationMs":60,"source":"console.replay","correlationId":"console-replay:mgmmhdujf1pry13n","latencyMs":69.24197899922729,"timelineOffsetMs":12.892271000891924}
10-11 14:42:26.120 21612 22246 D OutputsAudio: [outputs-audio] start hz=700.0 gain=1.000 attack=2.50 release=6.00
10-11 14:42:26.125 21612 21675 D OutputsAudio: [outputs-audio] symbol.info sequence=8 symbol=. timestamp=9169641.597 duration=60.000
10-11 14:42:26.125 21612 21675 I ReactNativeJS: [outputs] playMorse.symbol {"timestamp":9169646.569312,"wallClock":1760208146125,"symbol":".","durationMs":60,"index":7,"source":"console.replay","correlationId":"console-replay:mgmmhdxp3he54xbe","nativeTimestampMs":9169641.597,"nativeDurationMs":60,"nativeOffsetMs":4.924083000048995,"nativeSequence":8,"monotonicTimestampMs":9169641.597}
10-11 14:42:26.126 21612 21675 I ReactNativeJS: [outputs] outputs.hapticSymbol {"timestamp":9169647.010458,"wallClock":1760208146125,"enabled":true,"symbol":".","durationMs":60,"platform":"android","source":"console.replay","correlationId":"console-replay:mgmmhdxp3he54xbe","timelineOffsetMs":4.924083000048995}
10-11 14:42:26.126 21612 21675 I ReactNativeJS: [outputs] outputs.flashPulse {"timestamp":9169647.580302,"wallClock":1760208146126,"enabled":true,"durationMs":60,"source":"console.replay","correlationId":"console-replay:mgmmhdxp3he54xbe","timelineOffsetMs":4.924083000048995}
10-11 14:42:26.177 21612 21675 I ReactNativeJS: [outputs] outputs.flashPulse.commit {"timestamp":9169698.776187,"wallClock":1760208146177,"durationMs":60,"source":"console.replay","correlationId":"console-replay:mgmmhdxp3he54xbe","latencyMs":52.25072900019586,"timelineOffsetMs":4.924083000048995}
10-11 14:42:26.181 21612 22246 D OutputsAudio: [outputs-audio] stop gain=1.000 release=6.00
10-11 14:42:26.242 21612 22246 D OutputsAudio: [outputs-audio] start hz=700.0 gain=1.000 attack=2.50 release=6.00
10-11 14:42:26.264 21612 21675 D OutputsAudio: [outputs-audio] symbol.info sequence=9 symbol=. timestamp=9169763.504 duration=60.000
10-11 14:42:26.266 21612 21675 I ReactNativeJS: [outputs] playMorse.symbol {"timestamp":9169786.249677,"wallClock":1760208146265,"symbol":".","durationMs":60,"index":8,"source":"console.replay","correlationId":"console-replay:mgmmhe1lxlf5aval","nativeTimestampMs":9169763.504,"nativeDurationMs":60,"nativeOffsetMs":22.63119800016284,"nativeSequence":9,"monotonicTimestampMs":9169763.504}
10-11 14:42:26.267 21612 21675 I ReactNativeJS: [outputs] outputs.hapticSymbol {"timestamp":9169787.820614,"wallClock":1760208146266,"enabled":true,"symbol":".","durationMs":60,"platform":"android","source":"console.replay","correlationId":"console-replay:mgmmhe1lxlf5aval","timelineOffsetMs":22.63119800016284}
10-11 14:42:26.269 21612 21675 I ReactNativeJS: [outputs] outputs.flashPulse {"timestamp":9169789.583844,"wallClock":1760208146268,"enabled":true,"durationMs":60,"source":"console.replay","correlationId":"console-replay:mgmmhe1lxlf5aval","timelineOffsetMs":22.63119800016284}
10-11 14:42:26.303 21612 22246 D OutputsAudio: [outputs-audio] stop gain=1.000 release=6.00
10-11 14:42:26.329 21612 21675 I ReactNativeJS: [outputs] outputs.flashPulse.commit {"timestamp":9169850.491396,"wallClock":1760208146329,"durationMs":60,"source":"console.replay","correlationId":"console-replay:mgmmhe1lxlf5aval","latencyMs":64.35150999948382,"timelineOffsetMs":22.63119800016284}
10-11 14:42:26.364 21612 22246 D OutputsAudio: [outputs-audio] start hz=700.0 gain=1.000 attack=2.50 release=6.00
10-11 14:42:26.374 21612 21675 D OutputsAudio: [outputs-audio] symbol.info sequence=10 symbol=- timestamp=9169885.722 duration=180.000
10-11 14:42:26.375 21612 21675 I ReactNativeJS: [outputs] playMorse.symbol {"timestamp":9169896.086187,"wallClock":1760208146374,"symbol":"-","durationMs":180,"index":9,"source":"console.replay","correlationId":"console-replay:mgmmhe4m83w39ww0","nativeTimestampMs":9169885.722,"nativeDurationMs":180,"nativeOffsetMs":10.312104001641273,"nativeSequence":10,"monotonicTimestampMs":9169885.722}
10-11 14:42:26.375 21612 21675 I ReactNativeJS: [outputs] outputs.hapticSymbol {"timestamp":9169896.601239,"wallClock":1760208146375,"enabled":true,"symbol":"-","durationMs":180,"platform":"android","source":"console.replay","correlationId":"console-replay:mgmmhe4m83w39ww0","timelineOffsetMs":10.312104001641273}
10-11 14:42:26.376 21612 21675 I ReactNativeJS: [outputs] outputs.flashPulse {"timestamp":9169897.115771,"wallClock":1760208146375,"enabled":true,"durationMs":180,"source":"console.replay","correlationId":"console-replay:mgmmhe4m83w39ww0","timelineOffsetMs":10.312104001641273}
10-11 14:42:26.431 21612 21675 I ReactNativeJS: [outputs] outputs.flashPulse.commit {"timestamp":9169952.751344,"wallClock":1760208146431,"durationMs":180,"source":"console.replay","correlationId":"console-replay:mgmmhe4m83w39ww0","latencyMs":56.713489999994636,"timelineOffsetMs":10.312104001641273}
10-11 14:42:26.545 21612 22246 D OutputsAudio: [outputs-audio] stop gain=1.000 release=6.00
10-11 14:42:26.606 21612 22246 D OutputsAudio: [outputs-audio] start hz=700.0 gain=1.000 attack=2.50 release=6.00
10-11 14:42:26.618 21612 21675 D OutputsAudio: [outputs-audio] symbol.info sequence=11 symbol=- timestamp=9170127.330 duration=180.000
10-11 14:42:26.620 21612 21675 I ReactNativeJS: [outputs] playMorse.symbol {"timestamp":9170140.057333,"wallClock":1760208146618,"symbol":"-","durationMs":180,"index":10,"source":"console.replay","correlationId":"console-replay:mgmmhebe0d62h1jh","nativeTimestampMs":9170127.33,"nativeDurationMs":180,"nativeOffsetMs":12.602332999929786,"nativeSequence":11,"monotonicTimestampMs":9170127.33}
10-11 14:42:26.621 21612 21675 I ReactNativeJS: [outputs] outputs.hapticSymbol {"timestamp":9170141.596396,"wallClock":1760208146620,"enabled":true,"symbol":"-","durationMs":180,"platform":"android","source":"console.replay","correlationId":"console-replay:mgmmhebe0d62h1jh","timelineOffsetMs":12.602332999929786}
10-11 14:42:26.624 21612 21675 I ReactNativeJS: [outputs] outputs.flashPulse {"timestamp":9170144.994312,"wallClock":1760208146623,"enabled":true,"durationMs":180,"source":"console.replay","correlationId":"console-replay:mgmmhebe0d62h1jh","timelineOffsetMs":12.602332999929786}
10-11 14:42:26.688 21612 21675 I ReactNativeJS: [outputs] outputs.flashPulse.commit {"timestamp":9170209.230041,"wallClock":1760208146688,"durationMs":180,"source":"console.replay","correlationId":"console-replay:mgmmhebe0d62h1jh","latencyMs":69.29286500066519,"timelineOffsetMs":12.602332999929786}
10-11 14:42:26.786 21612 22246 D OutputsAudio: [outputs-audio] stop gain=1.000 release=6.00
10-11 14:42:26.848 21612 22246 D OutputsAudio: [outputs-audio] start hz=700.0 gain=1.000 attack=2.50 release=6.00
10-11 14:42:26.853 21612 21675 D OutputsAudio: [outputs-audio] symbol.info sequence=12 symbol=- timestamp=9170369.572 duration=180.000
10-11 14:42:26.856 21612 21675 I ReactNativeJS: [outputs] playMorse.symbol {"timestamp":9170375.307125,"wallClock":1760208146854,"symbol":"-","durationMs":180,"index":11,"source":"console.replay","correlationId":"console-replay:mgmmhehy85h2wtk7","nativeTimestampMs":9170369.572,"nativeDurationMs":180,"nativeOffsetMs":5.615384999662638,"nativeSequence":12,"monotonicTimestampMs":9170369.572}
10-11 14:42:26.856 21612 21675 I ReactNativeJS: [outputs] outputs.hapticSymbol {"timestamp":9170377.447489,"wallClock":1760208146856,"enabled":true,"symbol":"-","durationMs":180,"platform":"android","source":"console.replay","correlationId":"console-replay:mgmmhehy85h2wtk7","timelineOffsetMs":5.615384999662638}
10-11 14:42:26.857 21612 21675 I ReactNativeJS: [outputs] outputs.flashPulse {"timestamp":9170378.297385,"wallClock":1760208146857,"enabled":true,"durationMs":180,"source":"console.replay","correlationId":"console-replay:mgmmhehy85h2wtk7","timelineOffsetMs":5.615384999662638}
10-11 14:42:26.925 21612 21675 I ReactNativeJS: [outputs] outputs.flashPulse.commit {"timestamp":9170446.053062,"wallClock":1760208146924,"durationMs":180,"source":"console.replay","correlationId":"console-replay:mgmmhehy85h2wtk7","latencyMs":70.8611459992826,"timelineOffsetMs":5.615384999662638}
10-11 14:42:27.029 21612 22246 D OutputsAudio: [outputs-audio] stop gain=1.000 release=6.00
10-11 14:42:27.090 21612 22246 D OutputsAudio: [outputs-audio] start hz=700.0 gain=1.000 attack=2.50 release=6.00
10-11 14:42:27.103 21612 21675 D OutputsAudio: [outputs-audio] symbol.info sequence=13 symbol=. timestamp=9170611.546 duration=60.000
10-11 14:42:27.104 21612 21675 I ReactNativeJS: [outputs] playMorse.symbol {"timestamp":9170624.692489,"wallClock":1760208147103,"symbol":".","durationMs":60,"index":12,"source":"console.replay","correlationId":"console-replay:mgmmheovun2u015b","nativeTimestampMs":9170611.546,"nativeDurationMs":60,"nativeOffsetMs":13.074457999318838,"nativeSequence":13,"monotonicTimestampMs":9170611.546}
10-11 14:42:27.104 21612 21675 I ReactNativeJS: [outputs] outputs.hapticSymbol {"timestamp":9170625.402229,"wallClock":1760208147104,"enabled":true,"symbol":".","durationMs":60,"platform":"android","source":"console.replay","correlationId":"console-replay:mgmmheovun2u015b","timelineOffsetMs":13.074457999318838}
10-11 14:42:27.105 21612 21675 I ReactNativeJS: [outputs] outputs.flashPulse {"timestamp":9170626.26426,"wallClock":1760208147105,"enabled":true,"durationMs":60,"source":"console.replay","correlationId":"console-replay:mgmmheovun2u015b","timelineOffsetMs":13.074457999318838}
10-11 14:42:27.151 21612 22246 D OutputsAudio: [outputs-audio] stop gain=1.000 release=6.00
10-11 14:42:27.161 21612 21675 I ReactNativeJS: [outputs] outputs.flashPulse.commit {"timestamp":9170682.397333,"wallClock":1760208147161,"durationMs":60,"source":"console.replay","correlationId":"console-replay:mgmmheovun2u015b","latencyMs":57.772239001467824,"timelineOffsetMs":13.074457999318838}
10-11 14:42:27.211 21612 22246 D OutputsAudio: [outputs-audio] start hz=700.0 gain=1.000 attack=2.50 release=6.00
10-11 14:42:27.229 21612 21675 D OutputsAudio: [outputs-audio] symbol.info sequence=14 symbol=. timestamp=9170733.096 duration=60.000
10-11 14:42:27.230 21612 21675 I ReactNativeJS: [outputs] playMorse.symbol {"timestamp":9170750.959052,"wallClock":1760208147229,"symbol":".","durationMs":60,"index":13,"source":"console.replay","correlationId":"console-replay:mgmmhesdnorqavqj","nativeTimestampMs":9170733.096,"nativeDurationMs":60,"nativeOffsetMs":17.745603999122977,"nativeSequence":14,"monotonicTimestampMs":9170733.096}
10-11 14:42:27.231 21612 21675 I ReactNativeJS: [outputs] outputs.hapticSymbol {"timestamp":9170752.229833,"wallClock":1760208147231,"enabled":true,"symbol":".","durationMs":60,"platform":"android","source":"console.replay","correlationId":"console-replay:mgmmhesdnorqavqj","timelineOffsetMs":17.745603999122977}
10-11 14:42:27.232 21612 21675 I ReactNativeJS: [outputs] outputs.flashPulse {"timestamp":9170753.239468,"wallClock":1760208147232,"enabled":true,"durationMs":60,"source":"console.replay","correlationId":"console-replay:mgmmhesdnorqavqj","timelineOffsetMs":17.745603999122977}
10-11 14:42:27.272 21612 22246 D OutputsAudio: [outputs-audio] stop gain=1.000 release=6.00
10-11 14:42:27.333 21612 22246 D OutputsAudio: [outputs-audio] start hz=700.0 gain=1.000 attack=2.50 release=6.00
10-11 14:42:27.341 21612 21675 I ReactNativeJS: [outputs] outputs.flashPulse.commit {"timestamp":9170862.08202,"wallClock":1760208147340,"durationMs":60,"source":"console.replay","correlationId":"console-replay:mgmmhesdnorqavqj","latencyMs":111.23531199991703,"timelineOffsetMs":17.745603999122977}
10-11 14:42:27.391 21612 21675 D OutputsAudio: [outputs-audio] symbol.info sequence=15 symbol=. timestamp=9170854.338 duration=60.000
10-11 14:42:27.391 21612 21675 I ReactNativeJS: [outputs] playMorse.symbol {"timestamp":9170912.618791,"wallClock":1760208147391,"symbol":".","durationMs":60,"index":14,"source":"console.replay","correlationId":"console-replay:mgmmhewv51n03ccx","nativeTimestampMs":9170854.338,"nativeDurationMs":60,"nativeOffsetMs":58.22928100079298,"nativeSequence":15,"monotonicTimestampMs":9170854.338}
10-11 14:42:27.392 21612 21675 I ReactNativeJS: [outputs] outputs.hapticSymbol {"timestamp":9170913.109833,"wallClock":1760208147391,"enabled":true,"symbol":".","durationMs":60,"platform":"android","source":"console.replay","correlationId":"console-replay:mgmmhewv51n03ccx","timelineOffsetMs":58.22928100079298}
10-11 14:42:27.392 21612 21675 I ReactNativeJS: [outputs] outputs.flashPulse {"timestamp":9170913.67202,"wallClock":1760208147392,"enabled":true,"durationMs":60,"source":"console.replay","correlationId":"console-replay:mgmmhewv51n03ccx","timelineOffsetMs":58.22928100079298}
10-11 14:42:27.394 21612 22246 D OutputsAudio: [outputs-audio] stop gain=1.000 release=6.00
10-11 14:42:27.451 21612 21675 I ReactNativeJS: [outputs] outputs.flashPulse.commit {"timestamp":9170972.690301,"wallClock":1760208147451,"durationMs":60,"source":"console.replay","correlationId":"console-replay:mgmmhewv51n03ccx","latencyMs":60.11906199902296,"timelineOffsetMs":58.22928100079298}
10-11 14:42:27.454 21612 22246 D OutputsAudio: [outputs-audio] start hz=700.0 gain=1.000 attack=2.50 release=6.00
10-11 14:42:27.496 21612 21675 D OutputsAudio: [outputs-audio] symbol.info sequence=16 symbol=- timestamp=9170975.773 duration=180.000
10-11 14:42:27.496 21612 21675 I ReactNativeJS: [outputs] playMorse.symbol {"timestamp":9171017.358531,"wallClock":1760208147496,"symbol":"-","durationMs":180,"index":15,"source":"console.replay","correlationId":"console-replay:mgmmhezsmkecjs3v","nativeTimestampMs":9170975.773,"nativeDurationMs":180,"nativeOffsetMs":41.53756199963391,"nativeSequence":16,"monotonicTimestampMs":9170975.773}
10-11 14:42:27.496 21612 21675 I ReactNativeJS: [outputs] outputs.hapticSymbol {"timestamp":9171017.837281,"wallClock":1760208147496,"enabled":true,"symbol":"-","durationMs":180,"platform":"android","source":"console.replay","correlationId":"console-replay:mgmmhezsmkecjs3v","timelineOffsetMs":41.53756199963391}
10-11 14:42:27.497 21612 21675 I ReactNativeJS: [outputs] outputs.flashPulse {"timestamp":9171018.370197,"wallClock":1760208147497,"enabled":true,"durationMs":180,"source":"console.replay","correlationId":"console-replay:mgmmhezsmkecjs3v","timelineOffsetMs":41.53756199963391}
10-11 14:42:27.547 21612 21675 I ReactNativeJS: [outputs] outputs.flashPulse.commit {"timestamp":9171068.35577,"wallClock":1760208147547,"durationMs":180,"source":"console.replay","correlationId":"console-replay:mgmmhezsmkecjs3v","latencyMs":51.04036400094628,"timelineOffsetMs":41.53756199963391}
10-11 14:42:27.635 21612 22246 D OutputsAudio: [outputs-audio] stop gain=1.000 release=6.00
10-11 14:42:27.695 21612 22246 D OutputsAudio: [outputs-audio] start hz=700.0 gain=1.000 attack=2.50 release=6.00
10-11 14:42:27.705 21612 21675 D OutputsAudio: [outputs-audio] symbol.info sequence=17 symbol=- timestamp=9171216.670 duration=180.000
10-11 14:42:27.706 21612 21675 I ReactNativeJS: [outputs] playMorse.symbol {"timestamp":9171226.567333,"wallClock":1760208147705,"symbol":"-","durationMs":180,"index":16,"source":"console.replay","correlationId":"console-replay:mgmmhf5l42bbmdh4","nativeTimestampMs":9171216.67,"nativeDurationMs":180,"nativeOffsetMs":9.803322000429034,"nativeSequence":17,"monotonicTimestampMs":9171216.67}
10-11 14:42:27.706 21612 21675 I ReactNativeJS: [outputs] outputs.hapticSymbol {"timestamp":9171227.49926,"wallClock":1760208147706,"enabled":true,"symbol":"-","durationMs":180,"platform":"android","source":"console.replay","correlationId":"console-replay:mgmmhf5l42bbmdh4","timelineOffsetMs":9.803322000429034}
10-11 14:42:27.707 21612 21675 I ReactNativeJS: [outputs] outputs.flashPulse {"timestamp":9171228.514728,"wallClock":1760208147707,"enabled":true,"durationMs":180,"source":"console.replay","correlationId":"console-replay:mgmmhf5l42bbmdh4","timelineOffsetMs":9.803322000429034}
10-11 14:42:27.772 21612 21675 I ReactNativeJS: [outputs] outputs.flashPulse.commit {"timestamp":9171293.709416,"wallClock":1760208147772,"durationMs":180,"source":"console.replay","correlationId":"console-replay:mgmmhf5l42bbmdh4","latencyMs":67.23140599951148,"timelineOffsetMs":9.803322000429034}
10-11 14:42:27.876 21612 22246 D OutputsAudio: [outputs-audio] stop gain=1.000 release=6.00
10-11 14:42:27.936 21612 22246 D OutputsAudio: [outputs-audio] start hz=700.0 gain=1.000 attack=2.50 release=6.00
10-11 14:42:27.950 21612 21675 D OutputsAudio: [outputs-audio] symbol.info sequence=18 symbol=- timestamp=9171458.023 duration=180.000
10-11 14:42:27.952 21612 21675 I ReactNativeJS: [outputs] playMorse.symbol {"timestamp":9171471.962853,"wallClock":1760208147950,"symbol":"-","durationMs":180,"index":17,"source":"console.replay","correlationId":"console-replay:mgmmhfcefjr76hqf","nativeTimestampMs":9171458.023,"nativeDurationMs":180,"nativeOffsetMs":13.834019999951124,"nativeSequence":18,"monotonicTimestampMs":9171458.023}
10-11 14:42:27.953 21612 21675 I ReactNativeJS: [outputs] outputs.hapticSymbol {"timestamp":9171473.342645,"wallClock":1760208147952,"enabled":true,"symbol":"-","durationMs":180,"platform":"android","source":"console.replay","correlationId":"console-replay:mgmmhfcefjr76hqf","timelineOffsetMs":13.834019999951124}
10-11 14:42:27.954 21612 21675 I ReactNativeJS: [outputs] outputs.flashPulse {"timestamp":9171475.301603,"wallClock":1760208147954,"enabled":true,"durationMs":180,"source":"console.replay","correlationId":"console-replay:mgmmhfcefjr76hqf","timelineOffsetMs":13.834019999951124}
10-11 14:42:28.019 21612 21675 I ReactNativeJS: [outputs] outputs.flashPulse.commit {"timestamp":9171540.22676,"wallClock":1760208148019,"durationMs":180,"source":"console.replay","correlationId":"console-replay:mgmmhfcefjr76hqf","latencyMs":68.3654169999063,"timelineOffsetMs":13.834019999951124}
10-11 14:42:28.117 21612 22246 D OutputsAudio: [outputs-audio] stop gain=1.000 release=6.00
10-11 14:42:28.178 21612 22246 D OutputsAudio: [outputs-audio] start hz=700.0 gain=1.000 attack=2.50 release=6.00
10-11 14:42:28.189 21612 21675 D OutputsAudio: [outputs-audio] symbol.info sequence=19 symbol=. timestamp=9171699.524 duration=60.000
10-11 14:42:28.190 21612 21675 I ReactNativeJS: [outputs] playMorse.symbol {"timestamp":9171710.563582,"wallClock":1760208148189,"symbol":".","durationMs":60,"index":18,"source":"console.replay","correlationId":"console-replay:mgmmhfj1y4s3a6b6","nativeTimestampMs":9171699.524,"nativeDurationMs":60,"nativeOffsetMs":10.951926000416279,"nativeSequence":19,"monotonicTimestampMs":9171699.524}
10-11 14:42:28.190 21612 21675 I ReactNativeJS: [outputs] outputs.hapticSymbol {"timestamp":9171711.460405,"wallClock":1760208148190,"enabled":true,"symbol":".","durationMs":60,"platform":"android","source":"console.replay","correlationId":"console-replay:mgmmhfj1y4s3a6b6","timelineOffsetMs":10.951926000416279}
10-11 14:42:28.191 21612 21675 I ReactNativeJS: [outputs] outputs.flashPulse {"timestamp":9171712.533374,"wallClock":1760208148191,"enabled":true,"durationMs":60,"source":"console.replay","correlationId":"console-replay:mgmmhfj1y4s3a6b6","timelineOffsetMs":10.951926000416279}
10-11 14:42:28.238 21612 22246 D OutputsAudio: [outputs-audio] stop gain=1.000 release=6.00
10-11 14:42:28.246 21612 21675 I ReactNativeJS: [outputs] outputs.flashPulse.commit {"timestamp":9171767.009207,"wallClock":1760208148245,"durationMs":60,"source":"console.replay","correlationId":"console-replay:mgmmhfj1y4s3a6b6","latencyMs":56.52817699871957,"timelineOffsetMs":10.951926000416279}
10-11 14:42:28.299 21612 22246 D OutputsAudio: [outputs-audio] start hz=700.0 gain=1.000 attack=2.50 release=6.00
10-11 14:42:28.310 21612 21675 D OutputsAudio: [outputs-audio] symbol.info sequence=20 symbol=. timestamp=9171820.929 duration=60.000
10-11 14:42:28.311 21612 21675 I ReactNativeJS: [outputs] playMorse.symbol {"timestamp":9171831.742905,"wallClock":1760208148310,"symbol":".","durationMs":60,"index":19,"source":"console.replay","correlationId":"console-replay:mgmmhfmeqk2n7l3a","nativeTimestampMs":9171820.929,"nativeDurationMs":60,"nativeOffsetMs":10.737812001258135,"nativeSequence":20,"monotonicTimestampMs":9171820.929}
10-11 14:42:28.311 21612 21675 I ReactNativeJS: [outputs] outputs.hapticSymbol {"timestamp":9171832.584364,"wallClock":1760208148311,"enabled":true,"symbol":".","durationMs":60,"platform":"android","source":"console.replay","correlationId":"console-replay:mgmmhfmeqk2n7l3a","timelineOffsetMs":10.737812001258135}
10-11 14:42:28.312 21612 21675 I ReactNativeJS: [outputs] outputs.flashPulse {"timestamp":9171833.321291,"wallClock":1760208148312,"enabled":true,"durationMs":60,"source":"console.replay","correlationId":"console-replay:mgmmhfmeqk2n7l3a","timelineOffsetMs":10.737812001258135}
10-11 14:42:28.359 21612 22246 D OutputsAudio: [outputs-audio] stop gain=1.000 release=6.00
10-11 14:42:28.365 21612 21675 I ReactNativeJS: [outputs] outputs.flashPulse.commit {"timestamp":9171886.034884,"wallClock":1760208148364,"durationMs":60,"source":"console.replay","correlationId":"console-replay:mgmmhfmeqk2n7l3a","latencyMs":54.36312499828637,"timelineOffsetMs":10.737812001258135}
10-11 14:42:28.420 21612 22246 D OutputsAudio: [outputs-audio] start hz=700.0 gain=1.000 attack=2.50 release=6.00
10-11 14:42:28.439 21612 21675 D OutputsAudio: [outputs-audio] symbol.info sequence=21 symbol=. timestamp=9171941.828 duration=60.000
10-11 14:42:28.440 21612 21675 I ReactNativeJS: [outputs] playMorse.symbol {"timestamp":9171960.78353,"wallClock":1760208148439,"symbol":".","durationMs":60,"index":20,"source":"console.replay","correlationId":"console-replay:mgmmhfpzq5akuglv","nativeTimestampMs":9171941.828,"nativeDurationMs":60,"nativeOffsetMs":18.875166000798345,"nativeSequence":21,"monotonicTimestampMs":9171941.828}
10-11 14:42:28.440 21612 21675 I ReactNativeJS: [outputs] outputs.hapticSymbol {"timestamp":9171961.613634,"wallClock":1760208148440,"enabled":true,"symbol":".","durationMs":60,"platform":"android","source":"console.replay","correlationId":"console-replay:mgmmhfpzq5akuglv","timelineOffsetMs":18.875166000798345}
10-11 14:42:28.441 21612 21675 I ReactNativeJS: [outputs] outputs.flashPulse {"timestamp":9171962.678582,"wallClock":1760208148441,"enabled":true,"durationMs":60,"source":"console.replay","correlationId":"console-replay:mgmmhfpzq5akuglv","timelineOffsetMs":18.875166000798345}
10-11 14:42:28.481 21612 22246 D OutputsAudio: [outputs-audio] stop gain=1.000 release=6.00
10-11 14:42:28.505 21612 21675 I ReactNativeJS: [outputs] outputs.flashPulse.commit {"timestamp":9172026.42952,"wallClock":1760208148505,"durationMs":60,"source":"console.replay","correlationId":"console-replay:mgmmhfpzq5akuglv","latencyMs":65.72203099913895,"timelineOffsetMs":18.875166000798345}
10-11 14:42:28.541 21612 22246 D OutputsAudio: [outputs-audio] start hz=700.0 gain=1.000 attack=2.50 release=6.00
10-11 14:42:28.549 21612 21675 D OutputsAudio: [outputs-audio] symbol.info sequence=22 symbol=- timestamp=9172062.895 duration=180.000
10-11 14:42:28.550 21612 21675 I ReactNativeJS: [outputs] playMorse.symbol {"timestamp":9172070.996811,"wallClock":1760208148549,"symbol":"-","durationMs":180,"index":21,"source":"console.replay","correlationId":"console-replay:mgmmhft1omwk713g","nativeTimestampMs":9172062.895,"nativeDurationMs":180,"nativeOffsetMs":8.052853001281619,"nativeSequence":22,"monotonicTimestampMs":9172062.895}
10-11 14:42:28.550 21612 21675 I ReactNativeJS: [outputs] outputs.hapticSymbol {"timestamp":9172071.46853,"wallClock":1760208148550,"enabled":true,"symbol":"-","durationMs":180,"platform":"android","source":"console.replay","correlationId":"console-replay:mgmmhft1omwk713g","timelineOffsetMs":8.052853001281619}
10-11 14:42:28.551 21612 21675 I ReactNativeJS: [outputs] outputs.flashPulse {"timestamp":9172071.984676,"wallClock":1760208148550,"enabled":true,"durationMs":180,"source":"console.replay","correlationId":"console-replay:mgmmhft1omwk713g","timelineOffsetMs":8.052853001281619}
10-11 14:42:28.607 21612 21675 I ReactNativeJS: [outputs] outputs.flashPulse.commit {"timestamp":9172128.181968,"wallClock":1760208148607,"durationMs":180,"source":"console.replay","correlationId":"console-replay:mgmmhft1omwk713g","latencyMs":57.23015599884093,"timelineOffsetMs":8.052853001281619}
10-11 14:42:28.722 21612 22246 D OutputsAudio: [outputs-audio] stop gain=1.000 release=6.00
10-11 14:42:28.783 21612 22246 D OutputsAudio: [outputs-audio] start hz=700.0 gain=1.000 attack=2.50 release=6.00
10-11 14:42:28.790 21612 21675 D OutputsAudio: [outputs-audio] symbol.info sequence=23 symbol=- timestamp=9172304.897 duration=180.000
10-11 14:42:28.791 21612 21675 I ReactNativeJS: [outputs] playMorse.symbol {"timestamp":9172311.439051,"wallClock":1760208148790,"symbol":"-","durationMs":180,"index":22,"source":"console.replay","correlationId":"console-replay:mgmmhfzqlppvt56n","nativeTimestampMs":9172304.897,"nativeDurationMs":180,"nativeOffsetMs":6.452676000073552,"nativeSequence":23,"monotonicTimestampMs":9172304.897}
10-11 14:42:28.792 21612 21675 I ReactNativeJS: [outputs] outputs.hapticSymbol {"timestamp":9172313.198478,"wallClock":1760208148792,"enabled":true,"symbol":"-","durationMs":180,"platform":"android","source":"console.replay","correlationId":"console-replay:mgmmhfzqlppvt56n","timelineOffsetMs":6.452676000073552}
10-11 14:42:28.793 21612 21675 I ReactNativeJS: [outputs] outputs.flashPulse {"timestamp":9172314.436916,"wallClock":1760208148793,"enabled":true,"durationMs":180,"source":"console.replay","correlationId":"console-replay:mgmmhfzqlppvt56n","timelineOffsetMs":6.452676000073552}
10-11 14:42:28.860 21612 21675 I ReactNativeJS: [outputs] outputs.flashPulse.commit {"timestamp":9172380.929259,"wallClock":1760208148859,"durationMs":180,"source":"console.replay","correlationId":"console-replay:mgmmhfzqlppvt56n","latencyMs":69.575469000265,"timelineOffsetMs":6.452676000073552}
10-11 14:42:28.964 21612 22246 D OutputsAudio: [outputs-audio] stop gain=1.000 release=6.00
10-11 14:42:29.025 21612 22246 D OutputsAudio: [outputs-audio] start hz=700.0 gain=1.000 attack=2.50 release=6.00
10-11 14:42:29.032 21612 21675 D OutputsAudio: [outputs-audio] symbol.info sequence=24 symbol=- timestamp=9172546.621 duration=180.000
10-11 14:42:29.033 21612 21675 I ReactNativeJS: [outputs] playMorse.symbol {"timestamp":9172553.374155,"wallClock":1760208149032,"symbol":"-","durationMs":180,"index":23,"source":"console.replay","correlationId":"console-replay:mgmmhg6ggn95supn","nativeTimestampMs":9172546.621,"nativeDurationMs":180,"nativeOffsetMs":6.651383999735117,"nativeSequence":24,"monotonicTimestampMs":9172546.621}
10-11 14:42:29.034 21612 21675 I ReactNativeJS: [outputs] outputs.hapticSymbol {"timestamp":9172555.006499,"wallClock":1760208149033,"enabled":true,"symbol":"-","durationMs":180,"platform":"android","source":"console.replay","correlationId":"console-replay:mgmmhg6ggn95supn","timelineOffsetMs":6.651383999735117}
10-11 14:42:29.035 21612 21675 I ReactNativeJS: [outputs] outputs.flashPulse {"timestamp":9172556.287957,"wallClock":1760208149035,"enabled":true,"durationMs":180,"source":"console.replay","correlationId":"console-replay:mgmmhg6ggn95supn","timelineOffsetMs":6.651383999735117}
10-11 14:42:29.099 21612 21675 I ReactNativeJS: [outputs] outputs.flashPulse.commit {"timestamp":9172619.830718,"wallClock":1760208149098,"durationMs":180,"source":"console.replay","correlationId":"console-replay:mgmmhg6ggn95supn","latencyMs":66.5535420011729,"timelineOffsetMs":6.651383999735117}
10-11 14:42:29.206 21612 22246 D OutputsAudio: [outputs-audio] stop gain=1.000 release=6.00
10-11 14:42:29.267 21612 22246 D OutputsAudio: [outputs-audio] start hz=700.0 gain=1.000 attack=2.50 release=6.00
10-11 14:42:29.279 21612 21675 D OutputsAudio: [outputs-audio] symbol.info sequence=25 symbol=. timestamp=9172789.211 duration=60.000
10-11 14:42:29.280 21612 21675 I ReactNativeJS: [outputs] playMorse.symbol {"timestamp":9172800.862853,"wallClock":1760208149279,"symbol":".","durationMs":60,"index":24,"source":"console.replay","correlationId":"console-replay:mgmmhgdbq0fip4f8","nativeTimestampMs":9172789.211,"nativeDurationMs":60,"nativeOffsetMs":11.582322001457214,"nativeSequence":25,"monotonicTimestampMs":9172789.211}
10-11 14:42:29.280 21612 21675 I ReactNativeJS: [outputs] outputs.hapticSymbol {"timestamp":9172801.599624,"wallClock":1760208149280,"enabled":true,"symbol":".","durationMs":60,"platform":"android","source":"console.replay","correlationId":"console-replay:mgmmhgdbq0fip4f8","timelineOffsetMs":11.582322001457214}
10-11 14:42:29.281 21612 21675 I ReactNativeJS: [outputs] outputs.flashPulse {"timestamp":9172802.468426,"wallClock":1760208149281,"enabled":true,"durationMs":60,"source":"console.replay","correlationId":"console-replay:mgmmhgdbq0fip4f8","timelineOffsetMs":11.582322001457214}
10-11 14:42:29.328 21612 22246 D OutputsAudio: [outputs-audio] stop gain=1.000 release=6.00
10-11 14:42:29.340 21612 21675 I ReactNativeJS: [outputs] outputs.flashPulse.commit {"timestamp":9172861.360717,"wallClock":1760208149340,"durationMs":60,"source":"console.replay","correlationId":"console-replay:mgmmhgdbq0fip4f8","latencyMs":60.56255199946463,"timelineOffsetMs":11.582322001457214}
10-11 14:42:29.389 21612 22246 D OutputsAudio: [outputs-audio] start hz=700.0 gain=1.000 attack=2.50 release=6.00
10-11 14:42:29.397 21612 21675 D OutputsAudio: [outputs-audio] symbol.info sequence=26 symbol=. timestamp=9172910.291 duration=60.000
10-11 14:42:29.398 21612 21675 I ReactNativeJS: [outputs] playMorse.symbol {"timestamp":9172919.042644,"wallClock":1760208149397,"symbol":".","durationMs":60,"index":25,"source":"console.replay","correlationId":"console-replay:mgmmhgglpi185wst","nativeTimestampMs":9172910.291,"nativeDurationMs":60,"nativeOffsetMs":8.700082000344992,"nativeSequence":26,"monotonicTimestampMs":9172910.291}
10-11 14:42:29.398 21612 21675 I ReactNativeJS: [outputs] outputs.hapticSymbol {"timestamp":9172919.562749,"wallClock":1760208149398,"enabled":true,"symbol":".","durationMs":60,"platform":"android","source":"console.replay","correlationId":"console-replay:mgmmhgglpi185wst","timelineOffsetMs":8.700082000344992}
10-11 14:42:29.399 21612 21675 I ReactNativeJS: [outputs] outputs.flashPulse {"timestamp":9172920.202488,"wallClock":1760208149399,"enabled":true,"durationMs":60,"source":"console.replay","correlationId":"console-replay:mgmmhgglpi185wst","timelineOffsetMs":8.700082000344992}
10-11 14:42:29.449 21612 22246 D OutputsAudio: [outputs-audio] stop gain=1.000 release=6.00
10-11 14:42:29.453 21612 21675 I ReactNativeJS: [outputs] outputs.flashPulse.commit {"timestamp":9172973.772853,"wallClock":1760208149452,"durationMs":60,"source":"console.replay","correlationId":"console-replay:mgmmhgglpi185wst","latencyMs":54.77791699953377,"timelineOffsetMs":8.700082000344992}
10-11 14:42:29.510 21612 22246 D OutputsAudio: [outputs-audio] start hz=700.0 gain=1.000 attack=2.50 release=6.00
10-11 14:42:29.528 21612 21675 D OutputsAudio: [outputs-audio] symbol.info sequence=27 symbol=. timestamp=9173031.394 duration=60.000
10-11 14:42:29.529 21612 21675 I ReactNativeJS: [outputs] playMorse.symbol {"timestamp":9173049.634988,"wallClock":1760208149528,"symbol":".","durationMs":60,"index":26,"source":"console.replay","correlationId":"console-replay:mgmmhgk85uz51vua","nativeTimestampMs":9173031.394,"nativeDurationMs":60,"nativeOffsetMs":18.180936001241207,"nativeSequence":27,"monotonicTimestampMs":9173031.394}
10-11 14:42:29.529 21612 21675 I ReactNativeJS: [outputs] outputs.hapticSymbol {"timestamp":9173050.233634,"wallClock":1760208149529,"enabled":true,"symbol":".","durationMs":60,"platform":"android","source":"console.replay","correlationId":"console-replay:mgmmhgk85uz51vua","timelineOffsetMs":18.180936001241207}
10-11 14:42:29.529 21612 21675 I ReactNativeJS: [outputs] outputs.flashPulse {"timestamp":9173050.812332,"wallClock":1760208149529,"enabled":true,"durationMs":60,"source":"console.replay","correlationId":"console-replay:mgmmhgk85uz51vua","timelineOffsetMs":18.180936001241207}
10-11 14:42:29.571 21612 22246 D OutputsAudio: [outputs-audio] stop gain=1.000 release=6.00
10-11 14:42:29.586 21612 21675 I ReactNativeJS: [outputs] outputs.flashPulse.commit {"timestamp":9173107.351342,"wallClock":1760208149586,"durationMs":60,"source":"console.replay","correlationId":"console-replay:mgmmhgk85uz51vua","latencyMs":57.7716669999063,"timelineOffsetMs":18.180936001241207}
10-11 14:42:29.630 21612 21675 I ReactNativeJS: [outputs] playMorse.complete {"timestamp":9173151.533999,"wallClock":1760208149630,"durationMs":4911.581404000521,"source":"console.replay","audioEnabled":true,"audioVolumePercent":100}
10-11 14:42:29.631 21612 22246 D OutputsAudio: [outputs-audio] stop gain=0.000 release=6.00
10-11 14:42:29.631 21612 22246 D OutputsAudio: [outputs-audio] playMorse.end cancelled=0
10-11 14:42:32.121 21612 21675 I ReactNativeJS: [outputs] playMorse.start {"timestamp":9175641.927904,"wallClock":1760208152120,"unitMs":48,"length":28,"source":"console.replay","audioEnabled":true,"audioVolumePercent":100}
10-11 14:42:32.280 21612 21675 D OutputsAudio: [outputs-audio] warmup hz=700.0
10-11 14:42:32.281 21612 22281 D OutputsAudio: [outputs-audio] playMorse.start count=27 unit=48.0
10-11 14:42:32.281 21612 22281 D OutputsAudio: [outputs-audio] start hz=700.0 gain=1.000 attack=2.50 release=6.00
10-11 14:42:32.294 21612 21675 D OutputsAudio: [outputs-audio] symbol.info sequence=1 symbol=. timestamp=9175802.641 duration=48.000
10-11 14:42:32.295 21612 21675 I ReactNativeJS: [outputs] playMorse.symbol {"timestamp":9175816.031289,"wallClock":1760208152294,"symbol":".","durationMs":48,"index":0,"source":"console.replay","correlationId":"console-replay:mgmmhip27pwsvzpq","nativeTimestampMs":9175802.641,"nativeDurationMs":48,"nativeOffsetMs":13.28528899885714,"nativeSequence":1,"monotonicTimestampMs":9175802.641}
10-11 14:42:32.296 21612 21675 I ReactNativeJS: [outputs] outputs.hapticSymbol {"timestamp":9175817.011289,"wallClock":1760208152295,"enabled":true,"symbol":".","durationMs":48,"platform":"android","source":"console.replay","correlationId":"console-replay:mgmmhip27pwsvzpq","timelineOffsetMs":13.28528899885714}
10-11 14:42:32.297 21612 21675 I ReactNativeJS: [outputs] outputs.flashPulse {"timestamp":9175817.952956,"wallClock":1760208152296,"enabled":true,"durationMs":48,"source":"console.replay","correlationId":"console-replay:mgmmhip27pwsvzpq","timelineOffsetMs":13.28528899885714}
10-11 14:42:32.330 21612 22281 D OutputsAudio: [outputs-audio] stop gain=1.000 release=6.00
10-11 14:42:32.355 21612 21675 I ReactNativeJS: [outputs] outputs.flashPulse.commit {"timestamp":9175876.564987,"wallClock":1760208152355,"durationMs":48,"source":"console.replay","correlationId":"console-replay:mgmmhip27pwsvzpq","latencyMs":60.63385399989784,"timelineOffsetMs":13.28528899885714}
10-11 14:42:32.379 21612 22281 D OutputsAudio: [outputs-audio] start hz=700.0 gain=1.000 attack=2.50 release=6.00
10-11 14:42:32.399 21612 21675 D OutputsAudio: [outputs-audio] symbol.info sequence=2 symbol=. timestamp=9175900.247 duration=48.000
10-11 14:42:32.399 21612 21675 I ReactNativeJS: [outputs] playMorse.symbol {"timestamp":9175920.294518,"wallClock":1760208152399,"symbol":".","durationMs":48,"index":1,"source":"console.replay","correlationId":"console-replay:mgmmhirzfn6w3f2w","nativeTimestampMs":9175900.247,"nativeDurationMs":48,"nativeOffsetMs":19.998403999954462,"nativeSequence":2,"monotonicTimestampMs":9175900.247}
10-11 14:42:32.399 21612 21675 I ReactNativeJS: [outputs] outputs.hapticSymbol {"timestamp":9175920.813945,"wallClock":1760208152399,"enabled":true,"symbol":".","durationMs":48,"platform":"android","source":"console.replay","correlationId":"console-replay:mgmmhirzfn6w3f2w","timelineOffsetMs":19.998403999954462}
10-11 14:42:32.400 21612 21675 I ReactNativeJS: [outputs] outputs.flashPulse {"timestamp":9175921.362643,"wallClock":1760208152400,"enabled":true,"durationMs":48,"source":"console.replay","correlationId":"console-replay:mgmmhirzfn6w3f2w","timelineOffsetMs":19.998403999954462}
10-11 14:42:32.428 21612 22281 D OutputsAudio: [outputs-audio] stop gain=1.000 release=6.00
10-11 14:42:32.457 21612 21675 I ReactNativeJS: [outputs] outputs.flashPulse.commit {"timestamp":9175978.4553,"wallClock":1760208152457,"durationMs":48,"source":"console.replay","correlationId":"console-replay:mgmmhirzfn6w3f2w","latencyMs":58.2055210005492,"timelineOffsetMs":19.998403999954462}
10-11 14:42:32.477 21612 22281 D OutputsAudio: [outputs-audio] start hz=700.0 gain=1.000 attack=2.50 release=6.00
10-11 14:42:32.500 21612 21675 D OutputsAudio: [outputs-audio] symbol.info sequence=3 symbol=. timestamp=9175998.853 duration=48.000
10-11 14:42:32.501 21612 21675 I ReactNativeJS: [outputs] playMorse.symbol {"timestamp":9176021.970872,"wallClock":1760208152500,"symbol":".","durationMs":48,"index":2,"source":"console.replay","correlationId":"console-replay:mgmmhiusacn41mih","nativeTimestampMs":9175998.853,"nativeDurationMs":48,"nativeOffsetMs":23.070528998970985,"nativeSequence":3,"monotonicTimestampMs":9175998.853}
10-11 14:42:32.501 21612 21675 I ReactNativeJS: [outputs] outputs.hapticSymbol {"timestamp":9176022.45082,"wallClock":1760208152501,"enabled":true,"symbol":".","durationMs":48,"platform":"android","source":"console.replay","correlationId":"console-replay:mgmmhiusacn41mih","timelineOffsetMs":23.070528998970985}
10-11 14:42:32.504 21612 21675 I ReactNativeJS: [outputs] outputs.flashPulse {"timestamp":9176022.98957,"wallClock":1760208152501,"enabled":true,"durationMs":48,"source":"console.replay","correlationId":"console-replay:mgmmhiusacn41mih","timelineOffsetMs":23.070528998970985}
10-11 14:42:32.526 21612 22281 D OutputsAudio: [outputs-audio] stop gain=1.000 release=6.00
10-11 14:42:32.562 21612 21675 I ReactNativeJS: [outputs] outputs.flashPulse.commit {"timestamp":9176082.824935,"wallClock":1760208152561,"durationMs":48,"source":"console.replay","correlationId":"console-replay:mgmmhiusacn41mih","latencyMs":60.89765600115061,"timelineOffsetMs":23.070528998970985}
10-11 14:42:32.574 21612 22281 D OutputsAudio: [outputs-audio] start hz=700.0 gain=1.000 attack=2.50 release=6.00
10-11 14:42:32.611 21612 21675 D OutputsAudio: [outputs-audio] symbol.info sequence=4 symbol=- timestamp=9176095.988 duration=144.000
10-11 14:42:32.612 21612 21675 I ReactNativeJS: [outputs] playMorse.symbol {"timestamp":9176132.801497,"wallClock":1760208152611,"symbol":"-","durationMs":144,"index":3,"source":"console.replay","correlationId":"console-replay:mgmmhixv372ez3jo","nativeTimestampMs":9176095.988,"nativeDurationMs":144,"nativeOffsetMs":36.76636200025678,"nativeSequence":4,"monotonicTimestampMs":9176095.988}
10-11 14:42:32.612 21612 21675 I ReactNativeJS: [outputs] outputs.hapticSymbol {"timestamp":9176133.278216,"wallClock":1760208152612,"enabled":true,"symbol":"-","durationMs":144,"platform":"android","source":"console.replay","correlationId":"console-replay:mgmmhixv372ez3jo","timelineOffsetMs":36.76636200025678}
10-11 14:42:32.612 21612 21675 I ReactNativeJS: [outputs] outputs.flashPulse {"timestamp":9176133.878268,"wallClock":1760208152612,"enabled":true,"durationMs":144,"source":"console.replay","correlationId":"console-replay:mgmmhixv372ez3jo","timelineOffsetMs":36.76636200025678}
10-11 14:42:32.663 21612 21675 I ReactNativeJS: [outputs] outputs.flashPulse.commit {"timestamp":9176184.725612,"wallClock":1760208152663,"durationMs":144,"source":"console.replay","correlationId":"console-replay:mgmmhixv372ez3jo","latencyMs":51.966874999925494,"timelineOffsetMs":36.76636200025678}
10-11 14:42:32.719 21612 22281 D OutputsAudio: [outputs-audio] stop gain=1.000 release=6.00
10-11 14:42:32.769 21612 22281 D OutputsAudio: [outputs-audio] start hz=700.0 gain=1.000 attack=2.50 release=6.00
10-11 14:42:32.783 21612 21675 D OutputsAudio: [outputs-audio] symbol.info sequence=5 symbol=- timestamp=9176290.578 duration=144.000
10-11 14:42:32.784 21612 21675 I ReactNativeJS: [outputs] playMorse.symbol {"timestamp":9176304.91306,"wallClock":1760208152783,"symbol":"-","durationMs":144,"index":4,"source":"console.replay","correlationId":"console-replay:mgmmhj2nq2n1awqb","nativeTimestampMs":9176290.578,"nativeDurationMs":144,"nativeOffsetMs":14.26125800050795,"nativeSequence":5,"monotonicTimestampMs":9176290.578}
10-11 14:42:32.785 21612 21675 I ReactNativeJS: [outputs] outputs.hapticSymbol {"timestamp":9176306.235612,"wallClock":1760208152785,"enabled":true,"symbol":"-","durationMs":144,"platform":"android","source":"console.replay","correlationId":"console-replay:mgmmhj2nq2n1awqb","timelineOffsetMs":14.26125800050795}
10-11 14:42:32.787 21612 21675 I ReactNativeJS: [outputs] outputs.flashPulse {"timestamp":9176308.16082,"wallClock":1760208152787,"enabled":true,"durationMs":144,"source":"console.replay","correlationId":"console-replay:mgmmhj2nq2n1awqb","timelineOffsetMs":14.26125800050795}
10-11 14:42:32.846 21612 21675 I ReactNativeJS: [outputs] outputs.flashPulse.commit {"timestamp":9176366.97957,"wallClock":1760208152845,"durationMs":144,"source":"console.replay","correlationId":"console-replay:mgmmhj2nq2n1awqb","latencyMs":62.13525999896228,"timelineOffsetMs":14.26125800050795}
10-11 14:42:32.913 21612 22281 D OutputsAudio: [outputs-audio] stop gain=1.000 release=6.00
10-11 14:42:32.962 21612 22281 D OutputsAudio: [outputs-audio] start hz=700.0 gain=1.000 attack=2.50 release=6.00
10-11 14:42:32.972 21612 21675 D OutputsAudio: [outputs-audio] symbol.info sequence=6 symbol=- timestamp=9176483.536 duration=144.000
10-11 14:42:32.973 21612 21675 I ReactNativeJS: [outputs] playMorse.symbol {"timestamp":9176493.866549,"wallClock":1760208152972,"symbol":"-","durationMs":144,"index":5,"source":"console.replay","correlationId":"console-replay:mgmmhj7wxmp9qoym","nativeTimestampMs":9176483.536,"nativeDurationMs":144,"nativeOffsetMs":10.236434999853373,"nativeSequence":6,"monotonicTimestampMs":9176483.536}
10-11 14:42:32.974 21612 21675 I ReactNativeJS: [outputs] outputs.hapticSymbol {"timestamp":9176494.762383,"wallClock":1760208152973,"enabled":true,"symbol":"-","durationMs":144,"platform":"android","source":"console.replay","correlationId":"console-replay:mgmmhj7wxmp9qoym","timelineOffsetMs":10.236434999853373}
10-11 14:42:32.978 21612 21675 I ReactNativeJS: [outputs] outputs.flashPulse {"timestamp":9176495.683476,"wallClock":1760208152974,"enabled":true,"durationMs":144,"source":"console.replay","correlationId":"console-replay:mgmmhj7wxmp9qoym","timelineOffsetMs":10.236434999853373}
10-11 14:42:33.037 21612 21675 I ReactNativeJS: [outputs] outputs.flashPulse.commit {"timestamp":9176558.168268,"wallClock":1760208153037,"durationMs":144,"source":"console.replay","correlationId":"console-replay:mgmmhj7wxmp9qoym","latencyMs":64.39083299972117,"timelineOffsetMs":10.236434999853373}
10-11 14:42:33.107 21612 22281 D OutputsAudio: [outputs-audio] stop gain=1.000 release=6.00
10-11 14:42:33.155 21612 22281 D OutputsAudio: [outputs-audio] start hz=700.0 gain=1.000 attack=2.50 release=6.00
10-11 14:42:33.165 21612 21675 D OutputsAudio: [outputs-audio] symbol.info sequence=7 symbol=. timestamp=9176677.346 duration=48.000
10-11 14:42:33.168 21612 21675 I ReactNativeJS: [outputs] playMorse.symbol {"timestamp":9176687.285299,"wallClock":1760208153166,"symbol":".","durationMs":48,"index":6,"source":"console.replay","correlationId":"console-replay:mgmmhjda3ck232f9","nativeTimestampMs":9176677.346,"nativeDurationMs":48,"nativeOffsetMs":9.808152999728918,"nativeSequence":7,"monotonicTimestampMs":9176677.346}
10-11 14:42:33.171 21612 21675 I ReactNativeJS: [outputs] outputs.hapticSymbol {"timestamp":9176690.182591,"wallClock":1760208153169,"enabled":true,"symbol":".","durationMs":48,"platform":"android","source":"console.replay","correlationId":"console-replay:mgmmhjda3ck232f9","timelineOffsetMs":9.808152999728918}
10-11 14:42:33.175 21612 21675 I ReactNativeJS: [outputs] outputs.flashPulse {"timestamp":9176695.948581,"wallClock":1760208153174,"enabled":true,"durationMs":48,"source":"console.replay","correlationId":"console-replay:mgmmhjda3ck232f9","timelineOffsetMs":9.808152999728918}
10-11 14:42:33.204 21612 22281 D OutputsAudio: [outputs-audio] stop gain=1.000 release=6.00
10-11 14:42:33.253 21612 22281 D OutputsAudio: [outputs-audio] start hz=700.0 gain=1.000 attack=2.50 release=6.00
10-11 14:42:33.254 21612 21675 I ReactNativeJS: [outputs] outputs.flashPulse.commit {"timestamp":9176775.546028,"wallClock":1760208153254,"durationMs":48,"source":"console.replay","correlationId":"console-replay:mgmmhjda3ck232f9","latencyMs":88.38703200034797,"timelineOffsetMs":9.808152999728918}
10-11 14:42:33.302 21612 22281 D OutputsAudio: [outputs-audio] stop gain=1.000 release=6.00
10-11 14:42:33.305 21612 21675 D OutputsAudio: [outputs-audio] symbol.info sequence=8 symbol=. timestamp=9176775.243 duration=48.000
10-11 14:42:33.306 21612 21675 I ReactNativeJS: [outputs] playMorse.symbol {"timestamp":9176826.777591,"wallClock":1760208153305,"symbol":".","durationMs":48,"index":7,"source":"console.replay","correlationId":"console-replay:mgmmhjh5hqcqzb2n","nativeTimestampMs":9176775.243,"nativeDurationMs":48,"nativeOffsetMs":51.48584099858999,"nativeSequence":8,"monotonicTimestampMs":9176775.243}
10-11 14:42:33.306 21612 21675 I ReactNativeJS: [outputs] outputs.hapticSymbol {"timestamp":9176827.286914,"wallClock":1760208153306,"enabled":true,"symbol":".","durationMs":48,"platform":"android","source":"console.replay","correlationId":"console-replay:mgmmhjh5hqcqzb2n","timelineOffsetMs":51.48584099858999}
10-11 14:42:33.307 21612 21675 I ReactNativeJS: [outputs] outputs.flashPulse {"timestamp":9176827.849987,"wallClock":1760208153306,"enabled":true,"durationMs":48,"source":"console.replay","correlationId":"console-replay:mgmmhjh5hqcqzb2n","timelineOffsetMs":51.48584099858999}
10-11 14:42:33.351 21612 22281 D OutputsAudio: [outputs-audio] start hz=700.0 gain=1.000 attack=2.50 release=6.00
10-11 14:42:33.357 21612 21675 I ReactNativeJS: [outputs] outputs.flashPulse.commit {"timestamp":9176878.156914,"wallClock":1760208153357,"durationMs":48,"source":"console.replay","correlationId":"console-replay:mgmmhjh5hqcqzb2n","latencyMs":51.42348900064826,"timelineOffsetMs":51.48584099858999}
10-11 14:42:33.400 21612 22281 D OutputsAudio: [outputs-audio] stop gain=1.000 release=6.00
10-11 14:42:33.407 21612 21675 D OutputsAudio: [outputs-audio] symbol.info sequence=9 symbol=. timestamp=9176872.660 duration=48.000
10-11 14:42:33.408 21612 21675 I ReactNativeJS: [outputs] playMorse.symbol {"timestamp":9176929.099258,"wallClock":1760208153407,"symbol":".","durationMs":48,"index":8,"source":"console.replay","correlationId":"console-replay:mgmmhjjzxrw9f0kl","nativeTimestampMs":9176872.66,"nativeDurationMs":48,"nativeOffsetMs":56.387643000110984,"nativeSequence":9,"monotonicTimestampMs":9176872.66}
10-11 14:42:33.408 21612 21675 I ReactNativeJS: [outputs] outputs.hapticSymbol {"timestamp":9176929.587487,"wallClock":1760208153408,"enabled":true,"symbol":".","durationMs":48,"platform":"android","source":"console.replay","correlationId":"console-replay:mgmmhjjzxrw9f0kl","timelineOffsetMs":56.387643000110984}
10-11 14:42:33.409 21612 21675 I ReactNativeJS: [outputs] outputs.flashPulse {"timestamp":9176930.13608,"wallClock":1760208153409,"enabled":true,"durationMs":48,"source":"console.replay","correlationId":"console-replay:mgmmhjjzxrw9f0kl","timelineOffsetMs":56.387643000110984}
10-11 14:42:33.448 21612 22281 D OutputsAudio: [outputs-audio] start hz=700.0 gain=1.000 attack=2.50 release=6.00
10-11 14:42:33.460 21612 21675 I ReactNativeJS: [outputs] outputs.flashPulse.commit {"timestamp":9176980.864362,"wallClock":1760208153459,"durationMs":48,"source":"console.replay","correlationId":"console-replay:mgmmhjjzxrw9f0kl","latencyMs":51.8133850004524,"timelineOffsetMs":56.387643000110984}
10-11 14:42:33.502 21612 21675 D OutputsAudio: [outputs-audio] symbol.info sequence=10 symbol=- timestamp=9176969.617 duration=144.000
10-11 14:42:33.503 21612 21675 I ReactNativeJS: [outputs] playMorse.symbol {"timestamp":9177023.810455,"wallClock":1760208153502,"symbol":"-","durationMs":144,"index":9,"source":"console.replay","correlationId":"console-replay:mgmmhjmm1s32l311","nativeTimestampMs":9176969.617,"nativeDurationMs":144,"nativeOffsetMs":54.143559999763966,"nativeSequence":10,"monotonicTimestampMs":9176969.617}
10-11 14:42:33.503 21612 21675 I ReactNativeJS: [outputs] outputs.hapticSymbol {"timestamp":9177024.330455,"wallClock":1760208153503,"enabled":true,"symbol":"-","durationMs":144,"platform":"android","source":"console.replay","correlationId":"console-replay:mgmmhjmm1s32l311","timelineOffsetMs":54.143559999763966}
10-11 14:42:33.504 21612 21675 I ReactNativeJS: [outputs] outputs.flashPulse {"timestamp":9177024.951758,"wallClock":1760208153503,"enabled":true,"durationMs":144,"source":"console.replay","correlationId":"console-replay:mgmmhjmm1s32l311","timelineOffsetMs":54.143559999763966}
