10-11 13:38:17.997 11634 11711 I ReactNativeJS: [outputs] playMorse.symbol {"timestamp":5321518.206041,"wallClock":1760204297997,"symbol":".","durationMs":30,"index":18,"source":"console.replay","correlationId":"console-replay:mgmk6wp9e9ludyq8","nativeTimestampMs":5321497.312,"nativeDurationMs":90,"nativeOffsetMs":20.846385000273585,"nativeSequence":23,"monotonicTimestampMs":5321497.312}
10-11 13:38:17.997 11634 11711 I ReactNativeJS: [outputs] outputs.hapticSymbol {"timestamp":5321518.687082,"wallClock":1760204297997,"enabled":true,"symbol":".","durationMs":30,"platform":"android","source":"console.replay","correlationId":"console-replay:mgmk6wp9e9ludyq8","timelineOffsetMs":20.846385000273585}
10-11 13:38:17.998 11634 11711 I ReactNativeJS: [outputs] outputs.flashPulse {"timestamp":5321519.371353,"wallClock":1760204297998,"enabled":true,"durationMs":30,"source":"console.replay","correlationId":"console-replay:mgmk6wp9e9ludyq8","timelineOffsetMs":20.846385000273585}
10-11 13:38:18.050 11634 11711 I ReactNativeJS: [outputs] outputs.flashPulse.commit {"timestamp":5321570.817239,"wallClock":1760204298049,"durationMs":30,"source":"console.replay","correlationId":"console-replay:mgmk6wp9e9ludyq8","latencyMs":52.65453100018203,"timelineOffsetMs":20.846385000273585}
10-11 13:38:18.066 11634 12212 D OutputsAudio: [outputs-audio] stop gain=1.000 release=6.00
10-11 13:38:18.096 11634 12212 D OutputsAudio: [outputs-audio] start hz=700.0 gain=1.000 attack=2.50 release=6.00
10-11 13:38:18.107 11634 11711 D OutputsAudio: [outputs-audio] symbol.info sequence=24 symbol=- timestamp=5321617.930 duration=90.000
10-11 13:38:18.108 11634 11711 I ReactNativeJS: [outputs] playMorse.symbol {"timestamp":5321629.09052,"wallClock":1760204298107,"symbol":".","durationMs":30,"index":19,"source":"console.replay","correlationId":"console-replay:mgmk6wsb1gbaw5bs","nativeTimestampMs":5321617.93,"nativeDurationMs":90,"nativeOffsetMs":11.06786399986595,"nativeSequence":24,"monotonicTimestampMs":5321617.93}
10-11 13:38:18.109 11634 11711 I ReactNativeJS: [outputs] outputs.hapticSymbol {"timestamp":5321629.947812,"wallClock":1760204298108,"enabled":true,"symbol":".","durationMs":30,"platform":"android","source":"console.replay","correlationId":"console-replay:mgmk6wsb1gbaw5bs","timelineOffsetMs":11.06786399986595}
10-11 13:38:18.110 11634 11711 I ReactNativeJS: [outputs] outputs.flashPulse {"timestamp":5321630.950884,"wallClock":1760204298109,"enabled":true,"durationMs":30,"source":"console.replay","correlationId":"console-replay:mgmk6wsb1gbaw5bs","timelineOffsetMs":11.06786399986595}
10-11 13:38:18.168 11634 11711 I ReactNativeJS: [outputs] outputs.flashPulse.commit {"timestamp":5321688.997343,"wallClock":1760204298167,"durationMs":30,"source":"console.replay","correlationId":"console-replay:mgmk6wsb1gbaw5bs","latencyMs":59.9948430005461,"timelineOffsetMs":11.06786399986595}
10-11 13:38:18.187 11634 12212 D OutputsAudio: [outputs-audio] stop gain=1.000 release=6.00
10-11 13:38:18.218 11634 12212 D OutputsAudio: [outputs-audio] start hz=700.0 gain=1.000 attack=2.50 release=6.00
10-11 13:38:18.222 11634 11711 D OutputsAudio: [outputs-audio] symbol.info sequence=25 symbol=. timestamp=5321739.277 duration=30.000
10-11 13:38:18.223 11634 11711 I ReactNativeJS: [outputs] playMorse.symbol {"timestamp":5321743.942239,"wallClock":1760204298222,"symbol":".","durationMs":30,"index":20,"source":"console.replay","correlationId":"console-replay:mgmk6wvi3xo9te0w","nativeTimestampMs":5321739.277,"nativeDurationMs":30,"nativeOffsetMs":4.614405000582337,"nativeSequence":25,"monotonicTimestampMs":5321739.277}
10-11 13:38:18.223 11634 11711 I ReactNativeJS: [outputs] outputs.hapticSymbol {"timestamp":5321744.451562,"wallClock":1760204298223,"enabled":true,"symbol":".","durationMs":30,"platform":"android","source":"console.replay","correlationId":"console-replay:mgmk6wvi3xo9te0w","timelineOffsetMs":4.614405000582337}
10-11 13:38:18.224 11634 11711 I ReactNativeJS: [outputs] outputs.flashPulse {"timestamp":5321745.149062,"wallClock":1760204298224,"enabled":true,"durationMs":30,"source":"console.replay","correlationId":"console-replay:mgmk6wvi3xo9te0w","timelineOffsetMs":4.614405000582337}
10-11 13:38:18.248 11634 12212 D OutputsAudio: [outputs-audio] stop gain=1.000 release=6.00
10-11 13:38:18.274 11634 11711 I ReactNativeJS: [outputs] outputs.flashPulse.commit {"timestamp":5321795.547343,"wallClock":1760204298274,"durationMs":30,"source":"console.replay","correlationId":"console-replay:mgmk6wvi3xo9te0w","latencyMs":51.65104199945927,"timelineOffsetMs":4.614405000582337}
10-11 13:38:18.279 11634 12212 D OutputsAudio: [outputs-audio] start hz=700.0 gain=1.000 attack=2.50 release=6.00
10-11 13:38:18.310 11634 12212 D OutputsAudio: [outputs-audio] stop gain=1.000 release=6.00
10-11 13:38:18.318 11634 11711 D OutputsAudio: [outputs-audio] symbol.info sequence=26 symbol=. timestamp=5321800.946 duration=30.000
10-11 13:38:18.319 11634 11711 I ReactNativeJS: [outputs] playMorse.symbol {"timestamp":5321839.719426,"wallClock":1760204298318,"symbol":"-","durationMs":90,"index":21,"source":"console.replay","correlationId":"console-replay:mgmk6wy6w2mq0tge","nativeTimestampMs":5321800.946,"nativeDurationMs":30,"nativeOffsetMs":38.72509299963713,"nativeSequence":26,"monotonicTimestampMs":5321800.946}
10-11 13:38:18.319 11634 11711 I ReactNativeJS: [outputs] outputs.hapticSymbol {"timestamp":5321840.26203,"wallClock":1760204298319,"enabled":true,"symbol":"-","durationMs":90,"platform":"android","source":"console.replay","correlationId":"console-replay:mgmk6wy6w2mq0tge","timelineOffsetMs":38.72509299963713}
10-11 13:38:18.320 11634 11711 I ReactNativeJS: [outputs] outputs.flashPulse {"timestamp":5321840.981874,"wallClock":1760204298319,"enabled":true,"durationMs":90,"source":"console.replay","correlationId":"console-replay:mgmk6wy6w2mq0tge","timelineOffsetMs":38.72509299963713}
10-11 13:38:18.341 11634 12212 D OutputsAudio: [outputs-audio] start hz=700.0 gain=1.000 attack=2.50 release=6.00
10-11 13:38:18.372 11634 12212 D OutputsAudio: [outputs-audio] stop gain=1.000 release=6.00
10-11 13:38:18.376 11634 11711 I ReactNativeJS: [outputs] outputs.flashPulse.commit {"timestamp":5321897.455051,"wallClock":1760204298376,"durationMs":90,"source":"console.replay","correlationId":"console-replay:mgmk6wy6w2mq0tge","latencyMs":57.77953100018203,"timelineOffsetMs":38.72509299963713}
10-11 13:38:18.402 11634 12212 D OutputsAudio: [outputs-audio] stop gain=0.000 release=6.00
10-11 13:38:18.402 11634 12212 D OutputsAudio: [outputs-audio] playMorse.end cancelled=0
10-11 13:38:18.425 11634 11711 D OutputsAudio: [outputs-audio] symbol.info sequence=27 symbol=. timestamp=5321862.633 duration=30.000
10-11 13:38:18.425 11634 11711 I ReactNativeJS: [outputs] playMorse.symbol {"timestamp":5321946.348957,"wallClock":1760204298425,"symbol":"-","durationMs":90,"index":22,"source":"console.replay","correlationId":"console-replay:mgmk6x159qb9vycw","nativeTimestampMs":5321862.633,"nativeDurationMs":30,"nativeOffsetMs":83.667519999668,"nativeSequence":27,"monotonicTimestampMs":5321862.633}
10-11 13:38:18.425 11634 11711 I ReactNativeJS: [outputs] playMorse.nativeOffset.spike {"timestamp":5321946.81578,"wallClock":1760204298425,"source":"console.replay","offsetMs":83.667519999668,"sequence":27,"unitMs":30,"correlationId":"console-replay:mgmk6x159qb9vycw"}
10-11 13:38:18.426 11634 11711 I ReactNativeJS: [outputs] outputs.hapticSymbol {"timestamp":5321947.101197,"wallClock":1760204298425,"enabled":true,"symbol":"-","durationMs":90,"platform":"android","source":"console.replay","correlationId":"console-replay:mgmk6x159qb9vycw","timelineOffsetMs":83.667519999668}
10-11 13:38:18.426 11634 11711 I ReactNativeJS: [outputs] outputs.flashPulse {"timestamp":5321947.731405,"wallClock":1760204298426,"enabled":true,"durationMs":90,"source":"console.replay","correlationId":"console-replay:mgmk6x159qb9vycw","timelineOffsetMs":83.667519999668}
10-11 13:38:18.488 11634 11711 I ReactNativeJS: [outputs] outputs.flashPulse.commit {"timestamp":5322008.998957,"wallClock":1760204298487,"durationMs":90,"source":"console.replay","correlationId":"console-replay:mgmk6x159qb9vycw","latencyMs":62.69447899982333,"timelineOffsetMs":83.667519999668}
10-11 13:38:18.586 11634 11711 I ReactNativeJS: [outputs] playMorse.symbol {"timestamp":5322105.849322,"wallClock":1760204298584,"symbol":"-","durationMs":90,"index":23,"source":"console.replay","correlationId":"console-replay:mgmk6x5kupipxy0w","nativeTimestampMs":null,"nativeDurationMs":null,"nativeOffsetMs":null,"nativeSequence":null,"monotonicTimestampMs":null}
10-11 13:38:18.587 11634 11711 I ReactNativeJS: [outputs] outputs.hapticSymbol {"timestamp":5322107.343593,"wallClock":1760204298586,"enabled":true,"symbol":"-","durationMs":90,"platform":"android","source":"console.replay","correlationId":"console-replay:mgmk6x5kupipxy0w","timelineOffsetMs":null}
10-11 13:38:18.589 11634 11711 I ReactNativeJS: [outputs] outputs.flashPulse {"timestamp":5322109.669738,"wallClock":1760204298588,"enabled":true,"durationMs":90,"source":"console.replay","correlationId":"console-replay:mgmk6x5kupipxy0w","timelineOffsetMs":null}
10-11 13:38:18.660 11634 11711 I ReactNativeJS: [outputs] outputs.flashPulse.commit {"timestamp":5322181.03552,"wallClock":1760204298659,"durationMs":90,"source":"console.replay","correlationId":"console-replay:mgmk6x5kupipxy0w","latencyMs":75.19458300061524,"timelineOffsetMs":null}
10-11 13:38:18.902 11634 11711 I ReactNativeJS: [outputs] playMorse.symbol {"timestamp":5322421.566613,"wallClock":1760204298900,"symbol":".","durationMs":30,"index":24,"source":"console.replay","correlationId":"console-replay:mgmk6xecm82u536o","nativeTimestampMs":null,"nativeDurationMs":null,"nativeOffsetMs":null,"nativeSequence":null,"monotonicTimestampMs":null}
10-11 13:38:18.903 11634 11711 I ReactNativeJS: [outputs] outputs.hapticSymbol {"timestamp":5322423.469165,"wallClock":1760204298902,"enabled":true,"symbol":".","durationMs":30,"platform":"android","source":"console.replay","correlationId":"console-replay:mgmk6xecm82u536o","timelineOffsetMs":null}
10-11 13:38:18.907 11634 11711 I ReactNativeJS: [outputs] outputs.flashPulse {"timestamp":5322427.218488,"wallClock":1760204298906,"enabled":true,"durationMs":30,"source":"console.replay","correlationId":"console-replay:mgmk6xecm82u536o","timelineOffsetMs":null}
10-11 13:38:18.968 11634 11711 I ReactNativeJS: [outputs] outputs.flashPulse.commit {"timestamp":5322489.192447,"wallClock":1760204298968,"durationMs":30,"source":"console.replay","correlationId":"console-replay:mgmk6xecm82u536o","latencyMs":67.63140600081533,"timelineOffsetMs":null}
10-11 13:38:19.209 11634 11711 I ReactNativeJS: [outputs] playMorse.symbol {"timestamp":5322729.428853,"wallClock":1760204299208,"symbol":".","durationMs":30,"index":25,"source":"console.replay","correlationId":"console-replay:mgmk6xmwuslmixhq","nativeTimestampMs":null,"nativeDurationMs":null,"nativeOffsetMs":null,"nativeSequence":null,"monotonicTimestampMs":null}
10-11 13:38:19.209 11634 11711 I ReactNativeJS: [outputs] outputs.hapticSymbol {"timestamp":5322730.418072,"wallClock":1760204299209,"enabled":true,"symbol":".","durationMs":30,"platform":"android","source":"console.replay","correlationId":"console-replay:mgmk6xmwuslmixhq","timelineOffsetMs":null}
10-11 13:38:19.211 11634 11711 I ReactNativeJS: [outputs] outputs.flashPulse {"timestamp":5322731.748384,"wallClock":1760204299210,"enabled":true,"durationMs":30,"source":"console.replay","correlationId":"console-replay:mgmk6xmwuslmixhq","timelineOffsetMs":null}
10-11 13:38:19.285 11634 11711 I ReactNativeJS: [outputs] outputs.flashPulse.commit {"timestamp":5322806.757655,"wallClock":1760204299285,"durationMs":30,"source":"console.replay","correlationId":"console-replay:mgmk6xmwuslmixhq","latencyMs":77.33447900041938,"timelineOffsetMs":null}
10-11 13:38:19.527 11634 11711 I ReactNativeJS: [outputs] playMorse.symbol {"timestamp":5323047.905936,"wallClock":1760204299526,"symbol":".","durationMs":30,"index":26,"source":"console.replay","correlationId":"console-replay:mgmk6xvqp4343bw4","nativeTimestampMs":null,"nativeDurationMs":null,"nativeOffsetMs":null,"nativeSequence":null,"monotonicTimestampMs":null}
10-11 13:38:19.529 11634 11711 I ReactNativeJS: [outputs] outputs.hapticSymbol {"timestamp":5323049.647967,"wallClock":1760204299528,"enabled":true,"symbol":".","durationMs":30,"platform":"android","source":"console.replay","correlationId":"console-replay:mgmk6xvqp4343bw4","timelineOffsetMs":null}
10-11 13:38:19.533 11634 11711 I ReactNativeJS: [outputs] outputs.flashPulse {"timestamp":5323053.256301,"wallClock":1760204299532,"enabled":true,"durationMs":30,"source":"console.replay","correlationId":"console-replay:mgmk6xvqp4343bw4","timelineOffsetMs":null}
10-11 13:38:19.596 11634 11711 I ReactNativeJS: [outputs] outputs.flashPulse.commit {"timestamp":5323117.428176,"wallClock":1760204299596,"durationMs":30,"source":"console.replay","correlationId":"console-replay:mgmk6xvqp4343bw4","latencyMs":69.52697900030762,"timelineOffsetMs":null}
10-11 13:38:19.646 11634 11711 I ReactNativeJS: [outputs] playMorse.complete {"timestamp":5323166.999946,"wallClock":1760204299645,"durationMs":3737.8664569994435,"source":"console.replay","audioEnabled":true,"audioVolumePercent":100}
10-11 13:38:55.189 11634 11711 I ReactNativeJS: [outputs] keyer.teardown {"timestamp":5358709.408943,"wallClock":1760204335188}
10-11 13:38:55.189 11634 11711 D OutputsAudio: [outputs-audio] stop gain=0.000 release=6.00
10-11 13:38:55.190 11634 11711 I ReactNativeJS: [outputs] keyer.teardown {"timestamp":5358710.706287,"wallClock":1760204335189}
10-11 13:38:55.190 11634 11711 D OutputsAudio: [outputs-audio] stop gain=0.000 release=6.00
10-11 13:39:01.970 11634 11711 I ReactNativeJS: [outputs] keyer.prepare {"timestamp":5365489.964722,"wallClock":1760204341968,"hz":700}
10-11 13:39:02.035 11634 11711 D OutputsAudio: [outputs-audio] stream.open sampleRate=48000.0 burst=96 api=2
10-11 13:39:02.085 11634 11711 D OutputsAudio: [outputs-audio] warmup hz=700.0
10-11 13:39:02.086 11634 11711 D OutputsAudio: [outputs-audio] stop gain=0.000 release=6.00
10-11 13:39:02.090 11634 11711 I ReactNativeJS: [outputs] keyer.forceCut {"timestamp":5365608.049826,"wallClock":1760204342086,"reason":"interaction.disabled","source":"session.send","correlationId":null,"holdMs":null,"metadata":null}
10-11 13:39:02.118 11634 11711 I ReactNativeJS: [outputs] keyer.prepare.complete {"timestamp":5365639.174253,"wallClock":1760204342118,"hz":700,"backend":"nitro","latencyMs":149.20791700016707}
10-11 13:39:02.785 11634 11711 D OutputsAudio: [outputs-audio] stop gain=0.000 release=6.00
10-11 13:39:02.826 11634 11711 D OutputsAudio: [outputs-audio] stop gain=0.000 release=6.00
10-11 13:39:02.826 11634 11711 I ReactNativeJS: [outputs] keyer.forceCut {"timestamp":5366347.212117,"wallClock":1760204342826,"reason":"session.start","source":"session.send","correlationId":null,"holdMs":null,"metadata":null}
10-11 13:39:02.827 11634 11711 I ReactNativeJS: [outputs] session.send.ignorePress.set {"timestamp":5366348.134617,"wallClock":1760204342827,"reason":"session.start","previous":false,"value":false,"changed":false,"activePressId":null,"activePressStartedAt":null,"activePressAgeMs":null}
10-11 13:39:03.744 11634 11711 I ReactNativeJS: [outputs] session.send.ignorePress.set {"timestamp":5367264.539252,"wallClock":1760204343743,"reason":"press.begin","previous":false,"value":false,"changed":false,"activePressId":"session-send:mgmk7vzzca6yop78","activePressStartedAt":5367264.517221,"activePressAgeMs":0.01583399996161461,"pressId":"session-send:mgmk7vzzca6yop78"}
10-11 13:39:03.744 11634 11711 I ReactNativeJS: [outputs] keyer.press.start {"timestamp":5367265.509513,"wallClock":1760204343744,"startedAt":5367264.517221,"source":"session.send","correlationId":"session-send:mgmk7w003k9b46d6","options":{"audio":true,"haptics":true,"light":true,"torch":true,"toneHz":700},"monotonicTimestampMs":5367264.517221}
10-11 13:39:03.746 11634 11711 I ReactNativeJS: [outputs] keyer.flash.start {"timestamp":5367266.807794,"wallClock":1760204343745,"latencyMs":2.282344000414014,"intensity":0.75,"monotonicTimestampMs":5367264.517221}
10-11 13:39:03.747 11634 11711 I ReactNativeJS: [outputs] keyer.haptics.start {"timestamp":5367267.819617,"wallClock":1760204343746,"platform":"android","latencyMs":3.295469000004232,"monotonicTimestampMs":5367264.517221}
10-11 13:39:03.750 11634 11711 D OutputsAudio: [outputs-audio] start hz=700.0 gain=0.250 attack=2.50 release=6.00
10-11 13:39:03.752 11634 11711 I ReactNativeJS: [outputs] keyer.tone.start {"timestamp":5367272.848523,"wallClock":1760204343751,"hz":700,"volume":0.25,"latencyMs":8.320364999584854,"backend":"nitro","monotonicTimestampMs":5367264.517221}
10-11 13:39:03.765 11634 11711 I ReactNativeJS: [outputs] keyer.torch.start {"timestamp":5367285.795138,"wallClock":1760204343764,"latencyMs":21.264844000339508,"source":"session.send","correlationId":"session-send:mgmk7w003k9b46d6","timelineOffsetMs":null,"monotonicTimestampMs":5367264.517221}
10-11 13:39:03.783 11634 11711 I ReactNativeJS: [outputs] keyer.press.stop {"timestamp":5367304.328836,"wallClock":1760204343783,"endedAt":5367304.06795,"holdMs":39.550729000009596,"source":"session.send","correlationId":"session-send:mgmk7w003k9b46d6","monotonicTimestampMs":5367304.06795}
10-11 13:39:03.784 11634 11711 I ReactNativeJS: [outputs] keyer.flash.stop {"timestamp":5367305.09743,"wallClock":1760204343783,"latencyMs":1.02505199983716,"monotonicTimestampMs":5367304.06795}
10-11 13:39:03.784 11634 11711 I ReactNativeJS: [outputs] keyer.haptics.stop {"timestamp":5367305.385815,"wallClock":1760204343784,"platform":"android","latencyMs":1.3149480000138283,"monotonicTimestampMs":5367304.06795}
10-11 13:39:03.785 11634 11711 D OutputsAudio: [outputs-audio] stop gain=0.250 release=6.00
10-11 13:39:03.785 11634 11711 I ReactNativeJS: [outputs] keyer.tone.stop {"timestamp":5367306.569252,"wallClock":1760204343785,"latencyMs":2.4961459999904037,"backend":"nitro","monotonicTimestampMs":5367304.06795}
10-11 13:39:03.805 11634 11711 I ReactNativeJS: [outputs] keyer.torch.reset {"timestamp":5367326.576857,"wallClock":1760204343805,"reason":"postReleaseSafety"}
10-11 13:39:03.806 11634 11711 I ReactNativeJS: [outputs] keyer.torch.stop {"timestamp":5367327.076336,"wallClock":1760204343805,"latencyMs":22.99500000011176,"fallback":"none","releaseFailed":false,"releaseMessage":null,"forceOffFailed":false,"forceOffMessage":null,"source":"session.send","correlationId":"session-send:mgmk7w003k9b46d6","timelineOffsetMs":null,"monotonicTimestampMs":5367304.06795}
10-11 13:39:03.998 11634 11711 D OutputsAudio: [outputs-audio] stop gain=0.000 release=6.00
10-11 13:39:03.999 11634 11711 I ReactNativeJS: [outputs] keyer.forceCut {"timestamp":5367519.298627,"wallClock":1760204343998,"reason":"verdict.finalize","source":"session.send","correlationId":null,"holdMs":null,"metadata":{"reason":"input.matched","isCorrect":true}}
10-11 13:39:04.000 11634 11711 I ReactNativeJS: [outputs] keyer.press.stop {"timestamp":5367520.906127,"wallClock":1760204343999,"endedAt":5367520.886284,"source":"session.send","correlationId":null,"monotonicTimestampMs":5367520.886284}
10-11 13:39:04.000 11634 11711 D OutputsAudio: [outputs-audio] stop gain=0.000 release=6.00
10-11 13:39:04.001 11634 11711 I ReactNativeJS: [outputs] session.send.ignorePress.set {"timestamp":5367521.664409,"wallClock":1760204344000,"reason":"input.matched","previous":false,"value":false,"changed":false,"activePressId":null,"activePressStartedAt":null,"activePressAgeMs":null,"isCorrect":true}
10-11 13:39:04.001 11634 11711 D OutputsAudio: [outputs-audio] stop gain=0.000 release=6.00
10-11 13:39:04.002 11634 11711 I ReactNativeJS: [outputs] keyer.forceCut {"timestamp":5367522.835086,"wallClock":1760204344001,"reason":"finishQuestion","source":"session.send","correlationId":null,"holdMs":null,"metadata":{"isCorrect":true,"reason":"input.matched"}}
10-11 13:39:04.032 11634 11711 D OutputsAudio: [outputs-audio] stop gain=0.000 release=6.00
10-11 13:39:04.033 11634 11711 I ReactNativeJS: [outputs] keyer.forceCut {"timestamp":5367553.794825,"wallClock":1760204344032,"reason":"interaction.disabled","source":"session.send","correlationId":null,"holdMs":null,"metadata":null}
10-11 13:39:05.727 11634 11711 I ReactNativeJS: [outputs] session.send.ignorePress.set {"timestamp":5369248.146075,"wallClock":1760204345727,"reason":"press.begin","previous":false,"value":false,"changed":false,"activePressId":"session-send:mgmk7xj2n7i4xvw2","activePressStartedAt":5369248.12821,"activePressAgeMs":0.01119800005108118,"pressId":"session-send:mgmk7xj2n7i4xvw2"}
10-11 13:39:05.728 11634 11711 I ReactNativeJS: [outputs] keyer.press.start {"timestamp":5369249.08571,"wallClock":1760204345727,"startedAt":5369248.12821,"source":"session.send","correlationId":"session-send:mgmk7xj38ph4t7pb","options":{"audio":true,"haptics":true,"light":true,"torch":true,"toneHz":700},"monotonicTimestampMs":5369248.12821}
10-11 13:39:05.729 11634 11711 I ReactNativeJS: [outputs] keyer.flash.start {"timestamp":5369249.968054,"wallClock":1760204345728,"latencyMs":1.8355729999020696,"intensity":0.75,"monotonicTimestampMs":5369248.12821}
10-11 13:39:05.730 11634 11711 I ReactNativeJS: [outputs] keyer.haptics.start {"timestamp":5369250.924877,"wallClock":1760204345729,"platform":"android","latencyMs":2.793281000107527,"monotonicTimestampMs":5369248.12821}
10-11 13:39:05.731 11634 11711 D OutputsAudio: [outputs-audio] start hz=700.0 gain=0.250 attack=2.50 release=6.00
10-11 13:39:05.731 11634 11711 I ReactNativeJS: [outputs] keyer.tone.start {"timestamp":5369252.485085,"wallClock":1760204345731,"hz":700,"volume":0.25,"latencyMs":4.352603999897838,"backend":"nitro","monotonicTimestampMs":5369248.12821}
10-11 13:39:05.748 11634 11711 I ReactNativeJS: [outputs] keyer.torch.start {"timestamp":5369269.102637,"wallClock":1760204345747,"latencyMs":20.96750000026077,"source":"session.send","correlationId":"session-send:mgmk7xj38ph4t7pb","timelineOffsetMs":null,"monotonicTimestampMs":5369248.12821}
10-11 13:39:05.789 11634 11711 I ReactNativeJS: [outputs] keyer.press.stop {"timestamp":5369310.43472,"wallClock":1760204345789,"endedAt":5369310.370918,"holdMs":62.24270800035447,"source":"session.send","correlationId":"session-send:mgmk7xj38ph4t7pb","monotonicTimestampMs":5369310.370918}
10-11 13:39:05.790 11634 11711 I ReactNativeJS: [outputs] keyer.flash.stop {"timestamp":5369311.400606,"wallClock":1760204345790,"latencyMs":1.0260939998552203,"monotonicTimestampMs":5369310.370918}
10-11 13:39:05.790 11634 11711 I ReactNativeJS: [outputs] keyer.haptics.stop {"timestamp":5369311.68722,"wallClock":1760204345790,"platform":"android","latencyMs":1.3134380001574755,"monotonicTimestampMs":5369310.370918}
10-11 13:39:05.791 11634 11711 D OutputsAudio: [outputs-audio] stop gain=0.250 release=6.00
10-11 13:39:05.791 11634 11711 I ReactNativeJS: [outputs] keyer.tone.stop {"timestamp":5369312.606075,"wallClock":1760204345791,"latencyMs":2.2331769997254014,"backend":"nitro","monotonicTimestampMs":5369310.370918}
10-11 13:39:05.820 11634 11711 I ReactNativeJS: [outputs] keyer.torch.reset {"timestamp":5369340.764564,"wallClock":1760204345819,"reason":"postReleaseSafety"}
10-11 13:39:05.820 11634 11711 I ReactNativeJS: [outputs] keyer.torch.stop {"timestamp":5369341.165085,"wallClock":1760204345820,"latencyMs":30.790000000037253,"fallback":"none","releaseFailed":false,"releaseMessage":null,"forceOffFailed":false,"forceOffMessage":null,"source":"session.send","correlationId":"session-send:mgmk7xj38ph4t7pb","timelineOffsetMs":null,"monotonicTimestampMs":5369310.370918}
10-11 13:39:05.869 11634 11711 I ReactNativeJS: [outputs] session.send.ignorePress.set {"timestamp":5369389.912429,"wallClock":1760204345869,"reason":"press.begin","previous":false,"value":false,"changed":false,"activePressId":"session-send:mgmk7xn0b97vfuob","activePressStartedAt":5369389.186022,"activePressAgeMs":0.7197920000180602,"pressId":"session-send:mgmk7xn0b97vfuob"}
10-11 13:39:05.870 11634 11711 I ReactNativeJS: [outputs] keyer.press.start {"timestamp":5369391.098106,"wallClock":1760204345869,"startedAt":5369389.186022,"source":"session.send","correlationId":"session-send:mgmk7xn1m1md3wz3","options":{"audio":true,"haptics":true,"light":true,"torch":true,"toneHz":700},"monotonicTimestampMs":5369389.186022}
10-11 13:39:05.873 11634 11711 I ReactNativeJS: [outputs] keyer.flash.start {"timestamp":5369393.680397,"wallClock":1760204345872,"latencyMs":4.488020999357104,"intensity":0.75,"monotonicTimestampMs":5369389.186022}
10-11 13:39:05.874 11634 11711 I ReactNativeJS: [outputs] keyer.haptics.start {"timestamp":5369394.913314,"wallClock":1760204345873,"platform":"android","latencyMs":5.723282000049949,"monotonicTimestampMs":5369389.186022}
10-11 13:39:05.875 11634 11711 D OutputsAudio: [outputs-audio] start hz=700.0 gain=0.250 attack=2.50 release=6.00
10-11 13:39:05.876 11634 11711 I ReactNativeJS: [outputs] keyer.tone.start {"timestamp":5369396.802689,"wallClock":1760204345875,"hz":700,"volume":0.25,"latencyMs":7.611823000013828,"backend":"nitro","monotonicTimestampMs":5369389.186022}
10-11 13:39:05.893 11634 11711 I ReactNativeJS: [outputs] keyer.torch.start {"timestamp":5369414.132689,"wallClock":1760204345893,"latencyMs":24.94067799951881,"source":"session.send","correlationId":"session-send:mgmk7xn1m1md3wz3","timelineOffsetMs":null,"monotonicTimestampMs":5369389.186022}
10-11 13:39:05.947 11634 11711 I ReactNativeJS: [outputs] keyer.press.stop {"timestamp":5369467.80472,"wallClock":1760204345946,"endedAt":5369467.753887,"holdMs":78.56786499917507,"source":"session.send","correlationId":"session-send:mgmk7xn1m1md3wz3","monotonicTimestampMs":5369467.753887}
10-11 13:39:05.948 11634 11711 I ReactNativeJS: [outputs] keyer.flash.stop {"timestamp":5369468.793054,"wallClock":1760204345947,"latencyMs":1.0357290003448725,"monotonicTimestampMs":5369467.753887}
10-11 13:39:05.948 11634 11711 I ReactNativeJS: [outputs] keyer.haptics.stop {"timestamp":5369469.325554,"wallClock":1760204345948,"platform":"android","latencyMs":1.5691150007769465,"monotonicTimestampMs":5369467.753887}
10-11 13:39:05.949 11634 11711 D OutputsAudio: [outputs-audio] stop gain=0.250 release=6.00
10-11 13:39:05.950 11634 11711 I ReactNativeJS: [outputs] keyer.tone.stop {"timestamp":5369470.996752,"wallClock":1760204345949,"latencyMs":3.240156000480056,"backend":"nitro","monotonicTimestampMs":5369467.753887}
10-11 13:39:05.978 11634 11711 I ReactNativeJS: [outputs] keyer.torch.reset {"timestamp":5369499.415137,"wallClock":1760204345978,"reason":"postReleaseSafety"}
10-11 13:39:05.979 11634 11711 I ReactNativeJS: [outputs] keyer.torch.stop {"timestamp":5369499.947793,"wallClock":1760204345978,"latencyMs":32.18781300075352,"fallback":"none","releaseFailed":false,"releaseMessage":null,"forceOffFailed":false,"forceOffMessage":null,"source":"session.send","correlationId":"session-send:mgmk7xn1m1md3wz3","timelineOffsetMs":null,"monotonicTimestampMs":5369467.753887}
10-11 13:39:06.012 11634 11711 I ReactNativeJS: [outputs] session.send.ignorePress.set {"timestamp":5369532.81222,"wallClock":1760204346012,"reason":"press.begin","previous":false,"value":false,"changed":false,"activePressId":"session-send:mgmk7xqzx54avt1p","activePressStartedAt":5369532.687272,"activePressAgeMs":0.11505299992859364,"pressId":"session-send:mgmk7xqzx54avt1p"}
10-11 13:39:06.013 11634 11711 I ReactNativeJS: [outputs] keyer.press.start {"timestamp":5369534.218627,"wallClock":1760204346013,"startedAt":5369532.687272,"source":"session.send","correlationId":"session-send:mgmk7xr1xqrzz0lg","options":{"audio":true,"haptics":true,"light":true,"torch":true,"toneHz":700},"monotonicTimestampMs":5369532.687272}
10-11 13:39:06.015 11634 11711 I ReactNativeJS: [outputs] keyer.flash.start {"timestamp":5369536.295554,"wallClock":1760204346015,"latencyMs":3.6013549994677305,"intensity":0.75,"monotonicTimestampMs":5369532.687272}
10-11 13:39:06.016 11634 11711 I ReactNativeJS: [outputs] keyer.haptics.start {"timestamp":5369537.377897,"wallClock":1760204346016,"platform":"android","latencyMs":4.686614999547601,"monotonicTimestampMs":5369532.687272}
10-11 13:39:06.017 11634 11711 D OutputsAudio: [outputs-audio] start hz=700.0 gain=0.250 attack=2.50 release=6.00
10-11 13:39:06.022 11634 11711 I ReactNativeJS: [outputs] keyer.tone.start {"timestamp":5369538.910293,"wallClock":1760204346017,"hz":700,"volume":0.25,"latencyMs":6.218646000139415,"backend":"nitro","monotonicTimestampMs":5369532.687272}
10-11 13:39:06.039 11634 11711 I ReactNativeJS: [outputs] keyer.torch.start {"timestamp":5369560.412325,"wallClock":1760204346039,"latencyMs":27.72031299956143,"source":"session.send","correlationId":"session-send:mgmk7xr1xqrzz0lg","timelineOffsetMs":null,"monotonicTimestampMs":5369532.687272}
10-11 13:39:06.101 11634 11711 I ReactNativeJS: [outputs] keyer.press.stop {"timestamp":5369622.230762,"wallClock":1760204346101,"endedAt":5369622.183158,"holdMs":89.49588599987328,"source":"session.send","correlationId":"session-send:mgmk7xr1xqrzz0lg","monotonicTimestampMs":5369622.183158}
10-11 13:39:06.102 11634 11711 I ReactNativeJS: [outputs] keyer.flash.stop {"timestamp":5369623.181699,"wallClock":1760204346102,"latencyMs":0.9951560003682971,"monotonicTimestampMs":5369622.183158}
10-11 13:39:06.102 11634 11711 I ReactNativeJS: [outputs] keyer.haptics.stop {"timestamp":5369623.657012,"wallClock":1760204346102,"platform":"android","latencyMs":1.471301999874413,"monotonicTimestampMs":5369622.183158}
10-11 13:39:06.103 11634 11711 D OutputsAudio: [outputs-audio] stop gain=0.250 release=6.00
10-11 13:39:06.103 11634 11711 I ReactNativeJS: [outputs] keyer.tone.stop {"timestamp":5369624.602793,"wallClock":1760204346103,"latencyMs":2.4169789999723434,"backend":"nitro","monotonicTimestampMs":5369622.183158}
10-11 13:39:06.134 11634 11711 I ReactNativeJS: [outputs] keyer.torch.reset {"timestamp":5369654.868783,"wallClock":1760204346133,"reason":"postReleaseSafety"}
10-11 13:39:06.134 11634 11711 I ReactNativeJS: [outputs] keyer.torch.stop {"timestamp":5369655.362949,"wallClock":1760204346134,"latencyMs":33.17416600044817,"fallback":"none","releaseFailed":false,"releaseMessage":null,"forceOffFailed":false,"forceOffMessage":null,"source":"session.send","correlationId":"session-send:mgmk7xr1xqrzz0lg","timelineOffsetMs":null,"monotonicTimestampMs":5369622.183158}
10-11 13:39:06.162 11634 11711 I ReactNativeJS: [outputs] session.send.ignorePress.set {"timestamp":5369683.162324,"wallClock":1760204346162,"reason":"press.begin","previous":false,"value":false,"changed":false,"activePressId":"session-send:mgmk7xv5owt3deru","activePressStartedAt":5369683.128054,"activePressAgeMs":0.028228999115526676,"pressId":"session-send:mgmk7xv5owt3deru"}
10-11 13:39:06.163 11634 11711 I ReactNativeJS: [outputs] keyer.press.start {"timestamp":5369684.158731,"wallClock":1760204346163,"startedAt":5369683.128054,"source":"session.send","correlationId":"session-send:mgmk7xv7pz0t35ol","options":{"audio":true,"haptics":true,"light":true,"torch":true,"toneHz":700},"monotonicTimestampMs":5369683.128054}
10-11 13:39:06.164 11634 11711 I ReactNativeJS: [outputs] keyer.flash.start {"timestamp":5369685.234304,"wallClock":1760204346164,"latencyMs":2.1024479996412992,"intensity":0.75,"monotonicTimestampMs":5369683.128054}
10-11 13:39:06.165 11634 11711 I ReactNativeJS: [outputs] keyer.haptics.start {"timestamp":5369686.153939,"wallClock":1760204346165,"platform":"android","latencyMs":3.022551999427378,"monotonicTimestampMs":5369683.128054}
10-11 13:39:06.166 11634 11711 D OutputsAudio: [outputs-audio] start hz=700.0 gain=0.250 attack=2.50 release=6.00
10-11 13:39:06.166 11634 11711 I ReactNativeJS: [outputs] keyer.tone.start {"timestamp":5369687.358314,"wallClock":1760204346166,"hz":700,"volume":0.25,"latencyMs":4.226458000019193,"backend":"nitro","monotonicTimestampMs":5369683.128054}
10-11 13:39:06.182 11634 11711 I ReactNativeJS: [outputs] keyer.torch.start {"timestamp":5369703.237064,"wallClock":1760204346182,"latencyMs":20.10609299968928,"source":"session.send","correlationId":"session-send:mgmk7xv7pz0t35ol","timelineOffsetMs":null,"monotonicTimestampMs":5369683.128054}
10-11 13:39:06.243 11634 11711 I ReactNativeJS: [outputs] keyer.press.stop {"timestamp":5369764.501491,"wallClock":1760204346243,"endedAt":5369764.445345,"holdMs":81.31729099992663,"source":"session.send","correlationId":"session-send:mgmk7xv7pz0t35ol","monotonicTimestampMs":5369764.445345}
10-11 13:39:06.244 11634 11711 I ReactNativeJS: [outputs] keyer.flash.stop {"timestamp":5369765.500137,"wallClock":1760204346244,"latencyMs":1.0511459996923804,"monotonicTimestampMs":5369764.445345}
10-11 13:39:06.245 11634 11711 I ReactNativeJS: [outputs] keyer.haptics.stop {"timestamp":5369765.951804,"wallClock":1760204346244,"platform":"android","latencyMs":1.5035939998924732,"monotonicTimestampMs":5369764.445345}
10-11 13:39:06.245 11634 11711 D OutputsAudio: [outputs-audio] stop gain=0.250 release=6.00
10-11 13:39:06.246 11634 11711 I ReactNativeJS: [outputs] keyer.tone.stop {"timestamp":5369766.932897,"wallClock":1760204346245,"latencyMs":2.4848440000787377,"backend":"nitro","monotonicTimestampMs":5369764.445345}
10-11 13:39:06.267 11634 11711 I ReactNativeJS: [outputs] keyer.torch.reset {"timestamp":5369788.587845,"wallClock":1760204346267,"reason":"postReleaseSafety"}
10-11 13:39:06.268 11634 11711 I ReactNativeJS: [outputs] keyer.torch.stop {"timestamp":5369789.056335,"wallClock":1760204346267,"latencyMs":24.60599000006914,"fallback":"none","releaseFailed":false,"releaseMessage":null,"forceOffFailed":false,"forceOffMessage":null,"source":"session.send","correlationId":"session-send:mgmk7xv7pz0t35ol","timelineOffsetMs":null,"monotonicTimestampMs":5369764.445345}
10-11 13:39:06.465 11634 11711 D OutputsAudio: [outputs-audio] stop gain=0.000 release=6.00
10-11 13:39:06.466 11634 11711 I ReactNativeJS: [outputs] keyer.forceCut {"timestamp":5369986.48972,"wallClock":1760204346465,"reason":"verdict.finalize","source":"session.send","correlationId":null,"holdMs":null,"metadata":{"reason":"input.matched","isCorrect":true}}
10-11 13:39:06.467 11634 11711 I ReactNativeJS: [outputs] keyer.press.stop {"timestamp":5369987.618001,"wallClock":1760204346466,"endedAt":5369987.598262,"source":"session.send","correlationId":null,"monotonicTimestampMs":5369987.598262}
10-11 13:39:06.467 11634 11711 D OutputsAudio: [outputs-audio] stop gain=0.000 release=6.00
10-11 13:39:06.467 11634 11711 I ReactNativeJS: [outputs] session.send.ignorePress.set {"timestamp":5369988.394512,"wallClock":1760204346467,"reason":"input.matched","previous":false,"value":false,"changed":false,"activePressId":null,"activePressStartedAt":null,"activePressAgeMs":null,"isCorrect":true}
10-11 13:39:06.467 11634 11711 D OutputsAudio: [outputs-audio] stop gain=0.000 release=6.00
10-11 13:39:06.468 11634 11711 I ReactNativeJS: [outputs] keyer.forceCut {"timestamp":5369989.117741,"wallClock":1760204346467,"reason":"finishQuestion","source":"session.send","correlationId":null,"holdMs":null,"metadata":{"isCorrect":true,"reason":"input.matched"}}
10-11 13:39:06.501 11634 11711 D OutputsAudio: [outputs-audio] stop gain=0.000 release=6.00
10-11 13:39:06.502 11634 11711 I ReactNativeJS: [outputs] keyer.forceCut {"timestamp":5370022.712116,"wallClock":1760204346501,"reason":"interaction.disabled","source":"session.send","correlationId":null,"holdMs":null,"metadata":null}
10-11 13:39:08.671 11634 11711 I ReactNativeJS: [outputs] session.send.ignorePress.set {"timestamp":5372191.688782,"wallClock":1760204348671,"reason":"press.begin","previous":false,"value":false,"changed":false,"activePressId":"session-send:mgmk7zsuwldh7tqi","activePressStartedAt":5372191.663834,"activePressAgeMs":0.014948000200092793,"pressId":"session-send:mgmk7zsuwldh7tqi"}
10-11 13:39:08.672 11634 11711 I ReactNativeJS: [outputs] keyer.press.start {"timestamp":5372193.12774,"wallClock":1760204348671,"startedAt":5372191.663834,"source":"session.send","correlationId":"session-send:mgmk7zsv87tqjfmx","options":{"audio":true,"haptics":true,"light":true,"torch":true,"toneHz":700},"monotonicTimestampMs":5372191.663834}
10-11 13:39:08.673 11634 11711 I ReactNativeJS: [outputs] keyer.flash.start {"timestamp":5372194.306594,"wallClock":1760204348673,"latencyMs":2.637707999907434,"intensity":0.75,"monotonicTimestampMs":5372191.663834}
10-11 13:39:08.675 11634 11711 I ReactNativeJS: [outputs] keyer.haptics.start {"timestamp":5372195.68998,"wallClock":1760204348674,"platform":"android","latencyMs":4.021770999766886,"monotonicTimestampMs":5372191.663834}
10-11 13:39:08.676 11634 11711 D OutputsAudio: [outputs-audio] start hz=700.0 gain=0.250 attack=2.50 release=6.00
10-11 13:39:08.677 11634 11711 I ReactNativeJS: [outputs] keyer.tone.start {"timestamp":5372197.639824,"wallClock":1760204348676,"hz":700,"volume":0.25,"latencyMs":5.9715099995955825,"backend":"nitro","monotonicTimestampMs":5372191.663834}
10-11 13:39:08.694 11634 11711 I ReactNativeJS: [outputs] keyer.torch.start {"timestamp":5372215.182167,"wallClock":1760204348694,"latencyMs":23.511509999632835,"source":"session.send","correlationId":"session-send:mgmk7zsv87tqjfmx","timelineOffsetMs":null,"monotonicTimestampMs":5372191.663834}
10-11 13:39:08.935 11634 11711 I ReactNativeJS: [outputs] keyer.press.stop {"timestamp":5372454.20649,"wallClock":1760204348933,"endedAt":5372454.073,"holdMs":262.4091659998521,"source":"session.send","correlationId":"session-send:mgmk7zsv87tqjfmx","monotonicTimestampMs":5372454.073}
10-11 13:39:08.938 11634 11711 I ReactNativeJS: [outputs] keyer.flash.stop {"timestamp":5372458.194511,"wallClock":1760204348937,"latencyMs":4.111980000510812,"monotonicTimestampMs":5372454.073}
10-11 13:39:08.940 11634 11711 I ReactNativeJS: [outputs] keyer.haptics.stop {"timestamp":5372459.788,"wallClock":1760204348938,"platform":"android","latencyMs":5.708437999710441,"monotonicTimestampMs":5372454.073}
10-11 13:39:08.942 11634 11711 D OutputsAudio: [outputs-audio] stop gain=0.250 release=6.00
10-11 13:39:08.946 11634 11711 I ReactNativeJS: [outputs] keyer.tone.stop {"timestamp":5372464.777948,"wallClock":1760204348943,"latencyMs":10.693281999789178,"backend":"nitro","monotonicTimestampMs":5372454.073}
10-11 13:39:08.979 11634 11711 I ReactNativeJS: [outputs] keyer.torch.reset {"timestamp":5372499.973678,"wallClock":1760204348978,"reason":"postReleaseSafety"}
10-11 13:39:08.980 11634 11711 I ReactNativeJS: [outputs] keyer.torch.stop {"timestamp":5372500.767428,"wallClock":1760204348979,"latencyMs":46.68250000011176,"fallback":"none","releaseFailed":false,"releaseMessage":null,"forceOffFailed":false,"forceOffMessage":null,"source":"session.send","correlationId":"session-send:mgmk7zsv87tqjfmx","timelineOffsetMs":null,"monotonicTimestampMs":5372454.073}
10-11 13:39:09.019 11634 11711 I ReactNativeJS: [outputs] session.send.ignorePress.set {"timestamp":5372539.631855,"wallClock":1760204349018,"reason":"press.begin","previous":false,"value":false,"changed":false,"activePressId":"session-send:mgmk802i0yh053i2","activePressStartedAt":5372539.602219,"activePressAgeMs":0.02437499910593033,"pressId":"session-send:mgmk802i0yh053i2"}
10-11 13:39:09.019 11634 11711 I ReactNativeJS: [outputs] keyer.press.start {"timestamp":5372540.604042,"wallClock":1760204349019,"startedAt":5372539.602219,"source":"session.send","correlationId":"session-send:mgmk802jb4v3d7sg","options":{"audio":true,"haptics":true,"light":true,"torch":true,"toneHz":700},"monotonicTimestampMs":5372539.602219}
10-11 13:39:09.020 11634 11711 I ReactNativeJS: [outputs] keyer.flash.start {"timestamp":5372541.722688,"wallClock":1760204349020,"latencyMs":2.116249999962747,"intensity":0.75,"monotonicTimestampMs":5372539.602219}
10-11 13:39:09.021 11634 11711 I ReactNativeJS: [outputs] keyer.haptics.start {"timestamp":5372542.743834,"wallClock":1760204349021,"platform":"android","latencyMs":3.138489999808371,"monotonicTimestampMs":5372539.602219}
10-11 13:39:09.022 11634 11711 D OutputsAudio: [outputs-audio] start hz=700.0 gain=0.250 attack=2.50 release=6.00
10-11 13:39:09.023 11634 11711 I ReactNativeJS: [outputs] keyer.tone.start {"timestamp":5372544.206334,"wallClock":1760204349023,"hz":700,"volume":0.25,"latencyMs":4.600937999784946,"backend":"nitro","monotonicTimestampMs":5372539.602219}
10-11 13:39:09.035 11634 11711 I ReactNativeJS: [outputs] keyer.torch.start {"timestamp":5372556.447584,"wallClock":1760204349035,"latencyMs":16.83953099977225,"source":"session.send","correlationId":"session-send:mgmk802jb4v3d7sg","timelineOffsetMs":null,"monotonicTimestampMs":5372539.602219}
10-11 13:39:09.082 11634 11711 I ReactNativeJS: [outputs] keyer.press.stop {"timestamp":5372602.877688,"wallClock":1760204349081,"endedAt":5372602.826959,"holdMs":63.22473999951035,"source":"session.send","correlationId":"session-send:mgmk802jb4v3d7sg","monotonicTimestampMs":5372602.826959}
10-11 13:39:09.083 11634 11711 I ReactNativeJS: [outputs] keyer.flash.stop {"timestamp":5372603.846021,"wallClock":1760204349082,"latencyMs":1.0158850001171231,"monotonicTimestampMs":5372602.826959}
10-11 13:39:09.083 11634 11711 I ReactNativeJS: [outputs] keyer.haptics.stop {"timestamp":5372604.31024,"wallClock":1760204349083,"platform":"android","latencyMs":1.4806249998509884,"monotonicTimestampMs":5372602.826959}
10-11 13:39:09.083 11634 11711 D OutputsAudio: [outputs-audio] stop gain=0.250 release=6.00
10-11 13:39:09.084 11634 11711 I ReactNativeJS: [outputs] keyer.tone.stop {"timestamp":5372605.24675,"wallClock":1760204349084,"latencyMs":2.4168750001117587,"backend":"nitro","monotonicTimestampMs":5372602.826959}
10-11 13:39:09.111 11634 11711 I ReactNativeJS: [outputs] keyer.torch.reset {"timestamp":5372631.936386,"wallClock":1760204349110,"reason":"postReleaseSafety"}
10-11 13:39:09.111 11634 11711 I ReactNativeJS: [outputs] keyer.torch.stop {"timestamp":5372632.642636,"wallClock":1760204349111,"latencyMs":29.809739000163972,"fallback":"none","releaseFailed":false,"releaseMessage":null,"forceOffFailed":false,"forceOffMessage":null,"source":"session.send","correlationId":"session-send:mgmk802jb4v3d7sg","timelineOffsetMs":null,"monotonicTimestampMs":5372602.826959}
10-11 13:39:09.151 11634 11711 I ReactNativeJS: [outputs] session.send.ignorePress.set {"timestamp":5372672.053938,"wallClock":1760204349151,"reason":"press.begin","previous":false,"value":false,"changed":false,"activePressId":"session-send:mgmk80660efa9t9m","activePressStartedAt":5372671.98675,"activePressAgeMs":0.062396000139415264,"pressId":"session-send:mgmk80660efa9t9m"}
10-11 13:39:09.152 11634 11711 I ReactNativeJS: [outputs] keyer.press.start {"timestamp":5372672.805084,"wallClock":1760204349151,"startedAt":5372671.98675,"source":"session.send","correlationId":"session-send:mgmk8067ejd2rrl6","options":{"audio":true,"haptics":true,"light":true,"torch":true,"toneHz":700},"monotonicTimestampMs":5372671.98675}
10-11 13:39:09.153 11634 11711 I ReactNativeJS: [outputs] keyer.flash.start {"timestamp":5372673.827427,"wallClock":1760204349152,"latencyMs":1.8364589996635914,"intensity":0.75,"monotonicTimestampMs":5372671.98675}
10-11 13:39:09.153 11634 11711 I ReactNativeJS: [outputs] keyer.haptics.start {"timestamp":5372674.724146,"wallClock":1760204349153,"platform":"android","latencyMs":2.734426999464631,"monotonicTimestampMs":5372671.98675}
10-11 13:39:09.154 11634 11711 D OutputsAudio: [outputs-audio] start hz=700.0 gain=0.250 attack=2.50 release=6.00
10-11 13:39:09.155 11634 11711 I ReactNativeJS: [outputs] keyer.tone.start {"timestamp":5372676.044355,"wallClock":1760204349154,"hz":700,"volume":0.25,"latencyMs":4.053593999706209,"backend":"nitro","monotonicTimestampMs":5372671.98675}
10-11 13:39:09.169 11634 11711 I ReactNativeJS: [outputs] keyer.torch.start {"timestamp":5372690.159198,"wallClock":1760204349169,"latencyMs":18.168645999394357,"source":"session.send","correlationId":"session-send:mgmk8067ejd2rrl6","timelineOffsetMs":null,"monotonicTimestampMs":5372671.98675}
10-11 13:39:09.471 11634 11711 I ReactNativeJS: [outputs] keyer.press.stop {"timestamp":5372990.551021,"wallClock":1760204349469,"endedAt":5372990.442063,"holdMs":318.4553129998967,"source":"session.send","correlationId":"session-send:mgmk8067ejd2rrl6","monotonicTimestampMs":5372990.442063}
10-11 13:39:09.478 11634 11711 I ReactNativeJS: [outputs] keyer.flash.stop {"timestamp":5372997.752115,"wallClock":1760204349476,"latencyMs":7.300416000187397,"monotonicTimestampMs":5372990.442063}
10-11 13:39:09.480 11634 11711 I ReactNativeJS: [outputs] keyer.haptics.stop {"timestamp":5372999.994719,"wallClock":1760204349479,"platform":"android","latencyMs":9.546822999604046,"monotonicTimestampMs":5372990.442063}
10-11 13:39:09.481 11634 11711 D OutputsAudio: [outputs-audio] stop gain=0.250 release=6.00
10-11 13:39:09.484 11634 11711 I ReactNativeJS: [outputs] keyer.tone.stop {"timestamp":5373003.773677,"wallClock":1760204349482,"latencyMs":13.32213499955833,"backend":"nitro","monotonicTimestampMs":5372990.442063}
10-11 13:39:09.521 11634 11711 I ReactNativeJS: [outputs] keyer.torch.reset {"timestamp":5373041.671229,"wallClock":1760204349520,"reason":"postReleaseSafety"}
10-11 13:39:09.521 11634 11711 I ReactNativeJS: [outputs] keyer.torch.stop {"timestamp":5373042.191646,"wallClock":1760204349521,"latencyMs":51.74400999955833,"fallback":"none","releaseFailed":false,"releaseMessage":null,"forceOffFailed":false,"forceOffMessage":null,"source":"session.send","correlationId":"session-send:mgmk8067ejd2rrl6","timelineOffsetMs":null,"monotonicTimestampMs":5372990.442063}
10-11 13:39:09.688 11634 11711 D OutputsAudio: [outputs-audio] stop gain=0.000 release=6.00
10-11 13:39:09.688 11634 11711 I ReactNativeJS: [outputs] keyer.forceCut {"timestamp":5373209.194667,"wallClock":1760204349688,"reason":"verdict.finalize","source":"session.send","correlationId":null,"holdMs":null,"metadata":{"reason":"input.matched","isCorrect":true}}
10-11 13:39:09.689 11634 11711 I ReactNativeJS: [outputs] keyer.press.stop {"timestamp":5373209.860917,"wallClock":1760204349688,"endedAt":5373209.848781,"source":"session.send","correlationId":null,"monotonicTimestampMs":5373209.848781}
10-11 13:39:09.689 11634 11711 D OutputsAudio: [outputs-audio] stop gain=0.000 release=6.00
10-11 13:39:09.689 11634 11711 I ReactNativeJS: [outputs] session.send.ignorePress.set {"timestamp":5373210.305448,"wallClock":1760204349689,"reason":"input.matched","previous":false,"value":false,"changed":false,"activePressId":null,"activePressStartedAt":null,"activePressAgeMs":null,"isCorrect":true}
10-11 13:39:09.689 11634 11711 D OutputsAudio: [outputs-audio] stop gain=0.000 release=6.00
10-11 13:39:09.690 11634 11711 I ReactNativeJS: [outputs] keyer.forceCut {"timestamp":5373210.895969,"wallClock":1760204349689,"reason":"finishQuestion","source":"session.send","correlationId":null,"holdMs":null,"metadata":{"isCorrect":true,"reason":"input.matched"}}
10-11 13:39:09.724 11634 11711 D OutputsAudio: [outputs-audio] stop gain=0.000 release=6.00
10-11 13:39:09.725 11634 11711 I ReactNativeJS: [outputs] keyer.forceCut {"timestamp":5373245.494875,"wallClock":1760204349724,"reason":"interaction.disabled","source":"session.send","correlationId":null,"holdMs":null,"metadata":null}
10-11 13:39:11.929 11634 11711 I ReactNativeJS: [outputs] session.send.ignorePress.set {"timestamp":5375449.265656,"wallClock":1760204351928,"reason":"press.begin","previous":false,"value":false,"changed":false,"activePressId":"session-send:mgmk82bckrih83uc","activePressStartedAt":5375449.240447,"activePressAgeMs":0.016250000335276127,"pressId":"session-send:mgmk82bckrih83uc"}
10-11 13:39:11.929 11634 11711 I ReactNativeJS: [outputs] keyer.press.start {"timestamp":5375450.639093,"wallClock":1760204351929,"startedAt":5375449.240447,"source":"session.send","correlationId":"session-send:mgmk82bd5qgaffav","options":{"audio":true,"haptics":true,"light":true,"torch":true,"toneHz":700},"monotonicTimestampMs":5375449.240447}
10-11 13:39:11.931 11634 11711 I ReactNativeJS: [outputs] keyer.flash.start {"timestamp":5375451.669718,"wallClock":1760204351930,"latencyMs":2.423229000531137,"intensity":0.75,"monotonicTimestampMs":5375449.240447}
10-11 13:39:11.932 11634 11711 I ReactNativeJS: [outputs] keyer.haptics.start {"timestamp":5375452.956124,"wallClock":1760204351931,"platform":"android","latencyMs":3.7112500006332994,"monotonicTimestampMs":5375449.240447}
10-11 13:39:11.933 11634 11711 D OutputsAudio: [outputs-audio] start hz=700.0 gain=0.250 attack=2.50 release=6.00
10-11 13:39:11.934 11634 11711 I ReactNativeJS: [outputs] keyer.tone.start {"timestamp":5375454.884301,"wallClock":1760204351933,"hz":700,"volume":0.25,"latencyMs":5.585157000459731,"backend":"nitro","monotonicTimestampMs":5375449.240447}
10-11 13:39:11.950 11634 11711 I ReactNativeJS: [outputs] keyer.torch.start {"timestamp":5375470.637635,"wallClock":1760204351949,"latencyMs":21.390990000218153,"source":"session.send","correlationId":"session-send:mgmk82bd5qgaffav","timelineOffsetMs":null,"monotonicTimestampMs":5375449.240447}
10-11 13:39:11.963 11634 11711 I ReactNativeJS: [outputs] keyer.press.stop {"timestamp":5375484.07451,"wallClock":1760204351962,"endedAt":5375484.036072,"holdMs":34.79562500026077,"source":"session.send","correlationId":"session-send:mgmk82bd5qgaffav","monotonicTimestampMs":5375484.036072}
10-11 13:39:11.963 11634 11711 I ReactNativeJS: [outputs] keyer.flash.stop {"timestamp":5375484.913416,"wallClock":1760204351963,"latencyMs":0.8747920002788305,"monotonicTimestampMs":5375484.036072}
