10-11 17:58:39.497 15336 15524 I ReactNativeJS: [outputs] outputs.flashPulse.commit {"timestamp":20905675.896085,"wallClock":1760219919497,"durationMs":34,"source":"console.replay","correlationId":"console-replay:mgmthqabiv5dm8gg","latencyMs":54.246042001992464,"timelineOffsetMs":72.60697099938989,"leadMs":8,"scheduleSkewMs":53.054219000041485,"schedulingMode":"timeline","audioStartHeadroomMs":-94.4558150023222,"audioStartGuard":"headroom","audioStartCompensationMs":40}
10-11 17:58:39.507 15336 16032 D OutputsAudio: [outputs-audio] start hz=700.0 gain=1.000 attack=2.50 release=6.00
10-11 17:58:39.507 15336 16032 D OutputsAudio: [outputs-audio] playMorse.symbol.start sequence=11 symbol=- expected=20905672.376 actual=20905686.128 skew=13.752 batchElapsed=965.752
10-11 17:58:39.542 15336 15524 D OutputsAudio: [outputs-audio] symbol.info sequence=11 symbol=- timestamp=20905686.128 duration=102.000 expected=20905672.376 skew=13.752 age=34.520
10-11 17:58:39.542 15336 15524 I ReactNativeJS: [outputs] playMorse.symbol {"timestamp":20905720.781346,"wallClock":1760219919542,"symbol":"-","durationMs":102,"index":9,"source":"console.replay","correlationId":"console-replay:mgmthqd2jnbbfpqp","nativeTimestampMs":20905686.128,"nativeDurationMs":102,"nativeOffsetMs":34.60121000185609,"nativeSequence":11,"monotonicTimestampMs":20905686.128,"nativeExpectedTimestampMs":20905672.376,"nativeStartSkewMs":13.752,"nativeBatchElapsedMs":965.752,"nativeExpectedSincePriorMs":136,"nativeSincePriorMs":137.093,"nativePatternStartMs":20904720.376,"nativeAgeMs":34.52}
10-11 17:58:39.542 15336 15524 I ReactNativeJS: [outputs] outputs.hapticSymbol {"timestamp":20905721.280044,"wallClock":1760219919542,"enabled":true,"symbol":"-","durationMs":102,"platform":"android","source":"console.replay","correlationId":"console-replay:mgmthqd2jnbbfpqp","timelineOffsetMs":34.60121000185609}
10-11 17:58:39.543 15336 15524 I ReactNativeJS: [outputs] outputs.flashPulse {"timestamp":20905721.936502,"wallClock":1760219919543,"enabled":true,"durationMs":102,"source":"console.replay","correlationId":"console-replay:mgmthqd2jnbbfpqp","timelineOffsetMs":34.60121000185609,"schedulingMode":"timeline","audioStartHeadroomMs":-57.551492001861334,"audioStartGuard":"headroom","audioStartCompensationMs":40}
10-11 17:58:39.604 15336 15524 I ReactNativeJS: [outputs] outputs.flashPulse.commit {"timestamp":20905782.412804,"wallClock":1760219919603,"durationMs":102,"source":"console.replay","correlationId":"console-replay:mgmthqd2jnbbfpqp","latencyMs":61.67567799985409,"timelineOffsetMs":34.60121000185609,"leadMs":8,"scheduleSkewMs":60.475834000855684,"schedulingMode":"timeline","audioStartHeadroomMs":-57.551492001861334,"audioStartGuard":"headroom","audioStartCompensationMs":40}
10-11 17:58:39.609 15336 16032 D OutputsAudio: [outputs-audio] stop gain=1.000 release=6.00
10-11 17:58:39.644 15336 16032 D OutputsAudio: [outputs-audio] start hz=700.0 gain=1.000 attack=2.50 release=6.00
10-11 17:58:39.644 15336 16032 D OutputsAudio: [outputs-audio] playMorse.symbol.start sequence=12 symbol=- expected=20905808.376 actual=20905823.113 skew=14.737 batchElapsed=1102.737
10-11 17:58:39.653 15336 15524 D OutputsAudio: [outputs-audio] symbol.info sequence=12 symbol=- timestamp=20905823.113 duration=102.000 expected=20905808.376 skew=14.737 age=9.443
10-11 17:58:39.654 15336 15524 I ReactNativeJS: [outputs] playMorse.symbol {"timestamp":20905832.67296,"wallClock":1760219919654,"symbol":"-","durationMs":102,"index":10,"source":"console.replay","correlationId":"console-replay:mgmthqg6iew7noxy","nativeTimestampMs":20905823.113,"nativeDurationMs":102,"nativeOffsetMs":9.509751997888088,"nativeSequence":12,"monotonicTimestampMs":20905823.113,"nativeExpectedTimestampMs":20905808.376,"nativeStartSkewMs":14.737,"nativeBatchElapsedMs":1102.737,"nativeExpectedSincePriorMs":136,"nativeSincePriorMs":136.985,"nativePatternStartMs":20904720.376,"nativeAgeMs":9.443}
10-11 17:58:39.654 15336 15524 I ReactNativeJS: [outputs] outputs.hapticSymbol {"timestamp":20905833.155408,"wallClock":1760219919654,"enabled":true,"symbol":"-","durationMs":102,"platform":"android","source":"console.replay","correlationId":"console-replay:mgmthqg6iew7noxy","timelineOffsetMs":9.509751997888088}
10-11 17:58:39.655 15336 15524 I ReactNativeJS: [outputs] outputs.flashPulse {"timestamp":20905833.817804,"wallClock":1760219919655,"enabled":true,"durationMs":102,"source":"console.replay","correlationId":"console-replay:mgmthqg6iew7noxy","timelineOffsetMs":9.509751997888088,"schedulingMode":"timeline","audioStartHeadroomMs":-33.43357500061393,"audioStartGuard":"headroom","audioStartCompensationMs":33.43357500061393}
10-11 17:58:39.707 15336 15524 I ReactNativeJS: [outputs] outputs.flashPulse.commit {"timestamp":20905885.661502,"wallClock":1760219919707,"durationMs":102,"source":"console.replay","correlationId":"console-replay:mgmthqg6iew7noxy","latencyMs":53.03062500059605,"timelineOffsetMs":9.509751997888088,"leadMs":8,"scheduleSkewMs":51.842186998575926,"schedulingMode":"timeline","audioStartHeadroomMs":-33.43357500061393,"audioStartGuard":"headroom","audioStartCompensationMs":33.43357500061393}
10-11 17:58:39.747 15336 16032 D OutputsAudio: [outputs-audio] stop gain=1.000 release=6.00
10-11 17:58:39.781 15336 16032 D OutputsAudio: [outputs-audio] start hz=700.0 gain=1.000 attack=2.50 release=6.00
10-11 17:58:39.781 15336 16032 D OutputsAudio: [outputs-audio] playMorse.symbol.start sequence=13 symbol=. expected=20905944.376 actual=20905960.119 skew=15.743 batchElapsed=1239.743
10-11 17:58:39.804 15336 15524 D OutputsAudio: [outputs-audio] symbol.info sequence=13 symbol=. timestamp=20905960.119 duration=34.000 expected=20905944.376 skew=15.743 age=22.857
10-11 17:58:39.805 15336 15524 I ReactNativeJS: [outputs] playMorse.symbol {"timestamp":20905983.166502,"wallClock":1760219919804,"symbol":"-","durationMs":102,"index":11,"source":"console.replay","correlationId":"console-replay:mgmthqkc25c70izq","nativeTimestampMs":20905960.119,"nativeDurationMs":34,"nativeOffsetMs":22.974169000983238,"nativeSequence":13,"monotonicTimestampMs":20905960.119,"nativeExpectedTimestampMs":20905944.376,"nativeStartSkewMs":15.743,"nativeBatchElapsedMs":1239.743,"nativeExpectedSincePriorMs":136,"nativeSincePriorMs":137.006,"nativePatternStartMs":20904720.376,"nativeAgeMs":22.857}
10-11 17:58:39.805 15336 15524 I ReactNativeJS: [outputs] outputs.hapticSymbol {"timestamp":20905983.901658,"wallClock":1760219919805,"enabled":true,"symbol":"-","durationMs":102,"platform":"android","source":"console.replay","correlationId":"console-replay:mgmthqkc25c70izq","timelineOffsetMs":22.974169000983238}
10-11 17:58:39.806 15336 15524 I ReactNativeJS: [outputs] outputs.flashPulse {"timestamp":20905984.969419,"wallClock":1760219919806,"enabled":true,"durationMs":102,"source":"console.replay","correlationId":"console-replay:mgmthqkc25c70izq","timelineOffsetMs":22.974169000983238,"schedulingMode":"timeline","audioStartHeadroomMs":-48.58013700321317,"audioStartGuard":"headroom","audioStartCompensationMs":40}
10-11 17:58:39.816 15336 16032 D OutputsAudio: [outputs-audio] stop gain=1.000 release=6.00
10-11 17:58:39.851 15336 16032 D OutputsAudio: [outputs-audio] start hz=700.0 gain=1.000 attack=2.50 release=6.00
10-11 17:58:39.851 15336 16032 D OutputsAudio: [outputs-audio] playMorse.symbol.start sequence=14 symbol=. expected=20906012.376 actual=20906030.040 skew=17.664 batchElapsed=1309.664
10-11 17:58:39.870 15336 15524 I ReactNativeJS: [outputs] outputs.flashPulse.commit {"timestamp":20906049.048533,"wallClock":1760219919870,"durationMs":102,"source":"console.replay","correlationId":"console-replay:mgmthqkc25c70izq","latencyMs":65.94614500179887,"timelineOffsetMs":22.974169000983238,"leadMs":8,"scheduleSkewMs":64.08078100159764,"schedulingMode":"timeline","audioStartHeadroomMs":-48.58013700321317,"audioStartGuard":"headroom","audioStartCompensationMs":40}
10-11 17:58:39.886 15336 16032 D OutputsAudio: [outputs-audio] stop gain=1.000 release=6.00
10-11 17:58:39.920 15336 16032 D OutputsAudio: [outputs-audio] start hz=700.0 gain=1.000 attack=2.50 release=6.00
10-11 17:58:39.920 15336 16032 D OutputsAudio: [outputs-audio] playMorse.symbol.start sequence=15 symbol=. expected=20906080.376 actual=20906099.527 skew=19.151 batchElapsed=1379.151
10-11 17:58:39.921 15336 15524 D OutputsAudio: [outputs-audio] symbol.info sequence=15 symbol=. timestamp=20906099.527 duration=34.000 expected=20906080.376 skew=19.151 age=0.317
10-11 17:58:39.921 15336 15524 W ReactNativeJS: '[outputs-audio] native sequence jump', { previous: 13, next: 15, delta: 2 }
10-11 17:58:39.922 15336 15524 I ReactNativeJS: [outputs] playMorse.symbol {"timestamp":20906100.609627,"wallClock":1760219919922,"symbol":".","durationMs":34,"index":12,"source":"console.replay","correlationId":"console-replay:mgmthqnme6767md8","nativeTimestampMs":20906099.527,"nativeDurationMs":34,"nativeOffsetMs":1.0439810007810593,"nativeSequence":15,"monotonicTimestampMs":20906099.527,"nativeExpectedTimestampMs":20906080.376,"nativeStartSkewMs":19.151,"nativeBatchElapsedMs":1379.151,"nativeExpectedSincePriorMs":68,"nativeSincePriorMs":69.487,"nativePatternStartMs":20904720.376,"nativeAgeMs":0.317}
10-11 17:58:39.922 15336 15524 I ReactNativeJS: [outputs] outputs.hapticSymbol {"timestamp":20906101.023846,"wallClock":1760219919922,"enabled":true,"symbol":".","durationMs":34,"platform":"android","source":"console.replay","correlationId":"console-replay:mgmthqnme6767md8","timelineOffsetMs":1.0439810007810593}
10-11 17:58:39.923 15336 15524 I ReactNativeJS: [outputs] outputs.flashPulse {"timestamp":20906101.751502,"wallClock":1760219919923,"enabled":true,"durationMs":34,"source":"console.replay","correlationId":"console-replay:mgmthqnme6767md8","timelineOffsetMs":1.0439810007810593,"schedulingMode":"timeline","audioStartHeadroomMs":-29.36539800092578,"audioStartGuard":"headroom","audioStartCompensationMs":29.36539800092578}
10-11 17:58:39.955 15336 16032 D OutputsAudio: [outputs-audio] stop gain=1.000 release=6.00
10-11 17:58:39.979 15336 15524 I ReactNativeJS: [outputs] outputs.flashPulse.commit {"timestamp":20906157.434314,"wallClock":1760219919978,"durationMs":34,"source":"console.replay","correlationId":"console-replay:mgmthqnme6767md8","latencyMs":56.85421900078654,"timelineOffsetMs":1.0439810007810593,"leadMs":8,"scheduleSkewMs":55.68197900056839,"schedulingMode":"timeline","audioStartHeadroomMs":-29.36539800092578,"audioStartGuard":"headroom","audioStartCompensationMs":29.36539800092578}
10-11 17:58:39.990 15336 16032 D OutputsAudio: [outputs-audio] start hz=700.0 gain=1.000 attack=2.50 release=6.00
10-11 17:58:39.990 15336 16032 D OutputsAudio: [outputs-audio] playMorse.symbol.start sequence=16 symbol=- expected=20906148.376 actual=20906168.712 skew=20.336 batchElapsed=1448.336
10-11 17:58:40.030 15336 15524 D OutputsAudio: [outputs-audio] symbol.info sequence=16 symbol=- timestamp=20906168.712 duration=102.000 expected=20906148.376 skew=20.336 age=40.525
10-11 17:58:40.031 15336 15524 I ReactNativeJS: [outputs] playMorse.symbol {"timestamp":20906209.360877,"wallClock":1760219920030,"symbol":".","durationMs":34,"index":13,"source":"console.replay","correlationId":"console-replay:mgmthqqmifkezxnt","nativeTimestampMs":20906168.712,"nativeDurationMs":102,"nativeOffsetMs":40.60023099929094,"nativeSequence":16,"monotonicTimestampMs":20906168.712,"nativeExpectedTimestampMs":20906148.376,"nativeStartSkewMs":20.336,"nativeBatchElapsedMs":1448.336,"nativeExpectedSincePriorMs":68,"nativeSincePriorMs":69.185,"nativePatternStartMs":20904720.376,"nativeAgeMs":40.525}
10-11 17:58:40.031 15336 15524 I ReactNativeJS: [outputs] outputs.hapticSymbol {"timestamp":20906209.799679,"wallClock":1760219920031,"enabled":true,"symbol":".","durationMs":34,"platform":"android","source":"console.replay","correlationId":"console-replay:mgmthqqmifkezxnt","timelineOffsetMs":40.60023099929094}
10-11 17:58:40.032 15336 15524 I ReactNativeJS: [outputs] outputs.flashPulse {"timestamp":20906210.488064,"wallClock":1760219920031,"enabled":true,"durationMs":34,"source":"console.replay","correlationId":"console-replay:mgmthqqmifkezxnt","timelineOffsetMs":40.60023099929094,"schedulingMode":"timeline","audioStartHeadroomMs":-70.102012000978,"audioStartGuard":"headroom","audioStartCompensationMs":40}
10-11 17:58:40.083 15336 15524 I ReactNativeJS: [outputs] outputs.flashPulse.commit {"timestamp":20906261.546814,"wallClock":1760219920082,"durationMs":34,"source":"console.replay","correlationId":"console-replay:mgmthqqmifkezxnt","latencyMs":52.226509999483824,"timelineOffsetMs":40.60023099929094,"leadMs":8,"scheduleSkewMs":51.0589580014348,"schedulingMode":"timeline","audioStartHeadroomMs":-70.102012000978,"audioStartGuard":"headroom","audioStartCompensationMs":40}
10-11 17:58:40.092 15336 16032 D OutputsAudio: [outputs-audio] stop gain=1.000 release=6.00
10-11 17:58:40.126 15336 16032 D OutputsAudio: [outputs-audio] start hz=700.0 gain=1.000 attack=2.50 release=6.00
10-11 17:58:40.126 15336 16032 D OutputsAudio: [outputs-audio] playMorse.symbol.start sequence=17 symbol=- expected=20906284.376 actual=20906305.364 skew=20.988 batchElapsed=1584.988
10-11 17:58:40.133 15336 15524 D OutputsAudio: [outputs-audio] symbol.info sequence=17 symbol=- timestamp=20906305.364 duration=102.000 expected=20906284.376 skew=20.988 age=6.694
10-11 17:58:40.134 15336 15524 I ReactNativeJS: [outputs] playMorse.symbol {"timestamp":20906312.178064,"wallClock":1760219920133,"symbol":".","durationMs":34,"index":14,"source":"console.replay","correlationId":"console-replay:mgmthqthwdsdifkl","nativeTimestampMs":20906305.364,"nativeDurationMs":102,"nativeOffsetMs":6.763751998543739,"nativeSequence":17,"monotonicTimestampMs":20906305.364,"nativeExpectedTimestampMs":20906284.376,"nativeStartSkewMs":20.988,"nativeBatchElapsedMs":1584.988,"nativeExpectedSincePriorMs":136,"nativeSincePriorMs":136.652,"nativePatternStartMs":20904720.376,"nativeAgeMs":6.694}
10-11 17:58:40.134 15336 15524 I ReactNativeJS: [outputs] outputs.hapticSymbol {"timestamp":20906312.686606,"wallClock":1760219920134,"enabled":true,"symbol":".","durationMs":34,"platform":"android","source":"console.replay","correlationId":"console-replay:mgmthqthwdsdifkl","timelineOffsetMs":6.763751998543739}
10-11 17:58:40.135 15336 15524 I ReactNativeJS: [outputs] outputs.flashPulse {"timestamp":20906313.377908,"wallClock":1760219920134,"enabled":true,"durationMs":34,"source":"console.replay","correlationId":"console-replay:mgmthqthwdsdifkl","timelineOffsetMs":6.763751998543739,"schedulingMode":"timeline","audioStartHeadroomMs":-36.99196000024676,"audioStartGuard":"headroom","audioStartCompensationMs":36.99196000024676}
10-11 17:58:40.192 15336 15524 I ReactNativeJS: [outputs] outputs.flashPulse.commit {"timestamp":20906370.344002,"wallClock":1760219920191,"durationMs":34,"source":"console.replay","correlationId":"console-replay:mgmthqthwdsdifkl","latencyMs":58.20781200006604,"timelineOffsetMs":6.763751998543739,"leadMs":8,"scheduleSkewMs":56.96604099869728,"schedulingMode":"timeline","audioStartHeadroomMs":-36.99196000024676,"audioStartGuard":"headroom","audioStartCompensationMs":36.99196000024676}
10-11 17:58:40.229 15336 16032 D OutputsAudio: [outputs-audio] stop gain=1.000 release=6.00
10-11 17:58:40.264 15336 16032 D OutputsAudio: [outputs-audio] start hz=700.0 gain=1.000 attack=2.50 release=6.00
10-11 17:58:40.264 15336 16032 D OutputsAudio: [outputs-audio] playMorse.symbol.start sequence=18 symbol=- expected=20906420.376 actual=20906443.218 skew=22.842 batchElapsed=1722.842
10-11 17:58:40.281 15336 15524 D OutputsAudio: [outputs-audio] symbol.info sequence=18 symbol=- timestamp=20906443.218 duration=102.000 expected=20906420.376 skew=22.842 age=16.678
10-11 17:58:40.282 15336 15524 I ReactNativeJS: [outputs] playMorse.symbol {"timestamp":20906460.212908,"wallClock":1760219920281,"symbol":"-","durationMs":102,"index":15,"source":"console.replay","correlationId":"console-replay:mgmthqxl1wdl6l4e","nativeTimestampMs":20906443.218,"nativeDurationMs":102,"nativeOffsetMs":16.87220000103116,"nativeSequence":18,"monotonicTimestampMs":20906443.218,"nativeExpectedTimestampMs":20906420.376,"nativeStartSkewMs":22.842,"nativeBatchElapsedMs":1722.842,"nativeExpectedSincePriorMs":136,"nativeSincePriorMs":137.854,"nativePatternStartMs":20904720.376,"nativeAgeMs":16.678}
10-11 17:58:40.282 15336 15524 I ReactNativeJS: [outputs] outputs.hapticSymbol {"timestamp":20906461.194471,"wallClock":1760219920282,"enabled":true,"symbol":"-","durationMs":102,"platform":"android","source":"console.replay","correlationId":"console-replay:mgmthqxl1wdl6l4e","timelineOffsetMs":16.87220000103116}
10-11 17:58:40.283 15336 15524 I ReactNativeJS: [outputs] outputs.flashPulse {"timestamp":20906462.05671,"wallClock":1760219920283,"enabled":true,"durationMs":102,"source":"console.replay","correlationId":"console-replay:mgmthqxl1wdl6l4e","timelineOffsetMs":16.87220000103116,"schedulingMode":"timeline","audioStartHeadroomMs":-49.66748100146651,"audioStartGuard":"headroom","audioStartCompensationMs":40}
10-11 17:58:40.340 15336 15524 I ReactNativeJS: [outputs] outputs.flashPulse.commit {"timestamp":20906518.751346,"wallClock":1760219920340,"durationMs":102,"source":"console.replay","correlationId":"console-replay:mgmthqxl1wdl6l4e","latencyMs":58.651613999158144,"timelineOffsetMs":16.87220000103116,"leadMs":8,"scheduleSkewMs":56.69609300047159,"schedulingMode":"timeline","audioStartHeadroomMs":-49.66748100146651,"audioStartGuard":"headroom","audioStartCompensationMs":40}
10-11 17:58:40.366 15336 16032 D OutputsAudio: [outputs-audio] stop gain=1.000 release=6.00
10-11 17:58:40.401 15336 16032 D OutputsAudio: [outputs-audio] start hz=700.0 gain=1.000 attack=2.50 release=6.00
10-11 17:58:40.401 15336 16032 D OutputsAudio: [outputs-audio] playMorse.symbol.start sequence=19 symbol=. expected=20906556.376 actual=20906580.557 skew=24.181 batchElapsed=1860.181
10-11 17:58:40.426 15336 15524 D OutputsAudio: [outputs-audio] symbol.info sequence=19 symbol=. timestamp=20906580.557 duration=34.000 expected=20906556.376 skew=24.181 age=24.228
10-11 17:58:40.428 15336 15524 I ReactNativeJS: [outputs] playMorse.symbol {"timestamp":20906605.283637,"wallClock":1760219920426,"symbol":"-","durationMs":102,"index":16,"source":"console.replay","correlationId":"console-replay:mgmthr1mqjyrne29","nativeTimestampMs":20906580.557,"nativeDurationMs":34,"nativeOffsetMs":24.524762000888586,"nativeSequence":19,"monotonicTimestampMs":20906580.557,"nativeExpectedTimestampMs":20906556.376,"nativeStartSkewMs":24.181,"nativeBatchElapsedMs":1860.181,"nativeExpectedSincePriorMs":136,"nativeSincePriorMs":137.339,"nativePatternStartMs":20904720.376,"nativeAgeMs":24.228}
10-11 17:58:40.430 15336 15524 I ReactNativeJS: [outputs] outputs.hapticSymbol {"timestamp":20906607.430721,"wallClock":1760219920428,"enabled":true,"symbol":"-","durationMs":102,"platform":"android","source":"console.replay","correlationId":"console-replay:mgmthr1mqjyrne29","timelineOffsetMs":24.524762000888586}
10-11 17:58:40.433 15336 15524 I ReactNativeJS: [outputs] outputs.flashPulse {"timestamp":20906610.824575,"wallClock":1760219920432,"enabled":true,"durationMs":102,"source":"console.replay","correlationId":"console-replay:mgmthr1mqjyrne29","timelineOffsetMs":24.524762000888586,"schedulingMode":"timeline","audioStartHeadroomMs":-62.40643900260329,"audioStartGuard":"headroom","audioStartCompensationMs":40}
10-11 17:58:40.438 15336 16032 D OutputsAudio: [outputs-audio] stop gain=1.000 release=6.00
10-11 17:58:40.472 15336 16032 D OutputsAudio: [outputs-audio] start hz=700.0 gain=1.000 attack=2.50 release=6.00
10-11 17:58:40.472 15336 16032 D OutputsAudio: [outputs-audio] playMorse.symbol.start sequence=20 symbol=. expected=20906624.376 actual=20906651.503 skew=27.127 batchElapsed=1931.127
10-11 17:58:40.507 15336 16032 D OutputsAudio: [outputs-audio] stop gain=1.000 release=6.00
10-11 17:58:40.509 15336 15524 I ReactNativeJS: [outputs] outputs.flashPulse.commit {"timestamp":20906687.391085,"wallClock":1760219920508,"durationMs":102,"source":"console.replay","correlationId":"console-replay:mgmthr1mqjyrne29","latencyMs":82.30005199834704,"timelineOffsetMs":24.524762000888586,"leadMs":8,"scheduleSkewMs":76.59145800024271,"schedulingMode":"timeline","audioStartHeadroomMs":-62.40643900260329,"audioStartGuard":"headroom","audioStartCompensationMs":40}
10-11 17:58:40.542 15336 16032 D OutputsAudio: [outputs-audio] start hz=700.0 gain=1.000 attack=2.50 release=6.00
10-11 17:58:40.542 15336 16032 D OutputsAudio: [outputs-audio] playMorse.symbol.start sequence=21 symbol=. expected=20906692.376 actual=20906721.528 skew=29.152 batchElapsed=2001.152
10-11 17:58:40.554 15336 15524 D OutputsAudio: [outputs-audio] symbol.info sequence=21 symbol=. timestamp=20906721.528 duration=34.000 expected=20906692.376 skew=29.152 age=11.174
10-11 17:58:40.554 15336 15524 W ReactNativeJS: '[outputs-audio] native sequence jump', { previous: 19, next: 21, delta: 2 }
10-11 17:58:40.555 15336 15524 I ReactNativeJS: [outputs] playMorse.symbol {"timestamp":20906733.363741,"wallClock":1760219920554,"symbol":"-","durationMs":102,"index":17,"source":"console.replay","correlationId":"console-replay:mgmthr56tuvi0c7q","nativeTimestampMs":20906721.528,"nativeDurationMs":34,"nativeOffsetMs":11.795844998210669,"nativeSequence":21,"monotonicTimestampMs":20906721.528,"nativeExpectedTimestampMs":20906692.376,"nativeStartSkewMs":29.152,"nativeBatchElapsedMs":2001.152,"nativeExpectedSincePriorMs":68,"nativeSincePriorMs":70.025,"nativePatternStartMs":20904720.376,"nativeAgeMs":11.174}
10-11 17:58:40.555 15336 15524 I ReactNativeJS: [outputs] outputs.hapticSymbol {"timestamp":20906733.775825,"wallClock":1760219920555,"enabled":true,"symbol":"-","durationMs":102,"platform":"android","source":"console.replay","correlationId":"console-replay:mgmthr56tuvi0c7q","timelineOffsetMs":11.795844998210669}
10-11 17:58:40.556 15336 15524 I ReactNativeJS: [outputs] outputs.flashPulse {"timestamp":20906734.493116,"wallClock":1760219920555,"enabled":true,"durationMs":102,"source":"console.replay","correlationId":"console-replay:mgmthr56tuvi0c7q","timelineOffsetMs":11.795844998210669,"schedulingMode":"timeline","audioStartHeadroomMs":-50.10758500173688,"audioStartGuard":"headroom","audioStartCompensationMs":40}
10-11 17:58:40.577 15336 16032 D OutputsAudio: [outputs-audio] stop gain=1.000 release=6.00
10-11 17:58:40.608 15336 15524 I ReactNativeJS: [outputs] outputs.flashPulse.commit {"timestamp":20906786.704314,"wallClock":1760219920608,"durationMs":102,"source":"console.replay","correlationId":"console-replay:mgmthr56tuvi0c7q","latencyMs":53.37161500006914,"timelineOffsetMs":11.795844998210669,"leadMs":8,"scheduleSkewMs":52.210469000041485,"schedulingMode":"timeline","audioStartHeadroomMs":-50.10758500173688,"audioStartGuard":"headroom","audioStartCompensationMs":40}
10-11 17:58:40.612 15336 16032 D OutputsAudio: [outputs-audio] start hz=700.0 gain=1.000 attack=2.50 release=6.00
10-11 17:58:40.612 15336 16032 D OutputsAudio: [outputs-audio] playMorse.symbol.start sequence=22 symbol=- expected=20906760.376 actual=20906790.896 skew=30.520 batchElapsed=2070.520
10-11 17:58:40.655 15336 15524 D OutputsAudio: [outputs-audio] symbol.info sequence=22 symbol=- timestamp=20906790.896 duration=102.000 expected=20906760.376 skew=30.520 age=42.908
10-11 17:58:40.655 15336 15524 I ReactNativeJS: [outputs] playMorse.symbol {"timestamp":20906833.930877,"wallClock":1760219920655,"symbol":".","durationMs":34,"index":18,"source":"console.replay","correlationId":"console-replay:mgmthr7z82c6ce8o","nativeTimestampMs":20906790.896,"nativeDurationMs":102,"nativeOffsetMs":42.984407998621464,"nativeSequence":22,"monotonicTimestampMs":20906790.896,"nativeExpectedTimestampMs":20906760.376,"nativeStartSkewMs":30.52,"nativeBatchElapsedMs":2070.52,"nativeExpectedSincePriorMs":68,"nativeSincePriorMs":69.368,"nativePatternStartMs":20904720.376,"nativeAgeMs":42.908}
10-11 17:58:40.656 15336 15524 I ReactNativeJS: [outputs] outputs.hapticSymbol {"timestamp":20906834.454835,"wallClock":1760219920655,"enabled":true,"symbol":".","durationMs":34,"platform":"android","source":"console.replay","correlationId":"console-replay:mgmthr7z82c6ce8o","timelineOffsetMs":42.984407998621464}
10-11 17:58:40.656 15336 15524 I ReactNativeJS: [outputs] outputs.flashPulse {"timestamp":20906835.125304,"wallClock":1760219920656,"enabled":true,"durationMs":34,"source":"console.replay","correlationId":"console-replay:mgmthr7z82c6ce8o","timelineOffsetMs":42.984407998621464,"schedulingMode":"timeline","audioStartHeadroomMs":-82.74071000143886,"audioStartGuard":"headroom","audioStartCompensationMs":40}
10-11 17:58:40.707 15336 15524 I ReactNativeJS: [outputs] outputs.flashPulse.commit {"timestamp":20906886.161293,"wallClock":1760219920707,"durationMs":34,"source":"console.replay","correlationId":"console-replay:mgmthr7z82c6ce8o","latencyMs":52.271354001015425,"timelineOffsetMs":42.984407998621464,"leadMs":8,"scheduleSkewMs":51.03354199975729,"schedulingMode":"timeline","audioStartHeadroomMs":-82.74071000143886,"audioStartGuard":"headroom","audioStartCompensationMs":40}
10-11 17:58:40.714 15336 16032 D OutputsAudio: [outputs-audio] stop gain=1.000 release=6.00
10-11 17:58:40.749 15336 16032 D OutputsAudio: [outputs-audio] start hz=700.0 gain=1.000 attack=2.50 release=6.00
10-11 17:58:40.749 15336 16032 D OutputsAudio: [outputs-audio] playMorse.symbol.start sequence=23 symbol=- expected=20906896.376 actual=20906928.525 skew=32.149 batchElapsed=2208.149
10-11 17:58:40.751 15336 15524 D OutputsAudio: [outputs-audio] symbol.info sequence=23 symbol=- timestamp=20906928.525 duration=102.000 expected=20906896.376 skew=32.149 age=1.817
10-11 17:58:40.752 15336 15524 I ReactNativeJS: [outputs] playMorse.symbol {"timestamp":20906930.456293,"wallClock":1760219920751,"symbol":".","durationMs":34,"index":19,"source":"console.replay","correlationId":"console-replay:mgmthranql0gloou","nativeTimestampMs":20906928.525,"nativeDurationMs":102,"nativeOffsetMs":1.8830640017986298,"nativeSequence":23,"monotonicTimestampMs":20906928.525,"nativeExpectedTimestampMs":20906896.376,"nativeStartSkewMs":32.149,"nativeBatchElapsedMs":2208.149,"nativeExpectedSincePriorMs":136,"nativeSincePriorMs":137.629,"nativePatternStartMs":20904720.376,"nativeAgeMs":1.817}
10-11 17:58:40.752 15336 15524 I ReactNativeJS: [outputs] outputs.hapticSymbol {"timestamp":20906930.958064,"wallClock":1760219920752,"enabled":true,"symbol":".","durationMs":34,"platform":"android","source":"console.replay","correlationId":"console-replay:mgmthranql0gloou","timelineOffsetMs":1.8830640017986298}
10-11 17:58:40.753 15336 15524 I ReactNativeJS: [outputs] outputs.flashPulse {"timestamp":20906931.635772,"wallClock":1760219920753,"enabled":true,"durationMs":34,"source":"console.replay","correlationId":"console-replay:mgmthranql0gloou","timelineOffsetMs":1.8830640017986298,"schedulingMode":"timeline","audioStartHeadroomMs":-43.25138700008392,"audioStartGuard":"headroom","audioStartCompensationMs":40}
10-11 17:58:40.811 15336 15524 I ReactNativeJS: [outputs] outputs.flashPulse.commit {"timestamp":20906989.856085,"wallClock":1760219920811,"durationMs":34,"source":"console.replay","correlationId":"console-replay:mgmthranql0gloou","latencyMs":59.438905999064445,"timelineOffsetMs":1.8830640017986298,"leadMs":8,"scheduleSkewMs":58.21817699819803,"schedulingMode":"timeline","audioStartHeadroomMs":-43.25138700008392,"audioStartGuard":"headroom","audioStartCompensationMs":40}
10-11 17:58:40.852 15336 16032 D OutputsAudio: [outputs-audio] stop gain=1.000 release=6.00
10-11 17:58:40.886 15336 16032 D OutputsAudio: [outputs-audio] start hz=700.0 gain=1.000 attack=2.50 release=6.00
10-11 17:58:40.886 15336 16032 D OutputsAudio: [outputs-audio] playMorse.symbol.start sequence=24 symbol=- expected=20907032.376 actual=20907065.446 skew=33.070 batchElapsed=2345.070
10-11 17:58:40.904 15336 15524 D OutputsAudio: [outputs-audio] symbol.info sequence=24 symbol=- timestamp=20907065.446 duration=102.000 expected=20907032.376 skew=33.070 age=17.723
10-11 17:58:40.905 15336 15524 I ReactNativeJS: [outputs] playMorse.symbol {"timestamp":20907083.398793,"wallClock":1760219920904,"symbol":".","durationMs":34,"index":20,"source":"console.replay","correlationId":"console-replay:mgmthrew5tcy1unn","nativeTimestampMs":20907065.446,"nativeDurationMs":102,"nativeOffsetMs":17.858575001358986,"nativeSequence":24,"monotonicTimestampMs":20907065.446,"nativeExpectedTimestampMs":20907032.376,"nativeStartSkewMs":33.07,"nativeBatchElapsedMs":2345.07,"nativeExpectedSincePriorMs":136,"nativeSincePriorMs":136.921,"nativePatternStartMs":20904720.376,"nativeAgeMs":17.723}
10-11 17:58:40.906 15336 15524 I ReactNativeJS: [outputs] outputs.hapticSymbol {"timestamp":20907084.374054,"wallClock":1760219920905,"enabled":true,"symbol":".","durationMs":34,"platform":"android","source":"console.replay","correlationId":"console-replay:mgmthrew5tcy1unn","timelineOffsetMs":17.858575001358986}
10-11 17:58:40.907 15336 15524 I ReactNativeJS: [outputs] outputs.flashPulse {"timestamp":20907085.408793,"wallClock":1760219920906,"enabled":true,"durationMs":34,"source":"console.replay","correlationId":"console-replay:mgmthrew5tcy1unn","timelineOffsetMs":17.858575001358986,"schedulingMode":"timeline","audioStartHeadroomMs":-61.01904300227761,"audioStartGuard":"headroom","audioStartCompensationMs":40}
10-11 17:58:40.971 15336 15524 I ReactNativeJS: [outputs] outputs.flashPulse.commit {"timestamp":20907146.775252,"wallClock":1760219920968,"durationMs":34,"source":"console.replay","correlationId":"console-replay:mgmthrew5tcy1unn","latencyMs":63.46078100055456,"timelineOffsetMs":17.858575001358986,"leadMs":8,"scheduleSkewMs":61.36755200102925,"schedulingMode":"timeline","audioStartHeadroomMs":-61.01904300227761,"audioStartGuard":"headroom","audioStartCompensationMs":40}
10-11 17:58:40.989 15336 16032 D OutputsAudio: [outputs-audio] stop gain=1.000 release=6.00
10-11 17:58:41.024 15336 16032 D OutputsAudio: [outputs-audio] start hz=700.0 gain=1.000 attack=2.50 release=6.00
10-11 17:58:41.024 15336 16032 D OutputsAudio: [outputs-audio] playMorse.symbol.start sequence=25 symbol=. expected=20907168.376 actual=20907203.155 skew=34.779 batchElapsed=2482.779
10-11 17:58:41.040 15336 15524 D OutputsAudio: [outputs-audio] symbol.info sequence=25 symbol=. timestamp=20907203.155 duration=34.000 expected=20907168.376 skew=34.779 age=16.051
10-11 17:58:41.042 15336 15524 I ReactNativeJS: [outputs] playMorse.symbol {"timestamp":20907219.442752,"wallClock":1760219921040,"symbol":"-","durationMs":102,"index":21,"source":"console.replay","correlationId":"console-replay:mgmthrio874rk6h8","nativeTimestampMs":20907203.155,"nativeDurationMs":34,"nativeOffsetMs":16.190251998603344,"nativeSequence":25,"monotonicTimestampMs":20907203.155,"nativeExpectedTimestampMs":20907168.376,"nativeStartSkewMs":34.779,"nativeBatchElapsedMs":2482.779,"nativeExpectedSincePriorMs":136,"nativeSincePriorMs":137.709,"nativePatternStartMs":20904720.376,"nativeAgeMs":16.051}
10-11 17:58:41.043 15336 15524 I ReactNativeJS: [outputs] outputs.hapticSymbol {"timestamp":20907220.862335,"wallClock":1760219921042,"enabled":true,"symbol":"-","durationMs":102,"platform":"android","source":"console.replay","correlationId":"console-replay:mgmthrio874rk6h8","timelineOffsetMs":16.190251998603344}
10-11 17:58:41.044 15336 15524 I ReactNativeJS: [outputs] outputs.flashPulse {"timestamp":20907222.411449,"wallClock":1760219921043,"enabled":true,"durationMs":102,"source":"console.replay","correlationId":"console-replay:mgmthrio874rk6h8","timelineOffsetMs":16.190251998603344,"schedulingMode":"timeline","audioStartHeadroomMs":-62.01946000009775,"audioStartGuard":"headroom","audioStartCompensationMs":40}
10-11 17:58:41.059 15336 16032 D OutputsAudio: [outputs-audio] stop gain=1.000 release=6.00
10-11 17:58:41.094 15336 16032 D OutputsAudio: [outputs-audio] start hz=700.0 gain=1.000 attack=2.50 release=6.00
10-11 17:58:41.094 15336 16032 D OutputsAudio: [outputs-audio] playMorse.symbol.start sequence=26 symbol=. expected=20907236.376 actual=20907273.159 skew=36.783 batchElapsed=2552.783
10-11 17:58:41.108 15336 15524 I ReactNativeJS: [outputs] outputs.flashPulse.commit {"timestamp":20907286.591918,"wallClock":1760219921108,"durationMs":102,"source":"console.replay","correlationId":"console-replay:mgmthrio874rk6h8","latencyMs":67.23833300173283,"timelineOffsetMs":16.190251998603344,"leadMs":8,"scheduleSkewMs":64.18520800024271,"schedulingMode":"timeline","audioStartHeadroomMs":-62.01946000009775,"audioStartGuard":"headroom","audioStartCompensationMs":40}
10-11 17:58:41.129 15336 16032 D OutputsAudio: [outputs-audio] stop gain=1.000 release=6.00
10-11 17:58:41.158 15336 15524 D OutputsAudio: [outputs-audio] symbol.info sequence=26 symbol=. timestamp=20907273.159 duration=34.000 expected=20907236.376 skew=36.783 age=63.706
10-11 17:58:41.158 15336 15524 I ReactNativeJS: [outputs] playMorse.symbol {"timestamp":20907337.002491,"wallClock":1760219921158,"symbol":"-","durationMs":102,"index":22,"source":"console.replay","correlationId":"console-replay:mgmthrly353xsua4","nativeTimestampMs":20907273.159,"nativeDurationMs":34,"nativeOffsetMs":63.79255399852991,"nativeSequence":26,"monotonicTimestampMs":20907273.159,"nativeExpectedTimestampMs":20907236.376,"nativeStartSkewMs":36.783,"nativeBatchElapsedMs":2552.783,"nativeExpectedSincePriorMs":68,"nativeSincePriorMs":70.004,"nativePatternStartMs":20904720.376,"nativeAgeMs":63.706}
10-11 17:58:41.159 15336 15524 I ReactNativeJS: [outputs] outputs.hapticSymbol {"timestamp":20907337.499626,"wallClock":1760219921158,"enabled":true,"symbol":"-","durationMs":102,"platform":"android","source":"console.replay","correlationId":"console-replay:mgmthrly353xsua4","timelineOffsetMs":63.79255399852991}
10-11 17:58:41.159 15336 15524 I ReactNativeJS: [outputs] outputs.flashPulse {"timestamp":20907338.211866,"wallClock":1760219921159,"enabled":true,"durationMs":102,"source":"console.replay","correlationId":"console-replay:mgmthrly353xsua4","timelineOffsetMs":63.79255399852991,"schedulingMode":"timeline","audioStartHeadroomMs":-109.826022002846,"audioStartGuard":"headroom","audioStartCompensationMs":40}
10-11 17:58:41.164 15336 16032 D OutputsAudio: [outputs-audio] start hz=700.0 gain=1.000 attack=2.50 release=6.00
10-11 17:58:41.164 15336 16032 D OutputsAudio: [outputs-audio] playMorse.symbol.start sequence=27 symbol=. expected=20907304.376 actual=20907343.447 skew=39.070 batchElapsed=2623.070
10-11 17:58:41.198 15336 16032 D OutputsAudio: [outputs-audio] stop gain=1.000 release=6.00
10-11 17:58:41.198 15336 16032 D OutputsAudio: [outputs-audio] stop gain=1.000 release=6.00
10-11 17:58:41.198 15336 16032 D OutputsAudio: [outputs-audio] playMorse.end cancelled=0
10-11 17:58:41.217 15336 15524 I ReactNativeJS: [outputs] outputs.flashPulse.commit {"timestamp":20907395.365512,"wallClock":1760219921216,"durationMs":102,"source":"console.replay","correlationId":"console-replay:mgmthrly353xsua4","latencyMs":58.40520799905062,"timelineOffsetMs":63.79255399852991,"leadMs":8,"scheduleSkewMs":57.15328099951148,"schedulingMode":"timeline","audioStartHeadroomMs":-109.826022002846,"audioStartGuard":"headroom","audioStartCompensationMs":40}
10-11 17:58:41.260 15336 15524 D OutputsAudio: [outputs-audio] symbol.info sequence=27 symbol=. timestamp=20907343.447 duration=34.000 expected=20907304.376 skew=39.070 age=95.718
10-11 17:58:41.261 15336 15524 I ReactNativeJS: [outputs] playMorse.symbol {"timestamp":20907439.302074,"wallClock":1760219921260,"symbol":"-","durationMs":102,"index":23,"source":"console.replay","correlationId":"console-replay:mgmthrosgmc7as5x","nativeTimestampMs":20907343.447,"nativeDurationMs":34,"nativeOffsetMs":95.80502199754119,"nativeSequence":27,"monotonicTimestampMs":20907343.447,"nativeExpectedTimestampMs":20907304.376,"nativeStartSkewMs":39.07,"nativeBatchElapsedMs":2623.07,"nativeExpectedSincePriorMs":68,"nativeSincePriorMs":70.288,"nativePatternStartMs":20904720.376,"nativeAgeMs":95.718}
10-11 17:58:41.261 15336 15524 I ReactNativeJS: [outputs] playMorse.nativeOffset.spike {"timestamp":20907439.789158,"wallClock":1760219921261,"source":"console.replay","offsetMs":95.80502199754119,"sequence":27,"unitMs":34,"correlationId":"console-replay:mgmthrosgmc7as5x","startSkewMs":39.07,"batchElapsedMs":2623.07,"ageMs":95.718}
10-11 17:58:41.261 15336 15524 I ReactNativeJS: [outputs] outputs.hapticSymbol {"timestamp":20907440.144106,"wallClock":1760219921261,"enabled":true,"symbol":"-","durationMs":102,"platform":"android","source":"console.replay","correlationId":"console-replay:mgmthrosgmc7as5x","timelineOffsetMs":95.80502199754119}
10-11 17:58:41.262 15336 15524 I ReactNativeJS: [outputs] outputs.flashPulse {"timestamp":20907440.790199,"wallClock":1760219921262,"enabled":true,"durationMs":102,"source":"console.replay","correlationId":"console-replay:mgmthrosgmc7as5x","timelineOffsetMs":95.80502199754119,"schedulingMode":"timeline","audioStartHeadroomMs":-144.404199000448,"audioStartGuard":"headroom","audioStartCompensationMs":40}
10-11 17:58:41.325 15336 15524 I ReactNativeJS: [outputs] outputs.flashPulse.commit {"timestamp":20907503.806137,"wallClock":1760219921325,"durationMs":102,"source":"console.replay","correlationId":"console-replay:mgmthrosgmc7as5x","latencyMs":64.54515700042248,"timelineOffsetMs":95.80502199754119,"leadMs":8,"scheduleSkewMs":63.015156999230385,"schedulingMode":"timeline","audioStartHeadroomMs":-144.404199000448,"audioStartGuard":"headroom","audioStartCompensationMs":40}
10-11 17:58:41.424 15336 15524 I ReactNativeJS: [outputs] playMorse.symbol {"timestamp":20907602.069887,"wallClock":1760219921423,"symbol":".","durationMs":34,"index":24,"source":"console.replay","correlationId":"console-replay:mgmthrtb2niuq0ro","nativeTimestampMs":null,"nativeDurationMs":null,"nativeOffsetMs":null,"nativeSequence":null,"monotonicTimestampMs":null,"nativeExpectedTimestampMs":null,"nativeStartSkewMs":null,"nativeBatchElapsedMs":null,"nativeExpectedSincePriorMs":null,"nativeSincePriorMs":null,"nativePatternStartMs":null,"nativeAgeMs":null}
10-11 17:58:41.424 15336 15524 I ReactNativeJS: [outputs] outputs.hapticSymbol {"timestamp":20907602.802231,"wallClock":1760219921424,"enabled":true,"symbol":".","durationMs":34,"platform":"android","source":"console.replay","correlationId":"console-replay:mgmthrtb2niuq0ro","timelineOffsetMs":null}
10-11 17:58:41.425 15336 15524 I ReactNativeJS: [outputs] outputs.flashPulse {"timestamp":20907603.809522,"wallClock":1760219921425,"enabled":true,"durationMs":34,"source":"console.replay","correlationId":"console-replay:mgmthrtb2niuq0ro","timelineOffsetMs":24,"schedulingMode":"timeline"}
10-11 17:58:41.498 15336 15524 I ReactNativeJS: [outputs] outputs.flashPulse.commit {"timestamp":20907676.208689,"wallClock":1760219921497,"durationMs":34,"source":"console.replay","correlationId":"console-replay:mgmthrtb2niuq0ro","latencyMs":50.135989997535944,"timelineOffsetMs":24,"leadMs":8,"scheduleSkewMs":58.135989997535944,"schedulingMode":"timeline"}
10-11 17:58:41.707 15336 15524 I ReactNativeJS: [outputs] playMorse.symbol {"timestamp":20907885.366449,"wallClock":1760219921706,"symbol":".","durationMs":34,"index":25,"source":"console.replay","correlationId":"console-replay:mgmths16q36bv6f9","nativeTimestampMs":null,"nativeDurationMs":null,"nativeOffsetMs":null,"nativeSequence":null,"monotonicTimestampMs":null,"nativeExpectedTimestampMs":null,"nativeStartSkewMs":null,"nativeBatchElapsedMs":null,"nativeExpectedSincePriorMs":null,"nativeSincePriorMs":null,"nativePatternStartMs":null,"nativeAgeMs":null}
10-11 17:58:41.708 15336 15524 I ReactNativeJS: [outputs] outputs.hapticSymbol {"timestamp":20907886.37473,"wallClock":1760219921707,"enabled":true,"symbol":".","durationMs":34,"platform":"android","source":"console.replay","correlationId":"console-replay:mgmths16q36bv6f9","timelineOffsetMs":null}
10-11 17:58:41.710 15336 15524 I ReactNativeJS: [outputs] outputs.flashPulse {"timestamp":20907888.422855,"wallClock":1760219921709,"enabled":true,"durationMs":34,"source":"console.replay","correlationId":"console-replay:mgmths16q36bv6f9","timelineOffsetMs":24,"schedulingMode":"timeline"}
10-11 17:58:41.796 15336 15524 I ReactNativeJS: [outputs] outputs.flashPulse.commit {"timestamp":20907974.212335,"wallClock":1760219921795,"durationMs":34,"source":"console.replay","correlationId":"console-replay:mgmths16q36bv6f9","latencyMs":64.8480210006237,"timelineOffsetMs":24,"leadMs":8,"scheduleSkewMs":72.8480210006237,"schedulingMode":"timeline"}
10-11 17:58:42.002 15336 15524 I ReactNativeJS: [outputs] playMorse.symbol {"timestamp":20908179.122282,"wallClock":1760219922000,"symbol":".","durationMs":34,"index":26,"source":"console.replay","correlationId":"console-replay:mgmths9c6cjv39hf","nativeTimestampMs":null,"nativeDurationMs":null,"nativeOffsetMs":null,"nativeSequence":null,"monotonicTimestampMs":null,"nativeExpectedTimestampMs":null,"nativeStartSkewMs":null,"nativeBatchElapsedMs":null,"nativeExpectedSincePriorMs":null,"nativeSincePriorMs":null,"nativePatternStartMs":null,"nativeAgeMs":null}
10-11 17:58:42.003 15336 15524 I ReactNativeJS: [outputs] outputs.hapticSymbol {"timestamp":20908181.107855,"wallClock":1760219922002,"enabled":true,"symbol":".","durationMs":34,"platform":"android","source":"console.replay","correlationId":"console-replay:mgmths9c6cjv39hf","timelineOffsetMs":null}
10-11 17:58:42.007 15336 15524 I ReactNativeJS: [outputs] outputs.flashPulse {"timestamp":20908185.140355,"wallClock":1760219922006,"enabled":true,"durationMs":34,"source":"console.replay","correlationId":"console-replay:mgmths9c6cjv39hf","timelineOffsetMs":24,"schedulingMode":"timeline"}
10-11 17:58:42.066 15336 15524 I ReactNativeJS: [outputs] playMorse.complete {"timestamp":20908244.751084,"wallClock":1760219922066,"durationMs":3633.9517169967294,"source":"console.replay","audioEnabled":true,"audioVolumePercent":100}
10-11 17:58:42.117 15336 15524 I ReactNativeJS: [outputs] outputs.flashPulse.commit {"timestamp":20908295.334366,"wallClock":1760219922116,"durationMs":34,"source":"console.replay","correlationId":"console-replay:mgmths9c6cjv39hf","latencyMs":92.22250000014901,"timelineOffsetMs":24,"leadMs":8,"scheduleSkewMs":100.22250000014901,"schedulingMode":"timeline"}
10-11 17:58:45.077 15336 15524 I ReactNativeJS: [outputs] playMorse.start {"timestamp":20911255.180198,"wallClock":1760219925076,"unitMs":30,"length":28,"source":"console.replay","audioEnabled":true,"audioVolumePercent":100}
10-11 17:58:45.176 15336 15524 D OutputsAudio: [outputs-audio] warmup hz=700.0
10-11 17:58:45.176 15336 16073 D OutputsAudio: [outputs-audio] playMorse.start count=27 unit=30.0
10-11 17:58:45.176 15336 16073 D OutputsAudio: [outputs-audio] start hz=700.0 gain=