10-11 15:49:14.709  2422  2607 I ReactNativeJS: [outputs] outputs.hapticSymbol {"timestamp":13178229.751637,"wallClock":1760212154708,"enabled":true,"symbol":"-","durationMs":180,"platform":"android","source":"console.replay","correlationId":"console-replay:mgmovaz78r8maf1l","timelineOffsetMs":8.808450000360608}
10-11 15:49:14.711  2422  2607 I ReactNativeJS: [outputs] outputs.flashPulse {"timestamp":13178231.639189,"wallClock":1760212154710,"enabled":true,"durationMs":180,"source":"console.replay","correlationId":"console-replay:mgmovaz78r8maf1l","timelineOffsetMs":8.808450000360608}
10-11 15:49:14.785  2422  2607 I ReactNativeJS: [outputs] outputs.flashPulse.commit {"timestamp":13178305.751794,"wallClock":1760212154784,"durationMs":180,"source":"console.replay","correlationId":"console-replay:mgmovaz78r8maf1l","latencyMs":77.21635400131345,"timelineOffsetMs":8.808450000360608,"leadMs":8,"scheduleSkewMs":85.21635400131345}
10-11 15:49:14.879  2422  9946 D OutputsAudio: [outputs-audio] stop gain=1.000 release=6.00
10-11 15:49:14.940  2422  9946 D OutputsAudio: [outputs-audio] start hz=700.0 gain=1.000 attack=2.50 release=6.00
10-11 15:49:14.950  2422  2607 D OutputsAudio: [outputs-audio] symbol.info sequence=6 symbol=- timestamp=13178461.656 duration=180.000
10-11 15:49:14.951  2422  2607 I ReactNativeJS: [outputs] playMorse.symbol {"timestamp":13178471.343096,"wallClock":1760212154950,"symbol":"-","durationMs":180,"index":5,"source":"console.replay","correlationId":"console-replay:mgmovb5yj24n7vhi","nativeTimestampMs":13178461.656,"nativeDurationMs":180,"nativeOffsetMs":9.58772100135684,"nativeSequence":6,"monotonicTimestampMs":13178461.656}
10-11 15:49:14.951  2422  2607 I ReactNativeJS: [outputs] outputs.hapticSymbol {"timestamp":13178472.334502,"wallClock":1760212154951,"enabled":true,"symbol":"-","durationMs":180,"platform":"android","source":"console.replay","correlationId":"console-replay:mgmovb5yj24n7vhi","timelineOffsetMs":9.58772100135684}
10-11 15:49:14.952  2422  2607 I ReactNativeJS: [outputs] outputs.flashPulse {"timestamp":13178473.655231,"wallClock":1760212154952,"enabled":true,"durationMs":180,"source":"console.replay","correlationId":"console-replay:mgmovb5yj24n7vhi","timelineOffsetMs":9.58772100135684}
10-11 15:49:15.019  2422  2607 I ReactNativeJS: [outputs] outputs.flashPulse.commit {"timestamp":13178540.532366,"wallClock":1760212155019,"durationMs":180,"source":"console.replay","correlationId":"console-replay:mgmovb5yj24n7vhi","latencyMs":69.28104100003839,"timelineOffsetMs":9.58772100135684,"leadMs":8,"scheduleSkewMs":77.28104100003839}
10-11 15:49:15.121  2422  9946 D OutputsAudio: [outputs-audio] stop gain=1.000 release=6.00
10-11 15:49:15.181  2422  9946 D OutputsAudio: [outputs-audio] start hz=700.0 gain=1.000 attack=2.50 release=6.00
10-11 15:49:15.188  2422  2607 D OutputsAudio: [outputs-audio] symbol.info sequence=7 symbol=. timestamp=13178702.902 duration=60.000
10-11 15:49:15.189  2422  2607 I ReactNativeJS: [outputs] playMorse.symbol {"timestamp":13178710.06221,"wallClock":1760212155188,"symbol":".","durationMs":60,"index":6,"source":"console.replay","correlationId":"console-replay:mgmovbck3oggxghe","nativeTimestampMs":13178702.902,"nativeDurationMs":60,"nativeOffsetMs":7.081667998805642,"nativeSequence":7,"monotonicTimestampMs":13178702.902}
10-11 15:49:15.190  2422  2607 I ReactNativeJS: [outputs] outputs.hapticSymbol {"timestamp":13178710.850075,"wallClock":1760212155189,"enabled":true,"symbol":".","durationMs":60,"platform":"android","source":"console.replay","correlationId":"console-replay:mgmovbck3oggxghe","timelineOffsetMs":7.081667998805642}
10-11 15:49:15.191  2422  2607 I ReactNativeJS: [outputs] outputs.flashPulse {"timestamp":13178712.082314,"wallClock":1760212155190,"enabled":true,"durationMs":60,"source":"console.replay","correlationId":"console-replay:mgmovbck3oggxghe","timelineOffsetMs":7.081667998805642}
10-11 15:49:15.241  2422  9946 D OutputsAudio: [outputs-audio] stop gain=1.000 release=6.00
10-11 15:49:15.261  2422  2607 I ReactNativeJS: [outputs] outputs.flashPulse.commit {"timestamp":13178782.740023,"wallClock":1760212155261,"durationMs":60,"source":"console.replay","correlationId":"console-replay:mgmovbck3oggxghe","latencyMs":72.75125000067055,"timelineOffsetMs":7.081667998805642,"leadMs":8,"scheduleSkewMs":80.75125000067055}
10-11 15:49:15.302  2422  9946 D OutputsAudio: [outputs-audio] start hz=700.0 gain=1.000 attack=2.50 release=6.00
10-11 15:49:15.310  2422  2607 D OutputsAudio: [outputs-audio] symbol.info sequence=8 symbol=. timestamp=13178823.689 duration=60.000
10-11 15:49:15.311  2422  2607 I ReactNativeJS: [outputs] playMorse.symbol {"timestamp":13178831.710804,"wallClock":1760212155310,"symbol":".","durationMs":60,"index":7,"source":"console.replay","correlationId":"console-replay:mgmovbfyt8x030sq","nativeTimestampMs":13178823.689,"nativeDurationMs":60,"nativeOffsetMs":7.971127001568675,"nativeSequence":8,"monotonicTimestampMs":13178823.689}
10-11 15:49:15.311  2422  2607 I ReactNativeJS: [outputs] outputs.hapticSymbol {"timestamp":13178832.284502,"wallClock":1760212155311,"enabled":true,"symbol":".","durationMs":60,"platform":"android","source":"console.replay","correlationId":"console-replay:mgmovbfyt8x030sq","timelineOffsetMs":7.971127001568675}
10-11 15:49:15.312  2422  2607 I ReactNativeJS: [outputs] outputs.flashPulse {"timestamp":13178833.035596,"wallClock":1760212155311,"enabled":true,"durationMs":60,"source":"console.replay","correlationId":"console-replay:mgmovbfyt8x030sq","timelineOffsetMs":7.971127001568675}
10-11 15:49:15.362  2422  9946 D OutputsAudio: [outputs-audio] stop gain=1.000 release=6.00
10-11 15:49:15.364  2422  2607 I ReactNativeJS: [outputs] outputs.flashPulse.commit {"timestamp":13178884.940491,"wallClock":1760212155363,"durationMs":60,"source":"console.replay","correlationId":"console-replay:mgmovbfyt8x030sq","latencyMs":53.275572998449206,"timelineOffsetMs":7.971127001568675,"leadMs":8,"scheduleSkewMs":61.275572998449206}
10-11 15:49:15.422  2422  9946 D OutputsAudio: [outputs-audio] start hz=700.0 gain=1.000 attack=2.50 release=6.00
10-11 15:49:15.432  2422  2607 D OutputsAudio: [outputs-audio] symbol.info sequence=9 symbol=. timestamp=13178944.164 duration=60.000
10-11 15:49:15.445  2422  2607 I ReactNativeJS: [outputs] playMorse.symbol {"timestamp":13178956.251325,"wallClock":1760212155435,"symbol":".","durationMs":60,"index":8,"source":"console.replay","correlationId":"console-replay:mgmovbjf9kze4304","nativeTimestampMs":13178944.164,"nativeDurationMs":60,"nativeOffsetMs":11.9782619997859,"nativeSequence":9,"monotonicTimestampMs":13178944.164}
10-11 15:49:15.446  2422  2607 I ReactNativeJS: [outputs] outputs.hapticSymbol {"timestamp":13178967.06372,"wallClock":1760212155445,"enabled":true,"symbol":".","durationMs":60,"platform":"android","source":"console.replay","correlationId":"console-replay:mgmovbjf9kze4304","timelineOffsetMs":11.9782619997859}
10-11 15:49:15.447  2422  2607 I ReactNativeJS: [outputs] outputs.flashPulse {"timestamp":13178968.297262,"wallClock":1760212155447,"enabled":true,"durationMs":60,"source":"console.replay","correlationId":"console-replay:mgmovbjf9kze4304","timelineOffsetMs":11.9782619997859}
10-11 15:49:15.483  2422  9946 D OutputsAudio: [outputs-audio] stop gain=1.000 release=6.00
10-11 15:49:15.504  2422  2607 I ReactNativeJS: [outputs] outputs.flashPulse.commit {"timestamp":13179025.261585,"wallClock":1760212155504,"durationMs":60,"source":"console.replay","correlationId":"console-replay:mgmovbjf9kze4304","latencyMs":69.11406300030649,"timelineOffsetMs":11.9782619997859,"leadMs":8,"scheduleSkewMs":77.11406300030649}
10-11 15:49:15.544  2422  9946 D OutputsAudio: [outputs-audio] start hz=700.0 gain=1.000 attack=2.50 release=6.00
10-11 15:49:15.549  2422  2607 D OutputsAudio: [outputs-audio] symbol.info sequence=10 symbol=- timestamp=13179066.038 duration=180.000
10-11 15:49:15.549  2422  2607 I ReactNativeJS: [outputs] playMorse.symbol {"timestamp":13179070.58247,"wallClock":1760212155549,"symbol":"-","durationMs":180,"index":9,"source":"console.replay","correlationId":"console-replay:mgmovbmlux9feo3l","nativeTimestampMs":13179066.038,"nativeDurationMs":180,"nativeOffsetMs":4.496969999745488,"nativeSequence":10,"monotonicTimestampMs":13179066.038}
10-11 15:49:15.550  2422  2607 I ReactNativeJS: [outputs] outputs.hapticSymbol {"timestamp":13179071.076325,"wallClock":1760212155549,"enabled":true,"symbol":"-","durationMs":180,"platform":"android","source":"console.replay","correlationId":"console-replay:mgmovbmlux9feo3l","timelineOffsetMs":4.496969999745488}
10-11 15:49:15.550  2422  2607 I ReactNativeJS: [outputs] outputs.flashPulse {"timestamp":13179071.761481,"wallClock":1760212155550,"enabled":true,"durationMs":180,"source":"console.replay","correlationId":"console-replay:mgmovbmlux9feo3l","timelineOffsetMs":4.496969999745488}
10-11 15:49:15.609  2422  2607 I ReactNativeJS: [outputs] outputs.flashPulse.commit {"timestamp":13179130.213616,"wallClock":1760212155609,"durationMs":180,"source":"console.replay","correlationId":"console-replay:mgmovbmlux9feo3l","latencyMs":59.67406299896538,"timelineOffsetMs":4.496969999745488,"leadMs":8,"scheduleSkewMs":67.67406299896538}
10-11 15:49:15.725  2422  9946 D OutputsAudio: [outputs-audio] stop gain=1.000 release=6.00
10-11 15:49:15.785  2422  9946 D OutputsAudio: [outputs-audio] start hz=700.0 gain=1.000 attack=2.50 release=6.00
10-11 15:49:15.799  2422  2607 D OutputsAudio: [outputs-audio] symbol.info sequence=11 symbol=- timestamp=13179306.946 duration=180.000
10-11 15:49:15.800  2422  2607 I ReactNativeJS: [outputs] playMorse.symbol {"timestamp":13179320.753252,"wallClock":1760212155799,"symbol":"-","durationMs":180,"index":10,"source":"console.replay","correlationId":"console-replay:mgmovbtj97wt6mmw","nativeTimestampMs":13179306.946,"nativeDurationMs":180,"nativeOffsetMs":13.711938999593258,"nativeSequence":11,"monotonicTimestampMs":13179306.946}
10-11 15:49:15.801  2422  2607 I ReactNativeJS: [outputs] outputs.hapticSymbol {"timestamp":13179321.708616,"wallClock":1760212155800,"enabled":true,"symbol":"-","durationMs":180,"platform":"android","source":"console.replay","correlationId":"console-replay:mgmovbtj97wt6mmw","timelineOffsetMs":13.711938999593258}
10-11 15:49:15.802  2422  2607 I ReactNativeJS: [outputs] outputs.flashPulse {"timestamp":13179323.07596,"wallClock":1760212155801,"enabled":true,"durationMs":180,"source":"console.replay","correlationId":"console-replay:mgmovbtj97wt6mmw","timelineOffsetMs":13.711938999593258}
10-11 15:49:15.865  2422  2607 I ReactNativeJS: [outputs] outputs.flashPulse.commit {"timestamp":13179385.759866,"wallClock":1760212155864,"durationMs":180,"source":"console.replay","correlationId":"console-replay:mgmovbtj97wt6mmw","latencyMs":65.09609399922192,"timelineOffsetMs":13.711938999593258,"leadMs":8,"scheduleSkewMs":73.09609399922192}
10-11 15:49:15.966  2422  9946 D OutputsAudio: [outputs-audio] stop gain=1.000 release=6.00
10-11 15:49:16.026  2422  9946 D OutputsAudio: [outputs-audio] start hz=700.0 gain=1.000 attack=2.50 release=6.00
10-11 15:49:16.043  2422  2607 D OutputsAudio: [outputs-audio] symbol.info sequence=12 symbol=- timestamp=13179547.470 duration=180.000
10-11 15:49:16.043  2422  2607 I ReactNativeJS: [outputs] playMorse.symbol {"timestamp":13179564.381376,"wallClock":1760212156043,"symbol":"-","durationMs":180,"index":11,"source":"console.replay","correlationId":"console-replay:mgmovc0b97zvzlei","nativeTimestampMs":13179547.47,"nativeDurationMs":180,"nativeOffsetMs":16.75132399983704,"nativeSequence":12,"monotonicTimestampMs":13179547.47}
10-11 15:49:16.044  2422  2607 I ReactNativeJS: [outputs] outputs.hapticSymbol {"timestamp":13179565.222314,"wallClock":1760212156044,"enabled":true,"symbol":"-","durationMs":180,"platform":"android","source":"console.replay","correlationId":"console-replay:mgmovc0b97zvzlei","timelineOffsetMs":16.75132399983704}
10-11 15:49:16.045  2422  2607 I ReactNativeJS: [outputs] outputs.flashPulse {"timestamp":13179566.536585,"wallClock":1760212156045,"enabled":true,"durationMs":180,"source":"console.replay","correlationId":"console-replay:mgmovc0b97zvzlei","timelineOffsetMs":16.75132399983704}
10-11 15:49:16.116  2422  2607 I ReactNativeJS: [outputs] outputs.flashPulse.commit {"timestamp":13179637.198668,"wallClock":1760212156116,"durationMs":180,"source":"console.replay","correlationId":"console-replay:mgmovc0b97zvzlei","latencyMs":72.97010499984026,"timelineOffsetMs":16.75132399983704,"leadMs":8,"scheduleSkewMs":80.97010499984026}
10-11 15:49:16.206  2422  9946 D OutputsAudio: [outputs-audio] stop gain=1.000 release=6.00
10-11 15:49:16.267  2422  9946 D OutputsAudio: [outputs-audio] start hz=700.0 gain=1.000 attack=2.50 release=6.00
10-11 15:49:16.274  2422  2607 D OutputsAudio: [outputs-audio] symbol.info sequence=13 symbol=. timestamp=13179788.994 duration=60.000
10-11 15:49:16.275  2422  2607 I ReactNativeJS: [outputs] playMorse.symbol {"timestamp":13179795.807158,"wallClock":1760212156274,"symbol":".","durationMs":60,"index":12,"source":"console.replay","correlationId":"console-replay:mgmovc6qi0xe055k","nativeTimestampMs":13179788.994,"nativeDurationMs":60,"nativeOffsetMs":6.727427998557687,"nativeSequence":13,"monotonicTimestampMs":13179788.994}
10-11 15:49:16.276  2422  2607 I ReactNativeJS: [outputs] outputs.hapticSymbol {"timestamp":13179796.769137,"wallClock":1760212156275,"enabled":true,"symbol":".","durationMs":60,"platform":"android","source":"console.replay","correlationId":"console-replay:mgmovc6qi0xe055k","timelineOffsetMs":6.727427998557687}
10-11 15:49:16.277  2422  2607 I ReactNativeJS: [outputs] outputs.flashPulse {"timestamp":13179797.941324,"wallClock":1760212156276,"enabled":true,"durationMs":60,"source":"console.replay","correlationId":"console-replay:mgmovc6qi0xe055k","timelineOffsetMs":6.727427998557687}
10-11 15:49:16.328  2422  9946 D OutputsAudio: [outputs-audio] stop gain=1.000 release=6.00
10-11 15:49:16.339  2422  2607 I ReactNativeJS: [outputs] outputs.flashPulse.commit {"timestamp":13179860.102522,"wallClock":1760212156338,"durationMs":60,"source":"console.replay","correlationId":"console-replay:mgmovc6qi0xe055k","latencyMs":64.37526100128889,"timelineOffsetMs":6.727427998557687,"leadMs":8,"scheduleSkewMs":72.37526100128889}
10-11 15:49:16.389  2422  9946 D OutputsAudio: [outputs-audio] start hz=700.0 gain=1.000 attack=2.50 release=6.00
10-11 15:49:16.403  2422  2607 D OutputsAudio: [outputs-audio] symbol.info sequence=14 symbol=. timestamp=13179910.662 duration=60.000
10-11 15:49:16.404  2422  2607 I ReactNativeJS: [outputs] playMorse.symbol {"timestamp":13179924.991741,"wallClock":1760212156403,"symbol":".","durationMs":60,"index":13,"source":"console.replay","correlationId":"console-replay:mgmovcabh3s1o84n","nativeTimestampMs":13179910.662,"nativeDurationMs":60,"nativeOffsetMs":14.242761999368668,"nativeSequence":14,"monotonicTimestampMs":13179910.662}
10-11 15:49:16.405  2422  2607 I ReactNativeJS: [outputs] outputs.hapticSymbol {"timestamp":13179925.80872,"wallClock":1760212156404,"enabled":true,"symbol":".","durationMs":60,"platform":"android","source":"console.replay","correlationId":"console-replay:mgmovcabh3s1o84n","timelineOffsetMs":14.242761999368668}
10-11 15:49:16.406  2422  2607 I ReactNativeJS: [outputs] outputs.flashPulse {"timestamp":13179926.967678,"wallClock":1760212156405,"enabled":true,"durationMs":60,"source":"console.replay","correlationId":"console-replay:mgmovcabh3s1o84n","timelineOffsetMs":14.242761999368668}
10-11 15:49:16.449  2422  9946 D OutputsAudio: [outputs-audio] stop gain=1.000 release=6.00
10-11 15:49:16.466  2422  2607 I ReactNativeJS: [outputs] outputs.flashPulse.commit {"timestamp":13179987.462262,"wallClock":1760212156466,"durationMs":60,"source":"console.replay","correlationId":"console-replay:mgmovcabh3s1o84n","latencyMs":62.5520310010761,"timelineOffsetMs":14.242761999368668,"leadMs":8,"scheduleSkewMs":70.5520310010761}
10-11 15:49:16.510  2422  9946 D OutputsAudio: [outputs-audio] start hz=700.0 gain=1.000 attack=2.50 release=6.00
10-11 15:49:16.531  2422  2607 D OutputsAudio: [outputs-audio] symbol.info sequence=15 symbol=. timestamp=13180032.196 duration=60.000
10-11 15:49:16.532  2422  2607 I ReactNativeJS: [outputs] playMorse.symbol {"timestamp":13180052.803876,"wallClock":1760212156531,"symbol":".","durationMs":60,"index":14,"source":"console.replay","correlationId":"console-replay:mgmovcdv033dtyjp","nativeTimestampMs":13180032.196,"nativeDurationMs":60,"nativeOffsetMs":20.527042999863625,"nativeSequence":15,"monotonicTimestampMs":13180032.196}
10-11 15:49:16.532  2422  2607 I ReactNativeJS: [outputs] outputs.hapticSymbol {"timestamp":13180053.685283,"wallClock":1760212156532,"enabled":true,"symbol":".","durationMs":60,"platform":"android","source":"console.replay","correlationId":"console-replay:mgmovcdv033dtyjp","timelineOffsetMs":20.527042999863625}
10-11 15:49:16.534  2422  2607 I ReactNativeJS: [outputs] outputs.flashPulse {"timestamp":13180054.743772,"wallClock":1760212156533,"enabled":true,"durationMs":60,"source":"console.replay","correlationId":"console-replay:mgmovcdv033dtyjp","timelineOffsetMs":20.527042999863625}
10-11 15:49:16.571  2422  9946 D OutputsAudio: [outputs-audio] stop gain=1.000 release=6.00
10-11 15:49:16.594  2422  2607 I ReactNativeJS: [outputs] outputs.flashPulse.commit {"timestamp":13180115.030855,"wallClock":1760212156593,"durationMs":60,"source":"console.replay","correlationId":"console-replay:mgmovcdv033dtyjp","latencyMs":62.30275999940932,"timelineOffsetMs":20.527042999863625,"leadMs":8,"scheduleSkewMs":70.30275999940932}
10-11 15:49:16.631  2422  9946 D OutputsAudio: [outputs-audio] start hz=700.0 gain=1.000 attack=2.50 release=6.00
10-11 15:49:16.637  2422  2607 D OutputsAudio: [outputs-audio] symbol.info sequence=16 symbol=- timestamp=13180152.852 duration=180.000
10-11 15:49:16.637  2422  2607 I ReactNativeJS: [outputs] playMorse.symbol {"timestamp":13180158.659553,"wallClock":1760212156637,"symbol":"-","durationMs":180,"index":15,"source":"console.replay","correlationId":"console-replay:mgmovcgtz3c6x7qc","nativeTimestampMs":13180152.852,"nativeDurationMs":180,"nativeOffsetMs":5.7591159995645285,"nativeSequence":16,"monotonicTimestampMs":13180152.852}
10-11 15:49:16.638  2422  2607 I ReactNativeJS: [outputs] outputs.hapticSymbol {"timestamp":13180159.147053,"wallClock":1760212156638,"enabled":true,"symbol":"-","durationMs":180,"platform":"android","source":"console.replay","correlationId":"console-replay:mgmovcgtz3c6x7qc","timelineOffsetMs":5.7591159995645285}
10-11 15:49:16.639  2422  2607 I ReactNativeJS: [outputs] outputs.flashPulse {"timestamp":13180159.879137,"wallClock":1760212156638,"enabled":true,"durationMs":180,"source":"console.replay","correlationId":"console-replay:mgmovcgtz3c6x7qc","timelineOffsetMs":5.7591159995645285}
10-11 15:49:16.694  2422  2607 I ReactNativeJS: [outputs] outputs.flashPulse.commit {"timestamp":13180215.335647,"wallClock":1760212156694,"durationMs":180,"source":"console.replay","correlationId":"console-replay:mgmovcgtz3c6x7qc","latencyMs":56.718802001327276,"timelineOffsetMs":5.7591159995645285,"leadMs":8,"scheduleSkewMs":64.71880200132728}
10-11 15:49:16.812  2422  9946 D OutputsAudio: [outputs-audio] stop gain=1.000 release=6.00
10-11 15:49:16.873  2422  9946 D OutputsAudio: [outputs-audio] start hz=700.0 gain=1.000 attack=2.50 release=6.00
10-11 15:49:16.885  2422  2607 D OutputsAudio: [outputs-audio] symbol.info sequence=17 symbol=- timestamp=13180394.535 duration=180.000
10-11 15:49:16.886  2422  2607 I ReactNativeJS: [outputs] playMorse.symbol {"timestamp":13180406.350595,"wallClock":1760212156885,"symbol":"-","durationMs":180,"index":16,"source":"console.replay","correlationId":"console-replay:mgmovcnpkmn4cbys","nativeTimestampMs":13180394.535,"nativeDurationMs":180,"nativeOffsetMs":11.726115999743342,"nativeSequence":17,"monotonicTimestampMs":13180394.535}
10-11 15:49:16.887  2422  2607 I ReactNativeJS: [outputs] outputs.hapticSymbol {"timestamp":13180407.612782,"wallClock":1760212156886,"enabled":true,"symbol":"-","durationMs":180,"platform":"android","source":"console.replay","correlationId":"console-replay:mgmovcnpkmn4cbys","timelineOffsetMs":11.726115999743342}
10-11 15:49:16.888  2422  2607 I ReactNativeJS: [outputs] outputs.flashPulse {"timestamp":13180409.09273,"wallClock":1760212156887,"enabled":true,"durationMs":180,"source":"console.replay","correlationId":"console-replay:mgmovcnpkmn4cbys","timelineOffsetMs":11.726115999743342}
10-11 15:49:16.954  2422  2607 I ReactNativeJS: [outputs] outputs.flashPulse.commit {"timestamp":13180474.863772,"wallClock":1760212156953,"durationMs":180,"source":"console.replay","correlationId":"console-replay:mgmovcnpkmn4cbys","latencyMs":68.5972910001874,"timelineOffsetMs":11.726115999743342,"leadMs":8,"scheduleSkewMs":76.5972910001874}
10-11 15:49:17.053  2422  9946 D OutputsAudio: [outputs-audio] stop gain=1.000 release=6.00
10-11 15:49:17.114  2422  9946 D OutputsAudio: [outputs-audio] start hz=700.0 gain=1.000 attack=2.50 release=6.00
10-11 15:49:17.126  2422  2607 D OutputsAudio: [outputs-audio] symbol.info sequence=18 symbol=- timestamp=13180635.867 duration=180.000
10-11 15:49:17.129  2422  2607 I ReactNativeJS: [outputs] playMorse.symbol {"timestamp":13180647.84898,"wallClock":1760212157126,"symbol":"-","durationMs":180,"index":17,"source":"console.replay","correlationId":"console-replay:mgmovcueq2xg335h","nativeTimestampMs":13180635.867,"nativeDurationMs":180,"nativeOffsetMs":11.877396998926997,"nativeSequence":18,"monotonicTimestampMs":13180635.867}
10-11 15:49:17.129  2422  2607 I ReactNativeJS: [outputs] outputs.hapticSymbol {"timestamp":13180650.309293,"wallClock":1760212157129,"enabled":true,"symbol":"-","durationMs":180,"platform":"android","source":"console.replay","correlationId":"console-replay:mgmovcueq2xg335h","timelineOffsetMs":11.877396998926997}
10-11 15:49:17.132  2422  2607 I ReactNativeJS: [outputs] outputs.flashPulse {"timestamp":13180653.364709,"wallClock":1760212157132,"enabled":true,"durationMs":180,"source":"console.replay","correlationId":"console-replay:mgmovcueq2xg335h","timelineOffsetMs":11.877396998926997}
10-11 15:49:17.206  2422  2607 I ReactNativeJS: [outputs] outputs.flashPulse.commit {"timestamp":13180727.447001,"wallClock":1760212157206,"durationMs":180,"source":"console.replay","correlationId":"console-replay:mgmovcueq2xg335h","latencyMs":79.69697900116444,"timelineOffsetMs":11.877396998926997,"leadMs":8,"scheduleSkewMs":87.69697900116444}
10-11 15:49:17.295  2422  9946 D OutputsAudio: [outputs-audio] stop gain=1.000 release=6.00
10-11 15:49:17.355  2422  9946 D OutputsAudio: [outputs-audio] start hz=700.0 gain=1.000 attack=2.50 release=6.00
10-11 15:49:17.369  2422  2607 D OutputsAudio: [outputs-audio] symbol.info sequence=19 symbol=. timestamp=13180876.595 duration=60.000
10-11 15:49:17.370  2422  2607 I ReactNativeJS: [outputs] playMorse.symbol {"timestamp":13180891.120282,"wallClock":1760212157369,"symbol":".","durationMs":60,"index":18,"source":"console.replay","correlationId":"console-replay:mgmovd1563s8brsn","nativeTimestampMs":13180876.595,"nativeDurationMs":60,"nativeOffsetMs":14.451584000140429,"nativeSequence":19,"monotonicTimestampMs":13180876.595}
10-11 15:49:17.371  2422  2607 I ReactNativeJS: [outputs] outputs.hapticSymbol {"timestamp":13180891.916116,"wallClock":1760212157370,"enabled":true,"symbol":".","durationMs":60,"platform":"android","source":"console.replay","correlationId":"console-replay:mgmovd1563s8brsn","timelineOffsetMs":14.451584000140429}
10-11 15:49:17.372  2422  2607 I ReactNativeJS: [outputs] outputs.flashPulse {"timestamp":13180893.062991,"wallClock":1760212157371,"enabled":true,"durationMs":60,"source":"console.replay","correlationId":"console-replay:mgmovd1563s8brsn","timelineOffsetMs":14.451584000140429}
10-11 15:49:17.415  2422  9946 D OutputsAudio: [outputs-audio] stop gain=1.000 release=6.00
10-11 15:49:17.428  2422  2607 I ReactNativeJS: [outputs] outputs.flashPulse.commit {"timestamp":13180949.689605,"wallClock":1760212157428,"durationMs":60,"source":"console.replay","correlationId":"console-replay:mgmovd1563s8brsn","latencyMs":58.637187998741865,"timelineOffsetMs":14.451584000140429,"leadMs":8,"scheduleSkewMs":66.63718799874187}
10-11 15:49:17.476  2422  9946 D OutputsAudio: [outputs-audio] start hz=700.0 gain=1.000 attack=2.50 release=6.00
10-11 15:49:17.478  2422  2607 D OutputsAudio: [outputs-audio] symbol.info sequence=20 symbol=. timestamp=13180997.966 duration=60.000
10-11 15:49:17.478  2422  2607 I ReactNativeJS: [outputs] playMorse.symbol {"timestamp":13180999.241949,"wallClock":1760212157478,"symbol":".","durationMs":60,"index":19,"source":"console.replay","correlationId":"console-replay:mgmovd4637ya7tmj","nativeTimestampMs":13180997.966,"nativeDurationMs":60,"nativeOffsetMs":1.224958999082446,"nativeSequence":20,"monotonicTimestampMs":13180997.966}
10-11 15:49:17.478  2422  2607 I ReactNativeJS: [outputs] outputs.hapticSymbol {"timestamp":13180999.743355,"wallClock":1760212157478,"enabled":true,"symbol":".","durationMs":60,"platform":"android","source":"console.replay","correlationId":"console-replay:mgmovd4637ya7tmj","timelineOffsetMs":1.224958999082446}
10-11 15:49:17.479  2422  2607 I ReactNativeJS: [outputs] outputs.flashPulse {"timestamp":13181000.58872,"wallClock":1760212157479,"enabled":true,"durationMs":60,"source":"console.replay","correlationId":"console-replay:mgmovd4637ya7tmj","timelineOffsetMs":1.224958999082446}
10-11 15:49:17.537  2422  9946 D OutputsAudio: [outputs-audio] stop gain=1.000 release=6.00
10-11 15:49:17.537  2422  2607 I ReactNativeJS: [outputs] outputs.flashPulse.commit {"timestamp":13181058.53648,"wallClock":1760212157537,"durationMs":60,"source":"console.replay","correlationId":"console-replay:mgmovd4637ya7tmj","latencyMs":59.34099000133574,"timelineOffsetMs":1.224958999082446,"leadMs":8,"scheduleSkewMs":67.34099000133574}
10-11 15:49:17.598  2422  9946 D OutputsAudio: [outputs-audio] start hz=700.0 gain=1.000 attack=2.50 release=6.00
10-11 15:49:17.615  2422  2607 D OutputsAudio: [outputs-audio] symbol.info sequence=21 symbol=. timestamp=13181120.200 duration=60.000
10-11 15:49:17.616  2422  2607 I ReactNativeJS: [outputs] playMorse.symbol {"timestamp":13181137.066063,"wallClock":1760212157615,"symbol":".","durationMs":60,"index":20,"source":"console.replay","correlationId":"console-replay:mgmovd7zkdxux9zv","nativeTimestampMs":13181120.2,"nativeDurationMs":60,"nativeOffsetMs":16.785385999828577,"nativeSequence":21,"monotonicTimestampMs":13181120.2}
10-11 15:49:17.617  2422  2607 I ReactNativeJS: [outputs] outputs.hapticSymbol {"timestamp":13181137.865126,"wallClock":1760212157616,"enabled":true,"symbol":".","durationMs":60,"platform":"android","source":"console.replay","correlationId":"console-replay:mgmovd7zkdxux9zv","timelineOffsetMs":16.785385999828577}
10-11 15:49:17.618  2422  2607 I ReactNativeJS: [outputs] outputs.flashPulse {"timestamp":13181138.889084,"wallClock":1760212157617,"enabled":true,"durationMs":60,"source":"console.replay","correlationId":"console-replay:mgmovd7zkdxux9zv","timelineOffsetMs":16.785385999828577}
10-11 15:49:17.660  2422  9946 D OutputsAudio: [outputs-audio] stop gain=1.000 release=6.00
10-11 15:49:17.669  2422  2607 I ReactNativeJS: [outputs] outputs.flashPulse.commit {"timestamp":13181189.907522,"wallClock":1760212157668,"durationMs":60,"source":"console.replay","correlationId":"console-replay:mgmovd7zkdxux9zv","latencyMs":52.91630200110376,"timelineOffsetMs":16.785385999828577,"leadMs":8,"scheduleSkewMs":60.91630200110376}
10-11 15:49:17.720  2422  9946 D OutputsAudio: [outputs-audio] start hz=700.0 gain=1.000 attack=2.50 release=6.00
10-11 15:49:17.732  2422  2607 D OutputsAudio: [outputs-audio] symbol.info sequence=22 symbol=- timestamp=13181241.703 duration=180.000
10-11 15:49:17.733  2422  2607 I ReactNativeJS: [outputs] playMorse.symbol {"timestamp":13181253.70872,"wallClock":1760212157732,"symbol":"-","durationMs":180,"index":21,"source":"console.replay","correlationId":"console-replay:mgmovdb8y18t34xs","nativeTimestampMs":13181241.703,"nativeDurationMs":180,"nativeOffsetMs":11.928168000653386,"nativeSequence":22,"monotonicTimestampMs":13181241.703}
10-11 15:49:17.733  2422  2607 I ReactNativeJS: [outputs] outputs.hapticSymbol {"timestamp":13181254.407574,"wallClock":1760212157733,"enabled":true,"symbol":"-","durationMs":180,"platform":"android","source":"console.replay","correlationId":"console-replay:mgmovdb8y18t34xs","timelineOffsetMs":11.928168000653386}
10-11 15:49:17.734  2422  2607 I ReactNativeJS: [outputs] outputs.flashPulse {"timestamp":13181255.419709,"wallClock":1760212157734,"enabled":true,"durationMs":180,"source":"console.replay","correlationId":"console-replay:mgmovdb8y18t34xs","timelineOffsetMs":11.928168000653386}
10-11 15:49:17.785  2422  2607 I ReactNativeJS: [outputs] outputs.flashPulse.commit {"timestamp":13181306.388772,"wallClock":1760212157785,"durationMs":180,"source":"console.replay","correlationId":"console-replay:mgmovdb8y18t34xs","latencyMs":52.75166600011289,"timelineOffsetMs":11.928168000653386,"leadMs":8,"scheduleSkewMs":60.75166600011289}
10-11 15:49:17.901  2422  9946 D OutputsAudio: [outputs-audio] stop gain=1.000 release=6.00
10-11 15:49:17.962  2422  9946 D OutputsAudio: [outputs-audio] start hz=700.0 gain=1.000 attack=2.50 release=6.00
10-11 15:49:17.985  2422  2607 D OutputsAudio: [outputs-audio] symbol.info sequence=23 symbol=- timestamp=13181484.117 duration=180.000
10-11 15:49:17.988  2422  2607 I ReactNativeJS: [outputs] playMorse.symbol {"timestamp":13181506.869865,"wallClock":1760212157985,"symbol":"-","durationMs":180,"index":22,"source":"console.replay","correlationId":"console-replay:mgmovdi92al2fw5t","nativeTimestampMs":13181484.117,"nativeDurationMs":180,"nativeOffsetMs":22.66031299903989,"nativeSequence":23,"monotonicTimestampMs":13181484.117}
10-11 15:49:17.989  2422  2607 I ReactNativeJS: [outputs] outputs.hapticSymbol {"timestamp":13181509.41273,"wallClock":1760212157988,"enabled":true,"symbol":"-","durationMs":180,"platform":"android","source":"console.replay","correlationId":"console-replay:mgmovdi92al2fw5t","timelineOffsetMs":22.66031299903989}
10-11 15:49:17.993  2422  2607 I ReactNativeJS: [outputs] outputs.flashPulse {"timestamp":13181513.354865,"wallClock":1760212157992,"enabled":true,"durationMs":180,"source":"console.replay","correlationId":"console-replay:mgmovdi92al2fw5t","timelineOffsetMs":22.66031299903989}
10-11 15:49:18.057  2422  2607 I ReactNativeJS: [outputs] outputs.flashPulse.commit {"timestamp":13181578.005699,"wallClock":1760212158056,"durationMs":180,"source":"console.replay","correlationId":"console-replay:mgmovdi92al2fw5t","latencyMs":71.22265600040555,"timelineOffsetMs":22.66031299903989,"leadMs":8,"scheduleSkewMs":79.22265600040555}
10-11 15:49:18.144  2422  9946 D OutputsAudio: [outputs-audio] stop gain=1.000 release=6.00
10-11 15:49:18.204  2422  9946 D OutputsAudio: [outputs-audio] start hz=700.0 gain=1.000 attack=2.50 release=6.00
10-11 15:49:18.212  2422  2607 D OutputsAudio: [outputs-audio] symbol.info sequence=24 symbol=- timestamp=13181725.788 duration=180.000
10-11 15:49:18.214  2422  2607 I ReactNativeJS: [outputs] playMorse.symbol {"timestamp":13181733.999709,"wallClock":1760212158212,"symbol":"-","durationMs":180,"index":23,"source":"console.replay","correlationId":"console-replay:mgmovdok9v7r20wp","nativeTimestampMs":13181725.788,"nativeDurationMs":180,"nativeOffsetMs":8.112802999094129,"nativeSequence":24,"monotonicTimestampMs":13181725.788}
10-11 15:49:18.216  2422  2607 I ReactNativeJS: [outputs] outputs.hapticSymbol {"timestamp":13181735.964865,"wallClock":1760212158214,"enabled":true,"symbol":"-","durationMs":180,"platform":"android","source":"console.replay","correlationId":"console-replay:mgmovdok9v7r20wp","timelineOffsetMs":8.112802999094129}
10-11 15:49:18.217  2422  2607 I ReactNativeJS: [outputs] outputs.flashPulse {"timestamp":13181738.579501,"wallClock":1760212158217,"enabled":true,"durationMs":180,"source":"console.replay","correlationId":"console-replay:mgmovdok9v7r20wp","timelineOffsetMs":8.112802999094129}
10-11 15:49:18.283  2422  2607 I ReactNativeJS: [outputs] outputs.flashPulse.commit {"timestamp":13181803.726584,"wallClock":1760212158282,"durationMs":180,"source":"console.replay","correlationId":"console-replay:mgmovdok9v7r20wp","latencyMs":69.82093700021505,"timelineOffsetMs":8.112802999094129,"leadMs":8,"scheduleSkewMs":77.82093700021505}
10-11 15:49:18.385  2422  9946 D OutputsAudio: [outputs-audio] stop gain=1.000 release=6.00
10-11 15:49:18.446  2422  9946 D OutputsAudio: [outputs-audio] start hz=700.0 gain=1.000 attack=2.50 release=6.00
10-11 15:49:18.455  2422  2607 D OutputsAudio: [outputs-audio] symbol.info sequence=25 symbol=. timestamp=13181967.545 duration=60.000
10-11 15:49:18.456  2422  2607 I ReactNativeJS: [outputs] playMorse.symbol {"timestamp":13181976.529292,"wallClock":1760212158455,"symbol":".","durationMs":60,"index":24,"source":"console.replay","correlationId":"console-replay:mgmovdvbzaunvtkv","nativeTimestampMs":13181967.545,"nativeDurationMs":60,"nativeOffsetMs":8.915959000587463,"nativeSequence":25,"monotonicTimestampMs":13181967.545}
10-11 15:49:18.457  2422  2607 I ReactNativeJS: [outputs] outputs.hapticSymbol {"timestamp":13181977.67148,"wallClock":1760212158456,"enabled":true,"symbol":".","durationMs":60,"platform":"android","source":"console.replay","correlationId":"console-replay:mgmovdvbzaunvtkv","timelineOffsetMs":8.915959000587463}
10-11 15:49:18.460  2422  2607 I ReactNativeJS: [outputs] outputs.flashPulse {"timestamp":13181980.826948,"wallClock":1760212158459,"enabled":true,"durationMs":60,"source":"console.replay","correlationId":"console-replay:mgmovdvbzaunvtkv","timelineOffsetMs":8.915959000587463}
10-11 15:49:18.506  2422  9946 D OutputsAudio: [outputs-audio] stop gain=1.000 release=6.00
10-11 15:49:18.513  2422  2607 I ReactNativeJS: [outputs] outputs.flashPulse.commit {"timestamp":13182033.986115,"wallClock":1760212158512,"durationMs":60,"source":"console.replay","correlationId":"console-replay:mgmovdvbzaunvtkv","latencyMs":57.519791999831796,"timelineOffsetMs":8.915959000587463,"leadMs":8,"scheduleSkewMs":65.5197919998318}
10-11 15:49:18.567  2422  9946 D OutputsAudio: [outputs-audio] start hz=700.0 gain=1.000 attack=2.50 release=6.00
10-11 15:49:18.585  2422  2607 D OutputsAudio: [outputs-audio] symbol.info sequence=26 symbol=. timestamp=13182088.903 duration=60.000
10-11 15:49:18.587  2422  2607 I ReactNativeJS: [outputs] playMorse.symbol {"timestamp":13182106.539605,"wallClock":1760212158585,"symbol":".","durationMs":60,"index":25,"source":"console.replay","correlationId":"console-replay:mgmovdyxa1wg8njj","nativeTimestampMs":13182088.903,"nativeDurationMs":60,"nativeOffsetMs":17.53295899927616,"nativeSequence":26,"monotonicTimestampMs":13182088.903}
10-11 15:49:18.588  2422  2607 I ReactNativeJS: [outputs] outputs.hapticSymbol {"timestamp":13182108.285386,"wallClock":1760212158587,"enabled":true,"symbol":".","durationMs":60,"platform":"android","source":"console.replay","correlationId":"console-replay:mgmovdyxa1wg8njj","timelineOffsetMs":17.53295899927616}
10-11 15:49:18.589  2422  2607 I ReactNativeJS: [outputs] outputs.flashPulse {"timestamp":13182110.461167,"wallClock":1760212158589,"enabled":true,"durationMs":60,"source":"console.replay","correlationId":"console-replay:mgmovdyxa1wg8njj","timelineOffsetMs":17.53295899927616}
10-11 15:49:18.627  2422  9946 D OutputsAudio: [outputs-audio] stop gain=1.000 release=6.00
10-11 15:49:18.649  2422  2607 I ReactNativeJS: [outputs] outputs.flashPulse.commit {"timestamp":13182170.215542,"wallClock":1760212158649,"durationMs":60,"source":"console.replay","correlationId":"console-replay:mgmovdyxa1wg8njj","latencyMs":63.774635000154376,"timelineOffsetMs":17.53295899927616,"leadMs":8,"scheduleSkewMs":71.77463500015438}
10-11 15:49:18.688  2422  9946 D OutputsAudio: [outputs-audio] start hz=700.0 gain=1.000 attack=2.50 release=6.00
10-11 15:49:18.698  2422  2607 D OutputsAudio: [outputs-audio] symbol.info sequence=27 symbol=. timestamp=13182210.062 duration=60.000
10-11 15:49:18.698  2422  2607 I ReactNativeJS: [outputs] playMorse.symbol {"timestamp":13182219.438355,"wallClock":1760212158698,"symbol":".","durationMs":60,"index":26,"source":"console.replay","correlationId":"console-replay:mgmove22kdx3bqyg","nativeTimestampMs":13182210.062,"nativeDurationMs":60,"nativeOffsetMs":9.3272399995476,"nativeSequence":27,"monotonicTimestampMs":13182210.062}
10-11 15:49:18.699  2422  2607 I ReactNativeJS: [outputs] outputs.hapticSymbol {"timestamp":13182219.917417,"wallClock":1760212158698,"enabled":true,"symbol":".","durationMs":60,"platform":"android","source":"console.replay","correlationId":"console-replay:mgmove22kdx3bqyg","timelineOffsetMs":9.3272399995476}
10-11 15:49:18.699  2422  2607 I ReactNativeJS: [outputs] outputs.flashPulse {"timestamp":13182220.634813,"wallClock":1760212158699,"enabled":true,"durationMs":60,"source":"console.replay","correlationId":"console-replay:mgmove22kdx3bqyg","timelineOffsetMs":9.3272399995476}
10-11 15:49:18.749  2422  9946 D OutputsAudio: [outputs-audio] stop gain=1.000 release=6.00
10-11 15:49:18.755  2422  2607 I ReactNativeJS: [outputs] outputs.flashPulse.commit {"timestamp":13182276.409553,"wallClock":1760212158755,"durationMs":60,"source":"console.replay","correlationId":"console-replay:mgmove22kdx3bqyg","latencyMs":57.01515599898994,"timelineOffsetMs":9.3272399995476,"leadMs":8,"scheduleSkewMs":65.01515599898994}
10-11 15:49:18.798  2422  2607 I ReactNativeJS: [outputs] playMorse.complete {"timestamp":13182319.555698,"wallClock":1760212158798,"durationMs":4900.887810999528,"source":"console.replay","audioEnabled":true,"audioVolumePercent":100}
10-11 15:49:18.810  2422  9946 D OutputsAudio: [outputs-audio] stop gain=0.000 release=6.00
10-11 15:49:18.810  2422  9946 D OutputsAudio: [outputs-audio] playMorse.end cancelled=0
10-11 15:49:21.452  2422  2607 I ReactNativeJS: [outputs] playMorse.start {"timestamp":13184972.665385,"wallClock":1760212161451,"unitMs":48,"length":28,"source":"console.replay","audioEnabled":true,"audioVolumePercent":100}
10-11 15:49:21.616  2422  2607 D OutputsAudio: [outputs-audio] warmup hz=700.0
10-11 15:49:21.617  2422  9981 D OutputsAudio: [outputs-audio] playMorse.start count=27 unit=48.0
10-11 15:49:21.617  2422  9981 D OutputsAudio: [outputs-audio] start hz=700.0 gain=1.000 attack=2.50 release=6.00
10-11 15:49:21.627  2422  2607 D OutputsAudio: [outputs-audio] symbol.info sequence=1 symbol=. timestamp=13185138.249 duration=48.000
10-11 15:49:21.628  2422  2607 I ReactNativeJS: [outputs] playMorse.symbol {"timestamp":13185148.701687,"wallClock":1760212161627,"symbol":".","durationMs":48,"index":0,"source":"console.replay","correlationId":"console-replay:mgmovgbf7a3b4dr9","nativeTimestampMs":13185138.249,"nativeDurationMs":48,"nativeOffsetMs":10.378259999677539,"nativeSequence":1,"monotonicTimestampMs":13185138.249}
10-11 15:49:21.628  2422  2607 I ReactNativeJS: [outputs] outputs.hapticSymbol {"timestamp":13185149.598666,"wallClock":1760212161628,"enabled":true,"symbol":".","durationMs":48,"platform":"android","source":"console.replay","correlationId":"console-replay:mgmovgbf7a3b4dr9","timelineOffsetMs":10.378259999677539}
10-11 15:49:21.636  2422  2607 I ReactNativeJS: [outputs] outputs.flashPulse {"timestamp":13185156.568041,"wallClock":1760212161635,"enabled":true,"durationMs":48,"source":"console.replay","correlationId":"console-replay:mgmovgbf7a3b4dr9","timelineOffsetMs":10.378259999677539}
10-11 15:49:21.666  2422  9981 D OutputsAudio: [outputs-audio] stop gain=1.000 release=6.00
10-11 15:49:21.701  2422  2607 I ReactNativeJS: [outputs] outputs.flashPulse.commit {"timestamp":13185222.01752,"wallClock":1760212161700,"durationMs":48,"source":"console.replay","correlationId":"console-replay:mgmovgbf7a3b4dr9","latencyMs":73.38526000082493,"timelineOffsetMs":10.378259999677539,"leadMs":8,"scheduleSkewMs":81.38526000082493}
10-11 15:49:21.714  2422  9981 D OutputsAudio: [outputs-audio] start hz=700.0 gain=1.000 attack=2.50 release=6.00
10-11 15:49:21.744  2422  2607 D OutputsAudio: [outputs-audio] symbol.info sequence=2 symbol=. timestamp=13185235.886 duration=48.000
10-11 15:49:21.744  2422  2607 I ReactNativeJS: [outputs] playMorse.symbol {"timestamp":13185265.469083,"wallClock":1760212161744,"symbol":".","durationMs":48,"index":1,"source":"console.replay","correlationId":"console-replay:mgmovgeo4t6ys30v","nativeTimestampMs":13185235.886,"nativeDurationMs":48,"nativeOffsetMs":29.535010000690818,"nativeSequence":2,"monotonicTimestampMs":13185235.886}
10-11 15:49:21.745  2422  2607 I ReactNativeJS: [outputs] outputs.hapticSymbol {"timestamp":13185265.960437,"wallClock":1760212161744,"enabled":true,"symbol":".","durationMs":48,"platform":"android","source":"console.replay","correlationId":"console-replay:mgmovgeo4t6ys30v","timelineOffsetMs":29.535010000690818}
10-11 15:49:21.745  2422  2607 I ReactNativeJS: [outputs] outputs.flashPulse {"timestamp":13185266.64002,"wallClock":1760212161745,"enabled":true,"durationMs":48,"source":"console.replay","correlationId":"console-replay:mgmovgeo4t6ys30v","timelineOffsetMs":29.535010000690818}
10-11 15:49:21.763  2422  9981 D OutputsAudio: [outputs-audio] stop gain=1.000 release=6.00
10-11 15:49:21.796  2422  2607 I ReactNativeJS: [outputs] outputs.flashPulse.commit {"timestamp":13185316.858041,"wallClock":1760212161795,"durationMs":48,"source":"console.replay","correlationId":"console-replay:mgmovgeo4t6ys30v","latencyMs":51.43213499896228,"timelineOffsetMs":29.535010000690818,"leadMs":8,"scheduleSkewMs":59.43213499896228}
10-11 15:49:21.812  2422  9981 D OutputsAudio: [outputs-audio] start hz=700.0 gain=1.000 attack=2.50 release=6.00
10-11 15:49:21.839  2422  2607 D OutputsAudio: [outputs-audio] symbol.info sequence=3 symbol=. timestamp=13185334.070 duration=48.000
10-11 15:49:21.840  2422  2607 I ReactNativeJS: [outputs] playMorse.symbol {"timestamp":13185360.896114,"wallClock":1760212161839,"symbol":".","durationMs":48,"index":2,"source":"console.replay","correlationId":"console-replay:mgmovghbctcjlatw","nativeTimestampMs":13185334.07,"nativeDurationMs":48,"nativeOffsetMs":26.774290999397635,"nativeSequence":3,"monotonicTimestampMs":13185334.07}
10-11 15:49:21.840  2422  2607 I ReactNativeJS: [outputs] outputs.hapticSymbol {"timestamp":13185361.393249,"wallClock":1760212161840,"enabled":true,"symbol":".","durationMs":48,"platform":"android","source":"console.replay","correlationId":"console-replay:mgmovghbctcjlatw","timelineOffsetMs":26.774290999397635}
10-11 15:49:21.841  2422  2607 I ReactNativeJS: [outputs] outputs.flashPulse {"timestamp":13185362.108562,"wallClock":1760212161840,"enabled":true,"durationMs":48,"source":"console.replay","correlationId":"console-replay:mgmovghbctcjlatw","timelineOffsetMs":26.774290999397635}
10-11 15:49:21.861  2422  9981 D OutputsAudio: [outputs-audio] stop gain=1.000 release=6.00
10-11 15:49:21.896  2422  2607 I ReactNativeJS: [outputs] outputs.flashPulse.commit {"timestamp":13185417.751583,"wallClock":1760212161896,"durationMs":48,"source":"console.replay","correlationId":"console-replay:mgmovghbctcjlatw","latencyMs":56.902083000168204,"timelineOffsetMs":26.774290999397635,"leadMs":8,"scheduleSkewMs":64.9020830001682}
10-11 15:49:21.910  2422  9981 D OutputsAudio: [outputs-audio] start hz=700.0 gain=1.000 attack=2.50 release=6.00
10-11 15:49:21.945  2422  2607 D OutputsAudio: [outputs-audio] symbol.info sequence=4 symbol=- timestamp=13185431.365 duration=144.000
10-11 15:49:21.945  2422  2607 I ReactNativeJS: [outputs] playMorse.symbol {"timestamp":13185466.555228,"wallClock":1760212161945,"symbol":"-","durationMs":144,"index":3,"source":"console.replay","correlationId":"console-replay:mgmovgk9eurwlqv7","nativeTimestampMs":13185431.365,"nativeDurationMs":144,"nativeOffsetMs":35.14481199905276,"nativeSequence":4,"monotonicTimestampMs":13185431.365}
10-11 15:49:21.946  2422  2607 I ReactNativeJS: [outputs] outputs.hapticSymbol {"timestamp":13185467.015333,"wallClock":1760212161945,"enabled":true,"symbol":"-","durationMs":144,"platform":"android","source":"console.replay","correlationId":"console-replay:mgmovgk9eurwlqv7","timelineOffsetMs":35.14481199905276}
10-11 15:49:21.946  2422  2607 I ReactNativeJS: [outputs] outputs.flashPulse {"timestamp":13185467.666947,"wallClock":1760212161946,"enabled":true,"durationMs":144,"source":"console.replay","correlationId":"console-replay:mgmovgk9eurwlqv7","timelineOffsetMs":35.14481199905276}
10-11 15:49:22.004  2422  2607 I ReactNativeJS: [outputs] outputs.flashPulse.commit {"timestamp":13185525.083718,"wallClock":1760212162003,"durationMs":144,"source":"console.replay","correlationId":"console-replay:mgmovgk9eurwlqv7","latencyMs":58.569114001467824,"timelineOffsetMs":35.14481199905276,"leadMs":8,"scheduleSkewMs":66.56911400146782}
10-11 15:49:22.055  2422  9981 D OutputsAudio: [outputs-audio] stop gain=1.000 release=6.00
10-11 15:49:22.104  2422  9981 D OutputsAudio: [outputs-audio] start hz=700.0 gain=1.000 attack=2.50 release=6.00
10-11 15:49:22.114  2422  2607 D OutputsAudio: [outputs-audio] symbol.info sequence=5 symbol=- timestamp=13185625.345 duration=144.000
10-11 15:49:22.115  2422  2607 I ReactNativeJS: [outputs] playMorse.symbol {"timestamp":13185635.96377,"wallClock":1760212162114,"symbol":"-","durationMs":144,"index":4,"source":"console.replay","correlationId":"console-replay:mgmovgoylhfchr9w","nativeTimestampMs":13185625.345,"nativeDurationMs":144,"nativeOffsetMs":10.503925999626517,"nativeSequence":5,"monotonicTimestampMs":13185625.345}
10-11 15:49:22.116  2422  2607 I ReactNativeJS: [outputs] outputs.hapticSymbol {"timestamp":13185637.143458,"wallClock":1760212162116,"enabled":true,"symbol":"-","durationMs":144,"platform":"android","source":"console.replay","correlationId":"console-replay:mgmovgoylhfchr9w","timelineOffsetMs":10.503925999626517}
10-11 15:49:22.118  2422  2607 I ReactNativeJS: [outputs] outputs.flashPulse {"timestamp":13185639.04002,"wallClock":1760212162117,"enabled":true,"durationMs":144,"source":"console.replay","correlationId":"console-replay:mgmovgoylhfchr9w","timelineOffsetMs":10.503925999626517}
10-11 15:49:22.189  2422  2607 I ReactNativeJS: [outputs] outputs.flashPulse.commit {"timestamp":13185710.075176,"wallClock":1760212162188,"durationMs":144,"source":"console.replay","correlationId":"console-replay:mgmovgoylhfchr9w","latencyMs":74.22041700035334,"timelineOffsetMs":10.503925999626517,"leadMs":8,"scheduleSkewMs":82.22041700035334}
10-11 15:49:22.249  2422  9981 D OutputsAudio: [outputs-audio] stop gain=1.000 release=6.00
10-11 15:49:22.297  2422  9981 D OutputsAudio: [outputs-audio] start hz=700.0 gain=1.000 attack=2.50 release=6.00
10-11 15:49:22.304  2422  2607 D OutputsAudio: [outputs-audio] symbol.info sequence=6 symbol=- timestamp=13185818.819 duration=144.000
10-11 15:49:22.305  2422  2607 I ReactNativeJS: [outputs] playMorse.symbol {"timestamp":13185826.174655,"wallClock":1760212162305,"symbol":"-","durationMs":144,"index":5,"source":"console.replay","correlationId":"console-replay:mgmovgu9usbvsj17","nativeTimestampMs":13185818.819,"nativeDurationMs":144,"nativeOffsetMs":7.258311999961734,"nativeSequence":6,"monotonicTimestampMs":13185818.819}
10-11 15:49:22.306  2422  2607 I ReactNativeJS: [outputs] outputs.hapticSymbol {"timestamp":13185827.178926,"wallClock":1760212162306,"enabled":true,"symbol":"-","durationMs":144,"platform":"android","source":"console.replay","correlationId":"console-replay:mgmovgu9usbvsj17","timelineOffsetMs":7.258311999961734}
10-11 15:49:22.308  2422  2607 I ReactNativeJS: [outputs] outputs.flashPulse {"timestamp":13185828.88976,"wallClock":1760212162307,"enabled":true,"durationMs":144,"source":"console.replay","correlationId":"console-replay:mgmovgu9usbvsj17","timelineOffsetMs":7.258311999961734}
10-11 15:49:22.370  2422  2607 I ReactNativeJS: [outputs] outputs.flashPulse.commit {"timestamp":13185891.407728,"wallClock":1760212162370,"durationMs":144,"source":"console.replay","correlationId":"console-replay:mgmovgu9usbvsj17","latencyMs":65.32526000030339,"timelineOffsetMs":7.258311999961734,"leadMs":8,"scheduleSkewMs":73.32526000030339}
10-11 15:49:22.442  2422  9981 D OutputsAudio: [outputs-audio] stop gain=1.000 release=6.00
10-11 15:49:22.491  2422  9981 D OutputsAudio: [outputs-audio] start hz=700.0 gain=1.000 attack=2.50 release=6.00
10-11 15:49:22.505  2422  2607 D OutputsAudio: [outputs-audio] symbol.info sequence=7 symbol=. timestamp=13186012.975 duration=48.000
10-11 15:49:22.507  2422  2607 I ReactNativeJS: [outputs] playMorse.symbol {"timestamp":13186026.705332,"wallClock":1760212162505,"symbol":".","durationMs":48,"index":6,"source":"console.replay","correlationId":"console-replay:mgmovgztwnooxcf4","nativeTimestampMs":13186012.975,"nativeDurationMs":48,"nativeOffsetMs":13.623821999877691,"nativeSequence":7,"monotonicTimestampMs":13186012.975}
10-11 15:49:22.508  2422  2607 I ReactNativeJS: [outputs] outputs.hapticSymbol {"timestamp":13186028.813822,"wallClock":1760212162507,"enabled":true,"symbol":".","durationMs":48,"platform":"android","source":"console.replay","correlationId":"console-replay:mgmovgztwnooxcf4","timelineOffsetMs":13.623821999877691}
10-11 15:49:22.511  2422  2607 I ReactNativeJS: [outputs] outputs.flashPulse {"timestamp":13186031.40528,"wallClock":1760212162510,"enabled":true,"durationMs":48,"source":"console.replay","correlationId":"console-replay:mgmovgztwnooxcf4","timelineOffsetMs":13.623821999877691}
10-11 15:49:22.539  2422  9981 D OutputsAudio: [outputs-audio] stop gain=1.000 release=6.00
