10-11 15:49:29.538  2422  2607 I ReactNativeJS: [outputs] playMorse.symbol {"timestamp":13193059.047205,"wallClock":1760212169537,"symbol":"-","durationMs":120,"index":9,"source":"console.replay","correlationId":"console-replay:mgmovmf5546qbfgn","nativeTimestampMs":13192968.444,"nativeDurationMs":120,"nativeOffsetMs":90.55638200044632,"nativeSequence":10,"monotonicTimestampMs":13192968.444}
10-11 15:49:29.538  2422  2607 I ReactNativeJS: [outputs] playMorse.nativeOffset.spike {"timestamp":13193059.49559,"wallClock":1760212169538,"source":"console.replay","offsetMs":90.55638200044632,"sequence":10,"unitMs":40,"correlationId":"console-replay:mgmovmf5546qbfgn"}
10-11 15:49:29.538  2422  2607 I ReactNativeJS: [outputs] outputs.hapticSymbol {"timestamp":13193059.784444,"wallClock":1760212169538,"enabled":true,"symbol":"-","durationMs":120,"platform":"android","source":"console.replay","correlationId":"console-replay:mgmovmf5546qbfgn","timelineOffsetMs":90.55638200044632}
10-11 15:49:29.539  2422  2607 I ReactNativeJS: [outputs] outputs.flashPulse {"timestamp":13193060.453976,"wallClock":1760212169539,"enabled":true,"durationMs":120,"source":"console.replay","correlationId":"console-replay:mgmovmf5546qbfgn","timelineOffsetMs":90.55638200044632}
10-11 15:49:29.567  2422 10015 D OutputsAudio: [outputs-audio] stop gain=1.000 release=6.00
10-11 15:49:29.599  2422  2607 I ReactNativeJS: [outputs] outputs.flashPulse.commit {"timestamp":13193120.529132,"wallClock":1760212169599,"durationMs":120,"source":"console.replay","correlationId":"console-replay:mgmovmf5546qbfgn","latencyMs":61.52307299897075,"timelineOffsetMs":90.55638200044632,"leadMs":8,"scheduleSkewMs":69.52307299897075}
10-11 15:49:29.607  2422 10015 D OutputsAudio: [outputs-audio] start hz=700.0 gain=1.000 attack=2.50 release=6.00
10-11 15:49:29.642  2422  2607 D OutputsAudio: [outputs-audio] symbol.info sequence=11 symbol=- timestamp=13193128.883 duration=120.000
10-11 15:49:29.643  2422  2607 I ReactNativeJS: [outputs] playMorse.symbol {"timestamp":13193163.9646,"wallClock":1760212169642,"symbol":"-","durationMs":120,"index":10,"source":"console.replay","correlationId":"console-replay:mgmovmi23467r8fd","nativeTimestampMs":13193128.883,"nativeDurationMs":120,"nativeOffsetMs":35.03415300138295,"nativeSequence":11,"monotonicTimestampMs":13193128.883}
10-11 15:49:29.643  2422  2607 I ReactNativeJS: [outputs] outputs.hapticSymbol {"timestamp":13193164.46309,"wallClock":1760212169643,"enabled":true,"symbol":"-","durationMs":120,"platform":"android","source":"console.replay","correlationId":"console-replay:mgmovmi23467r8fd","timelineOffsetMs":35.03415300138295}
10-11 15:49:29.644  2422  2607 I ReactNativeJS: [outputs] outputs.flashPulse {"timestamp":13193165.19559,"wallClock":1760212169644,"enabled":true,"durationMs":120,"source":"console.replay","correlationId":"console-replay:mgmovmi23467r8fd","timelineOffsetMs":35.03415300138295}
10-11 15:49:29.728  2422 10015 D OutputsAudio: [outputs-audio] stop gain=1.000 release=6.00
10-11 15:49:29.741  2422  2607 I ReactNativeJS: [outputs] outputs.flashPulse.commit {"timestamp":13193241.204548,"wallClock":1760212169720,"durationMs":120,"source":"console.replay","correlationId":"console-replay:mgmovmi23467r8fd","latencyMs":77.27916599996388,"timelineOffsetMs":35.03415300138295,"leadMs":8,"scheduleSkewMs":85.27916599996388}
10-11 15:49:29.768  2422 10015 D OutputsAudio: [outputs-audio] start hz=700.0 gain=1.000 attack=2.50 release=6.00
10-11 15:49:29.813  2422  2607 D OutputsAudio: [outputs-audio] symbol.info sequence=12 symbol=- timestamp=13193290.044 duration=120.000
10-11 15:49:29.814  2422  2607 I ReactNativeJS: [outputs] playMorse.symbol {"timestamp":13193334.834444,"wallClock":1760212169813,"symbol":"-","durationMs":120,"index":11,"source":"console.replay","correlationId":"console-replay:mgmovmmtsv8euzmb","nativeTimestampMs":13193290.044,"nativeDurationMs":120,"nativeOffsetMs":44.74034000001848,"nativeSequence":12,"monotonicTimestampMs":13193290.044}
10-11 15:49:29.814  2422  2607 I ReactNativeJS: [outputs] outputs.hapticSymbol {"timestamp":13193335.329444,"wallClock":1760212169814,"enabled":true,"symbol":"-","durationMs":120,"platform":"android","source":"console.replay","correlationId":"console-replay:mgmovmmtsv8euzmb","timelineOffsetMs":44.74034000001848}
10-11 15:49:29.815  2422  2607 I ReactNativeJS: [outputs] outputs.flashPulse {"timestamp":13193336.152621,"wallClock":1760212169815,"enabled":true,"durationMs":120,"source":"console.replay","correlationId":"console-replay:mgmovmmtsv8euzmb","timelineOffsetMs":44.74034000001848}
10-11 15:49:29.866  2422  2607 I ReactNativeJS: [outputs] outputs.flashPulse.commit {"timestamp":13193387.202725,"wallClock":1760212169866,"durationMs":120,"source":"console.replay","correlationId":"console-replay:mgmovmmtsv8euzmb","latencyMs":52.41328100115061,"timelineOffsetMs":44.74034000001848,"leadMs":8,"scheduleSkewMs":60.41328100115061}
10-11 15:49:29.889  2422 10015 D OutputsAudio: [outputs-audio] stop gain=1.000 release=6.00
10-11 15:49:29.930  2422 10015 D OutputsAudio: [outputs-audio] start hz=700.0 gain=1.000 attack=2.50 release=6.00
10-11 15:49:29.943  2422  2607 D OutputsAudio: [outputs-audio] symbol.info sequence=13 symbol=. timestamp=13193451.461 duration=40.000
10-11 15:49:29.943  2422  2607 I ReactNativeJS: [outputs] playMorse.symbol {"timestamp":13193464.389392,"wallClock":1760212169943,"symbol":".","durationMs":40,"index":12,"source":"console.replay","correlationId":"console-replay:mgmovmqfr1fojnti","nativeTimestampMs":13193451.461,"nativeDurationMs":40,"nativeOffsetMs":12.855267001315951,"nativeSequence":13,"monotonicTimestampMs":13193451.461}
10-11 15:49:29.944  2422  2607 I ReactNativeJS: [outputs] outputs.hapticSymbol {"timestamp":13193465.044288,"wallClock":1760212169943,"enabled":true,"symbol":".","durationMs":40,"platform":"android","source":"console.replay","correlationId":"console-replay:mgmovmqfr1fojnti","timelineOffsetMs":12.855267001315951}
10-11 15:49:29.944  2422  2607 I ReactNativeJS: [outputs] outputs.flashPulse {"timestamp":13193465.826371,"wallClock":1760212169944,"enabled":true,"durationMs":40,"source":"console.replay","correlationId":"console-replay:mgmovmqfr1fojnti","timelineOffsetMs":12.855267001315951}
10-11 15:49:29.970  2422 10015 D OutputsAudio: [outputs-audio] stop gain=1.000 release=6.00
10-11 15:49:29.999  2422  2607 I ReactNativeJS: [outputs] outputs.flashPulse.commit {"timestamp":13193519.728611,"wallClock":1760212169998,"durationMs":40,"source":"console.replay","correlationId":"console-replay:mgmovmqfr1fojnti","latencyMs":55.40635399892926,"timelineOffsetMs":12.855267001315951,"leadMs":8,"scheduleSkewMs":63.40635399892926}
10-11 15:49:30.011  2422 10015 D OutputsAudio: [outputs-audio] start hz=700.0 gain=1.000 attack=2.50 release=6.00
10-11 15:49:30.049  2422  2607 D OutputsAudio: [outputs-audio] symbol.info sequence=14 symbol=. timestamp=13193532.438 duration=40.000
10-11 15:49:30.049  2422  2607 I ReactNativeJS: [outputs] playMorse.symbol {"timestamp":13193570.223767,"wallClock":1760212170049,"symbol":".","durationMs":40,"index":13,"source":"console.replay","correlationId":"console-replay:mgmovmtd476fwqi5","nativeTimestampMs":13193532.438,"nativeDurationMs":40,"nativeOffsetMs":37.73982900008559,"nativeSequence":14,"monotonicTimestampMs":13193532.438}
10-11 15:49:30.049  2422  2607 I ReactNativeJS: [outputs] outputs.hapticSymbol {"timestamp":13193570.678454,"wallClock":1760212170049,"enabled":true,"symbol":".","durationMs":40,"platform":"android","source":"console.replay","correlationId":"console-replay:mgmovmtd476fwqi5","timelineOffsetMs":37.73982900008559}
10-11 15:49:30.050  2422  2607 I ReactNativeJS: [outputs] outputs.flashPulse {"timestamp":13193571.380486,"wallClock":1760212170050,"enabled":true,"durationMs":40,"source":"console.replay","correlationId":"console-replay:mgmovmtd476fwqi5","timelineOffsetMs":37.73982900008559}
10-11 15:49:30.051  2422 10015 D OutputsAudio: [outputs-audio] stop gain=1.000 release=6.00
10-11 15:49:30.092  2422 10015 D OutputsAudio: [outputs-audio] start hz=700.0 gain=1.000 attack=2.50 release=6.00
10-11 15:49:30.109  2422  2607 D OutputsAudio: [outputs-audio] symbol.info sequence=15 symbol=. timestamp=13193613.489 duration=40.000
10-11 15:49:30.109  2422  2607 I ReactNativeJS: [outputs] playMorse.symbol {"timestamp":13193630.234809,"wallClock":1760212170109,"symbol":".","durationMs":40,"index":14,"source":"console.replay","correlationId":"console-replay:mgmovmv1zetq6i4d","nativeTimestampMs":13193613.489,"nativeDurationMs":40,"nativeOffsetMs":16.703099999576807,"nativeSequence":15,"monotonicTimestampMs":13193613.489}
10-11 15:49:30.109  2422  2607 I ReactNativeJS: [outputs] outputs.hapticSymbol {"timestamp":13193630.717152,"wallClock":1760212170109,"enabled":true,"symbol":".","durationMs":40,"platform":"android","source":"console.replay","correlationId":"console-replay:mgmovmv1zetq6i4d","timelineOffsetMs":16.703099999576807}
10-11 15:49:30.110  2422  2607 I ReactNativeJS: [outputs] outputs.flashPulse {"timestamp":13193631.425329,"wallClock":1760212170110,"enabled":true,"durationMs":40,"source":"console.replay","correlationId":"console-replay:mgmovmv1zetq6i4d","timelineOffsetMs":16.703099999576807}
10-11 15:49:30.132  2422 10015 D OutputsAudio: [outputs-audio] stop gain=1.000 release=6.00
10-11 15:49:30.170  2422  2607 I ReactNativeJS: [outputs] outputs.flashPulse.commit {"timestamp":13193691.617882,"wallClock":1760212170170,"durationMs":40,"source":"console.replay","correlationId":"console-replay:mgmovmtd476fwqi5","latencyMs":121.434844000265,"timelineOffsetMs":37.73982900008559,"leadMs":8,"scheduleSkewMs":129.434844000265}
10-11 15:49:30.173  2422 10015 D OutputsAudio: [outputs-audio] start hz=700.0 gain=1.000 attack=2.50 release=6.00
10-11 15:49:30.215  2422  2607 I ReactNativeJS: [outputs] outputs.flashPulse.commit {"timestamp":13193735.843715,"wallClock":1760212170214,"durationMs":40,"source":"console.replay","correlationId":"console-replay:mgmovmv1zetq6i4d","latencyMs":105.64583400078118,"timelineOffsetMs":16.703099999576807,"leadMs":8,"scheduleSkewMs":113.64583400078118}
10-11 15:49:30.263  2422  2607 D OutputsAudio: [outputs-audio] symbol.info sequence=16 symbol=- timestamp=13193694.533 duration=120.000
10-11 15:49:30.264  2422  2607 I ReactNativeJS: [outputs] playMorse.symbol {"timestamp":13193784.991788,"wallClock":1760212170263,"symbol":"-","durationMs":120,"index":15,"source":"console.replay","correlationId":"console-replay:mgmovmzb86fcg6yr","nativeTimestampMs":13193694.533,"nativeDurationMs":120,"nativeOffsetMs":90.40873599983752,"nativeSequence":16,"monotonicTimestampMs":13193694.533}
10-11 15:49:30.264  2422  2607 I ReactNativeJS: [outputs] playMorse.nativeOffset.spike {"timestamp":13193785.453038,"wallClock":1760212170264,"source":"console.replay","offsetMs":90.40873599983752,"sequence":16,"unitMs":40,"correlationId":"console-replay:mgmovmzb86fcg6yr"}
10-11 15:49:30.264  2422  2607 I ReactNativeJS: [outputs] outputs.hapticSymbol {"timestamp":13193785.764965,"wallClock":1760212170264,"enabled":true,"symbol":"-","durationMs":120,"platform":"android","source":"console.replay","correlationId":"console-replay:mgmovmzb86fcg6yr","timelineOffsetMs":90.40873599983752}
10-11 15:49:30.265  2422  2607 I ReactNativeJS: [outputs] outputs.flashPulse {"timestamp":13193786.485902,"wallClock":1760212170265,"enabled":true,"durationMs":120,"source":"console.replay","correlationId":"console-replay:mgmovmzb86fcg6yr","timelineOffsetMs":90.40873599983752}
10-11 15:49:30.294  2422 10015 D OutputsAudio: [outputs-audio] stop gain=1.000 release=6.00
10-11 15:49:30.318  2422  2607 I ReactNativeJS: [outputs] outputs.flashPulse.commit {"timestamp":13193838.977621,"wallClock":1760212170317,"durationMs":120,"source":"console.replay","correlationId":"console-replay:mgmovmzb86fcg6yr","latencyMs":54.03067700006068,"timelineOffsetMs":90.40873599983752,"leadMs":8,"scheduleSkewMs":62.03067700006068}
10-11 15:49:30.334  2422 10015 D OutputsAudio: [outputs-audio] start hz=700.0 gain=1.000 attack=2.50 release=6.00
10-11 15:49:30.368  2422  2607 D OutputsAudio: [outputs-audio] symbol.info sequence=17 symbol=- timestamp=13193855.634 duration=120.000
10-11 15:49:30.368  2422  2607 I ReactNativeJS: [outputs] playMorse.symbol {"timestamp":13193889.384756,"wallClock":1760212170368,"symbol":"-","durationMs":120,"index":16,"source":"console.replay","correlationId":"console-replay:mgmovn288m4s0po3","nativeTimestampMs":13193855.634,"nativeDurationMs":120,"nativeOffsetMs":33.70398600026965,"nativeSequence":17,"monotonicTimestampMs":13193855.634}
10-11 15:49:30.368  2422  2607 I ReactNativeJS: [outputs] outputs.hapticSymbol {"timestamp":13193889.860277,"wallClock":1760212170368,"enabled":true,"symbol":"-","durationMs":120,"platform":"android","source":"console.replay","correlationId":"console-replay:mgmovn288m4s0po3","timelineOffsetMs":33.70398600026965}
10-11 15:49:30.369  2422  2607 I ReactNativeJS: [outputs] outputs.flashPulse {"timestamp":13193890.55335,"wallClock":1760212170369,"enabled":true,"durationMs":120,"source":"console.replay","correlationId":"console-replay:mgmovn288m4s0po3","timelineOffsetMs":33.70398600026965}
10-11 15:49:30.421  2422  2607 I ReactNativeJS: [outputs] outputs.flashPulse.commit {"timestamp":13193942.613663,"wallClock":1760212170421,"durationMs":120,"source":"console.replay","correlationId":"console-replay:mgmovn288m4s0po3","latencyMs":53.27182300016284,"timelineOffsetMs":33.70398600026965,"leadMs":8,"scheduleSkewMs":61.27182300016284}
10-11 15:49:30.455  2422 10015 D OutputsAudio: [outputs-audio] stop gain=1.000 release=6.00
10-11 15:49:30.495  2422 10015 D OutputsAudio: [outputs-audio] start hz=700.0 gain=1.000 attack=2.50 release=6.00
10-11 15:49:30.507  2422  2607 D OutputsAudio: [outputs-audio] symbol.info sequence=18 symbol=- timestamp=13194016.614 duration=120.000
10-11 15:49:30.508  2422  2607 I ReactNativeJS: [outputs] playMorse.symbol {"timestamp":13194028.866944,"wallClock":1760212170507,"symbol":"-","durationMs":120,"index":17,"source":"console.replay","correlationId":"console-replay:mgmovn63dkq5qba9","nativeTimestampMs":13194016.614,"nativeDurationMs":120,"nativeOffsetMs":12.170236000791192,"nativeSequence":18,"monotonicTimestampMs":13194016.614}
10-11 15:49:30.508  2422  2607 I ReactNativeJS: [outputs] outputs.hapticSymbol {"timestamp":13194029.481475,"wallClock":1760212170508,"enabled":true,"symbol":"-","durationMs":120,"platform":"android","source":"console.replay","correlationId":"console-replay:mgmovn63dkq5qba9","timelineOffsetMs":12.170236000791192}
10-11 15:49:30.509  2422  2607 I ReactNativeJS: [outputs] outputs.flashPulse {"timestamp":13194030.277933,"wallClock":1760212170509,"enabled":true,"durationMs":120,"source":"console.replay","correlationId":"console-replay:mgmovn63dkq5qba9","timelineOffsetMs":12.170236000791192}
10-11 15:49:30.566  2422  2607 I ReactNativeJS: [outputs] outputs.flashPulse.commit {"timestamp":13194087.558558,"wallClock":1760212170566,"durationMs":120,"source":"console.replay","correlationId":"console-replay:mgmovn63dkq5qba9","latencyMs":58.76890599913895,"timelineOffsetMs":12.170236000791192,"leadMs":8,"scheduleSkewMs":66.76890599913895}
10-11 15:49:30.616  2422 10015 D OutputsAudio: [outputs-audio] stop gain=1.000 release=6.00
10-11 15:49:30.657  2422 10015 D OutputsAudio: [outputs-audio] start hz=700.0 gain=1.000 attack=2.50 release=6.00
10-11 15:49:30.671  2422  2607 D OutputsAudio: [outputs-audio] symbol.info sequence=19 symbol=. timestamp=13194178.376 duration=40.000
10-11 15:49:30.672  2422  2607 I ReactNativeJS: [outputs] playMorse.symbol {"timestamp":13194192.748558,"wallClock":1760212170671,"symbol":".","durationMs":40,"index":18,"source":"console.replay","correlationId":"console-replay:mgmovnan9i6d5jjd","nativeTimestampMs":13194178.376,"nativeDurationMs":40,"nativeOffsetMs":14.293547999113798,"nativeSequence":19,"monotonicTimestampMs":13194178.376}
10-11 15:49:30.672  2422  2607 I ReactNativeJS: [outputs] outputs.hapticSymbol {"timestamp":13194193.527517,"wallClock":1760212170672,"enabled":true,"symbol":".","durationMs":40,"platform":"android","source":"console.replay","correlationId":"console-replay:mgmovnan9i6d5jjd","timelineOffsetMs":14.293547999113798}
10-11 15:49:30.673  2422  2607 I ReactNativeJS: [outputs] outputs.flashPulse {"timestamp":13194194.707777,"wallClock":1760212170673,"enabled":true,"durationMs":40,"source":"console.replay","correlationId":"console-replay:mgmovnan9i6d5jjd","timelineOffsetMs":14.293547999113798}
10-11 15:49:30.698  2422 10015 D OutputsAudio: [outputs-audio] stop gain=1.000 release=6.00
10-11 15:49:30.738  2422 10015 D OutputsAudio: [outputs-audio] start hz=700.0 gain=1.000 attack=2.50 release=6.00
10-11 15:49:30.740  2422  2607 I ReactNativeJS: [outputs] outputs.flashPulse.commit {"timestamp":13194261.328558,"wallClock":1760212170740,"durationMs":40,"source":"console.replay","correlationId":"console-replay:mgmovnan9i6d5jjd","latencyMs":68.65291700139642,"timelineOffsetMs":14.293547999113798,"leadMs":8,"scheduleSkewMs":76.65291700139642}
10-11 15:49:30.779  2422 10015 D OutputsAudio: [outputs-audio] stop gain=1.000 release=6.00
10-11 15:49:30.792  2422  2607 D OutputsAudio: [outputs-audio] symbol.info sequence=20 symbol=. timestamp=13194259.577 duration=40.000
10-11 15:49:30.792  2422  2607 I ReactNativeJS: [outputs] playMorse.symbol {"timestamp":13194313.245746,"wallClock":1760212170792,"symbol":".","durationMs":40,"index":19,"source":"console.replay","correlationId":"console-replay:mgmovne05dyeonl7","nativeTimestampMs":13194259.577,"nativeDurationMs":40,"nativeOffsetMs":53.615100000053644,"nativeSequence":20,"monotonicTimestampMs":13194259.577}
10-11 15:49:30.792  2422  2607 I ReactNativeJS: [outputs] outputs.hapticSymbol {"timestamp":13194313.750694,"wallClock":1760212170792,"enabled":true,"symbol":".","durationMs":40,"platform":"android","source":"console.replay","correlationId":"console-replay:mgmovne05dyeonl7","timelineOffsetMs":53.615100000053644}
10-11 15:49:30.793  2422  2607 I ReactNativeJS: [outputs] outputs.flashPulse {"timestamp":13194314.458506,"wallClock":1760212170793,"enabled":true,"durationMs":40,"source":"console.replay","correlationId":"console-replay:mgmovne05dyeonl7","timelineOffsetMs":53.615100000053644}
10-11 15:49:30.819  2422 10015 D OutputsAudio: [outputs-audio] start hz=700.0 gain=1.000 attack=2.50 release=6.00
10-11 15:49:30.852  2422  2607 I ReactNativeJS: [outputs] outputs.flashPulse.commit {"timestamp":13194373.013663,"wallClock":1760212170851,"durationMs":40,"source":"console.replay","correlationId":"console-replay:mgmovne05dyeonl7","latencyMs":59.816615000367165,"timelineOffsetMs":53.615100000053644,"leadMs":8,"scheduleSkewMs":67.81661500036716}
10-11 15:49:30.860  2422 10015 D OutputsAudio: [outputs-audio] stop gain=1.000 release=6.00
10-11 15:49:30.901  2422 10015 D OutputsAudio: [outputs-audio] start hz=700.0 gain=1.000 attack=2.50 release=6.00
10-11 15:49:30.901  2422  2607 D OutputsAudio: [outputs-audio] symbol.info sequence=22 symbol=- timestamp=13194422.443 duration=120.000
10-11 15:49:30.902  2422  2607 W ReactNativeJS: '[outputs-audio] native sequence jump', { previous: 20, next: 22, delta: 2 }
10-11 15:49:30.902  2422  2607 I ReactNativeJS: [outputs] playMorse.symbol {"timestamp":13194423.353662,"wallClock":1760212170902,"symbol":".","durationMs":40,"index":20,"source":"console.replay","correlationId":"console-replay:mgmovnh2ix8ddqci","nativeTimestampMs":13194422.443,"nativeDurationMs":120,"nativeOffsetMs":0.8754019998013973,"nativeSequence":22,"monotonicTimestampMs":13194422.443}
10-11 15:49:30.902  2422  2607 I ReactNativeJS: [outputs] outputs.hapticSymbol {"timestamp":13194423.7296,"wallClock":1760212170902,"enabled":true,"symbol":".","durationMs":40,"platform":"android","source":"console.replay","correlationId":"console-replay:mgmovnh2ix8ddqci","timelineOffsetMs":0.8754019998013973}
10-11 15:49:30.903  2422  2607 I ReactNativeJS: [outputs] outputs.flashPulse {"timestamp":13194424.460017,"wallClock":1760212170903,"enabled":true,"durationMs":40,"source":"console.replay","correlationId":"console-replay:mgmovnh2ix8ddqci","timelineOffsetMs":0.8754019998013973}
10-11 15:49:30.959  2422  2607 I ReactNativeJS: [outputs] outputs.flashPulse.commit {"timestamp":13194479.850225,"wallClock":1760212170958,"durationMs":40,"source":"console.replay","correlationId":"console-replay:mgmovnh2ix8ddqci","latencyMs":56.52604199945927,"timelineOffsetMs":0.8754019998013973,"leadMs":8,"scheduleSkewMs":64.52604199945927}
10-11 15:49:31.021  2422 10015 D OutputsAudio: [outputs-audio] stop gain=1.000 release=6.00
10-11 15:49:31.063  2422 10015 D OutputsAudio: [outputs-audio] start hz=700.0 gain=1.000 attack=2.50 release=6.00
10-11 15:49:31.072  2422  2607 D OutputsAudio: [outputs-audio] symbol.info sequence=23 symbol=- timestamp=13194584.461 duration=120.000
10-11 15:49:31.073  2422  2607 I ReactNativeJS: [outputs] playMorse.symbol {"timestamp":13194594.073037,"wallClock":1760212171072,"symbol":"-","durationMs":120,"index":21,"source":"console.replay","correlationId":"console-replay:mgmovnlskbl05aco","nativeTimestampMs":13194584.461,"nativeDurationMs":120,"nativeOffsetMs":9.51511000096798,"nativeSequence":23,"monotonicTimestampMs":13194584.461}
10-11 15:49:31.075  2422  2607 I ReactNativeJS: [outputs] outputs.hapticSymbol {"timestamp":13194595.073298,"wallClock":1760212171073,"enabled":true,"symbol":"-","durationMs":120,"platform":"android","source":"console.replay","correlationId":"console-replay:mgmovnlskbl05aco","timelineOffsetMs":9.51511000096798}
10-11 15:49:31.076  2422  2607 I ReactNativeJS: [outputs] outputs.flashPulse {"timestamp":13194597.589756,"wallClock":1760212171076,"enabled":true,"durationMs":120,"source":"console.replay","correlationId":"console-replay:mgmovnlskbl05aco","timelineOffsetMs":9.51511000096798}
10-11 15:49:31.156  2422  2607 I ReactNativeJS: [outputs] outputs.flashPulse.commit {"timestamp":13194677.011162,"wallClock":1760212171155,"durationMs":120,"source":"console.replay","correlationId":"console-replay:mgmovnlskbl05aco","latencyMs":83.02223999984562,"timelineOffsetMs":9.51511000096798,"leadMs":8,"scheduleSkewMs":91.02223999984562}
10-11 15:49:31.184  2422 10015 D OutputsAudio: [outputs-audio] stop gain=1.000 release=6.00
10-11 15:49:31.225  2422 10015 D OutputsAudio: [outputs-audio] start hz=700.0 gain=1.000 attack=2.50 release=6.00
10-11 15:49:31.237  2422  2607 D OutputsAudio: [outputs-audio] symbol.info sequence=24 symbol=- timestamp=13194746.336 duration=120.000
10-11 15:49:31.238  2422  2607 I ReactNativeJS: [outputs] playMorse.symbol {"timestamp":13194758.879339,"wallClock":1760212171237,"symbol":"-","durationMs":120,"index":22,"source":"console.replay","correlationId":"console-replay:mgmovnqdi0pt1711","nativeTimestampMs":13194746.336,"nativeDurationMs":120,"nativeOffsetMs":12.463704001158476,"nativeSequence":24,"monotonicTimestampMs":13194746.336}
10-11 15:49:31.238  2422  2607 I ReactNativeJS: [outputs] outputs.hapticSymbol {"timestamp":13194759.646787,"wallClock":1760212171238,"enabled":true,"symbol":"-","durationMs":120,"platform":"android","source":"console.replay","correlationId":"console-replay:mgmovnqdi0pt1711","timelineOffsetMs":12.463704001158476}
10-11 15:49:31.239  2422  2607 I ReactNativeJS: [outputs] outputs.flashPulse {"timestamp":13194760.640954,"wallClock":1760212171239,"enabled":true,"durationMs":120,"source":"console.replay","correlationId":"console-replay:mgmovnqdi0pt1711","timelineOffsetMs":12.463704001158476}
10-11 15:49:31.297  2422  2607 I ReactNativeJS: [outputs] outputs.flashPulse.commit {"timestamp":13194818.016892,"wallClock":1760212171296,"durationMs":120,"source":"console.replay","correlationId":"console-replay:mgmovnqdi0pt1711","latencyMs":59.2118229996413,"timelineOffsetMs":12.463704001158476,"leadMs":8,"scheduleSkewMs":67.2118229996413}
10-11 15:49:31.346  2422 10015 D OutputsAudio: [outputs-audio] stop gain=1.000 release=6.00
10-11 15:49:31.386  2422 10015 D OutputsAudio: [outputs-audio] start hz=700.0 gain=1.000 attack=2.50 release=6.00
10-11 15:49:31.410  2422  2607 D OutputsAudio: [outputs-audio] symbol.info sequence=25 symbol=. timestamp=13194907.585 duration=40.000
10-11 15:49:31.412  2422  2607 I ReactNativeJS: [outputs] playMorse.symbol {"timestamp":13194931.806162,"wallClock":1760212171410,"symbol":"-","durationMs":120,"index":23,"source":"console.replay","correlationId":"console-replay:mgmovnv6f236tyy3","nativeTimestampMs":13194907.585,"nativeDurationMs":40,"nativeOffsetMs":24.0636099986732,"nativeSequence":25,"monotonicTimestampMs":13194907.585}
10-11 15:49:31.413  2422  2607 I ReactNativeJS: [outputs] outputs.hapticSymbol {"timestamp":13194933.402048,"wallClock":1760212171412,"enabled":true,"symbol":"-","durationMs":120,"platform":"android","source":"console.replay","correlationId":"console-replay:mgmovnv6f236tyy3","timelineOffsetMs":24.0636099986732}
10-11 15:49:31.415  2422  2607 I ReactNativeJS: [outputs] outputs.flashPulse {"timestamp":13194935.812621,"wallClock":1760212171414,"enabled":true,"durationMs":120,"source":"console.replay","correlationId":"console-replay:mgmovnv6f236tyy3","timelineOffsetMs":24.0636099986732}
10-11 15:49:31.428  2422 10015 D OutputsAudio: [outputs-audio] stop gain=1.000 release=6.00
10-11 15:49:31.468  2422 10015 D OutputsAudio: [outputs-audio] start hz=700.0 gain=1.000 attack=2.50 release=6.00
10-11 15:49:31.489  2422  2607 I ReactNativeJS: [outputs] outputs.flashPulse.commit {"timestamp":13195010.619964,"wallClock":1760212171489,"durationMs":120,"source":"console.replay","correlationId":"console-replay:mgmovnv6f236tyy3","latencyMs":78.96541699953377,"timelineOffsetMs":24.0636099986732,"leadMs":8,"scheduleSkewMs":86.96541699953377}
10-11 15:49:31.509  2422 10015 D OutputsAudio: [outputs-audio] stop gain=1.000 release=6.00
10-11 15:49:31.532  2422  2607 D OutputsAudio: [outputs-audio] symbol.info sequence=26 symbol=. timestamp=13194990.137 duration=40.000
10-11 15:49:31.532  2422  2607 I ReactNativeJS: [outputs] playMorse.symbol {"timestamp":13195053.577308,"wallClock":1760212171532,"symbol":".","durationMs":40,"index":24,"source":"console.replay","correlationId":"console-replay:mgmovnykykwip9nk","nativeTimestampMs":13194990.137,"nativeDurationMs":40,"nativeOffsetMs":63.390829000622034,"nativeSequence":26,"monotonicTimestampMs":13194990.137}
10-11 15:49:31.533  2422  2607 I ReactNativeJS: [outputs] outputs.hapticSymbol {"timestamp":13195054.047673,"wallClock":1760212171532,"enabled":true,"symbol":".","durationMs":40,"platform":"android","source":"console.replay","correlationId":"console-replay:mgmovnykykwip9nk","timelineOffsetMs":63.390829000622034}
10-11 15:49:31.533  2422  2607 I ReactNativeJS: [outputs] outputs.flashPulse {"timestamp":13195054.800902,"wallClock":1760212171533,"enabled":true,"durationMs":40,"source":"console.replay","correlationId":"console-replay:mgmovnykykwip9nk","timelineOffsetMs":63.390829000622034}
10-11 15:49:31.549  2422 10015 D OutputsAudio: [outputs-audio] start hz=700.0 gain=1.000 attack=2.50 release=6.00
10-11 15:49:31.590  2422 10015 D OutputsAudio: [outputs-audio] stop gain=1.000 release=6.00
10-11 15:49:31.591  2422  2607 I ReactNativeJS: [outputs] outputs.flashPulse.commit {"timestamp":13195112.333298,"wallClock":1760212171591,"durationMs":40,"source":"console.replay","correlationId":"console-replay:mgmovnykykwip9nk","latencyMs":58.80036399886012,"timelineOffsetMs":63.390829000622034,"leadMs":8,"scheduleSkewMs":66.80036399886012}
10-11 15:49:31.631  2422 10015 D OutputsAudio: [outputs-audio] stop gain=0.000 release=6.00
10-11 15:49:31.631  2422 10015 D OutputsAudio: [outputs-audio] playMorse.end cancelled=0
10-11 15:49:31.634  2422  2607 D OutputsAudio: [outputs-audio] symbol.info sequence=27 symbol=. timestamp=13195071.043 duration=40.000
10-11 15:49:31.635  2422  2607 I ReactNativeJS: [outputs] playMorse.symbol {"timestamp":13195156.056214,"wallClock":1760212171634,"symbol":".","durationMs":40,"index":25,"source":"console.replay","correlationId":"console-replay:mgmovo1ej5n4l6fl","nativeTimestampMs":13195071.043,"nativeDurationMs":40,"nativeOffsetMs":84.94540200009942,"nativeSequence":27,"monotonicTimestampMs":13195071.043}
10-11 15:49:31.635  2422  2607 I ReactNativeJS: [outputs] playMorse.nativeOffset.spike {"timestamp":13195156.509339,"wallClock":1760212171635,"source":"console.replay","offsetMs":84.94540200009942,"sequence":27,"unitMs":40,"correlationId":"console-replay:mgmovo1ej5n4l6fl"}
10-11 15:49:31.635  2422  2607 I ReactNativeJS: [outputs] outputs.hapticSymbol {"timestamp":13195156.807725,"wallClock":1760212171635,"enabled":true,"symbol":".","durationMs":40,"platform":"android","source":"console.replay","correlationId":"console-replay:mgmovo1ej5n4l6fl","timelineOffsetMs":84.94540200009942}
10-11 15:49:31.636  2422  2607 I ReactNativeJS: [outputs] outputs.flashPulse {"timestamp":13195157.525485,"wallClock":1760212171636,"enabled":true,"durationMs":40,"source":"console.replay","correlationId":"console-replay:mgmovo1ej5n4l6fl","timelineOffsetMs":84.94540200009942}
10-11 15:49:31.696  2422  2607 I ReactNativeJS: [outputs] outputs.flashPulse.commit {"timestamp":13195217.581423,"wallClock":1760212171696,"durationMs":40,"source":"console.replay","correlationId":"console-replay:mgmovo1ej5n4l6fl","latencyMs":61.58750000037253,"timelineOffsetMs":84.94540200009942,"leadMs":8,"scheduleSkewMs":69.58750000037253}
10-11 15:49:31.791  2422  2607 I ReactNativeJS: [outputs] playMorse.symbol {"timestamp":13195311.47361,"wallClock":1760212171790,"symbol":".","durationMs":40,"index":26,"source":"console.replay","correlationId":"console-replay:mgmovo5qzr4epzcj","nativeTimestampMs":null,"nativeDurationMs":null,"nativeOffsetMs":null,"nativeSequence":null,"monotonicTimestampMs":null}
10-11 15:49:31.791  2422  2607 I ReactNativeJS: [outputs] outputs.hapticSymbol {"timestamp":13195312.440433,"wallClock":1760212171791,"enabled":true,"symbol":".","durationMs":40,"platform":"android","source":"console.replay","correlationId":"console-replay:mgmovo5qzr4epzcj","timelineOffsetMs":null}
10-11 15:49:31.793  2422  2607 I ReactNativeJS: [outputs] outputs.flashPulse {"timestamp":13195314.01585,"wallClock":1760212171792,"enabled":true,"durationMs":40,"source":"console.replay","correlationId":"console-replay:mgmovo5qzr4epzcj","timelineOffsetMs":null}
10-11 15:49:31.859  2422  2607 I ReactNativeJS: [outputs] outputs.flashPulse.commit {"timestamp":13195380.452204,"wallClock":1760212171859,"durationMs":40,"source":"console.replay","correlationId":"console-replay:mgmovo5qzr4epzcj","latencyMs":68.98177099972963,"timelineOffsetMs":null,"leadMs":8,"scheduleSkewMs":76.98177099972963}
10-11 15:49:31.903  2422  2607 I ReactNativeJS: [outputs] playMorse.complete {"timestamp":13195424.181006,"wallClock":1760212171903,"durationMs":3565.0801550000906,"source":"console.replay","audioEnabled":true,"audioVolumePercent":100}
10-11 15:49:34.446  2422  2607 I ReactNativeJS: [outputs] playMorse.start {"timestamp":13197967.348609,"wallClock":1760212174446,"unitMs":34,"length":28,"source":"console.replay","audioEnabled":true,"audioVolumePercent":100}
10-11 15:49:34.560  2422  2607 D OutputsAudio: [outputs-audio] warmup hz=700.0
10-11 15:49:34.560  2422 10045 D OutputsAudio: [outputs-audio] playMorse.start count=27 unit=34.0
10-11 15:49:34.560  2422 10045 D OutputsAudio: [outputs-audio] start hz=700.0 gain=1.000 attack=2.50 release=6.00
10-11 15:49:34.568  2422  2607 D OutputsAudio: [outputs-audio] symbol.info sequence=1 symbol=. timestamp=13198081.725 duration=34.000
10-11 15:49:34.569  2422  2607 I ReactNativeJS: [outputs] playMorse.symbol {"timestamp":13198090.211005,"wallClock":1760212174569,"symbol":".","durationMs":34,"index":0,"source":"console.replay","correlationId":"console-replay:mgmovqaxmj09hi5e","nativeTimestampMs":13198081.725,"nativeDurationMs":34,"nativeOffsetMs":8.411317000165582,"nativeSequence":1,"monotonicTimestampMs":13198081.725}
10-11 15:49:34.570  2422  2607 I ReactNativeJS: [outputs] outputs.hapticSymbol {"timestamp":13198090.938817,"wallClock":1760212174569,"enabled":true,"symbol":".","durationMs":34,"platform":"android","source":"console.replay","correlationId":"console-replay:mgmovqaxmj09hi5e","timelineOffsetMs":8.411317000165582}
10-11 15:49:34.571  2422  2607 I ReactNativeJS: [outputs] outputs.flashPulse {"timestamp":13198091.878244,"wallClock":1760212174570,"enabled":true,"durationMs":34,"source":"console.replay","correlationId":"console-replay:mgmovqaxmj09hi5e","timelineOffsetMs":8.411317000165582}
10-11 15:49:34.595  2422 10045 D OutputsAudio: [outputs-audio] stop gain=1.000 release=6.00
10-11 15:49:34.629  2422 10045 D OutputsAudio: [outputs-audio] start hz=700.0 gain=1.000 attack=2.50 release=6.00
10-11 15:49:34.630  2422  2607 I ReactNativeJS: [outputs] outputs.flashPulse.commit {"timestamp":13198151.139807,"wallClock":1760212174630,"durationMs":34,"source":"console.replay","correlationId":"console-replay:mgmovqaxmj09hi5e","latencyMs":60.997709000483155,"timelineOffsetMs":8.411317000165582,"leadMs":8,"scheduleSkewMs":68.99770900048316}
10-11 15:49:34.664  2422 10045 D OutputsAudio: [outputs-audio] stop gain=1.000 release=6.00
10-11 15:49:34.676  2422  2607 D OutputsAudio: [outputs-audio] symbol.info sequence=2 symbol=. timestamp=13198151.331 duration=34.000
10-11 15:49:34.676  2422  2607 I ReactNativeJS: [outputs] playMorse.symbol {"timestamp":13198197.628557,"wallClock":1760212174676,"symbol":".","durationMs":34,"index":1,"source":"console.replay","correlationId":"console-replay:mgmovqdwuqh2qjy2","nativeTimestampMs":13198151.331,"nativeDurationMs":34,"nativeOffsetMs":46.24828599952161,"nativeSequence":2,"monotonicTimestampMs":13198151.331}
10-11 15:49:34.677  2422  2607 I ReactNativeJS: [outputs] outputs.hapticSymbol {"timestamp":13198198.132099,"wallClock":1760212174677,"enabled":true,"symbol":".","durationMs":34,"platform":"android","source":"console.replay","correlationId":"console-replay:mgmovqdwuqh2qjy2","timelineOffsetMs":46.24828599952161}
10-11 15:49:34.677  2422  2607 I ReactNativeJS: [outputs] outputs.flashPulse {"timestamp":13198198.842828,"wallClock":1760212174677,"enabled":true,"durationMs":34,"source":"console.replay","correlationId":"console-replay:mgmovqdwuqh2qjy2","timelineOffsetMs":46.24828599952161}
10-11 15:49:34.699  2422 10045 D OutputsAudio: [outputs-audio] start hz=700.0 gain=1.000 attack=2.50 release=6.00
10-11 15:49:34.734  2422 10045 D OutputsAudio: [outputs-audio] stop gain=1.000 release=6.00
10-11 15:49:34.734  2422  2607 I ReactNativeJS: [outputs] outputs.flashPulse.commit {"timestamp":13198255.109494,"wallClock":1760212174733,"durationMs":34,"source":"console.replay","correlationId":"console-replay:mgmovqdwuqh2qjy2","latencyMs":57.52484400011599,"timelineOffsetMs":46.24828599952161,"leadMs":8,"scheduleSkewMs":65.52484400011599}
10-11 15:49:34.768  2422 10045 D OutputsAudio: [outputs-audio] start hz=700.0 gain=1.000 attack=2.50 release=6.00
10-11 15:49:34.783  2422  2607 D OutputsAudio: [outputs-audio] symbol.info sequence=4 symbol=- timestamp=13198291.885 duration=102.000
10-11 15:49:34.784  2422  2607 W ReactNativeJS: '[outputs-audio] native sequence jump', { previous: 2, next: 4, delta: 2 }
10-11 15:49:34.784  2422  2607 I ReactNativeJS: [outputs] playMorse.symbol {"timestamp":13198305.613609,"wallClock":1760212174784,"symbol":".","durationMs":34,"index":2,"source":"console.replay","correlationId":"console-replay:mgmovqgwbgxvck48","nativeTimestampMs":13198291.885,"nativeDurationMs":102,"nativeOffsetMs":13.692618999630213,"nativeSequence":4,"monotonicTimestampMs":13198291.885}
10-11 15:49:34.785  2422  2607 I ReactNativeJS: [outputs] outputs.hapticSymbol {"timestamp":13198305.990588,"wallClock":1760212174784,"enabled":true,"symbol":".","durationMs":34,"platform":"android","source":"console.replay","correlationId":"console-replay:mgmovqgwbgxvck48","timelineOffsetMs":13.692618999630213}
10-11 15:49:34.785  2422  2607 I ReactNativeJS: [outputs] outputs.flashPulse {"timestamp":13198306.666578,"wallClock":1760212174785,"enabled":true,"durationMs":34,"source":"console.replay","correlationId":"console-replay:mgmovqgwbgxvck48","timelineOffsetMs":13.692618999630213}
10-11 15:49:34.841  2422  2607 I ReactNativeJS: [outputs] outputs.flashPulse.commit {"timestamp":13198362.53413,"wallClock":1760212174841,"durationMs":34,"source":"console.replay","correlationId":"console-replay:mgmovqgwbgxvck48","latencyMs":56.95114600099623,"timelineOffsetMs":13.692618999630213,"leadMs":8,"scheduleSkewMs":64.95114600099623}
10-11 15:49:34.873  2422 10045 D OutputsAudio: [outputs-audio] stop gain=1.000 release=6.00
10-11 15:49:34.908  2422 10045 D OutputsAudio: [outputs-audio] start hz=700.0 gain=1.000 attack=2.50 release=6.00
10-11 15:49:34.919  2422  2607 D OutputsAudio: [outputs-audio] symbol.info sequence=5 symbol=- timestamp=13198430.323 duration=102.000
10-11 15:49:34.920  2422  2607 I ReactNativeJS: [outputs] playMorse.symbol {"timestamp":13198440.710953,"wallClock":1760212174919,"symbol":"-","durationMs":102,"index":3,"source":"console.replay","correlationId":"console-replay:mgmovqkn33pmnc0w","nativeTimestampMs":13198430.323,"nativeDurationMs":102,"nativeOffsetMs":10.310868998989463,"nativeSequence":5,"monotonicTimestampMs":13198430.323}
10-11 15:49:34.920  2422  2607 I ReactNativeJS: [outputs] outputs.hapticSymbol {"timestamp":13198441.438661,"wallClock":1760212174920,"enabled":true,"symbol":"-","durationMs":102,"platform":"android","source":"console.replay","correlationId":"console-replay:mgmovqkn33pmnc0w","timelineOffsetMs":10.310868998989463}
10-11 15:49:34.921  2422  2607 I ReactNativeJS: [outputs] outputs.flashPulse {"timestamp":13198442.324338,"wallClock":1760212174921,"enabled":true,"durationMs":102,"source":"console.replay","correlationId":"console-replay:mgmovqkn33pmnc0w","timelineOffsetMs":10.310868998989463}
10-11 15:49:34.976  2422  2607 I ReactNativeJS: [outputs] outputs.flashPulse.commit {"timestamp":13198497.627567,"wallClock":1760212174976,"durationMs":102,"source":"console.replay","correlationId":"console-replay:mgmovqkn33pmnc0w","latencyMs":56.98812500014901,"timelineOffsetMs":10.310868998989463,"leadMs":8,"scheduleSkewMs":64.98812500014901}
10-11 15:49:35.012  2422 10045 D OutputsAudio: [outputs-audio] stop gain=1.000 release=6.00
10-11 15:49:35.047  2422 10045 D OutputsAudio: [outputs-audio] start hz=700.0 gain=1.000 attack=2.50 release=6.00
10-11 15:49:35.064  2422  2607 D OutputsAudio: [outputs-audio] symbol.info sequence=6 symbol=- timestamp=13198568.903 duration=102.000
10-11 15:49:35.065  2422  2607 I ReactNativeJS: [outputs] playMorse.symbol {"timestamp":13198586.298296,"wallClock":1760212175065,"symbol":"-","durationMs":102,"index":4,"source":"console.replay","correlationId":"console-replay:mgmovqopggvjptrr","nativeTimestampMs":13198568.903,"nativeDurationMs":102,"nativeOffsetMs":17.304462999105453,"nativeSequence":6,"monotonicTimestampMs":13198568.903}
10-11 15:49:35.066  2422  2607 I ReactNativeJS: [outputs] outputs.hapticSymbol {"timestamp":13198587.026057,"wallClock":1760212175065,"enabled":true,"symbol":"-","durationMs":102,"platform":"android","source":"console.replay","correlationId":"console-replay:mgmovqopggvjptrr","timelineOffsetMs":17.304462999105453}
10-11 15:49:35.066  2422  2607 I ReactNativeJS: [outputs] outputs.flashPulse {"timestamp":13198587.833609,"wallClock":1760212175066,"enabled":true,"durationMs":102,"source":"console.replay","correlationId":"console-replay:mgmovqopggvjptrr","timelineOffsetMs":17.304462999105453}
10-11 15:49:35.123  2422  2607 I ReactNativeJS: [outputs] outputs.flashPulse.commit {"timestamp":13198643.862515,"wallClock":1760212175122,"durationMs":102,"source":"console.replay","correlationId":"console-replay:mgmovqopggvjptrr","latencyMs":57.64953099936247,"timelineOffsetMs":17.304462999105453,"leadMs":8,"scheduleSkewMs":65.64953099936247}
10-11 15:49:35.150  2422 10045 D OutputsAudio: [outputs-audio] stop gain=1.000 release=6.00
10-11 15:49:35.184  2422 10045 D OutputsAudio: [outputs-audio] start hz=700.0 gain=1.000 attack=2.50 release=6.00
10-11 15:49:35.204  2422  2607 D OutputsAudio: [outputs-audio] symbol.info sequence=7 symbol=. timestamp=13198706.018 duration=34.000
10-11 15:49:35.204  2422  2607 I ReactNativeJS: [outputs] playMorse.symbol {"timestamp":13198725.33288,"wallClock":1760212175204,"symbol":"-","durationMs":102,"index":5,"source":"console.replay","correlationId":"console-replay:mgmovqskusbk3ycn","nativeTimestampMs":13198706.018,"nativeDurationMs":34,"nativeOffsetMs":19.22701500169933,"nativeSequence":7,"monotonicTimestampMs":13198706.018}
10-11 15:49:35.205  2422  2607 I ReactNativeJS: [outputs] outputs.hapticSymbol {"timestamp":13198726.051786,"wallClock":1760212175204,"enabled":true,"symbol":"-","durationMs":102,"platform":"android","source":"console.replay","correlationId":"console-replay:mgmovqskusbk3ycn","timelineOffsetMs":19.22701500169933}
10-11 15:49:35.206  2422  2607 I ReactNativeJS: [outputs] outputs.flashPulse {"timestamp":13198726.921317,"wallClock":1760212175205,"enabled":true,"durationMs":102,"source":"console.replay","correlationId":"console-replay:mgmovqskusbk3ycn","timelineOffsetMs":19.22701500169933}
10-11 15:49:35.219  2422 10045 D OutputsAudio: [outputs-audio] stop gain=1.000 release=6.00
10-11 15:49:35.254  2422 10045 D OutputsAudio: [outputs-audio] start hz=700.0 gain=1.000 attack=2.50 release=6.00
10-11 15:49:35.267  2422  2607 I ReactNativeJS: [outputs] outputs.flashPulse.commit {"timestamp":13198788.355796,"wallClock":1760212175267,"durationMs":102,"source":"console.replay","correlationId":"console-replay:mgmovqskusbk3ycn","latencyMs":63.09859399870038,"timelineOffsetMs":19.22701500169933,"leadMs":8,"scheduleSkewMs":71.09859399870038}
10-11 15:49:35.288  2422 10045 D OutputsAudio: [outputs-audio] stop gain=1.000 release=6.00
10-11 15:49:35.322  2422 10045 D OutputsAudio: [outputs-audio] start hz=700.0 gain=1.000 attack=2.50 release=6.00
10-11 15:49:35.325  2422  2607 D OutputsAudio: [outputs-audio] symbol.info sequence=9 symbol=. timestamp=13198844.104 duration=34.000
10-11 15:49:35.326  2422  2607 W ReactNativeJS: '[outputs-audio] native sequence jump', { previous: 7, next: 9, delta: 2 }
10-11 15:49:35.326  2422  2607 I ReactNativeJS: [outputs] playMorse.symbol {"timestamp":13198847.385744,"wallClock":1760212175326,"symbol":".","durationMs":34,"index":6,"source":"console.replay","correlationId":"console-replay:mgmovqvy1ciz7mg7","nativeTimestampMs":13198844.104,"nativeDurationMs":34,"nativeOffsetMs":3.245389999821782,"nativeSequence":9,"monotonicTimestampMs":13198844.104}
10-11 15:49:35.326  2422  2607 I ReactNativeJS: [outputs] outputs.hapticSymbol {"timestamp":13198847.766682,"wallClock":1760212175326,"enabled":true,"symbol":".","durationMs":34,"platform":"android","source":"console.replay","correlationId":"console-replay:mgmovqvy1ciz7mg7","timelineOffsetMs":3.245389999821782}
10-11 15:49:35.327  2422  2607 I ReactNativeJS: [outputs] outputs.flashPulse {"timestamp":13198848.499442,"wallClock":1760212175327,"enabled":true,"durationMs":34,"source":"console.replay","correlationId":"console-replay:mgmovqvy1ciz7mg7","timelineOffsetMs":3.245389999821782}
10-11 15:49:35.357  2422 10045 D OutputsAudio: [outputs-audio] stop gain=1.000 release=6.00
10-11 15:49:35.385  2422  2607 I ReactNativeJS: [outputs] outputs.flashPulse.commit {"timestamp":13198905.890327,"wallClock":1760212175384,"durationMs":34,"source":"console.replay","correlationId":"console-replay:mgmovqvy1ciz7mg7","latencyMs":58.53619799949229,"timelineOffsetMs":3.245389999821782,"leadMs":8,"scheduleSkewMs":66.53619799949229}
10-11 15:49:35.392  2422 10045 D OutputsAudio: [outputs-audio] start hz=700.0 gain=1.000 attack=2.50 release=6.00
10-11 15:49:35.433  2422  2607 D OutputsAudio: [outputs-audio] symbol.info sequence=10 symbol=- timestamp=13198913.206 duration=102.000
10-11 15:49:35.433  2422  2607 I ReactNativeJS: [outputs] playMorse.symbol {"timestamp":13198954.557515,"wallClock":1760212175433,"symbol":".","durationMs":34,"index":7,"source":"console.replay","correlationId":"console-replay:mgmovqyxt5kw3cj8","nativeTimestampMs":13198913.206,"nativeDurationMs":102,"nativeOffsetMs":41.301618998870254,"nativeSequence":10,"monotonicTimestampMs":13198913.206}
10-11 15:49:35.434  2422  2607 I ReactNativeJS: [outputs] outputs.hapticSymbol {"timestamp":13198955.046942,"wallClock":1760212175433,"enabled":true,"symbol":".","durationMs":34,"platform":"android","source":"console.replay","correlationId":"console-replay:mgmovqyxt5kw3cj8","timelineOffsetMs":41.301618998870254}
10-11 15:49:35.434  2422  2607 I ReactNativeJS: [outputs] outputs.flashPulse {"timestamp":13198955.748036,"wallClock":1760212175434,"enabled":true,"durationMs":34,"source":"console.replay","correlationId":"console-replay:mgmovqyxt5kw3cj8","timelineOffsetMs":41.301618998870254}
10-11 15:49:35.489  2422  2607 I ReactNativeJS: [outputs] outputs.flashPulse.commit {"timestamp":13199010.576786,"wallClock":1760212175489,"durationMs":34,"source":"console.replay","correlationId":"console-replay:mgmovqyxt5kw3cj8","latencyMs":56.064115000888705,"timelineOffsetMs":41.301618998870254,"leadMs":8,"scheduleSkewMs":64.0641150008887}
10-11 15:49:35.494  2422 10045 D OutputsAudio: [outputs-audio] stop gain=1.000 release=6.00
10-11 15:49:35.528  2422 10045 D OutputsAudio: [outputs-audio] start hz=700.0 gain=1.000 attack=2.50 release=6.00
10-11 15:49:35.543  2422  2607 D OutputsAudio: [outputs-audio] symbol.info sequence=11 symbol=- timestamp=13199049.792 duration=102.000
10-11 15:49:35.544  2422  2607 I ReactNativeJS: [outputs] playMorse.symbol {"timestamp":13199065.107307,"wallClock":1760212175543,"symbol":".","durationMs":34,"index":8,"source":"console.replay","correlationId":"console-replay:mgmovr1zky67d9mw","nativeTimestampMs":13199049.792,"nativeDurationMs":102,"nativeOffsetMs":15.249890001490712,"nativeSequence":11,"monotonicTimestampMs":13199049.792}
10-11 15:49:35.544  2422  2607 I ReactNativeJS: [outputs] outputs.hapticSymbol {"timestamp":13199065.680171,"wallClock":1760212175544,"enabled":true,"symbol":".","durationMs":34,"platform":"android","source":"console.replay","correlationId":"console-replay:mgmovr1zky67d9mw","timelineOffsetMs":15.249890001490712}
10-11 15:49:35.545  2422  2607 I ReactNativeJS: [outputs] outputs.flashPulse {"timestamp":13199066.659286,"wallClock":1760212175545,"enabled":true,"durationMs":34,"source":"console.replay","correlationId":"console-replay:mgmovr1zky67d9mw","timelineOffsetMs":15.249890001490712}
10-11 15:49:35.599  2422  2607 I ReactNativeJS: [outputs] outputs.flashPulse.commit {"timestamp":13199119.948713,"wallClock":1760212175598,"durationMs":34,"source":"console.replay","correlationId":"console-replay:mgmovr1zky67d9mw","latencyMs":54.90166699886322,"timelineOffsetMs":15.249890001490712,"leadMs":8,"scheduleSkewMs":62.90166699886322}
10-11 15:49:35.631  2422 10045 D OutputsAudio: [outputs-audio] stop gain=1.000 release=6.00
10-11 15:49:35.666  2422 10045 D OutputsAudio: [outputs-audio] start hz=700.0 gain=1.000 attack=2.50 release=6.00
10-11 15:49:35.681  2422  2607 D OutputsAudio: [outputs-audio] symbol.info sequence=12 symbol=- timestamp=13199187.349 duration=102.000
10-11 15:49:35.682  2422  2607 I ReactNativeJS: [outputs] playMorse.symbol {"timestamp":13199202.486056,"wallClock":1760212175681,"symbol":"-","durationMs":102,"index":9,"source":"console.replay","correlationId":"console-replay:mgmovr5t47eo7w54","nativeTimestampMs":13199187.349,"nativeDurationMs":102,"nativeOffsetMs":15.053827000781894,"nativeSequence":12,"monotonicTimestampMs":13199187.349}
10-11 15:49:35.682  2422  2607 I ReactNativeJS: [outputs] outputs.hapticSymbol {"timestamp":13199203.408713,"wallClock":1760212175682,"enabled":true,"symbol":"-","durationMs":102,"platform":"android","source":"console.replay","correlationId":"console-replay:mgmovr5t47eo7w54","timelineOffsetMs":15.053827000781894}
10-11 15:49:35.683  2422  2607 I ReactNativeJS: [outputs] outputs.flashPulse {"timestamp":13199204.592359,"wallClock":1760212175683,"enabled":true,"durationMs":102,"source":"console.replay","correlationId":"console-replay:mgmovr5t47eo7w54","timelineOffsetMs":15.053827000781894}
10-11 15:49:35.742  2422  2607 I ReactNativeJS: [outputs] outputs.flashPulse.commit {"timestamp":13199263.754234,"wallClock":1760212175742,"durationMs":102,"source":"console.replay","correlationId":"console-replay:mgmovr5t47eo7w54","latencyMs":61.34588599950075,"timelineOffsetMs":15.053827000781894,"leadMs":8,"scheduleSkewMs":69.34588599950075}
10-11 15:49:35.768  2422 10045 D OutputsAudio: [outputs-audio] stop gain=1.000 release=6.00
10-11 15:49:35.803  2422 10045 D OutputsAudio: [outputs-audio] start hz=700.0 gain=1.000 attack=2.50 release=6.00
10-11 15:49:35.820  2422  2607 D OutputsAudio: [outputs-audio] symbol.info sequence=13 symbol=. timestamp=13199324.349 duration=34.000
10-11 15:49:35.821  2422  2607 I ReactNativeJS: [outputs] playMorse.symbol {"timestamp":13199341.619598,"wallClock":1760212175820,"symbol":"-","durationMs":102,"index":10,"source":"console.replay","correlationId":"console-replay:mgmovr9o34lpjmts","nativeTimestampMs":13199324.349,"nativeDurationMs":34,"nativeOffsetMs":17.170963000506163,"nativeSequence":13,"monotonicTimestampMs":13199324.349}
10-11 15:49:35.822  2422  2607 I ReactNativeJS: [outputs] outputs.hapticSymbol {"timestamp":13199342.731109,"wallClock":1760212175821,"enabled":true,"symbol":"-","durationMs":102,"platform":"android","source":"console.replay","correlationId":"console-replay:mgmovr9o34lpjmts","timelineOffsetMs":17.170963000506163}
