10-11 17:00:27.667 19110 25127 D OutputsAudio: [outputs-audio] stop gain=1.000 release=6.00
10-11 17:00:27.668 19110 19189 I ReactNativeJS: [outputs] outputs.flashPulse.commit {"timestamp":17451189.438184,"wallClock":1760216427668,"durationMs":80,"source":"console.replay","correlationId":"console-replay:mgmrevymtamfcsrl","latencyMs":69.67005199939013,"timelineOffsetMs":11.39487199857831,"leadMs":8,"scheduleSkewMs":77.67005199939013}
10-11 17:00:27.748 19110 25127 D OutputsAudio: [outputs-audio] start hz=700.0 gain=1.000 attack=2.50 release=6.00
10-11 17:00:27.761 19110 19189 D OutputsAudio: [outputs-audio] symbol.info sequence=27 symbol=. timestamp=17451269.822 duration=80.000
10-11 17:00:27.762 19110 19189 I ReactNativeJS: [outputs] playMorse.symbol {"timestamp":17451282.720164,"wallClock":1760216427761,"symbol":".","durationMs":80,"index":26,"source":"console.replay","correlationId":"console-replay:mgmrew358rjie6ql","nativeTimestampMs":17451269.822,"nativeDurationMs":80,"nativeOffsetMs":12.810142997652292,"nativeSequence":27,"monotonicTimestampMs":17451269.822,"nativeExpectedTimestampMs":null,"nativeStartSkewMs":null,"nativeBatchElapsedMs":null,"nativeExpectedSincePriorMs":null,"nativeSincePriorMs":null,"nativePatternStartMs":null,"nativeAgeMs":null}
10-11 17:00:27.762 19110 19189 I ReactNativeJS: [outputs] outputs.hapticSymbol {"timestamp":17451283.418445,"wallClock":1760216427762,"enabled":true,"symbol":".","durationMs":80,"platform":"android","source":"console.replay","correlationId":"console-replay:mgmrew358rjie6ql","timelineOffsetMs":12.810142997652292}
10-11 17:00:27.763 19110 19189 I ReactNativeJS: [outputs] outputs.flashPulse {"timestamp":17451284.417143,"wallClock":1760216427763,"enabled":true,"durationMs":80,"source":"console.replay","correlationId":"console-replay:mgmrew358rjie6ql","timelineOffsetMs":12.810142997652292}
10-11 17:00:27.812 19110 19189 I ReactNativeJS: [outputs] outputs.flashPulse.commit {"timestamp":17451333.743757,"wallClock":1760216427812,"durationMs":80,"source":"console.replay","correlationId":"console-replay:mgmrew358rjie6ql","latencyMs":51.106094002723694,"timelineOffsetMs":12.810142997652292,"leadMs":8,"scheduleSkewMs":59.106094002723694}
10-11 17:00:27.828 19110 25127 D OutputsAudio: [outputs-audio] stop gain=1.000 release=6.00
10-11 17:00:27.859 19110 19189 I ReactNativeJS: [outputs] playMorse.complete {"timestamp":17451380.571101,"wallClock":1760216427859,"durationMs":6494.67176900059,"source":"console.replay","audioEnabled":true,"audioVolumePercent":100}
10-11 17:00:27.909 19110 25127 D OutputsAudio: [outputs-audio] stop gain=0.000 release=6.00
10-11 17:00:27.910 19110 25127 D OutputsAudio: [outputs-audio] playMorse.end cancelled=0
10-11 17:00:31.354 19110 19189 I ReactNativeJS: [outputs] playMorse.start {"timestamp":17454875.193287,"wallClock":1760216431354,"unitMs":60,"length":28,"source":"console.replay","audioEnabled":true,"audioVolumePercent":100}
10-11 17:00:31.550 19110 19189 D OutputsAudio: [outputs-audio] warmup hz=700.0
10-11 17:00:31.551 19110 25180 D OutputsAudio: [outputs-audio] playMorse.start count=27 unit=60.0
10-11 17:00:31.551 19110 25180 D OutputsAudio: [outputs-audio] start hz=700.0 gain=1.000 attack=2.50 release=6.00
10-11 17:00:31.570 19110 19189 D OutputsAudio: [outputs-audio] symbol.info sequence=1 symbol=. timestamp=17455072.385 duration=60.000
10-11 17:00:31.571 19110 19189 I ReactNativeJS: [outputs] playMorse.symbol {"timestamp":17455091.755475,"wallClock":1760216431570,"symbol":".","durationMs":60,"index":0,"source":"console.replay","correlationId":"console-replay:mgmrez0yn9t394v0","nativeTimestampMs":17455072.385,"nativeDurationMs":60,"nativeOffsetMs":19.25984999909997,"nativeSequence":1,"monotonicTimestampMs":17455072.385,"nativeExpectedTimestampMs":null,"nativeStartSkewMs":null,"nativeBatchElapsedMs":null,"nativeExpectedSincePriorMs":null,"nativeSincePriorMs":null,"nativePatternStartMs":null,"nativeAgeMs":null}
10-11 17:00:31.572 19110 19189 I ReactNativeJS: [outputs] outputs.hapticSymbol {"timestamp":17455092.89136,"wallClock":1760216431571,"enabled":true,"symbol":".","durationMs":60,"platform":"android","source":"console.replay","correlationId":"console-replay:mgmrez0yn9t394v0","timelineOffsetMs":19.25984999909997}
10-11 17:00:31.573 19110 19189 I ReactNativeJS: [outputs] outputs.flashPulse {"timestamp":17455094.284068,"wallClock":1760216431573,"enabled":true,"durationMs":60,"source":"console.replay","correlationId":"console-replay:mgmrez0yn9t394v0","timelineOffsetMs":19.25984999909997}
10-11 17:00:31.611 19110 25180 D OutputsAudio: [outputs-audio] stop gain=1.000 release=6.00
10-11 17:00:31.631 19110 19189 I ReactNativeJS: [outputs] outputs.flashPulse.commit {"timestamp":17455151.802402,"wallClock":1760216431630,"durationMs":60,"source":"console.replay","correlationId":"console-replay:mgmrez0yn9t394v0","latencyMs":60.15218700096011,"timelineOffsetMs":19.25984999909997,"leadMs":8,"scheduleSkewMs":68.15218700096011}
10-11 17:00:31.672 19110 25180 D OutputsAudio: [outputs-audio] start hz=700.0 gain=1.000 attack=2.50 release=6.00
10-11 17:00:31.672 19110 19189 D OutputsAudio: [outputs-audio] symbol.info sequence=2 symbol=. timestamp=17455193.350 duration=60.000
10-11 17:00:31.675 19110 19189 I ReactNativeJS: [outputs] playMorse.symbol {"timestamp":17455194.106412,"wallClock":1760216431672,"symbol":".","durationMs":60,"index":1,"source":"console.replay","correlationId":"console-replay:mgmrez3s1ox9p5x9","nativeTimestampMs":17455193.35,"nativeDurationMs":60,"nativeOffsetMs":0.7014119997620583,"nativeSequence":2,"monotonicTimestampMs":17455193.35,"nativeExpectedTimestampMs":null,"nativeStartSkewMs":null,"nativeBatchElapsedMs":null,"nativeExpectedSincePriorMs":null,"nativeSincePriorMs":null,"nativePatternStartMs":null,"nativeAgeMs":null}
10-11 17:00:31.677 19110 19189 I ReactNativeJS: [outputs] outputs.hapticSymbol {"timestamp":17455196.216673,"wallClock":1760216431675,"enabled":true,"symbol":".","durationMs":60,"platform":"android","source":"console.replay","correlationId":"console-replay:mgmrez3s1ox9p5x9","timelineOffsetMs":0.7014119997620583}
10-11 17:00:31.678 19110 19189 I ReactNativeJS: [outputs] outputs.flashPulse {"timestamp":17455199.14287,"wallClock":1760216431678,"enabled":true,"durationMs":60,"source":"console.replay","correlationId":"console-replay:mgmrez3s1ox9p5x9","timelineOffsetMs":0.7014119997620583}
10-11 17:00:31.732 19110 25180 D OutputsAudio: [outputs-audio] stop gain=1.000 release=6.00
10-11 17:00:31.733 19110 19189 I ReactNativeJS: [outputs] outputs.flashPulse.commit {"timestamp":17455253.983027,"wallClock":1760216431732,"durationMs":60,"source":"console.replay","correlationId":"console-replay:mgmrez3s1ox9p5x9","latencyMs":59.926927000284195,"timelineOffsetMs":0.7014119997620583,"leadMs":8,"scheduleSkewMs":67.9269270002842}
10-11 17:00:31.793 19110 25180 D OutputsAudio: [outputs-audio] start hz=700.0 gain=1.000 attack=2.50 release=6.00
10-11 17:00:31.807 19110 19189 D OutputsAudio: [outputs-audio] symbol.info sequence=3 symbol=. timestamp=17455314.790 duration=60.000
10-11 17:00:31.807 19110 19189 I ReactNativeJS: [outputs] playMorse.symbol {"timestamp":17455328.580422,"wallClock":1760216431807,"symbol":".","durationMs":60,"index":2,"source":"console.replay","correlationId":"console-replay:mgmrez7jatswi456","nativeTimestampMs":17455314.79,"nativeDurationMs":60,"nativeOffsetMs":13.730162002146244,"nativeSequence":3,"monotonicTimestampMs":17455314.79,"nativeExpectedTimestampMs":null,"nativeStartSkewMs":null,"nativeBatchElapsedMs":null,"nativeExpectedSincePriorMs":null,"nativeSincePriorMs":null,"nativePatternStartMs":null,"nativeAgeMs":null}
10-11 17:00:31.808 19110 19189 I ReactNativeJS: [outputs] outputs.hapticSymbol {"timestamp":17455329.134693,"wallClock":1760216431808,"enabled":true,"symbol":".","durationMs":60,"platform":"android","source":"console.replay","correlationId":"console-replay:mgmrez7jatswi456","timelineOffsetMs":13.730162002146244}
10-11 17:00:31.809 19110 19189 I ReactNativeJS: [outputs] outputs.flashPulse {"timestamp":17455329.907766,"wallClock":1760216431808,"enabled":true,"durationMs":60,"source":"console.replay","correlationId":"console-replay:mgmrez7jatswi456","timelineOffsetMs":13.730162002146244}
10-11 17:00:31.854 19110 25180 D OutputsAudio: [outputs-audio] stop gain=1.000 release=6.00
10-11 17:00:31.862 19110 19189 I ReactNativeJS: [outputs] outputs.flashPulse.commit {"timestamp":17455383.47011,"wallClock":1760216431862,"durationMs":60,"source":"console.replay","correlationId":"console-replay:mgmrez7jatswi456","latencyMs":54.9453129991889,"timelineOffsetMs":13.730162002146244,"leadMs":8,"scheduleSkewMs":62.9453129991889}
10-11 17:00:31.915 19110 25180 D OutputsAudio: [outputs-audio] start hz=700.0 gain=1.000 attack=2.50 release=6.00
10-11 17:00:31.931 19110 19189 D OutputsAudio: [outputs-audio] symbol.info sequence=4 symbol=- timestamp=17455436.498 duration=180.000
10-11 17:00:31.932 19110 19189 I ReactNativeJS: [outputs] playMorse.symbol {"timestamp":17455452.70412,"wallClock":1760216431931,"symbol":"-","durationMs":180,"index":3,"source":"console.replay","correlationId":"console-replay:mgmrezazwsmu77w5","nativeTimestampMs":17455436.498,"nativeDurationMs":180,"nativeOffsetMs":16.07211000099778,"nativeSequence":4,"monotonicTimestampMs":17455436.498,"nativeExpectedTimestampMs":null,"nativeStartSkewMs":null,"nativeBatchElapsedMs":null,"nativeExpectedSincePriorMs":null,"nativeSincePriorMs":null,"nativePatternStartMs":null,"nativeAgeMs":null}
10-11 17:00:31.933 19110 19189 I ReactNativeJS: [outputs] outputs.hapticSymbol {"timestamp":17455453.771256,"wallClock":1760216431932,"enabled":true,"symbol":"-","durationMs":180,"platform":"android","source":"console.replay","correlationId":"console-replay:mgmrezazwsmu77w5","timelineOffsetMs":16.07211000099778}
10-11 17:00:31.934 19110 19189 I ReactNativeJS: [outputs] outputs.flashPulse {"timestamp":17455455.171568,"wallClock":1760216431934,"enabled":true,"durationMs":180,"source":"console.replay","correlationId":"console-replay:mgmrezazwsmu77w5","timelineOffsetMs":16.07211000099778}
10-11 17:00:31.984 19110 19189 I ReactNativeJS: [outputs] outputs.flashPulse.commit {"timestamp":17455505.507037,"wallClock":1760216431984,"durationMs":180,"source":"console.replay","correlationId":"console-replay:mgmrezazwsmu77w5","latencyMs":52.932186998426914,"timelineOffsetMs":16.07211000099778,"leadMs":8,"scheduleSkewMs":60.932186998426914}
10-11 17:00:32.095 19110 25180 D OutputsAudio: [outputs-audio] stop gain=1.000 release=6.00
10-11 17:00:32.156 19110 25180 D OutputsAudio: [outputs-audio] start hz=700.0 gain=1.000 attack=2.50 release=6.00
10-11 17:00:32.168 19110 19189 D OutputsAudio: [outputs-audio] symbol.info sequence=5 symbol=- timestamp=17455678.168 duration=180.000
10-11 17:00:32.169 19110 19189 I ReactNativeJS: [outputs] playMorse.symbol {"timestamp":17455689.315318,"wallClock":1760216432168,"symbol":"-","durationMs":180,"index":4,"source":"console.replay","correlationId":"console-replay:mgmrezhky64uivfu","nativeTimestampMs":17455678.168,"nativeDurationMs":180,"nativeOffsetMs":11.068828999996185,"nativeSequence":5,"monotonicTimestampMs":17455678.168,"nativeExpectedTimestampMs":null,"nativeStartSkewMs":null,"nativeBatchElapsedMs":null,"nativeExpectedSincePriorMs":null,"nativeSincePriorMs":null,"nativePatternStartMs":null,"nativeAgeMs":null}
10-11 17:00:32.170 19110 19189 I ReactNativeJS: [outputs] outputs.hapticSymbol {"timestamp":17455690.449172,"wallClock":1760216432169,"enabled":true,"symbol":"-","durationMs":180,"platform":"android","source":"console.replay","correlationId":"console-replay:mgmrezhky64uivfu","timelineOffsetMs":11.068828999996185}
10-11 17:00:32.176 19110 19189 I ReactNativeJS: [outputs] outputs.flashPulse {"timestamp":17455692.469641,"wallClock":1760216432171,"enabled":true,"durationMs":180,"source":"console.replay","correlationId":"console-replay:mgmrezhky64uivfu","timelineOffsetMs":11.068828999996185}
10-11 17:00:32.235 19110 19189 I ReactNativeJS: [outputs] outputs.flashPulse.commit {"timestamp":17455756.036829,"wallClock":1760216432234,"durationMs":180,"source":"console.replay","correlationId":"console-replay:mgmrezhky64uivfu","latencyMs":66.79479099810123,"timelineOffsetMs":11.068828999996185,"leadMs":8,"scheduleSkewMs":74.79479099810123}
10-11 17:00:32.337 19110 25180 D OutputsAudio: [outputs-audio] stop gain=1.000 release=6.00
10-11 17:00:32.397 19110 25180 D OutputsAudio: [outputs-audio] start hz=700.0 gain=1.000 attack=2.50 release=6.00
10-11 17:00:32.409 19110 19189 D OutputsAudio: [outputs-audio] symbol.info sequence=6 symbol=- timestamp=17455919.002 duration=180.000
10-11 17:00:32.410 19110 19189 I ReactNativeJS: [outputs] playMorse.symbol {"timestamp":17455931.134797,"wallClock":1760216432410,"symbol":"-","durationMs":180,"index":5,"source":"console.replay","correlationId":"console-replay:mgmrezo950cin9ie","nativeTimestampMs":17455919.002,"nativeDurationMs":180,"nativeOffsetMs":12.037432998418808,"nativeSequence":6,"monotonicTimestampMs":17455919.002,"nativeExpectedTimestampMs":null,"nativeStartSkewMs":null,"nativeBatchElapsedMs":null,"nativeExpectedSincePriorMs":null,"nativeSincePriorMs":null,"nativePatternStartMs":null,"nativeAgeMs":null}
10-11 17:00:32.411 19110 19189 I ReactNativeJS: [outputs] outputs.hapticSymbol {"timestamp":17455932.087401,"wallClock":1760216432410,"enabled":true,"symbol":"-","durationMs":180,"platform":"android","source":"console.replay","correlationId":"console-replay:mgmrezo950cin9ie","timelineOffsetMs":12.037432998418808}
10-11 17:00:32.412 19110 19189 I ReactNativeJS: [outputs] outputs.flashPulse {"timestamp":17455933.270995,"wallClock":1760216432412,"enabled":true,"durationMs":180,"source":"console.replay","correlationId":"console-replay:mgmrezo950cin9ie","timelineOffsetMs":12.037432998418808}
10-11 17:00:32.477 19110 19189 I ReactNativeJS: [outputs] outputs.flashPulse.commit {"timestamp":17455998.208547,"wallClock":1760216432477,"durationMs":180,"source":"console.replay","correlationId":"console-replay:mgmrezo950cin9ie","latencyMs":67.1638020016253,"timelineOffsetMs":12.037432998418808,"leadMs":8,"scheduleSkewMs":75.1638020016253}
10-11 17:00:32.579 19110 25180 D OutputsAudio: [outputs-audio] stop gain=1.000 release=6.00
10-11 17:00:32.640 19110 25180 D OutputsAudio: [outputs-audio] start hz=700.0 gain=1.000 attack=2.50 release=6.00
10-11 17:00:32.651 19110 19189 D OutputsAudio: [outputs-audio] symbol.info sequence=7 symbol=. timestamp=17456161.544 duration=60.000
10-11 17:00:32.653 19110 19189 I ReactNativeJS: [outputs] playMorse.symbol {"timestamp":17456173.167349,"wallClock":1760216432652,"symbol":".","durationMs":60,"index":6,"source":"console.replay","correlationId":"console-replay:mgmrezv0bbiv561z","nativeTimestampMs":17456161.544,"nativeDurationMs":60,"nativeOffsetMs":11.51902600005269,"nativeSequence":7,"monotonicTimestampMs":17456161.544,"nativeExpectedTimestampMs":null,"nativeStartSkewMs":null,"nativeBatchElapsedMs":null,"nativeExpectedSincePriorMs":null,"nativeSincePriorMs":null,"nativePatternStartMs":null,"nativeAgeMs":null}
10-11 17:00:32.654 19110 19189 I ReactNativeJS: [outputs] outputs.hapticSymbol {"timestamp":17456174.512922,"wallClock":1760216432653,"enabled":true,"symbol":".","durationMs":60,"platform":"android","source":"console.replay","correlationId":"console-replay:mgmrezv0bbiv561z","timelineOffsetMs":11.51902600005269}
10-11 17:00:32.657 19110 19189 I ReactNativeJS: [outputs] outputs.flashPulse {"timestamp":17456177.820318,"wallClock":1760216432656,"enabled":true,"durationMs":60,"source":"console.replay","correlationId":"console-replay:mgmrezv0bbiv561z","timelineOffsetMs":11.51902600005269}
10-11 17:00:32.700 19110 25180 D OutputsAudio: [outputs-audio] stop gain=1.000 release=6.00
10-11 17:00:32.717 19110 19189 I ReactNativeJS: [outputs] outputs.flashPulse.commit {"timestamp":17456238.458078,"wallClock":1760216432717,"durationMs":60,"source":"console.replay","correlationId":"console-replay:mgmrezv0bbiv561z","latencyMs":65.38979199901223,"timelineOffsetMs":11.51902600005269,"leadMs":8,"scheduleSkewMs":73.38979199901223}
10-11 17:00:32.762 19110 25180 D OutputsAudio: [outputs-audio] start hz=700.0 gain=1.000 attack=2.50 release=6.00
10-11 17:00:32.782 19110 19189 D OutputsAudio: [outputs-audio] symbol.info sequence=8 symbol=. timestamp=17456283.731 duration=60.000
10-11 17:00:32.783 19110 19189 I ReactNativeJS: [outputs] playMorse.symbol {"timestamp":17456303.744901,"wallClock":1760216432782,"symbol":".","durationMs":60,"index":7,"source":"console.replay","correlationId":"console-replay:mgmrezyme039sgta","nativeTimestampMs":17456283.731,"nativeDurationMs":60,"nativeOffsetMs":19.930516000837088,"nativeSequence":8,"monotonicTimestampMs":17456283.731,"nativeExpectedTimestampMs":null,"nativeStartSkewMs":null,"nativeBatchElapsedMs":null,"nativeExpectedSincePriorMs":null,"nativeSincePriorMs":null,"nativePatternStartMs":null,"nativeAgeMs":null}
10-11 17:00:32.783 19110 19189 I ReactNativeJS: [outputs] outputs.hapticSymbol {"timestamp":17456304.691724,"wallClock":1760216432783,"enabled":true,"symbol":".","durationMs":60,"platform":"android","source":"console.replay","correlationId":"console-replay:mgmrezyme039sgta","timelineOffsetMs":19.930516000837088}
10-11 17:00:32.785 19110 19189 I ReactNativeJS: [outputs] outputs.flashPulse {"timestamp":17456305.790787,"wallClock":1760216432784,"enabled":true,"durationMs":60,"source":"console.replay","correlationId":"console-replay:mgmrezyme039sgta","timelineOffsetMs":19.930516000837088}
10-11 17:00:32.823 19110 25180 D OutputsAudio: [outputs-audio] stop gain=1.000 release=6.00
10-11 17:00:32.840 19110 19189 I ReactNativeJS: [outputs] outputs.flashPulse.commit {"timestamp":17456361.529589,"wallClock":1760216432840,"durationMs":60,"source":"console.replay","correlationId":"console-replay:mgmrezyme039sgta","latencyMs":57.862396001815796,"timelineOffsetMs":19.930516000837088,"leadMs":8,"scheduleSkewMs":65.8623960018158}
10-11 17:00:32.884 19110 25180 D OutputsAudio: [outputs-audio] start hz=700.0 gain=1.000 attack=2.50 release=6.00
10-11 17:00:32.886 19110 19189 D OutputsAudio: [outputs-audio] symbol.info sequence=9 symbol=. timestamp=17456406.084 duration=60.000
10-11 17:00:32.887 19110 19189 I ReactNativeJS: [outputs] playMorse.symbol {"timestamp":17456408.225683,"wallClock":1760216432887,"symbol":".","durationMs":60,"index":8,"source":"console.replay","correlationId":"console-replay:mgmrf01jt6081u9x","nativeTimestampMs":17456406.084,"nativeDurationMs":60,"nativeOffsetMs":2.091577999293804,"nativeSequence":9,"monotonicTimestampMs":17456406.084,"nativeExpectedTimestampMs":null,"nativeStartSkewMs":null,"nativeBatchElapsedMs":null,"nativeExpectedSincePriorMs":null,"nativeSincePriorMs":null,"nativePatternStartMs":null,"nativeAgeMs":null}
10-11 17:00:32.887 19110 19189 I ReactNativeJS: [outputs] outputs.hapticSymbol {"timestamp":17456408.638339,"wallClock":1760216432887,"enabled":true,"symbol":".","durationMs":60,"platform":"android","source":"console.replay","correlationId":"console-replay:mgmrf01jt6081u9x","timelineOffsetMs":2.091577999293804}
10-11 17:00:32.888 19110 19189 I ReactNativeJS: [outputs] outputs.flashPulse {"timestamp":17456409.342974,"wallClock":1760216432888,"enabled":true,"durationMs":60,"source":"console.replay","correlationId":"console-replay:mgmrf01jt6081u9x","timelineOffsetMs":2.091577999293804}
10-11 17:00:32.941 19110 19189 I ReactNativeJS: [outputs] outputs.flashPulse.commit {"timestamp":17456462.135266,"wallClock":1760216432941,"durationMs":60,"source":"console.replay","correlationId":"console-replay:mgmrf01jt6081u9x","latencyMs":53.95447900146246,"timelineOffsetMs":2.091577999293804,"leadMs":8,"scheduleSkewMs":61.95447900146246}
10-11 17:00:32.945 19110 25180 D OutputsAudio: [outputs-audio] stop gain=1.000 release=6.00
10-11 17:00:33.006 19110 25180 D OutputsAudio: [outputs-audio] start hz=700.0 gain=1.000 attack=2.50 release=6.00
10-11 17:00:33.029 19110 19189 D OutputsAudio: [outputs-audio] symbol.info sequence=10 symbol=- timestamp=17456527.524 duration=180.000
10-11 17:00:33.030 19110 19189 I ReactNativeJS: [outputs] playMorse.symbol {"timestamp":17456551.00886,"wallClock":1760216433029,"symbol":"-","durationMs":180,"index":9,"source":"console.replay","correlationId":"console-replay:mgmrf05h42vpiwkg","nativeTimestampMs":17456527.524,"nativeDurationMs":180,"nativeOffsetMs":23.384546998888254,"nativeSequence":10,"monotonicTimestampMs":17456527.524,"nativeExpectedTimestampMs":null,"nativeStartSkewMs":null,"nativeBatchElapsedMs":null,"nativeExpectedSincePriorMs":null,"nativeSincePriorMs":null,"nativePatternStartMs":null,"nativeAgeMs":null}
10-11 17:00:33.031 19110 19189 I ReactNativeJS: [outputs] outputs.hapticSymbol {"timestamp":17456551.891932,"wallClock":1760216433030,"enabled":true,"symbol":"-","durationMs":180,"platform":"android","source":"console.replay","correlationId":"console-replay:mgmrf05h42vpiwkg","timelineOffsetMs":23.384546998888254}
10-11 17:00:33.033 19110 19189 I ReactNativeJS: [outputs] outputs.flashPulse {"timestamp":17456554.052349,"wallClock":1760216433032,"enabled":true,"durationMs":180,"source":"console.replay","correlationId":"console-replay:mgmrf05h42vpiwkg","timelineOffsetMs":23.384546998888254}
10-11 17:00:33.097 19110 19189 I ReactNativeJS: [outputs] outputs.flashPulse.commit {"timestamp":17456617.810057,"wallClock":1760216433096,"durationMs":180,"source":"console.replay","correlationId":"console-replay:mgmrf05h42vpiwkg","latencyMs":66.89625000208616,"timelineOffsetMs":23.384546998888254,"leadMs":8,"scheduleSkewMs":74.89625000208616}
10-11 17:00:33.187 19110 25180 D OutputsAudio: [outputs-audio] stop gain=1.000 release=6.00
10-11 17:00:33.248 19110 25180 D OutputsAudio: [outputs-audio] start hz=700.0 gain=1.000 attack=2.50 release=6.00
10-11 17:00:33.252 19110 19189 D OutputsAudio: [outputs-audio] symbol.info sequence=11 symbol=- timestamp=17456769.990 duration=180.000
10-11 17:00:33.254 19110 19189 I ReactNativeJS: [outputs] playMorse.symbol {"timestamp":17456774.300526,"wallClock":1760216433253,"symbol":"-","durationMs":180,"index":10,"source":"console.replay","correlationId":"console-replay:mgmrf0bprubqce1h","nativeTimestampMs":17456769.99,"nativeDurationMs":180,"nativeOffsetMs":4.203755002468824,"nativeSequence":11,"monotonicTimestampMs":17456769.99,"nativeExpectedTimestampMs":null,"nativeStartSkewMs":null,"nativeBatchElapsedMs":null,"nativeExpectedSincePriorMs":null,"nativeSincePriorMs":null,"nativePatternStartMs":null,"nativeAgeMs":null}
10-11 17:00:33.254 19110 19189 I ReactNativeJS: [outputs] outputs.hapticSymbol {"timestamp":17456775.308391,"wallClock":1760216433254,"enabled":true,"symbol":"-","durationMs":180,"platform":"android","source":"console.replay","correlationId":"console-replay:mgmrf0bprubqce1h","timelineOffsetMs":4.203755002468824}
10-11 17:00:33.256 19110 19189 I ReactNativeJS: [outputs] outputs.flashPulse {"timestamp":17456776.949745,"wallClock":1760216433255,"enabled":true,"durationMs":180,"source":"console.replay","correlationId":"console-replay:mgmrf0bprubqce1h","timelineOffsetMs":4.203755002468824}
10-11 17:00:33.371 19110 19189 I ReactNativeJS: [outputs] outputs.flashPulse.commit {"timestamp":17456892.202505,"wallClock":1760216433371,"durationMs":180,"source":"console.replay","correlationId":"console-replay:mgmrf0bprubqce1h","latencyMs":118.00156299769878,"timelineOffsetMs":4.203755002468824,"leadMs":8,"scheduleSkewMs":126.00156299769878}
10-11 17:00:33.429 19110 25180 D OutputsAudio: [outputs-audio] stop gain=1.000 release=6.00
10-11 17:00:33.490 19110 25180 D OutputsAudio: [outputs-audio] start hz=700.0 gain=1.000 attack=2.50 release=6.00
10-11 17:00:33.504 19110 19189 D OutputsAudio: [outputs-audio] symbol.info sequence=12 symbol=- timestamp=17457012.108 duration=180.000
10-11 17:00:33.506 19110 19189 I ReactNativeJS: [outputs] playMorse.symbol {"timestamp":17457025.83287,"wallClock":1760216433504,"symbol":"-","durationMs":180,"index":11,"source":"console.replay","correlationId":"console-replay:mgmrf0ioc47i2upn","nativeTimestampMs":17457012.108,"nativeDurationMs":180,"nativeOffsetMs":13.61320300027728,"nativeSequence":12,"monotonicTimestampMs":17457012.108,"nativeExpectedTimestampMs":null,"nativeStartSkewMs":null,"nativeBatchElapsedMs":null,"nativeExpectedSincePriorMs":null,"nativeSincePriorMs":null,"nativePatternStartMs":null,"nativeAgeMs":null}
10-11 17:00:33.507 19110 19189 I ReactNativeJS: [outputs] outputs.hapticSymbol {"timestamp":17457027.487974,"wallClock":1760216433506,"enabled":true,"symbol":"-","durationMs":180,"platform":"android","source":"console.replay","correlationId":"console-replay:mgmrf0ioc47i2upn","timelineOffsetMs":13.61320300027728}
10-11 17:00:33.508 19110 19189 I ReactNativeJS: [outputs] outputs.flashPulse {"timestamp":17457029.285578,"wallClock":1760216433508,"enabled":true,"durationMs":180,"source":"console.replay","correlationId":"console-replay:mgmrf0ioc47i2upn","timelineOffsetMs":13.61320300027728}
10-11 17:00:33.570 19110 19189 I ReactNativeJS: [outputs] outputs.flashPulse.commit {"timestamp":17457090.85537,"wallClock":1760216433569,"durationMs":180,"source":"console.replay","correlationId":"console-replay:mgmrf0ioc47i2upn","latencyMs":65.12890600040555,"timelineOffsetMs":13.61320300027728,"leadMs":8,"scheduleSkewMs":73.12890600040555}
10-11 17:00:33.671 19110 25180 D OutputsAudio: [outputs-audio] stop gain=1.000 release=6.00
10-11 17:00:33.731 19110 25180 D OutputsAudio: [outputs-audio] start hz=700.0 gain=1.000 attack=2.50 release=6.00
10-11 17:00:33.745 19110 19189 D OutputsAudio: [outputs-audio] symbol.info sequence=13 symbol=. timestamp=17457253.185 duration=60.000
10-11 17:00:33.747 19110 19189 I ReactNativeJS: [outputs] playMorse.symbol {"timestamp":17457267.054432,"wallClock":1760216433745,"symbol":".","durationMs":60,"index":12,"source":"console.replay","correlationId":"console-replay:mgmrf0pdq5wuve1s","nativeTimestampMs":17457253.185,"nativeDurationMs":60,"nativeOffsetMs":13.782661002129316,"nativeSequence":13,"monotonicTimestampMs":17457253.185,"nativeExpectedTimestampMs":null,"nativeStartSkewMs":null,"nativeBatchElapsedMs":null,"nativeExpectedSincePriorMs":null,"nativeSincePriorMs":null,"nativePatternStartMs":null,"nativeAgeMs":null}
10-11 17:00:33.747 19110 19189 I ReactNativeJS: [outputs] outputs.hapticSymbol {"timestamp":17457268.302141,"wallClock":1760216433747,"enabled":true,"symbol":".","durationMs":60,"platform":"android","source":"console.replay","correlationId":"console-replay:mgmrf0pdq5wuve1s","timelineOffsetMs":13.782661002129316}
10-11 17:00:33.750 19110 19189 I ReactNativeJS: [outputs] outputs.flashPulse {"timestamp":17457270.827922,"wallClock":1760216433749,"enabled":true,"durationMs":60,"source":"console.replay","correlationId":"console-replay:mgmrf0pdq5wuve1s","timelineOffsetMs":13.782661002129316}
10-11 17:00:33.793 19110 25180 D OutputsAudio: [outputs-audio] stop gain=1.000 release=6.00
10-11 17:00:33.802 19110 19189 I ReactNativeJS: [outputs] outputs.flashPulse.commit {"timestamp":17457323.715057,"wallClock":1760216433802,"durationMs":60,"source":"console.replay","correlationId":"console-replay:mgmrf0pdq5wuve1s","latencyMs":56.7424479983747,"timelineOffsetMs":13.782661002129316,"leadMs":8,"scheduleSkewMs":64.7424479983747}
10-11 17:00:33.853 19110 25180 D OutputsAudio: [outputs-audio] start hz=700.0 gain=1.000 attack=2.50 release=6.00
10-11 17:00:33.863 19110 19189 D OutputsAudio: [outputs-audio] symbol.info sequence=14 symbol=. timestamp=17457374.670 duration=60.000
10-11 17:00:33.864 19110 19189 I ReactNativeJS: [outputs] playMorse.symbol {"timestamp":17457385.219224,"wallClock":1760216433864,"symbol":".","durationMs":60,"index":13,"source":"console.replay","correlationId":"console-replay:mgmrf0sowjqrc45k","nativeTimestampMs":17457374.67,"nativeDurationMs":60,"nativeOffsetMs":10.499119997024536,"nativeSequence":14,"monotonicTimestampMs":17457374.67,"nativeExpectedTimestampMs":null,"nativeStartSkewMs":null,"nativeBatchElapsedMs":null,"nativeExpectedSincePriorMs":null,"nativeSincePriorMs":null,"nativePatternStartMs":null,"nativeAgeMs":null}
10-11 17:00:33.864 19110 19189 I ReactNativeJS: [outputs] outputs.hapticSymbol {"timestamp":17457385.63912,"wallClock":1760216433864,"enabled":true,"symbol":".","durationMs":60,"platform":"android","source":"console.replay","correlationId":"console-replay:mgmrf0sowjqrc45k","timelineOffsetMs":10.499119997024536}
10-11 17:00:33.865 19110 19189 I ReactNativeJS: [outputs] outputs.flashPulse {"timestamp":17457386.379536,"wallClock":1760216433865,"enabled":true,"durationMs":60,"source":"console.replay","correlationId":"console-replay:mgmrf0sowjqrc45k","timelineOffsetMs":10.499119997024536}
10-11 17:00:33.914 19110 25180 D OutputsAudio: [outputs-audio] stop gain=1.000 release=6.00
10-11 17:00:33.919 19110 19189 I ReactNativeJS: [outputs] outputs.flashPulse.commit {"timestamp":17457440.496932,"wallClock":1760216433919,"durationMs":60,"source":"console.replay","correlationId":"console-replay:mgmrf0sowjqrc45k","latencyMs":55.32276000082493,"timelineOffsetMs":10.499119997024536,"leadMs":8,"scheduleSkewMs":63.32276000082493}
10-11 17:00:33.974 19110 25180 D OutputsAudio: [outputs-audio] start hz=700.0 gain=1.000 attack=2.50 release=6.00
10-11 17:00:34.000 19110 19189 D OutputsAudio: [outputs-audio] symbol.info sequence=15 symbol=. timestamp=17457496.149 duration=60.000
10-11 17:00:34.001 19110 19189 I ReactNativeJS: [outputs] playMorse.symbol {"timestamp":17457521.97063,"wallClock":1760216434000,"symbol":".","durationMs":60,"index":14,"source":"console.replay","correlationId":"console-replay:mgmrf0wgv4vmn7ca","nativeTimestampMs":17457496.149,"nativeDurationMs":60,"nativeOffsetMs":25.743140000849962,"nativeSequence":15,"monotonicTimestampMs":17457496.149,"nativeExpectedTimestampMs":null,"nativeStartSkewMs":null,"nativeBatchElapsedMs":null,"nativeExpectedSincePriorMs":null,"nativeSincePriorMs":null,"nativePatternStartMs":null,"nativeAgeMs":null}
10-11 17:00:34.001 19110 19189 I ReactNativeJS: [outputs] outputs.hapticSymbol {"timestamp":17457522.739224,"wallClock":1760216434001,"enabled":true,"symbol":".","durationMs":60,"platform":"android","source":"console.replay","correlationId":"console-replay:mgmrf0wgv4vmn7ca","timelineOffsetMs":25.743140000849962}
10-11 17:00:34.002 19110 19189 I ReactNativeJS: [outputs] outputs.flashPulse {"timestamp":17457523.577817,"wallClock":1760216434002,"enabled":true,"durationMs":60,"source":"console.replay","correlationId":"console-replay:mgmrf0wgv4vmn7ca","timelineOffsetMs":25.743140000849962}
10-11 17:00:34.035 19110 25180 D OutputsAudio: [outputs-audio] stop gain=1.000 release=6.00
10-11 17:00:34.062 19110 19189 I ReactNativeJS: [outputs] outputs.flashPulse.commit {"timestamp":17457582.772349,"wallClock":1760216434061,"durationMs":60,"source":"console.replay","correlationId":"console-replay:mgmrf0wgv4vmn7ca","latencyMs":60.875,"timelineOffsetMs":25.743140000849962,"leadMs":8,"scheduleSkewMs":68.875}
10-11 17:00:34.096 19110 25180 D OutputsAudio: [outputs-audio] start hz=700.0 gain=1.000 attack=2.50 release=6.00
10-11 17:00:34.107 19110 19189 D OutputsAudio: [outputs-audio] symbol.info sequence=16 symbol=- timestamp=17457617.759 duration=180.000
10-11 17:00:34.108 19110 19189 I ReactNativeJS: [outputs] playMorse.symbol {"timestamp":17457628.924849,"wallClock":1760216434107,"symbol":"-","durationMs":180,"index":15,"source":"console.replay","correlationId":"console-replay:mgmrf0zfr28e4jex","nativeTimestampMs":17457617.759,"nativeDurationMs":180,"nativeOffsetMs":11.115953002125025,"nativeSequence":16,"monotonicTimestampMs":17457617.759,"nativeExpectedTimestampMs":null,"nativeStartSkewMs":null,"nativeBatchElapsedMs":null,"nativeExpectedSincePriorMs":null,"nativeSincePriorMs":null,"nativePatternStartMs":null,"nativeAgeMs":null}
10-11 17:00:34.108 19110 19189 I ReactNativeJS: [outputs] outputs.hapticSymbol {"timestamp":17457629.400942,"wallClock":1760216434108,"enabled":true,"symbol":"-","durationMs":180,"platform":"android","source":"console.replay","correlationId":"console-replay:mgmrf0zfr28e4jex","timelineOffsetMs":11.115953002125025}
10-11 17:00:34.109 19110 19189 I ReactNativeJS: [outputs] outputs.flashPulse {"timestamp":17457630.118442,"wallClock":1760216434108,"enabled":true,"durationMs":180,"source":"console.replay","correlationId":"console-replay:mgmrf0zfr28e4jex","timelineOffsetMs":11.115953002125025}
10-11 17:00:34.167 19110 19189 I ReactNativeJS: [outputs] outputs.flashPulse.commit {"timestamp":17457688.371359,"wallClock":1760216434167,"durationMs":180,"source":"console.replay","correlationId":"console-replay:mgmrf0zfr28e4jex","latencyMs":59.48854199796915,"timelineOffsetMs":11.115953002125025,"leadMs":8,"scheduleSkewMs":67.48854199796915}
10-11 17:00:34.276 19110 25180 D OutputsAudio: [outputs-audio] stop gain=1.000 release=6.00
10-11 17:00:34.338 19110 25180 D OutputsAudio: [outputs-audio] start hz=700.0 gain=1.000 attack=2.50 release=6.00
10-11 17:00:34.347 19110 19189 D OutputsAudio: [outputs-audio] symbol.info sequence=17 symbol=- timestamp=17457859.214 duration=180.000
10-11 17:00:34.348 19110 19189 I ReactNativeJS: [outputs] playMorse.symbol {"timestamp":17457868.668651,"wallClock":1760216434347,"symbol":"-","durationMs":180,"index":16,"source":"console.replay","correlationId":"console-replay:mgmrf163w4mz4urm","nativeTimestampMs":17457859.214,"nativeDurationMs":180,"nativeOffsetMs":9.349599000066519,"nativeSequence":17,"monotonicTimestampMs":17457859.214,"nativeExpectedTimestampMs":null,"nativeStartSkewMs":null,"nativeBatchElapsedMs":null,"nativeExpectedSincePriorMs":null,"nativeSincePriorMs":null,"nativePatternStartMs":null,"nativeAgeMs":null}
10-11 17:00:34.349 19110 19189 I ReactNativeJS: [outputs] outputs.hapticSymbol {"timestamp":17457869.628026,"wallClock":1760216434348,"enabled":true,"symbol":"-","durationMs":180,"platform":"android","source":"console.replay","correlationId":"console-replay:mgmrf163w4mz4urm","timelineOffsetMs":9.349599000066519}
10-11 17:00:34.351 19110 19189 I ReactNativeJS: [outputs] outputs.flashPulse {"timestamp":17457871.771307,"wallClock":1760216434350,"enabled":true,"durationMs":180,"source":"console.replay","correlationId":"console-replay:mgmrf163w4mz4urm","timelineOffsetMs":9.349599000066519}
10-11 17:00:34.414 19110 19189 I ReactNativeJS: [outputs] outputs.flashPulse.commit {"timestamp":17457934.810213,"wallClock":1760216434413,"durationMs":180,"source":"console.replay","correlationId":"console-replay:mgmrf163w4mz4urm","latencyMs":66.24124999716878,"timelineOffsetMs":9.349599000066519,"leadMs":8,"scheduleSkewMs":74.24124999716878}
10-11 17:00:34.518 19110 25180 D OutputsAudio: [outputs-audio] stop gain=1.000 release=6.00
10-11 17:00:34.579 19110 25180 D OutputsAudio: [outputs-audio] start hz=700.0 gain=1.000 attack=2.50 release=6.00
10-11 17:00:34.591 19110 19189 D OutputsAudio: [outputs-audio] symbol.info sequence=18 symbol=- timestamp=17458101.194 duration=180.000
10-11 17:00:34.592 19110 19189 I ReactNativeJS: [outputs] playMorse.symbol {"timestamp":17458112.875057,"wallClock":1760216434591,"symbol":"-","durationMs":180,"index":17,"source":"console.replay","correlationId":"console-replay:mgmrf1cvjifi6rqd","nativeTimestampMs":17458101.194,"nativeDurationMs":180,"nativeOffsetMs":11.591474000364542,"nativeSequence":18,"monotonicTimestampMs":17458101.194,"nativeExpectedTimestampMs":null,"nativeStartSkewMs":null,"nativeBatchElapsedMs":null,"nativeExpectedSincePriorMs":null,"nativeSincePriorMs":null,"nativePatternStartMs":null,"nativeAgeMs":null}
10-11 17:00:34.592 19110 19189 I ReactNativeJS: [outputs] outputs.hapticSymbol {"timestamp":17458113.670161,"wallClock":1760216434592,"enabled":true,"symbol":"-","durationMs":180,"platform":"android","source":"console.replay","correlationId":"console-replay:mgmrf1cvjifi6rqd","timelineOffsetMs":11.591474000364542}
10-11 17:00:34.594 19110 19189 I ReactNativeJS: [outputs] outputs.flashPulse {"timestamp":17458114.821724,"wallClock":1760216434593,"enabled":true,"durationMs":180,"source":"console.replay","correlationId":"console-replay:mgmrf1cvjifi6rqd","timelineOffsetMs":11.591474000364542}
10-11 17:00:34.657 19110 19189 I ReactNativeJS: [outputs] outputs.flashPulse.commit {"timestamp":17458177.94438,"wallClock":1760216434656,"durationMs":180,"source":"console.replay","correlationId":"console-replay:mgmrf1cvjifi6rqd","latencyMs":65.15406200289726,"timelineOffsetMs":11.591474000364542,"leadMs":8,"scheduleSkewMs":73.15406200289726}
10-11 17:00:34.760 19110 25180 D OutputsAudio: [outputs-audio] stop gain=1.000 release=6.00
10-11 17:00:34.821 19110 25180 D OutputsAudio: [outputs-audio] start hz=700.0 gain=1.000 attack=2.50 release=6.00
10-11 17:00:34.830 19110 19189 D OutputsAudio: [outputs-audio] symbol.info sequence=19 symbol=. timestamp=17458342.741 duration=60.000
10-11 17:00:34.832 19110 19189 I ReactNativeJS: [outputs] playMorse.symbol {"timestamp":17458352.152296,"wallClock":1760216434831,"symbol":".","durationMs":60,"index":18,"source":"console.replay","correlationId":"console-replay:mgmrf1jitv1s5dmu","nativeTimestampMs":17458342.741,"nativeDurationMs":60,"nativeOffsetMs":9.235879998654127,"nativeSequence":19,"monotonicTimestampMs":17458342.741,"nativeExpectedTimestampMs":null,"nativeStartSkewMs":null,"nativeBatchElapsedMs":null,"nativeExpectedSincePriorMs":null,"nativeSincePriorMs":null,"nativePatternStartMs":null,"nativeAgeMs":null}
10-11 17:00:34.833 19110 19189 I ReactNativeJS: [outputs] outputs.hapticSymbol {"timestamp":17458353.587557,"wallClock":1760216434832,"enabled":true,"symbol":".","durationMs":60,"platform":"android","source":"console.replay","correlationId":"console-replay:mgmrf1jitv1s5dmu","timelineOffsetMs":9.235879998654127}
10-11 17:00:34.835 19110 19189 I ReactNativeJS: [outputs] outputs.flashPulse {"timestamp":17458355.497348,"wallClock":1760216434834,"enabled":true,"durationMs":60,"source":"console.replay","correlationId":"console-replay:mgmrf1jitv1s5dmu","timelineOffsetMs":9.235879998654127}
10-11 17:00:34.882 19110 25180 D OutputsAudio: [outputs-audio] stop gain=1.000 release=6.00
10-11 17:00:34.904 19110 19189 I ReactNativeJS: [outputs] outputs.flashPulse.commit {"timestamp":17458425.397869,"wallClock":1760216434904,"durationMs":60,"source":"console.replay","correlationId":"console-replay:mgmrf1jitv1s5dmu","latencyMs":73.4155730009079,"timelineOffsetMs":9.235879998654127,"leadMs":8,"scheduleSkewMs":81.4155730009079}
10-11 17:00:34.943 19110 25180 D OutputsAudio: [outputs-audio] start hz=700.0 gain=1.000 attack=2.50 release=6.00
10-11 17:00:34.946 19110 19189 D OutputsAudio: [outputs-audio] symbol.info sequence=20 symbol=. timestamp=17458465.321 duration=60.000
10-11 17:00:34.947 19110 19189 I ReactNativeJS: [outputs] playMorse.symbol {"timestamp":17458467.723598,"wallClock":1760216434946,"symbol":".","durationMs":60,"index":19,"source":"console.replay","correlationId":"console-replay:mgmrf1mq4grhsnl5","nativeTimestampMs":17458465.321,"nativeDurationMs":60,"nativeOffsetMs":2.3511920012533665,"nativeSequence":20,"monotonicTimestampMs":17458465.321,"nativeExpectedTimestampMs":null,"nativeStartSkewMs":null,"nativeBatchElapsedMs":null,"nativeExpectedSincePriorMs":null,"nativeSincePriorMs":null,"nativePatternStartMs":null,"nativeAgeMs":null}
10-11 17:00:34.947 19110 19189 I ReactNativeJS: [outputs] outputs.hapticSymbol {"timestamp":17458468.274223,"wallClock":1760216434947,"enabled":true,"symbol":".","durationMs":60,"platform":"android","source":"console.replay","correlationId":"console-replay:mgmrf1mq4grhsnl5","timelineOffsetMs":2.3511920012533665}
10-11 17:00:34.948 19110 19189 I ReactNativeJS: [outputs] outputs.flashPulse {"timestamp":17458469.010473,"wallClock":1760216434947,"enabled":true,"durationMs":60,"source":"console.replay","correlationId":"console-replay:mgmrf1mq4grhsnl5","timelineOffsetMs":2.3511920012533665}
10-11 17:00:35.001 19110 19189 I ReactNativeJS: [outputs] outputs.flashPulse.commit {"timestamp":17458522.262088,"wallClock":1760216435001,"durationMs":60,"source":"console.replay","correlationId":"console-replay:mgmrf1mq4grhsnl5","latencyMs":54.58468800038099,"timelineOffsetMs":2.3511920012533665,"leadMs":8,"scheduleSkewMs":62.58468800038099}
10-11 17:00:35.005 19110 25180 D OutputsAudio: [outputs-audio] stop gain=1.000 release=6.00
10-11 17:00:35.065 19110 25180 D OutputsAudio: [outputs-audio] start hz=700.0 gain=1.000 attack=2.50 release=6.00
10-11 17:00:35.079 19110 19189 D OutputsAudio: [outputs-audio] symbol.info sequence=21 symbol=. timestamp=17458587.030 duration=60.000
10-11 17:00:35.080 19110 19189 I ReactNativeJS: [outputs] playMorse.symbol {"timestamp":17458600.616202,"wallClock":1760216435079,"symbol":".","durationMs":60,"index":20,"source":"console.replay","correlationId":"console-replay:mgmrf1qf3mmkfm5e","nativeTimestampMs":17458587.03,"nativeDurationMs":60,"nativeOffsetMs":13.49219200015068,"nativeSequence":21,"monotonicTimestampMs":17458587.03,"nativeExpectedTimestampMs":null,"nativeStartSkewMs":null,"nativeBatchElapsedMs":null,"nativeExpectedSincePriorMs":null,"nativeSincePriorMs":null,"nativePatternStartMs":null,"nativeAgeMs":null}
10-11 17:00:35.080 19110 19189 I ReactNativeJS: [outputs] outputs.hapticSymbol {"timestamp":17458601.315265,"wallClock":1760216435080,"enabled":true,"symbol":".","durationMs":60,"platform":"android","source":"console.replay","correlationId":"console-replay:mgmrf1qf3mmkfm5e","timelineOffsetMs":13.49219200015068}
10-11 17:00:35.081 19110 19189 I ReactNativeJS: [outputs] outputs.flashPulse {"timestamp":17458602.31589,"wallClock":1760216435081,"enabled":true,"durationMs":60,"source":"console.replay","correlationId":"console-replay:mgmrf1qf3mmkfm5e","timelineOffsetMs":13.49219200015068}
10-11 17:00:35.126 19110 25180 D OutputsAudio: [outputs-audio] stop gain=1.000 release=6.00
10-11 17:00:35.136 19110 19189 I ReactNativeJS: [outputs] outputs.flashPulse.commit {"timestamp":17458656.810942,"wallClock":1760216435135,"durationMs":60,"source":"console.replay","correlationId":"console-replay:mgmrf1qf3mmkfm5e","latencyMs":56.28385400027037,"timelineOffsetMs":13.49219200015068,"leadMs":8,"scheduleSkewMs":64.28385400027037}
10-11 17:00:35.187 19110 25180 D OutputsAudio: [outputs-audio] start hz=700.0 gain=1.000 attack=2.50 release=6.00
10-11 17:00:35.202 19110 19189 D OutputsAudio: [outputs-audio] symbol.info sequence=22 symbol=- timestamp=17458708.434 duration=180.000
10-11 17:00:35.203 19110 19189 I ReactNativeJS: [outputs] playMorse.symbol {"timestamp":17458724.13589,"wallClock":1760216435203,"symbol":"-","durationMs":180,"index":21,"source":"console.replay","correlationId":"console-replay:mgmrf1tuk10x5b92","nativeTimestampMs":17458708.434,"nativeDurationMs":180,"nativeOffsetMs":15.617410998791456,"nativeSequence":22,"monotonicTimestampMs":17458708.434,"nativeExpectedTimestampMs":null,"nativeStartSkewMs":null,"nativeBatchElapsedMs":null,"nativeExpectedSincePriorMs":null,"nativeSincePriorMs":null,"nativePatternStartMs":null,"nativeAgeMs":null}
10-11 17:00:35.204 19110 19189 I ReactNativeJS: [outputs] outputs.hapticSymbol {"timestamp":17458724.85615,"wallClock":1760216435203,"enabled":true,"symbol":"-","durationMs":180,"platform":"android","source":"console.replay","correlationId":"console-replay:mgmrf1tuk10x5b92","timelineOffsetMs":15.617410998791456}
10-11 17:00:35.205 19110 19189 I ReactNativeJS: [outputs] outputs.flashPulse {"timestamp":17458726.019067,"wallClock":1760216435204,"enabled":true,"durationMs":180,"source":"console.replay","correlationId":"console-replay:mgmrf1tuk10x5b92","timelineOffsetMs":15.617410998791456}
10-11 17:00:35.254 19110 19189 I ReactNativeJS: [outputs] outputs.flashPulse.commit {"timestamp":17458775.097869,"wallClock":1760216435253,"durationMs":180,"source":"console.replay","correlationId":"console-replay:mgmrf1tuk10x5b92","latencyMs":51.04145799949765,"timelineOffsetMs":15.617410998791456,"leadMs":8,"scheduleSkewMs":59.04145799949765}
10-11 17:00:35.368 19110 25180 D OutputsAudio: [outputs-audio] stop gain=1.000 release=6.00
10-11 17:00:35.429 19110 25180 D OutputsAudio: [outputs-audio] start hz=700.0 gain=1.000 attack=2.50 release=6.00
10-11 17:00:35.440 19110 19189 D OutputsAudio: [outputs-audio] symbol.info sequence=23 symbol=- timestamp=17458950.333 duration=180.000
10-11 17:00:35.442 19110 19189 I ReactNativeJS: [outputs] playMorse.symbol {"timestamp":17458961.509015,"wallClock":1760216435440,"symbol":"-","durationMs":180,"index":22,"source":"console.replay","correlationId":"console-replay:mgmrf20gdmr1otog","nativeTimestampMs":17458950.333,"nativeDurationMs":180,"nativeOffsetMs":11.074609000235796,"nativeSequence":23,"monotonicTimestampMs":17458950.333,"nativeExpectedTimestampMs":null,"nativeStartSkewMs":null,"nativeBatchElapsedMs":null,"nativeExpectedSincePriorMs":null,"nativeSincePriorMs":null,"nativePatternStartMs":null,"nativeAgeMs":null}
10-11 17:00:35.443 19110 19189 I ReactNativeJS: [outputs] outputs.hapticSymbol {"timestamp":17458963.45839,"wallClock":1760216435442,"enabled":true,"symbol":"-","durationMs":180,"platform":"android","source":"console.replay","correlationId":"console-replay:mgmrf20gdmr1otog","timelineOffsetMs":11.074609000235796}
10-11 17:00:35.445 19110 19189 I ReactNativeJS: [outputs] outputs.flashPulse {"timestamp":17458965.818025,"wallClock":1760216435444,"enabled":true,"durationMs":180,"source":"console.replay","correlationId":"console-replay:mgmrf20gdmr1otog","timelineOffsetMs":11.074609000235796}
10-11 17:00:35.507 19110 19189 I ReactNativeJS: [outputs] outputs.flashPulse.commit {"timestamp":17459028.702296,"wallClock":1760216435507,"durationMs":180,"source":"console.replay","correlationId":"console-replay:mgmrf20gdmr1otog","latencyMs":67.28963499888778,"timelineOffsetMs":11.074609000235796,"leadMs":8,"scheduleSkewMs":75.28963499888778}
10-11 17:00:35.609 19110 25180 D OutputsAudio: [outputs-audio] stop gain=1.000 release=6.00
10-11 17:00:35.671 19110 25180 D OutputsAudio: [outputs-audio] start hz=700.0 gain=1.000 attack=2.50 release=6.00
10-11 17:00:35.683 19110 19189 D OutputsAudio: [outputs-audio] symbol.info sequence=24 symbol=- timestamp=17459192.262 duration=180.000
10-11 17:00:35.685 19110 19189 I ReactNativeJS: [outputs] playMorse.symbol {"timestamp":17459204.390056,"wallClock":1760216435683,"symbol":"-","durationMs":180,"index":23,"source":"console.replay","correlationId":"console-replay:mgmrf277z7r14mky","nativeTimestampMs":17459192.262,"nativeDurationMs":180,"nativeOffsetMs":12.023681003600359,"nativeSequence":24,"monotonicTimestampMs":17459192.262,"nativeExpectedTimestampMs":null,"nativeStartSkewMs":null,"nativeBatchElapsedMs":null,"nativeExpectedSincePriorMs":null,"nativeSincePriorMs":null,"nativePatternStartMs":null,"nativeAgeMs":null}
10-11 17:00:35.686 19110 19189 I ReactNativeJS: [outputs] outputs.hapticSymbol {"timestamp":17459206.97464,"wallClock":1760216435685,"enabled":true,"symbol":"-","durationMs":180,"platform":"android","source":"console.replay","correlationId":"console-replay:mgmrf277z7r14mky","timelineOffsetMs":12.023681003600359}
10-11 17:00:35.688 19110 19189 I ReactNativeJS: [outputs] outputs.flashPulse {"timestamp":17459208.9549,"wallClock":1760216435687,"enabled":true,"durationMs":180,"source":"console.replay","correlationId":"console-replay:mgmrf277z7r14mky","timelineOffsetMs":12.023681003600359}
10-11 17:00:35.759 19110 19189 I ReactNativeJS: [outputs] outputs.flashPulse.commit {"timestamp":17459280.415213,"wallClock":1760216435759,"durationMs":180,"source":"console.replay","correlationId":"console-replay:mgmrf277z7r14mky","latencyMs":76.12130199745297,"timelineOffsetMs":12.023681003600359,"leadMs":8,"scheduleSkewMs":84.12130199745297}
10-11 17:00:35.851 19110 25180 D OutputsAudio: [outputs-audio] stop gain=1.000 release=6.00
10-11 17:00:35.913 19110 25180 D OutputsAudio: [outputs-audio] start hz=700.0 gain=1.000 attack=2.50 release=6.00
10-11 17:00:35.925 19110 19189 D OutputsAudio: [outputs-audio] symbol.info sequence=25 symbol=. timestamp=17459434.555 duration=60.000
10-11 17:00:35.926 19110 19189 I ReactNativeJS: [outputs] playMorse.symbol {"timestamp":17459446.715525,"wallClock":1760216435925,"symbol":".","durationMs":60,"index":24,"source":"console.replay","correlationId":"console-replay:mgmrf2dxfykz5n4l","nativeTimestampMs":17459434.555,"nativeDurationMs":60,"nativeOffsetMs":12.072036001831293,"nativeSequence":25,"monotonicTimestampMs":17459434.555,"nativeExpectedTimestampMs":null,"nativeStartSkewMs":null,"nativeBatchElapsedMs":null,"nativeExpectedSincePriorMs":null,"nativeSincePriorMs":null,"nativePatternStartMs":null,"nativeAgeMs":null}
10-11 17:00:35.926 19110 19189 I ReactNativeJS: [outputs] outputs.hapticSymbol {"timestamp":17459447.624588,"wallClock":1760216435926,"enabled":true,"symbol":".","durationMs":60,"platform":"android","source":"console.replay","correlationId":"console-replay:mgmrf2dxfykz5n4l","timelineOffsetMs":12.072036001831293}
10-11 17:00:35.931 19110 19189 I ReactNativeJS: [outputs] outputs.flashPulse {"timestamp":17459451.765942,"wallClock":1760216435930,"enabled":true,"durationMs":60,"source":"console.replay","correlationId":"console-replay:mgmrf2dxfykz5n4l","timelineOffsetMs":12.072036001831293}
10-11 17:00:35.973 19110 25180 D OutputsAudio: [outputs-audio] stop gain=1.000 release=6.00
10-11 17:00:35.992 19110 19189 I ReactNativeJS: [outputs] outputs.flashPulse.commit {"timestamp":17459513.689171,"wallClock":1760216435992,"durationMs":60,"source":"console.replay","correlationId":"console-replay:mgmrf2dxfykz5n4l","latencyMs":67.05687399953604,"timelineOffsetMs":12.072036001831293,"leadMs":8,"scheduleSkewMs":75.05687399953604}
10-11 17:00:36.033 19110 25180 D OutputsAudio: [outputs-audio] start hz=700.0 gain=1.000 attack=2.50 release=6.00
10-11 17:00:36.039 19110 19189 D OutputsAudio: [outputs-audio] symbol.info sequence=26 symbol=. timestamp=17459555.066 duration=60.000
