10-11 15:02:31.116 21612 26494 D OutputsAudio: [outputs-audio] start hz=700.0 gain=1.000 attack=2.50 release=6.00
10-11 15:02:31.130 21612 21675 D OutputsAudio: [outputs-audio] symbol.info sequence=7 symbol=. timestamp=10374637.581 duration=60.000
10-11 15:02:31.131 21612 21675 I ReactNativeJS: [outputs] playMorse.symbol {"timestamp":10374651.785155,"wallClock":1760209351130,"symbol":".","durationMs":60,"index":6,"source":"console.replay","correlationId":"console-replay:mgmn77q28ankcpu5","nativeTimestampMs":10374637.581,"nativeDurationMs":60,"nativeOffsetMs":14.102800998836756,"nativeSequence":7,"monotonicTimestampMs":10374637.581}
10-11 15:02:31.132 21612 21675 I ReactNativeJS: [outputs] outputs.hapticSymbol {"timestamp":10374653.128332,"wallClock":1760209351132,"enabled":true,"symbol":".","durationMs":60,"platform":"android","source":"console.replay","correlationId":"console-replay:mgmn77q28ankcpu5","timelineOffsetMs":14.102800998836756}
10-11 15:02:31.134 21612 21675 I ReactNativeJS: [outputs] outputs.flashPulse {"timestamp":10374655.433228,"wallClock":1760209351134,"enabled":true,"durationMs":60,"source":"console.replay","correlationId":"console-replay:mgmn77q28ankcpu5","timelineOffsetMs":14.102800998836756}
10-11 15:02:31.176 21612 26494 D OutputsAudio: [outputs-audio] stop gain=1.000 release=6.00
10-11 15:02:31.199 21612 21675 I ReactNativeJS: [outputs] outputs.flashPulse.commit {"timestamp":10374720.306561,"wallClock":1760209351199,"durationMs":60,"source":"console.replay","correlationId":"console-replay:mgmn77q28ankcpu5","latencyMs":68.61770800128579,"timelineOffsetMs":14.102800998836756}
10-11 15:02:31.237 21612 26494 D OutputsAudio: [outputs-audio] start hz=700.0 gain=1.000 attack=2.50 release=6.00
10-11 15:02:31.242 21612 21675 D OutputsAudio: [outputs-audio] symbol.info sequence=8 symbol=. timestamp=10374758.374 duration=60.000
10-11 15:02:31.243 21612 21675 I ReactNativeJS: [outputs] playMorse.symbol {"timestamp":10374763.966665,"wallClock":1760209351242,"symbol":".","durationMs":60,"index":7,"source":"console.replay","correlationId":"console-replay:mgmn77t678meqwby","nativeTimestampMs":10374758.374,"nativeDurationMs":60,"nativeOffsetMs":5.541207000613213,"nativeSequence":8,"monotonicTimestampMs":10374758.374}
10-11 15:02:31.243 21612 21675 I ReactNativeJS: [outputs] outputs.hapticSymbol {"timestamp":10374764.512082,"wallClock":1760209351243,"enabled":true,"symbol":".","durationMs":60,"platform":"android","source":"console.replay","correlationId":"console-replay:mgmn77t678meqwby","timelineOffsetMs":5.541207000613213}
10-11 15:02:31.244 21612 21675 I ReactNativeJS: [outputs] outputs.flashPulse {"timestamp":10374765.265363,"wallClock":1760209351244,"enabled":true,"durationMs":60,"source":"console.replay","correlationId":"console-replay:mgmn77t678meqwby","timelineOffsetMs":5.541207000613213}
10-11 15:02:31.295 21612 21675 I ReactNativeJS: [outputs] outputs.flashPulse.commit {"timestamp":10374816.579738,"wallClock":1760209351295,"durationMs":60,"source":"console.replay","correlationId":"console-replay:mgmn77t678meqwby","latencyMs":52.66020799987018,"timelineOffsetMs":5.541207000613213}
10-11 15:02:31.297 21612 26494 D OutputsAudio: [outputs-audio] stop gain=1.000 release=6.00
10-11 15:02:31.358 21612 26494 D OutputsAudio: [outputs-audio] start hz=700.0 gain=1.000 attack=2.50 release=6.00
10-11 15:02:31.372 21612 21675 D OutputsAudio: [outputs-audio] symbol.info sequence=9 symbol=. timestamp=10374879.799 duration=60.000
10-11 15:02:31.373 21612 21675 I ReactNativeJS: [outputs] playMorse.symbol {"timestamp":10374893.408019,"wallClock":1760209351372,"symbol":".","durationMs":60,"index":8,"source":"console.replay","correlationId":"console-replay:mgmn77wspf90eloa","nativeTimestampMs":10374879.799,"nativeDurationMs":60,"nativeOffsetMs":13.525581998750567,"nativeSequence":9,"monotonicTimestampMs":10374879.799}
10-11 15:02:31.373 21612 21675 I ReactNativeJS: [outputs] outputs.hapticSymbol {"timestamp":10374894.259582,"wallClock":1760209351373,"enabled":true,"symbol":".","durationMs":60,"platform":"android","source":"console.replay","correlationId":"console-replay:mgmn77wspf90eloa","timelineOffsetMs":13.525581998750567}
10-11 15:02:31.374 21612 21675 I ReactNativeJS: [outputs] outputs.flashPulse {"timestamp":10374895.223957,"wallClock":1760209351374,"enabled":true,"durationMs":60,"source":"console.replay","correlationId":"console-replay:mgmn77wspf90eloa","timelineOffsetMs":13.525581998750567}
10-11 15:02:31.419 21612 26494 D OutputsAudio: [outputs-audio] stop gain=1.000 release=6.00
10-11 15:02:31.432 21612 21675 I ReactNativeJS: [outputs] outputs.flashPulse.commit {"timestamp":10374953.053019,"wallClock":1760209351431,"durationMs":60,"source":"console.replay","correlationId":"console-replay:mgmn77wspf90eloa","latencyMs":59.723853999748826,"timelineOffsetMs":13.525581998750567}
10-11 15:02:31.479 21612 26494 D OutputsAudio: [outputs-audio] start hz=700.0 gain=1.000 attack=2.50 release=6.00
10-11 15:02:31.495 21612 21675 D OutputsAudio: [outputs-audio] symbol.info sequence=10 symbol=- timestamp=10375000.726 duration=180.000
10-11 15:02:31.496 21612 21675 I ReactNativeJS: [outputs] playMorse.symbol {"timestamp":10375016.953332,"wallClock":1760209351495,"symbol":"-","durationMs":180,"index":9,"source":"console.replay","correlationId":"console-replay:mgmn7807sgw7xtjt","nativeTimestampMs":10375000.726,"nativeDurationMs":180,"nativeOffsetMs":16.141551000997424,"nativeSequence":10,"monotonicTimestampMs":10375000.726}
10-11 15:02:31.496 21612 21675 I ReactNativeJS: [outputs] outputs.hapticSymbol {"timestamp":10375017.717811,"wallClock":1760209351496,"enabled":true,"symbol":"-","durationMs":180,"platform":"android","source":"console.replay","correlationId":"console-replay:mgmn7807sgw7xtjt","timelineOffsetMs":16.141551000997424}
10-11 15:02:31.497 21612 21675 I ReactNativeJS: [outputs] outputs.flashPulse {"timestamp":10375018.699113,"wallClock":1760209351497,"enabled":true,"durationMs":180,"source":"console.replay","correlationId":"console-replay:mgmn7807sgw7xtjt","timelineOffsetMs":16.141551000997424}
10-11 15:02:31.554 21612 21675 I ReactNativeJS: [outputs] outputs.flashPulse.commit {"timestamp":10375075.374478,"wallClock":1760209351554,"durationMs":180,"source":"console.replay","correlationId":"console-replay:mgmn7807sgw7xtjt","latencyMs":58.502239000052214,"timelineOffsetMs":16.141551000997424}
10-11 15:02:31.660 21612 26494 D OutputsAudio: [outputs-audio] stop gain=1.000 release=6.00
10-11 15:02:31.722 21612 26494 D OutputsAudio: [outputs-audio] start hz=700.0 gain=1.000 attack=2.50 release=6.00
10-11 15:02:31.731 21612 21675 D OutputsAudio: [outputs-audio] symbol.info sequence=11 symbol=- timestamp=10375243.942 duration=180.000
10-11 15:02:31.733 21612 21675 I ReactNativeJS: [outputs] playMorse.symbol {"timestamp":10375253.121769,"wallClock":1760209351731,"symbol":"-","durationMs":180,"index":10,"source":"console.replay","correlationId":"console-replay:mgmn786r3id5pxpv","nativeTimestampMs":10375243.942,"nativeDurationMs":180,"nativeOffsetMs":9.069821000099182,"nativeSequence":11,"monotonicTimestampMs":10375243.942}
10-11 15:02:31.734 21612 21675 I ReactNativeJS: [outputs] outputs.hapticSymbol {"timestamp":10375254.616196,"wallClock":1760209351733,"enabled":true,"symbol":"-","durationMs":180,"platform":"android","source":"console.replay","correlationId":"console-replay:mgmn786r3id5pxpv","timelineOffsetMs":9.069821000099182}
10-11 15:02:31.738 21612 21675 I ReactNativeJS: [outputs] outputs.flashPulse {"timestamp":10375258.24953,"wallClock":1760209351737,"enabled":true,"durationMs":180,"source":"console.replay","correlationId":"console-replay:mgmn786r3id5pxpv","timelineOffsetMs":9.069821000099182}
10-11 15:02:31.796 21612 21675 I ReactNativeJS: [outputs] outputs.flashPulse.commit {"timestamp":10375316.826717,"wallClock":1760209351795,"durationMs":180,"source":"console.replay","correlationId":"console-replay:mgmn786r3id5pxpv","latencyMs":63.80989599972963,"timelineOffsetMs":9.069821000099182}
10-11 15:02:31.903 21612 26494 D OutputsAudio: [outputs-audio] stop gain=1.000 release=6.00
10-11 15:02:31.964 21612 26494 D OutputsAudio: [outputs-audio] start hz=700.0 gain=1.000 attack=2.50 release=6.00
10-11 15:02:31.973 21612 21675 D OutputsAudio: [outputs-audio] symbol.info sequence=12 symbol=- timestamp=10375486.240 duration=180.000
10-11 15:02:31.974 21612 21675 I ReactNativeJS: [outputs] playMorse.symbol {"timestamp":10375495.039686,"wallClock":1760209351973,"symbol":"-","durationMs":180,"index":11,"source":"console.replay","correlationId":"console-replay:mgmn78dhajpeifo9","nativeTimestampMs":10375486.24,"nativeDurationMs":180,"nativeOffsetMs":8.699581999331713,"nativeSequence":12,"monotonicTimestampMs":10375486.24}
10-11 15:02:31.975 21612 21675 I ReactNativeJS: [outputs] outputs.hapticSymbol {"timestamp":10375495.974842,"wallClock":1760209351974,"enabled":true,"symbol":"-","durationMs":180,"platform":"android","source":"console.replay","correlationId":"console-replay:mgmn78dhajpeifo9","timelineOffsetMs":8.699581999331713}
10-11 15:02:31.976 21612 21675 I ReactNativeJS: [outputs] outputs.flashPulse {"timestamp":10375497.279269,"wallClock":1760209351976,"enabled":true,"durationMs":180,"source":"console.replay","correlationId":"console-replay:mgmn78dhajpeifo9","timelineOffsetMs":8.699581999331713}
10-11 15:02:32.028 21612 21675 I ReactNativeJS: [outputs] outputs.flashPulse.commit {"timestamp":10375549.725467,"wallClock":1760209352028,"durationMs":180,"source":"console.replay","correlationId":"console-replay:mgmn78dhajpeifo9","latencyMs":54.780781000852585,"timelineOffsetMs":8.699581999331713}
10-11 15:02:32.145 21612 26494 D OutputsAudio: [outputs-audio] stop gain=1.000 release=6.00
10-11 15:02:32.207 21612 26494 D OutputsAudio: [outputs-audio] start hz=700.0 gain=1.000 attack=2.50 release=6.00
10-11 15:02:32.217 21612 21675 D OutputsAudio: [outputs-audio] symbol.info sequence=13 symbol=. timestamp=10375728.377 duration=60.000
10-11 15:02:32.218 21612 21675 I ReactNativeJS: [outputs] playMorse.symbol {"timestamp":10375738.467759,"wallClock":1760209352217,"symbol":".","durationMs":60,"index":12,"source":"console.replay","correlationId":"console-replay:mgmn78k94qt6qras","nativeTimestampMs":10375728.377,"nativeDurationMs":60,"nativeOffsetMs":10.00216499902308,"nativeSequence":13,"monotonicTimestampMs":10375728.377}
10-11 15:02:32.219 21612 21675 I ReactNativeJS: [outputs] outputs.hapticSymbol {"timestamp":10375740.119581,"wallClock":1760209352218,"enabled":true,"symbol":".","durationMs":60,"platform":"android","source":"console.replay","correlationId":"console-replay:mgmn78k94qt6qras","timelineOffsetMs":10.00216499902308}
10-11 15:02:32.222 21612 21675 I ReactNativeJS: [outputs] outputs.flashPulse {"timestamp":10375743.039321,"wallClock":1760209352221,"enabled":true,"durationMs":60,"source":"console.replay","correlationId":"console-replay:mgmn78k94qt6qras","timelineOffsetMs":10.00216499902308}
10-11 15:02:32.267 21612 26494 D OutputsAudio: [outputs-audio] stop gain=1.000 release=6.00
10-11 15:02:32.275 21612 21675 I ReactNativeJS: [outputs] outputs.flashPulse.commit {"timestamp":10375796.291613,"wallClock":1760209352275,"durationMs":60,"source":"console.replay","correlationId":"console-replay:mgmn78k94qt6qras","latencyMs":57.908125000074506,"timelineOffsetMs":10.00216499902308}
10-11 15:02:32.327 21612 26494 D OutputsAudio: [outputs-audio] start hz=700.0 gain=1.000 attack=2.50 release=6.00
10-11 15:02:32.350 21612 21675 D OutputsAudio: [outputs-audio] symbol.info sequence=14 symbol=. timestamp=10375849.137 duration=60.000
10-11 15:02:32.350 21612 21675 I ReactNativeJS: [outputs] playMorse.symbol {"timestamp":10375871.410936,"wallClock":1760209352350,"symbol":".","durationMs":60,"index":13,"source":"console.replay","correlationId":"console-replay:mgmn78nyfz9pdyuw","nativeTimestampMs":10375849.137,"nativeDurationMs":60,"nativeOffsetMs":22.20029000006616,"nativeSequence":14,"monotonicTimestampMs":10375849.137}
10-11 15:02:32.351 21612 21675 I ReactNativeJS: [outputs] outputs.hapticSymbol {"timestamp":10375872.098488,"wallClock":1760209352350,"enabled":true,"symbol":".","durationMs":60,"platform":"android","source":"console.replay","correlationId":"console-replay:mgmn78nyfz9pdyuw","timelineOffsetMs":22.20029000006616}
10-11 15:02:32.352 21612 21675 I ReactNativeJS: [outputs] outputs.flashPulse {"timestamp":10375873.197759,"wallClock":1760209352352,"enabled":true,"durationMs":60,"source":"console.replay","correlationId":"console-replay:mgmn78nyfz9pdyuw","timelineOffsetMs":22.20029000006616}
10-11 15:02:32.388 21612 26494 D OutputsAudio: [outputs-audio] stop gain=1.000 release=6.00
10-11 15:02:32.411 21612 21675 I ReactNativeJS: [outputs] outputs.flashPulse.commit {"timestamp":10375932.467498,"wallClock":1760209352411,"durationMs":60,"source":"console.replay","correlationId":"console-replay:mgmn78nyfz9pdyuw","latencyMs":61.12604100070894,"timelineOffsetMs":22.20029000006616}
10-11 15:02:32.449 21612 26494 D OutputsAudio: [outputs-audio] start hz=700.0 gain=1.000 attack=2.50 release=6.00
10-11 15:02:32.463 21612 21675 D OutputsAudio: [outputs-audio] symbol.info sequence=15 symbol=. timestamp=10375970.229 duration=60.000
10-11 15:02:32.464 21612 21675 I ReactNativeJS: [outputs] playMorse.symbol {"timestamp":10375984.833748,"wallClock":1760209352463,"symbol":".","durationMs":60,"index":14,"source":"console.replay","correlationId":"console-replay:mgmn78r3s0kihw6n","nativeTimestampMs":10375970.229,"nativeDurationMs":60,"nativeOffsetMs":14.54709200002253,"nativeSequence":15,"monotonicTimestampMs":10375970.229}
10-11 15:02:32.464 21612 21675 I ReactNativeJS: [outputs] outputs.hapticSymbol {"timestamp":10375985.373696,"wallClock":1760209352464,"enabled":true,"symbol":".","durationMs":60,"platform":"android","source":"console.replay","correlationId":"console-replay:mgmn78r3s0kihw6n","timelineOffsetMs":14.54709200002253}
10-11 15:02:32.465 21612 21675 I ReactNativeJS: [outputs] outputs.flashPulse {"timestamp":10375986.199269,"wallClock":1760209352465,"enabled":true,"durationMs":60,"source":"console.replay","correlationId":"console-replay:mgmn78r3s0kihw6n","timelineOffsetMs":14.54709200002253}
10-11 15:02:32.509 21612 26494 D OutputsAudio: [outputs-audio] stop gain=1.000 release=6.00
10-11 15:02:32.516 21612 21675 I ReactNativeJS: [outputs] outputs.flashPulse.commit {"timestamp":10376037.370311,"wallClock":1760209352516,"durationMs":60,"source":"console.replay","correlationId":"console-replay:mgmn78r3s0kihw6n","latencyMs":52.58953099884093,"timelineOffsetMs":14.54709200002253}
10-11 15:02:32.570 21612 26494 D OutputsAudio: [outputs-audio] start hz=700.0 gain=1.000 attack=2.50 release=6.00
10-11 15:02:32.588 21612 21675 D OutputsAudio: [outputs-audio] symbol.info sequence=16 symbol=- timestamp=10376091.621 duration=180.000
10-11 15:02:32.588 21612 21675 I ReactNativeJS: [outputs] playMorse.symbol {"timestamp":10376109.340363,"wallClock":1760209352588,"symbol":"-","durationMs":180,"index":15,"source":"console.replay","correlationId":"console-replay:mgmn78ukpaqy7abn","nativeTimestampMs":10376091.621,"nativeDurationMs":180,"nativeOffsetMs":17.647383000701666,"nativeSequence":16,"monotonicTimestampMs":10376091.621}
10-11 15:02:32.589 21612 21675 I ReactNativeJS: [outputs] outputs.hapticSymbol {"timestamp":10376109.99255,"wallClock":1760209352588,"enabled":true,"symbol":"-","durationMs":180,"platform":"android","source":"console.replay","correlationId":"console-replay:mgmn78ukpaqy7abn","timelineOffsetMs":17.647383000701666}
10-11 15:02:32.590 21612 21675 I ReactNativeJS: [outputs] outputs.flashPulse {"timestamp":10376110.954738,"wallClock":1760209352589,"enabled":true,"durationMs":180,"source":"console.replay","correlationId":"console-replay:mgmn78ukpaqy7abn","timelineOffsetMs":17.647383000701666}
10-11 15:02:32.641 21612 21675 I ReactNativeJS: [outputs] outputs.flashPulse.commit {"timestamp":10376162.060831,"wallClock":1760209352640,"durationMs":180,"source":"console.replay","correlationId":"console-replay:mgmn78ukpaqy7abn","latencyMs":52.788334000855684,"timelineOffsetMs":17.647383000701666}
10-11 15:02:32.751 21612 26494 D OutputsAudio: [outputs-audio] stop gain=1.000 release=6.00
10-11 15:02:32.812 21612 26494 D OutputsAudio: [outputs-audio] start hz=700.0 gain=1.000 attack=2.50 release=6.00
10-11 15:02:32.824 21612 21675 D OutputsAudio: [outputs-audio] symbol.info sequence=17 symbol=- timestamp=10376334.047 duration=180.000
10-11 15:02:32.825 21612 21675 I ReactNativeJS: [outputs] playMorse.symbol {"timestamp":10376345.682342,"wallClock":1760209352824,"symbol":"-","durationMs":180,"index":16,"source":"console.replay","correlationId":"console-replay:mgmn79140gjc6n3b","nativeTimestampMs":10376334.047,"nativeDurationMs":180,"nativeOffsetMs":11.526070998981595,"nativeSequence":17,"monotonicTimestampMs":10376334.047}
10-11 15:02:32.826 21612 21675 I ReactNativeJS: [outputs] outputs.hapticSymbol {"timestamp":10376346.789217,"wallClock":1760209352825,"enabled":true,"symbol":"-","durationMs":180,"platform":"android","source":"console.replay","correlationId":"console-replay:mgmn79140gjc6n3b","timelineOffsetMs":11.526070998981595}
10-11 15:02:32.828 21612 21675 I ReactNativeJS: [outputs] outputs.flashPulse {"timestamp":10376348.424633,"wallClock":1760209352827,"enabled":true,"durationMs":180,"source":"console.replay","correlationId":"console-replay:mgmn79140gjc6n3b","timelineOffsetMs":11.526070998981595}
10-11 15:02:32.898 21612 21675 I ReactNativeJS: [outputs] outputs.flashPulse.commit {"timestamp":10376419.535987,"wallClock":1760209352898,"durationMs":180,"source":"console.replay","correlationId":"console-replay:mgmn79140gjc6n3b","latencyMs":73.95791600085795,"timelineOffsetMs":11.526070998981595}
10-11 15:02:32.993 21612 26494 D OutputsAudio: [outputs-audio] stop gain=1.000 release=6.00
10-11 15:02:33.054 21612 26494 D OutputsAudio: [outputs-audio] start hz=700.0 gain=1.000 attack=2.50 release=6.00
10-11 15:02:33.069 21612 21675 D OutputsAudio: [outputs-audio] symbol.info sequence=18 symbol=- timestamp=10376575.358 duration=180.000
10-11 15:02:33.071 21612 21675 I ReactNativeJS: [outputs] playMorse.symbol {"timestamp":10376590.815623,"wallClock":1760209353069,"symbol":"-","durationMs":180,"index":17,"source":"console.replay","correlationId":"console-replay:mgmn797xwqumtzev","nativeTimestampMs":10376575.358,"nativeDurationMs":180,"nativeOffsetMs":15.355019001290202,"nativeSequence":18,"monotonicTimestampMs":10376575.358}
10-11 15:02:33.072 21612 21675 I ReactNativeJS: [outputs] outputs.hapticSymbol {"timestamp":10376593.135623,"wallClock":1760209353072,"enabled":true,"symbol":"-","durationMs":180,"platform":"android","source":"console.replay","correlationId":"console-replay:mgmn797xwqumtzev","timelineOffsetMs":15.355019001290202}
10-11 15:02:33.074 21612 21675 I ReactNativeJS: [outputs] outputs.flashPulse {"timestamp":10376594.922654,"wallClock":1760209353073,"enabled":true,"durationMs":180,"source":"console.replay","correlationId":"console-replay:mgmn797xwqumtzev","timelineOffsetMs":15.355019001290202}
10-11 15:02:33.133 21612 21675 I ReactNativeJS: [outputs] outputs.flashPulse.commit {"timestamp":10376654.643592,"wallClock":1760209353133,"durationMs":180,"source":"console.replay","correlationId":"console-replay:mgmn797xwqumtzev","latencyMs":63.92551999911666,"timelineOffsetMs":15.355019001290202}
10-11 15:02:33.234 21612 26494 D OutputsAudio: [outputs-audio] stop gain=1.000 release=6.00
10-11 15:02:33.294 21612 26494 D OutputsAudio: [outputs-audio] start hz=700.0 gain=1.000 attack=2.50 release=6.00
10-11 15:02:33.309 21612 21675 D OutputsAudio: [outputs-audio] symbol.info sequence=19 symbol=. timestamp=10376815.943 duration=60.000
10-11 15:02:33.310 21612 21675 I ReactNativeJS: [outputs] playMorse.symbol {"timestamp":10376830.771508,"wallClock":1760209353309,"symbol":".","durationMs":60,"index":18,"source":"console.replay","correlationId":"console-replay:mgmn79elfvvz61iv","nativeTimestampMs":10376815.943,"nativeDurationMs":60,"nativeOffsetMs":14.728143999353051,"nativeSequence":19,"monotonicTimestampMs":10376815.943}
10-11 15:02:33.311 21612 21675 I ReactNativeJS: [outputs] outputs.hapticSymbol {"timestamp":10376831.674685,"wallClock":1760209353310,"enabled":true,"symbol":".","durationMs":60,"platform":"android","source":"console.replay","correlationId":"console-replay:mgmn79elfvvz61iv","timelineOffsetMs":14.728143999353051}
10-11 15:02:33.314 21612 21675 I ReactNativeJS: [outputs] outputs.flashPulse {"timestamp":10376834.825571,"wallClock":1760209353313,"enabled":true,"durationMs":60,"source":"console.replay","correlationId":"console-replay:mgmn79elfvvz61iv","timelineOffsetMs":14.728143999353051}
10-11 15:02:33.354 21612 26494 D OutputsAudio: [outputs-audio] stop gain=1.000 release=6.00
10-11 15:02:33.368 21612 21675 I ReactNativeJS: [outputs] outputs.flashPulse.commit {"timestamp":10376889.653487,"wallClock":1760209353368,"durationMs":60,"source":"console.replay","correlationId":"console-replay:mgmn79elfvvz61iv","latencyMs":58.977708000689745,"timelineOffsetMs":14.728143999353051}
10-11 15:02:33.415 21612 26494 D OutputsAudio: [outputs-audio] start hz=700.0 gain=1.000 attack=2.50 release=6.00
10-11 15:02:33.430 21612 21675 D OutputsAudio: [outputs-audio] symbol.info sequence=20 symbol=. timestamp=10376936.601 duration=60.000
10-11 15:02:33.430 21612 21675 I ReactNativeJS: [outputs] playMorse.symbol {"timestamp":10376951.472446,"wallClock":1760209353430,"symbol":".","durationMs":60,"index":19,"source":"console.replay","correlationId":"console-replay:mgmn79hyindmcmar","nativeTimestampMs":10376936.601,"nativeDurationMs":60,"nativeOffsetMs":14.79785200022161,"nativeSequence":20,"monotonicTimestampMs":10376936.601}
10-11 15:02:33.431 21612 21675 I ReactNativeJS: [outputs] outputs.hapticSymbol {"timestamp":10376952.192602,"wallClock":1760209353431,"enabled":true,"symbol":".","durationMs":60,"platform":"android","source":"console.replay","correlationId":"console-replay:mgmn79hyindmcmar","timelineOffsetMs":14.79785200022161}
10-11 15:02:33.432 21612 21675 I ReactNativeJS: [outputs] outputs.flashPulse {"timestamp":10376953.26406,"wallClock":1760209353432,"enabled":true,"durationMs":60,"source":"console.replay","correlationId":"console-replay:mgmn79hyindmcmar","timelineOffsetMs":14.79785200022161}
10-11 15:02:33.476 21612 26494 D OutputsAudio: [outputs-audio] stop gain=1.000 release=6.00
10-11 15:02:33.490 21612 21675 I ReactNativeJS: [outputs] outputs.flashPulse.commit {"timestamp":10377011.506612,"wallClock":1760209353490,"durationMs":60,"source":"console.replay","correlationId":"console-replay:mgmn79hyindmcmar","latencyMs":60.102708000689745,"timelineOffsetMs":14.79785200022161}
10-11 15:02:33.536 21612 26494 D OutputsAudio: [outputs-audio] start hz=700.0 gain=1.000 attack=2.50 release=6.00
10-11 15:02:33.538 21612 21675 D OutputsAudio: [outputs-audio] symbol.info sequence=21 symbol=. timestamp=10377058.155 duration=60.000
10-11 15:02:33.539 21612 21675 I ReactNativeJS: [outputs] playMorse.symbol {"timestamp":10377059.966508,"wallClock":1760209353538,"symbol":".","durationMs":60,"index":20,"source":"console.replay","correlationId":"console-replay:mgmn79kybxmy4a2d","nativeTimestampMs":10377058.155,"nativeDurationMs":60,"nativeOffsetMs":1.760309999808669,"nativeSequence":21,"monotonicTimestampMs":10377058.155}
10-11 15:02:33.539 21612 21675 I ReactNativeJS: [outputs] outputs.hapticSymbol {"timestamp":10377060.450414,"wallClock":1760209353539,"enabled":true,"symbol":".","durationMs":60,"platform":"android","source":"console.replay","correlationId":"console-replay:mgmn79kybxmy4a2d","timelineOffsetMs":1.760309999808669}
10-11 15:02:33.540 21612 21675 I ReactNativeJS: [outputs] outputs.flashPulse {"timestamp":10377061.194685,"wallClock":1760209353540,"enabled":true,"durationMs":60,"source":"console.replay","correlationId":"console-replay:mgmn79kybxmy4a2d","timelineOffsetMs":1.760309999808669}
10-11 15:02:33.596 21612 21675 I ReactNativeJS: [outputs] outputs.flashPulse.commit {"timestamp":10377117.792029,"wallClock":1760209353596,"durationMs":60,"source":"console.replay","correlationId":"console-replay:mgmn79kybxmy4a2d","latencyMs":57.87270800024271,"timelineOffsetMs":1.760309999808669}
10-11 15:02:33.597 21612 26494 D OutputsAudio: [outputs-audio] stop gain=1.000 release=6.00
10-11 15:02:33.658 21612 26494 D OutputsAudio: [outputs-audio] start hz=700.0 gain=1.000 attack=2.50 release=6.00
10-11 15:02:33.678 21612 21675 D OutputsAudio: [outputs-audio] symbol.info sequence=22 symbol=- timestamp=10377180.159 duration=180.000
10-11 15:02:33.679 21612 21675 I ReactNativeJS: [outputs] playMorse.symbol {"timestamp":10377199.52156,"wallClock":1760209353678,"symbol":"-","durationMs":180,"index":21,"source":"console.replay","correlationId":"console-replay:mgmn79ouwewiztd4","nativeTimestampMs":10377180.159,"nativeDurationMs":180,"nativeOffsetMs":19.284800000488758,"nativeSequence":22,"monotonicTimestampMs":10377180.159}
10-11 15:02:33.679 21612 21675 I ReactNativeJS: [outputs] outputs.hapticSymbol {"timestamp":10377200.467237,"wallClock":1760209353679,"enabled":true,"symbol":"-","durationMs":180,"platform":"android","source":"console.replay","correlationId":"console-replay:mgmn79ouwewiztd4","timelineOffsetMs":19.284800000488758}
10-11 15:02:33.680 21612 21675 I ReactNativeJS: [outputs] outputs.flashPulse {"timestamp":10377201.595466,"wallClock":1760209353680,"enabled":true,"durationMs":180,"source":"console.replay","correlationId":"console-replay:mgmn79ouwewiztd4","timelineOffsetMs":19.284800000488758}
10-11 15:02:33.735 21612 21675 I ReactNativeJS: [outputs] outputs.flashPulse.commit {"timestamp":10377256.647445,"wallClock":1760209353735,"durationMs":180,"source":"console.replay","correlationId":"console-replay:mgmn79ouwewiztd4","latencyMs":57.19953100010753,"timelineOffsetMs":19.284800000488758}
10-11 15:02:33.839 21612 26494 D OutputsAudio: [outputs-audio] stop gain=1.000 release=6.00
10-11 15:02:33.899 21612 26494 D OutputsAudio: [outputs-audio] start hz=700.0 gain=1.000 attack=2.50 release=6.00
10-11 15:02:33.910 21612 21675 D OutputsAudio: [outputs-audio] symbol.info sequence=23 symbol=- timestamp=10377421.341 duration=180.000
10-11 15:02:33.912 21612 21675 I ReactNativeJS: [outputs] playMorse.symbol {"timestamp":10377431.910935,"wallClock":1760209353910,"symbol":"-","durationMs":180,"index":22,"source":"console.replay","correlationId":"console-replay:mgmn79vamrjj0ydi","nativeTimestampMs":10377421.341,"nativeDurationMs":180,"nativeOffsetMs":10.464622000232339,"nativeSequence":23,"monotonicTimestampMs":10377421.341}
10-11 15:02:33.913 21612 21675 I ReactNativeJS: [outputs] outputs.hapticSymbol {"timestamp":10377433.96656,"wallClock":1760209353912,"enabled":true,"symbol":"-","durationMs":180,"platform":"android","source":"console.replay","correlationId":"console-replay:mgmn79vamrjj0ydi","timelineOffsetMs":10.464622000232339}
10-11 15:02:33.915 21612 21675 I ReactNativeJS: [outputs] outputs.flashPulse {"timestamp":10377435.947289,"wallClock":1760209353914,"enabled":true,"durationMs":180,"source":"console.replay","correlationId":"console-replay:mgmn79vamrjj0ydi","timelineOffsetMs":10.464622000232339}
10-11 15:02:33.988 21612 21675 I ReactNativeJS: [outputs] outputs.flashPulse.commit {"timestamp":10377509.17781,"wallClock":1760209353988,"durationMs":180,"source":"console.replay","correlationId":"console-replay:mgmn79vamrjj0ydi","latencyMs":77.3671879991889,"timelineOffsetMs":10.464622000232339}
10-11 15:02:34.080 21612 26494 D OutputsAudio: [outputs-audio] stop gain=1.000 release=6.00
10-11 15:02:34.141 21612 26494 D OutputsAudio: [outputs-audio] start hz=700.0 gain=1.000 attack=2.50 release=6.00
10-11 15:02:34.157 21612 21675 D OutputsAudio: [outputs-audio] symbol.info sequence=24 symbol=- timestamp=10377663.450 duration=180.000
10-11 15:02:34.160 21612 21675 I ReactNativeJS: [outputs] playMorse.symbol {"timestamp":10377678.808487,"wallClock":1760209354157,"symbol":"-","durationMs":180,"index":23,"source":"console.replay","correlationId":"console-replay:mgmn7a25x2c4pnml","nativeTimestampMs":10377663.45,"nativeDurationMs":180,"nativeOffsetMs":15.1498410012573,"nativeSequence":24,"monotonicTimestampMs":10377663.45}
10-11 15:02:34.161 21612 21675 I ReactNativeJS: [outputs] outputs.hapticSymbol {"timestamp":10377681.468695,"wallClock":1760209354160,"enabled":true,"symbol":"-","durationMs":180,"platform":"android","source":"console.replay","correlationId":"console-replay:mgmn7a25x2c4pnml","timelineOffsetMs":15.1498410012573}
10-11 15:02:34.167 21612 21675 I ReactNativeJS: [outputs] outputs.flashPulse {"timestamp":10377683.794008,"wallClock":1760209354162,"enabled":true,"durationMs":180,"source":"console.replay","correlationId":"console-replay:mgmn7a25x2c4pnml","timelineOffsetMs":15.1498410012573}
10-11 15:02:34.225 21612 21675 I ReactNativeJS: [outputs] outputs.flashPulse.commit {"timestamp":10377746.019841,"wallClock":1760209354224,"durationMs":180,"source":"console.replay","correlationId":"console-replay:mgmn7a25x2c4pnml","latencyMs":67.41578099876642,"timelineOffsetMs":15.1498410012573}
10-11 15:02:34.322 21612 26494 D OutputsAudio: [outputs-audio] stop gain=1.000 release=6.00
10-11 15:02:34.383 21612 26494 D OutputsAudio: [outputs-audio] start hz=700.0 gain=1.000 attack=2.50 release=6.00
10-11 15:02:34.394 21612 21675 D OutputsAudio: [outputs-audio] symbol.info sequence=25 symbol=. timestamp=10377905.010 duration=60.000
10-11 15:02:34.395 21612 21675 I ReactNativeJS: [outputs] playMorse.symbol {"timestamp":10377915.855466,"wallClock":1760209354394,"symbol":".","durationMs":60,"index":24,"source":"console.replay","correlationId":"console-replay:mgmn7a8q7uyvuit8","nativeTimestampMs":10377905.01,"nativeDurationMs":60,"nativeOffsetMs":10.756299000233412,"nativeSequence":25,"monotonicTimestampMs":10377905.01}
10-11 15:02:34.396 21612 21675 I ReactNativeJS: [outputs] outputs.hapticSymbol {"timestamp":10377917.010987,"wallClock":1760209354395,"enabled":true,"symbol":".","durationMs":60,"platform":"android","source":"console.replay","correlationId":"console-replay:mgmn7a8q7uyvuit8","timelineOffsetMs":10.756299000233412}
10-11 15:02:34.400 21612 21675 I ReactNativeJS: [outputs] outputs.flashPulse {"timestamp":10377920.417081,"wallClock":1760209354399,"enabled":true,"durationMs":60,"source":"console.replay","correlationId":"console-replay:mgmn7a8q7uyvuit8","timelineOffsetMs":10.756299000233412}
10-11 15:02:34.444 21612 26494 D OutputsAudio: [outputs-audio] stop gain=1.000 release=6.00
10-11 15:02:34.459 21612 21675 I ReactNativeJS: [outputs] outputs.flashPulse.commit {"timestamp":10377980.51281,"wallClock":1760209354459,"durationMs":60,"source":"console.replay","correlationId":"console-replay:mgmn7a8q7uyvuit8","latencyMs":64.74192699976265,"timelineOffsetMs":10.756299000233412}
10-11 15:02:34.505 21612 26494 D OutputsAudio: [outputs-audio] start hz=700.0 gain=1.000 attack=2.50 release=6.00
10-11 15:02:34.513 21612 21675 D OutputsAudio: [outputs-audio] symbol.info sequence=26 symbol=. timestamp=10378026.217 duration=60.000
10-11 15:02:34.514 21612 21675 I ReactNativeJS: [outputs] playMorse.symbol {"timestamp":10378034.879945,"wallClock":1760209354513,"symbol":".","durationMs":60,"index":25,"source":"console.replay","correlationId":"console-replay:mgmn7ac1a4736ard","nativeTimestampMs":10378026.217,"nativeDurationMs":60,"nativeOffsetMs":8.612112000584602,"nativeSequence":26,"monotonicTimestampMs":10378026.217}
10-11 15:02:34.514 21612 21675 I ReactNativeJS: [outputs] outputs.hapticSymbol {"timestamp":10378035.414112,"wallClock":1760209354514,"enabled":true,"symbol":".","durationMs":60,"platform":"android","source":"console.replay","correlationId":"console-replay:mgmn7ac1a4736ard","timelineOffsetMs":8.612112000584602}
10-11 15:02:34.515 21612 21675 I ReactNativeJS: [outputs] outputs.flashPulse {"timestamp":10378036.240831,"wallClock":1760209354515,"enabled":true,"durationMs":60,"source":"console.replay","correlationId":"console-replay:mgmn7ac1a4736ard","timelineOffsetMs":8.612112000584602}
10-11 15:02:34.565 21612 26494 D OutputsAudio: [outputs-audio] stop gain=1.000 release=6.00
10-11 15:02:34.572 21612 21675 I ReactNativeJS: [outputs] outputs.flashPulse.commit {"timestamp":10378093.544737,"wallClock":1760209354572,"durationMs":60,"source":"console.replay","correlationId":"console-replay:mgmn7ac1a4736ard","latencyMs":58.711457999423146,"timelineOffsetMs":8.612112000584602}
10-11 15:02:34.626 21612 26494 D OutputsAudio: [outputs-audio] start hz=700.0 gain=1.000 attack=2.50 release=6.00
10-11 15:02:34.642 21612 21675 D OutputsAudio: [outputs-audio] symbol.info sequence=27 symbol=. timestamp=10378147.457 duration=60.000
10-11 15:02:34.642 21612 21675 I ReactNativeJS: [outputs] playMorse.symbol {"timestamp":10378163.308851,"wallClock":1760209354642,"symbol":".","durationMs":60,"index":26,"source":"console.replay","correlationId":"console-replay:mgmn7afmw8xh07gz","nativeTimestampMs":10378147.457,"nativeDurationMs":60,"nativeOffsetMs":15.772475998848677,"nativeSequence":27,"monotonicTimestampMs":10378147.457}
10-11 15:02:34.643 21612 21675 I ReactNativeJS: [outputs] outputs.hapticSymbol {"timestamp":10378164.068174,"wallClock":1760209354642,"enabled":true,"symbol":".","durationMs":60,"platform":"android","source":"console.replay","correlationId":"console-replay:mgmn7afmw8xh07gz","timelineOffsetMs":15.772475998848677}
10-11 15:02:34.644 21612 21675 I ReactNativeJS: [outputs] outputs.flashPulse {"timestamp":10378165.187758,"wallClock":1760209354644,"enabled":true,"durationMs":60,"source":"console.replay","correlationId":"console-replay:mgmn7afmw8xh07gz","timelineOffsetMs":15.772475998848677}
10-11 15:02:34.686 21612 26494 D OutputsAudio: [outputs-audio] stop gain=1.000 release=6.00
10-11 15:02:34.699 21612 21675 I ReactNativeJS: [outputs] outputs.flashPulse.commit {"timestamp":10378219.862966,"wallClock":1760209354698,"durationMs":60,"source":"console.replay","correlationId":"console-replay:mgmn7afmw8xh07gz","latencyMs":56.62880200147629,"timelineOffsetMs":15.772475998848677}
10-11 15:02:34.744 21612 21675 I ReactNativeJS: [outputs] playMorse.complete {"timestamp":10378264.812601,"wallClock":1760209354743,"durationMs":4903.83150899969,"source":"console.replay","audioEnabled":true,"audioVolumePercent":100}
10-11 15:02:34.747 21612 26494 D OutputsAudio: [outputs-audio] stop gain=0.000 release=6.00
10-11 15:02:34.747 21612 26494 D OutputsAudio: [outputs-audio] playMorse.end cancelled=0
10-11 15:02:37.128 21612 21675 I ReactNativeJS: [outputs] playMorse.start {"timestamp":10380648.4801,"wallClock":1760209357127,"unitMs":48,"length":28,"source":"console.replay","audioEnabled":true,"audioVolumePercent":100}
10-11 15:02:37.286 21612 21675 D OutputsAudio: [outputs-audio] warmup hz=700.0
10-11 15:02:37.287 21612 26522 D OutputsAudio: [outputs-audio] playMorse.start count=27 unit=48.0
10-11 15:02:37.287 21612 26522 D OutputsAudio: [outputs-audio] start hz=700.0 gain=1.000 attack=2.50 release=6.00
10-11 15:02:37.300 21612 21675 D OutputsAudio: [outputs-audio] symbol.info sequence=1 symbol=. timestamp=10380808.282 duration=48.000
10-11 15:02:37.301 21612 21675 I ReactNativeJS: [outputs] playMorse.symbol {"timestamp":10380821.58583,"wallClock":1760209357300,"symbol":".","durationMs":48,"index":0,"source":"console.replay","correlationId":"console-replay:mgmn7chgcujjsktw","nativeTimestampMs":10380808.282,"nativeDurationMs":48,"nativeOffsetMs":13.216382000595331,"nativeSequence":1,"monotonicTimestampMs":10380808.282}
10-11 15:02:37.301 21612 21675 I ReactNativeJS: [outputs] outputs.hapticSymbol {"timestamp":10380822.524319,"wallClock":1760209357301,"enabled":true,"symbol":".","durationMs":48,"platform":"android","source":"console.replay","correlationId":"console-replay:mgmn7chgcujjsktw","timelineOffsetMs":13.216382000595331}
10-11 15:02:37.303 21612 21675 I ReactNativeJS: [outputs] outputs.flashPulse {"timestamp":10380823.763382,"wallClock":1760209357302,"enabled":true,"durationMs":48,"source":"console.replay","correlationId":"console-replay:mgmn7chgcujjsktw","timelineOffsetMs":13.216382000595331}
10-11 15:02:37.335 21612 26522 D OutputsAudio: [outputs-audio] stop gain=1.000 release=6.00
10-11 15:02:37.370 21612 21675 I ReactNativeJS: [outputs] outputs.flashPulse.commit {"timestamp":10380891.043277,"wallClock":1760209357369,"durationMs":48,"source":"console.replay","correlationId":"console-replay:mgmn7chgcujjsktw","latencyMs":69.54036399908364,"timelineOffsetMs":13.216382000595331}
10-11 15:02:37.384 21612 26522 D OutputsAudio: [outputs-audio] start hz=700.0 gain=1.000 attack=2.50 release=6.00
10-11 15:02:37.419 21612 21675 D OutputsAudio: [outputs-audio] symbol.info sequence=2 symbol=. timestamp=10380905.529 duration=48.000
10-11 15:02:37.419 21612 21675 I ReactNativeJS: [outputs] playMorse.symbol {"timestamp":10380940.310152,"wallClock":1760209357419,"symbol":".","durationMs":48,"index":1,"source":"console.replay","correlationId":"console-replay:mgmn7ckr9onpieol","nativeTimestampMs":10380905.529,"nativeDurationMs":48,"nativeOffsetMs":34.730214999988675,"nativeSequence":2,"monotonicTimestampMs":10380905.529}
10-11 15:02:37.419 21612 21675 I ReactNativeJS: [outputs] outputs.hapticSymbol {"timestamp":10380940.798382,"wallClock":1760209357419,"enabled":true,"symbol":".","durationMs":48,"platform":"android","source":"console.replay","correlationId":"console-replay:mgmn7ckr9onpieol","timelineOffsetMs":34.730214999988675}
10-11 15:02:37.420 21612 21675 I ReactNativeJS: [outputs] outputs.flashPulse {"timestamp":10380941.510725,"wallClock":1760209357420,"enabled":true,"durationMs":48,"source":"console.replay","correlationId":"console-replay:mgmn7ckr9onpieol","timelineOffsetMs":34.730214999988675}
10-11 15:02:37.432 21612 26522 D OutputsAudio: [outputs-audio] stop gain=1.000 release=6.00
10-11 15:02:37.471 21612 21675 I ReactNativeJS: [outputs] outputs.flashPulse.commit {"timestamp":10380992.345517,"wallClock":1760209357471,"durationMs":48,"source":"console.replay","correlationId":"console-replay:mgmn7ckr9onpieol","latencyMs":52.08213500119746,"timelineOffsetMs":34.730214999988675}
10-11 15:02:37.482 21612 26522 D OutputsAudio: [outputs-audio] start hz=700.0 gain=1.000 attack=2.50 release=6.00
10-11 15:02:37.520 21612 21675 D OutputsAudio: [outputs-audio] symbol.info sequence=3 symbol=. timestamp=10381003.373 duration=48.000
10-11 15:02:37.521 21612 21675 I ReactNativeJS: [outputs] playMorse.symbol {"timestamp":10381041.862809,"wallClock":1760209357520,"symbol":".","durationMs":48,"index":2,"source":"console.replay","correlationId":"console-replay:mgmn7cnkm1tngz6s","nativeTimestampMs":10381003.373,"nativeDurationMs":48,"nativeOffsetMs":38.44105900079012,"nativeSequence":3,"monotonicTimestampMs":10381003.373}
10-11 15:02:37.521 21612 21675 I ReactNativeJS: [outputs] outputs.hapticSymbol {"timestamp":10381042.357652,"wallClock":1760209357521,"enabled":true,"symbol":".","durationMs":48,"platform":"android","source":"console.replay","correlationId":"console-replay:mgmn7cnkm1tngz6s","timelineOffsetMs":38.44105900079012}
10-11 15:02:37.522 21612 21675 I ReactNativeJS: [outputs] outputs.flashPulse {"timestamp":10381043.079632,"wallClock":1760209357521,"enabled":true,"durationMs":48,"source":"console.replay","correlationId":"console-replay:mgmn7cnkm1tngz6s","timelineOffsetMs":38.44105900079012}
10-11 15:02:37.530 21612 26522 D OutputsAudio: [outputs-audio] stop gain=1.000 release=6.00
10-11 15:02:37.578 21612 21675 I ReactNativeJS: [outputs] outputs.flashPulse.commit {"timestamp":10381099.239059,"wallClock":1760209357578,"durationMs":48,"source":"console.replay","correlationId":"console-replay:mgmn7cnkm1tngz6s","latencyMs":57.42109300009906,"timelineOffsetMs":38.44105900079012}
10-11 15:02:37.579 21612 26522 D OutputsAudio: [outputs-audio] start hz=700.0 gain=1.000 attack=2.50 release=6.00
10-11 15:02:37.630 21612 21675 D OutputsAudio: [outputs-audio] symbol.info sequence=4 symbol=- timestamp=10381100.499 duration=144.000
10-11 15:02:37.631 21612 21675 I ReactNativeJS: [outputs] playMorse.symbol {"timestamp":10381151.816767,"wallClock":1760209357630,"symbol":"-","durationMs":144,"index":3,"source":"console.replay","correlationId":"console-replay:mgmn7cqm7w1r72qk","nativeTimestampMs":10381100.499,"nativeDurationMs":144,"nativeOffsetMs":51.268078999593854,"nativeSequence":4,"monotonicTimestampMs":10381100.499}
10-11 15:02:37.631 21612 21675 I ReactNativeJS: [outputs] outputs.hapticSymbol {"timestamp":10381152.375204,"wallClock":1760209357631,"enabled":true,"symbol":"-","durationMs":144,"platform":"android","source":"console.replay","correlationId":"console-replay:mgmn7cqm7w1r72qk","timelineOffsetMs":51.268078999593854}
10-11 15:02:37.632 21612 21675 I ReactNativeJS: [outputs] outputs.flashPulse {"timestamp":10381153.107756,"wallClock":1760209357631,"enabled":true,"durationMs":144,"source":"console.replay","correlationId":"console-replay:mgmn7cqm7w1r72qk","timelineOffsetMs":51.268078999593854}
10-11 15:02:37.682 21612 21675 I ReactNativeJS: [outputs] outputs.flashPulse.commit {"timestamp":10381202.98984,"wallClock":1760209357681,"durationMs":144,"source":"console.replay","correlationId":"console-replay:mgmn7cqm7w1r72qk","latencyMs":51.2184900008142,"timelineOffsetMs":51.268078999593854}
10-11 15:02:37.723 21612 26522 D OutputsAudio: [outputs-audio] stop gain=1.000 release=6.00
10-11 15:02:37.772 21612 26522 D OutputsAudio: [outputs-audio] start hz=700.0 gain=1.000 attack=2.50 release=6.00
10-11 15:02:37.785 21612 21675 D OutputsAudio: [outputs-audio] symbol.info sequence=5 symbol=- timestamp=10381293.628 duration=144.000
10-11 15:02:37.786 21612 21675 I ReactNativeJS: [outputs] playMorse.symbol {"timestamp":10381307.041246,"wallClock":1760209357785,"symbol":"-","durationMs":144,"index":4,"source":"console.replay","correlationId":"console-replay:mgmn7cuxgyaqnygp","nativeTimestampMs":10381293.628,"nativeDurationMs":144,"nativeOffsetMs":13.323141999542713,"nativeSequence":5,"monotonicTimestampMs":10381293.628}
10-11 15:02:37.787 21612 21675 I ReactNativeJS: [outputs] outputs.hapticSymbol {"timestamp":10381307.890413,"wallClock":1760209357786,"enabled":true,"symbol":"-","durationMs":144,"platform":"android","source":"console.replay","correlationId":"console-replay:mgmn7cuxgyaqnygp","timelineOffsetMs":13.323141999542713}
10-11 15:02:37.788 21612 21675 I ReactNativeJS: [outputs] outputs.flashPulse {"timestamp":10381309.348538,"wallClock":1760209357788,"enabled":true,"durationMs":144,"source":"console.replay","correlationId":"console-replay:mgmn7cuxgyaqnygp","timelineOffsetMs":13.323141999542713}
10-11 15:02:37.850 21612 21675 I ReactNativeJS: [outputs] outputs.flashPulse.commit {"timestamp":10381371.538277,"wallClock":1760209357850,"durationMs":144,"source":"console.replay","correlationId":"console-replay:mgmn7cuxgyaqnygp","latencyMs":64.58213499933481,"timelineOffsetMs":13.323141999542713}
10-11 15:02:37.917 21612 26522 D OutputsAudio: [outputs-audio] stop gain=1.000 release=6.00
10-11 15:02:37.966 21612 26522 D OutputsAudio: [outputs-audio] start hz=700.0 gain=1.000 attack=2.50 release=6.00
10-11 15:02:37.977 21612 21675 D OutputsAudio: [outputs-audio] symbol.info sequence=6 symbol=- timestamp=10381487.467 duration=144.000
10-11 15:02:37.978 21612 21675 I ReactNativeJS: [outputs] playMorse.symbol {"timestamp":10381498.522444,"wallClock":1760209357977,"symbol":"-","durationMs":144,"index":5,"source":"console.replay","correlationId":"console-replay:mgmn7d09az5m9vvf","nativeTimestampMs":10381487.467,"nativeDurationMs":144,"nativeOffsetMs":10.965808000415564,"nativeSequence":6,"monotonicTimestampMs":10381487.467}
10-11 15:02:37.978 21612 21675 I ReactNativeJS: [outputs] outputs.hapticSymbol {"timestamp":10381499.424111,"wallClock":1760209357978,"enabled":true,"symbol":"-","durationMs":144,"platform":"android","source":"console.replay","correlationId":"console-replay:mgmn7d09az5m9vvf","timelineOffsetMs":10.965808000415564}
10-11 15:02:37.979 21612 21675 I ReactNativeJS: [outputs] outputs.flashPulse {"timestamp":10381500.747288,"wallClock":1760209357979,"enabled":true,"durationMs":144,"source":"console.replay","correlationId":"console-replay:mgmn7d09az5m9vvf","timelineOffsetMs":10.965808000415564}
10-11 15:02:38.050 21612 21675 I ReactNativeJS: [outputs] outputs.flashPulse.commit {"timestamp":10381571.128538,"wallClock":1760209358050,"durationMs":144,"source":"console.replay","correlationId":"console-replay:mgmn7d09az5m9vvf","latencyMs":72.69135499931872,"timelineOffsetMs":10.965808000415564}
10-11 15:02:38.111 21612 26522 D OutputsAudio: [outputs-audio] stop gain=1.000 release=6.00
10-11 15:02:38.159 21612 26522 D OutputsAudio: [outputs-audio] start hz=700.0 gain=1.000 attack=2.50 release=6.00
10-11 15:02:38.169 21612 21675 D OutputsAudio: [outputs-audio] symbol.info sequence=7 symbol=. timestamp=10381680.918 duration=48.000
10-11 15:02:38.171 21612 21675 I ReactNativeJS: [outputs] playMorse.symbol {"timestamp":10381691.041767,"wallClock":1760209358169,"symbol":".","durationMs":48,"index":6,"source":"console.replay","correlationId":"console-replay:mgmn7d5lhjb5wzoy","nativeTimestampMs":10381680.918,"nativeDurationMs":48,"nativeOffsetMs":10.013142000883818,"nativeSequence":7,"monotonicTimestampMs":10381680.918}
10-11 15:02:38.172 21612 21675 I ReactNativeJS: [outputs] outputs.hapticSymbol {"timestamp":10381692.519527,"wallClock":1760209358171,"enabled":true,"symbol":".","durationMs":48,"platform":"android","source":"console.replay","correlationId":"console-replay:mgmn7d5lhjb5wzoy","timelineOffsetMs":10.013142000883818}
10-11 15:02:38.173 21612 21675 I ReactNativeJS: [outputs] outputs.flashPulse {"timestamp":10381694.330204,"wallClock":1760209358173,"enabled":true,"durationMs":48,"source":"console.replay","correlationId":"console-replay:mgmn7d5lhjb5wzoy","timelineOffsetMs":10.013142000883818}
10-11 15:02:38.208 21612 26522 D OutputsAudio: [outputs-audio] stop gain=1.000 release=6.00
10-11 15:02:38.246 21612 21675 I ReactNativeJS: [outputs] outputs.flashPulse.commit {"timestamp":10381767.746767,"wallClock":1760209358246,"durationMs":48,"source":"console.replay","correlationId":"console-replay:mgmn7d5lhjb5wzoy","latencyMs":76.81109299883246,"timelineOffsetMs":10.013142000883818}
10-11 15:02:38.257 21612 26522 D OutputsAudio: [outputs-audio] start hz=700.0 gain=1.000 attack=2.50 release=6.00
10-11 15:02:38.296 21612 21675 D OutputsAudio: [outputs-audio] symbol.info sequence=8 symbol=. timestamp=10381778.179 duration=48.000
10-11 15:02:38.296 21612 21675 I ReactNativeJS: [outputs] playMorse.symbol {"timestamp":10381817.445985,"wallClock":1760209358296,"symbol":".","durationMs":48,"index":7,"source":"console.replay","correlationId":"console-replay:mgmn7d94bytxrhqo","nativeTimestampMs":10381778.179,"nativeDurationMs":48,"nativeOffsetMs":39.21406900137663,"nativeSequence":8,"monotonicTimestampMs":10381778.179}
10-11 15:02:38.297 21612 21675 I ReactNativeJS: [outputs] outputs.hapticSymbol {"timestamp":10381817.927912,"wallClock":1760209358296,"enabled":true,"symbol":".","durationMs":48,"platform":"android","source":"console.replay","correlationId":"console-replay:mgmn7d94bytxrhqo","timelineOffsetMs":39.21406900137663}
10-11 15:02:38.297 21612 21675 I ReactNativeJS: [outputs] outputs.flashPulse {"timestamp":10381818.687965,"wallClock":1760209358297,"enabled":true,"durationMs":48,"source":"console.replay","correlationId":"console-replay:mgmn7d94bytxrhqo","timelineOffsetMs":39.21406900137663}
10-11 15:02:38.305 21612 26522 D OutputsAudio: [outputs-audio] stop gain=1.000 release=6.00
10-11 15:02:38.352 21612 21675 I ReactNativeJS: [outputs] outputs.flashPulse.commit {"timestamp":10381873.754683,"wallClock":1760209358352,"durationMs":48,"source":"console.replay","correlationId":"console-replay:mgmn7d94bytxrhqo","latencyMs":56.357030998915434,"timelineOffsetMs":39.21406900137663}
10-11 15:02:38.354 21612 26522 D OutputsAudio: [outputs-audio] start hz=700.0 gain=1.000 attack=2.50 release=6.00
10-11 15:02:38.395 21612 21675 D OutputsAudio: [outputs-audio] symbol.info sequence=9 symbol=. timestamp=10381875.974 duration=48.000
10-11 15:02:38.396 21612 21675 I ReactNativeJS: [outputs] playMorse.symbol {"timestamp":10381916.964892,"wallClock":1760209358395,"symbol":".","durationMs":48,"index":8,"source":"console.replay","correlationId":"console-replay:mgmn7dbvdw6p2bki","nativeTimestampMs":10381875.974,"nativeDurationMs":48,"nativeOffsetMs":40.941100001335144,"nativeSequence":9,"monotonicTimestampMs":10381875.974}
10-11 15:02:38.396 21612 21675 I ReactNativeJS: [outputs] outputs.hapticSymbol {"timestamp":10381917.453954,"wallClock":1760209358396,"enabled":true,"symbol":".","durationMs":48,"platform":"android","source":"console.replay","correlationId":"console-replay:mgmn7dbvdw6p2bki","timelineOffsetMs":40.941100001335144}
10-11 15:02:38.397 21612 21675 I ReactNativeJS: [outputs] outputs.flashPulse {"timestamp":10381918.170725,"wallClock":1760209358397,"enabled":true,"durationMs":48,"source":"console.replay","correlationId":"console-replay:mgmn7dbvdw6p2bki","timelineOffsetMs":40.941100001335144}
10-11 15:02:38.403 21612 26522 D OutputsAudio: [outputs-audio] stop gain=1.000 release=6.00
10-11 15:02:38.453 21612 26522 D OutputsAudio: [outputs-audio] start hz=700.0 gain=1.000 attack=2.50 release=6.00
10-11 15:02:38.455 21612 21675 I ReactNativeJS: [outputs] outputs.flashPulse.commit {"timestamp":10381976.326767,"wallClock":1760209358455,"durationMs":48,"source":"console.replay","correlationId":"console-replay:mgmn7dbvdw6p2bki","latencyMs":59.407603999599814,"timelineOffsetMs":40.941100001335144}
10-11 15:02:38.498 21612 21675 D OutputsAudio: [outputs-audio] symbol.info sequence=10 symbol=- timestamp=10381974.278 duration=144.000
