10-12 10:26:02.678 21246 22662 I ReactNativeJS: [outputs] playMorse.symbol {"timestamp":46937744.902457,"wallClock":1760279162678,"symbol":"-","durationMs":144,"index":9,"source":"console.replay","correlationId":"console-replay:mgnsrinqj14cgfws","nativeTimestampMs":46937778.458,"nativeDurationMs":144,"nativeOffsetMs":-34.144396997988224,"nativeSequence":10,"monotonicTimestampMs":46937778.458,"nativeExpectedTimestampMs":46937391.463,"nativeStartSkewMs":386.995,"nativeBatchElapsedMs":1538.995,"nativeExpectedSincePriorMs":96,"nativeSincePriorMs":138.347,"nativePatternStartMs":46936239.463,"nativeAgeMs":0}
10-12 10:26:02.725 21246 22662 I ReactNativeJS: [outputs] outputs.hapticSymbol {"timestamp":46937791.451884,"wallClock":1760279162724,"enabled":true,"symbol":"-","durationMs":144,"platform":"android","source":"console.replay","correlationId":"console-replay:mgnsrinqj14cgfws","timelineOffsetMs":null}
10-12 10:26:02.725 21246 22662 I ReactNativeJS: [outputs] outputs.flashPulse {"timestamp":46937792.174697,"wallClock":1760279162725,"enabled":true,"durationMs":144,"source":"console.replay","correlationId":"console-replay:mgnsrinqj14cgfws","timelineOffsetMs":-34.144396997988224,"schedulingMode":"timeline","audioStartHeadroomMs":-408.70143599808216,"audioStartGuard":"headroom","audioStartCompensationMs":160}
10-12 10:26:02.777 21246 22662 I ReactNativeJS: [outputs] outputs.flashPulse.commit {"timestamp":46937843.312197,"wallClock":1760279162776,"durationMs":144,"source":"console.replay","correlationId":"console-replay:mgnsrinqj14cgfws","latencyMs":64.84487400203943,"timelineOffsetMs":-34.144396997988224,"leadMs":8,"scheduleSkewMs":51.136771000921726,"schedulingMode":"timeline","audioStartHeadroomMs":-408.70143599808216,"audioStartGuard":"headroom","audioStartCompensationMs":160}
10-12 10:26:02.856 21246 22879 D OutputsAudio: [outputs-audio] stop gain=1.000 release=6.00
10-12 10:26:02.857 21246 22879 D OutputsAudio: [outputs-audio] playMorse.gap sequence=10 nextOffset=1344.000 gapTarget=46937583.463
10-12 10:26:02.857 21246 22879 D OutputsAudio: [outputs-audio] playMorse.dispatch sequence=11 symbol=- offset=1344.000 lead=90.000 dispatchAt=46937493.463
10-12 10:26:02.857 21246 22879 D OutputsAudio: [outputs-audio] start hz=650.0 gain=1.000 attack=2.50 release=6.00
10-12 10:26:02.857 21246 22879 D OutputsAudio: [outputs-audio] playMorse.symbol.start sequence=11 symbol=- expected=46937583.463 actual=46938014.256 skew=430.794 batchElapsed=1774.794
10-12 10:26:02.915 21246 22662 D OutputsAudio: [outputs-audio] symbol.info sequence=11 symbol=- timestamp=46938014.256 duration=144.000 expected=46937583.463 skew=430.794 age=0.000
10-12 10:26:02.916 21246 22662 I ReactNativeJS: [outputs] playMorse.symbol {"timestamp":46937982.303603,"wallClock":1760279162915,"symbol":"-","durationMs":144,"index":10,"source":"console.replay","correlationId":"console-replay:battbb7g","nativeTimestampMs":46938014.256,"nativeDurationMs":144,"nativeOffsetMs":-32.05901199579239,"nativeSequence":11,"monotonicTimestampMs":46938014.256,"nativeExpectedTimestampMs":46937583.463,"nativeStartSkewMs":430.794,"nativeBatchElapsedMs":1774.794,"nativeExpectedSincePriorMs":192,"nativeSincePriorMs":235.798,"nativePatternStartMs":46936239.463,"nativeAgeMs":0}
10-12 10:26:02.917 21246 22662 I ReactNativeJS: [outputs] playMorse.symbol {"timestamp":46937983.430165,"wallClock":1760279162916,"symbol":"-","durationMs":144,"index":10,"source":"console.replay","correlationId":"console-replay:mgnsriucv36g89at","nativeTimestampMs":46938014.256,"nativeDurationMs":144,"nativeOffsetMs":-32.05901199579239,"nativeSequence":11,"monotonicTimestampMs":46938014.256,"nativeExpectedTimestampMs":46937583.463,"nativeStartSkewMs":430.794,"nativeBatchElapsedMs":1774.794,"nativeExpectedSincePriorMs":192,"nativeSincePriorMs":235.798,"nativePatternStartMs":46936239.463,"nativeAgeMs":0}
10-12 10:26:02.996 21246 22662 I ReactNativeJS: [outputs] outputs.hapticSymbol {"timestamp":46938062.351103,"wallClock":1760279162995,"enabled":true,"symbol":"-","durationMs":144,"platform":"android","source":"console.replay","correlationId":"console-replay:mgnsriucv36g89at","timelineOffsetMs":null}
10-12 10:26:02.996 21246 22662 I ReactNativeJS: [outputs] outputs.flashPulse {"timestamp":46938063.132092,"wallClock":1760279162996,"enabled":true,"durationMs":144,"source":"console.replay","correlationId":"console-replay:mgnsriucv36g89at","timelineOffsetMs":-32.05901199579239,"schedulingMode":"timeline","audioStartHeadroomMs":-487.6594569981098,"audioStartGuard":"headroom","audioStartCompensationMs":160}
10-12 10:26:03.048 21246 22662 I ReactNativeJS: [outputs] outputs.flashPulse.commit {"timestamp":46938114.973499,"wallClock":1760279163048,"durationMs":144,"source":"console.replay","correlationId":"console-replay:mgnsriucv36g89at","latencyMs":100.70775900036097,"timelineOffsetMs":-32.05901199579239,"leadMs":8,"scheduleSkewMs":51.83953099697828,"schedulingMode":"timeline","audioStartHeadroomMs":-487.6594569981098,"audioStartGuard":"headroom","audioStartCompensationMs":160}
10-12 10:26:03.092 21246 22879 D OutputsAudio: [outputs-audio] stop gain=1.000 release=6.00
10-12 10:26:03.092 21246 22879 D OutputsAudio: [outputs-audio] playMorse.gap sequence=11 nextOffset=1536.000 gapTarget=46937775.463
10-12 10:26:03.092 21246 22879 D OutputsAudio: [outputs-audio] playMorse.dispatch sequence=12 symbol=- offset=1536.000 lead=90.000 dispatchAt=46937685.463
10-12 10:26:03.092 21246 22879 D OutputsAudio: [outputs-audio] start hz=650.0 gain=1.000 attack=2.50 release=6.00
10-12 10:26:03.092 21246 22879 D OutputsAudio: [outputs-audio] playMorse.symbol.start sequence=12 symbol=- expected=46937775.463 actual=46938249.061 skew=473.598 batchElapsed=2009.598
10-12 10:26:03.148 21246 22662 D OutputsAudio: [outputs-audio] symbol.info sequence=12 symbol=- timestamp=46938249.061 duration=144.000 expected=46937775.463 skew=473.598 age=0.000
10-12 10:26:03.148 21246 22662 I ReactNativeJS: [outputs] playMorse.symbol {"timestamp":46938214.988238,"wallClock":1760279163148,"symbol":"-","durationMs":144,"index":11,"source":"console.replay","correlationId":"console-replay:kl1beetu","nativeTimestampMs":46938249.061,"nativeDurationMs":144,"nativeOffsetMs":-34.133542999625206,"nativeSequence":12,"monotonicTimestampMs":46938249.061,"nativeExpectedTimestampMs":46937775.463,"nativeStartSkewMs":473.598,"nativeBatchElapsedMs":2009.598,"nativeExpectedSincePriorMs":192,"nativeSincePriorMs":234.804,"nativePatternStartMs":46936239.463,"nativeAgeMs":0}
10-12 10:26:03.149 21246 22662 I ReactNativeJS: [outputs] playMorse.symbol {"timestamp":46938215.597353,"wallClock":1760279163148,"symbol":"-","durationMs":144,"index":11,"source":"console.replay","correlationId":"console-replay:mgnsrj0sqvubkfg7","nativeTimestampMs":46938249.061,"nativeDurationMs":144,"nativeOffsetMs":-34.133542999625206,"nativeSequence":12,"monotonicTimestampMs":46938249.061,"nativeExpectedTimestampMs":46937775.463,"nativeStartSkewMs":473.598,"nativeBatchElapsedMs":2009.598,"nativeExpectedSincePriorMs":192,"nativeSincePriorMs":234.804,"nativePatternStartMs":46936239.463,"nativeAgeMs":0}
10-12 10:26:03.202 21246 22662 I ReactNativeJS: [outputs] outputs.hapticSymbol {"timestamp":46938268.312301,"wallClock":1760279163201,"enabled":true,"symbol":"-","durationMs":144,"platform":"android","source":"console.replay","correlationId":"console-replay:mgnsrj0sqvubkfg7","timelineOffsetMs":null}
10-12 10:26:03.202 21246 22662 I ReactNativeJS: [outputs] outputs.flashPulse {"timestamp":46938269.054176,"wallClock":1760279163202,"enabled":true,"durationMs":144,"source":"console.replay","correlationId":"console-replay:mgnsrj0sqvubkfg7","timelineOffsetMs":-34.133542999625206,"schedulingMode":"timeline","audioStartHeadroomMs":-501.5810709968209,"audioStartGuard":"headroom","audioStartCompensationMs":160}
10-12 10:26:03.250 21246 22662 I ReactNativeJS: [outputs] outputs.flashPulse.commit {"timestamp":46938316.368655,"wallClock":1760279163249,"durationMs":144,"source":"console.replay","correlationId":"console-replay:mgnsrj0sqvubkfg7","latencyMs":67.29796700179577,"timelineOffsetMs":-34.133542999625206,"leadMs":8,"scheduleSkewMs":47.31307300180197,"schedulingMode":"timeline","audioStartHeadroomMs":-501.5810709968209,"audioStartGuard":"headroom","audioStartCompensationMs":160}
10-12 10:26:03.327 21246 22879 D OutputsAudio: [outputs-audio] stop gain=1.000 release=6.00
10-12 10:26:03.327 21246 22879 D OutputsAudio: [outputs-audio] playMorse.gap sequence=12 nextOffset=1728.000 gapTarget=46937967.463
10-12 10:26:03.327 21246 22879 D OutputsAudio: [outputs-audio] playMorse.dispatch sequence=13 symbol=. offset=1728.000 lead=90.000 dispatchAt=46937877.463
10-12 10:26:03.327 21246 22879 D OutputsAudio: [outputs-audio] start hz=650.0 gain=1.000 attack=2.50 release=6.00
10-12 10:26:03.327 21246 22879 D OutputsAudio: [outputs-audio] playMorse.symbol.start sequence=13 symbol=. expected=46937967.463 actual=46938484.094 skew=516.631 batchElapsed=2244.631
10-12 10:26:03.386 21246 22662 D OutputsAudio: [outputs-audio] symbol.info sequence=13 symbol=. timestamp=46938484.094 duration=48.000 expected=46937967.463 skew=516.631 age=0.000
10-12 10:26:03.388 21246 22662 I ReactNativeJS: [outputs] playMorse.symbol {"timestamp":46938453.752821,"wallClock":1760279163387,"symbol":".","durationMs":48,"index":12,"source":"console.replay","correlationId":"console-replay:9mkkc2lk","nativeTimestampMs":46938484.094,"nativeDurationMs":48,"nativeOffsetMs":-30.456751994788647,"nativeSequence":13,"monotonicTimestampMs":46938484.094,"nativeExpectedTimestampMs":46937967.463,"nativeStartSkewMs":516.631,"nativeBatchElapsedMs":2244.631,"nativeExpectedSincePriorMs":192,"nativeSincePriorMs":235.033,"nativePatternStartMs":46936239.463,"nativeAgeMs":0}
10-12 10:26:03.390 21246 22662 I ReactNativeJS: [outputs] playMorse.symbol {"timestamp":46938455.498134,"wallClock":1760279163388,"symbol":".","durationMs":48,"index":12,"source":"console.replay","correlationId":"console-replay:mgnsrj7ggdewacts","nativeTimestampMs":46938484.094,"nativeDurationMs":48,"nativeOffsetMs":-30.456751994788647,"nativeSequence":13,"monotonicTimestampMs":46938484.094,"nativeExpectedTimestampMs":46937967.463,"nativeStartSkewMs":516.631,"nativeBatchElapsedMs":2244.631,"nativeExpectedSincePriorMs":192,"nativeSincePriorMs":235.033,"nativePatternStartMs":46936239.463,"nativeAgeMs":0}
10-12 10:26:03.450 21246 22662 I ReactNativeJS: [outputs] outputs.hapticSymbol {"timestamp":46938516.838707,"wallClock":1760279163450,"enabled":true,"symbol":".","durationMs":48,"platform":"android","source":"console.replay","correlationId":"console-replay:mgnsrj7ggdewacts","timelineOffsetMs":null}
10-12 10:26:03.451 21246 22662 I ReactNativeJS: [outputs] outputs.flashPulse {"timestamp":46938517.608551,"wallClock":1760279163451,"enabled":true,"durationMs":48,"source":"console.replay","correlationId":"console-replay:mgnsrj7ggdewacts","timelineOffsetMs":-30.456751994788647,"schedulingMode":"timeline","audioStartHeadroomMs":-558.1363840028644,"audioStartGuard":"headroom","audioStartCompensationMs":160}
10-12 10:26:03.465 21246 22879 D OutputsAudio: [outputs-audio] stop gain=1.000 release=6.00
10-12 10:26:03.465 21246 22879 D OutputsAudio: [outputs-audio] playMorse.gap sequence=13 nextOffset=1824.000 gapTarget=46938063.463
10-12 10:26:03.465 21246 22879 D OutputsAudio: [outputs-audio] playMorse.dispatch sequence=14 symbol=. offset=1824.000 lead=90.000 dispatchAt=46937973.463
10-12 10:26:03.466 21246 22879 D OutputsAudio: [outputs-audio] start hz=650.0 gain=1.000 attack=2.50 release=6.00
10-12 10:26:03.466 21246 22879 D OutputsAudio: [outputs-audio] playMorse.symbol.start sequence=14 symbol=. expected=46938063.463 actual=46938622.652 skew=559.190 batchElapsed=2383.190
10-12 10:26:03.497 21246 22662 I ReactNativeJS: [outputs] outputs.flashPulse.commit {"timestamp":46938564.185217,"wallClock":1760279163497,"durationMs":48,"source":"console.replay","correlationId":"console-replay:mgnsrj7ggdewacts","latencyMs":80.08272800594568,"timelineOffsetMs":-30.456751994788647,"leadMs":8,"scheduleSkewMs":46.575782001018524,"schedulingMode":"timeline","audioStartHeadroomMs":-558.1363840028644,"audioStartGuard":"headroom","audioStartCompensationMs":160}
10-12 10:26:03.540 21246 22662 D OutputsAudio: [outputs-audio] symbol.info sequence=14 symbol=. timestamp=46938622.652 duration=48.000 expected=46938063.463 skew=559.190 age=0.000
10-12 10:26:03.541 21246 22662 I ReactNativeJS: [outputs] playMorse.symbol {"timestamp":46938607.644957,"wallClock":1760279163541,"symbol":".","durationMs":48,"index":13,"source":"console.replay","correlationId":"console-replay:7zmskzpd","nativeTimestampMs":46938622.652,"nativeDurationMs":48,"nativeOffsetMs":-15.054751999676228,"nativeSequence":14,"monotonicTimestampMs":46938622.652,"nativeExpectedTimestampMs":46938063.463,"nativeStartSkewMs":559.19,"nativeBatchElapsedMs":2383.19,"nativeExpectedSincePriorMs":96,"nativeSincePriorMs":138.559,"nativePatternStartMs":46936239.463,"nativeAgeMs":0}
10-12 10:26:03.541 21246 22662 I ReactNativeJS: [outputs] playMorse.symbol {"timestamp":46938608.171676,"wallClock":1760279163541,"symbol":".","durationMs":48,"index":13,"source":"console.replay","correlationId":"console-replay:mgnsrjbp3soyhn41","nativeTimestampMs":46938622.652,"nativeDurationMs":48,"nativeOffsetMs":-15.054751999676228,"nativeSequence":14,"monotonicTimestampMs":46938622.652,"nativeExpectedTimestampMs":46938063.463,"nativeStartSkewMs":559.19,"nativeBatchElapsedMs":2383.19,"nativeExpectedSincePriorMs":96,"nativeSincePriorMs":138.559,"nativePatternStartMs":46936239.463,"nativeAgeMs":0}
10-12 10:26:03.592 21246 22662 I ReactNativeJS: [outputs] outputs.hapticSymbol {"timestamp":46938658.232561,"wallClock":1760279163591,"enabled":true,"symbol":".","durationMs":48,"platform":"android","source":"console.replay","correlationId":"console-replay:mgnsrjbp3soyhn41","timelineOffsetMs":null}
10-12 10:26:03.592 21246 22662 I ReactNativeJS: [outputs] outputs.flashPulse {"timestamp":46938658.969488,"wallClock":1760279163592,"enabled":true,"durationMs":48,"source":"console.replay","correlationId":"console-replay:mgnsrjbp3soyhn41","timelineOffsetMs":-15.054751999676228,"schedulingMode":"timeline","audioStartHeadroomMs":-603.4962799996138,"audioStartGuard":"headroom","audioStartCompensationMs":160}
10-12 10:26:03.605 21246 22879 D OutputsAudio: [outputs-audio] stop gain=1.000 release=6.00
10-12 10:26:03.605 21246 22879 D OutputsAudio: [outputs-audio] playMorse.gap sequence=14 nextOffset=1920.000 gapTarget=46938159.463
10-12 10:26:03.605 21246 22879 D OutputsAudio: [outputs-audio] playMorse.dispatch sequence=15 symbol=. offset=1920.000 lead=90.000 dispatchAt=46938069.463
10-12 10:26:03.605 21246 22879 D OutputsAudio: [outputs-audio] start hz=650.0 gain=1.000 attack=2.50 release=6.00
10-12 10:26:03.605 21246 22879 D OutputsAudio: [outputs-audio] playMorse.symbol.start sequence=15 symbol=. expected=46938159.463 actual=46938761.797 skew=602.334 batchElapsed=2522.334
10-12 10:26:03.642 21246 22662 I ReactNativeJS: [outputs] outputs.flashPulse.commit {"timestamp":46938709.225582,"wallClock":1760279163642,"durationMs":48,"source":"console.replay","correlationId":"console-replay:mgnsrjbp3soyhn41","latencyMs":86.56446699798107,"timelineOffsetMs":-15.054751999676228,"leadMs":8,"scheduleSkewMs":50.255312003195286,"schedulingMode":"timeline","audioStartHeadroomMs":-603.4962799996138,"audioStartGuard":"headroom","audioStartCompensationMs":160}
10-12 10:26:03.689 21246 22662 D OutputsAudio: [outputs-audio] symbol.info sequence=15 symbol=. timestamp=46938761.797 duration=48.000 expected=46938159.463 skew=602.334 age=0.000
10-12 10:26:03.689 21246 22662 I ReactNativeJS: [outputs] playMorse.symbol {"timestamp":46938756.157196,"wallClock":1760279163689,"symbol":".","durationMs":48,"index":14,"source":"console.replay","correlationId":"console-replay:uc7qdm4p","nativeTimestampMs":46938761.797,"nativeDurationMs":48,"nativeOffsetMs":-5.702667996287346,"nativeSequence":15,"monotonicTimestampMs":46938761.797,"nativeExpectedTimestampMs":46938159.463,"nativeStartSkewMs":602.334,"nativeBatchElapsedMs":2522.334,"nativeExpectedSincePriorMs":96,"nativeSincePriorMs":139.145,"nativePatternStartMs":46936239.463,"nativeAgeMs":0}
10-12 10:26:03.690 21246 22662 I ReactNativeJS: [outputs] playMorse.symbol {"timestamp":46938756.64329,"wallClock":1760279163690,"symbol":".","durationMs":48,"index":14,"source":"console.replay","correlationId":"console-replay:mgnsrjfuxpgl3e5a","nativeTimestampMs":46938761.797,"nativeDurationMs":48,"nativeOffsetMs":-5.702667996287346,"nativeSequence":15,"monotonicTimestampMs":46938761.797,"nativeExpectedTimestampMs":46938159.463,"nativeStartSkewMs":602.334,"nativeBatchElapsedMs":2522.334,"nativeExpectedSincePriorMs":96,"nativeSincePriorMs":139.145,"nativePatternStartMs":46936239.463,"nativeAgeMs":0}
10-12 10:26:03.735 21246 22662 I ReactNativeJS: [outputs] outputs.hapticSymbol {"timestamp":46938801.583082,"wallClock":1760279163734,"enabled":true,"symbol":".","durationMs":48,"platform":"android","source":"console.replay","correlationId":"console-replay:mgnsrjfuxpgl3e5a","timelineOffsetMs":null}
10-12 10:26:03.735 21246 22662 I ReactNativeJS: [outputs] outputs.flashPulse {"timestamp":46938802.314384,"wallClock":1760279163735,"enabled":true,"durationMs":48,"source":"console.replay","correlationId":"console-replay:mgnsrjfuxpgl3e5a","timelineOffsetMs":-5.702667996287346,"schedulingMode":"timeline","audioStartHeadroomMs":-650.8420609980822,"audioStartGuard":"headroom","audioStartCompensationMs":160}
10-12 10:26:03.744 21246 22879 D OutputsAudio: [outputs-audio] stop gain=1.000 release=6.00
10-12 10:26:03.744 21246 22879 D OutputsAudio: [outputs-audio] playMorse.gap sequence=15 nextOffset=2016.000 gapTarget=46938255.463
10-12 10:26:03.744 21246 22879 D OutputsAudio: [outputs-audio] playMorse.dispatch sequence=16 symbol=- offset=2016.000 lead=90.000 dispatchAt=46938165.463
10-12 10:26:03.744 21246 22879 D OutputsAudio: [outputs-audio] start hz=650.0 gain=1.000 attack=2.50 release=6.00
10-12 10:26:03.745 21246 22879 D OutputsAudio: [outputs-audio] playMorse.symbol.start sequence=16 symbol=- expected=46938255.463 actual=46938901.589 skew=646.126 batchElapsed=2662.126
10-12 10:26:03.787 21246 22662 I ReactNativeJS: [outputs] outputs.flashPulse.commit {"timestamp":46938853.960217,"wallClock":1760279163787,"durationMs":48,"source":"console.replay","correlationId":"console-replay:mgnsrjfuxpgl3e5a","latencyMs":92.15472800284624,"timelineOffsetMs":-5.702667996287346,"leadMs":8,"scheduleSkewMs":51.64505299925804,"schedulingMode":"timeline","audioStartHeadroomMs":-650.8420609980822,"audioStartGuard":"headroom","audioStartCompensationMs":160}
10-12 10:26:03.829 21246 22662 D OutputsAudio: [outputs-audio] symbol.info sequence=16 symbol=- timestamp=46938901.589 duration=144.000 expected=46938255.463 skew=646.126 age=0.000
10-12 10:26:03.830 21246 22662 I ReactNativeJS: [outputs] playMorse.symbol {"timestamp":46938896.168238,"wallClock":1760279163829,"symbol":"-","durationMs":144,"index":15,"source":"console.replay","correlationId":"console-replay:crbxn5pr","nativeTimestampMs":46938901.589,"nativeDurationMs":144,"nativeOffsetMs":-5.4706059992313385,"nativeSequence":16,"monotonicTimestampMs":46938901.589,"nativeExpectedTimestampMs":46938255.463,"nativeStartSkewMs":646.126,"nativeBatchElapsedMs":2662.126,"nativeExpectedSincePriorMs":96,"nativeSincePriorMs":139.792,"nativePatternStartMs":46936239.463,"nativeAgeMs":0}
10-12 10:26:03.830 21246 22662 I ReactNativeJS: [outputs] playMorse.symbol {"timestamp":46938896.682665,"wallClock":1760279163830,"symbol":"-","durationMs":144,"index":15,"source":"console.replay","correlationId":"console-replay:mgnsrjjqggc6wca2","nativeTimestampMs":46938901.589,"nativeDurationMs":144,"nativeOffsetMs":-5.4706059992313385,"nativeSequence":16,"monotonicTimestampMs":46938901.589,"nativeExpectedTimestampMs":46938255.463,"nativeStartSkewMs":646.126,"nativeBatchElapsedMs":2662.126,"nativeExpectedSincePriorMs":96,"nativeSincePriorMs":139.792,"nativePatternStartMs":46936239.463,"nativeAgeMs":0}
10-12 10:26:03.876 21246 22662 I ReactNativeJS: [outputs] outputs.hapticSymbol {"timestamp":46938942.697248,"wallClock":1760279163876,"enabled":true,"symbol":"-","durationMs":144,"platform":"android","source":"console.replay","correlationId":"console-replay:mgnsrjjqggc6wca2","timelineOffsetMs":null}
10-12 10:26:03.877 21246 22662 I ReactNativeJS: [outputs] outputs.flashPulse {"timestamp":46938943.457821,"wallClock":1760279163876,"enabled":true,"durationMs":144,"source":"console.replay","correlationId":"console-replay:mgnsrjjqggc6wca2","timelineOffsetMs":-5.4706059992313385,"schedulingMode":"timeline","audioStartHeadroomMs":-695.985133998096,"audioStartGuard":"headroom","audioStartCompensationMs":160}
10-12 10:26:03.923 21246 22662 I ReactNativeJS: [outputs] outputs.flashPulse.commit {"timestamp":46938989.353602,"wallClock":1760279163922,"durationMs":144,"source":"console.replay","correlationId":"console-replay:mgnsrjjqggc6wca2","latencyMs":87.75465499609709,"timelineOffsetMs":-5.4706059992313385,"leadMs":8,"scheduleSkewMs":45.89385499805212,"schedulingMode":"timeline","audioStartHeadroomMs":-695.985133998096,"audioStartGuard":"headroom","audioStartCompensationMs":160}
10-12 10:26:03.979 21246 22879 D OutputsAudio: [outputs-audio] stop gain=1.000 release=6.00
10-12 10:26:03.979 21246 22879 D OutputsAudio: [outputs-audio] playMorse.gap sequence=16 nextOffset=2208.000 gapTarget=46938447.463
10-12 10:26:03.979 21246 22879 D OutputsAudio: [outputs-audio] playMorse.dispatch sequence=17 symbol=- offset=2208.000 lead=90.000 dispatchAt=46938357.463
10-12 10:26:03.979 21246 22879 D OutputsAudio: [outputs-audio] start hz=650.0 gain=1.000 attack=2.50 release=6.00
10-12 10:26:03.979 21246 22879 D OutputsAudio: [outputs-audio] playMorse.symbol.start sequence=17 symbol=- expected=46938447.463 actual=46939136.546 skew=689.083 batchElapsed=2897.083
10-12 10:26:04.034 21246 22662 D OutputsAudio: [outputs-audio] symbol.info sequence=17 symbol=- timestamp=46939136.546 duration=144.000 expected=46938447.463 skew=689.083 age=0.000
10-12 10:26:04.035 21246 22662 I ReactNativeJS: [outputs] playMorse.symbol {"timestamp":46939100.82329,"wallClock":1760279164034,"symbol":"-","durationMs":144,"index":16,"source":"console.replay","correlationId":"console-replay:ikyh0v5o","nativeTimestampMs":46939136.546,"nativeDurationMs":144,"nativeOffsetMs":-35.811095997691154,"nativeSequence":17,"monotonicTimestampMs":46939136.546,"nativeExpectedTimestampMs":46938447.463,"nativeStartSkewMs":689.083,"nativeBatchElapsedMs":2897.083,"nativeExpectedSincePriorMs":192,"nativeSincePriorMs":234.957,"nativePatternStartMs":46936239.463,"nativeAgeMs":0}
10-12 10:26:04.036 21246 22662 I ReactNativeJS: [outputs] playMorse.symbol {"timestamp":46939101.834071,"wallClock":1760279164035,"symbol":"-","durationMs":144,"index":16,"source":"console.replay","correlationId":"console-replay:mgnsrjpff7kyta81","nativeTimestampMs":46939136.546,"nativeDurationMs":144,"nativeOffsetMs":-35.811095997691154,"nativeSequence":17,"monotonicTimestampMs":46939136.546,"nativeExpectedTimestampMs":46938447.463,"nativeStartSkewMs":689.083,"nativeBatchElapsedMs":2897.083,"nativeExpectedSincePriorMs":192,"nativeSincePriorMs":234.957,"nativePatternStartMs":46936239.463,"nativeAgeMs":0}
10-12 10:26:04.094 21246 22662 I ReactNativeJS: [outputs] outputs.hapticSymbol {"timestamp":46939160.742665,"wallClock":1760279164094,"enabled":true,"symbol":"-","durationMs":144,"platform":"android","source":"console.replay","correlationId":"console-replay:mgnsrjpff7kyta81","timelineOffsetMs":null}
10-12 10:26:04.095 21246 22662 I ReactNativeJS: [outputs] outputs.flashPulse {"timestamp":46939161.488029,"wallClock":1760279164094,"enabled":true,"durationMs":144,"source":"console.replay","correlationId":"console-replay:mgnsrjpff7kyta81","timelineOffsetMs":-35.811095997691154,"schedulingMode":"timeline","audioStartHeadroomMs":-722.0158630013466,"audioStartGuard":"headroom","audioStartCompensationMs":160}
10-12 10:26:04.145 21246 22662 I ReactNativeJS: [outputs] outputs.flashPulse.commit {"timestamp":46939212.087404,"wallClock":1760279164145,"durationMs":144,"source":"console.replay","correlationId":"console-replay:mgnsrjpff7kyta81","latencyMs":75.53202900290489,"timelineOffsetMs":-35.811095997691154,"leadMs":8,"scheduleSkewMs":50.59749999642372,"schedulingMode":"timeline","audioStartHeadroomMs":-722.0158630013466,"audioStartGuard":"headroom","audioStartCompensationMs":160}
10-12 10:26:04.214 21246 22879 D OutputsAudio: [outputs-audio] stop gain=1.000 release=6.00
10-12 10:26:04.214 21246 22879 D OutputsAudio: [outputs-audio] playMorse.gap sequence=17 nextOffset=2400.000 gapTarget=46938639.463
10-12 10:26:04.214 21246 22879 D OutputsAudio: [outputs-audio] playMorse.dispatch sequence=18 symbol=- offset=2400.000 lead=90.000 dispatchAt=46938549.463
10-12 10:26:04.214 21246 22879 D OutputsAudio: [outputs-audio] start hz=650.0 gain=1.000 attack=2.50 release=6.00
10-12 10:26:04.214 21246 22879 D OutputsAudio: [outputs-audio] playMorse.symbol.start sequence=18 symbol=- expected=46938639.463 actual=46939371.365 skew=731.903 batchElapsed=3131.903
10-12 10:26:04.275 21246 22662 D OutputsAudio: [outputs-audio] symbol.info sequence=18 symbol=- timestamp=46939371.365 duration=144.000 expected=46938639.463 skew=731.903 age=0.000
10-12 10:26:04.276 21246 22662 I ReactNativeJS: [outputs] playMorse.symbol {"timestamp":46939342.265321,"wallClock":1760279164275,"symbol":"-","durationMs":144,"index":17,"source":"console.replay","correlationId":"console-replay:lvnc60a6","nativeTimestampMs":46939371.365,"nativeDurationMs":144,"nativeOffsetMs":-29.189314000308514,"nativeSequence":18,"monotonicTimestampMs":46939371.365,"nativeExpectedTimestampMs":46938639.463,"nativeStartSkewMs":731.903,"nativeBatchElapsedMs":3131.903,"nativeExpectedSincePriorMs":192,"nativeSincePriorMs":234.819,"nativePatternStartMs":46936239.463,"nativeAgeMs":0}
10-12 10:26:04.277 21246 22662 I ReactNativeJS: [outputs] playMorse.symbol {"timestamp":46939343.239123,"wallClock":1760279164276,"symbol":"-","durationMs":144,"index":17,"source":"console.replay","correlationId":"console-replay:mgnsrjw4iuf5dgos","nativeTimestampMs":46939371.365,"nativeDurationMs":144,"nativeOffsetMs":-29.189314000308514,"nativeSequence":18,"monotonicTimestampMs":46939371.365,"nativeExpectedTimestampMs":46938639.463,"nativeStartSkewMs":731.903,"nativeBatchElapsedMs":3131.903,"nativeExpectedSincePriorMs":192,"nativeSincePriorMs":234.819,"nativePatternStartMs":46936239.463,"nativeAgeMs":0}
10-12 10:26:04.335 21246 22662 I ReactNativeJS: [outputs] outputs.hapticSymbol {"timestamp":46939402.155269,"wallClock":1760279164335,"enabled":true,"symbol":"-","durationMs":144,"platform":"android","source":"console.replay","correlationId":"console-replay:mgnsrjw4iuf5dgos","timelineOffsetMs":null}
10-12 10:26:04.336 21246 22662 I ReactNativeJS: [outputs] outputs.flashPulse {"timestamp":46939402.932613,"wallClock":1760279164336,"enabled":true,"durationMs":144,"source":"console.replay","correlationId":"console-replay:mgnsrjw4iuf5dgos","timelineOffsetMs":-29.189314000308514,"schedulingMode":"timeline","audioStartHeadroomMs":-771.4593000039458,"audioStartGuard":"headroom","audioStartCompensationMs":160}
10-12 10:26:04.383 21246 22662 I ReactNativeJS: [outputs] outputs.flashPulse.commit {"timestamp":46939449.395321,"wallClock":1760279164382,"durationMs":144,"source":"console.replay","correlationId":"console-replay:mgnsrjw4iuf5dgos","latencyMs":78.0218839943409,"timelineOffsetMs":-29.189314000308514,"leadMs":8,"scheduleSkewMs":46.462604999542236,"schedulingMode":"timeline","audioStartHeadroomMs":-771.4593000039458,"audioStartGuard":"headroom","audioStartCompensationMs":160}
10-12 10:26:04.448 21246 22879 D OutputsAudio: [outputs-audio] stop gain=1.000 release=6.00
10-12 10:26:04.449 21246 22879 D OutputsAudio: [outputs-audio] playMorse.gap sequence=18 nextOffset=2592.000 gapTarget=46938831.463
10-12 10:26:04.449 21246 22879 D OutputsAudio: [outputs-audio] playMorse.dispatch sequence=19 symbol=. offset=2592.000 lead=90.000 dispatchAt=46938741.463
10-12 10:26:04.449 21246 22879 D OutputsAudio: [outputs-audio] start hz=650.0 gain=1.000 attack=2.50 release=6.00
10-12 10:26:04.449 21246 22879 D OutputsAudio: [outputs-audio] playMorse.symbol.start sequence=19 symbol=. expected=46938831.463 actual=46939605.727 skew=774.264 batchElapsed=3366.264
10-12 10:26:04.509 21246 22662 D OutputsAudio: [outputs-audio] symbol.info sequence=19 symbol=. timestamp=46939605.727 duration=48.000 expected=46938831.463 skew=774.264 age=0.000
10-12 10:26:04.513 21246 22662 I ReactNativeJS: [outputs] playMorse.symbol {"timestamp":46939576.804175,"wallClock":1760279164510,"symbol":".","durationMs":48,"index":18,"source":"console.replay","correlationId":"console-replay:1e17jemn","nativeTimestampMs":46939605.727,"nativeDurationMs":48,"nativeOffsetMs":-29.024438999593258,"nativeSequence":19,"monotonicTimestampMs":46939605.727,"nativeExpectedTimestampMs":46938831.463,"nativeStartSkewMs":774.264,"nativeBatchElapsedMs":3366.264,"nativeExpectedSincePriorMs":192,"nativeSincePriorMs":234.362,"nativePatternStartMs":46936239.463,"nativeAgeMs":0}
10-12 10:26:04.515 21246 22662 I ReactNativeJS: [outputs] playMorse.symbol {"timestamp":46939580.278081,"wallClock":1760279164513,"symbol":".","durationMs":48,"index":18,"source":"console.replay","correlationId":"console-replay:mgnsrk2p62qmdv9h","nativeTimestampMs":46939605.727,"nativeDurationMs":48,"nativeOffsetMs":-29.024438999593258,"nativeSequence":19,"monotonicTimestampMs":46939605.727,"nativeExpectedTimestampMs":46938831.463,"nativeStartSkewMs":774.264,"nativeBatchElapsedMs":3366.264,"nativeExpectedSincePriorMs":192,"nativeSincePriorMs":234.362,"nativePatternStartMs":46936239.463,"nativeAgeMs":0}
10-12 10:26:04.572 21246 22662 I ReactNativeJS: [outputs] outputs.hapticSymbol {"timestamp":46939638.698915,"wallClock":1760279164572,"enabled":true,"symbol":".","durationMs":48,"platform":"android","source":"console.replay","correlationId":"console-replay:mgnsrk2p62qmdv9h","timelineOffsetMs":null}
10-12 10:26:04.573 21246 22662 I ReactNativeJS: [outputs] outputs.flashPulse {"timestamp":46939639.444175,"wallClock":1760279164572,"enabled":true,"durationMs":48,"source":"console.replay","correlationId":"console-replay:mgnsrk2p62qmdv9h","timelineOffsetMs":-29.024438999593258,"schedulingMode":"timeline","audioStartHeadroomMs":-815.9707579985261,"audioStartGuard":"headroom","audioStartCompensationMs":160}
10-12 10:26:04.587 21246 22879 D OutputsAudio: [outputs-audio] stop gain=1.000 release=6.00
10-12 10:26:04.588 21246 22879 D OutputsAudio: [outputs-audio] playMorse.gap sequence=19 nextOffset=2688.000 gapTarget=46938927.463
10-12 10:26:04.588 21246 22879 D OutputsAudio: [outputs-audio] playMorse.dispatch sequence=20 symbol=. offset=2688.000 lead=90.000 dispatchAt=46938837.463
10-12 10:26:04.588 21246 22879 D OutputsAudio: [outputs-audio] start hz=650.0 gain=1.000 attack=2.50 release=6.00
10-12 10:26:04.588 21246 22879 D OutputsAudio: [outputs-audio] playMorse.symbol.start sequence=20 symbol=. expected=46938927.463 actual=46939744.799 skew=817.337 batchElapsed=3505.337
10-12 10:26:04.622 21246 22662 I ReactNativeJS: [outputs] outputs.flashPulse.commit {"timestamp":46939688.6373,"wallClock":1760279164622,"durationMs":48,"source":"console.replay","correlationId":"console-replay:mgnsrk2p62qmdv9h","latencyMs":82.90196700394154,"timelineOffsetMs":-29.024438999593258,"leadMs":8,"scheduleSkewMs":49.19354200363159,"schedulingMode":"timeline","audioStartHeadroomMs":-815.9707579985261,"audioStartGuard":"headroom","audioStartCompensationMs":160}
10-12 10:26:04.665 21246 22662 D OutputsAudio: [outputs-audio] symbol.info sequence=20 symbol=. timestamp=46939744.799 duration=48.000 expected=46938927.463 skew=817.337 age=0.000
10-12 10:26:04.665 21246 22662 I ReactNativeJS: [outputs] playMorse.symbol {"timestamp":46939731.965581,"wallClock":1760279164665,"symbol":".","durationMs":48,"index":19,"source":"console.replay","correlationId":"console-replay:sh86ikuu","nativeTimestampMs":46939744.799,"nativeDurationMs":48,"nativeOffsetMs":-12.881907999515533,"nativeSequence":20,"monotonicTimestampMs":46939744.799,"nativeExpectedTimestampMs":46938927.463,"nativeStartSkewMs":817.337,"nativeBatchElapsedMs":3505.337,"nativeExpectedSincePriorMs":96,"nativeSincePriorMs":139.072,"nativePatternStartMs":46936239.463,"nativeAgeMs":0}
10-12 10:26:04.666 21246 22662 I ReactNativeJS: [outputs] playMorse.symbol {"timestamp":46939732.529904,"wallClock":1760279164665,"symbol":".","durationMs":48,"index":19,"source":"console.replay","correlationId":"console-replay:mgnsrk6xlm5mw5ag","nativeTimestampMs":46939744.799,"nativeDurationMs":48,"nativeOffsetMs":-12.881907999515533,"nativeSequence":20,"monotonicTimestampMs":46939744.799,"nativeExpectedTimestampMs":46938927.463,"nativeStartSkewMs":817.337,"nativeBatchElapsedMs":3505.337,"nativeExpectedSincePriorMs":96,"nativeSincePriorMs":139.072,"nativePatternStartMs":46936239.463,"nativeAgeMs":0}
10-12 10:26:04.712 21246 22662 I ReactNativeJS: [outputs] outputs.hapticSymbol {"timestamp":46939778.702613,"wallClock":1760279164712,"enabled":true,"symbol":".","durationMs":48,"platform":"android","source":"console.replay","correlationId":"console-replay:mgnsrk6xlm5mw5ag","timelineOffsetMs":null}
10-12 10:26:04.713 21246 22662 I ReactNativeJS: [outputs] outputs.flashPulse {"timestamp":46939779.435217,"wallClock":1760279164712,"enabled":true,"durationMs":48,"source":"console.replay","correlationId":"console-replay:mgnsrk6xlm5mw5ag","timelineOffsetMs":-12.881907999515533,"schedulingMode":"timeline","audioStartHeadroomMs":-859.9620599970222,"audioStartGuard":"headroom","audioStartCompensationMs":160}
10-12 10:26:04.726 21246 22879 D OutputsAudio: [outputs-audio] stop gain=1.000 release=6.00
10-12 10:26:04.726 21246 22879 D OutputsAudio: [outputs-audio] playMorse.gap sequence=20 nextOffset=2784.000 gapTarget=46939023.463
10-12 10:26:04.726 21246 22879 D OutputsAudio: [outputs-audio] playMorse.dispatch sequence=21 symbol=. offset=2784.000 lead=90.000 dispatchAt=46938933.463
10-12 10:26:04.726 21246 22879 D OutputsAudio: [outputs-audio] start hz=650.0 gain=1.000 attack=2.50 release=6.00
10-12 10:26:04.726 21246 22879 D OutputsAudio: [outputs-audio] playMorse.symbol.start sequence=21 symbol=. expected=46939023.463 actual=46939883.375 skew=859.912 batchElapsed=3643.912
10-12 10:26:04.759 21246 22662 I ReactNativeJS: [outputs] outputs.flashPulse.commit {"timestamp":46939825.769644,"wallClock":1760279164759,"durationMs":48,"source":"console.replay","correlationId":"console-replay:mgnsrk6xlm5mw5ag","latencyMs":80.96121700108051,"timelineOffsetMs":-12.881907999515533,"leadMs":8,"scheduleSkewMs":46.333438001573086,"schedulingMode":"timeline","audioStartHeadroomMs":-859.9620599970222,"audioStartGuard":"headroom","audioStartCompensationMs":160}
10-12 10:26:04.810 21246 22662 D OutputsAudio: [outputs-audio] symbol.info sequence=21 symbol=. timestamp=46939883.375 duration=48.000 expected=46939023.463 skew=859.912 age=0.000
10-12 10:26:04.811 21246 22662 I ReactNativeJS: [outputs] playMorse.symbol {"timestamp":46939877.2673,"wallClock":1760279164810,"symbol":".","durationMs":48,"index":20,"source":"console.replay","correlationId":"console-replay:imazwxwf","nativeTimestampMs":46939883.375,"nativeDurationMs":48,"nativeOffsetMs":-6.158064998686314,"nativeSequence":21,"monotonicTimestampMs":46939883.375,"nativeExpectedTimestampMs":46939023.463,"nativeStartSkewMs":859.912,"nativeBatchElapsedMs":3643.912,"nativeExpectedSincePriorMs":96,"nativeSincePriorMs":138.575,"nativePatternStartMs":46936239.463,"nativeAgeMs":0}
10-12 10:26:04.811 21246 22662 I ReactNativeJS: [outputs] playMorse.symbol {"timestamp":46939877.786831,"wallClock":1760279164811,"symbol":".","durationMs":48,"index":20,"source":"console.replay","correlationId":"console-replay:mgnsrkaz9xr8v3hu","nativeTimestampMs":46939883.375,"nativeDurationMs":48,"nativeOffsetMs":-6.158064998686314,"nativeSequence":21,"monotonicTimestampMs":46939883.375,"nativeExpectedTimestampMs":46939023.463,"nativeStartSkewMs":859.912,"nativeBatchElapsedMs":3643.912,"nativeExpectedSincePriorMs":96,"nativeSincePriorMs":138.575,"nativePatternStartMs":46936239.463,"nativeAgeMs":0}
10-12 10:26:04.862 21246 22662 I ReactNativeJS: [outputs] outputs.hapticSymbol {"timestamp":46939929.054748,"wallClock":1760279164862,"enabled":true,"symbol":".","durationMs":48,"platform":"android","source":"console.replay","correlationId":"console-replay:mgnsrkaz9xr8v3hu","timelineOffsetMs":null}
10-12 10:26:04.863 21246 22662 I ReactNativeJS: [outputs] outputs.flashPulse {"timestamp":46939929.792456,"wallClock":1760279164863,"enabled":true,"durationMs":48,"source":"console.replay","correlationId":"console-replay:mgnsrkaz9xr8v3hu","timelineOffsetMs":-6.158064998686314,"schedulingMode":"timeline","audioStartHeadroomMs":-914.3198729977012,"audioStartGuard":"headroom","audioStartCompensationMs":160}
10-12 10:26:04.866 21246 22879 D OutputsAudio: [outputs-audio] stop gain=1.000 release=6.00
10-12 10:26:04.866 21246 22879 D OutputsAudio: [outputs-audio] playMorse.gap sequence=21 nextOffset=2880.000 gapTarget=46939119.463
10-12 10:26:04.866 21246 22879 D OutputsAudio: [outputs-audio] playMorse.dispatch sequence=22 symbol=- offset=2880.000 lead=90.000 dispatchAt=46939029.463
10-12 10:26:04.866 21246 22879 D OutputsAudio: [outputs-audio] start hz=650.0 gain=1.000 attack=2.50 release=6.00
10-12 10:26:04.866 21246 22879 D OutputsAudio: [outputs-audio] playMorse.symbol.start sequence=22 symbol=- expected=46939119.463 actual=46940022.923 skew=903.460 batchElapsed=3783.460
10-12 10:26:04.915 21246 22662 I ReactNativeJS: [outputs] outputs.flashPulse.commit {"timestamp":46939981.261935,"wallClock":1760279164914,"durationMs":48,"source":"console.replay","correlationId":"console-replay:mgnsrkaz9xr8v3hu","latencyMs":97.87787300348282,"timelineOffsetMs":-6.158064998686314,"leadMs":8,"scheduleSkewMs":51.46838500350714,"schedulingMode":"timeline","audioStartHeadroomMs":-914.3198729977012,"audioStartGuard":"headroom","audioStartCompensationMs":160}
10-12 10:26:04.961 21246 22662 D OutputsAudio: [outputs-audio] symbol.info sequence=22 symbol=- timestamp=46940022.923 duration=144.000 expected=46939119.463 skew=903.460 age=5.254
10-12 10:26:04.962 21246 22662 I ReactNativeJS: [outputs] playMorse.symbol {"timestamp":46940028.321623,"wallClock":1760279164961,"symbol":"-","durationMs":144,"index":21,"source":"console.replay","correlationId":"console-replay:9rowfcl7","nativeTimestampMs":46940022.923,"nativeDurationMs":144,"nativeOffsetMs":5.346539996564388,"nativeSequence":22,"monotonicTimestampMs":46940022.923,"nativeExpectedTimestampMs":46939119.463,"nativeStartSkewMs":903.46,"nativeBatchElapsedMs":3783.46,"nativeExpectedSincePriorMs":96,"nativeSincePriorMs":139.548,"nativePatternStartMs":46936239.463,"nativeAgeMs":5.254}
10-12 10:26:04.962 21246 22662 I ReactNativeJS: [outputs] playMorse.symbol {"timestamp":46940028.870165,"wallClock":1760279164962,"symbol":"-","durationMs":144,"index":21,"source":"console.replay","correlationId":"console-replay:mgnsrkf65vxl8q5r","nativeTimestampMs":46940022.923,"nativeDurationMs":144,"nativeOffsetMs":5.346539996564388,"nativeSequence":22,"monotonicTimestampMs":46940022.923,"nativeExpectedTimestampMs":46939119.463,"nativeStartSkewMs":903.46,"nativeBatchElapsedMs":3783.46,"nativeExpectedSincePriorMs":96,"nativeSincePriorMs":139.548,"nativePatternStartMs":46936239.463,"nativeAgeMs":5.254}
10-12 10:26:04.962 21246 22662 I ReactNativeJS: [outputs] outputs.hapticSymbol {"timestamp":46940029.198029,"wallClock":1760279164962,"enabled":true,"symbol":"-","durationMs":144,"platform":"android","source":"console.replay","correlationId":"console-replay:mgnsrkf65vxl8q5r","timelineOffsetMs":null}
10-12 10:26:04.963 21246 22662 I ReactNativeJS: [outputs] outputs.flashPulse {"timestamp":46940029.782612,"wallClock":1760279164963,"enabled":true,"durationMs":144,"source":"console.replay","correlationId":"console-replay:mgnsrkf65vxl8q5r","timelineOffsetMs":5.346539996564388,"schedulingMode":"timeline","audioStartHeadroomMs":-918.3096119984984,"audioStartGuard":"headroom","audioStartCompensationMs":160}
10-12 10:26:05.044 21246 22662 I ReactNativeJS: [outputs] outputs.flashPulse.commit {"timestamp":46940110.579956,"wallClock":1760279165043,"durationMs":144,"source":"console.replay","correlationId":"console-replay:mgnsrkf65vxl8q5r","latencyMs":82.30067700147629,"timelineOffsetMs":5.346539996564388,"leadMs":8,"scheduleSkewMs":80.79593800008297,"schedulingMode":"timeline","audioStartHeadroomMs":-918.3096119984984,"audioStartGuard":"headroom","audioStartCompensationMs":160}
10-12 10:26:05.101 21246 22879 D OutputsAudio: [outputs-audio] stop gain=1.000 release=6.00
10-12 10:26:05.101 21246 22879 D OutputsAudio: [outputs-audio] playMorse.gap sequence=22 nextOffset=3072.000 gapTarget=46939311.463
10-12 10:26:05.101 21246 22879 D OutputsAudio: [outputs-audio] playMorse.dispatch sequence=23 symbol=- offset=3072.000 lead=90.000 dispatchAt=46939221.463
10-12 10:26:05.101 21246 22879 D OutputsAudio: [outputs-audio] start hz=650.0 gain=1.000 attack=2.50 release=6.00
10-12 10:26:05.101 21246 22879 D OutputsAudio: [outputs-audio] playMorse.symbol.start sequence=23 symbol=- expected=46939311.463 actual=46940257.781 skew=946.318 batchElapsed=4018.318
10-12 10:26:05.166 21246 22662 D OutputsAudio: [outputs-audio] symbol.info sequence=23 symbol=- timestamp=46940257.781 duration=144.000 expected=46939311.463 skew=946.318 age=0.000
10-12 10:26:05.167 21246 22662 I ReactNativeJS: [outputs] playMorse.symbol {"timestamp":46940233.089748,"wallClock":1760279165166,"symbol":"-","durationMs":144,"index":22,"source":"console.replay","correlationId":"console-replay:9yh1wxfz","nativeTimestampMs":46940257.781,"nativeDurationMs":144,"nativeOffsetMs":-24.806513004004955,"nativeSequence":23,"monotonicTimestampMs":46940257.781,"nativeExpectedTimestampMs":46939311.463,"nativeStartSkewMs":946.318,"nativeBatchElapsedMs":4018.318,"nativeExpectedSincePriorMs":192,"nativeSincePriorMs":234.858,"nativePatternStartMs":46936239.463,"nativeAgeMs":0}
10-12 10:26:05.168 21246 22662 I ReactNativeJS: [outputs] playMorse.symbol {"timestamp":46940234.245164,"wallClock":1760279165167,"symbol":"-","durationMs":144,"index":22,"source":"console.replay","correlationId":"console-replay:mgnsrkkvo6h9qpm5","nativeTimestampMs":46940257.781,"nativeDurationMs":144,"nativeOffsetMs":-24.806513004004955,"nativeSequence":23,"monotonicTimestampMs":46940257.781,"nativeExpectedTimestampMs":46939311.463,"nativeStartSkewMs":946.318,"nativeBatchElapsedMs":4018.318,"nativeExpectedSincePriorMs":192,"nativeSincePriorMs":234.858,"nativePatternStartMs":46936239.463,"nativeAgeMs":0}
10-12 10:26:05.235 21246 22662 I ReactNativeJS: [outputs] outputs.hapticSymbol {"timestamp":46940301.520425,"wallClock":1760279165234,"enabled":true,"symbol":"-","durationMs":144,"platform":"android","source":"console.replay","correlationId":"console-replay:mgnsrkkvo6h9qpm5","timelineOffsetMs":null}
10-12 10:26:05.235 21246 22662 I ReactNativeJS: [outputs] outputs.flashPulse {"timestamp":46940302.207144,"wallClock":1760279165235,"enabled":true,"durationMs":144,"source":"console.replay","correlationId":"console-replay:mgnsrkkvo6h9qpm5","timelineOffsetMs":-24.806513004004955,"schedulingMode":"timeline","audioStartHeadroomMs":-998.7340390011668,"audioStartGuard":"headroom","audioStartCompensationMs":160}
10-12 10:26:05.288 21246 22662 I ReactNativeJS: [outputs] outputs.flashPulse.commit {"timestamp":46940354.625685,"wallClock":1760279165288,"durationMs":144,"source":"console.replay","correlationId":"console-replay:mgnsrkkvo6h9qpm5","latencyMs":96.8354669958353,"timelineOffsetMs":-24.806513004004955,"leadMs":8,"scheduleSkewMs":52.417760998010635,"schedulingMode":"timeline","audioStartHeadroomMs":-998.7340390011668,"audioStartGuard":"headroom","audioStartCompensationMs":160}
10-12 10:26:05.335 21246 22879 D OutputsAudio: [outputs-audio] stop gain=1.000 release=6.00
10-12 10:26:05.335 21246 22879 D OutputsAudio: [outputs-audio] playMorse.gap sequence=23 nextOffset=3264.000 gapTarget=46939503.463
10-12 10:26:05.335 21246 22879 D OutputsAudio: [outputs-audio] playMorse.dispatch sequence=24 symbol=- offset=3264.000 lead=90.000 dispatchAt=46939413.463
10-12 10:26:05.335 21246 22879 D OutputsAudio: [outputs-audio] start hz=650.0 gain=1.000 attack=2.50 release=6.00
10-12 10:26:05.336 21246 22879 D OutputsAudio: [outputs-audio] playMorse.symbol.start sequence=24 symbol=- expected=46939503.463 actual=46940492.543 skew=989.080 batchElapsed=4253.080
10-12 10:26:05.394 21246 22662 D OutputsAudio: [outputs-audio] symbol.info sequence=24 symbol=- timestamp=46940492.543 duration=144.000 expected=46939503.463 skew=989.080 age=0.000
10-12 10:26:05.397 21246 22662 I ReactNativeJS: [outputs] playMorse.symbol {"timestamp":46940461.257664,"wallClock":1760279165394,"symbol":"-","durationMs":144,"index":23,"source":"console.replay","correlationId":"console-replay:40d5lmwn","nativeTimestampMs":46940492.543,"nativeDurationMs":144,"nativeOffsetMs":-31.451064996421337,"nativeSequence":24,"monotonicTimestampMs":46940492.543,"nativeExpectedTimestampMs":46939503.463,"nativeStartSkewMs":989.08,"nativeBatchElapsedMs":4253.08,"nativeExpectedSincePriorMs":192,"nativeSincePriorMs":234.762,"nativePatternStartMs":46936239.463,"nativeAgeMs":0}
10-12 10:26:05.399 21246 22662 I ReactNativeJS: [outputs] playMorse.symbol {"timestamp":46940464.583185,"wallClock":1760279165397,"symbol":"-","durationMs":144,"index":23,"source":"console.replay","correlationId":"console-replay:mgnsrkr97jwt6axf","nativeTimestampMs":46940492.543,"nativeDurationMs":144,"nativeOffsetMs":-31.451064996421337,"nativeSequence":24,"monotonicTimestampMs":46940492.543,"nativeExpectedTimestampMs":46939503.463,"nativeStartSkewMs":989.08,"nativeBatchElapsedMs":4253.08,"nativeExpectedSincePriorMs":192,"nativeSincePriorMs":234.762,"nativePatternStartMs":46936239.463,"nativeAgeMs":0}
10-12 10:26:05.451 21246 22662 I ReactNativeJS: [outputs] outputs.hapticSymbol {"timestamp":46940517.514852,"wallClock":1760279165450,"enabled":true,"symbol":"-","durationMs":144,"platform":"android","source":"console.replay","correlationId":"console-replay:mgnsrkr97jwt6axf","timelineOffsetMs":null}
10-12 10:26:05.451 21246 22662 I ReactNativeJS: [outputs] outputs.flashPulse {"timestamp":46940518.309539,"wallClock":1760279165451,"enabled":true,"durationMs":144,"source":"console.replay","correlationId":"console-replay:mgnsrkr97jwt6axf","timelineOffsetMs":-31.451064996421337,"schedulingMode":"timeline","audioStartHeadroomMs":-1022.8369560018182,"audioStartGuard":"headroom","audioStartCompensationMs":160}
10-12 10:26:05.503 21246 22662 I ReactNativeJS: [outputs] outputs.flashPulse.commit {"timestamp":46940569.533446,"wallClock":1760279165502,"durationMs":144,"source":"console.replay","correlationId":"console-replay:mgnsrkr97jwt6axf","latencyMs":76.98221600055695,"timelineOffsetMs":-31.451064996421337,"leadMs":8,"scheduleSkewMs":51.22348900139332,"schedulingMode":"timeline","audioStartHeadroomMs":-1022.8369560018182,"audioStartGuard":"headroom","audioStartCompensationMs":160}
10-12 10:26:05.570 21246 22879 D OutputsAudio: [outputs-audio] stop gain=1.000 release=6.00
10-12 10:26:05.570 21246 22879 D OutputsAudio: [outputs-audio] playMorse.gap sequence=24 nextOffset=3456.000 gapTarget=46939695.463
10-12 10:26:05.570 21246 22879 D OutputsAudio: [outputs-audio] playMorse.dispatch sequence=25 symbol=. offset=3456.000 lead=90.000 dispatchAt=46939605.463
10-12 10:26:05.570 21246 22879 D OutputsAudio: [outputs-audio] start hz=650.0 gain=1.000 attack=2.50 release=6.00
10-12 10:26:05.570 21246 22879 D OutputsAudio: [outputs-audio] playMorse.symbol.start sequence=25 symbol=. expected=46939695.463 actual=46940727.276 skew=1031.813 batchElapsed=4487.813
10-12 10:26:05.627 21246 22662 D OutputsAudio: [outputs-audio] symbol.info sequence=25 symbol=. timestamp=46940727.276 duration=48.000 expected=46939695.463 skew=1031.813 age=0.000
10-12 10:26:05.628 21246 22662 I ReactNativeJS: [outputs] playMorse.symbol {"timestamp":46940693.883706,"wallClock":1760279165627,"symbol":".","durationMs":48,"index":24,"source":"console.replay","correlationId":"console-replay:d150wyd3","nativeTimestampMs":46940727.276,"nativeDurationMs":48,"nativeOffsetMs":-33.47911699861288,"nativeSequence":25,"monotonicTimestampMs":46940727.276,"nativeExpectedTimestampMs":46939695.463,"nativeStartSkewMs":1031.813,"nativeBatchElapsedMs":4487.813,"nativeExpectedSincePriorMs":192,"nativeSincePriorMs":234.733,"nativePatternStartMs":46936239.463,"nativeAgeMs":0}
10-12 10:26:05.628 21246 22662 I ReactNativeJS: [outputs] playMorse.symbol {"timestamp":46940694.813966,"wallClock":1760279165628,"symbol":".","durationMs":48,"index":24,"source":"console.replay","correlationId":"console-replay:mgnsrkxo2kv20emv","nativeTimestampMs":46940727.276,"nativeDurationMs":48,"nativeOffsetMs":-33.47911699861288,"nativeSequence":25,"monotonicTimestampMs":46940727.276,"nativeExpectedTimestampMs":46939695.463,"nativeStartSkewMs":1031.813,"nativeBatchElapsedMs":4487.813,"nativeExpectedSincePriorMs":192,"nativeSincePriorMs":234.733,"nativePatternStartMs":46936239.463,"nativeAgeMs":0}
10-12 10:26:05.681 21246 22662 I ReactNativeJS: [outputs] outputs.hapticSymbol {"timestamp":46940747.634279,"wallClock":1760279165681,"enabled":true,"symbol":".","durationMs":48,"platform":"android","source":"console.replay","correlationId":"console-replay:mgnsrkxo2kv20emv","timelineOffsetMs":null}
