10-12 10:20:24.604 21246 21320 I ReactNativeJS: [outputs] playMorse.symbol {"timestamp":46599669.756909,"wallClock":1760278824603,"symbol":".","durationMs":80,"index":18,"source":"console.replay","correlationId":"console-replay:r0x0navq","nativeTimestampMs":46599670.63,"nativeDurationMs":80,"nativeOffsetMs":-0.9722060039639473,"nativeSequence":19,"monotonicTimestampMs":46599670.63,"nativeExpectedTimestampMs":46599470.847,"nativeStartSkewMs":199.783,"nativeBatchElapsedMs":4519.783,"nativeExpectedSincePriorMs":320,"nativeSincePriorMs":331.065,"nativePatternStartMs":46595150.847,"nativeAgeMs":0}
10-12 10:20:24.604 21246 21320 I ReactNativeJS: [outputs] playMorse.symbol {"timestamp":46599670.764096,"wallClock":1760278824604,"symbol":".","durationMs":80,"index":18,"source":"console.replay","correlationId":"console-replay:mgnsk9sskruknawg","nativeTimestampMs":46599670.63,"nativeDurationMs":80,"nativeOffsetMs":-0.9722060039639473,"nativeSequence":19,"monotonicTimestampMs":46599670.63,"nativeExpectedTimestampMs":46599470.847,"nativeStartSkewMs":199.783,"nativeBatchElapsedMs":4519.783,"nativeExpectedSincePriorMs":320,"nativeSincePriorMs":331.065,"nativePatternStartMs":46595150.847,"nativeAgeMs":0}
10-12 10:20:24.605 21246 21320 I ReactNativeJS: [outputs] outputs.hapticSymbol {"timestamp":46599671.350971,"wallClock":1760278824604,"enabled":true,"symbol":".","durationMs":80,"platform":"android","source":"console.replay","correlationId":"console-replay:mgnsk9sskruknawg","timelineOffsetMs":null}
10-12 10:20:24.606 21246 21320 I ReactNativeJS: [outputs] outputs.flashPulse {"timestamp":46599672.352638,"wallClock":1760278824605,"enabled":true,"durationMs":80,"source":"console.replay","correlationId":"console-replay:mgnsk9sskruknawg","timelineOffsetMs":-0.9722060039639473,"schedulingMode":"timeline","audioStartHeadroomMs":-209.4860029965639,"audioStartGuard":"headroom","audioStartCompensationMs":160}
10-12 10:20:24.669 21246 21320 I ReactNativeJS: [outputs] outputs.flashPulse.commit {"timestamp":46599735.875763,"wallClock":1760278824669,"durationMs":80,"source":"console.replay","correlationId":"console-replay:mgnsk9sskruknawg","latencyMs":65.23670099675655,"timelineOffsetMs":-0.9722060039639473,"leadMs":8,"scheduleSkewMs":63.53067699819803,"schedulingMode":"timeline","audioStartHeadroomMs":-209.4860029965639,"audioStartGuard":"headroom","audioStartCompensationMs":160}
10-12 10:20:24.684 21246 21731 D OutputsAudio: [outputs-audio] stop gain=1.000 release=6.00
10-12 10:20:24.684 21246 21731 D OutputsAudio: [outputs-audio] playMorse.gap sequence=19 nextOffset=4480.000 gapTarget=46599630.847
10-12 10:20:24.684 21246 21731 D OutputsAudio: [outputs-audio] playMorse.dispatch sequence=20 symbol=. offset=4480.000 lead=90.000 dispatchAt=46599540.847
10-12 10:20:24.684 21246 21731 D OutputsAudio: [outputs-audio] start hz=650.0 gain=1.000 attack=2.50 release=6.00
10-12 10:20:24.684 21246 21731 D OutputsAudio: [outputs-audio] playMorse.symbol.start sequence=20 symbol=. expected=46599630.847 actual=46599841.352 skew=210.505 batchElapsed=4690.505
10-12 10:20:24.776 21246 21320 D OutputsAudio: [outputs-audio] symbol.info sequence=20 symbol=. timestamp=46599841.352 duration=80.000 expected=46599630.847 skew=210.505 age=1.455
10-12 10:20:24.777 21246 21320 I ReactNativeJS: [outputs] playMorse.symbol {"timestamp":46599843.095971,"wallClock":1760278824776,"symbol":".","durationMs":80,"index":19,"source":"console.replay","correlationId":"console-replay:vb1bevl2","nativeTimestampMs":46599841.352,"nativeDurationMs":80,"nativeOffsetMs":1.6214710026979446,"nativeSequence":20,"monotonicTimestampMs":46599841.352,"nativeExpectedTimestampMs":46599630.847,"nativeStartSkewMs":210.505,"nativeBatchElapsedMs":4690.505,"nativeExpectedSincePriorMs":160,"nativeSincePriorMs":170.722,"nativePatternStartMs":46595150.847,"nativeAgeMs":1.455}
10-12 10:20:24.778 21246 21320 I ReactNativeJS: [outputs] playMorse.symbol {"timestamp":46599844.40394,"wallClock":1760278824777,"symbol":".","durationMs":80,"index":19,"source":"console.replay","correlationId":"console-replay:mgnsk9xluw19nybd","nativeTimestampMs":46599841.352,"nativeDurationMs":80,"nativeOffsetMs":1.6214710026979446,"nativeSequence":20,"monotonicTimestampMs":46599841.352,"nativeExpectedTimestampMs":46599630.847,"nativeStartSkewMs":210.505,"nativeBatchElapsedMs":4690.505,"nativeExpectedSincePriorMs":160,"nativeSincePriorMs":170.722,"nativePatternStartMs":46595150.847,"nativeAgeMs":1.455}
10-12 10:20:24.779 21246 21320 I ReactNativeJS: [outputs] outputs.hapticSymbol {"timestamp":46599845.220867,"wallClock":1760278824778,"enabled":true,"symbol":".","durationMs":80,"platform":"android","source":"console.replay","correlationId":"console-replay:mgnsk9xluw19nybd","timelineOffsetMs":null}
10-12 10:20:24.781 21246 21320 I ReactNativeJS: [outputs] outputs.flashPulse {"timestamp":46599846.509773,"wallClock":1760278824779,"enabled":true,"durationMs":80,"source":"console.replay","correlationId":"console-replay:mgnsk9xluw19nybd","timelineOffsetMs":1.6214710026979446,"schedulingMode":"timeline","audioStartHeadroomMs":-223.63688799738884,"audioStartGuard":"headroom","audioStartCompensationMs":160}
10-12 10:20:24.855 21246 21731 D OutputsAudio: [outputs-audio] stop gain=1.000 release=6.00
10-12 10:20:24.855 21246 21731 D OutputsAudio: [outputs-audio] playMorse.gap sequence=20 nextOffset=4640.000 gapTarget=46599790.847
10-12 10:20:24.855 21246 21731 D OutputsAudio: [outputs-audio] playMorse.dispatch sequence=21 symbol=. offset=4640.000 lead=90.000 dispatchAt=46599700.847
10-12 10:20:24.855 21246 21731 D OutputsAudio: [outputs-audio] start hz=650.0 gain=1.000 attack=2.50 release=6.00
10-12 10:20:24.855 21246 21731 D OutputsAudio: [outputs-audio] playMorse.symbol.start sequence=21 symbol=. expected=46599790.847 actual=46600012.514 skew=221.667 batchElapsed=4861.667
10-12 10:20:24.856 21246 21320 I ReactNativeJS: [outputs] outputs.flashPulse.commit {"timestamp":46599922.195451,"wallClock":1760278824855,"durationMs":80,"source":"console.replay","correlationId":"console-replay:mgnsk9xluw19nybd","latencyMs":79.21338599920273,"timelineOffsetMs":1.6214710026979446,"leadMs":8,"scheduleSkewMs":75.69854199886322,"schedulingMode":"timeline","audioStartHeadroomMs":-223.63688799738884,"audioStartGuard":"headroom","audioStartCompensationMs":160}
10-12 10:20:24.943 21246 21320 D OutputsAudio: [outputs-audio] symbol.info sequence=21 symbol=. timestamp=46600012.514 duration=80.000 expected=46599790.847 skew=221.667 age=0.000
10-12 10:20:24.944 21246 21320 I ReactNativeJS: [outputs] playMorse.symbol {"timestamp":46600010.008003,"wallClock":1760278824943,"symbol":".","durationMs":80,"index":20,"source":"console.replay","correlationId":"console-replay:8v9zj1rc","nativeTimestampMs":46600012.514,"nativeDurationMs":80,"nativeOffsetMs":-2.5838619992136955,"nativeSequence":21,"monotonicTimestampMs":46600012.514,"nativeExpectedTimestampMs":46599790.847,"nativeStartSkewMs":221.667,"nativeBatchElapsedMs":4861.667,"nativeExpectedSincePriorMs":160,"nativeSincePriorMs":171.162,"nativePatternStartMs":46595150.847,"nativeAgeMs":0}
10-12 10:20:24.945 21246 21320 I ReactNativeJS: [outputs] playMorse.symbol {"timestamp":46600011.337482,"wallClock":1760278824944,"symbol":".","durationMs":80,"index":20,"source":"console.replay","correlationId":"console-replay:mgnska28prb3pitd","nativeTimestampMs":46600012.514,"nativeDurationMs":80,"nativeOffsetMs":-2.5838619992136955,"nativeSequence":21,"monotonicTimestampMs":46600012.514,"nativeExpectedTimestampMs":46599790.847,"nativeStartSkewMs":221.667,"nativeBatchElapsedMs":4861.667,"nativeExpectedSincePriorMs":160,"nativeSincePriorMs":171.162,"nativePatternStartMs":46595150.847,"nativeAgeMs":0}
10-12 10:20:24.945 21246 21320 I ReactNativeJS: [outputs] outputs.hapticSymbol {"timestamp":46600011.872482,"wallClock":1760278824945,"enabled":true,"symbol":".","durationMs":80,"platform":"android","source":"console.replay","correlationId":"console-replay:mgnska28prb3pitd","timelineOffsetMs":null}
10-12 10:20:24.946 21246 21320 I ReactNativeJS: [outputs] outputs.flashPulse {"timestamp":46600012.915711,"wallClock":1760278824946,"enabled":true,"durationMs":80,"source":"console.replay","correlationId":"console-replay:mgnska28prb3pitd","timelineOffsetMs":-2.5838619992136955,"schedulingMode":"timeline","audioStartHeadroomMs":-230.05319000035524,"audioStartGuard":"headroom","audioStartCompensationMs":160}
10-12 10:20:25.016 21246 21320 I ReactNativeJS: [outputs] outputs.flashPulse.commit {"timestamp":46600082.333107,"wallClock":1760278825015,"durationMs":80,"source":"console.replay","correlationId":"console-replay:mgnska28prb3pitd","latencyMs":69.80973200500011,"timelineOffsetMs":-2.5838619992136955,"leadMs":8,"scheduleSkewMs":69.42072900384665,"schedulingMode":"timeline","audioStartHeadroomMs":-230.05319000035524,"audioStartGuard":"headroom","audioStartCompensationMs":160}
10-12 10:20:25.026 21246 21731 D OutputsAudio: [outputs-audio] stop gain=1.000 release=6.00
10-12 10:20:25.026 21246 21731 D OutputsAudio: [outputs-audio] playMorse.gap sequence=21 nextOffset=4800.000 gapTarget=46599950.847
10-12 10:20:25.026 21246 21731 D OutputsAudio: [outputs-audio] playMorse.dispatch sequence=22 symbol=- offset=4800.000 lead=90.000 dispatchAt=46599860.847
10-12 10:20:25.026 21246 21731 D OutputsAudio: [outputs-audio] start hz=650.0 gain=1.000 attack=2.50 release=6.00
10-12 10:20:25.026 21246 21731 D OutputsAudio: [outputs-audio] playMorse.symbol.start sequence=22 symbol=- expected=46599950.847 actual=46600183.257 skew=232.410 batchElapsed=5032.410
10-12 10:20:25.118 21246 21320 D OutputsAudio: [outputs-audio] symbol.info sequence=22 symbol=- timestamp=46600183.257 duration=240.000 expected=46599950.847 skew=232.410 age=1.937
10-12 10:20:25.119 21246 21320 I ReactNativeJS: [outputs] playMorse.symbol {"timestamp":46600185.459409,"wallClock":1760278825118,"symbol":"-","durationMs":240,"index":21,"source":"console.replay","correlationId":"console-replay:9e4mh998","nativeTimestampMs":46600183.257,"nativeDurationMs":240,"nativeOffsetMs":2.096628002822399,"nativeSequence":22,"monotonicTimestampMs":46600183.257,"nativeExpectedTimestampMs":46599950.847,"nativeStartSkewMs":232.41,"nativeBatchElapsedMs":5032.41,"nativeExpectedSincePriorMs":160,"nativeSincePriorMs":170.743,"nativePatternStartMs":46595150.847,"nativeAgeMs":1.937}
10-12 10:20:25.120 21246 21320 I ReactNativeJS: [outputs] playMorse.symbol {"timestamp":46600186.466492,"wallClock":1760278825119,"symbol":"-","durationMs":240,"index":21,"source":"console.replay","correlationId":"console-replay:mgnska734ntpn7x4","nativeTimestampMs":46600183.257,"nativeDurationMs":240,"nativeOffsetMs":2.096628002822399,"nativeSequence":22,"monotonicTimestampMs":46600183.257,"nativeExpectedTimestampMs":46599950.847,"nativeStartSkewMs":232.41,"nativeBatchElapsedMs":5032.41,"nativeExpectedSincePriorMs":160,"nativeSincePriorMs":170.743,"nativePatternStartMs":46595150.847,"nativeAgeMs":1.937}
10-12 10:20:25.121 21246 21320 I ReactNativeJS: [outputs] outputs.hapticSymbol {"timestamp":46600187.143471,"wallClock":1760278825120,"enabled":true,"symbol":"-","durationMs":240,"platform":"android","source":"console.replay","correlationId":"console-replay:mgnska734ntpn7x4","timelineOffsetMs":null}
10-12 10:20:25.122 21246 21320 I ReactNativeJS: [outputs] outputs.flashPulse {"timestamp":46600188.247273,"wallClock":1760278825121,"enabled":true,"durationMs":240,"source":"console.replay","correlationId":"console-replay:mgnska734ntpn7x4","timelineOffsetMs":2.096628002822399,"schedulingMode":"timeline","audioStartHeadroomMs":-245.38011699914932,"audioStartGuard":"headroom","audioStartCompensationMs":160}
10-12 10:20:25.188 21246 21320 I ReactNativeJS: [outputs] outputs.flashPulse.commit {"timestamp":46600255.171961,"wallClock":1760278825188,"durationMs":240,"source":"console.replay","correlationId":"console-replay:mgnska734ntpn7x4","latencyMs":69.8097390010953,"timelineOffsetMs":2.096628002822399,"leadMs":8,"scheduleSkewMs":66.9327080026269,"schedulingMode":"timeline","audioStartHeadroomMs":-245.38011699914932,"audioStartGuard":"headroom","audioStartCompensationMs":160}
10-12 10:20:25.357 21246 21731 D OutputsAudio: [outputs-audio] stop gain=1.000 release=6.00
10-12 10:20:25.357 21246 21731 D OutputsAudio: [outputs-audio] playMorse.gap sequence=22 nextOffset=5120.000 gapTarget=46600270.847
10-12 10:20:25.357 21246 21731 D OutputsAudio: [outputs-audio] playMorse.dispatch sequence=23 symbol=- offset=5120.000 lead=90.000 dispatchAt=46600180.847
10-12 10:20:25.357 21246 21731 D OutputsAudio: [outputs-audio] start hz=650.0 gain=1.000 attack=2.50 release=6.00
10-12 10:20:25.357 21246 21731 D OutputsAudio: [outputs-audio] playMorse.symbol.start sequence=23 symbol=- expected=46600270.847 actual=46600513.934 skew=243.087 batchElapsed=5363.087
10-12 10:20:25.452 21246 21320 D OutputsAudio: [outputs-audio] symbol.info sequence=23 symbol=- timestamp=46600513.934 duration=240.000 expected=46600270.847 skew=243.087 age=4.926
10-12 10:20:25.453 21246 21320 I ReactNativeJS: [outputs] playMorse.symbol {"timestamp":46600519.07894,"wallClock":1760278825452,"symbol":"-","durationMs":240,"index":22,"source":"console.replay","correlationId":"console-replay:5wauvhnd","nativeTimestampMs":46600513.934,"nativeDurationMs":240,"nativeOffsetMs":5.067856997251511,"nativeSequence":23,"monotonicTimestampMs":46600513.934,"nativeExpectedTimestampMs":46600270.847,"nativeStartSkewMs":243.087,"nativeBatchElapsedMs":5363.087,"nativeExpectedSincePriorMs":320,"nativeSincePriorMs":330.677,"nativePatternStartMs":46595150.847,"nativeAgeMs":4.926}
10-12 10:20:25.453 21246 21320 I ReactNativeJS: [outputs] playMorse.symbol {"timestamp":46600519.924148,"wallClock":1760278825453,"symbol":"-","durationMs":240,"index":22,"source":"console.replay","correlationId":"console-replay:mgnskagdd3o6cw50","nativeTimestampMs":46600513.934,"nativeDurationMs":240,"nativeOffsetMs":5.067856997251511,"nativeSequence":23,"monotonicTimestampMs":46600513.934,"nativeExpectedTimestampMs":46600270.847,"nativeStartSkewMs":243.087,"nativeBatchElapsedMs":5363.087,"nativeExpectedSincePriorMs":320,"nativeSincePriorMs":330.677,"nativePatternStartMs":46595150.847,"nativeAgeMs":4.926}
10-12 10:20:25.454 21246 21320 I ReactNativeJS: [outputs] outputs.hapticSymbol {"timestamp":46600520.467377,"wallClock":1760278825453,"enabled":true,"symbol":"-","durationMs":240,"platform":"android","source":"console.replay","correlationId":"console-replay:mgnskagdd3o6cw50","timelineOffsetMs":null}
10-12 10:20:25.455 21246 21320 I ReactNativeJS: [outputs] outputs.flashPulse {"timestamp":46600521.308992,"wallClock":1760278825454,"enabled":true,"durationMs":240,"source":"console.replay","correlationId":"console-replay:mgnskagdd3o6cw50","timelineOffsetMs":5.067856997251511,"schedulingMode":"timeline","audioStartHeadroomMs":-258.4467839971185,"audioStartGuard":"headroom","audioStartCompensationMs":160}
10-12 10:20:25.511 21246 21320 I ReactNativeJS: [outputs] outputs.flashPulse.commit {"timestamp":46600577.985502,"wallClock":1760278825511,"durationMs":240,"source":"console.replay","correlationId":"console-replay:mgnskagdd3o6cw50","latencyMs":58.973802000284195,"timelineOffsetMs":5.067856997251511,"leadMs":8,"scheduleSkewMs":56.679480001330376,"schedulingMode":"timeline","audioStartHeadroomMs":-258.4467839971185,"audioStartGuard":"headroom","audioStartCompensationMs":160}
10-12 10:20:25.688 21246 21731 D OutputsAudio: [outputs-audio] stop gain=1.000 release=6.00
10-12 10:20:25.688 21246 21731 D OutputsAudio: [outputs-audio] playMorse.gap sequence=23 nextOffset=5440.000 gapTarget=46600590.847
10-12 10:20:25.689 21246 21731 D OutputsAudio: [outputs-audio] playMorse.dispatch sequence=24 symbol=- offset=5440.000 lead=90.000 dispatchAt=46600500.847
10-12 10:20:25.689 21246 21731 D OutputsAudio: [outputs-audio] start hz=650.0 gain=1.000 attack=2.50 release=6.00
10-12 10:20:25.689 21246 21731 D OutputsAudio: [outputs-audio] playMorse.symbol.start sequence=24 symbol=- expected=46600590.847 actual=46600845.740 skew=254.893 batchElapsed=5694.893
10-12 10:20:25.786 21246 21320 D OutputsAudio: [outputs-audio] symbol.info sequence=24 symbol=- timestamp=46600845.740 duration=240.000 expected=46600590.847 skew=254.893 age=7.031
10-12 10:20:25.787 21246 21320 I ReactNativeJS: [outputs] playMorse.symbol {"timestamp":46600852.969565,"wallClock":1760278825786,"symbol":"-","durationMs":240,"index":23,"source":"console.replay","correlationId":"console-replay:4nxrp8rb","nativeTimestampMs":46600845.74,"nativeDurationMs":240,"nativeOffsetMs":7.150554001331329,"nativeSequence":24,"monotonicTimestampMs":46600845.74,"nativeExpectedTimestampMs":46600590.847,"nativeStartSkewMs":254.893,"nativeBatchElapsedMs":5694.893,"nativeExpectedSincePriorMs":320,"nativeSincePriorMs":331.805,"nativePatternStartMs":46595150.847,"nativeAgeMs":7.031}
10-12 10:20:25.787 21246 21320 I ReactNativeJS: [outputs] playMorse.symbol {"timestamp":46600853.719252,"wallClock":1760278825787,"symbol":"-","durationMs":240,"index":23,"source":"console.replay","correlationId":"console-replay:mgnskapnk4meuy7o","nativeTimestampMs":46600845.74,"nativeDurationMs":240,"nativeOffsetMs":7.150554001331329,"nativeSequence":24,"monotonicTimestampMs":46600845.74,"nativeExpectedTimestampMs":46600590.847,"nativeStartSkewMs":254.893,"nativeBatchElapsedMs":5694.893,"nativeExpectedSincePriorMs":320,"nativeSincePriorMs":331.805,"nativePatternStartMs":46595150.847,"nativeAgeMs":7.031}
10-12 10:20:25.787 21246 21320 I ReactNativeJS: [outputs] outputs.hapticSymbol {"timestamp":46600854.161023,"wallClock":1760278825787,"enabled":true,"symbol":"-","durationMs":240,"platform":"android","source":"console.replay","correlationId":"console-replay:mgnskapnk4meuy7o","timelineOffsetMs":null}
10-12 10:20:25.788 21246 21320 I ReactNativeJS: [outputs] outputs.flashPulse {"timestamp":46600854.965294,"wallClock":1760278825788,"enabled":true,"durationMs":240,"source":"console.replay","correlationId":"console-replay:mgnskapnk4meuy7o","timelineOffsetMs":7.150554001331329,"schedulingMode":"timeline","audioStartHeadroomMs":-272.1029809936881,"audioStartGuard":"headroom","audioStartCompensationMs":160}
10-12 10:20:25.845 21246 21320 I ReactNativeJS: [outputs] outputs.flashPulse.commit {"timestamp":46600911.430763,"wallClock":1760278825844,"durationMs":240,"source":"console.replay","correlationId":"console-replay:mgnskapnk4meuy7o","latencyMs":58.530364997684956,"timelineOffsetMs":7.150554001331329,"leadMs":8,"scheduleSkewMs":56.468281000852585,"schedulingMode":"timeline","audioStartHeadroomMs":-272.1029809936881,"audioStartGuard":"headroom","audioStartCompensationMs":160}
10-12 10:20:26.020 21246 21731 D OutputsAudio: [outputs-audio] stop gain=1.000 release=6.00
10-12 10:20:26.020 21246 21731 D OutputsAudio: [outputs-audio] playMorse.gap sequence=24 nextOffset=5760.000 gapTarget=46600910.847
10-12 10:20:26.020 21246 21731 D OutputsAudio: [outputs-audio] playMorse.dispatch sequence=25 symbol=. offset=5760.000 lead=90.000 dispatchAt=46600820.847
10-12 10:20:26.020 21246 21731 D OutputsAudio: [outputs-audio] start hz=650.0 gain=1.000 attack=2.50 release=6.00
10-12 10:20:26.020 21246 21731 D OutputsAudio: [outputs-audio] playMorse.symbol.start sequence=25 symbol=. expected=46600910.847 actual=46601177.341 skew=266.494 batchElapsed=6026.494
10-12 10:20:26.120 21246 21320 D OutputsAudio: [outputs-audio] symbol.info sequence=25 symbol=. timestamp=46601177.341 duration=80.000 expected=46600910.847 skew=266.494 age=9.742
10-12 10:20:26.121 21246 21320 I ReactNativeJS: [outputs] playMorse.symbol {"timestamp":46601187.29769,"wallClock":1760278826120,"symbol":".","durationMs":80,"index":24,"source":"console.replay","correlationId":"console-replay:v7idanmn","nativeTimestampMs":46601177.341,"nativeDurationMs":80,"nativeOffsetMs":9.877992004156113,"nativeSequence":25,"monotonicTimestampMs":46601177.341,"nativeExpectedTimestampMs":46600910.847,"nativeStartSkewMs":266.494,"nativeBatchElapsedMs":6026.494,"nativeExpectedSincePriorMs":320,"nativeSincePriorMs":331.602,"nativePatternStartMs":46595150.847,"nativeAgeMs":9.742}
10-12 10:20:26.122 21246 21320 I ReactNativeJS: [outputs] playMorse.symbol {"timestamp":46601188.1142,"wallClock":1760278826121,"symbol":".","durationMs":80,"index":24,"source":"console.replay","correlationId":"console-replay:mgnskayxs1tipypq","nativeTimestampMs":46601177.341,"nativeDurationMs":80,"nativeOffsetMs":9.877992004156113,"nativeSequence":25,"monotonicTimestampMs":46601177.341,"nativeExpectedTimestampMs":46600910.847,"nativeStartSkewMs":266.494,"nativeBatchElapsedMs":6026.494,"nativeExpectedSincePriorMs":320,"nativeSincePriorMs":331.602,"nativePatternStartMs":46595150.847,"nativeAgeMs":9.742}
10-12 10:20:26.122 21246 21320 I ReactNativeJS: [outputs] outputs.hapticSymbol {"timestamp":46601188.790867,"wallClock":1760278826122,"enabled":true,"symbol":".","durationMs":80,"platform":"android","source":"console.replay","correlationId":"console-replay:mgnskayxs1tipypq","timelineOffsetMs":null}
10-12 10:20:26.123 21246 21320 I ReactNativeJS: [outputs] outputs.flashPulse {"timestamp":46601189.626804,"wallClock":1760278826123,"enabled":true,"durationMs":80,"source":"console.replay","correlationId":"console-replay:mgnskayxs1tipypq","timelineOffsetMs":9.877992004156113,"schedulingMode":"timeline","audioStartHeadroomMs":-286.76417899876833,"audioStartGuard":"headroom","audioStartCompensationMs":160}
10-12 10:20:26.187 21246 21320 I ReactNativeJS: [outputs] outputs.flashPulse.commit {"timestamp":46601253.653106,"wallClock":1760278826187,"durationMs":80,"source":"console.replay","correlationId":"console-replay:mgnskayxs1tipypq","latencyMs":66.42453099787235,"timelineOffsetMs":9.877992004156113,"leadMs":8,"scheduleSkewMs":64.029739998281,"schedulingMode":"timeline","audioStartHeadroomMs":-286.76417899876833,"audioStartGuard":"headroom","audioStartCompensationMs":160}
10-12 10:20:26.190 21246 21731 D OutputsAudio: [outputs-audio] stop gain=1.000 release=6.00
10-12 10:20:26.190 21246 21731 D OutputsAudio: [outputs-audio] playMorse.gap sequence=25 nextOffset=5920.000 gapTarget=46601070.847
10-12 10:20:26.190 21246 21731 D OutputsAudio: [outputs-audio] playMorse.dispatch sequence=26 symbol=. offset=5920.000 lead=90.000 dispatchAt=46600980.847
10-12 10:20:26.190 21246 21731 D OutputsAudio: [outputs-audio] start hz=650.0 gain=1.000 attack=2.50 release=6.00
10-12 10:20:26.190 21246 21731 D OutputsAudio: [outputs-audio] playMorse.symbol.start sequence=26 symbol=. expected=46601070.847 actual=46601347.580 skew=276.733 batchElapsed=6196.733
10-12 10:20:26.284 21246 21320 D OutputsAudio: [outputs-audio] symbol.info sequence=26 symbol=. timestamp=46601347.580 duration=80.000 expected=46601070.847 skew=276.733 age=3.267
10-12 10:20:26.285 21246 21320 I ReactNativeJS: [outputs] playMorse.symbol {"timestamp":46601351.046752,"wallClock":1760278826284,"symbol":".","durationMs":80,"index":25,"source":"console.replay","correlationId":"console-replay:s746qa9o","nativeTimestampMs":46601347.58,"nativeDurationMs":80,"nativeOffsetMs":3.385554000735283,"nativeSequence":26,"monotonicTimestampMs":46601347.58,"nativeExpectedTimestampMs":46601070.847,"nativeStartSkewMs":276.733,"nativeBatchElapsedMs":6196.733,"nativeExpectedSincePriorMs":160,"nativeSincePriorMs":170.238,"nativePatternStartMs":46595150.847,"nativeAgeMs":3.267}
10-12 10:20:26.285 21246 21320 I ReactNativeJS: [outputs] playMorse.symbol {"timestamp":46601351.847325,"wallClock":1760278826285,"symbol":".","durationMs":80,"index":25,"source":"console.replay","correlationId":"console-replay:mgnskb3h8flbepqg","nativeTimestampMs":46601347.58,"nativeDurationMs":80,"nativeOffsetMs":3.385554000735283,"nativeSequence":26,"monotonicTimestampMs":46601347.58,"nativeExpectedTimestampMs":46601070.847,"nativeStartSkewMs":276.733,"nativeBatchElapsedMs":6196.733,"nativeExpectedSincePriorMs":160,"nativeSincePriorMs":170.238,"nativePatternStartMs":46595150.847,"nativeAgeMs":3.267}
10-12 10:20:26.286 21246 21320 I ReactNativeJS: [outputs] outputs.hapticSymbol {"timestamp":46601352.643106,"wallClock":1760278826286,"enabled":true,"symbol":".","durationMs":80,"platform":"android","source":"console.replay","correlationId":"console-replay:mgnskb3h8flbepqg","timelineOffsetMs":null}
10-12 10:20:26.287 21246 21320 I ReactNativeJS: [outputs] outputs.flashPulse {"timestamp":46601353.896075,"wallClock":1760278826287,"enabled":true,"durationMs":80,"source":"console.replay","correlationId":"console-replay:mgnskb3h8flbepqg","timelineOffsetMs":3.385554000735283,"schedulingMode":"timeline","audioStartHeadroomMs":-291.0328250005841,"audioStartGuard":"headroom","audioStartCompensationMs":160}
10-12 10:20:26.355 21246 21320 I ReactNativeJS: [outputs] outputs.flashPulse.commit {"timestamp":46601421.613835,"wallClock":1760278826355,"durationMs":80,"source":"console.replay","correlationId":"console-replay:mgnskb3h8flbepqg","latencyMs":70.63791700452566,"timelineOffsetMs":3.385554000735283,"leadMs":8,"scheduleSkewMs":67.72078100591898,"schedulingMode":"timeline","audioStartHeadroomMs":-291.0328250005841,"audioStartGuard":"headroom","audioStartCompensationMs":160}
10-12 10:20:26.361 21246 21731 D OutputsAudio: [outputs-audio] stop gain=1.000 release=6.00
10-12 10:20:26.361 21246 21731 D OutputsAudio: [outputs-audio] playMorse.gap sequence=26 nextOffset=6080.000 gapTarget=46601230.847
10-12 10:20:26.361 21246 21731 D OutputsAudio: [outputs-audio] playMorse.dispatch sequence=27 symbol=. offset=6080.000 lead=90.000 dispatchAt=46601140.847
10-12 10:20:26.361 21246 21731 D OutputsAudio: [outputs-audio] start hz=650.0 gain=1.000 attack=2.50 release=6.00
10-12 10:20:26.361 21246 21731 D OutputsAudio: [outputs-audio] playMorse.symbol.start sequence=27 symbol=. expected=46601230.847 actual=46601518.443 skew=287.596 batchElapsed=6367.596
10-12 10:20:26.464 21246 21320 D OutputsAudio: [outputs-audio] symbol.info sequence=27 symbol=. timestamp=46601518.443 duration=80.000 expected=46601230.847 skew=287.596 age=12.784
10-12 10:20:26.466 21246 21320 I ReactNativeJS: [outputs] playMorse.symbol {"timestamp":46601531.564408,"wallClock":1760278826464,"symbol":".","durationMs":80,"index":26,"source":"console.replay","correlationId":"console-replay:u5ndsk4v","nativeTimestampMs":46601518.443,"nativeDurationMs":80,"nativeOffsetMs":12.992553994059563,"nativeSequence":27,"monotonicTimestampMs":46601518.443,"nativeExpectedTimestampMs":46601230.847,"nativeStartSkewMs":287.596,"nativeBatchElapsedMs":6367.596,"nativeExpectedSincePriorMs":160,"nativeSincePriorMs":170.863,"nativePatternStartMs":46595150.847,"nativeAgeMs":12.784}
10-12 10:20:26.467 21246 21320 I ReactNativeJS: [outputs] playMorse.symbol {"timestamp":46601533.023992,"wallClock":1760278826466,"symbol":".","durationMs":80,"index":26,"source":"console.replay","correlationId":"console-replay:mgnskb8i3l0ljux4","nativeTimestampMs":46601518.443,"nativeDurationMs":80,"nativeOffsetMs":12.992553994059563,"nativeSequence":27,"monotonicTimestampMs":46601518.443,"nativeExpectedTimestampMs":46601230.847,"nativeStartSkewMs":287.596,"nativeBatchElapsedMs":6367.596,"nativeExpectedSincePriorMs":160,"nativeSincePriorMs":170.863,"nativePatternStartMs":46595150.847,"nativeAgeMs":12.784}
10-12 10:20:26.468 21246 21320 I ReactNativeJS: [outputs] outputs.hapticSymbol {"timestamp":46601533.996127,"wallClock":1760278826467,"enabled":true,"symbol":".","durationMs":80,"platform":"android","source":"console.replay","correlationId":"console-replay:mgnskb8i3l0ljux4","timelineOffsetMs":null}
10-12 10:20:26.475 21246 21320 I ReactNativeJS: [outputs] outputs.flashPulse {"timestamp":46601541.2467,"wallClock":1760278826474,"enabled":true,"durationMs":80,"source":"console.replay","correlationId":"console-replay:mgnskb8i3l0ljux4","timelineOffsetMs":12.992553994059563,"schedulingMode":"timeline","audioStartHeadroomMs":-318.369803994894,"audioStartGuard":"headroom","audioStartCompensationMs":160}
10-12 10:20:26.532 21246 21731 D OutputsAudio: [outputs-audio] stop gain=1.000 release=6.00
10-12 10:20:26.532 21246 21731 D OutputsAudio: [outputs-audio] stop gain=1.000 release=6.00
10-12 10:20:26.532 21246 21731 D OutputsAudio: [outputs-audio] playMorse.end cancelled=0
10-12 10:20:26.543 21246 21320 I ReactNativeJS: [outputs] outputs.flashPulse.commit {"timestamp":46601610.181596,"wallClock":1760278826543,"durationMs":80,"source":"console.replay","correlationId":"console-replay:mgnskb8i3l0ljux4","latencyMs":78.73729199916124,"timelineOffsetMs":12.992553994059563,"leadMs":8,"scheduleSkewMs":68.95171899348497,"schedulingMode":"timeline","audioStartHeadroomMs":-318.369803994894,"audioStartGuard":"headroom","audioStartCompensationMs":160}
10-12 10:20:26.591 21246 21320 I ReactNativeJS: [outputs] playMorse.complete {"timestamp":46601657.373471,"wallClock":1760278826590,"durationMs":7041.13968500495,"source":"console.replay","audioEnabled":true,"audioVolumePercent":100}
10-12 10:20:29.668 21246 21320 I ReactNativeJS: [outputs] playMorse.start {"timestamp":46604734.214042,"wallClock":1760278829667,"unitMs":60,"length":29,"source":"console.replay","audioEnabled":true,"audioVolumePercent":100}
10-12 10:20:30.052 21246 21320 D OutputsAudio: [outputs-audio] warmup hz=650.0
10-12 10:20:30.053 21246 21771 D OutputsAudio: [outputs-audio] playMorse.start count=27 unit=60.0
10-12 10:20:30.053 21246 21771 D OutputsAudio: [outputs-audio] playMorse.dispatch sequence=1 symbol=. offset=0.000 lead=0.000 dispatchAt=46605118.760
10-12 10:20:30.053 21246 21771 D OutputsAudio: [outputs-audio] start hz=650.0 gain=1.000 attack=2.50 release=6.00
10-12 10:20:30.053 21246 21771 D OutputsAudio: [outputs-audio] playMorse.symbol.start sequence=1 symbol=. expected=46605118.760 actual=46605119.685 skew=0.924 batchElapsed=0.924
10-12 10:20:30.066 21246 21320 D OutputsAudio: [outputs-audio] symbol.info sequence=1 symbol=. timestamp=46605119.685 duration=60.000 expected=46605118.760 skew=0.924 age=12.928
10-12 10:20:30.067 21246 21320 I ReactNativeJS: [outputs] playMorse.symbol {"timestamp":46605132.897844,"wallClock":1760278830066,"symbol":".","durationMs":60,"index":0,"source":"console.replay","correlationId":"console-replay:zqgrb1on","nativeTimestampMs":46605119.685,"nativeDurationMs":60,"nativeOffsetMs":13.099875994026661,"nativeSequence":1,"monotonicTimestampMs":46605119.685,"nativeExpectedTimestampMs":46605118.76,"nativeStartSkewMs":0.924,"nativeBatchElapsedMs":0.924,"nativeExpectedSincePriorMs":0,"nativeSincePriorMs":0,"nativePatternStartMs":46605118.76,"nativeAgeMs":12.928}
10-12 10:20:30.068 21246 21320 I ReactNativeJS: [outputs] playMorse.symbol {"timestamp":46605134.227219,"wallClock":1760278830067,"symbol":".","durationMs":60,"index":0,"source":"console.replay","correlationId":"console-replay:mgnske0jc60r9i7f","nativeTimestampMs":46605119.685,"nativeDurationMs":60,"nativeOffsetMs":13.099875994026661,"nativeSequence":1,"monotonicTimestampMs":46605119.685,"nativeExpectedTimestampMs":46605118.76,"nativeStartSkewMs":0.924,"nativeBatchElapsedMs":0.924,"nativeExpectedSincePriorMs":0,"nativeSincePriorMs":0,"nativePatternStartMs":46605118.76,"nativeAgeMs":12.928}
10-12 10:20:30.069 21246 21320 I ReactNativeJS: [outputs] outputs.hapticSymbol {"timestamp":46605135.070657,"wallClock":1760278830068,"enabled":true,"symbol":".","durationMs":60,"platform":"android","source":"console.replay","correlationId":"console-replay:mgnske0jc60r9i7f","timelineOffsetMs":null}
10-12 10:20:30.070 21246 21320 I ReactNativeJS: [outputs] outputs.flashPulse {"timestamp":46605136.535501,"wallClock":1760278830069,"enabled":true,"durationMs":60,"source":"console.replay","correlationId":"console-replay:mgnske0jc60r9i7f","timelineOffsetMs":13.099875994026661,"schedulingMode":"timeline","audioStartHeadroomMs":-25.750656999647617,"audioStartGuard":"headroom","audioStartCompensationMs":25.750656999647617}
10-12 10:20:30.114 21246 21771 D OutputsAudio: [outputs-audio] stop gain=1.000 release=6.00
10-12 10:20:30.114 21246 21771 D OutputsAudio: [outputs-audio] playMorse.gap sequence=1 nextOffset=120.000 gapTarget=46605238.760
10-12 10:20:30.114 21246 21771 D OutputsAudio: [outputs-audio] playMorse.dispatch sequence=2 symbol=. offset=120.000 lead=90.000 dispatchAt=46605148.760
10-12 10:20:30.114 21246 21771 D OutputsAudio: [outputs-audio] start hz=650.0 gain=1.000 attack=2.50 release=6.00
10-12 10:20:30.114 21246 21771 D OutputsAudio: [outputs-audio] playMorse.symbol.start sequence=2 symbol=. expected=46605238.760 actual=46605271.423 skew=32.662 batchElapsed=152.662
10-12 10:20:30.138 21246 21320 I ReactNativeJS: [outputs] outputs.flashPulse.commit {"timestamp":46605204.588001,"wallClock":1760278830137,"durationMs":60,"source":"console.replay","correlationId":"console-replay:mgnske0jc60r9i7f","latencyMs":71.79437500238419,"timelineOffsetMs":13.099875994026661,"leadMs":8,"scheduleSkewMs":68.06442699581385,"schedulingMode":"timeline","audioStartHeadroomMs":-25.750656999647617,"audioStartGuard":"headroom","audioStartCompensationMs":25.750656999647617}
10-12 10:20:30.182 21246 21320 D OutputsAudio: [outputs-audio] symbol.info sequence=2 symbol=. timestamp=46605271.423 duration=60.000 expected=46605238.760 skew=32.662 age=0.000
10-12 10:20:30.183 21246 21320 I ReactNativeJS: [outputs] playMorse.symbol {"timestamp":46605249.68774,"wallClock":1760278830183,"symbol":".","durationMs":60,"index":1,"source":"console.replay","correlationId":"console-replay:f8b8bgdh","nativeTimestampMs":46605271.423,"nativeDurationMs":60,"nativeOffsetMs":-21.785467997193336,"nativeSequence":2,"monotonicTimestampMs":46605271.423,"nativeExpectedTimestampMs":46605238.76,"nativeStartSkewMs":32.662,"nativeBatchElapsedMs":152.662,"nativeExpectedSincePriorMs":120,"nativeSincePriorMs":151.738,"nativePatternStartMs":46605118.76,"nativeAgeMs":0}
10-12 10:20:30.183 21246 21320 I ReactNativeJS: [outputs] playMorse.symbol {"timestamp":46605250.252792,"wallClock":1760278830183,"symbol":".","durationMs":60,"index":1,"source":"console.replay","correlationId":"console-replay:mgnske3rlqlwbtxw","nativeTimestampMs":46605271.423,"nativeDurationMs":60,"nativeOffsetMs":-21.785467997193336,"nativeSequence":2,"monotonicTimestampMs":46605271.423,"nativeExpectedTimestampMs":46605238.76,"nativeStartSkewMs":32.662,"nativeBatchElapsedMs":152.662,"nativeExpectedSincePriorMs":120,"nativeSincePriorMs":151.738,"nativePatternStartMs":46605118.76,"nativeAgeMs":0}
10-12 10:20:30.237 21246 21320 I ReactNativeJS: [outputs] outputs.hapticSymbol {"timestamp":46605303.940553,"wallClock":1760278830237,"enabled":true,"symbol":".","durationMs":60,"platform":"android","source":"console.replay","correlationId":"console-replay:mgnske3rlqlwbtxw","timelineOffsetMs":null}
10-12 10:20:30.238 21246 21320 I ReactNativeJS: [outputs] outputs.flashPulse {"timestamp":46605305.110032,"wallClock":1760278830238,"enabled":true,"durationMs":60,"source":"console.replay","correlationId":"console-replay:mgnske3rlqlwbtxw","timelineOffsetMs":-21.785467997193336,"schedulingMode":"timeline","audioStartHeadroomMs":-74.33362600207329,"audioStartGuard":"headroom","audioStartCompensationMs":74.33362600207329}
10-12 10:20:30.264 21246 21771 D OutputsAudio: [outputs-audio] stop gain=1.000 release=6.00
10-12 10:20:30.265 21246 21771 D OutputsAudio: [outputs-audio] playMorse.gap sequence=2 nextOffset=240.000 gapTarget=46605358.760
10-12 10:20:30.265 21246 21771 D OutputsAudio: [outputs-audio] playMorse.dispatch sequence=3 symbol=. offset=240.000 lead=90.000 dispatchAt=46605268.760
10-12 10:20:30.265 21246 21771 D OutputsAudio: [outputs-audio] start hz=650.0 gain=1.000 attack=2.50 release=6.00
10-12 10:20:30.265 21246 21771 D OutputsAudio: [outputs-audio] playMorse.symbol.start sequence=3 symbol=. expected=46605358.760 actual=46605421.735 skew=62.974 batchElapsed=302.974
10-12 10:20:30.328 21246 21320 I ReactNativeJS: [outputs] outputs.flashPulse.commit {"timestamp":46605394.900344,"wallClock":1760278830328,"durationMs":60,"source":"console.replay","correlationId":"console-replay:mgnske3rlqlwbtxw","latencyMs":123.459636002779,"timelineOffsetMs":-21.785467997193336,"leadMs":8,"scheduleSkewMs":89.78593800216913,"schedulingMode":"timeline","audioStartHeadroomMs":-74.33362600207329,"audioStartGuard":"headroom","audioStartCompensationMs":74.33362600207329}
10-12 10:20:30.383 21246 21320 D OutputsAudio: [outputs-audio] symbol.info sequence=3 symbol=. timestamp=46605421.735 duration=60.000 expected=46605358.760 skew=62.974 age=27.860
10-12 10:20:30.383 21246 21320 I ReactNativeJS: [outputs] playMorse.symbol {"timestamp":46605449.728521,"wallClock":1760278830383,"symbol":".","durationMs":60,"index":2,"source":"console.replay","correlationId":"console-replay:2urxln86","nativeTimestampMs":46605421.735,"nativeDurationMs":60,"nativeOffsetMs":27.94378200173378,"nativeSequence":3,"monotonicTimestampMs":46605421.735,"nativeExpectedTimestampMs":46605358.76,"nativeStartSkewMs":62.974,"nativeBatchElapsedMs":302.974,"nativeExpectedSincePriorMs":120,"nativeSincePriorMs":150.312,"nativePatternStartMs":46605118.76,"nativeAgeMs":27.86}
10-12 10:20:30.383 21246 21320 I ReactNativeJS: [outputs] playMorse.symbol {"timestamp":46605450.251959,"wallClock":1760278830383,"symbol":".","durationMs":60,"index":2,"source":"console.replay","correlationId":"console-replay:mgnske9b4nbufs3g","nativeTimestampMs":46605421.735,"nativeDurationMs":60,"nativeOffsetMs":27.94378200173378,"nativeSequence":3,"monotonicTimestampMs":46605421.735,"nativeExpectedTimestampMs":46605358.76,"nativeStartSkewMs":62.974,"nativeBatchElapsedMs":302.974,"nativeExpectedSincePriorMs":120,"nativeSincePriorMs":150.312,"nativePatternStartMs":46605118.76,"nativeAgeMs":27.86}
10-12 10:20:30.384 21246 21320 I ReactNativeJS: [outputs] outputs.hapticSymbol {"timestamp":46605450.600136,"wallClock":1760278830383,"enabled":true,"symbol":".","durationMs":60,"platform":"android","source":"console.replay","correlationId":"console-replay:mgnske9b4nbufs3g","timelineOffsetMs":null}
10-12 10:20:30.384 21246 21320 I ReactNativeJS: [outputs] outputs.flashPulse {"timestamp":46605451.18899,"wallClock":1760278830384,"enabled":true,"durationMs":60,"source":"console.replay","correlationId":"console-replay:mgnske9b4nbufs3g","timelineOffsetMs":27.94378200173378,"schedulingMode":"timeline","audioStartHeadroomMs":-100.41919799894094,"audioStartGuard":"headroom","audioStartCompensationMs":100.41919799894094}
10-12 10:20:30.415 21246 21771 D OutputsAudio: [outputs-audio] stop gain=1.000 release=6.00
10-12 10:20:30.415 21246 21771 D OutputsAudio: [outputs-audio] playMorse.gap sequence=3 nextOffset=360.000 gapTarget=46605478.760
10-12 10:20:30.415 21246 21771 D OutputsAudio: [outputs-audio] playMorse.dispatch sequence=4 symbol=- offset=360.000 lead=90.000 dispatchAt=46605388.760
10-12 10:20:30.415 21246 21771 D OutputsAudio: [outputs-audio] start hz=650.0 gain=1.000 attack=2.50 release=6.00
10-12 10:20:30.415 21246 21771 D OutputsAudio: [outputs-audio] playMorse.symbol.start sequence=4 symbol=- expected=46605478.760 actual=46605572.420 skew=93.660 batchElapsed=453.660
10-12 10:20:30.446 21246 21320 I ReactNativeJS: [outputs] outputs.flashPulse.commit {"timestamp":46605512.446542,"wallClock":1760278830445,"durationMs":60,"source":"console.replay","correlationId":"console-replay:mgnske9b4nbufs3g","latencyMs":62.758540995419025,"timelineOffsetMs":27.94378200173378,"leadMs":8,"scheduleSkewMs":61.25645799934864,"schedulingMode":"timeline","audioStartHeadroomMs":-100.41919799894094,"audioStartGuard":"headroom","audioStartCompensationMs":100.41919799894094}
10-12 10:20:30.489 21246 21320 D OutputsAudio: [outputs-audio] symbol.info sequence=4 symbol=- timestamp=46605572.420 duration=180.000 expected=46605478.760 skew=93.660 age=0.000
10-12 10:20:30.490 21246 21320 I ReactNativeJS: [outputs] playMorse.symbol {"timestamp":46605556.205084,"wallClock":1760278830489,"symbol":"-","durationMs":180,"index":3,"source":"console.replay","correlationId":"console-replay:g2yvexyt","nativeTimestampMs":46605572.42,"nativeDurationMs":180,"nativeOffsetMs":-16.262364000082016,"nativeSequence":4,"monotonicTimestampMs":46605572.42,"nativeExpectedTimestampMs":46605478.76,"nativeStartSkewMs":93.66,"nativeBatchElapsedMs":453.66,"nativeExpectedSincePriorMs":120,"nativeSincePriorMs":150.685,"nativePatternStartMs":46605118.76,"nativeAgeMs":0}
10-12 10:20:30.490 21246 21320 I ReactNativeJS: [outputs] playMorse.symbol {"timestamp":46605556.712532,"wallClock":1760278830490,"symbol":"-","durationMs":180,"index":3,"source":"console.replay","correlationId":"console-replay:mgnskecae1znkie1","nativeTimestampMs":46605572.42,"nativeDurationMs":180,"nativeOffsetMs":-16.262364000082016,"nativeSequence":4,"monotonicTimestampMs":46605572.42,"nativeExpectedTimestampMs":46605478.76,"nativeStartSkewMs":93.66,"nativeBatchElapsedMs":453.66,"nativeExpectedSincePriorMs":120,"nativeSincePriorMs":150.685,"nativePatternStartMs":46605118.76,"nativeAgeMs":0}
10-12 10:20:30.539 21246 21320 I ReactNativeJS: [outputs] outputs.hapticSymbol {"timestamp":46605605.654563,"wallClock":1760278830539,"enabled":true,"symbol":"-","durationMs":180,"platform":"android","source":"console.replay","correlationId":"console-replay:mgnskecae1znkie1","timelineOffsetMs":null}
10-12 10:20:30.539 21246 21320 I ReactNativeJS: [outputs] outputs.flashPulse {"timestamp":46605606.277011,"wallClock":1760278830539,"enabled":true,"durationMs":180,"source":"console.replay","correlationId":"console-replay:mgnskecae1znkie1","timelineOffsetMs":-16.262364000082016,"schedulingMode":"timeline","audioStartHeadroomMs":-135.50742800533772,"audioStartGuard":"headroom","audioStartCompensationMs":135.50742800533772}
10-12 10:20:30.587 21246 21320 I ReactNativeJS: [outputs] outputs.flashPulse.commit {"timestamp":46605653.32123,"wallClock":1760278830586,"durationMs":180,"source":"console.replay","correlationId":"console-replay:mgnskecae1znkie1","latencyMs":80.89221899956465,"timelineOffsetMs":-16.262364000082016,"leadMs":8,"scheduleSkewMs":47.043177001178265,"schedulingMode":"timeline","audioStartHeadroomMs":-135.50742800533772,"audioStartGuard":"headroom","audioStartCompensationMs":135.50742800533772}
10-12 10:20:30.686 21246 21771 D OutputsAudio: [outputs-audio] stop gain=1.000 release=6.00
10-12 10:20:30.686 21246 21771 D OutputsAudio: [outputs-audio] playMorse.gap sequence=4 nextOffset=600.000 gapTarget=46605718.760
10-12 10:20:30.687 21246 21771 D OutputsAudio: [outputs-audio] playMorse.dispatch sequence=5 symbol=- offset=600.000 lead=90.000 dispatchAt=46605628.760
10-12 10:20:30.687 21246 21771 D OutputsAudio: [outputs-audio] start hz=650.0 gain=1.000 attack=2.50 release=6.00
10-12 10:20:30.687 21246 21771 D OutputsAudio: [outputs-audio] playMorse.symbol.start sequence=5 symbol=- expected=46605718.760 actual=46605843.684 skew=124.923 batchElapsed=724.923
10-12 10:20:30.759 21246 21320 D OutputsAudio: [outputs-audio] symbol.info sequence=5 symbol=- timestamp=46605843.684 duration=180.000 expected=46605718.760 skew=124.923 age=0.000
10-12 10:20:30.760 21246 21320 I ReactNativeJS: [outputs] playMorse.symbol {"timestamp":46605826.10175,"wallClock":1760278830759,"symbol":"-","durationMs":180,"index":4,"source":"console.replay","correlationId":"console-replay:9lpftf36","nativeTimestampMs":46605843.684,"nativeDurationMs":180,"nativeOffsetMs":-17.689854003489017,"nativeSequence":5,"monotonicTimestampMs":46605843.684,"nativeExpectedTimestampMs":46605718.76,"nativeStartSkewMs":124.923,"nativeBatchElapsedMs":724.923,"nativeExpectedSincePriorMs":240,"nativeSincePriorMs":271.264,"nativePatternStartMs":46605118.76,"nativeAgeMs":0}
10-12 10:20:30.763 21246 21320 I ReactNativeJS: [outputs] playMorse.symbol {"timestamp":46605828.20524,"wallClock":1760278830761,"symbol":"-","durationMs":180,"index":4,"source":"console.replay","correlationId":"console-replay:mgnskejtyjvkusgq","nativeTimestampMs":46605843.684,"nativeDurationMs":180,"nativeOffsetMs":-17.689854003489017,"nativeSequence":5,"monotonicTimestampMs":46605843.684,"nativeExpectedTimestampMs":46605718.76,"nativeStartSkewMs":124.923,"nativeBatchElapsedMs":724.923,"nativeExpectedSincePriorMs":240,"nativeSincePriorMs":271.264,"nativePatternStartMs":46605118.76,"nativeAgeMs":0}
10-12 10:20:30.819 21246 21320 I ReactNativeJS: [outputs] outputs.hapticSymbol {"timestamp":46605885.498157,"wallClock":1760278830818,"enabled":true,"symbol":"-","durationMs":180,"platform":"android","source":"console.replay","correlationId":"console-replay:mgnskejtyjvkusgq","timelineOffsetMs":null}
10-12 10:20:30.819 21246 21320 I ReactNativeJS: [outputs] outputs.flashPulse {"timestamp":46605886.224198,"wallClock":1760278830819,"enabled":true,"durationMs":180,"source":"console.replay","correlationId":"console-replay:mgnskejtyjvkusgq","timelineOffsetMs":-17.689854003489017,"schedulingMode":"timeline","audioStartHeadroomMs":-175.45445900410414,"audioStartGuard":"headroom","audioStartCompensationMs":160}
10-12 10:20:30.873 21246 21320 I ReactNativeJS: [outputs] outputs.flashPulse.commit {"timestamp":46605939.795657,"wallClock":1760278830873,"durationMs":180,"source":"console.replay","correlationId":"console-replay:mgnskejtyjvkusgq","latencyMs":96.10254199802876,"timelineOffsetMs":-17.689854003489017,"leadMs":8,"scheduleSkewMs":53.57041700184345,"schedulingMode":"timeline","audioStartHeadroomMs":-175.45445900410414,"audioStartGuard":"headroom","audioStartCompensationMs":160}
10-12 10:20:30.957 21246 21771 D OutputsAudio: [outputs-audio] stop gain=1.000 release=6.00
10-12 10:20:30.957 21246 21771 D OutputsAudio: [outputs-audio] playMorse.gap sequence=5 nextOffset=840.000 gapTarget=46605958.760
10-12 10:20:30.957 21246 21771 D OutputsAudio: [outputs-audio] playMorse.dispatch sequence=6 symbol=- offset=840.000 lead=90.000 dispatchAt=46605868.760
10-12 10:20:30.957 21246 21771 D OutputsAudio: [outputs-audio] start hz=650.0 gain=1.000 attack=2.50 release=6.00
10-12 10:20:30.957 21246 21771 D OutputsAudio: [outputs-audio] playMorse.symbol.start sequence=6 symbol=- expected=46605958.760 actual=46606114.251 skew=155.491 batchElapsed=995.491
10-12 10:20:31.026 21246 21320 D OutputsAudio: [outputs-audio] symbol.info sequence=6 symbol=- timestamp=46606114.251 duration=180.000 expected=46605958.760 skew=155.491 age=0.000
10-12 10:20:31.030 21246 21320 I ReactNativeJS: [outputs] playMorse.symbol {"timestamp":46606093.576907,"wallClock":1760278831026,"symbol":"-","durationMs":180,"index":5,"source":"console.replay","correlationId":"console-replay:rxy84jtc","nativeTimestampMs":46606114.251,"nativeDurationMs":180,"nativeOffsetMs":-20.788832999765873,"nativeSequence":6,"monotonicTimestampMs":46606114.251,"nativeExpectedTimestampMs":46605958.76,"nativeStartSkewMs":155.491,"nativeBatchElapsedMs":995.491,"nativeExpectedSincePriorMs":240,"nativeSincePriorMs":270.568,"nativePatternStartMs":46605118.76,"nativeAgeMs":0}
10-12 10:20:31.032 21246 21320 I ReactNativeJS: [outputs] playMorse.symbol {"timestamp":46606097.635084,"wallClock":1760278831031,"symbol":"-","durationMs":180,"index":5,"source":"console.replay","correlationId":"console-replay:mgnskerbpcl9jyq2","nativeTimestampMs":46606114.251,"nativeDurationMs":180,"nativeOffsetMs":-20.788832999765873,"nativeSequence":6,"monotonicTimestampMs":46606114.251,"nativeExpectedTimestampMs":46605958.76,"nativeStartSkewMs":155.491,"nativeBatchElapsedMs":995.491,"nativeExpectedSincePriorMs":240,"nativeSincePriorMs":270.568,"nativePatternStartMs":46605118.76,"nativeAgeMs":0}
10-12 10:20:31.083 21246 21320 I ReactNativeJS: [outputs] outputs.hapticSymbol {"timestamp":46606149.816334,"wallClock":1760278831083,"enabled":true,"symbol":"-","durationMs":180,"platform":"android","source":"console.replay","correlationId":"console-replay:mgnskerbpcl9jyq2","timelineOffsetMs":null}
10-12 10:20:31.084 21246 21320 I ReactNativeJS: [outputs] outputs.flashPulse {"timestamp":46606150.616802,"wallClock":1760278831084,"enabled":true,"durationMs":180,"source":"console.replay","correlationId":"console-replay:mgnskerbpcl9jyq2","timelineOffsetMs":-20.788832999765873,"schedulingMode":"timeline","audioStartHeadroomMs":-199.84664600342512,"audioStartGuard":"headroom","audioStartCompensationMs":160}
10-12 10:20:31.137 21246 21320 I ReactNativeJS: [outputs] outputs.flashPulse.commit {"timestamp":46606203.572011,"wallClock":1760278831136,"durationMs":180,"source":"console.replay","correlationId":"console-replay:mgnskerbpcl9jyq2","latencyMs":89.31033399701118,"timelineOffsetMs":-20.788832999765873,"leadMs":8,"scheduleSkewMs":52.953073002398014,"schedulingMode":"timeline","audioStartHeadroomMs":-199.84664600342512,"audioStartGuard":"headroom","audioStartCompensationMs":160}
10-12 10:20:31.227 21246 21771 D OutputsAudio: [outputs-audio] stop gain=1.000 release=6.00
10-12 10:20:31.228 21246 21771 D OutputsAudio: [outputs-audio] playMorse.gap sequence=6 nextOffset=1080.000 gapTarget=46606198.760
10-12 10:20:31.228 21246 21771 D OutputsAudio: [outputs-audio] playMorse.dispatch sequence=7 symbol=. offset=1080.000 lead=90.000 dispatchAt=46606108.760
10-12 10:20:31.228 21246 21771 D OutputsAudio: [outputs-audio] start hz=650.0 gain=1.000 attack=2.50 release=6.00
10-12 10:20:31.228 21246 21771 D OutputsAudio: [outputs-audio] playMorse.symbol.start sequence=7 symbol=. expected=46606198.760 actual=46606384.919 skew=186.158 batchElapsed=1266.158
10-12 10:20:31.301 21246 21320 D OutputsAudio: [outputs-audio] symbol.info sequence=7 symbol=. timestamp=46606384.919 duration=60.000 expected=46606198.760 skew=186.158 age=0.000
