10-14 22:07:38.812 21009 21095 I ReactNativeJS: [outputs] outputs.hapticSymbol {"timestamp":165174319.743916,"wallClock":1760494058812,"enabled":true,"symbol":".","durationMs":60,"platform":"android","source":"console.replay","correlationId":"console-replay:txa94xm7","timelineOffsetMs":null,"dispatchPhase":"actual"}
10-14 22:07:38.813 21009 21095 I ReactNativeJS: [outputs] outputs.flashPulse.nativeHandled {"timestamp":165174320.312614,"wallClock":1760494058813,"durationMs":60,"source":"console.replay","dispatchPhase":"actual","correlationId":"console-replay:txa94xm7","flashIntensity":0.8,"brightnessPercent":80,"nativeFlashAvailable":true}
10-14 22:07:38.859 21009 21009 D ScreenFlasherView: overlay.intensity clamped=0.0 alpha=0 visibility=4 attached=true size=1080x2340
10-14 22:07:38.860 21009 21503 D OutputsAudio: [outputs-audio] stop gain=1.000 release=6.00
10-14 22:07:38.860 21009 21503 D OutputsAudio: [outputs-audio] playMorse.gap sequence=21 nextOffset=3600.000 gapTarget=165174416.162
10-14 22:07:38.860 21009 21503 D OutputsAudio: [outputs-audio] playMorse.dispatch sequence=22 symbol=- offset=3600.000 lead=4.000 dispatchAt=165174412.162 gapLead=60.000
10-14 22:07:38.865 21009 21149 D OutputsAudio: [outputs-audio] tone.stop.actual stoppedAt=165174372.218
10-14 22:07:38.905 21009 21149 D OutputsAudio: [outputs-audio] tone.start.actual actual=165174412.243 requested=165174412.195 delta=0.047
10-14 22:07:38.905 21009 21503 D OutputsAudio: [outputs-audio] start hz=600.0 gain=1.000 attack=2.50 release=6.00
10-14 22:07:38.905 21009 21503 D OutputsAudio: [outputs-audio] tone.request hz=600.0 gain=1.000 requestedAt=165174412.195
10-14 22:07:38.905 21009 21503 D OutputsAudio: [outputs-audio] playMorse.symbol.start sequence=22 symbol=- expected=165174416.162 actual=165174416.480 skew=0.318 batchElapsed=3600.318
10-14 22:07:38.907 21009 21149 D OutputsAudio: [outputs-audio] tone.gain.steady target=1.000 reachedAt=165174414.244 delta=2.002
10-14 22:07:38.917 21009 21009 D ScreenFlasherView: overlay.intensity clamped=0.8 alpha=204 visibility=0 attached=true size=1080x2340
10-14 22:07:38.919 21009 21095 I ReactNativeJS: [outputs] playMorse.symbol {"timestamp":165174426.018239,"wallClock":1760494058919,"symbol":"-","durationMs":180,"index":21,"source":"console.replay","correlationId":"console-replay:fvky7okj","nativeTimestampMs":165174416.480166,"nativeDurationMs":180,"nativeOffsetMs":3600,"nativeSequence":22,"monotonicTimestampMs":165174416.480166,"nativeExpectedTimestampMs":165174416.161938,"nativeStartSkewMs":0.31822797656059265,"nativeBatchElapsedMs":3600.3182279765606,"nativeExpectedSincePriorMs":120,"nativeSincePriorMs":119.67510399222374,"nativePatternStartMs":165170816.161938,"nativeAgeMs":null,"nativeFlashHandled":true,"nativeFlashAvailable":true}
10-14 22:07:38.920 21009 21095 I ReactNativeJS: [outputs] playMorse.nativeOffset.spike {"timestamp":165174426.940999,"wallClock":1760494058919,"source":"console.replay","offsetMs":3600,"sequence":22,"unitMs":60,"correlationId":"console-replay:fvky7okj","startSkewMs":0.31822797656059265,"batchElapsedMs":3600.3182279765606}
10-14 22:07:38.920 21009 21095 I ReactNativeJS: [outputs] outputs.hapticSymbol {"timestamp":165174427.349176,"wallClock":1760494058920,"enabled":true,"symbol":"-","durationMs":180,"platform":"android","source":"console.replay","correlationId":"console-replay:fvky7okj","timelineOffsetMs":null,"dispatchPhase":"actual"}
10-14 22:07:38.921 21009 21095 I ReactNativeJS: [outputs] outputs.flashPulse.nativeHandled {"timestamp":165174428.159385,"wallClock":1760494058921,"durationMs":180,"source":"console.replay","dispatchPhase":"actual","correlationId":"console-replay:fvky7okj","flashIntensity":0.8,"brightnessPercent":80,"nativeFlashAvailable":true}
10-14 22:07:39.094 21009 21009 D ScreenFlasherView: overlay.intensity clamped=0.0 alpha=0 visibility=4 attached=true size=1080x2340
10-14 22:07:39.095 21009 21503 D OutputsAudio: [outputs-audio] stop gain=1.000 release=6.00
10-14 22:07:39.095 21009 21503 D OutputsAudio: [outputs-audio] playMorse.gap sequence=22 nextOffset=3840.000 gapTarget=165174656.162
10-14 22:07:39.095 21009 21503 D OutputsAudio: [outputs-audio] playMorse.dispatch sequence=23 symbol=- offset=3840.000 lead=4.000 dispatchAt=165174652.162 gapLead=60.000
10-14 22:07:39.099 21009 21149 D OutputsAudio: [outputs-audio] tone.stop.actual stoppedAt=165174606.334
10-14 22:07:39.145 21009 21503 D OutputsAudio: [outputs-audio] start hz=600.0 gain=1.000 attack=2.50 release=6.00
10-14 22:07:39.145 21009 21503 D OutputsAudio: [outputs-audio] tone.request hz=600.0 gain=1.000 requestedAt=165174652.568
10-14 22:07:39.146 21009 21503 D OutputsAudio: [outputs-audio] playMorse.symbol.start sequence=23 symbol=- expected=165174656.162 actual=165174657.077 skew=0.915 batchElapsed=3840.915
10-14 22:07:39.147 21009 21149 D OutputsAudio: [outputs-audio] tone.start.actual actual=165174654.233 requested=165174652.568 delta=1.665
10-14 22:07:39.149 21009 21149 D OutputsAudio: [outputs-audio] tone.gain.steady target=1.000 reachedAt=165174656.277 delta=2.044
10-14 22:07:39.153 21009 21009 D ScreenFlasherView: overlay.intensity clamped=0.8 alpha=204 visibility=0 attached=true size=1080x2340
10-14 22:07:39.156 21009 21095 I ReactNativeJS: [outputs] playMorse.symbol {"timestamp":165174661.855582,"wallClock":1760494059154,"symbol":"-","durationMs":180,"index":22,"source":"console.replay","correlationId":"console-replay:f49zhiz8","nativeTimestampMs":165174657.076885,"nativeDurationMs":180,"nativeOffsetMs":3840,"nativeSequence":23,"monotonicTimestampMs":165174657.076885,"nativeExpectedTimestampMs":165174656.161938,"nativeStartSkewMs":0.9149470031261444,"nativeBatchElapsedMs":3840.914947003126,"nativeExpectedSincePriorMs":240,"nativeSincePriorMs":240.59671902656555,"nativePatternStartMs":165170816.161938,"nativeAgeMs":null,"nativeFlashHandled":true,"nativeFlashAvailable":true}
10-14 22:07:39.156 21009 21095 I ReactNativeJS: [outputs] playMorse.nativeOffset.spike {"timestamp":165174663.075739,"wallClock":1760494059156,"source":"console.replay","offsetMs":3840,"sequence":23,"unitMs":60,"correlationId":"console-replay:f49zhiz8","startSkewMs":0.9149470031261444,"batchElapsedMs":3840.914947003126}
10-14 22:07:39.157 21009 21095 I ReactNativeJS: [outputs] outputs.hapticSymbol {"timestamp":165174663.720635,"wallClock":1760494059156,"enabled":true,"symbol":"-","durationMs":180,"platform":"android","source":"console.replay","correlationId":"console-replay:f49zhiz8","timelineOffsetMs":null,"dispatchPhase":"actual"}
10-14 22:07:39.158 21009 21095 I ReactNativeJS: [outputs] outputs.flashPulse.nativeHandled {"timestamp":165174665.065739,"wallClock":1760494059158,"durationMs":180,"source":"console.replay","dispatchPhase":"actual","correlationId":"console-replay:f49zhiz8","flashIntensity":0.8,"brightnessPercent":80,"nativeFlashAvailable":true}
10-14 22:07:39.337 21009 21009 D ScreenFlasherView: overlay.intensity clamped=0.0 alpha=0 visibility=4 attached=true size=1080x2340
10-14 22:07:39.337 21009 21503 D OutputsAudio: [outputs-audio] stop gain=1.000 release=6.00
10-14 22:07:39.338 21009 21503 D OutputsAudio: [outputs-audio] playMorse.gap sequence=23 nextOffset=4080.000 gapTarget=165174896.162
10-14 22:07:39.338 21009 21503 D OutputsAudio: [outputs-audio] playMorse.dispatch sequence=24 symbol=- offset=4080.000 lead=4.000 dispatchAt=165174892.162 gapLead=60.000
10-14 22:07:39.343 21009 21149 D OutputsAudio: [outputs-audio] tone.stop.actual stoppedAt=165174850.303
10-14 22:07:39.385 21009 21503 D OutputsAudio: [outputs-audio] start hz=600.0 gain=1.000 attack=2.50 release=6.00
10-14 22:07:39.385 21009 21503 D OutputsAudio: [outputs-audio] tone.request hz=600.0 gain=1.000 requestedAt=165174892.774
10-14 22:07:39.385 21009 21503 D OutputsAudio: [outputs-audio] playMorse.symbol.start sequence=24 symbol=- expected=165174896.162 actual=165174896.951 skew=0.789 batchElapsed=4080.789
10-14 22:07:39.386 21009 21009 D ScreenFlasherView: overlay.intensity clamped=0.8 alpha=204 visibility=0 attached=true size=1080x2340
10-14 22:07:39.387 21009 21149 D OutputsAudio: [outputs-audio] tone.start.actual actual=165174894.249 requested=165174892.774 delta=1.475
10-14 22:07:39.388 21009 21095 I ReactNativeJS: [outputs] playMorse.symbol {"timestamp":165174894.18053,"wallClock":1760494059387,"symbol":"-","durationMs":180,"index":23,"source":"console.replay","correlationId":"console-replay:0p9z69b6","nativeTimestampMs":165174896.95053,"nativeDurationMs":180,"nativeOffsetMs":4080,"nativeSequence":24,"monotonicTimestampMs":165174896.95053,"nativeExpectedTimestampMs":165174896.161938,"nativeStartSkewMs":0.7885919809341431,"nativeBatchElapsedMs":4080.788591980934,"nativeExpectedSincePriorMs":240,"nativeSincePriorMs":239.873644977808,"nativePatternStartMs":165170816.161938,"nativeAgeMs":null,"nativeFlashHandled":true,"nativeFlashAvailable":true}
10-14 22:07:39.388 21009 21095 I ReactNativeJS: [outputs] playMorse.nativeOffset.spike {"timestamp":165174895.12277,"wallClock":1760494059388,"source":"console.replay","offsetMs":4080,"sequence":24,"unitMs":60,"correlationId":"console-replay:0p9z69b6","startSkewMs":0.7885919809341431,"batchElapsedMs":4080.788591980934}
10-14 22:07:39.389 21009 21095 I ReactNativeJS: [outputs] outputs.hapticSymbol {"timestamp":165174895.653551,"wallClock":1760494059388,"enabled":true,"symbol":"-","durationMs":180,"platform":"android","source":"console.replay","correlationId":"console-replay:0p9z69b6","timelineOffsetMs":null,"dispatchPhase":"actual"}
10-14 22:07:39.389 21009 21149 D OutputsAudio: [outputs-audio] tone.gain.steady target=1.000 reachedAt=165174896.300 delta=2.052
10-14 22:07:39.390 21009 21095 I ReactNativeJS: [outputs] outputs.flashPulse.nativeHandled {"timestamp":165174896.697249,"wallClock":1760494059389,"durationMs":180,"source":"console.replay","dispatchPhase":"actual","correlationId":"console-replay:0p9z69b6","flashIntensity":0.8,"brightnessPercent":80,"nativeFlashAvailable":true}
10-14 22:07:39.574 21009 21009 D ScreenFlasherView: overlay.intensity clamped=0.0 alpha=0 visibility=4 attached=true size=1080x2340
10-14 22:07:39.575 21009 21503 D OutputsAudio: [outputs-audio] stop gain=1.000 release=6.00
10-14 22:07:39.575 21009 21503 D OutputsAudio: [outputs-audio] playMorse.gap sequence=24 nextOffset=4320.000 gapTarget=165175136.162
10-14 22:07:39.575 21009 21503 D OutputsAudio: [outputs-audio] playMorse.dispatch sequence=25 symbol=. offset=4320.000 lead=4.000 dispatchAt=165175132.162 gapLead=60.000
10-14 22:07:39.581 21009 21149 D OutputsAudio: [outputs-audio] tone.stop.actual stoppedAt=165175088.315
10-14 22:07:39.625 21009 21503 D OutputsAudio: [outputs-audio] start hz=600.0 gain=1.000 attack=2.50 release=6.00
10-14 22:07:39.625 21009 21503 D OutputsAudio: [outputs-audio] tone.request hz=600.0 gain=1.000 requestedAt=165175132.754
10-14 22:07:39.625 21009 21503 D OutputsAudio: [outputs-audio] playMorse.symbol.start sequence=25 symbol=. expected=165175136.162 actual=165175136.829 skew=0.667 batchElapsed=4320.667
10-14 22:07:39.627 21009 21149 D OutputsAudio: [outputs-audio] tone.start.actual actual=165175134.257 requested=165175132.754 delta=1.502
10-14 22:07:39.627 21009 21009 D ScreenFlasherView: overlay.intensity clamped=0.8 alpha=204 visibility=0 attached=true size=1080x2340
10-14 22:07:39.629 21009 21149 D OutputsAudio: [outputs-audio] tone.gain.steady target=1.000 reachedAt=165175136.282 delta=2.025
10-14 22:07:39.629 21009 21095 I ReactNativeJS: [outputs] playMorse.symbol {"timestamp":165175135.362718,"wallClock":1760494059628,"symbol":".","durationMs":60,"index":24,"source":"console.replay","correlationId":"console-replay:7luh1k5k","nativeTimestampMs":165175136.828551,"nativeDurationMs":60,"nativeOffsetMs":4320,"nativeSequence":25,"monotonicTimestampMs":165175136.828551,"nativeExpectedTimestampMs":165175136.161938,"nativeStartSkewMs":0.666612982749939,"nativeBatchElapsedMs":4320.66661298275,"nativeExpectedSincePriorMs":240,"nativeSincePriorMs":239.8780210018158,"nativePatternStartMs":165170816.161938,"nativeAgeMs":null,"nativeFlashHandled":true,"nativeFlashAvailable":true}
10-14 22:07:39.631 21009 21095 I ReactNativeJS: [outputs] playMorse.nativeOffset.spike {"timestamp":165175136.565478,"wallClock":1760494059629,"source":"console.replay","offsetMs":4320,"sequence":25,"unitMs":60,"correlationId":"console-replay:7luh1k5k","startSkewMs":0.666612982749939,"batchElapsedMs":4320.66661298275}
10-14 22:07:39.632 21009 21095 I ReactNativeJS: [outputs] outputs.hapticSymbol {"timestamp":165175138.812926,"wallClock":1760494059631,"enabled":true,"symbol":".","durationMs":60,"platform":"android","source":"console.replay","correlationId":"console-replay:7luh1k5k","timelineOffsetMs":null,"dispatchPhase":"actual"}
10-14 22:07:39.635 21009 21095 I ReactNativeJS: [outputs] outputs.flashPulse.nativeHandled {"timestamp":165175141.74652,"wallClock":1760494059634,"durationMs":60,"source":"console.replay","dispatchPhase":"actual","correlationId":"console-replay:7luh1k5k","flashIntensity":0.8,"brightnessPercent":80,"nativeFlashAvailable":true}
10-14 22:07:39.690 21009 21009 D ScreenFlasherView: overlay.intensity clamped=0.0 alpha=0 visibility=4 attached=true size=1080x2340
10-14 22:07:39.690 21009 21503 D OutputsAudio: [outputs-audio] stop gain=1.000 release=6.00
10-14 22:07:39.690 21009 21503 D OutputsAudio: [outputs-audio] playMorse.gap sequence=25 nextOffset=4440.000 gapTarget=165175256.162
10-14 22:07:39.690 21009 21503 D OutputsAudio: [outputs-audio] playMorse.dispatch sequence=26 symbol=. offset=4440.000 lead=4.000 dispatchAt=165175252.162 gapLead=60.000
10-14 22:07:39.695 21009 21149 D OutputsAudio: [outputs-audio] tone.stop.actual stoppedAt=165175202.280
10-14 22:07:39.745 21009 21503 D OutputsAudio: [outputs-audio] start hz=600.0 gain=1.000 attack=2.50 release=6.00
10-14 22:07:39.745 21009 21503 D OutputsAudio: [outputs-audio] tone.request hz=600.0 gain=1.000 requestedAt=165175252.426
10-14 22:07:39.745 21009 21503 D OutputsAudio: [outputs-audio] playMorse.symbol.start sequence=26 symbol=. expected=165175256.162 actual=165175256.511 skew=0.349 batchElapsed=4440.349
10-14 22:07:39.747 21009 21149 D OutputsAudio: [outputs-audio] tone.start.actual actual=165175254.241 requested=165175252.426 delta=1.815
10-14 22:07:39.749 21009 21149 D OutputsAudio: [outputs-audio] tone.gain.steady target=1.000 reachedAt=165175256.293 delta=2.053
10-14 22:07:39.754 21009 21009 D ScreenFlasherView: overlay.intensity clamped=0.8 alpha=204 visibility=0 attached=true size=1080x2340
10-14 22:07:39.756 21009 21095 I ReactNativeJS: [outputs] playMorse.symbol {"timestamp":165175262.525218,"wallClock":1760494059755,"symbol":".","durationMs":60,"index":25,"source":"console.replay","correlationId":"console-replay:p25pbze9","nativeTimestampMs":165175256.511311,"nativeDurationMs":60,"nativeOffsetMs":4440,"nativeSequence":26,"monotonicTimestampMs":165175256.511311,"nativeExpectedTimestampMs":165175256.161938,"nativeStartSkewMs":0.3493729829788208,"nativeBatchElapsedMs":4440.349372982979,"nativeExpectedSincePriorMs":120,"nativeSincePriorMs":119.68276000022888,"nativePatternStartMs":165170816.161938,"nativeAgeMs":null,"nativeFlashHandled":true,"nativeFlashAvailable":true}
10-14 22:07:39.757 21009 21095 I ReactNativeJS: [outputs] playMorse.nativeOffset.spike {"timestamp":165175263.700218,"wallClock":1760494059756,"source":"console.replay","offsetMs":4440,"sequence":26,"unitMs":60,"correlationId":"console-replay:p25pbze9","startSkewMs":0.3493729829788208,"batchElapsedMs":4440.349372982979}
10-14 22:07:39.758 21009 21095 I ReactNativeJS: [outputs] outputs.hapticSymbol {"timestamp":165175264.874905,"wallClock":1760494059757,"enabled":true,"symbol":".","durationMs":60,"platform":"android","source":"console.replay","correlationId":"console-replay:p25pbze9","timelineOffsetMs":null,"dispatchPhase":"actual"}
10-14 22:07:39.759 21009 21095 I ReactNativeJS: [outputs] outputs.flashPulse.nativeHandled {"timestamp":165175265.892197,"wallClock":1760494059758,"durationMs":60,"source":"console.replay","dispatchPhase":"actual","correlationId":"console-replay:p25pbze9","flashIntensity":0.8,"brightnessPercent":80,"nativeFlashAvailable":true}
10-14 22:07:39.810 21009 21009 D ScreenFlasherView: overlay.intensity clamped=0.0 alpha=0 visibility=4 attached=true size=1080x2340
10-14 22:07:39.810 21009 21503 D OutputsAudio: [outputs-audio] stop gain=1.000 release=6.00
10-14 22:07:39.810 21009 21503 D OutputsAudio: [outputs-audio] playMorse.gap sequence=26 nextOffset=4560.000 gapTarget=165175376.162
10-14 22:07:39.810 21009 21503 D OutputsAudio: [outputs-audio] playMorse.dispatch sequence=27 symbol=. offset=4560.000 lead=4.000 dispatchAt=165175372.162 gapLead=60.000
10-14 22:07:39.815 21009 21149 D OutputsAudio: [outputs-audio] tone.stop.actual stoppedAt=165175322.251
10-14 22:07:39.865 21009 21503 D OutputsAudio: [outputs-audio] start hz=600.0 gain=1.000 attack=2.50 release=6.00
10-14 22:07:39.865 21009 21503 D OutputsAudio: [outputs-audio] tone.request hz=600.0 gain=1.000 requestedAt=165175372.803
10-14 22:07:39.865 21009 21503 D OutputsAudio: [outputs-audio] playMorse.symbol.start sequence=27 symbol=. expected=165175376.162 actual=165175376.903 skew=0.741 batchElapsed=4560.741
10-14 22:07:39.867 21009 21149 D OutputsAudio: [outputs-audio] tone.start.actual actual=165175374.318 requested=165175372.803 delta=1.515
10-14 22:07:39.869 21009 21149 D OutputsAudio: [outputs-audio] tone.gain.steady target=1.000 reachedAt=165175376.366 delta=2.048
10-14 22:07:39.874 21009 21009 D ScreenFlasherView: overlay.intensity clamped=0.8 alpha=204 visibility=0 attached=true size=1080x2340
10-14 22:07:39.876 21009 21095 I ReactNativeJS: [outputs] playMorse.symbol {"timestamp":165175382.634072,"wallClock":1760494059875,"symbol":".","durationMs":60,"index":26,"source":"console.replay","correlationId":"console-replay:j2ha111k","nativeTimestampMs":165175376.903343,"nativeDurationMs":60,"nativeOffsetMs":4560,"nativeSequence":27,"monotonicTimestampMs":165175376.903343,"nativeExpectedTimestampMs":165175376.161938,"nativeStartSkewMs":0.7414049804210663,"nativeBatchElapsedMs":4560.741404980421,"nativeExpectedSincePriorMs":120,"nativeSincePriorMs":120.39203199744225,"nativePatternStartMs":165170816.161938,"nativeAgeMs":null,"nativeFlashHandled":true,"nativeFlashAvailable":true}
10-14 22:07:39.877 21009 21095 I ReactNativeJS: [outputs] playMorse.nativeOffset.spike {"timestamp":165175383.757926,"wallClock":1760494059876,"source":"console.replay","offsetMs":4560,"sequence":27,"unitMs":60,"correlationId":"console-replay:j2ha111k","startSkewMs":0.7414049804210663,"batchElapsedMs":4560.741404980421}
10-14 22:07:39.877 21009 21095 I ReactNativeJS: [outputs] outputs.hapticSymbol {"timestamp":165175384.327509,"wallClock":1760494059877,"enabled":true,"symbol":".","durationMs":60,"platform":"android","source":"console.replay","correlationId":"console-replay:j2ha111k","timelineOffsetMs":null,"dispatchPhase":"actual"}
10-14 22:07:39.878 21009 21095 I ReactNativeJS: [outputs] outputs.flashPulse.nativeHandled {"timestamp":165175385.390582,"wallClock":1760494059878,"durationMs":60,"source":"console.replay","dispatchPhase":"actual","correlationId":"console-replay:j2ha111k","flashIntensity":0.8,"brightnessPercent":80,"nativeFlashAvailable":true}
10-14 22:07:39.930 21009 21009 D ScreenFlasherView: overlay.intensity clamped=0.0 alpha=0 visibility=4 attached=true size=1080x2340
10-14 22:07:39.930 21009 21503 D OutputsAudio: [outputs-audio] stop gain=1.000 release=6.00
10-14 22:07:39.930 21009 21503 D OutputsAudio: [outputs-audio] stop gain=1.000 release=6.00
10-14 22:07:39.935 21009 21149 D OutputsAudio: [outputs-audio] tone.stop.actual stoppedAt=165175442.251
10-14 22:07:39.937 21009 21503 D OutputsAudio: [outputs-audio] playMorse.end cancelled=0
10-14 22:07:39.960 21009 21095 I ReactNativeJS: [outputs] playMorse.complete {"timestamp":165175466.54803,"wallClock":1760494059959,"durationMs":4846.0583319962025,"source":"console.replay","audioEnabled":true,"audioVolumePercent":100,"screenBrightnessBoost":false}
10-14 22:07:42.579 21009 21095 I ReactNativeJS: [outputs] playMorse.start {"timestamp":165178085.683029,"wallClock":1760494062578,"unitMs":40,"length":28,"source":"console.replay","audioEnabled":true,"audioVolumePercent":100,"flashEnabled":true,"hapticsEnabled":true,"torchEnabled":false,"screenBrightnessBoost":false}
10-14 22:07:42.717 21009 21095 D OutputsAudio: [outputs-audio] warmup hz=600.0
10-14 22:07:42.735 21009 21545 D OutputsAudio: [outputs-audio] playMorse.start count=27 unit=40.0
10-14 22:07:42.735 21009 21545 D OutputsAudio: [outputs-audio] playMorse.dispatch sequence=1 symbol=. offset=0.000 lead=0.000 dispatchAt=165178224.145 gapLead=0.000
10-14 22:07:42.735 21009 21545 D OutputsAudio: [outputs-audio] start hz=600.0 gain=1.000 attack=2.50 release=6.00
10-14 22:07:42.735 21009 21545 D OutputsAudio: [outputs-audio] tone.request hz=600.0 gain=1.000 requestedAt=165178242.590
10-14 22:07:42.735 21009 21545 D OutputsAudio: [outputs-audio] playMorse.symbol.start sequence=1 symbol=. expected=165178224.145 actual=165178242.629 skew=18.484 batchElapsed=18.484
10-14 22:07:42.737 21009 21149 D OutputsAudio: [outputs-audio] tone.start.actual actual=165178244.286 requested=165178242.590 delta=1.697
10-14 22:07:42.739 21009 21149 D OutputsAudio: [outputs-audio] tone.gain.steady target=1.000 reachedAt=165178246.243 delta=1.956
10-14 22:07:42.747 21009 21009 D ScreenFlasherView: overlay.intensity clamped=0.8 alpha=204 visibility=0 attached=true size=1080x2340
10-14 22:07:42.750 21009 21095 I ReactNativeJS: [outputs] playMorse.symbol {"timestamp":165178256.740529,"wallClock":1760494062749,"symbol":".","durationMs":40,"index":0,"source":"console.replay","correlationId":"console-replay:tymbu8gb","nativeTimestampMs":165178242.62881,"nativeDurationMs":40,"nativeOffsetMs":0,"nativeSequence":1,"monotonicTimestampMs":165178242.62881,"nativeExpectedTimestampMs":165178224.14506,"nativeStartSkewMs":18.483749985694885,"nativeBatchElapsedMs":18.483749985694885,"nativeExpectedSincePriorMs":null,"nativeSincePriorMs":null,"nativePatternStartMs":165178224.14506,"nativeAgeMs":null,"nativeFlashHandled":true,"nativeFlashAvailable":true}
10-14 22:07:42.751 21009 21095 I ReactNativeJS: [outputs] outputs.hapticSymbol {"timestamp":165178257.871258,"wallClock":1760494062750,"enabled":true,"symbol":".","durationMs":40,"platform":"android","source":"console.replay","correlationId":"console-replay:tymbu8gb","timelineOffsetMs":null,"dispatchPhase":"actual"}
10-14 22:07:42.752 21009 21095 I ReactNativeJS: [outputs] outputs.flashPulse.nativeHandled {"timestamp":165178259.222092,"wallClock":1760494062752,"durationMs":40,"source":"console.replay","dispatchPhase":"actual","correlationId":"console-replay:tymbu8gb","flashIntensity":0.8,"brightnessPercent":80,"nativeFlashAvailable":true}
10-14 22:07:42.778 21009 21009 D ScreenFlasherView: overlay.intensity clamped=0.0 alpha=0 visibility=4 attached=true size=1080x2340
10-14 22:07:42.778 21009 21545 D OutputsAudio: [outputs-audio] stop gain=1.000 release=6.00
10-14 22:07:42.778 21009 21545 D OutputsAudio: [outputs-audio] playMorse.gap sequence=1 nextOffset=80.000 gapTarget=165178304.145
10-14 22:07:42.778 21009 21545 D OutputsAudio: [outputs-audio] playMorse.dispatch sequence=2 symbol=. offset=80.000 lead=4.000 dispatchAt=165178300.145 gapLead=40.000
10-14 22:07:42.783 21009 21149 D OutputsAudio: [outputs-audio] tone.stop.actual stoppedAt=165178290.258
10-14 22:07:42.793 21009 21545 D OutputsAudio: [outputs-audio] start hz=600.0 gain=1.000 attack=2.50 release=6.00
10-14 22:07:42.793 21009 21545 D OutputsAudio: [outputs-audio] tone.request hz=600.0 gain=1.000 requestedAt=165178300.564
10-14 22:07:42.793 21009 21545 D OutputsAudio: [outputs-audio] playMorse.symbol.start sequence=2 symbol=. expected=165178304.145 actual=165178304.607 skew=0.462 batchElapsed=80.462
10-14 22:07:42.795 21009 21149 D OutputsAudio: [outputs-audio] tone.start.actual actual=165178302.294 requested=165178300.564 delta=1.730
10-14 22:07:42.797 21009 21149 D OutputsAudio: [outputs-audio] tone.gain.steady target=1.000 reachedAt=165178304.255 delta=1.962
10-14 22:07:42.800 21009 21009 D ScreenFlasherView: overlay.intensity clamped=0.8 alpha=204 visibility=0 attached=true size=1080x2340
10-14 22:07:42.820 21009 21095 I ReactNativeJS: [outputs] playMorse.symbol {"timestamp":165178327.492091,"wallClock":1760494062820,"symbol":".","durationMs":40,"index":1,"source":"console.replay","correlationId":"console-replay:yceps04h","nativeTimestampMs":165178304.606675,"nativeDurationMs":40,"nativeOffsetMs":80,"nativeSequence":2,"monotonicTimestampMs":165178304.606675,"nativeExpectedTimestampMs":165178304.14506,"nativeStartSkewMs":0.4616149961948395,"nativeBatchElapsedMs":80.46161499619484,"nativeExpectedSincePriorMs":80,"nativeSincePriorMs":61.977865010499954,"nativePatternStartMs":165178224.14506,"nativeAgeMs":null,"nativeFlashHandled":true,"nativeFlashAvailable":true}
10-14 22:07:42.821 21009 21095 I ReactNativeJS: [outputs] playMorse.nativeOffset.spike {"timestamp":165178328.097664,"wallClock":1760494062821,"source":"console.replay","offsetMs":80,"sequence":2,"unitMs":40,"correlationId":"console-replay:yceps04h","startSkewMs":0.4616149961948395,"batchElapsedMs":80.46161499619484}
10-14 22:07:42.821 21009 21095 I ReactNativeJS: [outputs] outputs.hapticSymbol {"timestamp":165178328.409227,"wallClock":1760494062821,"enabled":true,"symbol":".","durationMs":40,"platform":"android","source":"console.replay","correlationId":"console-replay:yceps04h","timelineOffsetMs":null,"dispatchPhase":"actual"}
10-14 22:07:42.822 21009 21095 I ReactNativeJS: [outputs] outputs.flashPulse.nativeHandled {"timestamp":165178328.916623,"wallClock":1760494062821,"durationMs":40,"source":"console.replay","dispatchPhase":"actual","correlationId":"console-replay:yceps04h","flashIntensity":0.8,"brightnessPercent":80,"nativeFlashAvailable":true}
10-14 22:07:42.843 21009 21009 D ScreenFlasherView: overlay.intensity clamped=0.0 alpha=0 visibility=4 attached=true size=1080x2340
10-14 22:07:42.843 21009 21545 D OutputsAudio: [outputs-audio] stop gain=1.000 release=6.00
10-14 22:07:42.843 21009 21545 D OutputsAudio: [outputs-audio] playMorse.gap sequence=2 nextOffset=160.000 gapTarget=165178384.145
10-14 22:07:42.843 21009 21545 D OutputsAudio: [outputs-audio] playMorse.dispatch sequence=3 symbol=. offset=160.000 lead=4.000 dispatchAt=165178380.145 gapLead=40.000
10-14 22:07:42.849 21009 21149 D OutputsAudio: [outputs-audio] tone.stop.actual stoppedAt=165178356.260
10-14 22:07:42.873 21009 21545 D OutputsAudio: [outputs-audio] start hz=600.0 gain=1.000 attack=2.50 release=6.00
10-14 22:07:42.874 21009 21545 D OutputsAudio: [outputs-audio] tone.request hz=600.0 gain=1.000 requestedAt=165178380.889
10-14 22:07:42.874 21009 21545 D OutputsAudio: [outputs-audio] playMorse.symbol.start sequence=3 symbol=. expected=165178384.145 actual=165178385.229 skew=1.084 batchElapsed=161.084
10-14 22:07:42.874 21009 21009 D ScreenFlasherView: overlay.intensity clamped=0.8 alpha=204 visibility=0 attached=true size=1080x2340
10-14 22:07:42.875 21009 21149 D OutputsAudio: [outputs-audio] tone.start.actual actual=165178382.230 requested=165178380.889 delta=1.341
10-14 22:07:42.877 21009 21149 D OutputsAudio: [outputs-audio] tone.gain.steady target=1.000 reachedAt=165178384.242 delta=2.012
10-14 22:07:42.882 21009 21095 I ReactNativeJS: [outputs] playMorse.symbol {"timestamp":165178389.587039,"wallClock":1760494062882,"symbol":".","durationMs":40,"index":2,"source":"console.replay","correlationId":"console-replay:9gjzulxk","nativeTimestampMs":165178385.229383,"nativeDurationMs":40,"nativeOffsetMs":160,"nativeSequence":3,"monotonicTimestampMs":165178385.229383,"nativeExpectedTimestampMs":165178384.14506,"nativeStartSkewMs":1.084322988986969,"nativeBatchElapsedMs":161.08432298898697,"nativeExpectedSincePriorMs":80,"nativeSincePriorMs":80.62270799279213,"nativePatternStartMs":165178224.14506,"nativeAgeMs":null,"nativeFlashHandled":true,"nativeFlashAvailable":true}
10-14 22:07:42.883 21009 21095 I ReactNativeJS: [outputs] playMorse.nativeOffset.spike {"timestamp":165178390.025112,"wallClock":1760494062883,"source":"console.replay","offsetMs":160,"sequence":3,"unitMs":40,"correlationId":"console-replay:9gjzulxk","startSkewMs":1.084322988986969,"batchElapsedMs":161.08432298898697}
10-14 22:07:42.883 21009 21095 I ReactNativeJS: [outputs] outputs.hapticSymbol {"timestamp":165178390.362612,"wallClock":1760494062883,"enabled":true,"symbol":".","durationMs":40,"platform":"android","source":"console.replay","correlationId":"console-replay:9gjzulxk","timelineOffsetMs":null,"dispatchPhase":"actual"}
10-14 22:07:42.884 21009 21095 I ReactNativeJS: [outputs] outputs.flashPulse.nativeHandled {"timestamp":165178390.919019,"wallClock":1760494062883,"durationMs":40,"source":"console.replay","dispatchPhase":"actual","correlationId":"console-replay:9gjzulxk","flashIntensity":0.8,"brightnessPercent":80,"nativeFlashAvailable":true}
10-14 22:07:42.921 21009 21009 D ScreenFlasherView: overlay.intensity clamped=0.0 alpha=0 visibility=4 attached=true size=1080x2340
10-14 22:07:42.921 21009 21545 D OutputsAudio: [outputs-audio] stop gain=1.000 release=6.00
10-14 22:07:42.921 21009 21545 D OutputsAudio: [outputs-audio] playMorse.gap sequence=3 nextOffset=240.000 gapTarget=165178464.145
10-14 22:07:42.921 21009 21545 D OutputsAudio: [outputs-audio] playMorse.dispatch sequence=4 symbol=- offset=240.000 lead=4.000 dispatchAt=165178460.145 gapLead=40.000
10-14 22:07:42.927 21009 21149 D OutputsAudio: [outputs-audio] tone.stop.actual stoppedAt=165178434.281
10-14 22:07:42.953 21009 21545 D OutputsAudio: [outputs-audio] start hz=600.0 gain=1.000 attack=2.50 release=6.00
10-14 22:07:42.953 21009 21545 D OutputsAudio: [outputs-audio] tone.request hz=600.0 gain=1.000 requestedAt=165178460.561
10-14 22:07:42.953 21009 21545 D OutputsAudio: [outputs-audio] playMorse.symbol.start sequence=4 symbol=- expected=165178464.145 actual=165178464.773 skew=0.628 batchElapsed=240.628
10-14 22:07:42.955 21009 21149 D OutputsAudio: [outputs-audio] tone.start.actual actual=165178462.249 requested=165178460.561 delta=1.689
10-14 22:07:42.957 21009 21149 D OutputsAudio: [outputs-audio] tone.gain.steady target=1.000 reachedAt=165178464.313 delta=2.064
10-14 22:07:42.970 21009 21009 D ScreenFlasherView: overlay.intensity clamped=0.8 alpha=204 visibility=0 attached=true size=1080x2340
10-14 22:07:42.972 21009 21095 I ReactNativeJS: [outputs] playMorse.symbol {"timestamp":165178478.722769,"wallClock":1760494062971,"symbol":"-","durationMs":120,"index":3,"source":"console.replay","correlationId":"console-replay:2e2t1b8b","nativeTimestampMs":165178464.772977,"nativeDurationMs":120,"nativeOffsetMs":240,"nativeSequence":4,"monotonicTimestampMs":165178464.772977,"nativeExpectedTimestampMs":165178464.14506,"nativeStartSkewMs":0.6279169917106628,"nativeBatchElapsedMs":240.62791699171066,"nativeExpectedSincePriorMs":80,"nativeSincePriorMs":79.5435940027237,"nativePatternStartMs":165178224.14506,"nativeAgeMs":null,"nativeFlashHandled":true,"nativeFlashAvailable":true}
10-14 22:07:42.972 21009 21095 I ReactNativeJS: [outputs] playMorse.nativeOffset.spike {"timestamp":165178479.39105,"wallClock":1760494062972,"source":"console.replay","offsetMs":240,"sequence":4,"unitMs":40,"correlationId":"console-replay:2e2t1b8b","startSkewMs":0.6279169917106628,"batchElapsedMs":240.62791699171066}
10-14 22:07:42.972 21009 21095 I ReactNativeJS: [outputs] outputs.hapticSymbol {"timestamp":165178479.7298,"wallClock":1760494062972,"enabled":true,"symbol":"-","durationMs":120,"platform":"android","source":"console.replay","correlationId":"console-replay:2e2t1b8b","timelineOffsetMs":null,"dispatchPhase":"actual"}
10-14 22:07:42.973 21009 21095 I ReactNativeJS: [outputs] outputs.flashPulse.nativeHandled {"timestamp":165178480.341779,"wallClock":1760494062973,"durationMs":120,"source":"console.replay","dispatchPhase":"actual","correlationId":"console-replay:2e2t1b8b","flashIntensity":0.8,"brightnessPercent":80,"nativeFlashAvailable":true}
10-14 22:07:43.080 21009 21009 D ScreenFlasherView: overlay.intensity clamped=0.0 alpha=0 visibility=4 attached=true size=1080x2340
10-14 22:07:43.080 21009 21545 D OutputsAudio: [outputs-audio] stop gain=1.000 release=6.00
10-14 22:07:43.080 21009 21545 D OutputsAudio: [outputs-audio] playMorse.gap sequence=4 nextOffset=400.000 gapTarget=165178624.145
10-14 22:07:43.080 21009 21545 D OutputsAudio: [outputs-audio] playMorse.dispatch sequence=5 symbol=- offset=400.000 lead=4.000 dispatchAt=165178620.145 gapLead=40.000
10-14 22:07:43.085 21009 21149 D OutputsAudio: [outputs-audio] tone.stop.actual stoppedAt=165178592.280
10-14 22:07:43.113 21009 21545 D OutputsAudio: [outputs-audio] start hz=600.0 gain=1.000 attack=2.50 release=6.00
10-14 22:07:43.113 21009 21545 D OutputsAudio: [outputs-audio] tone.request hz=600.0 gain=1.000 requestedAt=165178620.530
10-14 22:07:43.113 21009 21545 D OutputsAudio: [outputs-audio] playMorse.symbol.start sequence=5 symbol=- expected=165178624.145 actual=165178624.711 skew=0.566 batchElapsed=400.566
10-14 22:07:43.115 21009 21149 D OutputsAudio: [outputs-audio] tone.start.actual actual=165178622.245 requested=165178620.530 delta=1.715
10-14 22:07:43.116 21009 21009 D ScreenFlasherView: overlay.intensity clamped=0.8 alpha=204 visibility=0 attached=true size=1080x2340
10-14 22:07:43.117 21009 21149 D OutputsAudio: [outputs-audio] tone.gain.steady target=1.000 reachedAt=165178624.288 delta=2.043
10-14 22:07:43.119 21009 21095 I ReactNativeJS: [outputs] playMorse.symbol {"timestamp":165178625.140477,"wallClock":1760494063118,"symbol":"-","durationMs":120,"index":4,"source":"console.replay","correlationId":"console-replay:7rg5amkr","nativeTimestampMs":165178624.710789,"nativeDurationMs":120,"nativeOffsetMs":400,"nativeSequence":5,"monotonicTimestampMs":165178624.710789,"nativeExpectedTimestampMs":165178624.14506,"nativeStartSkewMs":0.5657289922237396,"nativeBatchElapsedMs":400.56572899222374,"nativeExpectedSincePriorMs":160,"nativeSincePriorMs":159.93781200051308,"nativePatternStartMs":165178224.14506,"nativeAgeMs":null,"nativeFlashHandled":true,"nativeFlashAvailable":true}
10-14 22:07:43.119 21009 21095 I ReactNativeJS: [outputs] playMorse.nativeOffset.spike {"timestamp":165178626.110112,"wallClock":1760494063119,"source":"console.replay","offsetMs":400,"sequence":5,"unitMs":40,"correlationId":"console-replay:7rg5amkr","startSkewMs":0.5657289922237396,"batchElapsedMs":400.56572899222374}
10-14 22:07:43.120 21009 21095 I ReactNativeJS: [outputs] outputs.hapticSymbol {"timestamp":165178627.016154,"wallClock":1760494063120,"enabled":true,"symbol":"-","durationMs":120,"platform":"android","source":"console.replay","correlationId":"console-replay:7rg5amkr","timelineOffsetMs":null,"dispatchPhase":"actual"}
10-14 22:07:43.121 21009 21095 I ReactNativeJS: [outputs] outputs.flashPulse.nativeHandled {"timestamp":165178628.088341,"wallClock":1760494063121,"durationMs":120,"source":"console.replay","dispatchPhase":"actual","correlationId":"console-replay:7rg5amkr","flashIntensity":0.8,"brightnessPercent":80,"nativeFlashAvailable":true}
10-14 22:07:43.249 21009 21009 D ScreenFlasherView: overlay.intensity clamped=0.0 alpha=0 visibility=4 attached=true size=1080x2340
10-14 22:07:43.250 21009 21545 D OutputsAudio: [outputs-audio] stop gain=1.000 release=6.00
10-14 22:07:43.250 21009 21545 D OutputsAudio: [outputs-audio] playMorse.gap sequence=5 nextOffset=560.000 gapTarget=165178784.145
10-14 22:07:43.250 21009 21545 D OutputsAudio: [outputs-audio] playMorse.dispatch sequence=6 symbol=- offset=560.000 lead=4.000 dispatchAt=165178780.145 gapLead=40.000
10-14 22:07:43.255 21009 21149 D OutputsAudio: [outputs-audio] tone.stop.actual stoppedAt=165178762.272
10-14 22:07:43.273 21009 21545 D OutputsAudio: [outputs-audio] start hz=600.0 gain=1.000 attack=2.50 release=6.00
10-14 22:07:43.273 21009 21545 D OutputsAudio: [outputs-audio] tone.request hz=600.0 gain=1.000 requestedAt=165178780.680
10-14 22:07:43.274 21009 21545 D OutputsAudio: [outputs-audio] playMorse.symbol.start sequence=6 symbol=- expected=165178784.145 actual=165178785.054 skew=0.909 batchElapsed=560.909
10-14 22:07:43.275 21009 21149 D OutputsAudio: [outputs-audio] tone.start.actual actual=165178782.257 requested=165178780.680 delta=1.577
10-14 22:07:43.277 21009 21009 D ScreenFlasherView: overlay.intensity clamped=0.8 alpha=204 visibility=0 attached=true size=1080x2340
10-14 22:07:43.277 21009 21149 D OutputsAudio: [outputs-audio] tone.gain.steady target=1.000 reachedAt=165178784.403 delta=2.147
10-14 22:07:43.279 21009 21095 I ReactNativeJS: [outputs] playMorse.symbol {"timestamp":165178785.071362,"wallClock":1760494063278,"symbol":"-","durationMs":120,"index":5,"source":"console.replay","correlationId":"console-replay:a0pc56vl","nativeTimestampMs":165178785.054123,"nativeDurationMs":120,"nativeOffsetMs":560,"nativeSequence":6,"monotonicTimestampMs":165178785.054123,"nativeExpectedTimestampMs":165178784.14506,"nativeStartSkewMs":0.9090630114078522,"nativeBatchElapsedMs":560.9090630114079,"nativeExpectedSincePriorMs":160,"nativeSincePriorMs":160.3433340191841,"nativePatternStartMs":165178224.14506,"nativeAgeMs":null,"nativeFlashHandled":true,"nativeFlashAvailable":true}
10-14 22:07:43.279 21009 21095 I ReactNativeJS: [outputs] playMorse.nativeOffset.spike {"timestamp":165178786.21782,"wallClock":1760494063279,"source":"console.replay","offsetMs":560,"sequence":6,"unitMs":40,"correlationId":"console-replay:a0pc56vl","startSkewMs":0.9090630114078522,"batchElapsedMs":560.9090630114079}
10-14 22:07:43.282 21009 21095 I ReactNativeJS: [outputs] outputs.hapticSymbol {"timestamp":165178787.093081,"wallClock":1760494063280,"enabled":true,"symbol":"-","durationMs":120,"platform":"android","source":"console.replay","correlationId":"console-replay:a0pc56vl","timelineOffsetMs":null,"dispatchPhase":"actual"}
10-14 22:07:43.283 21009 21095 I ReactNativeJS: [outputs] outputs.flashPulse.nativeHandled {"timestamp":165178789.911727,"wallClock":1760494063282,"durationMs":120,"source":"console.replay","dispatchPhase":"actual","correlationId":"console-replay:a0pc56vl","flashIntensity":0.8,"brightnessPercent":80,"nativeFlashAvailable":true}
10-14 22:07:43.416 21009 21009 D ScreenFlasherView: overlay.intensity clamped=0.0 alpha=0 visibility=4 attached=true size=1080x2340
10-14 22:07:43.417 21009 21545 D OutputsAudio: [outputs-audio] stop gain=1.000 release=6.00
10-14 22:07:43.417 21009 21545 D OutputsAudio: [outputs-audio] playMorse.gap sequence=6 nextOffset=720.000 gapTarget=165178944.145
10-14 22:07:43.417 21009 21545 D OutputsAudio: [outputs-audio] playMorse.dispatch sequence=7 symbol=. offset=720.000 lead=4.000 dispatchAt=165178940.145 gapLead=40.000
10-14 22:07:43.421 21009 21149 D OutputsAudio: [outputs-audio] tone.stop.actual stoppedAt=165178928.248
10-14 22:07:43.433 21009 21545 D OutputsAudio: [outputs-audio] start hz=600.0 gain=1.000 attack=2.50 release=6.00
10-14 22:07:43.433 21009 21545 D OutputsAudio: [outputs-audio] tone.request hz=600.0 gain=1.000 requestedAt=165178940.672
10-14 22:07:43.434 21009 21545 D OutputsAudio: [outputs-audio] playMorse.symbol.start sequence=7 symbol=. expected=165178944.145 actual=165178945.137 skew=0.992 batchElapsed=720.992
10-14 22:07:43.435 21009 21149 D OutputsAudio: [outputs-audio] tone.start.actual actual=165178942.221 requested=165178940.672 delta=1.549
10-14 22:07:43.436 21009 21009 D ScreenFlasherView: overlay.intensity clamped=0.8 alpha=204 visibility=0 attached=true size=1080x2340
10-14 22:07:43.437 21009 21149 D OutputsAudio: [outputs-audio] tone.gain.steady target=1.000 reachedAt=165178944.239 delta=2.018
10-14 22:07:43.438 21009 21095 I ReactNativeJS: [outputs] playMorse.symbol {"timestamp":165178943.972664,"wallClock":1760494063436,"symbol":".","durationMs":40,"index":6,"source":"console.replay","correlationId":"console-replay:yg25dt39","nativeTimestampMs":165178945.136779,"nativeDurationMs":40,"nativeOffsetMs":720,"nativeSequence":7,"monotonicTimestampMs":165178945.136779,"nativeExpectedTimestampMs":165178944.14506,"nativeStartSkewMs":0.9917190074920654,"nativeBatchElapsedMs":720.9917190074921,"nativeExpectedSincePriorMs":160,"nativeSincePriorMs":160.0826559960842,"nativePatternStartMs":165178224.14506,"nativeAgeMs":null,"nativeFlashHandled":true,"nativeFlashAvailable":true}
10-14 22:07:43.439 21009 21095 I ReactNativeJS: [outputs] playMorse.nativeOffset.spike {"timestamp":165178945.45506,"wallClock":1760494063438,"source":"console.replay","offsetMs":720,"sequence":7,"unitMs":40,"correlationId":"console-replay:yg25dt39","startSkewMs":0.9917190074920654,"batchElapsedMs":720.9917190074921}
10-14 22:07:43.439 21009 21095 I ReactNativeJS: [outputs] outputs.hapticSymbol {"timestamp":165178946.195477,"wallClock":1760494063439,"enabled":true,"symbol":".","durationMs":40,"platform":"android","source":"console.replay","correlationId":"console-replay:yg25dt39","timelineOffsetMs":null,"dispatchPhase":"actual"}
10-14 22:07:43.440 21009 21095 I ReactNativeJS: [outputs] outputs.flashPulse.nativeHandled {"timestamp":165178947.34506,"wallClock":1760494063440,"durationMs":40,"source":"console.replay","dispatchPhase":"actual","correlationId":"console-replay:yg25dt39","flashIntensity":0.8,"brightnessPercent":80,"nativeFlashAvailable":true}
10-14 22:07:43.485 21009 21009 D ScreenFlasherView: overlay.intensity clamped=0.0 alpha=0 visibility=4 attached=true size=1080x2340
10-14 22:07:43.485 21009 21545 D OutputsAudio: [outputs-audio] stop gain=1.000 release=6.00
10-14 22:07:43.485 21009 21545 D OutputsAudio: [outputs-audio] playMorse.gap sequence=7 nextOffset=800.000 gapTarget=165179024.145
10-14 22:07:43.485 21009 21545 D OutputsAudio: [outputs-audio] playMorse.dispatch sequence=8 symbol=. offset=800.000 lead=4.000 dispatchAt=165179020.145 gapLead=40.000
10-14 22:07:43.491 21009 21149 D OutputsAudio: [outputs-audio] tone.stop.actual stoppedAt=165178998.272
10-14 22:07:43.514 21009 21545 D OutputsAudio: [outputs-audio] start hz=600.0 gain=1.000 attack=2.50 release=6.00
10-14 22:07:43.514 21009 21545 D OutputsAudio: [outputs-audio] tone.request hz=600.0 gain=1.000 requestedAt=165179021.197
10-14 22:07:43.514 21009 21545 D OutputsAudio: [outputs-audio] playMorse.symbol.start sequence=8 symbol=. expected=165179024.145 actual=165179025.350 skew=1.204 batchElapsed=801.204
10-14 22:07:43.514 21009 21009 D ScreenFlasherView: overlay.intensity clamped=0.8 alpha=204 visibility=0 attached=true size=1080x2340
10-14 22:07:43.515 21009 21149 D OutputsAudio: [outputs-audio] tone.start.actual actual=165179022.259 requested=165179021.197 delta=1.063
10-14 22:07:43.516 21009 21095 I ReactNativeJS: [outputs] playMorse.symbol {"timestamp":165179022.547716,"wallClock":1760494063515,"symbol":".","durationMs":40,"index":7,"source":"console.replay","correlationId":"console-replay:z6gwqlfa","nativeTimestampMs":165179025.349539,"nativeDurationMs":40,"nativeOffsetMs":800,"nativeSequence":8,"monotonicTimestampMs":165179025.349539,"nativeExpectedTimestampMs":165179024.14506,"nativeStartSkewMs":1.2044790089130402,"nativeBatchElapsedMs":801.204479008913,"nativeExpectedSincePriorMs":80,"nativeSincePriorMs":80.21276000142097,"nativePatternStartMs":165178224.14506,"nativeAgeMs":null,"nativeFlashHandled":true,"nativeFlashAvailable":true}
10-14 22:07:43.516 21009 21095 I ReactNativeJS: [outputs] playMorse.nativeOffset.spike {"timestamp":165179023.052352,"wallClock":1760494063516,"source":"console.replay","offsetMs":800,"sequence":8,"unitMs":40,"correlationId":"console-replay:z6gwqlfa","startSkewMs":1.2044790089130402,"batchElapsedMs":801.204479008913}
10-14 22:07:43.516 21009 21095 I ReactNativeJS: [outputs] outputs.hapticSymbol {"timestamp":165179023.368654,"wallClock":1760494063516,"enabled":true,"symbol":".","durationMs":40,"platform":"android","source":"console.replay","correlationId":"console-replay:z6gwqlfa","timelineOffsetMs":null,"dispatchPhase":"actual"}
10-14 22:07:43.517 21009 21095 I ReactNativeJS: [outputs] outputs.flashPulse.nativeHandled {"timestamp":165179023.940789,"wallClock":1760494063516,"durationMs":40,"source":"console.replay","dispatchPhase":"actual","correlationId":"console-replay:z6gwqlfa","flashIntensity":0.8,"brightnessPercent":80,"nativeFlashAvailable":true}
10-14 22:07:43.517 21009 21149 D OutputsAudio: [outputs-audio] tone.gain.steady target=1.000 reachedAt=165179024.230 delta=1.970
10-14 22:07:43.559 21009 21009 D ScreenFlasherView: overlay.intensity clamped=0.0 alpha=0 visibility=4 attached=true size=1080x2340
10-14 22:07:43.559 21009 21545 D OutputsAudio: [outputs-audio] stop gain=1.000 release=6.00
10-14 22:07:43.559 21009 21545 D OutputsAudio: [outputs-audio] playMorse.gap sequence=8 nextOffset=880.000 gapTarget=165179104.145
10-14 22:07:43.560 21009 21545 D OutputsAudio: [outputs-audio] playMorse.dispatch sequence=9 symbol=. offset=880.000 lead=4.000 dispatchAt=165179100.145 gapLead=40.000
10-14 22:07:43.565 21009 21149 D OutputsAudio: [outputs-audio] tone.stop.actual stoppedAt=165179072.280
10-14 22:07:43.593 21009 21545 D OutputsAudio: [outputs-audio] start hz=600.0 gain=1.000 attack=2.50 release=6.00
10-14 22:07:43.593 21009 21545 D OutputsAudio: [outputs-audio] tone.request hz=600.0 gain=1.000 requestedAt=165179100.438
10-14 22:07:43.593 21009 21545 D OutputsAudio: [outputs-audio] playMorse.symbol.start sequence=9 symbol=. expected=165179104.145 actual=165179104.938 skew=0.793 batchElapsed=880.793
10-14 22:07:43.595 21009 21149 D OutputsAudio: [outputs-audio] tone.start.actual actual=165179102.247 requested=165179100.438 delta=1.809
10-14 22:07:43.597 21009 21149 D OutputsAudio: [outputs-audio] tone.gain.steady target=1.000 reachedAt=165179104.238 delta=1.991
10-14 22:07:43.612 21009 21009 D ScreenFlasherView: overlay.intensity clamped=0.8 alpha=204 visibility=0 attached=true size=1080x2340
10-14 22:07:43.614 21009 21095 I ReactNativeJS: [outputs] playMorse.symbol {"timestamp":165179121.069383,"wallClock":1760494063614,"symbol":".","durationMs":40,"index":8,"source":"console.replay","correlationId":"console-replay:36fit4bf","nativeTimestampMs":165179104.938497,"nativeDurationMs":40,"nativeOffsetMs":880,"nativeSequence":9,"monotonicTimestampMs":165179104.938497,"nativeExpectedTimestampMs":165179104.14506,"nativeStartSkewMs":0.7934370040893555,"nativeBatchElapsedMs":880.7934370040894,"nativeExpectedSincePriorMs":80,"nativeSincePriorMs":79.58895799517632,"nativePatternStartMs":165178224.14506,"nativeAgeMs":null,"nativeFlashHandled":true,"nativeFlashAvailable":true}
10-14 22:07:43.615 21009 21095 I ReactNativeJS: [outputs] playMorse.nativeOffset.spike {"timestamp":165179121.921622,"wallClock":1760494063614,"source":"console.replay","offsetMs":880,"sequence":9,"unitMs":40,"correlationId":"console-replay:36fit4bf","startSkewMs":0.7934370040893555,"batchElapsedMs":880.7934370040894}
10-14 22:07:43.615 21009 21095 I ReactNativeJS: [outputs] outputs.hapticSymbol {"timestamp":165179122.427925,"wallClock":1760494063615,"enabled":true,"symbol":".","durationMs":40,"platform":"android","source":"console.replay","correlationId":"console-replay:36fit4bf","timelineOffsetMs":null,"dispatchPhase":"actual"}
10-14 22:07:43.616 21009 21095 I ReactNativeJS: [outputs] outputs.flashPulse.nativeHandled {"timestamp":165179123.214539,"wallClock":1760494063616,"durationMs":40,"source":"console.replay","dispatchPhase":"actual","correlationId":"console-replay:36fit4bf","flashIntensity":0.8,"brightnessPercent":80,"nativeFlashAvailable":true}
10-14 22:07:43.638 21009 21009 D ScreenFlasherView: overlay.intensity clamped=0.0 alpha=0 visibility=4 attached=true size=1080x2340
10-14 22:07:43.638 21009 21545 D OutputsAudio: [outputs-audio] stop gain=1.000 release=6.00
10-14 22:07:43.638 21009 21545 D OutputsAudio: [outputs-audio] playMorse.gap sequence=9 nextOffset=960.000 gapTarget=165179184.145
10-14 22:07:43.638 21009 21545 D OutputsAudio: [outputs-audio] playMorse.dispatch sequence=10 symbol=- offset=960.000 lead=4.000 dispatchAt=165179180.145 gapLead=40.000
10-14 22:07:43.643 21009 21149 D OutputsAudio: [outputs-audio] tone.stop.actual stoppedAt=165179150.259
10-14 22:07:43.674 21009 21545 D OutputsAudio: [outputs-audio] start hz=600.0 gain=1.000 attack=2.50 release=6.00
10-14 22:07:43.674 21009 21545 D OutputsAudio: [outputs-audio] tone.request hz=600.0 gain=1.000 requestedAt=165179181.026
10-14 22:07:43.674 21009 21545 D OutputsAudio: [outputs-audio] playMorse.symbol.start sequence=10 symbol=- expected=165179184.145 actual=165179185.187 skew=1.042 batchElapsed=961.042
10-14 22:07:43.674 21009 21009 D ScreenFlasherView: overlay.intensity clamped=0.8 alpha=204 visibility=0 attached=true size=1080x2340
10-14 22:07:43.675 21009 21149 D OutputsAudio: [outputs-audio] tone.start.actual actual=165179182.260 requested=165179181.026 delta=1.233
10-14 22:07:43.677 21009 21149 D OutputsAudio: [outputs-audio] tone.gain.steady target=1.000 reachedAt=165179184.279 delta=2.019
10-14 22:07:43.677 21009 21095 I ReactNativeJS: [outputs] playMorse.symbol {"timestamp":165179184.188237,"wallClock":1760494063677,"symbol":"-","durationMs":120,"index":9,"source":"console.replay","correlationId":"console-replay:p1bwpslw","nativeTimestampMs":165179185.186674,"nativeDurationMs":120,"nativeOffsetMs":960,"nativeSequence":10,"monotonicTimestampMs":165179185.186674,"nativeExpectedTimestampMs":165179184.14506,"nativeStartSkewMs":1.0416139960289001,"nativeBatchElapsedMs":961.0416139960289,"nativeExpectedSincePriorMs":80,"nativeSincePriorMs":80.24817699193954,"nativePatternStartMs":165178224.14506,"nativeAgeMs":null,"nativeFlashHandled":true,"nativeFlashAvailable":true}
