10-14 22:07:27.122 21009 21095 I ReactNativeJS: [outputs] outputs.flashPulse.nativeHandled {"timestamp":165162628.69965,"wallClock":1760494047121,"durationMs":360,"source":"console.replay","dispatchPhase":"actual","correlationId":"console-replay:pzmfyq21","flashIntensity":0.8,"brightnessPercent":80,"nativeFlashAvailable":true}
10-14 22:07:27.490 21009 21009 D ScreenFlasherView: overlay.intensity clamped=0.0 alpha=0 visibility=4 attached=true size=1080x2340
10-14 22:07:27.490 21009 21444 D OutputsAudio: [outputs-audio] stop gain=1.000 release=6.00
10-14 22:07:27.491 21009 21444 D OutputsAudio: [outputs-audio] playMorse.gap sequence=16 nextOffset=5520.000 gapTarget=165163105.308
10-14 22:07:27.491 21009 21444 D OutputsAudio: [outputs-audio] playMorse.dispatch sequence=17 symbol=- offset=5520.000 lead=4.000 dispatchAt=165163101.308 gapLead=120.000
10-14 22:07:27.495 21009 21149 D OutputsAudio: [outputs-audio] tone.stop.actual stoppedAt=165163002.310
10-14 22:07:27.594 21009 21444 D OutputsAudio: [outputs-audio] start hz=600.0 gain=1.000 attack=2.50 release=6.00
10-14 22:07:27.595 21009 21444 D OutputsAudio: [outputs-audio] tone.request hz=600.0 gain=1.000 requestedAt=165163101.961
10-14 22:07:27.595 21009 21444 D OutputsAudio: [outputs-audio] playMorse.symbol.start sequence=17 symbol=- expected=165163105.308 actual=165163106.041 skew=0.733 batchElapsed=5520.733
10-14 22:07:27.595 21009 21149 D OutputsAudio: [outputs-audio] tone.start.actual actual=165163102.251 requested=165163101.961 delta=0.290
10-14 22:07:27.595 21009 21009 D ScreenFlasherView: overlay.intensity clamped=0.8 alpha=204 visibility=0 attached=true size=1080x2340
10-14 22:07:27.596 21009 21095 I ReactNativeJS: [outputs] playMorse.symbol {"timestamp":165163102.911629,"wallClock":1760494047595,"symbol":"-","durationMs":360,"index":16,"source":"console.replay","correlationId":"console-replay:pvp1ptaj","nativeTimestampMs":165163106.040587,"nativeDurationMs":360,"nativeOffsetMs":5520,"nativeSequence":17,"monotonicTimestampMs":165163106.040587,"nativeExpectedTimestampMs":165163105.307829,"nativeStartSkewMs":0.7327580153942108,"nativeBatchElapsedMs":5520.732758015394,"nativeExpectedSincePriorMs":480,"nativeSincePriorMs":479.5178120136261,"nativePatternStartMs":165157585.307829,"nativeAgeMs":null,"nativeFlashHandled":true,"nativeFlashAvailable":true}
10-14 22:07:27.597 21009 21149 D OutputsAudio: [outputs-audio] tone.gain.steady target=1.000 reachedAt=165163104.292 delta=2.040
10-14 22:07:27.597 21009 21095 I ReactNativeJS: [outputs] playMorse.nativeOffset.spike {"timestamp":165163103.946004,"wallClock":1760494047596,"source":"console.replay","offsetMs":5520,"sequence":17,"unitMs":120,"correlationId":"console-replay:pvp1ptaj","startSkewMs":0.7327580153942108,"batchElapsedMs":5520.732758015394}
10-14 22:07:27.598 21009 21095 I ReactNativeJS: [outputs] outputs.hapticSymbol {"timestamp":165163104.611108,"wallClock":1760494047597,"enabled":true,"symbol":"-","durationMs":360,"platform":"android","source":"console.replay","correlationId":"console-replay:pvp1ptaj","timelineOffsetMs":null,"dispatchPhase":"actual"}
10-14 22:07:27.599 21009 21095 I ReactNativeJS: [outputs] outputs.flashPulse.nativeHandled {"timestamp":165163106.433295,"wallClock":1760494047599,"durationMs":360,"source":"console.replay","dispatchPhase":"actual","correlationId":"console-replay:pvp1ptaj","flashIntensity":0.8,"brightnessPercent":80,"nativeFlashAvailable":true}
10-14 22:07:27.970 21009 21009 D ScreenFlasherView: overlay.intensity clamped=0.0 alpha=0 visibility=4 attached=true size=1080x2340
10-14 22:07:27.970 21009 21444 D OutputsAudio: [outputs-audio] stop gain=1.000 release=6.00
10-14 22:07:27.970 21009 21444 D OutputsAudio: [outputs-audio] playMorse.gap sequence=17 nextOffset=6000.000 gapTarget=165163585.308
10-14 22:07:27.970 21009 21444 D OutputsAudio: [outputs-audio] playMorse.dispatch sequence=18 symbol=- offset=6000.000 lead=4.000 dispatchAt=165163581.308 gapLead=120.000
10-14 22:07:27.975 21009 21149 D OutputsAudio: [outputs-audio] tone.stop.actual stoppedAt=165163482.273
10-14 22:07:28.074 21009 21444 D OutputsAudio: [outputs-audio] start hz=600.0 gain=1.000 attack=2.50 release=6.00
10-14 22:07:28.074 21009 21444 D OutputsAudio: [outputs-audio] tone.request hz=600.0 gain=1.000 requestedAt=165163581.470
10-14 22:07:28.075 21009 21444 D OutputsAudio: [outputs-audio] playMorse.symbol.start sequence=18 symbol=- expected=165163585.308 actual=165163586.082 skew=0.774 batchElapsed=6000.774
10-14 22:07:28.075 21009 21149 D OutputsAudio: [outputs-audio] tone.start.actual actual=165163582.249 requested=165163581.470 delta=0.778
10-14 22:07:28.077 21009 21149 D OutputsAudio: [outputs-audio] tone.gain.steady target=1.000 reachedAt=165163584.307 delta=2.058
10-14 22:07:28.078 21009 21009 D ScreenFlasherView: overlay.intensity clamped=0.8 alpha=204 visibility=0 attached=true size=1080x2340
10-14 22:07:28.080 21009 21095 I ReactNativeJS: [outputs] playMorse.symbol {"timestamp":165163586.50767,"wallClock":1760494048079,"symbol":"-","durationMs":360,"index":17,"source":"console.replay","correlationId":"console-replay:eiajj6ra","nativeTimestampMs":165163586.081785,"nativeDurationMs":360,"nativeOffsetMs":6000,"nativeSequence":18,"monotonicTimestampMs":165163586.081785,"nativeExpectedTimestampMs":165163585.307829,"nativeStartSkewMs":0.7739560008049011,"nativeBatchElapsedMs":6000.773956000805,"nativeExpectedSincePriorMs":480,"nativeSincePriorMs":480.0411979854107,"nativePatternStartMs":165157585.307829,"nativeAgeMs":null,"nativeFlashHandled":true,"nativeFlashAvailable":true}
10-14 22:07:28.081 21009 21095 I ReactNativeJS: [outputs] playMorse.nativeOffset.spike {"timestamp":165163588.112201,"wallClock":1760494048081,"source":"console.replay","offsetMs":6000,"sequence":18,"unitMs":120,"correlationId":"console-replay:eiajj6ra","startSkewMs":0.7739560008049011,"batchElapsedMs":6000.773956000805}
10-14 22:07:28.082 21009 21095 I ReactNativeJS: [outputs] outputs.hapticSymbol {"timestamp":165163588.930795,"wallClock":1760494048081,"enabled":true,"symbol":"-","durationMs":360,"platform":"android","source":"console.replay","correlationId":"console-replay:eiajj6ra","timelineOffsetMs":null,"dispatchPhase":"actual"}
10-14 22:07:28.083 21009 21095 I ReactNativeJS: [outputs] outputs.flashPulse.nativeHandled {"timestamp":165163589.988868,"wallClock":1760494048082,"durationMs":360,"source":"console.replay","dispatchPhase":"actual","correlationId":"console-replay:eiajj6ra","flashIntensity":0.8,"brightnessPercent":80,"nativeFlashAvailable":true}
10-14 22:07:28.461 21009 21009 D ScreenFlasherView: overlay.intensity clamped=0.0 alpha=0 visibility=4 attached=true size=1080x2340
10-14 22:07:28.461 21009 21444 D OutputsAudio: [outputs-audio] stop gain=1.000 release=6.00
10-14 22:07:28.461 21009 21444 D OutputsAudio: [outputs-audio] playMorse.gap sequence=18 nextOffset=6480.000 gapTarget=165164065.308
10-14 22:07:28.461 21009 21444 D OutputsAudio: [outputs-audio] playMorse.dispatch sequence=19 symbol=. offset=6480.000 lead=4.000 dispatchAt=165164061.308 gapLead=120.000
10-14 22:07:28.467 21009 21149 D OutputsAudio: [outputs-audio] tone.stop.actual stoppedAt=165163974.238
10-14 22:07:28.554 21009 21444 D OutputsAudio: [outputs-audio] start hz=600.0 gain=1.000 attack=2.50 release=6.00
10-14 22:07:28.554 21009 21444 D OutputsAudio: [outputs-audio] tone.request hz=600.0 gain=1.000 requestedAt=165164061.848
10-14 22:07:28.555 21009 21444 D OutputsAudio: [outputs-audio] playMorse.symbol.start sequence=19 symbol=. expected=165164065.308 actual=165164065.999 skew=0.692 batchElapsed=6480.692
10-14 22:07:28.555 21009 21149 D OutputsAudio: [outputs-audio] tone.start.actual actual=165164062.227 requested=165164061.848 delta=0.379
10-14 22:07:28.557 21009 21149 D OutputsAudio: [outputs-audio] tone.gain.steady target=1.000 reachedAt=165164064.282 delta=2.055
10-14 22:07:28.558 21009 21009 D ScreenFlasherView: overlay.intensity clamped=0.8 alpha=204 visibility=0 attached=true size=1080x2340
10-14 22:07:28.562 21009 21095 I ReactNativeJS: [outputs] playMorse.symbol {"timestamp":165164066.852149,"wallClock":1760494048559,"symbol":".","durationMs":120,"index":18,"source":"console.replay","correlationId":"console-replay:c9b6qesq","nativeTimestampMs":165164065.999389,"nativeDurationMs":120,"nativeOffsetMs":6480,"nativeSequence":19,"monotonicTimestampMs":165164065.999389,"nativeExpectedTimestampMs":165164065.307829,"nativeStartSkewMs":0.6915600001811981,"nativeBatchElapsedMs":6480.691560000181,"nativeExpectedSincePriorMs":480,"nativeSincePriorMs":479.9176039993763,"nativePatternStartMs":165157585.307829,"nativeAgeMs":null,"nativeFlashHandled":true,"nativeFlashAvailable":true}
10-14 22:07:28.563 21009 21095 I ReactNativeJS: [outputs] playMorse.nativeOffset.spike {"timestamp":165164069.441836,"wallClock":1760494048562,"source":"console.replay","offsetMs":6480,"sequence":19,"unitMs":120,"correlationId":"console-replay:c9b6qesq","startSkewMs":0.6915600001811981,"batchElapsedMs":6480.691560000181}
10-14 22:07:28.564 21009 21095 I ReactNativeJS: [outputs] outputs.hapticSymbol {"timestamp":165164070.53418,"wallClock":1760494048563,"enabled":true,"symbol":".","durationMs":120,"platform":"android","source":"console.replay","correlationId":"console-replay:c9b6qesq","timelineOffsetMs":null,"dispatchPhase":"actual"}
10-14 22:07:28.565 21009 21095 I ReactNativeJS: [outputs] outputs.flashPulse.nativeHandled {"timestamp":165164072.088607,"wallClock":1760494048565,"durationMs":120,"source":"console.replay","dispatchPhase":"actual","correlationId":"console-replay:c9b6qesq","flashIntensity":0.8,"brightnessPercent":80,"nativeFlashAvailable":true}
10-14 22:07:28.691 21009 21009 D ScreenFlasherView: overlay.intensity clamped=0.0 alpha=0 visibility=4 attached=true size=1080x2340
10-14 22:07:28.691 21009 21444 D OutputsAudio: [outputs-audio] stop gain=1.000 release=6.00
10-14 22:07:28.692 21009 21444 D OutputsAudio: [outputs-audio] playMorse.gap sequence=19 nextOffset=6720.000 gapTarget=165164305.308
10-14 22:07:28.692 21009 21444 D OutputsAudio: [outputs-audio] playMorse.dispatch sequence=20 symbol=. offset=6720.000 lead=4.000 dispatchAt=165164301.308 gapLead=120.000
10-14 22:07:28.697 21009 21149 D OutputsAudio: [outputs-audio] tone.stop.actual stoppedAt=165164204.258
10-14 22:07:28.795 21009 21444 D OutputsAudio: [outputs-audio] start hz=600.0 gain=1.000 attack=2.50 release=6.00
10-14 22:07:28.795 21009 21444 D OutputsAudio: [outputs-audio] tone.request hz=600.0 gain=1.000 requestedAt=165164301.983
10-14 22:07:28.795 21009 21444 D OutputsAudio: [outputs-audio] playMorse.symbol.start sequence=20 symbol=. expected=165164305.308 actual=165164306.145 skew=0.837 batchElapsed=6720.837
10-14 22:07:28.795 21009 21149 D OutputsAudio: [outputs-audio] tone.start.actual actual=165164302.274 requested=165164301.983 delta=0.291
10-14 22:07:28.796 21009 21009 D ScreenFlasherView: overlay.intensity clamped=0.8 alpha=204 visibility=0 attached=true size=1080x2340
10-14 22:07:28.797 21009 21149 D OutputsAudio: [outputs-audio] tone.gain.steady target=1.000 reachedAt=165164304.409 delta=2.135
10-14 22:07:28.799 21009 21095 I ReactNativeJS: [outputs] playMorse.symbol {"timestamp":165164304.703972,"wallClock":1760494048797,"symbol":".","durationMs":120,"index":19,"source":"console.replay","correlationId":"console-replay:uvpcym6c","nativeTimestampMs":165164306.144701,"nativeDurationMs":120,"nativeOffsetMs":6720,"nativeSequence":20,"monotonicTimestampMs":165164306.144701,"nativeExpectedTimestampMs":165164305.307829,"nativeStartSkewMs":0.836872011423111,"nativeBatchElapsedMs":6720.836872011423,"nativeExpectedSincePriorMs":240,"nativeSincePriorMs":240.1453120112419,"nativePatternStartMs":165157585.307829,"nativeAgeMs":null,"nativeFlashHandled":true,"nativeFlashAvailable":true}
10-14 22:07:28.802 21009 21095 I ReactNativeJS: [outputs] playMorse.nativeOffset.spike {"timestamp":165164306.666055,"wallClock":1760494048799,"source":"console.replay","offsetMs":6720,"sequence":20,"unitMs":120,"correlationId":"console-replay:uvpcym6c","startSkewMs":0.836872011423111,"batchElapsedMs":6720.836872011423}
10-14 22:07:28.804 21009 21095 I ReactNativeJS: [outputs] outputs.hapticSymbol {"timestamp":165164309.884024,"wallClock":1760494048802,"enabled":true,"symbol":".","durationMs":120,"platform":"android","source":"console.replay","correlationId":"console-replay:uvpcym6c","timelineOffsetMs":null,"dispatchPhase":"actual"}
10-14 22:07:28.806 21009 21095 I ReactNativeJS: [outputs] outputs.flashPulse.nativeHandled {"timestamp":165164312.958191,"wallClock":1760494048805,"durationMs":120,"source":"console.replay","dispatchPhase":"actual","correlationId":"console-replay:uvpcym6c","flashIntensity":0.8,"brightnessPercent":80,"nativeFlashAvailable":true}
10-14 22:07:28.926 21009 21009 D ScreenFlasherView: overlay.intensity clamped=0.0 alpha=0 visibility=4 attached=true size=1080x2340
10-14 22:07:28.926 21009 21444 D OutputsAudio: [outputs-audio] stop gain=1.000 release=6.00
10-14 22:07:28.926 21009 21444 D OutputsAudio: [outputs-audio] playMorse.gap sequence=20 nextOffset=6960.000 gapTarget=165164545.308
10-14 22:07:28.927 21009 21444 D OutputsAudio: [outputs-audio] playMorse.dispatch sequence=21 symbol=. offset=6960.000 lead=4.000 dispatchAt=165164541.308 gapLead=120.000
10-14 22:07:28.931 21009 21149 D OutputsAudio: [outputs-audio] tone.stop.actual stoppedAt=165164438.305
10-14 22:07:29.035 21009 21444 D OutputsAudio: [outputs-audio] start hz=600.0 gain=1.000 attack=2.50 release=6.00
10-14 22:07:29.035 21009 21444 D OutputsAudio: [outputs-audio] tone.request hz=600.0 gain=1.000 requestedAt=165164542.232
10-14 22:07:29.035 21009 21149 D OutputsAudio: [outputs-audio] tone.start.actual actual=165164542.256 requested=165164542.232 delta=0.024
10-14 22:07:29.035 21009 21444 D OutputsAudio: [outputs-audio] playMorse.symbol.start sequence=21 symbol=. expected=165164545.308 actual=165164546.455 skew=1.147 batchElapsed=6961.147
10-14 22:07:29.037 21009 21149 D OutputsAudio: [outputs-audio] tone.gain.steady target=1.000 reachedAt=165164544.294 delta=2.038
10-14 22:07:29.042 21009 21009 D ScreenFlasherView: overlay.intensity clamped=0.8 alpha=204 visibility=0 attached=true size=1080x2340
10-14 22:07:29.046 21009 21095 I ReactNativeJS: [outputs] playMorse.symbol {"timestamp":165164550.647409,"wallClock":1760494049043,"symbol":".","durationMs":120,"index":20,"source":"console.replay","correlationId":"console-replay:8fw2nnck","nativeTimestampMs":165164546.454649,"nativeDurationMs":120,"nativeOffsetMs":6960,"nativeSequence":21,"monotonicTimestampMs":165164546.454649,"nativeExpectedTimestampMs":165164545.307829,"nativeStartSkewMs":1.1468200087547302,"nativeBatchElapsedMs":6961.146820008755,"nativeExpectedSincePriorMs":240,"nativeSincePriorMs":240.30994799733162,"nativePatternStartMs":165157585.307829,"nativeAgeMs":null,"nativeFlashHandled":true,"nativeFlashAvailable":true}
10-14 22:07:29.047 21009 21095 I ReactNativeJS: [outputs] playMorse.nativeOffset.spike {"timestamp":165164553.288451,"wallClock":1760494049046,"source":"console.replay","offsetMs":6960,"sequence":21,"unitMs":120,"correlationId":"console-replay:8fw2nnck","startSkewMs":1.1468200087547302,"batchElapsedMs":6961.146820008755}
10-14 22:07:29.048 21009 21095 I ReactNativeJS: [outputs] outputs.hapticSymbol {"timestamp":165164554.286524,"wallClock":1760494049047,"enabled":true,"symbol":".","durationMs":120,"platform":"android","source":"console.replay","correlationId":"console-replay:8fw2nnck","timelineOffsetMs":null,"dispatchPhase":"actual"}
10-14 22:07:29.050 21009 21095 I ReactNativeJS: [outputs] outputs.flashPulse.nativeHandled {"timestamp":165164557.109545,"wallClock":1760494049050,"durationMs":120,"source":"console.replay","dispatchPhase":"actual","correlationId":"console-replay:8fw2nnck","flashIntensity":0.8,"brightnessPercent":80,"nativeFlashAvailable":true}
10-14 22:07:29.171 21009 21009 D ScreenFlasherView: overlay.intensity clamped=0.0 alpha=0 visibility=4 attached=true size=1080x2340
10-14 22:07:29.171 21009 21444 D OutputsAudio: [outputs-audio] stop gain=1.000 release=6.00
10-14 22:07:29.171 21009 21444 D OutputsAudio: [outputs-audio] playMorse.gap sequence=21 nextOffset=7200.000 gapTarget=165164785.308
10-14 22:07:29.171 21009 21444 D OutputsAudio: [outputs-audio] playMorse.dispatch sequence=22 symbol=- offset=7200.000 lead=4.000 dispatchAt=165164781.308 gapLead=120.000
10-14 22:07:29.177 21009 21149 D OutputsAudio: [outputs-audio] tone.stop.actual stoppedAt=165164684.328
10-14 22:07:29.274 21009 21444 D OutputsAudio: [outputs-audio] start hz=600.0 gain=1.000 attack=2.50 release=6.00
10-14 22:07:29.274 21009 21444 D OutputsAudio: [outputs-audio] tone.request hz=600.0 gain=1.000 requestedAt=165164781.371
10-14 22:07:29.274 21009 21444 D OutputsAudio: [outputs-audio] playMorse.symbol.start sequence=22 symbol=- expected=165164785.308 actual=165164785.534 skew=0.226 batchElapsed=7200.226
10-14 22:07:29.275 21009 21149 D OutputsAudio: [outputs-audio] tone.start.actual actual=165164782.230 requested=165164781.371 delta=0.860
10-14 22:07:29.277 21009 21149 D OutputsAudio: [outputs-audio] tone.gain.steady target=1.000 reachedAt=165164784.261 delta=2.031
10-14 22:07:29.290 21009 21009 D ScreenFlasherView: overlay.intensity clamped=0.8 alpha=204 visibility=0 attached=true size=1080x2340
10-14 22:07:29.294 21009 21095 I ReactNativeJS: [outputs] playMorse.symbol {"timestamp":165164799.15319,"wallClock":1760494049292,"symbol":"-","durationMs":360,"index":21,"source":"console.replay","correlationId":"console-replay:0cr6a0no","nativeTimestampMs":165164785.533607,"nativeDurationMs":360,"nativeOffsetMs":7200,"nativeSequence":22,"monotonicTimestampMs":165164785.533607,"nativeExpectedTimestampMs":165164785.307829,"nativeStartSkewMs":0.2257780134677887,"nativeBatchElapsedMs":7200.225778013468,"nativeExpectedSincePriorMs":240,"nativeSincePriorMs":239.07895800471306,"nativePatternStartMs":165157585.307829,"nativeAgeMs":null,"nativeFlashHandled":true,"nativeFlashAvailable":true}
10-14 22:07:29.294 21009 21095 I ReactNativeJS: [outputs] playMorse.nativeOffset.spike {"timestamp":165164801.103607,"wallClock":1760494049294,"source":"console.replay","offsetMs":7200,"sequence":22,"unitMs":120,"correlationId":"console-replay:0cr6a0no","startSkewMs":0.2257780134677887,"batchElapsedMs":7200.225778013468}
10-14 22:07:29.295 21009 21095 I ReactNativeJS: [outputs] outputs.hapticSymbol {"timestamp":165164802.139909,"wallClock":1760494049295,"enabled":true,"symbol":"-","durationMs":360,"platform":"android","source":"console.replay","correlationId":"console-replay:0cr6a0no","timelineOffsetMs":null,"dispatchPhase":"actual"}
10-14 22:07:29.297 21009 21095 I ReactNativeJS: [outputs] outputs.flashPulse.nativeHandled {"timestamp":165164803.834597,"wallClock":1760494049296,"durationMs":360,"source":"console.replay","dispatchPhase":"actual","correlationId":"console-replay:0cr6a0no","flashIntensity":0.8,"brightnessPercent":80,"nativeFlashAvailable":true}
10-14 22:07:29.640 21009 21009 D ScreenFlasherView: overlay.intensity clamped=0.0 alpha=0 visibility=4 attached=true size=1080x2340
10-14 22:07:29.641 21009 21444 D OutputsAudio: [outputs-audio] stop gain=1.000 release=6.00
10-14 22:07:29.641 21009 21444 D OutputsAudio: [outputs-audio] playMorse.gap sequence=22 nextOffset=7680.000 gapTarget=165165265.308
10-14 22:07:29.641 21009 21444 D OutputsAudio: [outputs-audio] playMorse.dispatch sequence=23 symbol=- offset=7680.000 lead=4.000 dispatchAt=165165261.308 gapLead=120.000
10-14 22:07:29.645 21009 21149 D OutputsAudio: [outputs-audio] tone.stop.actual stoppedAt=165165152.329
10-14 22:07:29.755 21009 21444 D OutputsAudio: [outputs-audio] start hz=600.0 gain=1.000 attack=2.50 release=6.00
10-14 22:07:29.755 21009 21444 D OutputsAudio: [outputs-audio] tone.request hz=600.0 gain=1.000 requestedAt=165165262.051
10-14 22:07:29.755 21009 21149 D OutputsAudio: [outputs-audio] tone.start.actual actual=165165262.250 requested=165165262.051 delta=0.199
10-14 22:07:29.755 21009 21444 D OutputsAudio: [outputs-audio] playMorse.symbol.start sequence=23 symbol=- expected=165165265.308 actual=165165266.417 skew=1.109 batchElapsed=7681.109
10-14 22:07:29.756 21009 21009 D ScreenFlasherView: overlay.intensity clamped=0.8 alpha=204 visibility=0 attached=true size=1080x2340
10-14 22:07:29.757 21009 21149 D OutputsAudio: [outputs-audio] tone.gain.steady target=1.000 reachedAt=165165264.438 delta=2.188
10-14 22:07:29.759 21009 21095 I ReactNativeJS: [outputs] playMorse.symbol {"timestamp":165165264.912201,"wallClock":1760494049757,"symbol":"-","durationMs":360,"index":22,"source":"console.replay","correlationId":"console-replay:6mjsblt1","nativeTimestampMs":165165266.417096,"nativeDurationMs":360,"nativeOffsetMs":7680,"nativeSequence":23,"monotonicTimestampMs":165165266.417096,"nativeExpectedTimestampMs":165165265.307829,"nativeStartSkewMs":1.109266996383667,"nativeBatchElapsedMs":7681.109266996384,"nativeExpectedSincePriorMs":480,"nativeSincePriorMs":480.8834889829159,"nativePatternStartMs":165157585.307829,"nativeAgeMs":null,"nativeFlashHandled":true,"nativeFlashAvailable":true}
10-14 22:07:29.762 21009 21095 I ReactNativeJS: [outputs] playMorse.nativeOffset.spike {"timestamp":165165266.760899,"wallClock":1760494049759,"source":"console.replay","offsetMs":7680,"sequence":23,"unitMs":120,"correlationId":"console-replay:6mjsblt1","startSkewMs":1.109266996383667,"batchElapsedMs":7681.109266996384}
10-14 22:07:29.764 21009 21095 I ReactNativeJS: [outputs] outputs.hapticSymbol {"timestamp":165165269.679232,"wallClock":1760494049762,"enabled":true,"symbol":"-","durationMs":360,"platform":"android","source":"console.replay","correlationId":"console-replay:6mjsblt1","timelineOffsetMs":null,"dispatchPhase":"actual"}
10-14 22:07:29.766 21009 21095 I ReactNativeJS: [outputs] outputs.flashPulse.nativeHandled {"timestamp":165165273.082513,"wallClock":1760494049766,"durationMs":360,"source":"console.replay","dispatchPhase":"actual","correlationId":"console-replay:6mjsblt1","flashIntensity":0.8,"brightnessPercent":80,"nativeFlashAvailable":true}
10-14 22:07:30.124 21009 21009 D ScreenFlasherView: overlay.intensity clamped=0.0 alpha=0 visibility=4 attached=true size=1080x2340
10-14 22:07:30.124 21009 21444 D OutputsAudio: [outputs-audio] stop gain=1.000 release=6.00
10-14 22:07:30.124 21009 21444 D OutputsAudio: [outputs-audio] playMorse.gap sequence=23 nextOffset=8160.000 gapTarget=165165745.308
10-14 22:07:30.124 21009 21444 D OutputsAudio: [outputs-audio] playMorse.dispatch sequence=24 symbol=- offset=8160.000 lead=4.000 dispatchAt=165165741.308 gapLead=120.000
10-14 22:07:30.129 21009 21149 D OutputsAudio: [outputs-audio] tone.stop.actual stoppedAt=165165636.284
10-14 22:07:30.235 21009 21444 D OutputsAudio: [outputs-audio] start hz=600.0 gain=1.000 attack=2.50 release=6.00
10-14 22:07:30.235 21009 21444 D OutputsAudio: [outputs-audio] tone.request hz=600.0 gain=1.000 requestedAt=165165742.487
10-14 22:07:30.235 21009 21444 D OutputsAudio: [outputs-audio] playMorse.symbol.start sequence=24 symbol=- expected=165165745.308 actual=165165746.746 skew=1.438 batchElapsed=8161.438
10-14 22:07:30.237 21009 21149 D OutputsAudio: [outputs-audio] tone.start.actual actual=165165744.314 requested=165165742.487 delta=1.827
10-14 22:07:30.239 21009 21149 D OutputsAudio: [outputs-audio] tone.gain.steady target=1.000 reachedAt=165165746.281 delta=1.968
10-14 22:07:30.251 21009 21009 D ScreenFlasherView: overlay.intensity clamped=0.8 alpha=204 visibility=0 attached=true size=1080x2340
10-14 22:07:30.253 21009 21095 I ReactNativeJS: [outputs] playMorse.symbol {"timestamp":165165759.575482,"wallClock":1760494050252,"symbol":"-","durationMs":360,"index":23,"source":"console.replay","correlationId":"console-replay:kpwhzq81","nativeTimestampMs":165165746.745898,"nativeDurationMs":360,"nativeOffsetMs":8160,"nativeSequence":24,"monotonicTimestampMs":165165746.745898,"nativeExpectedTimestampMs":165165745.307829,"nativeStartSkewMs":1.4380690157413483,"nativeBatchElapsedMs":8161.438069015741,"nativeExpectedSincePriorMs":480,"nativeSincePriorMs":480.3288020193577,"nativePatternStartMs":165157585.307829,"nativeAgeMs":null,"nativeFlashHandled":true,"nativeFlashAvailable":true}
10-14 22:07:30.254 21009 21095 I ReactNativeJS: [outputs] playMorse.nativeOffset.spike {"timestamp":165165760.9997,"wallClock":1760494050253,"source":"console.replay","offsetMs":8160,"sequence":24,"unitMs":120,"correlationId":"console-replay:kpwhzq81","startSkewMs":1.4380690157413483,"batchElapsedMs":8161.438069015741}
10-14 22:07:30.255 21009 21095 I ReactNativeJS: [outputs] outputs.hapticSymbol {"timestamp":165165761.648294,"wallClock":1760494050254,"enabled":true,"symbol":"-","durationMs":360,"platform":"android","source":"console.replay","correlationId":"console-replay:kpwhzq81","timelineOffsetMs":null,"dispatchPhase":"actual"}
10-14 22:07:30.256 21009 21095 I ReactNativeJS: [outputs] outputs.flashPulse.nativeHandled {"timestamp":165165762.726211,"wallClock":1760494050255,"durationMs":360,"source":"console.replay","dispatchPhase":"actual","correlationId":"console-replay:kpwhzq81","flashIntensity":0.8,"brightnessPercent":80,"nativeFlashAvailable":true}
10-14 22:07:30.602 21009 21009 D ScreenFlasherView: overlay.intensity clamped=0.0 alpha=0 visibility=4 attached=true size=1080x2340
10-14 22:07:30.602 21009 21444 D OutputsAudio: [outputs-audio] stop gain=1.000 release=6.00
10-14 22:07:30.602 21009 21444 D OutputsAudio: [outputs-audio] playMorse.gap sequence=24 nextOffset=8640.000 gapTarget=165166225.308
10-14 22:07:30.602 21009 21444 D OutputsAudio: [outputs-audio] playMorse.dispatch sequence=25 symbol=. offset=8640.000 lead=4.000 dispatchAt=165166221.308 gapLead=120.000
10-14 22:07:30.607 21009 21149 D OutputsAudio: [outputs-audio] tone.stop.actual stoppedAt=165166114.289
10-14 22:07:30.714 21009 21444 D OutputsAudio: [outputs-audio] start hz=600.0 gain=1.000 attack=2.50 release=6.00
10-14 22:07:30.714 21009 21444 D OutputsAudio: [outputs-audio] tone.request hz=600.0 gain=1.000 requestedAt=165166221.441
10-14 22:07:30.714 21009 21444 D OutputsAudio: [outputs-audio] playMorse.symbol.start sequence=25 symbol=. expected=165166225.308 actual=165166225.605 skew=0.297 batchElapsed=8640.297
10-14 22:07:30.715 21009 21149 D OutputsAudio: [outputs-audio] tone.start.actual actual=165166222.253 requested=165166221.441 delta=0.812
10-14 22:07:30.716 21009 21009 D ScreenFlasherView: overlay.intensity clamped=0.8 alpha=204 visibility=0 attached=true size=1080x2340
10-14 22:07:30.717 21009 21149 D OutputsAudio: [outputs-audio] tone.gain.steady target=1.000 reachedAt=165166224.278 delta=2.024
10-14 22:07:30.719 21009 21095 I ReactNativeJS: [outputs] playMorse.symbol {"timestamp":165166223.902252,"wallClock":1760494050716,"symbol":".","durationMs":120,"index":24,"source":"console.replay","correlationId":"console-replay:29j16wcd","nativeTimestampMs":165166225.605273,"nativeDurationMs":120,"nativeOffsetMs":8640,"nativeSequence":25,"monotonicTimestampMs":165166225.605273,"nativeExpectedTimestampMs":165166225.307829,"nativeStartSkewMs":0.29744401574134827,"nativeBatchElapsedMs":8640.297444015741,"nativeExpectedSincePriorMs":480,"nativeSincePriorMs":478.859375,"nativePatternStartMs":165157585.307829,"nativeAgeMs":null,"nativeFlashHandled":true,"nativeFlashAvailable":true}
10-14 22:07:30.721 21009 21095 I ReactNativeJS: [outputs] playMorse.nativeOffset.spike {"timestamp":165166226.257148,"wallClock":1760494050719,"source":"console.replay","offsetMs":8640,"sequence":25,"unitMs":120,"correlationId":"console-replay:29j16wcd","startSkewMs":0.29744401574134827,"batchElapsedMs":8640.297444015741}
10-14 22:07:30.723 21009 21095 I ReactNativeJS: [outputs] outputs.hapticSymbol {"timestamp":165166228.851263,"wallClock":1760494050721,"enabled":true,"symbol":".","durationMs":120,"platform":"android","source":"console.replay","correlationId":"console-replay:29j16wcd","timelineOffsetMs":null,"dispatchPhase":"actual"}
10-14 22:07:30.727 21009 21095 I ReactNativeJS: [outputs] outputs.flashPulse.nativeHandled {"timestamp":165166233.871211,"wallClock":1760494050726,"durationMs":120,"source":"console.replay","dispatchPhase":"actual","correlationId":"console-replay:29j16wcd","flashIntensity":0.8,"brightnessPercent":80,"nativeFlashAvailable":true}
10-14 22:07:30.857 21009 21009 D ScreenFlasherView: overlay.intensity clamped=0.0 alpha=0 visibility=4 attached=true size=1080x2340
10-14 22:07:30.857 21009 21444 D OutputsAudio: [outputs-audio] stop gain=1.000 release=6.00
10-14 22:07:30.857 21009 21444 D OutputsAudio: [outputs-audio] playMorse.gap sequence=25 nextOffset=8880.000 gapTarget=165166465.308
10-14 22:07:30.857 21009 21444 D OutputsAudio: [outputs-audio] playMorse.dispatch sequence=26 symbol=. offset=8880.000 lead=4.000 dispatchAt=165166461.308 gapLead=120.000
10-14 22:07:30.863 21009 21149 D OutputsAudio: [outputs-audio] tone.stop.actual stoppedAt=165166370.253
10-14 22:07:30.954 21009 21444 D OutputsAudio: [outputs-audio] start hz=600.0 gain=1.000 attack=2.50 release=6.00
10-14 22:07:30.954 21009 21444 D OutputsAudio: [outputs-audio] tone.request hz=600.0 gain=1.000 requestedAt=165166461.497
10-14 22:07:30.955 21009 21444 D OutputsAudio: [outputs-audio] playMorse.symbol.start sequence=26 symbol=. expected=165166465.308 actual=165166466.095 skew=0.787 batchElapsed=8880.787
10-14 22:07:30.955 21009 21149 D OutputsAudio: [outputs-audio] tone.start.actual actual=165166462.236 requested=165166461.497 delta=0.739
10-14 22:07:30.957 21009 21149 D OutputsAudio: [outputs-audio] tone.gain.steady target=1.000 reachedAt=165166464.264 delta=2.028
10-14 22:07:30.969 21009 21009 D ScreenFlasherView: overlay.intensity clamped=0.8 alpha=204 visibility=0 attached=true size=1080x2340
10-14 22:07:30.971 21009 21095 I ReactNativeJS: [outputs] playMorse.symbol {"timestamp":165166477.169388,"wallClock":1760494050970,"symbol":".","durationMs":120,"index":25,"source":"console.replay","correlationId":"console-replay:9k8g6ufx","nativeTimestampMs":165166466.095221,"nativeDurationMs":120,"nativeOffsetMs":8880,"nativeSequence":26,"monotonicTimestampMs":165166466.095221,"nativeExpectedTimestampMs":165166465.307829,"nativeStartSkewMs":0.7873920202255249,"nativeBatchElapsedMs":8880.787392020226,"nativeExpectedSincePriorMs":240,"nativeSincePriorMs":240.48994800448418,"nativePatternStartMs":165157585.307829,"nativeAgeMs":null,"nativeFlashHandled":true,"nativeFlashAvailable":true}
10-14 22:07:30.971 21009 21095 I ReactNativeJS: [outputs] playMorse.nativeOffset.spike {"timestamp":165166478.05845,"wallClock":1760494050971,"source":"console.replay","offsetMs":8880,"sequence":26,"unitMs":120,"correlationId":"console-replay:9k8g6ufx","startSkewMs":0.7873920202255249,"batchElapsedMs":8880.787392020226}
10-14 22:07:30.972 21009 21095 I ReactNativeJS: [outputs] outputs.hapticSymbol {"timestamp":165166478.580169,"wallClock":1760494050971,"enabled":true,"symbol":".","durationMs":120,"platform":"android","source":"console.replay","correlationId":"console-replay:9k8g6ufx","timelineOffsetMs":null,"dispatchPhase":"actual"}
10-14 22:07:30.972 21009 21095 I ReactNativeJS: [outputs] outputs.flashPulse.nativeHandled {"timestamp":165166479.481367,"wallClock":1760494050972,"durationMs":120,"source":"console.replay","dispatchPhase":"actual","correlationId":"console-replay:9k8g6ufx","flashIntensity":0.8,"brightnessPercent":80,"nativeFlashAvailable":true}
10-14 22:07:31.104 21009 21009 D ScreenFlasherView: overlay.intensity clamped=0.0 alpha=0 visibility=4 attached=true size=1080x2340
10-14 22:07:31.105 21009 21444 D OutputsAudio: [outputs-audio] stop gain=1.000 release=6.00
10-14 22:07:31.105 21009 21444 D OutputsAudio: [outputs-audio] playMorse.gap sequence=26 nextOffset=9120.000 gapTarget=165166705.308
10-14 22:07:31.105 21009 21444 D OutputsAudio: [outputs-audio] playMorse.dispatch sequence=27 symbol=. offset=9120.000 lead=4.000 dispatchAt=165166701.308 gapLead=120.000
10-14 22:07:31.109 21009 21149 D OutputsAudio: [outputs-audio] tone.stop.actual stoppedAt=165166616.238
10-14 22:07:31.194 21009 21444 D OutputsAudio: [outputs-audio] start hz=600.0 gain=1.000 attack=2.50 release=6.00
10-14 22:07:31.194 21009 21444 D OutputsAudio: [outputs-audio] tone.request hz=600.0 gain=1.000 requestedAt=165166701.555
10-14 22:07:31.194 21009 21444 D OutputsAudio: [outputs-audio] playMorse.symbol.start sequence=27 symbol=. expected=165166705.308 actual=165166705.776 skew=0.468 batchElapsed=9120.468
10-14 22:07:31.195 21009 21149 D OutputsAudio: [outputs-audio] tone.start.actual actual=165166702.278 requested=165166701.555 delta=0.723
10-14 22:07:31.196 21009 21009 D ScreenFlasherView: overlay.intensity clamped=0.8 alpha=204 visibility=0 attached=true size=1080x2340
10-14 22:07:31.197 21009 21149 D OutputsAudio: [outputs-audio] tone.gain.steady target=1.000 reachedAt=165166704.283 delta=2.005
10-14 22:07:31.200 21009 21095 I ReactNativeJS: [outputs] playMorse.symbol {"timestamp":165166705.466783,"wallClock":1760494051198,"symbol":".","durationMs":120,"index":26,"source":"console.replay","correlationId":"console-replay:nunsr2ro","nativeTimestampMs":165166705.775533,"nativeDurationMs":120,"nativeOffsetMs":9120,"nativeSequence":27,"monotonicTimestampMs":165166705.775533,"nativeExpectedTimestampMs":165166705.307829,"nativeStartSkewMs":0.46770399808883667,"nativeBatchElapsedMs":9120.467703998089,"nativeExpectedSincePriorMs":240,"nativeSincePriorMs":239.6803119778633,"nativePatternStartMs":165157585.307829,"nativeAgeMs":null,"nativeFlashHandled":true,"nativeFlashAvailable":true}
10-14 22:07:31.203 21009 21095 I ReactNativeJS: [outputs] playMorse.nativeOffset.spike {"timestamp":165166707.821679,"wallClock":1760494051200,"source":"console.replay","offsetMs":9120,"sequence":27,"unitMs":120,"correlationId":"console-replay:nunsr2ro","startSkewMs":0.46770399808883667,"batchElapsedMs":9120.467703998089}
10-14 22:07:31.206 21009 21095 I ReactNativeJS: [outputs] outputs.hapticSymbol {"timestamp":165166710.322148,"wallClock":1760494051203,"enabled":true,"symbol":".","durationMs":120,"platform":"android","source":"console.replay","correlationId":"console-replay:nunsr2ro","timelineOffsetMs":null,"dispatchPhase":"actual"}
10-14 22:07:31.207 21009 21095 I ReactNativeJS: [outputs] outputs.flashPulse.nativeHandled {"timestamp":165166714.093606,"wallClock":1760494051207,"durationMs":120,"source":"console.replay","dispatchPhase":"actual","correlationId":"console-replay:nunsr2ro","flashIntensity":0.8,"brightnessPercent":80,"nativeFlashAvailable":true}
10-14 22:07:31.321 21009 21009 D ScreenFlasherView: overlay.intensity clamped=0.0 alpha=0 visibility=4 attached=true size=1080x2340
10-14 22:07:31.321 21009 21444 D OutputsAudio: [outputs-audio] stop gain=1.000 release=6.00
10-14 22:07:31.322 21009 21444 D OutputsAudio: [outputs-audio] stop gain=1.000 release=6.00
10-14 22:07:31.327 21009 21149 D OutputsAudio: [outputs-audio] tone.stop.actual stoppedAt=165166834.316
10-14 22:07:31.355 21009 21444 D OutputsAudio: [outputs-audio] playMorse.end cancelled=0
10-14 22:07:31.355 21009 21095 I ReactNativeJS: [outputs] playMorse.complete {"timestamp":165166862.062252,"wallClock":1760494051355,"durationMs":9657.366193979979,"source":"console.replay","audioEnabled":true,"audioVolumePercent":100,"screenBrightnessBoost":false}
10-14 22:07:35.114 21009 21095 I ReactNativeJS: [outputs] playMorse.start {"timestamp":165170620.491469,"wallClock":1760494055113,"unitMs":60,"length":28,"source":"console.replay","audioEnabled":true,"audioVolumePercent":100,"flashEnabled":true,"hapticsEnabled":true,"torchEnabled":false,"screenBrightnessBoost":false}
10-14 22:07:35.309 21009 21095 D OutputsAudio: [outputs-audio] warmup hz=600.0
10-14 22:07:35.329 21009 21503 D OutputsAudio: [outputs-audio] playMorse.start count=27 unit=60.0
10-14 22:07:35.329 21009 21503 D OutputsAudio: [outputs-audio] playMorse.dispatch sequence=1 symbol=. offset=0.000 lead=0.000 dispatchAt=165170816.162 gapLead=0.000
10-14 22:07:35.329 21009 21503 D OutputsAudio: [outputs-audio] start hz=600.0 gain=1.000 attack=2.50 release=6.00
10-14 22:07:35.330 21009 21503 D OutputsAudio: [outputs-audio] tone.request hz=600.0 gain=1.000 requestedAt=165170836.558
10-14 22:07:35.330 21009 21503 D OutputsAudio: [outputs-audio] playMorse.symbol.start sequence=1 symbol=. expected=165170816.162 actual=165170837.971 skew=21.809 batchElapsed=21.809
10-14 22:07:35.331 21009 21149 D OutputsAudio: [outputs-audio] tone.start.actual actual=165170838.245 requested=165170836.558 delta=1.688
10-14 22:07:35.333 21009 21149 D OutputsAudio: [outputs-audio] tone.gain.steady target=1.000 reachedAt=165170840.261 delta=2.016
10-14 22:07:35.337 21009 21009 D ScreenFlasherView: overlay.intensity clamped=0.8 alpha=204 visibility=0 attached=true size=1080x2340
10-14 22:07:35.340 21009 21095 I ReactNativeJS: [outputs] playMorse.symbol {"timestamp":165170846.282876,"wallClock":1760494055339,"symbol":".","durationMs":60,"index":0,"source":"console.replay","correlationId":"console-replay:h2rpkf6z","nativeTimestampMs":165170837.971417,"nativeDurationMs":60,"nativeOffsetMs":0,"nativeSequence":1,"monotonicTimestampMs":165170837.971417,"nativeExpectedTimestampMs":165170816.161938,"nativeStartSkewMs":21.809478998184204,"nativeBatchElapsedMs":21.809478998184204,"nativeExpectedSincePriorMs":null,"nativeSincePriorMs":null,"nativePatternStartMs":165170816.161938,"nativeAgeMs":null,"nativeFlashHandled":true,"nativeFlashAvailable":true}
10-14 22:07:35.340 21009 21095 I ReactNativeJS: [outputs] outputs.hapticSymbol {"timestamp":165170847.168396,"wallClock":1760494055340,"enabled":true,"symbol":".","durationMs":60,"platform":"android","source":"console.replay","correlationId":"console-replay:h2rpkf6z","timelineOffsetMs":null,"dispatchPhase":"actual"}
10-14 22:07:35.341 21009 21095 I ReactNativeJS: [outputs] outputs.flashPulse.nativeHandled {"timestamp":165170847.966573,"wallClock":1760494055340,"durationMs":60,"source":"console.replay","dispatchPhase":"actual","correlationId":"console-replay:h2rpkf6z","flashIntensity":0.8,"brightnessPercent":80,"nativeFlashAvailable":true}
10-14 22:07:35.398 21009 21009 D ScreenFlasherView: overlay.intensity clamped=0.0 alpha=0 visibility=4 attached=true size=1080x2340
10-14 22:07:35.399 21009 21503 D OutputsAudio: [outputs-audio] stop gain=1.000 release=6.00
10-14 22:07:35.399 21009 21503 D OutputsAudio: [outputs-audio] playMorse.gap sequence=1 nextOffset=120.000 gapTarget=165170936.162
10-14 22:07:35.399 21009 21503 D OutputsAudio: [outputs-audio] playMorse.dispatch sequence=2 symbol=. offset=120.000 lead=4.000 dispatchAt=165170932.162 gapLead=60.000
10-14 22:07:35.403 21009 21149 D OutputsAudio: [outputs-audio] tone.stop.actual stoppedAt=165170910.404
10-14 22:07:35.425 21009 21503 D OutputsAudio: [outputs-audio] start hz=600.0 gain=1.000 attack=2.50 release=6.00
10-14 22:07:35.425 21009 21503 D OutputsAudio: [outputs-audio] tone.request hz=600.0 gain=1.000 requestedAt=165170932.352
10-14 22:07:35.425 21009 21503 D OutputsAudio: [outputs-audio] playMorse.symbol.start sequence=2 symbol=. expected=165170936.162 actual=165170936.569 skew=0.407 batchElapsed=120.407
10-14 22:07:35.427 21009 21149 D OutputsAudio: [outputs-audio] tone.start.actual actual=165170934.226 requested=165170932.352 delta=1.873
10-14 22:07:35.429 21009 21149 D OutputsAudio: [outputs-audio] tone.gain.steady target=1.000 reachedAt=165170936.267 delta=2.041
10-14 22:07:35.437 21009 21009 D ScreenFlasherView: overlay.intensity clamped=0.8 alpha=204 visibility=0 attached=true size=1080x2340
10-14 22:07:35.439 21009 21095 I ReactNativeJS: [outputs] playMorse.symbol {"timestamp":165170945.748917,"wallClock":1760494055438,"symbol":".","durationMs":60,"index":1,"source":"console.replay","correlationId":"console-replay:5qphqv7q","nativeTimestampMs":165170936.568553,"nativeDurationMs":60,"nativeOffsetMs":120,"nativeSequence":2,"monotonicTimestampMs":165170936.568553,"nativeExpectedTimestampMs":165170936.161938,"nativeStartSkewMs":0.4066149890422821,"nativeBatchElapsedMs":120.40661498904228,"nativeExpectedSincePriorMs":120,"nativeSincePriorMs":98.59713599085808,"nativePatternStartMs":165170816.161938,"nativeAgeMs":null,"nativeFlashHandled":true,"nativeFlashAvailable":true}
10-14 22:07:35.440 21009 21095 I ReactNativeJS: [outputs] playMorse.nativeOffset.spike {"timestamp":165170946.756417,"wallClock":1760494055439,"source":"console.replay","offsetMs":120,"sequence":2,"unitMs":60,"correlationId":"console-replay:5qphqv7q","startSkewMs":0.4066149890422821,"batchElapsedMs":120.40661498904228}
10-14 22:07:35.441 21009 21095 I ReactNativeJS: [outputs] outputs.hapticSymbol {"timestamp":165170947.441469,"wallClock":1760494055440,"enabled":true,"symbol":".","durationMs":60,"platform":"android","source":"console.replay","correlationId":"console-replay:5qphqv7q","timelineOffsetMs":null,"dispatchPhase":"actual"}
10-14 22:07:35.442 21009 21095 I ReactNativeJS: [outputs] outputs.flashPulse.nativeHandled {"timestamp":165170948.658448,"wallClock":1760494055441,"durationMs":60,"source":"console.replay","dispatchPhase":"actual","correlationId":"console-replay:5qphqv7q","flashIntensity":0.8,"brightnessPercent":80,"nativeFlashAvailable":true}
10-14 22:07:35.490 21009 21009 D ScreenFlasherView: overlay.intensity clamped=0.0 alpha=0 visibility=4 attached=true size=1080x2340
10-14 22:07:35.490 21009 21503 D OutputsAudio: [outputs-audio] stop gain=1.000 release=6.00
10-14 22:07:35.491 21009 21503 D OutputsAudio: [outputs-audio] playMorse.gap sequence=2 nextOffset=240.000 gapTarget=165171056.162
10-14 22:07:35.491 21009 21503 D OutputsAudio: [outputs-audio] playMorse.dispatch sequence=3 symbol=. offset=240.000 lead=4.000 dispatchAt=165171052.162 gapLead=60.000
10-14 22:07:35.495 21009 21149 D OutputsAudio: [outputs-audio] tone.stop.actual stoppedAt=165171002.263
10-14 22:07:35.545 21009 21503 D OutputsAudio: [outputs-audio] start hz=600.0 gain=1.000 attack=2.50 release=6.00
10-14 22:07:35.545 21009 21503 D OutputsAudio: [outputs-audio] tone.request hz=600.0 gain=1.000 requestedAt=165171052.337
10-14 22:07:35.545 21009 21503 D OutputsAudio: [outputs-audio] playMorse.symbol.start sequence=3 symbol=. expected=165171056.162 actual=165171056.900 skew=0.738 batchElapsed=240.738
10-14 22:07:35.546 21009 21149 D OutputsAudio: [outputs-audio] tone.start.actual actual=165171052.423 requested=165171052.337 delta=0.086
10-14 22:07:35.547 21009 21009 D ScreenFlasherView: overlay.intensity clamped=0.8 alpha=204 visibility=0 attached=true size=1080x2340
10-14 22:07:35.547 21009 21149 D OutputsAudio: [outputs-audio] tone.gain.steady target=1.000 reachedAt=165171054.265 delta=1.842
10-14 22:07:35.549 21009 21095 I ReactNativeJS: [outputs] playMorse.symbol {"timestamp":165171055.266521,"wallClock":1760494055548,"symbol":".","durationMs":60,"index":2,"source":"console.replay","correlationId":"console-replay:nmxdyzcj","nativeTimestampMs":165171056.899698,"nativeDurationMs":60,"nativeOffsetMs":240,"nativeSequence":3,"monotonicTimestampMs":165171056.899698,"nativeExpectedTimestampMs":165171056.161938,"nativeStartSkewMs":0.7377599775791168,"nativeBatchElapsedMs":240.73775997757912,"nativeExpectedSincePriorMs":120,"nativeSincePriorMs":120.33114498853683,"nativePatternStartMs":165170816.161938,"nativeAgeMs":null,"nativeFlashHandled":true,"nativeFlashAvailable":true}
10-14 22:07:35.550 21009 21095 I ReactNativeJS: [outputs] playMorse.nativeOffset.spike {"timestamp":165171056.514178,"wallClock":1760494055549,"source":"console.replay","offsetMs":240,"sequence":3,"unitMs":60,"correlationId":"console-replay:nmxdyzcj","startSkewMs":0.7377599775791168,"batchElapsedMs":240.73775997757912}
10-14 22:07:35.551 21009 21095 I ReactNativeJS: [outputs] outputs.hapticSymbol {"timestamp":165171057.64048,"wallClock":1760494055550,"enabled":true,"symbol":".","durationMs":60,"platform":"android","source":"console.replay","correlationId":"console-replay:nmxdyzcj","timelineOffsetMs":null,"dispatchPhase":"actual"}
10-14 22:07:35.552 21009 21095 I ReactNativeJS: [outputs] outputs.flashPulse.nativeHandled {"timestamp":165171058.678605,"wallClock":1760494055551,"durationMs":60,"source":"console.replay","dispatchPhase":"actual","correlationId":"console-replay:nmxdyzcj","flashIntensity":0.8,"brightnessPercent":80,"nativeFlashAvailable":true}
10-14 22:07:35.610 21009 21009 D ScreenFlasherView: overlay.intensity clamped=0.0 alpha=0 visibility=4 attached=true size=1080x2340
10-14 22:07:35.610 21009 21503 D OutputsAudio: [outputs-audio] stop gain=1.000 release=6.00
10-14 22:07:35.611 21009 21503 D OutputsAudio: [outputs-audio] playMorse.gap sequence=3 nextOffset=360.000 gapTarget=165171176.162
10-14 22:07:35.611 21009 21503 D OutputsAudio: [outputs-audio] playMorse.dispatch sequence=4 symbol=- offset=360.000 lead=4.000 dispatchAt=165171172.162 gapLead=60.000
10-14 22:07:35.615 21009 21149 D OutputsAudio: [outputs-audio] tone.stop.actual stoppedAt=165171122.290
10-14 22:07:35.665 21009 21503 D OutputsAudio: [outputs-audio] start hz=600.0 gain=1.000 attack=2.50 release=6.00
10-14 22:07:35.665 21009 21503 D OutputsAudio: [outputs-audio] tone.request hz=600.0 gain=1.000 requestedAt=165171172.600
10-14 22:07:35.665 21009 21503 D OutputsAudio: [outputs-audio] playMorse.symbol.start sequence=4 symbol=- expected=165171176.162 actual=165171176.758 skew=0.596 batchElapsed=360.596
10-14 22:07:35.667 21009 21149 D OutputsAudio: [outputs-audio] tone.start.actual actual=165171174.241 requested=165171172.600 delta=1.642
10-14 22:07:35.667 21009 21009 D ScreenFlasherView: overlay.intensity clamped=0.8 alpha=204 visibility=0 attached=true size=1080x2340
10-14 22:07:35.668 21009 21095 I ReactNativeJS: [outputs] playMorse.symbol {"timestamp":165171175.171886,"wallClock":1760494055668,"symbol":"-","durationMs":180,"index":3,"source":"console.replay","correlationId":"console-replay:3q3wyhy4","nativeTimestampMs":165171176.757667,"nativeDurationMs":180,"nativeOffsetMs":360,"nativeSequence":4,"monotonicTimestampMs":165171176.757667,"nativeExpectedTimestampMs":165171176.161938,"nativeStartSkewMs":0.5957289934158325,"nativeBatchElapsedMs":360.59572899341583,"nativeExpectedSincePriorMs":120,"nativeSincePriorMs":119.85796901583672,"nativePatternStartMs":165170816.161938,"nativeAgeMs":null,"nativeFlashHandled":true,"nativeFlashAvailable":true}
10-14 22:07:35.669 21009 21095 I ReactNativeJS: [outputs] playMorse.nativeOffset.spike {"timestamp":165171175.874907,"wallClock":1760494055668,"source":"console.replay","offsetMs":360,"sequence":4,"unitMs":60,"correlationId":"console-replay:3q3wyhy4","startSkewMs":0.5957289934158325,"batchElapsedMs":360.59572899341583}
10-14 22:07:35.669 21009 21149 D OutputsAudio: [outputs-audio] tone.gain.steady target=1.000 reachedAt=165171176.264 delta=2.023
10-14 22:07:35.669 21009 21095 I ReactNativeJS: [outputs] outputs.hapticSymbol {"timestamp":165171176.352615,"wallClock":1760494055669,"enabled":true,"symbol":"-","durationMs":180,"platform":"android","source":"console.replay","correlationId":"console-replay:3q3wyhy4","timelineOffsetMs":null,"dispatchPhase":"actual"}
10-14 22:07:35.670 21009 21095 I ReactNativeJS: [outputs] outputs.flashPulse.nativeHandled {"timestamp":165171176.893344,"wallClock":1760494055669,"durationMs":180,"source":"console.replay","dispatchPhase":"actual","correlationId":"console-replay:3q3wyhy4","flashIntensity":0.8,"brightnessPercent":80,"nativeFlashAvailable":true}
10-14 22:07:35.857 21009 21009 D ScreenFlasherView: overlay.intensity clamped=0.0 alpha=0 visibility=4 attached=true size=1080x2340
10-14 22:07:35.857 21009 21503 D OutputsAudio: [outputs-audio] stop gain=1.000 release=6.00
10-14 22:07:35.857 21009 21503 D OutputsAudio: [outputs-audio] playMorse.gap sequence=4 nextOffset=600.000 gapTarget=165171416.162
10-14 22:07:35.857 21009 21503 D OutputsAudio: [outputs-audio] playMorse.dispatch sequence=5 symbol=- offset=600.000 lead=4.000 dispatchAt=165171412.162 gapLead=60.000
10-14 22:07:35.863 21009 21149 D OutputsAudio: [outputs-audio] tone.stop.actual stoppedAt=165171370.277
10-14 22:07:35.906 21009 21503 D OutputsAudio: [outputs-audio] start hz=600.0 gain=1.000 attack=2.50 release=6.00
10-14 22:07:35.906 21009 21503 D OutputsAudio: [outputs-audio] tone.request hz=600.0 gain=1.000 requestedAt=165171412.920
10-14 22:07:35.906 21009 21503 D OutputsAudio: [outputs-audio] playMorse.symbol.start sequence=5 symbol=- expected=165171416.162 actual=165171417.290 skew=1.128 batchElapsed=601.128
10-14 22:07:35.907 21009 21149 D OutputsAudio: [outputs-audio] tone.start.actual actual=165171414.295 requested=165171412.920 delta=1.376
10-14 22:07:35.909 21009 21149 D OutputsAudio: [outputs-audio] tone.gain.steady target=1.000 reachedAt=165171416.296 delta=2.001
10-14 22:07:35.913 21009 21009 D ScreenFlasherView: overlay.intensity clamped=0.8 alpha=204 visibility=0 attached=true size=1080x2340
10-14 22:07:35.916 21009 21095 I ReactNativeJS: [outputs] playMorse.symbol {"timestamp":165171421.98298,"wallClock":1760494055914,"symbol":"-","durationMs":180,"index":4,"source":"console.replay","correlationId":"console-replay:job7h52y","nativeTimestampMs":165171417.289594,"nativeDurationMs":180,"nativeOffsetMs":600,"nativeSequence":5,"monotonicTimestampMs":165171417.289594,"nativeExpectedTimestampMs":165171416.161938,"nativeStartSkewMs":1.1276559829711914,"nativeBatchElapsedMs":601.1276559829712,"nativeExpectedSincePriorMs":240,"nativeSincePriorMs":240.53192698955536,"nativePatternStartMs":165170816.161938,"nativeAgeMs":null,"nativeFlashHandled":true,"nativeFlashAvailable":true}
10-14 22:07:35.917 21009 21095 I ReactNativeJS: [outputs] playMorse.nativeOffset.spike {"timestamp":165171423.564021,"wallClock":1760494055916,"source":"console.replay","offsetMs":600,"sequence":5,"unitMs":60,"correlationId":"console-replay:job7h52y","startSkewMs":1.1276559829711914,"batchElapsedMs":601.1276559829712}
