10-11 19:44:44.307 12221 19570 D OutputsAudio: [outputs-audio] symbol.info sequence=24 symbol=- timestamp=27270476.093 duration=120.000 expected=27270441.086 skew=35.007 age=9.525
10-11 19:44:44.309 12221 19570 I ReactNativeJS: [outputs] playMorse.symbol {"timestamp":27270485.850428,"wallClock":1760226284307,"symbol":"-","durationMs":120,"index":22,"source":"console.replay","correlationId":"console-replay:5iy2vw5f","nativeTimestampMs":27270476.093,"nativeDurationMs":120,"nativeOffsetMs":9.660762000828981,"nativeSequence":24,"monotonicTimestampMs":27270476.093,"nativeExpectedTimestampMs":27270441.086,"nativeStartSkewMs":35.007,"nativeBatchElapsedMs":2755.007,"nativeExpectedSincePriorMs":160,"nativeSincePriorMs":161.184,"nativePatternStartMs":27267721.086,"nativeAgeMs":9.525}
10-11 19:44:44.311 12221 19570 I ReactNativeJS: [outputs] playMorse.symbol {"timestamp":27270488.248345,"wallClock":1760226284309,"symbol":"-","durationMs":120,"index":22,"source":"console.replay","correlationId":"console-replay:mgmxa5g5t88r452q","nativeTimestampMs":27270476.093,"nativeDurationMs":120,"nativeOffsetMs":9.660762000828981,"nativeSequence":24,"monotonicTimestampMs":27270476.093,"nativeExpectedTimestampMs":27270441.086,"nativeStartSkewMs":35.007,"nativeBatchElapsedMs":2755.007,"nativeExpectedSincePriorMs":160,"nativeSincePriorMs":161.184,"nativePatternStartMs":27267721.086,"nativeAgeMs":9.525}
10-11 19:44:44.312 12221 19570 I ReactNativeJS: [outputs] outputs.hapticSymbol {"timestamp":27270489.833449,"wallClock":1760226284311,"enabled":true,"symbol":"-","durationMs":120,"platform":"android","source":"console.replay","correlationId":"console-replay:mgmxa5g5t88r452q","timelineOffsetMs":null}
10-11 19:44:44.316 12221 19570 I ReactNativeJS: [outputs] outputs.flashPulse {"timestamp":27270493.650845,"wallClock":1760226284315,"enabled":true,"durationMs":120,"source":"console.replay","correlationId":"console-replay:mgmxa5g5t88r452q","timelineOffsetMs":9.660762000828981,"schedulingMode":"timeline","audioStartHeadroomMs":-60.54958499968052,"audioStartGuard":"headroom","audioStartCompensationMs":60.54958499968052}
10-11 19:44:44.381 12221 19570 I ReactNativeJS: [outputs] outputs.flashPulse.commit {"timestamp":27270559.644178,"wallClock":1760226284381,"durationMs":120,"source":"console.replay","correlationId":"console-replay:mgmxa5g5t88r452q","latencyMs":73.88046799972653,"timelineOffsetMs":9.660762000828981,"leadMs":8,"scheduleSkewMs":65.99640600010753,"schedulingMode":"timeline","audioStartHeadroomMs":-60.54958499968052,"audioStartGuard":"headroom","audioStartCompensationMs":60.54958499968052}
10-11 19:44:44.418 12221 19998 D OutputsAudio: [outputs-audio] stop gain=1.000 release=6.00
10-11 19:44:44.459 12221 19998 D OutputsAudio: [outputs-audio] start hz=650.0 gain=1.000 attack=2.50 release=6.00
10-11 19:44:44.459 12221 19998 D OutputsAudio: [outputs-audio] playMorse.symbol.start sequence=25 symbol=. expected=27270601.086 actual=27270638.194 skew=37.108 batchElapsed=2917.108
10-11 19:44:44.464 12221 19570 D OutputsAudio: [outputs-audio] symbol.info sequence=25 symbol=. timestamp=27270638.194 duration=40.000 expected=27270601.086 skew=37.108 age=4.361
10-11 19:44:44.464 12221 19570 I ReactNativeJS: [outputs] playMorse.symbol {"timestamp":27270642.71397,"wallClock":1760226284464,"symbol":"-","durationMs":120,"index":23,"source":"console.replay","correlationId":"console-replay:ilu46kpk","nativeTimestampMs":27270638.194,"nativeDurationMs":40,"nativeOffsetMs":4.450335003435612,"nativeSequence":25,"monotonicTimestampMs":27270638.194,"nativeExpectedTimestampMs":27270601.086,"nativeStartSkewMs":37.108,"nativeBatchElapsedMs":2917.108,"nativeExpectedSincePriorMs":160,"nativeSincePriorMs":162.1,"nativePatternStartMs":27267721.086,"nativeAgeMs":4.361}
10-11 19:44:44.465 12221 19570 I ReactNativeJS: [outputs] playMorse.symbol {"timestamp":27270643.487147,"wallClock":1760226284464,"symbol":"-","durationMs":120,"index":23,"source":"console.replay","correlationId":"console-replay:mgmxa5kgmtpgwgd5","nativeTimestampMs":27270638.194,"nativeDurationMs":40,"nativeOffsetMs":4.450335003435612,"nativeSequence":25,"monotonicTimestampMs":27270638.194,"nativeExpectedTimestampMs":27270601.086,"nativeStartSkewMs":37.108,"nativeBatchElapsedMs":2917.108,"nativeExpectedSincePriorMs":160,"nativeSincePriorMs":162.1,"nativePatternStartMs":27267721.086,"nativeAgeMs":4.361}
10-11 19:44:44.465 12221 19570 I ReactNativeJS: [outputs] outputs.hapticSymbol {"timestamp":27270643.967512,"wallClock":1760226284465,"enabled":true,"symbol":"-","durationMs":120,"platform":"android","source":"console.replay","correlationId":"console-replay:mgmxa5kgmtpgwgd5","timelineOffsetMs":null}
10-11 19:44:44.466 12221 19570 I ReactNativeJS: [outputs] outputs.flashPulse {"timestamp":27270644.901991,"wallClock":1760226284466,"enabled":true,"durationMs":120,"source":"console.replay","correlationId":"console-replay:mgmxa5kgmtpgwgd5","timelineOffsetMs":4.450335003435612,"schedulingMode":"timeline","audioStartHeadroomMs":-51.80375099927187,"audioStartGuard":"headroom","audioStartCompensationMs":51.80375099927187}
10-11 19:44:44.499 12221 19998 D OutputsAudio: [outputs-audio] stop gain=1.000 release=6.00
10-11 19:44:44.520 12221 19570 I ReactNativeJS: [outputs] outputs.flashPulse.commit {"timestamp":27270698.914907,"wallClock":1760226284520,"durationMs":120,"source":"console.replay","correlationId":"console-replay:mgmxa5kgmtpgwgd5","latencyMs":56.26114499941468,"timelineOffsetMs":4.450335003435612,"leadMs":8,"scheduleSkewMs":54.01375000178814,"schedulingMode":"timeline","audioStartHeadroomMs":-51.80375099927187,"audioStartGuard":"headroom","audioStartCompensationMs":51.80375099927187}
10-11 19:44:44.540 12221 19998 D OutputsAudio: [outputs-audio] start hz=650.0 gain=1.000 attack=2.50 release=6.00
10-11 19:44:44.540 12221 19998 D OutputsAudio: [outputs-audio] playMorse.symbol.start sequence=26 symbol=. expected=27270681.086 actual=27270719.061 skew=37.975 batchElapsed=2997.975
10-11 19:44:44.577 12221 19570 D OutputsAudio: [outputs-audio] symbol.info sequence=26 symbol=. timestamp=27270719.061 duration=40.000 expected=27270681.086 skew=37.975 age=36.823
10-11 19:44:44.578 12221 19570 I ReactNativeJS: [outputs] playMorse.symbol {"timestamp":27270756.195689,"wallClock":1760226284577,"symbol":".","durationMs":40,"index":24,"source":"console.replay","correlationId":"console-replay:g74re9c7","nativeTimestampMs":27270719.061,"nativeDurationMs":40,"nativeOffsetMs":37.02333400025964,"nativeSequence":26,"monotonicTimestampMs":27270719.061,"nativeExpectedTimestampMs":27270681.086,"nativeStartSkewMs":37.975,"nativeBatchElapsedMs":2997.975,"nativeExpectedSincePriorMs":80,"nativeSincePriorMs":80.867,"nativePatternStartMs":27267721.086,"nativeAgeMs":36.823}
10-11 19:44:44.579 12221 19570 I ReactNativeJS: [outputs] playMorse.symbol {"timestamp":27270757.686939,"wallClock":1760226284579,"symbol":".","durationMs":40,"index":24,"source":"console.replay","correlationId":"console-replay:mgmxa5nn6occ9c4u","nativeTimestampMs":27270719.061,"nativeDurationMs":40,"nativeOffsetMs":37.02333400025964,"nativeSequence":26,"monotonicTimestampMs":27270719.061,"nativeExpectedTimestampMs":27270681.086,"nativeStartSkewMs":37.975,"nativeBatchElapsedMs":2997.975,"nativeExpectedSincePriorMs":80,"nativeSincePriorMs":80.867,"nativePatternStartMs":27267721.086,"nativeAgeMs":36.823}
10-11 19:44:44.580 12221 19570 I ReactNativeJS: [outputs] outputs.hapticSymbol {"timestamp":27270758.61298,"wallClock":1760226284580,"enabled":true,"symbol":".","durationMs":40,"platform":"android","source":"console.replay","correlationId":"console-replay:mgmxa5nn6occ9c4u","timelineOffsetMs":null}
10-11 19:44:44.581 12221 19998 D OutputsAudio: [outputs-audio] stop gain=1.000 release=6.00
10-11 19:44:44.582 12221 19570 I ReactNativeJS: [outputs] outputs.flashPulse {"timestamp":27270760.339334,"wallClock":1760226284581,"enabled":true,"durationMs":40,"source":"console.replay","correlationId":"console-replay:mgmxa5nn6occ9c4u","timelineOffsetMs":37.02333400025964,"schedulingMode":"timeline","audioStartHeadroomMs":-87.23927200213075,"audioStartGuard":"headroom","audioStartCompensationMs":87.23927200213075}
10-11 19:44:44.622 12221 19998 D OutputsAudio: [outputs-audio] start hz=650.0 gain=1.000 attack=2.50 release=6.00
10-11 19:44:44.622 12221 19998 D OutputsAudio: [outputs-audio] playMorse.symbol.start sequence=27 symbol=. expected=27270761.086 actual=27270801.108 skew=40.022 batchElapsed=3080.022
10-11 19:44:44.653 12221 19570 I ReactNativeJS: [outputs] outputs.flashPulse.commit {"timestamp":27270831.281157,"wallClock":1760226284652,"durationMs":40,"source":"console.replay","correlationId":"console-replay:mgmxa5nn6occ9c4u","latencyMs":75.18687500059605,"timelineOffsetMs":37.02333400025964,"leadMs":8,"scheduleSkewMs":70.94380200281739,"schedulingMode":"timeline","audioStartHeadroomMs":-87.23927200213075,"audioStartGuard":"headroom","audioStartCompensationMs":87.23927200213075}
10-11 19:44:44.663 12221 19998 D OutputsAudio: [outputs-audio] stop gain=1.000 release=6.00
10-11 19:44:44.663 12221 19998 D OutputsAudio: [outputs-audio] stop gain=1.000 release=6.00
10-11 19:44:44.663 12221 19998 D OutputsAudio: [outputs-audio] playMorse.end cancelled=0
10-11 19:44:44.696 12221 19570 D OutputsAudio: [outputs-audio] symbol.info sequence=27 symbol=. timestamp=27270801.108 duration=40.000 expected=27270761.086 skew=40.022 age=73.726
10-11 19:44:44.696 12221 19570 I ReactNativeJS: [outputs] playMorse.symbol {"timestamp":27270874.967147,"wallClock":1760226284696,"symbol":".","durationMs":40,"index":25,"source":"console.replay","correlationId":"console-replay:baivlhde","nativeTimestampMs":27270801.108,"nativeDurationMs":40,"nativeOffsetMs":73.81227200105786,"nativeSequence":27,"monotonicTimestampMs":27270801.108,"nativeExpectedTimestampMs":27270761.086,"nativeStartSkewMs":40.022,"nativeBatchElapsedMs":3080.022,"nativeExpectedSincePriorMs":80,"nativeSincePriorMs":82.047,"nativePatternStartMs":27267721.086,"nativeAgeMs":73.726}
10-11 19:44:44.697 12221 19570 I ReactNativeJS: [outputs] playMorse.symbol {"timestamp":27270875.586157,"wallClock":1760226284697,"symbol":".","durationMs":40,"index":25,"source":"console.replay","correlationId":"console-replay:mgmxa5qws3ohe1wm","nativeTimestampMs":27270801.108,"nativeDurationMs":40,"nativeOffsetMs":73.81227200105786,"nativeSequence":27,"monotonicTimestampMs":27270801.108,"nativeExpectedTimestampMs":27270761.086,"nativeStartSkewMs":40.022,"nativeBatchElapsedMs":3080.022,"nativeExpectedSincePriorMs":80,"nativeSincePriorMs":82.047,"nativePatternStartMs":27267721.086,"nativeAgeMs":73.726}
10-11 19:44:44.697 12221 19570 I ReactNativeJS: [outputs] outputs.hapticSymbol {"timestamp":27270876.060376,"wallClock":1760226284697,"enabled":true,"symbol":".","durationMs":40,"platform":"android","source":"console.replay","correlationId":"console-replay:mgmxa5qws3ohe1wm","timelineOffsetMs":null}
10-11 19:44:44.698 12221 19570 I ReactNativeJS: [outputs] outputs.flashPulse {"timestamp":27270876.855689,"wallClock":1760226284698,"enabled":true,"durationMs":40,"source":"console.replay","correlationId":"console-replay:mgmxa5qws3ohe1wm","timelineOffsetMs":73.81227200105786,"schedulingMode":"timeline","audioStartHeadroomMs":-123.75958400219679,"audioStartGuard":"headroom","audioStartCompensationMs":123.75958400219679}
10-11 19:44:44.758 12221 19570 I ReactNativeJS: [outputs] outputs.flashPulse.commit {"timestamp":27270936.967043,"wallClock":1760226284758,"durationMs":40,"source":"console.replay","correlationId":"console-replay:mgmxa5qws3ohe1wm","latencyMs":62.038176998496056,"timelineOffsetMs":73.81227200105786,"leadMs":8,"scheduleSkewMs":60.111457999795675,"schedulingMode":"timeline","audioStartHeadroomMs":-123.75958400219679,"audioStartGuard":"headroom","audioStartCompensationMs":123.75958400219679}
10-11 19:44:44.972 12221 19570 I ReactNativeJS: [outputs] playMorse.symbol {"timestamp":27271150.256886,"wallClock":1760226284971,"symbol":".","durationMs":40,"index":26,"source":"console.replay","correlationId":"console-replay:1j8tc2yo","nativeTimestampMs":null,"nativeDurationMs":40,"nativeOffsetMs":null,"nativeSequence":null,"monotonicTimestampMs":null,"nativeExpectedTimestampMs":null,"nativeStartSkewMs":null,"nativeBatchElapsedMs":null,"nativeExpectedSincePriorMs":null,"nativeSincePriorMs":null,"nativePatternStartMs":null,"nativeAgeMs":null}
10-11 19:44:44.973 12221 19570 I ReactNativeJS: [outputs] playMorse.symbol {"timestamp":27271151.542407,"wallClock":1760226284972,"symbol":".","durationMs":40,"index":26,"source":"console.replay","correlationId":"console-replay:mgmxa5ykxbosj5qr","nativeTimestampMs":null,"nativeDurationMs":40,"nativeOffsetMs":null,"nativeSequence":null,"monotonicTimestampMs":null,"nativeExpectedTimestampMs":null,"nativeStartSkewMs":null,"nativeBatchElapsedMs":null,"nativeExpectedSincePriorMs":null,"nativeSincePriorMs":null,"nativePatternStartMs":null,"nativeAgeMs":null}
10-11 19:44:44.974 12221 19570 I ReactNativeJS: [outputs] outputs.hapticSymbol {"timestamp":27271152.548553,"wallClock":1760226284973,"enabled":true,"symbol":".","durationMs":40,"platform":"android","source":"console.replay","correlationId":"console-replay:mgmxa5ykxbosj5qr","timelineOffsetMs":null}
10-11 19:44:44.976 12221 19570 I ReactNativeJS: [outputs] outputs.flashPulse {"timestamp":27271154.152928,"wallClock":1760226284975,"enabled":true,"durationMs":40,"source":"console.replay","correlationId":"console-replay:mgmxa5ykxbosj5qr","timelineOffsetMs":24,"schedulingMode":"timeline"}
10-11 19:44:45.041 12221 19570 I ReactNativeJS: [outputs] playMorse.complete {"timestamp":27271219.798084,"wallClock":1760226285041,"durationMs":3765.8177069984376,"source":"console.replay","audioEnabled":true,"audioVolumePercent":100}
10-11 19:44:45.087 12221 19570 I ReactNativeJS: [outputs] outputs.flashPulse.commit {"timestamp":27271265.893657,"wallClock":1760226285087,"durationMs":40,"source":"console.replay","correlationId":"console-replay:mgmxa5ykxbosj5qr","latencyMs":90.35323000326753,"timelineOffsetMs":24,"leadMs":8,"scheduleSkewMs":98.35323000326753,"schedulingMode":"timeline"}
10-11 19:44:48.451 12221 19570 I ReactNativeJS: [outputs] playMorse.start {"timestamp":27274629.289489,"wallClock":1760226288450,"unitMs":34,"length":29,"source":"console.replay","audioEnabled":true,"audioVolumePercent":100}
10-11 19:44:48.672 12221 19570 D OutputsAudio: [outputs-audio] warmup hz=650.0
10-11 19:44:48.672 12221 20034 D OutputsAudio: [outputs-audio] playMorse.start count=27 unit=34.0
10-11 19:44:48.672 12221 20034 D OutputsAudio: [outputs-audio] start hz=650.0 gain=1.000 attack=2.50 release=6.00
10-11 19:44:48.672 12221 20034 D OutputsAudio: [outputs-audio] playMorse.symbol.start sequence=1 symbol=. expected=27274851.092 actual=27274851.561 skew=0.469 batchElapsed=0.469
10-11 19:44:48.680 12221 19570 D OutputsAudio: [outputs-audio] symbol.info sequence=1 symbol=. timestamp=27274851.561 duration=34.000 expected=27274851.092 skew=0.469 age=7.264
10-11 19:44:48.681 12221 19570 I ReactNativeJS: [outputs] playMorse.symbol {"timestamp":27274859.030062,"wallClock":1760226288680,"symbol":".","durationMs":34,"index":0,"source":"console.replay","correlationId":"console-replay:qta8nxmm","nativeTimestampMs":27274851.561,"nativeDurationMs":34,"nativeOffsetMs":7.37041600048542,"nativeSequence":1,"monotonicTimestampMs":27274851.561,"nativeExpectedTimestampMs":27274851.092,"nativeStartSkewMs":0.469,"nativeBatchElapsedMs":0.469,"nativeExpectedSincePriorMs":0,"nativeSincePriorMs":0,"nativePatternStartMs":27274851.092,"nativeAgeMs":7.264}
10-11 19:44:48.682 12221 19570 I ReactNativeJS: [outputs] playMorse.symbol {"timestamp":27274860.201937,"wallClock":1760226288681,"symbol":".","durationMs":34,"index":0,"source":"console.replay","correlationId":"console-replay:mgmxa8tl9i1ae5jh","nativeTimestampMs":27274851.561,"nativeDurationMs":34,"nativeOffsetMs":7.37041600048542,"nativeSequence":1,"monotonicTimestampMs":27274851.561,"nativeExpectedTimestampMs":27274851.092,"nativeStartSkewMs":0.469,"nativeBatchElapsedMs":0.469,"nativeExpectedSincePriorMs":0,"nativeSincePriorMs":0,"nativePatternStartMs":27274851.092,"nativeAgeMs":7.264}
10-11 19:44:48.682 12221 19570 I ReactNativeJS: [outputs] outputs.hapticSymbol {"timestamp":27274860.909697,"wallClock":1760226288682,"enabled":true,"symbol":".","durationMs":34,"platform":"android","source":"console.replay","correlationId":"console-replay:mgmxa8tl9i1ae5jh","timelineOffsetMs":null}
10-11 19:44:48.684 12221 19570 I ReactNativeJS: [outputs] outputs.flashPulse {"timestamp":27274862.203604,"wallClock":1760226288683,"enabled":true,"durationMs":34,"source":"console.replay","correlationId":"console-replay:mgmxa8tl9i1ae5jh","timelineOffsetMs":7.37041600048542,"schedulingMode":"timeline","audioStartHeadroomMs":-19.095821999013424,"audioStartGuard":"headroom","audioStartCompensationMs":19.095821999013424}
10-11 19:44:48.707 12221 20034 D OutputsAudio: [outputs-audio] stop gain=1.000 release=6.00
10-11 19:44:48.742 12221 20034 D OutputsAudio: [outputs-audio] start hz=650.0 gain=1.000 attack=2.50 release=6.00
10-11 19:44:48.742 12221 20034 D OutputsAudio: [outputs-audio] playMorse.symbol.start sequence=2 symbol=. expected=27274919.092 actual=27274920.753 skew=1.661 batchElapsed=69.661
10-11 19:44:48.749 12221 19570 I ReactNativeJS: [outputs] outputs.flashPulse.commit {"timestamp":27274927.623135,"wallClock":1760226288749,"durationMs":34,"source":"console.replay","correlationId":"console-replay:mgmxa8tl9i1ae5jh","latencyMs":68.68281299993396,"timelineOffsetMs":7.37041600048542,"leadMs":8,"scheduleSkewMs":65.4236459992826,"schedulingMode":"timeline","audioStartHeadroomMs":-19.095821999013424,"audioStartGuard":"headroom","audioStartCompensationMs":19.095821999013424}
10-11 19:44:48.776 12221 20034 D OutputsAudio: [outputs-audio] stop gain=1.000 release=6.00
10-11 19:44:48.797 12221 19570 D OutputsAudio: [outputs-audio] symbol.info sequence=2 symbol=. timestamp=27274920.753 duration=34.000 expected=27274919.092 skew=1.661 age=55.098
10-11 19:44:48.798 12221 19570 I ReactNativeJS: [outputs] playMorse.symbol {"timestamp":27274975.988708,"wallClock":1760226288797,"symbol":".","durationMs":34,"index":1,"source":"console.replay","correlationId":"console-replay:pb8rfadh","nativeTimestampMs":27274920.753,"nativeDurationMs":34,"nativeOffsetMs":55.19081200286746,"nativeSequence":2,"monotonicTimestampMs":27274920.753,"nativeExpectedTimestampMs":27274919.092,"nativeStartSkewMs":1.661,"nativeBatchElapsedMs":69.661,"nativeExpectedSincePriorMs":68,"nativeSincePriorMs":69.191,"nativePatternStartMs":27274851.092,"nativeAgeMs":55.098}
10-11 19:44:48.798 12221 19570 I ReactNativeJS: [outputs] playMorse.symbol {"timestamp":27274976.71902,"wallClock":1760226288798,"symbol":".","durationMs":34,"index":1,"source":"console.replay","correlationId":"console-replay:mgmxa8wuo7kxijcg","nativeTimestampMs":27274920.753,"nativeDurationMs":34,"nativeOffsetMs":55.19081200286746,"nativeSequence":2,"monotonicTimestampMs":27274920.753,"nativeExpectedTimestampMs":27274919.092,"nativeStartSkewMs":1.661,"nativeBatchElapsedMs":69.661,"nativeExpectedSincePriorMs":68,"nativeSincePriorMs":69.191,"nativePatternStartMs":27274851.092,"nativeAgeMs":55.098}
10-11 19:44:48.798 12221 19570 I ReactNativeJS: [outputs] outputs.hapticSymbol {"timestamp":27274977.125687,"wallClock":1760226288798,"enabled":true,"symbol":".","durationMs":34,"platform":"android","source":"console.replay","correlationId":"console-replay:mgmxa8wuo7kxijcg","timelineOffsetMs":null}
10-11 19:44:48.799 12221 19570 I ReactNativeJS: [outputs] outputs.flashPulse {"timestamp":27274977.929437,"wallClock":1760226288799,"enabled":true,"durationMs":34,"source":"console.replay","correlationId":"console-replay:mgmxa8wuo7kxijcg","timelineOffsetMs":55.19081200286746,"schedulingMode":"timeline","audioStartHeadroomMs":-66.82842699810863,"audioStartGuard":"headroom","audioStartCompensationMs":66.82842699810863}
10-11 19:44:48.811 12221 20034 D OutputsAudio: [outputs-audio] start hz=650.0 gain=1.000 attack=2.50 release=6.00
10-11 19:44:48.811 12221 20034 D OutputsAudio: [outputs-audio] playMorse.symbol.start sequence=3 symbol=. expected=27274987.092 actual=27274990.029 skew=2.938 batchElapsed=138.938
10-11 19:44:48.846 12221 20034 D OutputsAudio: [outputs-audio] stop gain=1.000 release=6.00
10-11 19:44:48.854 12221 19570 I ReactNativeJS: [outputs] outputs.flashPulse.commit {"timestamp":27275032.305218,"wallClock":1760226288853,"durationMs":34,"source":"console.replay","correlationId":"console-replay:mgmxa8wuo7kxijcg","latencyMs":56.35249999910593,"timelineOffsetMs":55.19081200286746,"leadMs":8,"scheduleSkewMs":54.37421900033951,"schedulingMode":"timeline","audioStartHeadroomMs":-66.82842699810863,"audioStartGuard":"headroom","audioStartCompensationMs":66.82842699810863}
10-11 19:44:48.881 12221 20034 D OutputsAudio: [outputs-audio] start hz=650.0 gain=1.000 attack=2.50 release=6.00
10-11 19:44:48.881 12221 20034 D OutputsAudio: [outputs-audio] playMorse.symbol.start sequence=4 symbol=- expected=27275055.092 actual=27275060.248 skew=5.156 batchElapsed=209.156
10-11 19:44:48.897 12221 19570 D OutputsAudio: [outputs-audio] symbol.info sequence=4 symbol=- timestamp=27275060.248 duration=102.000 expected=27275055.092 skew=5.156 age=16.294
10-11 19:44:48.898 12221 19570 W ReactNativeJS: '[outputs-audio] native sequence jump', { previous: 2, next: 4, delta: 2 }
10-11 19:44:48.899 12221 19570 I ReactNativeJS: [outputs] playMorse.symbol {"timestamp":27275077.326677,"wallClock":1760226288898,"symbol":".","durationMs":34,"index":2,"source":"console.replay","correlationId":"console-replay:a8hucrrk","nativeTimestampMs":27275060.248,"nativeDurationMs":102,"nativeOffsetMs":17.045030999928713,"nativeSequence":4,"monotonicTimestampMs":27275060.248,"nativeExpectedTimestampMs":27275055.092,"nativeStartSkewMs":5.156,"nativeBatchElapsedMs":209.156,"nativeExpectedSincePriorMs":68,"nativeSincePriorMs":70.219,"nativePatternStartMs":27274851.092,"nativeAgeMs":16.294}
10-11 19:44:48.899 12221 19570 I ReactNativeJS: [outputs] playMorse.symbol {"timestamp":27275077.840218,"wallClock":1760226288899,"symbol":".","durationMs":34,"index":2,"source":"console.replay","correlationId":"console-replay:mgmxa8znpl11psrv","nativeTimestampMs":27275060.248,"nativeDurationMs":102,"nativeOffsetMs":17.045030999928713,"nativeSequence":4,"monotonicTimestampMs":27275060.248,"nativeExpectedTimestampMs":27275055.092,"nativeStartSkewMs":5.156,"nativeBatchElapsedMs":209.156,"nativeExpectedSincePriorMs":68,"nativeSincePriorMs":70.219,"nativePatternStartMs":27274851.092,"nativeAgeMs":16.294}
10-11 19:44:48.900 12221 19570 I ReactNativeJS: [outputs] outputs.hapticSymbol {"timestamp":27275078.234854,"wallClock":1760226288899,"enabled":true,"symbol":".","durationMs":34,"platform":"android","source":"console.replay","correlationId":"console-replay:mgmxa8znpl11psrv","timelineOffsetMs":null}
10-11 19:44:48.900 12221 19570 I ReactNativeJS: [outputs] outputs.flashPulse {"timestamp":27275079.018656,"wallClock":1760226288900,"enabled":true,"durationMs":34,"source":"console.replay","correlationId":"console-replay:mgmxa8znpl11psrv","timelineOffsetMs":17.045030999928713,"schedulingMode":"timeline","audioStartHeadroomMs":-31.91738500073552,"audioStartGuard":"headroom","audioStartCompensationMs":31.91738500073552}
10-11 19:44:48.955 12221 19570 I ReactNativeJS: [outputs] outputs.flashPulse.commit {"timestamp":27275133.528708,"wallClock":1760226288954,"durationMs":34,"source":"console.replay","correlationId":"console-replay:mgmxa8znpl11psrv","latencyMs":56.22697899863124,"timelineOffsetMs":17.045030999928713,"leadMs":8,"scheduleSkewMs":54.50901099666953,"schedulingMode":"timeline","audioStartHeadroomMs":-31.91738500073552,"audioStartGuard":"headroom","audioStartCompensationMs":31.91738500073552}
10-11 19:44:48.984 12221 20034 D OutputsAudio: [outputs-audio] stop gain=1.000 release=6.00
10-11 19:44:49.019 12221 20034 D OutputsAudio: [outputs-audio] start hz=650.0 gain=1.000 attack=2.50 release=6.00
10-11 19:44:49.019 12221 20034 D OutputsAudio: [outputs-audio] playMorse.symbol.start sequence=5 symbol=- expected=27275191.092 actual=27275198.530 skew=7.438 batchElapsed=347.438
10-11 19:44:49.030 12221 19570 D OutputsAudio: [outputs-audio] symbol.info sequence=5 symbol=- timestamp=27275198.530 duration=102.000 expected=27275191.092 skew=7.438 age=10.788
10-11 19:44:49.031 12221 19570 I ReactNativeJS: [outputs] playMorse.symbol {"timestamp":27275209.506364,"wallClock":1760226289030,"symbol":"-","durationMs":102,"index":3,"source":"console.replay","correlationId":"console-replay:5qtcew90","nativeTimestampMs":27275198.53,"nativeDurationMs":102,"nativeOffsetMs":10.902613997459412,"nativeSequence":5,"monotonicTimestampMs":27275198.53,"nativeExpectedTimestampMs":27275191.092,"nativeStartSkewMs":7.438,"nativeBatchElapsedMs":347.438,"nativeExpectedSincePriorMs":136,"nativeSincePriorMs":138.282,"nativePatternStartMs":27274851.092,"nativeAgeMs":10.788}
10-11 19:44:49.032 12221 19570 I ReactNativeJS: [outputs] playMorse.symbol {"timestamp":27275210.437302,"wallClock":1760226289031,"symbol":"-","durationMs":102,"index":3,"source":"console.replay","correlationId":"console-replay:mgmxa93bjn1izg2a","nativeTimestampMs":27275198.53,"nativeDurationMs":102,"nativeOffsetMs":10.902613997459412,"nativeSequence":5,"monotonicTimestampMs":27275198.53,"nativeExpectedTimestampMs":27275191.092,"nativeStartSkewMs":7.438,"nativeBatchElapsedMs":347.438,"nativeExpectedSincePriorMs":136,"nativeSincePriorMs":138.282,"nativePatternStartMs":27274851.092,"nativeAgeMs":10.788}
10-11 19:44:49.032 12221 19570 I ReactNativeJS: [outputs] outputs.hapticSymbol {"timestamp":27275210.965114,"wallClock":1760226289032,"enabled":true,"symbol":"-","durationMs":102,"platform":"android","source":"console.replay","correlationId":"console-replay:mgmxa93bjn1izg2a","timelineOffsetMs":null}
10-11 19:44:49.033 12221 19570 I ReactNativeJS: [outputs] outputs.flashPulse {"timestamp":27275211.888135,"wallClock":1760226289033,"enabled":true,"durationMs":102,"source":"console.replay","correlationId":"console-replay:mgmxa93bjn1izg2a","timelineOffsetMs":10.902613997459412,"schedulingMode":"timeline","audioStartHeadroomMs":-28.785457998514175,"audioStartGuard":"headroom","audioStartCompensationMs":28.785457998514175}
10-11 19:44:49.092 12221 19570 I ReactNativeJS: [outputs] outputs.flashPulse.commit {"timestamp":27275270.153083,"wallClock":1760226289091,"durationMs":102,"source":"console.replay","correlationId":"console-replay:mgmxa93bjn1izg2a","latencyMs":60.7106770016253,"timelineOffsetMs":10.902613997459412,"leadMs":8,"scheduleSkewMs":58.2635940015316,"schedulingMode":"timeline","audioStartHeadroomMs":-28.785457998514175,"audioStartGuard":"headroom","audioStartCompensationMs":28.785457998514175}
10-11 19:44:49.122 12221 20034 D OutputsAudio: [outputs-audio] stop gain=1.000 release=6.00
10-11 19:44:49.158 12221 20034 D OutputsAudio: [outputs-audio] start hz=650.0 gain=1.000 attack=2.50 release=6.00
10-11 19:44:49.158 12221 20034 D OutputsAudio: [outputs-audio] playMorse.symbol.start sequence=6 symbol=- expected=27275327.092 actual=27275336.814 skew=9.722 batchElapsed=485.722
10-11 19:44:49.166 12221 19570 D OutputsAudio: [outputs-audio] symbol.info sequence=6 symbol=- timestamp=27275336.814 duration=102.000 expected=27275327.092 skew=9.722 age=8.136
10-11 19:44:49.167 12221 19570 I ReactNativeJS: [outputs] playMorse.symbol {"timestamp":27275345.120062,"wallClock":1760226289166,"symbol":"-","durationMs":102,"index":4,"source":"console.replay","correlationId":"console-replay:s9bo59xh","nativeTimestampMs":27275336.814,"nativeDurationMs":102,"nativeOffsetMs":8.240019999444485,"nativeSequence":6,"monotonicTimestampMs":27275336.814,"nativeExpectedTimestampMs":27275327.092,"nativeStartSkewMs":9.722,"nativeBatchElapsedMs":485.722,"nativeExpectedSincePriorMs":136,"nativeSincePriorMs":138.284,"nativePatternStartMs":27274851.092,"nativeAgeMs":8.136}
10-11 19:44:49.167 12221 19570 I ReactNativeJS: [outputs] playMorse.symbol {"timestamp":27275345.892301,"wallClock":1760226289167,"symbol":"-","durationMs":102,"index":4,"source":"console.replay","correlationId":"console-replay:mgmxa973s9py9010","nativeTimestampMs":27275336.814,"nativeDurationMs":102,"nativeOffsetMs":8.240019999444485,"nativeSequence":6,"monotonicTimestampMs":27275336.814,"nativeExpectedTimestampMs":27275327.092,"nativeStartSkewMs":9.722,"nativeBatchElapsedMs":485.722,"nativeExpectedSincePriorMs":136,"nativeSincePriorMs":138.284,"nativePatternStartMs":27274851.092,"nativeAgeMs":8.136}
10-11 19:44:49.168 12221 19570 I ReactNativeJS: [outputs] outputs.hapticSymbol {"timestamp":27275346.301416,"wallClock":1760226289167,"enabled":true,"symbol":"-","durationMs":102,"platform":"android","source":"console.replay","correlationId":"console-replay:mgmxa973s9py9010","timelineOffsetMs":null}
10-11 19:44:49.168 12221 19570 I ReactNativeJS: [outputs] outputs.flashPulse {"timestamp":27275347.116416,"wallClock":1760226289168,"enabled":true,"durationMs":102,"source":"console.replay","correlationId":"console-replay:mgmxa973s9py9010","timelineOffsetMs":8.240019999444485,"schedulingMode":"timeline","audioStartHeadroomMs":-28.013790998607874,"audioStartGuard":"headroom","audioStartCompensationMs":28.013790998607874}
10-11 19:44:49.225 12221 19570 I ReactNativeJS: [outputs] outputs.flashPulse.commit {"timestamp":27275403.956676,"wallClock":1760226289225,"durationMs":102,"source":"console.replay","correlationId":"console-replay:mgmxa973s9py9010","latencyMs":58.893386002629995,"timelineOffsetMs":8.240019999444485,"leadMs":8,"scheduleSkewMs":56.840052001178265,"schedulingMode":"timeline","audioStartHeadroomMs":-28.013790998607874,"audioStartGuard":"headroom","audioStartCompensationMs":28.013790998607874}
10-11 19:44:49.260 12221 20034 D OutputsAudio: [outputs-audio] stop gain=1.000 release=6.00
10-11 19:44:49.294 12221 20034 D OutputsAudio: [outputs-audio] start hz=650.0 gain=1.000 attack=2.50 release=6.00
10-11 19:44:49.294 12221 20034 D OutputsAudio: [outputs-audio] playMorse.symbol.start sequence=7 symbol=. expected=27275463.092 actual=27275473.097 skew=10.006 batchElapsed=622.006
10-11 19:44:49.316 12221 19570 D OutputsAudio: [outputs-audio] symbol.info sequence=7 symbol=. timestamp=27275473.097 duration=34.000 expected=27275463.092 skew=10.006 age=21.667
10-11 19:44:49.316 12221 19570 I ReactNativeJS: [outputs] playMorse.symbol {"timestamp":27275494.898968,"wallClock":1760226289316,"symbol":"-","durationMs":102,"index":5,"source":"console.replay","correlationId":"console-replay:4tk75gah","nativeTimestampMs":27275473.097,"nativeDurationMs":34,"nativeOffsetMs":21.75321800261736,"nativeSequence":7,"monotonicTimestampMs":27275473.097,"nativeExpectedTimestampMs":27275463.092,"nativeStartSkewMs":10.006,"nativeBatchElapsedMs":622.006,"nativeExpectedSincePriorMs":136,"nativeSincePriorMs":136.284,"nativePatternStartMs":27274851.092,"nativeAgeMs":21.667}
10-11 19:44:49.317 12221 19570 I ReactNativeJS: [outputs] playMorse.symbol {"timestamp":27275495.544906,"wallClock":1760226289316,"symbol":"-","durationMs":102,"index":5,"source":"console.replay","correlationId":"console-replay:mgmxa9b8vpg7cu25","nativeTimestampMs":27275473.097,"nativeDurationMs":34,"nativeOffsetMs":21.75321800261736,"nativeSequence":7,"monotonicTimestampMs":27275473.097,"nativeExpectedTimestampMs":27275463.092,"nativeStartSkewMs":10.006,"nativeBatchElapsedMs":622.006,"nativeExpectedSincePriorMs":136,"nativeSincePriorMs":136.284,"nativePatternStartMs":27274851.092,"nativeAgeMs":21.667}
10-11 19:44:49.317 12221 19570 I ReactNativeJS: [outputs] outputs.hapticSymbol {"timestamp":27275495.980635,"wallClock":1760226289317,"enabled":true,"symbol":"-","durationMs":102,"platform":"android","source":"console.replay","correlationId":"console-replay:mgmxa9b8vpg7cu25","timelineOffsetMs":null}
10-11 19:44:49.318 12221 19570 I ReactNativeJS: [outputs] outputs.flashPulse {"timestamp":27275496.912458,"wallClock":1760226289318,"enabled":true,"durationMs":102,"source":"console.replay","correlationId":"console-replay:mgmxa9b8vpg7cu25","timelineOffsetMs":21.75321800261736,"schedulingMode":"timeline","audioStartHeadroomMs":-41.80941599979997,"audioStartGuard":"headroom","audioStartCompensationMs":41.80941599979997}
10-11 19:44:49.329 12221 20034 D OutputsAudio: [outputs-audio] stop gain=1.000 release=6.00
10-11 19:44:49.364 12221 20034 D OutputsAudio: [outputs-audio] start hz=650.0 gain=1.000 attack=2.50 release=6.00
10-11 19:44:49.364 12221 20034 D OutputsAudio: [outputs-audio] playMorse.symbol.start sequence=8 symbol=. expected=27275531.092 actual=27275543.158 skew=12.066 batchElapsed=692.066
10-11 19:44:49.376 12221 19570 I ReactNativeJS: [outputs] outputs.flashPulse.commit {"timestamp":27275555.012301,"wallClock":1760226289376,"durationMs":102,"source":"console.replay","correlationId":"console-replay:mgmxa9b8vpg7cu25","latencyMs":60.15166699886322,"timelineOffsetMs":21.75321800261736,"leadMs":8,"scheduleSkewMs":58.09874999895692,"schedulingMode":"timeline","audioStartHeadroomMs":-41.80941599979997,"audioStartGuard":"headroom","audioStartCompensationMs":41.80941599979997}
10-11 19:44:49.399 12221 20034 D OutputsAudio: [outputs-audio] stop gain=1.000 release=6.00
10-11 19:44:49.428 12221 19570 D OutputsAudio: [outputs-audio] symbol.info sequence=8 symbol=. timestamp=27275543.158 duration=34.000 expected=27275531.092 skew=12.066 age=64.296
10-11 19:44:49.429 12221 19570 I ReactNativeJS: [outputs] playMorse.symbol {"timestamp":27275607.589124,"wallClock":1760226289429,"symbol":".","durationMs":34,"index":6,"source":"console.replay","correlationId":"console-replay:say7ffdh","nativeTimestampMs":27275543.158,"nativeDurationMs":34,"nativeOffsetMs":64.38128099963069,"nativeSequence":8,"monotonicTimestampMs":27275543.158,"nativeExpectedTimestampMs":27275531.092,"nativeStartSkewMs":12.066,"nativeBatchElapsedMs":692.066,"nativeExpectedSincePriorMs":68,"nativeSincePriorMs":70.061,"nativePatternStartMs":27274851.092,"nativeAgeMs":64.296}
10-11 19:44:49.430 12221 19570 I ReactNativeJS: [outputs] playMorse.symbol {"timestamp":27275608.291937,"wallClock":1760226289429,"symbol":".","durationMs":34,"index":6,"source":"console.replay","correlationId":"console-replay:mgmxa9edmkkmejat","nativeTimestampMs":27275543.158,"nativeDurationMs":34,"nativeOffsetMs":64.38128099963069,"nativeSequence":8,"monotonicTimestampMs":27275543.158,"nativeExpectedTimestampMs":27275531.092,"nativeStartSkewMs":12.066,"nativeBatchElapsedMs":692.066,"nativeExpectedSincePriorMs":68,"nativeSincePriorMs":70.061,"nativePatternStartMs":27274851.092,"nativeAgeMs":64.296}
10-11 19:44:49.430 12221 19570 I ReactNativeJS: [outputs] outputs.hapticSymbol {"timestamp":27275608.758656,"wallClock":1760226289430,"enabled":true,"symbol":".","durationMs":34,"platform":"android","source":"console.replay","correlationId":"console-replay:mgmxa9edmkkmejat","timelineOffsetMs":null}
10-11 19:44:49.431 12221 19570 I ReactNativeJS: [outputs] outputs.flashPulse {"timestamp":27275609.594385,"wallClock":1760226289431,"enabled":true,"durationMs":34,"source":"console.replay","correlationId":"console-replay:mgmxa9edmkkmejat","timelineOffsetMs":64.38128099963069,"schedulingMode":"timeline","audioStartHeadroomMs":-86.49342599883676,"audioStartGuard":"headroom","audioStartCompensationMs":86.49342599883676}
10-11 19:44:49.434 12221 20034 D OutputsAudio: [outputs-audio] start hz=650.0 gain=1.000 attack=2.50 release=6.00
10-11 19:44:49.434 12221 20034 D OutputsAudio: [outputs-audio] playMorse.symbol.start sequence=9 symbol=. expected=27275599.092 actual=27275612.892 skew=13.800 batchElapsed=761.800
10-11 19:44:49.468 12221 20034 D OutputsAudio: [outputs-audio] stop gain=1.000 release=6.00
10-11 19:44:49.492 12221 19570 I ReactNativeJS: [outputs] outputs.flashPulse.commit {"timestamp":27275670.678187,"wallClock":1760226289492,"durationMs":34,"source":"console.replay","correlationId":"console-replay:mgmxa9edmkkmejat","latencyMs":63.129634998738766,"timelineOffsetMs":64.38128099963069,"leadMs":8,"scheduleSkewMs":61.08203099668026,"schedulingMode":"timeline","audioStartHeadroomMs":-86.49342599883676,"audioStartGuard":"headroom","audioStartCompensationMs":86.49342599883676}
10-11 19:44:49.503 12221 20034 D OutputsAudio: [outputs-audio] start hz=650.0 gain=1.000 attack=2.50 release=6.00
10-11 19:44:49.503 12221 20034 D OutputsAudio: [outputs-audio] playMorse.symbol.start sequence=10 symbol=- expected=27275667.092 actual=27275682.211 skew=15.120 batchElapsed=831.120
10-11 19:44:49.544 12221 19570 D OutputsAudio: [outputs-audio] symbol.info sequence=10 symbol=- timestamp=27275682.211 duration=102.000 expected=27275667.092 skew=15.120 age=40.695
10-11 19:44:49.545 12221 19570 W ReactNativeJS: '[outputs-audio] native sequence jump', { previous: 8, next: 10, delta: 2 }
10-11 19:44:49.545 12221 19570 I ReactNativeJS: [outputs] playMorse.symbol {"timestamp":27275723.762145,"wallClock":1760226289545,"symbol":".","durationMs":34,"index":7,"source":"console.replay","correlationId":"console-replay:hcvjbz6c","nativeTimestampMs":27275682.211,"nativeDurationMs":102,"nativeOffsetMs":41.51036399975419,"nativeSequence":10,"monotonicTimestampMs":27275682.211,"nativeExpectedTimestampMs":27275667.092,"nativeStartSkewMs":15.12,"nativeBatchElapsedMs":831.12,"nativeExpectedSincePriorMs":68,"nativeSincePriorMs":69.32,"nativePatternStartMs":27274851.092,"nativeAgeMs":40.695}
10-11 19:44:49.546 12221 19570 I ReactNativeJS: [outputs] playMorse.symbol {"timestamp":27275724.316416,"wallClock":1760226289545,"symbol":".","durationMs":34,"index":7,"source":"console.replay","correlationId":"console-replay:mgmxa9hlhoixngz8","nativeTimestampMs":27275682.211,"nativeDurationMs":102,"nativeOffsetMs":41.51036399975419,"nativeSequence":10,"monotonicTimestampMs":27275682.211,"nativeExpectedTimestampMs":27275667.092,"nativeStartSkewMs":15.12,"nativeBatchElapsedMs":831.12,"nativeExpectedSincePriorMs":68,"nativeSincePriorMs":69.32,"nativePatternStartMs":27274851.092,"nativeAgeMs":40.695}
10-11 19:44:49.546 12221 19570 I ReactNativeJS: [outputs] outputs.hapticSymbol {"timestamp":27275724.749905,"wallClock":1760226289546,"enabled":true,"symbol":".","durationMs":34,"platform":"android","source":"console.replay","correlationId":"console-replay:mgmxa9hlhoixngz8","timelineOffsetMs":null}
10-11 19:44:49.547 12221 19570 I ReactNativeJS: [outputs] outputs.flashPulse {"timestamp":27275725.571364,"wallClock":1760226289546,"enabled":true,"durationMs":34,"source":"console.replay","correlationId":"console-replay:mgmxa9hlhoixngz8","timelineOffsetMs":41.51036399975419,"schedulingMode":"timeline","audioStartHeadroomMs":-66.4701449982822,"audioStartGuard":"headroom","audioStartCompensationMs":66.4701449982822}
10-11 19:44:49.606 12221 20034 D OutputsAudio: [outputs-audio] stop gain=1.000 release=6.00
10-11 19:44:49.608 12221 19570 I ReactNativeJS: [outputs] outputs.flashPulse.commit {"timestamp":27275786.849697,"wallClock":1760226289608,"durationMs":34,"source":"console.replay","correlationId":"console-replay:mgmxa9hlhoixngz8","latencyMs":63.118594001978636,"timelineOffsetMs":41.51036399975419,"leadMs":8,"scheduleSkewMs":61.27625000104308,"schedulingMode":"timeline","audioStartHeadroomMs":-66.4701449982822,"audioStartGuard":"headroom","audioStartCompensationMs":66.4701449982822}
10-11 19:44:49.640 12221 20034 D OutputsAudio: [outputs-audio] start hz=650.0 gain=1.000 attack=2.50 release=6.00
10-11 19:44:49.640 12221 20034 D OutputsAudio: [outputs-audio] playMorse.symbol.start sequence=11 symbol=- expected=27275803.092 actual=27275818.962 skew=15.870 batchElapsed=967.870
10-11 19:44:49.655 12221 19570 D OutputsAudio: [outputs-audio] symbol.info sequence=11 symbol=- timestamp=27275818.962 duration=102.000 expected=27275803.092 skew=15.870 age=15.130
10-11 19:44:49.656 12221 19570 I ReactNativeJS: [outputs] playMorse.symbol {"timestamp":27275834.23376,"wallClock":1760226289655,"symbol":".","durationMs":34,"index":8,"source":"console.replay","correlationId":"console-replay:lo83njlr","nativeTimestampMs":27275818.962,"nativeDurationMs":102,"nativeOffsetMs":15.2211349979043,"nativeSequence":11,"monotonicTimestampMs":27275818.962,"nativeExpectedTimestampMs":27275803.092,"nativeStartSkewMs":15.87,"nativeBatchElapsedMs":967.87,"nativeExpectedSincePriorMs":136,"nativeSincePriorMs":136.75,"nativePatternStartMs":27274851.092,"nativeAgeMs":15.13}
10-11 19:44:49.656 12221 19570 I ReactNativeJS: [outputs] playMorse.symbol {"timestamp":27275834.874801,"wallClock":1760226289656,"symbol":".","durationMs":34,"index":8,"source":"console.replay","correlationId":"console-replay:mgmxa9ko0p059q74","nativeTimestampMs":27275818.962,"nativeDurationMs":102,"nativeOffsetMs":15.2211349979043,"nativeSequence":11,"monotonicTimestampMs":27275818.962,"nativeExpectedTimestampMs":27275803.092,"nativeStartSkewMs":15.87,"nativeBatchElapsedMs":967.87,"nativeExpectedSincePriorMs":136,"nativeSincePriorMs":136.75,"nativePatternStartMs":27274851.092,"nativeAgeMs":15.13}
10-11 19:44:49.657 12221 19570 I ReactNativeJS: [outputs] outputs.hapticSymbol {"timestamp":27275835.35928,"wallClock":1760226289656,"enabled":true,"symbol":".","durationMs":34,"platform":"android","source":"console.replay","correlationId":"console-replay:mgmxa9ko0p059q74","timelineOffsetMs":null}
10-11 19:44:49.658 12221 19570 I ReactNativeJS: [outputs] outputs.flashPulse {"timestamp":27275836.269124,"wallClock":1760226289657,"enabled":true,"durationMs":34,"source":"console.replay","correlationId":"console-replay:mgmxa9ko0p059q74","timelineOffsetMs":15.2211349979043,"schedulingMode":"timeline","audioStartHeadroomMs":-41.16676000133157,"audioStartGuard":"headroom","audioStartCompensationMs":41.16676000133157}
10-11 19:44:49.721 12221 19570 I ReactNativeJS: [outputs] outputs.flashPulse.commit {"timestamp":27275899.229645,"wallClock":1760226289720,"durationMs":34,"source":"console.replay","correlationId":"console-replay:mgmxa9ko0p059q74","latencyMs":65.03770799934864,"timelineOffsetMs":15.2211349979043,"leadMs":8,"scheduleSkewMs":62.96026000007987,"schedulingMode":"timeline","audioStartHeadroomMs":-41.16676000133157,"audioStartGuard":"headroom","audioStartCompensationMs":41.16676000133157}
10-11 19:44:49.742 12221 20034 D OutputsAudio: [outputs-audio] stop gain=1.000 release=6.00
10-11 19:44:49.776 12221 20034 D OutputsAudio: [outputs-audio] start hz=650.0 gain=1.000 attack=2.50 release=6.00
10-11 19:44:49.777 12221 20034 D OutputsAudio: [outputs-audio] playMorse.symbol.start sequence=12 symbol=- expected=27275939.092 actual=27275955.582 skew=16.490 batchElapsed=1104.490
10-11 19:44:49.790 12221 19570 D OutputsAudio: [outputs-audio] symbol.info sequence=12 symbol=- timestamp=27275955.582 duration=102.000 expected=27275939.092 skew=16.490 age=13.414
10-11 19:44:49.791 12221 19570 I ReactNativeJS: [outputs] playMorse.symbol {"timestamp":27275969.163812,"wallClock":1760226289790,"symbol":"-","durationMs":102,"index":9,"source":"console.replay","correlationId":"console-replay:nqdj8eu6","nativeTimestampMs":27275955.582,"nativeDurationMs":102,"nativeOffsetMs":13.517124000936747,"nativeSequence":12,"monotonicTimestampMs":27275955.582,"nativeExpectedTimestampMs":27275939.092,"nativeStartSkewMs":16.49,"nativeBatchElapsedMs":1104.49,"nativeExpectedSincePriorMs":136,"nativeSincePriorMs":136.62,"nativePatternStartMs":27274851.092,"nativeAgeMs":13.414}
10-11 19:44:49.791 12221 19570 I ReactNativeJS: [outputs] playMorse.symbol {"timestamp":27275969.983968,"wallClock":1760226289791,"symbol":"-","durationMs":102,"index":9,"source":"console.replay","correlationId":"console-replay:mgmxa9of6e484bpp","nativeTimestampMs":27275955.582,"nativeDurationMs":102,"nativeOffsetMs":13.517124000936747,"nativeSequence":12,"monotonicTimestampMs":27275955.582,"nativeExpectedTimestampMs":27275939.092,"nativeStartSkewMs":16.49,"nativeBatchElapsedMs":1104.49,"nativeExpectedSincePriorMs":136,"nativeSincePriorMs":136.62,"nativePatternStartMs":27274851.092,"nativeAgeMs":13.414}
10-11 19:44:49.792 12221 19570 I ReactNativeJS: [outputs] outputs.hapticSymbol {"timestamp":27275970.42251,"wallClock":1760226289791,"enabled":true,"symbol":"-","durationMs":102,"platform":"android","source":"console.replay","correlationId":"console-replay:mgmxa9of6e484bpp","timelineOffsetMs":null}
10-11 19:44:49.793 12221 19570 I ReactNativeJS: [outputs] outputs.flashPulse {"timestamp":27275971.272041,"wallClock":1760226289792,"enabled":true,"durationMs":102,"source":"console.replay","correlationId":"console-replay:mgmxa9of6e484bpp","timelineOffsetMs":13.517124000936747,"schedulingMode":"timeline","audioStartHeadroomMs":-40.169206999242306,"audioStartGuard":"headroom","audioStartCompensationMs":40.169206999242306}
10-11 19:44:49.848 12221 19570 I ReactNativeJS: [outputs] outputs.flashPulse.commit {"timestamp":27276026.305062,"wallClock":1760226289847,"durationMs":102,"source":"console.replay","correlationId":"console-replay:mgmxa9of6e484bpp","latencyMs":57.19651100039482,"timelineOffsetMs":13.517124000936747,"leadMs":8,"scheduleSkewMs":55.03260499984026,"schedulingMode":"timeline","audioStartHeadroomMs":-40.169206999242306,"audioStartGuard":"headroom","audioStartCompensationMs":40.169206999242306}
10-11 19:44:49.879 12221 20034 D OutputsAudio: [outputs-audio] stop gain=1.000 release=6.00
10-11 19:44:49.914 12221 20034 D OutputsAudio: [outputs-audio] start hz=650.0 gain=1.000 attack=2.50 release=6.00
10-11 19:44:49.914 12221 20034 D OutputsAudio: [outputs-audio] playMorse.symbol.start sequence=13 symbol=. expected=27276075.092 actual=27276093.024 skew=17.932 batchElapsed=1241.932
10-11 19:44:49.927 12221 19570 D OutputsAudio: [outputs-audio] symbol.info sequence=13 symbol=. timestamp=27276093.024 duration=34.000 expected=27276075.092 skew=17.932 age=12.698
10-11 19:44:49.928 12221 19570 I ReactNativeJS: [outputs] playMorse.symbol {"timestamp":27276105.95902,"wallClock":1760226289927,"symbol":"-","durationMs":102,"index":10,"source":"console.replay","correlationId":"console-replay:4mc3jja8","nativeTimestampMs":27276093.024,"nativeDurationMs":34,"nativeOffsetMs":12.83585299924016,"nativeSequence":13,"monotonicTimestampMs":27276093.024,"nativeExpectedTimestampMs":27276075.092,"nativeStartSkewMs":17.932,"nativeBatchElapsedMs":1241.932,"nativeExpectedSincePriorMs":136,"nativeSincePriorMs":137.442,"nativePatternStartMs":27274851.092,"nativeAgeMs":12.698}
10-11 19:44:49.930 12221 19570 I ReactNativeJS: [outputs] playMorse.symbol {"timestamp":27276107.59053,"wallClock":1760226289929,"symbol":"-","durationMs":102,"index":10,"source":"console.replay","correlationId":"console-replay:mgmxa9s8jvia7x6u","nativeTimestampMs":27276093.024,"nativeDurationMs":34,"nativeOffsetMs":12.83585299924016,"nativeSequence":13,"monotonicTimestampMs":27276093.024,"nativeExpectedTimestampMs":27276075.092,"nativeStartSkewMs":17.932,"nativeBatchElapsedMs":1241.932,"nativeExpectedSincePriorMs":136,"nativeSincePriorMs":137.442,"nativePatternStartMs":27274851.092,"nativeAgeMs":12.698}
10-11 19:44:49.931 12221 19570 I ReactNativeJS: [outputs] outputs.hapticSymbol {"timestamp":27276108.980634,"wallClock":1760226289930,"enabled":true,"symbol":"-","durationMs":102,"platform":"android","source":"console.replay","correlationId":"console-replay:mgmxa9s8jvia7x6u","timelineOffsetMs":null}
10-11 19:44:49.933 12221 19570 I ReactNativeJS: [outputs] outputs.flashPulse {"timestamp":27276111.291676,"wallClock":1760226289932,"enabled":true,"durationMs":102,"source":"console.replay","correlationId":"console-replay:mgmxa9s8jvia7x6u","timelineOffsetMs":12.83585299924016,"schedulingMode":"timeline","audioStartHeadroomMs":-44.173790998756886,"audioStartGuard":"headroom","audioStartCompensationMs":44.173790998756886}
10-11 19:44:49.949 12221 20034 D OutputsAudio: [outputs-audio] stop gain=1.000 release=6.00
10-11 19:44:49.984 12221 20034 D OutputsAudio: [outputs-audio] start hz=650.0 gain=1.000 attack=2.50 release=6.00
10-11 19:44:49.984 12221 20034 D OutputsAudio: [outputs-audio] playMorse.symbol.start sequence=14 symbol=. expected=27276143.092 actual=27276162.769 skew=19.678 batchElapsed=1311.678
10-11 19:44:49.991 12221 19570 I ReactNativeJS: [outputs] outputs.flashPulse.commit {"timestamp":27276169.766989,"wallClock":1760226289991,"durationMs":102,"source":"console.replay","correlationId":"console-replay:mgmxa9s8jvia7x6u","latencyMs":63.89807299897075,"timelineOffsetMs":12.83585299924016,"leadMs":8,"scheduleSkewMs":58.486718997359276,"schedulingMode":"timeline","audioStartHeadroomMs":-44.173790998756886,"audioStartGuard":"headroom","audioStartCompensationMs":44.173790998756886}
10-11 19:44:50.018 12221 20034 D OutputsAudio: [outputs-audio] stop gain=1.000 release=6.00
10-11 19:44:50.038 12221 19570 D OutputsAudio: [outputs-audio] symbol.info sequence=14 symbol=. timestamp=27276162.769 duration=34.000 expected=27276143.092 skew=19.678 age=53.796
10-11 19:44:50.038 12221 19570 I ReactNativeJS: [outputs] playMorse.symbol {"timestamp":27276216.700843,"wallClock":1760226290038,"symbol":"-","durationMs":102,"index":11,"source":"console.replay","correlationId":"console-replay:fugn4eu9","nativeTimestampMs":27276162.769,"nativeDurationMs":34,"nativeOffsetMs":53.88382199779153,"nativeSequence":14,"monotonicTimestampMs":27276162.769,"nativeExpectedTimestampMs":27276143.092,"nativeStartSkewMs":19.678,"nativeBatchElapsedMs":1311.678,"nativeExpectedSincePriorMs":68,"nativeSincePriorMs":69.745,"nativePatternStartMs":27274851.092,"nativeAgeMs":53.796}
