10-11 17:00:42.624 19110 19189 I ReactNativeJS: [outputs] outputs.hapticSymbol {"timestamp":17466145.0912,"wallClock":1760216442623,"enabled":true,"symbol":".","durationMs":48,"platform":"android","source":"console.replay","correlationId":"console-replay:mgmrf7jylvmz44ti","timelineOffsetMs":9.320678997784853}
10-11 17:00:42.626 19110 19189 I ReactNativeJS: [outputs] outputs.flashPulse {"timestamp":17466146.891981,"wallClock":1760216442625,"enabled":true,"durationMs":48,"source":"console.replay","correlationId":"console-replay:mgmrf7jylvmz44ti","timelineOffsetMs":9.320678997784853}
10-11 17:00:42.661 19110 25210 D OutputsAudio: [outputs-audio] stop gain=1.000 release=6.00
10-11 17:00:42.689 19110 19189 I ReactNativeJS: [outputs] outputs.flashPulse.commit {"timestamp":17466210.325939,"wallClock":1760216442689,"durationMs":48,"source":"console.replay","correlationId":"console-replay:mgmrf7jylvmz44ti","latencyMs":67.06052099913359,"timelineOffsetMs":9.320678997784853,"leadMs":8,"scheduleSkewMs":75.06052099913359}
10-11 17:00:42.710 19110 25210 D OutputsAudio: [outputs-audio] start hz=700.0 gain=1.000 attack=2.50 release=6.00
10-11 17:00:42.731 19110 19189 D OutputsAudio: [outputs-audio] symbol.info sequence=26 symbol=. timestamp=17466231.380 duration=48.000
10-11 17:00:42.732 19110 19189 I ReactNativeJS: [outputs] playMorse.symbol {"timestamp":17466252.957345,"wallClock":1760216442731,"symbol":".","durationMs":48,"index":25,"source":"console.replay","correlationId":"console-replay:mgmrf7mzod261jaf","nativeTimestampMs":17466231.38,"nativeDurationMs":48,"nativeOffsetMs":21.523543000221252,"nativeSequence":26,"monotonicTimestampMs":17466231.38,"nativeExpectedTimestampMs":null,"nativeStartSkewMs":null,"nativeBatchElapsedMs":null,"nativeExpectedSincePriorMs":null,"nativeSincePriorMs":null,"nativePatternStartMs":null,"nativeAgeMs":null}
10-11 17:00:42.732 19110 19189 I ReactNativeJS: [outputs] outputs.hapticSymbol {"timestamp":17466253.45396,"wallClock":1760216442732,"enabled":true,"symbol":".","durationMs":48,"platform":"android","source":"console.replay","correlationId":"console-replay:mgmrf7mzod261jaf","timelineOffsetMs":21.523543000221252}
10-11 17:00:42.733 19110 19189 I ReactNativeJS: [outputs] outputs.flashPulse {"timestamp":17466254.22021,"wallClock":1760216442733,"enabled":true,"durationMs":48,"source":"console.replay","correlationId":"console-replay:mgmrf7mzod261jaf","timelineOffsetMs":21.523543000221252}
10-11 17:00:42.759 19110 25210 D OutputsAudio: [outputs-audio] stop gain=1.000 release=6.00
10-11 17:00:42.788 19110 19189 I ReactNativeJS: [outputs] outputs.flashPulse.commit {"timestamp":17466308.901825,"wallClock":1760216442787,"durationMs":48,"source":"console.replay","correlationId":"console-replay:mgmrf7mzod261jaf","latencyMs":55.99317700043321,"timelineOffsetMs":21.523543000221252,"leadMs":8,"scheduleSkewMs":63.99317700043321}
10-11 17:00:42.807 19110 25210 D OutputsAudio: [outputs-audio] start hz=700.0 gain=1.000 attack=2.50 release=6.00
10-11 17:00:42.830 19110 19189 D OutputsAudio: [outputs-audio] symbol.info sequence=27 symbol=. timestamp=17466328.706 duration=48.000
10-11 17:00:42.831 19110 19189 I ReactNativeJS: [outputs] playMorse.symbol {"timestamp":17466351.814585,"wallClock":1760216442830,"symbol":".","durationMs":48,"index":26,"source":"console.replay","correlationId":"console-replay:mgmrf7pqswvx5m9w","nativeTimestampMs":17466328.706,"nativeDurationMs":48,"nativeOffsetMs":23.057022001594305,"nativeSequence":27,"monotonicTimestampMs":17466328.706,"nativeExpectedTimestampMs":null,"nativeStartSkewMs":null,"nativeBatchElapsedMs":null,"nativeExpectedSincePriorMs":null,"nativeSincePriorMs":null,"nativePatternStartMs":null,"nativeAgeMs":null}
10-11 17:00:42.831 19110 19189 I ReactNativeJS: [outputs] outputs.hapticSymbol {"timestamp":17466352.386981,"wallClock":1760216442831,"enabled":true,"symbol":".","durationMs":48,"platform":"android","source":"console.replay","correlationId":"console-replay:mgmrf7pqswvx5m9w","timelineOffsetMs":23.057022001594305}
10-11 17:00:42.832 19110 19189 I ReactNativeJS: [outputs] outputs.flashPulse {"timestamp":17466353.089689,"wallClock":1760216442831,"enabled":true,"durationMs":48,"source":"console.replay","correlationId":"console-replay:mgmrf7pqswvx5m9w","timelineOffsetMs":23.057022001594305}
10-11 17:00:42.856 19110 25210 D OutputsAudio: [outputs-audio] stop gain=1.000 release=6.00
10-11 17:00:42.885 19110 19189 I ReactNativeJS: [outputs] outputs.flashPulse.commit {"timestamp":17466406.103283,"wallClock":1760216442884,"durationMs":48,"source":"console.replay","correlationId":"console-replay:mgmrf7pqswvx5m9w","latencyMs":54.33536499738693,"timelineOffsetMs":23.057022001594305,"leadMs":8,"scheduleSkewMs":62.33536499738693}
10-11 17:00:42.905 19110 25210 D OutputsAudio: [outputs-audio] stop gain=0.000 release=6.00
10-11 17:00:42.905 19110 25210 D OutputsAudio: [outputs-audio] playMorse.end cancelled=0
10-11 17:00:42.928 19110 19189 I ReactNativeJS: [outputs] playMorse.complete {"timestamp":17466448.726147,"wallClock":1760216442927,"durationMs":3960.8873949982226,"source":"console.replay","audioEnabled":true,"audioVolumePercent":100}
10-11 17:00:46.162 19110 19189 I ReactNativeJS: [outputs] playMorse.start {"timestamp":17469682.321094,"wallClock":1760216446161,"unitMs":40,"length":28,"source":"console.replay","audioEnabled":true,"audioVolumePercent":100}
10-11 17:00:46.305 19110 19189 D OutputsAudio: [outputs-audio] warmup hz=700.0
10-11 17:00:46.306 19110 25251 D OutputsAudio: [outputs-audio] playMorse.start count=27 unit=40.0
10-11 17:00:46.306 19110 25251 D OutputsAudio: [outputs-audio] start hz=700.0 gain=1.000 attack=2.50 release=6.00
10-11 17:00:46.320 19110 19189 D OutputsAudio: [outputs-audio] symbol.info sequence=1 symbol=. timestamp=17469827.214 duration=40.000
10-11 17:00:46.321 19110 19189 I ReactNativeJS: [outputs] playMorse.symbol {"timestamp":17469841.790157,"wallClock":1760216446320,"symbol":".","durationMs":40,"index":0,"source":"console.replay","correlationId":"console-replay:mgmrfaeo6vhyptk5","nativeTimestampMs":17469827.214,"nativeDurationMs":40,"nativeOffsetMs":14.477041997015476,"nativeSequence":1,"monotonicTimestampMs":17469827.214,"nativeExpectedTimestampMs":null,"nativeStartSkewMs":null,"nativeBatchElapsedMs":null,"nativeExpectedSincePriorMs":null,"nativeSincePriorMs":null,"nativePatternStartMs":null,"nativeAgeMs":null}
10-11 17:00:46.321 19110 19189 I ReactNativeJS: [outputs] outputs.hapticSymbol {"timestamp":17469842.72849,"wallClock":1760216446321,"enabled":true,"symbol":".","durationMs":40,"platform":"android","source":"console.replay","correlationId":"console-replay:mgmrfaeo6vhyptk5","timelineOffsetMs":14.477041997015476}
10-11 17:00:46.322 19110 19189 I ReactNativeJS: [outputs] outputs.flashPulse {"timestamp":17469843.771511,"wallClock":1760216446322,"enabled":true,"durationMs":40,"source":"console.replay","correlationId":"console-replay:mgmrfaeo6vhyptk5","timelineOffsetMs":14.477041997015476}
10-11 17:00:46.346 19110 25251 D OutputsAudio: [outputs-audio] stop gain=1.000 release=6.00
10-11 17:00:46.376 19110 19189 I ReactNativeJS: [outputs] outputs.flashPulse.commit {"timestamp":17469897.67724,"wallClock":1760216446376,"durationMs":40,"source":"console.replay","correlationId":"console-replay:mgmrfaeo6vhyptk5","latencyMs":55.98104200139642,"timelineOffsetMs":14.477041997015476,"leadMs":8,"scheduleSkewMs":63.98104200139642}
10-11 17:00:46.387 19110 25251 D OutputsAudio: [outputs-audio] start hz=700.0 gain=1.000 attack=2.50 release=6.00
10-11 17:00:46.423 19110 19189 D OutputsAudio: [outputs-audio] symbol.info sequence=2 symbol=. timestamp=17469908.822 duration=40.000
10-11 17:00:46.424 19110 19189 I ReactNativeJS: [outputs] playMorse.symbol {"timestamp":17469944.958177,"wallClock":1760216446423,"symbol":".","durationMs":40,"index":1,"source":"console.replay","correlationId":"console-replay:mgmrfahj2yi4c72k","nativeTimestampMs":17469908.822,"nativeDurationMs":40,"nativeOffsetMs":36.05992699787021,"nativeSequence":2,"monotonicTimestampMs":17469908.822,"nativeExpectedTimestampMs":null,"nativeStartSkewMs":null,"nativeBatchElapsedMs":null,"nativeExpectedSincePriorMs":null,"nativeSincePriorMs":null,"nativePatternStartMs":null,"nativeAgeMs":null}
10-11 17:00:46.425 19110 19189 I ReactNativeJS: [outputs] outputs.hapticSymbol {"timestamp":17469945.701407,"wallClock":1760216446424,"enabled":true,"symbol":".","durationMs":40,"platform":"android","source":"console.replay","correlationId":"console-replay:mgmrfahj2yi4c72k","timelineOffsetMs":36.05992699787021}
10-11 17:00:46.426 19110 19189 I ReactNativeJS: [outputs] outputs.flashPulse {"timestamp":17469947.012761,"wallClock":1760216446425,"enabled":true,"durationMs":40,"source":"console.replay","correlationId":"console-replay:mgmrfahj2yi4c72k","timelineOffsetMs":36.05992699787021}
10-11 17:00:46.428 19110 25251 D OutputsAudio: [outputs-audio] stop gain=1.000 release=6.00
10-11 17:00:46.468 19110 25251 D OutputsAudio: [outputs-audio] start hz=700.0 gain=1.000 attack=2.50 release=6.00
10-11 17:00:46.486 19110 19189 D OutputsAudio: [outputs-audio] symbol.info sequence=3 symbol=. timestamp=17469989.942 duration=40.000
10-11 17:00:46.486 19110 19189 I ReactNativeJS: [outputs] playMorse.symbol {"timestamp":17470007.467865,"wallClock":1760216446486,"symbol":".","durationMs":40,"index":2,"source":"console.replay","correlationId":"console-replay:mgmrfaja5ic1kdlz","nativeTimestampMs":17469989.942,"nativeDurationMs":40,"nativeOffsetMs":17.479770999401808,"nativeSequence":3,"monotonicTimestampMs":17469989.942,"nativeExpectedTimestampMs":null,"nativeStartSkewMs":null,"nativeBatchElapsedMs":null,"nativeExpectedSincePriorMs":null,"nativeSincePriorMs":null,"nativePatternStartMs":null,"nativeAgeMs":null}
10-11 17:00:46.487 19110 19189 I ReactNativeJS: [outputs] outputs.hapticSymbol {"timestamp":17470007.915,"wallClock":1760216446486,"enabled":true,"symbol":".","durationMs":40,"platform":"android","source":"console.replay","correlationId":"console-replay:mgmrfaja5ic1kdlz","timelineOffsetMs":17.479770999401808}
10-11 17:00:46.487 19110 19189 I ReactNativeJS: [outputs] outputs.flashPulse {"timestamp":17470008.702813,"wallClock":1760216446487,"enabled":true,"durationMs":40,"source":"console.replay","correlationId":"console-replay:mgmrfaja5ic1kdlz","timelineOffsetMs":17.479770999401808}
10-11 17:00:46.509 19110 25251 D OutputsAudio: [outputs-audio] stop gain=1.000 release=6.00
10-11 17:00:46.538 19110 19189 I ReactNativeJS: [outputs] outputs.flashPulse.commit {"timestamp":17470059.02224,"wallClock":1760216446537,"durationMs":40,"source":"console.replay","correlationId":"console-replay:mgmrfahj2yi4c72k","latencyMs":114.13500000163913,"timelineOffsetMs":36.05992699787021,"leadMs":8,"scheduleSkewMs":122.13500000163913}
10-11 17:00:46.549 19110 25251 D OutputsAudio: [outputs-audio] start hz=700.0 gain=1.000 attack=2.50 release=6.00
10-11 17:00:46.581 19110 19189 I ReactNativeJS: [outputs] outputs.flashPulse.commit {"timestamp":17470101.915156,"wallClock":1760216446580,"durationMs":40,"source":"console.replay","correlationId":"console-replay:mgmrfaja5ic1kdlz","latencyMs":94.4889059998095,"timelineOffsetMs":17.479770999401808,"leadMs":8,"scheduleSkewMs":102.4889059998095}
10-11 17:00:46.633 19110 19189 D OutputsAudio: [outputs-audio] symbol.info sequence=4 symbol=- timestamp=17470071.163 duration=120.000
10-11 17:00:46.633 19110 19189 I ReactNativeJS: [outputs] playMorse.symbol {"timestamp":17470154.242292,"wallClock":1760216446633,"symbol":"-","durationMs":120,"index":3,"source":"console.replay","correlationId":"console-replay:mgmrfandyj95b7as","nativeTimestampMs":17470071.163,"nativeDurationMs":120,"nativeOffsetMs":83.02528100088239,"nativeSequence":4,"monotonicTimestampMs":17470071.163,"nativeExpectedTimestampMs":null,"nativeStartSkewMs":null,"nativeBatchElapsedMs":null,"nativeExpectedSincePriorMs":null,"nativeSincePriorMs":null,"nativePatternStartMs":null,"nativeAgeMs":null}
10-11 17:00:46.633 19110 19189 I ReactNativeJS: [outputs] playMorse.nativeOffset.spike {"timestamp":17470154.720886,"wallClock":1760216446633,"source":"console.replay","offsetMs":83.02528100088239,"sequence":4,"unitMs":40,"correlationId":"console-replay:mgmrfandyj95b7as"}
10-11 17:00:46.634 19110 19189 I ReactNativeJS: [outputs] outputs.hapticSymbol {"timestamp":17470155.01974,"wallClock":1760216446633,"enabled":true,"symbol":"-","durationMs":120,"platform":"android","source":"console.replay","correlationId":"console-replay:mgmrfandyj95b7as","timelineOffsetMs":83.02528100088239}
10-11 17:00:46.634 19110 19189 I ReactNativeJS: [outputs] outputs.flashPulse {"timestamp":17470155.745834,"wallClock":1760216446634,"enabled":true,"durationMs":120,"source":"console.replay","correlationId":"console-replay:mgmrfandyj95b7as","timelineOffsetMs":83.02528100088239}
10-11 17:00:46.670 19110 25251 D OutputsAudio: [outputs-audio] stop gain=1.000 release=6.00
10-11 17:00:46.696 19110 19189 I ReactNativeJS: [outputs] outputs.flashPulse.commit {"timestamp":17470216.821302,"wallClock":1760216446695,"durationMs":120,"source":"console.replay","correlationId":"console-replay:mgmrfandyj95b7as","latencyMs":62.6267709992826,"timelineOffsetMs":83.02528100088239,"leadMs":8,"scheduleSkewMs":70.6267709992826}
10-11 17:00:46.711 19110 25251 D OutputsAudio: [outputs-audio] start hz=700.0 gain=1.000 attack=2.50 release=6.00
10-11 17:00:46.743 19110 19189 D OutputsAudio: [outputs-audio] symbol.info sequence=5 symbol=- timestamp=17470232.693 duration=120.000
10-11 17:00:46.743 19110 19189 I ReactNativeJS: [outputs] playMorse.symbol {"timestamp":17470264.625469,"wallClock":1760216446743,"symbol":"-","durationMs":120,"index":4,"source":"console.replay","correlationId":"console-replay:mgmrfaqfzqdkuk2s","nativeTimestampMs":17470232.693,"nativeDurationMs":120,"nativeOffsetMs":31.883614998310804,"nativeSequence":5,"monotonicTimestampMs":17470232.693,"nativeExpectedTimestampMs":null,"nativeStartSkewMs":null,"nativeBatchElapsedMs":null,"nativeExpectedSincePriorMs":null,"nativeSincePriorMs":null,"nativePatternStartMs":null,"nativeAgeMs":null}
10-11 17:00:46.744 19110 19189 I ReactNativeJS: [outputs] outputs.hapticSymbol {"timestamp":17470265.104115,"wallClock":1760216446743,"enabled":true,"symbol":"-","durationMs":120,"platform":"android","source":"console.replay","correlationId":"console-replay:mgmrfaqfzqdkuk2s","timelineOffsetMs":31.883614998310804}
10-11 17:00:46.744 19110 19189 I ReactNativeJS: [outputs] outputs.flashPulse {"timestamp":17470265.81875,"wallClock":1760216446744,"enabled":true,"durationMs":120,"source":"console.replay","correlationId":"console-replay:mgmrfaqfzqdkuk2s","timelineOffsetMs":31.883614998310804}
10-11 17:00:46.799 19110 19189 I ReactNativeJS: [outputs] outputs.flashPulse.commit {"timestamp":17470320.056563,"wallClock":1760216446798,"durationMs":120,"source":"console.replay","correlationId":"console-replay:mgmrfaqfzqdkuk2s","latencyMs":55.4742710031569,"timelineOffsetMs":31.883614998310804,"leadMs":8,"scheduleSkewMs":63.4742710031569}
10-11 17:00:46.832 19110 25251 D OutputsAudio: [outputs-audio] stop gain=1.000 release=6.00
10-11 17:00:46.873 19110 25251 D OutputsAudio: [outputs-audio] start hz=700.0 gain=1.000 attack=2.50 release=6.00
10-11 17:00:46.894 19110 19189 D OutputsAudio: [outputs-audio] symbol.info sequence=6 symbol=- timestamp=17470395.103 duration=120.000
10-11 17:00:46.895 19110 19189 I ReactNativeJS: [outputs] playMorse.symbol {"timestamp":17470415.658177,"wallClock":1760216446894,"symbol":"-","durationMs":120,"index":5,"source":"console.replay","correlationId":"console-replay:mgmrfaum93mzk2vz","nativeTimestampMs":17470395.103,"nativeDurationMs":120,"nativeOffsetMs":20.474500000476837,"nativeSequence":6,"monotonicTimestampMs":17470395.103,"nativeExpectedTimestampMs":null,"nativeStartSkewMs":null,"nativeBatchElapsedMs":null,"nativeExpectedSincePriorMs":null,"nativeSincePriorMs":null,"nativePatternStartMs":null,"nativeAgeMs":null}
10-11 17:00:46.895 19110 19189 I ReactNativeJS: [outputs] outputs.hapticSymbol {"timestamp":17470416.507031,"wallClock":1760216446895,"enabled":true,"symbol":"-","durationMs":120,"platform":"android","source":"console.replay","correlationId":"console-replay:mgmrfaum93mzk2vz","timelineOffsetMs":20.474500000476837}
10-11 17:00:46.896 19110 19189 I ReactNativeJS: [outputs] outputs.flashPulse {"timestamp":17470417.347344,"wallClock":1760216446896,"enabled":true,"durationMs":120,"source":"console.replay","correlationId":"console-replay:mgmrfaum93mzk2vz","timelineOffsetMs":20.474500000476837}
10-11 17:00:46.950 19110 19189 I ReactNativeJS: [outputs] outputs.flashPulse.commit {"timestamp":17470471.47099,"wallClock":1760216446950,"durationMs":120,"source":"console.replay","correlationId":"console-replay:mgmrfaum93mzk2vz","latencyMs":55.888384997844696,"timelineOffsetMs":20.474500000476837,"leadMs":8,"scheduleSkewMs":63.888384997844696}
10-11 17:00:46.994 19110 25251 D OutputsAudio: [outputs-audio] stop gain=1.000 release=6.00
10-11 17:00:47.035 19110 25251 D OutputsAudio: [outputs-audio] start hz=700.0 gain=1.000 attack=2.50 release=6.00
10-11 17:00:47.049 19110 19189 D OutputsAudio: [outputs-audio] symbol.info sequence=7 symbol=. timestamp=17470556.366 duration=40.000
10-11 17:00:47.050 19110 19189 I ReactNativeJS: [outputs] playMorse.symbol {"timestamp":17470570.777083,"wallClock":1760216447049,"symbol":".","durationMs":40,"index":6,"source":"console.replay","correlationId":"console-replay:mgmrfayxzmltrit1","nativeTimestampMs":17470556.366,"nativeDurationMs":40,"nativeOffsetMs":14.33389599993825,"nativeSequence":7,"monotonicTimestampMs":17470556.366,"nativeExpectedTimestampMs":null,"nativeStartSkewMs":null,"nativeBatchElapsedMs":null,"nativeExpectedSincePriorMs":null,"nativeSincePriorMs":null,"nativePatternStartMs":null,"nativeAgeMs":null}
10-11 17:00:47.050 19110 19189 I ReactNativeJS: [outputs] outputs.hapticSymbol {"timestamp":17470571.480781,"wallClock":1760216447050,"enabled":true,"symbol":".","durationMs":40,"platform":"android","source":"console.replay","correlationId":"console-replay:mgmrfayxzmltrit1","timelineOffsetMs":14.33389599993825}
10-11 17:00:47.051 19110 19189 I ReactNativeJS: [outputs] outputs.flashPulse {"timestamp":17470572.62224,"wallClock":1760216447051,"enabled":true,"durationMs":40,"source":"console.replay","correlationId":"console-replay:mgmrfayxzmltrit1","timelineOffsetMs":14.33389599993825}
10-11 17:00:47.075 19110 25251 D OutputsAudio: [outputs-audio] stop gain=1.000 release=6.00
10-11 17:00:47.111 19110 19189 I ReactNativeJS: [outputs] outputs.flashPulse.commit {"timestamp":17470632.396562,"wallClock":1760216447111,"durationMs":40,"source":"console.replay","correlationId":"console-replay:mgmrfayxzmltrit1","latencyMs":61.69140600040555,"timelineOffsetMs":14.33389599993825,"leadMs":8,"scheduleSkewMs":69.69140600040555}
10-11 17:00:47.115 19110 25251 D OutputsAudio: [outputs-audio] start hz=700.0 gain=1.000 attack=2.50 release=6.00
10-11 17:00:47.156 19110 25251 D OutputsAudio: [outputs-audio] stop gain=1.000 release=6.00
10-11 17:00:47.156 19110 19189 D OutputsAudio: [outputs-audio] symbol.info sequence=8 symbol=. timestamp=17470637.019 duration=40.000
10-11 17:00:47.157 19110 19189 I ReactNativeJS: [outputs] playMorse.symbol {"timestamp":17470677.61099,"wallClock":1760216447156,"symbol":".","durationMs":40,"index":7,"source":"console.replay","correlationId":"console-replay:mgmrfb1wgv9uwuoc","nativeTimestampMs":17470637.019,"nativeDurationMs":40,"nativeOffsetMs":40.500634998083115,"nativeSequence":8,"monotonicTimestampMs":17470637.019,"nativeExpectedTimestampMs":null,"nativeStartSkewMs":null,"nativeBatchElapsedMs":null,"nativeExpectedSincePriorMs":null,"nativeSincePriorMs":null,"nativePatternStartMs":null,"nativeAgeMs":null}
10-11 17:00:47.157 19110 19189 I ReactNativeJS: [outputs] outputs.hapticSymbol {"timestamp":17470678.528229,"wallClock":1760216447157,"enabled":true,"symbol":".","durationMs":40,"platform":"android","source":"console.replay","correlationId":"console-replay:mgmrfb1wgv9uwuoc","timelineOffsetMs":40.500634998083115}
10-11 17:00:47.159 19110 19189 I ReactNativeJS: [outputs] outputs.flashPulse {"timestamp":17470679.981823,"wallClock":1760216447158,"enabled":true,"durationMs":40,"source":"console.replay","correlationId":"console-replay:mgmrfb1wgv9uwuoc","timelineOffsetMs":40.500634998083115}
10-11 17:00:47.196 19110 25251 D OutputsAudio: [outputs-audio] start hz=700.0 gain=1.000 attack=2.50 release=6.00
10-11 17:00:47.211 19110 19189 I ReactNativeJS: [outputs] outputs.flashPulse.commit {"timestamp":17470732.562708,"wallClock":1760216447211,"durationMs":40,"source":"console.replay","correlationId":"console-replay:mgmrfb1wgv9uwuoc","latencyMs":55.03864600136876,"timelineOffsetMs":40.500634998083115,"leadMs":8,"scheduleSkewMs":63.03864600136876}
10-11 17:00:47.236 19110 25251 D OutputsAudio: [outputs-audio] stop gain=1.000 release=6.00
10-11 17:00:47.257 19110 19189 D OutputsAudio: [outputs-audio] symbol.info sequence=9 symbol=. timestamp=17470717.485 duration=40.000
10-11 17:00:47.257 19110 19189 I ReactNativeJS: [outputs] playMorse.symbol {"timestamp":17470778.54474,"wallClock":1760216447257,"symbol":".","durationMs":40,"index":8,"source":"console.replay","correlationId":"console-replay:mgmrfb4pwtxzgztm","nativeTimestampMs":17470717.485,"nativeDurationMs":40,"nativeOffsetMs":61.00911499932408,"nativeSequence":9,"monotonicTimestampMs":17470717.485,"nativeExpectedTimestampMs":null,"nativeStartSkewMs":null,"nativeBatchElapsedMs":null,"nativeExpectedSincePriorMs":null,"nativeSincePriorMs":null,"nativePatternStartMs":null,"nativeAgeMs":null}
10-11 17:00:47.258 19110 19189 I ReactNativeJS: [outputs] outputs.hapticSymbol {"timestamp":17470779.0325,"wallClock":1760216447257,"enabled":true,"symbol":".","durationMs":40,"platform":"android","source":"console.replay","correlationId":"console-replay:mgmrfb4pwtxzgztm","timelineOffsetMs":61.00911499932408}
10-11 17:00:47.258 19110 19189 I ReactNativeJS: [outputs] outputs.flashPulse {"timestamp":17470779.748906,"wallClock":1760216447258,"enabled":true,"durationMs":40,"source":"console.replay","correlationId":"console-replay:mgmrfb4pwtxzgztm","timelineOffsetMs":61.00911499932408}
10-11 17:00:47.277 19110 25251 D OutputsAudio: [outputs-audio] start hz=700.0 gain=1.000 attack=2.50 release=6.00
10-11 17:00:47.312 19110 19189 I ReactNativeJS: [outputs] outputs.flashPulse.commit {"timestamp":17470832.961562,"wallClock":1760216447311,"durationMs":40,"source":"console.replay","correlationId":"console-replay:mgmrfb4pwtxzgztm","latencyMs":54.46192700043321,"timelineOffsetMs":61.00911499932408,"leadMs":8,"scheduleSkewMs":62.46192700043321}
10-11 17:00:47.353 19110 19189 D OutputsAudio: [outputs-audio] symbol.info sequence=10 symbol=- timestamp=17470798.474 duration=120.000
10-11 17:00:47.354 19110 19189 I ReactNativeJS: [outputs] playMorse.symbol {"timestamp":17470874.838854,"wallClock":1760216447353,"symbol":"-","durationMs":120,"index":9,"source":"console.replay","correlationId":"console-replay:mgmrfb7duqiem4d5","nativeTimestampMs":17470798.474,"nativeDurationMs":120,"nativeOffsetMs":76.31485399976373,"nativeSequence":10,"monotonicTimestampMs":17470798.474,"nativeExpectedTimestampMs":null,"nativeStartSkewMs":null,"nativeBatchElapsedMs":null,"nativeExpectedSincePriorMs":null,"nativeSincePriorMs":null,"nativePatternStartMs":null,"nativeAgeMs":null}
10-11 17:00:47.354 19110 19189 I ReactNativeJS: [outputs] outputs.hapticSymbol {"timestamp":17470875.297864,"wallClock":1760216447354,"enabled":true,"symbol":"-","durationMs":120,"platform":"android","source":"console.replay","correlationId":"console-replay:mgmrfb7duqiem4d5","timelineOffsetMs":76.31485399976373}
10-11 17:00:47.355 19110 19189 I ReactNativeJS: [outputs] outputs.flashPulse {"timestamp":17470876.052083,"wallClock":1760216447354,"enabled":true,"durationMs":120,"source":"console.replay","correlationId":"console-replay:mgmrfb7duqiem4d5","timelineOffsetMs":76.31485399976373}
10-11 17:00:47.397 19110 25251 D OutputsAudio: [outputs-audio] stop gain=1.000 release=6.00
10-11 17:00:47.411 19110 19189 I ReactNativeJS: [outputs] outputs.flashPulse.commit {"timestamp":17470932.660885,"wallClock":1760216447411,"durationMs":120,"source":"console.replay","correlationId":"console-replay:mgmrfb7duqiem4d5","latencyMs":57.867240000516176,"timelineOffsetMs":76.31485399976373,"leadMs":8,"scheduleSkewMs":65.86724000051618}
10-11 17:00:47.438 19110 25251 D OutputsAudio: [outputs-audio] start hz=700.0 gain=1.000 attack=2.50 release=6.00
10-11 17:00:47.453 19110 19189 D OutputsAudio: [outputs-audio] symbol.info sequence=11 symbol=- timestamp=17470959.936 duration=120.000
10-11 17:00:47.453 19110 19189 I ReactNativeJS: [outputs] playMorse.symbol {"timestamp":17470974.494271,"wallClock":1760216447453,"symbol":"-","durationMs":120,"index":10,"source":"console.replay","correlationId":"console-replay:mgmrfba5c5jrzep7","nativeTimestampMs":17470959.936,"nativeDurationMs":120,"nativeOffsetMs":14.510093998163939,"nativeSequence":11,"monotonicTimestampMs":17470959.936,"nativeExpectedTimestampMs":null,"nativeStartSkewMs":null,"nativeBatchElapsedMs":null,"nativeExpectedSincePriorMs":null,"nativeSincePriorMs":null,"nativePatternStartMs":null,"nativeAgeMs":null}
10-11 17:00:47.454 19110 19189 I ReactNativeJS: [outputs] outputs.hapticSymbol {"timestamp":17470974.965781,"wallClock":1760216447453,"enabled":true,"symbol":"-","durationMs":120,"platform":"android","source":"console.replay","correlationId":"console-replay:mgmrfba5c5jrzep7","timelineOffsetMs":14.510093998163939}
10-11 17:00:47.454 19110 19189 I ReactNativeJS: [outputs] outputs.flashPulse {"timestamp":17470975.687864,"wallClock":1760216447454,"enabled":true,"durationMs":120,"source":"console.replay","correlationId":"console-replay:mgmrfba5c5jrzep7","timelineOffsetMs":14.510093998163939}
10-11 17:00:47.505 19110 19189 I ReactNativeJS: [outputs] outputs.flashPulse.commit {"timestamp":17471026.382239,"wallClock":1760216447505,"durationMs":120,"source":"console.replay","correlationId":"console-replay:mgmrfba5c5jrzep7","latencyMs":51.93213500082493,"timelineOffsetMs":14.510093998163939,"leadMs":8,"scheduleSkewMs":59.93213500082493}
10-11 17:00:47.559 19110 25251 D OutputsAudio: [outputs-audio] stop gain=1.000 release=6.00
10-11 17:00:47.599 19110 25251 D OutputsAudio: [outputs-audio] start hz=700.0 gain=1.000 attack=2.50 release=6.00
10-11 17:00:47.618 19110 19189 D OutputsAudio: [outputs-audio] symbol.info sequence=12 symbol=- timestamp=17471121.059 duration=120.000
10-11 17:00:47.619 19110 19189 I ReactNativeJS: [outputs] playMorse.symbol {"timestamp":17471140.055416,"wallClock":1760216447618,"symbol":"-","durationMs":120,"index":11,"source":"console.replay","correlationId":"console-replay:mgmrfbeqtk8t7off","nativeTimestampMs":17471121.059,"nativeDurationMs":120,"nativeOffsetMs":18.85683299973607,"nativeSequence":12,"monotonicTimestampMs":17471121.059,"nativeExpectedTimestampMs":null,"nativeStartSkewMs":null,"nativeBatchElapsedMs":null,"nativeExpectedSincePriorMs":null,"nativeSincePriorMs":null,"nativePatternStartMs":null,"nativeAgeMs":null}
10-11 17:00:47.620 19110 19189 I ReactNativeJS: [outputs] outputs.hapticSymbol {"timestamp":17471141.126458,"wallClock":1760216447619,"enabled":true,"symbol":"-","durationMs":120,"platform":"android","source":"console.replay","correlationId":"console-replay:mgmrfbeqtk8t7off","timelineOffsetMs":18.85683299973607}
10-11 17:00:47.621 19110 19189 I ReactNativeJS: [outputs] outputs.flashPulse {"timestamp":17471142.442656,"wallClock":1760216447621,"enabled":true,"durationMs":120,"source":"console.replay","correlationId":"console-replay:mgmrfbeqtk8t7off","timelineOffsetMs":18.85683299973607}
10-11 17:00:47.684 19110 19189 I ReactNativeJS: [outputs] outputs.flashPulse.commit {"timestamp":17471205.609687,"wallClock":1760216447684,"durationMs":120,"source":"console.replay","correlationId":"console-replay:mgmrfbeqtk8t7off","latencyMs":65.68843799829483,"timelineOffsetMs":18.85683299973607,"leadMs":8,"scheduleSkewMs":73.68843799829483}
10-11 17:00:47.720 19110 25251 D OutputsAudio: [outputs-audio] stop gain=1.000 release=6.00
10-11 17:00:47.761 19110 25251 D OutputsAudio: [outputs-audio] start hz=700.0 gain=1.000 attack=2.50 release=6.00
10-11 17:00:47.781 19110 19189 D OutputsAudio: [outputs-audio] symbol.info sequence=13 symbol=. timestamp=17471283.050 duration=40.000
10-11 17:00:47.782 19110 19189 I ReactNativeJS: [outputs] playMorse.symbol {"timestamp":17471302.677031,"wallClock":1760216447781,"symbol":".","durationMs":40,"index":12,"source":"console.replay","correlationId":"console-replay:mgmrfbj9a5o5bkky","nativeTimestampMs":17471283.05,"nativeDurationMs":40,"nativeOffsetMs":19.471249997615814,"nativeSequence":13,"monotonicTimestampMs":17471283.05,"nativeExpectedTimestampMs":null,"nativeStartSkewMs":null,"nativeBatchElapsedMs":null,"nativeExpectedSincePriorMs":null,"nativeSincePriorMs":null,"nativePatternStartMs":null,"nativeAgeMs":null}
10-11 17:00:47.784 19110 19189 I ReactNativeJS: [outputs] outputs.hapticSymbol {"timestamp":17471304.071093,"wallClock":1760216447782,"enabled":true,"symbol":".","durationMs":40,"platform":"android","source":"console.replay","correlationId":"console-replay:mgmrfbj9a5o5bkky","timelineOffsetMs":19.471249997615814}
10-11 17:00:47.789 19110 19189 I ReactNativeJS: [outputs] outputs.flashPulse {"timestamp":17471309.14625,"wallClock":1760216447788,"enabled":true,"durationMs":40,"source":"console.replay","correlationId":"console-replay:mgmrfbj9a5o5bkky","timelineOffsetMs":19.471249997615814}
10-11 17:00:47.802 19110 25251 D OutputsAudio: [outputs-audio] stop gain=1.000 release=6.00
10-11 17:00:47.842 19110 25251 D OutputsAudio: [outputs-audio] start hz=700.0 gain=1.000 attack=2.50 release=6.00
10-11 17:00:47.850 19110 19189 I ReactNativeJS: [outputs] outputs.flashPulse.commit {"timestamp":17471370.961666,"wallClock":1760216447849,"durationMs":40,"source":"console.replay","correlationId":"console-replay:mgmrfbj9a5o5bkky","latencyMs":68.4347390010953,"timelineOffsetMs":19.471249997615814,"leadMs":8,"scheduleSkewMs":76.4347390010953}
10-11 17:00:47.883 19110 25251 D OutputsAudio: [outputs-audio] stop gain=1.000 release=6.00
10-11 17:00:47.902 19110 19189 D OutputsAudio: [outputs-audio] symbol.info sequence=14 symbol=. timestamp=17471364.104 duration=40.000
10-11 17:00:47.903 19110 19189 I ReactNativeJS: [outputs] playMorse.symbol {"timestamp":17471423.948906,"wallClock":1760216447902,"symbol":".","durationMs":40,"index":13,"source":"console.replay","correlationId":"console-replay:mgmrfbmmoidcf8bg","nativeTimestampMs":17471364.104,"nativeDurationMs":40,"nativeOffsetMs":59.791312001645565,"nativeSequence":14,"monotonicTimestampMs":17471364.104,"nativeExpectedTimestampMs":null,"nativeStartSkewMs":null,"nativeBatchElapsedMs":null,"nativeExpectedSincePriorMs":null,"nativeSincePriorMs":null,"nativePatternStartMs":null,"nativeAgeMs":null}
10-11 17:00:47.903 19110 19189 I ReactNativeJS: [outputs] outputs.hapticSymbol {"timestamp":17471424.523698,"wallClock":1760216447903,"enabled":true,"symbol":".","durationMs":40,"platform":"android","source":"console.replay","correlationId":"console-replay:mgmrfbmmoidcf8bg","timelineOffsetMs":59.791312001645565}
10-11 17:00:47.924 19110 25251 D OutputsAudio: [outputs-audio] start hz=700.0 gain=1.000 attack=2.50 release=6.00
10-11 17:00:47.947 19110 19189 I ReactNativeJS: [outputs] outputs.flashPulse {"timestamp":17471450.783489,"wallClock":1760216447929,"enabled":true,"durationMs":40,"source":"console.replay","correlationId":"console-replay:mgmrfbmmoidcf8bg","timelineOffsetMs":59.791312001645565}
10-11 17:00:47.958 19110 19189 D OutputsAudio: [outputs-audio] symbol.info sequence=15 symbol=. timestamp=17471445.571 duration=40.000
10-11 17:00:47.965 19110 25251 D OutputsAudio: [outputs-audio] stop gain=1.000 release=6.00
10-11 17:00:48.006 19110 25251 D OutputsAudio: [outputs-audio] start hz=700.0 gain=1.000 attack=2.50 release=6.00
10-11 17:00:48.018 19110 19189 I ReactNativeJS: [outputs] playMorse.symbol {"timestamp":17471538.957708,"wallClock":1760216448017,"symbol":".","durationMs":40,"index":14,"source":"console.replay","correlationId":"console-replay:mgmrfbptrmi1n6mk","nativeTimestampMs":17471445.571,"nativeDurationMs":40,"nativeOffsetMs":33.9565000012517,"nativeSequence":15,"monotonicTimestampMs":17471445.571,"nativeExpectedTimestampMs":null,"nativeStartSkewMs":null,"nativeBatchElapsedMs":null,"nativeExpectedSincePriorMs":null,"nativeSincePriorMs":null,"nativePatternStartMs":null,"nativeAgeMs":null}
10-11 17:00:48.018 19110 19189 I ReactNativeJS: [outputs] outputs.hapticSymbol {"timestamp":17471539.500156,"wallClock":1760216448018,"enabled":true,"symbol":".","durationMs":40,"platform":"android","source":"console.replay","correlationId":"console-replay:mgmrfbptrmi1n6mk","timelineOffsetMs":33.9565000012517}
10-11 17:00:48.019 19110 19189 I ReactNativeJS: [outputs] outputs.flashPulse {"timestamp":17471540.262448,"wallClock":1760216448019,"enabled":true,"durationMs":40,"source":"console.replay","correlationId":"console-replay:mgmrfbptrmi1n6mk","timelineOffsetMs":33.9565000012517}
10-11 17:00:48.019 19110 19189 D OutputsAudio: [outputs-audio] symbol.info sequence=16 symbol=- timestamp=17471527.434 duration=120.000
10-11 17:00:48.067 19110 19189 I ReactNativeJS: [outputs] playMorse.symbol {"timestamp":17471588.111302,"wallClock":1760216448066,"symbol":"-","durationMs":120,"index":15,"source":"console.replay","correlationId":"console-replay:mgmrfbr6veq8p0h0","nativeTimestampMs":17471527.434,"nativeDurationMs":120,"nativeOffsetMs":13.219073001295328,"nativeSequence":16,"monotonicTimestampMs":17471527.434,"nativeExpectedTimestampMs":null,"nativeStartSkewMs":null,"nativeBatchElapsedMs":null,"nativeExpectedSincePriorMs":null,"nativeSincePriorMs":null,"nativePatternStartMs":null,"nativeAgeMs":null}
10-11 17:00:48.067 19110 19189 I ReactNativeJS: [outputs] outputs.hapticSymbol {"timestamp":17471588.610208,"wallClock":1760216448067,"enabled":true,"symbol":"-","durationMs":120,"platform":"android","source":"console.replay","correlationId":"console-replay:mgmrfbr6veq8p0h0","timelineOffsetMs":13.219073001295328}
10-11 17:00:48.068 19110 19189 I ReactNativeJS: [outputs] outputs.flashPulse {"timestamp":17471589.289531,"wallClock":1760216448068,"enabled":true,"durationMs":120,"source":"console.replay","correlationId":"console-replay:mgmrfbr6veq8p0h0","timelineOffsetMs":13.219073001295328}
10-11 17:00:48.119 19110 19189 I ReactNativeJS: [outputs] outputs.flashPulse.commit {"timestamp":17471640.395156,"wallClock":1760216448119,"durationMs":40,"source":"console.replay","correlationId":"console-replay:mgmrfbmmoidcf8bg","latencyMs":216.49458299949765,"timelineOffsetMs":59.791312001645565,"leadMs":8,"scheduleSkewMs":224.49458299949765}
10-11 17:00:48.126 19110 25251 D OutputsAudio: [outputs-audio] stop gain=1.000 release=6.00
10-11 17:00:48.162 19110 19189 I ReactNativeJS: [outputs] outputs.flashPulse.commit {"timestamp":17471682.833802,"wallClock":1760216448161,"durationMs":40,"source":"console.replay","correlationId":"console-replay:mgmrfbptrmi1n6mk","latencyMs":203.30083300173283,"timelineOffsetMs":33.9565000012517,"leadMs":8,"scheduleSkewMs":211.30083300173283}
10-11 17:00:48.166 19110 25251 D OutputsAudio: [outputs-audio] start hz=700.0 gain=1.000 attack=2.50 release=6.00
10-11 17:00:48.205 19110 19189 I ReactNativeJS: [outputs] outputs.flashPulse.commit {"timestamp":17471725.993697,"wallClock":1760216448204,"durationMs":120,"source":"console.replay","correlationId":"console-replay:mgmrfbr6veq8p0h0","latencyMs":185.3354679979384,"timelineOffsetMs":13.219073001295328,"leadMs":8,"scheduleSkewMs":193.3354679979384}
10-11 17:00:48.248 19110 19189 D OutputsAudio: [outputs-audio] symbol.info sequence=17 symbol=- timestamp=17471687.957 duration=120.000
10-11 17:00:48.248 19110 19189 I ReactNativeJS: [outputs] playMorse.symbol {"timestamp":17471769.272239,"wallClock":1760216448248,"symbol":"-","durationMs":120,"index":16,"source":"console.replay","correlationId":"console-replay:mgmrfbw8xm6k8rm9","nativeTimestampMs":17471687.957,"nativeDurationMs":120,"nativeOffsetMs":81.26477000117302,"nativeSequence":17,"monotonicTimestampMs":17471687.957,"nativeExpectedTimestampMs":null,"nativeStartSkewMs":null,"nativeBatchElapsedMs":null,"nativeExpectedSincePriorMs":null,"nativeSincePriorMs":null,"nativePatternStartMs":null,"nativeAgeMs":null}
10-11 17:00:48.248 19110 19189 I ReactNativeJS: [outputs] playMorse.nativeOffset.spike {"timestamp":17471769.701927,"wallClock":1760216448248,"source":"console.replay","offsetMs":81.26477000117302,"sequence":17,"unitMs":40,"correlationId":"console-replay:mgmrfbw8xm6k8rm9"}
10-11 17:00:48.249 19110 19189 I ReactNativeJS: [outputs] outputs.hapticSymbol {"timestamp":17471770.023125,"wallClock":1760216448248,"enabled":true,"symbol":"-","durationMs":120,"platform":"android","source":"console.replay","correlationId":"console-replay:mgmrfbw8xm6k8rm9","timelineOffsetMs":81.26477000117302}
10-11 17:00:48.249 19110 19189 I ReactNativeJS: [outputs] outputs.flashPulse {"timestamp":17471770.77552,"wallClock":1760216448249,"enabled":true,"durationMs":120,"source":"console.replay","correlationId":"console-replay:mgmrfbw8xm6k8rm9","timelineOffsetMs":81.26477000117302}
10-11 17:00:48.287 19110 25251 D OutputsAudio: [outputs-audio] stop gain=1.000 release=6.00
10-11 17:00:48.309 19110 19189 I ReactNativeJS: [outputs] outputs.flashPulse.commit {"timestamp":17471829.85552,"wallClock":1760216448308,"durationMs":120,"source":"console.replay","correlationId":"console-replay:mgmrfbw8xm6k8rm9","latencyMs":60.62916700169444,"timelineOffsetMs":81.26477000117302,"leadMs":8,"scheduleSkewMs":68.62916700169444}
10-11 17:00:48.327 19110 25251 D OutputsAudio: [outputs-audio] start hz=700.0 gain=1.000 attack=2.50 release=6.00
10-11 17:00:48.351 19110 19189 D OutputsAudio: [outputs-audio] symbol.info sequence=18 symbol=- timestamp=17471848.789 duration=120.000
10-11 17:00:48.352 19110 19189 I ReactNativeJS: [outputs] playMorse.symbol {"timestamp":17471872.968437,"wallClock":1760216448351,"symbol":"-","durationMs":120,"index":17,"source":"console.replay","correlationId":"console-replay:mgmrfbz3mse23cvh","nativeTimestampMs":17471848.789,"nativeDurationMs":120,"nativeOffsetMs":24.126311998814344,"nativeSequence":18,"monotonicTimestampMs":17471848.789,"nativeExpectedTimestampMs":null,"nativeStartSkewMs":null,"nativeBatchElapsedMs":null,"nativeExpectedSincePriorMs":null,"nativeSincePriorMs":null,"nativePatternStartMs":null,"nativeAgeMs":null}
10-11 17:00:48.352 19110 19189 I ReactNativeJS: [outputs] outputs.hapticSymbol {"timestamp":17471873.483645,"wallClock":1760216448352,"enabled":true,"symbol":"-","durationMs":120,"platform":"android","source":"console.replay","correlationId":"console-replay:mgmrfbz3mse23cvh","timelineOffsetMs":24.126311998814344}
10-11 17:00:48.353 19110 19189 I ReactNativeJS: [outputs] outputs.flashPulse {"timestamp":17471874.240572,"wallClock":1760216448353,"enabled":true,"durationMs":120,"source":"console.replay","correlationId":"console-replay:mgmrfbz3mse23cvh","timelineOffsetMs":24.126311998814344}
10-11 17:00:48.402 19110 19189 I ReactNativeJS: [outputs] outputs.flashPulse.commit {"timestamp":17471923.312968,"wallClock":1760216448402,"durationMs":120,"source":"console.replay","correlationId":"console-replay:mgmrfbz3mse23cvh","latencyMs":50.393125001341105,"timelineOffsetMs":24.126311998814344,"leadMs":8,"scheduleSkewMs":58.393125001341105}
10-11 17:00:48.448 19110 25251 D OutputsAudio: [outputs-audio] stop gain=1.000 release=6.00
10-11 17:00:48.488 19110 25251 D OutputsAudio: [outputs-audio] start hz=700.0 gain=1.000 attack=2.50 release=6.00
10-11 17:00:48.500 19110 19189 D OutputsAudio: [outputs-audio] symbol.info sequence=19 symbol=. timestamp=17472009.938 duration=40.000
10-11 17:00:48.501 19110 19189 I ReactNativeJS: [outputs] playMorse.symbol {"timestamp":17472021.970052,"wallClock":1760216448500,"symbol":".","durationMs":40,"index":18,"source":"console.replay","correlationId":"console-replay:mgmrfc38hos8a516","nativeTimestampMs":17472009.938,"nativeDurationMs":40,"nativeOffsetMs":11.947572000324726,"nativeSequence":19,"monotonicTimestampMs":17472009.938,"nativeExpectedTimestampMs":null,"nativeStartSkewMs":null,"nativeBatchElapsedMs":null,"nativeExpectedSincePriorMs":null,"nativeSincePriorMs":null,"nativePatternStartMs":null,"nativeAgeMs":null}
10-11 17:00:48.502 19110 19189 I ReactNativeJS: [outputs] outputs.hapticSymbol {"timestamp":17472022.743333,"wallClock":1760216448501,"enabled":true,"symbol":".","durationMs":40,"platform":"android","source":"console.replay","correlationId":"console-replay:mgmrfc38hos8a516","timelineOffsetMs":11.947572000324726}
10-11 17:00:48.503 19110 19189 I ReactNativeJS: [outputs] outputs.flashPulse {"timestamp":17472023.972187,"wallClock":1760216448502,"enabled":true,"durationMs":40,"source":"console.replay","correlationId":"console-replay:mgmrfc38hos8a516","timelineOffsetMs":11.947572000324726}
10-11 17:00:48.529 19110 25251 D OutputsAudio: [outputs-audio] stop gain=1.000 release=6.00
10-11 17:00:48.563 19110 19189 I ReactNativeJS: [outputs] outputs.flashPulse.commit {"timestamp":17472084.480468,"wallClock":1760216448563,"durationMs":40,"source":"console.replay","correlationId":"console-replay:mgmrfc38hos8a516","latencyMs":62.59010499715805,"timelineOffsetMs":11.947572000324726,"leadMs":8,"scheduleSkewMs":70.59010499715805}
10-11 17:00:48.569 19110 25251 D OutputsAudio: [outputs-audio] start hz=700.0 gain=1.000 attack=2.50 release=6.00
10-11 17:00:48.608 19110 19189 D OutputsAudio: [outputs-audio] symbol.info sequence=20 symbol=. timestamp=17472090.699 duration=40.000
10-11 17:00:48.609 19110 19189 I ReactNativeJS: [outputs] playMorse.symbol {"timestamp":17472130.147604,"wallClock":1760216448609,"symbol":".","durationMs":40,"index":19,"source":"console.replay","correlationId":"console-replay:mgmrfc69etbfxvxm","nativeTimestampMs":17472090.699,"nativeDurationMs":40,"nativeOffsetMs":39.39553099870682,"nativeSequence":20,"monotonicTimestampMs":17472090.699,"nativeExpectedTimestampMs":null,"nativeStartSkewMs":null,"nativeBatchElapsedMs":null,"nativeExpectedSincePriorMs":null,"nativeSincePriorMs":null,"nativePatternStartMs":null,"nativeAgeMs":null}
10-11 17:00:48.609 19110 19189 I ReactNativeJS: [outputs] outputs.hapticSymbol {"timestamp":17472130.670416,"wallClock":1760216448609,"enabled":true,"symbol":".","durationMs":40,"platform":"android","source":"console.replay","correlationId":"console-replay:mgmrfc69etbfxvxm","timelineOffsetMs":39.39553099870682}
10-11 17:00:48.610 19110 19189 I ReactNativeJS: [outputs] outputs.flashPulse {"timestamp":17472131.368385,"wallClock":1760216448610,"enabled":true,"durationMs":40,"source":"console.replay","correlationId":"console-replay:mgmrfc69etbfxvxm","timelineOffsetMs":39.39553099870682}
10-11 17:00:48.610 19110 25251 D OutputsAudio: [outputs-audio] stop gain=1.000 release=6.00
10-11 17:00:48.650 19110 25251 D OutputsAudio: [outputs-audio] start hz=700.0 gain=1.000 attack=2.50 release=6.00
10-11 17:00:48.659 19110 19189 I ReactNativeJS: [outputs] outputs.flashPulse.commit {"timestamp":17472179.971145,"wallClock":1760216448658,"durationMs":40,"source":"console.replay","correlationId":"console-replay:mgmrfc69etbfxvxm","latencyMs":49.871979001909494,"timelineOffsetMs":39.39553099870682,"leadMs":8,"scheduleSkewMs":57.871979001909494}
10-11 17:00:48.691 19110 25251 D OutputsAudio: [outputs-audio] stop gain=1.000 release=6.00
10-11 17:00:48.701 19110 19189 D OutputsAudio: [outputs-audio] symbol.info sequence=21 symbol=. timestamp=17472172.226 duration=40.000
10-11 17:00:48.702 19110 19189 I ReactNativeJS: [outputs] playMorse.symbol {"timestamp":17472222.924739,"wallClock":1760216448701,"symbol":".","durationMs":40,"index":20,"source":"console.replay","correlationId":"console-replay:mgmrfc8tz7e2ad9p","nativeTimestampMs":17472172.226,"nativeDurationMs":40,"nativeOffsetMs":50.64795799925923,"nativeSequence":21,"monotonicTimestampMs":17472172.226,"nativeExpectedTimestampMs":null,"nativeStartSkewMs":null,"nativeBatchElapsedMs":null,"nativeExpectedSincePriorMs":null,"nativeSincePriorMs":null,"nativePatternStartMs":null,"nativeAgeMs":null}
10-11 17:00:48.702 19110 19189 I ReactNativeJS: [outputs] outputs.hapticSymbol {"timestamp":17472223.347291,"wallClock":1760216448702,"enabled":true,"symbol":".","durationMs":40,"platform":"android","source":"console.replay","correlationId":"console-replay:mgmrfc8tz7e2ad9p","timelineOffsetMs":50.64795799925923}
10-11 17:00:48.703 19110 19189 I ReactNativeJS: [outputs] outputs.flashPulse {"timestamp":17472224.127187,"wallClock":1760216448702,"enabled":true,"durationMs":40,"source":"console.replay","correlationId":"console-replay:mgmrfc8tz7e2ad9p","timelineOffsetMs":50.64795799925923}
10-11 17:00:48.732 19110 25251 D OutputsAudio: [outputs-audio] start hz=700.0 gain=1.000 attack=2.50 release=6.00
10-11 17:00:48.756 19110 19189 I ReactNativeJS: [outputs] outputs.flashPulse.commit {"timestamp":17472277.259895,"wallClock":1760216448756,"durationMs":40,"source":"console.replay","correlationId":"console-replay:mgmrfc8tz7e2ad9p","latencyMs":54.380989000201225,"timelineOffsetMs":50.64795799925923,"leadMs":8,"scheduleSkewMs":62.380989000201225}
10-11 17:00:48.797 19110 19189 D OutputsAudio: [outputs-audio] symbol.info sequence=22 symbol=- timestamp=17472253.726 duration=120.000
10-11 17:00:48.798 19110 19189 I ReactNativeJS: [outputs] playMorse.symbol {"timestamp":17472319.18552,"wallClock":1760216448798,"symbol":"-","durationMs":120,"index":21,"source":"console.replay","correlationId":"console-replay:mgmrfcbieb733che","nativeTimestampMs":17472253.726,"nativeDurationMs":120,"nativeOffsetMs":65.40858300030231,"nativeSequence":22,"monotonicTimestampMs":17472253.726,"nativeExpectedTimestampMs":null,"nativeStartSkewMs":null,"nativeBatchElapsedMs":null,"nativeExpectedSincePriorMs":null,"nativeSincePriorMs":null,"nativePatternStartMs":null,"nativeAgeMs":null}
10-11 17:00:48.798 19110 19189 I ReactNativeJS: [outputs] outputs.hapticSymbol {"timestamp":17472319.676718,"wallClock":1760216448798,"enabled":true,"symbol":"-","durationMs":120,"platform":"android","source":"console.replay","correlationId":"console-replay:mgmrfcbieb733che","timelineOffsetMs":65.40858300030231}
10-11 17:00:48.799 19110 19189 I ReactNativeJS: [outputs] outputs.flashPulse {"timestamp":17472320.443697,"wallClock":1760216448799,"enabled":true,"durationMs":120,"source":"console.replay","correlationId":"console-replay:mgmrfcbieb733che","timelineOffsetMs":65.40858300030231}
10-11 17:00:48.847 19110 19189 I ReactNativeJS: [outputs] outputs.flashPulse.commit {"timestamp":17472368.764426,"wallClock":1760216448847,"durationMs":120,"source":"console.replay","correlationId":"console-replay:mgmrfcbieb733che","latencyMs":49.624791000038385,"timelineOffsetMs":65.40858300030231,"leadMs":8,"scheduleSkewMs":57.624791000038385}
10-11 17:00:48.852 19110 25251 D OutputsAudio: [outputs-audio] stop gain=1.000 release=6.00
10-11 17:00:48.893 19110 25251 D OutputsAudio: [outputs-audio] start hz=700.0 gain=1.000 attack=2.50 release=6.00
10-11 17:00:48.910 19110 19189 D OutputsAudio: [outputs-audio] symbol.info sequence=23 symbol=- timestamp=17472414.299 duration=120.000
10-11 17:00:48.911 19110 19189 I ReactNativeJS: [outputs] playMorse.symbol {"timestamp":17472432.166249,"wallClock":1760216448911,"symbol":"-","durationMs":120,"index":22,"source":"console.replay","correlationId":"console-replay:mgmrfcenphaf0a1t","nativeTimestampMs":17472414.299,"nativeDurationMs":120,"nativeOffsetMs":17.793083000928164,"nativeSequence":23,"monotonicTimestampMs":17472414.299,"nativeExpectedTimestampMs":null,"nativeStartSkewMs":null,"nativeBatchElapsedMs":null,"nativeExpectedSincePriorMs":null,"nativeSincePriorMs":null,"nativePatternStartMs":null,"nativeAgeMs":null}
10-11 17:00:48.911 19110 19189 I ReactNativeJS: [outputs] outputs.hapticSymbol {"timestamp":17472432.750156,"wallClock":1760216448911,"enabled":true,"symbol":"-","durationMs":120,"platform":"android","source":"console.replay","correlationId":"console-replay:mgmrfcenphaf0a1t","timelineOffsetMs":17.793083000928164}
10-11 17:00:48.912 19110 19189 I ReactNativeJS: [outputs] outputs.flashPulse {"timestamp":17472433.525208,"wallClock":1760216448912,"enabled":true,"durationMs":120,"source":"console.replay","correlationId":"console-replay:mgmrfcenphaf0a1t","timelineOffsetMs":17.793083000928164}
10-11 17:00:48.961 19110 19189 I ReactNativeJS: [outputs] outputs.flashPulse.commit {"timestamp":17472482.764478,"wallClock":1760216448961,"durationMs":120,"source":"console.replay","correlationId":"console-replay:mgmrfcenphaf0a1t","latencyMs":50.66697899997234,"timelineOffsetMs":17.793083000928164,"leadMs":8,"scheduleSkewMs":58.66697899997234}
10-11 17:00:49.014 19110 25251 D OutputsAudio: [outputs-audio] stop gain=1.000 release=6.00
10-11 17:00:49.055 19110 25251 D OutputsAudio: [outputs-audio] start hz=700.0 gain=1.000 attack=2.50 release=6.00
10-11 17:00:49.064 19110 19189 D OutputsAudio: [outputs-audio] symbol.info sequence=24 symbol=- timestamp=17472576.569 duration=120.000
10-11 17:00:49.065 19110 19189 I ReactNativeJS: [outputs] playMorse.symbol {"timestamp":17472586.081249,"wallClock":1760216449064,"symbol":"-","durationMs":120,"index":23,"source":"console.replay","correlationId":"console-replay:mgmrfciwuw7y0m39","nativeTimestampMs":17472576.569,"nativeDurationMs":120,"nativeOffsetMs":9.43631200119853,"nativeSequence":24,"monotonicTimestampMs":17472576.569,"nativeExpectedTimestampMs":null,"nativeStartSkewMs":null,"nativeBatchElapsedMs":null,"nativeExpectedSincePriorMs":null,"nativeSincePriorMs":null,"nativePatternStartMs":null,"nativeAgeMs":null}
