10-12 10:20:48.828 21246 21883 D OutputsAudio: [outputs-audio] stop gain=1.000 release=6.00
10-12 10:20:48.828 21246 21883 D OutputsAudio: [outputs-audio] playMorse.gap sequence=14 nextOffset=1600.000 gapTarget=46623281.224
10-12 10:20:48.828 21246 21883 D OutputsAudio: [outputs-audio] playMorse.dispatch sequence=15 symbol=. offset=1600.000 lead=90.000 dispatchAt=46623191.224
10-12 10:20:48.829 21246 21883 D OutputsAudio: [outputs-audio] start hz=650.0 gain=1.000 attack=2.50 release=6.00
10-12 10:20:48.829 21246 21883 D OutputsAudio: [outputs-audio] playMorse.symbol.start sequence=15 symbol=. expected=46623281.224 actual=46623985.638 skew=704.414 batchElapsed=2304.414
10-12 10:20:48.834 21246 21320 D OutputsAudio: [outputs-audio] symbol.info sequence=14 symbol=. timestamp=46623855.068 duration=40.000 expected=46623201.224 skew=653.844 age=46.024
10-12 10:20:48.835 21246 21320 I ReactNativeJS: [outputs] playMorse.symbol {"timestamp":46623901.259921,"wallClock":1760278848834,"symbol":".","durationMs":40,"index":13,"source":"console.replay","correlationId":"console-replay:nsdg9wgm","nativeTimestampMs":46623855.068,"nativeDurationMs":40,"nativeOffsetMs":46.13103499263525,"nativeSequence":14,"monotonicTimestampMs":46623855.068,"nativeExpectedTimestampMs":46623201.224,"nativeStartSkewMs":653.844,"nativeBatchElapsedMs":2173.844,"nativeExpectedSincePriorMs":80,"nativeSincePriorMs":130.422,"nativePatternStartMs":46621681.224,"nativeAgeMs":46.024}
10-12 10:20:48.835 21246 21320 I ReactNativeJS: [outputs] playMorse.symbol {"timestamp":46623901.95815,"wallClock":1760278848835,"symbol":".","durationMs":40,"index":13,"source":"console.replay","correlationId":"console-replay:mgnskshvdadp8lan","nativeTimestampMs":46623855.068,"nativeDurationMs":40,"nativeOffsetMs":46.13103499263525,"nativeSequence":14,"monotonicTimestampMs":46623855.068,"nativeExpectedTimestampMs":46623201.224,"nativeStartSkewMs":653.844,"nativeBatchElapsedMs":2173.844,"nativeExpectedSincePriorMs":80,"nativeSincePriorMs":130.422,"nativePatternStartMs":46621681.224,"nativeAgeMs":46.024}
10-12 10:20:48.836 21246 21320 I ReactNativeJS: [outputs] outputs.hapticSymbol {"timestamp":46623902.437681,"wallClock":1760278848835,"enabled":true,"symbol":".","durationMs":40,"platform":"android","source":"console.replay","correlationId":"console-replay:mgnskshvdadp8lan","timelineOffsetMs":null}
10-12 10:20:48.837 21246 21320 I ReactNativeJS: [outputs] outputs.flashPulse {"timestamp":46623903.289035,"wallClock":1760278848836,"enabled":true,"durationMs":40,"source":"console.replay","correlationId":"console-replay:mgnskshvdadp8lan","timelineOffsetMs":46.13103499263525,"schedulingMode":"timeline","audioStartHeadroomMs":-710.0511289983988,"audioStartGuard":"headroom","audioStartCompensationMs":160}
10-12 10:20:48.893 21246 21320 I ReactNativeJS: [outputs] outputs.flashPulse.commit {"timestamp":46623959.930962,"wallClock":1760278848893,"durationMs":40,"source":"console.replay","correlationId":"console-replay:mgnskshvdadp8lan","latencyMs":58.72265600413084,"timelineOffsetMs":46.13103499263525,"leadMs":8,"scheduleSkewMs":56.6441660001874,"schedulingMode":"timeline","audioStartHeadroomMs":-710.0511289983988,"audioStartGuard":"headroom","audioStartCompensationMs":160}
10-12 10:20:48.941 21246 21320 D OutputsAudio: [outputs-audio] symbol.info sequence=15 symbol=. timestamp=46623985.638 duration=40.000 expected=46623281.224 skew=704.414 age=22.440
10-12 10:20:48.942 21246 21320 I ReactNativeJS: [outputs] playMorse.symbol {"timestamp":46624008.226379,"wallClock":1760278848941,"symbol":".","durationMs":40,"index":14,"source":"console.replay","correlationId":"console-replay:vqzh76tu","nativeTimestampMs":46623985.638,"nativeDurationMs":40,"nativeOffsetMs":22.539941005408764,"nativeSequence":15,"monotonicTimestampMs":46623985.638,"nativeExpectedTimestampMs":46623281.224,"nativeStartSkewMs":704.414,"nativeBatchElapsedMs":2304.414,"nativeExpectedSincePriorMs":80,"nativeSincePriorMs":130.57,"nativePatternStartMs":46621681.224,"nativeAgeMs":22.44}
10-12 10:20:48.942 21246 21320 I ReactNativeJS: [outputs] playMorse.symbol {"timestamp":46624008.74091,"wallClock":1760278848942,"symbol":".","durationMs":40,"index":14,"source":"console.replay","correlationId":"console-replay:mgnskskujrogccr9","nativeTimestampMs":46623985.638,"nativeDurationMs":40,"nativeOffsetMs":22.539941005408764,"nativeSequence":15,"monotonicTimestampMs":46623985.638,"nativeExpectedTimestampMs":46623281.224,"nativeStartSkewMs":704.414,"nativeBatchElapsedMs":2304.414,"nativeExpectedSincePriorMs":80,"nativeSincePriorMs":130.57,"nativePatternStartMs":46621681.224,"nativeAgeMs":22.44}
10-12 10:20:48.942 21246 21320 I ReactNativeJS: [outputs] outputs.hapticSymbol {"timestamp":46624009.090025,"wallClock":1760278848942,"enabled":true,"symbol":".","durationMs":40,"platform":"android","source":"console.replay","correlationId":"console-replay:mgnskskujrogccr9","timelineOffsetMs":null}
10-12 10:20:48.943 21246 21320 I ReactNativeJS: [outputs] outputs.flashPulse {"timestamp":46624009.751327,"wallClock":1760278848943,"enabled":true,"durationMs":40,"source":"console.replay","correlationId":"console-replay:mgnskskujrogccr9","timelineOffsetMs":22.539941005408764,"schedulingMode":"timeline","audioStartHeadroomMs":-736.516805998981,"audioStartGuard":"headroom","audioStartCompensationMs":160}
10-12 10:20:48.960 21246 21883 D OutputsAudio: [outputs-audio] stop gain=1.000 release=6.00
10-12 10:20:48.960 21246 21883 D OutputsAudio: [outputs-audio] playMorse.gap sequence=15 nextOffset=1680.000 gapTarget=46623361.224
10-12 10:20:48.960 21246 21883 D OutputsAudio: [outputs-audio] playMorse.dispatch sequence=16 symbol=- offset=1680.000 lead=90.000 dispatchAt=46623271.224
10-12 10:20:48.960 21246 21883 D OutputsAudio: [outputs-audio] start hz=650.0 gain=1.000 attack=2.50 release=6.00
10-12 10:20:48.960 21246 21883 D OutputsAudio: [outputs-audio] playMorse.symbol.start sequence=16 symbol=- expected=46623361.224 actual=46624116.937 skew=755.713 batchElapsed=2435.713
10-12 10:20:49.001 21246 21320 I ReactNativeJS: [outputs] outputs.flashPulse.commit {"timestamp":46624067.897473,"wallClock":1760278849001,"durationMs":40,"source":"console.replay","correlationId":"console-replay:mgnskskujrogccr9","latencyMs":59.71036499738693,"timelineOffsetMs":22.539941005408764,"leadMs":8,"scheduleSkewMs":58.14578100293875,"schedulingMode":"timeline","audioStartHeadroomMs":-736.516805998981,"audioStartGuard":"headroom","audioStartCompensationMs":160}
10-12 10:20:49.049 21246 21320 D OutputsAudio: [outputs-audio] symbol.info sequence=16 symbol=- timestamp=46624116.937 duration=120.000 expected=46623361.224 skew=755.713 age=0.000
10-12 10:20:49.049 21246 21320 I ReactNativeJS: [outputs] playMorse.symbol {"timestamp":46624116.0869,"wallClock":1760278849049,"symbol":"-","durationMs":120,"index":15,"source":"console.replay","correlationId":"console-replay:0ryd0qyt","nativeTimestampMs":46624116.937,"nativeDurationMs":120,"nativeOffsetMs":-0.8959340006113052,"nativeSequence":16,"monotonicTimestampMs":46624116.937,"nativeExpectedTimestampMs":46623361.224,"nativeStartSkewMs":755.713,"nativeBatchElapsedMs":2435.713,"nativeExpectedSincePriorMs":80,"nativeSincePriorMs":131.299,"nativePatternStartMs":46621681.224,"nativeAgeMs":0}
10-12 10:20:49.050 21246 21320 I ReactNativeJS: [outputs] playMorse.symbol {"timestamp":46624116.577629,"wallClock":1760278849049,"symbol":"-","durationMs":120,"index":15,"source":"console.replay","correlationId":"console-replay:mgnsksnt7chwsftb","nativeTimestampMs":46624116.937,"nativeDurationMs":120,"nativeOffsetMs":-0.8959340006113052,"nativeSequence":16,"monotonicTimestampMs":46624116.937,"nativeExpectedTimestampMs":46623361.224,"nativeStartSkewMs":755.713,"nativeBatchElapsedMs":2435.713,"nativeExpectedSincePriorMs":80,"nativeSincePriorMs":131.299,"nativePatternStartMs":46621681.224,"nativeAgeMs":0}
10-12 10:20:49.050 21246 21320 I ReactNativeJS: [outputs] outputs.hapticSymbol {"timestamp":46624116.904504,"wallClock":1760278849050,"enabled":true,"symbol":"-","durationMs":120,"platform":"android","source":"console.replay","correlationId":"console-replay:mgnsksnt7chwsftb","timelineOffsetMs":null}
10-12 10:20:49.051 21246 21320 I ReactNativeJS: [outputs] outputs.flashPulse {"timestamp":46624117.543931,"wallClock":1760278849050,"enabled":true,"durationMs":120,"source":"console.replay","correlationId":"console-replay:mgnsksnt7chwsftb","timelineOffsetMs":-0.8959340006113052,"schedulingMode":"timeline","audioStartHeadroomMs":-764.3100349977612,"audioStartGuard":"headroom","audioStartCompensationMs":160}
10-12 10:20:49.112 21246 21320 I ReactNativeJS: [outputs] outputs.flashPulse.commit {"timestamp":46624178.626327,"wallClock":1760278849112,"durationMs":120,"source":"console.replay","correlationId":"console-replay:mgnsksnt7chwsftb","latencyMs":61.68078500032425,"timelineOffsetMs":-0.8959340006113052,"leadMs":8,"scheduleSkewMs":61.0821869969368,"schedulingMode":"timeline","audioStartHeadroomMs":-764.3100349977612,"audioStartGuard":"headroom","audioStartCompensationMs":160}
10-12 10:20:49.170 21246 21883 D OutputsAudio: [outputs-audio] stop gain=1.000 release=6.00
10-12 10:20:49.171 21246 21883 D OutputsAudio: [outputs-audio] playMorse.gap sequence=16 nextOffset=1840.000 gapTarget=46623521.224
10-12 10:20:49.171 21246 21883 D OutputsAudio: [outputs-audio] playMorse.dispatch sequence=17 symbol=- offset=1840.000 lead=90.000 dispatchAt=46623431.224
10-12 10:20:49.171 21246 21883 D OutputsAudio: [outputs-audio] start hz=650.0 gain=1.000 attack=2.50 release=6.00
10-12 10:20:49.171 21246 21883 D OutputsAudio: [outputs-audio] playMorse.symbol.start sequence=17 symbol=- expected=46623521.224 actual=46624328.176 skew=806.951 batchElapsed=2646.951
10-12 10:20:49.227 21246 21320 D OutputsAudio: [outputs-audio] symbol.info sequence=17 symbol=- timestamp=46624328.176 duration=120.000 expected=46623521.224 skew=806.951 age=0.000
10-12 10:20:49.230 21246 21320 I ReactNativeJS: [outputs] playMorse.symbol {"timestamp":46624294.100181,"wallClock":1760278849227,"symbol":"-","durationMs":120,"index":16,"source":"console.replay","correlationId":"console-replay:5q3eeuuq","nativeTimestampMs":46624328.176,"nativeDurationMs":120,"nativeOffsetMs":-34.2231630012393,"nativeSequence":17,"monotonicTimestampMs":46624328.176,"nativeExpectedTimestampMs":46623521.224,"nativeStartSkewMs":806.951,"nativeBatchElapsedMs":2646.951,"nativeExpectedSincePriorMs":160,"nativeSincePriorMs":211.238,"nativePatternStartMs":46621681.224,"nativeAgeMs":0}
10-12 10:20:49.232 21246 21320 I ReactNativeJS: [outputs] playMorse.symbol {"timestamp":46624297.280962,"wallClock":1760278849230,"symbol":"-","durationMs":120,"index":16,"source":"console.replay","correlationId":"console-replay:mgnskssu01pg8e2t","nativeTimestampMs":46624328.176,"nativeDurationMs":120,"nativeOffsetMs":-34.2231630012393,"nativeSequence":17,"monotonicTimestampMs":46624328.176,"nativeExpectedTimestampMs":46623521.224,"nativeStartSkewMs":806.951,"nativeBatchElapsedMs":2646.951,"nativeExpectedSincePriorMs":160,"nativeSincePriorMs":211.238,"nativePatternStartMs":46621681.224,"nativeAgeMs":0}
10-12 10:20:49.287 21246 21320 I ReactNativeJS: [outputs] outputs.hapticSymbol {"timestamp":46624353.264347,"wallClock":1760278849286,"enabled":true,"symbol":"-","durationMs":120,"platform":"android","source":"console.replay","correlationId":"console-replay:mgnskssu01pg8e2t","timelineOffsetMs":null}
10-12 10:20:49.287 21246 21320 I ReactNativeJS: [outputs] outputs.flashPulse {"timestamp":46624353.989556,"wallClock":1760278849287,"enabled":true,"durationMs":120,"source":"console.replay","correlationId":"console-replay:mgnskssu01pg8e2t","timelineOffsetMs":-34.2231630012393,"schedulingMode":"timeline","audioStartHeadroomMs":-840.7554519996047,"audioStartGuard":"headroom","audioStartCompensationMs":160}
10-12 10:20:49.334 21246 21320 I ReactNativeJS: [outputs] outputs.flashPulse.commit {"timestamp":46624400.351483,"wallClock":1760278849333,"durationMs":120,"source":"console.replay","correlationId":"console-replay:mgnskssu01pg8e2t","latencyMs":72.16652499884367,"timelineOffsetMs":-34.2231630012393,"leadMs":8,"scheduleSkewMs":46.36135499924421,"schedulingMode":"timeline","audioStartHeadroomMs":-840.7554519996047,"audioStartGuard":"headroom","audioStartCompensationMs":160}
10-12 10:20:49.381 21246 21883 D OutputsAudio: [outputs-audio] stop gain=1.000 release=6.00
10-12 10:20:49.382 21246 21883 D OutputsAudio: [outputs-audio] playMorse.gap sequence=17 nextOffset=2000.000 gapTarget=46623681.224
10-12 10:20:49.382 21246 21883 D OutputsAudio: [outputs-audio] playMorse.dispatch sequence=18 symbol=- offset=2000.000 lead=90.000 dispatchAt=46623591.224
10-12 10:20:49.382 21246 21883 D OutputsAudio: [outputs-audio] start hz=650.0 gain=1.000 attack=2.50 release=6.00
10-12 10:20:49.382 21246 21883 D OutputsAudio: [outputs-audio] playMorse.symbol.start sequence=18 symbol=- expected=46623681.224 actual=46624539.121 skew=857.897 batchElapsed=2857.897
10-12 10:20:49.433 21246 21320 D OutputsAudio: [outputs-audio] symbol.info sequence=18 symbol=- timestamp=46624539.121 duration=120.000 expected=46623681.224 skew=857.897 age=0.000
10-12 10:20:49.434 21246 21320 I ReactNativeJS: [outputs] playMorse.symbol {"timestamp":46624499.872368,"wallClock":1760278849433,"symbol":"-","durationMs":120,"index":17,"source":"console.replay","correlationId":"console-replay:p8uzboyw","nativeTimestampMs":46624539.121,"nativeDurationMs":120,"nativeOffsetMs":-39.3388400003314,"nativeSequence":18,"monotonicTimestampMs":46624539.121,"nativeExpectedTimestampMs":46623681.224,"nativeStartSkewMs":857.897,"nativeBatchElapsedMs":2857.897,"nativeExpectedSincePriorMs":160,"nativeSincePriorMs":210.946,"nativePatternStartMs":46621681.224,"nativeAgeMs":0}
10-12 10:20:49.434 21246 21320 I ReactNativeJS: [outputs] playMorse.symbol {"timestamp":46624500.878097,"wallClock":1760278849434,"symbol":"-","durationMs":120,"index":17,"source":"console.replay","correlationId":"console-replay:mgnsksyiqqn1u9e7","nativeTimestampMs":46624539.121,"nativeDurationMs":120,"nativeOffsetMs":-39.3388400003314,"nativeSequence":18,"monotonicTimestampMs":46624539.121,"nativeExpectedTimestampMs":46623681.224,"nativeStartSkewMs":857.897,"nativeBatchElapsedMs":2857.897,"nativeExpectedSincePriorMs":160,"nativeSincePriorMs":210.946,"nativePatternStartMs":46621681.224,"nativeAgeMs":0}
10-12 10:20:49.502 21246 21320 I ReactNativeJS: [outputs] outputs.hapticSymbol {"timestamp":46624568.758045,"wallClock":1760278849502,"enabled":true,"symbol":"-","durationMs":120,"platform":"android","source":"console.replay","correlationId":"console-replay:mgnsksyiqqn1u9e7","timelineOffsetMs":null}
10-12 10:20:49.503 21246 21320 I ReactNativeJS: [outputs] outputs.flashPulse {"timestamp":46624569.546587,"wallClock":1760278849502,"enabled":true,"durationMs":120,"source":"console.replay","correlationId":"console-replay:mgnsksyiqqn1u9e7","timelineOffsetMs":-39.3388400003314,"schedulingMode":"timeline","audioStartHeadroomMs":-896.313055999577,"audioStartGuard":"headroom","audioStartCompensationMs":160}
10-12 10:20:49.558 21246 21320 I ReactNativeJS: [outputs] outputs.flashPulse.commit {"timestamp":46624625.015389,"wallClock":1760278849558,"durationMs":120,"source":"console.replay","correlationId":"console-replay:mgnsksyiqqn1u9e7","latencyMs":85.88558699935675,"timelineOffsetMs":-39.3388400003314,"leadMs":8,"scheduleSkewMs":55.46796900033951,"schedulingMode":"timeline","audioStartHeadroomMs":-896.313055999577,"audioStartGuard":"headroom","audioStartCompensationMs":160}
10-12 10:20:49.592 21246 21883 D OutputsAudio: [outputs-audio] stop gain=1.000 release=6.00
10-12 10:20:49.592 21246 21883 D OutputsAudio: [outputs-audio] playMorse.gap sequence=18 nextOffset=2160.000 gapTarget=46623841.224
10-12 10:20:49.592 21246 21883 D OutputsAudio: [outputs-audio] playMorse.dispatch sequence=19 symbol=. offset=2160.000 lead=90.000 dispatchAt=46623751.224
10-12 10:20:49.592 21246 21883 D OutputsAudio: [outputs-audio] start hz=650.0 gain=1.000 attack=2.50 release=6.00
10-12 10:20:49.592 21246 21883 D OutputsAudio: [outputs-audio] playMorse.symbol.start sequence=19 symbol=. expected=46623841.224 actual=46624749.454 skew=908.230 batchElapsed=3068.230
10-12 10:20:49.642 21246 21320 D OutputsAudio: [outputs-audio] symbol.info sequence=19 symbol=. timestamp=46624749.454 duration=40.000 expected=46623841.224 skew=908.230 age=0.000
10-12 10:20:49.643 21246 21320 I ReactNativeJS: [outputs] playMorse.symbol {"timestamp":46624709.658202,"wallClock":1760278849643,"symbol":".","durationMs":40,"index":18,"source":"console.replay","correlationId":"console-replay:kbljg1e2","nativeTimestampMs":46624749.454,"nativeDurationMs":40,"nativeOffsetMs":-39.87881900370121,"nativeSequence":19,"monotonicTimestampMs":46624749.454,"nativeExpectedTimestampMs":46623841.224,"nativeStartSkewMs":908.23,"nativeBatchElapsedMs":3068.23,"nativeExpectedSincePriorMs":160,"nativeSincePriorMs":210.333,"nativePatternStartMs":46621681.224,"nativeAgeMs":0}
10-12 10:20:49.644 21246 21320 I ReactNativeJS: [outputs] playMorse.symbol {"timestamp":46624710.523514,"wallClock":1760278849643,"symbol":".","durationMs":40,"index":18,"source":"console.replay","correlationId":"console-replay:mgnskt4b57mnr5uo","nativeTimestampMs":46624749.454,"nativeDurationMs":40,"nativeOffsetMs":-39.87881900370121,"nativeSequence":19,"monotonicTimestampMs":46624749.454,"nativeExpectedTimestampMs":46623841.224,"nativeStartSkewMs":908.23,"nativeBatchElapsedMs":3068.23,"nativeExpectedSincePriorMs":160,"nativeSincePriorMs":210.333,"nativePatternStartMs":46621681.224,"nativeAgeMs":0}
10-12 10:20:49.696 21246 21320 I ReactNativeJS: [outputs] outputs.hapticSymbol {"timestamp":46624762.919347,"wallClock":1760278849696,"enabled":true,"symbol":".","durationMs":40,"platform":"android","source":"console.replay","correlationId":"console-replay:mgnskt4b57mnr5uo","timelineOffsetMs":null}
10-12 10:20:49.697 21246 21320 I ReactNativeJS: [outputs] outputs.flashPulse {"timestamp":46624763.670181,"wallClock":1760278849697,"enabled":true,"durationMs":40,"source":"console.replay","correlationId":"console-replay:mgnskt4b57mnr5uo","timelineOffsetMs":-39.87881900370121,"schedulingMode":"timeline","audioStartHeadroomMs":-930.4361810013652,"audioStartGuard":"headroom","audioStartCompensationMs":160}
10-12 10:20:49.723 21246 21883 D OutputsAudio: [outputs-audio] stop gain=1.000 release=6.00
10-12 10:20:49.723 21246 21883 D OutputsAudio: [outputs-audio] playMorse.gap sequence=19 nextOffset=2240.000 gapTarget=46623921.224
10-12 10:20:49.723 21246 21883 D OutputsAudio: [outputs-audio] playMorse.dispatch sequence=20 symbol=. offset=2240.000 lead=90.000 dispatchAt=46623831.224
10-12 10:20:49.723 21246 21883 D OutputsAudio: [outputs-audio] start hz=650.0 gain=1.000 attack=2.50 release=6.00
10-12 10:20:49.723 21246 21883 D OutputsAudio: [outputs-audio] playMorse.symbol.start sequence=20 symbol=. expected=46623921.224 actual=46624880.165 skew=958.941 batchElapsed=3198.941
10-12 10:20:49.743 21246 21320 I ReactNativeJS: [outputs] outputs.flashPulse.commit {"timestamp":46624810.012264,"wallClock":1760278849743,"durationMs":40,"source":"console.replay","correlationId":"console-replay:mgnskt4b57mnr5uo","latencyMs":60.54935799539089,"timelineOffsetMs":-39.87881900370121,"leadMs":8,"scheduleSkewMs":46.341407001018524,"schedulingMode":"timeline","audioStartHeadroomMs":-930.4361810013652,"audioStartGuard":"headroom","audioStartCompensationMs":160}
10-12 10:20:49.786 21246 21320 D OutputsAudio: [outputs-audio] symbol.info sequence=20 symbol=. timestamp=46624880.165 duration=40.000 expected=46623921.224 skew=958.941 age=0.000
10-12 10:20:49.787 21246 21320 I ReactNativeJS: [outputs] playMorse.symbol {"timestamp":46624853.505545,"wallClock":1760278849786,"symbol":".","durationMs":40,"index":19,"source":"console.replay","correlationId":"console-replay:0yuwb0d0","nativeTimestampMs":46624880.165,"nativeDurationMs":40,"nativeOffsetMs":-26.70778799802065,"nativeSequence":20,"monotonicTimestampMs":46624880.165,"nativeExpectedTimestampMs":46623921.224,"nativeStartSkewMs":958.941,"nativeBatchElapsedMs":3198.941,"nativeExpectedSincePriorMs":80,"nativeSincePriorMs":130.711,"nativePatternStartMs":46621681.224,"nativeAgeMs":0}
10-12 10:20:49.787 21246 21320 I ReactNativeJS: [outputs] playMorse.symbol {"timestamp":46624854.010806,"wallClock":1760278849787,"symbol":".","durationMs":40,"index":19,"source":"console.replay","correlationId":"console-replay:mgnskt8boramr0ab","nativeTimestampMs":46624880.165,"nativeDurationMs":40,"nativeOffsetMs":-26.70778799802065,"nativeSequence":20,"monotonicTimestampMs":46624880.165,"nativeExpectedTimestampMs":46623921.224,"nativeStartSkewMs":958.941,"nativeBatchElapsedMs":3198.941,"nativeExpectedSincePriorMs":80,"nativeSincePriorMs":130.711,"nativePatternStartMs":46621681.224,"nativeAgeMs":0}
10-12 10:20:49.838 21246 21320 I ReactNativeJS: [outputs] outputs.hapticSymbol {"timestamp":46624905.049347,"wallClock":1760278849838,"enabled":true,"symbol":".","durationMs":40,"platform":"android","source":"console.replay","correlationId":"console-replay:mgnskt8boramr0ab","timelineOffsetMs":null}
10-12 10:20:49.839 21246 21320 I ReactNativeJS: [outputs] outputs.flashPulse {"timestamp":46624905.752212,"wallClock":1760278849839,"enabled":true,"durationMs":40,"source":"console.replay","correlationId":"console-replay:mgnskt8boramr0ab","timelineOffsetMs":-26.70778799802065,"schedulingMode":"timeline","audioStartHeadroomMs":-992.518264003098,"audioStartGuard":"headroom","audioStartCompensationMs":160}
10-12 10:20:49.854 21246 21883 D OutputsAudio: [outputs-audio] stop gain=1.000 release=6.00
10-12 10:20:49.854 21246 21883 D OutputsAudio: [outputs-audio] playMorse.gap sequence=20 nextOffset=2320.000 gapTarget=46624001.224
10-12 10:20:49.854 21246 21883 D OutputsAudio: [outputs-audio] playMorse.dispatch sequence=21 symbol=. offset=2320.000 lead=90.000 dispatchAt=46623911.224
10-12 10:20:49.854 21246 21883 D OutputsAudio: [outputs-audio] start hz=650.0 gain=1.000 attack=2.50 release=6.00
10-12 10:20:49.854 21246 21883 D OutputsAudio: [outputs-audio] playMorse.symbol.start sequence=21 symbol=. expected=46624001.224 actual=46625010.810 skew=1009.586 batchElapsed=3329.586
10-12 10:20:49.887 21246 21320 I ReactNativeJS: [outputs] outputs.flashPulse.commit {"timestamp":46624953.841014,"wallClock":1760278849887,"durationMs":40,"source":"console.replay","correlationId":"console-replay:mgnskt8boramr0ab","latencyMs":73.6665870025754,"timelineOffsetMs":-26.70778799802065,"leadMs":8,"scheduleSkewMs":48.08755200356245,"schedulingMode":"timeline","audioStartHeadroomMs":-992.518264003098,"audioStartGuard":"headroom","audioStartCompensationMs":160}
10-12 10:20:49.935 21246 21320 D OutputsAudio: [outputs-audio] symbol.info sequence=21 symbol=. timestamp=46625010.810 duration=40.000 expected=46624001.224 skew=1009.586 age=0.000
10-12 10:20:49.935 21246 21320 I ReactNativeJS: [outputs] playMorse.symbol {"timestamp":46625002.029816,"wallClock":1760278849935,"symbol":".","durationMs":40,"index":20,"source":"console.replay","correlationId":"console-replay:kxwozuy0","nativeTimestampMs":46625010.81,"nativeDurationMs":40,"nativeOffsetMs":-8.826329998672009,"nativeSequence":21,"monotonicTimestampMs":46625010.81,"nativeExpectedTimestampMs":46624001.224,"nativeStartSkewMs":1009.586,"nativeBatchElapsedMs":3329.586,"nativeExpectedSincePriorMs":80,"nativeSincePriorMs":130.645,"nativePatternStartMs":46621681.224,"nativeAgeMs":0}
10-12 10:20:49.936 21246 21320 I ReactNativeJS: [outputs] playMorse.symbol {"timestamp":46625002.549347,"wallClock":1760278849935,"symbol":".","durationMs":40,"index":20,"source":"console.replay","correlationId":"console-replay:mgnsktcfwzgp0z9l","nativeTimestampMs":46625010.81,"nativeDurationMs":40,"nativeOffsetMs":-8.826329998672009,"nativeSequence":21,"monotonicTimestampMs":46625010.81,"nativeExpectedTimestampMs":46624001.224,"nativeStartSkewMs":1009.586,"nativeBatchElapsedMs":3329.586,"nativeExpectedSincePriorMs":80,"nativeSincePriorMs":130.645,"nativePatternStartMs":46621681.224,"nativeAgeMs":0}
10-12 10:20:49.984 21246 21883 D OutputsAudio: [outputs-audio] stop gain=1.000 release=6.00
10-12 10:20:49.984 21246 21883 D OutputsAudio: [outputs-audio] playMorse.gap sequence=21 nextOffset=2400.000 gapTarget=46624081.224
10-12 10:20:49.984 21246 21883 D OutputsAudio: [outputs-audio] playMorse.dispatch sequence=22 symbol=- offset=2400.000 lead=90.000 dispatchAt=46623991.224
10-12 10:20:49.984 21246 21883 D OutputsAudio: [outputs-audio] start hz=650.0 gain=1.000 attack=2.50 release=6.00
10-12 10:20:49.984 21246 21883 D OutputsAudio: [outputs-audio] playMorse.symbol.start sequence=22 symbol=- expected=46624081.224 actual=46625141.494 skew=1060.270 batchElapsed=3460.270
10-12 10:20:49.987 21246 21320 I ReactNativeJS: [outputs] outputs.hapticSymbol {"timestamp":46625053.469451,"wallClock":1760278849986,"enabled":true,"symbol":".","durationMs":40,"platform":"android","source":"console.replay","correlationId":"console-replay:mgnsktcfwzgp0z9l","timelineOffsetMs":null}
10-12 10:20:49.987 21246 21320 I ReactNativeJS: [outputs] outputs.flashPulse {"timestamp":46625054.147524,"wallClock":1760278849987,"enabled":true,"durationMs":40,"source":"console.replay","correlationId":"console-replay:mgnsktcfwzgp0z9l","timelineOffsetMs":-8.826329998672009,"schedulingMode":"timeline","audioStartHeadroomMs":-1060.913732998073,"audioStartGuard":"headroom","audioStartCompensationMs":160}
10-12 10:20:50.034 21246 21320 D OutputsAudio: [outputs-audio] symbol.info sequence=22 symbol=- timestamp=46625141.494 duration=120.000 expected=46624081.224 skew=1060.270 age=0.000
10-12 10:20:50.034 21246 21320 I ReactNativeJS: [outputs] playMorse.symbol {"timestamp":46625100.838618,"wallClock":1760278850034,"symbol":"-","durationMs":120,"index":21,"source":"console.replay","correlationId":"console-replay:lrs53a17","nativeTimestampMs":46625141.494,"nativeDurationMs":120,"nativeOffsetMs":-40.69913200289011,"nativeSequence":22,"monotonicTimestampMs":46625141.494,"nativeExpectedTimestampMs":46624081.224,"nativeStartSkewMs":1060.27,"nativeBatchElapsedMs":3460.27,"nativeExpectedSincePriorMs":80,"nativeSincePriorMs":130.684,"nativePatternStartMs":46621681.224,"nativeAgeMs":0}
10-12 10:20:50.034 21246 21320 I ReactNativeJS: [outputs] playMorse.symbol {"timestamp":46625101.309608,"wallClock":1760278850034,"symbol":"-","durationMs":120,"index":21,"source":"console.replay","correlationId":"console-replay:mgnsktf6fxkal36i","nativeTimestampMs":46625141.494,"nativeDurationMs":120,"nativeOffsetMs":-40.69913200289011,"nativeSequence":22,"monotonicTimestampMs":46625141.494,"nativeExpectedTimestampMs":46624081.224,"nativeStartSkewMs":1060.27,"nativeBatchElapsedMs":3460.27,"nativeExpectedSincePriorMs":80,"nativeSincePriorMs":130.684,"nativePatternStartMs":46621681.224,"nativeAgeMs":0}
10-12 10:20:50.085 21246 21320 I ReactNativeJS: [outputs] outputs.flashPulse.commit {"timestamp":46625151.539868,"wallClock":1760278850084,"durationMs":40,"source":"console.replay","correlationId":"console-replay:mgnsktcfwzgp0z9l","latencyMs":140.72059699892998,"timelineOffsetMs":-8.826329998672009,"leadMs":8,"scheduleSkewMs":97.39109399914742,"schedulingMode":"timeline","audioStartHeadroomMs":-1060.913732998073,"audioStartGuard":"headroom","audioStartCompensationMs":160}
10-12 10:20:50.129 21246 21320 I ReactNativeJS: [outputs] outputs.hapticSymbol {"timestamp":46625195.871795,"wallClock":1760278850129,"enabled":true,"symbol":"-","durationMs":120,"platform":"android","source":"console.replay","correlationId":"console-replay:mgnsktf6fxkal36i","timelineOffsetMs":null}
10-12 10:20:50.130 21246 21320 I ReactNativeJS: [outputs] outputs.flashPulse {"timestamp":46625196.728305,"wallClock":1760278850130,"enabled":true,"durationMs":120,"source":"console.replay","correlationId":"console-replay:mgnsktf6fxkal36i","timelineOffsetMs":-40.69913200289011,"schedulingMode":"timeline","audioStartHeadroomMs":-1123.4944619983435,"audioStartGuard":"headroom","audioStartCompensationMs":160}
10-12 10:20:50.181 21246 21320 I ReactNativeJS: [outputs] outputs.flashPulse.commit {"timestamp":46625247.38867,"wallClock":1760278850180,"durationMs":120,"source":"console.replay","correlationId":"console-replay:mgnsktf6fxkal36i","latencyMs":105.88519099354744,"timelineOffsetMs":-40.69913200289011,"leadMs":8,"scheduleSkewMs":50.658853992819786,"schedulingMode":"timeline","audioStartHeadroomMs":-1123.4944619983435,"audioStartGuard":"headroom","audioStartCompensationMs":160}
10-12 10:20:50.195 21246 21883 D OutputsAudio: [outputs-audio] stop gain=1.000 release=6.00
10-12 10:20:50.195 21246 21883 D OutputsAudio: [outputs-audio] playMorse.gap sequence=22 nextOffset=2560.000 gapTarget=46624241.224
10-12 10:20:50.196 21246 21883 D OutputsAudio: [outputs-audio] playMorse.dispatch sequence=23 symbol=- offset=2560.000 lead=90.000 dispatchAt=46624151.224
10-12 10:20:50.196 21246 21883 D OutputsAudio: [outputs-audio] start hz=650.0 gain=1.000 attack=2.50 release=6.00
10-12 10:20:50.196 21246 21883 D OutputsAudio: [outputs-audio] playMorse.symbol.start sequence=23 symbol=- expected=46624241.224 actual=46625352.824 skew=1111.600 batchElapsed=3671.600
10-12 10:20:50.246 21246 21320 D OutputsAudio: [outputs-audio] symbol.info sequence=23 symbol=- timestamp=46625352.824 duration=120.000 expected=46624241.224 skew=1111.600 age=0.000
10-12 10:20:50.247 21246 21320 I ReactNativeJS: [outputs] playMorse.symbol {"timestamp":46625313.262837,"wallClock":1760278850246,"symbol":"-","durationMs":120,"index":22,"source":"console.replay","correlationId":"console-replay:ysc8egra","nativeTimestampMs":46625352.824,"nativeDurationMs":120,"nativeOffsetMs":-39.64689200371504,"nativeSequence":23,"monotonicTimestampMs":46625352.824,"nativeExpectedTimestampMs":46624241.224,"nativeStartSkewMs":1111.6,"nativeBatchElapsedMs":3671.6,"nativeExpectedSincePriorMs":160,"nativeSincePriorMs":211.33,"nativePatternStartMs":46621681.224,"nativeAgeMs":0}
10-12 10:20:50.248 21246 21320 I ReactNativeJS: [outputs] playMorse.symbol {"timestamp":46625314.257733,"wallClock":1760278850247,"symbol":"-","durationMs":120,"index":22,"source":"console.replay","correlationId":"console-replay:mgnsktl3vjdknsjx","nativeTimestampMs":46625352.824,"nativeDurationMs":120,"nativeOffsetMs":-39.64689200371504,"nativeSequence":23,"monotonicTimestampMs":46625352.824,"nativeExpectedTimestampMs":46624241.224,"nativeStartSkewMs":1111.6,"nativeBatchElapsedMs":3671.6,"nativeExpectedSincePriorMs":160,"nativeSincePriorMs":211.33,"nativePatternStartMs":46621681.224,"nativeAgeMs":0}
10-12 10:20:50.301 21246 21320 I ReactNativeJS: [outputs] outputs.hapticSymbol {"timestamp":46625367.697941,"wallClock":1760278850301,"enabled":true,"symbol":"-","durationMs":120,"platform":"android","source":"console.replay","correlationId":"console-replay:mgnsktl3vjdknsjx","timelineOffsetMs":null}
10-12 10:20:50.302 21246 21320 I ReactNativeJS: [outputs] outputs.flashPulse {"timestamp":46625368.569451,"wallClock":1760278850301,"enabled":true,"durationMs":120,"source":"console.replay","correlationId":"console-replay:mgnsktl3vjdknsjx","timelineOffsetMs":-39.64689200371504,"schedulingMode":"timeline","audioStartHeadroomMs":-1135.336232997477,"audioStartGuard":"headroom","audioStartCompensationMs":160}
10-12 10:20:50.353 21246 21320 I ReactNativeJS: [outputs] outputs.flashPulse.commit {"timestamp":46625419.403201,"wallClock":1760278850352,"durationMs":120,"source":"console.replay","correlationId":"console-replay:mgnsktl3vjdknsjx","latencyMs":66.56993000209332,"timelineOffsetMs":-39.64689200371504,"leadMs":8,"scheduleSkewMs":50.83213499933481,"schedulingMode":"timeline","audioStartHeadroomMs":-1135.336232997477,"audioStartGuard":"headroom","audioStartCompensationMs":160}
10-12 10:20:50.407 21246 21883 D OutputsAudio: [outputs-audio] stop gain=1.000 release=6.00
10-12 10:20:50.407 21246 21883 D OutputsAudio: [outputs-audio] playMorse.gap sequence=23 nextOffset=2720.000 gapTarget=46624401.224
10-12 10:20:50.407 21246 21883 D OutputsAudio: [outputs-audio] playMorse.dispatch sequence=24 symbol=- offset=2720.000 lead=90.000 dispatchAt=46624311.224
10-12 10:20:50.407 21246 21883 D OutputsAudio: [outputs-audio] start hz=650.0 gain=1.000 attack=2.50 release=6.00
10-12 10:20:50.407 21246 21883 D OutputsAudio: [outputs-audio] playMorse.symbol.start sequence=24 symbol=- expected=46624401.224 actual=46625564.552 skew=1163.328 batchElapsed=3883.328
10-12 10:20:50.459 21246 21320 D OutputsAudio: [outputs-audio] symbol.info sequence=24 symbol=- timestamp=46625564.552 duration=120.000 expected=46624401.224 skew=1163.328 age=0.000
10-12 10:20:50.462 21246 21320 I ReactNativeJS: [outputs] playMorse.symbol {"timestamp":46625526.50966,"wallClock":1760278850459,"symbol":"-","durationMs":120,"index":23,"source":"console.replay","correlationId":"console-replay:tpbrxz6y","nativeTimestampMs":46625564.552,"nativeDurationMs":120,"nativeOffsetMs":-38.13036099821329,"nativeSequence":24,"monotonicTimestampMs":46625564.552,"nativeExpectedTimestampMs":46624401.224,"nativeStartSkewMs":1163.328,"nativeBatchElapsedMs":3883.328,"nativeExpectedSincePriorMs":160,"nativeSincePriorMs":211.728,"nativePatternStartMs":46621681.224,"nativeAgeMs":0}
10-12 10:20:50.463 21246 21320 I ReactNativeJS: [outputs] playMorse.symbol {"timestamp":46625529.308826,"wallClock":1760278850462,"symbol":"-","durationMs":120,"index":23,"source":"console.replay","correlationId":"console-replay:mgnsktr2r11oycaq","nativeTimestampMs":46625564.552,"nativeDurationMs":120,"nativeOffsetMs":-38.13036099821329,"nativeSequence":24,"monotonicTimestampMs":46625564.552,"nativeExpectedTimestampMs":46624401.224,"nativeStartSkewMs":1163.328,"nativeBatchElapsedMs":3883.328,"nativeExpectedSincePriorMs":160,"nativeSincePriorMs":211.728,"nativePatternStartMs":46621681.224,"nativeAgeMs":0}
10-12 10:20:50.533 21246 21320 I ReactNativeJS: [outputs] outputs.hapticSymbol {"timestamp":46625599.402055,"wallClock":1760278850532,"enabled":true,"symbol":"-","durationMs":120,"platform":"android","source":"console.replay","correlationId":"console-replay:mgnsktr2r11oycaq","timelineOffsetMs":null}
10-12 10:20:50.533 21246 21320 I ReactNativeJS: [outputs] outputs.flashPulse {"timestamp":46625600.295389,"wallClock":1760278850533,"enabled":true,"durationMs":120,"source":"console.replay","correlationId":"console-replay:mgnsktr2r11oycaq","timelineOffsetMs":-38.13036099821329,"schedulingMode":"timeline","audioStartHeadroomMs":-1207.0613889992237,"audioStartGuard":"headroom","audioStartCompensationMs":160}
10-12 10:20:50.581 21246 21320 I ReactNativeJS: [outputs] outputs.flashPulse.commit {"timestamp":46625647.725805,"wallClock":1760278850581,"durationMs":120,"source":"console.replay","correlationId":"console-replay:mgnsktr2r11oycaq","latencyMs":83.16489899903536,"timelineOffsetMs":-38.13036099821329,"leadMs":8,"scheduleSkewMs":47.42979200184345,"schedulingMode":"timeline","audioStartHeadroomMs":-1207.0613889992237,"audioStartGuard":"headroom","audioStartCompensationMs":160}
10-12 10:20:50.618 21246 21883 D OutputsAudio: [outputs-audio] stop gain=1.000 release=6.00
10-12 10:20:50.618 21246 21883 D OutputsAudio: [outputs-audio] playMorse.gap sequence=24 nextOffset=2880.000 gapTarget=46624561.224
10-12 10:20:50.618 21246 21883 D OutputsAudio: [outputs-audio] playMorse.dispatch sequence=25 symbol=. offset=2880.000 lead=90.000 dispatchAt=46624471.224
10-12 10:20:50.618 21246 21883 D OutputsAudio: [outputs-audio] start hz=650.0 gain=1.000 attack=2.50 release=6.00
10-12 10:20:50.618 21246 21883 D OutputsAudio: [outputs-audio] playMorse.symbol.start sequence=25 symbol=. expected=46624561.224 actual=46625775.509 skew=1214.284 batchElapsed=4094.284
10-12 10:20:50.668 21246 21320 D OutputsAudio: [outputs-audio] symbol.info sequence=25 symbol=. timestamp=46625775.509 duration=40.000 expected=46624561.224 skew=1214.284 age=0.000
10-12 10:20:50.668 21246 21320 I ReactNativeJS: [outputs] playMorse.symbol {"timestamp":46625734.852055,"wallClock":1760278850668,"symbol":".","durationMs":40,"index":24,"source":"console.replay","correlationId":"console-replay:3s0o3xmz","nativeTimestampMs":46625775.509,"nativeDurationMs":40,"nativeOffsetMs":-40.722621999680996,"nativeSequence":25,"monotonicTimestampMs":46625775.509,"nativeExpectedTimestampMs":46624561.224,"nativeStartSkewMs":1214.284,"nativeBatchElapsedMs":4094.284,"nativeExpectedSincePriorMs":160,"nativeSincePriorMs":210.957,"nativePatternStartMs":46621681.224,"nativeAgeMs":0}
10-12 10:20:50.669 21246 21320 I ReactNativeJS: [outputs] playMorse.symbol {"timestamp":46625735.443566,"wallClock":1760278850668,"symbol":".","durationMs":40,"index":24,"source":"console.replay","correlationId":"console-replay:mgnsktwsigiwid1p","nativeTimestampMs":46625775.509,"nativeDurationMs":40,"nativeOffsetMs":-40.722621999680996,"nativeSequence":25,"monotonicTimestampMs":46625775.509,"nativeExpectedTimestampMs":46624561.224,"nativeStartSkewMs":1214.284,"nativeBatchElapsedMs":4094.284,"nativeExpectedSincePriorMs":160,"nativeSincePriorMs":210.957,"nativePatternStartMs":46621681.224,"nativeAgeMs":0}
10-12 10:20:50.724 21246 21320 I ReactNativeJS: [outputs] outputs.hapticSymbol {"timestamp":46625790.771118,"wallClock":1760278850724,"enabled":true,"symbol":".","durationMs":40,"platform":"android","source":"console.replay","correlationId":"console-replay:mgnsktwsigiwid1p","timelineOffsetMs":null}
10-12 10:20:50.725 21246 21320 I ReactNativeJS: [outputs] outputs.flashPulse {"timestamp":46625791.57893,"wallClock":1760278850724,"enabled":true,"durationMs":40,"source":"console.replay","correlationId":"console-replay:mgnsktwsigiwid1p","timelineOffsetMs":-40.722621999680996,"schedulingMode":"timeline","audioStartHeadroomMs":-1238.3450340032578,"audioStartGuard":"headroom","audioStartCompensationMs":160}
10-12 10:20:50.749 21246 21883 D OutputsAudio: [outputs-audio] stop gain=1.000 release=6.00
10-12 10:20:50.749 21246 21883 D OutputsAudio: [outputs-audio] playMorse.gap sequence=25 nextOffset=2960.000 gapTarget=46624641.224
10-12 10:20:50.749 21246 21883 D OutputsAudio: [outputs-audio] playMorse.dispatch sequence=26 symbol=. offset=2960.000 lead=90.000 dispatchAt=46624551.224
10-12 10:20:50.749 21246 21883 D OutputsAudio: [outputs-audio] start hz=650.0 gain=1.000 attack=2.50 release=6.00
10-12 10:20:50.749 21246 21883 D OutputsAudio: [outputs-audio] playMorse.symbol.start sequence=26 symbol=. expected=46624641.224 actual=46625906.492 skew=1265.268 batchElapsed=4225.268
10-12 10:20:50.771 21246 21320 I ReactNativeJS: [outputs] outputs.flashPulse.commit {"timestamp":46625837.919711,"wallClock":1760278850771,"durationMs":40,"source":"console.replay","correlationId":"console-replay:mgnsktwsigiwid1p","latencyMs":62.40258599817753,"timelineOffsetMs":-40.722621999680996,"leadMs":8,"scheduleSkewMs":46.340989001095295,"schedulingMode":"timeline","audioStartHeadroomMs":-1238.3450340032578,"audioStartGuard":"headroom","audioStartCompensationMs":160}
10-12 10:20:50.814 21246 21320 D OutputsAudio: [outputs-audio] symbol.info sequence=26 symbol=. timestamp=46625906.492 duration=40.000 expected=46624641.224 skew=1265.268 age=0.000
10-12 10:20:50.814 21246 21320 I ReactNativeJS: [outputs] playMorse.symbol {"timestamp":46625880.810961,"wallClock":1760278850814,"symbol":".","durationMs":40,"index":25,"source":"console.replay","correlationId":"console-replay:gk7p1ilg","nativeTimestampMs":46625906.492,"nativeDurationMs":40,"nativeOffsetMs":-25.728538997471333,"nativeSequence":26,"monotonicTimestampMs":46625906.492,"nativeExpectedTimestampMs":46624641.224,"nativeStartSkewMs":1265.268,"nativeBatchElapsedMs":4225.268,"nativeExpectedSincePriorMs":80,"nativeSincePriorMs":130.984,"nativePatternStartMs":46621681.224,"nativeAgeMs":0}
10-12 10:20:50.815 21246 21320 I ReactNativeJS: [outputs] playMorse.symbol {"timestamp":46625881.345753,"wallClock":1760278850814,"symbol":".","durationMs":40,"index":25,"source":"console.replay","correlationId":"console-replay:mgnsku0unl65h5vq","nativeTimestampMs":46625906.492,"nativeDurationMs":40,"nativeOffsetMs":-25.728538997471333,"nativeSequence":26,"monotonicTimestampMs":46625906.492,"nativeExpectedTimestampMs":46624641.224,"nativeStartSkewMs":1265.268,"nativeBatchElapsedMs":4225.268,"nativeExpectedSincePriorMs":80,"nativeSincePriorMs":130.984,"nativePatternStartMs":46621681.224,"nativeAgeMs":0}
10-12 10:20:50.860 21246 21320 I ReactNativeJS: [outputs] outputs.hapticSymbol {"timestamp":46625927.147732,"wallClock":1760278850860,"enabled":true,"symbol":".","durationMs":40,"platform":"android","source":"console.replay","correlationId":"console-replay:mgnsku0unl65h5vq","timelineOffsetMs":null}
10-12 10:20:50.861 21246 21320 I ReactNativeJS: [outputs] outputs.flashPulse {"timestamp":46625927.844868,"wallClock":1760278850861,"enabled":true,"durationMs":40,"source":"console.replay","correlationId":"console-replay:mgnsku0unl65h5vq","timelineOffsetMs":-25.728538997471333,"schedulingMode":"timeline","audioStartHeadroomMs":-1294.6107639968395,"audioStartGuard":"headroom","audioStartCompensationMs":160}
10-12 10:20:50.880 21246 21883 D OutputsAudio: [outputs-audio] stop gain=1.000 release=6.00
10-12 10:20:50.880 21246 21883 D OutputsAudio: [outputs-audio] playMorse.gap sequence=26 nextOffset=3040.000 gapTarget=46624721.224
10-12 10:20:50.880 21246 21883 D OutputsAudio: [outputs-audio] playMorse.dispatch sequence=27 symbol=. offset=3040.000 lead=90.000 dispatchAt=46624631.224
10-12 10:20:50.880 21246 21883 D OutputsAudio: [outputs-audio] start hz=650.0 gain=1.000 attack=2.50 release=6.00
10-12 10:20:50.880 21246 21883 D OutputsAudio: [outputs-audio] playMorse.symbol.start sequence=27 symbol=. expected=46624721.224 actual=46626037.412 skew=1316.188 batchElapsed=4356.188
10-12 10:20:50.912 21246 21320 I ReactNativeJS: [outputs] outputs.flashPulse.commit {"timestamp":46625978.293826,"wallClock":1760278850911,"durationMs":40,"source":"console.replay","correlationId":"console-replay:mgnsku0unl65h5vq","latencyMs":71.79187799990177,"timelineOffsetMs":-25.728538997471333,"leadMs":8,"scheduleSkewMs":50.44744800031185,"schedulingMode":"timeline","audioStartHeadroomMs":-1294.6107639968395,"audioStartGuard":"headroom","audioStartCompensationMs":160}
10-12 10:20:50.958 21246 21320 D OutputsAudio: [outputs-audio] symbol.info sequence=27 symbol=. timestamp=46626037.412 duration=40.000 expected=46624721.224 skew=1316.188 age=0.000
10-12 10:20:50.958 21246 21320 I ReactNativeJS: [outputs] playMorse.symbol {"timestamp":46626025.136691,"wallClock":1760278850958,"symbol":".","durationMs":40,"index":26,"source":"console.replay","correlationId":"console-replay:pxb3fnu8","nativeTimestampMs":46626037.412,"nativeDurationMs":40,"nativeOffsetMs":-12.320152997970581,"nativeSequence":27,"monotonicTimestampMs":46626037.412,"nativeExpectedTimestampMs":46624721.224,"nativeStartSkewMs":1316.188,"nativeBatchElapsedMs":4356.188,"nativeExpectedSincePriorMs":80,"nativeSincePriorMs":130.92,"nativePatternStartMs":46621681.224,"nativeAgeMs":0}
10-12 10:20:50.959 21246 21320 I ReactNativeJS: [outputs] playMorse.symbol {"timestamp":46626025.643149,"wallClock":1760278850959,"symbol":".","durationMs":40,"index":26,"source":"console.replay","correlationId":"console-replay:mgnsku4vqt9wu30k","nativeTimestampMs":46626037.412,"nativeDurationMs":40,"nativeOffsetMs":-12.320152997970581,"nativeSequence":27,"monotonicTimestampMs":46626037.412,"nativeExpectedTimestampMs":46624721.224,"nativeStartSkewMs":1316.188,"nativeBatchElapsedMs":4356.188,"nativeExpectedSincePriorMs":80,"nativeSincePriorMs":130.92,"nativePatternStartMs":46621681.224,"nativeAgeMs":0}
10-12 10:20:51.007 21246 21320 I ReactNativeJS: [outputs] outputs.hapticSymbol {"timestamp":46626073.97992,"wallClock":1760278851007,"enabled":true,"symbol":".","durationMs":40,"platform":"android","source":"console.replay","correlationId":"console-replay:mgnsku4vqt9wu30k","timelineOffsetMs":null}
10-12 10:20:51.008 21246 21320 I ReactNativeJS: [outputs] outputs.flashPulse {"timestamp":46626074.682159,"wallClock":1760278851008,"enabled":true,"durationMs":40,"source":"console.replay","correlationId":"console-replay:mgnsku4vqt9wu30k","timelineOffsetMs":-12.320152997970581,"schedulingMode":"timeline","audioStartHeadroomMs":-1361.448992997408,"audioStartGuard":"headroom","audioStartCompensationMs":160}
10-12 10:20:51.011 21246 21883 D OutputsAudio: [outputs-audio] stop gain=1.000 release=6.00
10-12 10:20:51.011 21246 21883 D OutputsAudio: [outputs-audio] stop gain=1.000 release=6.00
10-12 10:20:51.011 21246 21883 D OutputsAudio: [outputs-audio] playMorse.end cancelled=0
10-12 10:20:51.058 21246 21320 I ReactNativeJS: [outputs] playMorse.complete {"timestamp":46626125.011899,"wallClock":1760278851058,"durationMs":4712.08999799937,"source":"console.replay","audioEnabled":true,"audioVolumePercent":100}
10-12 10:20:51.101 21246 21320 I ReactNativeJS: [outputs] outputs.flashPulse.commit {"timestamp":46626167.604816,"wallClock":1760278851101,"durationMs":40,"source":"console.replay","correlationId":"console-replay:mgnsku4vqt9wu30k","latencyMs":130.1834929957986,"timelineOffsetMs":-12.320152997970581,"leadMs":8,"scheduleSkewMs":92.92093799263239,"schedulingMode":"timeline","audioStartHeadroomMs":-1361.448992997408,"audioStartGuard":"headroom","audioStartCompensationMs":160}
10-12 10:20:54.241 21246 21320 I ReactNativeJS: [outputs] playMorse.start {"timestamp":46629306.829241,"wallClock":1760278854240,"unitMs":34,"length":29,"source":"console.replay","audioEnabled":true,"audioVolumePercent":100}
10-12 10:20:54.491 21246 21320 D OutputsAudio: [outputs-audio] warmup hz=650.0
10-12 10:20:54.492 21246 21918 D OutputsAudio: [outputs-audio] playMorse.start count=27 unit=34.0
10-12 10:20:54.492 21246 21918 D OutputsAudio: [outputs-audio] playMorse.dispatch sequence=1 symbol=. offset=0.000 lead=0.000 dispatchAt=46629558.161
10-12 10:20:54.492 21246 21918 D OutputsAudio: [outputs-audio] start hz=650.0 gain=1.000 attack=2.50 release=6.00
10-12 10:20:54.492 21246 21918 D OutputsAudio: [outputs-audio] playMorse.symbol.start sequence=1 symbol=. expected=46629558.161 actual=46629558.943 skew=0.782 batchElapsed=0.782
10-12 10:20:54.507 21246 21320 D OutputsAudio: [outputs-audio] symbol.info sequence=1 symbol=. timestamp=46629558.943 duration=34.000 expected=46629558.161 skew=0.782 age=15.018
10-12 10:20:54.509 21246 21320 I ReactNativeJS: [outputs] playMorse.symbol {"timestamp":46629574.265439,"wallClock":1760278854507,"symbol":".","durationMs":34,"index":0,"source":"console.replay","correlationId":"console-replay:ncniwmf7","nativeTimestampMs":46629558.943,"nativeDurationMs":34,"nativeOffsetMs":15.207594998180866,"nativeSequence":1,"monotonicTimestampMs":46629558.943,"nativeExpectedTimestampMs":46629558.161,"nativeStartSkewMs":0.782,"nativeBatchElapsedMs":0.782,"nativeExpectedSincePriorMs":0,"nativeSincePriorMs":0,"nativePatternStartMs":46629558.161,"nativeAgeMs":15.018}
10-12 10:20:54.509 21246 21320 I ReactNativeJS: [outputs] playMorse.symbol {"timestamp":46629575.761168,"wallClock":1760278854509,"symbol":".","durationMs":34,"index":0,"source":"console.replay","correlationId":"console-replay:mgnskwvhuubsdgae","nativeTimestampMs":46629558.943,"nativeDurationMs":34,"nativeOffsetMs":15.207594998180866,"nativeSequence":1,"monotonicTimestampMs":46629558.943,"nativeExpectedTimestampMs":46629558.161,"nativeStartSkewMs":0.782,"nativeBatchElapsedMs":0.782,"nativeExpectedSincePriorMs":0,"nativeSincePriorMs":0,"nativePatternStartMs":46629558.161,"nativeAgeMs":15.018}
10-12 10:20:54.510 21246 21320 I ReactNativeJS: [outputs] outputs.hapticSymbol {"timestamp":46629576.66695,"wallClock":1760278854510,"enabled":true,"symbol":".","durationMs":34,"platform":"android","source":"console.replay","correlationId":"console-replay:mgnskwvhuubsdgae","timelineOffsetMs":null}
10-12 10:20:54.512 21246 21320 I ReactNativeJS: [outputs] outputs.flashPulse {"timestamp":46629578.016793,"wallClock":1760278854511,"enabled":true,"durationMs":34,"source":"console.replay","correlationId":"console-replay:mgnskwvhuubsdgae","timelineOffsetMs":15.207594998180866,"schedulingMode":"timeline","audioStartHeadroomMs":-27.834959998726845,"audioStartGuard":"headroom","audioStartCompensationMs":27.834959998726845}
10-12 10:20:54.526 21246 21918 D OutputsAudio: [outputs-audio] stop gain=1.000 release=6.00
10-12 10:20:54.526 21246 21918 D OutputsAudio: [outputs-audio] playMorse.gap sequence=1 nextOffset=68.000 gapTarget=46629626.161
10-12 10:20:54.526 21246 21918 D OutputsAudio: [outputs-audio] playMorse.dispatch sequence=2 symbol=. offset=68.000 lead=68.000 dispatchAt=46629558.161
10-12 10:20:54.526 21246 21918 D OutputsAudio: [outputs-audio] start hz=650.0 gain=1.000 attack=2.50 release=6.00
10-12 10:20:54.526 21246 21918 D OutputsAudio: [outputs-audio] playMorse.symbol.start sequence=2 symbol=. expected=46629626.161 actual=46629661.488 skew=35.327 batchElapsed=103.327
10-12 10:20:54.588 21246 21320 I ReactNativeJS: [outputs] outputs.flashPulse.commit {"timestamp":46629655.083304,"wallClock":1760278854588,"durationMs":34,"source":"console.replay","correlationId":"console-replay:mgnskwvhuubsdgae","latencyMs":80.9226050004363,"timelineOffsetMs":15.207594998180866,"leadMs":8,"scheduleSkewMs":77.07432300597429,"schedulingMode":"timeline","audioStartHeadroomMs":-27.834959998726845,"audioStartGuard":"headroom","audioStartCompensationMs":27.834959998726845}
10-12 10:20:54.629 21246 21918 D OutputsAudio: [outputs-audio] stop gain=1.000 release=6.00
10-12 10:20:54.629 21246 21918 D OutputsAudio: [outputs-audio] playMorse.gap sequence=2 nextOffset=136.000 gapTarget=46629694.161
10-12 10:20:54.629 21246 21918 D OutputsAudio: [outputs-audio] playMorse.dispatch sequence=3 symbol=. offset=136.000 lead=90.000 dispatchAt=46629604.161
10-12 10:20:54.630 21246 21918 D OutputsAudio: [outputs-audio] start hz=650.0 gain=1.000 attack=2.50 release=6.00
