10-11 15:28:01.971  2422  2607 I ReactNativeJS: [outputs] outputs.flashPulse {"timestamp":11905492.662331,"wallClock":1760210881971,"enabled":true,"durationMs":30,"source":"console.replay","correlationId":"console-replay:mgmo40xe3nfj3w4e","timelineOffsetMs":7.143300000578165}
10-11 15:28:01.993  2422  4079 D OutputsAudio: [outputs-audio] stop gain=1.000 release=6.00
10-11 15:28:02.024  2422  4079 D OutputsAudio: [outputs-audio] start hz=700.0 gain=1.000 attack=2.50 release=6.00
10-11 15:28:02.038  2422  2607 I ReactNativeJS: [outputs] outputs.flashPulse.commit {"timestamp":11905559.472748,"wallClock":1760210882038,"durationMs":30,"source":"console.replay","correlationId":"console-replay:mgmo40xe3nfj3w4e","latencyMs":68.19234400056303,"timelineOffsetMs":7.143300000578165,"leadMs":8}
10-11 15:28:02.097  2422  2607 D OutputsAudio: [outputs-audio] symbol.info sequence=22 symbol=- timestamp=11905545.999 duration=90.000
10-11 15:28:02.097  2422  2607 I ReactNativeJS: [outputs] playMorse.symbol {"timestamp":11905618.299623,"wallClock":1760210882097,"symbol":"-","durationMs":90,"index":15,"source":"console.replay","correlationId":"console-replay:mgmo410xxsuqwsid","nativeTimestampMs":11905545.999,"nativeDurationMs":90,"nativeOffsetMs":72.24140400066972,"nativeSequence":22,"monotonicTimestampMs":11905545.999}
10-11 15:28:02.098  2422  2607 I ReactNativeJS: [outputs] outputs.hapticSymbol {"timestamp":11905618.840144,"wallClock":1760210882097,"enabled":true,"symbol":"-","durationMs":90,"platform":"android","source":"console.replay","correlationId":"console-replay:mgmo410xxsuqwsid","timelineOffsetMs":72.24140400066972}
10-11 15:28:02.098  2422  2607 I ReactNativeJS: [outputs] outputs.flashPulse {"timestamp":11905619.596967,"wallClock":1760210882098,"enabled":true,"durationMs":90,"source":"console.replay","correlationId":"console-replay:mgmo410xxsuqwsid","timelineOffsetMs":72.24140400066972}
10-11 15:28:02.115  2422  4079 D OutputsAudio: [outputs-audio] stop gain=1.000 release=6.00
10-11 15:28:02.146  2422  4079 D OutputsAudio: [outputs-audio] start hz=700.0 gain=1.000 attack=2.50 release=6.00
10-11 15:28:02.160  2422  2607 I ReactNativeJS: [outputs] outputs.flashPulse.commit {"timestamp":11905681.304883,"wallClock":1760210882160,"durationMs":90,"source":"console.replay","correlationId":"console-replay:mgmo410xxsuqwsid","latencyMs":63.05880199931562,"timelineOffsetMs":72.24140400066972,"leadMs":8}
10-11 15:28:02.212  2422  2607 D OutputsAudio: [outputs-audio] symbol.info sequence=23 symbol=- timestamp=11905667.696 duration=90.000
10-11 15:28:02.212  2422  2607 I ReactNativeJS: [outputs] playMorse.symbol {"timestamp":11905733.401602,"wallClock":1760210882212,"symbol":"-","durationMs":90,"index":16,"source":"console.replay","correlationId":"console-replay:mgmo4144o90yeezv","nativeTimestampMs":11905667.696,"nativeDurationMs":90,"nativeOffsetMs":65.65086199901998,"nativeSequence":23,"monotonicTimestampMs":11905667.696}
10-11 15:28:02.213  2422  2607 I ReactNativeJS: [outputs] outputs.hapticSymbol {"timestamp":11905733.937696,"wallClock":1760210882212,"enabled":true,"symbol":"-","durationMs":90,"platform":"android","source":"console.replay","correlationId":"console-replay:mgmo4144o90yeezv","timelineOffsetMs":65.65086199901998}
10-11 15:28:02.216  2422  2607 I ReactNativeJS: [outputs] outputs.flashPulse {"timestamp":11905737.481862,"wallClock":1760210882216,"enabled":true,"durationMs":90,"source":"console.replay","correlationId":"console-replay:mgmo4144o90yeezv","timelineOffsetMs":65.65086199901998}
10-11 15:28:02.237  2422  4079 D OutputsAudio: [outputs-audio] stop gain=1.000 release=6.00
10-11 15:28:02.268  2422  4079 D OutputsAudio: [outputs-audio] start hz=700.0 gain=1.000 attack=2.50 release=6.00
10-11 15:28:02.282  2422  2607 I ReactNativeJS: [outputs] outputs.flashPulse.commit {"timestamp":11905802.775664,"wallClock":1760210882281,"durationMs":90,"source":"console.replay","correlationId":"console-replay:mgmo4144o90yeezv","latencyMs":69.4243750013411,"timelineOffsetMs":65.65086199901998,"leadMs":8}
10-11 15:28:02.334  2422  2607 D OutputsAudio: [outputs-audio] symbol.info sequence=24 symbol=- timestamp=11905790.040 duration=90.000
10-11 15:28:02.334  2422  2607 I ReactNativeJS: [outputs] playMorse.symbol {"timestamp":11905855.271862,"wallClock":1760210882334,"symbol":"-","durationMs":90,"index":17,"source":"console.replay","correlationId":"console-replay:mgmo417ia8jrhytf","nativeTimestampMs":11905790.04,"nativeDurationMs":90,"nativeOffsetMs":65.1761330012232,"nativeSequence":24,"monotonicTimestampMs":11905790.04}
10-11 15:28:02.335  2422  2607 I ReactNativeJS: [outputs] outputs.hapticSymbol {"timestamp":11905855.813998,"wallClock":1760210882334,"enabled":true,"symbol":"-","durationMs":90,"platform":"android","source":"console.replay","correlationId":"console-replay:mgmo417ia8jrhytf","timelineOffsetMs":65.1761330012232}
10-11 15:28:02.335  2422  2607 I ReactNativeJS: [outputs] outputs.flashPulse {"timestamp":11905856.678737,"wallClock":1760210882335,"enabled":true,"durationMs":90,"source":"console.replay","correlationId":"console-replay:mgmo417ia8jrhytf","timelineOffsetMs":65.1761330012232}
10-11 15:28:02.359  2422  4079 D OutputsAudio: [outputs-audio] stop gain=1.000 release=6.00
10-11 15:28:02.390  2422  4079 D OutputsAudio: [outputs-audio] start hz=700.0 gain=1.000 attack=2.50 release=6.00
10-11 15:28:02.402  2422  2607 I ReactNativeJS: [outputs] outputs.flashPulse.commit {"timestamp":11905923.153425,"wallClock":1760210882402,"durationMs":90,"source":"console.replay","correlationId":"console-replay:mgmo417ia8jrhytf","latencyMs":67.9320839997381,"timelineOffsetMs":65.1761330012232,"leadMs":8}
10-11 15:28:02.421  2422  4079 D OutputsAudio: [outputs-audio] stop gain=1.000 release=6.00
10-11 15:28:02.451  2422  4079 D OutputsAudio: [outputs-audio] start hz=700.0 gain=1.000 attack=2.50 release=6.00
10-11 15:28:02.461  2422  2607 D OutputsAudio: [outputs-audio] symbol.info sequence=26 symbol=. timestamp=11905973.075 duration=30.000
10-11 15:28:02.462  2422  2607 W ReactNativeJS: '[outputs-audio] native sequence jump', { previous: 24, next: 26, delta: 2 }
10-11 15:28:02.463  2422  2607 I ReactNativeJS: [outputs] playMorse.symbol {"timestamp":11905983.850196,"wallClock":1760210882462,"symbol":".","durationMs":30,"index":18,"source":"console.replay","correlationId":"console-replay:mgmo41b2fxu37ed7","nativeTimestampMs":11905973.075,"nativeDurationMs":30,"nativeOffsetMs":10.558529000729322,"nativeSequence":26,"monotonicTimestampMs":11905973.075}
10-11 15:28:02.464  2422  2607 I ReactNativeJS: [outputs] outputs.hapticSymbol {"timestamp":11905985.219883,"wallClock":1760210882464,"enabled":true,"symbol":".","durationMs":30,"platform":"android","source":"console.replay","correlationId":"console-replay:mgmo41b2fxu37ed7","timelineOffsetMs":10.558529000729322}
10-11 15:28:02.466  2422  2607 I ReactNativeJS: [outputs] outputs.flashPulse {"timestamp":11905986.706029,"wallClock":1760210882465,"enabled":true,"durationMs":30,"source":"console.replay","correlationId":"console-replay:mgmo41b2fxu37ed7","timelineOffsetMs":10.558529000729322}
10-11 15:28:02.482  2422  4079 D OutputsAudio: [outputs-audio] stop gain=1.000 release=6.00
10-11 15:28:02.513  2422  4079 D OutputsAudio: [outputs-audio] start hz=700.0 gain=1.000 attack=2.50 release=6.00
10-11 15:28:02.540  2422  2607 I ReactNativeJS: [outputs] outputs.flashPulse.commit {"timestamp":11906061.617852,"wallClock":1760210882540,"durationMs":30,"source":"console.replay","correlationId":"console-replay:mgmo41b2fxu37ed7","latencyMs":77.97822899930179,"timelineOffsetMs":10.558529000729322,"leadMs":8}
10-11 15:28:02.544  2422  4079 D OutputsAudio: [outputs-audio] stop gain=1.000 release=6.00
10-11 15:28:02.575  2422  4079 D OutputsAudio: [outputs-audio] stop gain=0.000 release=6.00
10-11 15:28:02.575  2422  4079 D OutputsAudio: [outputs-audio] playMorse.end cancelled=0
10-11 15:28:02.595  2422  2607 D OutputsAudio: [outputs-audio] symbol.info sequence=27 symbol=. timestamp=11906034.567 duration=30.000
10-11 15:28:02.596  2422  2607 I ReactNativeJS: [outputs] playMorse.symbol {"timestamp":11906117.005612,"wallClock":1760210882595,"symbol":".","durationMs":30,"index":19,"source":"console.replay","correlationId":"console-replay:mgmo41er71yx61fw","nativeTimestampMs":11906034.567,"nativeDurationMs":30,"nativeOffsetMs":82.38418499939144,"nativeSequence":27,"monotonicTimestampMs":11906034.567}
10-11 15:28:02.596  2422  2607 I ReactNativeJS: [outputs] playMorse.nativeOffset.spike {"timestamp":11906117.497591,"wallClock":1760210882596,"source":"console.replay","offsetMs":82.38418499939144,"sequence":27,"unitMs":30,"correlationId":"console-replay:mgmo41er71yx61fw"}
10-11 15:28:02.596  2422  2607 I ReactNativeJS: [outputs] outputs.hapticSymbol {"timestamp":11906117.806029,"wallClock":1760210882596,"enabled":true,"symbol":".","durationMs":30,"platform":"android","source":"console.replay","correlationId":"console-replay:mgmo41er71yx61fw","timelineOffsetMs":82.38418499939144}
10-11 15:28:02.597  2422  2607 I ReactNativeJS: [outputs] outputs.flashPulse {"timestamp":11906118.50931,"wallClock":1760210882597,"enabled":true,"durationMs":30,"source":"console.replay","correlationId":"console-replay:mgmo41er71yx61fw","timelineOffsetMs":82.38418499939144}
10-11 15:28:02.674  2422  2607 I ReactNativeJS: [outputs] outputs.flashPulse.commit {"timestamp":11906194.797591,"wallClock":1760210882673,"durationMs":30,"source":"console.replay","correlationId":"console-replay:mgmo41er71yx61fw","latencyMs":77.84099000133574,"timelineOffsetMs":82.38418499939144,"leadMs":8}
10-11 15:28:02.764  2422  2607 I ReactNativeJS: [outputs] playMorse.symbol {"timestamp":11906284.482904,"wallClock":1760210882763,"symbol":".","durationMs":30,"index":20,"source":"console.replay","correlationId":"console-replay:mgmo41jfhn4pavmo","nativeTimestampMs":null,"nativeDurationMs":null,"nativeOffsetMs":null,"nativeSequence":null,"monotonicTimestampMs":null}
10-11 15:28:02.764  2422  2607 I ReactNativeJS: [outputs] outputs.hapticSymbol {"timestamp":11906285.344727,"wallClock":1760210882764,"enabled":true,"symbol":".","durationMs":30,"platform":"android","source":"console.replay","correlationId":"console-replay:mgmo41jfhn4pavmo","timelineOffsetMs":null}
10-11 15:28:02.765  2422  2607 I ReactNativeJS: [outputs] outputs.flashPulse {"timestamp":11906286.457279,"wallClock":1760210882765,"enabled":true,"durationMs":30,"source":"console.replay","correlationId":"console-replay:mgmo41jfhn4pavmo","timelineOffsetMs":null}
10-11 15:28:02.830  2422  2607 I ReactNativeJS: [outputs] outputs.flashPulse.commit {"timestamp":11906351.020039,"wallClock":1760210882829,"durationMs":30,"source":"console.replay","correlationId":"console-replay:mgmo41jfhn4pavmo","latencyMs":66.53973900154233,"timelineOffsetMs":null,"leadMs":8}
10-11 15:28:03.074  2422  2607 I ReactNativeJS: [outputs] playMorse.symbol {"timestamp":11906593.567956,"wallClock":1760210883072,"symbol":"-","durationMs":90,"index":21,"source":"console.replay","correlationId":"console-replay:mgmo41s0grwnvqbt","nativeTimestampMs":null,"nativeDurationMs":null,"nativeOffsetMs":null,"nativeSequence":null,"monotonicTimestampMs":null}
10-11 15:28:03.077  2422  2607 I ReactNativeJS: [outputs] outputs.hapticSymbol {"timestamp":11906596.376445,"wallClock":1760210883075,"enabled":true,"symbol":"-","durationMs":90,"platform":"android","source":"console.replay","correlationId":"console-replay:mgmo41s0grwnvqbt","timelineOffsetMs":null}
10-11 15:28:03.080  2422  2607 I ReactNativeJS: [outputs] outputs.flashPulse {"timestamp":11906600.716706,"wallClock":1760210883079,"enabled":true,"durationMs":90,"source":"console.replay","correlationId":"console-replay:mgmo41s0grwnvqbt","timelineOffsetMs":null}
10-11 15:28:03.143  2422  2607 I ReactNativeJS: [outputs] outputs.flashPulse.commit {"timestamp":11906664.215508,"wallClock":1760210883143,"durationMs":90,"source":"console.replay","correlationId":"console-replay:mgmo41s0grwnvqbt","latencyMs":70.66692700050771,"timelineOffsetMs":null,"leadMs":8}
10-11 15:28:03.398  2422  2607 I ReactNativeJS: [outputs] playMorse.symbol {"timestamp":11906918.499362,"wallClock":1760210883397,"symbol":"-","durationMs":90,"index":22,"source":"console.replay","correlationId":"console-replay:mgmo4211ujgw6qvg","nativeTimestampMs":null,"nativeDurationMs":null,"nativeOffsetMs":null,"nativeSequence":null,"monotonicTimestampMs":null}
10-11 15:28:03.399  2422  2607 I ReactNativeJS: [outputs] outputs.hapticSymbol {"timestamp":11906919.561549,"wallClock":1760210883398,"enabled":true,"symbol":"-","durationMs":90,"platform":"android","source":"console.replay","correlationId":"console-replay:mgmo4211ujgw6qvg","timelineOffsetMs":null}
10-11 15:28:03.400  2422  2607 I ReactNativeJS: [outputs] outputs.flashPulse {"timestamp":11906921.030716,"wallClock":1760210883399,"enabled":true,"durationMs":90,"source":"console.replay","correlationId":"console-replay:mgmo4211ujgw6qvg","timelineOffsetMs":null}
10-11 15:28:03.460  2422  2607 I ReactNativeJS: [outputs] outputs.flashPulse.commit {"timestamp":11906981.492904,"wallClock":1760210883460,"durationMs":90,"source":"console.replay","correlationId":"console-replay:mgmo4211ujgw6qvg","latencyMs":62.99874999932945,"timelineOffsetMs":null,"leadMs":8}
10-11 15:28:03.708  2422  2607 I ReactNativeJS: [outputs] playMorse.symbol {"timestamp":11907227.641341,"wallClock":1760210883706,"symbol":"-","durationMs":90,"index":23,"source":"console.replay","correlationId":"console-replay:mgmo429mim60odxj","nativeTimestampMs":null,"nativeDurationMs":null,"nativeOffsetMs":null,"nativeSequence":null,"monotonicTimestampMs":null}
10-11 15:28:03.709  2422  2607 I ReactNativeJS: [outputs] outputs.hapticSymbol {"timestamp":11907229.792643,"wallClock":1760210883708,"enabled":true,"symbol":"-","durationMs":90,"platform":"android","source":"console.replay","correlationId":"console-replay:mgmo429mim60odxj","timelineOffsetMs":null}
10-11 15:28:03.712  2422  2607 I ReactNativeJS: [outputs] outputs.flashPulse {"timestamp":11907233.027383,"wallClock":1760210883711,"enabled":true,"durationMs":90,"source":"console.replay","correlationId":"console-replay:mgmo429mim60odxj","timelineOffsetMs":null}
10-11 15:28:03.779  2422  2607 I ReactNativeJS: [outputs] outputs.flashPulse.commit {"timestamp":11907299.828112,"wallClock":1760210883778,"durationMs":90,"source":"console.replay","correlationId":"console-replay:mgmo429mim60odxj","latencyMs":72.19182300008833,"timelineOffsetMs":null,"leadMs":8}
10-11 15:28:04.024  2422  2607 I ReactNativeJS: [outputs] playMorse.symbol {"timestamp":11907544.599466,"wallClock":1760210884023,"symbol":".","durationMs":30,"index":24,"source":"console.replay","correlationId":"console-replay:mgmo42if07su7amg","nativeTimestampMs":null,"nativeDurationMs":null,"nativeOffsetMs":null,"nativeSequence":null,"monotonicTimestampMs":null}
10-11 15:28:04.026  2422  2607 I ReactNativeJS: [outputs] outputs.hapticSymbol {"timestamp":11907545.739987,"wallClock":1760210884024,"enabled":true,"symbol":".","durationMs":30,"platform":"android","source":"console.replay","correlationId":"console-replay:mgmo42if07su7amg","timelineOffsetMs":null}
10-11 15:28:04.027  2422  2607 I ReactNativeJS: [outputs] outputs.flashPulse {"timestamp":11907548.513216,"wallClock":1760210884027,"enabled":true,"durationMs":30,"source":"console.replay","correlationId":"console-replay:mgmo42if07su7amg","timelineOffsetMs":null}
10-11 15:28:04.098  2422  2607 I ReactNativeJS: [outputs] outputs.flashPulse.commit {"timestamp":11907619.067799,"wallClock":1760210884097,"durationMs":30,"source":"console.replay","correlationId":"console-replay:mgmo42if07su7amg","latencyMs":74.4755729995668,"timelineOffsetMs":null,"leadMs":8}
10-11 15:28:04.350  2422  2607 I ReactNativeJS: [outputs] playMorse.symbol {"timestamp":11907870.878476,"wallClock":1760210884349,"symbol":".","durationMs":30,"index":25,"source":"console.replay","correlationId":"console-replay:mgmo42rhect60z41","nativeTimestampMs":null,"nativeDurationMs":null,"nativeOffsetMs":null,"nativeSequence":null,"monotonicTimestampMs":null}
10-11 15:28:04.352  2422  2607 I ReactNativeJS: [outputs] outputs.hapticSymbol {"timestamp":11907872.849674,"wallClock":1760210884351,"enabled":true,"symbol":".","durationMs":30,"platform":"android","source":"console.replay","correlationId":"console-replay:mgmo42rhect60z41","timelineOffsetMs":null}
10-11 15:28:04.356  2422  2607 I ReactNativeJS: [outputs] outputs.flashPulse {"timestamp":11907876.801757,"wallClock":1760210884355,"enabled":true,"durationMs":30,"source":"console.replay","correlationId":"console-replay:mgmo42rhect60z41","timelineOffsetMs":null}
10-11 15:28:04.422  2422  2607 I ReactNativeJS: [outputs] outputs.flashPulse.commit {"timestamp":11907942.928112,"wallClock":1760210884421,"durationMs":30,"source":"console.replay","correlationId":"console-replay:mgmo42rhect60z41","latencyMs":72.05432300083339,"timelineOffsetMs":null,"leadMs":8}
10-11 15:28:04.675  2422  2607 I ReactNativeJS: [outputs] playMorse.symbol {"timestamp":11908196.144414,"wallClock":1760210884675,"symbol":".","durationMs":30,"index":26,"source":"console.replay","correlationId":"console-replay:mgmo430i4qw4l66o","nativeTimestampMs":null,"nativeDurationMs":null,"nativeOffsetMs":null,"nativeSequence":null,"monotonicTimestampMs":null}
10-11 15:28:04.676  2422  2607 I ReactNativeJS: [outputs] outputs.hapticSymbol {"timestamp":11908197.185091,"wallClock":1760210884676,"enabled":true,"symbol":".","durationMs":30,"platform":"android","source":"console.replay","correlationId":"console-replay:mgmo430i4qw4l66o","timelineOffsetMs":null}
10-11 15:28:04.677  2422  2607 I ReactNativeJS: [outputs] outputs.flashPulse {"timestamp":11908198.602174,"wallClock":1760210884677,"enabled":true,"durationMs":30,"source":"console.replay","correlationId":"console-replay:mgmo430i4qw4l66o","timelineOffsetMs":null}
10-11 15:28:04.748  2422  2607 I ReactNativeJS: [outputs] outputs.flashPulse.commit {"timestamp":11908269.509518,"wallClock":1760210884748,"durationMs":30,"source":"console.replay","correlationId":"console-replay:mgmo430i4qw4l66o","latencyMs":73.37156300060451,"timelineOffsetMs":null,"leadMs":8}
10-11 15:28:04.809  2422  2607 I ReactNativeJS: [outputs] playMorse.complete {"timestamp":11908330.224205,"wallClock":1760210884809,"durationMs":4729.4057280011475,"source":"console.replay","audioEnabled":true,"audioVolumePercent":100}
10-11 15:36:21.569  2422  2607 I ReactNativeJS: [outputs] keyer.teardown {"timestamp":12405089.391359,"wallClock":1760211381568}
10-11 15:36:21.569  2422  2607 D OutputsAudio: [outputs-audio] stop gain=0.000 release=6.00
10-11 15:36:21.570  2422  2607 I ReactNativeJS: [outputs] keyer.teardown {"timestamp":12405090.874901,"wallClock":1760211381569}
10-11 15:36:21.570  2422  2607 D OutputsAudio: [outputs-audio] stop gain=0.000 release=6.00
10-11 15:36:21.572  2422  2607 I ReactNativeJS: [outputs] keyer.teardown {"timestamp":12405092.170266,"wallClock":1760211381571}
10-11 15:36:21.572  2422  2607 D OutputsAudio: [outputs-audio] stop gain=0.000 release=6.00
10-11 15:46:42.373  2422  2607 I ReactNativeJS: [outputs] playMorse.start {"timestamp":13025893.997216,"wallClock":1760212002372,"unitMs":120,"length":28,"source":"console.replay","audioEnabled":true,"audioVolumePercent":100}
10-11 15:46:42.816  2422  2607 D OutputsAudio: [outputs-audio] stream.open sampleRate=48000.0 burst=96 api=2
10-11 15:46:42.855  2422  2607 D OutputsAudio: [outputs-audio] warmup hz=700.0
10-11 15:46:42.856  2422  9294 D OutputsAudio: [outputs-audio] playMorse.start count=27 unit=120.0
10-11 15:46:42.856  2422  9294 D OutputsAudio: [outputs-audio] start hz=700.0 gain=1.000 attack=2.50 release=6.00
10-11 15:46:42.871  2422  2607 D OutputsAudio: [outputs-audio] symbol.info sequence=1 symbol=. timestamp=13026377.711 duration=120.000
10-11 15:46:42.872  2422  2607 I ReactNativeJS: [outputs] playMorse.symbol {"timestamp":13026393.056539,"wallClock":1760212002871,"symbol":".","durationMs":120,"index":0,"source":"console.replay","correlationId":"console-replay:mgmos1tjefi5xly6","nativeTimestampMs":13026377.711,"nativeDurationMs":120,"nativeOffsetMs":15.264966001734138,"nativeSequence":1,"monotonicTimestampMs":13026377.711}
10-11 15:46:42.873  2422  2607 I ReactNativeJS: [outputs] outputs.hapticSymbol {"timestamp":13026393.877268,"wallClock":1760212002872,"enabled":true,"symbol":".","durationMs":120,"platform":"android","source":"console.replay","correlationId":"console-replay:mgmos1tjefi5xly6","timelineOffsetMs":15.264966001734138}
10-11 15:46:42.874  2422  2607 I ReactNativeJS: [outputs] outputs.flashPulse {"timestamp":13026395.116122,"wallClock":1760212002873,"enabled":true,"durationMs":120,"source":"console.replay","correlationId":"console-replay:mgmos1tjefi5xly6","timelineOffsetMs":15.264966001734138}
10-11 15:46:42.889  2422  2607 I ReactNativeJS: [outputs] outputs.flashPulse.commit {"timestamp":13026410.040758,"wallClock":1760212002888,"durationMs":120,"source":"console.replay","correlationId":"console-replay:mgmos1tjefi5xly6","latencyMs":17.045103998854756,"timelineOffsetMs":15.264966001734138,"leadMs":8,"scheduleSkewMs":25.045103998854756}
10-11 15:46:42.976  2422  9294 D OutputsAudio: [outputs-audio] stop gain=1.000 release=6.00
10-11 15:46:43.097  2422  9294 D OutputsAudio: [outputs-audio] start hz=700.0 gain=1.000 attack=2.50 release=6.00
10-11 15:46:43.101  2422  2607 D OutputsAudio: [outputs-audio] symbol.info sequence=2 symbol=. timestamp=13026618.385 duration=120.000
10-11 15:46:43.104  2422  2607 I ReactNativeJS: [outputs] playMorse.symbol {"timestamp":13026623.403518,"wallClock":1760212003102,"symbol":".","durationMs":120,"index":1,"source":"console.replay","correlationId":"console-replay:mgmos1zyg1ht4ncd","nativeTimestampMs":13026618.385,"nativeDurationMs":120,"nativeOffsetMs":4.867840999737382,"nativeSequence":2,"monotonicTimestampMs":13026618.385}
10-11 15:46:43.106  2422  2607 I ReactNativeJS: [outputs] outputs.hapticSymbol {"timestamp":13026625.553674,"wallClock":1760212003104,"enabled":true,"symbol":".","durationMs":120,"platform":"android","source":"console.replay","correlationId":"console-replay:mgmos1zyg1ht4ncd","timelineOffsetMs":4.867840999737382}
10-11 15:46:43.108  2422  2607 I ReactNativeJS: [outputs] outputs.flashPulse {"timestamp":13026629.013726,"wallClock":1760212003107,"enabled":true,"durationMs":120,"source":"console.replay","correlationId":"console-replay:mgmos1zyg1ht4ncd","timelineOffsetMs":4.867840999737382}
10-11 15:46:43.172  2422  2607 I ReactNativeJS: [outputs] outputs.flashPulse.commit {"timestamp":13026693.022685,"wallClock":1760212003171,"durationMs":120,"source":"console.replay","correlationId":"console-replay:mgmos1zyg1ht4ncd","latencyMs":69.76380200125277,"timelineOffsetMs":4.867840999737382,"leadMs":8,"scheduleSkewMs":77.76380200125277}
10-11 15:46:43.217  2422  9294 D OutputsAudio: [outputs-audio] stop gain=1.000 release=6.00
10-11 15:46:43.337  2422  9294 D OutputsAudio: [outputs-audio] start hz=700.0 gain=1.000 attack=2.50 release=6.00
10-11 15:46:43.362  2422  2607 D OutputsAudio: [outputs-audio] symbol.info sequence=3 symbol=. timestamp=13026858.737 duration=120.000
10-11 15:46:43.363  2422  2607 I ReactNativeJS: [outputs] playMorse.symbol {"timestamp":13026883.572841,"wallClock":1760212003362,"symbol":".","durationMs":120,"index":2,"source":"console.replay","correlationId":"console-replay:mgmos276to1gwk5i","nativeTimestampMs":13026858.737,"nativeDurationMs":120,"nativeOffsetMs":24.734017999842763,"nativeSequence":3,"monotonicTimestampMs":13026858.737}
10-11 15:46:43.364  2422  2607 I ReactNativeJS: [outputs] outputs.hapticSymbol {"timestamp":13026884.698831,"wallClock":1760212003363,"enabled":true,"symbol":".","durationMs":120,"platform":"android","source":"console.replay","correlationId":"console-replay:mgmos276to1gwk5i","timelineOffsetMs":24.734017999842763}
10-11 15:46:43.365  2422  2607 I ReactNativeJS: [outputs] outputs.flashPulse {"timestamp":13026885.895914,"wallClock":1760212003364,"enabled":true,"durationMs":120,"source":"console.replay","correlationId":"console-replay:mgmos276to1gwk5i","timelineOffsetMs":24.734017999842763}
10-11 15:46:43.415  2422  2607 I ReactNativeJS: [outputs] outputs.flashPulse.commit {"timestamp":13026936.437685,"wallClock":1760212003415,"durationMs":120,"source":"console.replay","correlationId":"console-replay:mgmos276to1gwk5i","latencyMs":52.96104199998081,"timelineOffsetMs":24.734017999842763,"leadMs":8,"scheduleSkewMs":60.96104199998081}
10-11 15:46:43.458  2422  9294 D OutputsAudio: [outputs-audio] stop gain=1.000 release=6.00
10-11 15:46:43.579  2422  9294 D OutputsAudio: [outputs-audio] start hz=700.0 gain=1.000 attack=2.50 release=6.00
10-11 15:46:43.592  2422  2607 D OutputsAudio: [outputs-audio] symbol.info sequence=4 symbol=- timestamp=13027100.638 duration=360.000
10-11 15:46:43.594  2422  2607 I ReactNativeJS: [outputs] playMorse.symbol {"timestamp":13027113.39383,"wallClock":1760212003592,"symbol":"-","durationMs":360,"index":3,"source":"console.replay","correlationId":"console-replay:mgmos2dk7kjc6tm9","nativeTimestampMs":13027100.638,"nativeDurationMs":360,"nativeOffsetMs":12.62129900045693,"nativeSequence":4,"monotonicTimestampMs":13027100.638}
10-11 15:46:43.595  2422  2607 I ReactNativeJS: [outputs] outputs.hapticSymbol {"timestamp":13027115.30706,"wallClock":1760212003594,"enabled":true,"symbol":"-","durationMs":360,"platform":"android","source":"console.replay","correlationId":"console-replay:mgmos2dk7kjc6tm9","timelineOffsetMs":12.62129900045693}
10-11 15:46:43.597  2422  2607 I ReactNativeJS: [outputs] outputs.flashPulse {"timestamp":13027118.288414,"wallClock":1760212003597,"enabled":true,"durationMs":360,"source":"console.replay","correlationId":"console-replay:mgmos2dk7kjc6tm9","timelineOffsetMs":12.62129900045693}
10-11 15:46:43.648  2422  2607 I ReactNativeJS: [outputs] outputs.flashPulse.commit {"timestamp":13027169.722112,"wallClock":1760212003648,"durationMs":360,"source":"console.replay","correlationId":"console-replay:mgmos2dk7kjc6tm9","latencyMs":56.4566669985652,"timelineOffsetMs":12.62129900045693,"leadMs":8,"scheduleSkewMs":64.4566669985652}
10-11 15:46:43.940  2422  9294 D OutputsAudio: [outputs-audio] stop gain=1.000 release=6.00
10-11 15:46:44.061  2422  9294 D OutputsAudio: [outputs-audio] start hz=700.0 gain=1.000 attack=2.50 release=6.00
10-11 15:46:44.073  2422  2607 D OutputsAudio: [outputs-audio] symbol.info sequence=5 symbol=- timestamp=13027582.511 duration=360.000
10-11 15:46:44.075  2422  2607 I ReactNativeJS: [outputs] playMorse.symbol {"timestamp":13027595.305497,"wallClock":1760212004074,"symbol":"-","durationMs":360,"index":4,"source":"console.replay","correlationId":"console-replay:mgmos2qyw2ex38ur","nativeTimestampMs":13027582.511,"nativeDurationMs":360,"nativeOffsetMs":12.68699700012803,"nativeSequence":5,"monotonicTimestampMs":13027582.511}
10-11 15:46:44.076  2422  2607 I ReactNativeJS: [outputs] outputs.hapticSymbol {"timestamp":13027596.511539,"wallClock":1760212004075,"enabled":true,"symbol":"-","durationMs":360,"platform":"android","source":"console.replay","correlationId":"console-replay:mgmos2qyw2ex38ur","timelineOffsetMs":12.68699700012803}
10-11 15:46:44.077  2422  2607 I ReactNativeJS: [outputs] outputs.flashPulse {"timestamp":13027598.132216,"wallClock":1760212004077,"enabled":true,"durationMs":360,"source":"console.replay","correlationId":"console-replay:mgmos2qyw2ex38ur","timelineOffsetMs":12.68699700012803}
10-11 15:46:44.139  2422  2607 I ReactNativeJS: [outputs] outputs.flashPulse.commit {"timestamp":13027659.870028,"wallClock":1760212004138,"durationMs":360,"source":"console.replay","correlationId":"console-replay:mgmos2qyw2ex38ur","latencyMs":64.66661499999464,"timelineOffsetMs":12.68699700012803,"leadMs":8,"scheduleSkewMs":72.66661499999464}
10-11 15:46:44.422  2422  9294 D OutputsAudio: [outputs-audio] stop gain=1.000 release=6.00
10-11 15:46:44.543  2422  9294 D OutputsAudio: [outputs-audio] start hz=700.0 gain=1.000 attack=2.50 release=6.00
10-11 15:46:44.554  2422  2607 D OutputsAudio: [outputs-audio] symbol.info sequence=6 symbol=- timestamp=13028064.177 duration=360.000
10-11 15:46:44.555  2422  2607 I ReactNativeJS: [outputs] playMorse.symbol {"timestamp":13028075.596122,"wallClock":1760212004554,"symbol":"-","durationMs":360,"index":5,"source":"console.replay","correlationId":"console-replay:mgmos34ae4rh72uy","nativeTimestampMs":13028064.177,"nativeDurationMs":360,"nativeOffsetMs":11.32396600022912,"nativeSequence":6,"monotonicTimestampMs":13028064.177}
10-11 15:46:44.555  2422  2607 I ReactNativeJS: [outputs] outputs.hapticSymbol {"timestamp":13028076.536018,"wallClock":1760212004555,"enabled":true,"symbol":"-","durationMs":360,"platform":"android","source":"console.replay","correlationId":"console-replay:mgmos34ae4rh72uy","timelineOffsetMs":11.32396600022912}
10-11 15:46:44.556  2422  2607 I ReactNativeJS: [outputs] outputs.flashPulse {"timestamp":13028077.514299,"wallClock":1760212004556,"enabled":true,"durationMs":360,"source":"console.replay","correlationId":"console-replay:mgmos34ae4rh72uy","timelineOffsetMs":11.32396600022912}
10-11 15:46:44.623  2422  2607 I ReactNativeJS: [outputs] outputs.flashPulse.commit {"timestamp":13028144.058049,"wallClock":1760212004622,"durationMs":360,"source":"console.replay","correlationId":"console-replay:mgmos34ae4rh72uy","latencyMs":68.4972390010953,"timelineOffsetMs":11.32396600022912,"leadMs":8,"scheduleSkewMs":76.4972390010953}
10-11 15:46:44.904  2422  9294 D OutputsAudio: [outputs-audio] stop gain=1.000 release=6.00
10-11 15:46:45.024  2422  9294 D OutputsAudio: [outputs-audio] start hz=700.0 gain=1.000 attack=2.50 release=6.00
10-11 15:46:45.047  2422  2607 D OutputsAudio: [outputs-audio] symbol.info sequence=7 symbol=. timestamp=13028546.105 duration=120.000
10-11 15:46:45.048  2422  2607 I ReactNativeJS: [outputs] playMorse.symbol {"timestamp":13028569.14732,"wallClock":1760212005048,"symbol":".","durationMs":120,"index":6,"source":"console.replay","correlationId":"console-replay:mgmos3hzb5qhqgws","nativeTimestampMs":13028546.105,"nativeDurationMs":120,"nativeOffsetMs":22.954089999198914,"nativeSequence":7,"monotonicTimestampMs":13028546.105}
10-11 15:46:45.049  2422  2607 I ReactNativeJS: [outputs] outputs.hapticSymbol {"timestamp":13028570.006122,"wallClock":1760212005048,"enabled":true,"symbol":".","durationMs":120,"platform":"android","source":"console.replay","correlationId":"console-replay:mgmos3hzb5qhqgws","timelineOffsetMs":22.954089999198914}
10-11 15:46:45.050  2422  2607 I ReactNativeJS: [outputs] outputs.flashPulse {"timestamp":13028571.291642,"wallClock":1760212005050,"enabled":true,"durationMs":120,"source":"console.replay","correlationId":"console-replay:mgmos3hzb5qhqgws","timelineOffsetMs":22.954089999198914}
10-11 15:46:45.121  2422  2607 I ReactNativeJS: [outputs] outputs.flashPulse.commit {"timestamp":13028642.492319,"wallClock":1760212005121,"durationMs":120,"source":"console.replay","correlationId":"console-replay:mgmos3hzb5qhqgws","latencyMs":73.42802100069821,"timelineOffsetMs":22.954089999198914,"leadMs":8,"scheduleSkewMs":81.42802100069821}
10-11 15:46:45.145  2422  9294 D OutputsAudio: [outputs-audio] stop gain=1.000 release=6.00
10-11 15:46:45.266  2422  9294 D OutputsAudio: [outputs-audio] start hz=700.0 gain=1.000 attack=2.50 release=6.00
10-11 15:46:45.275  2422  2607 D OutputsAudio: [outputs-audio] symbol.info sequence=8 symbol=. timestamp=13028788.092 duration=120.000
10-11 15:46:45.277  2422  2607 I ReactNativeJS: [outputs] playMorse.symbol {"timestamp":13028797.219767,"wallClock":1760212005276,"symbol":".","durationMs":120,"index":7,"source":"console.replay","correlationId":"console-replay:mgmos3ocay9nh2xm","nativeTimestampMs":13028788.092,"nativeDurationMs":120,"nativeOffsetMs":8.949278000742197,"nativeSequence":8,"monotonicTimestampMs":13028788.092}
10-11 15:46:45.279  2422  2607 I ReactNativeJS: [outputs] outputs.hapticSymbol {"timestamp":13028799.07159,"wallClock":1760212005277,"enabled":true,"symbol":".","durationMs":120,"platform":"android","source":"console.replay","correlationId":"console-replay:mgmos3ocay9nh2xm","timelineOffsetMs":8.949278000742197}
10-11 15:46:45.282  2422  2607 I ReactNativeJS: [outputs] outputs.flashPulse {"timestamp":13028802.690236,"wallClock":1760212005281,"enabled":true,"durationMs":120,"source":"console.replay","correlationId":"console-replay:mgmos3ocay9nh2xm","timelineOffsetMs":8.949278000742197}
10-11 15:46:45.352  2422  2607 I ReactNativeJS: [outputs] outputs.flashPulse.commit {"timestamp":13028873.554976,"wallClock":1760212005352,"durationMs":120,"source":"console.replay","correlationId":"console-replay:mgmos3ocay9nh2xm","latencyMs":76.5068229995668,"timelineOffsetMs":8.949278000742197,"leadMs":8,"scheduleSkewMs":84.5068229995668}
10-11 15:46:45.387  2422  9294 D OutputsAudio: [outputs-audio] stop gain=1.000 release=6.00
10-11 15:46:45.508  2422  9294 D OutputsAudio: [outputs-audio] start hz=700.0 gain=1.000 attack=2.50 release=6.00
10-11 15:46:45.531  2422  2607 D OutputsAudio: [outputs-audio] symbol.info sequence=9 symbol=. timestamp=13029029.370 duration=120.000
10-11 15:46:45.534  2422  2607 I ReactNativeJS: [outputs] playMorse.symbol {"timestamp":13029053.224298,"wallClock":1760212005532,"symbol":".","durationMs":120,"index":8,"source":"console.replay","correlationId":"console-replay:mgmos3vg2n69nsgh","nativeTimestampMs":13029029.37,"nativeDurationMs":120,"nativeOffsetMs":23.761746000498533,"nativeSequence":9,"monotonicTimestampMs":13029029.37}
10-11 15:46:45.535  2422  2607 I ReactNativeJS: [outputs] outputs.hapticSymbol {"timestamp":13029055.731226,"wallClock":1760212005534,"enabled":true,"symbol":".","durationMs":120,"platform":"android","source":"console.replay","correlationId":"console-replay:mgmos3vg2n69nsgh","timelineOffsetMs":23.761746000498533}
10-11 15:46:45.539  2422  2607 I ReactNativeJS: [outputs] outputs.flashPulse {"timestamp":13029059.372215,"wallClock":1760212005538,"enabled":true,"durationMs":120,"source":"console.replay","correlationId":"console-replay:mgmos3vg2n69nsgh","timelineOffsetMs":23.761746000498533}
10-11 15:46:45.595  2422  2607 I ReactNativeJS: [outputs] outputs.flashPulse.commit {"timestamp":13029115.782684,"wallClock":1760212005594,"durationMs":120,"source":"console.replay","correlationId":"console-replay:mgmos3vg2n69nsgh","latencyMs":62.645469000563025,"timelineOffsetMs":23.761746000498533,"leadMs":8,"scheduleSkewMs":70.64546900056303}
10-11 15:46:45.628  2422  9294 D OutputsAudio: [outputs-audio] stop gain=1.000 release=6.00
10-11 15:46:45.749  2422  9294 D OutputsAudio: [outputs-audio] start hz=700.0 gain=1.000 attack=2.50 release=6.00
10-11 15:46:45.776  2422  2607 D OutputsAudio: [outputs-audio] symbol.info sequence=10 symbol=- timestamp=13029271.012 duration=360.000
10-11 15:46:45.780  2422  2607 I ReactNativeJS: [outputs] playMorse.symbol {"timestamp":13029298.047528,"wallClock":1760212005776,"symbol":"-","durationMs":360,"index":9,"source":"console.replay","correlationId":"console-replay:mgmos428redvqmdo","nativeTimestampMs":13029271.012,"nativeDurationMs":360,"nativeOffsetMs":26.863861000165343,"nativeSequence":10,"monotonicTimestampMs":13029271.012}
10-11 15:46:45.780  2422  2607 I ReactNativeJS: [outputs] outputs.hapticSymbol {"timestamp":13029301.296746,"wallClock":1760212005780,"enabled":true,"symbol":"-","durationMs":360,"platform":"android","source":"console.replay","correlationId":"console-replay:mgmos428redvqmdo","timelineOffsetMs":26.863861000165343}
10-11 15:46:45.782  2422  2607 I ReactNativeJS: [outputs] outputs.flashPulse {"timestamp":13029302.892475,"wallClock":1760212005781,"enabled":true,"durationMs":360,"source":"console.replay","correlationId":"console-replay:mgmos428redvqmdo","timelineOffsetMs":26.863861000165343}
10-11 15:46:45.848  2422  2607 I ReactNativeJS: [outputs] outputs.flashPulse.commit {"timestamp":13029369.26284,"wallClock":1760212005848,"durationMs":360,"source":"console.replay","correlationId":"console-replay:mgmos428redvqmdo","latencyMs":71.3819270003587,"timelineOffsetMs":26.863861000165343,"leadMs":8,"scheduleSkewMs":79.3819270003587}
10-11 15:46:46.110  2422  9294 D OutputsAudio: [outputs-audio] stop gain=1.000 release=6.00
10-11 15:46:46.231  2422  9294 D OutputsAudio: [outputs-audio] start hz=700.0 gain=1.000 attack=2.50 release=6.00
10-11 15:46:46.251  2422  2607 D OutputsAudio: [outputs-audio] symbol.info sequence=11 symbol=- timestamp=13029752.929 duration=360.000
10-11 15:46:46.252  2422  2607 I ReactNativeJS: [outputs] playMorse.symbol {"timestamp":13029773.010027,"wallClock":1760212006251,"symbol":"-","durationMs":360,"index":10,"source":"console.replay","correlationId":"console-replay:mgmos4ff9m0ucsy6","nativeTimestampMs":13029752.929,"nativeDurationMs":360,"nativeOffsetMs":19.96149600110948,"nativeSequence":11,"monotonicTimestampMs":13029752.929}
10-11 15:46:46.253  2422  2607 I ReactNativeJS: [outputs] outputs.hapticSymbol {"timestamp":13029774.099246,"wallClock":1760212006252,"enabled":true,"symbol":"-","durationMs":360,"platform":"android","source":"console.replay","correlationId":"console-replay:mgmos4ff9m0ucsy6","timelineOffsetMs":19.96149600110948}
10-11 15:46:46.255  2422  2607 I ReactNativeJS: [outputs] outputs.flashPulse {"timestamp":13029775.871277,"wallClock":1760212006254,"enabled":true,"durationMs":360,"source":"console.replay","correlationId":"console-replay:mgmos4ff9m0ucsy6","timelineOffsetMs":19.96149600110948}
10-11 15:46:46.325  2422  2607 I ReactNativeJS: [outputs] outputs.flashPulse.commit {"timestamp":13029846.017579,"wallClock":1760212006324,"durationMs":360,"source":"console.replay","correlationId":"console-replay:mgmos4ff9m0ucsy6","latencyMs":73.12104200012982,"timelineOffsetMs":19.96149600110948,"leadMs":8,"scheduleSkewMs":81.12104200012982}
10-11 15:46:46.592  2422  9294 D OutputsAudio: [outputs-audio] stop gain=1.000 release=6.00
10-11 15:46:46.713  2422  9294 D OutputsAudio: [outputs-audio] start hz=700.0 gain=1.000 attack=2.50 release=6.00
10-11 15:46:46.734  2422  2607 D OutputsAudio: [outputs-audio] symbol.info sequence=12 symbol=- timestamp=13030234.736 duration=360.000
10-11 15:46:46.735  2422  2607 I ReactNativeJS: [outputs] playMorse.symbol {"timestamp":13030256.251329,"wallClock":1760212006735,"symbol":"-","durationMs":360,"index":11,"source":"console.replay","correlationId":"console-replay:mgmos4svcson5poi","nativeTimestampMs":13030234.736,"nativeDurationMs":360,"nativeOffsetMs":21.42892299965024,"nativeSequence":12,"monotonicTimestampMs":13030234.736}
10-11 15:46:46.736  2422  2607 I ReactNativeJS: [outputs] outputs.hapticSymbol {"timestamp":13030257.074454,"wallClock":1760212006735,"enabled":true,"symbol":"-","durationMs":360,"platform":"android","source":"console.replay","correlationId":"console-replay:mgmos4svcson5poi","timelineOffsetMs":21.42892299965024}
10-11 15:46:46.737  2422  2607 I ReactNativeJS: [outputs] outputs.flashPulse {"timestamp":13030258.381381,"wallClock":1760212006737,"enabled":true,"durationMs":360,"source":"console.replay","correlationId":"console-replay:mgmos4svcson5poi","timelineOffsetMs":21.42892299965024}
10-11 15:46:46.799  2422  2607 I ReactNativeJS: [outputs] outputs.flashPulse.commit {"timestamp":13030320.145183,"wallClock":1760212006799,"durationMs":360,"source":"console.replay","correlationId":"console-replay:mgmos4svcson5poi","latencyMs":63.97531300038099,"timelineOffsetMs":21.42892299965024,"leadMs":8,"scheduleSkewMs":71.97531300038099}
10-11 15:46:47.074  2422  9294 D OutputsAudio: [outputs-audio] stop gain=1.000 release=6.00
10-11 15:46:47.194  2422  9294 D OutputsAudio: [outputs-audio] start hz=700.0 gain=1.000 attack=2.50 release=6.00
10-11 15:46:47.222  2422  2607 D OutputsAudio: [outputs-audio] symbol.info sequence=13 symbol=. timestamp=13030716.147 duration=120.000
10-11 15:46:47.223  2422  2607 I ReactNativeJS: [outputs] playMorse.symbol {"timestamp":13030743.75685,"wallClock":1760212007222,"symbol":".","durationMs":120,"index":12,"source":"console.replay","correlationId":"console-replay:mgmos56eqxj9mx86","nativeTimestampMs":13030716.147,"nativeDurationMs":120,"nativeOffsetMs":27.472610000520945,"nativeSequence":13,"monotonicTimestampMs":13030716.147}
10-11 15:46:47.224  2422  2607 I ReactNativeJS: [outputs] outputs.hapticSymbol {"timestamp":13030744.922527,"wallClock":1760212007223,"enabled":true,"symbol":".","durationMs":120,"platform":"android","source":"console.replay","correlationId":"console-replay:mgmos56eqxj9mx86","timelineOffsetMs":27.472610000520945}
10-11 15:46:47.225  2422  2607 I ReactNativeJS: [outputs] outputs.flashPulse {"timestamp":13030746.3331,"wallClock":1760212007225,"enabled":true,"durationMs":120,"source":"console.replay","correlationId":"console-replay:mgmos56eqxj9mx86","timelineOffsetMs":27.472610000520945}
10-11 15:46:47.289  2422  2607 I ReactNativeJS: [outputs] outputs.flashPulse.commit {"timestamp":13030809.7981,"wallClock":1760212007288,"durationMs":120,"source":"console.replay","correlationId":"console-replay:mgmos56eqxj9mx86","latencyMs":66.17296900041401,"timelineOffsetMs":27.472610000520945,"leadMs":8,"scheduleSkewMs":74.17296900041401}
10-11 15:46:47.316  2422  9294 D OutputsAudio: [outputs-audio] stop gain=1.000 release=6.00
10-11 15:46:47.437  2422  9294 D OutputsAudio: [outputs-audio] start hz=700.0 gain=1.000 attack=2.50 release=6.00
10-11 15:46:47.447  2422  2607 D OutputsAudio: [outputs-audio] symbol.info sequence=14 symbol=. timestamp=13030958.337 duration=120.000
10-11 15:46:47.451  2422  2607 I ReactNativeJS: [outputs] playMorse.symbol {"timestamp":13030969.347787,"wallClock":1760212007448,"symbol":".","durationMs":120,"index":13,"source":"console.replay","correlationId":"console-replay:mgmos5coxypxvvw7","nativeTimestampMs":13030958.337,"nativeDurationMs":120,"nativeOffsetMs":10.808703999966383,"nativeSequence":14,"monotonicTimestampMs":13030958.337}
10-11 15:46:47.454  2422  2607 I ReactNativeJS: [outputs] outputs.hapticSymbol {"timestamp":13030972.633777,"wallClock":1760212007451,"enabled":true,"symbol":".","durationMs":120,"platform":"android","source":"console.replay","correlationId":"console-replay:mgmos5coxypxvvw7","timelineOffsetMs":10.808703999966383}
10-11 15:46:47.460  2422  2607 I ReactNativeJS: [outputs] outputs.flashPulse {"timestamp":13030979.605704,"wallClock":1760212007458,"enabled":true,"durationMs":120,"source":"console.replay","correlationId":"console-replay:mgmos5coxypxvvw7","timelineOffsetMs":10.808703999966383}
10-11 15:46:47.525  2422  2607 I ReactNativeJS: [outputs] outputs.flashPulse.commit {"timestamp":13031046.238256,"wallClock":1760212007525,"durationMs":120,"source":"console.replay","correlationId":"console-replay:mgmos5coxypxvvw7","latencyMs":77.08604199998081,"timelineOffsetMs":10.808703999966383,"leadMs":8,"scheduleSkewMs":85.08604199998081}
10-11 15:46:47.557  2422  9294 D OutputsAudio: [outputs-audio] stop gain=1.000 release=6.00
10-11 15:46:47.677  2422  9294 D OutputsAudio: [outputs-audio] start hz=700.0 gain=1.000 attack=2.50 release=6.00
10-11 15:46:47.700  2422  2607 D OutputsAudio: [outputs-audio] symbol.info sequence=15 symbol=. timestamp=13031198.965 duration=120.000
10-11 15:46:47.702  2422  2607 I ReactNativeJS: [outputs] playMorse.symbol {"timestamp":13031221.375704,"wallClock":1760212007700,"symbol":".","durationMs":120,"index":14,"source":"console.replay","correlationId":"console-replay:mgmos5jo70oxr7hr","nativeTimestampMs":13031198.965,"nativeDurationMs":120,"nativeOffsetMs":22.311068000271916,"nativeSequence":15,"monotonicTimestampMs":13031198.965}
10-11 15:46:47.703  2422  2607 I ReactNativeJS: [outputs] outputs.hapticSymbol {"timestamp":13031223.514766,"wallClock":1760212007702,"enabled":true,"symbol":".","durationMs":120,"platform":"android","source":"console.replay","correlationId":"console-replay:mgmos5jo70oxr7hr","timelineOffsetMs":22.311068000271916}
10-11 15:46:47.707  2422  2607 I ReactNativeJS: [outputs] outputs.flashPulse {"timestamp":13031227.221121,"wallClock":1760212007706,"enabled":true,"durationMs":120,"source":"console.replay","correlationId":"console-replay:mgmos5jo70oxr7hr","timelineOffsetMs":22.311068000271916}
10-11 15:46:47.765  2422  2607 I ReactNativeJS: [outputs] outputs.flashPulse.commit {"timestamp":13031286.7206,"wallClock":1760212007765,"durationMs":120,"source":"console.replay","correlationId":"console-replay:mgmos5jo70oxr7hr","latencyMs":65.4392709992826,"timelineOffsetMs":22.311068000271916,"leadMs":8,"scheduleSkewMs":73.4392709992826}
10-11 15:46:47.798  2422  9294 D OutputsAudio: [outputs-audio] stop gain=1.000 release=6.00
10-11 15:46:47.918  2422  9294 D OutputsAudio: [outputs-audio] start hz=700.0 gain=1.000 attack=2.50 release=6.00
10-11 15:46:47.944  2422  2607 D OutputsAudio: [outputs-audio] symbol.info sequence=16 symbol=- timestamp=13031440.165 duration=360.000
10-11 15:46:47.948  2422  2607 I ReactNativeJS: [outputs] playMorse.symbol {"timestamp":13031465.805548,"wallClock":1760212007944,"symbol":"-","durationMs":360,"index":15,"source":"console.replay","correlationId":"console-replay:mgmos5qgpo2iu7er","nativeTimestampMs":13031440.165,"nativeDurationMs":360,"nativeOffsetMs":25.496798001229763,"nativeSequence":16,"monotonicTimestampMs":13031440.165}
10-11 15:46:47.950  2422  2607 I ReactNativeJS: [outputs] outputs.hapticSymbol {"timestamp":13031469.917891,"wallClock":1760212007948,"enabled":true,"symbol":"-","durationMs":360,"platform":"android","source":"console.replay","correlationId":"console-replay:mgmos5qgpo2iu7er","timelineOffsetMs":25.496798001229763}
10-11 15:46:47.957  2422  2607 I ReactNativeJS: [outputs] outputs.flashPulse {"timestamp":13031478.085808,"wallClock":1760212007956,"enabled":true,"durationMs":360,"source":"console.replay","correlationId":"console-replay:mgmos5qgpo2iu7er","timelineOffsetMs":25.496798001229763}
10-11 15:46:48.016  2422  2607 I ReactNativeJS: [outputs] outputs.flashPulse.commit {"timestamp":13031537.440912,"wallClock":1760212008016,"durationMs":360,"source":"console.replay","correlationId":"console-replay:mgmos5qgpo2iu7er","latencyMs":71.77421800047159,"timelineOffsetMs":25.496798001229763,"leadMs":8,"scheduleSkewMs":79.77421800047159}
10-11 15:46:48.279  2422  9294 D OutputsAudio: [outputs-audio] stop gain=1.000 release=6.00
10-11 15:46:48.399  2422  9294 D OutputsAudio: [outputs-audio] start hz=700.0 gain=1.000 attack=2.50 release=6.00
10-11 15:46:48.451  2422  2607 D OutputsAudio: [outputs-audio] symbol.info sequence=17 symbol=- timestamp=13031920.714 duration=360.000
10-11 15:46:48.453  2422  2607 I ReactNativeJS: [outputs] playMorse.symbol {"timestamp":13031973.232579,"wallClock":1760212008452,"symbol":"-","durationMs":360,"index":16,"source":"console.replay","correlationId":"console-replay:mgmos64ki3qoc8ms","nativeTimestampMs":13031920.714,"nativeDurationMs":360,"nativeOffsetMs":52.401495000347495,"nativeSequence":17,"monotonicTimestampMs":13031920.714}
10-11 15:46:48.453  2422  2607 I ReactNativeJS: [outputs] outputs.hapticSymbol {"timestamp":13031974.337631,"wallClock":1760212008453,"enabled":true,"symbol":"-","durationMs":360,"platform":"android","source":"console.replay","correlationId":"console-replay:mgmos64ki3qoc8ms","timelineOffsetMs":52.401495000347495}
10-11 15:46:48.455  2422  2607 I ReactNativeJS: [outputs] outputs.flashPulse {"timestamp":13031975.743256,"wallClock":1760212008454,"enabled":true,"durationMs":360,"source":"console.replay","correlationId":"console-replay:mgmos64ki3qoc8ms","timelineOffsetMs":52.401495000347495}
10-11 15:46:48.523  2422  2607 I ReactNativeJS: [outputs] outputs.flashPulse.commit {"timestamp":13032043.879297,"wallClock":1760212008522,"durationMs":360,"source":"console.replay","correlationId":"console-replay:mgmos64ki3qoc8ms","latencyMs":70.75734400004148,"timelineOffsetMs":52.401495000347495,"leadMs":8,"scheduleSkewMs":78.75734400004148}
10-11 15:46:48.760  2422  9294 D OutputsAudio: [outputs-audio] stop gain=1.000 release=6.00
10-11 15:46:48.881  2422  9294 D OutputsAudio: [outputs-audio] start hz=700.0 gain=1.000 attack=2.50 release=6.00
10-11 15:46:48.907  2422  2607 D OutputsAudio: [outputs-audio] symbol.info sequence=18 symbol=- timestamp=13032402.702 duration=360.000
10-11 15:46:48.908  2422  2607 I ReactNativeJS: [outputs] playMorse.symbol {"timestamp":13032428.591849,"wallClock":1760212008907,"symbol":"-","durationMs":360,"index":17,"source":"console.replay","correlationId":"console-replay:mgmos6h7pvg1r62s","nativeTimestampMs":13032402.702,"nativeDurationMs":360,"nativeOffsetMs":25.826568000018597,"nativeSequence":18,"monotonicTimestampMs":13032402.702}
10-11 15:46:48.908  2422  2607 I ReactNativeJS: [outputs] outputs.hapticSymbol {"timestamp":13032429.201537,"wallClock":1760212008908,"enabled":true,"symbol":"-","durationMs":360,"platform":"android","source":"console.replay","correlationId":"console-replay:mgmos6h7pvg1r62s","timelineOffsetMs":25.826568000018597}
10-11 15:46:48.909  2422  2607 I ReactNativeJS: [outputs] outputs.flashPulse {"timestamp":13032430.012995,"wallClock":1760212008908,"enabled":true,"durationMs":360,"source":"console.replay","correlationId":"console-replay:mgmos6h7pvg1r62s","timelineOffsetMs":25.826568000018597}
10-11 15:46:48.959  2422  2607 I ReactNativeJS: [outputs] outputs.flashPulse.commit {"timestamp":13032480.306068,"wallClock":1760212008959,"durationMs":360,"source":"console.replay","correlationId":"console-replay:mgmos6h7pvg1r62s","latencyMs":51.772917000576854,"timelineOffsetMs":25.826568000018597,"leadMs":8,"scheduleSkewMs":59.772917000576854}
10-11 15:46:49.242  2422  9294 D OutputsAudio: [outputs-audio] stop gain=1.000 release=6.00
10-11 15:46:49.363  2422  9294 D OutputsAudio: [outputs-audio] start hz=700.0 gain=1.000 attack=2.50 release=6.00
