10-11 13:38:02.970 11634 11711 I ReactNativeJS: [outputs] outputs.flashPulse {"timestamp":5306490.558703,"wallClock":1760204282969,"enabled":true,"durationMs":40,"source":"console.replay","correlationId":"console-replay:mgmk6l3qoqhvbyvm","timelineOffsetMs":3.852421000599861}
10-11 13:38:03.003 11634 12119 D OutputsAudio: [outputs-audio] stop gain=1.000 release=6.00
10-11 13:38:03.028 11634 11711 I ReactNativeJS: [outputs] outputs.flashPulse.commit {"timestamp":5306549.052349,"wallClock":1760204283027,"durationMs":40,"source":"console.replay","correlationId":"console-replay:mgmk6l3qoqhvbyvm","latencyMs":61.40723999962211,"timelineOffsetMs":3.852421000599861}
10-11 13:38:03.044 11634 12119 D OutputsAudio: [outputs-audio] start hz=700.0 gain=1.000 attack=2.50 release=6.00
10-11 13:38:03.072 11634 11711 D OutputsAudio: [outputs-audio] symbol.info sequence=14 symbol=. timestamp=5306565.799 duration=40.000
10-11 13:38:03.072 11634 11711 I ReactNativeJS: [outputs] playMorse.symbol {"timestamp":5306593.660734,"wallClock":1760204283072,"symbol":".","durationMs":40,"index":13,"source":"console.replay","correlationId":"console-replay:mgmk6l6oasg97ugl","nativeTimestampMs":5306565.799,"nativeDurationMs":40,"nativeOffsetMs":27.814598999917507,"nativeSequence":14,"monotonicTimestampMs":5306565.799}
10-11 13:38:03.073 11634 11711 I ReactNativeJS: [outputs] outputs.hapticSymbol {"timestamp":5306594.126099,"wallClock":1760204283072,"enabled":true,"symbol":".","durationMs":40,"platform":"android","source":"console.replay","correlationId":"console-replay:mgmk6l6oasg97ugl","timelineOffsetMs":27.814598999917507}
10-11 13:38:03.073 11634 11711 I ReactNativeJS: [outputs] outputs.flashPulse {"timestamp":5306594.719328,"wallClock":1760204283073,"enabled":true,"durationMs":40,"source":"console.replay","correlationId":"console-replay:mgmk6l6oasg97ugl","timelineOffsetMs":27.814598999917507}
10-11 13:38:03.085 11634 12119 D OutputsAudio: [outputs-audio] stop gain=1.000 release=6.00
10-11 13:38:03.126 11634 12119 D OutputsAudio: [outputs-audio] start hz=700.0 gain=1.000 attack=2.50 release=6.00
10-11 13:38:03.131 11634 11711 I ReactNativeJS: [outputs] outputs.flashPulse.commit {"timestamp":5306652.245578,"wallClock":1760204283131,"durationMs":40,"source":"console.replay","correlationId":"console-replay:mgmk6l6oasg97ugl","latencyMs":58.627552000805736,"timelineOffsetMs":27.814598999917507}
10-11 13:38:03.166 11634 12119 D OutputsAudio: [outputs-audio] stop gain=1.000 release=6.00
10-11 13:38:03.181 11634 11711 D OutputsAudio: [outputs-audio] symbol.info sequence=15 symbol=. timestamp=5306647.295 duration=40.000
10-11 13:38:03.181 11634 11711 I ReactNativeJS: [outputs] playMorse.symbol {"timestamp":5306702.239432,"wallClock":1760204283181,"symbol":".","durationMs":40,"index":14,"source":"console.replay","correlationId":"console-replay:mgmk6l9pq0532psh","nativeTimestampMs":5306647.295,"nativeDurationMs":40,"nativeOffsetMs":54.89625500049442,"nativeSequence":15,"monotonicTimestampMs":5306647.295}
10-11 13:38:03.181 11634 11711 I ReactNativeJS: [outputs] outputs.hapticSymbol {"timestamp":5306702.703546,"wallClock":1760204283181,"enabled":true,"symbol":".","durationMs":40,"platform":"android","source":"console.replay","correlationId":"console-replay:mgmk6l9pq0532psh","timelineOffsetMs":54.89625500049442}
10-11 13:38:03.182 11634 11711 I ReactNativeJS: [outputs] outputs.flashPulse {"timestamp":5306703.326932,"wallClock":1760204283182,"enabled":true,"durationMs":40,"source":"console.replay","correlationId":"console-replay:mgmk6l9pq0532psh","timelineOffsetMs":54.89625500049442}
10-11 13:38:03.207 11634 12119 D OutputsAudio: [outputs-audio] start hz=700.0 gain=1.000 attack=2.50 release=6.00
10-11 13:38:03.235 11634 11711 I ReactNativeJS: [outputs] outputs.flashPulse.commit {"timestamp":5306756.449067,"wallClock":1760204283235,"durationMs":40,"source":"console.replay","correlationId":"console-replay:mgmk6l9pq0532psh","latencyMs":54.253332999534905,"timelineOffsetMs":54.89625500049442}
10-11 13:38:03.282 11634 11711 D OutputsAudio: [outputs-audio] symbol.info sequence=16 symbol=- timestamp=5306728.331 duration=120.000
10-11 13:38:03.283 11634 11711 I ReactNativeJS: [outputs] playMorse.symbol {"timestamp":5306804.114744,"wallClock":1760204283282,"symbol":"-","durationMs":120,"index":15,"source":"console.replay","correlationId":"console-replay:mgmk6lcioz42w51c","nativeTimestampMs":5306728.331,"nativeDurationMs":120,"nativeOffsetMs":75.73155699949712,"nativeSequence":16,"monotonicTimestampMs":5306728.331}
10-11 13:38:03.283 11634 11711 I ReactNativeJS: [outputs] outputs.hapticSymbol {"timestamp":5306804.594223,"wallClock":1760204283283,"enabled":true,"symbol":"-","durationMs":120,"platform":"android","source":"console.replay","correlationId":"console-replay:mgmk6lcioz42w51c","timelineOffsetMs":75.73155699949712}
10-11 13:38:03.284 11634 11711 I ReactNativeJS: [outputs] outputs.flashPulse {"timestamp":5306805.211098,"wallClock":1760204283284,"enabled":true,"durationMs":120,"source":"console.replay","correlationId":"console-replay:mgmk6lcioz42w51c","timelineOffsetMs":75.73155699949712}
10-11 13:38:03.327 11634 12119 D OutputsAudio: [outputs-audio] stop gain=1.000 release=6.00
10-11 13:38:03.341 11634 11711 I ReactNativeJS: [outputs] outputs.flashPulse.commit {"timestamp":5306862.65589,"wallClock":1760204283341,"durationMs":120,"source":"console.replay","correlationId":"console-replay:mgmk6lcioz42w51c","latencyMs":58.58911400008947,"timelineOffsetMs":75.73155699949712}
10-11 13:38:03.369 11634 12119 D OutputsAudio: [outputs-audio] start hz=700.0 gain=1.000 attack=2.50 release=6.00
10-11 13:38:03.390 11634 11711 D OutputsAudio: [outputs-audio] symbol.info sequence=17 symbol=- timestamp=5306890.421 duration=120.000
10-11 13:38:03.392 11634 11711 I ReactNativeJS: [outputs] playMorse.symbol {"timestamp":5306912.184432,"wallClock":1760204283391,"symbol":"-","durationMs":120,"index":16,"source":"console.replay","correlationId":"console-replay:mgmk6lfihe79ztip","nativeTimestampMs":5306890.421,"nativeDurationMs":120,"nativeOffsetMs":21.54468199983239,"nativeSequence":17,"monotonicTimestampMs":5306890.421}
10-11 13:38:03.393 11634 11711 I ReactNativeJS: [outputs] outputs.hapticSymbol {"timestamp":5306913.415942,"wallClock":1760204283392,"enabled":true,"symbol":"-","durationMs":120,"platform":"android","source":"console.replay","correlationId":"console-replay:mgmk6lfihe79ztip","timelineOffsetMs":21.54468199983239}
10-11 13:38:03.394 11634 11711 I ReactNativeJS: [outputs] outputs.flashPulse {"timestamp":5306915.046723,"wallClock":1760204283393,"enabled":true,"durationMs":120,"source":"console.replay","correlationId":"console-replay:mgmk6lfihe79ztip","timelineOffsetMs":21.54468199983239}
10-11 13:38:03.447 11634 11711 I ReactNativeJS: [outputs] outputs.flashPulse.commit {"timestamp":5306968.276515,"wallClock":1760204283447,"durationMs":120,"source":"console.replay","correlationId":"console-replay:mgmk6lfihe79ztip","latencyMs":56.30656199995428,"timelineOffsetMs":21.54468199983239}
10-11 13:38:03.489 11634 12119 D OutputsAudio: [outputs-audio] stop gain=1.000 release=6.00
10-11 13:38:03.530 11634 12119 D OutputsAudio: [outputs-audio] start hz=700.0 gain=1.000 attack=2.50 release=6.00
10-11 13:38:03.544 11634 11711 D OutputsAudio: [outputs-audio] symbol.info sequence=18 symbol=- timestamp=5307051.646 duration=120.000
10-11 13:38:03.545 11634 11711 I ReactNativeJS: [outputs] playMorse.symbol {"timestamp":5307065.82589,"wallClock":1760204283544,"symbol":"-","durationMs":120,"index":17,"source":"console.replay","correlationId":"console-replay:mgmk6ljskk18oazw","nativeTimestampMs":5307051.646,"nativeDurationMs":120,"nativeOffsetMs":14.110984000377357,"nativeSequence":18,"monotonicTimestampMs":5307051.646}
10-11 13:38:03.545 11634 11711 I ReactNativeJS: [outputs] outputs.hapticSymbol {"timestamp":5307066.53438,"wallClock":1760204283545,"enabled":true,"symbol":"-","durationMs":120,"platform":"android","source":"console.replay","correlationId":"console-replay:mgmk6ljskk18oazw","timelineOffsetMs":14.110984000377357}
10-11 13:38:03.546 11634 11711 I ReactNativeJS: [outputs] outputs.flashPulse {"timestamp":5307067.447713,"wallClock":1760204283546,"enabled":true,"durationMs":120,"source":"console.replay","correlationId":"console-replay:mgmk6ljskk18oazw","timelineOffsetMs":14.110984000377357}
10-11 13:38:03.602 11634 11711 I ReactNativeJS: [outputs] outputs.flashPulse.commit {"timestamp":5307123.110525,"wallClock":1760204283601,"durationMs":120,"source":"console.replay","correlationId":"console-replay:mgmk6ljskk18oazw","latencyMs":57.34921899996698,"timelineOffsetMs":14.110984000377357}
10-11 13:38:03.651 11634 12119 D OutputsAudio: [outputs-audio] stop gain=1.000 release=6.00
10-11 13:38:03.692 11634 12119 D OutputsAudio: [outputs-audio] start hz=700.0 gain=1.000 attack=2.50 release=6.00
10-11 13:38:03.702 11634 11711 D OutputsAudio: [outputs-audio] symbol.info sequence=19 symbol=. timestamp=5307213.332 duration=40.000
10-11 13:38:03.702 11634 11711 I ReactNativeJS: [outputs] playMorse.symbol {"timestamp":5307223.24313,"wallClock":1760204283702,"symbol":".","durationMs":40,"index":18,"source":"console.replay","correlationId":"console-replay:mgmk6lo67kgn3pht","nativeTimestampMs":5307213.332,"nativeDurationMs":40,"nativeOffsetMs":9.851285999640822,"nativeSequence":19,"monotonicTimestampMs":5307213.332}
10-11 13:38:03.703 11634 11711 I ReactNativeJS: [outputs] outputs.hapticSymbol {"timestamp":5307223.832348,"wallClock":1760204283702,"enabled":true,"symbol":".","durationMs":40,"platform":"android","source":"console.replay","correlationId":"console-replay:mgmk6lo67kgn3pht","timelineOffsetMs":9.851285999640822}
10-11 13:38:03.703 11634 11711 I ReactNativeJS: [outputs] outputs.flashPulse {"timestamp":5307224.666411,"wallClock":1760204283703,"enabled":true,"durationMs":40,"source":"console.replay","correlationId":"console-replay:mgmk6lo67kgn3pht","timelineOffsetMs":9.851285999640822}
10-11 13:38:03.733 11634 12119 D OutputsAudio: [outputs-audio] stop gain=1.000 release=6.00
10-11 13:38:03.753 11634 11711 I ReactNativeJS: [outputs] outputs.flashPulse.commit {"timestamp":5307274.759952,"wallClock":1760204283753,"durationMs":40,"source":"console.replay","correlationId":"console-replay:mgmk6lo67kgn3pht","latencyMs":51.571979000233114,"timelineOffsetMs":9.851285999640822}
10-11 13:38:03.773 11634 12119 D OutputsAudio: [outputs-audio] start hz=700.0 gain=1.000 attack=2.50 release=6.00
10-11 13:38:03.797 11634 11711 D OutputsAudio: [outputs-audio] symbol.info sequence=20 symbol=. timestamp=5307294.803 duration=40.000
10-11 13:38:03.797 11634 11711 I ReactNativeJS: [outputs] playMorse.symbol {"timestamp":5307318.475942,"wallClock":1760204283797,"symbol":".","durationMs":40,"index":19,"source":"console.replay","correlationId":"console-replay:mgmk6lqt7r4ufq8h","nativeTimestampMs":5307294.803,"nativeDurationMs":40,"nativeOffsetMs":23.624347999691963,"nativeSequence":20,"monotonicTimestampMs":5307294.803}
10-11 13:38:03.798 11634 11711 I ReactNativeJS: [outputs] outputs.hapticSymbol {"timestamp":5307318.955786,"wallClock":1760204283797,"enabled":true,"symbol":".","durationMs":40,"platform":"android","source":"console.replay","correlationId":"console-replay:mgmk6lqt7r4ufq8h","timelineOffsetMs":23.624347999691963}
10-11 13:38:03.798 11634 11711 I ReactNativeJS: [outputs] outputs.flashPulse {"timestamp":5307319.593859,"wallClock":1760204283798,"enabled":true,"durationMs":40,"source":"console.replay","correlationId":"console-replay:mgmk6lqt7r4ufq8h","timelineOffsetMs":23.624347999691963}
10-11 13:38:03.814 11634 12119 D OutputsAudio: [outputs-audio] stop gain=1.000 release=6.00
10-11 13:38:03.854 11634 12119 D OutputsAudio: [outputs-audio] start hz=700.0 gain=1.000 attack=2.50 release=6.00
10-11 13:38:03.855 11634 11711 I ReactNativeJS: [outputs] outputs.flashPulse.commit {"timestamp":5307375.70964,"wallClock":1760204283854,"durationMs":40,"source":"console.replay","correlationId":"console-replay:mgmk6lqt7r4ufq8h","latencyMs":57.277917000465095,"timelineOffsetMs":23.624347999691963}
10-11 13:38:03.895 11634 12119 D OutputsAudio: [outputs-audio] stop gain=1.000 release=6.00
10-11 13:38:03.904 11634 11711 D OutputsAudio: [outputs-audio] symbol.info sequence=21 symbol=. timestamp=5307376.182 duration=40.000
10-11 13:38:03.905 11634 11711 I ReactNativeJS: [outputs] playMorse.symbol {"timestamp":5307425.814484,"wallClock":1760204283904,"symbol":".","durationMs":40,"index":20,"source":"console.replay","correlationId":"console-replay:mgmk6ltsom8ep6ar","nativeTimestampMs":5307376.182,"nativeDurationMs":40,"nativeOffsetMs":49.58399400021881,"nativeSequence":21,"monotonicTimestampMs":5307376.182}
10-11 13:38:03.905 11634 11711 I ReactNativeJS: [outputs] outputs.hapticSymbol {"timestamp":5307426.299744,"wallClock":1760204283905,"enabled":true,"symbol":".","durationMs":40,"platform":"android","source":"console.replay","correlationId":"console-replay:mgmk6ltsom8ep6ar","timelineOffsetMs":49.58399400021881}
10-11 13:38:03.905 11634 11711 I ReactNativeJS: [outputs] outputs.flashPulse {"timestamp":5307426.908494,"wallClock":1760204283905,"enabled":true,"durationMs":40,"source":"console.replay","correlationId":"console-replay:mgmk6ltsom8ep6ar","timelineOffsetMs":49.58399400021881}
10-11 13:38:03.936 11634 12119 D OutputsAudio: [outputs-audio] start hz=700.0 gain=1.000 attack=2.50 release=6.00
10-11 13:38:03.961 11634 11711 I ReactNativeJS: [outputs] outputs.flashPulse.commit {"timestamp":5307482.517973,"wallClock":1760204283961,"durationMs":40,"source":"console.replay","correlationId":"console-replay:mgmk6ltsom8ep6ar","latencyMs":56.74770799931139,"timelineOffsetMs":49.58399400021881}
10-11 13:38:04.004 11634 11711 D OutputsAudio: [outputs-audio] symbol.info sequence=22 symbol=- timestamp=5307457.488 duration=120.000
10-11 13:38:04.005 11634 11711 I ReactNativeJS: [outputs] playMorse.symbol {"timestamp":5307526.074484,"wallClock":1760204284004,"symbol":"-","durationMs":120,"index":21,"source":"console.replay","correlationId":"console-replay:mgmk6lwkd89z8hfd","nativeTimestampMs":5307457.488,"nativeDurationMs":120,"nativeOffsetMs":68.53768200054765,"nativeSequence":22,"monotonicTimestampMs":5307457.488}
10-11 13:38:04.005 11634 11711 I ReactNativeJS: [outputs] outputs.hapticSymbol {"timestamp":5307526.551254,"wallClock":1760204284005,"enabled":true,"symbol":"-","durationMs":120,"platform":"android","source":"console.replay","correlationId":"console-replay:mgmk6lwkd89z8hfd","timelineOffsetMs":68.53768200054765}
10-11 13:38:04.006 11634 11711 I ReactNativeJS: [outputs] outputs.flashPulse {"timestamp":5307527.186827,"wallClock":1760204284006,"enabled":true,"durationMs":120,"source":"console.replay","correlationId":"console-replay:mgmk6lwkd89z8hfd","timelineOffsetMs":68.53768200054765}
10-11 13:38:04.057 11634 12119 D OutputsAudio: [outputs-audio] stop gain=1.000 release=6.00
10-11 13:38:04.065 11634 11711 I ReactNativeJS: [outputs] outputs.flashPulse.commit {"timestamp":5307586.040942,"wallClock":1760204284064,"durationMs":120,"source":"console.replay","correlationId":"console-replay:mgmk6lwkd89z8hfd","latencyMs":60.010988999158144,"timelineOffsetMs":68.53768200054765}
10-11 13:38:04.097 11634 12119 D OutputsAudio: [outputs-audio] start hz=700.0 gain=1.000 attack=2.50 release=6.00
10-11 13:38:04.109 11634 11711 D OutputsAudio: [outputs-audio] symbol.info sequence=23 symbol=- timestamp=5307619.335 duration=120.000
10-11 13:38:04.109 11634 11711 I ReactNativeJS: [outputs] playMorse.symbol {"timestamp":5307630.402192,"wallClock":1760204284109,"symbol":"-","durationMs":120,"index":22,"source":"console.replay","correlationId":"console-replay:mgmk6lzh3mdls98b","nativeTimestampMs":5307619.335,"nativeDurationMs":120,"nativeOffsetMs":11.02047299966216,"nativeSequence":23,"monotonicTimestampMs":5307619.335}
10-11 13:38:04.110 11634 11711 I ReactNativeJS: [outputs] outputs.hapticSymbol {"timestamp":5307630.880734,"wallClock":1760204284109,"enabled":true,"symbol":"-","durationMs":120,"platform":"android","source":"console.replay","correlationId":"console-replay:mgmk6lzh3mdls98b","timelineOffsetMs":11.02047299966216}
10-11 13:38:04.110 11634 11711 I ReactNativeJS: [outputs] outputs.flashPulse {"timestamp":5307631.533859,"wallClock":1760204284110,"enabled":true,"durationMs":120,"source":"console.replay","correlationId":"console-replay:mgmk6lzh3mdls98b","timelineOffsetMs":11.02047299966216}
10-11 13:38:04.162 11634 11711 I ReactNativeJS: [outputs] outputs.flashPulse.commit {"timestamp":5307682.915577,"wallClock":1760204284161,"durationMs":120,"source":"console.replay","correlationId":"console-replay:mgmk6lzh3mdls98b","latencyMs":52.556146000511944,"timelineOffsetMs":11.02047299966216}
10-11 13:38:04.219 11634 12119 D OutputsAudio: [outputs-audio] stop gain=1.000 release=6.00
10-11 13:38:04.259 11634 12119 D OutputsAudio: [outputs-audio] start hz=700.0 gain=1.000 attack=2.50 release=6.00
10-11 13:38:04.269 11634 11711 D OutputsAudio: [outputs-audio] symbol.info sequence=24 symbol=- timestamp=5307781.045 duration=120.000
10-11 13:38:04.272 11634 11711 I ReactNativeJS: [outputs] playMorse.symbol {"timestamp":5307791.056411,"wallClock":1760204284269,"symbol":"-","durationMs":120,"index":23,"source":"console.replay","correlationId":"console-replay:mgmk6m3xn7pcko1k","nativeTimestampMs":5307781.045,"nativeDurationMs":120,"nativeOffsetMs":9.921411000192165,"nativeSequence":24,"monotonicTimestampMs":5307781.045}
10-11 13:38:04.273 11634 11711 I ReactNativeJS: [outputs] outputs.hapticSymbol {"timestamp":5307793.757608,"wallClock":1760204284272,"enabled":true,"symbol":"-","durationMs":120,"platform":"android","source":"console.replay","correlationId":"console-replay:mgmk6m3xn7pcko1k","timelineOffsetMs":9.921411000192165}
10-11 13:38:04.277 11634 11711 I ReactNativeJS: [outputs] outputs.flashPulse {"timestamp":5307797.169744,"wallClock":1760204284276,"enabled":true,"durationMs":120,"source":"console.replay","correlationId":"console-replay:mgmk6m3xn7pcko1k","timelineOffsetMs":9.921411000192165}
10-11 13:38:04.338 11634 11711 I ReactNativeJS: [outputs] outputs.flashPulse.commit {"timestamp":5307859.361879,"wallClock":1760204284338,"durationMs":120,"source":"console.replay","correlationId":"console-replay:mgmk6m3xn7pcko1k","latencyMs":68.39057200029492,"timelineOffsetMs":9.921411000192165}
10-11 13:38:04.380 11634 12119 D OutputsAudio: [outputs-audio] stop gain=1.000 release=6.00
10-11 13:38:04.420 11634 12119 D OutputsAudio: [outputs-audio] start hz=700.0 gain=1.000 attack=2.50 release=6.00
10-11 13:38:04.428 11634 11711 D OutputsAudio: [outputs-audio] symbol.info sequence=25 symbol=. timestamp=5307942.215 duration=40.000
10-11 13:38:04.429 11634 11711 I ReactNativeJS: [outputs] playMorse.symbol {"timestamp":5307949.86865,"wallClock":1760204284428,"symbol":".","durationMs":40,"index":24,"source":"console.replay","correlationId":"console-replay:mgmk6m8cpwi6184r","nativeTimestampMs":5307942.215,"nativeDurationMs":40,"nativeOffsetMs":7.584431000053883,"nativeSequence":25,"monotonicTimestampMs":5307942.215}
10-11 13:38:04.429 11634 11711 I ReactNativeJS: [outputs] outputs.hapticSymbol {"timestamp":5307950.577765,"wallClock":1760204284429,"enabled":true,"symbol":".","durationMs":40,"platform":"android","source":"console.replay","correlationId":"console-replay:mgmk6m8cpwi6184r","timelineOffsetMs":7.584431000053883}
10-11 13:38:04.430 11634 11711 I ReactNativeJS: [outputs] outputs.flashPulse {"timestamp":5307951.580994,"wallClock":1760204284430,"enabled":true,"durationMs":40,"source":"console.replay","correlationId":"console-replay:mgmk6m8cpwi6184r","timelineOffsetMs":7.584431000053883}
10-11 13:38:04.461 11634 12119 D OutputsAudio: [outputs-audio] stop gain=1.000 release=6.00
10-11 13:38:04.501 11634 12119 D OutputsAudio: [outputs-audio] start hz=700.0 gain=1.000 attack=2.50 release=6.00
10-11 13:38:04.506 11634 11711 I ReactNativeJS: [outputs] outputs.flashPulse.commit {"timestamp":5308027.618338,"wallClock":1760204284506,"durationMs":40,"source":"console.replay","correlationId":"console-replay:mgmk6m8cpwi6184r","latencyMs":77.81364599987864,"timelineOffsetMs":7.584431000053883}
10-11 13:38:04.542 11634 12119 D OutputsAudio: [outputs-audio] stop gain=1.000 release=6.00
10-11 13:38:04.550 11634 11711 D OutputsAudio: [outputs-audio] symbol.info sequence=26 symbol=. timestamp=5308023.007 duration=40.000
10-11 13:38:04.550 11634 11711 I ReactNativeJS: [outputs] playMorse.symbol {"timestamp":5308071.427035,"wallClock":1760204284550,"symbol":".","durationMs":40,"index":25,"source":"console.replay","correlationId":"console-replay:mgmk6mbqp79vrpip","nativeTimestampMs":5308023.007,"nativeDurationMs":40,"nativeOffsetMs":48.369098000228405,"nativeSequence":26,"monotonicTimestampMs":5308023.007}
10-11 13:38:04.551 11634 11711 I ReactNativeJS: [outputs] outputs.hapticSymbol {"timestamp":5308071.928233,"wallClock":1760204284550,"enabled":true,"symbol":".","durationMs":40,"platform":"android","source":"console.replay","correlationId":"console-replay:mgmk6mbqp79vrpip","timelineOffsetMs":48.369098000228405}
10-11 13:38:04.551 11634 11711 I ReactNativeJS: [outputs] outputs.flashPulse {"timestamp":5308072.631775,"wallClock":1760204284551,"enabled":true,"durationMs":40,"source":"console.replay","correlationId":"console-replay:mgmk6mbqp79vrpip","timelineOffsetMs":48.369098000228405}
10-11 13:38:04.582 11634 12119 D OutputsAudio: [outputs-audio] start hz=700.0 gain=1.000 attack=2.50 release=6.00
10-11 13:38:04.611 11634 11711 I ReactNativeJS: [outputs] outputs.flashPulse.commit {"timestamp":5308132.186254,"wallClock":1760204284611,"durationMs":40,"source":"console.replay","correlationId":"console-replay:mgmk6mbqp79vrpip","latencyMs":60.805520999245346,"timelineOffsetMs":48.369098000228405}
10-11 13:38:04.623 11634 12119 D OutputsAudio: [outputs-audio] stop gain=1.000 release=6.00
10-11 13:38:04.662 11634 11711 D OutputsAudio: [outputs-audio] symbol.info sequence=27 symbol=. timestamp=5308104.165 duration=40.000
10-11 13:38:04.662 11634 11711 I ReactNativeJS: [outputs] playMorse.symbol {"timestamp":5308183.293806,"wallClock":1760204284662,"symbol":".","durationMs":40,"index":26,"source":"console.replay","correlationId":"console-replay:mgmk6meu5nw4njpi","nativeTimestampMs":5308104.165,"nativeDurationMs":40,"nativeOffsetMs":79.07953500002623,"nativeSequence":27,"monotonicTimestampMs":5308104.165}
10-11 13:38:04.663 11634 11711 I ReactNativeJS: [outputs] outputs.hapticSymbol {"timestamp":5308183.791931,"wallClock":1760204284662,"enabled":true,"symbol":".","durationMs":40,"platform":"android","source":"console.replay","correlationId":"console-replay:mgmk6meu5nw4njpi","timelineOffsetMs":79.07953500002623}
10-11 13:38:04.663 11634 11711 I ReactNativeJS: [outputs] outputs.flashPulse {"timestamp":5308184.531515,"wallClock":1760204284663,"enabled":true,"durationMs":40,"source":"console.replay","correlationId":"console-replay:mgmk6meu5nw4njpi","timelineOffsetMs":79.07953500002623}
10-11 13:38:04.664 11634 12119 D OutputsAudio: [outputs-audio] stop gain=0.000 release=6.00
10-11 13:38:04.664 11634 12119 D OutputsAudio: [outputs-audio] playMorse.end cancelled=0
10-11 13:38:04.713 11634 11711 I ReactNativeJS: [outputs] playMorse.complete {"timestamp":5308234.342244,"wallClock":1760204284713,"durationMs":3347.283852000721,"source":"console.replay","audioEnabled":true,"audioVolumePercent":100}
10-11 13:38:04.756 11634 11711 I ReactNativeJS: [outputs] outputs.flashPulse.commit {"timestamp":5308277.610681,"wallClock":1760204284756,"durationMs":40,"source":"console.replay","correlationId":"console-replay:mgmk6meu5nw4njpi","latencyMs":94.36203199997544,"timelineOffsetMs":79.07953500002623}
10-11 13:38:08.171 11634 11711 I ReactNativeJS: [outputs] playMorse.start {"timestamp":5311691.815367,"wallClock":1760204288170,"unitMs":34,"length":28,"source":"console.replay","audioEnabled":true,"audioVolumePercent":100}
10-11 13:38:08.286 11634 11711 D OutputsAudio: [outputs-audio] warmup hz=700.0
10-11 13:38:08.286 11634 12155 D OutputsAudio: [outputs-audio] playMorse.start count=27 unit=34.0
10-11 13:38:08.286 11634 12155 D OutputsAudio: [outputs-audio] start hz=700.0 gain=1.000 attack=2.50 release=6.00
10-11 13:38:08.309 11634 11711 D OutputsAudio: [outputs-audio] symbol.info sequence=1 symbol=. timestamp=5311808.105 duration=34.000
10-11 13:38:08.310 11634 11711 I ReactNativeJS: [outputs] playMorse.symbol {"timestamp":5311830.422919,"wallClock":1760204288309,"symbol":".","durationMs":34,"index":0,"source":"console.replay","correlationId":"console-replay:mgmk6p85fbddrwi6","nativeTimestampMs":5311808.105,"nativeDurationMs":34,"nativeOffsetMs":22.228283999487758,"nativeSequence":1,"monotonicTimestampMs":5311808.105}
10-11 13:38:08.310 11634 11711 I ReactNativeJS: [outputs] outputs.hapticSymbol {"timestamp":5311831.409013,"wallClock":1760204288310,"enabled":true,"symbol":".","durationMs":34,"platform":"android","source":"console.replay","correlationId":"console-replay:mgmk6p85fbddrwi6","timelineOffsetMs":22.228283999487758}
10-11 13:38:08.311 11634 11711 I ReactNativeJS: [outputs] outputs.flashPulse {"timestamp":5311832.676097,"wallClock":1760204288311,"enabled":true,"durationMs":34,"source":"console.replay","correlationId":"console-replay:mgmk6p85fbddrwi6","timelineOffsetMs":22.228283999487758}
10-11 13:38:08.321 11634 12155 D OutputsAudio: [outputs-audio] stop gain=1.000 release=6.00
10-11 13:38:08.356 11634 12155 D OutputsAudio: [outputs-audio] start hz=700.0 gain=1.000 attack=2.50 release=6.00
10-11 13:38:08.370 11634 11711 I ReactNativeJS: [outputs] outputs.flashPulse.commit {"timestamp":5311890.915732,"wallClock":1760204288369,"durationMs":34,"source":"console.replay","correlationId":"console-replay:mgmk6p85fbddrwi6","latencyMs":60.57791700027883,"timelineOffsetMs":22.228283999487758}
10-11 13:38:08.391 11634 12155 D OutputsAudio: [outputs-audio] stop gain=1.000 release=6.00
10-11 13:38:08.419 11634 11711 D OutputsAudio: [outputs-audio] symbol.info sequence=2 symbol=. timestamp=5311877.923 duration=34.000
10-11 13:38:08.420 11634 11711 I ReactNativeJS: [outputs] playMorse.symbol {"timestamp":5311940.736461,"wallClock":1760204288419,"symbol":".","durationMs":34,"index":1,"source":"console.replay","correlationId":"console-replay:mgmk6pb7zd8dqjod","nativeTimestampMs":5311877.923,"nativeDurationMs":34,"nativeOffsetMs":62.76366900000721,"nativeSequence":2,"monotonicTimestampMs":5311877.923}
10-11 13:38:08.420 11634 11711 I ReactNativeJS: [outputs] outputs.hapticSymbol {"timestamp":5311941.238805,"wallClock":1760204288420,"enabled":true,"symbol":".","durationMs":34,"platform":"android","source":"console.replay","correlationId":"console-replay:mgmk6pb7zd8dqjod","timelineOffsetMs":62.76366900000721}
10-11 13:38:08.420 11634 11711 I ReactNativeJS: [outputs] outputs.flashPulse {"timestamp":5311941.842034,"wallClock":1760204288420,"enabled":true,"durationMs":34,"source":"console.replay","correlationId":"console-replay:mgmk6pb7zd8dqjod","timelineOffsetMs":62.76366900000721}
10-11 13:38:08.425 11634 12155 D OutputsAudio: [outputs-audio] start hz=700.0 gain=1.000 attack=2.50 release=6.00
10-11 13:38:08.461 11634 12155 D OutputsAudio: [outputs-audio] stop gain=1.000 release=6.00
10-11 13:38:08.479 11634 11711 D OutputsAudio: [outputs-audio] symbol.info sequence=3 symbol=. timestamp=5311947.739 duration=34.000
10-11 13:38:08.479 11634 11711 I ReactNativeJS: [outputs] playMorse.symbol {"timestamp":5312000.546096,"wallClock":1760204288479,"symbol":".","durationMs":34,"index":2,"source":"console.replay","correlationId":"console-replay:mgmk6pcvwfsuqo9z","nativeTimestampMs":5311947.739,"nativeDurationMs":34,"nativeOffsetMs":52.7660550000146,"nativeSequence":3,"monotonicTimestampMs":5311947.739}
10-11 13:38:08.480 11634 11711 I ReactNativeJS: [outputs] outputs.hapticSymbol {"timestamp":5312001.045055,"wallClock":1760204288479,"enabled":true,"symbol":".","durationMs":34,"platform":"android","source":"console.replay","correlationId":"console-replay:mgmk6pcvwfsuqo9z","timelineOffsetMs":52.7660550000146}
10-11 13:38:08.480 11634 11711 I ReactNativeJS: [outputs] outputs.flashPulse {"timestamp":5312001.655055,"wallClock":1760204288480,"enabled":true,"durationMs":34,"source":"console.replay","correlationId":"console-replay:mgmk6pcvwfsuqo9z","timelineOffsetMs":52.7660550000146}
10-11 13:38:08.496 11634 12155 D OutputsAudio: [outputs-audio] start hz=700.0 gain=1.000 attack=2.50 release=6.00
10-11 13:38:08.537 11634 11711 I ReactNativeJS: [outputs] outputs.flashPulse.commit {"timestamp":5312058.141044,"wallClock":1760204288537,"durationMs":34,"source":"console.replay","correlationId":"console-replay:mgmk6pb7zd8dqjod","latencyMs":117.44932299945503,"timelineOffsetMs":62.76366900000721}
10-11 13:38:08.594 11634 11711 I ReactNativeJS: [outputs] outputs.flashPulse.commit {"timestamp":5312115.579065,"wallClock":1760204288594,"durationMs":34,"source":"console.replay","correlationId":"console-replay:mgmk6pcvwfsuqo9z","latencyMs":115.06807299982756,"timelineOffsetMs":52.7660550000146}
10-11 13:38:08.598 11634 12155 D OutputsAudio: [outputs-audio] stop gain=1.000 release=6.00
10-11 13:38:08.633 11634 12155 D OutputsAudio: [outputs-audio] start hz=700.0 gain=1.000 attack=2.50 release=6.00
10-11 13:38:08.642 11634 11711 D OutputsAudio: [outputs-audio] symbol.info sequence=5 symbol=- timestamp=5312155.041 duration=102.000
10-11 13:38:08.645 11634 11711 W ReactNativeJS: '[outputs-audio] native sequence jump', { previous: 3, next: 5, delta: 2 }
10-11 13:38:08.648 11634 11711 I ReactNativeJS: [outputs] playMorse.symbol {"timestamp":5312169.119169,"wallClock":1760204288647,"symbol":"-","durationMs":102,"index":3,"source":"console.replay","correlationId":"console-replay:mgmk6phjekvvmk3m","nativeTimestampMs":5312155.041,"nativeDurationMs":102,"nativeOffsetMs":13.998793999664485,"nativeSequence":5,"monotonicTimestampMs":5312155.041}
10-11 13:38:08.648 11634 11711 I ReactNativeJS: [outputs] outputs.hapticSymbol {"timestamp":5312169.554065,"wallClock":1760204288648,"enabled":true,"symbol":"-","durationMs":102,"platform":"android","source":"console.replay","correlationId":"console-replay:mgmk6phjekvvmk3m","timelineOffsetMs":13.998793999664485}
10-11 13:38:08.649 11634 11711 I ReactNativeJS: [outputs] outputs.flashPulse {"timestamp":5312170.159273,"wallClock":1760204288649,"enabled":true,"durationMs":102,"source":"console.replay","correlationId":"console-replay:mgmk6phjekvvmk3m","timelineOffsetMs":13.998793999664485}
10-11 13:38:08.717 11634 11711 I ReactNativeJS: [outputs] outputs.flashPulse.commit {"timestamp":5312237.962398,"wallClock":1760204288716,"durationMs":102,"source":"console.replay","correlationId":"console-replay:mgmk6phjekvvmk3m","latencyMs":68.9183339998126,"timelineOffsetMs":13.998793999664485}
10-11 13:38:08.736 11634 12155 D OutputsAudio: [outputs-audio] stop gain=1.000 release=6.00
10-11 13:38:08.771 11634 12155 D OutputsAudio: [outputs-audio] start hz=700.0 gain=1.000 attack=2.50 release=6.00
10-11 13:38:08.792 11634 11711 D OutputsAudio: [outputs-audio] symbol.info sequence=6 symbol=- timestamp=5312293.095 duration=102.000
10-11 13:38:08.792 11634 11711 I ReactNativeJS: [outputs] playMorse.symbol {"timestamp":5312313.416878,"wallClock":1760204288792,"symbol":"-","durationMs":102,"index":4,"source":"console.replay","correlationId":"console-replay:mgmk6plkbcp110n9","nativeTimestampMs":5312293.095,"nativeDurationMs":102,"nativeOffsetMs":20.25104400049895,"nativeSequence":6,"monotonicTimestampMs":5312293.095}
10-11 13:38:08.793 11634 11711 I ReactNativeJS: [outputs] outputs.hapticSymbol {"timestamp":5312314.064273,"wallClock":1760204288792,"enabled":true,"symbol":"-","durationMs":102,"platform":"android","source":"console.replay","correlationId":"console-replay:mgmk6plkbcp110n9","timelineOffsetMs":20.25104400049895}
10-11 13:38:08.793 11634 11711 I ReactNativeJS: [outputs] outputs.flashPulse {"timestamp":5312314.827451,"wallClock":1760204288793,"enabled":true,"durationMs":102,"source":"console.replay","correlationId":"console-replay:mgmk6plkbcp110n9","timelineOffsetMs":20.25104400049895}
10-11 13:38:08.846 11634 11711 I ReactNativeJS: [outputs] outputs.flashPulse.commit {"timestamp":5312366.830211,"wallClock":1760204288845,"durationMs":102,"source":"console.replay","correlationId":"console-replay:mgmk6plkbcp110n9","latencyMs":53.47916699945927,"timelineOffsetMs":20.25104400049895}
10-11 13:38:08.874 11634 12155 D OutputsAudio: [outputs-audio] stop gain=1.000 release=6.00
10-11 13:38:08.909 11634 12155 D OutputsAudio: [outputs-audio] start hz=700.0 gain=1.000 attack=2.50 release=6.00
10-11 13:38:08.925 11634 11711 D OutputsAudio: [outputs-audio] symbol.info sequence=7 symbol=. timestamp=5312430.895 duration=34.000
10-11 13:38:08.926 11634 11711 I ReactNativeJS: [outputs] playMorse.symbol {"timestamp":5312446.677398,"wallClock":1760204288925,"symbol":"-","durationMs":102,"index":5,"source":"console.replay","correlationId":"console-replay:mgmk6pp9rz9v15ss","nativeTimestampMs":5312430.895,"nativeDurationMs":34,"nativeOffsetMs":15.705784000456333,"nativeSequence":7,"monotonicTimestampMs":5312430.895}
10-11 13:38:08.926 11634 11711 I ReactNativeJS: [outputs] outputs.hapticSymbol {"timestamp":5312447.404325,"wallClock":1760204288926,"enabled":true,"symbol":"-","durationMs":102,"platform":"android","source":"console.replay","correlationId":"console-replay:mgmk6pp9rz9v15ss","timelineOffsetMs":15.705784000456333}
10-11 13:38:08.927 11634 11711 I ReactNativeJS: [outputs] outputs.flashPulse {"timestamp":5312448.198596,"wallClock":1760204288927,"enabled":true,"durationMs":102,"source":"console.replay","correlationId":"console-replay:mgmk6pp9rz9v15ss","timelineOffsetMs":15.705784000456333}
10-11 13:38:08.944 11634 12155 D OutputsAudio: [outputs-audio] stop gain=1.000 release=6.00
10-11 13:38:08.979 11634 12155 D OutputsAudio: [outputs-audio] start hz=700.0 gain=1.000 attack=2.50 release=6.00
10-11 13:38:08.980 11634 11711 I ReactNativeJS: [outputs] outputs.flashPulse.commit {"timestamp":5312501.257815,"wallClock":1760204288980,"durationMs":102,"source":"console.replay","correlationId":"console-replay:mgmk6pp9rz9v15ss","latencyMs":54.652290999889374,"timelineOffsetMs":15.705784000456333}
10-11 13:38:09.015 11634 12155 D OutputsAudio: [outputs-audio] stop gain=1.000 release=6.00
10-11 13:38:09.029 11634 11711 D OutputsAudio: [outputs-audio] symbol.info sequence=8 symbol=. timestamp=5312501.130 duration=34.000
10-11 13:38:09.029 11634 11711 I ReactNativeJS: [outputs] playMorse.symbol {"timestamp":5312550.437242,"wallClock":1760204289029,"symbol":".","durationMs":34,"index":6,"source":"console.replay","correlationId":"console-replay:mgmk6ps5d6fxwc98","nativeTimestampMs":5312501.13,"nativeDurationMs":34,"nativeOffsetMs":49.256930000148714,"nativeSequence":8,"monotonicTimestampMs":5312501.13}
10-11 13:38:09.030 11634 11711 I ReactNativeJS: [outputs] outputs.hapticSymbol {"timestamp":5312550.924378,"wallClock":1760204289029,"enabled":true,"symbol":".","durationMs":34,"platform":"android","source":"console.replay","correlationId":"console-replay:mgmk6ps5d6fxwc98","timelineOffsetMs":49.256930000148714}
10-11 13:38:09.030 11634 11711 I ReactNativeJS: [outputs] outputs.flashPulse {"timestamp":5312551.556878,"wallClock":1760204289030,"enabled":true,"durationMs":34,"source":"console.replay","correlationId":"console-replay:mgmk6ps5d6fxwc98","timelineOffsetMs":49.256930000148714}
10-11 13:38:09.049 11634 12155 D OutputsAudio: [outputs-audio] start hz=700.0 gain=1.000 attack=2.50 release=6.00
10-11 13:38:09.081 11634 11711 I ReactNativeJS: [outputs] outputs.flashPulse.commit {"timestamp":5312602.36818,"wallClock":1760204289081,"durationMs":34,"source":"console.replay","correlationId":"console-replay:mgmk6ps5d6fxwc98","latencyMs":51.97692700009793,"timelineOffsetMs":49.256930000148714}
10-11 13:38:09.083 11634 12155 D OutputsAudio: [outputs-audio] stop gain=1.000 release=6.00
10-11 13:38:09.117 11634 12155 D OutputsAudio: [outputs-audio] start hz=700.0 gain=1.000 attack=2.50 release=6.00
10-11 13:38:09.124 11634 11711 D OutputsAudio: [outputs-audio] symbol.info sequence=10 symbol=- timestamp=5312638.954 duration=102.000
10-11 13:38:09.125 11634 11711 W ReactNativeJS: '[outputs-audio] native sequence jump', { previous: 8, next: 10, delta: 2 }
10-11 13:38:09.125 11634 11711 I ReactNativeJS: [outputs] playMorse.symbol {"timestamp":5312646.3362,"wallClock":1760204289125,"symbol":".","durationMs":34,"index":7,"source":"console.replay","correlationId":"console-replay:mgmk6put689h48an","nativeTimestampMs":5312638.954,"nativeDurationMs":102,"nativeOffsetMs":7.343763000331819,"nativeSequence":10,"monotonicTimestampMs":5312638.954}
10-11 13:38:09.125 11634 11711 I ReactNativeJS: [outputs] outputs.hapticSymbol {"timestamp":5312646.715315,"wallClock":1760204289125,"enabled":true,"symbol":".","durationMs":34,"platform":"android","source":"console.replay","correlationId":"console-replay:mgmk6put689h48an","timelineOffsetMs":7.343763000331819}
10-11 13:38:09.126 11634 11711 I ReactNativeJS: [outputs] outputs.flashPulse {"timestamp":5312647.326617,"wallClock":1760204289126,"enabled":true,"durationMs":34,"source":"console.replay","correlationId":"console-replay:mgmk6put689h48an","timelineOffsetMs":7.343763000331819}
10-11 13:38:09.178 11634 11711 I ReactNativeJS: [outputs] outputs.flashPulse.commit {"timestamp":5312698.898336,"wallClock":1760204289177,"durationMs":34,"source":"console.replay","correlationId":"console-replay:mgmk6put689h48an","latencyMs":52.596145999617875,"timelineOffsetMs":7.343763000331819}
10-11 13:38:09.219 11634 12155 D OutputsAudio: [outputs-audio] stop gain=1.000 release=6.00
10-11 13:38:09.254 11634 12155 D OutputsAudio: [outputs-audio] start hz=700.0 gain=1.000 attack=2.50 release=6.00
10-11 13:38:09.275 11634 11711 D OutputsAudio: [outputs-audio] symbol.info sequence=11 symbol=- timestamp=5312775.938 duration=102.000
10-11 13:38:09.277 11634 11711 I ReactNativeJS: [outputs] playMorse.symbol {"timestamp":5312797.240263,"wallClock":1760204289276,"symbol":".","durationMs":34,"index":8,"source":"console.replay","correlationId":"console-replay:mgmk6pz0fcg3ma5w","nativeTimestampMs":5312775.938,"nativeDurationMs":102,"nativeOffsetMs":21.142835999839008,"nativeSequence":11,"monotonicTimestampMs":5312775.938}
10-11 13:38:09.277 11634 11711 I ReactNativeJS: [outputs] outputs.hapticSymbol {"timestamp":5312798.251044,"wallClock":1760204289277,"enabled":true,"symbol":".","durationMs":34,"platform":"android","source":"console.replay","correlationId":"console-replay:mgmk6pz0fcg3ma5w","timelineOffsetMs":21.142835999839008}
10-11 13:38:09.278 11634 11711 I ReactNativeJS: [outputs] outputs.flashPulse {"timestamp":5312799.551617,"wallClock":1760204289278,"enabled":true,"durationMs":34,"source":"console.replay","correlationId":"console-replay:mgmk6pz0fcg3ma5w","timelineOffsetMs":21.142835999839008}
10-11 13:38:09.346 11634 11711 I ReactNativeJS: [outputs] outputs.flashPulse.commit {"timestamp":5312867.286929,"wallClock":1760204289346,"durationMs":34,"source":"console.replay","correlationId":"console-replay:mgmk6pz0fcg3ma5w","latencyMs":70.2009370001033,"timelineOffsetMs":21.142835999839008}
10-11 13:38:09.357 11634 12155 D OutputsAudio: [outputs-audio] stop gain=1.000 release=6.00
10-11 13:38:09.392 11634 12155 D OutputsAudio: [outputs-audio] start hz=700.0 gain=1.000 attack=2.50 release=6.00
10-11 13:38:09.411 11634 11711 D OutputsAudio: [outputs-audio] symbol.info sequence=12 symbol=- timestamp=5312913.807 duration=102.000
10-11 13:38:09.413 11634 11711 I ReactNativeJS: [outputs] playMorse.symbol {"timestamp":5312933.023127,"wallClock":1760204289411,"symbol":"-","durationMs":102,"index":9,"source":"console.replay","correlationId":"console-replay:mgmk6q2rz1omsmch","nativeTimestampMs":5312913.807,"nativeDurationMs":102,"nativeOffsetMs":19.10138799995184,"nativeSequence":12,"monotonicTimestampMs":5312913.807}
10-11 13:38:09.413 11634 11711 I ReactNativeJS: [outputs] outputs.hapticSymbol {"timestamp":5312934.265107,"wallClock":1760204289413,"enabled":true,"symbol":"-","durationMs":102,"platform":"android","source":"console.replay","correlationId":"console-replay:mgmk6q2rz1omsmch","timelineOffsetMs":19.10138799995184}
10-11 13:38:09.414 11634 11711 I ReactNativeJS: [outputs] outputs.flashPulse {"timestamp":5312935.546252,"wallClock":1760204289414,"enabled":true,"durationMs":102,"source":"console.replay","correlationId":"console-replay:mgmk6q2rz1omsmch","timelineOffsetMs":19.10138799995184}
10-11 13:38:09.468 11634 11711 I ReactNativeJS: [outputs] outputs.flashPulse.commit {"timestamp":5312988.89245,"wallClock":1760204289467,"durationMs":102,"source":"console.replay","correlationId":"console-replay:mgmk6q2rz1omsmch","latencyMs":55.979322999715805,"timelineOffsetMs":19.10138799995184}
10-11 13:38:09.495 11634 12155 D OutputsAudio: [outputs-audio] stop gain=1.000 release=6.00
10-11 13:38:09.530 11634 12155 D OutputsAudio: [outputs-audio] start hz=700.0 gain=1.000 attack=2.50 release=6.00
10-11 13:38:09.540 11634 11711 D OutputsAudio: [outputs-audio] symbol.info sequence=13 symbol=. timestamp=5313051.422 duration=34.000
10-11 13:38:09.541 11634 11711 I ReactNativeJS: [outputs] playMorse.symbol {"timestamp":5313062.066929,"wallClock":1760204289540,"symbol":"-","durationMs":102,"index":10,"source":"console.replay","correlationId":"console-replay:mgmk6q6ckr9ghiw8","nativeTimestampMs":5313051.422,"nativeDurationMs":34,"nativeOffsetMs":10.562845999374986,"nativeSequence":13,"monotonicTimestampMs":5313051.422}
10-11 13:38:09.542 11634 11711 I ReactNativeJS: [outputs] outputs.hapticSymbol {"timestamp":5313062.879898,"wallClock":1760204289541,"enabled":true,"symbol":"-","durationMs":102,"platform":"android","source":"console.replay","correlationId":"console-replay:mgmk6q6ckr9ghiw8","timelineOffsetMs":10.562845999374986}
10-11 13:38:09.542 11634 11711 I ReactNativeJS: [outputs] outputs.flashPulse {"timestamp":5313063.755888,"wallClock":1760204289542,"enabled":true,"durationMs":102,"source":"console.replay","correlationId":"console-replay:mgmk6q6ckr9ghiw8","timelineOffsetMs":10.562845999374986}
10-11 13:38:09.564 11634 12155 D OutputsAudio: [outputs-audio] stop gain=1.000 release=6.00
10-11 13:38:09.599 11634 12155 D OutputsAudio: [outputs-audio] start hz=700.0 gain=1.000 attack=2.50 release=6.00
10-11 13:38:09.634 11634 12155 D OutputsAudio: [outputs-audio] stop gain=1.000 release=6.00
10-11 13:38:09.656 11634 11711 I ReactNativeJS: [outputs] outputs.flashPulse.commit {"timestamp":5313144.469065,"wallClock":1760204289623,"durationMs":102,"source":"console.replay","correlationId":"console-replay:mgmk6q6ckr9ghiw8","latencyMs":82.47442700061947,"timelineOffsetMs":10.562845999374986}
10-11 13:38:09.669 11634 12155 D OutputsAudio: [outputs-audio] start hz=700.0 gain=1.000 attack=2.50 release=6.00
10-11 13:38:09.703 11634 12155 D OutputsAudio: [outputs-audio] stop gain=1.000 release=6.00
10-11 13:38:09.720 11634 11711 D OutputsAudio: [outputs-audio] symbol.info sequence=15 symbol=. timestamp=5313190.465 duration=34.000
10-11 13:38:09.720 11634 11711 W ReactNativeJS: '[outputs-audio] native sequence jump', { previous: 13, next: 15, delta: 2 }
10-11 13:38:09.721 11634 11711 I ReactNativeJS: [outputs] playMorse.symbol {"timestamp":5313241.86594,"wallClock":1760204289720,"symbol":"-","durationMs":102,"index":11,"source":"console.replay","correlationId":"console-replay:mgmk6qbc3uh0kdhv","nativeTimestampMs":5313190.465,"nativeDurationMs":34,"nativeOffsetMs":51.3600540002808,"nativeSequence":15,"monotonicTimestampMs":5313190.465}
10-11 13:38:09.721 11634 11711 I ReactNativeJS: [outputs] outputs.hapticSymbol {"timestamp":5313242.28719,"wallClock":1760204289721,"enabled":true,"symbol":"-","durationMs":102,"platform":"android","source":"console.replay","correlationId":"console-replay:mgmk6qbc3uh0kdhv","timelineOffsetMs":51.3600540002808}
10-11 13:38:09.722 11634 11711 I ReactNativeJS: [outputs] outputs.flashPulse {"timestamp":5313242.990419,"wallClock":1760204289721,"enabled":true,"durationMs":102,"source":"console.replay","correlationId":"console-replay:mgmk6qbc3uh0kdhv","timelineOffsetMs":51.3600540002808}
10-11 13:38:09.738 11634 12155 D OutputsAudio: [outputs-audio] start hz=700.0 gain=1.000 attack=2.50 release=6.00
10-11 13:38:09.780 11634 11711 I ReactNativeJS: [outputs] outputs.flashPulse.commit {"timestamp":5313301.053648,"wallClock":1760204289779,"durationMs":102,"source":"console.replay","correlationId":"console-replay:mgmk6qbc3uh0kdhv","latencyMs":59.22421899996698,"timelineOffsetMs":51.3600540002808}
10-11 13:38:09.830 11634 11711 D OutputsAudio: [outputs-audio] symbol.info sequence=16 symbol=- timestamp=5313259.868 duration=102.000
10-11 13:38:09.830 11634 11711 I ReactNativeJS: [outputs] playMorse.symbol {"timestamp":5313351.494377,"wallClock":1760204289830,"symbol":".","durationMs":34,"index":12,"source":"console.replay","correlationId":"console-replay:mgmk6qeejgijrd1y","nativeTimestampMs":5313259.868,"nativeDurationMs":102,"nativeOffsetMs":91.57705400045961,"nativeSequence":16,"monotonicTimestampMs":5313259.868}
10-11 13:38:09.831 11634 11711 I ReactNativeJS: [outputs] playMorse.nativeOffset.spike {"timestamp":5313351.944273,"wallClock":1760204289830,"source":"console.replay","offsetMs":91.57705400045961,"sequence":16,"unitMs":34,"correlationId":"console-replay:mgmk6qeejgijrd1y"}
10-11 13:38:09.831 11634 11711 I ReactNativeJS: [outputs] outputs.hapticSymbol {"timestamp":5313352.33995,"wallClock":1760204289831,"enabled":true,"symbol":".","durationMs":34,"platform":"android","source":"console.replay","correlationId":"console-replay:mgmk6qeejgijrd1y","timelineOffsetMs":91.57705400045961}
10-11 13:38:09.832 11634 11711 I ReactNativeJS: [outputs] outputs.flashPulse {"timestamp":5313352.924429,"wallClock":1760204289831,"enabled":true,"durationMs":34,"source":"console.replay","correlationId":"console-replay:mgmk6qeejgijrd1y","timelineOffsetMs":91.57705400045961}
10-11 13:38:09.841 11634 12155 D OutputsAudio: [outputs-audio] stop gain=1.000 release=6.00
10-11 13:38:09.876 11634 12155 D OutputsAudio: [outputs-audio] start hz=700.0 gain=1.000 attack=2.50 release=6.00
10-11 13:38:09.892 11634 11711 I ReactNativeJS: [outputs] outputs.flashPulse.commit {"timestamp":5313413.29969,"wallClock":1760204289892,"durationMs":34,"source":"console.replay","correlationId":"console-replay:mgmk6qeejgijrd1y","latencyMs":61.85031299944967,"timelineOffsetMs":91.57705400045961}
10-11 13:38:09.936 11634 11711 D OutputsAudio: [outputs-audio] symbol.info sequence=17 symbol=- timestamp=5313397.424 duration=102.000
10-11 13:38:09.936 11634 11711 I ReactNativeJS: [outputs] playMorse.symbol {"timestamp":5313457.58844,"wallClock":1760204289936,"symbol":".","durationMs":34,"index":13,"source":"console.replay","correlationId":"console-replay:mgmk6qhc8n6rcx84","nativeTimestampMs":5313397.424,"nativeDurationMs":102,"nativeOffsetMs":60.11813800036907,"nativeSequence":17,"monotonicTimestampMs":5313397.424}
10-11 13:38:09.937 11634 11711 I ReactNativeJS: [outputs] outputs.hapticSymbol {"timestamp":5313458.071877,"wallClock":1760204289936,"enabled":true,"symbol":".","durationMs":34,"platform":"android","source":"console.replay","correlationId":"console-replay:mgmk6qhc8n6rcx84","timelineOffsetMs":60.11813800036907}
10-11 13:38:09.937 11634 11711 I ReactNativeJS: [outputs] outputs.flashPulse {"timestamp":5313458.720836,"wallClock":1760204289937,"enabled":true,"durationMs":34,"source":"console.replay","correlationId":"console-replay:mgmk6qhc8n6rcx84","timelineOffsetMs":60.11813800036907}
10-11 13:38:09.979 11634 12155 D OutputsAudio: [outputs-audio] stop gain=1.000 release=6.00
10-11 13:38:09.997 11634 11711 I ReactNativeJS: [outputs] outputs.flashPulse.commit {"timestamp":5313518.748023,"wallClock":1760204289997,"durationMs":34,"source":"console.replay","correlationId":"console-replay:mgmk6qhc8n6rcx84","latencyMs":61.20171799976379,"timelineOffsetMs":60.11813800036907}
10-11 13:38:10.013 11634 12155 D OutputsAudio: [outputs-audio] start hz=700.0 gain=1.000 attack=2.50 release=6.00
10-11 13:38:10.048 11634 11711 D OutputsAudio: [outputs-audio] symbol.info sequence=18 symbol=- timestamp=5313534.731 duration=102.000
10-11 13:38:10.049 11634 11711 I ReactNativeJS: [outputs] playMorse.symbol {"timestamp":5313569.861721,"wallClock":1760204290048,"symbol":".","durationMs":34,"index":14,"source":"console.replay","correlationId":"console-replay:mgmk6qkgdjk1uda4","nativeTimestampMs":5313534.731,"nativeDurationMs":102,"nativeOffsetMs":35.08092899993062,"nativeSequence":18,"monotonicTimestampMs":5313534.731}
10-11 13:38:10.049 11634 11711 I ReactNativeJS: [outputs] outputs.hapticSymbol {"timestamp":5313570.372658,"wallClock":1760204290049,"enabled":true,"symbol":".","durationMs":34,"platform":"android","source":"console.replay","correlationId":"console-replay:mgmk6qkgdjk1uda4","timelineOffsetMs":35.08092899993062}
10-11 13:38:10.050 11634 11711 I ReactNativeJS: [outputs] outputs.flashPulse {"timestamp":5313571.028648,"wallClock":1760204290049,"enabled":true,"durationMs":34,"source":"console.replay","correlationId":"console-replay:mgmk6qkgdjk1uda4","timelineOffsetMs":35.08092899993062}
10-11 13:38:10.106 11634 11711 I ReactNativeJS: [outputs] outputs.flashPulse.commit {"timestamp":5313627.406096,"wallClock":1760204290106,"durationMs":34,"source":"console.replay","correlationId":"console-replay:mgmk6qkgdjk1uda4","latencyMs":57.589688000269234,"timelineOffsetMs":35.08092899993062}
10-11 13:38:10.115 11634 12155 D OutputsAudio: [outputs-audio] stop gain=1.000 release=6.00
10-11 13:38:10.150 11634 12155 D OutputsAudio: [outputs-audio] start hz=700.0 gain=1.000 attack=2.50 release=6.00
10-11 13:38:10.157 11634 11711 D OutputsAudio: [outputs-audio] symbol.info sequence=19 symbol=. timestamp=5313672.178 duration=34.000
