10-11 19:24:43.329 12221 14039 I ReactNativeJS: [outputs] playMorse.symbol {"timestamp":26069507.321043,"wallClock":1760225083328,"symbol":"-","durationMs":360,"index":16,"source":"console.replay","correlationId":"console-replay:mgmwkerkhboxemf0","nativeTimestampMs":26069470.598,"nativeDurationMs":360,"nativeOffsetMs":35.63418899849057,"nativeSequence":17,"monotonicTimestampMs":26069470.598,"nativeExpectedTimestampMs":26069434.799,"nativeStartSkewMs":35.799,"nativeBatchElapsedMs":5555.799,"nativeExpectedSincePriorMs":480,"nativeSincePriorMs":481.787,"nativePatternStartMs":26063914.799,"nativeAgeMs":35.497}
10-11 19:24:43.330 12221 14039 I ReactNativeJS: [outputs] outputs.hapticSymbol {"timestamp":26069508.07422,"wallClock":1760225083329,"enabled":true,"symbol":"-","durationMs":360,"platform":"android","source":"console.replay","correlationId":"console-replay:mgmwkerkhboxemf0","timelineOffsetMs":null}
10-11 19:24:43.331 12221 14039 I ReactNativeJS: [outputs] outputs.flashPulse {"timestamp":26069509.381928,"wallClock":1760225083330,"enabled":true,"durationMs":360,"source":"console.replay","correlationId":"console-replay:mgmwkerkhboxemf0","timelineOffsetMs":35.63418899849057,"schedulingMode":"timeline","audioStartHeadroomMs":-82.56808400154114,"audioStartGuard":"headroom","audioStartCompensationMs":82.56808400154114}
10-11 19:24:43.395 12221 14039 I ReactNativeJS: [outputs] outputs.flashPulse.commit {"timestamp":26069573.52922,"wallClock":1760225083394,"durationMs":360,"source":"console.replay","correlationId":"console-replay:mgmwkerkhboxemf0","latencyMs":67.28848899900913,"timelineOffsetMs":35.63418899849057,"leadMs":8,"scheduleSkewMs":64.1507289968431,"schedulingMode":"timeline","audioStartHeadroomMs":-82.56808400154114,"audioStartGuard":"headroom","audioStartCompensationMs":82.56808400154114}
10-11 19:24:43.652 12221 14668 D OutputsAudio: [outputs-audio] stop gain=1.000 release=6.00
10-11 19:24:43.773 12221 14668 D OutputsAudio: [outputs-audio] start hz=650.0 gain=1.000 attack=2.50 release=6.00
10-11 19:24:43.773 12221 14668 D OutputsAudio: [outputs-audio] playMorse.symbol.start sequence=18 symbol=- expected=26069914.799 actual=26069952.161 skew=37.362 batchElapsed=6037.362
10-11 19:24:43.822 12221 14039 D OutputsAudio: [outputs-audio] symbol.info sequence=18 symbol=- timestamp=26069952.161 duration=360.000 expected=26069914.799 skew=37.362 age=49.039
10-11 19:24:43.824 12221 14039 I ReactNativeJS: [outputs] playMorse.symbol {"timestamp":26070001.477449,"wallClock":1760225083822,"symbol":"-","durationMs":360,"index":17,"source":"console.replay","correlationId":"console-replay:3h4c31a4","nativeTimestampMs":26069952.161,"nativeDurationMs":360,"nativeOffsetMs":49.204782001674175,"nativeSequence":18,"monotonicTimestampMs":26069952.161,"nativeExpectedTimestampMs":26069914.799,"nativeStartSkewMs":37.362,"nativeBatchElapsedMs":6037.362,"nativeExpectedSincePriorMs":480,"nativeSincePriorMs":481.563,"nativePatternStartMs":26063914.799,"nativeAgeMs":49.039}
10-11 19:24:43.825 12221 14039 I ReactNativeJS: [outputs] playMorse.symbol {"timestamp":26070002.795105,"wallClock":1760225083824,"symbol":"-","durationMs":360,"index":17,"source":"console.replay","correlationId":"console-replay:mgmwkf5cpts4g1mk","nativeTimestampMs":26069952.161,"nativeDurationMs":360,"nativeOffsetMs":49.204782001674175,"nativeSequence":18,"monotonicTimestampMs":26069952.161,"nativeExpectedTimestampMs":26069914.799,"nativeStartSkewMs":37.362,"nativeBatchElapsedMs":6037.362,"nativeExpectedSincePriorMs":480,"nativeSincePriorMs":481.563,"nativePatternStartMs":26063914.799,"nativeAgeMs":49.039}
10-11 19:24:43.826 12221 14039 I ReactNativeJS: [outputs] outputs.hapticSymbol {"timestamp":26070003.75573,"wallClock":1760225083825,"enabled":true,"symbol":"-","durationMs":360,"platform":"android","source":"console.replay","correlationId":"console-replay:mgmwkf5cpts4g1mk","timelineOffsetMs":null}
10-11 19:24:43.827 12221 14039 I ReactNativeJS: [outputs] outputs.flashPulse {"timestamp":26070005.605053,"wallClock":1760225083827,"enabled":true,"durationMs":360,"source":"console.replay","correlationId":"console-replay:mgmwkf5cpts4g1mk","timelineOffsetMs":49.204782001674175,"schedulingMode":"timeline","audioStartHeadroomMs":-98.78553200140595,"audioStartGuard":"headroom","audioStartCompensationMs":98.78553200140595}
10-11 19:24:43.892 12221 14039 I ReactNativeJS: [outputs] outputs.flashPulse.commit {"timestamp":26070070.405209,"wallClock":1760225083891,"durationMs":360,"source":"console.replay","correlationId":"console-replay:mgmwkf5cpts4g1mk","latencyMs":69.03010400012136,"timelineOffsetMs":49.204782001674175,"leadMs":8,"scheduleSkewMs":64.80755199864507,"schedulingMode":"timeline","audioStartHeadroomMs":-98.78553200140595,"audioStartGuard":"headroom","audioStartCompensationMs":98.78553200140595}
10-11 19:24:44.134 12221 14668 D OutputsAudio: [outputs-audio] stop gain=1.000 release=6.00
10-11 19:24:44.255 12221 14668 D OutputsAudio: [outputs-audio] start hz=650.0 gain=1.000 attack=2.50 release=6.00
10-11 19:24:44.255 12221 14668 D OutputsAudio: [outputs-audio] playMorse.symbol.start sequence=19 symbol=. expected=26070394.799 actual=26070433.877 skew=39.079 batchElapsed=6519.079
10-11 19:24:44.316 12221 14039 D OutputsAudio: [outputs-audio] symbol.info sequence=19 symbol=. timestamp=26070433.877 duration=120.000 expected=26070394.799 skew=39.079 age=61.425
10-11 19:24:44.318 12221 14039 I ReactNativeJS: [outputs] playMorse.symbol {"timestamp":26070495.592449,"wallClock":1760225084317,"symbol":".","durationMs":120,"index":18,"source":"console.replay","correlationId":"console-replay:yguxg0fy","nativeTimestampMs":26070433.877,"nativeDurationMs":120,"nativeOffsetMs":61.60430299863219,"nativeSequence":19,"monotonicTimestampMs":26070433.877,"nativeExpectedTimestampMs":26070394.799,"nativeStartSkewMs":39.079,"nativeBatchElapsedMs":6519.079,"nativeExpectedSincePriorMs":480,"nativeSincePriorMs":481.717,"nativePatternStartMs":26063914.799,"nativeAgeMs":61.425}
10-11 19:24:44.319 12221 14039 I ReactNativeJS: [outputs] playMorse.symbol {"timestamp":26070497.135261,"wallClock":1760225084318,"symbol":".","durationMs":120,"index":18,"source":"console.replay","correlationId":"console-replay:mgmwkfj2zddjh926","nativeTimestampMs":26070433.877,"nativeDurationMs":120,"nativeOffsetMs":61.60430299863219,"nativeSequence":19,"monotonicTimestampMs":26070433.877,"nativeExpectedTimestampMs":26070394.799,"nativeStartSkewMs":39.079,"nativeBatchElapsedMs":6519.079,"nativeExpectedSincePriorMs":480,"nativeSincePriorMs":481.717,"nativePatternStartMs":26063914.799,"nativeAgeMs":61.425}
10-11 19:24:44.320 12221 14039 I ReactNativeJS: [outputs] outputs.hapticSymbol {"timestamp":26070498.020834,"wallClock":1760225084319,"enabled":true,"symbol":".","durationMs":120,"platform":"android","source":"console.replay","correlationId":"console-replay:mgmwkfj2zddjh926","timelineOffsetMs":null}
10-11 19:24:44.321 12221 14039 I ReactNativeJS: [outputs] outputs.flashPulse {"timestamp":26070499.762657,"wallClock":1760225084321,"enabled":true,"durationMs":120,"source":"console.replay","correlationId":"console-replay:mgmwkfj2zddjh926","timelineOffsetMs":61.60430299863219,"schedulingMode":"timeline","audioStartHeadroomMs":-112.9459490031004,"audioStartGuard":"headroom","audioStartCompensationMs":112.9459490031004}
10-11 19:24:44.375 12221 14668 D OutputsAudio: [outputs-audio] stop gain=1.000 release=6.00
10-11 19:24:44.387 12221 14039 I ReactNativeJS: [outputs] outputs.flashPulse.commit {"timestamp":26070566.098178,"wallClock":1760225084387,"durationMs":120,"source":"console.replay","correlationId":"console-replay:mgmwkfj2zddjh926","latencyMs":70.60703100264072,"timelineOffsetMs":61.60430299863219,"leadMs":8,"scheduleSkewMs":66.33979200199246,"schedulingMode":"timeline","audioStartHeadroomMs":-112.9459490031004,"audioStartGuard":"headroom","audioStartCompensationMs":112.9459490031004}
10-11 19:24:44.497 12221 14668 D OutputsAudio: [outputs-audio] start hz=650.0 gain=1.000 attack=2.50 release=6.00
10-11 19:24:44.497 12221 14668 D OutputsAudio: [outputs-audio] playMorse.symbol.start sequence=20 symbol=. expected=26070634.799 actual=26070675.909 skew=41.110 batchElapsed=6761.110
10-11 19:24:44.504 12221 14039 D OutputsAudio: [outputs-audio] symbol.info sequence=20 symbol=. timestamp=26070675.909 duration=120.000 expected=26070634.799 skew=41.110 age=6.918
10-11 19:24:44.505 12221 14039 I ReactNativeJS: [outputs] playMorse.symbol {"timestamp":26070683.063021,"wallClock":1760225084504,"symbol":".","durationMs":120,"index":19,"source":"console.replay","correlationId":"console-replay:pfjh8rhk","nativeTimestampMs":26070675.909,"nativeDurationMs":120,"nativeOffsetMs":7.058864999562502,"nativeSequence":20,"monotonicTimestampMs":26070675.909,"nativeExpectedTimestampMs":26070634.799,"nativeStartSkewMs":41.11,"nativeBatchElapsedMs":6761.11,"nativeExpectedSincePriorMs":240,"nativeSincePriorMs":242.032,"nativePatternStartMs":26063914.799,"nativeAgeMs":6.918}
10-11 19:24:44.506 12221 14039 I ReactNativeJS: [outputs] playMorse.symbol {"timestamp":26070684.325782,"wallClock":1760225084505,"symbol":".","durationMs":120,"index":19,"source":"console.replay","correlationId":"console-replay:mgmwkfo937mzeac8","nativeTimestampMs":26070675.909,"nativeDurationMs":120,"nativeOffsetMs":7.058864999562502,"nativeSequence":20,"monotonicTimestampMs":26070675.909,"nativeExpectedTimestampMs":26070634.799,"nativeStartSkewMs":41.11,"nativeBatchElapsedMs":6761.11,"nativeExpectedSincePriorMs":240,"nativeSincePriorMs":242.032,"nativePatternStartMs":26063914.799,"nativeAgeMs":6.918}
10-11 19:24:44.507 12221 14039 I ReactNativeJS: [outputs] outputs.hapticSymbol {"timestamp":26070685.101563,"wallClock":1760225084506,"enabled":true,"symbol":".","durationMs":120,"platform":"android","source":"console.replay","correlationId":"console-replay:mgmwkfo937mzeac8","timelineOffsetMs":null}
10-11 19:24:44.508 12221 14039 I ReactNativeJS: [outputs] outputs.flashPulse {"timestamp":26070686.600834,"wallClock":1760225084508,"enabled":true,"durationMs":120,"source":"console.replay","correlationId":"console-replay:mgmwkfo937mzeac8","timelineOffsetMs":7.058864999562502,"schedulingMode":"timeline","audioStartHeadroomMs":-59.78662599995732,"audioStartGuard":"headroom","audioStartCompensationMs":59.78662599995732}
10-11 19:24:44.578 12221 14039 I ReactNativeJS: [outputs] outputs.flashPulse.commit {"timestamp":26070756.718959,"wallClock":1760225084578,"durationMs":120,"source":"console.replay","correlationId":"console-replay:mgmwkfo937mzeac8","latencyMs":73.74260399863124,"timelineOffsetMs":7.058864999562502,"leadMs":8,"scheduleSkewMs":70.12234300002456,"schedulingMode":"timeline","audioStartHeadroomMs":-59.78662599995732,"audioStartGuard":"headroom","audioStartCompensationMs":59.78662599995732}
10-11 19:24:44.617 12221 14668 D OutputsAudio: [outputs-audio] stop gain=1.000 release=6.00
10-11 19:24:44.738 12221 14668 D OutputsAudio: [outputs-audio] start hz=650.0 gain=1.000 attack=2.50 release=6.00
10-11 19:24:44.738 12221 14668 D OutputsAudio: [outputs-audio] playMorse.symbol.start sequence=21 symbol=. expected=26070874.799 actual=26070917.291 skew=42.493 batchElapsed=7002.493
10-11 19:24:44.755 12221 14039 D OutputsAudio: [outputs-audio] symbol.info sequence=21 symbol=. timestamp=26070917.291 duration=120.000 expected=26070874.799 skew=42.493 age=17.152
10-11 19:24:44.758 12221 14039 I ReactNativeJS: [outputs] playMorse.symbol {"timestamp":26070934.804792,"wallClock":1760225084756,"symbol":".","durationMs":120,"index":20,"source":"console.replay","correlationId":"console-replay:5jjj31g0","nativeTimestampMs":26070917.291,"nativeDurationMs":120,"nativeOffsetMs":17.366969000548124,"nativeSequence":21,"monotonicTimestampMs":26070917.291,"nativeExpectedTimestampMs":26070874.799,"nativeStartSkewMs":42.493,"nativeBatchElapsedMs":7002.493,"nativeExpectedSincePriorMs":240,"nativeSincePriorMs":241.382,"nativePatternStartMs":26063914.799,"nativeAgeMs":17.152}
10-11 19:24:44.760 12221 14039 I ReactNativeJS: [outputs] playMorse.symbol {"timestamp":26070937.645053,"wallClock":1760225084759,"symbol":".","durationMs":120,"index":20,"source":"console.replay","correlationId":"console-replay:mgmwkfvbdgf9m2vg","nativeTimestampMs":26070917.291,"nativeDurationMs":120,"nativeOffsetMs":17.366969000548124,"nativeSequence":21,"monotonicTimestampMs":26070917.291,"nativeExpectedTimestampMs":26070874.799,"nativeStartSkewMs":42.493,"nativeBatchElapsedMs":7002.493,"nativeExpectedSincePriorMs":240,"nativeSincePriorMs":241.382,"nativePatternStartMs":26063914.799,"nativeAgeMs":17.152}
10-11 19:24:44.762 12221 14039 I ReactNativeJS: [outputs] outputs.hapticSymbol {"timestamp":26070939.46974,"wallClock":1760225084760,"enabled":true,"symbol":".","durationMs":120,"platform":"android","source":"console.replay","correlationId":"console-replay:mgmwkfvbdgf9m2vg","timelineOffsetMs":null}
10-11 19:24:44.768 12221 14039 I ReactNativeJS: [outputs] outputs.flashPulse {"timestamp":26070945.757136,"wallClock":1760225084767,"enabled":true,"durationMs":120,"source":"console.replay","correlationId":"console-replay:mgmwkfvbdgf9m2vg","timelineOffsetMs":17.366969000548124,"schedulingMode":"timeline","audioStartHeadroomMs":-78.94449000060558,"audioStartGuard":"headroom","audioStartCompensationMs":78.94449000060558}
10-11 19:24:44.838 12221 14039 I ReactNativeJS: [outputs] outputs.flashPulse.commit {"timestamp":26071016.309063,"wallClock":1760225084837,"durationMs":120,"source":"console.replay","correlationId":"console-replay:mgmwkfvbdgf9m2vg","latencyMs":81.64343799650669,"timelineOffsetMs":17.366969000548124,"leadMs":8,"scheduleSkewMs":70.55562499910593,"schedulingMode":"timeline","audioStartHeadroomMs":-78.94449000060558,"audioStartGuard":"headroom","audioStartCompensationMs":78.94449000060558}
10-11 19:24:44.859 12221 14668 D OutputsAudio: [outputs-audio] stop gain=1.000 release=6.00
10-11 19:24:44.980 12221 14668 D OutputsAudio: [outputs-audio] start hz=650.0 gain=1.000 attack=2.50 release=6.00
10-11 19:24:44.980 12221 14668 D OutputsAudio: [outputs-audio] playMorse.symbol.start sequence=22 symbol=- expected=26071114.799 actual=26071159.140 skew=44.342 batchElapsed=7244.342
10-11 19:24:44.998 12221 14039 D OutputsAudio: [outputs-audio] symbol.info sequence=22 symbol=- timestamp=26071159.140 duration=360.000 expected=26071114.799 skew=44.342 age=17.441
10-11 19:24:45.003 12221 14039 I ReactNativeJS: [outputs] playMorse.symbol {"timestamp":26071177.03573,"wallClock":1760225084998,"symbol":"-","durationMs":360,"index":21,"source":"console.replay","correlationId":"console-replay:hu2ic2wl","nativeTimestampMs":26071159.14,"nativeDurationMs":360,"nativeOffsetMs":17.7111979983747,"nativeSequence":22,"monotonicTimestampMs":26071159.14,"nativeExpectedTimestampMs":26071114.799,"nativeStartSkewMs":44.342,"nativeBatchElapsedMs":7244.342,"nativeExpectedSincePriorMs":240,"nativeSincePriorMs":241.849,"nativePatternStartMs":26063914.799,"nativeAgeMs":17.441}
10-11 19:24:45.005 12221 14039 I ReactNativeJS: [outputs] playMorse.symbol {"timestamp":26071182.179375,"wallClock":1760225085003,"symbol":"-","durationMs":360,"index":21,"source":"console.replay","correlationId":"console-replay:mgmwkg23a795rv29","nativeTimestampMs":26071159.14,"nativeDurationMs":360,"nativeOffsetMs":17.7111979983747,"nativeSequence":22,"monotonicTimestampMs":26071159.14,"nativeExpectedTimestampMs":26071114.799,"nativeStartSkewMs":44.342,"nativeBatchElapsedMs":7244.342,"nativeExpectedSincePriorMs":240,"nativeSincePriorMs":241.849,"nativePatternStartMs":26063914.799,"nativeAgeMs":17.441}
10-11 19:24:45.006 12221 14039 I ReactNativeJS: [outputs] outputs.hapticSymbol {"timestamp":26071184.562188,"wallClock":1760225085006,"enabled":true,"symbol":"-","durationMs":360,"platform":"android","source":"console.replay","correlationId":"console-replay:mgmwkg23a795rv29","timelineOffsetMs":null}
10-11 19:24:45.007 12221 14039 I ReactNativeJS: [outputs] outputs.flashPulse {"timestamp":26071185.951563,"wallClock":1760225085007,"enabled":true,"durationMs":360,"source":"console.replay","correlationId":"console-replay:mgmwkg23a795rv29","timelineOffsetMs":17.7111979983747,"schedulingMode":"timeline","audioStartHeadroomMs":-79.13480200245976,"audioStartGuard":"headroom","audioStartCompensationMs":79.13480200245976}
10-11 19:24:45.074 12221 14039 I ReactNativeJS: [outputs] outputs.flashPulse.commit {"timestamp":26071252.254375,"wallClock":1760225085073,"durationMs":360,"source":"console.replay","correlationId":"console-replay:mgmwkg23a795rv29","latencyMs":75.39499999955297,"timelineOffsetMs":17.7111979983747,"leadMs":8,"scheduleSkewMs":66.3094789981842,"schedulingMode":"timeline","audioStartHeadroomMs":-79.13480200245976,"audioStartGuard":"headroom","audioStartCompensationMs":79.13480200245976}
10-11 19:24:45.340 12221 14668 D OutputsAudio: [outputs-audio] stop gain=1.000 release=6.00
10-11 19:24:45.461 12221 14668 D OutputsAudio: [outputs-audio] start hz=650.0 gain=1.000 attack=2.50 release=6.00
10-11 19:24:45.461 12221 14668 D OutputsAudio: [outputs-audio] playMorse.symbol.start sequence=23 symbol=- expected=26071594.799 actual=26071640.175 skew=45.377 batchElapsed=7725.377
10-11 19:24:45.502 12221 14039 D OutputsAudio: [outputs-audio] symbol.info sequence=23 symbol=- timestamp=26071640.175 duration=360.000 expected=26071594.799 skew=45.377 age=41.124
10-11 19:24:45.504 12221 14039 I ReactNativeJS: [outputs] playMorse.symbol {"timestamp":26071681.551198,"wallClock":1760225085502,"symbol":"-","durationMs":360,"index":22,"source":"console.replay","correlationId":"console-replay:0qna52iv","nativeTimestampMs":26071640.175,"nativeDurationMs":360,"nativeOffsetMs":41.27421899884939,"nativeSequence":23,"monotonicTimestampMs":26071640.175,"nativeExpectedTimestampMs":26071594.799,"nativeStartSkewMs":45.377,"nativeBatchElapsedMs":7725.377,"nativeExpectedSincePriorMs":480,"nativeSincePriorMs":481.035,"nativePatternStartMs":26063914.799,"nativeAgeMs":41.124}
10-11 19:24:45.505 12221 14039 I ReactNativeJS: [outputs] playMorse.symbol {"timestamp":26071682.859219,"wallClock":1760225085504,"symbol":"-","durationMs":360,"index":22,"source":"console.replay","correlationId":"console-replay:mgmwkgg0db2qig3e","nativeTimestampMs":26071640.175,"nativeDurationMs":360,"nativeOffsetMs":41.27421899884939,"nativeSequence":23,"monotonicTimestampMs":26071640.175,"nativeExpectedTimestampMs":26071594.799,"nativeStartSkewMs":45.377,"nativeBatchElapsedMs":7725.377,"nativeExpectedSincePriorMs":480,"nativeSincePriorMs":481.035,"nativePatternStartMs":26063914.799,"nativeAgeMs":41.124}
10-11 19:24:45.505 12221 14039 I ReactNativeJS: [outputs] outputs.hapticSymbol {"timestamp":26071683.715469,"wallClock":1760225085505,"enabled":true,"symbol":"-","durationMs":360,"platform":"android","source":"console.replay","correlationId":"console-replay:mgmwkgg0db2qig3e","timelineOffsetMs":null}
10-11 19:24:45.507 12221 14039 I ReactNativeJS: [outputs] outputs.flashPulse {"timestamp":26071685.385417,"wallClock":1760225085506,"enabled":true,"durationMs":360,"source":"console.replay","correlationId":"console-replay:mgmwkgg0db2qig3e","timelineOffsetMs":41.27421899884939,"schedulingMode":"timeline","audioStartHeadroomMs":-98.56584400311112,"audioStartGuard":"headroom","audioStartCompensationMs":98.56584400311112}
10-11 19:24:45.585 12221 14039 I ReactNativeJS: [outputs] outputs.flashPulse.commit {"timestamp":26071763.694323,"wallClock":1760225085585,"durationMs":360,"source":"console.replay","correlationId":"console-replay:mgmwkgg0db2qig3e","latencyMs":82.23645799979568,"timelineOffsetMs":41.27421899884939,"leadMs":8,"scheduleSkewMs":78.31765599921346,"schedulingMode":"timeline","audioStartHeadroomMs":-98.56584400311112,"audioStartGuard":"headroom","audioStartCompensationMs":98.56584400311112}
10-11 19:24:45.821 12221 14668 D OutputsAudio: [outputs-audio] stop gain=1.000 release=6.00
10-11 19:24:45.942 12221 14668 D OutputsAudio: [outputs-audio] start hz=650.0 gain=1.000 attack=2.50 release=6.00
10-11 19:24:45.942 12221 14668 D OutputsAudio: [outputs-audio] playMorse.symbol.start sequence=24 symbol=- expected=26072074.799 actual=26072121.475 skew=46.677 batchElapsed=8206.677
10-11 19:24:45.956 12221 14039 D OutputsAudio: [outputs-audio] symbol.info sequence=24 symbol=- timestamp=26072121.475 duration=360.000 expected=26072074.799 skew=46.677 age=13.438
10-11 19:24:45.957 12221 14039 I ReactNativeJS: [outputs] playMorse.symbol {"timestamp":26072135.172813,"wallClock":1760225085956,"symbol":"-","durationMs":360,"index":23,"source":"console.replay","correlationId":"console-replay:6tkb569y","nativeTimestampMs":26072121.475,"nativeDurationMs":360,"nativeOffsetMs":13.595312997698784,"nativeSequence":24,"monotonicTimestampMs":26072121.475,"nativeExpectedTimestampMs":26072074.799,"nativeStartSkewMs":46.677,"nativeBatchElapsedMs":8206.677,"nativeExpectedSincePriorMs":480,"nativeSincePriorMs":481.3,"nativePatternStartMs":26063914.799,"nativeAgeMs":13.438}
10-11 19:24:45.958 12221 14039 I ReactNativeJS: [outputs] playMorse.symbol {"timestamp":26072136.46651,"wallClock":1760225085957,"symbol":"-","durationMs":360,"index":23,"source":"console.replay","correlationId":"console-replay:mgmwkgslfqlirafp","nativeTimestampMs":26072121.475,"nativeDurationMs":360,"nativeOffsetMs":13.595312997698784,"nativeSequence":24,"monotonicTimestampMs":26072121.475,"nativeExpectedTimestampMs":26072074.799,"nativeStartSkewMs":46.677,"nativeBatchElapsedMs":8206.677,"nativeExpectedSincePriorMs":480,"nativeSincePriorMs":481.3,"nativePatternStartMs":26063914.799,"nativeAgeMs":13.438}
10-11 19:24:45.959 12221 14039 I ReactNativeJS: [outputs] outputs.hapticSymbol {"timestamp":26072137.281406,"wallClock":1760225085958,"enabled":true,"symbol":"-","durationMs":360,"platform":"android","source":"console.replay","correlationId":"console-replay:mgmwkgslfqlirafp","timelineOffsetMs":null}
10-11 19:24:45.960 12221 14039 I ReactNativeJS: [outputs] outputs.flashPulse {"timestamp":26072138.768021,"wallClock":1760225085960,"enabled":true,"durationMs":360,"source":"console.replay","correlationId":"console-replay:mgmwkgslfqlirafp","timelineOffsetMs":13.595312997698784,"schedulingMode":"timeline","audioStartHeadroomMs":-71.95209399983287,"audioStartGuard":"headroom","audioStartCompensationMs":71.95209399983287}
10-11 19:24:46.023 12221 14039 I ReactNativeJS: [outputs] outputs.flashPulse.commit {"timestamp":26072201.863385,"wallClock":1760225086023,"durationMs":360,"source":"console.replay","correlationId":"console-replay:mgmwkgslfqlirafp","latencyMs":66.7847910001874,"timelineOffsetMs":13.595312997698784,"leadMs":8,"scheduleSkewMs":63.10098899900913,"schedulingMode":"timeline","audioStartHeadroomMs":-71.95209399983287,"audioStartGuard":"headroom","audioStartCompensationMs":71.95209399983287}
10-11 19:24:46.303 12221 14668 D OutputsAudio: [outputs-audio] stop gain=1.000 release=6.00
10-11 19:24:46.424 12221 14668 D OutputsAudio: [outputs-audio] start hz=650.0 gain=1.000 attack=2.50 release=6.00
10-11 19:24:46.424 12221 14668 D OutputsAudio: [outputs-audio] playMorse.symbol.start sequence=25 symbol=. expected=26072554.799 actual=26072603.554 skew=48.756 batchElapsed=8688.756
10-11 19:24:46.428 12221 14039 D OutputsAudio: [outputs-audio] symbol.info sequence=25 symbol=. timestamp=26072603.554 duration=120.000 expected=26072554.799 skew=48.756 age=3.955
10-11 19:24:46.433 12221 14039 I ReactNativeJS: [outputs] playMorse.symbol {"timestamp":26072607.815521,"wallClock":1760225086429,"symbol":".","durationMs":120,"index":24,"source":"console.replay","correlationId":"console-replay:z4e28eqj","nativeTimestampMs":26072603.554,"nativeDurationMs":120,"nativeOffsetMs":4.124957997351885,"nativeSequence":25,"monotonicTimestampMs":26072603.554,"nativeExpectedTimestampMs":26072554.799,"nativeStartSkewMs":48.756,"nativeBatchElapsedMs":8688.756,"nativeExpectedSincePriorMs":480,"nativeSincePriorMs":482.079,"nativePatternStartMs":26063914.799,"nativeAgeMs":3.955}
10-11 19:24:46.438 12221 14039 I ReactNativeJS: [outputs] playMorse.symbol {"timestamp":26072613.538125,"wallClock":1760225086434,"symbol":".","durationMs":120,"index":24,"source":"console.replay","correlationId":"console-replay:mgmwkh5tw12p48lz","nativeTimestampMs":26072603.554,"nativeDurationMs":120,"nativeOffsetMs":4.124957997351885,"nativeSequence":25,"monotonicTimestampMs":26072603.554,"nativeExpectedTimestampMs":26072554.799,"nativeStartSkewMs":48.756,"nativeBatchElapsedMs":8688.756,"nativeExpectedSincePriorMs":480,"nativeSincePriorMs":482.079,"nativePatternStartMs":26063914.799,"nativeAgeMs":3.955}
10-11 19:24:46.440 12221 14039 I ReactNativeJS: [outputs] outputs.hapticSymbol {"timestamp":26072616.925052,"wallClock":1760225086438,"enabled":true,"symbol":".","durationMs":120,"platform":"android","source":"console.replay","correlationId":"console-replay:mgmwkh5tw12p48lz","timelineOffsetMs":null}
10-11 19:24:46.445 12221 14039 I ReactNativeJS: [outputs] outputs.flashPulse {"timestamp":26072623.137135,"wallClock":1760225086444,"enabled":true,"durationMs":120,"source":"console.replay","correlationId":"console-replay:mgmwkh5tw12p48lz","timelineOffsetMs":4.124957997351885,"schedulingMode":"timeline","audioStartHeadroomMs":-76.31443700194359,"audioStartGuard":"headroom","audioStartCompensationMs":76.31443700194359}
10-11 19:24:46.545 12221 14668 D OutputsAudio: [outputs-audio] stop gain=1.000 release=6.00
10-11 19:24:46.589 12221 14039 I ReactNativeJS: [outputs] outputs.flashPulse.commit {"timestamp":26072723.574323,"wallClock":1760225086544,"durationMs":120,"source":"console.replay","correlationId":"console-replay:mgmwkh5tw12p48lz","latencyMs":101.2771880030632,"timelineOffsetMs":4.124957997351885,"leadMs":8,"scheduleSkewMs":85.8386980034411,"schedulingMode":"timeline","audioStartHeadroomMs":-76.31443700194359,"audioStartGuard":"headroom","audioStartCompensationMs":76.31443700194359}
10-11 19:24:46.665 12221 14668 D OutputsAudio: [outputs-audio] start hz=650.0 gain=1.000 attack=2.50 release=6.00
10-11 19:24:46.665 12221 14668 D OutputsAudio: [outputs-audio] playMorse.symbol.start sequence=26 symbol=. expected=26072794.799 actual=26072844.477 skew=49.679 batchElapsed=8929.679
10-11 19:24:46.674 12221 14039 D OutputsAudio: [outputs-audio] symbol.info sequence=26 symbol=. timestamp=26072844.477 duration=120.000 expected=26072794.799 skew=49.679 age=8.218
10-11 19:24:46.675 12221 14039 I ReactNativeJS: [outputs] playMorse.symbol {"timestamp":26072852.863073,"wallClock":1760225086674,"symbol":".","durationMs":120,"index":25,"source":"console.replay","correlationId":"console-replay:mh3sjbwx","nativeTimestampMs":26072844.477,"nativeDurationMs":120,"nativeOffsetMs":8.322478998452425,"nativeSequence":26,"monotonicTimestampMs":26072844.477,"nativeExpectedTimestampMs":26072794.799,"nativeStartSkewMs":49.679,"nativeBatchElapsedMs":8929.679,"nativeExpectedSincePriorMs":240,"nativeSincePriorMs":240.923,"nativePatternStartMs":26063914.799,"nativeAgeMs":8.218}
10-11 19:24:46.675 12221 14039 I ReactNativeJS: [outputs] playMorse.symbol {"timestamp":26072853.651927,"wallClock":1760225086675,"symbol":".","durationMs":120,"index":25,"source":"console.replay","correlationId":"console-replay:mgmwkhcj36py0uxe","nativeTimestampMs":26072844.477,"nativeDurationMs":120,"nativeOffsetMs":8.322478998452425,"nativeSequence":26,"monotonicTimestampMs":26072844.477,"nativeExpectedTimestampMs":26072794.799,"nativeStartSkewMs":49.679,"nativeBatchElapsedMs":8929.679,"nativeExpectedSincePriorMs":240,"nativeSincePriorMs":240.923,"nativePatternStartMs":26063914.799,"nativeAgeMs":8.218}
10-11 19:24:46.675 12221 14039 I ReactNativeJS: [outputs] outputs.hapticSymbol {"timestamp":26072854.148646,"wallClock":1760225086675,"enabled":true,"symbol":".","durationMs":120,"platform":"android","source":"console.replay","correlationId":"console-replay:mgmwkhcj36py0uxe","timelineOffsetMs":null}
10-11 19:24:46.676 12221 14039 I ReactNativeJS: [outputs] outputs.flashPulse {"timestamp":26072855.059635,"wallClock":1760225086676,"enabled":true,"durationMs":120,"source":"console.replay","correlationId":"console-replay:mgmwkhcj36py0uxe","timelineOffsetMs":8.322478998452425,"schedulingMode":"timeline","audioStartHeadroomMs":-68.2463640011847,"audioStartGuard":"headroom","audioStartCompensationMs":68.2463640011847}
10-11 19:24:46.733 12221 14039 I ReactNativeJS: [outputs] outputs.flashPulse.commit {"timestamp":26072911.045521,"wallClock":1760225086732,"durationMs":120,"source":"console.replay","correlationId":"console-replay:mgmwkhcj36py0uxe","latencyMs":58.236875001341105,"timelineOffsetMs":8.322478998452425,"leadMs":8,"scheduleSkewMs":55.988905999809504,"schedulingMode":"timeline","audioStartHeadroomMs":-68.2463640011847,"audioStartGuard":"headroom","audioStartCompensationMs":68.2463640011847}
10-11 19:24:46.786 12221 14668 D OutputsAudio: [outputs-audio] stop gain=1.000 release=6.00
10-11 19:24:46.906 12221 14668 D OutputsAudio: [outputs-audio] start hz=650.0 gain=1.000 attack=2.50 release=6.00
10-11 19:24:46.907 12221 14668 D OutputsAudio: [outputs-audio] playMorse.symbol.start sequence=27 symbol=. expected=26073034.799 actual=26073085.699 skew=50.900 batchElapsed=9170.900
10-11 19:24:46.917 12221 14039 D OutputsAudio: [outputs-audio] symbol.info sequence=27 symbol=. timestamp=26073085.699 duration=120.000 expected=26073034.799 skew=50.900 age=10.075
10-11 19:24:46.920 12221 14039 I ReactNativeJS: [outputs] playMorse.symbol {"timestamp":26073096.034687,"wallClock":1760225086917,"symbol":".","durationMs":120,"index":26,"source":"console.replay","correlationId":"console-replay:ixkec7a6","nativeTimestampMs":26073085.699,"nativeDurationMs":120,"nativeOffsetMs":10.208760000765324,"nativeSequence":27,"monotonicTimestampMs":26073085.699,"nativeExpectedTimestampMs":26073034.799,"nativeStartSkewMs":50.9,"nativeBatchElapsedMs":9170.9,"nativeExpectedSincePriorMs":240,"nativeSincePriorMs":241.221,"nativePatternStartMs":26063914.799,"nativeAgeMs":10.075}
10-11 19:24:46.921 12221 14039 I ReactNativeJS: [outputs] playMorse.symbol {"timestamp":26073098.895781,"wallClock":1760225086920,"symbol":".","durationMs":120,"index":26,"source":"console.replay","correlationId":"console-replay:mgmwkhjczy0k7osw","nativeTimestampMs":26073085.699,"nativeDurationMs":120,"nativeOffsetMs":10.208760000765324,"nativeSequence":27,"monotonicTimestampMs":26073085.699,"nativeExpectedTimestampMs":26073034.799,"nativeStartSkewMs":50.9,"nativeBatchElapsedMs":9170.9,"nativeExpectedSincePriorMs":240,"nativeSincePriorMs":241.221,"nativePatternStartMs":26063914.799,"nativeAgeMs":10.075}
10-11 19:24:46.922 12221 14039 I ReactNativeJS: [outputs] outputs.hapticSymbol {"timestamp":26073100.269062,"wallClock":1760225086921,"enabled":true,"symbol":".","durationMs":120,"platform":"android","source":"console.replay","correlationId":"console-replay:mgmwkhjczy0k7osw","timelineOffsetMs":null}
10-11 19:24:46.924 12221 14039 I ReactNativeJS: [outputs] outputs.flashPulse {"timestamp":26073102.70927,"wallClock":1760225086924,"enabled":true,"durationMs":120,"source":"console.replay","correlationId":"console-replay:mgmwkhjczy0k7osw","timelineOffsetMs":10.208760000765324,"schedulingMode":"timeline","audioStartHeadroomMs":-75.8920410014689,"audioStartGuard":"headroom","audioStartCompensationMs":75.8920410014689}
10-11 19:24:46.996 12221 14039 I ReactNativeJS: [outputs] outputs.flashPulse.commit {"timestamp":26073175.071406,"wallClock":1760225086996,"durationMs":120,"source":"console.replay","correlationId":"console-replay:mgmwkhjczy0k7osw","latencyMs":79.15432299673557,"timelineOffsetMs":10.208760000765324,"leadMs":8,"scheduleSkewMs":72.36828099936247,"schedulingMode":"timeline","audioStartHeadroomMs":-75.8920410014689,"audioStartGuard":"headroom","audioStartCompensationMs":75.8920410014689}
10-11 19:24:47.028 12221 14668 D OutputsAudio: [outputs-audio] stop gain=1.000 release=6.00
10-11 19:24:47.028 12221 14668 D OutputsAudio: [outputs-audio] stop gain=1.000 release=6.00
10-11 19:24:47.028 12221 14668 D OutputsAudio: [outputs-audio] playMorse.end cancelled=0
10-11 19:24:47.042 12221 14039 I ReactNativeJS: [outputs] playMorse.complete {"timestamp":26073220.741979,"wallClock":1760225087042,"durationMs":10065.31895500049,"source":"console.replay","audioEnabled":true,"audioVolumePercent":100}
10-11 19:24:50.449 12221 14039 I ReactNativeJS: [outputs] playMorse.start {"timestamp":26076626.622394,"wallClock":1760225090448,"unitMs":80,"length":29,"source":"console.replay","audioEnabled":true,"audioVolumePercent":100}
10-11 19:24:50.980 12221 14039 D OutputsAudio: [outputs-audio] warmup hz=650.0
10-11 19:24:50.980 12221 14720 D OutputsAudio: [outputs-audio] playMorse.start count=27 unit=80.0
10-11 19:24:50.980 12221 14720 D OutputsAudio: [outputs-audio] start hz=650.0 gain=1.000 attack=2.50 release=6.00
10-11 19:24:50.980 12221 14720 D OutputsAudio: [outputs-audio] playMorse.symbol.start sequence=1 symbol=. expected=26077159.020 actual=26077159.413 skew=0.393 batchElapsed=0.393
10-11 19:24:51.031 12221 14039 D OutputsAudio: [outputs-audio] symbol.info sequence=1 symbol=. timestamp=26077159.413 duration=80.000 expected=26077159.020 skew=0.393 age=50.646
10-11 19:24:51.033 12221 14039 I ReactNativeJS: [outputs] playMorse.symbol {"timestamp":26077210.379477,"wallClock":1760225091031,"symbol":".","durationMs":80,"index":0,"source":"console.replay","correlationId":"console-replay:8npe0a1o","nativeTimestampMs":26077159.413,"nativeDurationMs":80,"nativeOffsetMs":50.8465810008347,"nativeSequence":1,"monotonicTimestampMs":26077159.413,"nativeExpectedTimestampMs":26077159.02,"nativeStartSkewMs":0.393,"nativeBatchElapsedMs":0.393,"nativeExpectedSincePriorMs":0,"nativeSincePriorMs":0,"nativePatternStartMs":26077159.02,"nativeAgeMs":50.646}
10-11 19:24:51.034 12221 14039 I ReactNativeJS: [outputs] playMorse.symbol {"timestamp":26077212.166977,"wallClock":1760225091033,"symbol":".","durationMs":80,"index":0,"source":"console.replay","correlationId":"console-replay:mgmwkkplw4tm81s5","nativeTimestampMs":26077159.413,"nativeDurationMs":80,"nativeOffsetMs":50.8465810008347,"nativeSequence":1,"monotonicTimestampMs":26077159.413,"nativeExpectedTimestampMs":26077159.02,"nativeStartSkewMs":0.393,"nativeBatchElapsedMs":0.393,"nativeExpectedSincePriorMs":0,"nativeSincePriorMs":0,"nativePatternStartMs":26077159.02,"nativeAgeMs":50.646}
10-11 19:24:51.036 12221 14039 I ReactNativeJS: [outputs] outputs.hapticSymbol {"timestamp":26077213.579529,"wallClock":1760225091034,"enabled":true,"symbol":".","durationMs":80,"platform":"android","source":"console.replay","correlationId":"console-replay:mgmwkkplw4tm81s5","timelineOffsetMs":null}
10-11 19:24:51.038 12221 14039 I ReactNativeJS: [outputs] outputs.flashPulse {"timestamp":26077215.711665,"wallClock":1760225091037,"enabled":true,"durationMs":80,"source":"console.replay","correlationId":"console-replay:mgmwkkplw4tm81s5","timelineOffsetMs":50.8465810008347,"schedulingMode":"timeline","audioStartHeadroomMs":-64.66755000129342,"audioStartGuard":"headroom","audioStartCompensationMs":64.66755000129342}
10-11 19:24:51.061 12221 14720 D OutputsAudio: [outputs-audio] stop gain=1.000 release=6.00
10-11 19:24:51.127 12221 14039 I ReactNativeJS: [outputs] outputs.flashPulse.commit {"timestamp":26077305.130831,"wallClock":1760225091126,"durationMs":80,"source":"console.replay","correlationId":"console-replay:mgmwkkplw4tm81s5","latencyMs":94.84333400055766,"timelineOffsetMs":50.8465810008347,"leadMs":8,"scheduleSkewMs":89.41124999895692,"schedulingMode":"timeline","audioStartHeadroomMs":-64.66755000129342,"audioStartGuard":"headroom","audioStartCompensationMs":64.66755000129342}
10-11 19:24:51.141 12221 14720 D OutputsAudio: [outputs-audio] start hz=650.0 gain=1.000 attack=2.50 release=6.00
10-11 19:24:51.141 12221 14720 D OutputsAudio: [outputs-audio] playMorse.symbol.start sequence=2 symbol=. expected=26077319.020 actual=26077320.384 skew=1.363 batchElapsed=161.363
10-11 19:24:51.180 12221 14039 D OutputsAudio: [outputs-audio] symbol.info sequence=2 symbol=. timestamp=26077320.384 duration=80.000 expected=26077319.020 skew=1.363 age=38.546
10-11 19:24:51.181 12221 14039 I ReactNativeJS: [outputs] playMorse.symbol {"timestamp":26077359.063175,"wallClock":1760225091180,"symbol":".","durationMs":80,"index":1,"source":"console.replay","correlationId":"console-replay:v735hip5","nativeTimestampMs":26077320.384,"nativeDurationMs":80,"nativeOffsetMs":38.633290000259876,"nativeSequence":2,"monotonicTimestampMs":26077320.384,"nativeExpectedTimestampMs":26077319.02,"nativeStartSkewMs":1.363,"nativeBatchElapsedMs":161.363,"nativeExpectedSincePriorMs":160,"nativeSincePriorMs":160.971,"nativePatternStartMs":26077159.02,"nativeAgeMs":38.546}
10-11 19:24:51.181 12221 14039 I ReactNativeJS: [outputs] playMorse.symbol {"timestamp":26077359.711144,"wallClock":1760225091181,"symbol":".","durationMs":80,"index":1,"source":"console.replay","correlationId":"console-replay:mgmwkktp7myyd1ut","nativeTimestampMs":26077320.384,"nativeDurationMs":80,"nativeOffsetMs":38.633290000259876,"nativeSequence":2,"monotonicTimestampMs":26077320.384,"nativeExpectedTimestampMs":26077319.02,"nativeStartSkewMs":1.363,"nativeBatchElapsedMs":161.363,"nativeExpectedSincePriorMs":160,"nativeSincePriorMs":160.971,"nativePatternStartMs":26077159.02,"nativeAgeMs":38.546}
10-11 19:24:51.182 12221 14039 I ReactNativeJS: [outputs] outputs.hapticSymbol {"timestamp":26077360.215936,"wallClock":1760225091181,"enabled":true,"symbol":".","durationMs":80,"platform":"android","source":"console.replay","correlationId":"console-replay:mgmwkktp7myyd1ut","timelineOffsetMs":null}
10-11 19:24:51.182 12221 14039 I ReactNativeJS: [outputs] outputs.flashPulse {"timestamp":26077361.065102,"wallClock":1760225091182,"enabled":true,"durationMs":80,"source":"console.replay","correlationId":"console-replay:mgmwkktp7myyd1ut","timelineOffsetMs":38.633290000259876,"schedulingMode":"timeline","audioStartHeadroomMs":-50.03484199941158,"audioStartGuard":"headroom","audioStartCompensationMs":50.03484199941158}
10-11 19:24:51.222 12221 14720 D OutputsAudio: [outputs-audio] stop gain=1.000 release=6.00
10-11 19:24:51.243 12221 14039 I ReactNativeJS: [outputs] outputs.flashPulse.commit {"timestamp":26077421.129269,"wallClock":1760225091242,"durationMs":80,"source":"console.replay","correlationId":"console-replay:mgmwkktp7myyd1ut","latencyMs":62.10255200043321,"timelineOffsetMs":38.633290000259876,"leadMs":8,"scheduleSkewMs":60.063386000692844,"schedulingMode":"timeline","audioStartHeadroomMs":-50.03484199941158,"audioStartGuard":"headroom","audioStartCompensationMs":50.03484199941158}
10-11 19:24:51.303 12221 14720 D OutputsAudio: [outputs-audio] start hz=650.0 gain=1.000 attack=2.50 release=6.00
10-11 19:24:51.303 12221 14720 D OutputsAudio: [outputs-audio] playMorse.symbol.start sequence=3 symbol=. expected=26077479.020 actual=26077481.911 skew=2.891 batchElapsed=322.891
10-11 19:24:51.325 12221 14039 D OutputsAudio: [outputs-audio] symbol.info sequence=3 symbol=. timestamp=26077481.911 duration=80.000 expected=26077479.020 skew=2.891 age=21.893
10-11 19:24:51.326 12221 14039 I ReactNativeJS: [outputs] playMorse.symbol {"timestamp":26077504.183852,"wallClock":1760225091325,"symbol":".","durationMs":80,"index":2,"source":"console.replay","correlationId":"console-replay:r9bqcnih","nativeTimestampMs":26077481.911,"nativeDurationMs":80,"nativeOffsetMs":22.061863001435995,"nativeSequence":3,"monotonicTimestampMs":26077481.911,"nativeExpectedTimestampMs":26077479.02,"nativeStartSkewMs":2.891,"nativeBatchElapsedMs":322.891,"nativeExpectedSincePriorMs":160,"nativeSincePriorMs":161.528,"nativePatternStartMs":26077159.02,"nativeAgeMs":21.893}
10-11 19:24:51.326 12221 14039 I ReactNativeJS: [outputs] playMorse.symbol {"timestamp":26077505.03281,"wallClock":1760225091326,"symbol":".","durationMs":80,"index":2,"source":"console.replay","correlationId":"console-replay:mgmwkkxq5k9uy3ki","nativeTimestampMs":26077481.911,"nativeDurationMs":80,"nativeOffsetMs":22.061863001435995,"nativeSequence":3,"monotonicTimestampMs":26077481.911,"nativeExpectedTimestampMs":26077479.02,"nativeStartSkewMs":2.891,"nativeBatchElapsedMs":322.891,"nativeExpectedSincePriorMs":160,"nativeSincePriorMs":161.528,"nativePatternStartMs":26077159.02,"nativeAgeMs":21.893}
10-11 19:24:51.327 12221 14039 I ReactNativeJS: [outputs] outputs.hapticSymbol {"timestamp":26077505.549842,"wallClock":1760225091326,"enabled":true,"symbol":".","durationMs":80,"platform":"android","source":"console.replay","correlationId":"console-replay:mgmwkkxq5k9uy3ki","timelineOffsetMs":null}
10-11 19:24:51.328 12221 14039 I ReactNativeJS: [outputs] outputs.flashPulse {"timestamp":26077506.493175,"wallClock":1760225091327,"enabled":true,"durationMs":80,"source":"console.replay","correlationId":"console-replay:mgmwkkxq5k9uy3ki","timelineOffsetMs":22.061863001435995,"schedulingMode":"timeline","audioStartHeadroomMs":-35.4599459990859,"audioStartGuard":"headroom","audioStartCompensationMs":35.4599459990859}
10-11 19:24:51.384 12221 14720 D OutputsAudio: [outputs-audio] stop gain=1.000 release=6.00
10-11 19:24:51.384 12221 14039 I ReactNativeJS: [outputs] outputs.flashPulse.commit {"timestamp":26077562.951821,"wallClock":1760225091384,"durationMs":80,"source":"console.replay","correlationId":"console-replay:mgmwkkxq5k9uy3ki","latencyMs":58.970155999064445,"timelineOffsetMs":22.061863001435995,"leadMs":8,"scheduleSkewMs":56.46109399944544,"schedulingMode":"timeline","audioStartHeadroomMs":-35.4599459990859,"audioStartGuard":"headroom","audioStartCompensationMs":35.4599459990859}
10-11 19:24:51.465 12221 14720 D OutputsAudio: [outputs-audio] start hz=650.0 gain=1.000 attack=2.50 release=6.00
10-11 19:24:51.465 12221 14720 D OutputsAudio: [outputs-audio] playMorse.symbol.start sequence=4 symbol=- expected=26077639.020 actual=26077644.132 skew=5.112 batchElapsed=485.112
10-11 19:24:51.475 12221 14039 D OutputsAudio: [outputs-audio] symbol.info sequence=4 symbol=- timestamp=26077644.132 duration=240.000 expected=26077639.020 skew=5.112 age=10.250
10-11 19:24:51.476 12221 14039 I ReactNativeJS: [outputs] playMorse.symbol {"timestamp":26077654.58255,"wallClock":1760225091476,"symbol":"-","durationMs":240,"index":3,"source":"console.replay","correlationId":"console-replay:rraihsv3","nativeTimestampMs":26077644.132,"nativeDurationMs":240,"nativeOffsetMs":10.378205999732018,"nativeSequence":4,"monotonicTimestampMs":26077644.132,"nativeExpectedTimestampMs":26077639.02,"nativeStartSkewMs":5.112,"nativeBatchElapsedMs":485.112,"nativeExpectedSincePriorMs":160,"nativeSincePriorMs":162.221,"nativePatternStartMs":26077159.02,"nativeAgeMs":10.25}
10-11 19:24:51.477 12221 14039 I ReactNativeJS: [outputs] playMorse.symbol {"timestamp":26077655.472758,"wallClock":1760225091476,"symbol":"-","durationMs":240,"index":3,"source":"console.replay","correlationId":"console-replay:mgmwkl1wdth581hn","nativeTimestampMs":26077644.132,"nativeDurationMs":240,"nativeOffsetMs":10.378205999732018,"nativeSequence":4,"monotonicTimestampMs":26077644.132,"nativeExpectedTimestampMs":26077639.02,"nativeStartSkewMs":5.112,"nativeBatchElapsedMs":485.112,"nativeExpectedSincePriorMs":160,"nativeSincePriorMs":162.221,"nativePatternStartMs":26077159.02,"nativeAgeMs":10.25}
10-11 19:24:51.478 12221 14039 I ReactNativeJS: [outputs] outputs.hapticSymbol {"timestamp":26077656.153696,"wallClock":1760225091477,"enabled":true,"symbol":"-","durationMs":240,"platform":"android","source":"console.replay","correlationId":"console-replay:mgmwkl1wdth581hn","timelineOffsetMs":null}
10-11 19:24:51.479 12221 14039 I ReactNativeJS: [outputs] outputs.flashPulse {"timestamp":26077657.191352,"wallClock":1760225091478,"enabled":true,"durationMs":240,"source":"console.replay","correlationId":"console-replay:mgmwkl1wdth581hn","timelineOffsetMs":10.378205999732018,"schedulingMode":"timeline","audioStartHeadroomMs":-26.157081000506878,"audioStartGuard":"headroom","audioStartCompensationMs":26.157081000506878}
10-11 19:24:51.539 12221 14039 I ReactNativeJS: [outputs] outputs.flashPulse.commit {"timestamp":26077717.828331,"wallClock":1760225091539,"durationMs":240,"source":"console.replay","correlationId":"console-replay:mgmwkl1wdth581hn","latencyMs":63.308386001735926,"timelineOffsetMs":10.378205999732018,"leadMs":8,"scheduleSkewMs":60.63916699960828,"schedulingMode":"timeline","audioStartHeadroomMs":-26.157081000506878,"audioStartGuard":"headroom","audioStartCompensationMs":26.157081000506878}
10-11 19:24:51.706 12221 14720 D OutputsAudio: [outputs-audio] stop gain=1.000 release=6.00
10-11 19:24:51.786 12221 14720 D OutputsAudio: [outputs-audio] start hz=650.0 gain=1.000 attack=2.50 release=6.00
10-11 19:24:51.786 12221 14720 D OutputsAudio: [outputs-audio] playMorse.symbol.start sequence=5 symbol=- expected=26077959.020 actual=26077965.440 skew=6.420 batchElapsed=806.420
10-11 19:24:51.798 12221 14039 D OutputsAudio: [outputs-audio] symbol.info sequence=5 symbol=- timestamp=26077965.440 duration=240.000 expected=26077959.020 skew=6.420 age=12.075
10-11 19:24:51.800 12221 14039 I ReactNativeJS: [outputs] playMorse.symbol {"timestamp":26077977.764633,"wallClock":1760225091799,"symbol":"-","durationMs":240,"index":4,"source":"console.replay","correlationId":"console-replay:bmv4weyb","nativeTimestampMs":26077965.44,"nativeDurationMs":240,"nativeOffsetMs":12.222810000181198,"nativeSequence":5,"monotonicTimestampMs":26077965.44,"nativeExpectedTimestampMs":26077959.02,"nativeStartSkewMs":6.42,"nativeBatchElapsedMs":806.42,"nativeExpectedSincePriorMs":320,"nativeSincePriorMs":321.308,"nativePatternStartMs":26077159.02,"nativeAgeMs":12.075}
10-11 19:24:51.801 12221 14039 I ReactNativeJS: [outputs] playMorse.symbol {"timestamp":26077979.000467,"wallClock":1760225091800,"symbol":"-","durationMs":240,"index":4,"source":"console.replay","correlationId":"console-replay:mgmwklaw5jpozia6","nativeTimestampMs":26077965.44,"nativeDurationMs":240,"nativeOffsetMs":12.222810000181198,"nativeSequence":5,"monotonicTimestampMs":26077965.44,"nativeExpectedTimestampMs":26077959.02,"nativeStartSkewMs":6.42,"nativeBatchElapsedMs":806.42,"nativeExpectedSincePriorMs":320,"nativeSincePriorMs":321.308,"nativePatternStartMs":26077159.02,"nativeAgeMs":12.075}
10-11 19:24:51.801 12221 14039 I ReactNativeJS: [outputs] outputs.hapticSymbol {"timestamp":26077979.785102,"wallClock":1760225091801,"enabled":true,"symbol":"-","durationMs":240,"platform":"android","source":"console.replay","correlationId":"console-replay:mgmwklaw5jpozia6","timelineOffsetMs":null}
10-11 19:24:51.803 12221 14039 I ReactNativeJS: [outputs] outputs.flashPulse {"timestamp":26077981.321248,"wallClock":1760225091802,"enabled":true,"durationMs":240,"source":"console.replay","correlationId":"console-replay:mgmwklaw5jpozia6","timelineOffsetMs":12.222810000181198,"schedulingMode":"timeline","audioStartHeadroomMs":-30.2817689999938,"audioStartGuard":"headroom","audioStartCompensationMs":30.2817689999938}
10-11 19:24:51.884 12221 14039 I ReactNativeJS: [outputs] outputs.flashPulse.commit {"timestamp":26078062.280883,"wallClock":1760225091883,"durationMs":240,"source":"console.replay","correlationId":"console-replay:mgmwklaw5jpozia6","latencyMs":84.60734399780631,"timelineOffsetMs":12.222810000181198,"leadMs":8,"scheduleSkewMs":80.96520799770951,"schedulingMode":"timeline","audioStartHeadroomMs":-30.2817689999938,"audioStartGuard":"headroom","audioStartCompensationMs":30.2817689999938}
10-11 19:24:52.027 12221 14720 D OutputsAudio: [outputs-audio] stop gain=1.000 release=6.00
10-11 19:24:52.108 12221 14720 D OutputsAudio: [outputs-audio] start hz=650.0 gain=1.000 attack=2.50 release=6.00
10-11 19:24:52.108 12221 14720 D OutputsAudio: [outputs-audio] playMorse.symbol.start sequence=6 symbol=- expected=26078279.020 actual=26078287.342 skew=8.322 batchElapsed=1128.322
10-11 19:24:52.116 12221 14039 D OutputsAudio: [outputs-audio] symbol.info sequence=6 symbol=- timestamp=26078287.342 duration=240.000 expected=26078279.020 skew=8.322 age=8.050
10-11 19:24:52.118 12221 14039 I ReactNativeJS: [outputs] playMorse.symbol {"timestamp":26078295.641664,"wallClock":1760225092117,"symbol":"-","durationMs":240,"index":5,"source":"console.replay","correlationId":"console-replay:6acur09e","nativeTimestampMs":26078287.342,"nativeDurationMs":240,"nativeOffsetMs":8.198102001100779,"nativeSequence":6,"monotonicTimestampMs":26078287.342,"nativeExpectedTimestampMs":26078279.02,"nativeStartSkewMs":8.322,"nativeBatchElapsedMs":1128.322,"nativeExpectedSincePriorMs":320,"nativeSincePriorMs":321.902,"nativePatternStartMs":26077159.02,"nativeAgeMs":8.05}
10-11 19:24:52.119 12221 14039 I ReactNativeJS: [outputs] playMorse.symbol {"timestamp":26078297.384789,"wallClock":1760225092118,"symbol":"-","durationMs":240,"index":5,"source":"console.replay","correlationId":"console-replay:mgmwkljq59ckg8ir","nativeTimestampMs":26078287.342,"nativeDurationMs":240,"nativeOffsetMs":8.198102001100779,"nativeSequence":6,"monotonicTimestampMs":26078287.342,"nativeExpectedTimestampMs":26078279.02,"nativeStartSkewMs":8.322,"nativeBatchElapsedMs":1128.322,"nativeExpectedSincePriorMs":320,"nativeSincePriorMs":321.902,"nativePatternStartMs":26077159.02,"nativeAgeMs":8.05}
10-11 19:24:52.120 12221 14039 I ReactNativeJS: [outputs] outputs.hapticSymbol {"timestamp":26078298.377758,"wallClock":1760225092119,"enabled":true,"symbol":"-","durationMs":240,"platform":"android","source":"console.replay","correlationId":"console-replay:mgmwkljq59ckg8ir","timelineOffsetMs":null}
