10-12 10:25:44.208 21246 22662 I ReactNativeJS: [outputs] outputs.flashPulse.commit {"timestamp":46919274.877672,"wallClock":1760279144208,"durationMs":80,"source":"console.replay","correlationId":"console-replay:mgnsr4b7vs5ja9ds","latencyMs":118.62281800061464,"timelineOffsetMs":-6.370931997895241,"leadMs":8,"scheduleSkewMs":64.24125000089407,"schedulingMode":"timeline","audioStartHeadroomMs":-84.00516200065613,"audioStartGuard":"headroom","audioStartCompensationMs":84.00516200065613}
10-12 10:25:44.265 21246 22662 D OutputsAudio: [outputs-audio] symbol.info sequence=4 symbol=- timestamp=46919327.379 duration=240.000 expected=46919294.621 skew=32.759 age=4.865
10-12 10:25:44.266 21246 22662 I ReactNativeJS: [outputs] playMorse.symbol {"timestamp":46919332.382881,"wallClock":1760279144265,"symbol":"-","durationMs":240,"index":3,"source":"console.replay","correlationId":"console-replay:vg3ybfy6","nativeTimestampMs":46919327.379,"nativeDurationMs":240,"nativeOffsetMs":4.956537000834942,"nativeSequence":4,"monotonicTimestampMs":46919327.379,"nativeExpectedTimestampMs":46919294.621,"nativeStartSkewMs":32.759,"nativeBatchElapsedMs":512.759,"nativeExpectedSincePriorMs":160,"nativeSincePriorMs":171.133,"nativePatternStartMs":46918814.621,"nativeAgeMs":4.865}
10-12 10:25:44.266 21246 22662 I ReactNativeJS: [outputs] playMorse.symbol {"timestamp":46919332.875589,"wallClock":1760279144266,"symbol":"-","durationMs":240,"index":3,"source":"console.replay","correlationId":"console-replay:mgnsr4gavejfg6ez","nativeTimestampMs":46919327.379,"nativeDurationMs":240,"nativeOffsetMs":4.956537000834942,"nativeSequence":4,"monotonicTimestampMs":46919327.379,"nativeExpectedTimestampMs":46919294.621,"nativeStartSkewMs":32.759,"nativeBatchElapsedMs":512.759,"nativeExpectedSincePriorMs":160,"nativeSincePriorMs":171.133,"nativePatternStartMs":46918814.621,"nativeAgeMs":4.865}
10-12 10:25:44.266 21246 22662 I ReactNativeJS: [outputs] outputs.hapticSymbol {"timestamp":46919333.207829,"wallClock":1760279144266,"enabled":true,"symbol":"-","durationMs":240,"platform":"android","source":"console.replay","correlationId":"console-replay:mgnsr4gavejfg6ez","timelineOffsetMs":null}
10-12 10:25:44.267 21246 22662 I ReactNativeJS: [outputs] outputs.flashPulse {"timestamp":46919333.714652,"wallClock":1760279144267,"enabled":true,"durationMs":240,"source":"console.replay","correlationId":"console-replay:mgnsr4gavejfg6ez","timelineOffsetMs":4.956537000834942,"schedulingMode":"timeline","audioStartHeadroomMs":-47.08448500186205,"audioStartGuard":"headroom","audioStartCompensationMs":47.08448500186205}
10-12 10:25:44.334 21246 22662 I ReactNativeJS: [outputs] outputs.flashPulse.commit {"timestamp":46919400.846422,"wallClock":1760279144334,"durationMs":240,"source":"console.replay","correlationId":"console-replay:mgnsr4gavejfg6ez","latencyMs":68.50317700207233,"timelineOffsetMs":4.956537000834942,"leadMs":8,"scheduleSkewMs":67.13161400705576,"schedulingMode":"timeline","audioStartHeadroomMs":-47.08448500186205,"audioStartGuard":"headroom","audioStartCompensationMs":47.08448500186205}
10-12 10:25:44.501 21246 22802 D OutputsAudio: [outputs-audio] stop gain=1.000 release=6.00
10-12 10:25:44.501 21246 22802 D OutputsAudio: [outputs-audio] playMorse.gap sequence=4 nextOffset=800.000 gapTarget=46919614.621
10-12 10:25:44.501 21246 22802 D OutputsAudio: [outputs-audio] playMorse.dispatch sequence=5 symbol=- offset=800.000 lead=90.000 dispatchAt=46919524.621
10-12 10:25:44.501 21246 22802 D OutputsAudio: [outputs-audio] start hz=650.0 gain=1.000 attack=2.50 release=6.00
10-12 10:25:44.501 21246 22802 D OutputsAudio: [outputs-audio] playMorse.symbol.start sequence=5 symbol=- expected=46919614.621 actual=46919658.051 skew=43.430 batchElapsed=843.430
10-12 10:25:44.589 21246 22662 D OutputsAudio: [outputs-audio] symbol.info sequence=5 symbol=- timestamp=46919658.051 duration=240.000 expected=46919614.621 skew=43.430 age=0.000
10-12 10:25:44.591 21246 22662 I ReactNativeJS: [outputs] playMorse.symbol {"timestamp":46919656.130068,"wallClock":1760279144589,"symbol":"-","durationMs":240,"index":4,"source":"console.replay","correlationId":"console-replay:m6cxrfsp","nativeTimestampMs":46919658.051,"nativeDurationMs":240,"nativeOffsetMs":-2.092129997909069,"nativeSequence":5,"monotonicTimestampMs":46919658.051,"nativeExpectedTimestampMs":46919614.621,"nativeStartSkewMs":43.43,"nativeBatchElapsedMs":843.43,"nativeExpectedSincePriorMs":320,"nativeSincePriorMs":330.672,"nativePatternStartMs":46918814.621,"nativeAgeMs":0}
10-12 10:25:44.592 21246 22662 I ReactNativeJS: [outputs] playMorse.symbol {"timestamp":46919657.844235,"wallClock":1760279144591,"symbol":"-","durationMs":240,"index":4,"source":"console.replay","correlationId":"console-replay:mgnsr4pb2qod1jgf","nativeTimestampMs":46919658.051,"nativeDurationMs":240,"nativeOffsetMs":-2.092129997909069,"nativeSequence":5,"monotonicTimestampMs":46919658.051,"nativeExpectedTimestampMs":46919614.621,"nativeStartSkewMs":43.43,"nativeBatchElapsedMs":843.43,"nativeExpectedSincePriorMs":320,"nativeSincePriorMs":330.672,"nativePatternStartMs":46918814.621,"nativeAgeMs":0}
10-12 10:25:44.594 21246 22662 I ReactNativeJS: [outputs] outputs.hapticSymbol {"timestamp":46919659.378974,"wallClock":1760279144592,"enabled":true,"symbol":"-","durationMs":240,"platform":"android","source":"console.replay","correlationId":"console-replay:mgnsr4pb2qod1jgf","timelineOffsetMs":null}
10-12 10:25:44.597 21246 22662 I ReactNativeJS: [outputs] outputs.flashPulse {"timestamp":46919663.106891,"wallClock":1760279144596,"enabled":true,"durationMs":240,"source":"console.replay","correlationId":"console-replay:mgnsr4pb2qod1jgf","timelineOffsetMs":-2.092129997909069,"schedulingMode":"timeline","audioStartHeadroomMs":-56.467088997364044,"audioStartGuard":"headroom","audioStartCompensationMs":56.467088997364044}
10-12 10:25:44.668 21246 22662 I ReactNativeJS: [outputs] outputs.flashPulse.commit {"timestamp":46919734.254183,"wallClock":1760279144667,"durationMs":240,"source":"console.replay","correlationId":"console-replay:mgnsr4pb2qod1jgf","latencyMs":76.19432900100946,"timelineOffsetMs":-2.092129997909069,"leadMs":8,"scheduleSkewMs":71.15416699647903,"schedulingMode":"timeline","audioStartHeadroomMs":-56.467088997364044,"audioStartGuard":"headroom","audioStartCompensationMs":56.467088997364044}
10-12 10:25:44.832 21246 22802 D OutputsAudio: [outputs-audio] stop gain=1.000 release=6.00
10-12 10:25:44.832 21246 22802 D OutputsAudio: [outputs-audio] playMorse.gap sequence=5 nextOffset=1120.000 gapTarget=46919934.621
10-12 10:25:44.832 21246 22802 D OutputsAudio: [outputs-audio] playMorse.dispatch sequence=6 symbol=- offset=1120.000 lead=90.000 dispatchAt=46919844.621
10-12 10:25:44.832 21246 22802 D OutputsAudio: [outputs-audio] start hz=650.0 gain=1.000 attack=2.50 release=6.00
10-12 10:25:44.832 21246 22802 D OutputsAudio: [outputs-audio] playMorse.symbol.start sequence=6 symbol=- expected=46919934.621 actual=46919989.569 skew=54.948 batchElapsed=1174.948
10-12 10:25:44.924 21246 22662 D OutputsAudio: [outputs-audio] symbol.info sequence=6 symbol=- timestamp=46919989.569 duration=240.000 expected=46919934.621 skew=54.948 age=1.914
10-12 10:25:44.926 21246 22662 I ReactNativeJS: [outputs] playMorse.symbol {"timestamp":46919991.753766,"wallClock":1760279144925,"symbol":"-","durationMs":240,"index":5,"source":"console.replay","correlationId":"console-replay:setu9w2w","nativeTimestampMs":46919989.569,"nativeDurationMs":240,"nativeOffsetMs":2.0781510025262833,"nativeSequence":6,"monotonicTimestampMs":46919989.569,"nativeExpectedTimestampMs":46919934.621,"nativeStartSkewMs":54.948,"nativeBatchElapsedMs":1174.948,"nativeExpectedSincePriorMs":320,"nativeSincePriorMs":331.518,"nativePatternStartMs":46918814.621,"nativeAgeMs":1.914}
10-12 10:25:44.926 21246 22662 I ReactNativeJS: [outputs] playMorse.symbol {"timestamp":46919992.902516,"wallClock":1760279144926,"symbol":"-","durationMs":240,"index":5,"source":"console.replay","correlationId":"console-replay:mgnsr4ymhk4jjum6","nativeTimestampMs":46919989.569,"nativeDurationMs":240,"nativeOffsetMs":2.0781510025262833,"nativeSequence":6,"monotonicTimestampMs":46919989.569,"nativeExpectedTimestampMs":46919934.621,"nativeStartSkewMs":54.948,"nativeBatchElapsedMs":1174.948,"nativeExpectedSincePriorMs":320,"nativeSincePriorMs":331.518,"nativePatternStartMs":46918814.621,"nativeAgeMs":1.914}
10-12 10:25:44.927 21246 22662 I ReactNativeJS: [outputs] outputs.hapticSymbol {"timestamp":46919993.601266,"wallClock":1760279144927,"enabled":true,"symbol":"-","durationMs":240,"platform":"android","source":"console.replay","correlationId":"console-replay:mgnsr4ymhk4jjum6","timelineOffsetMs":null}
10-12 10:25:44.928 21246 22662 I ReactNativeJS: [outputs] outputs.flashPulse {"timestamp":46919994.631683,"wallClock":1760279144928,"enabled":true,"durationMs":240,"source":"console.replay","correlationId":"console-replay:mgnsr4ymhk4jjum6","timelineOffsetMs":2.0781510025262833,"schedulingMode":"timeline","audioStartHeadroomMs":-67.99182800203562,"audioStartGuard":"headroom","audioStartCompensationMs":67.99182800203562}
10-12 10:25:45.013 21246 22662 I ReactNativeJS: [outputs] outputs.flashPulse.commit {"timestamp":46920079.931162,"wallClock":1760279145013,"durationMs":240,"source":"console.replay","correlationId":"console-replay:mgnsr4ymhk4jjum6","latencyMs":88.2741670012474,"timelineOffsetMs":2.0781510025262833,"leadMs":8,"scheduleSkewMs":85.30526000261307,"schedulingMode":"timeline","audioStartHeadroomMs":-67.99182800203562,"audioStartGuard":"headroom","audioStartCompensationMs":67.99182800203562}
10-12 10:25:45.163 21246 22802 D OutputsAudio: [outputs-audio] stop gain=1.000 release=6.00
10-12 10:25:45.164 21246 22802 D OutputsAudio: [outputs-audio] playMorse.gap sequence=6 nextOffset=1440.000 gapTarget=46920254.621
10-12 10:25:45.164 21246 22802 D OutputsAudio: [outputs-audio] playMorse.dispatch sequence=7 symbol=. offset=1440.000 lead=90.000 dispatchAt=46920164.621
10-12 10:25:45.164 21246 22802 D OutputsAudio: [outputs-audio] start hz=650.0 gain=1.000 attack=2.50 release=6.00
10-12 10:25:45.164 21246 22802 D OutputsAudio: [outputs-audio] playMorse.symbol.start sequence=7 symbol=. expected=46920254.621 actual=46920321.558 skew=66.937 batchElapsed=1506.937
10-12 10:25:45.256 21246 22662 D OutputsAudio: [outputs-audio] symbol.info sequence=7 symbol=. timestamp=46920321.558 duration=80.000 expected=46920254.621 skew=66.937 age=1.421
10-12 10:25:45.257 21246 22662 I ReactNativeJS: [outputs] playMorse.symbol {"timestamp":46920323.230172,"wallClock":1760279145256,"symbol":".","durationMs":80,"index":6,"source":"console.replay","correlationId":"console-replay:ai9mguh9","nativeTimestampMs":46920321.558,"nativeDurationMs":80,"nativeOffsetMs":1.5798799991607666,"nativeSequence":7,"monotonicTimestampMs":46920321.558,"nativeExpectedTimestampMs":46920254.621,"nativeStartSkewMs":66.937,"nativeBatchElapsedMs":1506.937,"nativeExpectedSincePriorMs":320,"nativeSincePriorMs":331.989,"nativePatternStartMs":46918814.621,"nativeAgeMs":1.421}
10-12 10:25:45.258 21246 22662 I ReactNativeJS: [outputs] playMorse.symbol {"timestamp":46920324.375068,"wallClock":1760279145257,"symbol":".","durationMs":80,"index":6,"source":"console.replay","correlationId":"console-replay:mgnsr57trikot8l6","nativeTimestampMs":46920321.558,"nativeDurationMs":80,"nativeOffsetMs":1.5798799991607666,"nativeSequence":7,"monotonicTimestampMs":46920321.558,"nativeExpectedTimestampMs":46920254.621,"nativeStartSkewMs":66.937,"nativeBatchElapsedMs":1506.937,"nativeExpectedSincePriorMs":320,"nativeSincePriorMs":331.989,"nativePatternStartMs":46918814.621,"nativeAgeMs":1.421}
10-12 10:25:45.258 21246 22662 I ReactNativeJS: [outputs] outputs.hapticSymbol {"timestamp":46920325.05163,"wallClock":1760279145258,"enabled":true,"symbol":".","durationMs":80,"platform":"android","source":"console.replay","correlationId":"console-replay:mgnsr57trikot8l6","timelineOffsetMs":null}
10-12 10:25:45.259 21246 22662 I ReactNativeJS: [outputs] outputs.flashPulse {"timestamp":46920326.04637,"wallClock":1760279145259,"enabled":true,"durationMs":80,"source":"console.replay","correlationId":"console-replay:mgnsr57trikot8l6","timelineOffsetMs":1.5798799991607666,"schedulingMode":"timeline","audioStartHeadroomMs":-79.40724500268698,"audioStartGuard":"headroom","audioStartCompensationMs":79.40724500268698}
10-12 10:25:45.335 21246 22662 I ReactNativeJS: [outputs] outputs.flashPulse.commit {"timestamp":46920402.000016,"wallClock":1760279145335,"durationMs":80,"source":"console.replay","correlationId":"console-replay:mgnsr57trikot8l6","latencyMs":78.8525520041585,"timelineOffsetMs":1.5798799991607666,"leadMs":8,"scheduleSkewMs":75.95906200259924,"schedulingMode":"timeline","audioStartHeadroomMs":-79.40724500268698,"audioStartGuard":"headroom","audioStartCompensationMs":79.40724500268698}
10-12 10:25:45.335 21246 22802 D OutputsAudio: [outputs-audio] stop gain=1.000 release=6.00
10-12 10:25:45.335 21246 22802 D OutputsAudio: [outputs-audio] playMorse.gap sequence=7 nextOffset=1600.000 gapTarget=46920414.621
10-12 10:25:45.335 21246 22802 D OutputsAudio: [outputs-audio] playMorse.dispatch sequence=8 symbol=. offset=1600.000 lead=90.000 dispatchAt=46920324.621
10-12 10:25:45.335 21246 22802 D OutputsAudio: [outputs-audio] start hz=650.0 gain=1.000 attack=2.50 release=6.00
10-12 10:25:45.335 21246 22802 D OutputsAudio: [outputs-audio] playMorse.symbol.start sequence=8 symbol=. expected=46920414.621 actual=46920492.576 skew=77.955 batchElapsed=1677.955
10-12 10:25:45.436 21246 22662 D OutputsAudio: [outputs-audio] symbol.info sequence=8 symbol=. timestamp=46920492.576 duration=80.000 expected=46920414.621 skew=77.955 age=10.216
10-12 10:25:45.437 21246 22662 I ReactNativeJS: [outputs] playMorse.symbol {"timestamp":46920503.102047,"wallClock":1760279145436,"symbol":".","durationMs":80,"index":7,"source":"console.replay","correlationId":"console-replay:ooag1o1l","nativeTimestampMs":46920492.576,"nativeDurationMs":80,"nativeOffsetMs":10.40734900534153,"nativeSequence":8,"monotonicTimestampMs":46920492.576,"nativeExpectedTimestampMs":46920414.621,"nativeStartSkewMs":77.955,"nativeBatchElapsedMs":1677.955,"nativeExpectedSincePriorMs":160,"nativeSincePriorMs":171.018,"nativePatternStartMs":46918814.621,"nativeAgeMs":10.216}
10-12 10:25:45.438 21246 22662 I ReactNativeJS: [outputs] playMorse.symbol {"timestamp":46920504.480276,"wallClock":1760279145437,"symbol":".","durationMs":80,"index":7,"source":"console.replay","correlationId":"console-replay:mgnsr5ctnbew3ssf","nativeTimestampMs":46920492.576,"nativeDurationMs":80,"nativeOffsetMs":10.40734900534153,"nativeSequence":8,"monotonicTimestampMs":46920492.576,"nativeExpectedTimestampMs":46920414.621,"nativeStartSkewMs":77.955,"nativeBatchElapsedMs":1677.955,"nativeExpectedSincePriorMs":160,"nativeSincePriorMs":171.018,"nativePatternStartMs":46918814.621,"nativeAgeMs":10.216}
10-12 10:25:45.438 21246 22662 I ReactNativeJS: [outputs] outputs.hapticSymbol {"timestamp":46920504.973505,"wallClock":1760279145438,"enabled":true,"symbol":".","durationMs":80,"platform":"android","source":"console.replay","correlationId":"console-replay:mgnsr5ctnbew3ssf","timelineOffsetMs":null}
10-12 10:25:45.439 21246 22662 I ReactNativeJS: [outputs] outputs.flashPulse {"timestamp":46920505.707464,"wallClock":1760279145439,"enabled":true,"durationMs":80,"source":"console.replay","correlationId":"console-replay:mgnsr5ctnbew3ssf","timelineOffsetMs":10.40734900534153,"schedulingMode":"timeline","audioStartHeadroomMs":-99.07193200290203,"audioStartGuard":"headroom","audioStartCompensationMs":99.07193200290203}
10-12 10:25:45.506 21246 22802 D OutputsAudio: [outputs-audio] stop gain=1.000 release=6.00
10-12 10:25:45.506 21246 22802 D OutputsAudio: [outputs-audio] playMorse.gap sequence=8 nextOffset=1760.000 gapTarget=46920574.621
10-12 10:25:45.506 21246 22802 D OutputsAudio: [outputs-audio] playMorse.dispatch sequence=9 symbol=. offset=1760.000 lead=90.000 dispatchAt=46920484.621
10-12 10:25:45.506 21246 22802 D OutputsAudio: [outputs-audio] start hz=650.0 gain=1.000 attack=2.50 release=6.00
10-12 10:25:45.506 21246 22802 D OutputsAudio: [outputs-audio] playMorse.symbol.start sequence=9 symbol=. expected=46920574.621 actual=46920662.871 skew=88.251 batchElapsed=1848.251
10-12 10:25:45.519 21246 22662 I ReactNativeJS: [outputs] outputs.flashPulse.commit {"timestamp":46920585.504078,"wallClock":1760279145518,"durationMs":80,"source":"console.replay","correlationId":"console-replay:mgnsr5ctnbew3ssf","latencyMs":82.51145799458027,"timelineOffsetMs":10.40734900534153,"leadMs":8,"scheduleSkewMs":79.79932199418545,"schedulingMode":"timeline","audioStartHeadroomMs":-99.07193200290203,"audioStartGuard":"headroom","audioStartCompensationMs":99.07193200290203}
10-12 10:25:45.604 21246 22662 D OutputsAudio: [outputs-audio] symbol.info sequence=9 symbol=. timestamp=46920662.871 duration=80.000 expected=46920574.621 skew=88.251 age=7.816
10-12 10:25:45.605 21246 22662 I ReactNativeJS: [outputs] playMorse.symbol {"timestamp":46920671.06288,"wallClock":1760279145604,"symbol":".","durationMs":80,"index":8,"source":"console.replay","correlationId":"console-replay:j6cpx8qv","nativeTimestampMs":46920662.871,"nativeDurationMs":80,"nativeOffsetMs":8.04016199707985,"nativeSequence":9,"monotonicTimestampMs":46920662.871,"nativeExpectedTimestampMs":46920574.621,"nativeStartSkewMs":88.251,"nativeBatchElapsedMs":1848.251,"nativeExpectedSincePriorMs":160,"nativeSincePriorMs":170.295,"nativePatternStartMs":46918814.621,"nativeAgeMs":7.816}
10-12 10:25:45.606 21246 22662 I ReactNativeJS: [outputs] playMorse.symbol {"timestamp":46920672.683089,"wallClock":1760279145606,"symbol":".","durationMs":80,"index":8,"source":"console.replay","correlationId":"console-replay:mgnsr5hibxn9u62c","nativeTimestampMs":46920662.871,"nativeDurationMs":80,"nativeOffsetMs":8.04016199707985,"nativeSequence":9,"monotonicTimestampMs":46920662.871,"nativeExpectedTimestampMs":46920574.621,"nativeStartSkewMs":88.251,"nativeBatchElapsedMs":1848.251,"nativeExpectedSincePriorMs":160,"nativeSincePriorMs":170.295,"nativePatternStartMs":46918814.621,"nativeAgeMs":7.816}
10-12 10:25:45.607 21246 22662 I ReactNativeJS: [outputs] outputs.hapticSymbol {"timestamp":46920673.619703,"wallClock":1760279145607,"enabled":true,"symbol":".","durationMs":80,"platform":"android","source":"console.replay","correlationId":"console-replay:mgnsr5hibxn9u62c","timelineOffsetMs":null}
10-12 10:25:45.609 21246 22662 I ReactNativeJS: [outputs] outputs.flashPulse {"timestamp":46920675.01637,"wallClock":1760279145608,"enabled":true,"durationMs":80,"source":"console.replay","correlationId":"console-replay:mgnsr5hibxn9u62c","timelineOffsetMs":8.04016199707985,"schedulingMode":"timeline","audioStartHeadroomMs":-108.37068200111389,"audioStartGuard":"headroom","audioStartCompensationMs":108.37068200111389}
10-12 10:25:45.676 21246 22802 D OutputsAudio: [outputs-audio] stop gain=1.000 release=6.00
10-12 10:25:45.676 21246 22802 D OutputsAudio: [outputs-audio] playMorse.gap sequence=9 nextOffset=1920.000 gapTarget=46920734.621
10-12 10:25:45.676 21246 22802 D OutputsAudio: [outputs-audio] playMorse.dispatch sequence=10 symbol=- offset=1920.000 lead=90.000 dispatchAt=46920644.621
10-12 10:25:45.676 21246 22802 D OutputsAudio: [outputs-audio] start hz=650.0 gain=1.000 attack=2.50 release=6.00
10-12 10:25:45.676 21246 22802 D OutputsAudio: [outputs-audio] playMorse.symbol.start sequence=10 symbol=- expected=46920734.621 actual=46920833.018 skew=98.398 batchElapsed=2018.398
10-12 10:25:45.698 21246 22662 I ReactNativeJS: [outputs] outputs.flashPulse.commit {"timestamp":46920764.790432,"wallClock":1760279145698,"durationMs":80,"source":"console.replay","correlationId":"console-replay:mgnsr5hibxn9u62c","latencyMs":93.87031200528145,"timelineOffsetMs":8.04016199707985,"leadMs":8,"scheduleSkewMs":89.78614600002766,"schedulingMode":"timeline","audioStartHeadroomMs":-108.37068200111389,"audioStartGuard":"headroom","audioStartCompensationMs":108.37068200111389}
10-12 10:25:45.772 21246 22662 D OutputsAudio: [outputs-audio] symbol.info sequence=10 symbol=- timestamp=46920833.018 duration=240.000 expected=46920734.621 skew=98.398 age=6.262
10-12 10:25:45.773 21246 22662 I ReactNativeJS: [outputs] playMorse.symbol {"timestamp":46920839.541266,"wallClock":1760279145772,"symbol":"-","durationMs":240,"index":9,"source":"console.replay","correlationId":"console-replay:7soqlzty","nativeTimestampMs":46920833.018,"nativeDurationMs":240,"nativeOffsetMs":6.43112999945879,"nativeSequence":10,"monotonicTimestampMs":46920833.018,"nativeExpectedTimestampMs":46920734.621,"nativeStartSkewMs":98.398,"nativeBatchElapsedMs":2018.398,"nativeExpectedSincePriorMs":160,"nativeSincePriorMs":170.147,"nativePatternStartMs":46918814.621,"nativeAgeMs":6.262}
10-12 10:25:45.774 21246 22662 I ReactNativeJS: [outputs] playMorse.symbol {"timestamp":46920840.613661,"wallClock":1760279145774,"symbol":"-","durationMs":240,"index":9,"source":"console.replay","correlationId":"console-replay:mgnsr5m5afdmgnsw","nativeTimestampMs":46920833.018,"nativeDurationMs":240,"nativeOffsetMs":6.43112999945879,"nativeSequence":10,"monotonicTimestampMs":46920833.018,"nativeExpectedTimestampMs":46920734.621,"nativeStartSkewMs":98.398,"nativeBatchElapsedMs":2018.398,"nativeExpectedSincePriorMs":160,"nativeSincePriorMs":170.147,"nativePatternStartMs":46918814.621,"nativeAgeMs":6.262}
10-12 10:25:45.774 21246 22662 I ReactNativeJS: [outputs] outputs.hapticSymbol {"timestamp":46920841.075641,"wallClock":1760279145774,"enabled":true,"symbol":"-","durationMs":240,"platform":"android","source":"console.replay","correlationId":"console-replay:mgnsr5m5afdmgnsw","timelineOffsetMs":null}
10-12 10:25:45.775 21246 22662 I ReactNativeJS: [outputs] outputs.flashPulse {"timestamp":46920841.820016,"wallClock":1760279145775,"enabled":true,"durationMs":240,"source":"console.replay","correlationId":"console-replay:mgnsr5m5afdmgnsw","timelineOffsetMs":6.43112999945879,"schedulingMode":"timeline","audioStartHeadroomMs":-115.18422400206327,"audioStartGuard":"headroom","audioStartCompensationMs":115.18422400206327}
10-12 10:25:45.844 21246 22662 I ReactNativeJS: [outputs] outputs.flashPulse.commit {"timestamp":46920910.257464,"wallClock":1760279145843,"durationMs":240,"source":"console.replay","correlationId":"console-replay:mgnsr5m5afdmgnsw","latencyMs":70.79880200326443,"timelineOffsetMs":6.43112999945879,"leadMs":8,"scheduleSkewMs":68.44041600078344,"schedulingMode":"timeline","audioStartHeadroomMs":-115.18422400206327,"audioStartGuard":"headroom","audioStartCompensationMs":115.18422400206327}
10-12 10:25:46.006 21246 22802 D OutputsAudio: [outputs-audio] stop gain=1.000 release=6.00
10-12 10:25:46.006 21246 22802 D OutputsAudio: [outputs-audio] playMorse.gap sequence=10 nextOffset=2240.000 gapTarget=46921054.621
10-12 10:25:46.006 21246 22802 D OutputsAudio: [outputs-audio] playMorse.dispatch sequence=11 symbol=- offset=2240.000 lead=90.000 dispatchAt=46920964.621
10-12 10:25:46.006 21246 22802 D OutputsAudio: [outputs-audio] start hz=650.0 gain=1.000 attack=2.50 release=6.00
10-12 10:25:46.006 21246 22802 D OutputsAudio: [outputs-audio] playMorse.symbol.start sequence=11 symbol=- expected=46921054.621 actual=46921163.144 skew=108.524 batchElapsed=2348.524
10-12 10:25:46.107 21246 22662 D OutputsAudio: [outputs-audio] symbol.info sequence=11 symbol=- timestamp=46921163.144 duration=240.000 expected=46921054.621 skew=108.524 age=11.358
10-12 10:25:46.108 21246 22662 I ReactNativeJS: [outputs] playMorse.symbol {"timestamp":46921174.678036,"wallClock":1760279146108,"symbol":"-","durationMs":240,"index":10,"source":"console.replay","correlationId":"console-replay:7o6oy9wx","nativeTimestampMs":46921163.144,"nativeDurationMs":240,"nativeOffsetMs":11.468984000384808,"nativeSequence":11,"monotonicTimestampMs":46921163.144,"nativeExpectedTimestampMs":46921054.621,"nativeStartSkewMs":108.524,"nativeBatchElapsedMs":2348.524,"nativeExpectedSincePriorMs":320,"nativeSincePriorMs":330.126,"nativePatternStartMs":46918814.621,"nativeAgeMs":11.358}
10-12 10:25:46.109 21246 22662 I ReactNativeJS: [outputs] playMorse.symbol {"timestamp":46921175.478557,"wallClock":1760279146108,"symbol":"-","durationMs":240,"index":10,"source":"console.replay","correlationId":"console-replay:mgnsr5vg7ec683tz","nativeTimestampMs":46921163.144,"nativeDurationMs":240,"nativeOffsetMs":11.468984000384808,"nativeSequence":11,"monotonicTimestampMs":46921163.144,"nativeExpectedTimestampMs":46921054.621,"nativeStartSkewMs":108.524,"nativeBatchElapsedMs":2348.524,"nativeExpectedSincePriorMs":320,"nativeSincePriorMs":330.126,"nativePatternStartMs":46918814.621,"nativeAgeMs":11.358}
10-12 10:25:46.109 21246 22662 I ReactNativeJS: [outputs] outputs.hapticSymbol {"timestamp":46921176.041786,"wallClock":1760279146109,"enabled":true,"symbol":"-","durationMs":240,"platform":"android","source":"console.replay","correlationId":"console-replay:mgnsr5vg7ec683tz","timelineOffsetMs":null}
10-12 10:25:46.110 21246 22662 I ReactNativeJS: [outputs] outputs.flashPulse {"timestamp":46921176.885068,"wallClock":1760279146110,"enabled":true,"durationMs":240,"source":"console.replay","correlationId":"console-replay:mgnsr5vg7ec683tz","timelineOffsetMs":11.468984000384808,"schedulingMode":"timeline","audioStartHeadroomMs":-130.2476610019803,"audioStartGuard":"headroom","audioStartCompensationMs":130.2476610019803}
10-12 10:25:46.179 21246 22662 I ReactNativeJS: [outputs] outputs.flashPulse.commit {"timestamp":46921245.757515,"wallClock":1760279146179,"durationMs":240,"source":"console.replay","correlationId":"console-replay:mgnsr5vg7ec683tz","latencyMs":71.13374999910593,"timelineOffsetMs":11.468984000384808,"leadMs":8,"scheduleSkewMs":68.87546899914742,"schedulingMode":"timeline","audioStartHeadroomMs":-130.2476610019803,"audioStartGuard":"headroom","audioStartCompensationMs":130.2476610019803}
10-12 10:25:46.337 21246 22802 D OutputsAudio: [outputs-audio] stop gain=1.000 release=6.00
10-12 10:25:46.337 21246 22802 D OutputsAudio: [outputs-audio] playMorse.gap sequence=11 nextOffset=2560.000 gapTarget=46921374.621
10-12 10:25:46.337 21246 22802 D OutputsAudio: [outputs-audio] playMorse.dispatch sequence=12 symbol=- offset=2560.000 lead=90.000 dispatchAt=46921284.621
10-12 10:25:46.337 21246 22802 D OutputsAudio: [outputs-audio] start hz=650.0 gain=1.000 attack=2.50 release=6.00
10-12 10:25:46.337 21246 22802 D OutputsAudio: [outputs-audio] playMorse.symbol.start sequence=12 symbol=- expected=46921374.621 actual=46921494.347 skew=119.727 batchElapsed=2679.727
10-12 10:25:46.426 21246 22662 D OutputsAudio: [outputs-audio] symbol.info sequence=12 symbol=- timestamp=46921494.347 duration=240.000 expected=46921374.621 skew=119.727 age=0.000
10-12 10:25:46.428 21246 22662 I ReactNativeJS: [outputs] playMorse.symbol {"timestamp":46921493.673453,"wallClock":1760279146427,"symbol":"-","durationMs":240,"index":11,"source":"console.replay","correlationId":"console-replay:cflwbym6","nativeTimestampMs":46921494.347,"nativeDurationMs":240,"nativeOffsetMs":-0.812037006020546,"nativeSequence":12,"monotonicTimestampMs":46921494.347,"nativeExpectedTimestampMs":46921374.621,"nativeStartSkewMs":119.727,"nativeBatchElapsedMs":2679.727,"nativeExpectedSincePriorMs":320,"nativeSincePriorMs":331.203,"nativePatternStartMs":46918814.621,"nativeAgeMs":0}
10-12 10:25:46.429 21246 22662 I ReactNativeJS: [outputs] playMorse.symbol {"timestamp":46921495.23939,"wallClock":1760279146428,"symbol":"-","durationMs":240,"index":11,"source":"console.replay","correlationId":"console-replay:mgnsr64c7yzog6pu","nativeTimestampMs":46921494.347,"nativeDurationMs":240,"nativeOffsetMs":-0.812037006020546,"nativeSequence":12,"monotonicTimestampMs":46921494.347,"nativeExpectedTimestampMs":46921374.621,"nativeStartSkewMs":119.727,"nativeBatchElapsedMs":2679.727,"nativeExpectedSincePriorMs":320,"nativeSincePriorMs":331.203,"nativePatternStartMs":46918814.621,"nativeAgeMs":0}
10-12 10:25:46.430 21246 22662 I ReactNativeJS: [outputs] outputs.hapticSymbol {"timestamp":46921496.52189,"wallClock":1760279146429,"enabled":true,"symbol":"-","durationMs":240,"platform":"android","source":"console.replay","correlationId":"console-replay:mgnsr64c7yzog6pu","timelineOffsetMs":null}
10-12 10:25:46.431 21246 22662 I ReactNativeJS: [outputs] outputs.flashPulse {"timestamp":46921497.949703,"wallClock":1760279146431,"enabled":true,"durationMs":240,"source":"console.replay","correlationId":"console-replay:mgnsr64c7yzog6pu","timelineOffsetMs":-0.812037006020546,"schedulingMode":"timeline","audioStartHeadroomMs":-131.30505700409412,"audioStartGuard":"headroom","audioStartCompensationMs":131.30505700409412}
10-12 10:25:46.505 21246 22662 I ReactNativeJS: [outputs] outputs.flashPulse.commit {"timestamp":46921571.395849,"wallClock":1760279146504,"durationMs":240,"source":"console.replay","correlationId":"console-replay:mgnsr64c7yzog6pu","latencyMs":77.0396299958229,"timelineOffsetMs":-0.812037006020546,"leadMs":8,"scheduleSkewMs":73.45671899616718,"schedulingMode":"timeline","audioStartHeadroomMs":-131.30505700409412,"audioStartGuard":"headroom","audioStartCompensationMs":131.30505700409412}
10-12 10:25:46.667 21246 22802 D OutputsAudio: [outputs-audio] stop gain=1.000 release=6.00
10-12 10:25:46.668 21246 22802 D OutputsAudio: [outputs-audio] playMorse.gap sequence=12 nextOffset=2880.000 gapTarget=46921694.621
10-12 10:25:46.668 21246 22802 D OutputsAudio: [outputs-audio] playMorse.dispatch sequence=13 symbol=. offset=2880.000 lead=90.000 dispatchAt=46921604.621
10-12 10:25:46.668 21246 22802 D OutputsAudio: [outputs-audio] start hz=650.0 gain=1.000 attack=2.50 release=6.00
10-12 10:25:46.668 21246 22802 D OutputsAudio: [outputs-audio] playMorse.symbol.start sequence=13 symbol=. expected=46921694.621 actual=46921824.705 skew=130.084 batchElapsed=3010.084
10-12 10:25:46.759 21246 22662 D OutputsAudio: [outputs-audio] symbol.info sequence=13 symbol=. timestamp=46921824.705 duration=80.000 expected=46921694.621 skew=130.084 age=1.619
10-12 10:25:46.761 21246 22662 I ReactNativeJS: [outputs] playMorse.symbol {"timestamp":46921826.622672,"wallClock":1760279146760,"symbol":".","durationMs":80,"index":12,"source":"console.replay","correlationId":"console-replay:j2fneby1","nativeTimestampMs":46921824.705,"nativeDurationMs":80,"nativeOffsetMs":1.8051720038056374,"nativeSequence":13,"monotonicTimestampMs":46921824.705,"nativeExpectedTimestampMs":46921694.621,"nativeStartSkewMs":130.084,"nativeBatchElapsedMs":3010.084,"nativeExpectedSincePriorMs":320,"nativeSincePriorMs":330.357,"nativePatternStartMs":46918814.621,"nativeAgeMs":1.619}
10-12 10:25:46.763 21246 22662 I ReactNativeJS: [outputs] playMorse.symbol {"timestamp":46921827.813401,"wallClock":1760279146761,"symbol":".","durationMs":80,"index":12,"source":"console.replay","correlationId":"console-replay:mgnsr6dlj44xdi9p","nativeTimestampMs":46921824.705,"nativeDurationMs":80,"nativeOffsetMs":1.8051720038056374,"nativeSequence":13,"monotonicTimestampMs":46921824.705,"nativeExpectedTimestampMs":46921694.621,"nativeStartSkewMs":130.084,"nativeBatchElapsedMs":3010.084,"nativeExpectedSincePriorMs":320,"nativeSincePriorMs":330.357,"nativePatternStartMs":46918814.621,"nativeAgeMs":1.619}
10-12 10:25:46.765 21246 22662 I ReactNativeJS: [outputs] outputs.hapticSymbol {"timestamp":46921830.182151,"wallClock":1760279146763,"enabled":true,"symbol":".","durationMs":80,"platform":"android","source":"console.replay","correlationId":"console-replay:mgnsr6dlj44xdi9p","timelineOffsetMs":null}
10-12 10:25:46.768 21246 22662 I ReactNativeJS: [outputs] outputs.flashPulse {"timestamp":46921834.281682,"wallClock":1760279146767,"enabled":true,"durationMs":80,"source":"console.replay","correlationId":"console-replay:mgnsr6dlj44xdi9p","timelineOffsetMs":1.8051720038056374,"schedulingMode":"timeline","audioStartHeadroomMs":-147.6395879983902,"audioStartGuard":"headroom","audioStartCompensationMs":147.6395879983902}
10-12 10:25:46.838 21246 22802 D OutputsAudio: [outputs-audio] stop gain=1.000 release=6.00
10-12 10:25:46.838 21246 22802 D OutputsAudio: [outputs-audio] playMorse.gap sequence=13 nextOffset=3040.000 gapTarget=46921854.621
10-12 10:25:46.838 21246 22802 D OutputsAudio: [outputs-audio] playMorse.dispatch sequence=14 symbol=. offset=3040.000 lead=90.000 dispatchAt=46921764.621
10-12 10:25:46.838 21246 22802 D OutputsAudio: [outputs-audio] start hz=650.0 gain=1.000 attack=2.50 release=6.00
10-12 10:25:46.838 21246 22802 D OutputsAudio: [outputs-audio] playMorse.symbol.start sequence=14 symbol=. expected=46921854.621 actual=46921995.234 skew=140.614 batchElapsed=3180.614
10-12 10:25:46.849 21246 22662 I ReactNativeJS: [outputs] outputs.flashPulse.commit {"timestamp":46921915.923817,"wallClock":1760279146849,"durationMs":80,"source":"console.replay","correlationId":"console-replay:mgnsr6dlj44xdi9p","latencyMs":89.40432199835777,"timelineOffsetMs":1.8051720038056374,"leadMs":8,"scheduleSkewMs":81.65010400116444,"schedulingMode":"timeline","audioStartHeadroomMs":-147.6395879983902,"audioStartGuard":"headroom","audioStartCompensationMs":147.6395879983902}
10-12 10:25:46.933 21246 22662 D OutputsAudio: [outputs-audio] symbol.info sequence=14 symbol=. timestamp=46921995.234 duration=80.000 expected=46921854.621 skew=140.614 age=4.928
10-12 10:25:46.935 21246 22662 I ReactNativeJS: [outputs] playMorse.symbol {"timestamp":46922000.548713,"wallClock":1760279146933,"symbol":".","durationMs":80,"index":13,"source":"console.replay","correlationId":"console-replay:zir4gdch","nativeTimestampMs":46921995.234,"nativeDurationMs":80,"nativeOffsetMs":5.175494000315666,"nativeSequence":14,"monotonicTimestampMs":46921995.234,"nativeExpectedTimestampMs":46921854.621,"nativeStartSkewMs":140.614,"nativeBatchElapsedMs":3180.614,"nativeExpectedSincePriorMs":160,"nativeSincePriorMs":170.53,"nativePatternStartMs":46918814.621,"nativeAgeMs":4.928}
10-12 10:25:46.935 21246 22662 I ReactNativeJS: [outputs] playMorse.symbol {"timestamp":46922001.997671,"wallClock":1760279146935,"symbol":".","durationMs":80,"index":13,"source":"console.replay","correlationId":"console-replay:mgnsr6iff0h4i3s1","nativeTimestampMs":46921995.234,"nativeDurationMs":80,"nativeOffsetMs":5.175494000315666,"nativeSequence":14,"monotonicTimestampMs":46921995.234,"nativeExpectedTimestampMs":46921854.621,"nativeStartSkewMs":140.614,"nativeBatchElapsedMs":3180.614,"nativeExpectedSincePriorMs":160,"nativeSincePriorMs":170.53,"nativePatternStartMs":46918814.621,"nativeAgeMs":4.928}
10-12 10:25:46.936 21246 22662 I ReactNativeJS: [outputs] outputs.hapticSymbol {"timestamp":46922002.523974,"wallClock":1760279146935,"enabled":true,"symbol":".","durationMs":80,"platform":"android","source":"console.replay","correlationId":"console-replay:mgnsr6iff0h4i3s1","timelineOffsetMs":null}
10-12 10:25:46.937 21246 22662 I ReactNativeJS: [outputs] outputs.flashPulse {"timestamp":46922003.374859,"wallClock":1760279146936,"enabled":true,"durationMs":80,"source":"console.replay","correlationId":"console-replay:mgnsr6iff0h4i3s1","timelineOffsetMs":5.175494000315666,"schedulingMode":"timeline","audioStartHeadroomMs":-156.7385990023613,"audioStartGuard":"headroom","audioStartCompensationMs":156.7385990023613}
10-12 10:25:47.005 21246 22662 I ReactNativeJS: [outputs] outputs.flashPulse.commit {"timestamp":46922071.356838,"wallClock":1760279147004,"durationMs":80,"source":"console.replay","correlationId":"console-replay:mgnsr6iff0h4i3s1","latencyMs":70.93739600479603,"timelineOffsetMs":5.175494000315666,"leadMs":8,"scheduleSkewMs":67.98442700505257,"schedulingMode":"timeline","audioStartHeadroomMs":-156.7385990023613,"audioStartGuard":"headroom","audioStartCompensationMs":156.7385990023613}
10-12 10:25:47.008 21246 22802 D OutputsAudio: [outputs-audio] stop gain=1.000 release=6.00
10-12 10:25:47.009 21246 22802 D OutputsAudio: [outputs-audio] playMorse.gap sequence=14 nextOffset=3200.000 gapTarget=46922014.621
10-12 10:25:47.009 21246 22802 D OutputsAudio: [outputs-audio] playMorse.dispatch sequence=15 symbol=. offset=3200.000 lead=90.000 dispatchAt=46921924.621
10-12 10:25:47.009 21246 22802 D OutputsAudio: [outputs-audio] start hz=650.0 gain=1.000 attack=2.50 release=6.00
10-12 10:25:47.009 21246 22802 D OutputsAudio: [outputs-audio] playMorse.symbol.start sequence=15 symbol=. expected=46922014.621 actual=46922165.733 skew=151.112 batchElapsed=3351.112
10-12 10:25:47.103 21246 22662 D OutputsAudio: [outputs-audio] symbol.info sequence=15 symbol=. timestamp=46922165.733 duration=80.000 expected=46922014.621 skew=151.112 age=4.722
10-12 10:25:47.105 21246 22662 I ReactNativeJS: [outputs] playMorse.symbol {"timestamp":46922170.740171,"wallClock":1760279147104,"symbol":".","durationMs":80,"index":14,"source":"console.replay","correlationId":"console-replay:sswcztk9","nativeTimestampMs":46922165.733,"nativeDurationMs":80,"nativeOffsetMs":4.892795994877815,"nativeSequence":15,"monotonicTimestampMs":46922165.733,"nativeExpectedTimestampMs":46922014.621,"nativeStartSkewMs":151.112,"nativeBatchElapsedMs":3351.112,"nativeExpectedSincePriorMs":160,"nativeSincePriorMs":170.499,"nativePatternStartMs":46918814.621,"nativeAgeMs":4.722}
10-12 10:25:47.106 21246 22662 I ReactNativeJS: [outputs] playMorse.symbol {"timestamp":46922171.860328,"wallClock":1760279147105,"symbol":".","durationMs":80,"index":14,"source":"console.replay","correlationId":"console-replay:mgnsr6n568ipmc0n","nativeTimestampMs":46922165.733,"nativeDurationMs":80,"nativeOffsetMs":4.892795994877815,"nativeSequence":15,"monotonicTimestampMs":46922165.733,"nativeExpectedTimestampMs":46922014.621,"nativeStartSkewMs":151.112,"nativeBatchElapsedMs":3351.112,"nativeExpectedSincePriorMs":160,"nativeSincePriorMs":170.499,"nativePatternStartMs":46918814.621,"nativeAgeMs":4.722}
10-12 10:25:47.106 21246 22662 I ReactNativeJS: [outputs] outputs.hapticSymbol {"timestamp":46922172.720276,"wallClock":1760279147106,"enabled":true,"symbol":".","durationMs":80,"platform":"android","source":"console.replay","correlationId":"console-replay:mgnsr6n568ipmc0n","timelineOffsetMs":null}
10-12 10:25:47.107 21246 22662 I ReactNativeJS: [outputs] outputs.flashPulse {"timestamp":46922173.930015,"wallClock":1760279147107,"enabled":true,"durationMs":80,"source":"console.replay","correlationId":"console-replay:mgnsr6n568ipmc0n","timelineOffsetMs":4.892795994877815,"schedulingMode":"timeline","audioStartHeadroomMs":-167.29146300256252,"audioStartGuard":"headroom","audioStartCompensationMs":160}
10-12 10:25:47.179 21246 22662 I ReactNativeJS: [outputs] outputs.flashPulse.commit {"timestamp":46922245.702671,"wallClock":1760279147179,"durationMs":80,"source":"console.replay","correlationId":"console-replay:mgnsr6n568ipmc0n","latencyMs":75.06510499864817,"timelineOffsetMs":4.892795994877815,"leadMs":8,"scheduleSkewMs":71.77536499500275,"schedulingMode":"timeline","audioStartHeadroomMs":-167.29146300256252,"audioStartGuard":"headroom","audioStartCompensationMs":160}
10-12 10:25:47.179 21246 22802 D OutputsAudio: [outputs-audio] stop gain=1.000 release=6.00
10-12 10:25:47.179 21246 22802 D OutputsAudio: [outputs-audio] playMorse.gap sequence=15 nextOffset=3360.000 gapTarget=46922174.621
10-12 10:25:47.179 21246 22802 D OutputsAudio: [outputs-audio] playMorse.dispatch sequence=16 symbol=- offset=3360.000 lead=90.000 dispatchAt=46922084.621
10-12 10:25:47.179 21246 22802 D OutputsAudio: [outputs-audio] start hz=650.0 gain=1.000 attack=2.50 release=6.00
10-12 10:25:47.179 21246 22802 D OutputsAudio: [outputs-audio] playMorse.symbol.start sequence=16 symbol=- expected=46922174.621 actual=46922336.293 skew=161.672 batchElapsed=3521.672
10-12 10:25:47.271 21246 22662 D OutputsAudio: [outputs-audio] symbol.info sequence=16 symbol=- timestamp=46922336.293 duration=240.000 expected=46922174.621 skew=161.672 age=2.207
10-12 10:25:47.272 21246 22662 I ReactNativeJS: [outputs] playMorse.symbol {"timestamp":46922338.726265,"wallClock":1760279147272,"symbol":"-","durationMs":240,"index":15,"source":"console.replay","correlationId":"console-replay:pmf7zx7s","nativeTimestampMs":46922336.293,"nativeDurationMs":240,"nativeOffsetMs":2.349359005689621,"nativeSequence":16,"monotonicTimestampMs":46922336.293,"nativeExpectedTimestampMs":46922174.621,"nativeStartSkewMs":161.672,"nativeBatchElapsedMs":3521.672,"nativeExpectedSincePriorMs":160,"nativeSincePriorMs":170.56,"nativePatternStartMs":46918814.621,"nativeAgeMs":2.207}
10-12 10:25:47.273 21246 22662 I ReactNativeJS: [outputs] playMorse.symbol {"timestamp":46922339.680328,"wallClock":1760279147273,"symbol":"-","durationMs":240,"index":15,"source":"console.replay","correlationId":"console-replay:mgnsr6rtj9444urw","nativeTimestampMs":46922336.293,"nativeDurationMs":240,"nativeOffsetMs":2.349359005689621,"nativeSequence":16,"monotonicTimestampMs":46922336.293,"nativeExpectedTimestampMs":46922174.621,"nativeStartSkewMs":161.672,"nativeBatchElapsedMs":3521.672,"nativeExpectedSincePriorMs":160,"nativeSincePriorMs":170.56,"nativePatternStartMs":46918814.621,"nativeAgeMs":2.207}
10-12 10:25:47.274 21246 22662 I ReactNativeJS: [outputs] outputs.hapticSymbol {"timestamp":46922340.284442,"wallClock":1760279147273,"enabled":true,"symbol":"-","durationMs":240,"platform":"android","source":"console.replay","correlationId":"console-replay:mgnsr6rtj9444urw","timelineOffsetMs":null}
10-12 10:25:47.275 21246 22662 I ReactNativeJS: [outputs] outputs.flashPulse {"timestamp":46922341.201942,"wallClock":1760279147274,"enabled":true,"durationMs":240,"source":"console.replay","correlationId":"console-replay:mgnsr6rtj9444urw","timelineOffsetMs":2.349359005689621,"schedulingMode":"timeline","audioStartHeadroomMs":-174.55854599922895,"audioStartGuard":"headroom","audioStartCompensationMs":160}
10-12 10:25:47.347 21246 22662 I ReactNativeJS: [outputs] outputs.flashPulse.commit {"timestamp":46922413.744025,"wallClock":1760279147347,"durationMs":240,"source":"console.replay","correlationId":"console-replay:mgnsr6rtj9444urw","latencyMs":75.09286399930716,"timelineOffsetMs":2.349359005689621,"leadMs":8,"scheduleSkewMs":72.55239500105381,"schedulingMode":"timeline","audioStartHeadroomMs":-174.55854599922895,"audioStartGuard":"headroom","audioStartCompensationMs":160}
10-12 10:25:47.509 21246 22802 D OutputsAudio: [outputs-audio] stop gain=1.000 release=6.00
10-12 10:25:47.509 21246 22802 D OutputsAudio: [outputs-audio] playMorse.gap sequence=16 nextOffset=3680.000 gapTarget=46922494.621
10-12 10:25:47.509 21246 22802 D OutputsAudio: [outputs-audio] playMorse.dispatch sequence=17 symbol=- offset=3680.000 lead=90.000 dispatchAt=46922404.621
10-12 10:25:47.509 21246 22802 D OutputsAudio: [outputs-audio] start hz=650.0 gain=1.000 attack=2.50 release=6.00
10-12 10:25:47.509 21246 22802 D OutputsAudio: [outputs-audio] playMorse.symbol.start sequence=17 symbol=- expected=46922494.621 actual=46922666.424 skew=171.803 batchElapsed=3851.803
10-12 10:25:47.622 21246 22662 D OutputsAudio: [outputs-audio] symbol.info sequence=17 symbol=- timestamp=46922666.424 duration=240.000 expected=46922494.621 skew=171.803 age=22.916
10-12 10:25:47.623 21246 22662 I ReactNativeJS: [outputs] playMorse.symbol {"timestamp":46922689.535067,"wallClock":1760279147622,"symbol":"-","durationMs":240,"index":16,"source":"console.replay","correlationId":"console-replay:h1o1f95n","nativeTimestampMs":46922666.424,"nativeDurationMs":240,"nativeOffsetMs":23.03507699817419,"nativeSequence":17,"monotonicTimestampMs":46922666.424,"nativeExpectedTimestampMs":46922494.621,"nativeStartSkewMs":171.803,"nativeBatchElapsedMs":3851.803,"nativeExpectedSincePriorMs":320,"nativeSincePriorMs":330.131,"nativePatternStartMs":46918814.621,"nativeAgeMs":22.916}
10-12 10:25:47.624 21246 22662 I ReactNativeJS: [outputs] playMorse.symbol {"timestamp":46922690.359859,"wallClock":1760279147623,"symbol":"-","durationMs":240,"index":16,"source":"console.replay","correlationId":"console-replay:mgnsr71jwbjrm8e3","nativeTimestampMs":46922666.424,"nativeDurationMs":240,"nativeOffsetMs":23.03507699817419,"nativeSequence":17,"monotonicTimestampMs":46922666.424,"nativeExpectedTimestampMs":46922494.621,"nativeStartSkewMs":171.803,"nativeBatchElapsedMs":3851.803,"nativeExpectedSincePriorMs":320,"nativeSincePriorMs":330.131,"nativePatternStartMs":46918814.621,"nativeAgeMs":22.916}
10-12 10:25:47.624 21246 22662 I ReactNativeJS: [outputs] outputs.hapticSymbol {"timestamp":46922690.978973,"wallClock":1760279147624,"enabled":true,"symbol":"-","durationMs":240,"platform":"android","source":"console.replay","correlationId":"console-replay:mgnsr71jwbjrm8e3","timelineOffsetMs":null}
10-12 10:25:47.625 21246 22662 I ReactNativeJS: [outputs] outputs.flashPulse {"timestamp":46922691.967046,"wallClock":1760279147625,"enabled":true,"durationMs":240,"source":"console.replay","correlationId":"console-replay:mgnsr71jwbjrm8e3","timelineOffsetMs":23.03507699817419,"schedulingMode":"timeline","audioStartHeadroomMs":-205.3313589990139,"audioStartGuard":"headroom","audioStartCompensationMs":160}
10-12 10:25:47.688 21246 22662 I ReactNativeJS: [outputs] outputs.flashPulse.commit {"timestamp":46922754.977359,"wallClock":1760279147688,"durationMs":240,"source":"console.replay","correlationId":"console-replay:mgnsr71jwbjrm8e3","latencyMs":65.50698000192642,"timelineOffsetMs":23.03507699817419,"leadMs":8,"scheduleSkewMs":63.01062500476837,"schedulingMode":"timeline","audioStartHeadroomMs":-205.3313589990139,"audioStartGuard":"headroom","audioStartCompensationMs":160}
10-12 10:25:47.840 21246 22802 D OutputsAudio: [outputs-audio] stop gain=1.000 release=6.00
10-12 10:25:47.841 21246 22802 D OutputsAudio: [outputs-audio] playMorse.gap sequence=17 nextOffset=4000.000 gapTarget=46922814.621
10-12 10:25:47.842 21246 22802 D OutputsAudio: [outputs-audio] playMorse.dispatch sequence=18 symbol=- offset=4000.000 lead=90.000 dispatchAt=46922724.621
10-12 10:25:47.842 21246 22802 D OutputsAudio: [outputs-audio] start hz=650.0 gain=1.000 attack=2.50 release=6.00
10-12 10:25:47.842 21246 22802 D OutputsAudio: [outputs-audio] playMorse.symbol.start sequence=18 symbol=- expected=46922814.621 actual=46922998.745 skew=184.125 batchElapsed=4184.125
10-12 10:25:47.927 21246 22662 D OutputsAudio: [outputs-audio] symbol.info sequence=18 symbol=- timestamp=46922998.745 duration=240.000 expected=46922814.621 skew=184.125 age=0.000
10-12 10:25:47.930 21246 22662 I ReactNativeJS: [outputs] playMorse.symbol {"timestamp":46922994.823036,"wallClock":1760279147928,"symbol":"-","durationMs":240,"index":17,"source":"console.replay","correlationId":"console-replay:wx6xgxrv","nativeTimestampMs":46922998.745,"nativeDurationMs":240,"nativeOffsetMs":-4.061026997864246,"nativeSequence":18,"monotonicTimestampMs":46922998.745,"nativeExpectedTimestampMs":46922814.621,"nativeStartSkewMs":184.125,"nativeBatchElapsedMs":4184.125,"nativeExpectedSincePriorMs":320,"nativeSincePriorMs":332.321,"nativePatternStartMs":46918814.621,"nativeAgeMs":0}
10-12 10:25:47.932 21246 22662 I ReactNativeJS: [outputs] playMorse.symbol {"timestamp":46922997.262515,"wallClock":1760279147930,"symbol":"-","durationMs":240,"index":17,"source":"console.replay","correlationId":"console-replay:mgnsr7a2zgj614pj","nativeTimestampMs":46922998.745,"nativeDurationMs":240,"nativeOffsetMs":-4.061026997864246,"nativeSequence":18,"monotonicTimestampMs":46922998.745,"nativeExpectedTimestampMs":46922814.621,"nativeStartSkewMs":184.125,"nativeBatchElapsedMs":4184.125,"nativeExpectedSincePriorMs":320,"nativeSincePriorMs":332.321,"nativePatternStartMs":46918814.621,"nativeAgeMs":0}
10-12 10:25:47.934 21246 22662 I ReactNativeJS: [outputs] outputs.hapticSymbol {"timestamp":46922999.162723,"wallClock":1760279147932,"enabled":true,"symbol":"-","durationMs":240,"platform":"android","source":"console.replay","correlationId":"console-replay:mgnsr7a2zgj614pj","timelineOffsetMs":null}
10-12 10:25:47.938 21246 22662 I ReactNativeJS: [outputs] outputs.flashPulse {"timestamp":46923003.641473,"wallClock":1760279147937,"enabled":true,"durationMs":240,"source":"console.replay","correlationId":"console-replay:mgnsr7a2zgj614pj","timelineOffsetMs":-4.061026997864246,"schedulingMode":"timeline","audioStartHeadroomMs":-197.0002129971981,"audioStartGuard":"headroom","audioStartCompensationMs":160}
10-12 10:25:48.004 21246 22662 I ReactNativeJS: [outputs] outputs.flashPulse.commit {"timestamp":46923070.373869,"wallClock":1760279148003,"durationMs":240,"source":"console.replay","correlationId":"console-replay:mgnsr7a2zgj614pj","latencyMs":71.62032700330019,"timelineOffsetMs":-4.061026997864246,"leadMs":8,"scheduleSkewMs":66.74098899960518,"schedulingMode":"timeline","audioStartHeadroomMs":-197.0002129971981,"audioStartGuard":"headroom","audioStartCompensationMs":160}
10-12 10:25:48.174 21246 22802 D OutputsAudio: [outputs-audio] stop gain=1.000 release=6.00
10-12 10:25:48.174 21246 22802 D OutputsAudio: [outputs-audio] playMorse.gap sequence=18 nextOffset=4320.000 gapTarget=46923134.621
10-12 10:25:48.174 21246 22802 D OutputsAudio: [outputs-audio] playMorse.dispatch sequence=19 symbol=. offset=4320.000 lead=90.000 dispatchAt=46923044.621
10-12 10:25:48.174 21246 22802 D OutputsAudio: [outputs-audio] start hz=650.0 gain=1.000 attack=2.50 release=6.00
10-12 10:25:48.174 21246 22802 D OutputsAudio: [outputs-audio] playMorse.symbol.start sequence=19 symbol=. expected=46923134.621 actual=46923331.056 skew=196.435 batchElapsed=4516.435
10-12 10:25:48.270 21246 22662 D OutputsAudio: [outputs-audio] symbol.info sequence=19 symbol=. timestamp=46923331.056 duration=80.000 expected=46923134.621 skew=196.435 age=5.806
