--------- beginning of main
10-11 17:35:07.825  8013  8101 I ReactNativeJS: [outputs] playMorse.start {"timestamp":19531345.150881,"wallClock":1760218507824,"unitMs":120,"length":28,"source":"console.replay","audioEnabled":true,"audioVolumePercent":100}
10-11 17:35:08.199  8013  8101 D OutputsAudio: [outputs-audio] warmup hz=700.0
10-11 17:35:08.200  8013  8327 D OutputsAudio: [outputs-audio] playMorse.start count=27 unit=120.0
10-11 17:35:08.200  8013  8327 D OutputsAudio: [outputs-audio] start hz=700.0 gain=1.000 attack=2.50 release=6.00
10-11 17:35:08.200  8013  8327 D OutputsAudio: [outputs-audio] playMorse.symbol.start sequence=1 symbol=. expected=19531721.462 actual=19531721.479 skew=0.017 batchElapsed=0.017
10-11 17:35:08.203  8013  8101 D OutputsAudio: [outputs-audio] symbol.info sequence=1 symbol=. timestamp=19531721.479 duration=120.000 expected=19531721.462 skew=0.017 age=2.868
10-11 17:35:08.205  8013  8101 I ReactNativeJS: [outputs] playMorse.symbol {"timestamp":19531725.495151,"wallClock":1760218508204,"symbol":".","durationMs":120,"index":0,"source":"console.replay","correlationId":"console-replay:mgmsnhd8wkazggdu","nativeTimestampMs":19531721.479,"nativeDurationMs":120,"nativeOffsetMs":3.4041200019419193,"nativeSequence":1,"monotonicTimestampMs":19531721.479,"nativeExpectedTimestampMs":19531721.462,"nativeStartSkewMs":0.017,"nativeBatchElapsedMs":0.017,"nativeExpectedSincePriorMs":0,"nativeSincePriorMs":0,"nativePatternStartMs":19531721.462,"nativeAgeMs":2.868}
10-11 17:35:08.209  8013  8101 I ReactNativeJS: [outputs] outputs.hapticSymbol {"timestamp":19531729.866453,"wallClock":1760218508208,"enabled":true,"symbol":".","durationMs":120,"platform":"android","source":"console.replay","correlationId":"console-replay:mgmsnhd8wkazggdu","timelineOffsetMs":3.4041200019419193}
10-11 17:35:08.214  8013  8101 I ReactNativeJS: [outputs] outputs.flashPulse {"timestamp":19531735.429318,"wallClock":1760218508214,"enabled":true,"durationMs":120,"source":"console.replay","correlationId":"console-replay:mgmsnhd8wkazggdu","timelineOffsetMs":3.4041200019419193,"schedulingMode":"timeline","audioStartHeadroomMs":-21.943827997893095,"audioStartGuard":"headroom"}
10-11 17:35:08.231  8013  8101 I ReactNativeJS: [outputs] outputs.flashPulse.commit {"timestamp":19531751.908485,"wallClock":1760218508230,"durationMs":120,"source":"console.replay","correlationId":"console-replay:mgmsnhd8wkazggdu","latencyMs":27.000624999403954,"timelineOffsetMs":3.4041200019419193,"leadMs":8,"scheduleSkewMs":35.00062499940395,"schedulingMode":"timeline","audioStartHeadroomMs":-21.943827997893095,"audioStartGuard":"headroom"}
10-11 17:35:08.321  8013  8327 D OutputsAudio: [outputs-audio] stop gain=1.000 release=6.00
10-11 17:35:08.442  8013  8327 D OutputsAudio: [outputs-audio] start hz=700.0 gain=1.000 attack=2.50 release=6.00
10-11 17:35:08.442  8013  8327 D OutputsAudio: [outputs-audio] playMorse.symbol.start sequence=2 symbol=. expected=19531961.462 actual=19531963.467 skew=2.004 batchElapsed=242.004
10-11 17:35:08.455  8013  8101 D OutputsAudio: [outputs-audio] symbol.info sequence=2 symbol=. timestamp=19531963.467 duration=120.000 expected=19531961.462 skew=2.004 age=12.648
10-11 17:35:08.456  8013  8101 I ReactNativeJS: [outputs] playMorse.symbol {"timestamp":19531976.354578,"wallClock":1760218508455,"symbol":".","durationMs":120,"index":1,"source":"console.replay","correlationId":"console-replay:mgmsnhk7hbzw9kp9","nativeTimestampMs":19531963.467,"nativeDurationMs":120,"nativeOffsetMs":12.784400999546051,"nativeSequence":2,"monotonicTimestampMs":19531963.467,"nativeExpectedTimestampMs":19531961.462,"nativeStartSkewMs":2.004,"nativeBatchElapsedMs":242.004,"nativeExpectedSincePriorMs":240,"nativeSincePriorMs":241.988,"nativePatternStartMs":19531721.462,"nativeAgeMs":12.648}
10-11 17:35:08.457  8013  8101 I ReactNativeJS: [outputs] outputs.hapticSymbol {"timestamp":19531977.429109,"wallClock":1760218508456,"enabled":true,"symbol":".","durationMs":120,"platform":"android","source":"console.replay","correlationId":"console-replay:mgmsnhk7hbzw9kp9","timelineOffsetMs":12.784400999546051}
10-11 17:35:08.457  8013  8101 I ReactNativeJS: [outputs] outputs.flashPulse {"timestamp":19531978.579422,"wallClock":1760218508457,"enabled":true,"durationMs":120,"source":"console.replay","correlationId":"console-replay:mgmsnhk7hbzw9kp9","timelineOffsetMs":12.784400999546051,"schedulingMode":"timeline","audioStartHeadroomMs":-25.1010679975152,"audioStartGuard":"headroom"}
10-11 17:35:08.535  8013  8101 I ReactNativeJS: [outputs] outputs.flashPulse.commit {"timestamp":19532056.249214,"wallClock":1760218508535,"durationMs":120,"source":"console.replay","correlationId":"console-replay:mgmsnhk7hbzw9kp9","latencyMs":79.98546899855137,"timelineOffsetMs":12.784400999546051,"leadMs":8,"scheduleSkewMs":87.98546899855137,"schedulingMode":"timeline","audioStartHeadroomMs":-25.1010679975152,"audioStartGuard":"headroom"}
10-11 17:35:08.562  8013  8327 D OutputsAudio: [outputs-audio] stop gain=1.000 release=6.00
10-11 17:35:08.683  8013  8327 D OutputsAudio: [outputs-audio] start hz=700.0 gain=1.000 attack=2.50 release=6.00
10-11 17:35:08.683  8013  8327 D OutputsAudio: [outputs-audio] playMorse.symbol.start sequence=3 symbol=. expected=19532201.462 actual=19532204.533 skew=3.070 batchElapsed=483.070
10-11 17:35:08.710  8013  8101 D OutputsAudio: [outputs-audio] symbol.info sequence=3 symbol=. timestamp=19532204.533 duration=120.000 expected=19532201.462 skew=3.070 age=27.381
10-11 17:35:08.711  8013  8101 I ReactNativeJS: [outputs] playMorse.symbol {"timestamp":19532232.229266,"wallClock":1760218508711,"symbol":".","durationMs":120,"index":2,"source":"console.replay","correlationId":"console-replay:mgmsnhrby4mhaa6u","nativeTimestampMs":19532204.533,"nativeDurationMs":120,"nativeOffsetMs":27.587255001068115,"nativeSequence":3,"monotonicTimestampMs":19532204.533,"nativeExpectedTimestampMs":19532201.462,"nativeStartSkewMs":3.07,"nativeBatchElapsedMs":483.07,"nativeExpectedSincePriorMs":240,"nativeSincePriorMs":241.066,"nativePatternStartMs":19531721.462,"nativeAgeMs":27.381}
10-11 17:35:08.712  8013  8101 I ReactNativeJS: [outputs] outputs.hapticSymbol {"timestamp":19532233.138536,"wallClock":1760218508712,"enabled":true,"symbol":".","durationMs":120,"platform":"android","source":"console.replay","correlationId":"console-replay:mgmsnhrby4mhaa6u","timelineOffsetMs":27.587255001068115}
10-11 17:35:08.713  8013  8101 I ReactNativeJS: [outputs] outputs.flashPulse {"timestamp":19532233.846609,"wallClock":1760218508712,"enabled":true,"durationMs":120,"source":"console.replay","correlationId":"console-replay:mgmsnhrby4mhaa6u","timelineOffsetMs":27.587255001068115,"schedulingMode":"timeline","audioStartHeadroomMs":-40.37289099767804,"audioStartGuard":"headroom"}
10-11 17:35:08.780  8013  8101 I ReactNativeJS: [outputs] outputs.flashPulse.commit {"timestamp":19532301.250203,"wallClock":1760218508780,"durationMs":120,"source":"console.replay","correlationId":"console-replay:mgmsnhrby4mhaa6u","latencyMs":69.12052099779248,"timelineOffsetMs":27.587255001068115,"leadMs":8,"scheduleSkewMs":77.12052099779248,"schedulingMode":"timeline","audioStartHeadroomMs":-40.37289099767804,"audioStartGuard":"headroom"}
10-11 17:35:08.803  8013  8327 D OutputsAudio: [outputs-audio] stop gain=1.000 release=6.00
10-11 17:35:08.924  8013  8327 D OutputsAudio: [outputs-audio] start hz=700.0 gain=1.000 attack=2.50 release=6.00
10-11 17:35:08.925  8013  8327 D OutputsAudio: [outputs-audio] playMorse.symbol.start sequence=4 symbol=- expected=19532441.462 actual=19532446.207 skew=4.745 batchElapsed=724.745
10-11 17:35:08.941  8013  8101 D OutputsAudio: [outputs-audio] symbol.info sequence=4 symbol=- timestamp=19532446.207 duration=360.000 expected=19532441.462 skew=4.745 age=16.154
10-11 17:35:08.943  8013  8101 I ReactNativeJS: [outputs] playMorse.symbol {"timestamp":19532462.679682,"wallClock":1760218508941,"symbol":"-","durationMs":360,"index":3,"source":"console.replay","correlationId":"console-replay:mgmsnhxpiw6hs2mw","nativeTimestampMs":19532446.207,"nativeDurationMs":360,"nativeOffsetMs":16.35216100141406,"nativeSequence":4,"monotonicTimestampMs":19532446.207,"nativeExpectedTimestampMs":19532441.462,"nativeStartSkewMs":4.745,"nativeBatchElapsedMs":724.745,"nativeExpectedSincePriorMs":240,"nativeSincePriorMs":241.674,"nativePatternStartMs":19531721.462,"nativeAgeMs":16.154}
10-11 17:35:08.944  8013  8101 I ReactNativeJS: [outputs] outputs.hapticSymbol {"timestamp":19532464.770151,"wallClock":1760218508943,"enabled":true,"symbol":"-","durationMs":360,"platform":"android","source":"console.replay","correlationId":"console-replay:mgmsnhxpiw6hs2mw","timelineOffsetMs":16.35216100141406}
10-11 17:35:08.945  8013  8101 I ReactNativeJS: [outputs] outputs.flashPulse {"timestamp":19532466.028224,"wallClock":1760218508944,"enabled":true,"durationMs":360,"source":"console.replay","correlationId":"console-replay:mgmsnhxpiw6hs2mw","timelineOffsetMs":16.35216100141406,"schedulingMode":"timeline","audioStartHeadroomMs":-32.550910998135805,"audioStartGuard":"headroom"}
10-11 17:35:09.011  8013  8101 I ReactNativeJS: [outputs] outputs.flashPulse.commit {"timestamp":19532531.974057,"wallClock":1760218509010,"durationMs":360,"source":"console.replay","correlationId":"console-replay:mgmsnhxpiw6hs2mw","latencyMs":69.40651100128889,"timelineOffsetMs":16.35216100141406,"leadMs":8,"scheduleSkewMs":77.40651100128889,"schedulingMode":"timeline","audioStartHeadroomMs":-32.550910998135805,"audioStartGuard":"headroom"}
10-11 17:35:09.285  8013  8327 D OutputsAudio: [outputs-audio] stop gain=1.000 release=6.00
10-11 17:35:09.406  8013  8327 D OutputsAudio: [outputs-audio] start hz=700.0 gain=1.000 attack=2.50 release=6.00
10-11 17:35:09.407  8013  8327 D OutputsAudio: [outputs-audio] playMorse.symbol.start sequence=5 symbol=- expected=19532921.462 actual=19532928.284 skew=6.822 batchElapsed=1206.822
10-11 17:35:09.432  8013  8101 D OutputsAudio: [outputs-audio] symbol.info sequence=5 symbol=- timestamp=19532928.284 duration=360.000 expected=19532921.462 skew=6.822 age=25.023
10-11 17:35:09.434  8013  8101 I ReactNativeJS: [outputs] playMorse.symbol {"timestamp":19532953.726922,"wallClock":1760218509432,"symbol":"-","durationMs":360,"index":4,"source":"console.replay","correlationId":"console-replay:mgmsnibcmxdbhk6a","nativeTimestampMs":19532928.284,"nativeDurationMs":360,"nativeOffsetMs":25.261931996792555,"nativeSequence":5,"monotonicTimestampMs":19532928.284,"nativeExpectedTimestampMs":19532921.462,"nativeStartSkewMs":6.822,"nativeBatchElapsedMs":1206.822,"nativeExpectedSincePriorMs":480,"nativeSincePriorMs":482.077,"nativePatternStartMs":19531721.462,"nativeAgeMs":25.023}
10-11 17:35:09.435  8013  8101 I ReactNativeJS: [outputs] outputs.hapticSymbol {"timestamp":19532955.55088,"wallClock":1760218509434,"enabled":true,"symbol":"-","durationMs":360,"platform":"android","source":"console.replay","correlationId":"console-replay:mgmsnibcmxdbhk6a","timelineOffsetMs":25.261931996792555}
10-11 17:35:09.436  8013  8101 I ReactNativeJS: [outputs] outputs.flashPulse {"timestamp":19532957.171036,"wallClock":1760218509436,"enabled":true,"durationMs":360,"source":"console.replay","correlationId":"console-replay:mgmsnibcmxdbhk6a","timelineOffsetMs":25.261931996792555,"schedulingMode":"timeline","audioStartHeadroomMs":-43.688827998936176,"audioStartGuard":"headroom"}
10-11 17:35:09.513  8013  8101 I ReactNativeJS: [outputs] outputs.flashPulse.commit {"timestamp":19533033.879942,"wallClock":1760218509512,"durationMs":360,"source":"console.replay","correlationId":"console-replay:mgmsnibcmxdbhk6a","latencyMs":80.3260940015316,"timelineOffsetMs":25.261931996792555,"leadMs":8,"scheduleSkewMs":88.3260940015316,"schedulingMode":"timeline","audioStartHeadroomMs":-43.688827998936176,"audioStartGuard":"headroom"}
10-11 17:35:09.767  8013  8327 D OutputsAudio: [outputs-audio] stop gain=1.000 release=6.00
10-11 17:35:09.888  8013  8327 D OutputsAudio: [outputs-audio] start hz=700.0 gain=1.000 attack=2.50 release=6.00
10-11 17:35:09.888  8013  8327 D OutputsAudio: [outputs-audio] playMorse.symbol.start sequence=6 symbol=- expected=19533401.462 actual=19533409.426 skew=7.963 batchElapsed=1687.963
10-11 17:35:09.912  8013  8101 D OutputsAudio: [outputs-audio] symbol.info sequence=6 symbol=- timestamp=19533409.426 duration=360.000 expected=19533401.462 skew=7.963 age=23.921
10-11 17:35:09.913  8013  8101 I ReactNativeJS: [outputs] playMorse.symbol {"timestamp":19533433.665046,"wallClock":1760218509912,"symbol":"-","durationMs":360,"index":5,"source":"console.replay","correlationId":"console-replay:mgmsniooazctokng","nativeTimestampMs":19533409.426,"nativeDurationMs":360,"nativeOffsetMs":24.11618199944496,"nativeSequence":6,"monotonicTimestampMs":19533409.426,"nativeExpectedTimestampMs":19533401.462,"nativeStartSkewMs":7.963,"nativeBatchElapsedMs":1687.963,"nativeExpectedSincePriorMs":480,"nativeSincePriorMs":481.142,"nativePatternStartMs":19531721.462,"nativeAgeMs":23.921}
10-11 17:35:09.915  8013  8101 I ReactNativeJS: [outputs] outputs.hapticSymbol {"timestamp":19533435.024369,"wallClock":1760218509913,"enabled":true,"symbol":"-","durationMs":360,"platform":"android","source":"console.replay","correlationId":"console-replay:mgmsniooazctokng","timelineOffsetMs":24.11618199944496}
10-11 17:35:09.917  8013  8101 I ReactNativeJS: [outputs] outputs.flashPulse {"timestamp":19533437.781244,"wallClock":1760218509916,"enabled":true,"durationMs":360,"source":"console.replay","correlationId":"console-replay:mgmsniooazctokng","timelineOffsetMs":24.11618199944496,"schedulingMode":"timeline","audioStartHeadroomMs":-44.304295998066664,"audioStartGuard":"headroom"}
10-11 17:35:09.998  8013  8101 I ReactNativeJS: [outputs] outputs.flashPulse.commit {"timestamp":19533519.538432,"wallClock":1760218509998,"durationMs":360,"source":"console.replay","correlationId":"console-replay:mgmsniooazctokng","latencyMs":85.98802100121975,"timelineOffsetMs":24.11618199944496,"leadMs":8,"scheduleSkewMs":93.98802100121975,"schedulingMode":"timeline","audioStartHeadroomMs":-44.304295998066664,"audioStartGuard":"headroom"}
10-11 17:35:10.249  8013  8327 D OutputsAudio: [outputs-audio] stop gain=1.000 release=6.00
10-11 17:35:10.370  8013  8327 D OutputsAudio: [outputs-audio] start hz=700.0 gain=1.000 attack=2.50 release=6.00
10-11 17:35:10.370  8013  8327 D OutputsAudio: [outputs-audio] playMorse.symbol.start sequence=7 symbol=. expected=19533881.462 actual=19533891.541 skew=10.078 batchElapsed=2170.078
10-11 17:35:10.398  8013  8101 D OutputsAudio: [outputs-audio] symbol.info sequence=7 symbol=. timestamp=19533891.541 duration=120.000 expected=19533881.462 skew=10.078 age=27.661
10-11 17:35:10.398  8013  8101 I ReactNativeJS: [outputs] playMorse.symbol {"timestamp":19533919.374577,"wallClock":1760218510398,"symbol":".","durationMs":120,"index":6,"source":"console.replay","correlationId":"console-replay:mgmsnj26olcz4j3d","nativeTimestampMs":19533891.541,"nativeDurationMs":120,"nativeOffsetMs":27.765556998550892,"nativeSequence":7,"monotonicTimestampMs":19533891.541,"nativeExpectedTimestampMs":19533881.462,"nativeStartSkewMs":10.078,"nativeBatchElapsedMs":2170.078,"nativeExpectedSincePriorMs":480,"nativeSincePriorMs":482.115,"nativePatternStartMs":19531721.462,"nativeAgeMs":27.661}
10-11 17:35:10.399  8013  8101 I ReactNativeJS: [outputs] outputs.hapticSymbol {"timestamp":19533920.156036,"wallClock":1760218510399,"enabled":true,"symbol":".","durationMs":120,"platform":"android","source":"console.replay","correlationId":"console-replay:mgmsnj26olcz4j3d","timelineOffsetMs":27.765556998550892}
10-11 17:35:10.400  8013  8101 I ReactNativeJS: [outputs] outputs.flashPulse {"timestamp":19533921.088952,"wallClock":1760218510399,"enabled":true,"durationMs":120,"source":"console.replay","correlationId":"console-replay:mgmsnj26olcz4j3d","timelineOffsetMs":27.765556998550892,"schedulingMode":"timeline","audioStartHeadroomMs":-47.61414000019431,"audioStartGuard":"headroom"}
10-11 17:35:10.470  8013  8101 I ReactNativeJS: [outputs] outputs.flashPulse.commit {"timestamp":19533991.184994,"wallClock":1760218510470,"durationMs":120,"source":"console.replay","correlationId":"console-replay:mgmsnj26olcz4j3d","latencyMs":71.87041600048542,"timelineOffsetMs":27.765556998550892,"leadMs":8,"scheduleSkewMs":79.87041600048542,"schedulingMode":"timeline","audioStartHeadroomMs":-47.61414000019431,"audioStartGuard":"headroom"}
10-11 17:35:10.490  8013  8327 D OutputsAudio: [outputs-audio] stop gain=1.000 release=6.00
10-11 17:35:10.611  8013  8327 D OutputsAudio: [outputs-audio] start hz=700.0 gain=1.000 attack=2.50 release=6.00
10-11 17:35:10.611  8013  8327 D OutputsAudio: [outputs-audio] playMorse.symbol.start sequence=8 symbol=. expected=19534121.462 actual=19534133.063 skew=11.601 batchElapsed=2411.601
10-11 17:35:10.623  8013  8101 D OutputsAudio: [outputs-audio] symbol.info sequence=8 symbol=. timestamp=19534133.063 duration=120.000 expected=19534121.462 skew=11.601 age=11.496
10-11 17:35:10.626  8013  8101 I ReactNativeJS: [outputs] playMorse.symbol {"timestamp":19534145.154786,"wallClock":1760218510624,"symbol":".","durationMs":120,"index":7,"source":"console.replay","correlationId":"console-replay:mgmsnj8fkchlp0es","nativeTimestampMs":19534133.063,"nativeDurationMs":120,"nativeOffsetMs":11.844076998531818,"nativeSequence":8,"monotonicTimestampMs":19534133.063,"nativeExpectedTimestampMs":19534121.462,"nativeStartSkewMs":11.601,"nativeBatchElapsedMs":2411.601,"nativeExpectedSincePriorMs":240,"nativeSincePriorMs":241.522,"nativePatternStartMs":19531721.462,"nativeAgeMs":11.496}
10-11 17:35:10.631  8013  8101 I ReactNativeJS: [outputs] outputs.hapticSymbol {"timestamp":19534148.082338,"wallClock":1760218510626,"enabled":true,"symbol":".","durationMs":120,"platform":"android","source":"console.replay","correlationId":"console-replay:mgmsnj8fkchlp0es","timelineOffsetMs":11.844076998531818}
10-11 17:35:10.636  8013  8101 I ReactNativeJS: [outputs] outputs.flashPulse {"timestamp":19534155.893327,"wallClock":1760218510634,"enabled":true,"durationMs":120,"source":"console.replay","correlationId":"console-replay:mgmsnj8fkchlp0es","timelineOffsetMs":11.844076998531818,"schedulingMode":"timeline","audioStartHeadroomMs":-42.41242099925876,"audioStartGuard":"headroom"}
10-11 17:35:10.716  8013  8101 I ReactNativeJS: [outputs] outputs.flashPulse.commit {"timestamp":19534237.053588,"wallClock":1760218510715,"durationMs":120,"source":"console.replay","correlationId":"console-replay:mgmsnj8fkchlp0es","latencyMs":92.13796900212765,"timelineOffsetMs":11.844076998531818,"leadMs":8,"scheduleSkewMs":100.13796900212765,"schedulingMode":"timeline","audioStartHeadroomMs":-42.41242099925876,"audioStartGuard":"headroom"}
10-11 17:35:10.732  8013  8327 D OutputsAudio: [outputs-audio] stop gain=1.000 release=6.00
10-11 17:35:10.853  8013  8327 D OutputsAudio: [outputs-audio] start hz=700.0 gain=1.000 attack=2.50 release=6.00
10-11 17:35:10.853  8013  8327 D OutputsAudio: [outputs-audio] playMorse.symbol.start sequence=9 symbol=. expected=19534361.462 actual=19534375.080 skew=13.618 batchElapsed=2653.618
10-11 17:35:10.856  8013  8101 D OutputsAudio: [outputs-audio] symbol.info sequence=9 symbol=. timestamp=19534375.080 duration=120.000 expected=19534361.462 skew=13.618 age=2.489
10-11 17:35:10.857  8013  8101 I ReactNativeJS: [outputs] playMorse.symbol {"timestamp":19534377.775359,"wallClock":1760218510856,"symbol":".","durationMs":120,"index":8,"source":"console.replay","correlationId":"console-replay:mgmsnjewrg4y8vnx","nativeTimestampMs":19534375.08,"nativeDurationMs":120,"nativeOffsetMs":2.608379002660513,"nativeSequence":9,"monotonicTimestampMs":19534375.08,"nativeExpectedTimestampMs":19534361.462,"nativeStartSkewMs":13.618,"nativeBatchElapsedMs":2653.618,"nativeExpectedSincePriorMs":240,"nativeSincePriorMs":242.017,"nativePatternStartMs":19531721.462,"nativeAgeMs":2.489}
10-11 17:35:10.858  8013  8101 I ReactNativeJS: [outputs] outputs.hapticSymbol {"timestamp":19534378.707702,"wallClock":1760218510857,"enabled":true,"symbol":".","durationMs":120,"platform":"android","source":"console.replay","correlationId":"console-replay:mgmsnjewrg4y8vnx","timelineOffsetMs":2.608379002660513}
10-11 17:35:10.860  8013  8101 I ReactNativeJS: [outputs] outputs.flashPulse {"timestamp":19534380.704213,"wallClock":1760218510859,"enabled":true,"durationMs":120,"source":"console.replay","correlationId":"console-replay:mgmsnjewrg4y8vnx","timelineOffsetMs":2.608379002660513,"schedulingMode":"timeline","audioStartHeadroomMs":-27.22893099859357,"audioStartGuard":"headroom"}
10-11 17:35:10.941  8013  8101 I ReactNativeJS: [outputs] outputs.flashPulse.commit {"timestamp":19534462.076817,"wallClock":1760218510940,"durationMs":120,"source":"console.replay","correlationId":"console-replay:mgmsnjewrg4y8vnx","latencyMs":84.3803129978478,"timelineOffsetMs":2.608379002660513,"leadMs":8,"scheduleSkewMs":92.3803129978478,"schedulingMode":"timeline","audioStartHeadroomMs":-27.22893099859357,"audioStartGuard":"headroom"}
10-11 17:35:10.974  8013  8327 D OutputsAudio: [outputs-audio] stop gain=1.000 release=6.00
10-11 17:35:11.095  8013  8327 D OutputsAudio: [outputs-audio] start hz=700.0 gain=1.000 attack=2.50 release=6.00
10-11 17:35:11.095  8013  8327 D OutputsAudio: [outputs-audio] playMorse.symbol.start sequence=10 symbol=- expected=19534601.462 actual=19534616.529 skew=15.066 batchElapsed=2895.066
10-11 17:35:11.120  8013  8101 D OutputsAudio: [outputs-audio] symbol.info sequence=10 symbol=- timestamp=19534616.529 duration=360.000 expected=19534601.462 skew=15.066 age=25.275
10-11 17:35:11.122  8013  8101 I ReactNativeJS: [outputs] playMorse.symbol {"timestamp":19534642.178327,"wallClock":1760218511121,"symbol":"-","durationMs":360,"index":9,"source":"console.replay","correlationId":"console-replay:mgmsnjm9vozm7vap","nativeTimestampMs":19534616.529,"nativeDurationMs":360,"nativeOffsetMs":25.502348002046347,"nativeSequence":10,"monotonicTimestampMs":19534616.529,"nativeExpectedTimestampMs":19534601.462,"nativeStartSkewMs":15.066,"nativeBatchElapsedMs":2895.066,"nativeExpectedSincePriorMs":240,"nativeSincePriorMs":241.448,"nativePatternStartMs":19531721.462,"nativeAgeMs":25.275}
10-11 17:35:11.123  8013  8101 I ReactNativeJS: [outputs] outputs.hapticSymbol {"timestamp":19534643.760254,"wallClock":1760218511122,"enabled":true,"symbol":"-","durationMs":360,"platform":"android","source":"console.replay","correlationId":"console-replay:mgmsnjm9vozm7vap","timelineOffsetMs":25.502348002046347}
10-11 17:35:11.125  8013  8101 I ReactNativeJS: [outputs] outputs.flashPulse {"timestamp":19534645.445879,"wallClock":1760218511124,"enabled":true,"durationMs":360,"source":"console.replay","correlationId":"console-replay:mgmsnjm9vozm7vap","timelineOffsetMs":25.502348002046347,"schedulingMode":"timeline","audioStartHeadroomMs":-51.96028599888086,"audioStartGuard":"headroom"}
10-11 17:35:11.198  8013  8101 I ReactNativeJS: [outputs] outputs.flashPulse.commit {"timestamp":19534719.657338,"wallClock":1760218511198,"durationMs":360,"source":"console.replay","correlationId":"console-replay:mgmsnjm9vozm7vap","latencyMs":77.61848999932408,"timelineOffsetMs":25.502348002046347,"leadMs":8,"scheduleSkewMs":85.61848999932408,"schedulingMode":"timeline","audioStartHeadroomMs":-51.96028599888086,"audioStartGuard":"headroom"}
10-11 17:35:11.456  8013  8327 D OutputsAudio: [outputs-audio] stop gain=1.000 release=6.00
10-11 17:35:11.577  8013  8327 D OutputsAudio: [outputs-audio] start hz=700.0 gain=1.000 attack=2.50 release=6.00
10-11 17:35:11.577  8013  8327 D OutputsAudio: [outputs-audio] playMorse.symbol.start sequence=11 symbol=- expected=19535081.462 actual=19535098.299 skew=16.837 batchElapsed=3376.837
10-11 17:35:11.589  8013  8101 D OutputsAudio: [outputs-audio] symbol.info sequence=11 symbol=- timestamp=19535098.299 duration=360.000 expected=19535081.462 skew=16.837 age=12.421
10-11 17:35:11.590  8013  8101 I ReactNativeJS: [outputs] playMorse.symbol {"timestamp":19535110.909056,"wallClock":1760218511589,"symbol":"-","durationMs":360,"index":10,"source":"console.replay","correlationId":"console-replay:mgmsnjz9c4uxingl","nativeTimestampMs":19535098.299,"nativeDurationMs":360,"nativeOffsetMs":12.535785000771284,"nativeSequence":11,"monotonicTimestampMs":19535098.299,"nativeExpectedTimestampMs":19535081.462,"nativeStartSkewMs":16.837,"nativeBatchElapsedMs":3376.837,"nativeExpectedSincePriorMs":480,"nativeSincePriorMs":481.771,"nativePatternStartMs":19531721.462,"nativeAgeMs":12.421}
10-11 17:35:11.591  8013  8101 I ReactNativeJS: [outputs] outputs.hapticSymbol {"timestamp":19535111.686973,"wallClock":1760218511590,"enabled":true,"symbol":"-","durationMs":360,"platform":"android","source":"console.replay","correlationId":"console-replay:mgmsnjz9c4uxingl","timelineOffsetMs":12.535785000771284}
10-11 17:35:11.591  8013  8101 I ReactNativeJS: [outputs] outputs.flashPulse {"timestamp":19535112.61916,"wallClock":1760218511591,"enabled":true,"durationMs":360,"source":"console.replay","correlationId":"console-replay:mgmsnjz9c4uxingl","timelineOffsetMs":12.535785000771284,"schedulingMode":"timeline","audioStartHeadroomMs":-39.147889997810125,"audioStartGuard":"headroom"}
10-11 17:35:11.665  8013  8101 I ReactNativeJS: [outputs] outputs.flashPulse.commit {"timestamp":19535186.193223,"wallClock":1760218511665,"durationMs":360,"source":"console.replay","correlationId":"console-replay:mgmsnjz9c4uxingl","latencyMs":75.34994800016284,"timelineOffsetMs":12.535785000771284,"leadMs":8,"scheduleSkewMs":83.34994800016284,"schedulingMode":"timeline","audioStartHeadroomMs":-39.147889997810125,"audioStartGuard":"headroom"}
10-11 17:35:11.937  8013  8327 D OutputsAudio: [outputs-audio] stop gain=1.000 release=6.00
10-11 17:35:12.058  8013  8327 D OutputsAudio: [outputs-audio] start hz=700.0 gain=1.000 attack=2.50 release=6.00
10-11 17:35:12.058  8013  8327 D OutputsAudio: [outputs-audio] playMorse.symbol.start sequence=12 symbol=- expected=19535561.462 actual=19535579.870 skew=18.408 batchElapsed=3858.408
10-11 17:35:12.080  8013  8101 D OutputsAudio: [outputs-audio] symbol.info sequence=12 symbol=- timestamp=19535579.870 duration=360.000 expected=19535561.462 skew=18.408 age=21.242
10-11 17:35:12.081  8013  8101 I ReactNativeJS: [outputs] playMorse.symbol {"timestamp":19535601.339577,"wallClock":1760218512080,"symbol":"-","durationMs":360,"index":11,"source":"console.replay","correlationId":"console-replay:mgmsnkcwt9do0dxd","nativeTimestampMs":19535579.87,"nativeDurationMs":360,"nativeOffsetMs":21.356348000466824,"nativeSequence":12,"monotonicTimestampMs":19535579.87,"nativeExpectedTimestampMs":19535561.462,"nativeStartSkewMs":18.408,"nativeBatchElapsedMs":3858.408,"nativeExpectedSincePriorMs":480,"nativeSincePriorMs":481.571,"nativePatternStartMs":19531721.462,"nativeAgeMs":21.242}
10-11 17:35:12.081  8013  8101 I ReactNativeJS: [outputs] outputs.hapticSymbol {"timestamp":19535602.274421,"wallClock":1760218512081,"enabled":true,"symbol":"-","durationMs":360,"platform":"android","source":"console.replay","correlationId":"console-replay:mgmsnkcwt9do0dxd","timelineOffsetMs":21.356348000466824}
10-11 17:35:12.082  8013  8101 I ReactNativeJS: [outputs] outputs.flashPulse {"timestamp":19535603.172598,"wallClock":1760218512082,"enabled":true,"durationMs":360,"source":"console.replay","correlationId":"console-replay:mgmsnkcwt9do0dxd","timelineOffsetMs":21.356348000466824,"schedulingMode":"timeline","audioStartHeadroomMs":-49.69643099978566,"audioStartGuard":"headroom"}
10-11 17:35:12.155  8013  8101 I ReactNativeJS: [outputs] outputs.flashPulse.commit {"timestamp":19535676.353691,"wallClock":1760218512155,"durationMs":360,"source":"console.replay","correlationId":"console-replay:mgmsnkcwt9do0dxd","latencyMs":75.11890599876642,"timelineOffsetMs":21.356348000466824,"leadMs":8,"scheduleSkewMs":83.11890599876642,"schedulingMode":"timeline","audioStartHeadroomMs":-49.69643099978566,"audioStartGuard":"headroom"}
10-11 17:35:12.419  8013  8327 D OutputsAudio: [outputs-audio] stop gain=1.000 release=6.00
10-11 17:35:12.539  8013  8327 D OutputsAudio: [outputs-audio] start hz=700.0 gain=1.000 attack=2.50 release=6.00
10-11 17:35:12.540  8013  8327 D OutputsAudio: [outputs-audio] playMorse.symbol.start sequence=13 symbol=. expected=19536041.462 actual=19536061.163 skew=19.700 batchElapsed=4339.700
10-11 17:35:12.554  8013  8101 D OutputsAudio: [outputs-audio] symbol.info sequence=13 symbol=. timestamp=19536061.163 duration=120.000 expected=19536041.462 skew=19.700 age=14.379
10-11 17:35:12.555  8013  8101 I ReactNativeJS: [outputs] playMorse.symbol {"timestamp":19536075.844525,"wallClock":1760218512554,"symbol":".","durationMs":120,"index":12,"source":"console.replay","correlationId":"console-replay:mgmsnkq2fy664ewo","nativeTimestampMs":19536061.163,"nativeDurationMs":120,"nativeOffsetMs":14.565743003040552,"nativeSequence":13,"monotonicTimestampMs":19536061.163,"nativeExpectedTimestampMs":19536041.462,"nativeStartSkewMs":19.7,"nativeBatchElapsedMs":4339.7,"nativeExpectedSincePriorMs":480,"nativeSincePriorMs":481.292,"nativePatternStartMs":19531721.462,"nativeAgeMs":14.379}
10-11 17:35:12.556  8013  8101 I ReactNativeJS: [outputs] outputs.hapticSymbol {"timestamp":19536077.074993,"wallClock":1760218512555,"enabled":true,"symbol":".","durationMs":120,"platform":"android","source":"console.replay","correlationId":"console-replay:mgmsnkq2fy664ewo","timelineOffsetMs":14.565743003040552}
10-11 17:35:12.557  8013  8101 I ReactNativeJS: [outputs] outputs.flashPulse {"timestamp":19536078.132129,"wallClock":1760218512557,"enabled":true,"durationMs":120,"source":"console.replay","correlationId":"console-replay:mgmsnkq2fy664ewo","timelineOffsetMs":14.565743003040552,"schedulingMode":"timeline","audioStartHeadroomMs":-44.643982999026775,"audioStartGuard":"headroom"}
10-11 17:35:12.629  8013  8101 I ReactNativeJS: [outputs] outputs.flashPulse.commit {"timestamp":19536150.122962,"wallClock":1760218512628,"durationMs":120,"source":"console.replay","correlationId":"console-replay:mgmsnkq2fy664ewo","latencyMs":74.3866149969399,"timelineOffsetMs":14.565743003040552,"leadMs":8,"scheduleSkewMs":82.3866149969399,"schedulingMode":"timeline","audioStartHeadroomMs":-44.643982999026775,"audioStartGuard":"headroom"}
10-11 17:35:12.660  8013  8327 D OutputsAudio: [outputs-audio] stop gain=1.000 release=6.00
10-11 17:35:12.780  8013  8327 D OutputsAudio: [outputs-audio] start hz=700.0 gain=1.000 attack=2.50 release=6.00
10-11 17:35:12.780  8013  8327 D OutputsAudio: [outputs-audio] playMorse.symbol.start sequence=14 symbol=. expected=19536281.462 actual=19536301.969 skew=20.506 batchElapsed=4580.506
10-11 17:35:12.801  8013  8101 D OutputsAudio: [outputs-audio] symbol.info sequence=14 symbol=. timestamp=19536301.969 duration=120.000 expected=19536281.462 skew=20.506 age=20.123
10-11 17:35:12.806  8013  8101 I ReactNativeJS: [outputs] playMorse.symbol {"timestamp":19536322.498327,"wallClock":1760218512801,"symbol":".","durationMs":120,"index":13,"source":"console.replay","correlationId":"console-replay:mgmsnkwx51nsi96v","nativeTimestampMs":19536301.969,"nativeDurationMs":120,"nativeOffsetMs":20.363492999225855,"nativeSequence":14,"monotonicTimestampMs":19536301.969,"nativeExpectedTimestampMs":19536281.462,"nativeStartSkewMs":20.506,"nativeBatchElapsedMs":4580.506,"nativeExpectedSincePriorMs":240,"nativeSincePriorMs":240.806,"nativePatternStartMs":19531721.462,"nativeAgeMs":20.123}
10-11 17:35:12.808  8013  8101 I ReactNativeJS: [outputs] outputs.hapticSymbol {"timestamp":19536327.908379,"wallClock":1760218512806,"enabled":true,"symbol":".","durationMs":120,"platform":"android","source":"console.replay","correlationId":"console-replay:mgmsnkwx51nsi96v","timelineOffsetMs":20.363492999225855}
10-11 17:35:12.808  8013  8101 I ReactNativeJS: [outputs] outputs.flashPulse {"timestamp":19536329.728795,"wallClock":1760218512808,"enabled":true,"durationMs":120,"source":"console.replay","correlationId":"console-replay:mgmsnkwx51nsi96v","timelineOffsetMs":20.363492999225855,"schedulingMode":"timeline","audioStartHeadroomMs":-56.252940997481346,"audioStartGuard":"headroom"}
10-11 17:35:12.880  8013  8101 I ReactNativeJS: [outputs] outputs.flashPulse.commit {"timestamp":19536401.75916,"wallClock":1760218512880,"durationMs":120,"source":"console.replay","correlationId":"console-replay:mgmsnkwx51nsi96v","latencyMs":79.41989599913359,"timelineOffsetMs":20.363492999225855,"leadMs":8,"scheduleSkewMs":87.41989599913359,"schedulingMode":"timeline","audioStartHeadroomMs":-56.252940997481346,"audioStartGuard":"headroom"}
10-11 17:35:12.901  8013  8327 D OutputsAudio: [outputs-audio] stop gain=1.000 release=6.00
10-11 17:35:13.022  8013  8327 D OutputsAudio: [outputs-audio] start hz=700.0 gain=1.000 attack=2.50 release=6.00
10-11 17:35:13.022  8013  8327 D OutputsAudio: [outputs-audio] playMorse.symbol.start sequence=15 symbol=. expected=19536521.462 actual=19536543.238 skew=21.776 batchElapsed=4821.776
10-11 17:35:13.033  8013  8101 D OutputsAudio: [outputs-audio] symbol.info sequence=15 symbol=. timestamp=19536543.238 duration=120.000 expected=19536521.462 skew=21.776 age=11.238
10-11 17:35:13.034  8013  8101 I ReactNativeJS: [outputs] playMorse.symbol {"timestamp":19536554.794056,"wallClock":1760218513033,"symbol":".","durationMs":120,"index":14,"source":"console.replay","correlationId":"console-replay:mgmsnl3dno428qz0","nativeTimestampMs":19536543.238,"nativeDurationMs":120,"nativeOffsetMs":11.426784999668598,"nativeSequence":15,"monotonicTimestampMs":19536543.238,"nativeExpectedTimestampMs":19536521.462,"nativeStartSkewMs":21.776,"nativeBatchElapsedMs":4821.776,"nativeExpectedSincePriorMs":240,"nativeSincePriorMs":241.269,"nativePatternStartMs":19531721.462,"nativeAgeMs":11.238}
10-11 17:35:13.036  8013  8101 I ReactNativeJS: [outputs] outputs.hapticSymbol {"timestamp":19536556.163483,"wallClock":1760218513035,"enabled":true,"symbol":".","durationMs":120,"platform":"android","source":"console.replay","correlationId":"console-replay:mgmsnl3dno428qz0","timelineOffsetMs":11.426784999668598}
10-11 17:35:13.038  8013  8101 I ReactNativeJS: [outputs] outputs.flashPulse {"timestamp":19536558.838951,"wallClock":1760218513037,"enabled":true,"durationMs":120,"source":"console.replay","correlationId":"console-replay:mgmsnl3dno428qz0","timelineOffsetMs":11.426784999668598,"schedulingMode":"timeline","audioStartHeadroomMs":-45.35919100046158,"audioStartGuard":"headroom"}
10-11 17:35:13.108  8013  8101 I ReactNativeJS: [outputs] outputs.flashPulse.commit {"timestamp":19536628.786556,"wallClock":1760218513107,"durationMs":120,"source":"console.replay","correlationId":"console-replay:mgmsnl3dno428qz0","latencyMs":74.11338499933481,"timelineOffsetMs":11.426784999668598,"leadMs":8,"scheduleSkewMs":82.11338499933481,"schedulingMode":"timeline","audioStartHeadroomMs":-45.35919100046158,"audioStartGuard":"headroom"}
10-11 17:35:13.142  8013  8327 D OutputsAudio: [outputs-audio] stop gain=1.000 release=6.00
10-11 17:35:13.263  8013  8327 D OutputsAudio: [outputs-audio] start hz=700.0 gain=1.000 attack=2.50 release=6.00
10-11 17:35:13.263  8013  8327 D OutputsAudio: [outputs-audio] playMorse.symbol.start sequence=16 symbol=- expected=19536761.462 actual=19536784.806 skew=23.343 batchElapsed=5063.343
10-11 17:35:13.277  8013  8101 D OutputsAudio: [outputs-audio] symbol.info sequence=16 symbol=- timestamp=19536784.806 duration=360.000 expected=19536761.462 skew=23.343 age=14.026
10-11 17:35:13.279  8013  8101 I ReactNativeJS: [outputs] playMorse.symbol {"timestamp":19536799.072337,"wallClock":1760218513277,"symbol":"-","durationMs":360,"index":15,"source":"console.replay","correlationId":"console-replay:mgmsnla5mb6xis9c","nativeTimestampMs":19536784.806,"nativeDurationMs":360,"nativeOffsetMs":14.167950998991728,"nativeSequence":16,"monotonicTimestampMs":19536784.806,"nativeExpectedTimestampMs":19536761.462,"nativeStartSkewMs":23.343,"nativeBatchElapsedMs":5063.343,"nativeExpectedSincePriorMs":240,"nativeSincePriorMs":241.568,"nativePatternStartMs":19531721.462,"nativeAgeMs":14.026}
10-11 17:35:13.281  8013  8101 I ReactNativeJS: [outputs] outputs.hapticSymbol {"timestamp":19536800.787545,"wallClock":1760218513279,"enabled":true,"symbol":"-","durationMs":360,"platform":"android","source":"console.replay","correlationId":"console-replay:mgmsnla5mb6xis9c","timelineOffsetMs":14.167950998991728}
10-11 17:35:13.285  8013  8101 I ReactNativeJS: [outputs] outputs.flashPulse {"timestamp":19536805.284524,"wallClock":1760218513284,"enabled":true,"durationMs":360,"source":"console.replay","correlationId":"console-replay:mgmsnla5mb6xis9c","timelineOffsetMs":14.167950998991728,"schedulingMode":"timeline","audioStartHeadroomMs":-51.80851399898529,"audioStartGuard":"headroom"}
10-11 17:35:13.354  8013  8101 I ReactNativeJS: [outputs] outputs.flashPulse.commit {"timestamp":19536874.944785,"wallClock":1760218513353,"durationMs":360,"source":"console.replay","correlationId":"console-replay:mgmsnla5mb6xis9c","latencyMs":75.96291700005531,"timelineOffsetMs":14.167950998991728,"leadMs":8,"scheduleSkewMs":83.96291700005531,"schedulingMode":"timeline","audioStartHeadroomMs":-51.80851399898529,"audioStartGuard":"headroom"}
10-11 17:35:13.624  8013  8327 D OutputsAudio: [outputs-audio] stop gain=1.000 release=6.00
10-11 17:35:13.745  8013  8327 D OutputsAudio: [outputs-audio] start hz=700.0 gain=1.000 attack=2.50 release=6.00
10-11 17:35:13.745  8013  8327 D OutputsAudio: [outputs-audio] playMorse.symbol.start sequence=17 symbol=- expected=19537241.462 actual=19537266.594 skew=25.131 batchElapsed=5545.131
10-11 17:35:13.752  8013  8101 D OutputsAudio: [outputs-audio] symbol.info sequence=17 symbol=- timestamp=19537266.594 duration=360.000 expected=19537241.462 skew=25.131 age=7.156
10-11 17:35:13.753  8013  8101 I ReactNativeJS: [outputs] playMorse.symbol {"timestamp":19537273.968222,"wallClock":1760218513752,"symbol":"-","durationMs":360,"index":16,"source":"console.replay","correlationId":"console-replay:mgmsnlncfius7xov","nativeTimestampMs":19537266.594,"nativeDurationMs":360,"nativeOffsetMs":7.282554998993874,"nativeSequence":17,"monotonicTimestampMs":19537266.594,"nativeExpectedTimestampMs":19537241.462,"nativeStartSkewMs":25.131,"nativeBatchElapsedMs":5545.131,"nativeExpectedSincePriorMs":480,"nativeSincePriorMs":481.788,"nativePatternStartMs":19531721.462,"nativeAgeMs":7.156}
10-11 17:35:13.754  8013  8101 I ReactNativeJS: [outputs] outputs.hapticSymbol {"timestamp":19537274.890149,"wallClock":1760218513753,"enabled":true,"symbol":"-","durationMs":360,"platform":"android","source":"console.replay","correlationId":"console-replay:mgmsnlncfius7xov","timelineOffsetMs":7.282554998993874}
10-11 17:35:13.755  8013  8101 I ReactNativeJS: [outputs] outputs.flashPulse {"timestamp":19537275.875722,"wallClock":1760218513754,"enabled":true,"durationMs":360,"source":"console.replay","correlationId":"console-replay:mgmsnlncfius7xov","timelineOffsetMs":7.282554998993874,"schedulingMode":"timeline","audioStartHeadroomMs":-42.40075299888849,"audioStartGuard":"headroom"}
10-11 17:35:13.827  8013  8101 I ReactNativeJS: [outputs] outputs.flashPulse.commit {"timestamp":19537347.679316,"wallClock":1760218513826,"durationMs":360,"source":"console.replay","correlationId":"console-replay:mgmsnlncfius7xov","latencyMs":73.79442699998617,"timelineOffsetMs":7.282554998993874,"leadMs":8,"scheduleSkewMs":81.79442699998617,"schedulingMode":"timeline","audioStartHeadroomMs":-42.40075299888849,"audioStartGuard":"headroom"}
10-11 17:35:14.105  8013  8327 D OutputsAudio: [outputs-audio] stop gain=1.000 release=6.00
10-11 17:35:14.226  8013  8327 D OutputsAudio: [outputs-audio] start hz=700.0 gain=1.000 attack=2.50 release=6.00
10-11 17:35:14.227  8013  8327 D OutputsAudio: [outputs-audio] playMorse.symbol.start sequence=18 symbol=- expected=19537721.462 actual=19537748.306 skew=26.844 batchElapsed=6026.844
10-11 17:35:14.245  8013  8101 D OutputsAudio: [outputs-audio] symbol.info sequence=18 symbol=- timestamp=19537748.306 duration=360.000 expected=19537721.462 skew=26.844 age=18.038
10-11 17:35:14.248  8013  8101 I ReactNativeJS: [outputs] playMorse.symbol {"timestamp":19537766.54442,"wallClock":1760218514245,"symbol":"-","durationMs":360,"index":17,"source":"console.replay","correlationId":"console-replay:mgmsnm11dhw2g14k","nativeTimestampMs":19537748.306,"nativeDurationMs":360,"nativeOffsetMs":18.150190997868776,"nativeSequence":18,"monotonicTimestampMs":19537748.306,"nativeExpectedTimestampMs":19537721.462,"nativeStartSkewMs":26.844,"nativeBatchElapsedMs":6026.844,"nativeExpectedSincePriorMs":480,"nativeSincePriorMs":481.712,"nativePatternStartMs":19531721.462,"nativeAgeMs":18.038}
10-11 17:35:14.249  8013  8101 I ReactNativeJS: [outputs] outputs.hapticSymbol {"timestamp":19537769.47442,"wallClock":1760218514248,"enabled":true,"symbol":"-","durationMs":360,"platform":"android","source":"console.replay","correlationId":"console-replay:mgmsnm11dhw2g14k","timelineOffsetMs":18.150190997868776}
10-11 17:35:14.253  8013  8101 I ReactNativeJS: [outputs] outputs.flashPulse {"timestamp":19537772.88093,"wallClock":1760218514251,"enabled":true,"durationMs":360,"source":"console.replay","correlationId":"console-replay:mgmsnm11dhw2g14k","timelineOffsetMs":18.150190997868776,"schedulingMode":"timeline","audioStartHeadroomMs":-59.40580499917269,"audioStartGuard":"headroom"}
10-11 17:35:14.328  8013  8101 I ReactNativeJS: [outputs] outputs.flashPulse.commit {"timestamp":19537849.561138,"wallClock":1760218514328,"durationMs":360,"source":"console.replay","correlationId":"console-replay:mgmsnm11dhw2g14k","latencyMs":83.09666600078344,"timelineOffsetMs":18.150190997868776,"leadMs":8,"scheduleSkewMs":91.09666600078344,"schedulingMode":"timeline","audioStartHeadroomMs":-59.40580499917269,"audioStartGuard":"headroom"}
10-11 17:35:14.588  8013  8327 D OutputsAudio: [outputs-audio] stop gain=1.000 release=6.00
10-11 17:35:14.708  8013  8327 D OutputsAudio: [outputs-audio] start hz=700.0 gain=1.000 attack=2.50 release=6.00
10-11 17:35:14.709  8013  8327 D OutputsAudio: [outputs-audio] playMorse.symbol.start sequence=19 symbol=. expected=19538201.462 actual=19538230.232 skew=28.770 batchElapsed=6508.770
10-11 17:35:14.721  8013  8101 D OutputsAudio: [outputs-audio] symbol.info sequence=19 symbol=. timestamp=19538230.232 duration=120.000 expected=19538201.462 skew=28.770 age=12.216
10-11 17:35:14.722  8013  8101 I ReactNativeJS: [outputs] playMorse.symbol {"timestamp":19538242.713951,"wallClock":1760218514721,"symbol":".","durationMs":120,"index":18,"source":"console.replay","correlationId":"console-replay:mgmsnme9ubi7az5v","nativeTimestampMs":19538230.232,"nativeDurationMs":120,"nativeOffsetMs":12.374502997845411,"nativeSequence":19,"monotonicTimestampMs":19538230.232,"nativeExpectedTimestampMs":19538201.462,"nativeStartSkewMs":28.77,"nativeBatchElapsedMs":6508.77,"nativeExpectedSincePriorMs":480,"nativeSincePriorMs":481.926,"nativePatternStartMs":19531721.462,"nativeAgeMs":12.216}
10-11 17:35:14.723  8013  8101 I ReactNativeJS: [outputs] outputs.hapticSymbol {"timestamp":19538243.786503,"wallClock":1760218514722,"enabled":true,"symbol":".","durationMs":120,"platform":"android","source":"console.replay","correlationId":"console-replay:mgmsnme9ubi7az5v","timelineOffsetMs":12.374502997845411}
10-11 17:35:14.724  8013  8101 I ReactNativeJS: [outputs] outputs.flashPulse {"timestamp":19538244.897597,"wallClock":1760218514723,"enabled":true,"durationMs":120,"source":"console.replay","correlationId":"console-replay:mgmsnme9ubi7az5v","timelineOffsetMs":12.374502997845411,"schedulingMode":"timeline","audioStartHeadroomMs":-51.42116999998689,"audioStartGuard":"headroom"}
10-11 17:35:14.799  8013  8101 I ReactNativeJS: [outputs] outputs.flashPulse.commit {"timestamp":19538320.607492,"wallClock":1760218514799,"durationMs":120,"source":"console.replay","correlationId":"console-replay:mgmsnme9ubi7az5v","latencyMs":77.99307300150394,"timelineOffsetMs":12.374502997845411,"leadMs":8,"scheduleSkewMs":85.99307300150394,"schedulingMode":"timeline","audioStartHeadroomMs":-51.42116999998689,"audioStartGuard":"headroom"}
10-11 17:35:14.829  8013  8327 D OutputsAudio: [outputs-audio] stop gain=1.000 release=6.00
10-11 17:35:14.951  8013  8327 D OutputsAudio: [outputs-audio] start hz=700.0 gain=1.000 attack=2.50 release=6.00
10-11 17:35:14.951  8013  8327 D OutputsAudio: [outputs-audio] playMorse.symbol.start sequence=20 symbol=. expected=19538441.462 actual=19538472.374 skew=30.912 batchElapsed=6750.912
10-11 17:35:14.958  8013  8101 D OutputsAudio: [outputs-audio] symbol.info sequence=20 symbol=. timestamp=19538472.374 duration=120.000 expected=19538441.462 skew=30.912 age=7.515
10-11 17:35:14.961  8013  8101 I ReactNativeJS: [outputs] playMorse.symbol {"timestamp":19538480.681607,"wallClock":1760218514959,"symbol":".","durationMs":120,"index":19,"source":"console.replay","correlationId":"console-replay:mgmsnmkvivj69bn0","nativeTimestampMs":19538472.374,"nativeDurationMs":120,"nativeOffsetMs":8.025366999208927,"nativeSequence":20,"monotonicTimestampMs":19538472.374,"nativeExpectedTimestampMs":19538441.462,"nativeStartSkewMs":30.912,"nativeBatchElapsedMs":6750.912,"nativeExpectedSincePriorMs":240,"nativeSincePriorMs":242.142,"nativePatternStartMs":19531721.462,"nativeAgeMs":7.515}
10-11 17:35:14.963  8013  8101 I ReactNativeJS: [outputs] outputs.hapticSymbol {"timestamp":19538483.276972,"wallClock":1760218514962,"enabled":true,"symbol":".","durationMs":120,"platform":"android","source":"console.replay","correlationId":"console-replay:mgmsnmkvivj69bn0","timelineOffsetMs":8.025366999208927}
10-11 17:35:14.965  8013  8101 I ReactNativeJS: [outputs] outputs.flashPulse {"timestamp":19538486.044888,"wallClock":1760218514964,"enabled":true,"durationMs":120,"source":"console.replay","correlationId":"console-replay:mgmsnmkvivj69bn0","timelineOffsetMs":8.025366999208927,"schedulingMode":"timeline","audioStartHeadroomMs":-52.560335997492075,"audioStartGuard":"headroom"}
10-11 17:35:15.043  8013  8101 I ReactNativeJS: [outputs] outputs.flashPulse.commit {"timestamp":19538564.735774,"wallClock":1760218515043,"durationMs":120,"source":"console.replay","correlationId":"console-replay:mgmsnmkvivj69bn0","latencyMs":84.32734400033951,"timelineOffsetMs":8.025366999208927,"leadMs":8,"scheduleSkewMs":92.32734400033951,"schedulingMode":"timeline","audioStartHeadroomMs":-52.560335997492075,"audioStartGuard":"headroom"}
10-11 17:35:15.072  8013  8327 D OutputsAudio: [outputs-audio] stop gain=1.000 release=6.00
10-11 17:35:15.193  8013  8327 D OutputsAudio: [outputs-audio] start hz=700.0 gain=1.000 attack=2.50 release=6.00
10-11 17:35:15.193  8013  8327 D OutputsAudio: [outputs-audio] playMorse.symbol.start sequence=21 symbol=. expected=19538681.462 actual=19538714.922 skew=33.460 batchElapsed=6993.460
10-11 17:35:15.215  8013  8101 D OutputsAudio: [outputs-audio] symbol.info sequence=21 symbol=. timestamp=19538714.922 duration=120.000 expected=19538681.462 skew=33.460 age=21.315
10-11 17:35:15.216  8013  8101 I ReactNativeJS: [outputs] playMorse.symbol {"timestamp":19538736.429836,"wallClock":1760218515215,"symbol":".","durationMs":120,"index":20,"source":"console.replay","correlationId":"console-replay:mgmsnmrzx5z1q0a8","nativeTimestampMs":19538714.922,"nativeDurationMs":120,"nativeOffsetMs":21.42544000223279,"nativeSequence":21,"monotonicTimestampMs":19538714.922,"nativeExpectedTimestampMs":19538681.462,"nativeStartSkewMs":33.46,"nativeBatchElapsedMs":6993.46,"nativeExpectedSincePriorMs":240,"nativeSincePriorMs":242.548,"nativePatternStartMs":19531721.462,"nativeAgeMs":21.315}
10-11 17:35:15.216  8013  8101 I ReactNativeJS: [outputs] outputs.hapticSymbol {"timestamp":19538737.229315,"wallClock":1760218515216,"enabled":true,"symbol":".","durationMs":120,"platform":"android","source":"console.replay","correlationId":"console-replay:mgmsnmrzx5z1q0a8","timelineOffsetMs":21.42544000223279}
10-11 17:35:15.216  8013  8101 I ReactNativeJS: [outputs] outputs.flashPulse {"timestamp":19538737.784315,"wallClock":1760218515216,"enabled":true,"durationMs":120,"source":"console.replay","correlationId":"console-replay:mgmsnmrzx5z1q0a8","timelineOffsetMs":21.42544000223279,"schedulingMode":"timeline","audioStartHeadroomMs":-64.31247099861503,"audioStartGuard":"headroom"}
10-11 17:35:15.281  8013  8101 I ReactNativeJS: [outputs] outputs.flashPulse.commit {"timestamp":19538802.249576,"wallClock":1760218515281,"durationMs":120,"source":"console.replay","correlationId":"console-replay:mgmsnmrzx5z1q0a8","latencyMs":65.89276099950075,"timelineOffsetMs":21.42544000223279,"leadMs":8,"scheduleSkewMs":73.89276099950075,"schedulingMode":"timeline","audioStartHeadroomMs":-64.31247099861503,"audioStartGuard":"headroom"}
10-11 17:35:15.314  8013  8327 D OutputsAudio: [outputs-audio] stop gain=1.000 release=6.00
10-11 17:35:15.435  8013  8327 D OutputsAudio: [outputs-audio] start hz=700.0 gain=1.000 attack=2.50 release=6.00
10-11 17:35:15.435  8013  8327 D OutputsAudio: [outputs-audio] playMorse.symbol.start sequence=22 symbol=- expected=19538921.462 actual=19538956.761 skew=35.299 batchElapsed=7235.299
10-11 17:35:15.455  8013  8101 D OutputsAudio: [outputs-audio] symbol.info sequence=22 symbol=- timestamp=19538956.761 duration=360.000 expected=19538921.462 skew=35.299 age=20.304
