10-14 22:07:35.918 21009 21095 I ReactNativeJS: [outputs] outputs.hapticSymbol {"timestamp":165171424.652407,"wallClock":1760494055917,"enabled":true,"symbol":"-","durationMs":180,"platform":"android","source":"console.replay","correlationId":"console-replay:job7h52y","timelineOffsetMs":null,"dispatchPhase":"actual"}
10-14 22:07:35.919 21009 21095 I ReactNativeJS: [outputs] outputs.flashPulse.nativeHandled {"timestamp":165171426.189282,"wallClock":1760494055919,"durationMs":180,"source":"console.replay","dispatchPhase":"actual","correlationId":"console-replay:job7h52y","flashIntensity":0.8,"brightnessPercent":80,"nativeFlashAvailable":true}
10-14 22:07:36.098 21009 21009 D ScreenFlasherView: overlay.intensity clamped=0.0 alpha=0 visibility=4 attached=true size=1080x2340
10-14 22:07:36.098 21009 21503 D OutputsAudio: [outputs-audio] stop gain=1.000 release=6.00
10-14 22:07:36.098 21009 21503 D OutputsAudio: [outputs-audio] playMorse.gap sequence=5 nextOffset=840.000 gapTarget=165171656.162
10-14 22:07:36.098 21009 21503 D OutputsAudio: [outputs-audio] playMorse.dispatch sequence=6 symbol=- offset=840.000 lead=4.000 dispatchAt=165171652.162 gapLead=60.000
10-14 22:07:36.103 21009 21149 D OutputsAudio: [outputs-audio] tone.stop.actual stoppedAt=165171610.287
10-14 22:07:36.145 21009 21503 D OutputsAudio: [outputs-audio] start hz=600.0 gain=1.000 attack=2.50 release=6.00
10-14 22:07:36.145 21009 21503 D OutputsAudio: [outputs-audio] tone.request hz=600.0 gain=1.000 requestedAt=165171652.347
10-14 22:07:36.145 21009 21503 D OutputsAudio: [outputs-audio] playMorse.symbol.start sequence=6 symbol=- expected=165171656.162 actual=165171656.784 skew=0.622 batchElapsed=840.622
10-14 22:07:36.146 21009 21009 D ScreenFlasherView: overlay.intensity clamped=0.8 alpha=204 visibility=0 attached=true size=1080x2340
10-14 22:07:36.147 21009 21149 D OutputsAudio: [outputs-audio] tone.start.actual actual=165171654.226 requested=165171652.347 delta=1.878
10-14 22:07:36.149 21009 21149 D OutputsAudio: [outputs-audio] tone.gain.steady target=1.000 reachedAt=165171656.233 delta=2.007
10-14 22:07:36.150 21009 21095 I ReactNativeJS: [outputs] playMorse.symbol {"timestamp":165171654.312146,"wallClock":1760494056147,"symbol":"-","durationMs":180,"index":5,"source":"console.replay","correlationId":"console-replay:4e2w95sw","nativeTimestampMs":165171656.783657,"nativeDurationMs":180,"nativeOffsetMs":840,"nativeSequence":6,"monotonicTimestampMs":165171656.783657,"nativeExpectedTimestampMs":165171656.161938,"nativeStartSkewMs":0.6217190027236938,"nativeBatchElapsedMs":840.6217190027237,"nativeExpectedSincePriorMs":240,"nativeSincePriorMs":239.4940630197525,"nativePatternStartMs":165170816.161938,"nativeAgeMs":null,"nativeFlashHandled":true,"nativeFlashAvailable":true}
10-14 22:07:36.151 21009 21095 I ReactNativeJS: [outputs] playMorse.nativeOffset.spike {"timestamp":165171657.314959,"wallClock":1760494056150,"source":"console.replay","offsetMs":840,"sequence":6,"unitMs":60,"correlationId":"console-replay:4e2w95sw","startSkewMs":0.6217190027236938,"batchElapsedMs":840.6217190027237}
10-14 22:07:36.153 21009 21095 I ReactNativeJS: [outputs] outputs.hapticSymbol {"timestamp":165171658.967094,"wallClock":1760494056151,"enabled":true,"symbol":"-","durationMs":180,"platform":"android","source":"console.replay","correlationId":"console-replay:4e2w95sw","timelineOffsetMs":null,"dispatchPhase":"actual"}
10-14 22:07:36.157 21009 21095 I ReactNativeJS: [outputs] outputs.flashPulse.nativeHandled {"timestamp":165171662.772354,"wallClock":1760494056155,"durationMs":180,"source":"console.replay","dispatchPhase":"actual","correlationId":"console-replay:4e2w95sw","flashIntensity":0.8,"brightnessPercent":80,"nativeFlashAvailable":true}
10-14 22:07:36.330 21009 21009 D ScreenFlasherView: overlay.intensity clamped=0.0 alpha=0 visibility=4 attached=true size=1080x2340
10-14 22:07:36.330 21009 21503 D OutputsAudio: [outputs-audio] stop gain=1.000 release=6.00
10-14 22:07:36.331 21009 21503 D OutputsAudio: [outputs-audio] playMorse.gap sequence=6 nextOffset=1080.000 gapTarget=165171896.162
10-14 22:07:36.331 21009 21503 D OutputsAudio: [outputs-audio] playMorse.dispatch sequence=7 symbol=. offset=1080.000 lead=4.000 dispatchAt=165171892.162 gapLead=60.000
10-14 22:07:36.335 21009 21149 D OutputsAudio: [outputs-audio] tone.stop.actual stoppedAt=165171842.280
10-14 22:07:36.385 21009 21503 D OutputsAudio: [outputs-audio] start hz=600.0 gain=1.000 attack=2.50 release=6.00
10-14 22:07:36.386 21009 21503 D OutputsAudio: [outputs-audio] tone.request hz=600.0 gain=1.000 requestedAt=165171892.910
10-14 22:07:36.386 21009 21503 D OutputsAudio: [outputs-audio] playMorse.symbol.start sequence=7 symbol=. expected=165171896.162 actual=165171897.094 skew=0.932 batchElapsed=1080.932
10-14 22:07:36.387 21009 21149 D OutputsAudio: [outputs-audio] tone.start.actual actual=165171894.220 requested=165171892.910 delta=1.311
10-14 22:07:36.388 21009 21009 D ScreenFlasherView: overlay.intensity clamped=0.8 alpha=204 visibility=0 attached=true size=1080x2340
10-14 22:07:36.389 21009 21149 D OutputsAudio: [outputs-audio] tone.gain.steady target=1.000 reachedAt=165171896.251 delta=2.031
10-14 22:07:36.392 21009 21095 I ReactNativeJS: [outputs] playMorse.symbol {"timestamp":165171896.971886,"wallClock":1760494056389,"symbol":".","durationMs":60,"index":6,"source":"console.replay","correlationId":"console-replay:9ogf9stn","nativeTimestampMs":165171897.094125,"nativeDurationMs":60,"nativeOffsetMs":1080,"nativeSequence":7,"monotonicTimestampMs":165171897.094125,"nativeExpectedTimestampMs":165171896.161938,"nativeStartSkewMs":0.9321869909763336,"nativeBatchElapsedMs":1080.9321869909763,"nativeExpectedSincePriorMs":240,"nativeSincePriorMs":240.31046798825264,"nativePatternStartMs":165170816.161938,"nativeAgeMs":null,"nativeFlashHandled":true,"nativeFlashAvailable":true}
10-14 22:07:36.394 21009 21095 I ReactNativeJS: [outputs] playMorse.nativeOffset.spike {"timestamp":165171899.869229,"wallClock":1760494056392,"source":"console.replay","offsetMs":1080,"sequence":7,"unitMs":60,"correlationId":"console-replay:9ogf9stn","startSkewMs":0.9321869909763336,"batchElapsedMs":1080.9321869909763}
10-14 22:07:36.395 21009 21095 I ReactNativeJS: [outputs] outputs.hapticSymbol {"timestamp":165171901.182302,"wallClock":1760494056394,"enabled":true,"symbol":".","durationMs":60,"platform":"android","source":"console.replay","correlationId":"console-replay:9ogf9stn","timelineOffsetMs":null,"dispatchPhase":"actual"}
10-14 22:07:36.398 21009 21095 I ReactNativeJS: [outputs] outputs.flashPulse.nativeHandled {"timestamp":165171904.749229,"wallClock":1760494056397,"durationMs":60,"source":"console.replay","dispatchPhase":"actual","correlationId":"console-replay:9ogf9stn","flashIntensity":0.8,"brightnessPercent":80,"nativeFlashAvailable":true}
10-14 22:07:36.454 21009 21009 D ScreenFlasherView: overlay.intensity clamped=0.0 alpha=0 visibility=4 attached=true size=1080x2340
10-14 22:07:36.454 21009 21503 D OutputsAudio: [outputs-audio] stop gain=1.000 release=6.00
10-14 22:07:36.454 21009 21503 D OutputsAudio: [outputs-audio] playMorse.gap sequence=7 nextOffset=1200.000 gapTarget=165172016.162
10-14 22:07:36.454 21009 21503 D OutputsAudio: [outputs-audio] playMorse.dispatch sequence=8 symbol=. offset=1200.000 lead=4.000 dispatchAt=165172012.162 gapLead=60.000
10-14 22:07:36.459 21009 21149 D OutputsAudio: [outputs-audio] tone.stop.actual stoppedAt=165171966.287
10-14 22:07:36.505 21009 21503 D OutputsAudio: [outputs-audio] start hz=600.0 gain=1.000 attack=2.50 release=6.00
10-14 22:07:36.505 21009 21503 D OutputsAudio: [outputs-audio] tone.request hz=600.0 gain=1.000 requestedAt=165172012.500
10-14 22:07:36.505 21009 21503 D OutputsAudio: [outputs-audio] playMorse.symbol.start sequence=8 symbol=. expected=165172016.162 actual=165172016.692 skew=0.530 batchElapsed=1200.530
10-14 22:07:36.507 21009 21149 D OutputsAudio: [outputs-audio] tone.start.actual actual=165172014.309 requested=165172012.500 delta=1.809
10-14 22:07:36.508 21009 21009 D ScreenFlasherView: overlay.intensity clamped=0.8 alpha=204 visibility=0 attached=true size=1080x2340
10-14 22:07:36.509 21009 21149 D OutputsAudio: [outputs-audio] tone.gain.steady target=1.000 reachedAt=165172016.388 delta=2.079
10-14 22:07:36.511 21009 21095 I ReactNativeJS: [outputs] playMorse.symbol {"timestamp":165172017.668188,"wallClock":1760494056510,"symbol":".","durationMs":60,"index":7,"source":"console.replay","correlationId":"console-replay:8kw6di1l","nativeTimestampMs":165172016.692406,"nativeDurationMs":60,"nativeOffsetMs":1200,"nativeSequence":8,"monotonicTimestampMs":165172016.692406,"nativeExpectedTimestampMs":165172016.161938,"nativeStartSkewMs":0.5304679870605469,"nativeBatchElapsedMs":1200.5304679870605,"nativeExpectedSincePriorMs":120,"nativeSincePriorMs":119.59828099608421,"nativePatternStartMs":165170816.161938,"nativeAgeMs":null,"nativeFlashHandled":true,"nativeFlashAvailable":true}
10-14 22:07:36.511 21009 21095 I ReactNativeJS: [outputs] playMorse.nativeOffset.spike {"timestamp":165172018.577823,"wallClock":1760494056511,"source":"console.replay","offsetMs":1200,"sequence":8,"unitMs":60,"correlationId":"console-replay:8kw6di1l","startSkewMs":0.5304679870605469,"batchElapsedMs":1200.5304679870605}
10-14 22:07:36.512 21009 21095 I ReactNativeJS: [outputs] outputs.hapticSymbol {"timestamp":165172019.102875,"wallClock":1760494056512,"enabled":true,"symbol":".","durationMs":60,"platform":"android","source":"console.replay","correlationId":"console-replay:8kw6di1l","timelineOffsetMs":null,"dispatchPhase":"actual"}
10-14 22:07:36.513 21009 21095 I ReactNativeJS: [outputs] outputs.flashPulse.nativeHandled {"timestamp":165172019.869958,"wallClock":1760494056512,"durationMs":60,"source":"console.replay","dispatchPhase":"actual","correlationId":"console-replay:8kw6di1l","flashIntensity":0.8,"brightnessPercent":80,"nativeFlashAvailable":true}
10-14 22:07:36.570 21009 21009 D ScreenFlasherView: overlay.intensity clamped=0.0 alpha=0 visibility=4 attached=true size=1080x2340
10-14 22:07:36.570 21009 21503 D OutputsAudio: [outputs-audio] stop gain=1.000 release=6.00
10-14 22:07:36.570 21009 21503 D OutputsAudio: [outputs-audio] playMorse.gap sequence=8 nextOffset=1320.000 gapTarget=165172136.162
10-14 22:07:36.570 21009 21503 D OutputsAudio: [outputs-audio] playMorse.dispatch sequence=9 symbol=. offset=1320.000 lead=4.000 dispatchAt=165172132.162 gapLead=60.000
10-14 22:07:36.575 21009 21149 D OutputsAudio: [outputs-audio] tone.stop.actual stoppedAt=165172082.264
10-14 22:07:36.626 21009 21503 D OutputsAudio: [outputs-audio] start hz=600.0 gain=1.000 attack=2.50 release=6.00
10-14 22:07:36.626 21009 21503 D OutputsAudio: [outputs-audio] tone.request hz=600.0 gain=1.000 requestedAt=165172133.163
10-14 22:07:36.626 21009 21503 D OutputsAudio: [outputs-audio] playMorse.symbol.start sequence=9 symbol=. expected=165172136.162 actual=165172137.526 skew=1.365 batchElapsed=1321.365
10-14 22:07:36.627 21009 21149 D OutputsAudio: [outputs-audio] tone.start.actual actual=165172134.271 requested=165172133.163 delta=1.108
10-14 22:07:36.629 21009 21149 D OutputsAudio: [outputs-audio] tone.gain.steady target=1.000 reachedAt=165172136.259 delta=1.988
10-14 22:07:36.630 21009 21009 D ScreenFlasherView: overlay.intensity clamped=0.8 alpha=204 visibility=0 attached=true size=1080x2340
10-14 22:07:36.631 21009 21095 I ReactNativeJS: [outputs] playMorse.symbol {"timestamp":165172137.920583,"wallClock":1760494056630,"symbol":".","durationMs":60,"index":8,"source":"console.replay","correlationId":"console-replay:cv0iw0ua","nativeTimestampMs":165172137.526469,"nativeDurationMs":60,"nativeOffsetMs":1320,"nativeSequence":9,"monotonicTimestampMs":165172137.526469,"nativeExpectedTimestampMs":165172136.161938,"nativeStartSkewMs":1.3645309805870056,"nativeBatchElapsedMs":1321.364530980587,"nativeExpectedSincePriorMs":120,"nativeSincePriorMs":120.83406299352646,"nativePatternStartMs":165170816.161938,"nativeAgeMs":null,"nativeFlashHandled":true,"nativeFlashAvailable":true}
10-14 22:07:36.631 21009 21095 I ReactNativeJS: [outputs] playMorse.nativeOffset.spike {"timestamp":165172138.496938,"wallClock":1760494056631,"source":"console.replay","offsetMs":1320,"sequence":9,"unitMs":60,"correlationId":"console-replay:cv0iw0ua","startSkewMs":1.3645309805870056,"batchElapsedMs":1321.364530980587}
10-14 22:07:36.632 21009 21095 I ReactNativeJS: [outputs] outputs.hapticSymbol {"timestamp":165172138.819698,"wallClock":1760494056631,"enabled":true,"symbol":".","durationMs":60,"platform":"android","source":"console.replay","correlationId":"console-replay:cv0iw0ua","timelineOffsetMs":null,"dispatchPhase":"actual"}
10-14 22:07:36.632 21009 21095 I ReactNativeJS: [outputs] outputs.flashPulse.nativeHandled {"timestamp":165172139.354594,"wallClock":1760494056632,"durationMs":60,"source":"console.replay","dispatchPhase":"actual","correlationId":"console-replay:cv0iw0ua","flashIntensity":0.8,"brightnessPercent":80,"nativeFlashAvailable":true}
10-14 22:07:36.691 21009 21009 D ScreenFlasherView: overlay.intensity clamped=0.0 alpha=0 visibility=4 attached=true size=1080x2340
10-14 22:07:36.692 21009 21503 D OutputsAudio: [outputs-audio] stop gain=1.000 release=6.00
10-14 22:07:36.692 21009 21503 D OutputsAudio: [outputs-audio] playMorse.gap sequence=9 nextOffset=1440.000 gapTarget=165172256.162
10-14 22:07:36.692 21009 21503 D OutputsAudio: [outputs-audio] playMorse.dispatch sequence=10 symbol=- offset=1440.000 lead=4.000 dispatchAt=165172252.162 gapLead=60.000
10-14 22:07:36.697 21009 21149 D OutputsAudio: [outputs-audio] tone.stop.actual stoppedAt=165172204.287
10-14 22:07:36.745 21009 21503 D OutputsAudio: [outputs-audio] start hz=600.0 gain=1.000 attack=2.50 release=6.00
10-14 22:07:36.746 21009 21503 D OutputsAudio: [outputs-audio] tone.request hz=600.0 gain=1.000 requestedAt=165172252.929
10-14 22:07:36.746 21009 21503 D OutputsAudio: [outputs-audio] playMorse.symbol.start sequence=10 symbol=- expected=165172256.162 actual=165172257.107 skew=0.946 batchElapsed=1440.946
10-14 22:07:36.747 21009 21149 D OutputsAudio: [outputs-audio] tone.start.actual actual=165172254.254 requested=165172252.929 delta=1.325
10-14 22:07:36.747 21009 21009 D ScreenFlasherView: overlay.intensity clamped=0.8 alpha=204 visibility=0 attached=true size=1080x2340
10-14 22:07:36.749 21009 21149 D OutputsAudio: [outputs-audio] tone.gain.steady target=1.000 reachedAt=165172256.260 delta=2.006
10-14 22:07:36.750 21009 21095 I ReactNativeJS: [outputs] playMorse.symbol {"timestamp":165172255.862927,"wallClock":1760494056748,"symbol":"-","durationMs":180,"index":9,"source":"console.replay","correlationId":"console-replay:vkyax7em","nativeTimestampMs":165172257.107458,"nativeDurationMs":180,"nativeOffsetMs":1440,"nativeSequence":10,"monotonicTimestampMs":165172257.107458,"nativeExpectedTimestampMs":165172256.161938,"nativeStartSkewMs":0.9455199837684631,"nativeBatchElapsedMs":1440.9455199837685,"nativeExpectedSincePriorMs":120,"nativeSincePriorMs":119.58098900318146,"nativePatternStartMs":165170816.161938,"nativeAgeMs":null,"nativeFlashHandled":true,"nativeFlashAvailable":true}
10-14 22:07:36.750 21009 21095 I ReactNativeJS: [outputs] playMorse.nativeOffset.spike {"timestamp":165172257.255635,"wallClock":1760494056750,"source":"console.replay","offsetMs":1440,"sequence":10,"unitMs":60,"correlationId":"console-replay:vkyax7em","startSkewMs":0.9455199837684631,"batchElapsedMs":1440.9455199837685}
10-14 22:07:36.751 21009 21095 I ReactNativeJS: [outputs] outputs.hapticSymbol {"timestamp":165172258.116521,"wallClock":1760494056751,"enabled":true,"symbol":"-","durationMs":180,"platform":"android","source":"console.replay","correlationId":"console-replay:vkyax7em","timelineOffsetMs":null,"dispatchPhase":"actual"}
10-14 22:07:36.753 21009 21095 I ReactNativeJS: [outputs] outputs.flashPulse.nativeHandled {"timestamp":165172259.590167,"wallClock":1760494056752,"durationMs":180,"source":"console.replay","dispatchPhase":"actual","correlationId":"console-replay:vkyax7em","flashIntensity":0.8,"brightnessPercent":80,"nativeFlashAvailable":true}
10-14 22:07:36.932 21009 21009 D ScreenFlasherView: overlay.intensity clamped=0.0 alpha=0 visibility=4 attached=true size=1080x2340
10-14 22:07:36.932 21009 21503 D OutputsAudio: [outputs-audio] stop gain=1.000 release=6.00
10-14 22:07:36.932 21009 21503 D OutputsAudio: [outputs-audio] playMorse.gap sequence=10 nextOffset=1680.000 gapTarget=165172496.162
10-14 22:07:36.932 21009 21503 D OutputsAudio: [outputs-audio] playMorse.dispatch sequence=11 symbol=- offset=1680.000 lead=4.000 dispatchAt=165172492.162 gapLead=60.000
10-14 22:07:36.937 21009 21149 D OutputsAudio: [outputs-audio] tone.stop.actual stoppedAt=165172444.350
10-14 22:07:36.985 21009 21503 D OutputsAudio: [outputs-audio] start hz=600.0 gain=1.000 attack=2.50 release=6.00
10-14 22:07:36.986 21009 21503 D OutputsAudio: [outputs-audio] tone.request hz=600.0 gain=1.000 requestedAt=165172492.760
10-14 22:07:36.986 21009 21503 D OutputsAudio: [outputs-audio] playMorse.symbol.start sequence=11 symbol=- expected=165172496.162 actual=165172497.401 skew=1.240 batchElapsed=1681.240
10-14 22:07:36.987 21009 21149 D OutputsAudio: [outputs-audio] tone.start.actual actual=165172494.255 requested=165172492.760 delta=1.495
10-14 22:07:36.989 21009 21149 D OutputsAudio: [outputs-audio] tone.gain.steady target=1.000 reachedAt=165172496.300 delta=2.045
10-14 22:07:36.993 21009 21009 D ScreenFlasherView: overlay.intensity clamped=0.8 alpha=204 visibility=0 attached=true size=1080x2340
10-14 22:07:36.999 21009 21095 I ReactNativeJS: [outputs] playMorse.symbol {"timestamp":165172501.557198,"wallClock":1760494056994,"symbol":"-","durationMs":180,"index":10,"source":"console.replay","correlationId":"console-replay:0nrmlr6k","nativeTimestampMs":165172497.401469,"nativeDurationMs":180,"nativeOffsetMs":1680,"nativeSequence":11,"monotonicTimestampMs":165172497.401469,"nativeExpectedTimestampMs":165172496.161938,"nativeStartSkewMs":1.2395309805870056,"nativeBatchElapsedMs":1681.239530980587,"nativeExpectedSincePriorMs":240,"nativeSincePriorMs":240.29401099681854,"nativePatternStartMs":165170816.161938,"nativeAgeMs":null,"nativeFlashHandled":true,"nativeFlashAvailable":true}
10-14 22:07:37.000 21009 21095 I ReactNativeJS: [outputs] playMorse.nativeOffset.spike {"timestamp":165172506.080687,"wallClock":1760494056999,"source":"console.replay","offsetMs":1680,"sequence":11,"unitMs":60,"correlationId":"console-replay:0nrmlr6k","startSkewMs":1.2395309805870056,"batchElapsedMs":1681.239530980587}
10-14 22:07:37.002 21009 21095 I ReactNativeJS: [outputs] outputs.hapticSymbol {"timestamp":165172507.704594,"wallClock":1760494057000,"enabled":true,"symbol":"-","durationMs":180,"platform":"android","source":"console.replay","correlationId":"console-replay:0nrmlr6k","timelineOffsetMs":null,"dispatchPhase":"actual"}
10-14 22:07:37.006 21009 21095 I ReactNativeJS: [outputs] outputs.flashPulse.nativeHandled {"timestamp":165172512.701885,"wallClock":1760494057005,"durationMs":180,"source":"console.replay","dispatchPhase":"actual","correlationId":"console-replay:0nrmlr6k","flashIntensity":0.8,"brightnessPercent":80,"nativeFlashAvailable":true}
10-14 22:07:37.177 21009 21009 D ScreenFlasherView: overlay.intensity clamped=0.0 alpha=0 visibility=4 attached=true size=1080x2340
10-14 22:07:37.177 21009 21503 D OutputsAudio: [outputs-audio] stop gain=1.000 release=6.00
10-14 22:07:37.177 21009 21503 D OutputsAudio: [outputs-audio] playMorse.gap sequence=11 nextOffset=1920.000 gapTarget=165172736.162
10-14 22:07:37.178 21009 21503 D OutputsAudio: [outputs-audio] playMorse.dispatch sequence=12 symbol=- offset=1920.000 lead=4.000 dispatchAt=165172732.162 gapLead=60.000
10-14 22:07:37.183 21009 21149 D OutputsAudio: [outputs-audio] tone.stop.actual stoppedAt=165172690.306
10-14 22:07:37.225 21009 21503 D OutputsAudio: [outputs-audio] start hz=600.0 gain=1.000 attack=2.50 release=6.00
10-14 22:07:37.226 21009 21503 D OutputsAudio: [outputs-audio] tone.request hz=600.0 gain=1.000 requestedAt=165172732.838
10-14 22:07:37.226 21009 21503 D OutputsAudio: [outputs-audio] playMorse.symbol.start sequence=12 symbol=- expected=165172736.162 actual=165172737.269 skew=1.107 batchElapsed=1921.107
10-14 22:07:37.227 21009 21149 D OutputsAudio: [outputs-audio] tone.start.actual actual=165172734.289 requested=165172732.838 delta=1.451
10-14 22:07:37.229 21009 21149 D OutputsAudio: [outputs-audio] tone.gain.steady target=1.000 reachedAt=165172736.265 delta=1.976
10-14 22:07:37.232 21009 21009 D ScreenFlasherView: overlay.intensity clamped=0.8 alpha=204 visibility=0 attached=true size=1080x2340
10-14 22:07:37.235 21009 21095 I ReactNativeJS: [outputs] playMorse.symbol {"timestamp":165172740.840062,"wallClock":1760494057233,"symbol":"-","durationMs":180,"index":11,"source":"console.replay","correlationId":"console-replay:dfcnfjrr","nativeTimestampMs":165172737.268917,"nativeDurationMs":180,"nativeOffsetMs":1920,"nativeSequence":12,"monotonicTimestampMs":165172737.268917,"nativeExpectedTimestampMs":165172736.161938,"nativeStartSkewMs":1.1069789826869965,"nativeBatchElapsedMs":1921.106978982687,"nativeExpectedSincePriorMs":240,"nativeSincePriorMs":239.8674480021,"nativePatternStartMs":165170816.161938,"nativeAgeMs":null,"nativeFlashHandled":true,"nativeFlashAvailable":true}
10-14 22:07:37.236 21009 21095 I ReactNativeJS: [outputs] playMorse.nativeOffset.spike {"timestamp":165172742.564281,"wallClock":1760494057235,"source":"console.replay","offsetMs":1920,"sequence":12,"unitMs":60,"correlationId":"console-replay:dfcnfjrr","startSkewMs":1.1069789826869965,"batchElapsedMs":1921.106978982687}
10-14 22:07:37.237 21009 21095 I ReactNativeJS: [outputs] outputs.hapticSymbol {"timestamp":165172743.721521,"wallClock":1760494057236,"enabled":true,"symbol":"-","durationMs":180,"platform":"android","source":"console.replay","correlationId":"console-replay:dfcnfjrr","timelineOffsetMs":null,"dispatchPhase":"actual"}
10-14 22:07:37.238 21009 21095 I ReactNativeJS: [outputs] outputs.flashPulse.nativeHandled {"timestamp":165172744.81126,"wallClock":1760494057237,"durationMs":180,"source":"console.replay","dispatchPhase":"actual","correlationId":"console-replay:dfcnfjrr","flashIntensity":0.8,"brightnessPercent":80,"nativeFlashAvailable":true}
10-14 22:07:37.418 21009 21009 D ScreenFlasherView: overlay.intensity clamped=0.0 alpha=0 visibility=4 attached=true size=1080x2340
10-14 22:07:37.418 21009 21503 D OutputsAudio: [outputs-audio] stop gain=1.000 release=6.00
10-14 22:07:37.419 21009 21503 D OutputsAudio: [outputs-audio] playMorse.gap sequence=12 nextOffset=2160.000 gapTarget=165172976.162
10-14 22:07:37.419 21009 21503 D OutputsAudio: [outputs-audio] playMorse.dispatch sequence=13 symbol=. offset=2160.000 lead=4.000 dispatchAt=165172972.162 gapLead=60.000
10-14 22:07:37.423 21009 21149 D OutputsAudio: [outputs-audio] tone.stop.actual stoppedAt=165172930.306
10-14 22:07:37.466 21009 21503 D OutputsAudio: [outputs-audio] start hz=600.0 gain=1.000 attack=2.50 release=6.00
10-14 22:07:37.466 21009 21503 D OutputsAudio: [outputs-audio] tone.request hz=600.0 gain=1.000 requestedAt=165172973.139
10-14 22:07:37.466 21009 21503 D OutputsAudio: [outputs-audio] playMorse.symbol.start sequence=13 symbol=. expected=165172976.162 actual=165172977.303 skew=1.141 batchElapsed=2161.141
10-14 22:07:37.466 21009 21009 D ScreenFlasherView: overlay.intensity clamped=0.8 alpha=204 visibility=0 attached=true size=1080x2340
10-14 22:07:37.467 21009 21149 D OutputsAudio: [outputs-audio] tone.start.actual actual=165172974.263 requested=165172973.139 delta=1.124
10-14 22:07:37.469 21009 21149 D OutputsAudio: [outputs-audio] tone.gain.steady target=1.000 reachedAt=165172976.254 delta=1.990
10-14 22:07:37.469 21009 21095 I ReactNativeJS: [outputs] playMorse.symbol {"timestamp":165172974.691,"wallClock":1760494057467,"symbol":".","durationMs":60,"index":12,"source":"console.replay","correlationId":"console-replay:tygk6mzj","nativeTimestampMs":165172977.303083,"nativeDurationMs":60,"nativeOffsetMs":2160,"nativeSequence":13,"monotonicTimestampMs":165172977.303083,"nativeExpectedTimestampMs":165172976.161938,"nativeStartSkewMs":1.1411449909210205,"nativeBatchElapsedMs":2161.141144990921,"nativeExpectedSincePriorMs":240,"nativeSincePriorMs":240.03416600823402,"nativePatternStartMs":165170816.161938,"nativeAgeMs":null,"nativeFlashHandled":true,"nativeFlashAvailable":true}
10-14 22:07:37.477 21009 21095 I ReactNativeJS: [outputs] playMorse.nativeOffset.spike {"timestamp":165172976.919333,"wallClock":1760494057469,"source":"console.replay","offsetMs":2160,"sequence":13,"unitMs":60,"correlationId":"console-replay:tygk6mzj","startSkewMs":1.1411449909210205,"batchElapsedMs":2161.141144990921}
10-14 22:07:37.478 21009 21095 I ReactNativeJS: [outputs] outputs.hapticSymbol {"timestamp":165172984.874385,"wallClock":1760494057477,"enabled":true,"symbol":".","durationMs":60,"platform":"android","source":"console.replay","correlationId":"console-replay:tygk6mzj","timelineOffsetMs":null,"dispatchPhase":"actual"}
10-14 22:07:37.479 21009 21095 I ReactNativeJS: [outputs] outputs.flashPulse.nativeHandled {"timestamp":165172985.953656,"wallClock":1760494057478,"durationMs":60,"source":"console.replay","dispatchPhase":"actual","correlationId":"console-replay:tygk6mzj","flashIntensity":0.8,"brightnessPercent":80,"nativeFlashAvailable":true}
10-14 22:07:37.531 21009 21009 D ScreenFlasherView: overlay.intensity clamped=0.0 alpha=0 visibility=4 attached=true size=1080x2340
10-14 22:07:37.531 21009 21503 D OutputsAudio: [outputs-audio] stop gain=1.000 release=6.00
10-14 22:07:37.531 21009 21503 D OutputsAudio: [outputs-audio] playMorse.gap sequence=13 nextOffset=2280.000 gapTarget=165173096.162
10-14 22:07:37.531 21009 21503 D OutputsAudio: [outputs-audio] playMorse.dispatch sequence=14 symbol=. offset=2280.000 lead=4.000 dispatchAt=165173092.162 gapLead=60.000
10-14 22:07:37.537 21009 21149 D OutputsAudio: [outputs-audio] tone.stop.actual stoppedAt=165173044.255
10-14 22:07:37.585 21009 21503 D OutputsAudio: [outputs-audio] start hz=600.0 gain=1.000 attack=2.50 release=6.00
10-14 22:07:37.585 21009 21503 D OutputsAudio: [outputs-audio] tone.request hz=600.0 gain=1.000 requestedAt=165173092.315
10-14 22:07:37.585 21009 21503 D OutputsAudio: [outputs-audio] playMorse.symbol.start sequence=14 symbol=. expected=165173096.162 actual=165173096.577 skew=0.415 batchElapsed=2280.415
10-14 22:07:37.587 21009 21149 D OutputsAudio: [outputs-audio] tone.start.actual actual=165173094.280 requested=165173092.315 delta=1.965
10-14 22:07:37.589 21009 21149 D OutputsAudio: [outputs-audio] tone.gain.steady target=1.000 reachedAt=165173096.298 delta=2.018
10-14 22:07:37.599 21009 21009 D ScreenFlasherView: overlay.intensity clamped=0.8 alpha=204 visibility=0 attached=true size=1080x2340
10-14 22:07:37.602 21009 21095 I ReactNativeJS: [outputs] playMorse.symbol {"timestamp":165173108.185062,"wallClock":1760494057601,"symbol":".","durationMs":60,"index":13,"source":"console.replay","correlationId":"console-replay:zcm2i3fh","nativeTimestampMs":165173096.576781,"nativeDurationMs":60,"nativeOffsetMs":2280,"nativeSequence":14,"monotonicTimestampMs":165173096.576781,"nativeExpectedTimestampMs":165173096.161938,"nativeStartSkewMs":0.41484299302101135,"nativeBatchElapsedMs":2280.414842993021,"nativeExpectedSincePriorMs":120,"nativeSincePriorMs":119.27369800209999,"nativePatternStartMs":165170816.161938,"nativeAgeMs":null,"nativeFlashHandled":true,"nativeFlashAvailable":true}
10-14 22:07:37.602 21009 21095 I ReactNativeJS: [outputs] playMorse.nativeOffset.spike {"timestamp":165173109.094125,"wallClock":1760494057602,"source":"console.replay","offsetMs":2280,"sequence":14,"unitMs":60,"correlationId":"console-replay:zcm2i3fh","startSkewMs":0.41484299302101135,"batchElapsedMs":2280.414842993021}
10-14 22:07:37.602 21009 21095 I ReactNativeJS: [outputs] outputs.hapticSymbol {"timestamp":165173109.533396,"wallClock":1760494057602,"enabled":true,"symbol":".","durationMs":60,"platform":"android","source":"console.replay","correlationId":"console-replay:zcm2i3fh","timelineOffsetMs":null,"dispatchPhase":"actual"}
10-14 22:07:37.603 21009 21095 I ReactNativeJS: [outputs] outputs.flashPulse.nativeHandled {"timestamp":165173110.343239,"wallClock":1760494057603,"durationMs":60,"source":"console.replay","dispatchPhase":"actual","correlationId":"console-replay:zcm2i3fh","flashIntensity":0.8,"brightnessPercent":80,"nativeFlashAvailable":true}
10-14 22:07:37.651 21009 21009 D ScreenFlasherView: overlay.intensity clamped=0.0 alpha=0 visibility=4 attached=true size=1080x2340
10-14 22:07:37.651 21009 21503 D OutputsAudio: [outputs-audio] stop gain=1.000 release=6.00
10-14 22:07:37.651 21009 21503 D OutputsAudio: [outputs-audio] playMorse.gap sequence=14 nextOffset=2400.000 gapTarget=165173216.162
10-14 22:07:37.651 21009 21503 D OutputsAudio: [outputs-audio] playMorse.dispatch sequence=15 symbol=. offset=2400.000 lead=4.000 dispatchAt=165173212.162 gapLead=60.000
10-14 22:07:37.657 21009 21149 D OutputsAudio: [outputs-audio] tone.stop.actual stoppedAt=165173164.259
10-14 22:07:37.707 21009 21503 D OutputsAudio: [outputs-audio] start hz=600.0 gain=1.000 attack=2.50 release=6.00
10-14 22:07:37.707 21009 21503 D OutputsAudio: [outputs-audio] tone.request hz=600.0 gain=1.000 requestedAt=165173212.457
10-14 22:07:37.707 21009 21149 D OutputsAudio: [outputs-audio] tone.start.actual actual=165173214.334 requested=165173212.457 delta=1.877
10-14 22:07:37.707 21009 21503 D OutputsAudio: [outputs-audio] playMorse.symbol.start sequence=15 symbol=. expected=165173216.162 actual=165173218.450 skew=2.289 batchElapsed=2402.289
10-14 22:07:37.709 21009 21009 D ScreenFlasherView: overlay.intensity clamped=0.8 alpha=204 visibility=0 attached=true size=1080x2340
10-14 22:07:37.709 21009 21149 D OutputsAudio: [outputs-audio] tone.gain.steady target=1.000 reachedAt=165173216.305 delta=1.971
10-14 22:07:37.710 21009 21095 I ReactNativeJS: [outputs] playMorse.symbol {"timestamp":165173216.880375,"wallClock":1760494057709,"symbol":".","durationMs":60,"index":14,"source":"console.replay","correlationId":"console-replay:2wyfn190","nativeTimestampMs":165173218.450479,"nativeDurationMs":60,"nativeOffsetMs":2400,"nativeSequence":15,"monotonicTimestampMs":165173218.450479,"nativeExpectedTimestampMs":165173216.161938,"nativeStartSkewMs":2.2885409891605377,"nativeBatchElapsedMs":2402.2885409891605,"nativeExpectedSincePriorMs":120,"nativeSincePriorMs":121.87369799613953,"nativePatternStartMs":165170816.161938,"nativeAgeMs":null,"nativeFlashHandled":true,"nativeFlashAvailable":true}
10-14 22:07:37.711 21009 21095 I ReactNativeJS: [outputs] playMorse.nativeOffset.spike {"timestamp":165173217.716,"wallClock":1760494057710,"source":"console.replay","offsetMs":2400,"sequence":15,"unitMs":60,"correlationId":"console-replay:2wyfn190","startSkewMs":2.2885409891605377,"batchElapsedMs":2402.2885409891605}
10-14 22:07:37.711 21009 21095 I ReactNativeJS: [outputs] outputs.hapticSymbol {"timestamp":165173218.155166,"wallClock":1760494057711,"enabled":true,"symbol":".","durationMs":60,"platform":"android","source":"console.replay","correlationId":"console-replay:2wyfn190","timelineOffsetMs":null,"dispatchPhase":"actual"}
10-14 22:07:37.712 21009 21095 I ReactNativeJS: [outputs] outputs.flashPulse.nativeHandled {"timestamp":165173218.874698,"wallClock":1760494057711,"durationMs":60,"source":"console.replay","dispatchPhase":"actual","correlationId":"console-replay:2wyfn190","flashIntensity":0.8,"brightnessPercent":80,"nativeFlashAvailable":true}
10-14 22:07:37.772 21009 21009 D ScreenFlasherView: overlay.intensity clamped=0.0 alpha=0 visibility=4 attached=true size=1080x2340
10-14 22:07:37.772 21009 21503 D OutputsAudio: [outputs-audio] stop gain=1.000 release=6.00
10-14 22:07:37.772 21009 21503 D OutputsAudio: [outputs-audio] playMorse.gap sequence=15 nextOffset=2520.000 gapTarget=165173336.162
10-14 22:07:37.772 21009 21503 D OutputsAudio: [outputs-audio] playMorse.dispatch sequence=16 symbol=- offset=2520.000 lead=4.000 dispatchAt=165173332.162 gapLead=60.000
10-14 22:07:37.777 21009 21149 D OutputsAudio: [outputs-audio] tone.stop.actual stoppedAt=165173284.294
10-14 22:07:37.825 21009 21503 D OutputsAudio: [outputs-audio] start hz=600.0 gain=1.000 attack=2.50 release=6.00
10-14 22:07:37.825 21009 21503 D OutputsAudio: [outputs-audio] tone.request hz=600.0 gain=1.000 requestedAt=165173332.727
10-14 22:07:37.826 21009 21503 D OutputsAudio: [outputs-audio] playMorse.symbol.start sequence=16 symbol=- expected=165173336.162 actual=165173337.174 skew=1.012 batchElapsed=2521.012
10-14 22:07:37.826 21009 21009 D ScreenFlasherView: overlay.intensity clamped=0.8 alpha=204 visibility=0 attached=true size=1080x2340
10-14 22:07:37.827 21009 21149 D OutputsAudio: [outputs-audio] tone.start.actual actual=165173334.266 requested=165173332.727 delta=1.540
10-14 22:07:37.827 21009 21095 I ReactNativeJS: [outputs] playMorse.symbol {"timestamp":165173334.24751,"wallClock":1760494057827,"symbol":"-","durationMs":180,"index":15,"source":"console.replay","correlationId":"console-replay:p0jh441v","nativeTimestampMs":165173337.173812,"nativeDurationMs":180,"nativeOffsetMs":2520,"nativeSequence":16,"monotonicTimestampMs":165173337.173812,"nativeExpectedTimestampMs":165173336.161938,"nativeStartSkewMs":1.0118739902973175,"nativeBatchElapsedMs":2521.0118739902973,"nativeExpectedSincePriorMs":120,"nativeSincePriorMs":118.72333300113678,"nativePatternStartMs":165170816.161938,"nativeAgeMs":null,"nativeFlashHandled":true,"nativeFlashAvailable":true}
10-14 22:07:37.828 21009 21095 I ReactNativeJS: [outputs] playMorse.nativeOffset.spike {"timestamp":165173334.871937,"wallClock":1760494057827,"source":"console.replay","offsetMs":2520,"sequence":16,"unitMs":60,"correlationId":"console-replay:p0jh441v","startSkewMs":1.0118739902973175,"batchElapsedMs":2521.0118739902973}
10-14 22:07:37.828 21009 21095 I ReactNativeJS: [outputs] outputs.hapticSymbol {"timestamp":165173335.20152,"wallClock":1760494057828,"enabled":true,"symbol":"-","durationMs":180,"platform":"android","source":"console.replay","correlationId":"console-replay:p0jh441v","timelineOffsetMs":null,"dispatchPhase":"actual"}
10-14 22:07:37.829 21009 21095 I ReactNativeJS: [outputs] outputs.flashPulse.nativeHandled {"timestamp":165173335.797041,"wallClock":1760494057828,"durationMs":180,"source":"console.replay","dispatchPhase":"actual","correlationId":"console-replay:p0jh441v","flashIntensity":0.8,"brightnessPercent":80,"nativeFlashAvailable":true}
10-14 22:07:37.829 21009 21149 D OutputsAudio: [outputs-audio] tone.gain.steady target=1.000 reachedAt=165173336.397 delta=2.131
10-14 22:07:38.017 21009 21009 D ScreenFlasherView: overlay.intensity clamped=0.0 alpha=0 visibility=4 attached=true size=1080x2340
10-14 22:07:38.017 21009 21503 D OutputsAudio: [outputs-audio] stop gain=1.000 release=6.00
10-14 22:07:38.017 21009 21503 D OutputsAudio: [outputs-audio] playMorse.gap sequence=16 nextOffset=2760.000 gapTarget=165173576.162
10-14 22:07:38.018 21009 21503 D OutputsAudio: [outputs-audio] playMorse.dispatch sequence=17 symbol=- offset=2760.000 lead=4.000 dispatchAt=165173572.162 gapLead=60.000
10-14 22:07:38.023 21009 21149 D OutputsAudio: [outputs-audio] tone.stop.actual stoppedAt=165173530.239
10-14 22:07:38.065 21009 21503 D OutputsAudio: [outputs-audio] start hz=600.0 gain=1.000 attack=2.50 release=6.00
10-14 22:07:38.066 21009 21503 D OutputsAudio: [outputs-audio] tone.request hz=600.0 gain=1.000 requestedAt=165173572.838
10-14 22:07:38.066 21009 21503 D OutputsAudio: [outputs-audio] playMorse.symbol.start sequence=17 symbol=- expected=165173576.162 actual=165173577.080 skew=0.918 batchElapsed=2760.918
10-14 22:07:38.067 21009 21009 D ScreenFlasherView: overlay.intensity clamped=0.8 alpha=204 visibility=0 attached=true size=1080x2340
10-14 22:07:38.067 21009 21149 D OutputsAudio: [outputs-audio] tone.start.actual actual=165173574.266 requested=165173572.838 delta=1.428
10-14 22:07:38.069 21009 21149 D OutputsAudio: [outputs-audio] tone.gain.steady target=1.000 reachedAt=165173576.259 delta=1.993
10-14 22:07:38.072 21009 21095 I ReactNativeJS: [outputs] playMorse.symbol {"timestamp":165173575.404281,"wallClock":1760494058068,"symbol":"-","durationMs":180,"index":16,"source":"console.replay","correlationId":"console-replay:jq0b3dz2","nativeTimestampMs":165173577.079802,"nativeDurationMs":180,"nativeOffsetMs":2760,"nativeSequence":17,"monotonicTimestampMs":165173577.079802,"nativeExpectedTimestampMs":165173576.161938,"nativeStartSkewMs":0.9178639948368073,"nativeBatchElapsedMs":2760.917863994837,"nativeExpectedSincePriorMs":240,"nativeSincePriorMs":239.9059900045395,"nativePatternStartMs":165170816.161938,"nativeAgeMs":null,"nativeFlashHandled":true,"nativeFlashAvailable":true}
10-14 22:07:38.074 21009 21095 I ReactNativeJS: [outputs] playMorse.nativeOffset.spike {"timestamp":165173579.730479,"wallClock":1760494058072,"source":"console.replay","offsetMs":2760,"sequence":17,"unitMs":60,"correlationId":"console-replay:jq0b3dz2","startSkewMs":0.9178639948368073,"batchElapsedMs":2760.917863994837}
10-14 22:07:38.076 21009 21095 I ReactNativeJS: [outputs] outputs.hapticSymbol {"timestamp":165173581.700062,"wallClock":1760494058074,"enabled":true,"symbol":"-","durationMs":180,"platform":"android","source":"console.replay","correlationId":"console-replay:jq0b3dz2","timelineOffsetMs":null,"dispatchPhase":"actual"}
10-14 22:07:38.078 21009 21095 I ReactNativeJS: [outputs] outputs.flashPulse.nativeHandled {"timestamp":165173584.808552,"wallClock":1760494058077,"durationMs":180,"source":"console.replay","dispatchPhase":"actual","correlationId":"console-replay:jq0b3dz2","flashIntensity":0.8,"brightnessPercent":80,"nativeFlashAvailable":true}
10-14 22:07:38.251 21009 21009 D ScreenFlasherView: overlay.intensity clamped=0.0 alpha=0 visibility=4 attached=true size=1080x2340
10-14 22:07:38.251 21009 21503 D OutputsAudio: [outputs-audio] stop gain=1.000 release=6.00
10-14 22:07:38.251 21009 21503 D OutputsAudio: [outputs-audio] playMorse.gap sequence=17 nextOffset=3000.000 gapTarget=165173816.162
10-14 22:07:38.251 21009 21503 D OutputsAudio: [outputs-audio] playMorse.dispatch sequence=18 symbol=- offset=3000.000 lead=4.000 dispatchAt=165173812.162 gapLead=60.000
10-14 22:07:38.257 21009 21149 D OutputsAudio: [outputs-audio] tone.stop.actual stoppedAt=165173764.239
10-14 22:07:38.305 21009 21149 D OutputsAudio: [outputs-audio] tone.stop.actual stoppedAt=165173812.273
10-14 22:07:38.305 21009 21503 D OutputsAudio: [outputs-audio] start hz=600.0 gain=1.000 attack=2.50 release=6.00
10-14 22:07:38.305 21009 21503 D OutputsAudio: [outputs-audio] tone.request hz=600.0 gain=1.000 requestedAt=165173812.269
10-14 22:07:38.305 21009 21503 D OutputsAudio: [outputs-audio] playMorse.symbol.start sequence=18 symbol=- expected=165173816.162 actual=165173816.497 skew=0.335 batchElapsed=3000.335
10-14 22:07:38.307 21009 21149 D OutputsAudio: [outputs-audio] tone.start.actual actual=165173814.260 requested=165173812.269 delta=1.991
10-14 22:07:38.308 21009 21009 D ScreenFlasherView: overlay.intensity clamped=0.8 alpha=204 visibility=0 attached=true size=1080x2340
10-14 22:07:38.309 21009 21149 D OutputsAudio: [outputs-audio] tone.gain.steady target=1.000 reachedAt=165173816.269 delta=2.009
10-14 22:07:38.312 21009 21095 I ReactNativeJS: [outputs] playMorse.symbol {"timestamp":165173816.883864,"wallClock":1760494058309,"symbol":"-","durationMs":180,"index":17,"source":"console.replay","correlationId":"console-replay:qfluhz74","nativeTimestampMs":165173816.496729,"nativeDurationMs":180,"nativeOffsetMs":3000,"nativeSequence":18,"monotonicTimestampMs":165173816.496729,"nativeExpectedTimestampMs":165173816.161938,"nativeStartSkewMs":0.334790974855423,"nativeBatchElapsedMs":3000.3347909748554,"nativeExpectedSincePriorMs":240,"nativeSincePriorMs":239.41692698001862,"nativePatternStartMs":165170816.161938,"nativeAgeMs":null,"nativeFlashHandled":true,"nativeFlashAvailable":true}
10-14 22:07:38.313 21009 21095 I ReactNativeJS: [outputs] playMorse.nativeOffset.spike {"timestamp":165173819.157041,"wallClock":1760494058312,"source":"console.replay","offsetMs":3000,"sequence":18,"unitMs":60,"correlationId":"console-replay:qfluhz74","startSkewMs":0.334790974855423,"batchElapsedMs":3000.3347909748554}
10-14 22:07:38.314 21009 21095 I ReactNativeJS: [outputs] outputs.hapticSymbol {"timestamp":165173820.60376,"wallClock":1760494058313,"enabled":true,"symbol":"-","durationMs":180,"platform":"android","source":"console.replay","correlationId":"console-replay:qfluhz74","timelineOffsetMs":null,"dispatchPhase":"actual"}
10-14 22:07:38.317 21009 21095 I ReactNativeJS: [outputs] outputs.flashPulse.nativeHandled {"timestamp":165173823.962354,"wallClock":1760494058316,"durationMs":180,"source":"console.replay","dispatchPhase":"actual","correlationId":"console-replay:qfluhz74","flashIntensity":0.8,"brightnessPercent":80,"nativeFlashAvailable":true}
10-14 22:07:38.492 21009 21009 D ScreenFlasherView: overlay.intensity clamped=0.0 alpha=0 visibility=4 attached=true size=1080x2340
10-14 22:07:38.493 21009 21503 D OutputsAudio: [outputs-audio] stop gain=1.000 release=6.00
10-14 22:07:38.493 21009 21503 D OutputsAudio: [outputs-audio] playMorse.gap sequence=18 nextOffset=3240.000 gapTarget=165174056.162
10-14 22:07:38.493 21009 21503 D OutputsAudio: [outputs-audio] playMorse.dispatch sequence=19 symbol=. offset=3240.000 lead=4.000 dispatchAt=165174052.162 gapLead=60.000
10-14 22:07:38.497 21009 21149 D OutputsAudio: [outputs-audio] tone.stop.actual stoppedAt=165174004.295
10-14 22:07:38.545 21009 21503 D OutputsAudio: [outputs-audio] start hz=600.0 gain=1.000 attack=2.50 release=6.00
10-14 22:07:38.545 21009 21503 D OutputsAudio: [outputs-audio] tone.request hz=600.0 gain=1.000 requestedAt=165174052.601
10-14 22:07:38.545 21009 21503 D OutputsAudio: [outputs-audio] playMorse.symbol.start sequence=19 symbol=. expected=165174056.162 actual=165174056.808 skew=0.646 batchElapsed=3240.646
10-14 22:07:38.547 21009 21149 D OutputsAudio: [outputs-audio] tone.start.actual actual=165174054.230 requested=165174052.601 delta=1.629
10-14 22:07:38.549 21009 21149 D OutputsAudio: [outputs-audio] tone.gain.steady target=1.000 reachedAt=165174056.232 delta=2.002
10-14 22:07:38.551 21009 21009 D ScreenFlasherView: overlay.intensity clamped=0.8 alpha=204 visibility=0 attached=true size=1080x2340
10-14 22:07:38.555 21009 21095 I ReactNativeJS: [outputs] playMorse.symbol {"timestamp":165174059.674229,"wallClock":1760494058552,"symbol":".","durationMs":60,"index":18,"source":"console.replay","correlationId":"console-replay:apbpjeuh","nativeTimestampMs":165174056.80777,"nativeDurationMs":60,"nativeOffsetMs":3240,"nativeSequence":19,"monotonicTimestampMs":165174056.80777,"nativeExpectedTimestampMs":165174056.161938,"nativeStartSkewMs":0.6458320021629333,"nativeBatchElapsedMs":3240.645832002163,"nativeExpectedSincePriorMs":240,"nativeSincePriorMs":240.3110410273075,"nativePatternStartMs":165170816.161938,"nativeAgeMs":null,"nativeFlashHandled":true,"nativeFlashAvailable":true}
10-14 22:07:38.556 21009 21095 I ReactNativeJS: [outputs] playMorse.nativeOffset.spike {"timestamp":165174062.289385,"wallClock":1760494058555,"source":"console.replay","offsetMs":3240,"sequence":19,"unitMs":60,"correlationId":"console-replay:apbpjeuh","startSkewMs":0.6458320021629333,"batchElapsedMs":3240.645832002163}
10-14 22:07:38.558 21009 21095 I ReactNativeJS: [outputs] outputs.hapticSymbol {"timestamp":165174063.859333,"wallClock":1760494058556,"enabled":true,"symbol":".","durationMs":60,"platform":"android","source":"console.replay","correlationId":"console-replay:apbpjeuh","timelineOffsetMs":null,"dispatchPhase":"actual"}
10-14 22:07:38.562 21009 21095 I ReactNativeJS: [outputs] outputs.flashPulse.nativeHandled {"timestamp":165174068.849072,"wallClock":1760494058561,"durationMs":60,"source":"console.replay","dispatchPhase":"actual","correlationId":"console-replay:apbpjeuh","flashIntensity":0.8,"brightnessPercent":80,"nativeFlashAvailable":true}
10-14 22:07:38.611 21009 21009 D ScreenFlasherView: overlay.intensity clamped=0.0 alpha=0 visibility=4 attached=true size=1080x2340
10-14 22:07:38.611 21009 21503 D OutputsAudio: [outputs-audio] stop gain=1.000 release=6.00
10-14 22:07:38.611 21009 21503 D OutputsAudio: [outputs-audio] playMorse.gap sequence=19 nextOffset=3360.000 gapTarget=165174176.162
10-14 22:07:38.611 21009 21503 D OutputsAudio: [outputs-audio] playMorse.dispatch sequence=20 symbol=. offset=3360.000 lead=4.000 dispatchAt=165174172.162 gapLead=60.000
10-14 22:07:38.617 21009 21149 D OutputsAudio: [outputs-audio] tone.stop.actual stoppedAt=165174124.288
10-14 22:07:38.665 21009 21503 D OutputsAudio: [outputs-audio] start hz=600.0 gain=1.000 attack=2.50 release=6.00
10-14 22:07:38.666 21009 21503 D OutputsAudio: [outputs-audio] tone.request hz=600.0 gain=1.000 requestedAt=165174172.948
10-14 22:07:38.666 21009 21503 D OutputsAudio: [outputs-audio] playMorse.symbol.start sequence=20 symbol=. expected=165174176.162 actual=165174177.111 skew=0.949 batchElapsed=3360.949
10-14 22:07:38.667 21009 21149 D OutputsAudio: [outputs-audio] tone.start.actual actual=165174174.260 requested=165174172.948 delta=1.312
10-14 22:07:38.669 21009 21149 D OutputsAudio: [outputs-audio] tone.gain.steady target=1.000 reachedAt=165174176.272 delta=2.012
10-14 22:07:38.677 21009 21009 D ScreenFlasherView: overlay.intensity clamped=0.8 alpha=204 visibility=0 attached=true size=1080x2340
10-14 22:07:38.679 21009 21095 I ReactNativeJS: [outputs] playMorse.symbol {"timestamp":165174186.060478,"wallClock":1760494058679,"symbol":".","durationMs":60,"index":19,"source":"console.replay","correlationId":"console-replay:i52e2lvw","nativeTimestampMs":165174177.110583,"nativeDurationMs":60,"nativeOffsetMs":3360,"nativeSequence":20,"monotonicTimestampMs":165174177.110583,"nativeExpectedTimestampMs":165174176.161938,"nativeStartSkewMs":0.9486449956893921,"nativeBatchElapsedMs":3360.9486449956894,"nativeExpectedSincePriorMs":120,"nativeSincePriorMs":120.30281299352646,"nativePatternStartMs":165170816.161938,"nativeAgeMs":null,"nativeFlashHandled":true,"nativeFlashAvailable":true}
10-14 22:07:38.680 21009 21095 I ReactNativeJS: [outputs] playMorse.nativeOffset.spike {"timestamp":165174186.750531,"wallClock":1760494058679,"source":"console.replay","offsetMs":3360,"sequence":20,"unitMs":60,"correlationId":"console-replay:i52e2lvw","startSkewMs":0.9486449956893921,"batchElapsedMs":3360.9486449956894}
10-14 22:07:38.680 21009 21095 I ReactNativeJS: [outputs] outputs.hapticSymbol {"timestamp":165174187.135322,"wallClock":1760494058680,"enabled":true,"symbol":".","durationMs":60,"platform":"android","source":"console.replay","correlationId":"console-replay:i52e2lvw","timelineOffsetMs":null,"dispatchPhase":"actual"}
10-14 22:07:38.681 21009 21095 I ReactNativeJS: [outputs] outputs.flashPulse.nativeHandled {"timestamp":165174187.804489,"wallClock":1760494058680,"durationMs":60,"source":"console.replay","dispatchPhase":"actual","correlationId":"console-replay:i52e2lvw","flashIntensity":0.8,"brightnessPercent":80,"nativeFlashAvailable":true}
10-14 22:07:38.734 21009 21009 D ScreenFlasherView: overlay.intensity clamped=0.0 alpha=0 visibility=4 attached=true size=1080x2340
10-14 22:07:38.734 21009 21503 D OutputsAudio: [outputs-audio] stop gain=1.000 release=6.00
10-14 22:07:38.734 21009 21503 D OutputsAudio: [outputs-audio] playMorse.gap sequence=20 nextOffset=3480.000 gapTarget=165174296.162
10-14 22:07:38.734 21009 21503 D OutputsAudio: [outputs-audio] playMorse.dispatch sequence=21 symbol=. offset=3480.000 lead=4.000 dispatchAt=165174292.162 gapLead=60.000
10-14 22:07:38.739 21009 21149 D OutputsAudio: [outputs-audio] tone.stop.actual stoppedAt=165174246.289
10-14 22:07:38.785 21009 21503 D OutputsAudio: [outputs-audio] start hz=600.0 gain=1.000 attack=2.50 release=6.00
10-14 22:07:38.785 21009 21503 D OutputsAudio: [outputs-audio] tone.request hz=600.0 gain=1.000 requestedAt=165174292.680
10-14 22:07:38.785 21009 21503 D OutputsAudio: [outputs-audio] playMorse.symbol.start sequence=21 symbol=. expected=165174296.162 actual=165174296.805 skew=0.643 batchElapsed=3480.643
10-14 22:07:38.786 21009 21009 D ScreenFlasherView: overlay.intensity clamped=0.8 alpha=204 visibility=0 attached=true size=1080x2340
10-14 22:07:38.787 21009 21149 D OutputsAudio: [outputs-audio] tone.start.actual actual=165174294.269 requested=165174292.680 delta=1.589
10-14 22:07:38.789 21009 21149 D OutputsAudio: [outputs-audio] tone.gain.steady target=1.000 reachedAt=165174296.270 delta=2.001
10-14 22:07:38.812 21009 21095 I ReactNativeJS: [outputs] playMorse.symbol {"timestamp":165174318.91402,"wallClock":1760494058811,"symbol":".","durationMs":60,"index":20,"source":"console.replay","correlationId":"console-replay:txa94xm7","nativeTimestampMs":165174296.805062,"nativeDurationMs":60,"nativeOffsetMs":3480,"nativeSequence":21,"monotonicTimestampMs":165174296.805062,"nativeExpectedTimestampMs":165174296.161938,"nativeStartSkewMs":0.643123984336853,"nativeBatchElapsedMs":3480.643123984337,"nativeExpectedSincePriorMs":120,"nativeSincePriorMs":119.69447898864746,"nativePatternStartMs":165170816.161938,"nativeAgeMs":null,"nativeFlashHandled":true,"nativeFlashAvailable":true}
10-14 22:07:38.812 21009 21095 I ReactNativeJS: [outputs] playMorse.nativeOffset.spike {"timestamp":165174319.417874,"wallClock":1760494058812,"source":"console.replay","offsetMs":3480,"sequence":21,"unitMs":60,"correlationId":"console-replay:txa94xm7","startSkewMs":0.643123984336853,"batchElapsedMs":3480.643123984337}
