10-11 16:33:30.473 19110 19189 I ReactNativeJS: [outputs] outputs.flashPulse.commit {"timestamp":15833994.381145,"wallClock":1760214810473,"durationMs":40,"source":"console.replay","correlationId":"console-replay:mgmqg84ugmhl2ap3","latencyMs":58.305155999958515,"timelineOffsetMs":44.62119700014591,"leadMs":8,"scheduleSkewMs":66.30515599995852}
10-11 16:33:30.566 19110 19189 D OutputsAudio: [outputs-audio] symbol.info sequence=10 symbol=- timestamp=15833973.126 duration=120.000
10-11 16:33:30.567 19110 19189 I ReactNativeJS: [outputs] playMorse.symbol {"timestamp":15834087.722864,"wallClock":1760214810566,"symbol":"-","durationMs":120,"index":9,"source":"console.replay","correlationId":"console-replay:mgmqg892pyemnqc5","nativeTimestampMs":15833973.126,"nativeDurationMs":120,"nativeOffsetMs":114.5219160001725,"nativeSequence":10,"monotonicTimestampMs":15833973.126}
10-11 16:33:30.567 19110 19189 I ReactNativeJS: [outputs] playMorse.nativeOffset.spike {"timestamp":15834088.45177,"wallClock":1760214810567,"source":"console.replay","offsetMs":114.5219160001725,"sequence":10,"unitMs":40,"correlationId":"console-replay:mgmqg892pyemnqc5"}
10-11 16:33:30.568 19110 19189 I ReactNativeJS: [outputs] outputs.hapticSymbol {"timestamp":15834088.830676,"wallClock":1760214810567,"enabled":true,"symbol":"-","durationMs":120,"platform":"android","source":"console.replay","correlationId":"console-replay:mgmqg892pyemnqc5","timelineOffsetMs":114.5219160001725}
10-11 16:33:30.568 19110 19189 I ReactNativeJS: [outputs] outputs.flashPulse {"timestamp":15834089.729322,"wallClock":1760214810568,"enabled":true,"durationMs":120,"source":"console.replay","correlationId":"console-replay:mgmqg892pyemnqc5","timelineOffsetMs":114.5219160001725}
10-11 16:33:30.572 19110 20001 D OutputsAudio: [outputs-audio] stop gain=1.000 release=6.00
10-11 16:33:30.612 19110 20001 D OutputsAudio: [outputs-audio] start hz=700.0 gain=1.000 attack=2.50 release=6.00
10-11 16:33:30.634 19110 19189 D OutputsAudio: [outputs-audio] symbol.info sequence=11 symbol=- timestamp=15834134.217 duration=120.000
10-11 16:33:30.634 19110 19189 I ReactNativeJS: [outputs] playMorse.symbol {"timestamp":15834155.224218,"wallClock":1760214810634,"symbol":"-","durationMs":120,"index":10,"source":"console.replay","correlationId":"console-replay:mgmqg8ayr6twz5zx","nativeTimestampMs":15834134.217,"nativeDurationMs":120,"nativeOffsetMs":20.962322000414133,"nativeSequence":11,"monotonicTimestampMs":15834134.217}
10-11 16:33:30.634 19110 19189 I ReactNativeJS: [outputs] outputs.hapticSymbol {"timestamp":15834155.694166,"wallClock":1760214810634,"enabled":true,"symbol":"-","durationMs":120,"platform":"android","source":"console.replay","correlationId":"console-replay:mgmqg8ayr6twz5zx","timelineOffsetMs":20.962322000414133}
10-11 16:33:30.635 19110 19189 I ReactNativeJS: [outputs] outputs.flashPulse {"timestamp":15834156.451353,"wallClock":1760214810635,"enabled":true,"durationMs":120,"source":"console.replay","correlationId":"console-replay:mgmqg8ayr6twz5zx","timelineOffsetMs":20.962322000414133}
10-11 16:33:30.693 19110 19189 I ReactNativeJS: [outputs] outputs.flashPulse.commit {"timestamp":15834214.093385,"wallClock":1760214810692,"durationMs":120,"source":"console.replay","correlationId":"console-replay:mgmqg892pyemnqc5","latencyMs":126.44020799919963,"timelineOffsetMs":114.5219160001725,"leadMs":8,"scheduleSkewMs":134.44020799919963}
10-11 16:33:30.733 19110 20001 D OutputsAudio: [outputs-audio] stop gain=1.000 release=6.00
10-11 16:33:30.739 19110 19189 I ReactNativeJS: [outputs] outputs.flashPulse.commit {"timestamp":15834260.339062,"wallClock":1760214810739,"durationMs":120,"source":"console.replay","correlationId":"console-replay:mgmqg8ayr6twz5zx","latencyMs":105.15489599853754,"timelineOffsetMs":20.962322000414133,"leadMs":8,"scheduleSkewMs":113.15489599853754}
10-11 16:33:30.774 19110 20001 D OutputsAudio: [outputs-audio] start hz=700.0 gain=1.000 attack=2.50 release=6.00
10-11 16:33:30.793 19110 19189 D OutputsAudio: [outputs-audio] symbol.info sequence=12 symbol=- timestamp=15834295.447 duration=120.000
10-11 16:33:30.794 19110 19189 I ReactNativeJS: [outputs] playMorse.symbol {"timestamp":15834314.920312,"wallClock":1760214810793,"symbol":"-","durationMs":120,"index":11,"source":"console.replay","correlationId":"console-replay:mgmqg8fd2hb6qnqm","nativeTimestampMs":15834295.447,"nativeDurationMs":120,"nativeOffsetMs":19.42914499901235,"nativeSequence":12,"monotonicTimestampMs":15834295.447}
10-11 16:33:30.794 19110 19189 I ReactNativeJS: [outputs] outputs.hapticSymbol {"timestamp":15834315.377603,"wallClock":1760214810794,"enabled":true,"symbol":"-","durationMs":120,"platform":"android","source":"console.replay","correlationId":"console-replay:mgmqg8fd2hb6qnqm","timelineOffsetMs":19.42914499901235}
10-11 16:33:30.795 19110 19189 I ReactNativeJS: [outputs] outputs.flashPulse {"timestamp":15834316.10776,"wallClock":1760214810794,"enabled":true,"durationMs":120,"source":"console.replay","correlationId":"console-replay:mgmqg8fd2hb6qnqm","timelineOffsetMs":19.42914499901235}
10-11 16:33:30.845 19110 19189 I ReactNativeJS: [outputs] outputs.flashPulse.commit {"timestamp":15834365.872083,"wallClock":1760214810844,"durationMs":120,"source":"console.replay","correlationId":"console-replay:mgmqg8fd2hb6qnqm","latencyMs":50.99052100069821,"timelineOffsetMs":19.42914499901235,"leadMs":8,"scheduleSkewMs":58.99052100069821}
10-11 16:33:30.895 19110 20001 D OutputsAudio: [outputs-audio] stop gain=1.000 release=6.00
10-11 16:33:30.936 19110 20001 D OutputsAudio: [outputs-audio] start hz=700.0 gain=1.000 attack=2.50 release=6.00
10-11 16:33:30.954 19110 19189 D OutputsAudio: [outputs-audio] symbol.info sequence=13 symbol=. timestamp=15834457.265 duration=40.000
10-11 16:33:30.955 19110 19189 I ReactNativeJS: [outputs] playMorse.symbol {"timestamp":15834475.841093,"wallClock":1760214810954,"symbol":".","durationMs":40,"index":12,"source":"console.replay","correlationId":"console-replay:mgmqg8juhnszto04","nativeTimestampMs":15834457.265,"nativeDurationMs":40,"nativeOffsetMs":18.443696999922395,"nativeSequence":13,"monotonicTimestampMs":15834457.265}
10-11 16:33:30.956 19110 19189 I ReactNativeJS: [outputs] outputs.hapticSymbol {"timestamp":15834477.219791,"wallClock":1760214810956,"enabled":true,"symbol":".","durationMs":40,"platform":"android","source":"console.replay","correlationId":"console-replay:mgmqg8juhnszto04","timelineOffsetMs":18.443696999922395}
10-11 16:33:30.959 19110 19189 I ReactNativeJS: [outputs] outputs.flashPulse {"timestamp":15834479.460364,"wallClock":1760214810958,"enabled":true,"durationMs":40,"source":"console.replay","correlationId":"console-replay:mgmqg8juhnszto04","timelineOffsetMs":18.443696999922395}
10-11 16:33:30.976 19110 20001 D OutputsAudio: [outputs-audio] stop gain=1.000 release=6.00
10-11 16:33:31.017 19110 20001 D OutputsAudio: [outputs-audio] start hz=700.0 gain=1.000 attack=2.50 release=6.00
10-11 16:33:31.021 19110 19189 I ReactNativeJS: [outputs] outputs.flashPulse.commit {"timestamp":15834542.462082,"wallClock":1760214811021,"durationMs":40,"source":"console.replay","correlationId":"console-replay:mgmqg8juhnszto04","latencyMs":66.74775999970734,"timelineOffsetMs":18.443696999922395,"leadMs":8,"scheduleSkewMs":74.74775999970734}
10-11 16:33:31.057 19110 20001 D OutputsAudio: [outputs-audio] stop gain=1.000 release=6.00
10-11 16:33:31.066 19110 19189 D OutputsAudio: [outputs-audio] symbol.info sequence=14 symbol=. timestamp=15834538.408 duration=40.000
10-11 16:33:31.067 19110 19189 I ReactNativeJS: [outputs] playMorse.symbol {"timestamp":15834588.09651,"wallClock":1760214811066,"symbol":".","durationMs":40,"index":13,"source":"console.replay","correlationId":"console-replay:mgmqg8my9tdu0apt","nativeTimestampMs":15834538.408,"nativeDurationMs":40,"nativeOffsetMs":49.639863999560475,"nativeSequence":14,"monotonicTimestampMs":15834538.408}
10-11 16:33:31.067 19110 19189 I ReactNativeJS: [outputs] outputs.hapticSymbol {"timestamp":15834588.577916,"wallClock":1760214811067,"enabled":true,"symbol":".","durationMs":40,"platform":"android","source":"console.replay","correlationId":"console-replay:mgmqg8my9tdu0apt","timelineOffsetMs":49.639863999560475}
10-11 16:33:31.068 19110 19189 I ReactNativeJS: [outputs] outputs.flashPulse {"timestamp":15834589.323593,"wallClock":1760214811068,"enabled":true,"durationMs":40,"source":"console.replay","correlationId":"console-replay:mgmqg8my9tdu0apt","timelineOffsetMs":49.639863999560475}
10-11 16:33:31.098 19110 20001 D OutputsAudio: [outputs-audio] start hz=700.0 gain=1.000 attack=2.50 release=6.00
10-11 16:33:31.128 19110 19189 I ReactNativeJS: [outputs] outputs.flashPulse.commit {"timestamp":15834649.03203,"wallClock":1760214811127,"durationMs":40,"source":"console.replay","correlationId":"console-replay:mgmqg8my9tdu0apt","latencyMs":60.980677001178265,"timelineOffsetMs":49.639863999560475,"leadMs":8,"scheduleSkewMs":68.98067700117826}
10-11 16:33:31.139 19110 20001 D OutputsAudio: [outputs-audio] stop gain=1.000 release=6.00
10-11 16:33:31.177 19110 19189 D OutputsAudio: [outputs-audio] symbol.info sequence=15 symbol=. timestamp=15834619.554 duration=40.000
10-11 16:33:31.177 19110 19189 I ReactNativeJS: [outputs] playMorse.symbol {"timestamp":15834698.421509,"wallClock":1760214811177,"symbol":".","durationMs":40,"index":14,"source":"console.replay","correlationId":"console-replay:mgmqg8q1oyk1mlz3","nativeTimestampMs":15834619.554,"nativeDurationMs":40,"nativeOffsetMs":78.820218000561,"nativeSequence":15,"monotonicTimestampMs":15834619.554}
10-11 16:33:31.178 19110 19189 I ReactNativeJS: [outputs] outputs.hapticSymbol {"timestamp":15834698.879895,"wallClock":1760214811177,"enabled":true,"symbol":".","durationMs":40,"platform":"android","source":"console.replay","correlationId":"console-replay:mgmqg8q1oyk1mlz3","timelineOffsetMs":78.820218000561}
10-11 16:33:31.178 19110 19189 I ReactNativeJS: [outputs] outputs.flashPulse {"timestamp":15834699.600676,"wallClock":1760214811178,"enabled":true,"durationMs":40,"source":"console.replay","correlationId":"console-replay:mgmqg8q1oyk1mlz3","timelineOffsetMs":78.820218000561}
10-11 16:33:31.180 19110 20001 D OutputsAudio: [outputs-audio] start hz=700.0 gain=1.000 attack=2.50 release=6.00
10-11 16:33:31.228 19110 19189 D OutputsAudio: [outputs-audio] symbol.info sequence=16 symbol=- timestamp=15834701.385 duration=120.000
10-11 16:33:31.228 19110 19189 I ReactNativeJS: [outputs] playMorse.symbol {"timestamp":15834749.444218,"wallClock":1760214811228,"symbol":"-","durationMs":120,"index":15,"source":"console.replay","correlationId":"console-replay:mgmqg8rgzhoxqt8k","nativeTimestampMs":15834701.385,"nativeDurationMs":120,"nativeOffsetMs":48.01770699955523,"nativeSequence":16,"monotonicTimestampMs":15834701.385}
10-11 16:33:31.229 19110 19189 I ReactNativeJS: [outputs] outputs.hapticSymbol {"timestamp":15834749.916093,"wallClock":1760214811228,"enabled":true,"symbol":"-","durationMs":120,"platform":"android","source":"console.replay","correlationId":"console-replay:mgmqg8rgzhoxqt8k","timelineOffsetMs":48.01770699955523}
10-11 16:33:31.229 19110 19189 I ReactNativeJS: [outputs] outputs.flashPulse {"timestamp":15834750.635155,"wallClock":1760214811229,"enabled":true,"durationMs":120,"source":"console.replay","correlationId":"console-replay:mgmqg8rgzhoxqt8k","timelineOffsetMs":48.01770699955523}
10-11 16:33:31.279 19110 19189 I ReactNativeJS: [outputs] outputs.flashPulse.commit {"timestamp":15834800.089166,"wallClock":1760214811278,"durationMs":40,"source":"console.replay","correlationId":"console-replay:mgmqg8q1oyk1mlz3","latencyMs":101.7099479995668,"timelineOffsetMs":78.820218000561,"leadMs":8,"scheduleSkewMs":109.7099479995668}
10-11 16:33:31.300 19110 20001 D OutputsAudio: [outputs-audio] stop gain=1.000 release=6.00
10-11 16:33:31.323 19110 19189 I ReactNativeJS: [outputs] outputs.flashPulse.commit {"timestamp":15834844.394166,"wallClock":1760214811323,"durationMs":120,"source":"console.replay","correlationId":"console-replay:mgmqg8rgzhoxqt8k","latencyMs":94.98671900108457,"timelineOffsetMs":48.01770699955523,"leadMs":8,"scheduleSkewMs":102.98671900108457}
10-11 16:33:31.341 19110 20001 D OutputsAudio: [outputs-audio] start hz=700.0 gain=1.000 attack=2.50 release=6.00
10-11 16:33:31.368 19110 19189 D OutputsAudio: [outputs-audio] symbol.info sequence=17 symbol=- timestamp=15834863.251 duration=120.000
10-11 16:33:31.368 19110 19189 I ReactNativeJS: [outputs] playMorse.symbol {"timestamp":15834889.40677,"wallClock":1760214811368,"symbol":"-","durationMs":120,"index":16,"source":"console.replay","correlationId":"console-replay:mgmqg8vcoigyjyh0","nativeTimestampMs":15834863.251,"nativeDurationMs":120,"nativeOffsetMs":26.109310999512672,"nativeSequence":17,"monotonicTimestampMs":15834863.251}
10-11 16:33:31.368 19110 19189 I ReactNativeJS: [outputs] outputs.hapticSymbol {"timestamp":15834889.85828,"wallClock":1760214811368,"enabled":true,"symbol":"-","durationMs":120,"platform":"android","source":"console.replay","correlationId":"console-replay:mgmqg8vcoigyjyh0","timelineOffsetMs":26.109310999512672}
10-11 16:33:31.369 19110 19189 I ReactNativeJS: [outputs] outputs.flashPulse {"timestamp":15834890.574739,"wallClock":1760214811369,"enabled":true,"durationMs":120,"source":"console.replay","correlationId":"console-replay:mgmqg8vcoigyjyh0","timelineOffsetMs":26.109310999512672}
10-11 16:33:31.427 19110 19189 I ReactNativeJS: [outputs] outputs.flashPulse.commit {"timestamp":15834948.310207,"wallClock":1760214811427,"durationMs":120,"source":"console.replay","correlationId":"console-replay:mgmqg8vcoigyjyh0","latencyMs":58.94494800083339,"timelineOffsetMs":26.109310999512672,"leadMs":8,"scheduleSkewMs":66.94494800083339}
10-11 16:33:31.463 19110 20001 D OutputsAudio: [outputs-audio] stop gain=1.000 release=6.00
10-11 16:33:31.504 19110 20001 D OutputsAudio: [outputs-audio] start hz=700.0 gain=1.000 attack=2.50 release=6.00
10-11 16:33:31.519 19110 19189 D OutputsAudio: [outputs-audio] symbol.info sequence=18 symbol=- timestamp=15835025.667 duration=120.000
10-11 16:33:31.520 19110 19189 I ReactNativeJS: [outputs] playMorse.symbol {"timestamp":15835040.655155,"wallClock":1760214811519,"symbol":"-","durationMs":120,"index":17,"source":"console.replay","correlationId":"console-replay:mgmqg8zjhvf0pl1k","nativeTimestampMs":15835025.667,"nativeDurationMs":120,"nativeOffsetMs":14.919770000502467,"nativeSequence":18,"monotonicTimestampMs":15835025.667}
10-11 16:33:31.520 19110 19189 I ReactNativeJS: [outputs] outputs.hapticSymbol {"timestamp":15835041.308541,"wallClock":1760214811520,"enabled":true,"symbol":"-","durationMs":120,"platform":"android","source":"console.replay","correlationId":"console-replay:mgmqg8zjhvf0pl1k","timelineOffsetMs":14.919770000502467}
10-11 16:33:31.521 19110 19189 I ReactNativeJS: [outputs] outputs.flashPulse {"timestamp":15835042.080416,"wallClock":1760214811520,"enabled":true,"durationMs":120,"source":"console.replay","correlationId":"console-replay:mgmqg8zjhvf0pl1k","timelineOffsetMs":14.919770000502467}
10-11 16:33:31.577 19110 19189 I ReactNativeJS: [outputs] outputs.flashPulse.commit {"timestamp":15835098.739634,"wallClock":1760214811577,"durationMs":120,"source":"console.replay","correlationId":"console-replay:mgmqg8zjhvf0pl1k","latencyMs":58.14791600033641,"timelineOffsetMs":14.919770000502467,"leadMs":8,"scheduleSkewMs":66.14791600033641}
10-11 16:33:31.625 19110 20001 D OutputsAudio: [outputs-audio] stop gain=1.000 release=6.00
10-11 16:33:31.666 19110 20001 D OutputsAudio: [outputs-audio] start hz=700.0 gain=1.000 attack=2.50 release=6.00
10-11 16:33:31.676 19110 19189 D OutputsAudio: [outputs-audio] symbol.info sequence=19 symbol=. timestamp=15835187.697 duration=40.000
10-11 16:33:31.677 19110 19189 I ReactNativeJS: [outputs] playMorse.symbol {"timestamp":15835197.810832,"wallClock":1760214811676,"symbol":".","durationMs":40,"index":18,"source":"console.replay","correlationId":"console-replay:mgmqg93wfqnxv11w","nativeTimestampMs":15835187.697,"nativeDurationMs":40,"nativeOffsetMs":10.03529099933803,"nativeSequence":19,"monotonicTimestampMs":15835187.697}
10-11 16:33:31.677 19110 19189 I ReactNativeJS: [outputs] outputs.hapticSymbol {"timestamp":15835198.565884,"wallClock":1760214811677,"enabled":true,"symbol":".","durationMs":40,"platform":"android","source":"console.replay","correlationId":"console-replay:mgmqg93wfqnxv11w","timelineOffsetMs":10.03529099933803}
10-11 16:33:31.679 19110 19189 I ReactNativeJS: [outputs] outputs.flashPulse {"timestamp":15835199.771613,"wallClock":1760214811678,"enabled":true,"durationMs":40,"source":"console.replay","correlationId":"console-replay:mgmqg93wfqnxv11w","timelineOffsetMs":10.03529099933803}
10-11 16:33:31.706 19110 20001 D OutputsAudio: [outputs-audio] stop gain=1.000 release=6.00
10-11 16:33:31.740 19110 19189 I ReactNativeJS: [outputs] outputs.flashPulse.commit {"timestamp":15835261.422655,"wallClock":1760214811740,"durationMs":40,"source":"console.replay","correlationId":"console-replay:mgmqg93wfqnxv11w","latencyMs":63.6851039994508,"timelineOffsetMs":10.03529099933803,"leadMs":8,"scheduleSkewMs":71.6851039994508}
10-11 16:33:31.747 19110 20001 D OutputsAudio: [outputs-audio] start hz=700.0 gain=1.000 attack=2.50 release=6.00
10-11 16:33:31.787 19110 20001 D OutputsAudio: [outputs-audio] stop gain=1.000 release=6.00
10-11 16:33:31.797 19110 19189 D OutputsAudio: [outputs-audio] symbol.info sequence=20 symbol=. timestamp=15835268.655 duration=40.000
10-11 16:33:31.798 19110 19189 I ReactNativeJS: [outputs] playMorse.symbol {"timestamp":15835318.88953,"wallClock":1760214811797,"symbol":".","durationMs":40,"index":19,"source":"console.replay","correlationId":"console-replay:mgmqg979b4whi3fu","nativeTimestampMs":15835268.655,"nativeDurationMs":40,"nativeOffsetMs":50.172602999955416,"nativeSequence":20,"monotonicTimestampMs":15835268.655}
10-11 16:33:31.798 19110 19189 I ReactNativeJS: [outputs] outputs.hapticSymbol {"timestamp":15835319.393228,"wallClock":1760214811798,"enabled":true,"symbol":".","durationMs":40,"platform":"android","source":"console.replay","correlationId":"console-replay:mgmqg979b4whi3fu","timelineOffsetMs":50.172602999955416}
10-11 16:33:31.799 19110 19189 I ReactNativeJS: [outputs] outputs.flashPulse {"timestamp":15835320.263801,"wallClock":1760214811799,"enabled":true,"durationMs":40,"source":"console.replay","correlationId":"console-replay:mgmqg979b4whi3fu","timelineOffsetMs":50.172602999955416}
10-11 16:33:31.828 19110 20001 D OutputsAudio: [outputs-audio] start hz=700.0 gain=1.000 attack=2.50 release=6.00
10-11 16:33:31.858 19110 19189 I ReactNativeJS: [outputs] outputs.flashPulse.commit {"timestamp":15835379.512811,"wallClock":1760214811858,"durationMs":40,"source":"console.replay","correlationId":"console-replay:mgmqg979b4whi3fu","latencyMs":60.68072899989784,"timelineOffsetMs":50.172602999955416,"leadMs":8,"scheduleSkewMs":68.68072899989784}
10-11 16:33:31.868 19110 20001 D OutputsAudio: [outputs-audio] stop gain=1.000 release=6.00
10-11 16:33:31.902 19110 19189 D OutputsAudio: [outputs-audio] symbol.info sequence=21 symbol=. timestamp=15835349.257 duration=40.000
10-11 16:33:31.902 19110 19189 I ReactNativeJS: [outputs] playMorse.symbol {"timestamp":15835423.271509,"wallClock":1760214811902,"symbol":".","durationMs":40,"index":20,"source":"console.replay","correlationId":"console-replay:mgmqg9a624vhdnlc","nativeTimestampMs":15835349.257,"nativeDurationMs":40,"nativeOffsetMs":73.96461299993098,"nativeSequence":21,"monotonicTimestampMs":15835349.257}
10-11 16:33:31.902 19110 19189 I ReactNativeJS: [outputs] outputs.hapticSymbol {"timestamp":15835423.736718,"wallClock":1760214811902,"enabled":true,"symbol":".","durationMs":40,"platform":"android","source":"console.replay","correlationId":"console-replay:mgmqg9a624vhdnlc","timelineOffsetMs":73.96461299993098}
10-11 16:33:31.903 19110 19189 I ReactNativeJS: [outputs] outputs.flashPulse {"timestamp":15835424.495207,"wallClock":1760214811903,"enabled":true,"durationMs":40,"source":"console.replay","correlationId":"console-replay:mgmqg9a624vhdnlc","timelineOffsetMs":73.96461299993098}
10-11 16:33:31.908 19110 20001 D OutputsAudio: [outputs-audio] start hz=700.0 gain=1.000 attack=2.50 release=6.00
10-11 16:33:31.958 19110 19189 D OutputsAudio: [outputs-audio] symbol.info sequence=22 symbol=- timestamp=15835430.023 duration=120.000
10-11 16:33:31.958 19110 19189 I ReactNativeJS: [outputs] playMorse.symbol {"timestamp":15835479.49078,"wallClock":1760214811958,"symbol":"-","durationMs":120,"index":21,"source":"console.replay","correlationId":"console-replay:mgmqg9bq1qr3yh0o","nativeTimestampMs":15835430.023,"nativeDurationMs":120,"nativeOffsetMs":49.42475900053978,"nativeSequence":22,"monotonicTimestampMs":15835430.023}
10-11 16:33:31.959 19110 19189 I ReactNativeJS: [outputs] outputs.hapticSymbol {"timestamp":15835479.949322,"wallClock":1760214811958,"enabled":true,"symbol":"-","durationMs":120,"platform":"android","source":"console.replay","correlationId":"console-replay:mgmqg9bq1qr3yh0o","timelineOffsetMs":49.42475900053978}
10-11 16:33:31.959 19110 19189 I ReactNativeJS: [outputs] outputs.flashPulse {"timestamp":15835480.700624,"wallClock":1760214811959,"enabled":true,"durationMs":120,"source":"console.replay","correlationId":"console-replay:mgmqg9bq1qr3yh0o","timelineOffsetMs":49.42475900053978}
10-11 16:33:32.009 19110 19189 I ReactNativeJS: [outputs] outputs.flashPulse.commit {"timestamp":15835530.00453,"wallClock":1760214812008,"durationMs":40,"source":"console.replay","correlationId":"console-replay:mgmqg9a624vhdnlc","latencyMs":106.77890700101852,"timelineOffsetMs":73.96461299993098,"leadMs":8,"scheduleSkewMs":114.77890700101852}
10-11 16:33:32.029 19110 20001 D OutputsAudio: [outputs-audio] stop gain=1.000 release=6.00
10-11 16:33:32.052 19110 19189 I ReactNativeJS: [outputs] outputs.flashPulse.commit {"timestamp":15835573.031145,"wallClock":1760214812051,"durationMs":120,"source":"console.replay","correlationId":"console-replay:mgmqg9bq1qr3yh0o","latencyMs":93.57849000021815,"timelineOffsetMs":49.42475900053978,"leadMs":8,"scheduleSkewMs":101.57849000021815}
10-11 16:33:32.070 19110 20001 D OutputsAudio: [outputs-audio] start hz=700.0 gain=1.000 attack=2.50 release=6.00
10-11 16:33:32.101 19110 19189 D OutputsAudio: [outputs-audio] symbol.info sequence=23 symbol=- timestamp=15835591.593 duration=120.000
10-11 16:33:32.102 19110 19189 I ReactNativeJS: [outputs] playMorse.symbol {"timestamp":15835623.13552,"wallClock":1760214812102,"symbol":"-","durationMs":120,"index":22,"source":"console.replay","correlationId":"console-replay:mgmqg9fpg4ezlg7y","nativeTimestampMs":15835591.593,"nativeDurationMs":120,"nativeOffsetMs":31.496581999585032,"nativeSequence":23,"monotonicTimestampMs":15835591.593}
10-11 16:33:32.102 19110 19189 I ReactNativeJS: [outputs] outputs.hapticSymbol {"timestamp":15835623.605103,"wallClock":1760214812102,"enabled":true,"symbol":"-","durationMs":120,"platform":"android","source":"console.replay","correlationId":"console-replay:mgmqg9fpg4ezlg7y","timelineOffsetMs":31.496581999585032}
10-11 16:33:32.103 19110 19189 I ReactNativeJS: [outputs] outputs.flashPulse {"timestamp":15835624.373332,"wallClock":1760214812103,"enabled":true,"durationMs":120,"source":"console.replay","correlationId":"console-replay:mgmqg9fpg4ezlg7y","timelineOffsetMs":31.496581999585032}
10-11 16:33:32.161 19110 19189 I ReactNativeJS: [outputs] outputs.flashPulse.commit {"timestamp":15835681.868645,"wallClock":1760214812160,"durationMs":120,"source":"console.replay","correlationId":"console-replay:mgmqg9fpg4ezlg7y","latencyMs":58.7749480009079,"timelineOffsetMs":31.496581999585032,"leadMs":8,"scheduleSkewMs":66.7749480009079}
10-11 16:33:32.190 19110 20001 D OutputsAudio: [outputs-audio] stop gain=1.000 release=6.00
10-11 16:33:32.231 19110 20001 D OutputsAudio: [outputs-audio] start hz=700.0 gain=1.000 attack=2.50 release=6.00
10-11 16:33:32.248 19110 19189 D OutputsAudio: [outputs-audio] symbol.info sequence=24 symbol=- timestamp=15835753.128 duration=120.000
10-11 16:33:32.249 19110 19189 I ReactNativeJS: [outputs] playMorse.symbol {"timestamp":15835769.694374,"wallClock":1760214812248,"symbol":"-","durationMs":120,"index":23,"source":"console.replay","correlationId":"console-replay:mgmqg9js5dl0pvev","nativeTimestampMs":15835753.128,"nativeDurationMs":120,"nativeOffsetMs":16.436998998746276,"nativeSequence":24,"monotonicTimestampMs":15835753.128}
10-11 16:33:32.250 19110 19189 I ReactNativeJS: [outputs] outputs.hapticSymbol {"timestamp":15835770.741926,"wallClock":1760214812249,"enabled":true,"symbol":"-","durationMs":120,"platform":"android","source":"console.replay","correlationId":"console-replay:mgmqg9js5dl0pvev","timelineOffsetMs":16.436998998746276}
10-11 16:33:32.251 19110 19189 I ReactNativeJS: [outputs] outputs.flashPulse {"timestamp":15835771.794426,"wallClock":1760214812250,"enabled":true,"durationMs":120,"source":"console.replay","correlationId":"console-replay:mgmqg9js5dl0pvev","timelineOffsetMs":16.436998998746276}
10-11 16:33:32.307 19110 19189 I ReactNativeJS: [outputs] outputs.flashPulse.commit {"timestamp":15835828.741197,"wallClock":1760214812307,"durationMs":120,"source":"console.replay","correlationId":"console-replay:mgmqg9js5dl0pvev","latencyMs":59.170936999842525,"timelineOffsetMs":16.436998998746276,"leadMs":8,"scheduleSkewMs":67.17093699984252}
10-11 16:33:32.352 19110 20001 D OutputsAudio: [outputs-audio] stop gain=1.000 release=6.00
10-11 16:33:32.393 19110 20001 D OutputsAudio: [outputs-audio] start hz=700.0 gain=1.000 attack=2.50 release=6.00
10-11 16:33:32.404 19110 19189 D OutputsAudio: [outputs-audio] symbol.info sequence=25 symbol=. timestamp=15835914.570 duration=40.000
10-11 16:33:32.407 19110 19189 I ReactNativeJS: [outputs] playMorse.symbol {"timestamp":15835925.972551,"wallClock":1760214812404,"symbol":".","durationMs":40,"index":24,"source":"console.replay","correlationId":"console-replay:mgmqg9o4st4ctiq3","nativeTimestampMs":15835914.57,"nativeDurationMs":40,"nativeOffsetMs":11.32557100057602,"nativeSequence":25,"monotonicTimestampMs":15835914.57}
10-11 16:33:32.408 19110 19189 I ReactNativeJS: [outputs] outputs.hapticSymbol {"timestamp":15835928.586561,"wallClock":1760214812407,"enabled":true,"symbol":".","durationMs":40,"platform":"android","source":"console.replay","correlationId":"console-replay:mgmqg9o4st4ctiq3","timelineOffsetMs":11.32557100057602}
10-11 16:33:32.411 19110 19189 I ReactNativeJS: [outputs] outputs.flashPulse {"timestamp":15835931.746144,"wallClock":1760214812410,"enabled":true,"durationMs":40,"source":"console.replay","correlationId":"console-replay:mgmqg9o4st4ctiq3","timelineOffsetMs":11.32557100057602}
10-11 16:33:32.433 19110 20001 D OutputsAudio: [outputs-audio] stop gain=1.000 release=6.00
10-11 16:33:32.474 19110 20001 D OutputsAudio: [outputs-audio] start hz=700.0 gain=1.000 attack=2.50 release=6.00
10-11 16:33:32.484 19110 19189 I ReactNativeJS: [outputs] outputs.flashPulse.commit {"timestamp":15836005.495832,"wallClock":1760214812484,"durationMs":40,"source":"console.replay","correlationId":"console-replay:mgmqg9o4st4ctiq3","latencyMs":79.59531299956143,"timelineOffsetMs":11.32557100057602,"leadMs":8,"scheduleSkewMs":87.59531299956143}
10-11 16:33:32.515 19110 20001 D OutputsAudio: [outputs-audio] stop gain=1.000 release=6.00
10-11 16:33:32.527 19110 19189 D OutputsAudio: [outputs-audio] symbol.info sequence=26 symbol=. timestamp=15835995.594 duration=40.000
10-11 16:33:32.528 19110 19189 I ReactNativeJS: [outputs] playMorse.symbol {"timestamp":15836048.885571,"wallClock":1760214812527,"symbol":".","durationMs":40,"index":25,"source":"console.replay","correlationId":"console-replay:mgmqg9rjsri8k8xt","nativeTimestampMs":15835995.594,"nativeDurationMs":40,"nativeOffsetMs":53.24183199927211,"nativeSequence":26,"monotonicTimestampMs":15835995.594}
10-11 16:33:32.530 19110 19189 I ReactNativeJS: [outputs] outputs.hapticSymbol {"timestamp":15836049.35828,"wallClock":1760214812528,"enabled":true,"symbol":".","durationMs":40,"platform":"android","source":"console.replay","correlationId":"console-replay:mgmqg9rjsri8k8xt","timelineOffsetMs":53.24183199927211}
10-11 16:33:32.531 19110 19189 I ReactNativeJS: [outputs] outputs.flashPulse {"timestamp":15836052.623749,"wallClock":1760214812531,"enabled":true,"durationMs":40,"source":"console.replay","correlationId":"console-replay:mgmqg9rjsri8k8xt","timelineOffsetMs":53.24183199927211}
10-11 16:33:32.555 19110 20001 D OutputsAudio: [outputs-audio] start hz=700.0 gain=1.000 attack=2.50 release=6.00
10-11 16:33:32.588 19110 19189 I ReactNativeJS: [outputs] outputs.flashPulse.commit {"timestamp":15836108.798853,"wallClock":1760214812587,"durationMs":40,"source":"console.replay","correlationId":"console-replay:mgmqg9rjsri8k8xt","latencyMs":59.95854200050235,"timelineOffsetMs":53.24183199927211,"leadMs":8,"scheduleSkewMs":67.95854200050235}
10-11 16:33:32.595 19110 20001 D OutputsAudio: [outputs-audio] stop gain=1.000 release=6.00
10-11 16:33:32.636 19110 20001 D OutputsAudio: [outputs-audio] stop gain=0.000 release=6.00
10-11 16:33:32.636 19110 20001 D OutputsAudio: [outputs-audio] playMorse.end cancelled=0
10-11 16:33:32.636 19110 19189 D OutputsAudio: [outputs-audio] symbol.info sequence=27 symbol=. timestamp=15836076.830 duration=40.000
10-11 16:33:32.637 19110 19189 I ReactNativeJS: [outputs] playMorse.symbol {"timestamp":15836158.164686,"wallClock":1760214812637,"symbol":".","durationMs":40,"index":26,"source":"console.replay","correlationId":"console-replay:mgmqg9ul45tkgyqe","nativeTimestampMs":15836076.83,"nativeDurationMs":40,"nativeOffsetMs":81.28421700000763,"nativeSequence":27,"monotonicTimestampMs":15836076.83}
10-11 16:33:32.637 19110 19189 I ReactNativeJS: [outputs] playMorse.nativeOffset.spike {"timestamp":15836158.615884,"wallClock":1760214812637,"source":"console.replay","offsetMs":81.28421700000763,"sequence":27,"unitMs":40,"correlationId":"console-replay:mgmqg9ul45tkgyqe"}
10-11 16:33:32.638 19110 19189 I ReactNativeJS: [outputs] outputs.hapticSymbol {"timestamp":15836158.91703,"wallClock":1760214812637,"enabled":true,"symbol":".","durationMs":40,"platform":"android","source":"console.replay","correlationId":"console-replay:mgmqg9ul45tkgyqe","timelineOffsetMs":81.28421700000763}
10-11 16:33:32.638 19110 19189 I ReactNativeJS: [outputs] outputs.flashPulse {"timestamp":15836159.613592,"wallClock":1760214812638,"enabled":true,"durationMs":40,"source":"console.replay","correlationId":"console-replay:mgmqg9ul45tkgyqe","timelineOffsetMs":81.28421700000763}
10-11 16:33:32.697 19110 19189 I ReactNativeJS: [outputs] playMorse.complete {"timestamp":15836218.453801,"wallClock":1760214812697,"durationMs":3360.627290001139,"source":"console.replay","audioEnabled":true,"audioVolumePercent":100}
10-11 16:33:32.741 19110 19189 I ReactNativeJS: [outputs] outputs.flashPulse.commit {"timestamp":15836262.666613,"wallClock":1760214812741,"durationMs":40,"source":"console.replay","correlationId":"console-replay:mgmqg9ul45tkgyqe","latencyMs":104.54755200073123,"timelineOffsetMs":81.28421700000763,"leadMs":8,"scheduleSkewMs":112.54755200073123}
10-11 16:33:34.901 19110 19189 I ReactNativeJS: [outputs] playMorse.start {"timestamp":15838421.637706,"wallClock":1760214814900,"unitMs":34,"length":28,"source":"console.replay","audioEnabled":true,"audioVolumePercent":100}
10-11 16:33:35.010 19110 19189 D OutputsAudio: [outputs-audio] warmup hz=700.0
10-11 16:33:35.010 19110 20029 D OutputsAudio: [outputs-audio] playMorse.start count=27 unit=34.0
10-11 16:33:35.010 19110 20029 D OutputsAudio: [outputs-audio] start hz=700.0 gain=1.000 attack=2.50 release=6.00
10-11 16:33:35.026 19110 19189 D OutputsAudio: [outputs-audio] symbol.info sequence=1 symbol=. timestamp=15838531.816 duration=34.000
10-11 16:33:35.027 19110 19189 I ReactNativeJS: [outputs] playMorse.symbol {"timestamp":15838547.591091,"wallClock":1760214815026,"symbol":".","durationMs":34,"index":0,"source":"console.replay","correlationId":"console-replay:mgmqgboyxq0ic4zs","nativeTimestampMs":15838531.816,"nativeDurationMs":34,"nativeOffsetMs":15.692227000370622,"nativeSequence":1,"monotonicTimestampMs":15838531.816}
10-11 16:33:35.027 19110 19189 I ReactNativeJS: [outputs] outputs.hapticSymbol {"timestamp":15838548.486873,"wallClock":1760214815027,"enabled":true,"symbol":".","durationMs":34,"platform":"android","source":"console.replay","correlationId":"console-replay:mgmqgboyxq0ic4zs","timelineOffsetMs":15.692227000370622}
10-11 16:33:35.028 19110 19189 I ReactNativeJS: [outputs] outputs.flashPulse {"timestamp":15838549.637914,"wallClock":1760214815028,"enabled":true,"durationMs":34,"source":"console.replay","correlationId":"console-replay:mgmqgboyxq0ic4zs","timelineOffsetMs":15.692227000370622}
10-11 16:33:35.045 19110 20029 D OutputsAudio: [outputs-audio] stop gain=1.000 release=6.00
10-11 16:33:35.080 19110 20029 D OutputsAudio: [outputs-audio] start hz=700.0 gain=1.000 attack=2.50 release=6.00
10-11 16:33:35.091 19110 19189 I ReactNativeJS: [outputs] outputs.flashPulse.commit {"timestamp":15838611.858487,"wallClock":1760214815090,"durationMs":34,"source":"console.replay","correlationId":"console-replay:mgmqgboyxq0ic4zs","latencyMs":64.34473899938166,"timelineOffsetMs":15.692227000370622,"leadMs":8,"scheduleSkewMs":72.34473899938166}
10-11 16:33:35.115 19110 20029 D OutputsAudio: [outputs-audio] stop gain=1.000 release=6.00
10-11 16:33:35.134 19110 19189 D OutputsAudio: [outputs-audio] symbol.info sequence=2 symbol=. timestamp=15838601.434 duration=34.000
10-11 16:33:35.135 19110 19189 I ReactNativeJS: [outputs] playMorse.symbol {"timestamp":15838656.195883,"wallClock":1760214815135,"symbol":".","durationMs":34,"index":1,"source":"console.replay","correlationId":"console-replay:mgmqgbrzf1xkgt3g","nativeTimestampMs":15838601.434,"nativeDurationMs":34,"nativeOffsetMs":54.71141400001943,"nativeSequence":2,"monotonicTimestampMs":15838601.434}
10-11 16:33:35.135 19110 19189 I ReactNativeJS: [outputs] outputs.hapticSymbol {"timestamp":15838656.683956,"wallClock":1760214815135,"enabled":true,"symbol":".","durationMs":34,"platform":"android","source":"console.replay","correlationId":"console-replay:mgmqgbrzf1xkgt3g","timelineOffsetMs":54.71141400001943}
10-11 16:33:35.138 19110 19189 I ReactNativeJS: [outputs] outputs.flashPulse {"timestamp":15838659.663956,"wallClock":1760214815138,"enabled":true,"durationMs":34,"source":"console.replay","correlationId":"console-replay:mgmqgbrzf1xkgt3g","timelineOffsetMs":54.71141400001943}
10-11 16:33:35.149 19110 20029 D OutputsAudio: [outputs-audio] start hz=700.0 gain=1.000 attack=2.50 release=6.00
10-11 16:33:35.183 19110 20029 D OutputsAudio: [outputs-audio] stop gain=1.000 release=6.00
10-11 16:33:35.189 19110 19189 I ReactNativeJS: [outputs] outputs.flashPulse.commit {"timestamp":15838710.466716,"wallClock":1760214815189,"durationMs":34,"source":"console.replay","correlationId":"console-replay:mgmqgbrzf1xkgt3g","latencyMs":54.317603999748826,"timelineOffsetMs":54.71141400001943,"leadMs":8,"scheduleSkewMs":62.317603999748826}
10-11 16:33:35.219 19110 20029 D OutputsAudio: [outputs-audio] start hz=700.0 gain=1.000 attack=2.50 release=6.00
10-11 16:33:35.233 19110 19189 D OutputsAudio: [outputs-audio] symbol.info sequence=4 symbol=- timestamp=15838740.375 duration=102.000
10-11 16:33:35.233 19110 19189 W ReactNativeJS: '[outputs-audio] native sequence jump', { previous: 2, next: 4, delta: 2 }
10-11 16:33:35.234 19110 19189 I ReactNativeJS: [outputs] playMorse.symbol {"timestamp":15838754.979737,"wallClock":1760214815233,"symbol":".","durationMs":34,"index":2,"source":"console.replay","correlationId":"console-replay:mgmqgbupdrs92l8p","nativeTimestampMs":15838740.375,"nativeDurationMs":102,"nativeOffsetMs":14.569111999124289,"nativeSequence":4,"monotonicTimestampMs":15838740.375}
10-11 16:33:35.234 19110 19189 I ReactNativeJS: [outputs] outputs.hapticSymbol {"timestamp":15838755.363383,"wallClock":1760214815234,"enabled":true,"symbol":".","durationMs":34,"platform":"android","source":"console.replay","correlationId":"console-replay:mgmqgbupdrs92l8p","timelineOffsetMs":14.569111999124289}
10-11 16:33:35.235 19110 19189 I ReactNativeJS: [outputs] outputs.flashPulse {"timestamp":15838756.153852,"wallClock":1760214815235,"enabled":true,"durationMs":34,"source":"console.replay","correlationId":"console-replay:mgmqgbupdrs92l8p","timelineOffsetMs":14.569111999124289}
10-11 16:33:35.291 19110 19189 I ReactNativeJS: [outputs] outputs.flashPulse.commit {"timestamp":15838812.341404,"wallClock":1760214815291,"durationMs":34,"source":"console.replay","correlationId":"console-replay:mgmqgbupdrs92l8p","latencyMs":57.39307300001383,"timelineOffsetMs":14.569111999124289,"leadMs":8,"scheduleSkewMs":65.39307300001383}
10-11 16:33:35.322 19110 20029 D OutputsAudio: [outputs-audio] stop gain=1.000 release=6.00
10-11 16:33:35.356 19110 20029 D OutputsAudio: [outputs-audio] start hz=700.0 gain=1.000 attack=2.50 release=6.00
10-11 16:33:35.367 19110 19189 D OutputsAudio: [outputs-audio] symbol.info sequence=5 symbol=- timestamp=15838878.049 duration=102.000
10-11 16:33:35.367 19110 19189 I ReactNativeJS: [outputs] playMorse.symbol {"timestamp":15838888.555779,"wallClock":1760214815367,"symbol":"-","durationMs":102,"index":3,"source":"console.replay","correlationId":"console-replay:mgmqgbyf5y2bx39n","nativeTimestampMs":15838878.049,"nativeDurationMs":102,"nativeOffsetMs":10.432299999520183,"nativeSequence":5,"monotonicTimestampMs":15838878.049}
10-11 16:33:35.368 19110 19189 I ReactNativeJS: [outputs] outputs.hapticSymbol {"timestamp":15838889.114685,"wallClock":1760214815367,"enabled":true,"symbol":"-","durationMs":102,"platform":"android","source":"console.replay","correlationId":"console-replay:mgmqgbyf5y2bx39n","timelineOffsetMs":10.432299999520183}
10-11 16:33:35.369 19110 19189 I ReactNativeJS: [outputs] outputs.flashPulse {"timestamp":15838890.074789,"wallClock":1760214815368,"enabled":true,"durationMs":102,"source":"console.replay","correlationId":"console-replay:mgmqgbyf5y2bx39n","timelineOffsetMs":10.432299999520183}
10-11 16:33:35.424 19110 19189 I ReactNativeJS: [outputs] outputs.flashPulse.commit {"timestamp":15838944.781456,"wallClock":1760214815423,"durationMs":102,"source":"console.replay","correlationId":"console-replay:mgmqgbyf5y2bx39n","latencyMs":56.29630200006068,"timelineOffsetMs":10.432299999520183,"leadMs":8,"scheduleSkewMs":64.29630200006068}
10-11 16:33:35.459 19110 20029 D OutputsAudio: [outputs-audio] stop gain=1.000 release=6.00
10-11 16:33:35.494 19110 20029 D OutputsAudio: [outputs-audio] start hz=700.0 gain=1.000 attack=2.50 release=6.00
10-11 16:33:35.508 19110 19189 D OutputsAudio: [outputs-audio] symbol.info sequence=6 symbol=- timestamp=15839016.140 duration=102.000
10-11 16:33:35.511 19110 19189 I ReactNativeJS: [outputs] playMorse.symbol {"timestamp":15839030.036091,"wallClock":1760214815508,"symbol":"-","durationMs":102,"index":4,"source":"console.replay","correlationId":"console-replay:mgmqgc2chlvx5l9d","nativeTimestampMs":15839016.14,"nativeDurationMs":102,"nativeOffsetMs":13.804476998746395,"nativeSequence":6,"monotonicTimestampMs":15839016.14}
10-11 16:33:35.512 19110 19189 I ReactNativeJS: [outputs] outputs.hapticSymbol {"timestamp":15839032.758956,"wallClock":1760214815511,"enabled":true,"symbol":"-","durationMs":102,"platform":"android","source":"console.replay","correlationId":"console-replay:mgmqgc2chlvx5l9d","timelineOffsetMs":13.804476998746395}
10-11 16:33:35.515 19110 19189 I ReactNativeJS: [outputs] outputs.flashPulse {"timestamp":15839036.106924,"wallClock":1760214815514,"enabled":true,"durationMs":102,"source":"console.replay","correlationId":"console-replay:mgmqgc2chlvx5l9d","timelineOffsetMs":13.804476998746395}
10-11 16:33:35.573 19110 19189 I ReactNativeJS: [outputs] outputs.flashPulse.commit {"timestamp":15839093.886768,"wallClock":1760214815572,"durationMs":102,"source":"console.replay","correlationId":"console-replay:mgmqgc2chlvx5l9d","latencyMs":63.93682200089097,"timelineOffsetMs":13.804476998746395,"leadMs":8,"scheduleSkewMs":71.93682200089097}
10-11 16:33:35.598 19110 20029 D OutputsAudio: [outputs-audio] stop gain=1.000 release=6.00
10-11 16:33:35.633 19110 20029 D OutputsAudio: [outputs-audio] start hz=700.0 gain=1.000 attack=2.50 release=6.00
10-11 16:33:35.654 19110 19189 D OutputsAudio: [outputs-audio] symbol.info sequence=7 symbol=. timestamp=15839154.944 duration=34.000
10-11 16:33:35.655 19110 19189 I ReactNativeJS: [outputs] playMorse.symbol {"timestamp":15839175.46156,"wallClock":1760214815654,"symbol":"-","durationMs":102,"index":5,"source":"console.replay","correlationId":"console-replay:mgmqgc6eiwotxyyt","nativeTimestampMs":15839154.944,"nativeDurationMs":34,"nativeOffsetMs":20.445892998948693,"nativeSequence":7,"monotonicTimestampMs":15839154.944}
10-11 16:33:35.655 19110 19189 I ReactNativeJS: [outputs] outputs.hapticSymbol {"timestamp":15839176.217758,"wallClock":1760214815655,"enabled":true,"symbol":"-","durationMs":102,"platform":"android","source":"console.replay","correlationId":"console-replay:mgmqgc6eiwotxyyt","timelineOffsetMs":20.445892998948693}
10-11 16:33:35.656 19110 19189 I ReactNativeJS: [outputs] outputs.flashPulse {"timestamp":15839177.16031,"wallClock":1760214815656,"enabled":true,"durationMs":102,"source":"console.replay","correlationId":"console-replay:mgmqgc6eiwotxyyt","timelineOffsetMs":20.445892998948693}
10-11 16:33:35.668 19110 20029 D OutputsAudio: [outputs-audio] stop gain=1.000 release=6.00
10-11 16:33:35.703 19110 20029 D OutputsAudio: [outputs-audio] start hz=700.0 gain=1.000 attack=2.50 release=6.00
10-11 16:33:35.708 19110 19189 I ReactNativeJS: [outputs] outputs.flashPulse.commit {"timestamp":15839228.928331,"wallClock":1760214815707,"durationMs":102,"source":"console.replay","correlationId":"console-replay:mgmqgc6eiwotxyyt","latencyMs":53.53343800082803,"timelineOffsetMs":20.445892998948693,"leadMs":8,"scheduleSkewMs":61.53343800082803}
10-11 16:33:35.738 19110 20029 D OutputsAudio: [outputs-audio] stop gain=1.000 release=6.00
10-11 16:33:35.756 19110 19189 D OutputsAudio: [outputs-audio] symbol.info sequence=8 symbol=. timestamp=15839224.889 duration=34.000
10-11 16:33:35.756 19110 19189 I ReactNativeJS: [outputs] playMorse.symbol {"timestamp":15839277.609581,"wallClock":1760214815756,"symbol":".","durationMs":34,"index":6,"source":"console.replay","correlationId":"console-replay:mgmqgc98mqh0f0zp","nativeTimestampMs":15839224.889,"nativeDurationMs":34,"nativeOffsetMs":52.67427899874747,"nativeSequence":8,"monotonicTimestampMs":15839224.889}
10-11 16:33:35.757 19110 19189 I ReactNativeJS: [outputs] outputs.hapticSymbol {"timestamp":15839278.053383,"wallClock":1760214815756,"enabled":true,"symbol":".","durationMs":34,"platform":"android","source":"console.replay","correlationId":"console-replay:mgmqgc98mqh0f0zp","timelineOffsetMs":52.67427899874747}
10-11 16:33:35.757 19110 19189 I ReactNativeJS: [outputs] outputs.flashPulse {"timestamp":15839278.792133,"wallClock":1760214815757,"enabled":true,"durationMs":34,"source":"console.replay","correlationId":"console-replay:mgmqgc98mqh0f0zp","timelineOffsetMs":52.67427899874747}
10-11 16:33:35.773 19110 20029 D OutputsAudio: [outputs-audio] start hz=700.0 gain=1.000 attack=2.50 release=6.00
10-11 16:33:35.807 19110 20029 D OutputsAudio: [outputs-audio] stop gain=1.000 release=6.00
10-11 16:33:35.815 19110 19189 I ReactNativeJS: [outputs] outputs.flashPulse.commit {"timestamp":15839335.922654,"wallClock":1760214815814,"durationMs":34,"source":"console.replay","correlationId":"console-replay:mgmqgc98mqh0f0zp","latencyMs":58.355415999889374,"timelineOffsetMs":52.67427899874747,"leadMs":8,"scheduleSkewMs":66.35541599988937}
10-11 16:33:35.843 19110 20029 D OutputsAudio: [outputs-audio] start hz=700.0 gain=1.000 attack=2.50 release=6.00
10-11 16:33:35.857 19110 19189 D OutputsAudio: [outputs-audio] symbol.info sequence=10 symbol=- timestamp=15839364.354 duration=102.000
10-11 16:33:35.858 19110 19189 W ReactNativeJS: '[outputs-audio] native sequence jump', { previous: 8, next: 10, delta: 2 }
10-11 16:33:35.858 19110 19189 I ReactNativeJS: [outputs] playMorse.symbol {"timestamp":15839379.276872,"wallClock":1760214815858,"symbol":".","durationMs":34,"index":7,"source":"console.replay","correlationId":"console-replay:mgmqgcc2bbkcyf5c","nativeTimestampMs":15839364.354,"nativeDurationMs":102,"nativeOffsetMs":14.887350998818874,"nativeSequence":10,"monotonicTimestampMs":15839364.354}
10-11 16:33:35.858 19110 19189 I ReactNativeJS: [outputs] outputs.hapticSymbol {"timestamp":15839379.650049,"wallClock":1760214815858,"enabled":true,"symbol":".","durationMs":34,"platform":"android","source":"console.replay","correlationId":"console-replay:mgmqgcc2bbkcyf5c","timelineOffsetMs":14.887350998818874}
10-11 16:33:35.859 19110 19189 I ReactNativeJS: [outputs] outputs.flashPulse {"timestamp":15839380.432289,"wallClock":1760214815859,"enabled":true,"durationMs":34,"source":"console.replay","correlationId":"console-replay:mgmqgcc2bbkcyf5c","timelineOffsetMs":14.887350998818874}
10-11 16:33:35.914 19110 19189 I ReactNativeJS: [outputs] outputs.flashPulse.commit {"timestamp":15839435.373539,"wallClock":1760214815914,"durationMs":34,"source":"console.replay","correlationId":"console-replay:mgmqgcc2bbkcyf5c","latencyMs":56.1271360013634,"timelineOffsetMs":14.887350998818874,"leadMs":8,"scheduleSkewMs":64.1271360013634}
10-11 16:33:35.946 19110 20029 D OutputsAudio: [outputs-audio] stop gain=1.000 release=6.00
10-11 16:33:35.980 19110 20029 D OutputsAudio: [outputs-audio] start hz=700.0 gain=1.000 attack=2.50 release=6.00
10-11 16:33:35.992 19110 19189 D OutputsAudio: [outputs-audio] symbol.info sequence=11 symbol=- timestamp=15839501.710 duration=102.000
10-11 16:33:35.994 19110 19189 I ReactNativeJS: [outputs] playMorse.symbol {"timestamp":15839514.289164,"wallClock":1760214815993,"symbol":".","durationMs":34,"index":8,"source":"console.replay","correlationId":"console-replay:mgmqgcfteq2dj3ub","nativeTimestampMs":15839501.71,"nativeDurationMs":102,"nativeOffsetMs":12.482913998886943,"nativeSequence":11,"monotonicTimestampMs":15839501.71}
10-11 16:33:35.995 19110 19189 I ReactNativeJS: [outputs] outputs.hapticSymbol {"timestamp":15839515.653487,"wallClock":1760214815994,"enabled":true,"symbol":".","durationMs":34,"platform":"android","source":"console.replay","correlationId":"console-replay:mgmqgcfteq2dj3ub","timelineOffsetMs":12.482913998886943}
10-11 16:33:35.997 19110 19189 I ReactNativeJS: [outputs] outputs.flashPulse {"timestamp":15839517.967497,"wallClock":1760214815996,"enabled":true,"durationMs":34,"source":"console.replay","correlationId":"console-replay:mgmqgcfteq2dj3ub","timelineOffsetMs":12.482913998886943}
10-11 16:33:36.051 19110 19189 I ReactNativeJS: [outputs] outputs.flashPulse.commit {"timestamp":15839572.095674,"wallClock":1760214816050,"durationMs":34,"source":"console.replay","correlationId":"console-replay:mgmqgcfteq2dj3ub","latencyMs":57.89739600010216,"timelineOffsetMs":12.482913998886943,"leadMs":8,"scheduleSkewMs":65.89739600010216}
10-11 16:33:36.083 19110 20029 D OutputsAudio: [outputs-audio] stop gain=1.000 release=6.00
10-11 16:33:36.118 19110 20029 D OutputsAudio: [outputs-audio] start hz=700.0 gain=1.000 attack=2.50 release=6.00
10-11 16:33:36.133 19110 19189 D OutputsAudio: [outputs-audio] symbol.info sequence=12 symbol=- timestamp=15839639.992 duration=102.000
10-11 16:33:36.134 19110 19189 I ReactNativeJS: [outputs] playMorse.symbol {"timestamp":15839655.126351,"wallClock":1760214816134,"symbol":"-","durationMs":102,"index":9,"source":"console.replay","correlationId":"console-replay:mgmqgcjpg1foec93","nativeTimestampMs":15839639.992,"nativeDurationMs":102,"nativeOffsetMs":15.028673999011517,"nativeSequence":12,"monotonicTimestampMs":15839639.992}
10-11 16:33:36.135 19110 19189 I ReactNativeJS: [outputs] outputs.hapticSymbol {"timestamp":15839656.255258,"wallClock":1760214816135,"enabled":true,"symbol":"-","durationMs":102,"platform":"android","source":"console.replay","correlationId":"console-replay:mgmqgcjpg1foec93","timelineOffsetMs":15.028673999011517}
10-11 16:33:36.136 19110 19189 I ReactNativeJS: [outputs] outputs.flashPulse {"timestamp":15839657.672914,"wallClock":1760214816136,"enabled":true,"durationMs":102,"source":"console.replay","correlationId":"console-replay:mgmqgcjpg1foec93","timelineOffsetMs":15.028673999011517}
10-11 16:33:36.207 19110 19189 I ReactNativeJS: [outputs] outputs.flashPulse.commit {"timestamp":15839728.372966,"wallClock":1760214816207,"durationMs":102,"source":"console.replay","correlationId":"console-replay:mgmqgcjpg1foec93","latencyMs":73.34724000096321,"timelineOffsetMs":15.028673999011517,"leadMs":8,"scheduleSkewMs":81.34724000096321}
10-11 16:33:36.221 19110 20029 D OutputsAudio: [outputs-audio] stop gain=1.000 release=6.00
10-11 16:33:36.256 19110 20029 D OutputsAudio: [outputs-audio] start hz=700.0 gain=1.000 attack=2.50 release=6.00
10-11 16:33:36.266 19110 19189 D OutputsAudio: [outputs-audio] symbol.info sequence=13 symbol=. timestamp=15839777.898 duration=34.000
10-11 16:33:36.267 19110 19189 I ReactNativeJS: [outputs] playMorse.symbol {"timestamp":15839787.600101,"wallClock":1760214816266,"symbol":"-","durationMs":102,"index":10,"source":"console.replay","correlationId":"console-replay:mgmqgcne27xw64gy","nativeTimestampMs":15839777.898,"nativeDurationMs":34,"nativeOffsetMs":9.635850999504328,"nativeSequence":13,"monotonicTimestampMs":15839777.898}
