--------- beginning of main
10-11 13:37:21.362 11634 11711 I ReactNativeJS: [outputs] playMorse.start {"timestamp":5264882.46476,"wallClock":1760204241361,"unitMs":120,"length":28,"source":"console.replay","audioEnabled":true,"audioVolumePercent":100}
10-11 13:37:21.739 11634 11711 D OutputsAudio: [outputs-audio] warmup hz=700.0
10-11 13:37:21.740 11634 11835 D OutputsAudio: [outputs-audio] playMorse.start count=27 unit=120.0
10-11 13:37:21.740 11634 11835 D OutputsAudio: [outputs-audio] start hz=700.0 gain=1.000 attack=2.50 release=6.00
10-11 13:37:21.741 11634 11711 D OutputsAudio: [outputs-audio] symbol.info sequence=1 symbol=. timestamp=5265261.881 duration=120.000
10-11 13:37:21.742 11634 11711 I ReactNativeJS: [outputs] playMorse.symbol {"timestamp":5265263.196843,"wallClock":1760204241742,"symbol":".","durationMs":120,"index":0,"source":"console.replay","correlationId":"console-replay:mgmk5pammrtdqwvo","nativeTimestampMs":5265261.881,"nativeDurationMs":120,"nativeOffsetMs":1.01110399980098,"nativeSequence":1,"monotonicTimestampMs":5265261.881}
10-11 13:37:21.746 11634 11711 I ReactNativeJS: [outputs] outputs.hapticSymbol {"timestamp":5265266.810646,"wallClock":1760204241745,"enabled":true,"symbol":".","durationMs":120,"platform":"android","source":"console.replay","correlationId":"console-replay:mgmk5pammrtdqwvo","timelineOffsetMs":1.01110399980098}
10-11 13:37:21.750 11634 11711 I ReactNativeJS: [outputs] outputs.flashPulse {"timestamp":5265271.423718,"wallClock":1760204241750,"enabled":true,"durationMs":120,"source":"console.replay","correlationId":"console-replay:mgmk5pammrtdqwvo","timelineOffsetMs":1.01110399980098}
10-11 13:37:21.763 11634 11711 I ReactNativeJS: [outputs] outputs.flashPulse.commit {"timestamp":5265283.533823,"wallClock":1760204241762,"durationMs":120,"source":"console.replay","correlationId":"console-replay:mgmk5pammrtdqwvo","latencyMs":20.628333000466228,"timelineOffsetMs":1.01110399980098}
10-11 13:37:21.861 11634 11835 D OutputsAudio: [outputs-audio] stop gain=1.000 release=6.00
10-11 13:37:21.981 11634 11835 D OutputsAudio: [outputs-audio] start hz=700.0 gain=1.000 attack=2.50 release=6.00
10-11 13:37:21.995 11634 11711 D OutputsAudio: [outputs-audio] symbol.info sequence=2 symbol=. timestamp=5265503.380 duration=120.000
10-11 13:37:21.996 11634 11711 I ReactNativeJS: [outputs] playMorse.symbol {"timestamp":5265516.670437,"wallClock":1760204241995,"symbol":".","durationMs":120,"index":1,"source":"console.replay","correlationId":"console-replay:mgmk5phnwsssp1v3","nativeTimestampMs":5265503.38,"nativeDurationMs":120,"nativeOffsetMs":13.197468000464141,"nativeSequence":2,"monotonicTimestampMs":5265503.38}
10-11 13:37:21.996 11634 11711 I ReactNativeJS: [outputs] outputs.hapticSymbol {"timestamp":5265517.648562,"wallClock":1760204241996,"enabled":true,"symbol":".","durationMs":120,"platform":"android","source":"console.replay","correlationId":"console-replay:mgmk5phnwsssp1v3","timelineOffsetMs":13.197468000464141}
10-11 13:37:21.997 11634 11711 I ReactNativeJS: [outputs] outputs.flashPulse {"timestamp":5265518.487208,"wallClock":1760204241997,"enabled":true,"durationMs":120,"source":"console.replay","correlationId":"console-replay:mgmk5phnwsssp1v3","timelineOffsetMs":13.197468000464141}
10-11 13:37:22.082 11634 11711 I ReactNativeJS: [outputs] outputs.flashPulse.commit {"timestamp":5265603.19075,"wallClock":1760204242082,"durationMs":120,"source":"console.replay","correlationId":"console-replay:mgmk5phnwsssp1v3","latencyMs":86.60932299960405,"timelineOffsetMs":13.197468000464141}
10-11 13:37:22.102 11634 11835 D OutputsAudio: [outputs-audio] stop gain=1.000 release=6.00
10-11 13:37:22.223 11634 11835 D OutputsAudio: [outputs-audio] start hz=700.0 gain=1.000 attack=2.50 release=6.00
10-11 13:37:22.228 11634 11711 D OutputsAudio: [outputs-audio] symbol.info sequence=3 symbol=. timestamp=5265744.823 duration=120.000
10-11 13:37:22.229 11634 11711 I ReactNativeJS: [outputs] playMorse.symbol {"timestamp":5265749.884343,"wallClock":1760204242228,"symbol":".","durationMs":120,"index":2,"source":"console.replay","correlationId":"console-replay:mgmk5po4ir97vf85","nativeTimestampMs":5265744.823,"nativeDurationMs":120,"nativeOffsetMs":4.952488999813795,"nativeSequence":3,"monotonicTimestampMs":5265744.823}
10-11 13:37:22.231 11634 11711 I ReactNativeJS: [outputs] outputs.hapticSymbol {"timestamp":5265750.969031,"wallClock":1760204242229,"enabled":true,"symbol":".","durationMs":120,"platform":"android","source":"console.replay","correlationId":"console-replay:mgmk5po4ir97vf85","timelineOffsetMs":4.952488999813795}
10-11 13:37:22.232 11634 11711 I ReactNativeJS: [outputs] outputs.flashPulse {"timestamp":5265752.695125,"wallClock":1760204242231,"enabled":true,"durationMs":120,"source":"console.replay","correlationId":"console-replay:mgmk5po4ir97vf85","timelineOffsetMs":4.952488999813795}
10-11 13:37:22.303 11634 11711 I ReactNativeJS: [outputs] outputs.flashPulse.commit {"timestamp":5265824.513718,"wallClock":1760204242303,"durationMs":120,"source":"console.replay","correlationId":"console-replay:mgmk5po4ir97vf85","latencyMs":74.73375000059605,"timelineOffsetMs":4.952488999813795}
10-11 13:37:22.344 11634 11835 D OutputsAudio: [outputs-audio] stop gain=1.000 release=6.00
10-11 13:37:22.465 11634 11835 D OutputsAudio: [outputs-audio] start hz=700.0 gain=1.000 attack=2.50 release=6.00
10-11 13:37:22.485 11634 11711 D OutputsAudio: [outputs-audio] symbol.info sequence=4 symbol=- timestamp=5265986.253 duration=360.000
10-11 13:37:22.487 11634 11711 I ReactNativeJS: [outputs] playMorse.symbol {"timestamp":5266007.029708,"wallClock":1760204242485,"symbol":"-","durationMs":360,"index":3,"source":"console.replay","correlationId":"console-replay:mgmk5pv9vghky022","nativeTimestampMs":5265986.253,"nativeDurationMs":360,"nativeOffsetMs":20.647385000251234,"nativeSequence":4,"monotonicTimestampMs":5265986.253}
10-11 13:37:22.488 11634 11711 I ReactNativeJS: [outputs] outputs.hapticSymbol {"timestamp":5266008.441218,"wallClock":1760204242487,"enabled":true,"symbol":"-","durationMs":360,"platform":"android","source":"console.replay","correlationId":"console-replay:mgmk5pv9vghky022","timelineOffsetMs":20.647385000251234}
10-11 13:37:22.489 11634 11711 I ReactNativeJS: [outputs] outputs.flashPulse {"timestamp":5266010.299812,"wallClock":1760204242489,"enabled":true,"durationMs":360,"source":"console.replay","correlationId":"console-replay:mgmk5pv9vghky022","timelineOffsetMs":20.647385000251234}
10-11 13:37:22.568 11634 11711 I ReactNativeJS: [outputs] outputs.flashPulse.commit {"timestamp":5266089.354551,"wallClock":1760204242568,"durationMs":360,"source":"console.replay","correlationId":"console-replay:mgmk5pv9vghky022","latencyMs":82.44979100022465,"timelineOffsetMs":20.647385000251234}
10-11 13:37:22.825 11634 11835 D OutputsAudio: [outputs-audio] stop gain=1.000 release=6.00
10-11 13:37:22.946 11634 11835 D OutputsAudio: [outputs-audio] start hz=700.0 gain=1.000 attack=2.50 release=6.00
10-11 13:37:22.952 11634 11711 D OutputsAudio: [outputs-audio] symbol.info sequence=5 symbol=- timestamp=5266468.175 duration=360.000
10-11 13:37:22.953 11634 11711 I ReactNativeJS: [outputs] playMorse.symbol {"timestamp":5266474.072989,"wallClock":1760204242952,"symbol":"-","durationMs":360,"index":4,"source":"console.replay","correlationId":"console-replay:mgmk5q88p1skp66k","nativeTimestampMs":5266468.175,"nativeDurationMs":360,"nativeOffsetMs":5.846114000305533,"nativeSequence":5,"monotonicTimestampMs":5266468.175}
10-11 13:37:22.953 11634 11711 I ReactNativeJS: [outputs] outputs.hapticSymbol {"timestamp":5266474.606999,"wallClock":1760204242953,"enabled":true,"symbol":"-","durationMs":360,"platform":"android","source":"console.replay","correlationId":"console-replay:mgmk5q88p1skp66k","timelineOffsetMs":5.846114000305533}
10-11 13:37:22.954 11634 11711 I ReactNativeJS: [outputs] outputs.flashPulse {"timestamp":5266475.110697,"wallClock":1760204242953,"enabled":true,"durationMs":360,"source":"console.replay","correlationId":"console-replay:mgmk5q88p1skp66k","timelineOffsetMs":5.846114000305533}
10-11 13:37:23.021 11634 11711 I ReactNativeJS: [outputs] outputs.flashPulse.commit {"timestamp":5266539.956583,"wallClock":1760204243018,"durationMs":360,"source":"console.replay","correlationId":"console-replay:mgmk5q88p1skp66k","latencyMs":65.92802099976689,"timelineOffsetMs":5.846114000305533}
10-11 13:37:23.307 11634 11835 D OutputsAudio: [outputs-audio] stop gain=1.000 release=6.00
10-11 13:37:23.428 11634 11835 D OutputsAudio: [outputs-audio] start hz=700.0 gain=1.000 attack=2.50 release=6.00
10-11 13:37:23.453 11634 11711 D OutputsAudio: [outputs-audio] symbol.info sequence=6 symbol=- timestamp=5266949.701 duration=360.000
10-11 13:37:23.454 11634 11711 I ReactNativeJS: [outputs] playMorse.symbol {"timestamp":5266974.504343,"wallClock":1760204243453,"symbol":"-","durationMs":360,"index":5,"source":"console.replay","correlationId":"console-replay:mgmk5qm5hhbx02g1","nativeTimestampMs":5266949.701,"nativeDurationMs":360,"nativeOffsetMs":24.678863999433815,"nativeSequence":6,"monotonicTimestampMs":5266949.701}
10-11 13:37:23.455 11634 11711 I ReactNativeJS: [outputs] outputs.hapticSymbol {"timestamp":5266975.769395,"wallClock":1760204243454,"enabled":true,"symbol":"-","durationMs":360,"platform":"android","source":"console.replay","correlationId":"console-replay:mgmk5qm5hhbx02g1","timelineOffsetMs":24.678863999433815}
10-11 13:37:23.456 11634 11711 I ReactNativeJS: [outputs] outputs.flashPulse {"timestamp":5266976.763041,"wallClock":1760204243455,"enabled":true,"durationMs":360,"source":"console.replay","correlationId":"console-replay:mgmk5qm5hhbx02g1","timelineOffsetMs":24.678863999433815}
10-11 13:37:23.531 11634 11711 I ReactNativeJS: [outputs] outputs.flashPulse.commit {"timestamp":5267052.261062,"wallClock":1760204243531,"durationMs":360,"source":"console.replay","correlationId":"console-replay:mgmk5qm5hhbx02g1","latencyMs":77.8773429999128,"timelineOffsetMs":24.678863999433815}
10-11 13:37:23.788 11634 11835 D OutputsAudio: [outputs-audio] stop gain=1.000 release=6.00
10-11 13:37:23.909 11634 11835 D OutputsAudio: [outputs-audio] start hz=700.0 gain=1.000 attack=2.50 release=6.00
10-11 13:37:23.925 11634 11711 D OutputsAudio: [outputs-audio] symbol.info sequence=7 symbol=. timestamp=5267431.304 duration=120.000
10-11 13:37:23.926 11634 11711 I ReactNativeJS: [outputs] playMorse.symbol {"timestamp":5267446.63653,"wallClock":1760204243925,"symbol":".","durationMs":120,"index":6,"source":"console.replay","correlationId":"console-replay:mgmk5qz9j484z05x","nativeTimestampMs":5267431.304,"nativeDurationMs":120,"nativeOffsetMs":15.2609160002321,"nativeSequence":7,"monotonicTimestampMs":5267431.304}
10-11 13:37:23.926 11634 11711 I ReactNativeJS: [outputs] outputs.hapticSymbol {"timestamp":5267447.407416,"wallClock":1760204243926,"enabled":true,"symbol":".","durationMs":120,"platform":"android","source":"console.replay","correlationId":"console-replay:mgmk5qz9j484z05x","timelineOffsetMs":15.2609160002321}
10-11 13:37:23.927 11634 11711 I ReactNativeJS: [outputs] outputs.flashPulse {"timestamp":5267448.055853,"wallClock":1760204243926,"enabled":true,"durationMs":120,"source":"console.replay","correlationId":"console-replay:mgmk5qz9j484z05x","timelineOffsetMs":15.2609160002321}
10-11 13:37:23.997 11634 11711 I ReactNativeJS: [outputs] outputs.flashPulse.commit {"timestamp":5267518.042155,"wallClock":1760204243996,"durationMs":120,"source":"console.replay","correlationId":"console-replay:mgmk5qz9j484z05x","latencyMs":71.4726040000096,"timelineOffsetMs":15.2609160002321}
10-11 13:37:24.030 11634 11835 D OutputsAudio: [outputs-audio] stop gain=1.000 release=6.00
10-11 13:37:24.151 11634 11835 D OutputsAudio: [outputs-audio] start hz=700.0 gain=1.000 attack=2.50 release=6.00
10-11 13:37:24.169 11634 11711 D OutputsAudio: [outputs-audio] symbol.info sequence=8 symbol=. timestamp=5267673.077 duration=120.000
10-11 13:37:24.170 11634 11711 I ReactNativeJS: [outputs] playMorse.symbol {"timestamp":5267690.575749,"wallClock":1760204244169,"symbol":".","durationMs":120,"index":7,"source":"console.replay","correlationId":"console-replay:mgmk5r61tebjbui1","nativeTimestampMs":5267673.077,"nativeDurationMs":120,"nativeOffsetMs":17.350051000714302,"nativeSequence":8,"monotonicTimestampMs":5267673.077}
10-11 13:37:24.171 11634 11711 I ReactNativeJS: [outputs] outputs.hapticSymbol {"timestamp":5267692.257832,"wallClock":1760204244171,"enabled":true,"symbol":".","durationMs":120,"platform":"android","source":"console.replay","correlationId":"console-replay:mgmk5r61tebjbui1","timelineOffsetMs":17.350051000714302}
10-11 13:37:24.172 11634 11711 I ReactNativeJS: [outputs] outputs.flashPulse {"timestamp":5267693.508197,"wallClock":1760204244172,"enabled":true,"durationMs":120,"source":"console.replay","correlationId":"console-replay:mgmk5r61tebjbui1","timelineOffsetMs":17.350051000714302}
10-11 13:37:24.256 11634 11711 I ReactNativeJS: [outputs] outputs.flashPulse.commit {"timestamp":5267777.701999,"wallClock":1760204244256,"durationMs":120,"source":"console.replay","correlationId":"console-replay:mgmk5r61tebjbui1","latencyMs":87.27156199980527,"timelineOffsetMs":17.350051000714302}
10-11 13:37:24.272 11634 11835 D OutputsAudio: [outputs-audio] stop gain=1.000 release=6.00
10-11 13:37:24.393 11634 11835 D OutputsAudio: [outputs-audio] start hz=700.0 gain=1.000 attack=2.50 release=6.00
10-11 13:37:24.398 11634 11711 D OutputsAudio: [outputs-audio] symbol.info sequence=9 symbol=. timestamp=5267914.572 duration=120.000
10-11 13:37:24.399 11634 11711 I ReactNativeJS: [outputs] playMorse.symbol {"timestamp":5267920.104915,"wallClock":1760204244398,"symbol":".","durationMs":120,"index":8,"source":"console.replay","correlationId":"console-replay:mgmk5rcefl921gez","nativeTimestampMs":5267914.572,"nativeDurationMs":120,"nativeOffsetMs":5.346770000644028,"nativeSequence":9,"monotonicTimestampMs":5267914.572}
10-11 13:37:24.400 11634 11711 I ReactNativeJS: [outputs] outputs.hapticSymbol {"timestamp":5267921.024186,"wallClock":1760204244399,"enabled":true,"symbol":".","durationMs":120,"platform":"android","source":"console.replay","correlationId":"console-replay:mgmk5rcefl921gez","timelineOffsetMs":5.346770000644028}
10-11 13:37:24.402 11634 11711 I ReactNativeJS: [outputs] outputs.flashPulse {"timestamp":5267923.007467,"wallClock":1760204244401,"enabled":true,"durationMs":120,"source":"console.replay","correlationId":"console-replay:mgmk5rcefl921gez","timelineOffsetMs":5.346770000644028}
10-11 13:37:24.475 11634 11711 I ReactNativeJS: [outputs] outputs.flashPulse.commit {"timestamp":5267996.162363,"wallClock":1760204244475,"durationMs":120,"source":"console.replay","correlationId":"console-replay:mgmk5rcefl921gez","latencyMs":76.23979099933058,"timelineOffsetMs":5.346770000644028}
10-11 13:37:24.514 11634 11835 D OutputsAudio: [outputs-audio] stop gain=1.000 release=6.00
10-11 13:37:24.635 11634 11835 D OutputsAudio: [outputs-audio] start hz=700.0 gain=1.000 attack=2.50 release=6.00
10-11 13:37:24.656 11634 11711 D OutputsAudio: [outputs-audio] symbol.info sequence=10 symbol=- timestamp=5268156.374 duration=360.000
10-11 13:37:24.660 11634 11711 I ReactNativeJS: [outputs] playMorse.symbol {"timestamp":5268178.181999,"wallClock":1760204244657,"symbol":"-","durationMs":360,"index":9,"source":"console.replay","correlationId":"console-replay:mgmk5rjlchmkvlh9","nativeTimestampMs":5268156.374,"nativeDurationMs":360,"nativeOffsetMs":21.643155000172555,"nativeSequence":10,"monotonicTimestampMs":5268156.374}
10-11 13:37:24.662 11634 11711 I ReactNativeJS: [outputs] outputs.hapticSymbol {"timestamp":5268182.005853,"wallClock":1760204244660,"enabled":true,"symbol":"-","durationMs":360,"platform":"android","source":"console.replay","correlationId":"console-replay:mgmk5rjlchmkvlh9","timelineOffsetMs":21.643155000172555}
10-11 13:37:24.667 11634 11711 I ReactNativeJS: [outputs] outputs.flashPulse {"timestamp":5268187.41653,"wallClock":1760204244666,"enabled":true,"durationMs":360,"source":"console.replay","correlationId":"console-replay:mgmk5rjlchmkvlh9","timelineOffsetMs":21.643155000172555}
10-11 13:37:24.738 11634 11711 I ReactNativeJS: [outputs] outputs.flashPulse.commit {"timestamp":5268259.280957,"wallClock":1760204244738,"durationMs":360,"source":"console.replay","correlationId":"console-replay:mgmk5rjlchmkvlh9","latencyMs":81.25979099981487,"timelineOffsetMs":21.643155000172555}
10-11 13:37:24.995 11634 11835 D OutputsAudio: [outputs-audio] stop gain=1.000 release=6.00
10-11 13:37:25.116 11634 11835 D OutputsAudio: [outputs-audio] start hz=700.0 gain=1.000 attack=2.50 release=6.00
10-11 13:37:25.129 11634 11711 D OutputsAudio: [outputs-audio] symbol.info sequence=11 symbol=- timestamp=5268637.438 duration=360.000
10-11 13:37:25.131 11634 11711 I ReactNativeJS: [outputs] playMorse.symbol {"timestamp":5268651.076686,"wallClock":1760204245129,"symbol":"-","durationMs":360,"index":10,"source":"console.replay","correlationId":"console-replay:mgmk5rwpvze4peeh","nativeTimestampMs":5268637.438,"nativeDurationMs":360,"nativeOffsetMs":13.503738000057638,"nativeSequence":11,"monotonicTimestampMs":5268637.438}
10-11 13:37:25.132 11634 11711 I ReactNativeJS: [outputs] outputs.hapticSymbol {"timestamp":5268652.601426,"wallClock":1760204245131,"enabled":true,"symbol":"-","durationMs":360,"platform":"android","source":"console.replay","correlationId":"console-replay:mgmk5rwpvze4peeh","timelineOffsetMs":13.503738000057638}
10-11 13:37:25.133 11634 11711 I ReactNativeJS: [outputs] outputs.flashPulse {"timestamp":5268653.977884,"wallClock":1760204245132,"enabled":true,"durationMs":360,"source":"console.replay","correlationId":"console-replay:mgmk5rwpvze4peeh","timelineOffsetMs":13.503738000057638}
10-11 13:37:25.205 11634 11711 I ReactNativeJS: [outputs] outputs.flashPulse.commit {"timestamp":5268726.422467,"wallClock":1760204245205,"durationMs":360,"source":"console.replay","correlationId":"console-replay:mgmk5rwpvze4peeh","latencyMs":75.47687499970198,"timelineOffsetMs":13.503738000057638}
10-11 13:37:25.476 11634 11835 D OutputsAudio: [outputs-audio] stop gain=1.000 release=6.00
10-11 13:37:25.597 11634 11835 D OutputsAudio: [outputs-audio] start hz=700.0 gain=1.000 attack=2.50 release=6.00
10-11 13:37:25.607 11634 11711 D OutputsAudio: [outputs-audio] symbol.info sequence=12 symbol=- timestamp=5269118.859 duration=360.000
10-11 13:37:25.610 11634 11711 I ReactNativeJS: [outputs] playMorse.symbol {"timestamp":5269129.425019,"wallClock":1760204245608,"symbol":"-","durationMs":360,"index":11,"source":"console.replay","correlationId":"console-replay:mgmk5sa0wwuha2i0","nativeTimestampMs":5269118.859,"nativeDurationMs":360,"nativeOffsetMs":10.34429999999702,"nativeSequence":12,"monotonicTimestampMs":5269118.859}
10-11 13:37:25.613 11634 11711 I ReactNativeJS: [outputs] outputs.hapticSymbol {"timestamp":5269131.963613,"wallClock":1760204245610,"enabled":true,"symbol":"-","durationMs":360,"platform":"android","source":"console.replay","correlationId":"console-replay:mgmk5sa0wwuha2i0","timelineOffsetMs":10.34429999999702}
10-11 13:37:25.620 11634 11711 I ReactNativeJS: [outputs] outputs.flashPulse {"timestamp":5269139.878873,"wallClock":1760204245618,"enabled":true,"durationMs":360,"source":"console.replay","correlationId":"console-replay:mgmk5sa0wwuha2i0","timelineOffsetMs":10.34429999999702}
10-11 13:37:25.706 11634 11711 I ReactNativeJS: [outputs] outputs.flashPulse.commit {"timestamp":5269226.988144,"wallClock":1760204245705,"durationMs":360,"source":"console.replay","correlationId":"console-replay:mgmk5sa0wwuha2i0","latencyMs":97.78057300020009,"timelineOffsetMs":10.34429999999702}
10-11 13:37:25.958 11634 11835 D OutputsAudio: [outputs-audio] stop gain=1.000 release=6.00
10-11 13:37:26.079 11634 11835 D OutputsAudio: [outputs-audio] start hz=700.0 gain=1.000 attack=2.50 release=6.00
10-11 13:37:26.096 11634 11711 D OutputsAudio: [outputs-audio] symbol.info sequence=13 symbol=. timestamp=5269601.024 duration=120.000
10-11 13:37:26.096 11634 11711 I ReactNativeJS: [outputs] playMorse.symbol {"timestamp":5269617.59179,"wallClock":1760204246096,"symbol":".","durationMs":120,"index":12,"source":"console.replay","correlationId":"console-replay:mgmk5snknhcim69w","nativeTimestampMs":5269601.024,"nativeDurationMs":120,"nativeOffsetMs":16.511071000248194,"nativeSequence":13,"monotonicTimestampMs":5269601.024}
10-11 13:37:26.097 11634 11711 I ReactNativeJS: [outputs] outputs.hapticSymbol {"timestamp":5269618.156061,"wallClock":1760204246097,"enabled":true,"symbol":".","durationMs":120,"platform":"android","source":"console.replay","correlationId":"console-replay:mgmk5snknhcim69w","timelineOffsetMs":16.511071000248194}
10-11 13:37:26.097 11634 11711 I ReactNativeJS: [outputs] outputs.flashPulse {"timestamp":5269618.650383,"wallClock":1760204246097,"enabled":true,"durationMs":120,"source":"console.replay","correlationId":"console-replay:mgmk5snknhcim69w","timelineOffsetMs":16.511071000248194}
10-11 13:37:26.165 11634 11711 I ReactNativeJS: [outputs] outputs.flashPulse.commit {"timestamp":5269686.116477,"wallClock":1760204246164,"durationMs":120,"source":"console.replay","correlationId":"console-replay:mgmk5snknhcim69w","latencyMs":68.57718699984252,"timelineOffsetMs":16.511071000248194}
10-11 13:37:26.200 11634 11835 D OutputsAudio: [outputs-audio] stop gain=1.000 release=6.00
10-11 13:37:26.322 11634 11835 D OutputsAudio: [outputs-audio] start hz=700.0 gain=1.000 attack=2.50 release=6.00
10-11 13:37:26.325 11634 11711 D OutputsAudio: [outputs-audio] symbol.info sequence=14 symbol=. timestamp=5269843.299 duration=120.000
10-11 13:37:26.326 11634 11711 I ReactNativeJS: [outputs] playMorse.symbol {"timestamp":5269847.032102,"wallClock":1760204246325,"symbol":".","durationMs":120,"index":13,"source":"console.replay","correlationId":"console-replay:mgmk5stx024ym88p","nativeTimestampMs":5269843.299,"nativeDurationMs":120,"nativeOffsetMs":3.6360190007835627,"nativeSequence":14,"monotonicTimestampMs":5269843.299}
10-11 13:37:26.327 11634 11711 I ReactNativeJS: [outputs] outputs.hapticSymbol {"timestamp":5269847.962675,"wallClock":1760204246326,"enabled":true,"symbol":".","durationMs":120,"platform":"android","source":"console.replay","correlationId":"console-replay:mgmk5stx024ym88p","timelineOffsetMs":3.6360190007835627}
10-11 13:37:26.328 11634 11711 I ReactNativeJS: [outputs] outputs.flashPulse {"timestamp":5269848.911269,"wallClock":1760204246327,"enabled":true,"durationMs":120,"source":"console.replay","correlationId":"console-replay:mgmk5stx024ym88p","timelineOffsetMs":3.6360190007835627}
10-11 13:37:26.398 11634 11711 I ReactNativeJS: [outputs] outputs.flashPulse.commit {"timestamp":5269919.624238,"wallClock":1760204246398,"durationMs":120,"source":"console.replay","correlationId":"console-replay:mgmk5stx024ym88p","latencyMs":72.68494799919426,"timelineOffsetMs":3.6360190007835627}
10-11 13:37:26.442 11634 11835 D OutputsAudio: [outputs-audio] stop gain=1.000 release=6.00
10-11 13:37:26.562 11634 11835 D OutputsAudio: [outputs-audio] start hz=700.0 gain=1.000 attack=2.50 release=6.00
10-11 13:37:26.582 11634 11711 D OutputsAudio: [outputs-audio] symbol.info sequence=15 symbol=. timestamp=5270084.265 duration=120.000
10-11 13:37:26.583 11634 11711 I ReactNativeJS: [outputs] playMorse.symbol {"timestamp":5270103.713508,"wallClock":1760204246582,"symbol":".","durationMs":120,"index":14,"source":"console.replay","correlationId":"console-replay:mgmk5t12zw7jacx4","nativeTimestampMs":5270084.265,"nativeDurationMs":120,"nativeOffsetMs":19.37480999995023,"nativeSequence":15,"monotonicTimestampMs":5270084.265}
10-11 13:37:26.583 11634 11711 I ReactNativeJS: [outputs] outputs.hapticSymbol {"timestamp":5270104.514706,"wallClock":1760204246583,"enabled":true,"symbol":".","durationMs":120,"platform":"android","source":"console.replay","correlationId":"console-replay:mgmk5t12zw7jacx4","timelineOffsetMs":19.37480999995023}
10-11 13:37:26.584 11634 11711 I ReactNativeJS: [outputs] outputs.flashPulse {"timestamp":5270105.106737,"wallClock":1760204246583,"enabled":true,"durationMs":120,"source":"console.replay","correlationId":"console-replay:mgmk5t12zw7jacx4","timelineOffsetMs":19.37480999995023}
10-11 13:37:26.646 11634 11711 I ReactNativeJS: [outputs] outputs.flashPulse.commit {"timestamp":5270167.567727,"wallClock":1760204246646,"durationMs":120,"source":"console.replay","correlationId":"console-replay:mgmk5t12zw7jacx4","latencyMs":63.923698000609875,"timelineOffsetMs":19.37480999995023}
10-11 13:37:26.683 11634 11835 D OutputsAudio: [outputs-audio] stop gain=1.000 release=6.00
10-11 13:37:26.804 11634 11835 D OutputsAudio: [outputs-audio] start hz=700.0 gain=1.000 attack=2.50 release=6.00
10-11 13:37:26.824 11634 11711 D OutputsAudio: [outputs-audio] symbol.info sequence=16 symbol=- timestamp=5270326.185 duration=360.000
10-11 13:37:26.826 11634 11711 I ReactNativeJS: [outputs] playMorse.symbol {"timestamp":5270345.814394,"wallClock":1760204246824,"symbol":"-","durationMs":360,"index":15,"source":"console.replay","correlationId":"console-replay:mgmk5t7smqwvag8l","nativeTimestampMs":5270326.185,"nativeDurationMs":360,"nativeOffsetMs":19.526164000853896,"nativeSequence":16,"monotonicTimestampMs":5270326.185}
10-11 13:37:26.828 11634 11711 I ReactNativeJS: [outputs] outputs.hapticSymbol {"timestamp":5270348.036998,"wallClock":1760204246826,"enabled":true,"symbol":"-","durationMs":360,"platform":"android","source":"console.replay","correlationId":"console-replay:mgmk5t7smqwvag8l","timelineOffsetMs":19.526164000853896}
10-11 13:37:26.831 11634 11711 I ReactNativeJS: [outputs] outputs.flashPulse {"timestamp":5270351.490435,"wallClock":1760204246830,"enabled":true,"durationMs":360,"source":"console.replay","correlationId":"console-replay:mgmk5t7smqwvag8l","timelineOffsetMs":19.526164000853896}
10-11 13:37:26.901 11634 11711 I ReactNativeJS: [outputs] outputs.flashPulse.commit {"timestamp":5270422.14356,"wallClock":1760204246901,"durationMs":360,"source":"console.replay","correlationId":"console-replay:mgmk5t7smqwvag8l","latencyMs":76.42859399970621,"timelineOffsetMs":19.526164000853896}
10-11 13:37:27.165 11634 11835 D OutputsAudio: [outputs-audio] stop gain=1.000 release=6.00
10-11 13:37:27.286 11634 11835 D OutputsAudio: [outputs-audio] start hz=700.0 gain=1.000 attack=2.50 release=6.00
10-11 13:37:27.304 11634 11711 D OutputsAudio: [outputs-audio] symbol.info sequence=17 symbol=- timestamp=5270807.807 duration=360.000
10-11 13:37:27.306 11634 11711 I ReactNativeJS: [outputs] playMorse.symbol {"timestamp":5270825.598404,"wallClock":1760204247304,"symbol":"-","durationMs":360,"index":16,"source":"console.replay","correlationId":"console-replay:mgmk5tl4yfbodby6","nativeTimestampMs":5270807.807,"nativeDurationMs":360,"nativeOffsetMs":17.69765399955213,"nativeSequence":17,"monotonicTimestampMs":5270807.807}
10-11 13:37:27.307 11634 11711 I ReactNativeJS: [outputs] outputs.hapticSymbol {"timestamp":5270828.098508,"wallClock":1760204247306,"enabled":true,"symbol":"-","durationMs":360,"platform":"android","source":"console.replay","correlationId":"console-replay:mgmk5tl4yfbodby6","timelineOffsetMs":17.69765399955213}
10-11 13:37:27.308 11634 11711 I ReactNativeJS: [outputs] outputs.flashPulse {"timestamp":5270829.449654,"wallClock":1760204247308,"enabled":true,"durationMs":360,"source":"console.replay","correlationId":"console-replay:mgmk5tl4yfbodby6","timelineOffsetMs":17.69765399955213}
10-11 13:37:27.396 11634 11711 I ReactNativeJS: [outputs] outputs.flashPulse.commit {"timestamp":5270916.737831,"wallClock":1760204247395,"durationMs":360,"source":"console.replay","correlationId":"console-replay:mgmk5tl4yfbodby6","latencyMs":91.22843699995428,"timelineOffsetMs":17.69765399955213}
10-11 13:37:27.647 11634 11835 D OutputsAudio: [outputs-audio] stop gain=1.000 release=6.00
10-11 13:37:27.767 11634 11835 D OutputsAudio: [outputs-audio] start hz=700.0 gain=1.000 attack=2.50 release=6.00
10-11 13:37:27.798 11634 11711 D OutputsAudio: [outputs-audio] symbol.info sequence=18 symbol=- timestamp=5271289.168 duration=360.000
10-11 13:37:27.799 11634 11711 I ReactNativeJS: [outputs] playMorse.symbol {"timestamp":5271320.129862,"wallClock":1760204247799,"symbol":"-","durationMs":360,"index":17,"source":"console.replay","correlationId":"console-replay:mgmk5tyu6gmcftha","nativeTimestampMs":5271289.168,"nativeDurationMs":360,"nativeOffsetMs":30.772383000701666,"nativeSequence":18,"monotonicTimestampMs":5271289.168}
10-11 13:37:27.800 11634 11711 I ReactNativeJS: [outputs] outputs.hapticSymbol {"timestamp":5271321.006841,"wallClock":1760204247799,"enabled":true,"symbol":"-","durationMs":360,"platform":"android","source":"console.replay","correlationId":"console-replay:mgmk5tyu6gmcftha","timelineOffsetMs":30.772383000701666}
10-11 13:37:27.800 11634 11711 I ReactNativeJS: [outputs] outputs.flashPulse {"timestamp":5271321.768456,"wallClock":1760204247800,"enabled":true,"durationMs":360,"source":"console.replay","correlationId":"console-replay:mgmk5tyu6gmcftha","timelineOffsetMs":30.772383000701666}
10-11 13:37:27.868 11634 11711 I ReactNativeJS: [outputs] outputs.flashPulse.commit {"timestamp":5271389.391945,"wallClock":1760204247868,"durationMs":360,"source":"console.replay","correlationId":"console-replay:mgmk5tyu6gmcftha","latencyMs":69.44713499955833,"timelineOffsetMs":30.772383000701666}
10-11 13:37:28.128 11634 11835 D OutputsAudio: [outputs-audio] stop gain=1.000 release=6.00
10-11 13:37:28.249 11634 11835 D OutputsAudio: [outputs-audio] start hz=700.0 gain=1.000 attack=2.50 release=6.00
10-11 13:37:28.265 11634 11711 D OutputsAudio: [outputs-audio] symbol.info sequence=19 symbol=. timestamp=5271770.630 duration=120.000
10-11 13:37:28.267 11634 11711 I ReactNativeJS: [outputs] playMorse.symbol {"timestamp":5271787.003456,"wallClock":1760204248265,"symbol":".","durationMs":120,"index":18,"source":"console.replay","correlationId":"console-replay:mgmk5ubtvisomzsl","nativeTimestampMs":5271770.63,"nativeDurationMs":120,"nativeOffsetMs":16.232726000249386,"nativeSequence":19,"monotonicTimestampMs":5271770.63}
10-11 13:37:28.268 11634 11711 I ReactNativeJS: [outputs] outputs.hapticSymbol {"timestamp":5271788.56231,"wallClock":1760204248267,"enabled":true,"symbol":".","durationMs":120,"platform":"android","source":"console.replay","correlationId":"console-replay:mgmk5ubtvisomzsl","timelineOffsetMs":16.232726000249386}
10-11 13:37:28.269 11634 11711 I ReactNativeJS: [outputs] outputs.flashPulse {"timestamp":5271790.196893,"wallClock":1760204248269,"enabled":true,"durationMs":120,"source":"console.replay","correlationId":"console-replay:mgmk5ubtvisomzsl","timelineOffsetMs":16.232726000249386}
10-11 13:37:28.343 11634 11711 I ReactNativeJS: [outputs] outputs.flashPulse.commit {"timestamp":5271864.675331,"wallClock":1760204248343,"durationMs":120,"source":"console.replay","correlationId":"console-replay:mgmk5ubtvisomzsl","latencyMs":77.80869799945503,"timelineOffsetMs":16.232726000249386}
10-11 13:37:28.369 11634 11835 D OutputsAudio: [outputs-audio] stop gain=1.000 release=6.00
10-11 13:37:28.490 11634 11835 D OutputsAudio: [outputs-audio] start hz=700.0 gain=1.000 attack=2.50 release=6.00
10-11 13:37:28.496 11634 11711 D OutputsAudio: [outputs-audio] symbol.info sequence=20 symbol=. timestamp=5272011.808 duration=120.000
10-11 13:37:28.498 11634 11711 I ReactNativeJS: [outputs] playMorse.symbol {"timestamp":5272018.16856,"wallClock":1760204248497,"symbol":".","durationMs":120,"index":19,"source":"console.replay","correlationId":"console-replay:mgmk5ui99jq95u8f","nativeTimestampMs":5272011.808,"nativeDurationMs":120,"nativeOffsetMs":6.2038930002599955,"nativeSequence":20,"monotonicTimestampMs":5272011.808}
10-11 13:37:28.501 11634 11711 I ReactNativeJS: [outputs] outputs.hapticSymbol {"timestamp":5272019.887049,"wallClock":1760204248498,"enabled":true,"symbol":".","durationMs":120,"platform":"android","source":"console.replay","correlationId":"console-replay:mgmk5ui99jq95u8f","timelineOffsetMs":6.2038930002599955}
10-11 13:37:28.507 11634 11711 I ReactNativeJS: [outputs] outputs.flashPulse {"timestamp":5272026.793612,"wallClock":1760204248505,"enabled":true,"durationMs":120,"source":"console.replay","correlationId":"console-replay:mgmk5ui99jq95u8f","timelineOffsetMs":6.2038930002599955}
10-11 13:37:28.579 11634 11711 I ReactNativeJS: [outputs] outputs.flashPulse.commit {"timestamp":5272099.782726,"wallClock":1760204248578,"durationMs":120,"source":"console.replay","correlationId":"console-replay:mgmk5ui99jq95u8f","latencyMs":81.76666699908674,"timelineOffsetMs":6.2038930002599955}
10-11 13:37:28.611 11634 11835 D OutputsAudio: [outputs-audio] stop gain=1.000 release=6.00
10-11 13:37:28.733 11634 11835 D OutputsAudio: [outputs-audio] start hz=700.0 gain=1.000 attack=2.50 release=6.00
10-11 13:37:28.736 11634 11711 D OutputsAudio: [outputs-audio] symbol.info sequence=21 symbol=. timestamp=5272254.295 duration=120.000
10-11 13:37:28.738 11634 11711 I ReactNativeJS: [outputs] playMorse.symbol {"timestamp":5272258.267153,"wallClock":1760204248737,"symbol":".","durationMs":120,"index":20,"source":"console.replay","correlationId":"console-replay:mgmk5uoxj8px27k3","nativeTimestampMs":5272254.295,"nativeDurationMs":120,"nativeOffsetMs":3.8023100001737475,"nativeSequence":21,"monotonicTimestampMs":5272254.295}
10-11 13:37:28.740 11634 11711 I ReactNativeJS: [outputs] outputs.hapticSymbol {"timestamp":5272260.131164,"wallClock":1760204248739,"enabled":true,"symbol":".","durationMs":120,"platform":"android","source":"console.replay","correlationId":"console-replay:mgmk5uoxj8px27k3","timelineOffsetMs":3.8023100001737475}
10-11 13:37:28.742 11634 11711 I ReactNativeJS: [outputs] outputs.flashPulse {"timestamp":5272262.422882,"wallClock":1760204248741,"enabled":true,"durationMs":120,"source":"console.replay","correlationId":"console-replay:mgmk5uoxj8px27k3","timelineOffsetMs":3.8023100001737475}
10-11 13:37:28.822 11634 11711 I ReactNativeJS: [outputs] outputs.flashPulse.commit {"timestamp":5272343.440487,"wallClock":1760204248822,"durationMs":120,"source":"console.replay","correlationId":"console-replay:mgmk5uoxj8px27k3","latencyMs":85.3383849998936,"timelineOffsetMs":3.8023100001737475}
10-11 13:37:28.854 11634 11835 D OutputsAudio: [outputs-audio] stop gain=1.000 release=6.00
10-11 13:37:28.974 11634 11835 D OutputsAudio: [outputs-audio] start hz=700.0 gain=1.000 attack=2.50 release=6.00
10-11 13:37:28.992 11634 11711 D OutputsAudio: [outputs-audio] symbol.info sequence=22 symbol=- timestamp=5272495.713 duration=360.000
10-11 13:37:28.993 11634 11711 I ReactNativeJS: [outputs] playMorse.symbol {"timestamp":5272514.124237,"wallClock":1760204248992,"symbol":"-","durationMs":360,"index":21,"source":"console.replay","correlationId":"console-replay:mgmk5uw083hha7qu","nativeTimestampMs":5272495.713,"nativeDurationMs":360,"nativeOffsetMs":18.32477799989283,"nativeSequence":22,"monotonicTimestampMs":5272495.713}
10-11 13:37:28.994 11634 11711 I ReactNativeJS: [outputs] outputs.hapticSymbol {"timestamp":5272515.066007,"wallClock":1760204248993,"enabled":true,"symbol":"-","durationMs":360,"platform":"android","source":"console.replay","correlationId":"console-replay:mgmk5uw083hha7qu","timelineOffsetMs":18.32477799989283}
10-11 13:37:28.995 11634 11711 I ReactNativeJS: [outputs] outputs.flashPulse {"timestamp":5272515.872362,"wallClock":1760204248994,"enabled":true,"durationMs":360,"source":"console.replay","correlationId":"console-replay:mgmk5uw083hha7qu","timelineOffsetMs":18.32477799989283}
10-11 13:37:29.071 11634 11711 I ReactNativeJS: [outputs] outputs.flashPulse.commit {"timestamp":5272591.722778,"wallClock":1760204249070,"durationMs":360,"source":"console.replay","correlationId":"console-replay:mgmk5uw083hha7qu","latencyMs":77.6808859994635,"timelineOffsetMs":18.32477799989283}
10-11 13:37:29.335 11634 11835 D OutputsAudio: [outputs-audio] stop gain=1.000 release=6.00
10-11 13:37:29.457 11634 11835 D OutputsAudio: [outputs-audio] start hz=700.0 gain=1.000 attack=2.50 release=6.00
10-11 13:37:29.465 11634 11711 D OutputsAudio: [outputs-audio] symbol.info sequence=23 symbol=- timestamp=5272978.339 duration=360.000
10-11 13:37:29.466 11634 11711 I ReactNativeJS: [outputs] playMorse.symbol {"timestamp":5272986.329184,"wallClock":1760204249465,"symbol":"-","durationMs":360,"index":22,"source":"console.replay","correlationId":"console-replay:mgmk5v95vwu8zz7p","nativeTimestampMs":5272978.339,"nativeDurationMs":360,"nativeOffsetMs":7.893674000166357,"nativeSequence":23,"monotonicTimestampMs":5272978.339}
10-11 13:37:29.466 11634 11711 I ReactNativeJS: [outputs] outputs.hapticSymbol {"timestamp":5272987.431893,"wallClock":1760204249466,"enabled":true,"symbol":"-","durationMs":360,"platform":"android","source":"console.replay","correlationId":"console-replay:mgmk5v95vwu8zz7p","timelineOffsetMs":7.893674000166357}
10-11 13:37:29.467 11634 11711 I ReactNativeJS: [outputs] outputs.flashPulse {"timestamp":5272988.409757,"wallClock":1760204249467,"enabled":true,"durationMs":360,"source":"console.replay","correlationId":"console-replay:mgmk5v95vwu8zz7p","timelineOffsetMs":7.893674000166357}
10-11 13:37:29.535 11634 11711 I ReactNativeJS: [outputs] outputs.flashPulse.commit {"timestamp":5273055.88283,"wallClock":1760204249534,"durationMs":360,"source":"console.replay","correlationId":"console-replay:mgmk5v95vwu8zz7p","latencyMs":69.64625000022352,"timelineOffsetMs":7.893674000166357}
10-11 13:37:29.817 11634 11835 D OutputsAudio: [outputs-audio] stop gain=1.000 release=6.00
10-11 13:37:29.939 11634 11835 D OutputsAudio: [outputs-audio] start hz=700.0 gain=1.000 attack=2.50 release=6.00
10-11 13:37:29.968 11634 11711 D OutputsAudio: [outputs-audio] symbol.info sequence=24 symbol=- timestamp=5273460.237 duration=360.000
10-11 13:37:29.971 11634 11711 I ReactNativeJS: [outputs] playMorse.symbol {"timestamp":5273490.036684,"wallClock":1760204249968,"symbol":"-","durationMs":360,"index":23,"source":"console.replay","correlationId":"console-replay:mgmk5vn4xstg5prm","nativeTimestampMs":5273460.237,"nativeDurationMs":360,"nativeOffsetMs":29.704528000205755,"nativeSequence":24,"monotonicTimestampMs":5273460.237}
10-11 13:37:29.972 11634 11711 I ReactNativeJS: [outputs] outputs.hapticSymbol {"timestamp":5273492.584861,"wallClock":1760204249971,"enabled":true,"symbol":"-","durationMs":360,"platform":"android","source":"console.replay","correlationId":"console-replay:mgmk5vn4xstg5prm","timelineOffsetMs":29.704528000205755}
10-11 13:37:29.973 11634 11711 I ReactNativeJS: [outputs] outputs.flashPulse {"timestamp":5273493.998403,"wallClock":1760204249972,"enabled":true,"durationMs":360,"source":"console.replay","correlationId":"console-replay:mgmk5vn4xstg5prm","timelineOffsetMs":29.704528000205755}
10-11 13:37:30.046 11634 11711 I ReactNativeJS: [outputs] outputs.flashPulse.commit {"timestamp":5273566.85559,"wallClock":1760204250045,"durationMs":360,"source":"console.replay","correlationId":"console-replay:mgmk5vn4xstg5prm","latencyMs":76.91031199973077,"timelineOffsetMs":29.704528000205755}
10-11 13:37:30.299 11634 11835 D OutputsAudio: [outputs-audio] stop gain=1.000 release=6.00
10-11 13:37:30.420 11634 11835 D OutputsAudio: [outputs-audio] start hz=700.0 gain=1.000 attack=2.50 release=6.00
10-11 13:37:30.442 11634 11711 D OutputsAudio: [outputs-audio] symbol.info sequence=25 symbol=. timestamp=5273941.930 duration=120.000
10-11 13:37:30.443 11634 11711 I ReactNativeJS: [outputs] playMorse.symbol {"timestamp":5273963.883976,"wallClock":1760204250442,"symbol":".","durationMs":120,"index":24,"source":"console.replay","correlationId":"console-replay:mgmk5w0ailscvu65","nativeTimestampMs":5273941.93,"nativeDurationMs":120,"nativeOffsetMs":21.90048599988222,"nativeSequence":25,"monotonicTimestampMs":5273941.93}
10-11 13:37:30.443 11634 11711 I ReactNativeJS: [outputs] outputs.hapticSymbol {"timestamp":5273964.595121,"wallClock":1760204250443,"enabled":true,"symbol":".","durationMs":120,"platform":"android","source":"console.replay","correlationId":"console-replay:mgmk5w0ailscvu65","timelineOffsetMs":21.90048599988222}
10-11 13:37:30.444 11634 11711 I ReactNativeJS: [outputs] outputs.flashPulse {"timestamp":5273965.123246,"wallClock":1760204250443,"enabled":true,"durationMs":120,"source":"console.replay","correlationId":"console-replay:mgmk5w0ailscvu65","timelineOffsetMs":21.90048599988222}
10-11 13:37:30.508 11634 11711 I ReactNativeJS: [outputs] outputs.flashPulse.commit {"timestamp":5274028.965382,"wallClock":1760204250507,"durationMs":120,"source":"console.replay","correlationId":"console-replay:mgmk5w0ailscvu65","latencyMs":65.13052100036293,"timelineOffsetMs":21.90048599988222}
10-11 13:37:30.541 11634 11835 D OutputsAudio: [outputs-audio] stop gain=1.000 release=6.00
10-11 13:37:30.662 11634 11835 D OutputsAudio: [outputs-audio] start hz=700.0 gain=1.000 attack=2.50 release=6.00
10-11 13:37:30.680 11634 11711 D OutputsAudio: [outputs-audio] symbol.info sequence=26 symbol=. timestamp=5274184.276 duration=120.000
10-11 13:37:30.681 11634 11711 I ReactNativeJS: [outputs] playMorse.symbol {"timestamp":5274201.59908,"wallClock":1760204250680,"symbol":".","durationMs":120,"index":25,"source":"console.replay","correlationId":"console-replay:mgmk5w6wyt0b1ffu","nativeTimestampMs":5274184.276,"nativeDurationMs":120,"nativeOffsetMs":17.213132000528276,"nativeSequence":26,"monotonicTimestampMs":5274184.276}
10-11 13:37:30.681 11634 11711 I ReactNativeJS: [outputs] outputs.hapticSymbol {"timestamp":5274202.590225,"wallClock":1760204250681,"enabled":true,"symbol":".","durationMs":120,"platform":"android","source":"console.replay","correlationId":"console-replay:mgmk5w6wyt0b1ffu","timelineOffsetMs":17.213132000528276}
10-11 13:37:30.682 11634 11711 I ReactNativeJS: [outputs] outputs.flashPulse {"timestamp":5274203.463715,"wallClock":1760204250682,"enabled":true,"durationMs":120,"source":"console.replay","correlationId":"console-replay:mgmk5w6wyt0b1ffu","timelineOffsetMs":17.213132000528276}
10-11 13:37:30.753 11634 11711 I ReactNativeJS: [outputs] outputs.flashPulse.commit {"timestamp":5274273.976059,"wallClock":1760204250752,"durationMs":120,"source":"console.replay","correlationId":"console-replay:mgmk5w6wyt0b1ffu","latencyMs":72.48234299942851,"timelineOffsetMs":17.213132000528276}
10-11 13:37:30.784 11634 11835 D OutputsAudio: [outputs-audio] stop gain=1.000 release=6.00
10-11 13:37:30.904 11634 11835 D OutputsAudio: [outputs-audio] start hz=700.0 gain=1.000 attack=2.50 release=6.00
10-11 13:37:30.908 11634 11711 D OutputsAudio: [outputs-audio] symbol.info sequence=27 symbol=. timestamp=5274426.083 duration=120.000
10-11 13:37:30.910 11634 11711 I ReactNativeJS: [outputs] playMorse.symbol {"timestamp":5274429.901736,"wallClock":1760204250908,"symbol":".","durationMs":120,"index":26,"source":"console.replay","correlationId":"console-replay:mgmk5wd8u411eqe9","nativeTimestampMs":5274426.083,"nativeDurationMs":120,"nativeOffsetMs":3.644725000485778,"nativeSequence":27,"monotonicTimestampMs":5274426.083}
10-11 13:37:30.913 11634 11711 I ReactNativeJS: [outputs] outputs.hapticSymbol {"timestamp":5274431.860798,"wallClock":1760204250910,"enabled":true,"symbol":".","durationMs":120,"platform":"android","source":"console.replay","correlationId":"console-replay:mgmk5wd8u411eqe9","timelineOffsetMs":3.644725000485778}
10-11 13:37:30.915 11634 11711 I ReactNativeJS: [outputs] outputs.flashPulse {"timestamp":5274435.158611,"wallClock":1760204250914,"enabled":true,"durationMs":120,"source":"console.replay","correlationId":"console-replay:mgmk5wd8u411eqe9","timelineOffsetMs":3.644725000485778}
10-11 13:37:30.993 11634 11711 I ReactNativeJS: [outputs] outputs.flashPulse.commit {"timestamp":5274514.246007,"wallClock":1760204250993,"durationMs":120,"source":"console.replay","correlationId":"console-replay:mgmk5wd8u411eqe9","latencyMs":84.51421900000423,"timelineOffsetMs":3.644725000485778}
10-11 13:37:31.026 11634 11835 D OutputsAudio: [outputs-audio] stop gain=1.000 release=6.00
10-11 13:37:31.047 11634 11711 I ReactNativeJS: [outputs] playMorse.complete {"timestamp":5274567.913402,"wallClock":1760204251046,"durationMs":9685.753589999862,"source":"console.replay","audioEnabled":true,"audioVolumePercent":100}
10-11 13:37:31.146 11634 11835 D OutputsAudio: [outputs-audio] stop gain=0.000 release=6.00
10-11 13:37:31.146 11634 11835 D OutputsAudio: [outputs-audio] playMorse.end cancelled=0
10-11 13:37:34.137 11634 11711 I ReactNativeJS: [outputs] playMorse.start {"timestamp":5277657.674807,"wallClock":1760204254136,"unitMs":80,"length":28,"source":"console.replay","audioEnabled":true,"audioVolumePercent":100}
10-11 13:37:34.392 11634 11711 D OutputsAudio: [outputs-audio] warmup hz=700.0
10-11 13:37:34.394 11634 11955 D OutputsAudio: [outputs-audio] playMorse.start count=27 unit=80.0
10-11 13:37:34.394 11634 11955 D OutputsAudio: [outputs-audio] start hz=700.0 gain=1.000 attack=2.50 release=6.00
10-11 13:37:34.405 11634 11711 D OutputsAudio: [outputs-audio] symbol.info sequence=1 symbol=. timestamp=5277915.624 duration=80.000
10-11 13:37:34.406 11634 11711 I ReactNativeJS: [outputs] playMorse.symbol {"timestamp":5277926.868141,"wallClock":1760204254405,"symbol":".","durationMs":80,"index":0,"source":"console.replay","correlationId":"console-replay:mgmk5z2dmu93z9cq","nativeTimestampMs":5277915.624,"nativeDurationMs":80,"nativeOffsetMs":11.161484000273049,"nativeSequence":1,"monotonicTimestampMs":5277915.624}
10-11 13:37:34.407 11634 11711 I ReactNativeJS: [outputs] outputs.hapticSymbol {"timestamp":5277927.777672,"wallClock":1760204254406,"enabled":true,"symbol":".","durationMs":80,"platform":"android","source":"console.replay","correlationId":"console-replay:mgmk5z2dmu93z9cq","timelineOffsetMs":11.161484000273049}
10-11 13:37:34.408 11634 11711 I ReactNativeJS: [outputs] outputs.flashPulse {"timestamp":5277928.842776,"wallClock":1760204254407,"enabled":true,"durationMs":80,"source":"console.replay","correlationId":"console-replay:mgmk5z2dmu93z9cq","timelineOffsetMs":11.161484000273049}
10-11 13:37:34.474 11634 11955 D OutputsAudio: [outputs-audio] stop gain=1.000 release=6.00
10-11 13:37:34.544 11634 11711 I ReactNativeJS: [outputs] outputs.flashPulse.commit {"timestamp":5278065.229339,"wallClock":1760204254544,"durationMs":80,"source":"console.replay","correlationId":"console-replay:mgmk5z2dmu93z9cq","latencyMs":138.43786500021815,"timelineOffsetMs":11.161484000273049}
10-11 13:37:34.555 11634 11955 D OutputsAudio: [outputs-audio] start hz=700.0 gain=1.000 attack=2.50 release=6.00
10-11 13:37:34.601 11634 11711 D OutputsAudio: [outputs-audio] symbol.info sequence=2 symbol=. timestamp=5278076.448 duration=80.000
10-11 13:37:34.602 11634 11711 I ReactNativeJS: [outputs] playMorse.symbol {"timestamp":5278122.935068,"wallClock":1760204254601,"symbol":".","durationMs":80,"index":1,"source":"console.replay","correlationId":"console-replay:mgmk5z7towuu3u57","nativeTimestampMs":5278076.448,"nativeDurationMs":80,"nativeOffsetMs":46.43654699996114,"nativeSequence":2,"monotonicTimestampMs":5278076.448}
10-11 13:37:34.602 11634 11711 I ReactNativeJS: [outputs] outputs.hapticSymbol {"timestamp":5278123.38887,"wallClock":1760204254602,"enabled":true,"symbol":".","durationMs":80,"platform":"android","source":"console.replay","correlationId":"console-replay:mgmk5z7towuu3u57","timelineOffsetMs":46.43654699996114}
10-11 13:37:34.603 11634 11711 I ReactNativeJS: [outputs] outputs.flashPulse {"timestamp":5278123.878089,"wallClock":1760204254602,"enabled":true,"durationMs":80,"source":"console.replay","correlationId":"console-replay:mgmk5z7towuu3u57","timelineOffsetMs":46.43654699996114}
10-11 13:37:34.636 11634 11955 D OutputsAudio: [outputs-audio] stop gain=1.000 release=6.00
10-11 13:37:34.716 11634 11955 D OutputsAudio: [outputs-audio] start hz=700.0 gain=1.000 attack=2.50 release=6.00
10-11 13:37:34.731 11634 11711 I ReactNativeJS: [outputs] outputs.flashPulse.commit {"timestamp":5278252.193766,"wallClock":1760204254731,"durationMs":80,"source":"console.replay","correlationId":"console-replay:mgmk5z7towuu3u57","latencyMs":129.29989599995315,"timelineOffsetMs":46.43654699996114}
10-11 13:37:34.794 11634 11711 D OutputsAudio: [outputs-audio] symbol.info sequence=3 symbol=. timestamp=5278237.652 duration=80.000
10-11 13:37:34.795 11634 11711 I ReactNativeJS: [outputs] playMorse.symbol {"timestamp":5278315.633453,"wallClock":1760204254794,"symbol":".","durationMs":80,"index":2,"source":"console.replay","correlationId":"console-replay:mgmk5zd68s15ttmk","nativeTimestampMs":5278237.652,"nativeDurationMs":80,"nativeOffsetMs":77.93093200027943,"nativeSequence":3,"monotonicTimestampMs":5278237.652}
10-11 13:37:34.795 11634 11711 I ReactNativeJS: [outputs] outputs.hapticSymbol {"timestamp":5278316.178088,"wallClock":1760204254795,"enabled":true,"symbol":".","durationMs":80,"platform":"android","source":"console.replay","correlationId":"console-replay:mgmk5zd68s15ttmk","timelineOffsetMs":77.93093200027943}
10-11 13:37:34.795 11634 11711 I ReactNativeJS: [outputs] outputs.flashPulse {"timestamp":5278316.705328,"wallClock":1760204254795,"enabled":true,"durationMs":80,"source":"console.replay","correlationId":"console-replay:mgmk5zd68s15ttmk","timelineOffsetMs":77.93093200027943}
10-11 13:37:34.797 11634 11955 D OutputsAudio: [outputs-audio] stop gain=1.000 release=6.00
10-11 13:37:34.863 11634 11711 I ReactNativeJS: [outputs] outputs.flashPulse.commit {"timestamp":5278383.984599,"wallClock":1760204254862,"durationMs":80,"source":"console.replay","correlationId":"console-replay:mgmk5zd68s15ttmk","latencyMs":68.39734399970621,"timelineOffsetMs":77.93093200027943}
