10-11 17:19:30.206 28938 29004 I ReactNativeJS: [outputs] outputs.hapticSymbol {"timestamp":18593727.160197,"wallClock":1760217570206,"enabled":true,"symbol":"-","durationMs":102,"platform":"android","source":"console.replay","correlationId":"console-replay:mgms3dlphuyjd02u","timelineOffsetMs":22.996915001422167}
10-11 17:19:30.209 28938 29004 I ReactNativeJS: [outputs] outputs.flashPulse {"timestamp":18593730.711603,"wallClock":1760217570209,"enabled":true,"durationMs":102,"source":"console.replay","correlationId":"console-replay:mgms3dlphuyjd02u","timelineOffsetMs":22.996915001422167,"schedulingMode":"timeline"}
10-11 17:19:30.216 28938 32153 D OutputsAudio: [outputs-audio] stop gain=1.000 release=6.00
10-11 17:19:30.252 28938 32153 D OutputsAudio: [outputs-audio] start hz=700.0 gain=1.000 attack=2.50 release=6.00
10-11 17:19:30.252 28938 32153 D OutputsAudio: [outputs-audio] playMorse.symbol.start sequence=26 symbol=. expected=18593737.407 actual=18593773.211 skew=35.804 batchElapsed=2551.804
10-11 17:19:30.264 28938 29004 I ReactNativeJS: [outputs] outputs.flashPulse.commit {"timestamp":18593785.114155,"wallClock":1760217570263,"durationMs":102,"source":"console.replay","correlationId":"console-replay:mgms3dlphuyjd02u","latencyMs":58.49624999985099,"timelineOffsetMs":22.996915001422167,"leadMs":8,"scheduleSkewMs":66.49624999985099,"schedulingMode":"timeline"}
10-11 17:19:30.286 28938 32153 D OutputsAudio: [outputs-audio] stop gain=1.000 release=6.00
10-11 17:19:30.314 28938 29004 D OutputsAudio: [outputs-audio] symbol.info sequence=26 symbol=. timestamp=18593773.211 duration=34.000 expected=18593737.407 skew=35.804 age=62.615
10-11 17:19:30.315 28938 29004 I ReactNativeJS: [outputs] playMorse.symbol {"timestamp":18593835.953269,"wallClock":1760217570314,"symbol":"-","durationMs":102,"index":23,"source":"console.replay","correlationId":"console-replay:mgms3doqxaeyluxn","nativeTimestampMs":18593773.211,"nativeDurationMs":34,"nativeOffsetMs":62.69497800245881,"nativeSequence":26,"monotonicTimestampMs":18593773.211,"nativeExpectedTimestampMs":18593737.407,"nativeStartSkewMs":35.804,"nativeBatchElapsedMs":2551.804,"nativeExpectedSincePriorMs":68,"nativeSincePriorMs":69.596,"nativePatternStartMs":18591221.407,"nativeAgeMs":62.615}
10-11 17:19:30.315 28938 29004 I ReactNativeJS: [outputs] outputs.hapticSymbol {"timestamp":18593836.482488,"wallClock":1760217570315,"enabled":true,"symbol":"-","durationMs":102,"platform":"android","source":"console.replay","correlationId":"console-replay:mgms3doqxaeyluxn","timelineOffsetMs":62.69497800245881}
10-11 17:19:30.316 28938 29004 I ReactNativeJS: [outputs] outputs.flashPulse {"timestamp":18593837.218999,"wallClock":1760217570316,"enabled":true,"durationMs":102,"source":"console.replay","correlationId":"console-replay:mgms3doqxaeyluxn","timelineOffsetMs":62.69497800245881,"schedulingMode":"timeline"}
10-11 17:19:30.321 28938 32153 D OutputsAudio: [outputs-audio] start hz=700.0 gain=1.000 attack=2.50 release=6.00
10-11 17:19:30.321 28938 32153 D OutputsAudio: [outputs-audio] playMorse.symbol.start sequence=27 symbol=. expected=18593805.407 actual=18593842.397 skew=36.990 batchElapsed=2620.990
10-11 17:19:30.355 28938 32153 D OutputsAudio: [outputs-audio] stop gain=1.000 release=6.00
10-11 17:19:30.355 28938 32153 D OutputsAudio: [outputs-audio] stop gain=1.000 release=6.00
10-11 17:19:30.355 28938 32153 D OutputsAudio: [outputs-audio] playMorse.end cancelled=0
10-11 17:19:30.369 28938 29004 I ReactNativeJS: [outputs] outputs.flashPulse.commit {"timestamp":18593889.89504,"wallClock":1760217570368,"durationMs":102,"source":"console.replay","correlationId":"console-replay:mgms3doqxaeyluxn","latencyMs":53.98265599831939,"timelineOffsetMs":62.69497800245881,"leadMs":8,"scheduleSkewMs":61.98265599831939,"schedulingMode":"timeline"}
10-11 17:19:30.420 28938 29004 D OutputsAudio: [outputs-audio] symbol.info sequence=27 symbol=. timestamp=18593842.397 duration=34.000 expected=18593805.407 skew=36.990 age=98.713
10-11 17:19:30.420 28938 29004 I ReactNativeJS: [outputs] playMorse.symbol {"timestamp":18593941.24603,"wallClock":1760217570420,"symbol":".","durationMs":34,"index":24,"source":"console.replay","correlationId":"console-replay:mgms3droua2yxaow","nativeTimestampMs":18593842.397,"nativeDurationMs":34,"nativeOffsetMs":98.79856099933386,"nativeSequence":27,"monotonicTimestampMs":18593842.397,"nativeExpectedTimestampMs":18593805.407,"nativeStartSkewMs":36.99,"nativeBatchElapsedMs":2620.99,"nativeExpectedSincePriorMs":68,"nativeSincePriorMs":69.186,"nativePatternStartMs":18591221.407,"nativeAgeMs":98.713}
10-11 17:19:30.420 28938 29004 I ReactNativeJS: [outputs] playMorse.nativeOffset.spike {"timestamp":18593941.729519,"wallClock":1760217570420,"source":"console.replay","offsetMs":98.79856099933386,"sequence":27,"unitMs":34,"correlationId":"console-replay:mgms3droua2yxaow","startSkewMs":36.99,"batchElapsedMs":2620.99,"ageMs":98.713}
10-11 17:19:30.421 28938 29004 I ReactNativeJS: [outputs] outputs.hapticSymbol {"timestamp":18593942.063374,"wallClock":1760217570420,"enabled":true,"symbol":".","durationMs":34,"platform":"android","source":"console.replay","correlationId":"console-replay:mgms3droua2yxaow","timelineOffsetMs":98.79856099933386}
10-11 17:19:30.421 28938 29004 I ReactNativeJS: [outputs] outputs.flashPulse {"timestamp":18593942.782853,"wallClock":1760217570421,"enabled":true,"durationMs":34,"source":"console.replay","correlationId":"console-replay:mgms3droua2yxaow","timelineOffsetMs":98.79856099933386,"schedulingMode":"timeline"}
10-11 17:19:30.482 28938 29004 I ReactNativeJS: [outputs] outputs.flashPulse.commit {"timestamp":18594003.650561,"wallClock":1760217570482,"durationMs":34,"source":"console.replay","correlationId":"console-replay:mgms3droua2yxaow","latencyMs":62.44864600151777,"timelineOffsetMs":98.79856099933386,"leadMs":8,"scheduleSkewMs":70.44864600151777,"schedulingMode":"timeline"}
10-11 17:19:30.575 28938 29004 I ReactNativeJS: [outputs] playMorse.symbol {"timestamp":18594096.110665,"wallClock":1760217570574,"symbol":".","durationMs":34,"index":25,"source":"console.replay","correlationId":"console-replay:mgms3dvyenft85nb","nativeTimestampMs":null,"nativeDurationMs":null,"nativeOffsetMs":null,"nativeSequence":null,"monotonicTimestampMs":null,"nativeExpectedTimestampMs":null,"nativeStartSkewMs":null,"nativeBatchElapsedMs":null,"nativeExpectedSincePriorMs":null,"nativeSincePriorMs":null,"nativePatternStartMs":null,"nativeAgeMs":null}
10-11 17:19:30.576 28938 29004 I ReactNativeJS: [outputs] outputs.hapticSymbol {"timestamp":18594096.948061,"wallClock":1760217570575,"enabled":true,"symbol":".","durationMs":34,"platform":"android","source":"console.replay","correlationId":"console-replay:mgms3dvyenft85nb","timelineOffsetMs":null}
10-11 17:19:30.577 28938 29004 I ReactNativeJS: [outputs] outputs.flashPulse {"timestamp":18594098.054832,"wallClock":1760217570576,"enabled":true,"durationMs":34,"source":"console.replay","correlationId":"console-replay:mgms3dvyenft85nb","timelineOffsetMs":24,"schedulingMode":"timeline"}
10-11 17:19:30.656 28938 29004 I ReactNativeJS: [outputs] outputs.flashPulse.commit {"timestamp":18594176.219051,"wallClock":1760217570655,"durationMs":34,"source":"console.replay","correlationId":"console-replay:mgms3dvyenft85nb","latencyMs":56.10630200058222,"timelineOffsetMs":24,"leadMs":8,"scheduleSkewMs":64.10630200058222,"schedulingMode":"timeline"}
10-11 17:19:30.867 28938 29004 I ReactNativeJS: [outputs] playMorse.symbol {"timestamp":18594388.359363,"wallClock":1760217570867,"symbol":".","durationMs":34,"index":26,"source":"console.replay","correlationId":"console-replay:mgms3e43juqt0mry","nativeTimestampMs":null,"nativeDurationMs":null,"nativeOffsetMs":null,"nativeSequence":null,"monotonicTimestampMs":null,"nativeExpectedTimestampMs":null,"nativeStartSkewMs":null,"nativeBatchElapsedMs":null,"nativeExpectedSincePriorMs":null,"nativeSincePriorMs":null,"nativePatternStartMs":null,"nativeAgeMs":null}
10-11 17:19:30.868 28938 29004 I ReactNativeJS: [outputs] outputs.hapticSymbol {"timestamp":18594389.083061,"wallClock":1760217570867,"enabled":true,"symbol":".","durationMs":34,"platform":"android","source":"console.replay","correlationId":"console-replay:mgms3e43juqt0mry","timelineOffsetMs":null}
10-11 17:19:30.869 28938 29004 I ReactNativeJS: [outputs] outputs.flashPulse {"timestamp":18594390.165248,"wallClock":1760217570869,"enabled":true,"durationMs":34,"source":"console.replay","correlationId":"console-replay:mgms3e43juqt0mry","timelineOffsetMs":24,"schedulingMode":"timeline"}
10-11 17:19:30.927 28938 29004 I ReactNativeJS: [outputs] playMorse.complete {"timestamp":18594447.895925,"wallClock":1760217570926,"durationMs":3338.057498000562,"source":"console.replay","audioEnabled":true,"audioVolumePercent":100}
10-11 17:19:30.972 28938 29004 I ReactNativeJS: [outputs] outputs.flashPulse.commit {"timestamp":18594493.231446,"wallClock":1760217570972,"durationMs":34,"source":"console.replay","correlationId":"console-replay:mgms3e43juqt0mry","latencyMs":80.87562499940395,"timelineOffsetMs":24,"leadMs":8,"scheduleSkewMs":88.87562499940395,"schedulingMode":"timeline"}
10-11 17:19:33.788 28938 29004 I ReactNativeJS: [outputs] playMorse.start {"timestamp":18597309.393997,"wallClock":1760217573788,"unitMs":30,"length":28,"source":"console.replay","audioEnabled":true,"audioVolumePercent":100}
10-11 17:19:33.901 28938 29004 D OutputsAudio: [outputs-audio] warmup hz=700.0
10-11 17:19:33.902 28938 32204 D OutputsAudio: [outputs-audio] playMorse.start count=27 unit=30.0
10-11 17:19:33.902 28938 32204 D OutputsAudio: [outputs-audio] start hz=700.0 gain=1.000 attack=2.50 release=6.00
10-11 17:19:33.902 28938 32204 D OutputsAudio: [outputs-audio] playMorse.symbol.start sequence=1 symbol=. expected=18597423.372 actual=18597423.386 skew=0.015 batchElapsed=0.015
10-11 17:19:33.911 28938 29004 D OutputsAudio: [outputs-audio] symbol.info sequence=1 symbol=. timestamp=18597423.386 duration=30.000 expected=18597423.372 skew=0.015 age=9.658
10-11 17:19:33.913 28938 29004 I ReactNativeJS: [outputs] playMorse.symbol {"timestamp":18597433.285664,"wallClock":1760217573912,"symbol":".","durationMs":30,"index":0,"source":"console.replay","correlationId":"console-replay:mgms3ggoyc44f2an","nativeTimestampMs":18597423.386,"nativeDurationMs":30,"nativeOffsetMs":9.806226000189781,"nativeSequence":1,"monotonicTimestampMs":18597423.386,"nativeExpectedTimestampMs":18597423.372,"nativeStartSkewMs":0.015,"nativeBatchElapsedMs":0.015,"nativeExpectedSincePriorMs":0,"nativeSincePriorMs":0,"nativePatternStartMs":18597423.372,"nativeAgeMs":9.658}
10-11 17:19:33.913 28938 29004 I ReactNativeJS: [outputs] outputs.hapticSymbol {"timestamp":18597434.262487,"wallClock":1760217573913,"enabled":true,"symbol":".","durationMs":30,"platform":"android","source":"console.replay","correlationId":"console-replay:mgms3ggoyc44f2an","timelineOffsetMs":9.806226000189781}
10-11 17:19:33.915 28938 29004 I ReactNativeJS: [outputs] outputs.flashPulse {"timestamp":18597435.753789,"wallClock":1760217573914,"enabled":true,"durationMs":30,"source":"console.replay","correlationId":"console-replay:mgms3ggoyc44f2an","timelineOffsetMs":9.806226000189781,"schedulingMode":"timeline"}
10-11 17:19:33.932 28938 32204 D OutputsAudio: [outputs-audio] stop gain=1.000 release=6.00
10-11 17:19:33.963 28938 32204 D OutputsAudio: [outputs-audio] start hz=700.0 gain=1.000 attack=2.50 release=6.00
10-11 17:19:33.963 28938 32204 D OutputsAudio: [outputs-audio] playMorse.symbol.start sequence=2 symbol=. expected=18597483.372 actual=18597484.929 skew=1.557 batchElapsed=61.557
10-11 17:19:33.975 28938 29004 I ReactNativeJS: [outputs] outputs.flashPulse.commit {"timestamp":18597495.741185,"wallClock":1760217573974,"durationMs":30,"source":"console.replay","correlationId":"console-replay:mgms3ggoyc44f2an","latencyMs":62.542760998010635,"timelineOffsetMs":9.806226000189781,"leadMs":8,"scheduleSkewMs":70.54276099801064,"schedulingMode":"timeline"}
10-11 17:19:33.994 28938 32204 D OutputsAudio: [outputs-audio] stop gain=1.000 release=6.00
10-11 17:19:34.022 28938 29004 D OutputsAudio: [outputs-audio] symbol.info sequence=2 symbol=. timestamp=18597484.929 duration=30.000 expected=18597483.372 skew=1.557 age=58.209
10-11 17:19:34.022 28938 29004 I ReactNativeJS: [outputs] playMorse.symbol {"timestamp":18597543.273112,"wallClock":1760217574022,"symbol":".","durationMs":30,"index":1,"source":"console.replay","correlationId":"console-replay:mgms3gjqkdcirygh","nativeTimestampMs":18597484.929,"nativeDurationMs":30,"nativeOffsetMs":58.29176799952984,"nativeSequence":2,"monotonicTimestampMs":18597484.929,"nativeExpectedTimestampMs":18597483.372,"nativeStartSkewMs":1.557,"nativeBatchElapsedMs":61.557,"nativeExpectedSincePriorMs":60,"nativeSincePriorMs":61.542,"nativePatternStartMs":18597423.372,"nativeAgeMs":58.209}
10-11 17:19:34.023 28938 29004 I ReactNativeJS: [outputs] outputs.hapticSymbol {"timestamp":18597543.774831,"wallClock":1760217574022,"enabled":true,"symbol":".","durationMs":30,"platform":"android","source":"console.replay","correlationId":"console-replay:mgms3gjqkdcirygh","timelineOffsetMs":58.29176799952984}
10-11 17:19:34.024 28938 32204 D OutputsAudio: [outputs-audio] start hz=700.0 gain=1.000 attack=2.50 release=6.00
10-11 17:19:34.024 28938 32204 D OutputsAudio: [outputs-audio] playMorse.symbol.start sequence=3 symbol=. expected=18597543.372 actual=18597545.797 skew=2.426 batchElapsed=122.426
10-11 17:19:34.026 28938 29004 I ReactNativeJS: [outputs] outputs.flashPulse {"timestamp":18597547.375768,"wallClock":1760217574026,"enabled":true,"durationMs":30,"source":"console.replay","correlationId":"console-replay:mgms3gjqkdcirygh","timelineOffsetMs":58.29176799952984,"schedulingMode":"timeline"}
10-11 17:19:34.026 28938 29004 D OutputsAudio: [outputs-audio] symbol.info sequence=3 symbol=. timestamp=18597545.797 duration=30.000 expected=18597543.372 skew=2.426 age=2.232
10-11 17:19:34.055 28938 32204 D OutputsAudio: [outputs-audio] stop gain=1.000 release=6.00
10-11 17:19:34.079 28938 29004 I ReactNativeJS: [outputs] playMorse.symbol {"timestamp":18597600.213372,"wallClock":1760217574079,"symbol":".","durationMs":30,"index":2,"source":"console.replay","correlationId":"console-replay:mgms3glb1qlk2zhd","nativeTimestampMs":18597545.797,"nativeDurationMs":30,"nativeOffsetMs":2.319445002824068,"nativeSequence":3,"monotonicTimestampMs":18597545.797,"nativeExpectedTimestampMs":18597543.372,"nativeStartSkewMs":2.426,"nativeBatchElapsedMs":122.426,"nativeExpectedSincePriorMs":60,"nativeSincePriorMs":60.869,"nativePatternStartMs":18597423.372,"nativeAgeMs":2.232}
10-11 17:19:34.079 28938 29004 I ReactNativeJS: [outputs] outputs.hapticSymbol {"timestamp":18597600.771706,"wallClock":1760217574079,"enabled":true,"symbol":".","durationMs":30,"platform":"android","source":"console.replay","correlationId":"console-replay:mgms3glb1qlk2zhd","timelineOffsetMs":2.319445002824068}
10-11 17:19:34.080 28938 29004 I ReactNativeJS: [outputs] outputs.flashPulse {"timestamp":18597601.502643,"wallClock":1760217574080,"enabled":true,"durationMs":30,"source":"console.replay","correlationId":"console-replay:mgms3glb1qlk2zhd","timelineOffsetMs":2.319445002824068,"schedulingMode":"timeline"}
10-11 17:19:34.086 28938 32204 D OutputsAudio: [outputs-audio] start hz=700.0 gain=1.000 attack=2.50 release=6.00
10-11 17:19:34.086 28938 32204 D OutputsAudio: [outputs-audio] playMorse.symbol.start sequence=4 symbol=- expected=18597603.372 actual=18597607.351 skew=3.980 batchElapsed=183.980
10-11 17:19:34.136 28938 29004 I ReactNativeJS: [outputs] outputs.flashPulse.commit {"timestamp":18597657.729778,"wallClock":1760217574136,"durationMs":30,"source":"console.replay","correlationId":"console-replay:mgms3gjqkdcirygh","latencyMs":114.50296900048852,"timelineOffsetMs":58.29176799952984,"leadMs":8,"scheduleSkewMs":122.50296900048852,"schedulingMode":"timeline"}
10-11 17:19:34.176 28938 32204 D OutputsAudio: [outputs-audio] stop gain=1.000 release=6.00
10-11 17:19:34.190 28938 29004 I ReactNativeJS: [outputs] outputs.flashPulse.commit {"timestamp":18597710.982174,"wallClock":1760217574189,"durationMs":30,"source":"console.replay","correlationId":"console-replay:mgms3glb1qlk2zhd","latencyMs":162.85968799889088,"timelineOffsetMs":2.319445002824068,"leadMs":8,"scheduleSkewMs":170.85968799889088,"schedulingMode":"timeline"}
10-11 17:19:34.207 28938 32204 D OutputsAudio: [outputs-audio] start hz=700.0 gain=1.000 attack=2.50 release=6.00
10-11 17:19:34.207 28938 32204 D OutputsAudio: [outputs-audio] playMorse.symbol.start sequence=5 symbol=- expected=18597723.372 actual=18597728.550 skew=5.178 batchElapsed=305.178
10-11 17:19:34.242 28938 29004 D OutputsAudio: [outputs-audio] symbol.info sequence=5 symbol=- timestamp=18597728.550 duration=90.000 expected=18597723.372 skew=5.178 age=35.412
10-11 17:19:34.243 28938 29004 W ReactNativeJS: '[outputs-audio] native sequence jump', { previous: 3, next: 5, delta: 2 }
10-11 17:19:34.243 28938 29004 I ReactNativeJS: [outputs] playMorse.symbol {"timestamp":18597764.660768,"wallClock":1760217574243,"symbol":"-","durationMs":90,"index":3,"source":"console.replay","correlationId":"console-replay:mgms3gpv44kjzxhc","nativeTimestampMs":18597728.55,"nativeDurationMs":90,"nativeOffsetMs":36.07279900088906,"nativeSequence":5,"monotonicTimestampMs":18597728.55,"nativeExpectedTimestampMs":18597723.372,"nativeStartSkewMs":5.178,"nativeBatchElapsedMs":305.178,"nativeExpectedSincePriorMs":120,"nativeSincePriorMs":121.198,"nativePatternStartMs":18597423.372,"nativeAgeMs":35.412}
10-11 17:19:34.244 28938 29004 I ReactNativeJS: [outputs] outputs.hapticSymbol {"timestamp":18597765.091341,"wallClock":1760217574243,"enabled":true,"symbol":"-","durationMs":90,"platform":"android","source":"console.replay","correlationId":"console-replay:mgms3gpv44kjzxhc","timelineOffsetMs":36.07279900088906}
10-11 17:19:34.244 28938 29004 I ReactNativeJS: [outputs] outputs.flashPulse {"timestamp":18597765.883685,"wallClock":1760217574244,"enabled":true,"durationMs":90,"source":"console.replay","correlationId":"console-replay:mgms3gpv44kjzxhc","timelineOffsetMs":36.07279900088906,"schedulingMode":"timeline"}
10-11 17:19:34.297 28938 32204 D OutputsAudio: [outputs-audio] stop gain=1.000 release=6.00
10-11 17:19:34.298 28938 29004 I ReactNativeJS: [outputs] outputs.flashPulse.commit {"timestamp":18597819.601133,"wallClock":1760217574298,"durationMs":90,"source":"console.replay","correlationId":"console-replay:mgms3gpv44kjzxhc","latencyMs":54.97140599787235,"timelineOffsetMs":36.07279900088906,"leadMs":8,"scheduleSkewMs":62.97140599787235,"schedulingMode":"timeline"}
10-11 17:19:34.328 28938 32204 D OutputsAudio: [outputs-audio] start hz=700.0 gain=1.000 attack=2.50 release=6.00
10-11 17:19:34.328 28938 32204 D OutputsAudio: [outputs-audio] playMorse.symbol.start sequence=6 symbol=- expected=18597843.372 actual=18597850.065 skew=6.693 batchElapsed=426.693
10-11 17:19:34.359 28938 29004 D OutputsAudio: [outputs-audio] symbol.info sequence=6 symbol=- timestamp=18597850.065 duration=90.000 expected=18597843.372 skew=6.693 age=30.093
10-11 17:19:34.359 28938 29004 I ReactNativeJS: [outputs] playMorse.symbol {"timestamp":18597880.30181,"wallClock":1760217574359,"symbol":"-","durationMs":90,"index":4,"source":"console.replay","correlationId":"console-replay:mgms3gt3gu6fvoqj","nativeTimestampMs":18597850.065,"nativeDurationMs":90,"nativeOffsetMs":30.18488200008869,"nativeSequence":6,"monotonicTimestampMs":18597850.065,"nativeExpectedTimestampMs":18597843.372,"nativeStartSkewMs":6.693,"nativeBatchElapsedMs":426.693,"nativeExpectedSincePriorMs":120,"nativeSincePriorMs":121.516,"nativePatternStartMs":18597423.372,"nativeAgeMs":30.093}
10-11 17:19:34.359 28938 29004 I ReactNativeJS: [outputs] outputs.hapticSymbol {"timestamp":18597880.790768,"wallClock":1760217574359,"enabled":true,"symbol":"-","durationMs":90,"platform":"android","source":"console.replay","correlationId":"console-replay:mgms3gt3gu6fvoqj","timelineOffsetMs":30.18488200008869}
10-11 17:19:34.360 28938 29004 I ReactNativeJS: [outputs] outputs.flashPulse {"timestamp":18597881.51556,"wallClock":1760217574360,"enabled":true,"durationMs":90,"source":"console.replay","correlationId":"console-replay:mgms3gt3gu6fvoqj","timelineOffsetMs":30.18488200008869,"schedulingMode":"timeline"}
10-11 17:19:34.419 28938 32204 D OutputsAudio: [outputs-audio] stop gain=1.000 release=6.00
10-11 17:19:34.431 28938 29004 I ReactNativeJS: [outputs] outputs.flashPulse.commit {"timestamp":18597952.281497,"wallClock":1760217574431,"durationMs":90,"source":"console.replay","correlationId":"console-replay:mgms3gt3gu6fvoqj","latencyMs":72.02463600039482,"timelineOffsetMs":30.18488200008869,"leadMs":8,"scheduleSkewMs":80.02463600039482,"schedulingMode":"timeline"}
10-11 17:19:34.450 28938 32204 D OutputsAudio: [outputs-audio] start hz=700.0 gain=1.000 attack=2.50 release=6.00
10-11 17:19:34.450 28938 32204 D OutputsAudio: [outputs-audio] playMorse.symbol.start sequence=7 symbol=. expected=18597963.372 actual=18597972.051 skew=8.679 batchElapsed=548.679
10-11 17:19:34.481 28938 32204 D OutputsAudio: [outputs-audio] stop gain=1.000 release=6.00
10-11 17:19:34.492 28938 29004 D OutputsAudio: [outputs-audio] symbol.info sequence=7 symbol=. timestamp=18597972.051 duration=30.000 expected=18597963.372 skew=8.679 age=41.207
10-11 17:19:34.492 28938 29004 I ReactNativeJS: [outputs] playMorse.symbol {"timestamp":18598013.400455,"wallClock":1760217574492,"symbol":"-","durationMs":90,"index":5,"source":"console.replay","correlationId":"console-replay:mgms3gws4i7tvra3","nativeTimestampMs":18597972.051,"nativeDurationMs":30,"nativeOffsetMs":41.29252799972892,"nativeSequence":7,"monotonicTimestampMs":18597972.051,"nativeExpectedTimestampMs":18597963.372,"nativeStartSkewMs":8.679,"nativeBatchElapsedMs":548.679,"nativeExpectedSincePriorMs":120,"nativeSincePriorMs":121.986,"nativePatternStartMs":18597423.372,"nativeAgeMs":41.207}
10-11 17:19:34.493 28938 29004 I ReactNativeJS: [outputs] outputs.hapticSymbol {"timestamp":18598013.96608,"wallClock":1760217574492,"enabled":true,"symbol":"-","durationMs":90,"platform":"android","source":"console.replay","correlationId":"console-replay:mgms3gws4i7tvra3","timelineOffsetMs":41.29252799972892}
10-11 17:19:34.494 28938 29004 I ReactNativeJS: [outputs] outputs.flashPulse {"timestamp":18598014.85556,"wallClock":1760217574493,"enabled":true,"durationMs":90,"source":"console.replay","correlationId":"console-replay:mgms3gws4i7tvra3","timelineOffsetMs":41.29252799972892,"schedulingMode":"timeline"}
10-11 17:19:34.513 28938 32204 D OutputsAudio: [outputs-audio] start hz=700.0 gain=1.000 attack=2.50 release=6.00
10-11 17:19:34.513 28938 32204 D OutputsAudio: [outputs-audio] playMorse.symbol.start sequence=8 symbol=. expected=18598023.372 actual=18598034.397 skew=11.026 batchElapsed=611.026
10-11 17:19:34.544 28938 32204 D OutputsAudio: [outputs-audio] stop gain=1.000 release=6.00
10-11 17:19:34.561 28938 29004 I ReactNativeJS: [outputs] outputs.flashPulse.commit {"timestamp":18598082.700351,"wallClock":1760217574561,"durationMs":90,"source":"console.replay","correlationId":"console-replay:mgms3gws4i7tvra3","latencyMs":69.35005200281739,"timelineOffsetMs":41.29252799972892,"leadMs":8,"scheduleSkewMs":77.35005200281739,"schedulingMode":"timeline"}
10-11 17:19:34.575 28938 32204 D OutputsAudio: [outputs-audio] start hz=700.0 gain=1.000 attack=2.50 release=6.00
10-11 17:19:34.575 28938 32204 D OutputsAudio: [outputs-audio] playMorse.symbol.start sequence=9 symbol=. expected=18598083.372 actual=18598096.747 skew=13.375 batchElapsed=673.375
10-11 17:19:34.606 28938 32204 D OutputsAudio: [outputs-audio] stop gain=1.000 release=6.00
10-11 17:19:34.622 28938 29004 D OutputsAudio: [outputs-audio] symbol.info sequence=9 symbol=. timestamp=18598096.747 duration=30.000 expected=18598083.372 skew=13.375 age=46.611
10-11 17:19:34.622 28938 29004 W ReactNativeJS: '[outputs-audio] native sequence jump', { previous: 7, next: 9, delta: 2 }
10-11 17:19:34.623 28938 29004 I ReactNativeJS: [outputs] playMorse.symbol {"timestamp":18598144.117018,"wallClock":1760217574622,"symbol":".","durationMs":30,"index":6,"source":"console.replay","correlationId":"console-replay:mgms3h0exasf9eti","nativeTimestampMs":18598096.747,"nativeDurationMs":30,"nativeOffsetMs":47.312881998717785,"nativeSequence":9,"monotonicTimestampMs":18598096.747,"nativeExpectedTimestampMs":18598083.372,"nativeStartSkewMs":13.375,"nativeBatchElapsedMs":673.375,"nativeExpectedSincePriorMs":60,"nativeSincePriorMs":62.35,"nativePatternStartMs":18597423.372,"nativeAgeMs":46.611}
10-11 17:19:34.623 28938 29004 I ReactNativeJS: [outputs] outputs.hapticSymbol {"timestamp":18598144.623737,"wallClock":1760217574623,"enabled":true,"symbol":".","durationMs":30,"platform":"android","source":"console.replay","correlationId":"console-replay:mgms3h0exasf9eti","timelineOffsetMs":47.312881998717785}
10-11 17:19:34.624 28938 29004 I ReactNativeJS: [outputs] outputs.flashPulse {"timestamp":18598145.468684,"wallClock":1760217574624,"enabled":true,"durationMs":30,"source":"console.replay","correlationId":"console-replay:mgms3h0exasf9eti","timelineOffsetMs":47.312881998717785,"schedulingMode":"timeline"}
10-11 17:19:34.637 28938 32204 D OutputsAudio: [outputs-audio] start hz=700.0 gain=1.000 attack=2.50 release=6.00
10-11 17:19:34.637 28938 32204 D OutputsAudio: [outputs-audio] playMorse.symbol.start sequence=10 symbol=- expected=18598143.372 actual=18598158.326 skew=14.954 batchElapsed=734.954
10-11 17:19:34.693 28938 29004 I ReactNativeJS: [outputs] outputs.flashPulse.commit {"timestamp":18598214.340143,"wallClock":1760217574693,"durationMs":30,"source":"console.replay","correlationId":"console-replay:mgms3h0exasf9eti","latencyMs":70.27187500149012,"timelineOffsetMs":47.312881998717785,"leadMs":8,"scheduleSkewMs":78.27187500149012,"schedulingMode":"timeline"}
10-11 17:19:34.727 28938 32204 D OutputsAudio: [outputs-audio] stop gain=1.000 release=6.00
10-11 17:19:34.747 28938 29004 D OutputsAudio: [outputs-audio] symbol.info sequence=10 symbol=- timestamp=18598158.326 duration=90.000 expected=18598143.372 skew=14.954 age=109.802
10-11 17:19:34.747 28938 29004 I ReactNativeJS: [outputs] playMorse.symbol {"timestamp":18598268.270507,"wallClock":1760217574747,"symbol":".","durationMs":30,"index":7,"source":"console.replay","correlationId":"console-replay:mgms3h3vsa9qgyjd","nativeTimestampMs":18598158.326,"nativeDurationMs":90,"nativeOffsetMs":109.89065299928188,"nativeSequence":10,"monotonicTimestampMs":18598158.326,"nativeExpectedTimestampMs":18598143.372,"nativeStartSkewMs":14.954,"nativeBatchElapsedMs":734.954,"nativeExpectedSincePriorMs":60,"nativeSincePriorMs":61.579,"nativePatternStartMs":18597423.372,"nativeAgeMs":109.802}
10-11 17:19:34.748 28938 29004 I ReactNativeJS: [outputs] playMorse.nativeOffset.spike {"timestamp":18598268.830039,"wallClock":1760217574747,"source":"console.replay","offsetMs":109.89065299928188,"sequence":10,"unitMs":30,"correlationId":"console-replay:mgms3h3vsa9qgyjd","startSkewMs":14.954,"batchElapsedMs":734.954,"ageMs":109.802}
10-11 17:19:34.748 28938 29004 I ReactNativeJS: [outputs] outputs.hapticSymbol {"timestamp":18598269.224049,"wallClock":1760217574748,"enabled":true,"symbol":".","durationMs":30,"platform":"android","source":"console.replay","correlationId":"console-replay:mgms3h3vsa9qgyjd","timelineOffsetMs":109.89065299928188}
10-11 17:19:34.749 28938 29004 I ReactNativeJS: [outputs] outputs.flashPulse {"timestamp":18598270.09608,"wallClock":1760217574748,"enabled":true,"durationMs":30,"source":"console.replay","correlationId":"console-replay:mgms3h3vsa9qgyjd","timelineOffsetMs":109.89065299928188,"schedulingMode":"timeline"}
10-11 17:19:34.758 28938 32204 D OutputsAudio: [outputs-audio] start hz=700.0 gain=1.000 attack=2.50 release=6.00
10-11 17:19:34.758 28938 32204 D OutputsAudio: [outputs-audio] playMorse.symbol.start sequence=11 symbol=- expected=18598263.372 actual=18598279.315 skew=15.944 batchElapsed=855.944
10-11 17:19:34.822 28938 29004 I ReactNativeJS: [outputs] outputs.flashPulse.commit {"timestamp":18598343.615716,"wallClock":1760217574822,"durationMs":30,"source":"console.replay","correlationId":"console-replay:mgms3h3vsa9qgyjd","latencyMs":75.39234399795532,"timelineOffsetMs":109.89065299928188,"leadMs":8,"scheduleSkewMs":83.39234399795532,"schedulingMode":"timeline"}
10-11 17:19:34.848 28938 32204 D OutputsAudio: [outputs-audio] stop gain=1.000 release=6.00
10-11 17:19:34.875 28938 29004 D OutputsAudio: [outputs-audio] symbol.info sequence=11 symbol=- timestamp=18598279.315 duration=90.000 expected=18598263.372 skew=15.944 age=116.924
10-11 17:19:34.875 28938 29004 I ReactNativeJS: [outputs] playMorse.symbol {"timestamp":18598396.37207,"wallClock":1760217574875,"symbol":".","durationMs":30,"index":8,"source":"console.replay","correlationId":"console-replay:mgms3h7fwoh9lc1k","nativeTimestampMs":18598279.315,"nativeDurationMs":90,"nativeOffsetMs":117.00300699844956,"nativeSequence":11,"monotonicTimestampMs":18598279.315,"nativeExpectedTimestampMs":18598263.372,"nativeStartSkewMs":15.944,"nativeBatchElapsedMs":855.944,"nativeExpectedSincePriorMs":120,"nativeSincePriorMs":120.989,"nativePatternStartMs":18597423.372,"nativeAgeMs":116.924}
10-11 17:19:34.876 28938 29004 I ReactNativeJS: [outputs] playMorse.nativeOffset.spike {"timestamp":18598396.902799,"wallClock":1760217574875,"source":"console.replay","offsetMs":117.00300699844956,"sequence":11,"unitMs":30,"correlationId":"console-replay:mgms3h7fwoh9lc1k","startSkewMs":15.944,"batchElapsedMs":855.944,"ageMs":116.924}
10-11 17:19:34.876 28938 29004 I ReactNativeJS: [outputs] outputs.hapticSymbol {"timestamp":18598397.294674,"wallClock":1760217574876,"enabled":true,"symbol":".","durationMs":30,"platform":"android","source":"console.replay","correlationId":"console-replay:mgms3h7fwoh9lc1k","timelineOffsetMs":117.00300699844956}
10-11 17:19:34.877 28938 29004 I ReactNativeJS: [outputs] outputs.flashPulse {"timestamp":18598398.16082,"wallClock":1760217574877,"enabled":true,"durationMs":30,"source":"console.replay","correlationId":"console-replay:mgms3h7fwoh9lc1k","timelineOffsetMs":117.00300699844956,"schedulingMode":"timeline"}
10-11 17:19:34.878 28938 32204 D OutputsAudio: [outputs-audio] start hz=700.0 gain=1.000 attack=2.50 release=6.00
10-11 17:19:34.879 28938 32204 D OutputsAudio: [outputs-audio] playMorse.symbol.start sequence=12 symbol=- expected=18598383.372 actual=18598400.345 skew=16.973 batchElapsed=976.973
10-11 17:19:34.941 28938 29004 I ReactNativeJS: [outputs] outputs.flashPulse.commit {"timestamp":18598462.60832,"wallClock":1760217574941,"durationMs":30,"source":"console.replay","correlationId":"console-replay:mgms3h7fwoh9lc1k","latencyMs":66.28416699916124,"timelineOffsetMs":117.00300699844956,"leadMs":8,"scheduleSkewMs":74.28416699916124,"schedulingMode":"timeline"}
10-11 17:19:34.969 28938 32204 D OutputsAudio: [outputs-audio] stop gain=1.000 release=6.00
10-11 17:19:34.999 28938 29004 D OutputsAudio: [outputs-audio] symbol.info sequence=12 symbol=- timestamp=18598400.345 duration=90.000 expected=18598383.372 skew=16.973 age=120.068
10-11 17:19:34.999 28938 29004 I ReactNativeJS: [outputs] playMorse.symbol {"timestamp":18598520.55483,"wallClock":1760217574999,"symbol":"-","durationMs":90,"index":9,"source":"console.replay","correlationId":"console-replay:mgms3havu15fd2q1","nativeTimestampMs":18598400.345,"nativeDurationMs":90,"nativeOffsetMs":120.1541010029614,"nativeSequence":12,"monotonicTimestampMs":18598400.345,"nativeExpectedTimestampMs":18598383.372,"nativeStartSkewMs":16.973,"nativeBatchElapsedMs":976.973,"nativeExpectedSincePriorMs":120,"nativeSincePriorMs":121.029,"nativePatternStartMs":18597423.372,"nativeAgeMs":120.068}
10-11 17:19:35.000 28938 29004 I ReactNativeJS: [outputs] playMorse.nativeOffset.spike {"timestamp":18598521.095716,"wallClock":1760217574999,"source":"console.replay","offsetMs":120.1541010029614,"sequence":12,"unitMs":30,"correlationId":"console-replay:mgms3havu15fd2q1","startSkewMs":16.973,"batchElapsedMs":976.973,"ageMs":120.068}
10-11 17:19:35.000 28938 32204 D OutputsAudio: [outputs-audio] start hz=700.0 gain=1.000 attack=2.50 release=6.00
10-11 17:19:35.000 28938 32204 D OutputsAudio: [outputs-audio] playMorse.symbol.start sequence=13 symbol=. expected=18598503.372 actual=18598521.554 skew=18.182 batchElapsed=1098.182
10-11 17:19:35.000 28938 29004 I ReactNativeJS: [outputs] outputs.hapticSymbol {"timestamp":18598521.463736,"wallClock":1760217575000,"enabled":true,"symbol":"-","durationMs":90,"platform":"android","source":"console.replay","correlationId":"console-replay:mgms3havu15fd2q1","timelineOffsetMs":120.1541010029614}
10-11 17:19:35.001 28938 29004 I ReactNativeJS: [outputs] outputs.flashPulse {"timestamp":18598522.320299,"wallClock":1760217575001,"enabled":true,"durationMs":90,"source":"console.replay","correlationId":"console-replay:mgms3havu15fd2q1","timelineOffsetMs":120.1541010029614,"schedulingMode":"timeline"}
10-11 17:19:35.001 28938 29004 D OutputsAudio: [outputs-audio] symbol.info sequence=13 symbol=. timestamp=18598521.554 duration=30.000 expected=18598503.372 skew=18.182 age=1.247
10-11 17:19:35.030 28938 32204 D OutputsAudio: [outputs-audio] stop gain=1.000 release=6.00
10-11 17:19:35.061 28938 32204 D OutputsAudio: [outputs-audio] start hz=700.0 gain=1.000 attack=2.50 release=6.00
10-11 17:19:35.061 28938 32204 D OutputsAudio: [outputs-audio] playMorse.symbol.start sequence=14 symbol=. expected=18598563.372 actual=18598583.099 skew=19.727 batchElapsed=1159.727
10-11 17:19:35.064 28938 29004 I ReactNativeJS: [outputs] playMorse.symbol {"timestamp":18598584.897018,"wallClock":1760217575063,"symbol":"-","durationMs":90,"index":10,"source":"console.replay","correlationId":"console-replay:mgms3hcnr2micf6w","nativeTimestampMs":18598521.554,"nativeDurationMs":30,"nativeOffsetMs":1.2966629974544048,"nativeSequence":13,"monotonicTimestampMs":18598521.554,"nativeExpectedTimestampMs":18598503.372,"nativeStartSkewMs":18.182,"nativeBatchElapsedMs":1098.182,"nativeExpectedSincePriorMs":120,"nativeSincePriorMs":121.21,"nativePatternStartMs":18597423.372,"nativeAgeMs":1.247}
10-11 17:19:35.064 28938 29004 I ReactNativeJS: [outputs] outputs.hapticSymbol {"timestamp":18598585.487538,"wallClock":1760217575064,"enabled":true,"symbol":"-","durationMs":90,"platform":"android","source":"console.replay","correlationId":"console-replay:mgms3hcnr2micf6w","timelineOffsetMs":1.2966629974544048}
10-11 17:19:35.065 28938 29004 I ReactNativeJS: [outputs] outputs.flashPulse {"timestamp":18598586.294257,"wallClock":1760217575065,"enabled":true,"durationMs":90,"source":"console.replay","correlationId":"console-replay:mgms3hcnr2micf6w","timelineOffsetMs":1.2966629974544048,"schedulingMode":"timeline"}
10-11 17:19:35.065 28938 29004 D OutputsAudio: [outputs-audio] symbol.info sequence=14 symbol=. timestamp=18598583.099 duration=30.000 expected=18598563.372 skew=19.727 age=3.582
10-11 17:19:35.092 28938 32204 D OutputsAudio: [outputs-audio] stop gain=1.000 release=6.00
10-11 17:19:35.123 28938 32204 D OutputsAudio: [outputs-audio] start hz=700.0 gain=1.000 attack=2.50 release=6.00
10-11 17:19:35.123 28938 32204 D OutputsAudio: [outputs-audio] playMorse.symbol.start sequence=15 symbol=. expected=18598623.372 actual=18598645.074 skew=21.702 batchElapsed=1221.702
10-11 17:19:35.128 28938 29004 I ReactNativeJS: [outputs] playMorse.symbol {"timestamp":18598649.09483,"wallClock":1760217575127,"symbol":"-","durationMs":90,"index":11,"source":"console.replay","correlationId":"console-replay:mgms3hefu0s1m3p5","nativeTimestampMs":18598583.099,"nativeDurationMs":30,"nativeOffsetMs":3.640726000070572,"nativeSequence":14,"monotonicTimestampMs":18598583.099,"nativeExpectedTimestampMs":18598563.372,"nativeStartSkewMs":19.727,"nativeBatchElapsedMs":1159.727,"nativeExpectedSincePriorMs":60,"nativeSincePriorMs":61.545,"nativePatternStartMs":18597423.372,"nativeAgeMs":3.582}
10-11 17:19:35.128 28938 29004 I ReactNativeJS: [outputs] outputs.hapticSymbol {"timestamp":18598649.687382,"wallClock":1760217575128,"enabled":true,"symbol":"-","durationMs":90,"platform":"android","source":"console.replay","correlationId":"console-replay:mgms3hefu0s1m3p5","timelineOffsetMs":3.640726000070572}
10-11 17:19:35.129 28938 29004 I ReactNativeJS: [outputs] outputs.flashPulse {"timestamp":18598650.518736,"wallClock":1760217575129,"enabled":true,"durationMs":90,"source":"console.replay","correlationId":"console-replay:mgms3hefu0s1m3p5","timelineOffsetMs":3.640726000070572,"schedulingMode":"timeline"}
10-11 17:19:35.129 28938 29004 D OutputsAudio: [outputs-audio] symbol.info sequence=15 symbol=. timestamp=18598645.074 duration=30.000 expected=18598623.372 skew=21.702 age=5.849
10-11 17:19:35.155 28938 32204 D OutputsAudio: [outputs-audio] stop gain=1.000 release=6.00
10-11 17:19:35.185 28938 32204 D OutputsAudio: [outputs-audio] start hz=700.0 gain=1.000 attack=2.50 release=6.00
10-11 17:19:35.185 28938 32204 D OutputsAudio: [outputs-audio] playMorse.symbol.start sequence=16 symbol=- expected=18598683.372 actual=18598706.546 skew=23.175 batchElapsed=1283.175
10-11 17:19:35.189 28938 29004 I ReactNativeJS: [outputs] playMorse.symbol {"timestamp":18598709.985143,"wallClock":1760217575188,"symbol":".","durationMs":30,"index":12,"source":"console.replay","correlationId":"console-replay:mgms3hg4ehd2tc3s","nativeTimestampMs":18598645.074,"nativeDurationMs":30,"nativeOffsetMs":5.906819999217987,"nativeSequence":15,"monotonicTimestampMs":18598645.074,"nativeExpectedTimestampMs":18598623.372,"nativeStartSkewMs":21.702,"nativeBatchElapsedMs":1221.702,"nativeExpectedSincePriorMs":60,"nativeSincePriorMs":61.975,"nativePatternStartMs":18597423.372,"nativeAgeMs":5.849}
10-11 17:19:35.189 28938 29004 I ReactNativeJS: [outputs] outputs.hapticSymbol {"timestamp":18598710.553893,"wallClock":1760217575189,"enabled":true,"symbol":".","durationMs":30,"platform":"android","source":"console.replay","correlationId":"console-replay:mgms3hg4ehd2tc3s","timelineOffsetMs":5.906819999217987}
10-11 17:19:35.190 28938 29004 I ReactNativeJS: [outputs] outputs.flashPulse {"timestamp":18598711.425715,"wallClock":1760217575190,"enabled":true,"durationMs":30,"source":"console.replay","correlationId":"console-replay:mgms3hg4ehd2tc3s","timelineOffsetMs":5.906819999217987,"schedulingMode":"timeline"}
10-11 17:19:35.190 28938 29004 D OutputsAudio: [outputs-audio] symbol.info sequence=16 symbol=- timestamp=18598706.546 duration=90.000 expected=18598683.372 skew=23.175 age=5.269
10-11 17:19:35.250 28938 29004 I ReactNativeJS: [outputs] playMorse.symbol {"timestamp":18598771.202643,"wallClock":1760217575250,"symbol":".","durationMs":30,"index":13,"source":"console.replay","correlationId":"console-replay:mgms3hhuwgpt3y1g","nativeTimestampMs":18598706.546,"nativeDurationMs":90,"nativeOffsetMs":5.3313819989562035,"nativeSequence":16,"monotonicTimestampMs":18598706.546,"nativeExpectedTimestampMs":18598683.372,"nativeStartSkewMs":23.175,"nativeBatchElapsedMs":1283.175,"nativeExpectedSincePriorMs":60,"nativeSincePriorMs":61.473,"nativePatternStartMs":18597423.372,"nativeAgeMs":5.269}
10-11 17:19:35.251 28938 29004 I ReactNativeJS: [outputs] outputs.hapticSymbol {"timestamp":18598771.783684,"wallClock":1760217575250,"enabled":true,"symbol":".","durationMs":30,"platform":"android","source":"console.replay","correlationId":"console-replay:mgms3hhuwgpt3y1g","timelineOffsetMs":5.3313819989562035}
10-11 17:19:35.251 28938 29004 I ReactNativeJS: [outputs] outputs.flashPulse {"timestamp":18598772.647538,"wallClock":1760217575251,"enabled":true,"durationMs":30,"source":"console.replay","correlationId":"console-replay:mgms3hhuwgpt3y1g","timelineOffsetMs":5.3313819989562035,"schedulingMode":"timeline"}
10-11 17:19:35.275 28938 32204 D OutputsAudio: [outputs-audio] stop gain=1.000 release=6.00
10-11 17:19:35.306 28938 32204 D OutputsAudio: [outputs-audio] start hz=700.0 gain=1.000 attack=2.50 release=6.00
10-11 17:19:35.306 28938 32204 D OutputsAudio: [outputs-audio] playMorse.symbol.start sequence=17 symbol=- expected=18598803.372 actual=18598827.644 skew=24.272 batchElapsed=1404.272
10-11 17:19:35.315 28938 29004 I ReactNativeJS: [outputs] outputs.flashPulse.commit {"timestamp":18598836.409934,"wallClock":1760217575315,"durationMs":90,"source":"console.replay","correlationId":"console-replay:mgms3havu15fd2q1","latencyMs":315.9030209966004,"timelineOffsetMs":120.1541010029614,"leadMs":8,"scheduleSkewMs":323.9030209966004,"schedulingMode":"timeline"}
10-11 17:19:35.369 28938 29004 I ReactNativeJS: [outputs] outputs.flashPulse.commit {"timestamp":18598890.028632,"wallClock":1760217575368,"durationMs":90,"source":"console.replay","correlationId":"console-replay:mgms3hcnr2micf6w","latencyMs":367.17151100188494,"timelineOffsetMs":1.2966629974544048,"leadMs":8,"scheduleSkewMs":375.17151100188494,"schedulingMode":"timeline"}
10-11 17:19:35.397 28938 32204 D OutputsAudio: [outputs-audio] stop gain=1.000 release=6.00
10-11 17:19:35.421 28938 29004 I ReactNativeJS: [outputs] outputs.flashPulse.commit {"timestamp":18598942.602695,"wallClock":1760217575421,"durationMs":90,"source":"console.replay","correlationId":"console-replay:mgms3hefu0s1m3p5","latencyMs":355.8557810001075,"timelineOffsetMs":3.640726000070572,"leadMs":8,"scheduleSkewMs":363.8557810001075,"schedulingMode":"timeline"}
10-11 17:19:35.428 28938 32204 D OutputsAudio: [outputs-audio] start hz=700.0 gain=1.000 attack=2.50 release=6.00
10-11 17:19:35.428 28938 32204 D OutputsAudio: [outputs-audio] playMorse.symbol.start sequence=18 symbol=- expected=18598923.372 actual=18598949.381 skew=26.009 batchElapsed=1526.009
10-11 17:19:35.475 28938 29004 I ReactNativeJS: [outputs] outputs.flashPulse.commit {"timestamp":18598995.82957,"wallClock":1760217575474,"durationMs":30,"source":"console.replay","correlationId":"console-replay:mgms3hg4ehd2tc3s","latencyMs":344.8422910012305,"timelineOffsetMs":5.906819999217987,"leadMs":8,"scheduleSkewMs":352.8422910012305,"schedulingMode":"timeline"}
10-11 17:19:35.519 28938 32204 D OutputsAudio: [outputs-audio] stop gain=1.000 release=6.00
10-11 17:19:35.549 28938 32204 D OutputsAudio: [outputs-audio] start hz=700.0 gain=1.000 attack=2.50 release=6.00
10-11 17:19:35.549 28938 32204 D OutputsAudio: [outputs-audio] playMorse.symbol.start sequence=19 symbol=. expected=18599043.372 actual=18599070.696 skew=27.324 batchElapsed=1647.324
10-11 17:19:35.580 28938 32204 D OutputsAudio: [outputs-audio] stop gain=1.000 release=6.00
10-11 17:19:35.596 28938 29004 I ReactNativeJS: [outputs] outputs.flashPulse.commit {"timestamp":18599070.715872,"wallClock":1760217575549,"durationMs":30,"source":"console.replay","correlationId":"console-replay:mgms3hhuwgpt3y1g","latencyMs":358.8301560021937,"timelineOffsetMs":5.3313819989562035,"leadMs":8,"scheduleSkewMs":366.8301560021937,"schedulingMode":"timeline"}
10-11 17:19:35.611 28938 32204 D OutputsAudio: [outputs-audio] start hz=700.0 gain=1.000 attack=2.50 release=6.00
10-11 17:19:35.611 28938 32204 D OutputsAudio: [outputs-audio] playMorse.symbol.start sequence=20 symbol=. expected=18599103.372 actual=18599132.705 skew=29.333 batchElapsed=1709.333
10-11 17:19:35.641 28938 32204 D OutputsAudio: [outputs-audio] stop gain=1.000 release=6.00
10-11 17:19:35.659 28938 29004 D OutputsAudio: [outputs-audio] symbol.info sequence=20 symbol=. timestamp=18599132.705 duration=30.000 expected=18599103.372 skew=29.333 age=47.476
10-11 17:19:35.659 28938 29004 W ReactNativeJS: '[outputs-audio] native sequence jump', { previous: 16, next: 20, delta: 4 }
10-11 17:19:35.660 28938 29004 I ReactNativeJS: [outputs] playMorse.symbol {"timestamp":18599180.965142,"wallClock":1760217575659,"symbol":".","durationMs":30,"index":14,"source":"console.replay","correlationId":"console-replay:mgms3ht75k4tq8ch","nativeTimestampMs":18599132.705,"nativeDurationMs":30,"nativeOffsetMs":48.215819001197815,"nativeSequence":20,"monotonicTimestampMs":18599132.705,"nativeExpectedTimestampMs":18599103.372,"nativeStartSkewMs":29.333,"nativeBatchElapsedMs":1709.333,"nativeExpectedSincePriorMs":60,"nativeSincePriorMs":62.009,"nativePatternStartMs":18597423.372,"nativeAgeMs":47.476}
10-11 17:19:35.660 28938 29004 I ReactNativeJS: [outputs] outputs.hapticSymbol {"timestamp":18599181.443944,"wallClock":1760217575660,"enabled":true,"symbol":".","durationMs":30,"platform":"android","source":"console.replay","correlationId":"console-replay:mgms3ht75k4tq8ch","timelineOffsetMs":48.215819001197815}
10-11 17:19:35.661 28938 29004 I ReactNativeJS: [outputs] outputs.flashPulse {"timestamp":18599182.389257,"wallClock":1760217575661,"enabled":true,"durationMs":30,"source":"console.replay","correlationId":"console-replay:mgms3ht75k4tq8ch","timelineOffsetMs":48.215819001197815,"schedulingMode":"timeline"}
10-11 17:19:35.672 28938 32204 D OutputsAudio: [outputs-audio] start hz=700.0 gain=1.000 attack=2.50 release=6.00
10-11 17:19:35.672 28938 32204 D OutputsAudio: [outputs-audio] playMorse.symbol.start sequence=21 symbol=. expected=18599163.372 actual=18599194.051 skew=30.679 batchElapsed=1770.679
10-11 17:19:35.703 28938 32204 D OutputsAudio: [outputs-audio] stop gain=1.000 release=6.00
10-11 17:19:35.734 28938 32204 D OutputsAudio: [outputs-audio] start hz=700.0 gain=1.000 attack=2.50 release=6.00
10-11 17:19:35.734 28938 32204 D OutputsAudio: [outputs-audio] playMorse.symbol.start sequence=22 symbol=- expected=18599223.372 actual=18599255.289 skew=31.917 batchElapsed=1831.917
10-11 17:19:35.734 28938 29004 I ReactNativeJS: [outputs] outputs.flashPulse.commit {"timestamp":18599255.385976,"wallClock":1760217575734,"durationMs":30,"source":"console.replay","correlationId":"console-replay:mgms3ht75k4tq8ch","latencyMs":74.45817800238729,"timelineOffsetMs":48.215819001197815,"leadMs":8,"scheduleSkewMs":82.45817800238729,"schedulingMode":"timeline"}
10-11 17:19:35.807 28938 29004 D OutputsAudio: [outputs-audio] symbol.info sequence=22 symbol=- timestamp=18599255.289 duration=90.000 expected=18599223.372 skew=31.917 age=73.207
10-11 17:19:35.808 28938 29004 W ReactNativeJS: '[outputs-audio] native sequence jump', { previous: 20, next: 22, delta: 2 }
10-11 17:19:35.808 28938 29004 I ReactNativeJS: [outputs] playMorse.symbol {"timestamp":18599329.274361,"wallClock":1760217575808,"symbol":"-","durationMs":90,"index":15,"source":"console.replay","correlationId":"console-replay:mgms3hxcn7b9h2v1","nativeTimestampMs":18599255.289,"nativeDurationMs":90,"nativeOffsetMs":73.9375489987433,"nativeSequence":22,"monotonicTimestampMs":18599255.289,"nativeExpectedTimestampMs":18599223.372,"nativeStartSkewMs":31.917,"nativeBatchElapsedMs":1831.917,"nativeExpectedSincePriorMs":60,"nativeSincePriorMs":61.238,"nativePatternStartMs":18597423.372,"nativeAgeMs":73.207}
10-11 17:19:35.808 28938 29004 I ReactNativeJS: [outputs] outputs.hapticSymbol {"timestamp":18599329.758788,"wallClock":1760217575808,"enabled":true,"symbol":"-","durationMs":90,"platform":"android","source":"console.replay","correlationId":"console-replay:mgms3hxcn7b9h2v1","timelineOffsetMs":73.9375489987433}
10-11 17:19:35.809 28938 29004 I ReactNativeJS: [outputs] outputs.flashPulse {"timestamp":18599330.666601,"wallClock":1760217575809,"enabled":true,"durationMs":90,"source":"console.replay","correlationId":"console-replay:mgms3hxcn7b9h2v1","timelineOffsetMs":73.9375489987433,"schedulingMode":"timeline"}
10-11 17:19:35.824 28938 32204 D OutputsAudio: [outputs-audio] stop gain=1.000 release=6.00
10-11 17:19:35.854 28938 32204 D OutputsAudio: [outputs-audio] start hz=700.0 gain=1.000 attack=2.50 release=6.00
10-11 17:19:35.854 28938 32204 D OutputsAudio: [outputs-audio] playMorse.symbol.start sequence=23 symbol=- expected=18599343.372 actual=18599376.088 skew=32.716 batchElapsed=1952.716
10-11 17:19:35.879 28938 29004 I ReactNativeJS: [outputs] outputs.flashPulse.commit {"timestamp":18599400.086392,"wallClock":1760217575878,"durationMs":90,"source":"console.replay","correlationId":"console-replay:mgms3hxcn7b9h2v1","latencyMs":70.85197899863124,"timelineOffsetMs":73.9375489987433,"leadMs":8,"scheduleSkewMs":78.85197899863124,"schedulingMode":"timeline"}
10-11 17:19:35.932 28938 29004 D OutputsAudio: [outputs-audio] symbol.info sequence=23 symbol=- timestamp=18599376.088 duration=90.000 expected=18599343.372 skew=32.716 age=77.562
10-11 17:19:35.933 28938 29004 I ReactNativeJS: [outputs] playMorse.symbol {"timestamp":18599453.816236,"wallClock":1760217575932,"symbol":"-","durationMs":90,"index":16,"source":"console.replay","correlationId":"console-replay:mgms3i0s4d2snmqx","nativeTimestampMs":18599376.088,"nativeDurationMs":90,"nativeOffsetMs":77.67094400152564,"nativeSequence":23,"monotonicTimestampMs":18599376.088,"nativeExpectedTimestampMs":18599343.372,"nativeStartSkewMs":32.716,"nativeBatchElapsedMs":1952.716,"nativeExpectedSincePriorMs":120,"nativeSincePriorMs":120.799,"nativePatternStartMs":18597423.372,"nativeAgeMs":77.562}
10-11 17:19:35.933 28938 29004 I ReactNativeJS: [outputs] outputs.hapticSymbol {"timestamp":18599454.384621,"wallClock":1760217575933,"enabled":true,"symbol":"-","durationMs":90,"platform":"android","source":"console.replay","correlationId":"console-replay:mgms3i0s4d2snmqx","timelineOffsetMs":77.67094400152564}
10-11 17:19:35.934 28938 29004 I ReactNativeJS: [outputs] outputs.flashPulse {"timestamp":18599455.300351,"wallClock":1760217575934,"enabled":true,"durationMs":90,"source":"console.replay","correlationId":"console-replay:mgms3i0s4d2snmqx","timelineOffsetMs":77.67094400152564,"schedulingMode":"timeline"}
10-11 17:19:35.945 28938 32204 D OutputsAudio: [outputs-audio] stop gain=1.000 release=6.00
