10-11 18:14:58.857 21460 21538 I ReactNativeJS: [outputs] outputs.hapticSymbol {"timestamp":21885035.969306,"wallClock":1760220898857,"enabled":true,"symbol":".","durationMs":60,"platform":"android","source":"console.replay","correlationId":"console-replay:mgmu2q08tf3c44r2","timelineOffsetMs":14.344523999840021}
10-11 18:14:58.858 21460 21538 I ReactNativeJS: [outputs] outputs.flashPulse {"timestamp":21885036.581285,"wallClock":1760220898857,"enabled":true,"durationMs":60,"source":"console.replay","correlationId":"console-replay:mgmu2q08tf3c44r2","timelineOffsetMs":14.344523999840021,"schedulingMode":"timeline","audioStartHeadroomMs":-35.539273999631405,"audioStartGuard":"headroom","audioStartCompensationMs":35.539273999631405}
10-11 18:14:58.902 21460 21793 D OutputsAudio: [outputs-audio] stop gain=1.000 release=6.00
10-11 18:14:58.909 21460 21538 I ReactNativeJS: [outputs] outputs.flashPulse.commit {"timestamp":21885087.651389,"wallClock":1760220898909,"durationMs":60,"source":"console.replay","correlationId":"console-replay:mgmu2q08tf3c44r2","latencyMs":52.16395900025964,"timelineOffsetMs":14.344523999840021,"leadMs":8,"scheduleSkewMs":51.068750001490116,"schedulingMode":"timeline","audioStartHeadroomMs":-35.539273999631405,"audioStartGuard":"headroom","audioStartCompensationMs":35.539273999631405}
10-11 18:14:58.963 21460 21793 D OutputsAudio: [outputs-audio] start hz=700.0 gain=1.000 attack=2.50 release=6.00
10-11 18:14:58.963 21460 21793 D OutputsAudio: [outputs-audio] playMorse.symbol.start sequence=9 symbol=. expected=21885129.033 actual=21885142.135 skew=13.102 batchElapsed=1333.102
10-11 18:14:58.992 21460 21538 D OutputsAudio: [outputs-audio] symbol.info sequence=9 symbol=. timestamp=21885142.135 duration=60.000 expected=21885129.033 skew=13.102 age=29.211
10-11 18:14:58.993 21460 21538 I ReactNativeJS: [outputs] playMorse.symbol {"timestamp":21885171.586493,"wallClock":1760220898993,"symbol":".","durationMs":60,"index":8,"source":"console.replay","correlationId":"console-replay:mgmu2q40n97y3wtw","nativeTimestampMs":21885142.135,"nativeDurationMs":60,"nativeOffsetMs":29.359097000211477,"nativeSequence":9,"monotonicTimestampMs":21885142.135,"nativeExpectedTimestampMs":21885129.033,"nativeStartSkewMs":13.102,"nativeBatchElapsedMs":1333.102,"nativeExpectedSincePriorMs":120,"nativeSincePriorMs":121.001,"nativePatternStartMs":21883809.033,"nativeAgeMs":29.211}
10-11 18:14:58.994 21460 21538 I ReactNativeJS: [outputs] outputs.hapticSymbol {"timestamp":21885172.561701,"wallClock":1760220898993,"enabled":true,"symbol":".","durationMs":60,"platform":"android","source":"console.replay","correlationId":"console-replay:mgmu2q40n97y3wtw","timelineOffsetMs":29.359097000211477}
10-11 18:14:58.995 21460 21538 I ReactNativeJS: [outputs] outputs.flashPulse {"timestamp":21885173.362639,"wallClock":1760220898994,"enabled":true,"durationMs":60,"source":"console.replay","correlationId":"console-replay:mgmu2q40n97y3wtw","timelineOffsetMs":29.359097000211477,"schedulingMode":"timeline","audioStartHeadroomMs":-52.31812800094485,"audioStartGuard":"headroom","audioStartCompensationMs":52.31812800094485}
10-11 18:14:59.023 21460 21793 D OutputsAudio: [outputs-audio] stop gain=1.000 release=6.00
10-11 18:14:59.053 21460 21538 I ReactNativeJS: [outputs] outputs.flashPulse.commit {"timestamp":21885231.756024,"wallClock":1760220899053,"durationMs":60,"source":"console.replay","correlationId":"console-replay:mgmu2q40n97y3wtw","latencyMs":60.25359399989247,"timelineOffsetMs":29.359097000211477,"leadMs":8,"scheduleSkewMs":58.39484400302172,"schedulingMode":"timeline","audioStartHeadroomMs":-52.31812800094485,"audioStartGuard":"headroom","audioStartCompensationMs":52.31812800094485}
10-11 18:14:59.085 21460 21793 D OutputsAudio: [outputs-audio] start hz=700.0 gain=1.000 attack=2.50 release=6.00
10-11 18:14:59.085 21460 21793 D OutputsAudio: [outputs-audio] playMorse.symbol.start sequence=10 symbol=- expected=21885249.033 actual=21885264.418 skew=15.385 batchElapsed=1455.385
10-11 18:14:59.103 21460 21538 D OutputsAudio: [outputs-audio] symbol.info sequence=10 symbol=- timestamp=21885264.418 duration=180.000 expected=21885249.033 skew=15.385 age=17.579
10-11 18:14:59.103 21460 21538 I ReactNativeJS: [outputs] playMorse.symbol {"timestamp":21885282.135712,"wallClock":1760220899103,"symbol":"-","durationMs":180,"index":9,"source":"console.replay","correlationId":"console-replay:mgmu2q73ob8ubqiz","nativeTimestampMs":21885264.418,"nativeDurationMs":180,"nativeOffsetMs":17.666721999645233,"nativeSequence":10,"monotonicTimestampMs":21885264.418,"nativeExpectedTimestampMs":21885249.033,"nativeStartSkewMs":15.385,"nativeBatchElapsedMs":1455.385,"nativeExpectedSincePriorMs":120,"nativeSincePriorMs":122.283,"nativePatternStartMs":21883809.033,"nativeAgeMs":17.579}
10-11 18:14:59.104 21460 21538 I ReactNativeJS: [outputs] outputs.hapticSymbol {"timestamp":21885282.618003,"wallClock":1760220899104,"enabled":true,"symbol":"-","durationMs":180,"platform":"android","source":"console.replay","correlationId":"console-replay:mgmu2q73ob8ubqiz","timelineOffsetMs":17.666721999645233}
10-11 18:14:59.104 21460 21538 I ReactNativeJS: [outputs] outputs.flashPulse {"timestamp":21885283.189514,"wallClock":1760220899104,"enabled":true,"durationMs":180,"source":"console.replay","correlationId":"console-replay:mgmu2q73ob8ubqiz","timelineOffsetMs":17.666721999645233,"schedulingMode":"timeline","audioStartHeadroomMs":-42.14812799915671,"audioStartGuard":"headroom","audioStartCompensationMs":42.14812799915671}
10-11 18:14:59.164 21460 21538 I ReactNativeJS: [outputs] outputs.flashPulse.commit {"timestamp":21885342.93342,"wallClock":1760220899164,"durationMs":180,"source":"console.replay","correlationId":"console-replay:mgmu2q73ob8ubqiz","latencyMs":60.84015600010753,"timelineOffsetMs":17.666721999645233,"leadMs":8,"scheduleSkewMs":59.7424469999969,"schedulingMode":"timeline","audioStartHeadroomMs":-42.14812799915671,"audioStartGuard":"headroom","audioStartCompensationMs":42.14812799915671}
10-11 18:14:59.266 21460 21793 D OutputsAudio: [outputs-audio] stop gain=1.000 release=6.00
10-11 18:14:59.327 21460 21793 D OutputsAudio: [outputs-audio] start hz=700.0 gain=1.000 attack=2.50 release=6.00
10-11 18:14:59.327 21460 21793 D OutputsAudio: [outputs-audio] playMorse.symbol.start sequence=11 symbol=- expected=21885489.033 actual=21885506.021 skew=16.988 batchElapsed=1696.988
10-11 18:14:59.332 21460 21538 D OutputsAudio: [outputs-audio] symbol.info sequence=11 symbol=- timestamp=21885506.021 duration=180.000 expected=21885489.033 skew=16.988 age=5.516
10-11 18:14:59.334 21460 21538 I ReactNativeJS: [outputs] playMorse.symbol {"timestamp":21885511.742847,"wallClock":1760220899333,"symbol":"-","durationMs":180,"index":10,"source":"console.replay","correlationId":"console-replay:mgmu2qdh1q2ap9gr","nativeTimestampMs":21885506.021,"nativeDurationMs":180,"nativeOffsetMs":5.6340870000422,"nativeSequence":11,"monotonicTimestampMs":21885506.021,"nativeExpectedTimestampMs":21885489.033,"nativeStartSkewMs":16.988,"nativeBatchElapsedMs":1696.988,"nativeExpectedSincePriorMs":240,"nativeSincePriorMs":241.603,"nativePatternStartMs":21883809.033,"nativeAgeMs":5.516}
10-11 18:14:59.335 21460 21538 I ReactNativeJS: [outputs] outputs.hapticSymbol {"timestamp":21885513.200035,"wallClock":1760220899334,"enabled":true,"symbol":"-","durationMs":180,"platform":"android","source":"console.replay","correlationId":"console-replay:mgmu2qdh1q2ap9gr","timelineOffsetMs":5.6340870000422}
10-11 18:14:59.338 21460 21538 I ReactNativeJS: [outputs] outputs.flashPulse {"timestamp":21885516.125972,"wallClock":1760220899337,"enabled":true,"durationMs":180,"source":"console.replay","correlationId":"console-replay:mgmu2qdh1q2ap9gr","timelineOffsetMs":5.6340870000422,"schedulingMode":"timeline","audioStartHeadroomMs":-35.06667000055313,"audioStartGuard":"headroom","audioStartCompensationMs":35.06667000055313}
10-11 18:14:59.393 21460 21538 I ReactNativeJS: [outputs] outputs.flashPulse.commit {"timestamp":21885572.187066,"wallClock":1760220899393,"durationMs":180,"source":"console.replay","correlationId":"console-replay:mgmu2qdh1q2ap9gr","latencyMs":60.52333299815655,"timelineOffsetMs":5.6340870000422,"leadMs":8,"scheduleSkewMs":56.07624999806285,"schedulingMode":"timeline","audioStartHeadroomMs":-35.06667000055313,"audioStartGuard":"headroom","audioStartCompensationMs":35.06667000055313}
10-11 18:14:59.507 21460 21793 D OutputsAudio: [outputs-audio] stop gain=1.000 release=6.00
10-11 18:14:59.568 21460 21793 D OutputsAudio: [outputs-audio] start hz=700.0 gain=1.000 attack=2.50 release=6.00
10-11 18:14:59.569 21460 21793 D OutputsAudio: [outputs-audio] playMorse.symbol.start sequence=12 symbol=- expected=21885729.033 actual=21885747.623 skew=18.590 batchElapsed=1938.590
10-11 18:14:59.575 21460 21538 D OutputsAudio: [outputs-audio] symbol.info sequence=12 symbol=- timestamp=21885747.623 duration=180.000 expected=21885729.033 skew=18.590 age=6.111
10-11 18:14:59.576 21460 21538 I ReactNativeJS: [outputs] playMorse.symbol {"timestamp":21885753.934566,"wallClock":1760220899575,"symbol":"-","durationMs":180,"index":11,"source":"console.replay","correlationId":"console-replay:mgmu2qk7plsvztbh","nativeTimestampMs":21885747.623,"nativeDurationMs":180,"nativeOffsetMs":6.229846999049187,"nativeSequence":12,"monotonicTimestampMs":21885747.623,"nativeExpectedTimestampMs":21885729.033,"nativeStartSkewMs":18.59,"nativeBatchElapsedMs":1938.59,"nativeExpectedSincePriorMs":240,"nativeSincePriorMs":241.603,"nativePatternStartMs":21883809.033,"nativeAgeMs":6.111}
10-11 18:14:59.577 21460 21538 I ReactNativeJS: [outputs] outputs.hapticSymbol {"timestamp":21885754.751076,"wallClock":1760220899576,"enabled":true,"symbol":"-","durationMs":180,"platform":"android","source":"console.replay","correlationId":"console-replay:mgmu2qk7plsvztbh","timelineOffsetMs":6.229846999049187}
10-11 18:14:59.578 21460 21538 I ReactNativeJS: [outputs] outputs.flashPulse {"timestamp":21885756.654566,"wallClock":1760220899578,"enabled":true,"durationMs":180,"source":"console.replay","correlationId":"console-replay:mgmu2qk7plsvztbh","timelineOffsetMs":6.229846999049187,"schedulingMode":"timeline","audioStartHeadroomMs":-35.6047950014472,"audioStartGuard":"headroom","audioStartCompensationMs":35.6047950014472}
10-11 18:14:59.645 21460 21538 I ReactNativeJS: [outputs] outputs.flashPulse.commit {"timestamp":21885823.981493,"wallClock":1760220899645,"durationMs":180,"source":"console.replay","correlationId":"console-replay:mgmu2qk7plsvztbh","latencyMs":70.1189580000937,"timelineOffsetMs":6.229846999049187,"leadMs":8,"scheduleSkewMs":67.33119799941778,"schedulingMode":"timeline","audioStartHeadroomMs":-35.6047950014472,"audioStartGuard":"headroom","audioStartCompensationMs":35.6047950014472}
10-11 18:14:59.749 21460 21793 D OutputsAudio: [outputs-audio] stop gain=1.000 release=6.00
10-11 18:14:59.810 21460 21793 D OutputsAudio: [outputs-audio] start hz=700.0 gain=1.000 attack=2.50 release=6.00
10-11 18:14:59.810 21460 21793 D OutputsAudio: [outputs-audio] playMorse.symbol.start sequence=13 symbol=. expected=21885969.033 actual=21885988.970 skew=19.937 batchElapsed=2179.937
10-11 18:14:59.819 21460 21538 D OutputsAudio: [outputs-audio] symbol.info sequence=13 symbol=. timestamp=21885988.970 duration=60.000 expected=21885969.033 skew=19.937 age=8.754
10-11 18:14:59.821 21460 21538 I ReactNativeJS: [outputs] playMorse.symbol {"timestamp":21885997.970607,"wallClock":1760220899819,"symbol":".","durationMs":60,"index":12,"source":"console.replay","correlationId":"console-replay:mgmu2qqzrdkznd2i","nativeTimestampMs":21885988.97,"nativeDurationMs":60,"nativeOffsetMs":8.902326002717018,"nativeSequence":13,"monotonicTimestampMs":21885988.97,"nativeExpectedTimestampMs":21885969.033,"nativeStartSkewMs":19.937,"nativeBatchElapsedMs":2179.937,"nativeExpectedSincePriorMs":240,"nativeSincePriorMs":241.347,"nativePatternStartMs":21883809.033,"nativeAgeMs":8.754}
10-11 18:14:59.822 21460 21538 I ReactNativeJS: [outputs] outputs.hapticSymbol {"timestamp":21886000.650607,"wallClock":1760220899822,"enabled":true,"symbol":".","durationMs":60,"platform":"android","source":"console.replay","correlationId":"console-replay:mgmu2qqzrdkznd2i","timelineOffsetMs":8.902326002717018}
10-11 18:14:59.823 21460 21538 I ReactNativeJS: [outputs] outputs.flashPulse {"timestamp":21886001.809878,"wallClock":1760220899823,"enabled":true,"durationMs":60,"source":"console.replay","correlationId":"console-replay:mgmu2qqzrdkznd2i","timelineOffsetMs":8.902326002717018,"schedulingMode":"timeline","audioStartHeadroomMs":-40.76203399896622,"audioStartGuard":"headroom","audioStartCompensationMs":40.76203399896622}
10-11 18:14:59.870 21460 21793 D OutputsAudio: [outputs-audio] stop gain=1.000 release=6.00
10-11 18:14:59.885 21460 21538 I ReactNativeJS: [outputs] outputs.flashPulse.commit {"timestamp":21886063.373003,"wallClock":1760220899884,"durationMs":60,"source":"console.replay","correlationId":"console-replay:mgmu2qqzrdkznd2i","latencyMs":65.49203099682927,"timelineOffsetMs":8.902326002717018,"leadMs":8,"scheduleSkewMs":61.566457998007536,"schedulingMode":"timeline","audioStartHeadroomMs":-40.76203399896622,"audioStartGuard":"headroom","audioStartCompensationMs":40.76203399896622}
10-11 18:14:59.931 21460 21793 D OutputsAudio: [outputs-audio] start hz=700.0 gain=1.000 attack=2.50 release=6.00
10-11 18:14:59.931 21460 21793 D OutputsAudio: [outputs-audio] playMorse.symbol.start sequence=14 symbol=. expected=21886089.033 actual=21886109.988 skew=20.955 batchElapsed=2300.955
10-11 18:14:59.953 21460 21538 D OutputsAudio: [outputs-audio] symbol.info sequence=14 symbol=. timestamp=21886109.988 duration=60.000 expected=21886089.033 skew=20.955 age=22.518
10-11 18:14:59.954 21460 21538 I ReactNativeJS: [outputs] playMorse.symbol {"timestamp":21886132.703055,"wallClock":1760220899954,"symbol":".","durationMs":60,"index":13,"source":"console.replay","correlationId":"console-replay:mgmu2quqn4ajsmef","nativeTimestampMs":21886109.988,"nativeDurationMs":60,"nativeOffsetMs":22.63239899650216,"nativeSequence":14,"monotonicTimestampMs":21886109.988,"nativeExpectedTimestampMs":21886089.033,"nativeStartSkewMs":20.955,"nativeBatchElapsedMs":2300.955,"nativeExpectedSincePriorMs":120,"nativeSincePriorMs":121.018,"nativePatternStartMs":21883809.033,"nativeAgeMs":22.518}
10-11 18:14:59.955 21460 21538 I ReactNativeJS: [outputs] outputs.hapticSymbol {"timestamp":21886133.457326,"wallClock":1760220899954,"enabled":true,"symbol":".","durationMs":60,"platform":"android","source":"console.replay","correlationId":"console-replay:mgmu2quqn4ajsmef","timelineOffsetMs":22.63239899650216}
10-11 18:14:59.955 21460 21538 I ReactNativeJS: [outputs] outputs.flashPulse {"timestamp":21886134.140659,"wallClock":1760220899955,"enabled":true,"durationMs":60,"source":"console.replay","correlationId":"console-replay:mgmu2quqn4ajsmef","timelineOffsetMs":22.63239899650216,"schedulingMode":"timeline","audioStartHeadroomMs":-53.092346999794245,"audioStartGuard":"headroom","audioStartCompensationMs":53.092346999794245}
10-11 18:14:59.991 21460 21793 D OutputsAudio: [outputs-audio] stop gain=1.000 release=6.00
10-11 18:15:00.015 21460 21538 I ReactNativeJS: [outputs] outputs.flashPulse.commit {"timestamp":21886193.923055,"wallClock":1760220900015,"durationMs":60,"source":"console.replay","correlationId":"console-replay:mgmu2quqn4ajsmef","latencyMs":61.29401000216603,"timelineOffsetMs":22.63239899650216,"leadMs":8,"scheduleSkewMs":59.78651000186801,"schedulingMode":"timeline","audioStartHeadroomMs":-53.092346999794245,"audioStartGuard":"headroom","audioStartCompensationMs":53.092346999794245}
10-11 18:15:00.052 21460 21793 D OutputsAudio: [outputs-audio] start hz=700.0 gain=1.000 attack=2.50 release=6.00
10-11 18:15:00.052 21460 21793 D OutputsAudio: [outputs-audio] playMorse.symbol.start sequence=15 symbol=. expected=21886209.033 actual=21886230.866 skew=21.833 batchElapsed=2421.833
10-11 18:15:00.065 21460 21538 D OutputsAudio: [outputs-audio] symbol.info sequence=15 symbol=. timestamp=21886230.866 duration=60.000 expected=21886209.033 skew=21.833 age=13.402
10-11 18:15:00.066 21460 21538 I ReactNativeJS: [outputs] playMorse.symbol {"timestamp":21886244.39993,"wallClock":1760220900065,"symbol":".","durationMs":60,"index":14,"source":"console.replay","correlationId":"console-replay:mgmu2qxte25f8c3x","nativeTimestampMs":21886230.866,"nativeDurationMs":60,"nativeOffsetMs":13.483201000839472,"nativeSequence":15,"monotonicTimestampMs":21886230.866,"nativeExpectedTimestampMs":21886209.033,"nativeStartSkewMs":21.833,"nativeBatchElapsedMs":2421.833,"nativeExpectedSincePriorMs":120,"nativeSincePriorMs":120.878,"nativePatternStartMs":21883809.033,"nativeAgeMs":13.402}
10-11 18:15:00.066 21460 21538 I ReactNativeJS: [outputs] outputs.hapticSymbol {"timestamp":21886244.875711,"wallClock":1760220900066,"enabled":true,"symbol":".","durationMs":60,"platform":"android","source":"console.replay","correlationId":"console-replay:mgmu2qxte25f8c3x","timelineOffsetMs":13.483201000839472}
10-11 18:15:00.067 21460 21538 I ReactNativeJS: [outputs] outputs.flashPulse {"timestamp":21886245.426284,"wallClock":1760220900066,"enabled":true,"durationMs":60,"source":"console.replay","correlationId":"console-replay:mgmu2qxte25f8c3x","timelineOffsetMs":13.483201000839472,"schedulingMode":"timeline","audioStartHeadroomMs":-44.37838799878955,"audioStartGuard":"headroom","audioStartCompensationMs":44.37838799878955}
10-11 18:15:00.112 21460 21793 D OutputsAudio: [outputs-audio] stop gain=1.000 release=6.00
10-11 18:15:00.120 21460 21538 I ReactNativeJS: [outputs] outputs.flashPulse.commit {"timestamp":21886298.276076,"wallClock":1760220900119,"durationMs":60,"source":"console.replay","correlationId":"console-replay:mgmu2qxte25f8c3x","latencyMs":53.91828100010753,"timelineOffsetMs":13.483201000839472,"leadMs":8,"scheduleSkewMs":52.85479100048542,"schedulingMode":"timeline","audioStartHeadroomMs":-44.37838799878955,"audioStartGuard":"headroom","audioStartCompensationMs":44.37838799878955}
10-11 18:15:00.173 21460 21793 D OutputsAudio: [outputs-audio] start hz=700.0 gain=1.000 attack=2.50 release=6.00
10-11 18:15:00.173 21460 21793 D OutputsAudio: [outputs-audio] playMorse.symbol.start sequence=16 symbol=- expected=21886329.033 actual=21886352.360 skew=23.327 batchElapsed=2543.327
10-11 18:15:00.192 21460 21538 D OutputsAudio: [outputs-audio] symbol.info sequence=16 symbol=- timestamp=21886352.360 duration=180.000 expected=21886329.033 skew=23.327 age=18.720
10-11 18:15:00.193 21460 21538 I ReactNativeJS: [outputs] playMorse.symbol {"timestamp":21886371.29368,"wallClock":1760220900192,"symbol":"-","durationMs":180,"index":15,"source":"console.replay","correlationId":"console-replay:mgmu2r1c5di462b6","nativeTimestampMs":21886352.36,"nativeDurationMs":180,"nativeOffsetMs":18.850919999182224,"nativeSequence":16,"monotonicTimestampMs":21886352.36,"nativeExpectedTimestampMs":21886329.033,"nativeStartSkewMs":23.327,"nativeBatchElapsedMs":2543.327,"nativeExpectedSincePriorMs":120,"nativeSincePriorMs":121.494,"nativePatternStartMs":21883809.033,"nativeAgeMs":18.72}
10-11 18:15:00.193 21460 21538 I ReactNativeJS: [outputs] outputs.hapticSymbol {"timestamp":21886372.118784,"wallClock":1760220900193,"enabled":true,"symbol":"-","durationMs":180,"platform":"android","source":"console.replay","correlationId":"console-replay:mgmu2r1c5di462b6","timelineOffsetMs":18.850919999182224}
10-11 18:15:00.194 21460 21538 I ReactNativeJS: [outputs] outputs.flashPulse {"timestamp":21886372.955711,"wallClock":1760220900194,"enabled":true,"durationMs":180,"source":"console.replay","correlationId":"console-replay:mgmu2r1c5di462b6","timelineOffsetMs":18.850919999182224,"schedulingMode":"timeline","audioStartHeadroomMs":-51.90896100178361,"audioStartGuard":"headroom","audioStartCompensationMs":51.90896100178361}
10-11 18:15:00.247 21460 21538 I ReactNativeJS: [outputs] outputs.flashPulse.commit {"timestamp":21886425.847534,"wallClock":1760220900247,"durationMs":180,"source":"console.replay","correlationId":"console-replay:mgmu2r1c5di462b6","latencyMs":54.627760000526905,"timelineOffsetMs":18.850919999182224,"leadMs":8,"scheduleSkewMs":52.89479199796915,"schedulingMode":"timeline","audioStartHeadroomMs":-51.90896100178361,"audioStartGuard":"headroom","audioStartCompensationMs":51.90896100178361}
10-11 18:15:00.354 21460 21793 D OutputsAudio: [outputs-audio] stop gain=1.000 release=6.00
10-11 18:15:00.415 21460 21793 D OutputsAudio: [outputs-audio] start hz=700.0 gain=1.000 attack=2.50 release=6.00
10-11 18:15:00.415 21460 21793 D OutputsAudio: [outputs-audio] playMorse.symbol.start sequence=17 symbol=- expected=21886569.033 actual=21886593.954 skew=24.921 batchElapsed=2784.921
10-11 18:15:00.426 21460 21538 D OutputsAudio: [outputs-audio] symbol.info sequence=17 symbol=- timestamp=21886593.954 duration=180.000 expected=21886569.033 skew=24.921 age=11.564
10-11 18:15:00.427 21460 21538 I ReactNativeJS: [outputs] playMorse.symbol {"timestamp":21886605.729826,"wallClock":1760220900427,"symbol":"-","durationMs":180,"index":16,"source":"console.replay","correlationId":"console-replay:mgmu2r7vrovb5otc","nativeTimestampMs":21886593.954,"nativeDurationMs":180,"nativeOffsetMs":11.689940001815557,"nativeSequence":17,"monotonicTimestampMs":21886593.954,"nativeExpectedTimestampMs":21886569.033,"nativeStartSkewMs":24.921,"nativeBatchElapsedMs":2784.921,"nativeExpectedSincePriorMs":240,"nativeSincePriorMs":241.594,"nativePatternStartMs":21883809.033,"nativeAgeMs":11.564}
10-11 18:15:00.428 21460 21538 I ReactNativeJS: [outputs] outputs.hapticSymbol {"timestamp":21886606.643472,"wallClock":1760220900428,"enabled":true,"symbol":"-","durationMs":180,"platform":"android","source":"console.replay","correlationId":"console-replay:mgmu2r7vrovb5otc","timelineOffsetMs":11.689940001815557}
10-11 18:15:00.429 21460 21538 I ReactNativeJS: [outputs] outputs.flashPulse {"timestamp":21886607.798211,"wallClock":1760220900429,"enabled":true,"durationMs":180,"source":"console.replay","correlationId":"console-replay:mgmu2r7vrovb5otc","timelineOffsetMs":11.689940001815557,"schedulingMode":"timeline","audioStartHeadroomMs":-46.750472001731396,"audioStartGuard":"headroom","audioStartCompensationMs":46.750472001731396}
10-11 18:15:00.497 21460 21538 I ReactNativeJS: [outputs] outputs.flashPulse.commit {"timestamp":21886675.280659,"wallClock":1760220900496,"durationMs":180,"source":"console.replay","correlationId":"console-replay:mgmu2r7vrovb5otc","latencyMs":69.62796899676323,"timelineOffsetMs":11.689940001815557,"leadMs":8,"scheduleSkewMs":67.48593699932098,"schedulingMode":"timeline","audioStartHeadroomMs":-46.750472001731396,"audioStartGuard":"headroom","audioStartCompensationMs":46.750472001731396}
10-11 18:15:00.596 21460 21793 D OutputsAudio: [outputs-audio] stop gain=1.000 release=6.00
10-11 18:15:00.657 21460 21793 D OutputsAudio: [outputs-audio] start hz=700.0 gain=1.000 attack=2.50 release=6.00
10-11 18:15:00.658 21460 21793 D OutputsAudio: [outputs-audio] playMorse.symbol.start sequence=18 symbol=- expected=21886809.033 actual=21886836.719 skew=27.686 batchElapsed=3027.686
10-11 18:15:00.670 21460 21538 D OutputsAudio: [outputs-audio] symbol.info sequence=18 symbol=- timestamp=21886836.719 duration=180.000 expected=21886809.033 skew=27.686 age=12.471
10-11 18:15:00.671 21460 21538 I ReactNativeJS: [outputs] playMorse.symbol {"timestamp":21886849.404305,"wallClock":1760220900670,"symbol":"-","durationMs":180,"index":17,"source":"console.replay","correlationId":"console-replay:mgmu2rem4r6wskei","nativeTimestampMs":21886836.719,"nativeDurationMs":180,"nativeOffsetMs":12.597856998443604,"nativeSequence":18,"monotonicTimestampMs":21886836.719,"nativeExpectedTimestampMs":21886809.033,"nativeStartSkewMs":27.686,"nativeBatchElapsedMs":3027.686,"nativeExpectedSincePriorMs":240,"nativeSincePriorMs":242.764,"nativePatternStartMs":21883809.033,"nativeAgeMs":12.471}
10-11 18:15:00.672 21460 21538 I ReactNativeJS: [outputs] outputs.hapticSymbol {"timestamp":21886850.255347,"wallClock":1760220900671,"enabled":true,"symbol":"-","durationMs":180,"platform":"android","source":"console.replay","correlationId":"console-replay:mgmu2rem4r6wskei","timelineOffsetMs":12.597856998443604}
10-11 18:15:00.672 21460 21538 I ReactNativeJS: [outputs] outputs.flashPulse {"timestamp":21886851.166232,"wallClock":1760220900672,"enabled":true,"durationMs":180,"source":"console.replay","correlationId":"console-replay:mgmu2rem4r6wskei","timelineOffsetMs":12.597856998443604,"schedulingMode":"timeline","audioStartHeadroomMs":-50.11729500070214,"audioStartGuard":"headroom","audioStartCompensationMs":50.11729500070214}
10-11 18:15:00.731 21460 21538 I ReactNativeJS: [outputs] outputs.flashPulse.commit {"timestamp":21886910.086076,"wallClock":1760220900731,"durationMs":180,"source":"console.replay","correlationId":"console-replay:mgmu2rem4r6wskei","latencyMs":60.76104200258851,"timelineOffsetMs":12.597856998443604,"leadMs":8,"scheduleSkewMs":58.92474000155926,"schedulingMode":"timeline","audioStartHeadroomMs":-50.11729500070214,"audioStartGuard":"headroom","audioStartCompensationMs":50.11729500070214}
10-11 18:15:00.839 21460 21793 D OutputsAudio: [outputs-audio] stop gain=1.000 release=6.00
10-11 18:15:00.899 21460 21793 D OutputsAudio: [outputs-audio] start hz=700.0 gain=1.000 attack=2.50 release=6.00
10-11 18:15:00.899 21460 21793 D OutputsAudio: [outputs-audio] playMorse.symbol.start sequence=19 symbol=. expected=21887049.033 actual=21887078.521 skew=29.488 batchElapsed=3269.488
10-11 18:15:00.910 21460 21538 D OutputsAudio: [outputs-audio] symbol.info sequence=19 symbol=. timestamp=21887078.521 duration=60.000 expected=21887049.033 skew=29.488 age=10.350
10-11 18:15:00.911 21460 21538 I ReactNativeJS: [outputs] playMorse.symbol {"timestamp":21887089.077482,"wallClock":1760220900910,"symbol":".","durationMs":60,"index":18,"source":"console.replay","correlationId":"console-replay:mgmu2rlakipyw208","nativeTimestampMs":21887078.521,"nativeDurationMs":60,"nativeOffsetMs":10.473408997058868,"nativeSequence":19,"monotonicTimestampMs":21887078.521,"nativeExpectedTimestampMs":21887049.033,"nativeStartSkewMs":29.488,"nativeBatchElapsedMs":3269.488,"nativeExpectedSincePriorMs":240,"nativeSincePriorMs":241.803,"nativePatternStartMs":21883809.033,"nativeAgeMs":10.35}
10-11 18:15:00.911 21460 21538 I ReactNativeJS: [outputs] outputs.hapticSymbol {"timestamp":21887089.900971,"wallClock":1760220900911,"enabled":true,"symbol":".","durationMs":60,"platform":"android","source":"console.replay","correlationId":"console-replay:mgmu2rlakipyw208","timelineOffsetMs":10.473408997058868}
10-11 18:15:00.913 21460 21538 I ReactNativeJS: [outputs] outputs.flashPulse {"timestamp":21887091.615555,"wallClock":1760220900913,"enabled":true,"durationMs":60,"source":"console.replay","correlationId":"console-replay:mgmu2rlakipyw208","timelineOffsetMs":10.473408997058868,"schedulingMode":"timeline","audioStartHeadroomMs":-50.567814998328686,"audioStartGuard":"headroom","audioStartCompensationMs":50.567814998328686}
10-11 18:15:00.960 21460 21793 D OutputsAudio: [outputs-audio] stop gain=1.000 release=6.00
10-11 18:15:00.981 21460 21538 I ReactNativeJS: [outputs] outputs.flashPulse.commit {"timestamp":21887159.674201,"wallClock":1760220900981,"durationMs":60,"source":"console.replay","correlationId":"console-replay:mgmu2rlakipyw208","latencyMs":70.67119800299406,"timelineOffsetMs":10.473408997058868,"leadMs":8,"scheduleSkewMs":68.06218800321221,"schedulingMode":"timeline","audioStartHeadroomMs":-50.567814998328686,"audioStartGuard":"headroom","audioStartCompensationMs":50.567814998328686}
10-11 18:15:01.021 21460 21793 D OutputsAudio: [outputs-audio] start hz=700.0 gain=1.000 attack=2.50 release=6.00
10-11 18:15:01.021 21460 21793 D OutputsAudio: [outputs-audio] playMorse.symbol.start sequence=20 symbol=. expected=21887169.033 actual=21887200.134 skew=31.101 batchElapsed=3391.101
10-11 18:15:01.029 21460 21538 D OutputsAudio: [outputs-audio] symbol.info sequence=20 symbol=. timestamp=21887200.134 duration=60.000 expected=21887169.033 skew=31.101 age=7.566
10-11 18:15:01.029 21460 21538 I ReactNativeJS: [outputs] playMorse.symbol {"timestamp":21887207.830607,"wallClock":1760220901029,"symbol":".","durationMs":60,"index":19,"source":"console.replay","correlationId":"console-replay:mgmu2rol0j8ibgn2","nativeTimestampMs":21887200.134,"nativeDurationMs":60,"nativeOffsetMs":7.647024001926184,"nativeSequence":20,"monotonicTimestampMs":21887200.134,"nativeExpectedTimestampMs":21887169.033,"nativeStartSkewMs":31.101,"nativeBatchElapsedMs":3391.101,"nativeExpectedSincePriorMs":120,"nativeSincePriorMs":121.613,"nativePatternStartMs":21883809.033,"nativeAgeMs":7.566}
10-11 18:15:01.030 21460 21538 I ReactNativeJS: [outputs] outputs.hapticSymbol {"timestamp":21887208.436388,"wallClock":1760220901029,"enabled":true,"symbol":".","durationMs":60,"platform":"android","source":"console.replay","correlationId":"console-replay:mgmu2rol0j8ibgn2","timelineOffsetMs":7.647024001926184}
10-11 18:15:01.030 21460 21538 I ReactNativeJS: [outputs] outputs.flashPulse {"timestamp":21887209.01144,"wallClock":1760220901030,"enabled":true,"durationMs":60,"source":"console.replay","correlationId":"console-replay:mgmu2rol0j8ibgn2","timelineOffsetMs":7.647024001926184,"schedulingMode":"timeline","audioStartHeadroomMs":-47.969220999628305,"audioStartGuard":"headroom","audioStartCompensationMs":47.969220999628305}
10-11 18:15:01.081 21460 21793 D OutputsAudio: [outputs-audio] stop gain=1.000 release=6.00
10-11 18:15:01.087 21460 21538 I ReactNativeJS: [outputs] outputs.flashPulse.commit {"timestamp":21887266.221336,"wallClock":1760220901087,"durationMs":60,"source":"console.replay","correlationId":"console-replay:mgmu2rol0j8ibgn2","latencyMs":58.43161399662495,"timelineOffsetMs":7.647024001926184,"leadMs":8,"scheduleSkewMs":57.208697997033596,"schedulingMode":"timeline","audioStartHeadroomMs":-47.969220999628305,"audioStartGuard":"headroom","audioStartCompensationMs":47.969220999628305}
10-11 18:15:01.142 21460 21793 D OutputsAudio: [outputs-audio] start hz=700.0 gain=1.000 attack=2.50 release=6.00
10-11 18:15:01.142 21460 21793 D OutputsAudio: [outputs-audio] playMorse.symbol.start sequence=21 symbol=. expected=21887289.033 actual=21887320.679 skew=31.646 batchElapsed=3511.646
10-11 18:15:01.169 21460 21538 D OutputsAudio: [outputs-audio] symbol.info sequence=21 symbol=. timestamp=21887320.679 duration=60.000 expected=21887289.033 skew=31.646 age=27.497
10-11 18:15:01.170 21460 21538 I ReactNativeJS: [outputs] playMorse.symbol {"timestamp":21887348.416805,"wallClock":1760220901169,"symbol":".","durationMs":60,"index":20,"source":"console.replay","correlationId":"console-replay:mgmu2rsh2ggabqr7","nativeTimestampMs":21887320.679,"nativeDurationMs":60,"nativeOffsetMs":27.644054997712374,"nativeSequence":21,"monotonicTimestampMs":21887320.679,"nativeExpectedTimestampMs":21887289.033,"nativeStartSkewMs":31.646,"nativeBatchElapsedMs":3511.646,"nativeExpectedSincePriorMs":120,"nativeSincePriorMs":120.544,"nativePatternStartMs":21883809.033,"nativeAgeMs":27.497}
10-11 18:15:01.171 21460 21538 I ReactNativeJS: [outputs] outputs.hapticSymbol {"timestamp":21887349.255763,"wallClock":1760220901170,"enabled":true,"symbol":".","durationMs":60,"platform":"android","source":"console.replay","correlationId":"console-replay:mgmu2rsh2ggabqr7","timelineOffsetMs":27.644054997712374}
10-11 18:15:01.171 21460 21538 I ReactNativeJS: [outputs] outputs.flashPulse {"timestamp":21887350.03118,"wallClock":1760220901171,"enabled":true,"durationMs":60,"source":"console.replay","correlationId":"console-replay:mgmu2rsh2ggabqr7","timelineOffsetMs":27.644054997712374,"schedulingMode":"timeline","audioStartHeadroomMs":-68.98630499839783,"audioStartGuard":"headroom","audioStartCompensationMs":68.98630499839783}
10-11 18:15:01.203 21460 21793 D OutputsAudio: [outputs-audio] stop gain=1.000 release=6.00
10-11 18:15:01.227 21460 21538 I ReactNativeJS: [outputs] outputs.flashPulse.commit {"timestamp":21887406.090451,"wallClock":1760220901227,"durationMs":60,"source":"console.replay","correlationId":"console-replay:mgmu2rsh2ggabqr7","latencyMs":57.758698001503944,"timelineOffsetMs":27.644054997712374,"leadMs":8,"scheduleSkewMs":56.0602090023458,"schedulingMode":"timeline","audioStartHeadroomMs":-68.98630499839783,"audioStartGuard":"headroom","audioStartCompensationMs":68.98630499839783}
10-11 18:15:01.263 21460 21793 D OutputsAudio: [outputs-audio] start hz=700.0 gain=1.000 attack=2.50 release=6.00
10-11 18:15:01.264 21460 21793 D OutputsAudio: [outputs-audio] playMorse.symbol.start sequence=22 symbol=- expected=21887409.033 actual=21887443.108 skew=34.075 batchElapsed=3634.075
10-11 18:15:01.276 21460 21538 D OutputsAudio: [outputs-audio] symbol.info sequence=22 symbol=- timestamp=21887443.108 duration=180.000 expected=21887409.033 skew=34.075 age=12.332
10-11 18:15:01.277 21460 21538 I ReactNativeJS: [outputs] playMorse.symbol {"timestamp":21887455.566284,"wallClock":1760220901276,"symbol":"-","durationMs":180,"index":21,"source":"console.replay","correlationId":"console-replay:mgmu2rvgtulcj9q8","nativeTimestampMs":21887443.108,"nativeDurationMs":180,"nativeOffsetMs":12.411044001579285,"nativeSequence":22,"monotonicTimestampMs":21887443.108,"nativeExpectedTimestampMs":21887409.033,"nativeStartSkewMs":34.075,"nativeBatchElapsedMs":3634.075,"nativeExpectedSincePriorMs":120,"nativeSincePriorMs":122.429,"nativePatternStartMs":21883809.033,"nativeAgeMs":12.332}
10-11 18:15:01.277 21460 21538 I ReactNativeJS: [outputs] outputs.hapticSymbol {"timestamp":21887456.071076,"wallClock":1760220901277,"enabled":true,"symbol":"-","durationMs":180,"platform":"android","source":"console.replay","correlationId":"console-replay:mgmu2rvgtulcj9q8","timelineOffsetMs":12.411044001579285}
10-11 18:15:01.278 21460 21538 I ReactNativeJS: [outputs] outputs.flashPulse {"timestamp":21887456.670763,"wallClock":1760220901278,"enabled":true,"durationMs":180,"source":"console.replay","correlationId":"console-replay:mgmu2rvgtulcj9q8","timelineOffsetMs":12.411044001579285,"schedulingMode":"timeline","audioStartHeadroomMs":-55.62854399904609,"audioStartGuard":"headroom","audioStartCompensationMs":55.62854399904609}
10-11 18:15:01.338 21460 21538 I ReactNativeJS: [outputs] outputs.flashPulse.commit {"timestamp":21887516.585346,"wallClock":1760220901338,"durationMs":180,"source":"console.replay","correlationId":"console-replay:mgmu2rvgtulcj9q8","latencyMs":61.057188000530005,"timelineOffsetMs":12.411044001579285,"leadMs":8,"scheduleSkewMs":59.913334000855684,"schedulingMode":"timeline","audioStartHeadroomMs":-55.62854399904609,"audioStartGuard":"headroom","audioStartCompensationMs":55.62854399904609}
10-11 18:15:01.444 21460 21793 D OutputsAudio: [outputs-audio] stop gain=1.000 release=6.00
10-11 18:15:01.505 21460 21793 D OutputsAudio: [outputs-audio] start hz=700.0 gain=1.000 attack=2.50 release=6.00
10-11 18:15:01.505 21460 21793 D OutputsAudio: [outputs-audio] playMorse.symbol.start sequence=23 symbol=- expected=21887649.033 actual=21887684.194 skew=35.161 batchElapsed=3875.161
10-11 18:15:01.511 21460 21538 D OutputsAudio: [outputs-audio] symbol.info sequence=23 symbol=- timestamp=21887684.194 duration=180.000 expected=21887649.033 skew=35.161 age=6.271
10-11 18:15:01.513 21460 21538 I ReactNativeJS: [outputs] playMorse.symbol {"timestamp":21887690.728211,"wallClock":1760220901512,"symbol":"-","durationMs":180,"index":22,"source":"console.replay","correlationId":"console-replay:mgmu2s2066x80d4l","nativeTimestampMs":21887684.194,"nativeDurationMs":180,"nativeOffsetMs":6.42926300317049,"nativeSequence":23,"monotonicTimestampMs":21887684.194,"nativeExpectedTimestampMs":21887649.033,"nativeStartSkewMs":35.161,"nativeBatchElapsedMs":3875.161,"nativeExpectedSincePriorMs":240,"nativeSincePriorMs":241.086,"nativePatternStartMs":21883809.033,"nativeAgeMs":6.271}
10-11 18:15:01.513 21460 21538 I ReactNativeJS: [outputs] outputs.hapticSymbol {"timestamp":21887691.762638,"wallClock":1760220901513,"enabled":true,"symbol":"-","durationMs":180,"platform":"android","source":"console.replay","correlationId":"console-replay:mgmu2s2066x80d4l","timelineOffsetMs":6.42926300317049}
10-11 18:15:01.516 21460 21538 I ReactNativeJS: [outputs] outputs.flashPulse {"timestamp":21887693.9167,"wallClock":1760220901515,"enabled":true,"durationMs":180,"source":"console.replay","correlationId":"console-replay:mgmu2s2066x80d4l","timelineOffsetMs":6.42926300317049,"schedulingMode":"timeline","audioStartHeadroomMs":-52.86354399845004,"audioStartGuard":"headroom","audioStartCompensationMs":52.86354399845004}
10-11 18:15:01.588 21460 21538 I ReactNativeJS: [outputs] outputs.flashPulse.commit {"timestamp":21887766.881127,"wallClock":1760220901588,"durationMs":180,"source":"console.replay","correlationId":"console-replay:mgmu2s2066x80d4l","latencyMs":76.24963499978185,"timelineOffsetMs":6.42926300317049,"leadMs":8,"scheduleSkewMs":72.97270800173283,"schedulingMode":"timeline","audioStartHeadroomMs":-52.86354399845004,"audioStartGuard":"headroom","audioStartCompensationMs":52.86354399845004}
10-11 18:15:01.686 21460 21793 D OutputsAudio: [outputs-audio] stop gain=1.000 release=6.00
10-11 18:15:01.746 21460 21793 D OutputsAudio: [outputs-audio] start hz=700.0 gain=1.000 attack=2.50 release=6.00
10-11 18:15:01.747 21460 21793 D OutputsAudio: [outputs-audio] playMorse.symbol.start sequence=24 symbol=- expected=21887889.033 actual=21887925.624 skew=36.591 batchElapsed=4116.591
10-11 18:15:01.753 21460 21538 D OutputsAudio: [outputs-audio] symbol.info sequence=24 symbol=- timestamp=21887925.624 duration=180.000 expected=21887889.033 skew=36.591 age=6.034
10-11 18:15:01.755 21460 21538 I ReactNativeJS: [outputs] playMorse.symbol {"timestamp":21887931.845138,"wallClock":1760220901753,"symbol":"-","durationMs":180,"index":23,"source":"console.replay","correlationId":"console-replay:mgmu2s8pyt4qerpe","nativeTimestampMs":21887925.624,"nativeDurationMs":180,"nativeOffsetMs":6.141293998807669,"nativeSequence":24,"monotonicTimestampMs":21887925.624,"nativeExpectedTimestampMs":21887889.033,"nativeStartSkewMs":36.591,"nativeBatchElapsedMs":4116.591,"nativeExpectedSincePriorMs":240,"nativeSincePriorMs":241.43,"nativePatternStartMs":21883809.033,"nativeAgeMs":6.034}
10-11 18:15:01.756 21460 21538 I ReactNativeJS: [outputs] outputs.hapticSymbol {"timestamp":21887934.171648,"wallClock":1760220901755,"enabled":true,"symbol":"-","durationMs":180,"platform":"android","source":"console.replay","correlationId":"console-replay:mgmu2s8pyt4qerpe","timelineOffsetMs":6.141293998807669}
10-11 18:15:01.757 21460 21538 I ReactNativeJS: [outputs] outputs.flashPulse {"timestamp":21887935.378002,"wallClock":1760220901756,"enabled":true,"durationMs":180,"source":"console.replay","correlationId":"console-replay:mgmu2s8pyt4qerpe","timelineOffsetMs":6.141293998807669,"schedulingMode":"timeline","audioStartHeadroomMs":-54.32843999937177,"audioStartGuard":"headroom","audioStartCompensationMs":54.32843999937177}
10-11 18:15:01.832 21460 21538 I ReactNativeJS: [outputs] outputs.flashPulse.commit {"timestamp":21888010.339252,"wallClock":1760220901831,"durationMs":180,"source":"console.replay","correlationId":"console-replay:mgmu2s8pyt4qerpe","latencyMs":78.56583299860358,"timelineOffsetMs":6.141293998807669,"leadMs":8,"scheduleSkewMs":74.96661400049925,"schedulingMode":"timeline","audioStartHeadroomMs":-54.32843999937177,"audioStartGuard":"headroom","audioStartCompensationMs":54.32843999937177}
10-11 18:15:01.928 21460 21793 D OutputsAudio: [outputs-audio] stop gain=1.000 release=6.00
10-11 18:15:01.988 21460 21793 D OutputsAudio: [outputs-audio] start hz=700.0 gain=1.000 attack=2.50 release=6.00
10-11 18:15:01.988 21460 21793 D OutputsAudio: [outputs-audio] playMorse.symbol.start sequence=25 symbol=. expected=21888129.033 actual=21888167.226 skew=38.193 batchElapsed=4358.193
10-11 18:15:01.996 21460 21538 D OutputsAudio: [outputs-audio] symbol.info sequence=25 symbol=. timestamp=21888167.226 duration=60.000 expected=21888129.033 skew=38.193 age=8.143
10-11 18:15:01.999 21460 21538 I ReactNativeJS: [outputs] playMorse.symbol {"timestamp":21888175.599148,"wallClock":1760220901997,"symbol":".","durationMs":60,"index":24,"source":"console.replay","correlationId":"console-replay:mgmu2sfgv6n1oufy","nativeTimestampMs":21888167.226,"nativeDurationMs":60,"nativeOffsetMs":8.276376999914646,"nativeSequence":25,"monotonicTimestampMs":21888167.226,"nativeExpectedTimestampMs":21888129.033,"nativeStartSkewMs":38.193,"nativeBatchElapsedMs":4358.193,"nativeExpectedSincePriorMs":240,"nativeSincePriorMs":241.602,"nativePatternStartMs":21883809.033,"nativeAgeMs":8.143}
10-11 18:15:01.999 21460 21538 I ReactNativeJS: [outputs] outputs.hapticSymbol {"timestamp":21888177.688419,"wallClock":1760220901999,"enabled":true,"symbol":".","durationMs":60,"platform":"android","source":"console.replay","correlationId":"console-replay:mgmu2sfgv6n1oufy","timelineOffsetMs":8.276376999914646}
10-11 18:15:02.000 21460 21538 I ReactNativeJS: [outputs] outputs.flashPulse {"timestamp":21888179.02795,"wallClock":1760220902000,"enabled":true,"durationMs":60,"source":"console.replay","correlationId":"console-replay:mgmu2sfgv6n1oufy","timelineOffsetMs":8.276376999914646,"schedulingMode":"timeline","audioStartHeadroomMs":-57.97849199920893,"audioStartGuard":"headroom","audioStartCompensationMs":57.97849199920893}
10-11 18:15:02.048 21460 21793 D OutputsAudio: [outputs-audio] stop gain=1.000 release=6.00
10-11 18:15:02.059 21460 21538 I ReactNativeJS: [outputs] outputs.flashPulse.commit {"timestamp":21888238.177586,"wallClock":1760220902059,"durationMs":60,"source":"console.replay","correlationId":"console-replay:mgmu2sfgv6n1oufy","latencyMs":62.66677100211382,"timelineOffsetMs":8.276376999914646,"leadMs":8,"scheduleSkewMs":59.154583003371954,"schedulingMode":"timeline","audioStartHeadroomMs":-57.97849199920893,"audioStartGuard":"headroom","audioStartCompensationMs":57.97849199920893}
10-11 18:15:02.110 21460 21793 D OutputsAudio: [outputs-audio] start hz=700.0 gain=1.000 attack=2.50 release=6.00
10-11 18:15:02.110 21460 21793 D OutputsAudio: [outputs-audio] playMorse.symbol.start sequence=26 symbol=. expected=21888249.033 actual=21888288.811 skew=39.778 batchElapsed=4479.778
10-11 18:15:02.134 21460 21538 D OutputsAudio: [outputs-audio] symbol.info sequence=26 symbol=. timestamp=21888288.811 duration=60.000 expected=21888249.033 skew=39.778 age=24.636
10-11 18:15:02.135 21460 21538 I ReactNativeJS: [outputs] playMorse.symbol {"timestamp":21888313.616336,"wallClock":1760220902135,"symbol":".","durationMs":60,"index":25,"source":"console.replay","correlationId":"console-replay:mgmu2sjbm2tscoxp","nativeTimestampMs":21888288.811,"nativeDurationMs":60,"nativeOffsetMs":24.740022998303175,"nativeSequence":26,"monotonicTimestampMs":21888288.811,"nativeExpectedTimestampMs":21888249.033,"nativeStartSkewMs":39.778,"nativeBatchElapsedMs":4479.778,"nativeExpectedSincePriorMs":120,"nativeSincePriorMs":121.586,"nativePatternStartMs":21883809.033,"nativeAgeMs":24.636}
10-11 18:15:02.135 21460 21538 I ReactNativeJS: [outputs] outputs.hapticSymbol {"timestamp":21888314.19045,"wallClock":1760220902135,"enabled":true,"symbol":".","durationMs":60,"platform":"android","source":"console.replay","correlationId":"console-replay:mgmu2sjbm2tscoxp","timelineOffsetMs":24.740022998303175}
10-11 18:15:02.136 21460 21538 I ReactNativeJS: [outputs] outputs.flashPulse {"timestamp":21888314.748106,"wallClock":1760220902136,"enabled":true,"durationMs":60,"source":"console.replay","correlationId":"console-replay:mgmu2sjbm2tscoxp","timelineOffsetMs":24.740022998303175,"schedulingMode":"timeline","audioStartHeadroomMs":-73.7053669989109,"audioStartGuard":"headroom","audioStartCompensationMs":73.7053669989109}
10-11 18:15:02.170 21460 21793 D OutputsAudio: [outputs-audio] stop gain=1.000 release=6.00
10-11 18:15:02.188 21460 21538 I ReactNativeJS: [outputs] outputs.flashPulse.commit {"timestamp":21888367.031023,"wallClock":1760220902188,"durationMs":60,"source":"console.replay","correlationId":"console-replay:mgmu2sjbm2tscoxp","latencyMs":53.47114600241184,"timelineOffsetMs":24.740022998303175,"leadMs":8,"scheduleSkewMs":52.282135002315044,"schedulingMode":"timeline","audioStartHeadroomMs":-73.7053669989109,"audioStartGuard":"headroom","audioStartCompensationMs":73.7053669989109}
10-11 18:15:02.232 21460 21793 D OutputsAudio: [outputs-audio] start hz=700.0 gain=1.000 attack=2.50 release=6.00
10-11 18:15:02.232 21460 21793 D OutputsAudio: [outputs-audio] playMorse.symbol.start sequence=27 symbol=. expected=21888369.033 actual=21888410.806 skew=41.773 batchElapsed=4601.773
10-11 18:15:02.234 21460 21538 D OutputsAudio: [outputs-audio] symbol.info sequence=27 symbol=. timestamp=21888410.806 duration=60.000 expected=21888369.033 skew=41.773 age=2.682
10-11 18:15:02.235 21460 21538 I ReactNativeJS: [outputs] playMorse.symbol {"timestamp":21888413.612794,"wallClock":1760220902235,"symbol":".","durationMs":60,"index":26,"source":"console.replay","correlationId":"console-replay:mgmu2sm3kpt9cyqq","nativeTimestampMs":21888410.806,"nativeDurationMs":60,"nativeOffsetMs":2.7569499984383583,"nativeSequence":27,"monotonicTimestampMs":21888410.806,"nativeExpectedTimestampMs":21888369.033,"nativeStartSkewMs":41.773,"nativeBatchElapsedMs":4601.773,"nativeExpectedSincePriorMs":120,"nativeSincePriorMs":121.994,"nativePatternStartMs":21883809.033,"nativeAgeMs":2.682}
10-11 18:15:02.235 21460 21538 I ReactNativeJS: [outputs] outputs.hapticSymbol {"timestamp":21888414.111648,"wallClock":1760220902235,"enabled":true,"symbol":".","durationMs":60,"platform":"android","source":"console.replay","correlationId":"console-replay:mgmu2sm3kpt9cyqq","timelineOffsetMs":2.7569499984383583}
10-11 18:15:02.236 21460 21538 I ReactNativeJS: [outputs] outputs.flashPulse {"timestamp":21888414.680867,"wallClock":1760220902236,"enabled":true,"durationMs":60,"source":"console.replay","correlationId":"console-replay:mgmu2sm3kpt9cyqq","timelineOffsetMs":2.7569499984383583,"schedulingMode":"timeline","audioStartHeadroomMs":-53.639065001159906,"audioStartGuard":"headroom","audioStartCompensationMs":53.639065001159906}
10-11 18:15:02.292 21460 21793 D OutputsAudio: [outputs-audio] stop gain=1.000 release=6.00
10-11 18:15:02.293 21460 21793 D OutputsAudio: [outputs-audio] stop gain=1.000 release=6.00
10-11 18:15:02.293 21460 21793 D OutputsAudio: [outputs-audio] playMorse.end cancelled=0
10-11 18:15:02.293 21460 21538 I ReactNativeJS: [outputs] outputs.flashPulse.commit {"timestamp":21888472.095867,"wallClock":1760220902293,"durationMs":60,"source":"console.replay","correlationId":"console-replay:mgmu2sm3kpt9cyqq","latencyMs":58.52442700043321,"timelineOffsetMs":2.7569499984383583,"leadMs":8,"scheduleSkewMs":57.41375000029802,"schedulingMode":"timeline","audioStartHeadroomMs":-53.639065001159906,"audioStartGuard":"headroom","audioStartCompensationMs":53.639065001159906}
10-11 18:15:02.341 21460 21538 I ReactNativeJS: [outputs] playMorse.complete {"timestamp":21888519.753575,"wallClock":1760220902341,"durationMs":4899.827601999044,"source":"console.replay","audioEnabled":true,"audioVolumePercent":100}
10-11 18:15:04.674 21460 21538 I ReactNativeJS: [outputs] playMorse.start {"timestamp":21890851.946126,"wallClock":1760220904673,"unitMs":48,"length":28,"source":"console.replay","audioEnabled":true,"audioVolumePercent":100}
10-11 18:15:04.830 21460 21538 D OutputsAudio: [outputs-audio] warmup hz=700.0
10-11 18:15:04.831 21460 21827 D OutputsAudio: [outputs-audio] playMorse.start count=27 unit=48.0
10-11 18:15:04.831 21460 21827 D OutputsAudio: [outputs-audio] start hz=700.0 gain=1.000 attack=2.50 release=6.00
10-11 18:15:04.831 21460 21827 D OutputsAudio: [outputs-audio] playMorse.symbol.start sequence=1 symbol=. expected=21891009.738 actual=21891009.755 skew=0.017 batchElapsed=0.017
10-11 18:15:04.846 21460 21538 D OutputsAudio: [outputs-audio] symbol.info sequence=1 symbol=. timestamp=21891009.755 duration=48.000 expected=21891009.738 skew=0.017 age=15.417
10-11 18:15:04.847 21460 21538 I ReactNativeJS: [outputs] playMorse.symbol {"timestamp":21891025.462376,"wallClock":1760220904846,"symbol":".","durationMs":48,"index":0,"source":"console.replay","correlationId":"console-replay:mgmu2ummzipza9pm","nativeTimestampMs":21891009.755,"nativeDurationMs":48,"nativeOffsetMs":15.586178001016378,"nativeSequence":1,"monotonicTimestampMs":21891009.755,"nativeExpectedTimestampMs":21891009.738,"nativeStartSkewMs":0.017,"nativeBatchElapsedMs":0.017,"nativeExpectedSincePriorMs":0,"nativeSincePriorMs":0,"nativePatternStartMs":21891009.738,"nativeAgeMs":15.417}
10-11 18:15:04.848 21460 21538 I ReactNativeJS: [outputs] outputs.hapticSymbol {"timestamp":21891026.686907,"wallClock":1760220904848,"enabled":true,"symbol":".","durationMs":48,"platform":"android","source":"console.replay","correlationId":"console-replay:mgmu2ummzipza9pm","timelineOffsetMs":15.586178001016378}
10-11 18:15:04.850 21460 21538 I ReactNativeJS: [outputs] outputs.flashPulse {"timestamp":21891028.129616,"wallClock":1760220904849,"enabled":true,"durationMs":48,"source":"console.replay","correlationId":"console-replay:mgmu2ummzipza9pm","timelineOffsetMs":15.586178001016378,"schedulingMode":"timeline","audioStartHeadroomMs":-26.3654179982841,"audioStartGuard":"headroom","audioStartCompensationMs":26.3654179982841}
10-11 18:15:04.879 21460 21827 D OutputsAudio: [outputs-audio] stop gain=1.000 release=6.00
