10-11 18:05:23.827 17746 18328 D OutputsAudio: [outputs-audio] start hz=700.0 gain=1.000 attack=2.50 release=6.00
10-11 18:05:23.827 17746 18328 D OutputsAudio: [outputs-audio] playMorse.symbol.start sequence=15 symbol=. expected=21309983.224 actual=21310006.143 skew=22.918 batchElapsed=3222.918
10-11 18:05:23.835 17746 17829 D OutputsAudio: [outputs-audio] symbol.info sequence=15 symbol=. timestamp=21310006.143 duration=80.000 expected=21309983.224 skew=22.918 age=7.453
10-11 18:05:23.835 17746 17829 I ReactNativeJS: [outputs] playMorse.symbol {"timestamp":21310013.734212,"wallClock":1760220323835,"symbol":".","durationMs":80,"index":14,"source":"console.replay","correlationId":"console-replay:mgmtqebfw6cxq77j","nativeTimestampMs":21310006.143,"nativeDurationMs":80,"nativeOffsetMs":7.5374619998037815,"nativeSequence":15,"monotonicTimestampMs":21310006.143,"nativeExpectedTimestampMs":21309983.224,"nativeStartSkewMs":22.918,"nativeBatchElapsedMs":3222.918,"nativeExpectedSincePriorMs":160,"nativeSincePriorMs":161.956,"nativePatternStartMs":21306783.224,"nativeAgeMs":7.453}
10-11 18:05:23.835 17746 17829 I ReactNativeJS: [outputs] outputs.hapticSymbol {"timestamp":21310014.274525,"wallClock":1760220323835,"enabled":true,"symbol":".","durationMs":80,"platform":"android","source":"console.replay","correlationId":"console-replay:mgmtqebfw6cxq77j","timelineOffsetMs":7.5374619998037815}
10-11 18:05:23.836 17746 17829 I ReactNativeJS: [outputs] outputs.flashPulse {"timestamp":21310014.875358,"wallClock":1760220323836,"enabled":true,"durationMs":80,"source":"console.replay","correlationId":"console-replay:mgmtqebfw6cxq77j","timelineOffsetMs":7.5374619998037815,"schedulingMode":"timeline","audioStartHeadroomMs":-39.64276500046253,"audioStartGuard":"headroom","audioStartCompensationMs":39.64276500046253}
10-11 18:05:23.906 17746 17829 I ReactNativeJS: [outputs] outputs.flashPulse.commit {"timestamp":21310084.334942,"wallClock":1760220323905,"durationMs":80,"source":"console.replay","correlationId":"console-replay:mgmtqebfw6cxq77j","latencyMs":70.64484399929643,"timelineOffsetMs":7.5374619998037815,"leadMs":8,"scheduleSkewMs":69.45713499933481,"schedulingMode":"timeline","audioStartHeadroomMs":-39.64276500046253,"audioStartGuard":"headroom","audioStartCompensationMs":39.64276500046253}
10-11 18:05:23.907 17746 18328 D OutputsAudio: [outputs-audio] stop gain=1.000 release=6.00
10-11 18:05:23.988 17746 18328 D OutputsAudio: [outputs-audio] start hz=700.0 gain=1.000 attack=2.50 release=6.00
10-11 18:05:23.988 17746 18328 D OutputsAudio: [outputs-audio] playMorse.symbol.start sequence=16 symbol=- expected=21310143.224 actual=21310167.075 skew=23.851 batchElapsed=3383.851
10-11 18:05:24.006 17746 17829 D OutputsAudio: [outputs-audio] symbol.info sequence=16 symbol=- timestamp=21310167.075 duration=240.000 expected=21310143.224 skew=23.851 age=17.621
10-11 18:05:24.007 17746 17829 I ReactNativeJS: [outputs] playMorse.symbol {"timestamp":21310184.934942,"wallClock":1760220324006,"symbol":"-","durationMs":240,"index":15,"source":"console.replay","correlationId":"console-replay:mgmtqeg636r1lpb4","nativeTimestampMs":21310167.075,"nativeDurationMs":240,"nativeOffsetMs":17.764473002403975,"nativeSequence":16,"monotonicTimestampMs":21310167.075,"nativeExpectedTimestampMs":21310143.224,"nativeStartSkewMs":23.851,"nativeBatchElapsedMs":3383.851,"nativeExpectedSincePriorMs":160,"nativeSincePriorMs":160.932,"nativePatternStartMs":21306783.224,"nativeAgeMs":17.621}
10-11 18:05:24.007 17746 17829 I ReactNativeJS: [outputs] outputs.hapticSymbol {"timestamp":21310185.902442,"wallClock":1760220324007,"enabled":true,"symbol":"-","durationMs":240,"platform":"android","source":"console.replay","correlationId":"console-replay:mgmtqeg636r1lpb4","timelineOffsetMs":17.764473002403975}
10-11 18:05:24.008 17746 17829 I ReactNativeJS: [outputs] outputs.flashPulse {"timestamp":21310186.910931,"wallClock":1760220324008,"enabled":true,"durationMs":240,"source":"console.replay","correlationId":"console-replay:mgmtqeg636r1lpb4","timelineOffsetMs":17.764473002403975,"schedulingMode":"timeline","audioStartHeadroomMs":-51.67036899924278,"audioStartGuard":"headroom","audioStartCompensationMs":51.67036899924278}
10-11 18:05:24.082 17746 17829 I ReactNativeJS: [outputs] outputs.flashPulse.commit {"timestamp":21310260.337285,"wallClock":1760220324081,"durationMs":240,"source":"console.replay","correlationId":"console-replay:mgmtqeg636r1lpb4","latencyMs":75.48947899788618,"timelineOffsetMs":17.764473002403975,"leadMs":8,"scheduleSkewMs":73.43140599876642,"schedulingMode":"timeline","audioStartHeadroomMs":-51.67036899924278,"audioStartGuard":"headroom","audioStartCompensationMs":51.67036899924278}
10-11 18:05:24.229 17746 18328 D OutputsAudio: [outputs-audio] stop gain=1.000 release=6.00
10-11 18:05:24.310 17746 18328 D OutputsAudio: [outputs-audio] start hz=700.0 gain=1.000 attack=2.50 release=6.00
10-11 18:05:24.310 17746 18328 D OutputsAudio: [outputs-audio] playMorse.symbol.start sequence=17 symbol=- expected=21310463.224 actual=21310489.049 skew=25.825 batchElapsed=3705.825
10-11 18:05:24.320 17746 17829 D OutputsAudio: [outputs-audio] symbol.info sequence=17 symbol=- timestamp=21310489.049 duration=240.000 expected=21310463.224 skew=25.825 age=9.967
10-11 18:05:24.323 17746 17829 I ReactNativeJS: [outputs] playMorse.symbol {"timestamp":21310499.296035,"wallClock":1760220324320,"symbol":"-","durationMs":240,"index":16,"source":"console.replay","correlationId":"console-replay:mgmtqeow955vz9bx","nativeTimestampMs":21310489.049,"nativeDurationMs":240,"nativeOffsetMs":10.133337002247572,"nativeSequence":17,"monotonicTimestampMs":21310489.049,"nativeExpectedTimestampMs":21310463.224,"nativeStartSkewMs":25.825,"nativeBatchElapsedMs":3705.825,"nativeExpectedSincePriorMs":320,"nativeSincePriorMs":321.974,"nativePatternStartMs":21306783.224,"nativeAgeMs":9.967}
10-11 18:05:24.324 17746 17829 I ReactNativeJS: [outputs] outputs.hapticSymbol {"timestamp":21310502.494681,"wallClock":1760220324323,"enabled":true,"symbol":"-","durationMs":240,"platform":"android","source":"console.replay","correlationId":"console-replay:mgmtqeow955vz9bx","timelineOffsetMs":10.133337002247572}
10-11 18:05:24.326 17746 17829 I ReactNativeJS: [outputs] outputs.flashPulse {"timestamp":21310504.163535,"wallClock":1760220324325,"enabled":true,"durationMs":240,"source":"console.replay","correlationId":"console-replay:mgmtqeow955vz9bx","timelineOffsetMs":10.133337002247572,"schedulingMode":"timeline","audioStartHeadroomMs":-48.77547300234437,"audioStartGuard":"headroom","audioStartCompensationMs":48.77547300234437}
10-11 18:05:24.407 17746 17829 I ReactNativeJS: [outputs] outputs.flashPulse.commit {"timestamp":21310585.800671,"wallClock":1760220324407,"durationMs":240,"source":"console.replay","correlationId":"console-replay:mgmtqeow955vz9bx","latencyMs":86.60817699879408,"timelineOffsetMs":10.133337002247572,"leadMs":8,"scheduleSkewMs":81.65140600129962,"schedulingMode":"timeline","audioStartHeadroomMs":-48.77547300234437,"audioStartGuard":"headroom","audioStartCompensationMs":48.77547300234437}
10-11 18:05:24.551 17746 18328 D OutputsAudio: [outputs-audio] stop gain=1.000 release=6.00
10-11 18:05:24.632 17746 18328 D OutputsAudio: [outputs-audio] start hz=700.0 gain=1.000 attack=2.50 release=6.00
10-11 18:05:24.632 17746 18328 D OutputsAudio: [outputs-audio] playMorse.symbol.start sequence=18 symbol=- expected=21310783.224 actual=21310811.027 skew=27.802 batchElapsed=4027.802
10-11 18:05:24.644 17746 17829 D OutputsAudio: [outputs-audio] symbol.info sequence=18 symbol=- timestamp=21310811.027 duration=240.000 expected=21310783.224 skew=27.802 age=11.820
10-11 18:05:24.645 17746 17829 I ReactNativeJS: [outputs] playMorse.symbol {"timestamp":21310823.057754,"wallClock":1760220324644,"symbol":"-","durationMs":240,"index":17,"source":"console.replay","correlationId":"console-replay:mgmtqexwat0pdug6","nativeTimestampMs":21310811.027,"nativeDurationMs":240,"nativeOffsetMs":11.941378999501467,"nativeSequence":18,"monotonicTimestampMs":21310811.027,"nativeExpectedTimestampMs":21310783.224,"nativeStartSkewMs":27.802,"nativeBatchElapsedMs":4027.802,"nativeExpectedSincePriorMs":320,"nativeSincePriorMs":321.978,"nativePatternStartMs":21306783.224,"nativeAgeMs":11.82}
10-11 18:05:24.645 17746 17829 I ReactNativeJS: [outputs] outputs.hapticSymbol {"timestamp":21310823.986452,"wallClock":1760220324645,"enabled":true,"symbol":"-","durationMs":240,"platform":"android","source":"console.replay","correlationId":"console-replay:mgmtqexwat0pdug6","timelineOffsetMs":11.941378999501467}
10-11 18:05:24.646 17746 17829 I ReactNativeJS: [outputs] outputs.flashPulse {"timestamp":21310824.913952,"wallClock":1760220324646,"enabled":true,"durationMs":240,"source":"console.replay","correlationId":"console-replay:mgmtqexwat0pdug6","timelineOffsetMs":11.941378999501467,"schedulingMode":"timeline","audioStartHeadroomMs":-49.67291999980807,"audioStartGuard":"headroom","audioStartCompensationMs":49.67291999980807}
10-11 18:05:24.725 17746 17829 I ReactNativeJS: [outputs] outputs.flashPulse.commit {"timestamp":21310904.089733,"wallClock":1760220324725,"durationMs":240,"source":"console.replay","correlationId":"console-replay:mgmtqexwat0pdug6","latencyMs":81.11093700304627,"timelineOffsetMs":11.941378999501467,"leadMs":8,"scheduleSkewMs":79.17989600077271,"schedulingMode":"timeline","audioStartHeadroomMs":-49.67291999980807,"audioStartGuard":"headroom","audioStartCompensationMs":49.67291999980807}
10-11 18:05:24.873 17746 18328 D OutputsAudio: [outputs-audio] stop gain=1.000 release=6.00
10-11 18:05:24.954 17746 18328 D OutputsAudio: [outputs-audio] start hz=700.0 gain=1.000 attack=2.50 release=6.00
10-11 18:05:24.954 17746 18328 D OutputsAudio: [outputs-audio] playMorse.symbol.start sequence=19 symbol=. expected=21311103.224 actual=21311133.424 skew=30.199 batchElapsed=4350.199
10-11 18:05:24.961 17746 17829 D OutputsAudio: [outputs-audio] symbol.info sequence=19 symbol=. timestamp=21311133.424 duration=80.000 expected=21311103.224 skew=30.199 age=7.051
10-11 18:05:24.962 17746 17829 I ReactNativeJS: [outputs] playMorse.symbol {"timestamp":21311140.6589,"wallClock":1760220324962,"symbol":".","durationMs":80,"index":18,"source":"console.replay","correlationId":"console-replay:mgmtqf6qqyinqukr","nativeTimestampMs":21311133.424,"nativeDurationMs":80,"nativeOffsetMs":7.158077001571655,"nativeSequence":19,"monotonicTimestampMs":21311133.424,"nativeExpectedTimestampMs":21311103.224,"nativeStartSkewMs":30.199,"nativeBatchElapsedMs":4350.199,"nativeExpectedSincePriorMs":320,"nativeSincePriorMs":322.397,"nativePatternStartMs":21306783.224,"nativeAgeMs":7.051}
10-11 18:05:24.964 17746 17829 I ReactNativeJS: [outputs] outputs.hapticSymbol {"timestamp":21311141.477077,"wallClock":1760220324962,"enabled":true,"symbol":".","durationMs":80,"platform":"android","source":"console.replay","correlationId":"console-replay:mgmtqf6qqyinqukr","timelineOffsetMs":7.158077001571655}
10-11 18:05:24.964 17746 17829 I ReactNativeJS: [outputs] outputs.flashPulse {"timestamp":21311143.086087,"wallClock":1760220324964,"enabled":true,"durationMs":80,"source":"console.replay","correlationId":"console-replay:mgmtqf6qqyinqukr","timelineOffsetMs":7.158077001571655,"schedulingMode":"timeline","audioStartHeadroomMs":-47.84630599990487,"audioStartGuard":"headroom","audioStartCompensationMs":47.84630599990487}
10-11 18:05:25.035 17746 18328 D OutputsAudio: [outputs-audio] stop gain=1.000 release=6.00
10-11 18:05:25.046 17746 17829 I ReactNativeJS: [outputs] outputs.flashPulse.commit {"timestamp":21311225.013222,"wallClock":1760220325046,"durationMs":80,"source":"console.replay","correlationId":"console-replay:mgmtqf6qqyinqukr","latencyMs":84.42203100025654,"timelineOffsetMs":7.158077001571655,"leadMs":8,"scheduleSkewMs":81.9311980009079,"schedulingMode":"timeline","audioStartHeadroomMs":-47.84630599990487,"audioStartGuard":"headroom","audioStartCompensationMs":47.84630599990487}
10-11 18:05:25.116 17746 18328 D OutputsAudio: [outputs-audio] start hz=700.0 gain=1.000 attack=2.50 release=6.00
10-11 18:05:25.116 17746 18328 D OutputsAudio: [outputs-audio] playMorse.symbol.start sequence=20 symbol=. expected=21311263.224 actual=21311295.217 skew=31.993 batchElapsed=4511.993
10-11 18:05:25.146 17746 17829 D OutputsAudio: [outputs-audio] symbol.info sequence=20 symbol=. timestamp=21311295.217 duration=80.000 expected=21311263.224 skew=31.993 age=29.543
10-11 18:05:25.147 17746 17829 I ReactNativeJS: [outputs] playMorse.symbol {"timestamp":21311325.010254,"wallClock":1760220325146,"symbol":".","durationMs":80,"index":19,"source":"console.replay","correlationId":"console-replay:mgmtqfbuhk558jyc","nativeTimestampMs":21311295.217,"nativeDurationMs":80,"nativeOffsetMs":29.694660000503063,"nativeSequence":20,"monotonicTimestampMs":21311295.217,"nativeExpectedTimestampMs":21311263.224,"nativeStartSkewMs":31.993,"nativeBatchElapsedMs":4511.993,"nativeExpectedSincePriorMs":160,"nativeSincePriorMs":161.793,"nativePatternStartMs":21306783.224,"nativeAgeMs":29.543}
10-11 18:05:25.147 17746 17829 I ReactNativeJS: [outputs] outputs.hapticSymbol {"timestamp":21311325.780827,"wallClock":1760220325147,"enabled":true,"symbol":".","durationMs":80,"platform":"android","source":"console.replay","correlationId":"console-replay:mgmtqfbuhk558jyc","timelineOffsetMs":29.694660000503063}
10-11 18:05:25.148 17746 17829 I ReactNativeJS: [outputs] outputs.flashPulse {"timestamp":21311326.485306,"wallClock":1760220325147,"enabled":true,"durationMs":80,"source":"console.replay","correlationId":"console-replay:mgmtqfbuhk558jyc","timelineOffsetMs":29.694660000503063,"schedulingMode":"timeline","audioStartHeadroomMs":-71.24885800108314,"audioStartGuard":"headroom","audioStartCompensationMs":71.24885800108314}
10-11 18:05:25.197 17746 18328 D OutputsAudio: [outputs-audio] stop gain=1.000 release=6.00
10-11 18:05:25.221 17746 17829 I ReactNativeJS: [outputs] outputs.flashPulse.commit {"timestamp":21311399.467493,"wallClock":1760220325220,"durationMs":80,"source":"console.replay","correlationId":"console-replay:mgmtqfbuhk558jyc","latencyMs":74.54531199857593,"timelineOffsetMs":29.694660000503063,"leadMs":8,"scheduleSkewMs":72.98203099891543,"schedulingMode":"timeline","audioStartHeadroomMs":-71.24885800108314,"audioStartGuard":"headroom","audioStartCompensationMs":71.24885800108314}
10-11 18:05:25.278 17746 18328 D OutputsAudio: [outputs-audio] start hz=700.0 gain=1.000 attack=2.50 release=6.00
10-11 18:05:25.278 17746 18328 D OutputsAudio: [outputs-audio] playMorse.symbol.start sequence=21 symbol=. expected=21311423.224 actual=21311457.082 skew=33.858 batchElapsed=4673.858
10-11 18:05:25.280 17746 17829 D OutputsAudio: [outputs-audio] symbol.info sequence=21 symbol=. timestamp=21311457.082 duration=80.000 expected=21311423.224 skew=33.858 age=2.123
10-11 18:05:25.281 17746 17829 I ReactNativeJS: [outputs] playMorse.symbol {"timestamp":21311459.32192,"wallClock":1760220325280,"symbol":".","durationMs":80,"index":20,"source":"console.replay","correlationId":"console-replay:mgmtqffkw6kocvsr","nativeTimestampMs":21311457.082,"nativeDurationMs":80,"nativeOffsetMs":2.1916910000145435,"nativeSequence":21,"monotonicTimestampMs":21311457.082,"nativeExpectedTimestampMs":21311423.224,"nativeStartSkewMs":33.858,"nativeBatchElapsedMs":4673.858,"nativeExpectedSincePriorMs":160,"nativeSincePriorMs":161.866,"nativePatternStartMs":21306783.224,"nativeAgeMs":2.123}
10-11 18:05:25.281 17746 17829 I ReactNativeJS: [outputs] outputs.hapticSymbol {"timestamp":21311459.820306,"wallClock":1760220325281,"enabled":true,"symbol":".","durationMs":80,"platform":"android","source":"console.replay","correlationId":"console-replay:mgmtqffkw6kocvsr","timelineOffsetMs":2.1916910000145435}
10-11 18:05:25.282 17746 17829 I ReactNativeJS: [outputs] outputs.flashPulse {"timestamp":21311460.461035,"wallClock":1760220325281,"enabled":true,"durationMs":80,"source":"console.replay","correlationId":"console-replay:mgmtqffkw6kocvsr","timelineOffsetMs":2.1916910000145435,"schedulingMode":"timeline","audioStartHeadroomMs":-45.22760799899697,"audioStartGuard":"headroom","audioStartCompensationMs":45.22760799899697}
10-11 18:05:25.352 17746 17829 I ReactNativeJS: [outputs] outputs.flashPulse.commit {"timestamp":21311530.67291,"wallClock":1760220325352,"durationMs":80,"source":"console.replay","correlationId":"console-replay:mgmtqffkw6kocvsr","latencyMs":71.3893750011921,"timelineOffsetMs":2.1916910000145435,"leadMs":8,"scheduleSkewMs":70.21005199849606,"schedulingMode":"timeline","audioStartHeadroomMs":-45.22760799899697,"audioStartGuard":"headroom","audioStartCompensationMs":45.22760799899697}
10-11 18:05:25.359 17746 18328 D OutputsAudio: [outputs-audio] stop gain=1.000 release=6.00
10-11 18:05:25.439 17746 18328 D OutputsAudio: [outputs-audio] start hz=700.0 gain=1.000 attack=2.50 release=6.00
10-11 18:05:25.439 17746 18328 D OutputsAudio: [outputs-audio] playMorse.symbol.start sequence=22 symbol=- expected=21311583.224 actual=21311618.545 skew=35.321 batchElapsed=4835.321
10-11 18:05:25.456 17746 17829 D OutputsAudio: [outputs-audio] symbol.info sequence=22 symbol=- timestamp=21311618.545 duration=240.000 expected=21311583.224 skew=35.321 age=16.130
10-11 18:05:25.458 17746 17829 I ReactNativeJS: [outputs] playMorse.symbol {"timestamp":21311635.207181,"wallClock":1760220325456,"symbol":"-","durationMs":240,"index":21,"source":"console.replay","correlationId":"console-replay:mgmtqfkg9g68q81p","nativeTimestampMs":21311618.545,"nativeDurationMs":240,"nativeOffsetMs":16.47895099967718,"nativeSequence":22,"monotonicTimestampMs":21311618.545,"nativeExpectedTimestampMs":21311583.224,"nativeStartSkewMs":35.321,"nativeBatchElapsedMs":4835.321,"nativeExpectedSincePriorMs":160,"nativeSincePriorMs":161.463,"nativePatternStartMs":21306783.224,"nativeAgeMs":16.13}
10-11 18:05:25.460 17746 17829 I ReactNativeJS: [outputs] outputs.hapticSymbol {"timestamp":21311637.393743,"wallClock":1760220325458,"enabled":true,"symbol":"-","durationMs":240,"platform":"android","source":"console.replay","correlationId":"console-replay:mgmtqfkg9g68q81p","timelineOffsetMs":16.47895099967718}
10-11 18:05:25.462 17746 17829 I ReactNativeJS: [outputs] outputs.flashPulse {"timestamp":21311640.070983,"wallClock":1760220325461,"enabled":true,"durationMs":240,"source":"console.replay","correlationId":"console-replay:mgmtqfkg9g68q81p","timelineOffsetMs":16.47895099967718,"schedulingMode":"timeline","audioStartHeadroomMs":-64.74776399880648,"audioStartGuard":"headroom","audioStartCompensationMs":64.74776399880648}
10-11 18:05:25.540 17746 17829 I ReactNativeJS: [outputs] outputs.flashPulse.commit {"timestamp":21311718.830306,"wallClock":1760220325540,"durationMs":240,"source":"console.replay","correlationId":"console-replay:mgmtqfkg9g68q81p","latencyMs":83.79671899974346,"timelineOffsetMs":16.47895099967718,"leadMs":8,"scheduleSkewMs":78.84239600226283,"schedulingMode":"timeline","audioStartHeadroomMs":-64.74776399880648,"audioStartGuard":"headroom","audioStartCompensationMs":64.74776399880648}
10-11 18:05:25.680 17746 18328 D OutputsAudio: [outputs-audio] stop gain=1.000 release=6.00
10-11 18:05:25.761 17746 18328 D OutputsAudio: [outputs-audio] start hz=700.0 gain=1.000 attack=2.50 release=6.00
10-11 18:05:25.761 17746 18328 D OutputsAudio: [outputs-audio] playMorse.symbol.start sequence=23 symbol=- expected=21311903.224 actual=21311939.881 skew=36.657 batchElapsed=5156.657
10-11 18:05:25.772 17746 17829 D OutputsAudio: [outputs-audio] symbol.info sequence=23 symbol=- timestamp=21311939.881 duration=240.000 expected=21311903.224 skew=36.657 age=11.250
10-11 18:05:25.774 17746 17829 I ReactNativeJS: [outputs] playMorse.symbol {"timestamp":21311951.372441,"wallClock":1760220325772,"symbol":"-","durationMs":240,"index":22,"source":"console.replay","correlationId":"console-replay:mgmtqft8ydbrr3oh","nativeTimestampMs":21311939.881,"nativeDurationMs":240,"nativeOffsetMs":11.392221998423338,"nativeSequence":23,"monotonicTimestampMs":21311939.881,"nativeExpectedTimestampMs":21311903.224,"nativeStartSkewMs":36.657,"nativeBatchElapsedMs":5156.657,"nativeExpectedSincePriorMs":320,"nativeSincePriorMs":321.335,"nativePatternStartMs":21306783.224,"nativeAgeMs":11.25}
10-11 18:05:25.775 17746 17829 I ReactNativeJS: [outputs] outputs.hapticSymbol {"timestamp":21311952.756035,"wallClock":1760220325774,"enabled":true,"symbol":"-","durationMs":240,"platform":"android","source":"console.replay","correlationId":"console-replay:mgmtqft8ydbrr3oh","timelineOffsetMs":11.392221998423338}
10-11 18:05:25.778 17746 17829 I ReactNativeJS: [outputs] outputs.flashPulse {"timestamp":21311955.710514,"wallClock":1760220325777,"enabled":true,"durationMs":240,"source":"console.replay","correlationId":"console-replay:mgmtqft8ydbrr3oh","timelineOffsetMs":11.392221998423338,"schedulingMode":"timeline","audioStartHeadroomMs":-60.46995100006461,"audioStartGuard":"headroom","audioStartCompensationMs":60.46995100006461}
10-11 18:05:25.853 17746 17829 I ReactNativeJS: [outputs] outputs.flashPulse.commit {"timestamp":21312031.724524,"wallClock":1760220325853,"durationMs":240,"source":"console.replay","correlationId":"console-replay:mgmtqft8ydbrr3oh","latencyMs":80.44135399907827,"timelineOffsetMs":11.392221998423338,"leadMs":8,"scheduleSkewMs":76.01755199953914,"schedulingMode":"timeline","audioStartHeadroomMs":-60.46995100006461,"audioStartGuard":"headroom","audioStartCompensationMs":60.46995100006461}
10-11 18:05:26.002 17746 18328 D OutputsAudio: [outputs-audio] stop gain=1.000 release=6.00
10-11 18:05:26.083 17746 18328 D OutputsAudio: [outputs-audio] start hz=700.0 gain=1.000 attack=2.50 release=6.00
10-11 18:05:26.083 17746 18328 D OutputsAudio: [outputs-audio] playMorse.symbol.start sequence=24 symbol=- expected=21312223.224 actual=21312261.936 skew=38.712 batchElapsed=5478.712
10-11 18:05:26.090 17746 17829 D OutputsAudio: [outputs-audio] symbol.info sequence=24 symbol=- timestamp=21312261.936 duration=240.000 expected=21312223.224 skew=38.712 age=6.699
10-11 18:05:26.091 17746 17829 I ReactNativeJS: [outputs] playMorse.symbol {"timestamp":21312268.88291,"wallClock":1760220326090,"symbol":"-","durationMs":240,"index":23,"source":"console.replay","correlationId":"console-replay:mgmtqg22fjesycei","nativeTimestampMs":21312261.936,"nativeDurationMs":240,"nativeOffsetMs":6.8388889990746975,"nativeSequence":24,"monotonicTimestampMs":21312261.936,"nativeExpectedTimestampMs":21312223.224,"nativeStartSkewMs":38.712,"nativeBatchElapsedMs":5478.712,"nativeExpectedSincePriorMs":320,"nativeSincePriorMs":322.055,"nativePatternStartMs":21306783.224,"nativeAgeMs":6.699}
10-11 18:05:26.092 17746 17829 I ReactNativeJS: [outputs] outputs.hapticSymbol {"timestamp":21312270.194472,"wallClock":1760220326091,"enabled":true,"symbol":"-","durationMs":240,"platform":"android","source":"console.replay","correlationId":"console-replay:mgmtqg22fjesycei","timelineOffsetMs":6.8388889990746975}
10-11 18:05:26.099 17746 17829 I ReactNativeJS: [outputs] outputs.flashPulse {"timestamp":21312276.240305,"wallClock":1760220326097,"enabled":true,"durationMs":240,"source":"console.replay","correlationId":"console-replay:mgmtqg22fjesycei","timelineOffsetMs":6.8388889990746975,"schedulingMode":"timeline","audioStartHeadroomMs":-60.995680000633,"audioStartGuard":"headroom","audioStartCompensationMs":60.995680000633}
10-11 18:05:26.166 17746 17829 I ReactNativeJS: [outputs] outputs.flashPulse.commit {"timestamp":21312345.148274,"wallClock":1760220326166,"durationMs":240,"source":"console.replay","correlationId":"console-replay:mgmtqg22fjesycei","latencyMs":76.3641659989953,"timelineOffsetMs":6.8388889990746975,"leadMs":8,"scheduleSkewMs":68.91614500060678,"schedulingMode":"timeline","audioStartHeadroomMs":-60.995680000633,"audioStartGuard":"headroom","audioStartCompensationMs":60.995680000633}
10-11 18:05:26.324 17746 18328 D OutputsAudio: [outputs-audio] stop gain=1.000 release=6.00
10-11 18:05:26.405 17746 18328 D OutputsAudio: [outputs-audio] start hz=700.0 gain=1.000 attack=2.50 release=6.00
10-11 18:05:26.405 17746 18328 D OutputsAudio: [outputs-audio] playMorse.symbol.start sequence=25 symbol=. expected=21312543.224 actual=21312583.929 skew=40.705 batchElapsed=5800.705
10-11 18:05:26.417 17746 17829 D OutputsAudio: [outputs-audio] symbol.info sequence=25 symbol=. timestamp=21312583.929 duration=80.000 expected=21312543.224 skew=40.705 age=12.380
10-11 18:05:26.418 17746 17829 I ReactNativeJS: [outputs] playMorse.symbol {"timestamp":21312596.496243,"wallClock":1760220326417,"symbol":".","durationMs":80,"index":24,"source":"console.replay","correlationId":"console-replay:mgmtqgb5m0llga8s","nativeTimestampMs":21312583.929,"nativeDurationMs":80,"nativeOffsetMs":12.489326000213623,"nativeSequence":25,"monotonicTimestampMs":21312583.929,"nativeExpectedTimestampMs":21312543.224,"nativeStartSkewMs":40.705,"nativeBatchElapsedMs":5800.705,"nativeExpectedSincePriorMs":320,"nativeSincePriorMs":321.993,"nativePatternStartMs":21306783.224,"nativeAgeMs":12.38}
10-11 18:05:26.419 17746 17829 I ReactNativeJS: [outputs] outputs.hapticSymbol {"timestamp":21312597.227389,"wallClock":1760220326418,"enabled":true,"symbol":".","durationMs":80,"platform":"android","source":"console.replay","correlationId":"console-replay:mgmtqgb5m0llga8s","timelineOffsetMs":12.489326000213623}
10-11 18:05:26.419 17746 17829 I ReactNativeJS: [outputs] outputs.flashPulse {"timestamp":21312598.062232,"wallClock":1760220326419,"enabled":true,"durationMs":80,"source":"console.replay","correlationId":"console-replay:mgmtqgb5m0llga8s","timelineOffsetMs":12.489326000213623,"schedulingMode":"timeline","audioStartHeadroomMs":-62.82359699904919,"audioStartGuard":"headroom","audioStartCompensationMs":62.82359699904919}
10-11 18:05:26.475 17746 17829 I ReactNativeJS: [outputs] outputs.flashPulse.commit {"timestamp":21312653.896711,"wallClock":1760220326475,"durationMs":80,"source":"console.replay","correlationId":"console-replay:mgmtqgb5m0llga8s","latencyMs":57.46817699819803,"timelineOffsetMs":12.489326000213623,"leadMs":8,"scheduleSkewMs":55.83609399944544,"schedulingMode":"timeline","audioStartHeadroomMs":-62.82359699904919,"audioStartGuard":"headroom","audioStartCompensationMs":62.82359699904919}
10-11 18:05:26.485 17746 18328 D OutputsAudio: [outputs-audio] stop gain=1.000 release=6.00
10-11 18:05:26.566 17746 18328 D OutputsAudio: [outputs-audio] start hz=700.0 gain=1.000 attack=2.50 release=6.00
10-11 18:05:26.566 17746 18328 D OutputsAudio: [outputs-audio] playMorse.symbol.start sequence=26 symbol=. expected=21312703.224 actual=21312745.398 skew=42.174 batchElapsed=5962.174
10-11 18:05:26.575 17746 17829 D OutputsAudio: [outputs-audio] symbol.info sequence=26 symbol=. timestamp=21312745.398 duration=80.000 expected=21312703.224 skew=42.174 age=8.695
10-11 18:05:26.576 17746 17829 I ReactNativeJS: [outputs] playMorse.symbol {"timestamp":21312754.262441,"wallClock":1760220326575,"symbol":".","durationMs":80,"index":25,"source":"console.replay","correlationId":"console-replay:mgmtqgfj9eabrwvl","nativeTimestampMs":21312745.398,"nativeDurationMs":80,"nativeOffsetMs":8.793920002877712,"nativeSequence":26,"monotonicTimestampMs":21312745.398,"nativeExpectedTimestampMs":21312703.224,"nativeStartSkewMs":42.174,"nativeBatchElapsedMs":5962.174,"nativeExpectedSincePriorMs":160,"nativeSincePriorMs":161.469,"nativePatternStartMs":21306783.224,"nativeAgeMs":8.695}
10-11 18:05:26.577 17746 17829 I ReactNativeJS: [outputs] outputs.hapticSymbol {"timestamp":21312755.32442,"wallClock":1760220326576,"enabled":true,"symbol":".","durationMs":80,"platform":"android","source":"console.replay","correlationId":"console-replay:mgmtqgfj9eabrwvl","timelineOffsetMs":8.793920002877712}
10-11 18:05:26.578 17746 17829 I ReactNativeJS: [outputs] outputs.flashPulse {"timestamp":21312756.24067,"wallClock":1760220326577,"enabled":true,"durationMs":80,"source":"console.replay","correlationId":"console-replay:mgmtqgfj9eabrwvl","timelineOffsetMs":8.793920002877712,"schedulingMode":"timeline","audioStartHeadroomMs":-60.99948200210929,"audioStartGuard":"headroom","audioStartCompensationMs":60.99948200210929}
10-11 18:05:26.636 17746 17829 I ReactNativeJS: [outputs] outputs.flashPulse.commit {"timestamp":21312814.754732,"wallClock":1760220326636,"durationMs":80,"source":"console.replay","correlationId":"console-replay:mgmtqgfj9eabrwvl","latencyMs":60.55296799913049,"timelineOffsetMs":8.793920002877712,"leadMs":8,"scheduleSkewMs":58.517864000052214,"schedulingMode":"timeline","audioStartHeadroomMs":-60.99948200210929,"audioStartGuard":"headroom","audioStartCompensationMs":60.99948200210929}
10-11 18:05:26.647 17746 18328 D OutputsAudio: [outputs-audio] stop gain=1.000 release=6.00
10-11 18:05:26.728 17746 18328 D OutputsAudio: [outputs-audio] start hz=700.0 gain=1.000 attack=2.50 release=6.00
10-11 18:05:26.728 17746 18328 D OutputsAudio: [outputs-audio] playMorse.symbol.start sequence=27 symbol=. expected=21312863.224 actual=21312907.076 skew=43.852 batchElapsed=6123.852
10-11 18:05:26.747 17746 17829 D OutputsAudio: [outputs-audio] symbol.info sequence=27 symbol=. timestamp=21312907.076 duration=80.000 expected=21312863.224 skew=43.852 age=18.974
10-11 18:05:26.750 17746 17829 I ReactNativeJS: [outputs] playMorse.symbol {"timestamp":21312926.327909,"wallClock":1760220326747,"symbol":".","durationMs":80,"index":26,"source":"console.replay","correlationId":"console-replay:mgmtqgkb68anmgah","nativeTimestampMs":21312907.076,"nativeDurationMs":80,"nativeOffsetMs":19.13815899938345,"nativeSequence":27,"monotonicTimestampMs":21312907.076,"nativeExpectedTimestampMs":21312863.224,"nativeStartSkewMs":43.852,"nativeBatchElapsedMs":6123.852,"nativeExpectedSincePriorMs":160,"nativeSincePriorMs":161.678,"nativePatternStartMs":21306783.224,"nativeAgeMs":18.974}
10-11 18:05:26.751 17746 17829 I ReactNativeJS: [outputs] outputs.hapticSymbol {"timestamp":21312928.84218,"wallClock":1760220326750,"enabled":true,"symbol":".","durationMs":80,"platform":"android","source":"console.replay","correlationId":"console-replay:mgmtqgkb68anmgah","timelineOffsetMs":19.13815899938345}
10-11 18:05:26.758 17746 17829 I ReactNativeJS: [outputs] outputs.flashPulse {"timestamp":21312935.36843,"wallClock":1760220326756,"enabled":true,"durationMs":80,"source":"console.replay","correlationId":"console-replay:mgmtqgkb68anmgah","timelineOffsetMs":19.13815899938345,"schedulingMode":"timeline","audioStartHeadroomMs":-80.10015900060534,"audioStartGuard":"headroom","audioStartCompensationMs":80.10015900060534}
10-11 18:05:26.809 17746 18328 D OutputsAudio: [outputs-audio] stop gain=1.000 release=6.00
10-11 18:05:26.809 17746 18328 D OutputsAudio: [outputs-audio] stop gain=1.000 release=6.00
10-11 18:05:26.809 17746 18328 D OutputsAudio: [outputs-audio] playMorse.end cancelled=0
10-11 18:05:26.840 17746 17829 I ReactNativeJS: [outputs] outputs.flashPulse.commit {"timestamp":21313018.739055,"wallClock":1760220326840,"durationMs":80,"source":"console.replay","correlationId":"console-replay:mgmtqgkb68anmgah","latencyMs":92.514114998281,"timelineOffsetMs":19.13815899938345,"leadMs":8,"scheduleSkewMs":83.39531299844384,"schedulingMode":"timeline","audioStartHeadroomMs":-80.10015900060534,"audioStartGuard":"headroom","audioStartCompensationMs":80.10015900060534}
10-11 18:05:26.885 17746 17829 I ReactNativeJS: [outputs] playMorse.complete {"timestamp":21313063.760201,"wallClock":1760220326885,"durationMs":6533.888070996851,"source":"console.replay","audioEnabled":true,"audioVolumePercent":100}
10-11 18:05:30.694 17746 17829 I ReactNativeJS: [outputs] playMorse.start {"timestamp":21316872.316449,"wallClock":1760220330693,"unitMs":60,"length":28,"source":"console.replay","audioEnabled":true,"audioVolumePercent":100}
10-11 18:05:30.891 17746 17829 D OutputsAudio: [outputs-audio] warmup hz=700.0
10-11 18:05:30.892 17746 18380 D OutputsAudio: [outputs-audio] playMorse.start count=27 unit=60.0
10-11 18:05:30.892 17746 18380 D OutputsAudio: [outputs-audio] start hz=700.0 gain=1.000 attack=2.50 release=6.00
10-11 18:05:30.892 17746 18380 D OutputsAudio: [outputs-audio] playMorse.symbol.start sequence=1 symbol=. expected=21317071.077 actual=21317071.090 skew=0.013 batchElapsed=0.013
10-11 18:05:30.905 17746 17829 D OutputsAudio: [outputs-audio] symbol.info sequence=1 symbol=. timestamp=21317071.090 duration=60.000 expected=21317071.077 skew=0.013 age=12.734
10-11 18:05:30.911 17746 17829 I ReactNativeJS: [outputs] playMorse.symbol {"timestamp":21317084.088533,"wallClock":1760220330905,"symbol":".","durationMs":60,"index":0,"source":"console.replay","correlationId":"console-replay:mgmtqjrt8w4ux6ps","nativeTimestampMs":21317071.09,"nativeDurationMs":60,"nativeOffsetMs":12.868220001459122,"nativeSequence":1,"monotonicTimestampMs":21317071.09,"nativeExpectedTimestampMs":21317071.077,"nativeStartSkewMs":0.013,"nativeBatchElapsedMs":0.013,"nativeExpectedSincePriorMs":0,"nativeSincePriorMs":0,"nativePatternStartMs":21317071.077,"nativeAgeMs":12.734}
10-11 18:05:30.912 17746 17829 I ReactNativeJS: [outputs] outputs.hapticSymbol {"timestamp":21317090.43796,"wallClock":1760220330911,"enabled":true,"symbol":".","durationMs":60,"platform":"android","source":"console.replay","correlationId":"console-replay:mgmtqjrt8w4ux6ps","timelineOffsetMs":12.868220001459122}
10-11 18:05:30.913 17746 17829 I ReactNativeJS: [outputs] outputs.flashPulse {"timestamp":21317091.300929,"wallClock":1760220330912,"enabled":true,"durationMs":60,"source":"console.replay","correlationId":"console-replay:mgmtqjrt8w4ux6ps","timelineOffsetMs":12.868220001459122,"schedulingMode":"timeline","audioStartHeadroomMs":-28.209033001214266,"audioStartGuard":"headroom","audioStartCompensationMs":28.209033001214266}
10-11 18:05:30.952 17746 18380 D OutputsAudio: [outputs-audio] stop gain=1.000 release=6.00
10-11 18:05:30.972 17746 17829 I ReactNativeJS: [outputs] outputs.flashPulse.commit {"timestamp":21317150.488272,"wallClock":1760220330971,"durationMs":60,"source":"console.replay","correlationId":"console-replay:mgmtqjrt8w4ux6ps","latencyMs":66.51968799903989,"timelineOffsetMs":12.868220001459122,"leadMs":8,"scheduleSkewMs":59.18921900168061,"schedulingMode":"timeline","audioStartHeadroomMs":-28.209033001214266,"audioStartGuard":"headroom","audioStartCompensationMs":28.209033001214266}
10-11 18:05:31.013 17746 18380 D OutputsAudio: [outputs-audio] start hz=700.0 gain=1.000 attack=2.50 release=6.00
10-11 18:05:31.013 17746 18380 D OutputsAudio: [outputs-audio] playMorse.symbol.start sequence=2 symbol=. expected=21317191.077 actual=21317191.797 skew=0.720 batchElapsed=120.720
10-11 18:05:31.017 17746 17829 D OutputsAudio: [outputs-audio] symbol.info sequence=2 symbol=. timestamp=21317191.797 duration=60.000 expected=21317191.077 skew=0.720 age=4.201
10-11 18:05:31.018 17746 17829 I ReactNativeJS: [outputs] playMorse.symbol {"timestamp":21317196.190356,"wallClock":1760220331017,"symbol":".","durationMs":60,"index":1,"source":"console.replay","correlationId":"console-replay:mgmtqjuxjv9v9fc9","nativeTimestampMs":21317191.797,"nativeDurationMs":60,"nativeOffsetMs":4.3386679999530315,"nativeSequence":2,"monotonicTimestampMs":21317191.797,"nativeExpectedTimestampMs":21317191.077,"nativeStartSkewMs":0.72,"nativeBatchElapsedMs":120.72,"nativeExpectedSincePriorMs":120,"nativeSincePriorMs":120.707,"nativePatternStartMs":21317071.077,"nativeAgeMs":4.201}
10-11 18:05:31.018 17746 17829 I ReactNativeJS: [outputs] outputs.hapticSymbol {"timestamp":21317196.703637,"wallClock":1760220331018,"enabled":true,"symbol":".","durationMs":60,"platform":"android","source":"console.replay","correlationId":"console-replay:mgmtqjuxjv9v9fc9","timelineOffsetMs":4.3386679999530315}
10-11 18:05:31.018 17746 17829 I ReactNativeJS: [outputs] outputs.flashPulse {"timestamp":21317197.233012,"wallClock":1760220331018,"enabled":true,"durationMs":60,"source":"console.replay","correlationId":"console-replay:mgmtqjuxjv9v9fc9","timelineOffsetMs":4.3386679999530315,"schedulingMode":"timeline","audioStartHeadroomMs":-14.147261999547482,"audioStartGuard":"headroom","audioStartCompensationMs":14.147261999547482}
10-11 18:05:31.074 17746 18380 D OutputsAudio: [outputs-audio] stop gain=1.000 release=6.00
10-11 18:05:31.076 17746 17829 I ReactNativeJS: [outputs] outputs.flashPulse.commit {"timestamp":21317254.694366,"wallClock":1760220331076,"durationMs":60,"source":"console.replay","correlationId":"console-replay:mgmtqjuxjv9v9fc9","latencyMs":58.54864600300789,"timelineOffsetMs":4.3386679999530315,"leadMs":8,"scheduleSkewMs":57.458438001573086,"schedulingMode":"timeline","audioStartHeadroomMs":-14.147261999547482,"audioStartGuard":"headroom","audioStartCompensationMs":14.147261999547482}
10-11 18:05:31.135 17746 18380 D OutputsAudio: [outputs-audio] start hz=700.0 gain=1.000 attack=2.50 release=6.00
10-11 18:05:31.135 17746 18380 D OutputsAudio: [outputs-audio] playMorse.symbol.start sequence=3 symbol=. expected=21317311.077 actual=21317313.881 skew=2.803 batchElapsed=242.803
10-11 18:05:31.159 17746 17829 D OutputsAudio: [outputs-audio] symbol.info sequence=3 symbol=. timestamp=21317313.881 duration=60.000 expected=21317311.077 skew=2.803 age=23.657
10-11 18:05:31.160 17746 17829 I ReactNativeJS: [outputs] playMorse.symbol {"timestamp":21317337.78947,"wallClock":1760220331159,"symbol":".","durationMs":60,"index":2,"source":"console.replay","correlationId":"console-replay:mgmtqjyvk32up6p9","nativeTimestampMs":21317313.881,"nativeDurationMs":60,"nativeOffsetMs":23.81300099939108,"nativeSequence":3,"monotonicTimestampMs":21317313.881,"nativeExpectedTimestampMs":21317311.077,"nativeStartSkewMs":2.803,"nativeBatchElapsedMs":242.803,"nativeExpectedSincePriorMs":120,"nativeSincePriorMs":122.083,"nativePatternStartMs":21317071.077,"nativeAgeMs":23.657}
10-11 18:05:31.160 17746 17829 I ReactNativeJS: [outputs] outputs.hapticSymbol {"timestamp":21317338.766033,"wallClock":1760220331160,"enabled":true,"symbol":".","durationMs":60,"platform":"android","source":"console.replay","correlationId":"console-replay:mgmtqjyvk32up6p9","timelineOffsetMs":23.81300099939108}
10-11 18:05:31.161 17746 17829 I ReactNativeJS: [outputs] outputs.flashPulse {"timestamp":21317339.57921,"wallClock":1760220331160,"enabled":true,"durationMs":60,"source":"console.replay","correlationId":"console-replay:mgmtqjyvk32up6p9","timelineOffsetMs":23.81300099939108,"schedulingMode":"timeline","audioStartHeadroomMs":-36.48861600086093,"audioStartGuard":"headroom","audioStartCompensationMs":36.48861600086093}
10-11 18:05:31.195 17746 18380 D OutputsAudio: [outputs-audio] stop gain=1.000 release=6.00
10-11 18:05:31.213 17746 17829 I ReactNativeJS: [outputs] outputs.flashPulse.commit {"timestamp":21317392.081241,"wallClock":1760220331213,"durationMs":60,"source":"console.replay","correlationId":"console-replay:mgmtqjyvk32up6p9","latencyMs":54.37697900086641,"timelineOffsetMs":23.81300099939108,"leadMs":8,"scheduleSkewMs":52.50296800211072,"schedulingMode":"timeline","audioStartHeadroomMs":-36.48861600086093,"audioStartGuard":"headroom","audioStartCompensationMs":36.48861600086093}
10-11 18:05:31.256 17746 18380 D OutputsAudio: [outputs-audio] start hz=700.0 gain=1.000 attack=2.50 release=6.00
10-11 18:05:31.256 17746 18380 D OutputsAudio: [outputs-audio] playMorse.symbol.start sequence=4 symbol=- expected=21317431.077 actual=21317435.188 skew=4.111 batchElapsed=364.111
10-11 18:05:31.263 17746 17829 D OutputsAudio: [outputs-audio] symbol.info sequence=4 symbol=- timestamp=21317435.188 duration=180.000 expected=21317431.077 skew=4.111 age=6.918
10-11 18:05:31.264 17746 17829 I ReactNativeJS: [outputs] playMorse.symbol {"timestamp":21317442.226293,"wallClock":1760220331263,"symbol":"-","durationMs":180,"index":3,"source":"console.replay","correlationId":"console-replay:mgmtqk1rsogmtsfo","nativeTimestampMs":21317435.188,"nativeDurationMs":180,"nativeOffsetMs":6.988657999783754,"nativeSequence":4,"monotonicTimestampMs":21317435.188,"nativeExpectedTimestampMs":21317431.077,"nativeStartSkewMs":4.111,"nativeBatchElapsedMs":364.111,"nativeExpectedSincePriorMs":120,"nativeSincePriorMs":121.307,"nativePatternStartMs":21317071.077,"nativeAgeMs":6.918}
10-11 18:05:31.264 17746 17829 I ReactNativeJS: [outputs] outputs.hapticSymbol {"timestamp":21317442.787335,"wallClock":1760220331264,"enabled":true,"symbol":"-","durationMs":180,"platform":"android","source":"console.replay","correlationId":"console-replay:mgmtqk1rsogmtsfo","timelineOffsetMs":6.988657999783754}
10-11 18:05:31.265 17746 17829 I ReactNativeJS: [outputs] outputs.flashPulse {"timestamp":21317443.357387,"wallClock":1760220331264,"enabled":true,"durationMs":180,"source":"console.replay","correlationId":"console-replay:mgmtqk1rsogmtsfo","timelineOffsetMs":6.988657999783754,"schedulingMode":"timeline","audioStartHeadroomMs":-20.27054300159216,"audioStartGuard":"headroom","audioStartCompensationMs":20.27054300159216}
10-11 18:05:31.332 17746 17829 I ReactNativeJS: [outputs] outputs.flashPulse.commit {"timestamp":21317510.451345,"wallClock":1760220331331,"durationMs":180,"source":"console.replay","correlationId":"console-replay:mgmtqk1rsogmtsfo","latencyMs":68.25973900035024,"timelineOffsetMs":6.988657999783754,"leadMs":8,"scheduleSkewMs":67.08718699961901,"schedulingMode":"timeline","audioStartHeadroomMs":-20.27054300159216,"audioStartGuard":"headroom","audioStartCompensationMs":20.27054300159216}
10-11 18:05:31.436 17746 18380 D OutputsAudio: [outputs-audio] stop gain=1.000 release=6.00
10-11 18:05:31.497 17746 18380 D OutputsAudio: [outputs-audio] start hz=700.0 gain=1.000 attack=2.50 release=6.00
10-11 18:05:31.498 17746 18380 D OutputsAudio: [outputs-audio] playMorse.symbol.start sequence=5 symbol=- expected=21317671.077 actual=21317676.689 skew=5.611 batchElapsed=605.611
10-11 18:05:31.506 17746 17829 D OutputsAudio: [outputs-audio] symbol.info sequence=5 symbol=- timestamp=21317676.689 duration=180.000 expected=21317671.077 skew=5.611 age=8.768
10-11 18:05:31.509 17746 17829 I ReactNativeJS: [outputs] playMorse.symbol {"timestamp":21317685.660199,"wallClock":1760220331507,"symbol":"-","durationMs":180,"index":4,"source":"console.replay","correlationId":"console-replay:mgmtqk8jhjrxm7m9","nativeTimestampMs":21317676.689,"nativeDurationMs":180,"nativeOffsetMs":8.878699000924826,"nativeSequence":5,"monotonicTimestampMs":21317676.689,"nativeExpectedTimestampMs":21317671.077,"nativeStartSkewMs":5.611,"nativeBatchElapsedMs":605.611,"nativeExpectedSincePriorMs":240,"nativeSincePriorMs":241.501,"nativePatternStartMs":21317071.077,"nativeAgeMs":8.768}
10-11 18:05:31.510 17746 17829 I ReactNativeJS: [outputs] outputs.hapticSymbol {"timestamp":21317687.799678,"wallClock":1760220331509,"enabled":true,"symbol":"-","durationMs":180,"platform":"android","source":"console.replay","correlationId":"console-replay:mgmtqk8jhjrxm7m9","timelineOffsetMs":8.878699000924826}
10-11 18:05:31.511 17746 17829 I ReactNativeJS: [outputs] outputs.flashPulse {"timestamp":21317689.357543,"wallClock":1760220331510,"enabled":true,"durationMs":180,"source":"console.replay","correlationId":"console-replay:mgmtqk8jhjrxm7m9","timelineOffsetMs":8.878699000924826,"schedulingMode":"timeline","audioStartHeadroomMs":-26.262522000819445,"audioStartGuard":"headroom","audioStartCompensationMs":26.262522000819445}
10-11 18:05:31.578 17746 17829 I ReactNativeJS: [outputs] outputs.flashPulse.commit {"timestamp":21317756.370512,"wallClock":1760220331577,"durationMs":180,"source":"console.replay","correlationId":"console-replay:mgmtqk8jhjrxm7m9","latencyMs":70.79354200139642,"timelineOffsetMs":8.878699000924826,"leadMs":8,"scheduleSkewMs":67.01875000074506,"schedulingMode":"timeline","audioStartHeadroomMs":-26.262522000819445,"audioStartGuard":"headroom","audioStartCompensationMs":26.262522000819445}
10-11 18:05:31.678 17746 18380 D OutputsAudio: [outputs-audio] stop gain=1.000 release=6.00
10-11 18:05:31.738 17746 18380 D OutputsAudio: [outputs-audio] start hz=700.0 gain=1.000 attack=2.50 release=6.00
10-11 18:05:31.738 17746 18380 D OutputsAudio: [outputs-audio] playMorse.symbol.start sequence=6 symbol=- expected=21317911.077 actual=21317917.320 skew=6.243 batchElapsed=846.243
10-11 18:05:31.752 17746 17829 D OutputsAudio: [outputs-audio] symbol.info sequence=6 symbol=- timestamp=21317917.320 duration=180.000 expected=21317911.077 skew=6.243 age=14.031
10-11 18:05:31.754 17746 17829 I ReactNativeJS: [outputs] playMorse.symbol {"timestamp":21317931.648012,"wallClock":1760220331753,"symbol":"-","durationMs":180,"index":5,"source":"console.replay","correlationId":"console-replay:mgmtqkfdlhm9m5r7","nativeTimestampMs":21317917.32,"nativeDurationMs":180,"nativeOffsetMs":14.20066799968481,"nativeSequence":6,"monotonicTimestampMs":21317917.32,"nativeExpectedTimestampMs":21317911.077,"nativeStartSkewMs":6.243,"nativeBatchElapsedMs":846.243,"nativeExpectedSincePriorMs":240,"nativeSincePriorMs":240.631,"nativePatternStartMs":21317071.077,"nativeAgeMs":14.031}
10-11 18:05:31.754 17746 17829 I ReactNativeJS: [outputs] outputs.hapticSymbol {"timestamp":21317932.988116,"wallClock":1760220331754,"enabled":true,"symbol":"-","durationMs":180,"platform":"android","source":"console.replay","correlationId":"console-replay:mgmtqkfdlhm9m5r7","timelineOffsetMs":14.20066799968481}
10-11 18:05:31.755 17746 17829 I ReactNativeJS: [outputs] outputs.flashPulse {"timestamp":21317933.986762,"wallClock":1760220331755,"enabled":true,"durationMs":180,"source":"console.replay","correlationId":"console-replay:mgmtqkfdlhm9m5r7","timelineOffsetMs":14.20066799968481,"schedulingMode":"timeline","audioStartHeadroomMs":-30.892521999776363,"audioStartGuard":"headroom","audioStartCompensationMs":30.892521999776363}
10-11 18:05:31.821 17746 17829 I ReactNativeJS: [outputs] outputs.flashPulse.commit {"timestamp":21318000.04848,"wallClock":1760220331821,"durationMs":180,"source":"console.replay","correlationId":"console-replay:mgmtqkfdlhm9m5r7","latencyMs":68.51656199991703,"timelineOffsetMs":14.20066799968481,"leadMs":8,"scheduleSkewMs":66.06411400064826,"schedulingMode":"timeline","audioStartHeadroomMs":-30.892521999776363,"audioStartGuard":"headroom","audioStartCompensationMs":30.892521999776363}
10-11 18:05:31.918 17746 18380 D OutputsAudio: [outputs-audio] stop gain=1.000 release=6.00
10-11 18:05:31.979 17746 18380 D OutputsAudio: [outputs-audio] start hz=700.0 gain=1.000 attack=2.50 release=6.00
10-11 18:05:31.979 17746 18380 D OutputsAudio: [outputs-audio] playMorse.symbol.start sequence=7 symbol=. expected=21318151.077 actual=21318157.784 skew=6.707 batchElapsed=1086.707
10-11 18:05:31.990 17746 17829 D OutputsAudio: [outputs-audio] symbol.info sequence=7 symbol=. timestamp=21318157.784 duration=60.000 expected=21318151.077 skew=6.707 age=11.443
10-11 18:05:31.991 17746 17829 I ReactNativeJS: [outputs] playMorse.symbol {"timestamp":21318169.450511,"wallClock":1760220331990,"symbol":".","durationMs":60,"index":6,"source":"console.replay","correlationId":"console-replay:mgmtqkly9oamveco","nativeTimestampMs":21318157.784,"nativeDurationMs":60,"nativeOffsetMs":11.56640699878335,"nativeSequence":7,"monotonicTimestampMs":21318157.784,"nativeExpectedTimestampMs":21318151.077,"nativeStartSkewMs":6.707,"nativeBatchElapsedMs":1086.707,"nativeExpectedSincePriorMs":240,"nativeSincePriorMs":240.465,"nativePatternStartMs":21317071.077,"nativeAgeMs":11.443}
10-11 18:05:31.992 17746 17829 I ReactNativeJS: [outputs] outputs.hapticSymbol {"timestamp":21318170.471657,"wallClock":1760220331991,"enabled":true,"symbol":".","durationMs":60,"platform":"android","source":"console.replay","correlationId":"console-replay:mgmtqkly9oamveco","timelineOffsetMs":11.56640699878335}
10-11 18:05:31.994 17746 17829 I ReactNativeJS: [outputs] outputs.flashPulse {"timestamp":21318171.606605,"wallClock":1760220331993,"enabled":true,"durationMs":60,"source":"console.replay","correlationId":"console-replay:mgmtqkly9oamveco","timelineOffsetMs":11.56640699878335,"schedulingMode":"timeline","audioStartHeadroomMs":-28.5098659992218,"audioStartGuard":"headroom","audioStartCompensationMs":28.5098659992218}
10-11 18:05:32.039 17746 18380 D OutputsAudio: [outputs-audio] stop gain=1.000 release=6.00
10-11 18:05:32.068 17746 17829 I ReactNativeJS: [outputs] outputs.flashPulse.commit {"timestamp":21318246.718532,"wallClock":1760220332068,"durationMs":60,"source":"console.replay","correlationId":"console-replay:mgmtqkly9oamveco","latencyMs":77.35807299986482,"timelineOffsetMs":11.56640699878335,"leadMs":8,"scheduleSkewMs":75.11822900176048,"schedulingMode":"timeline","audioStartHeadroomMs":-28.5098659992218,"audioStartGuard":"headroom","audioStartCompensationMs":28.5098659992218}
10-11 18:05:32.100 17746 18380 D OutputsAudio: [outputs-audio] start hz=700.0 gain=1.000 attack=2.50 release=6.00
10-11 18:05:32.100 17746 18380 D OutputsAudio: [outputs-audio] playMorse.symbol.start sequence=8 symbol=. expected=21318271.077 actual=21318279.086 skew=8.009 batchElapsed=1208.009
10-11 18:05:32.112 17746 17829 D OutputsAudio: [outputs-audio] symbol.info sequence=8 symbol=. timestamp=21318279.086 duration=60.000 expected=21318271.077 skew=8.009 age=11.639
10-11 18:05:32.112 17746 17829 I ReactNativeJS: [outputs] playMorse.symbol {"timestamp":21318290.866657,"wallClock":1760220332112,"symbol":".","durationMs":60,"index":7,"source":"console.replay","correlationId":"console-replay:mgmtqkpcdje247sq","nativeTimestampMs":21318279.086,"nativeDurationMs":60,"nativeOffsetMs":11.727011002600193,"nativeSequence":8,"monotonicTimestampMs":21318279.086,"nativeExpectedTimestampMs":21318271.077,"nativeStartSkewMs":8.009,"nativeBatchElapsedMs":1208.009,"nativeExpectedSincePriorMs":120,"nativeSincePriorMs":121.302,"nativePatternStartMs":21317071.077,"nativeAgeMs":11.639}
