10-11 17:19:16.107 28938 29004 I ReactNativeJS: [outputs] playMorse.symbol {"timestamp":18579628.110254,"wallClock":1760217556106,"symbol":"-","durationMs":144,"index":9,"source":"console.replay","correlationId":"console-replay:mgms32q2zz6waf56","nativeTimestampMs":18579596.936,"nativeDurationMs":144,"nativeOffsetMs":31.125399999320507,"nativeSequence":10,"monotonicTimestampMs":18579596.936,"nativeExpectedTimestampMs":18579580.98,"nativeStartSkewMs":15.956,"nativeBatchElapsedMs":1167.956,"nativeExpectedSincePriorMs":96,"nativeSincePriorMs":97.832,"nativePatternStartMs":18578428.98,"nativeAgeMs":31.008}
10-11 17:19:16.107 28938 29004 I ReactNativeJS: [outputs] outputs.hapticSymbol {"timestamp":18579628.590931,"wallClock":1760217556107,"enabled":true,"symbol":"-","durationMs":144,"platform":"android","source":"console.replay","correlationId":"console-replay:mgms32q2zz6waf56","timelineOffsetMs":31.125399999320507}
10-11 17:19:16.108 28938 29004 I ReactNativeJS: [outputs] outputs.flashPulse {"timestamp":18579629.260671,"wallClock":1760217556108,"enabled":true,"durationMs":144,"source":"console.replay","correlationId":"console-replay:mgms32q2zz6waf56","timelineOffsetMs":31.125399999320507,"schedulingMode":"timeline"}
10-11 17:19:16.168 28938 29004 I ReactNativeJS: [outputs] outputs.flashPulse.commit {"timestamp":18579689.216556,"wallClock":1760217556168,"durationMs":144,"source":"console.replay","correlationId":"console-replay:mgms32q2zz6waf56","latencyMs":61.1499480009079,"timelineOffsetMs":31.125399999320507,"leadMs":8,"scheduleSkewMs":69.1499480009079,"schedulingMode":"timeline"}
10-11 17:19:16.220 28938 32090 D OutputsAudio: [outputs-audio] stop gain=1.000 release=6.00
10-11 17:19:16.270 28938 32090 D OutputsAudio: [outputs-audio] start hz=700.0 gain=1.000 attack=2.50 release=6.00
10-11 17:19:16.270 28938 32090 D OutputsAudio: [outputs-audio] playMorse.symbol.start sequence=11 symbol=- expected=18579772.980 actual=18579791.426 skew=18.446 batchElapsed=1362.446
10-11 17:19:16.289 28938 29004 D OutputsAudio: [outputs-audio] symbol.info sequence=11 symbol=- timestamp=18579791.426 duration=144.000 expected=18579772.980 skew=18.446 age=18.808
10-11 17:19:16.289 28938 29004 I ReactNativeJS: [outputs] playMorse.symbol {"timestamp":18579810.4164,"wallClock":1760217556289,"symbol":"-","durationMs":144,"index":10,"source":"console.replay","correlationId":"console-replay:mgms32v5jba615fp","nativeTimestampMs":18579791.426,"nativeDurationMs":144,"nativeOffsetMs":18.917014002799988,"nativeSequence":11,"monotonicTimestampMs":18579791.426,"nativeExpectedTimestampMs":18579772.98,"nativeStartSkewMs":18.446,"nativeBatchElapsedMs":1362.446,"nativeExpectedSincePriorMs":192,"nativeSincePriorMs":194.49,"nativePatternStartMs":18578428.98,"nativeAgeMs":18.808}
10-11 17:19:16.290 28938 29004 I ReactNativeJS: [outputs] outputs.hapticSymbol {"timestamp":18579811.126087,"wallClock":1760217556289,"enabled":true,"symbol":"-","durationMs":144,"platform":"android","source":"console.replay","correlationId":"console-replay:mgms32v5jba615fp","timelineOffsetMs":18.917014002799988}
10-11 17:19:16.291 28938 29004 I ReactNativeJS: [outputs] outputs.flashPulse {"timestamp":18579812.065462,"wallClock":1760217556290,"enabled":true,"durationMs":144,"source":"console.replay","correlationId":"console-replay:mgms32v5jba615fp","timelineOffsetMs":18.917014002799988,"schedulingMode":"timeline"}
10-11 17:19:16.347 28938 29004 I ReactNativeJS: [outputs] outputs.flashPulse.commit {"timestamp":18579867.753275,"wallClock":1760217556346,"durationMs":144,"source":"console.replay","correlationId":"console-replay:mgms32v5jba615fp","latencyMs":57.40369799733162,"timelineOffsetMs":18.917014002799988,"leadMs":8,"scheduleSkewMs":65.40369799733162,"schedulingMode":"timeline"}
10-11 17:19:16.414 28938 32090 D OutputsAudio: [outputs-audio] stop gain=1.000 release=6.00
10-11 17:19:16.463 28938 32090 D OutputsAudio: [outputs-audio] start hz=700.0 gain=1.000 attack=2.50 release=6.00
10-11 17:19:16.463 28938 32090 D OutputsAudio: [outputs-audio] playMorse.symbol.start sequence=12 symbol=- expected=18579964.980 actual=18579984.584 skew=19.604 batchElapsed=1555.604
10-11 17:19:16.470 28938 29004 D OutputsAudio: [outputs-audio] symbol.info sequence=12 symbol=- timestamp=18579984.584 duration=144.000 expected=18579964.980 skew=19.604 age=6.537
10-11 17:19:16.470 28938 29004 I ReactNativeJS: [outputs] playMorse.symbol {"timestamp":18579991.302702,"wallClock":1760217556470,"symbol":"-","durationMs":144,"index":11,"source":"console.replay","correlationId":"console-replay:mgms3306ygcj1r4z","nativeTimestampMs":18579984.584,"nativeDurationMs":144,"nativeOffsetMs":6.642296001315117,"nativeSequence":12,"monotonicTimestampMs":18579984.584,"nativeExpectedTimestampMs":18579964.98,"nativeStartSkewMs":19.604,"nativeBatchElapsedMs":1555.604,"nativeExpectedSincePriorMs":192,"nativeSincePriorMs":193.158,"nativePatternStartMs":18578428.98,"nativeAgeMs":6.537}
10-11 17:19:16.471 28938 29004 I ReactNativeJS: [outputs] outputs.hapticSymbol {"timestamp":18579992.102181,"wallClock":1760217556470,"enabled":true,"symbol":"-","durationMs":144,"platform":"android","source":"console.replay","correlationId":"console-replay:mgms3306ygcj1r4z","timelineOffsetMs":6.642296001315117}
10-11 17:19:16.472 28938 29004 I ReactNativeJS: [outputs] outputs.flashPulse {"timestamp":18579993.125723,"wallClock":1760217556471,"enabled":true,"durationMs":144,"source":"console.replay","correlationId":"console-replay:mgms3306ygcj1r4z","timelineOffsetMs":6.642296001315117,"schedulingMode":"timeline"}
10-11 17:19:16.532 28938 29004 I ReactNativeJS: [outputs] outputs.flashPulse.commit {"timestamp":18580053.349368,"wallClock":1760217556532,"durationMs":144,"source":"console.replay","correlationId":"console-replay:mgms3306ygcj1r4z","latencyMs":62.116978999227285,"timelineOffsetMs":6.642296001315117,"leadMs":8,"scheduleSkewMs":70.11697899922729,"schedulingMode":"timeline"}
10-11 17:19:16.608 28938 32090 D OutputsAudio: [outputs-audio] stop gain=1.000 release=6.00
10-11 17:19:16.657 28938 32090 D OutputsAudio: [outputs-audio] start hz=700.0 gain=1.000 attack=2.50 release=6.00
10-11 17:19:16.657 28938 32090 D OutputsAudio: [outputs-audio] playMorse.symbol.start sequence=13 symbol=. expected=18580156.980 actual=18580178.479 skew=21.500 batchElapsed=1749.500
10-11 17:19:16.669 28938 29004 D OutputsAudio: [outputs-audio] symbol.info sequence=13 symbol=. timestamp=18580178.479 duration=48.000 expected=18580156.980 skew=21.500 age=12.348
10-11 17:19:16.672 28938 29004 I ReactNativeJS: [outputs] playMorse.symbol {"timestamp":18580191.117754,"wallClock":1760217556669,"symbol":".","durationMs":48,"index":12,"source":"console.replay","correlationId":"console-replay:mgms335p7ktu4ld2","nativeTimestampMs":18580178.479,"nativeDurationMs":48,"nativeOffsetMs":12.51927500218153,"nativeSequence":13,"monotonicTimestampMs":18580178.479,"nativeExpectedTimestampMs":18580156.98,"nativeStartSkewMs":21.5,"nativeBatchElapsedMs":1749.5,"nativeExpectedSincePriorMs":192,"nativeSincePriorMs":193.896,"nativePatternStartMs":18578428.98,"nativeAgeMs":12.348}
10-11 17:19:16.674 28938 29004 I ReactNativeJS: [outputs] outputs.hapticSymbol {"timestamp":18580193.326973,"wallClock":1760217556672,"enabled":true,"symbol":".","durationMs":48,"platform":"android","source":"console.replay","correlationId":"console-replay:mgms335p7ktu4ld2","timelineOffsetMs":12.51927500218153}
10-11 17:19:16.675 28938 29004 I ReactNativeJS: [outputs] outputs.flashPulse {"timestamp":18580196.24041,"wallClock":1760217556675,"enabled":true,"durationMs":48,"source":"console.replay","correlationId":"console-replay:mgms335p7ktu4ld2","timelineOffsetMs":12.51927500218153,"schedulingMode":"timeline"}
10-11 17:19:16.705 28938 32090 D OutputsAudio: [outputs-audio] stop gain=1.000 release=6.00
10-11 17:19:16.735 28938 29004 I ReactNativeJS: [outputs] outputs.flashPulse.commit {"timestamp":18580256.288639,"wallClock":1760217556735,"durationMs":48,"source":"console.replay","correlationId":"console-replay:mgms335p7ktu4ld2","latencyMs":65.28364500030875,"timelineOffsetMs":12.51927500218153,"leadMs":8,"scheduleSkewMs":73.28364500030875,"schedulingMode":"timeline"}
10-11 17:19:16.754 28938 32090 D OutputsAudio: [outputs-audio] start hz=700.0 gain=1.000 attack=2.50 release=6.00
10-11 17:19:16.754 28938 32090 D OutputsAudio: [outputs-audio] playMorse.symbol.start sequence=14 symbol=. expected=18580252.980 actual=18580275.822 skew=22.842 batchElapsed=1846.842
10-11 17:19:16.785 28938 29004 D OutputsAudio: [outputs-audio] symbol.info sequence=14 symbol=. timestamp=18580275.822 duration=48.000 expected=18580252.980 skew=22.842 age=31.148
10-11 17:19:16.786 28938 29004 I ReactNativeJS: [outputs] playMorse.symbol {"timestamp":18580307.104368,"wallClock":1760217556785,"symbol":".","durationMs":48,"index":13,"source":"console.replay","correlationId":"console-replay:mgms338x1o7m1ymd","nativeTimestampMs":18580275.822,"nativeDurationMs":48,"nativeOffsetMs":31.230857998132706,"nativeSequence":14,"monotonicTimestampMs":18580275.822,"nativeExpectedTimestampMs":18580252.98,"nativeStartSkewMs":22.842,"nativeBatchElapsedMs":1846.842,"nativeExpectedSincePriorMs":96,"nativeSincePriorMs":97.343,"nativePatternStartMs":18578428.98,"nativeAgeMs":31.148}
10-11 17:19:16.786 28938 29004 I ReactNativeJS: [outputs] outputs.hapticSymbol {"timestamp":18580307.616556,"wallClock":1760217556786,"enabled":true,"symbol":".","durationMs":48,"platform":"android","source":"console.replay","correlationId":"console-replay:mgms338x1o7m1ymd","timelineOffsetMs":31.230857998132706}
10-11 17:19:16.787 28938 29004 I ReactNativeJS: [outputs] outputs.flashPulse {"timestamp":18580308.261504,"wallClock":1760217556787,"enabled":true,"durationMs":48,"source":"console.replay","correlationId":"console-replay:mgms338x1o7m1ymd","timelineOffsetMs":31.230857998132706,"schedulingMode":"timeline"}
10-11 17:19:16.803 28938 32090 D OutputsAudio: [outputs-audio] stop gain=1.000 release=6.00
10-11 17:19:16.838 28938 29004 I ReactNativeJS: [outputs] outputs.flashPulse.commit {"timestamp":18580359.29515,"wallClock":1760217556838,"durationMs":48,"source":"console.replay","correlationId":"console-replay:mgms338x1o7m1ymd","latencyMs":52.23651000112295,"timelineOffsetMs":31.230857998132706,"leadMs":8,"scheduleSkewMs":60.23651000112295,"schedulingMode":"timeline"}
10-11 17:19:16.852 28938 32090 D OutputsAudio: [outputs-audio] start hz=700.0 gain=1.000 attack=2.50 release=6.00
10-11 17:19:16.852 28938 32090 D OutputsAudio: [outputs-audio] playMorse.symbol.start sequence=15 symbol=. expected=18580348.980 actual=18580373.971 skew=24.991 batchElapsed=1944.991
10-11 17:19:16.883 28938 29004 D OutputsAudio: [outputs-audio] symbol.info sequence=15 symbol=. timestamp=18580373.971 duration=48.000 expected=18580348.980 skew=24.991 age=30.495
10-11 17:19:16.883 28938 29004 I ReactNativeJS: [outputs] playMorse.symbol {"timestamp":18580404.588118,"wallClock":1760217556883,"symbol":".","durationMs":48,"index":14,"source":"console.replay","correlationId":"console-replay:mgms33bnk2apqbdk","nativeTimestampMs":18580373.971,"nativeDurationMs":48,"nativeOffsetMs":30.56732700020075,"nativeSequence":15,"monotonicTimestampMs":18580373.971,"nativeExpectedTimestampMs":18580348.98,"nativeStartSkewMs":24.991,"nativeBatchElapsedMs":1944.991,"nativeExpectedSincePriorMs":96,"nativeSincePriorMs":98.149,"nativePatternStartMs":18578428.98,"nativeAgeMs":30.495}
10-11 17:19:16.884 28938 29004 I ReactNativeJS: [outputs] outputs.hapticSymbol {"timestamp":18580405.083379,"wallClock":1760217556883,"enabled":true,"symbol":".","durationMs":48,"platform":"android","source":"console.replay","correlationId":"console-replay:mgms33bnk2apqbdk","timelineOffsetMs":30.56732700020075}
10-11 17:19:16.884 28938 29004 I ReactNativeJS: [outputs] outputs.flashPulse {"timestamp":18580405.71442,"wallClock":1760217556884,"enabled":true,"durationMs":48,"source":"console.replay","correlationId":"console-replay:mgms33bnk2apqbdk","timelineOffsetMs":30.56732700020075,"schedulingMode":"timeline"}
10-11 17:19:16.901 28938 32090 D OutputsAudio: [outputs-audio] stop gain=1.000 release=6.00
10-11 17:19:16.942 28938 29004 I ReactNativeJS: [outputs] outputs.flashPulse.commit {"timestamp":18580463.445462,"wallClock":1760217556942,"durationMs":48,"source":"console.replay","correlationId":"console-replay:mgms33bnk2apqbdk","latencyMs":58.90088500082493,"timelineOffsetMs":30.56732700020075,"leadMs":8,"scheduleSkewMs":66.90088500082493,"schedulingMode":"timeline"}
10-11 17:19:16.950 28938 32090 D OutputsAudio: [outputs-audio] start hz=700.0 gain=1.000 attack=2.50 release=6.00
10-11 17:19:16.950 28938 32090 D OutputsAudio: [outputs-audio] playMorse.symbol.start sequence=16 symbol=- expected=18580444.980 actual=18580471.576 skew=26.596 batchElapsed=2042.596
10-11 17:19:16.998 28938 29004 D OutputsAudio: [outputs-audio] symbol.info sequence=16 symbol=- timestamp=18580471.576 duration=144.000 expected=18580444.980 skew=26.596 age=47.817
10-11 17:19:16.998 28938 29004 I ReactNativeJS: [outputs] playMorse.symbol {"timestamp":18580519.550931,"wallClock":1760217556998,"symbol":"-","durationMs":144,"index":15,"source":"console.replay","correlationId":"console-replay:mgms33euxxqypmv2","nativeTimestampMs":18580471.576,"nativeDurationMs":144,"nativeOffsetMs":47.92118099704385,"nativeSequence":16,"monotonicTimestampMs":18580471.576,"nativeExpectedTimestampMs":18580444.98,"nativeStartSkewMs":26.596,"nativeBatchElapsedMs":2042.596,"nativeExpectedSincePriorMs":96,"nativeSincePriorMs":97.605,"nativePatternStartMs":18578428.98,"nativeAgeMs":47.817}
10-11 17:19:16.999 28938 29004 I ReactNativeJS: [outputs] outputs.hapticSymbol {"timestamp":18580520.148379,"wallClock":1760217556999,"enabled":true,"symbol":"-","durationMs":144,"platform":"android","source":"console.replay","correlationId":"console-replay:mgms33euxxqypmv2","timelineOffsetMs":47.92118099704385}
10-11 17:19:16.999 28938 29004 I ReactNativeJS: [outputs] outputs.flashPulse {"timestamp":18580520.8514,"wallClock":1760217556999,"enabled":true,"durationMs":144,"source":"console.replay","correlationId":"console-replay:mgms33euxxqypmv2","timelineOffsetMs":47.92118099704385,"schedulingMode":"timeline"}
10-11 17:19:17.057 28938 29004 I ReactNativeJS: [outputs] outputs.flashPulse.commit {"timestamp":18580578.378952,"wallClock":1760217557057,"durationMs":144,"source":"console.replay","correlationId":"console-replay:mgms33euxxqypmv2","latencyMs":58.87583300098777,"timelineOffsetMs":47.92118099704385,"leadMs":8,"scheduleSkewMs":66.87583300098777,"schedulingMode":"timeline"}
10-11 17:19:17.094 28938 32090 D OutputsAudio: [outputs-audio] stop gain=1.000 release=6.00
10-11 17:19:17.144 28938 32090 D OutputsAudio: [outputs-audio] start hz=700.0 gain=1.000 attack=2.50 release=6.00
10-11 17:19:17.144 28938 32090 D OutputsAudio: [outputs-audio] playMorse.symbol.start sequence=17 symbol=- expected=18580636.980 actual=18580665.423 skew=28.443 batchElapsed=2236.443
10-11 17:19:17.156 28938 29004 D OutputsAudio: [outputs-audio] symbol.info sequence=17 symbol=- timestamp=18580665.423 duration=144.000 expected=18580636.980 skew=28.443 age=12.326
10-11 17:19:17.157 28938 29004 I ReactNativeJS: [outputs] playMorse.symbol {"timestamp":18580677.934056,"wallClock":1760217557156,"symbol":"-","durationMs":144,"index":16,"source":"console.replay","correlationId":"console-replay:mgms33j8vwu42cfy","nativeTimestampMs":18580665.423,"nativeDurationMs":144,"nativeOffsetMs":12.435846999287605,"nativeSequence":17,"monotonicTimestampMs":18580665.423,"nativeExpectedTimestampMs":18580636.98,"nativeStartSkewMs":28.443,"nativeBatchElapsedMs":2236.443,"nativeExpectedSincePriorMs":192,"nativeSincePriorMs":193.847,"nativePatternStartMs":18578428.98,"nativeAgeMs":12.326}
10-11 17:19:17.158 28938 29004 I ReactNativeJS: [outputs] outputs.hapticSymbol {"timestamp":18580678.72291,"wallClock":1760217557157,"enabled":true,"symbol":"-","durationMs":144,"platform":"android","source":"console.replay","correlationId":"console-replay:mgms33j8vwu42cfy","timelineOffsetMs":12.435846999287605}
10-11 17:19:17.159 28938 29004 I ReactNativeJS: [outputs] outputs.flashPulse {"timestamp":18580679.828639,"wallClock":1760217557158,"enabled":true,"durationMs":144,"source":"console.replay","correlationId":"console-replay:mgms33j8vwu42cfy","timelineOffsetMs":12.435846999287605,"schedulingMode":"timeline"}
10-11 17:19:17.222 28938 29004 I ReactNativeJS: [outputs] outputs.flashPulse.commit {"timestamp":18580743.129264,"wallClock":1760217557222,"durationMs":144,"source":"console.replay","correlationId":"console-replay:mgms33j8vwu42cfy","latencyMs":65.26390700042248,"timelineOffsetMs":12.435846999287605,"leadMs":8,"scheduleSkewMs":73.26390700042248,"schedulingMode":"timeline"}
10-11 17:19:17.289 28938 32090 D OutputsAudio: [outputs-audio] stop gain=1.000 release=6.00
10-11 17:19:17.337 28938 32090 D OutputsAudio: [outputs-audio] start hz=700.0 gain=1.000 attack=2.50 release=6.00
10-11 17:19:17.337 28938 32090 D OutputsAudio: [outputs-audio] playMorse.symbol.start sequence=18 symbol=- expected=18580828.980 actual=18580859.060 skew=30.080 batchElapsed=2430.080
10-11 17:19:17.350 28938 29004 D OutputsAudio: [outputs-audio] symbol.info sequence=18 symbol=- timestamp=18580859.060 duration=144.000 expected=18580828.980 skew=30.080 age=12.879
10-11 17:19:17.352 28938 29004 I ReactNativeJS: [outputs] playMorse.symbol {"timestamp":18580872.24942,"wallClock":1760217557351,"symbol":"-","durationMs":144,"index":17,"source":"console.replay","correlationId":"console-replay:mgms33onmdcwsvy7","nativeTimestampMs":18580859.06,"nativeDurationMs":144,"nativeOffsetMs":13.077493000775576,"nativeSequence":18,"monotonicTimestampMs":18580859.06,"nativeExpectedTimestampMs":18580828.98,"nativeStartSkewMs":30.08,"nativeBatchElapsedMs":2430.08,"nativeExpectedSincePriorMs":192,"nativeSincePriorMs":193.637,"nativePatternStartMs":18578428.98,"nativeAgeMs":12.879}
10-11 17:19:17.352 28938 29004 I ReactNativeJS: [outputs] outputs.hapticSymbol {"timestamp":18580873.270306,"wallClock":1760217557352,"enabled":true,"symbol":"-","durationMs":144,"platform":"android","source":"console.replay","correlationId":"console-replay:mgms33onmdcwsvy7","timelineOffsetMs":13.077493000775576}
10-11 17:19:17.354 28938 29004 I ReactNativeJS: [outputs] outputs.flashPulse {"timestamp":18580874.664056,"wallClock":1760217557353,"enabled":true,"durationMs":144,"source":"console.replay","correlationId":"console-replay:mgms33onmdcwsvy7","timelineOffsetMs":13.077493000775576,"schedulingMode":"timeline"}
10-11 17:19:17.482 28938 32090 D OutputsAudio: [outputs-audio] stop gain=1.000 release=6.00
10-11 17:19:17.489 28938 29004 I ReactNativeJS: [outputs] outputs.flashPulse.commit {"timestamp":18580985.657858,"wallClock":1760217557464,"durationMs":144,"source":"console.replay","correlationId":"console-replay:mgms33onmdcwsvy7","latencyMs":113.50625000149012,"timelineOffsetMs":13.077493000775576,"leadMs":8,"scheduleSkewMs":121.50625000149012,"schedulingMode":"timeline"}
10-11 17:19:17.531 28938 32090 D OutputsAudio: [outputs-audio] start hz=700.0 gain=1.000 attack=2.50 release=6.00
10-11 17:19:17.531 28938 32090 D OutputsAudio: [outputs-audio] playMorse.symbol.start sequence=19 symbol=. expected=18581020.980 actual=18581052.894 skew=31.914 batchElapsed=2623.914
10-11 17:19:17.547 28938 29004 D OutputsAudio: [outputs-audio] symbol.info sequence=19 symbol=. timestamp=18581052.894 duration=48.000 expected=18581020.980 skew=31.914 age=15.587
10-11 17:19:17.547 28938 29004 I ReactNativeJS: [outputs] playMorse.symbol {"timestamp":18581068.62317,"wallClock":1760217557547,"symbol":".","durationMs":48,"index":18,"source":"console.replay","correlationId":"console-replay:mgms33u3gg3el8ol","nativeTimestampMs":18581052.894,"nativeDurationMs":48,"nativeOffsetMs":15.679846998304129,"nativeSequence":19,"monotonicTimestampMs":18581052.894,"nativeExpectedTimestampMs":18581020.98,"nativeStartSkewMs":31.914,"nativeBatchElapsedMs":2623.914,"nativeExpectedSincePriorMs":192,"nativeSincePriorMs":193.834,"nativePatternStartMs":18578428.98,"nativeAgeMs":15.587}
10-11 17:19:17.548 28938 29004 I ReactNativeJS: [outputs] outputs.hapticSymbol {"timestamp":18581069.160774,"wallClock":1760217557548,"enabled":true,"symbol":".","durationMs":48,"platform":"android","source":"console.replay","correlationId":"console-replay:mgms33u3gg3el8ol","timelineOffsetMs":15.679846998304129}
10-11 17:19:17.548 28938 29004 I ReactNativeJS: [outputs] outputs.flashPulse {"timestamp":18581069.83567,"wallClock":1760217557548,"enabled":true,"durationMs":48,"source":"console.replay","correlationId":"console-replay:mgms33u3gg3el8ol","timelineOffsetMs":15.679846998304129,"schedulingMode":"timeline"}
10-11 17:19:17.580 28938 32090 D OutputsAudio: [outputs-audio] stop gain=1.000 release=6.00
10-11 17:19:17.602 28938 29004 I ReactNativeJS: [outputs] outputs.flashPulse.commit {"timestamp":18581122.870514,"wallClock":1760217557601,"durationMs":48,"source":"console.replay","correlationId":"console-replay:mgms33u3gg3el8ol","latencyMs":54.291145998984575,"timelineOffsetMs":15.679846998304129,"leadMs":8,"scheduleSkewMs":62.291145998984575,"schedulingMode":"timeline"}
10-11 17:19:17.629 28938 32090 D OutputsAudio: [outputs-audio] start hz=700.0 gain=1.000 attack=2.50 release=6.00
10-11 17:19:17.630 28938 32090 D OutputsAudio: [outputs-audio] playMorse.symbol.start sequence=20 symbol=. expected=18581116.980 actual=18581151.190 skew=34.210 batchElapsed=2722.210
10-11 17:19:17.647 28938 29004 D OutputsAudio: [outputs-audio] symbol.info sequence=20 symbol=. timestamp=18581151.190 duration=48.000 expected=18581116.980 skew=34.210 age=17.259
10-11 17:19:17.647 28938 29004 I ReactNativeJS: [outputs] playMorse.symbol {"timestamp":18581168.568066,"wallClock":1760217557647,"symbol":".","durationMs":48,"index":19,"source":"console.replay","correlationId":"console-replay:mgms33wv24aqpwou","nativeTimestampMs":18581151.19,"nativeDurationMs":48,"nativeOffsetMs":17.329264000058174,"nativeSequence":20,"monotonicTimestampMs":18581151.19,"nativeExpectedTimestampMs":18581116.98,"nativeStartSkewMs":34.21,"nativeBatchElapsedMs":2722.21,"nativeExpectedSincePriorMs":96,"nativeSincePriorMs":98.296,"nativePatternStartMs":18578428.98,"nativeAgeMs":17.259}
10-11 17:19:17.648 28938 29004 I ReactNativeJS: [outputs] outputs.hapticSymbol {"timestamp":18581169.055514,"wallClock":1760217557647,"enabled":true,"symbol":".","durationMs":48,"platform":"android","source":"console.replay","correlationId":"console-replay:mgms33wv24aqpwou","timelineOffsetMs":17.329264000058174}
10-11 17:19:17.648 28938 29004 I ReactNativeJS: [outputs] outputs.flashPulse {"timestamp":18581169.719576,"wallClock":1760217557648,"enabled":true,"durationMs":48,"source":"console.replay","correlationId":"console-replay:mgms33wv24aqpwou","timelineOffsetMs":17.329264000058174,"schedulingMode":"timeline"}
10-11 17:19:17.678 28938 32090 D OutputsAudio: [outputs-audio] stop gain=1.000 release=6.00
10-11 17:19:17.709 28938 29004 I ReactNativeJS: [outputs] outputs.flashPulse.commit {"timestamp":18581229.985045,"wallClock":1760217557708,"durationMs":48,"source":"console.replay","correlationId":"console-replay:mgms33wv24aqpwou","latencyMs":61.4596869982779,"timelineOffsetMs":17.329264000058174,"leadMs":8,"scheduleSkewMs":69.4596869982779,"schedulingMode":"timeline"}
10-11 17:19:17.727 28938 32090 D OutputsAudio: [outputs-audio] start hz=700.0 gain=1.000 attack=2.50 release=6.00
10-11 17:19:17.727 28938 32090 D OutputsAudio: [outputs-audio] playMorse.symbol.start sequence=21 symbol=. expected=18581212.980 actual=18581248.478 skew=35.498 batchElapsed=2819.498
10-11 17:19:17.754 28938 29004 D OutputsAudio: [outputs-audio] symbol.info sequence=21 symbol=. timestamp=18581248.478 duration=48.000 expected=18581212.980 skew=35.498 age=26.767
10-11 17:19:17.754 28938 29004 I ReactNativeJS: [outputs] playMorse.symbol {"timestamp":18581275.376868,"wallClock":1760217557754,"symbol":".","durationMs":48,"index":20,"source":"console.replay","correlationId":"console-replay:mgms33zuphtfwgu2","nativeTimestampMs":18581248.478,"nativeDurationMs":48,"nativeOffsetMs":26.850430000573397,"nativeSequence":21,"monotonicTimestampMs":18581248.478,"nativeExpectedTimestampMs":18581212.98,"nativeStartSkewMs":35.498,"nativeBatchElapsedMs":2819.498,"nativeExpectedSincePriorMs":96,"nativeSincePriorMs":97.288,"nativePatternStartMs":18578428.98,"nativeAgeMs":26.767}
10-11 17:19:17.755 28938 29004 I ReactNativeJS: [outputs] outputs.hapticSymbol {"timestamp":18581275.853691,"wallClock":1760217557754,"enabled":true,"symbol":".","durationMs":48,"platform":"android","source":"console.replay","correlationId":"console-replay:mgms33zuphtfwgu2","timelineOffsetMs":26.850430000573397}
10-11 17:19:17.755 28938 29004 I ReactNativeJS: [outputs] outputs.flashPulse {"timestamp":18581276.584576,"wallClock":1760217557755,"enabled":true,"durationMs":48,"source":"console.replay","correlationId":"console-replay:mgms33zuphtfwgu2","timelineOffsetMs":26.850430000573397,"schedulingMode":"timeline"}
10-11 17:19:17.775 28938 32090 D OutputsAudio: [outputs-audio] stop gain=1.000 release=6.00
10-11 17:19:17.809 28938 29004 I ReactNativeJS: [outputs] outputs.flashPulse.commit {"timestamp":18581330.572858,"wallClock":1760217557809,"durationMs":48,"source":"console.replay","correlationId":"console-replay:mgms33zuphtfwgu2","latencyMs":55.23828199878335,"timelineOffsetMs":26.850430000573397,"leadMs":8,"scheduleSkewMs":63.23828199878335,"schedulingMode":"timeline"}
10-11 17:19:17.825 28938 32090 D OutputsAudio: [outputs-audio] start hz=700.0 gain=1.000 attack=2.50 release=6.00
10-11 17:19:17.825 28938 32090 D OutputsAudio: [outputs-audio] playMorse.symbol.start sequence=22 symbol=- expected=18581308.980 actual=18581346.482 skew=37.502 batchElapsed=2917.502
10-11 17:19:17.853 28938 29004 D OutputsAudio: [outputs-audio] symbol.info sequence=22 symbol=- timestamp=18581346.482 duration=144.000 expected=18581308.980 skew=37.502 age=28.251
10-11 17:19:17.854 28938 29004 I ReactNativeJS: [outputs] playMorse.symbol {"timestamp":18581374.861035,"wallClock":1760217557853,"symbol":"-","durationMs":144,"index":21,"source":"console.replay","correlationId":"console-replay:mgms342lof7d7o9j","nativeTimestampMs":18581346.482,"nativeDurationMs":144,"nativeOffsetMs":28.33049299940467,"nativeSequence":22,"monotonicTimestampMs":18581346.482,"nativeExpectedTimestampMs":18581308.98,"nativeStartSkewMs":37.502,"nativeBatchElapsedMs":2917.502,"nativeExpectedSincePriorMs":96,"nativeSincePriorMs":98.004,"nativePatternStartMs":18578428.98,"nativeAgeMs":28.251}
10-11 17:19:17.854 28938 29004 I ReactNativeJS: [outputs] outputs.hapticSymbol {"timestamp":18581375.334993,"wallClock":1760217557854,"enabled":true,"symbol":"-","durationMs":144,"platform":"android","source":"console.replay","correlationId":"console-replay:mgms342lof7d7o9j","timelineOffsetMs":28.33049299940467}
10-11 17:19:17.855 28938 29004 I ReactNativeJS: [outputs] outputs.flashPulse {"timestamp":18581376.047285,"wallClock":1760217557854,"enabled":true,"durationMs":144,"source":"console.replay","correlationId":"console-replay:mgms342lof7d7o9j","timelineOffsetMs":28.33049299940467,"schedulingMode":"timeline"}
10-11 17:19:17.912 28938 29004 I ReactNativeJS: [outputs] outputs.flashPulse.commit {"timestamp":18581432.860774,"wallClock":1760217557911,"durationMs":144,"source":"console.replay","correlationId":"console-replay:mgms342lof7d7o9j","latencyMs":58.042500000447035,"timelineOffsetMs":28.33049299940467,"leadMs":8,"scheduleSkewMs":66.04250000044703,"schedulingMode":"timeline"}
10-11 17:19:17.969 28938 32090 D OutputsAudio: [outputs-audio] stop gain=1.000 release=6.00
10-11 17:19:18.018 28938 32090 D OutputsAudio: [outputs-audio] start hz=700.0 gain=1.000 attack=2.50 release=6.00
10-11 17:19:18.019 28938 32090 D OutputsAudio: [outputs-audio] playMorse.symbol.start sequence=23 symbol=- expected=18581500.980 actual=18581540.175 skew=39.195 batchElapsed=3111.195
10-11 17:19:18.030 28938 29004 D OutputsAudio: [outputs-audio] symbol.info sequence=23 symbol=- timestamp=18581540.175 duration=144.000 expected=18581500.980 skew=39.195 age=11.299
10-11 17:19:18.031 28938 29004 I ReactNativeJS: [outputs] playMorse.symbol {"timestamp":18581551.644732,"wallClock":1760217558030,"symbol":"-","durationMs":144,"index":22,"source":"console.replay","correlationId":"console-replay:mgms347i4kocewsl","nativeTimestampMs":18581540.175,"nativeDurationMs":144,"nativeOffsetMs":11.400201000273228,"nativeSequence":23,"monotonicTimestampMs":18581540.175,"nativeExpectedTimestampMs":18581500.98,"nativeStartSkewMs":39.195,"nativeBatchElapsedMs":3111.195,"nativeExpectedSincePriorMs":192,"nativeSincePriorMs":193.693,"nativePatternStartMs":18578428.98,"nativeAgeMs":11.299}
10-11 17:19:18.031 28938 29004 I ReactNativeJS: [outputs] outputs.hapticSymbol {"timestamp":18581552.440149,"wallClock":1760217558031,"enabled":true,"symbol":"-","durationMs":144,"platform":"android","source":"console.replay","correlationId":"console-replay:mgms347i4kocewsl","timelineOffsetMs":11.400201000273228}
10-11 17:19:18.033 28938 29004 I ReactNativeJS: [outputs] outputs.flashPulse {"timestamp":18581554.08343,"wallClock":1760217558032,"enabled":true,"durationMs":144,"source":"console.replay","correlationId":"console-replay:mgms347i4kocewsl","timelineOffsetMs":11.400201000273228,"schedulingMode":"timeline"}
10-11 17:19:18.091 28938 29004 I ReactNativeJS: [outputs] outputs.flashPulse.commit {"timestamp":18581612.168639,"wallClock":1760217558091,"durationMs":144,"source":"console.replay","correlationId":"console-replay:mgms347i4kocewsl","latencyMs":60.58677100017667,"timelineOffsetMs":11.400201000273228,"leadMs":8,"scheduleSkewMs":68.58677100017667,"schedulingMode":"timeline"}
10-11 17:19:18.164 28938 32090 D OutputsAudio: [outputs-audio] stop gain=1.000 release=6.00
10-11 17:19:18.212 28938 32090 D OutputsAudio: [outputs-audio] start hz=700.0 gain=1.000 attack=2.50 release=6.00
10-11 17:19:18.213 28938 32090 D OutputsAudio: [outputs-audio] playMorse.symbol.start sequence=24 symbol=- expected=18581692.980 actual=18581734.262 skew=41.283 batchElapsed=3305.283
10-11 17:19:18.223 28938 29004 D OutputsAudio: [outputs-audio] symbol.info sequence=24 symbol=- timestamp=18581734.262 duration=144.000 expected=18581692.980 skew=41.283 age=9.865
10-11 17:19:18.224 28938 29004 I ReactNativeJS: [outputs] playMorse.symbol {"timestamp":18581744.368378,"wallClock":1760217558223,"symbol":"-","durationMs":144,"index":23,"source":"console.replay","correlationId":"console-replay:mgms34cvtm43fr5i","nativeTimestampMs":18581734.262,"nativeDurationMs":144,"nativeOffsetMs":10.02997200191021,"nativeSequence":24,"monotonicTimestampMs":18581734.262,"nativeExpectedTimestampMs":18581692.98,"nativeStartSkewMs":41.283,"nativeBatchElapsedMs":3305.283,"nativeExpectedSincePriorMs":192,"nativeSincePriorMs":194.087,"nativePatternStartMs":18578428.98,"nativeAgeMs":9.865}
10-11 17:19:18.225 28938 29004 I ReactNativeJS: [outputs] outputs.hapticSymbol {"timestamp":18581746.154264,"wallClock":1760217558225,"enabled":true,"symbol":"-","durationMs":144,"platform":"android","source":"console.replay","correlationId":"console-replay:mgms34cvtm43fr5i","timelineOffsetMs":10.02997200191021}
10-11 17:19:18.231 28938 29004 I ReactNativeJS: [outputs] outputs.flashPulse {"timestamp":18581752.317076,"wallClock":1760217558231,"enabled":true,"durationMs":144,"source":"console.replay","correlationId":"console-replay:mgms34cvtm43fr5i","timelineOffsetMs":10.02997200191021,"schedulingMode":"timeline"}
10-11 17:19:18.309 28938 29004 I ReactNativeJS: [outputs] outputs.flashPulse.commit {"timestamp":18581830.145305,"wallClock":1760217558309,"durationMs":144,"source":"console.replay","correlationId":"console-replay:mgms34cvtm43fr5i","latencyMs":85.84708299860358,"timelineOffsetMs":10.02997200191021,"leadMs":8,"scheduleSkewMs":93.84708299860358,"schedulingMode":"timeline"}
10-11 17:19:18.357 28938 32090 D OutputsAudio: [outputs-audio] stop gain=1.000 release=6.00
10-11 17:19:18.407 28938 32090 D OutputsAudio: [outputs-audio] start hz=700.0 gain=1.000 attack=2.50 release=6.00
10-11 17:19:18.407 28938 32090 D OutputsAudio: [outputs-audio] playMorse.symbol.start sequence=25 symbol=. expected=18581884.980 actual=18581928.409 skew=43.429 batchElapsed=3499.429
10-11 17:19:18.416 28938 29004 D OutputsAudio: [outputs-audio] symbol.info sequence=25 symbol=. timestamp=18581928.409 duration=48.000 expected=18581884.980 skew=43.429 age=9.317
10-11 17:19:18.417 28938 29004 I ReactNativeJS: [outputs] playMorse.symbol {"timestamp":18581937.948743,"wallClock":1760217558416,"symbol":".","durationMs":48,"index":24,"source":"console.replay","correlationId":"console-replay:mgms34i8tfp6s6kj","nativeTimestampMs":18581928.409,"nativeDurationMs":48,"nativeOffsetMs":9.444065999239683,"nativeSequence":25,"monotonicTimestampMs":18581928.409,"nativeExpectedTimestampMs":18581884.98,"nativeStartSkewMs":43.429,"nativeBatchElapsedMs":3499.429,"nativeExpectedSincePriorMs":192,"nativeSincePriorMs":194.146,"nativePatternStartMs":18578428.98,"nativeAgeMs":9.317}
10-11 17:19:18.418 28938 29004 I ReactNativeJS: [outputs] outputs.hapticSymbol {"timestamp":18581938.938222,"wallClock":1760217558417,"enabled":true,"symbol":".","durationMs":48,"platform":"android","source":"console.replay","correlationId":"console-replay:mgms34i8tfp6s6kj","timelineOffsetMs":9.444065999239683}
10-11 17:19:18.419 28938 29004 I ReactNativeJS: [outputs] outputs.flashPulse {"timestamp":18581940.330618,"wallClock":1760217558419,"enabled":true,"durationMs":48,"source":"console.replay","correlationId":"console-replay:mgms34i8tfp6s6kj","timelineOffsetMs":9.444065999239683,"schedulingMode":"timeline"}
10-11 17:19:18.456 28938 32090 D OutputsAudio: [outputs-audio] stop gain=1.000 release=6.00
10-11 17:19:18.487 28938 29004 I ReactNativeJS: [outputs] outputs.flashPulse.commit {"timestamp":18582007.783534,"wallClock":1760217558486,"durationMs":48,"source":"console.replay","correlationId":"console-replay:mgms34i8tfp6s6kj","latencyMs":69.92421799898148,"timelineOffsetMs":9.444065999239683,"leadMs":8,"scheduleSkewMs":77.92421799898148,"schedulingMode":"timeline"}
10-11 17:19:18.506 28938 32090 D OutputsAudio: [outputs-audio] start hz=700.0 gain=1.000 attack=2.50 release=6.00
10-11 17:19:18.506 28938 32090 D OutputsAudio: [outputs-audio] playMorse.symbol.start sequence=26 symbol=. expected=18581980.980 actual=18582027.296 skew=46.316 batchElapsed=3598.316
10-11 17:19:18.538 28938 29004 D OutputsAudio: [outputs-audio] symbol.info sequence=26 symbol=. timestamp=18582027.296 duration=48.000 expected=18581980.980 skew=46.316 age=31.805
10-11 17:19:18.538 28938 29004 I ReactNativeJS: [outputs] playMorse.symbol {"timestamp":18582059.233534,"wallClock":1760217558538,"symbol":".","durationMs":48,"index":25,"source":"console.replay","correlationId":"console-replay:mgms34lmxx7xfxc7","nativeTimestampMs":18582027.296,"nativeDurationMs":48,"nativeOffsetMs":31.886179998517036,"nativeSequence":26,"monotonicTimestampMs":18582027.296,"nativeExpectedTimestampMs":18581980.98,"nativeStartSkewMs":46.316,"nativeBatchElapsedMs":3598.316,"nativeExpectedSincePriorMs":96,"nativeSincePriorMs":98.887,"nativePatternStartMs":18578428.98,"nativeAgeMs":31.805}
10-11 17:19:18.538 28938 29004 I ReactNativeJS: [outputs] outputs.hapticSymbol {"timestamp":18582059.722597,"wallClock":1760217558538,"enabled":true,"symbol":".","durationMs":48,"platform":"android","source":"console.replay","correlationId":"console-replay:mgms34lmxx7xfxc7","timelineOffsetMs":31.886179998517036}
10-11 17:19:18.539 28938 29004 I ReactNativeJS: [outputs] outputs.flashPulse {"timestamp":18582060.424003,"wallClock":1760217558539,"enabled":true,"durationMs":48,"source":"console.replay","correlationId":"console-replay:mgms34lmxx7xfxc7","timelineOffsetMs":31.886179998517036,"schedulingMode":"timeline"}
10-11 17:19:18.554 28938 32090 D OutputsAudio: [outputs-audio] stop gain=1.000 release=6.00
10-11 17:19:18.593 28938 29004 I ReactNativeJS: [outputs] outputs.flashPulse.commit {"timestamp":18582113.956034,"wallClock":1760217558592,"durationMs":48,"source":"console.replay","correlationId":"console-replay:mgms34lmxx7xfxc7","latencyMs":54.76708300039172,"timelineOffsetMs":31.886179998517036,"leadMs":8,"scheduleSkewMs":62.76708300039172,"schedulingMode":"timeline"}
10-11 17:19:18.603 28938 32090 D OutputsAudio: [outputs-audio] start hz=700.0 gain=1.000 attack=2.50 release=6.00
10-11 17:19:18.603 28938 32090 D OutputsAudio: [outputs-audio] playMorse.symbol.start sequence=27 symbol=. expected=18582076.980 actual=18582125.032 skew=48.052 batchElapsed=3696.052
10-11 17:19:18.641 28938 29004 D OutputsAudio: [outputs-audio] symbol.info sequence=27 symbol=. timestamp=18582125.032 duration=48.000 expected=18582076.980 skew=48.052 age=37.245
10-11 17:19:18.641 28938 29004 I ReactNativeJS: [outputs] playMorse.symbol {"timestamp":18582162.436555,"wallClock":1760217558641,"symbol":".","durationMs":48,"index":26,"source":"console.replay","correlationId":"console-replay:mgms34ohaqhidfeg","nativeTimestampMs":18582125.032,"nativeDurationMs":48,"nativeOffsetMs":37.35528399795294,"nativeSequence":27,"monotonicTimestampMs":18582125.032,"nativeExpectedTimestampMs":18582076.98,"nativeStartSkewMs":48.052,"nativeBatchElapsedMs":3696.052,"nativeExpectedSincePriorMs":96,"nativeSincePriorMs":97.736,"nativePatternStartMs":18578428.98,"nativeAgeMs":37.245}
10-11 17:19:18.642 28938 29004 I ReactNativeJS: [outputs] outputs.hapticSymbol {"timestamp":18582162.944055,"wallClock":1760217558641,"enabled":true,"symbol":".","durationMs":48,"platform":"android","source":"console.replay","correlationId":"console-replay:mgms34ohaqhidfeg","timelineOffsetMs":37.35528399795294}
10-11 17:19:18.642 28938 29004 I ReactNativeJS: [outputs] outputs.flashPulse {"timestamp":18582163.614368,"wallClock":1760217558642,"enabled":true,"durationMs":48,"source":"console.replay","correlationId":"console-replay:mgms34ohaqhidfeg","timelineOffsetMs":37.35528399795294,"schedulingMode":"timeline"}
10-11 17:19:18.652 28938 32090 D OutputsAudio: [outputs-audio] stop gain=1.000 release=6.00
10-11 17:19:18.652 28938 32090 D OutputsAudio: [outputs-audio] stop gain=1.000 release=6.00
10-11 17:19:18.652 28938 32090 D OutputsAudio: [outputs-audio] playMorse.end cancelled=0
10-11 17:19:18.694 28938 29004 I ReactNativeJS: [outputs] outputs.flashPulse.commit {"timestamp":18582215.414263,"wallClock":1760217558694,"durationMs":48,"source":"console.replay","correlationId":"console-replay:mgms34ohaqhidfeg","latencyMs":53.021354001015425,"timelineOffsetMs":37.35528399795294,"leadMs":8,"scheduleSkewMs":61.021354001015425,"schedulingMode":"timeline"}
10-11 17:19:18.740 28938 29004 I ReactNativeJS: [outputs] playMorse.complete {"timestamp":18582260.788066,"wallClock":1760217558739,"durationMs":3986.104113999754,"source":"console.replay","audioEnabled":true,"audioVolumePercent":100}
10-11 17:19:21.313 28938 29004 I ReactNativeJS: [outputs] playMorse.start {"timestamp":18584833.92296,"wallClock":1760217561312,"unitMs":40,"length":28,"source":"console.replay","audioEnabled":true,"audioVolumePercent":100}
10-11 17:19:21.454 28938 29004 D OutputsAudio: [outputs-audio] warmup hz=700.0
10-11 17:19:21.455 28938 32123 D OutputsAudio: [outputs-audio] playMorse.start count=27 unit=40.0
10-11 17:19:21.455 28938 32123 D OutputsAudio: [outputs-audio] start hz=700.0 gain=1.000 attack=2.50 release=6.00
10-11 17:19:21.455 28938 32123 D OutputsAudio: [outputs-audio] playMorse.symbol.start sequence=1 symbol=. expected=18584976.305 actual=18584976.320 skew=0.015 batchElapsed=0.015
10-11 17:19:21.471 28938 29004 D OutputsAudio: [outputs-audio] symbol.info sequence=1 symbol=. timestamp=18584976.320 duration=40.000 expected=18584976.305 skew=0.015 age=16.054
10-11 17:19:21.472 28938 29004 I ReactNativeJS: [outputs] playMorse.symbol {"timestamp":18584992.564314,"wallClock":1760217561471,"symbol":".","durationMs":40,"index":0,"source":"console.replay","correlationId":"console-replay:mgms36v3w6jno8p5","nativeTimestampMs":18584976.32,"nativeDurationMs":40,"nativeOffsetMs":16.161398001015186,"nativeSequence":1,"monotonicTimestampMs":18584976.32,"nativeExpectedTimestampMs":18584976.305,"nativeStartSkewMs":0.015,"nativeBatchElapsedMs":0.015,"nativeExpectedSincePriorMs":0,"nativeSincePriorMs":0,"nativePatternStartMs":18584976.305,"nativeAgeMs":16.054}
10-11 17:19:21.472 28938 29004 I ReactNativeJS: [outputs] outputs.hapticSymbol {"timestamp":18584993.447387,"wallClock":1760217561472,"enabled":true,"symbol":".","durationMs":40,"platform":"android","source":"console.replay","correlationId":"console-replay:mgms36v3w6jno8p5","timelineOffsetMs":16.161398001015186}
10-11 17:19:21.473 28938 29004 I ReactNativeJS: [outputs] outputs.flashPulse {"timestamp":18584994.449262,"wallClock":1760217561473,"enabled":true,"durationMs":40,"source":"console.replay","correlationId":"console-replay:mgms36v3w6jno8p5","timelineOffsetMs":16.161398001015186,"schedulingMode":"timeline"}
10-11 17:19:21.495 28938 32123 D OutputsAudio: [outputs-audio] stop gain=1.000 release=6.00
10-11 17:19:21.536 28938 32123 D OutputsAudio: [outputs-audio] start hz=700.0 gain=1.000 attack=2.50 release=6.00
10-11 17:19:21.536 28938 32123 D OutputsAudio: [outputs-audio] playMorse.symbol.start sequence=2 symbol=. expected=18585056.305 actual=18585057.479 skew=1.174 batchElapsed=81.174
10-11 17:19:21.537 28938 29004 I ReactNativeJS: [outputs] outputs.flashPulse.commit {"timestamp":18585057.834939,"wallClock":1760217561536,"durationMs":40,"source":"console.replay","correlationId":"console-replay:mgms36v3w6jno8p5","latencyMs":65.34687499701977,"timelineOffsetMs":16.161398001015186,"leadMs":8,"scheduleSkewMs":73.34687499701977,"schedulingMode":"timeline"}
10-11 17:19:21.577 28938 32123 D OutputsAudio: [outputs-audio] stop gain=1.000 release=6.00
10-11 17:19:21.584 28938 29004 D OutputsAudio: [outputs-audio] symbol.info sequence=2 symbol=. timestamp=18585057.479 duration=40.000 expected=18585056.305 skew=1.174 age=47.877
10-11 17:19:21.584 28938 29004 I ReactNativeJS: [outputs] playMorse.symbol {"timestamp":18585105.492179,"wallClock":1760217561584,"symbol":".","durationMs":40,"index":1,"source":"console.replay","correlationId":"console-replay:mgms36y8xmlnddyc","nativeTimestampMs":18585057.479,"nativeDurationMs":40,"nativeOffsetMs":47.96245000138879,"nativeSequence":2,"monotonicTimestampMs":18585057.479,"nativeExpectedTimestampMs":18585056.305,"nativeStartSkewMs":1.174,"nativeBatchElapsedMs":81.174,"nativeExpectedSincePriorMs":80,"nativeSincePriorMs":81.159,"nativePatternStartMs":18584976.305,"nativeAgeMs":47.877}
10-11 17:19:21.585 28938 29004 I ReactNativeJS: [outputs] outputs.hapticSymbol {"timestamp":18585106.013377,"wallClock":1760217561584,"enabled":true,"symbol":".","durationMs":40,"platform":"android","source":"console.replay","correlationId":"console-replay:mgms36y8xmlnddyc","timelineOffsetMs":47.96245000138879}
10-11 17:19:21.585 28938 29004 I ReactNativeJS: [outputs] outputs.flashPulse {"timestamp":18585106.652492,"wallClock":1760217561585,"enabled":true,"durationMs":40,"source":"console.replay","correlationId":"console-replay:mgms36y8xmlnddyc","timelineOffsetMs":47.96245000138879,"schedulingMode":"timeline"}
10-11 17:19:21.618 28938 32123 D OutputsAudio: [outputs-audio] start hz=700.0 gain=1.000 attack=2.50 release=6.00
10-11 17:19:21.618 28938 32123 D OutputsAudio: [outputs-audio] playMorse.symbol.start sequence=3 symbol=. expected=18585136.305 actual=18585139.595 skew=3.290 batchElapsed=163.290
10-11 17:19:21.653 28938 29004 I ReactNativeJS: [outputs] outputs.flashPulse.commit {"timestamp":18585174.225148,"wallClock":1760217561653,"durationMs":40,"source":"console.replay","correlationId":"console-replay:mgms36y8xmlnddyc","latencyMs":68.77786400169134,"timelineOffsetMs":47.96245000138879,"leadMs":8,"scheduleSkewMs":76.77786400169134,"schedulingMode":"timeline"}
10-11 17:19:21.658 28938 32123 D OutputsAudio: [outputs-audio] stop gain=1.000 release=6.00
10-11 17:19:21.699 28938 32123 D OutputsAudio: [outputs-audio] start hz=700.0 gain=1.000 attack=2.50 release=6.00
10-11 17:19:21.699 28938 32123 D OutputsAudio: [outputs-audio] playMorse.symbol.start sequence=4 symbol=- expected=18585216.305 actual=18585220.696 skew=4.391 batchElapsed=244.391
10-11 17:19:21.704 28938 29004 D OutputsAudio: [outputs-audio] symbol.info sequence=4 symbol=- timestamp=18585220.696 duration=120.000 expected=18585216.305 skew=4.391 age=4.601
10-11 17:19:21.704 28938 29004 W ReactNativeJS: '[outputs-audio] native sequence jump', { previous: 2, next: 4, delta: 2 }
10-11 17:19:21.705 28938 29004 I ReactNativeJS: [outputs] playMorse.symbol {"timestamp":18585225.873325,"wallClock":1760217561704,"symbol":".","durationMs":40,"index":2,"source":"console.replay","correlationId":"console-replay:mgms371kzvwnmlbv","nativeTimestampMs":18585220.696,"nativeDurationMs":120,"nativeOffsetMs":5.137637000530958,"nativeSequence":4,"monotonicTimestampMs":18585220.696,"nativeExpectedTimestampMs":18585216.305,"nativeStartSkewMs":4.391,"nativeBatchElapsedMs":244.391,"nativeExpectedSincePriorMs":80,"nativeSincePriorMs":81.1,"nativePatternStartMs":18584976.305,"nativeAgeMs":4.601}
10-11 17:19:21.705 28938 29004 I ReactNativeJS: [outputs] outputs.hapticSymbol {"timestamp":18585226.263273,"wallClock":1760217561705,"enabled":true,"symbol":".","durationMs":40,"platform":"android","source":"console.replay","correlationId":"console-replay:mgms371kzvwnmlbv","timelineOffsetMs":5.137637000530958}
10-11 17:19:21.706 28938 29004 I ReactNativeJS: [outputs] outputs.flashPulse {"timestamp":18585226.913533,"wallClock":1760217561705,"enabled":true,"durationMs":40,"source":"console.replay","correlationId":"console-replay:mgms371kzvwnmlbv","timelineOffsetMs":5.137637000530958,"schedulingMode":"timeline"}
10-11 17:19:21.757 28938 29004 I ReactNativeJS: [outputs] outputs.flashPulse.commit {"timestamp":18585278.614939,"wallClock":1760217561757,"durationMs":40,"source":"console.replay","correlationId":"console-replay:mgms371kzvwnmlbv","latencyMs":52.77463600039482,"timelineOffsetMs":5.137637000530958,"leadMs":8,"scheduleSkewMs":60.77463600039482,"schedulingMode":"timeline"}
10-11 17:19:21.820 28938 32123 D OutputsAudio: [outputs-audio] stop gain=1.000 release=6.00
10-11 17:19:21.861 28938 32123 D OutputsAudio: [outputs-audio] start hz=700.0 gain=1.000 attack=2.50 release=6.00
10-11 17:19:21.861 28938 32123 D OutputsAudio: [outputs-audio] playMorse.symbol.start sequence=5 symbol=- expected=18585376.305 actual=18585382.535 skew=6.230 batchElapsed=406.230
10-11 17:19:21.873 28938 29004 D OutputsAudio: [outputs-audio] symbol.info sequence=5 symbol=- timestamp=18585382.535 duration=120.000 expected=18585376.305 skew=6.230 age=11.970
10-11 17:19:21.874 28938 29004 I ReactNativeJS: [outputs] playMorse.symbol {"timestamp":18585394.707387,"wallClock":1760217561873,"symbol":"-","durationMs":120,"index":3,"source":"console.replay","correlationId":"console-replay:mgms3769u4yq3620","nativeTimestampMs":18585382.535,"nativeDurationMs":120,"nativeOffsetMs":12.092126999050379,"nativeSequence":5,"monotonicTimestampMs":18585382.535,"nativeExpectedTimestampMs":18585376.305,"nativeStartSkewMs":6.23,"nativeBatchElapsedMs":406.23,"nativeExpectedSincePriorMs":160,"nativeSincePriorMs":161.84,"nativePatternStartMs":18584976.305,"nativeAgeMs":11.97}
10-11 17:19:21.874 28938 29004 I ReactNativeJS: [outputs] outputs.hapticSymbol {"timestamp":18585395.498689,"wallClock":1760217561874,"enabled":true,"symbol":"-","durationMs":120,"platform":"android","source":"console.replay","correlationId":"console-replay:mgms3769u4yq3620","timelineOffsetMs":12.092126999050379}
10-11 17:19:21.880 28938 29004 I ReactNativeJS: [outputs] outputs.flashPulse {"timestamp":18585396.616398,"wallClock":1760217561875,"enabled":true,"durationMs":120,"source":"console.replay","correlationId":"console-replay:mgms3769u4yq3620","timelineOffsetMs":12.092126999050379,"schedulingMode":"timeline"}
10-11 17:19:21.936 28938 29004 I ReactNativeJS: [outputs] outputs.flashPulse.commit {"timestamp":18585457.540877,"wallClock":1760217561936,"durationMs":120,"source":"console.replay","correlationId":"console-replay:mgms3769u4yq3620","latencyMs":62.90770800039172,"timelineOffsetMs":12.092126999050379,"leadMs":8,"scheduleSkewMs":70.90770800039172,"schedulingMode":"timeline"}
10-11 17:19:21.982 28938 32123 D OutputsAudio: [outputs-audio] stop gain=1.000 release=6.00
10-11 17:19:22.023 28938 32123 D OutputsAudio: [outputs-audio] start hz=700.0 gain=1.000 attack=2.50 release=6.00
10-11 17:19:22.023 28938 32123 D OutputsAudio: [outputs-audio] playMorse.symbol.start sequence=6 symbol=- expected=18585536.305 actual=18585544.398 skew=8.093 batchElapsed=568.093
10-11 17:19:22.037 28938 29004 D OutputsAudio: [outputs-audio] symbol.info sequence=6 symbol=- timestamp=18585544.398 duration=120.000 expected=18585536.305 skew=8.093 age=13.698
10-11 17:19:22.037 28938 29004 I ReactNativeJS: [outputs] playMorse.symbol {"timestamp":18585558.313168,"wallClock":1760217562037,"symbol":"-","durationMs":120,"index":4,"source":"console.replay","correlationId":"console-replay:mgms37at35hqdm6h","nativeTimestampMs":18585544.398,"nativeDurationMs":120,"nativeOffsetMs":13.831575002521276,"nativeSequence":6,"monotonicTimestampMs":18585544.398,"nativeExpectedTimestampMs":18585536.305,"nativeStartSkewMs":8.093,"nativeBatchElapsedMs":568.093,"nativeExpectedSincePriorMs":160,"nativeSincePriorMs":161.863,"nativePatternStartMs":18584976.305,"nativeAgeMs":13.698}
10-11 17:19:22.038 28938 29004 I ReactNativeJS: [outputs] outputs.hapticSymbol {"timestamp":18585559.11421,"wallClock":1760217562037,"enabled":true,"symbol":"-","durationMs":120,"platform":"android","source":"console.replay","correlationId":"console-replay:mgms37at35hqdm6h","timelineOffsetMs":13.831575002521276}
