10-11 17:18:54.670 28938 29004 I ReactNativeJS: [outputs] outputs.flashPulse.commit {"timestamp":18558191.024793,"wallClock":1760217534669,"durationMs":360,"source":"console.replay","correlationId":"console-replay:mgms2m4w4fbdm059","latencyMs":61.745365001261234,"timelineOffsetMs":7.143387001007795,"leadMs":8,"scheduleSkewMs":69.74536500126123,"schedulingMode":"timeline"}
10-11 17:18:54.961 28938 31991 D OutputsAudio: [outputs-audio] stop gain=1.000 release=6.00
10-11 17:18:55.082 28938 31991 D OutputsAudio: [outputs-audio] start hz=700.0 gain=1.000 attack=2.50 release=6.00
10-11 17:18:55.082 28938 31991 D OutputsAudio: [outputs-audio] playMorse.symbol.start sequence=24 symbol=- expected=18558562.657 actual=18558603.545 skew=40.888 batchElapsed=8200.888
10-11 17:18:55.105 28938 29004 D OutputsAudio: [outputs-audio] symbol.info sequence=24 symbol=- timestamp=18558603.545 duration=360.000 expected=18558562.657 skew=40.888 age=23.393
10-11 17:18:55.109 28938 29004 I ReactNativeJS: [outputs] playMorse.symbol {"timestamp":18558627.320731,"wallClock":1760217535106,"symbol":"-","durationMs":360,"index":23,"source":"console.replay","correlationId":"console-replay:mgms2miq8hu6lh8g","nativeTimestampMs":18558603.545,"nativeDurationMs":360,"nativeOffsetMs":23.61354300007224,"nativeSequence":24,"monotonicTimestampMs":18558603.545,"nativeExpectedTimestampMs":18558562.657,"nativeStartSkewMs":40.888,"nativeBatchElapsedMs":8200.888,"nativeExpectedSincePriorMs":480,"nativeSincePriorMs":481.415,"nativePatternStartMs":18550402.657,"nativeAgeMs":23.393}
10-11 17:18:55.111 28938 29004 I ReactNativeJS: [outputs] outputs.hapticSymbol {"timestamp":18558630.882554,"wallClock":1760217535109,"enabled":true,"symbol":"-","durationMs":360,"platform":"android","source":"console.replay","correlationId":"console-replay:mgms2miq8hu6lh8g","timelineOffsetMs":23.61354300007224}
10-11 17:18:55.115 28938 29004 I ReactNativeJS: [outputs] outputs.flashPulse {"timestamp":18558635.370939,"wallClock":1760217535114,"enabled":true,"durationMs":360,"source":"console.replay","correlationId":"console-replay:mgms2miq8hu6lh8g","timelineOffsetMs":23.61354300007224,"schedulingMode":"timeline"}
10-11 17:18:55.181 28938 29004 I ReactNativeJS: [outputs] outputs.flashPulse.commit {"timestamp":18558701.804845,"wallClock":1760217535180,"durationMs":360,"source":"console.replay","correlationId":"console-replay:mgms2miq8hu6lh8g","latencyMs":74.64046899974346,"timelineOffsetMs":23.61354300007224,"leadMs":8,"scheduleSkewMs":82.64046899974346,"schedulingMode":"timeline"}
10-11 17:18:55.442 28938 31991 D OutputsAudio: [outputs-audio] stop gain=1.000 release=6.00
10-11 17:18:55.563 28938 31991 D OutputsAudio: [outputs-audio] start hz=700.0 gain=1.000 attack=2.50 release=6.00
10-11 17:18:55.563 28938 31991 D OutputsAudio: [outputs-audio] playMorse.symbol.start sequence=25 symbol=. expected=18559042.657 actual=18559084.559 skew=41.902 batchElapsed=8681.902
10-11 17:18:55.583 28938 29004 D OutputsAudio: [outputs-audio] symbol.info sequence=25 symbol=. timestamp=18559084.559 duration=120.000 expected=18559042.657 skew=41.902 age=20.309
10-11 17:18:55.584 28938 29004 I ReactNativeJS: [outputs] playMorse.symbol {"timestamp":18559105.112918,"wallClock":1760217535583,"symbol":".","durationMs":120,"index":24,"source":"console.replay","correlationId":"console-replay:mgms2mvzsu8gf0h8","nativeTimestampMs":18559084.559,"nativeDurationMs":120,"nativeOffsetMs":20.455896999686956,"nativeSequence":25,"monotonicTimestampMs":18559084.559,"nativeExpectedTimestampMs":18559042.657,"nativeStartSkewMs":41.902,"nativeBatchElapsedMs":8681.902,"nativeExpectedSincePriorMs":480,"nativeSincePriorMs":481.014,"nativePatternStartMs":18550402.657,"nativeAgeMs":20.309}
10-11 17:18:55.585 28938 29004 I ReactNativeJS: [outputs] outputs.hapticSymbol {"timestamp":18559106.060106,"wallClock":1760217535584,"enabled":true,"symbol":".","durationMs":120,"platform":"android","source":"console.replay","correlationId":"console-replay:mgms2mvzsu8gf0h8","timelineOffsetMs":20.455896999686956}
10-11 17:18:55.586 28938 29004 I ReactNativeJS: [outputs] outputs.flashPulse {"timestamp":18559107.274324,"wallClock":1760217535586,"enabled":true,"durationMs":120,"source":"console.replay","correlationId":"console-replay:mgms2mvzsu8gf0h8","timelineOffsetMs":20.455896999686956,"schedulingMode":"timeline"}
10-11 17:18:55.644 28938 29004 I ReactNativeJS: [outputs] outputs.flashPulse.commit {"timestamp":18559165.01297,"wallClock":1760217535643,"durationMs":120,"source":"console.replay","correlationId":"console-replay:mgms2mvzsu8gf0h8","latencyMs":59.99151099845767,"timelineOffsetMs":20.455896999686956,"leadMs":8,"scheduleSkewMs":67.99151099845767,"schedulingMode":"timeline"}
10-11 17:18:55.683 28938 31991 D OutputsAudio: [outputs-audio] stop gain=1.000 release=6.00
10-11 17:18:55.805 28938 31991 D OutputsAudio: [outputs-audio] start hz=700.0 gain=1.000 attack=2.50 release=6.00
10-11 17:18:55.805 28938 31991 D OutputsAudio: [outputs-audio] playMorse.symbol.start sequence=26 symbol=. expected=18559282.657 actual=18559326.456 skew=43.799 batchElapsed=8923.799
10-11 17:18:55.827 28938 29004 D OutputsAudio: [outputs-audio] symbol.info sequence=26 symbol=. timestamp=18559326.456 duration=120.000 expected=18559282.657 skew=43.799 age=22.398
10-11 17:18:55.831 28938 29004 I ReactNativeJS: [outputs] playMorse.symbol {"timestamp":18559349.220678,"wallClock":1760217535828,"symbol":".","durationMs":120,"index":25,"source":"console.replay","correlationId":"console-replay:mgms2n2sytlfhzdg","nativeTimestampMs":18559326.456,"nativeDurationMs":120,"nativeOffsetMs":22.613324001431465,"nativeSequence":26,"monotonicTimestampMs":18559326.456,"nativeExpectedTimestampMs":18559282.657,"nativeStartSkewMs":43.799,"nativeBatchElapsedMs":8923.799,"nativeExpectedSincePriorMs":240,"nativeSincePriorMs":241.897,"nativePatternStartMs":18550402.657,"nativeAgeMs":22.398}
10-11 17:18:55.833 28938 29004 I ReactNativeJS: [outputs] outputs.hapticSymbol {"timestamp":18559352.512449,"wallClock":1760217535831,"enabled":true,"symbol":".","durationMs":120,"platform":"android","source":"console.replay","correlationId":"console-replay:mgms2n2sytlfhzdg","timelineOffsetMs":22.613324001431465}
10-11 17:18:55.836 28938 29004 I ReactNativeJS: [outputs] outputs.flashPulse {"timestamp":18559357.242085,"wallClock":1760217535836,"enabled":true,"durationMs":120,"source":"console.replay","correlationId":"console-replay:mgms2n2sytlfhzdg","timelineOffsetMs":22.613324001431465,"schedulingMode":"timeline"}
10-11 17:18:55.891 28938 29004 I ReactNativeJS: [outputs] outputs.flashPulse.commit {"timestamp":18559412.108908,"wallClock":1760217535890,"durationMs":120,"source":"console.replay","correlationId":"console-replay:mgms2n2sytlfhzdg","latencyMs":63.0332809984684,"timelineOffsetMs":22.613324001431465,"leadMs":8,"scheduleSkewMs":71.0332809984684,"schedulingMode":"timeline"}
10-11 17:18:55.926 28938 31991 D OutputsAudio: [outputs-audio] stop gain=1.000 release=6.00
10-11 17:18:56.047 28938 31991 D OutputsAudio: [outputs-audio] start hz=700.0 gain=1.000 attack=2.50 release=6.00
10-11 17:18:56.047 28938 31991 D OutputsAudio: [outputs-audio] playMorse.symbol.start sequence=27 symbol=. expected=18559522.657 actual=18559568.417 skew=45.760 batchElapsed=9165.760
10-11 17:18:56.051 28938 29004 D OutputsAudio: [outputs-audio] symbol.info sequence=27 symbol=. timestamp=18559568.417 duration=120.000 expected=18559522.657 skew=45.760 age=4.472
10-11 17:18:56.052 28938 29004 I ReactNativeJS: [outputs] playMorse.symbol {"timestamp":18559573.132762,"wallClock":1760217536052,"symbol":".","durationMs":120,"index":26,"source":"console.replay","correlationId":"console-replay:mgms2n8zqgep400a","nativeTimestampMs":18559568.417,"nativeDurationMs":120,"nativeOffsetMs":4.609980002045631,"nativeSequence":27,"monotonicTimestampMs":18559568.417,"nativeExpectedTimestampMs":18559522.657,"nativeStartSkewMs":45.76,"nativeBatchElapsedMs":9165.76,"nativeExpectedSincePriorMs":240,"nativeSincePriorMs":241.961,"nativePatternStartMs":18550402.657,"nativeAgeMs":4.472}
10-11 17:18:56.053 28938 29004 I ReactNativeJS: [outputs] outputs.hapticSymbol {"timestamp":18559574.074793,"wallClock":1760217536052,"enabled":true,"symbol":".","durationMs":120,"platform":"android","source":"console.replay","correlationId":"console-replay:mgms2n8zqgep400a","timelineOffsetMs":4.609980002045631}
10-11 17:18:56.054 28938 29004 I ReactNativeJS: [outputs] outputs.flashPulse {"timestamp":18559575.427866,"wallClock":1760217536054,"enabled":true,"durationMs":120,"source":"console.replay","correlationId":"console-replay:mgms2n8zqgep400a","timelineOffsetMs":4.609980002045631,"schedulingMode":"timeline"}
10-11 17:18:56.114 28938 29004 I ReactNativeJS: [outputs] outputs.flashPulse.commit {"timestamp":18559635.67021,"wallClock":1760217536114,"durationMs":120,"source":"console.replay","correlationId":"console-replay:mgms2n8zqgep400a","latencyMs":62.6363549977541,"timelineOffsetMs":4.609980002045631,"leadMs":8,"scheduleSkewMs":70.6363549977541,"schedulingMode":"timeline"}
10-11 17:18:56.168 28938 31991 D OutputsAudio: [outputs-audio] stop gain=1.000 release=6.00
10-11 17:18:56.168 28938 31991 D OutputsAudio: [outputs-audio] stop gain=1.000 release=6.00
10-11 17:18:56.168 28938 31991 D OutputsAudio: [outputs-audio] playMorse.end cancelled=0
10-11 17:18:56.192 28938 29004 I ReactNativeJS: [outputs] playMorse.complete {"timestamp":18559713.424689,"wallClock":1760217536192,"durationMs":9684.258382000029,"source":"console.replay","audioEnabled":true,"audioVolumePercent":100}
10-11 17:18:58.459 28938 29004 I ReactNativeJS: [outputs] playMorse.start {"timestamp":18561979.362136,"wallClock":1760217538458,"unitMs":80,"length":28,"source":"console.replay","audioEnabled":true,"audioVolumePercent":100}
10-11 17:18:58.710 28938 29004 D OutputsAudio: [outputs-audio] warmup hz=700.0
10-11 17:18:58.710 28938 32025 D OutputsAudio: [outputs-audio] playMorse.start count=27 unit=80.0
10-11 17:18:58.710 28938 32025 D OutputsAudio: [outputs-audio] start hz=700.0 gain=1.000 attack=2.50 release=6.00
10-11 17:18:58.710 28938 32025 D OutputsAudio: [outputs-audio] playMorse.symbol.start sequence=1 symbol=. expected=18562231.875 actual=18562231.889 skew=0.014 batchElapsed=0.014
10-11 17:18:58.725 28938 29004 D OutputsAudio: [outputs-audio] symbol.info sequence=1 symbol=. timestamp=18562231.889 duration=80.000 expected=18562231.875 skew=0.014 age=14.585
10-11 17:18:58.726 28938 29004 I ReactNativeJS: [outputs] playMorse.symbol {"timestamp":18562246.680261,"wallClock":1760217538725,"symbol":".","durationMs":80,"index":0,"source":"console.replay","correlationId":"console-replay:mgms2pb9pjcflvtj","nativeTimestampMs":18562231.889,"nativeDurationMs":80,"nativeOffsetMs":14.702093999832869,"nativeSequence":1,"monotonicTimestampMs":18562231.889,"nativeExpectedTimestampMs":18562231.875,"nativeStartSkewMs":0.014,"nativeBatchElapsedMs":0.014,"nativeExpectedSincePriorMs":0,"nativeSincePriorMs":0,"nativePatternStartMs":18562231.875,"nativeAgeMs":14.585}
10-11 17:18:58.726 28938 29004 I ReactNativeJS: [outputs] outputs.hapticSymbol {"timestamp":18562247.615521,"wallClock":1760217538726,"enabled":true,"symbol":".","durationMs":80,"platform":"android","source":"console.replay","correlationId":"console-replay:mgms2pb9pjcflvtj","timelineOffsetMs":14.702093999832869}
10-11 17:18:58.728 28938 29004 I ReactNativeJS: [outputs] outputs.flashPulse {"timestamp":18562248.753906,"wallClock":1760217538727,"enabled":true,"durationMs":80,"source":"console.replay","correlationId":"console-replay:mgms2pb9pjcflvtj","timelineOffsetMs":14.702093999832869,"schedulingMode":"timeline"}
10-11 17:18:58.791 28938 32025 D OutputsAudio: [outputs-audio] stop gain=1.000 release=6.00
10-11 17:18:58.804 28938 29004 I ReactNativeJS: [outputs] outputs.flashPulse.commit {"timestamp":18562325.118021,"wallClock":1760217538803,"durationMs":80,"source":"console.replay","correlationId":"console-replay:mgms2pb9pjcflvtj","latencyMs":78.5204170010984,"timelineOffsetMs":14.702093999832869,"leadMs":8,"scheduleSkewMs":86.5204170010984,"schedulingMode":"timeline"}
10-11 17:18:58.872 28938 32025 D OutputsAudio: [outputs-audio] start hz=700.0 gain=1.000 attack=2.50 release=6.00
10-11 17:18:58.872 28938 32025 D OutputsAudio: [outputs-audio] playMorse.symbol.start sequence=2 symbol=. expected=18562391.875 actual=18562393.538 skew=1.663 batchElapsed=161.663
10-11 17:18:58.893 28938 29004 D OutputsAudio: [outputs-audio] symbol.info sequence=2 symbol=. timestamp=18562393.538 duration=80.000 expected=18562391.875 skew=1.663 age=21.407
10-11 17:18:58.895 28938 29004 I ReactNativeJS: [outputs] playMorse.symbol {"timestamp":18562415.277292,"wallClock":1760217538894,"symbol":".","durationMs":80,"index":1,"source":"console.replay","correlationId":"console-replay:mgms2pfymumr7ph3","nativeTimestampMs":18562393.538,"nativeDurationMs":80,"nativeOffsetMs":21.601011000573635,"nativeSequence":2,"monotonicTimestampMs":18562393.538,"nativeExpectedTimestampMs":18562391.875,"nativeStartSkewMs":1.663,"nativeBatchElapsedMs":161.663,"nativeExpectedSincePriorMs":160,"nativeSincePriorMs":161.649,"nativePatternStartMs":18562231.875,"nativeAgeMs":21.407}
10-11 17:18:58.895 28938 29004 I ReactNativeJS: [outputs] outputs.hapticSymbol {"timestamp":18562416.430469,"wallClock":1760217538895,"enabled":true,"symbol":".","durationMs":80,"platform":"android","source":"console.replay","correlationId":"console-replay:mgms2pfymumr7ph3","timelineOffsetMs":21.601011000573635}
10-11 17:18:58.896 28938 29004 I ReactNativeJS: [outputs] outputs.flashPulse {"timestamp":18562417.272084,"wallClock":1760217538896,"enabled":true,"durationMs":80,"source":"console.replay","correlationId":"console-replay:mgms2pfymumr7ph3","timelineOffsetMs":21.601011000573635,"schedulingMode":"timeline"}
10-11 17:18:58.950 28938 29004 I ReactNativeJS: [outputs] outputs.flashPulse.commit {"timestamp":18562471.703646,"wallClock":1760217538950,"durationMs":80,"source":"console.replay","correlationId":"console-replay:mgms2pfymumr7ph3","latencyMs":56.5582289993763,"timelineOffsetMs":21.601011000573635,"leadMs":8,"scheduleSkewMs":64.5582289993763,"schedulingMode":"timeline"}
10-11 17:18:58.952 28938 32025 D OutputsAudio: [outputs-audio] stop gain=1.000 release=6.00
10-11 17:18:59.033 28938 32025 D OutputsAudio: [outputs-audio] start hz=700.0 gain=1.000 attack=2.50 release=6.00
10-11 17:18:59.033 28938 32025 D OutputsAudio: [outputs-audio] playMorse.symbol.start sequence=3 symbol=. expected=18562551.875 actual=18562554.671 skew=2.796 batchElapsed=322.796
10-11 17:18:59.042 28938 29004 D OutputsAudio: [outputs-audio] symbol.info sequence=3 symbol=. timestamp=18562554.671 duration=80.000 expected=18562551.875 skew=2.796 age=9.085
10-11 17:18:59.043 28938 29004 I ReactNativeJS: [outputs] playMorse.symbol {"timestamp":18562564.046458,"wallClock":1760217539042,"symbol":".","durationMs":80,"index":2,"source":"console.replay","correlationId":"console-replay:mgms2pk2llzbmxcr","nativeTimestampMs":18562554.671,"nativeDurationMs":80,"nativeOffsetMs":9.238896001130342,"nativeSequence":3,"monotonicTimestampMs":18562554.671,"nativeExpectedTimestampMs":18562551.875,"nativeStartSkewMs":2.796,"nativeBatchElapsedMs":322.796,"nativeExpectedSincePriorMs":160,"nativeSincePriorMs":161.133,"nativePatternStartMs":18562231.875,"nativeAgeMs":9.085}
10-11 17:18:59.044 28938 29004 I ReactNativeJS: [outputs] outputs.hapticSymbol {"timestamp":18562564.953229,"wallClock":1760217539043,"enabled":true,"symbol":".","durationMs":80,"platform":"android","source":"console.replay","correlationId":"console-replay:mgms2pk2llzbmxcr","timelineOffsetMs":9.238896001130342}
10-11 17:18:59.045 28938 29004 I ReactNativeJS: [outputs] outputs.flashPulse {"timestamp":18562565.881354,"wallClock":1760217539044,"enabled":true,"durationMs":80,"source":"console.replay","correlationId":"console-replay:mgms2pk2llzbmxcr","timelineOffsetMs":9.238896001130342,"schedulingMode":"timeline"}
10-11 17:18:59.111 28938 29004 I ReactNativeJS: [outputs] outputs.flashPulse.commit {"timestamp":18562632.115104,"wallClock":1760217539110,"durationMs":80,"source":"console.replay","correlationId":"console-replay:mgms2pk2llzbmxcr","latencyMs":68.19875000044703,"timelineOffsetMs":9.238896001130342,"leadMs":8,"scheduleSkewMs":76.19875000044703,"schedulingMode":"timeline"}
10-11 17:18:59.114 28938 32025 D OutputsAudio: [outputs-audio] stop gain=1.000 release=6.00
10-11 17:18:59.194 28938 32025 D OutputsAudio: [outputs-audio] start hz=700.0 gain=1.000 attack=2.50 release=6.00
10-11 17:18:59.195 28938 32025 D OutputsAudio: [outputs-audio] playMorse.symbol.start sequence=4 symbol=- expected=18562711.875 actual=18562716.215 skew=4.340 batchElapsed=484.340
10-11 17:18:59.207 28938 29004 D OutputsAudio: [outputs-audio] symbol.info sequence=4 symbol=- timestamp=18562716.215 duration=240.000 expected=18562711.875 skew=4.340 age=12.571
10-11 17:18:59.208 28938 29004 I ReactNativeJS: [outputs] playMorse.symbol {"timestamp":18562728.947708,"wallClock":1760217539207,"symbol":"-","durationMs":240,"index":3,"source":"console.replay","correlationId":"console-replay:mgms2ponqrt8htzi","nativeTimestampMs":18562716.215,"nativeDurationMs":240,"nativeOffsetMs":12.66864600032568,"nativeSequence":4,"monotonicTimestampMs":18562716.215,"nativeExpectedTimestampMs":18562711.875,"nativeStartSkewMs":4.34,"nativeBatchElapsedMs":484.34,"nativeExpectedSincePriorMs":160,"nativeSincePriorMs":161.544,"nativePatternStartMs":18562231.875,"nativeAgeMs":12.571}
10-11 17:18:59.208 28938 29004 I ReactNativeJS: [outputs] outputs.hapticSymbol {"timestamp":18562729.50849,"wallClock":1760217539208,"enabled":true,"symbol":"-","durationMs":240,"platform":"android","source":"console.replay","correlationId":"console-replay:mgms2ponqrt8htzi","timelineOffsetMs":12.66864600032568}
10-11 17:18:59.209 28938 29004 I ReactNativeJS: [outputs] outputs.flashPulse {"timestamp":18562730.133385,"wallClock":1760217539209,"enabled":true,"durationMs":240,"source":"console.replay","correlationId":"console-replay:mgms2ponqrt8htzi","timelineOffsetMs":12.66864600032568,"schedulingMode":"timeline"}
10-11 17:18:59.264 28938 29004 I ReactNativeJS: [outputs] outputs.flashPulse.commit {"timestamp":18562785.424271,"wallClock":1760217539264,"durationMs":240,"source":"console.replay","correlationId":"console-replay:mgms2ponqrt8htzi","latencyMs":56.53458299860358,"timelineOffsetMs":12.66864600032568,"leadMs":8,"scheduleSkewMs":64.53458299860358,"schedulingMode":"timeline"}
10-11 17:18:59.435 28938 32025 D OutputsAudio: [outputs-audio] stop gain=1.000 release=6.00
10-11 17:18:59.515 28938 32025 D OutputsAudio: [outputs-audio] start hz=700.0 gain=1.000 attack=2.50 release=6.00
10-11 17:18:59.515 28938 32025 D OutputsAudio: [outputs-audio] playMorse.symbol.start sequence=5 symbol=- expected=18563031.875 actual=18563037.079 skew=5.204 batchElapsed=805.204
10-11 17:18:59.544 28938 29004 D OutputsAudio: [outputs-audio] symbol.info sequence=5 symbol=- timestamp=18563037.079 duration=240.000 expected=18563031.875 skew=5.204 age=28.618
10-11 17:18:59.546 28938 29004 I ReactNativeJS: [outputs] playMorse.symbol {"timestamp":18563066.097031,"wallClock":1760217539544,"symbol":"-","durationMs":240,"index":4,"source":"console.replay","correlationId":"console-replay:mgms2py0adh0bgi2","nativeTimestampMs":18563037.079,"nativeDurationMs":240,"nativeOffsetMs":28.869176998734474,"nativeSequence":5,"monotonicTimestampMs":18563037.079,"nativeExpectedTimestampMs":18563031.875,"nativeStartSkewMs":5.204,"nativeBatchElapsedMs":805.204,"nativeExpectedSincePriorMs":320,"nativeSincePriorMs":320.864,"nativePatternStartMs":18562231.875,"nativeAgeMs":28.618}
10-11 17:18:59.547 28938 29004 I ReactNativeJS: [outputs] outputs.hapticSymbol {"timestamp":18563067.58875,"wallClock":1760217539546,"enabled":true,"symbol":"-","durationMs":240,"platform":"android","source":"console.replay","correlationId":"console-replay:mgms2py0adh0bgi2","timelineOffsetMs":28.869176998734474}
10-11 17:18:59.549 28938 29004 I ReactNativeJS: [outputs] outputs.flashPulse {"timestamp":18563069.549375,"wallClock":1760217539548,"enabled":true,"durationMs":240,"source":"console.replay","correlationId":"console-replay:mgms2py0adh0bgi2","timelineOffsetMs":28.869176998734474,"schedulingMode":"timeline"}
10-11 17:18:59.606 28938 29004 I ReactNativeJS: [outputs] outputs.flashPulse.commit {"timestamp":18563127.209323,"wallClock":1760217539606,"durationMs":240,"source":"console.replay","correlationId":"console-replay:mgms2py0adh0bgi2","latencyMs":61.25406200066209,"timelineOffsetMs":28.869176998734474,"leadMs":8,"scheduleSkewMs":69.25406200066209,"schedulingMode":"timeline"}
10-11 17:18:59.756 28938 32025 D OutputsAudio: [outputs-audio] stop gain=1.000 release=6.00
10-11 17:18:59.837 28938 32025 D OutputsAudio: [outputs-audio] start hz=700.0 gain=1.000 attack=2.50 release=6.00
10-11 17:18:59.837 28938 32025 D OutputsAudio: [outputs-audio] playMorse.symbol.start sequence=6 symbol=- expected=18563351.875 actual=18563358.265 skew=6.390 batchElapsed=1126.390
10-11 17:18:59.847 28938 29004 D OutputsAudio: [outputs-audio] symbol.info sequence=6 symbol=- timestamp=18563358.265 duration=240.000 expected=18563351.875 skew=6.390 age=10.518
10-11 17:18:59.849 28938 29004 I ReactNativeJS: [outputs] playMorse.symbol {"timestamp":18563369.071719,"wallClock":1760217539847,"symbol":"-","durationMs":240,"index":5,"source":"console.replay","correlationId":"console-replay:mgms2q6fw3pactd6","nativeTimestampMs":18563358.265,"nativeDurationMs":240,"nativeOffsetMs":10.69302099943161,"nativeSequence":6,"monotonicTimestampMs":18563358.265,"nativeExpectedTimestampMs":18563351.875,"nativeStartSkewMs":6.39,"nativeBatchElapsedMs":1126.39,"nativeExpectedSincePriorMs":320,"nativeSincePriorMs":321.186,"nativePatternStartMs":18562231.875,"nativeAgeMs":10.518}
10-11 17:18:59.850 28938 29004 I ReactNativeJS: [outputs] outputs.hapticSymbol {"timestamp":18563370.456666,"wallClock":1760217539849,"enabled":true,"symbol":"-","durationMs":240,"platform":"android","source":"console.replay","correlationId":"console-replay:mgms2q6fw3pactd6","timelineOffsetMs":10.69302099943161}
10-11 17:18:59.852 28938 29004 I ReactNativeJS: [outputs] outputs.flashPulse {"timestamp":18563372.652083,"wallClock":1760217539851,"enabled":true,"durationMs":240,"source":"console.replay","correlationId":"console-replay:mgms2q6fw3pactd6","timelineOffsetMs":10.69302099943161,"schedulingMode":"timeline"}
10-11 17:18:59.926 28938 29004 I ReactNativeJS: [outputs] outputs.flashPulse.commit {"timestamp":18563446.842916,"wallClock":1760217539925,"durationMs":240,"source":"console.replay","correlationId":"console-replay:mgms2q6fw3pactd6","latencyMs":77.87864499911666,"timelineOffsetMs":10.69302099943161,"leadMs":8,"scheduleSkewMs":85.87864499911666,"schedulingMode":"timeline"}
10-11 17:19:00.077 28938 32025 D OutputsAudio: [outputs-audio] stop gain=1.000 release=6.00
10-11 17:19:00.157 28938 32025 D OutputsAudio: [outputs-audio] start hz=700.0 gain=1.000 attack=2.50 release=6.00
10-11 17:19:00.157 28938 32025 D OutputsAudio: [outputs-audio] playMorse.symbol.start sequence=7 symbol=. expected=18563671.875 actual=18563678.957 skew=7.082 batchElapsed=1447.082
10-11 17:19:00.170 28938 29004 D OutputsAudio: [outputs-audio] symbol.info sequence=7 symbol=. timestamp=18563678.957 duration=80.000 expected=18563671.875 skew=7.082 age=12.515
10-11 17:19:00.171 28938 29004 I ReactNativeJS: [outputs] playMorse.symbol {"timestamp":18563691.692031,"wallClock":1760217540170,"symbol":".","durationMs":80,"index":6,"source":"console.replay","correlationId":"console-replay:mgms2qfemffl1803","nativeTimestampMs":18563678.957,"nativeDurationMs":80,"nativeOffsetMs":12.638208001852036,"nativeSequence":7,"monotonicTimestampMs":18563678.957,"nativeExpectedTimestampMs":18563671.875,"nativeStartSkewMs":7.082,"nativeBatchElapsedMs":1447.082,"nativeExpectedSincePriorMs":320,"nativeSincePriorMs":320.692,"nativePatternStartMs":18562231.875,"nativeAgeMs":12.515}
10-11 17:19:00.172 28938 29004 I ReactNativeJS: [outputs] outputs.hapticSymbol {"timestamp":18563692.665,"wallClock":1760217540171,"enabled":true,"symbol":".","durationMs":80,"platform":"android","source":"console.replay","correlationId":"console-replay:mgms2qfemffl1803","timelineOffsetMs":12.638208001852036}
10-11 17:19:00.172 28938 29004 I ReactNativeJS: [outputs] outputs.flashPulse {"timestamp":18563693.67875,"wallClock":1760217540172,"enabled":true,"durationMs":80,"source":"console.replay","correlationId":"console-replay:mgms2qfemffl1803","timelineOffsetMs":12.638208001852036,"schedulingMode":"timeline"}
10-11 17:19:00.237 28938 32025 D OutputsAudio: [outputs-audio] stop gain=1.000 release=6.00
10-11 17:19:00.242 28938 29004 I ReactNativeJS: [outputs] outputs.flashPulse.commit {"timestamp":18563763.135885,"wallClock":1760217540242,"durationMs":80,"source":"console.replay","correlationId":"console-replay:mgms2qfemffl1803","latencyMs":71.53437500074506,"timelineOffsetMs":12.638208001852036,"leadMs":8,"scheduleSkewMs":79.53437500074506,"schedulingMode":"timeline"}
10-11 17:19:00.318 28938 32025 D OutputsAudio: [outputs-audio] start hz=700.0 gain=1.000 attack=2.50 release=6.00
10-11 17:19:00.318 28938 32025 D OutputsAudio: [outputs-audio] playMorse.symbol.start sequence=8 symbol=. expected=18563831.875 actual=18563839.738 skew=7.863 batchElapsed=1607.863
10-11 17:19:00.338 28938 29004 D OutputsAudio: [outputs-audio] symbol.info sequence=8 symbol=. timestamp=18563839.738 duration=80.000 expected=18563831.875 skew=7.863 age=20.117
10-11 17:19:00.339 28938 29004 I ReactNativeJS: [outputs] playMorse.symbol {"timestamp":18563860.095729,"wallClock":1760217540338,"symbol":".","durationMs":80,"index":7,"source":"console.replay","correlationId":"console-replay:mgms2qk23sr5jgyh","nativeTimestampMs":18563839.738,"nativeDurationMs":80,"nativeOffsetMs":20.240176998078823,"nativeSequence":8,"monotonicTimestampMs":18563839.738,"nativeExpectedTimestampMs":18563831.875,"nativeStartSkewMs":7.863,"nativeBatchElapsedMs":1607.863,"nativeExpectedSincePriorMs":160,"nativeSincePriorMs":160.781,"nativePatternStartMs":18562231.875,"nativeAgeMs":20.117}
10-11 17:19:00.340 28938 29004 I ReactNativeJS: [outputs] outputs.hapticSymbol {"timestamp":18563860.989843,"wallClock":1760217540339,"enabled":true,"symbol":".","durationMs":80,"platform":"android","source":"console.replay","correlationId":"console-replay:mgms2qk23sr5jgyh","timelineOffsetMs":20.240176998078823}
10-11 17:19:00.340 28938 29004 I ReactNativeJS: [outputs] outputs.flashPulse {"timestamp":18563861.760573,"wallClock":1760217540340,"enabled":true,"durationMs":80,"source":"console.replay","correlationId":"console-replay:mgms2qk23sr5jgyh","timelineOffsetMs":20.240176998078823,"schedulingMode":"timeline"}
10-11 17:19:00.399 28938 32025 D OutputsAudio: [outputs-audio] stop gain=1.000 release=6.00
10-11 17:19:00.399 28938 29004 I ReactNativeJS: [outputs] outputs.flashPulse.commit {"timestamp":18563920.311718,"wallClock":1760217540399,"durationMs":80,"source":"console.replay","correlationId":"console-replay:mgms2qk23sr5jgyh","latencyMs":60.328177001327276,"timelineOffsetMs":20.240176998078823,"leadMs":8,"scheduleSkewMs":68.32817700132728,"schedulingMode":"timeline"}
10-11 17:19:00.480 28938 32025 D OutputsAudio: [outputs-audio] start hz=700.0 gain=1.000 attack=2.50 release=6.00
10-11 17:19:00.480 28938 32025 D OutputsAudio: [outputs-audio] playMorse.symbol.start sequence=9 symbol=. expected=18563991.875 actual=18564001.916 skew=10.041 batchElapsed=1770.041
10-11 17:19:00.495 28938 29004 D OutputsAudio: [outputs-audio] symbol.info sequence=9 symbol=. timestamp=18564001.916 duration=80.000 expected=18563991.875 skew=10.041 age=14.769
10-11 17:19:00.498 28938 29004 I ReactNativeJS: [outputs] playMorse.symbol {"timestamp":18564017.003854,"wallClock":1760217540495,"symbol":".","durationMs":80,"index":8,"source":"console.replay","correlationId":"console-replay:mgms2qofesqtzt4z","nativeTimestampMs":18564001.916,"nativeDurationMs":80,"nativeOffsetMs":14.960561998188496,"nativeSequence":9,"monotonicTimestampMs":18564001.916,"nativeExpectedTimestampMs":18563991.875,"nativeStartSkewMs":10.041,"nativeBatchElapsedMs":1770.041,"nativeExpectedSincePriorMs":160,"nativeSincePriorMs":162.178,"nativePatternStartMs":18562231.875,"nativeAgeMs":14.769}
10-11 17:19:00.498 28938 29004 I ReactNativeJS: [outputs] outputs.hapticSymbol {"timestamp":18564019.272239,"wallClock":1760217540498,"enabled":true,"symbol":".","durationMs":80,"platform":"android","source":"console.replay","correlationId":"console-replay:mgms2qofesqtzt4z","timelineOffsetMs":14.960561998188496}
10-11 17:19:00.500 28938 29004 I ReactNativeJS: [outputs] outputs.flashPulse {"timestamp":18564021.353958,"wallClock":1760217540500,"enabled":true,"durationMs":80,"source":"console.replay","correlationId":"console-replay:mgms2qofesqtzt4z","timelineOffsetMs":14.960561998188496,"schedulingMode":"timeline"}
10-11 17:19:00.561 28938 32025 D OutputsAudio: [outputs-audio] stop gain=1.000 release=6.00
10-11 17:19:00.565 28938 29004 I ReactNativeJS: [outputs] outputs.flashPulse.commit {"timestamp":18564086.466093,"wallClock":1760217540565,"durationMs":80,"source":"console.replay","correlationId":"console-replay:mgms2qofesqtzt4z","latencyMs":69.58322900161147,"timelineOffsetMs":14.960561998188496,"leadMs":8,"scheduleSkewMs":77.58322900161147,"schedulingMode":"timeline"}
10-11 17:19:00.642 28938 32025 D OutputsAudio: [outputs-audio] start hz=700.0 gain=1.000 attack=2.50 release=6.00
10-11 17:19:00.642 28938 32025 D OutputsAudio: [outputs-audio] playMorse.symbol.start sequence=10 symbol=- expected=18564151.875 actual=18564163.275 skew=11.400 batchElapsed=1931.400
10-11 17:19:00.658 28938 29004 D OutputsAudio: [outputs-audio] symbol.info sequence=10 symbol=- timestamp=18564163.275 duration=240.000 expected=18564151.875 skew=11.400 age=16.620
10-11 17:19:00.659 28938 29004 I ReactNativeJS: [outputs] playMorse.symbol {"timestamp":18564180.099687,"wallClock":1760217540658,"symbol":"-","durationMs":240,"index":9,"source":"console.replay","correlationId":"console-replay:mgms2qsy08z7fwdd","nativeTimestampMs":18564163.275,"nativeDurationMs":240,"nativeOffsetMs":16.723020002245903,"nativeSequence":10,"monotonicTimestampMs":18564163.275,"nativeExpectedTimestampMs":18564151.875,"nativeStartSkewMs":11.4,"nativeBatchElapsedMs":1931.4,"nativeExpectedSincePriorMs":160,"nativeSincePriorMs":161.359,"nativePatternStartMs":18562231.875,"nativeAgeMs":16.62}
10-11 17:19:00.659 28938 29004 I ReactNativeJS: [outputs] outputs.hapticSymbol {"timestamp":18564180.712031,"wallClock":1760217540659,"enabled":true,"symbol":"-","durationMs":240,"platform":"android","source":"console.replay","correlationId":"console-replay:mgms2qsy08z7fwdd","timelineOffsetMs":16.723020002245903}
10-11 17:19:00.660 28938 29004 I ReactNativeJS: [outputs] outputs.flashPulse {"timestamp":18564181.267552,"wallClock":1760217540660,"enabled":true,"durationMs":240,"source":"console.replay","correlationId":"console-replay:mgms2qsy08z7fwdd","timelineOffsetMs":16.723020002245903,"schedulingMode":"timeline"}
10-11 17:19:00.717 28938 29004 I ReactNativeJS: [outputs] outputs.flashPulse.commit {"timestamp":18564238.442656,"wallClock":1760217540717,"durationMs":240,"source":"console.replay","correlationId":"console-replay:mgms2qsy08z7fwdd","latencyMs":58.43765699863434,"timelineOffsetMs":16.723020002245903,"leadMs":8,"scheduleSkewMs":66.43765699863434,"schedulingMode":"timeline"}
10-11 17:19:00.883 28938 32025 D OutputsAudio: [outputs-audio] stop gain=1.000 release=6.00
10-11 17:19:00.964 28938 32025 D OutputsAudio: [outputs-audio] start hz=700.0 gain=1.000 attack=2.50 release=6.00
10-11 17:19:00.964 28938 32025 D OutputsAudio: [outputs-audio] playMorse.symbol.start sequence=11 symbol=- expected=18564471.875 actual=18564485.834 skew=13.959 batchElapsed=2253.959
10-11 17:19:00.974 28938 29004 D OutputsAudio: [outputs-audio] symbol.info sequence=11 symbol=- timestamp=18564485.834 duration=240.000 expected=18564471.875 skew=13.959 age=9.759
10-11 17:19:00.975 28938 29004 I ReactNativeJS: [outputs] playMorse.symbol {"timestamp":18564495.838697,"wallClock":1760217540974,"symbol":"-","durationMs":240,"index":10,"source":"console.replay","correlationId":"console-replay:mgms2r1qevmdvgpy","nativeTimestampMs":18564485.834,"nativeDurationMs":240,"nativeOffsetMs":9.912301000207663,"nativeSequence":11,"monotonicTimestampMs":18564485.834,"nativeExpectedTimestampMs":18564471.875,"nativeStartSkewMs":13.959,"nativeBatchElapsedMs":2253.959,"nativeExpectedSincePriorMs":320,"nativeSincePriorMs":322.559,"nativePatternStartMs":18562231.875,"nativeAgeMs":9.759}
10-11 17:19:00.975 28938 29004 I ReactNativeJS: [outputs] outputs.hapticSymbol {"timestamp":18564496.654791,"wallClock":1760217540975,"enabled":true,"symbol":"-","durationMs":240,"platform":"android","source":"console.replay","correlationId":"console-replay:mgms2r1qevmdvgpy","timelineOffsetMs":9.912301000207663}
10-11 17:19:00.976 28938 29004 I ReactNativeJS: [outputs] outputs.flashPulse {"timestamp":18564497.534114,"wallClock":1760217540976,"enabled":true,"durationMs":240,"source":"console.replay","correlationId":"console-replay:mgms2r1qevmdvgpy","timelineOffsetMs":9.912301000207663,"schedulingMode":"timeline"}
10-11 17:19:01.045 28938 29004 I ReactNativeJS: [outputs] outputs.flashPulse.commit {"timestamp":18564566.231926,"wallClock":1760217541045,"durationMs":240,"source":"console.replay","correlationId":"console-replay:mgms2r1qevmdvgpy","latencyMs":70.47911500185728,"timelineOffsetMs":9.912301000207663,"leadMs":8,"scheduleSkewMs":78.47911500185728,"schedulingMode":"timeline"}
10-11 17:19:01.205 28938 32025 D OutputsAudio: [outputs-audio] stop gain=1.000 release=6.00
10-11 17:19:01.287 28938 32025 D OutputsAudio: [outputs-audio] start hz=700.0 gain=1.000 attack=2.50 release=6.00
10-11 17:19:01.287 28938 32025 D OutputsAudio: [outputs-audio] playMorse.symbol.start sequence=12 symbol=- expected=18564791.875 actual=18564808.658 skew=16.783 batchElapsed=2576.783
10-11 17:19:01.297 28938 29004 D OutputsAudio: [outputs-audio] symbol.info sequence=12 symbol=- timestamp=18564808.658 duration=240.000 expected=18564791.875 skew=16.783 age=10.117
10-11 17:19:01.299 28938 29004 I ReactNativeJS: [outputs] playMorse.symbol {"timestamp":18564818.998593,"wallClock":1760217541297,"symbol":"-","durationMs":240,"index":11,"source":"console.replay","correlationId":"console-replay:mgms2rapqrthyjaq","nativeTimestampMs":18564808.658,"nativeDurationMs":240,"nativeOffsetMs":10.250227998942137,"nativeSequence":12,"monotonicTimestampMs":18564808.658,"nativeExpectedTimestampMs":18564791.875,"nativeStartSkewMs":16.783,"nativeBatchElapsedMs":2576.783,"nativeExpectedSincePriorMs":320,"nativeSincePriorMs":322.824,"nativePatternStartMs":18562231.875,"nativeAgeMs":10.117}
10-11 17:19:01.300 28938 29004 I ReactNativeJS: [outputs] outputs.hapticSymbol {"timestamp":18564821.189166,"wallClock":1760217541300,"enabled":true,"symbol":"-","durationMs":240,"platform":"android","source":"console.replay","correlationId":"console-replay:mgms2rapqrthyjaq","timelineOffsetMs":10.250227998942137}
10-11 17:19:01.302 28938 29004 I ReactNativeJS: [outputs] outputs.flashPulse {"timestamp":18564822.934114,"wallClock":1760217541301,"enabled":true,"durationMs":240,"source":"console.replay","correlationId":"console-replay:mgms2rapqrthyjaq","timelineOffsetMs":10.250227998942137,"schedulingMode":"timeline"}
10-11 17:19:01.377 28938 29004 I ReactNativeJS: [outputs] outputs.flashPulse.commit {"timestamp":18564898.340103,"wallClock":1760217541377,"durationMs":240,"source":"console.replay","correlationId":"console-replay:mgms2rapqrthyjaq","latencyMs":79.4251569993794,"timelineOffsetMs":10.250227998942137,"leadMs":8,"scheduleSkewMs":87.4251569993794,"schedulingMode":"timeline"}
10-11 17:19:01.528 28938 32025 D OutputsAudio: [outputs-audio] stop gain=1.000 release=6.00
10-11 17:19:01.610 28938 32025 D OutputsAudio: [outputs-audio] start hz=700.0 gain=1.000 attack=2.50 release=6.00
10-11 17:19:01.610 28938 32025 D OutputsAudio: [outputs-audio] playMorse.symbol.start sequence=13 symbol=. expected=18565111.875 actual=18565131.366 skew=19.491 batchElapsed=2899.491
10-11 17:19:01.615 28938 29004 D OutputsAudio: [outputs-audio] symbol.info sequence=13 symbol=. timestamp=18565131.366 duration=80.000 expected=18565111.875 skew=19.491 age=4.950
10-11 17:19:01.617 28938 29004 I ReactNativeJS: [outputs] playMorse.symbol {"timestamp":18565136.502916,"wallClock":1760217541615,"symbol":".","durationMs":80,"index":12,"source":"console.replay","correlationId":"console-replay:mgms2rjj4p363yqn","nativeTimestampMs":18565131.366,"nativeDurationMs":80,"nativeOffsetMs":5.053217999637127,"nativeSequence":13,"monotonicTimestampMs":18565131.366,"nativeExpectedTimestampMs":18565111.875,"nativeStartSkewMs":19.491,"nativeBatchElapsedMs":2899.491,"nativeExpectedSincePriorMs":320,"nativeSincePriorMs":322.708,"nativePatternStartMs":18562231.875,"nativeAgeMs":4.95}
10-11 17:19:01.618 28938 29004 I ReactNativeJS: [outputs] outputs.hapticSymbol {"timestamp":18565138.455832,"wallClock":1760217541617,"enabled":true,"symbol":".","durationMs":80,"platform":"android","source":"console.replay","correlationId":"console-replay:mgms2rjj4p363yqn","timelineOffsetMs":5.053217999637127}
10-11 17:19:01.620 28938 29004 I ReactNativeJS: [outputs] outputs.flashPulse {"timestamp":18565140.644947,"wallClock":1760217541619,"enabled":true,"durationMs":80,"source":"console.replay","correlationId":"console-replay:mgms2rjj4p363yqn","timelineOffsetMs":5.053217999637127,"schedulingMode":"timeline"}
10-11 17:19:01.685 28938 29004 I ReactNativeJS: [outputs] outputs.flashPulse.commit {"timestamp":18565205.985728,"wallClock":1760217541684,"durationMs":80,"source":"console.replay","correlationId":"console-replay:mgms2rjj4p363yqn","latencyMs":69.56015599891543,"timelineOffsetMs":5.053217999637127,"leadMs":8,"scheduleSkewMs":77.56015599891543,"schedulingMode":"timeline"}
10-11 17:19:01.690 28938 32025 D OutputsAudio: [outputs-audio] stop gain=1.000 release=6.00
10-11 17:19:01.771 28938 32025 D OutputsAudio: [outputs-audio] start hz=700.0 gain=1.000 attack=2.50 release=6.00
10-11 17:19:01.772 28938 32025 D OutputsAudio: [outputs-audio] playMorse.symbol.start sequence=14 symbol=. expected=18565271.875 actual=18565293.136 skew=21.261 batchElapsed=3061.261
10-11 17:19:01.785 28938 29004 D OutputsAudio: [outputs-audio] symbol.info sequence=14 symbol=. timestamp=18565293.136 duration=80.000 expected=18565271.875 skew=21.261 age=12.955
10-11 17:19:01.785 28938 29004 I ReactNativeJS: [outputs] playMorse.symbol {"timestamp":18565306.324166,"wallClock":1760217541785,"symbol":".","durationMs":80,"index":13,"source":"console.replay","correlationId":"console-replay:mgms2ro9o684ta0b","nativeTimestampMs":18565293.136,"nativeDurationMs":80,"nativeOffsetMs":13.091446999460459,"nativeSequence":14,"monotonicTimestampMs":18565293.136,"nativeExpectedTimestampMs":18565271.875,"nativeStartSkewMs":21.261,"nativeBatchElapsedMs":3061.261,"nativeExpectedSincePriorMs":160,"nativeSincePriorMs":161.77,"nativePatternStartMs":18562231.875,"nativeAgeMs":12.955}
10-11 17:19:01.786 28938 29004 I ReactNativeJS: [outputs] outputs.hapticSymbol {"timestamp":18565307.209166,"wallClock":1760217541786,"enabled":true,"symbol":".","durationMs":80,"platform":"android","source":"console.replay","correlationId":"console-replay:mgms2ro9o684ta0b","timelineOffsetMs":13.091446999460459}
10-11 17:19:01.787 28938 29004 I ReactNativeJS: [outputs] outputs.flashPulse {"timestamp":18565308.260728,"wallClock":1760217541787,"enabled":true,"durationMs":80,"source":"console.replay","correlationId":"console-replay:mgms2ro9o684ta0b","timelineOffsetMs":13.091446999460459,"schedulingMode":"timeline"}
10-11 17:19:01.848 28938 29004 I ReactNativeJS: [outputs] outputs.flashPulse.commit {"timestamp":18565369.473384,"wallClock":1760217541848,"durationMs":80,"source":"console.replay","correlationId":"console-replay:mgms2ro9o684ta0b","latencyMs":63.239844001829624,"timelineOffsetMs":13.091446999460459,"leadMs":8,"scheduleSkewMs":71.23984400182962,"schedulingMode":"timeline"}
10-11 17:19:01.853 28938 32025 D OutputsAudio: [outputs-audio] stop gain=1.000 release=6.00
10-11 17:19:01.933 28938 32025 D OutputsAudio: [outputs-audio] start hz=700.0 gain=1.000 attack=2.50 release=6.00
10-11 17:19:01.934 28938 32025 D OutputsAudio: [outputs-audio] playMorse.symbol.start sequence=15 symbol=. expected=18565431.875 actual=18565455.130 skew=23.255 batchElapsed=3223.255
10-11 17:19:01.945 28938 29004 D OutputsAudio: [outputs-audio] symbol.info sequence=15 symbol=. timestamp=18565455.130 duration=80.000 expected=18565431.875 skew=23.255 age=11.243
10-11 17:19:01.946 28938 29004 I ReactNativeJS: [outputs] playMorse.symbol {"timestamp":18565466.56052,"wallClock":1760217541945,"symbol":".","durationMs":80,"index":14,"source":"console.replay","correlationId":"console-replay:mgms2rspa7am4pss","nativeTimestampMs":18565455.13,"nativeDurationMs":80,"nativeOffsetMs":11.344947002828121,"nativeSequence":15,"monotonicTimestampMs":18565455.13,"nativeExpectedTimestampMs":18565431.875,"nativeStartSkewMs":23.255,"nativeBatchElapsedMs":3223.255,"nativeExpectedSincePriorMs":160,"nativeSincePriorMs":161.994,"nativePatternStartMs":18562231.875,"nativeAgeMs":11.243}
10-11 17:19:01.946 28938 29004 I ReactNativeJS: [outputs] outputs.hapticSymbol {"timestamp":18565467.362655,"wallClock":1760217541946,"enabled":true,"symbol":".","durationMs":80,"platform":"android","source":"console.replay","correlationId":"console-replay:mgms2rspa7am4pss","timelineOffsetMs":11.344947002828121}
10-11 17:19:01.947 28938 29004 I ReactNativeJS: [outputs] outputs.flashPulse {"timestamp":18565468.400572,"wallClock":1760217541947,"enabled":true,"durationMs":80,"source":"console.replay","correlationId":"console-replay:mgms2rspa7am4pss","timelineOffsetMs":11.344947002828121,"schedulingMode":"timeline"}
10-11 17:19:02.014 28938 32025 D OutputsAudio: [outputs-audio] stop gain=1.000 release=6.00
10-11 17:19:02.014 28938 29004 I ReactNativeJS: [outputs] outputs.flashPulse.commit {"timestamp":18565535.57828,"wallClock":1760217542014,"durationMs":80,"source":"console.replay","correlationId":"console-replay:mgms2rspa7am4pss","latencyMs":69.0967709980905,"timelineOffsetMs":11.344947002828121,"leadMs":8,"scheduleSkewMs":77.0967709980905,"schedulingMode":"timeline"}
10-11 17:19:02.095 28938 32025 D OutputsAudio: [outputs-audio] start hz=700.0 gain=1.000 attack=2.50 release=6.00
10-11 17:19:02.095 28938 32025 D OutputsAudio: [outputs-audio] playMorse.symbol.start sequence=16 symbol=- expected=18565591.875 actual=18565616.533 skew=24.658 batchElapsed=3384.658
10-11 17:19:02.117 28938 29004 D OutputsAudio: [outputs-audio] symbol.info sequence=16 symbol=- timestamp=18565616.533 duration=240.000 expected=18565591.875 skew=24.658 age=22.279
10-11 17:19:02.118 28938 29004 I ReactNativeJS: [outputs] playMorse.symbol {"timestamp":18565639.015936,"wallClock":1760217542117,"symbol":"-","durationMs":240,"index":15,"source":"console.replay","correlationId":"console-replay:mgms2rxhbcv20x4b","nativeTimestampMs":18565616.533,"nativeDurationMs":240,"nativeOffsetMs":22.39606099948287,"nativeSequence":16,"monotonicTimestampMs":18565616.533,"nativeExpectedTimestampMs":18565591.875,"nativeStartSkewMs":24.658,"nativeBatchElapsedMs":3384.658,"nativeExpectedSincePriorMs":160,"nativeSincePriorMs":161.402,"nativePatternStartMs":18562231.875,"nativeAgeMs":22.279}
10-11 17:19:02.119 28938 29004 I ReactNativeJS: [outputs] outputs.hapticSymbol {"timestamp":18565639.849791,"wallClock":1760217542118,"enabled":true,"symbol":"-","durationMs":240,"platform":"android","source":"console.replay","correlationId":"console-replay:mgms2rxhbcv20x4b","timelineOffsetMs":22.39606099948287}
10-11 17:19:02.120 28938 29004 I ReactNativeJS: [outputs] outputs.flashPulse {"timestamp":18565640.800676,"wallClock":1760217542119,"enabled":true,"durationMs":240,"source":"console.replay","correlationId":"console-replay:mgms2rxhbcv20x4b","timelineOffsetMs":22.39606099948287,"schedulingMode":"timeline"}
10-11 17:19:02.188 28938 29004 I ReactNativeJS: [outputs] outputs.flashPulse.commit {"timestamp":18565709.204843,"wallClock":1760217542188,"durationMs":240,"source":"console.replay","correlationId":"console-replay:mgms2rxhbcv20x4b","latencyMs":70.2689069993794,"timelineOffsetMs":22.39606099948287,"leadMs":8,"scheduleSkewMs":78.2689069993794,"schedulingMode":"timeline"}
10-11 17:19:02.336 28938 32025 D OutputsAudio: [outputs-audio] stop gain=1.000 release=6.00
10-11 17:19:02.416 28938 32025 D OutputsAudio: [outputs-audio] start hz=700.0 gain=1.000 attack=2.50 release=6.00
10-11 17:19:02.416 28938 32025 D OutputsAudio: [outputs-audio] playMorse.symbol.start sequence=17 symbol=- expected=18565911.875 actual=18565937.873 skew=25.998 batchElapsed=3705.998
10-11 17:19:02.425 28938 29004 D OutputsAudio: [outputs-audio] symbol.info sequence=17 symbol=- timestamp=18565937.873 duration=240.000 expected=18565911.875 skew=25.998 age=8.315
10-11 17:19:02.426 28938 29004 I ReactNativeJS: [outputs] playMorse.symbol {"timestamp":18565946.450468,"wallClock":1760217542425,"symbol":"-","durationMs":240,"index":16,"source":"console.replay","correlationId":"console-replay:mgms2s61w8tggt7y","nativeTimestampMs":18565937.873,"nativeDurationMs":240,"nativeOffsetMs":8.46085299924016,"nativeSequence":17,"monotonicTimestampMs":18565937.873,"nativeExpectedTimestampMs":18565911.875,"nativeStartSkewMs":25.998,"nativeBatchElapsedMs":3705.998,"nativeExpectedSincePriorMs":320,"nativeSincePriorMs":321.341,"nativePatternStartMs":18562231.875,"nativeAgeMs":8.315}
10-11 17:19:02.426 28938 29004 I ReactNativeJS: [outputs] outputs.hapticSymbol {"timestamp":18565947.546457,"wallClock":1760217542426,"enabled":true,"symbol":"-","durationMs":240,"platform":"android","source":"console.replay","correlationId":"console-replay:mgms2s61w8tggt7y","timelineOffsetMs":8.46085299924016}
10-11 17:19:02.428 28938 29004 I ReactNativeJS: [outputs] outputs.flashPulse {"timestamp":18565948.756457,"wallClock":1760217542427,"enabled":true,"durationMs":240,"source":"console.replay","correlationId":"console-replay:mgms2s61w8tggt7y","timelineOffsetMs":8.46085299924016,"schedulingMode":"timeline"}
10-11 17:19:02.496 28938 29004 I ReactNativeJS: [outputs] outputs.flashPulse.commit {"timestamp":18566017.682655,"wallClock":1760217542496,"durationMs":240,"source":"console.replay","correlationId":"console-replay:mgms2s61w8tggt7y","latencyMs":71.34322899952531,"timelineOffsetMs":8.46085299924016,"leadMs":8,"scheduleSkewMs":79.34322899952531,"schedulingMode":"timeline"}
10-11 17:19:02.657 28938 32025 D OutputsAudio: [outputs-audio] stop gain=1.000 release=6.00
10-11 17:19:02.738 28938 32025 D OutputsAudio: [outputs-audio] start hz=700.0 gain=1.000 attack=2.50 release=6.00
10-11 17:19:02.738 28938 32025 D OutputsAudio: [outputs-audio] playMorse.symbol.start sequence=18 symbol=- expected=18566231.875 actual=18566259.470 skew=27.595 batchElapsed=4027.595
10-11 17:19:02.751 28938 29004 D OutputsAudio: [outputs-audio] symbol.info sequence=18 symbol=- timestamp=18566259.470 duration=240.000 expected=18566231.875 skew=27.595 age=12.947
10-11 17:19:02.752 28938 29004 I ReactNativeJS: [outputs] playMorse.symbol {"timestamp":18566272.640467,"wallClock":1760217542751,"symbol":"-","durationMs":240,"index":17,"source":"console.replay","correlationId":"console-replay:mgms2sf3xchxr0jw","nativeTimestampMs":18566259.47,"nativeDurationMs":240,"nativeOffsetMs":13.080832000821829,"nativeSequence":18,"monotonicTimestampMs":18566259.47,"nativeExpectedTimestampMs":18566231.875,"nativeStartSkewMs":27.595,"nativeBatchElapsedMs":4027.595,"nativeExpectedSincePriorMs":320,"nativeSincePriorMs":321.597,"nativePatternStartMs":18562231.875,"nativeAgeMs":12.947}
10-11 17:19:02.752 28938 29004 I ReactNativeJS: [outputs] outputs.hapticSymbol {"timestamp":18566273.569582,"wallClock":1760217542752,"enabled":true,"symbol":"-","durationMs":240,"platform":"android","source":"console.replay","correlationId":"console-replay:mgms2sf3xchxr0jw","timelineOffsetMs":13.080832000821829}
10-11 17:19:02.753 28938 29004 I ReactNativeJS: [outputs] outputs.flashPulse {"timestamp":18566274.701197,"wallClock":1760217542753,"enabled":true,"durationMs":240,"source":"console.replay","correlationId":"console-replay:mgms2sf3xchxr0jw","timelineOffsetMs":13.080832000821829,"schedulingMode":"timeline"}
10-11 17:19:02.823 28938 29004 I ReactNativeJS: [outputs] outputs.flashPulse.commit {"timestamp":18566343.785415,"wallClock":1760217542822,"durationMs":240,"source":"console.replay","correlationId":"console-replay:mgms2sf3xchxr0jw","latencyMs":71.22770800068974,"timelineOffsetMs":13.080832000821829,"leadMs":8,"scheduleSkewMs":79.22770800068974,"schedulingMode":"timeline"}
10-11 17:19:02.979 28938 32025 D OutputsAudio: [outputs-audio] stop gain=1.000 release=6.00
10-11 17:19:03.059 28938 32025 D OutputsAudio: [outputs-audio] start hz=700.0 gain=1.000 attack=2.50 release=6.00
10-11 17:19:03.059 28938 32025 D OutputsAudio: [outputs-audio] playMorse.symbol.start sequence=19 symbol=. expected=18566551.875 actual=18566580.993 skew=29.118 batchElapsed=4349.118
10-11 17:19:03.070 28938 29004 D OutputsAudio: [outputs-audio] symbol.info sequence=19 symbol=. timestamp=18566580.993 duration=80.000 expected=18566551.875 skew=29.118 age=10.341
