10-13 20:33:31.699 D/ActivityTaskManager( 2385): startActivityAsUser: callingPid=2385, callingUid=1000, caller=com.android.server.wm.ActivityTaskManagerService.startActivityAsUser:1870 com.android.server.wm.ActivityTaskManagerService.startActivity:1844 android.app.Instrumentation.execStartActivity:1873 android.app.ContextImpl.startActivity:1174 com.android.server.wm.ActivityTaskManagerService$ActiveLaunchReceiver.onReceive:1427 android.app.LoadedApk$ReceiverDispatcher$Args.lambda$getRunnable$0:1911 android.app.LoadedApk$ReceiverDispatcher$Args.$r8$lambda$gDuJqgxY6Zb-ifyeubKeivTLAwk:0 
10-13 20:33:31.699 E/pageboostd( 4229): alp start : app comufbdirectudb
10-13 20:33:31.700 I/ChimeraSystemEventListener( 2385): appLaunchIntent package name is: com.ufbdirect.udb
10-13 20:33:31.700 D/ActivityTaskManager( 2385): request preloading for newly launching app
10-13 20:33:31.700 E/ActivityTaskManager( 2385): TouchDown intent received, starting ActiveLaunch
10-13 20:33:31.701 D/ActivityTaskManager( 2385): starting Active launch
10-13 20:33:31.702 I/GestureDetector( 2385): obtain mCurrentMotionEventRaw. action: 2 id: 604386110
10-13 20:33:31.702 I/GestureDetector( 2385): obtain mCurrentMotionEventRaw. action: 2 id: 604386110
10-13 20:33:31.706 D/CompatibilityChangeReporter( 2385): Compat change id reported: 135634846; UID 10321; state: DISABLED
10-13 20:33:31.707 D/CompatibilityChangeReporter( 2385): Compat change id reported: 177438394; UID 10321; state: DISABLED
10-13 20:33:31.707 D/CompatibilityChangeReporter( 2385): Compat change id reported: 135772972; UID 10321; state: DISABLED
10-13 20:33:31.707 D/CompatibilityChangeReporter( 2385): Compat change id reported: 135754954; UID 10321; state: ENABLED
10-13 20:33:31.709 D/CompatibilityChangeReporter( 2385): Compat change id reported: 143937733; UID 10321; state: ENABLED
10-13 20:33:31.710 D/ShellStartingWindow( 3203): preload Icon com.ufbdirect.udb
10-13 20:33:31.713 I/HoneySpace.AppscreenContainerView( 3604): findActiveTouchController ev = 2
10-13 20:33:31.713 I/HoneySpace.AppscreenHomeTouchController( 3604): onControllerInterceptTouchEvent ev = 2
10-13 20:33:31.713 I/HoneySpace.ApplistFastRecyclerView( 3604): updateIsBeingDraggedOnTouchDown touchSlop:23, diff:0, moved:false
10-13 20:33:31.721 I/HoneySpace.AppscreenContainerView( 3604): findActiveTouchController ev = 2
10-13 20:33:31.721 I/HoneySpace.AppscreenHomeTouchController( 3604): onControllerInterceptTouchEvent ev = 2
10-13 20:33:31.721 I/HoneySpace.ApplistFastRecyclerView( 3604): updateIsBeingDraggedOnTouchDown touchSlop:23, diff:2, moved:false
10-13 20:33:31.723 D/Zygote  ( 1385): Forked child process 22765
10-13 20:33:31.724 I/ActivityManager( 2385): Start proc 22765:com.ufbdirect.udb/u0a321 for activelaunch {com.ufbdirect.udb/crc645699f962880779a0.SplashActivity}
10-13 20:33:31.729 I/HoneySpace.AppscreenContainerView( 3604): findActiveTouchController ev = 2
10-13 20:33:31.729 I/HoneySpace.AppscreenHomeTouchController( 3604): onControllerInterceptTouchEvent ev = 2
10-13 20:33:31.729 I/HoneySpace.ApplistFastRecyclerView( 3604): updateIsBeingDraggedOnTouchDown touchSlop:23, diff:5, moved:false
10-13 20:33:31.738 I/HoneySpace.AppscreenContainerView( 3604): findActiveTouchController ev = 2
10-13 20:33:31.738 I/HoneySpace.AppscreenHomeTouchController( 3604): onControllerInterceptTouchEvent ev = 2
10-13 20:33:31.738 I/HoneySpace.ApplistFastRecyclerView( 3604): updateIsBeingDraggedOnTouchDown touchSlop:23, diff:12, moved:false
10-13 20:33:31.741 I/m.ufbdirect.udb(22765): Using CollectorTypeCMC GC.
10-13 20:33:31.743 E/m.ufbdirect.udb(22765): Not starting debugger since process cannot load the jdwp agent.
10-13 20:33:31.745 D/nativeloader(22765): Load libframework-connectivity-tiramisu-jni.so using APEX ns com_android_tethering for caller /apex/com.android.tethering/javalib/framework-connectivity-t.jar: ok
10-13 20:33:31.745 I/SemDvfsHyPerManager( 2385): acquire hyper - WM_SCROLL_DETECTED/2385@2, type = 268443651
10-13 20:33:31.746 I/HYPER-HAL( 1451): [RequestManager.cpp]acquire(): Acquired ID : 2850080  [2385 / 2]    HINT :      list : [CoreNumBigMin / 3] 
10-13 20:33:31.746 I/HoneySpace.AppscreenContainerView( 3604): findActiveTouchController ev = 2
10-13 20:33:31.746 I/HoneySpace.AppscreenHomeTouchController( 3604): onControllerInterceptTouchEvent ev = 2
10-13 20:33:31.746 I/HoneySpace.ApplistFastRecyclerView( 3604): updateIsBeingDraggedOnTouchDown touchSlop:23, diff:23, moved:false
10-13 20:33:31.746 D/ActivityThread(22765): setConscryptValidator
10-13 20:33:31.746 D/ActivityThread(22765): setConscryptValidator - put
10-13 20:33:31.750 D/CompatibilityChangeReporter( 2385): Compat change id reported: 168419799; UID 10321; state: DISABLED
10-13 20:33:31.750 D/CompatibilityChangeReporter( 2385): Compat change id reported: 273564678; UID 10321; state: DISABLED
10-13 20:33:31.752 D/CompatibilityChangeReporter(22765): Compat change id reported: 171979766; UID 10321; state: ENABLED
10-13 20:33:31.752 D/CompatibilityChangeReporter(22765): Compat change id reported: 242716250; UID 10321; state: ENABLED
10-13 20:33:31.753 D/HidDeviceService( 4159): handleMessage(): msg.what=8
10-13 20:33:31.753 D/CompatibilityChangeReporter( 2385): Compat change id reported: 170503758; UID 10321; state: ENABLED
10-13 20:33:31.754 I/HoneySpace.AppscreenContainerView( 3604): findActiveTouchController ev = 2
10-13 20:33:31.754 I/HoneySpace.AppscreenHomeTouchController( 3604): onControllerInterceptTouchEvent ev = 2
10-13 20:33:31.754 I/HoneySpace.ApplistFastRecyclerView( 3604): updateIsBeingDraggedOnTouchDown touchSlop:23, diff:58, moved:true
10-13 20:33:31.754 I/HoneySpace.ApplistFastRecyclerView( 3604): startScroll
10-13 20:33:31.754 I/HoneySpace.ApplistFastRecyclerView( 3604): updateCellLayoutAlpha() showAll: true
10-13 20:33:31.754 I/HoneySpace.DvfsManager( 3604): boostPageSwipe takenTime: 1760402011754
10-13 20:33:31.754 I/SemDvfsHyPerManager( 3604): acquire hyper - LAUNCHER_TOUCH/3604@2, type = -999
10-13 20:33:31.755 I/HoneySpace.ApplistFastRecyclerView( 3604): onInterceptTouchEvent() by isPageScrolling
10-13 20:33:31.755 I/HoneySpace.ApplistCellLayout( 3604): block touch inIconClickableState:true isScrolling:true
10-13 20:33:31.757 D/CompatibilityChangeReporter( 2385): Compat change id reported: 265195908; UID 10321; state: ENABLED
10-13 20:33:31.759 D/nativeloader(22765): Configuring clns-4 for other apk /system/framework/org.apache.http.legacy.jar. target_sdk_version=34, uses_libraries=ALL, library_path=/data/app/~~fn3YprQiy29TYPLF-mo5Zg==/com.ufbdirect.udb-cn2X7NaBSs4AFpPlmJWSbQ==/lib/arm64:/data/app/~~fn3YprQiy29TYPLF-mo5Zg==/com.ufbdirect.udb-cn2X7NaBSs4AFpPlmJWSbQ==/base.apk!/lib/arm64-v8a:/data/app/~~fn3YprQiy29TYPLF-mo5Zg==/com.ufbdirect.udb-cn2X7NaBSs4AFpPlmJWSbQ==/split_config.arm64_v8a.apk!/lib/arm64-v8a:/data/app/~~fn3YprQiy29TYPLF-mo5Zg==/com.ufbdirect.udb-cn2X7NaBSs4AFpPlmJWSbQ==/split_config.en.apk!/lib/arm64-v8a:/data/app/~~fn3YprQiy29TYPLF-mo5Zg==/com.ufbdirect.udb-cn2X7NaBSs4AFpPlmJWSbQ==/split_config.xxhdpi.apk!/lib/arm64-v8a, permitted_path=/data:/mnt/expand:/data/user/0/com.ufbdirect.udb
10-13 20:33:31.759 D/nativeloader(22765): Extending system_exposed_libraries: libhumantracking.arcsoft.so:libPortraitDistortionCorrection.arcsoft.so:libPortraitDistortionCorrectionCali.arcsoft.so:libface_landmark.arcsoft.so:libFacialStickerEngine.arcsoft.so:libfrtracking_engine.arcsoft.so:libFaceRecognition.arcsoft.so:libveengine.arcsoft.so:lib_pet_detection.arcsoft.so:libae_bracket_hdr.arcsoft.so:libhybrid_high_dynamic_range.arcsoft.so:libimage_enhancement.arcsoft.so:liblow_light_hdr.arcsoft.so:libhigh_dynamic_range.arcsoft.so:libsuperresolution_raw.arcsoft.so:libobjectcapture_jni.arcsoft.so:libobjectcapture.arcsoft.so:libFacialAttributeDetection.arcsoft.so:libaudiomirroring_jni.audiomirroring.samsung.so:libBeauty_v4.camera.samsung.so:libexifa.camera.samsung.so:libjpega.camera.samsung.so:libOpenCv.camera.samsung.so:libVideoClassifier.camera.samsung.so:libImageScreener.camera.samsung.so:libMyFilter.camera.samsung.so:libtflite2.myfilters.camera.samsung.so:libHIDTSnapJNI.camera.samsung.so:libSmartScan.camera.samsung.so:libRectify.camera.samsung.so:lib
10-13 20:33:31.771 D/SurfaceFlinger( 1560): GPIS:: requestGPISForClientComposition
10-13 20:33:31.775 W/m.ufbdirect.udb(22765): Failed to find entry 'classes.dex': Entry not found
10-13 20:33:31.776 W/m.ufbdirect.udb(22765): Failed to find entry 'classes.dex': Entry not found
10-13 20:33:31.776 W/m.ufbdirect.udb(22765): Failed to find entry 'classes.dex': Entry not found
10-13 20:33:31.777 D/nativeloader(22765): Configuring clns-5 for other apk /data/app/~~fn3YprQiy29TYPLF-mo5Zg==/com.ufbdirect.udb-cn2X7NaBSs4AFpPlmJWSbQ==/base.apk:/data/app/~~fn3YprQiy29TYPLF-mo5Zg==/com.ufbdirect.udb-cn2X7NaBSs4AFpPlmJWSbQ==/split_config.arm64_v8a.apk:/data/app/~~fn3YprQiy29TYPLF-mo5Zg==/com.ufbdirect.udb-cn2X7NaBSs4AFpPlmJWSbQ==/split_config.en.apk:/data/app/~~fn3YprQiy29TYPLF-mo5Zg==/com.ufbdirect.udb-cn2X7NaBSs4AFpPlmJWSbQ==/split_config.xxhdpi.apk. target_sdk_version=34, uses_libraries=, library_path=/data/app/~~fn3YprQiy29TYPLF-mo5Zg==/com.ufbdirect.udb-cn2X7NaBSs4AFpPlmJWSbQ==/lib/arm64:/data/app/~~fn3YprQiy29TYPLF-mo5Zg==/com.ufbdirect.udb-cn2X7NaBSs4AFpPlmJWSbQ==/base.apk!/lib/arm64-v8a:/data/app/~~fn3YprQiy29TYPLF-mo5Zg==/com.ufbdirect.udb-cn2X7NaBSs4AFpPlmJWSbQ==/split_config.arm64_v8a.apk!/lib/arm64-v8a:/data/app/~~fn3YprQiy29TYPLF-mo5Zg==/com.ufbdirect.udb-cn2X7NaBSs4AFpPlmJWSbQ==/split_config.en.apk!/lib/arm64-v8a:/data/app/~~fn3YprQiy29TYPLF-mo5Zg==/com.ufbdirect.udb-cn2X7NaBSs4AFpPlmJWSbQ==/split_config.xxhdpi.apk!/
10-13 20:33:31.790 D/nativeloader(22765): Load libframework-connectivity-jni.so using APEX ns com_android_tethering for caller /apex/com.android.tethering/javalib/framework-connectivity.jar: ok
10-13 20:33:31.791 E/VpnManagerService( 2385): Exception occured while trying to get the getProxyInfoForUid for knoxvpn uid 10321
10-13 20:33:31.791 D/VpnManagerService( 2385): Exception: java.lang.NullPointerException: Attempt to invoke interface method 'int com.samsung.android.knox.zt.networktrust.filter.IKnoxNetworkFilterService.getKnoxNwFilterHttpProxyPort(int, java.lang.String)' on a null object reference
10-13 20:33:31.791 D/VpnManagerService( 2385): 	at com.android.server.VpnManagerService.getKnoxNwFilterHttpProxyPort(VpnManagerService.java:1967)
10-13 20:33:31.791 D/VpnManagerService( 2385): 	at com.android.server.VpnManagerService.getKnoxVpnZtnaProxyInfoForUid(VpnManagerService.java:1265)
10-13 20:33:31.791 D/VpnManagerService( 2385): 	at android.net.IVpnManager$Stub.onTransact(IVpnManager.java:794)
10-13 20:33:31.791 D/VpnManagerService( 2385): 	at android.os.Binder.execTransactInternal(Binder.java:1375)
10-13 20:33:31.791 D/VpnManagerService( 2385): 	at android.os.Binder.execTransact(Binder.java:1311)
10-13 20:33:31.794 V/GraphicsEnvironment(22765): Currently set values for:
10-13 20:33:31.794 V/GraphicsEnvironment(22765):   angle_gl_driver_selection_pkgs=[]
10-13 20:33:31.794 V/GraphicsEnvironment(22765):   angle_gl_driver_selection_values=[]
10-13 20:33:31.794 V/GraphicsEnvironment(22765): ANGLE GameManagerService for com.ufbdirect.udb: false
10-13 20:33:31.794 V/GraphicsEnvironment(22765): com.ufbdirect.udb is not listed in per-application setting
10-13 20:33:31.794 V/GraphicsEnvironment(22765): App is not on the allowlist for updatable production driver.
10-13 20:33:31.799 I/Pageboost( 2385): stop alp by timeout
10-13 20:33:31.799 E/pageboostd( 4229): Received HALT command code 2
10-13 20:33:31.800 E/pageboostd( 4229): comufbdirectudb, amt 22799956 scnt 6 fcnt 1
10-13 20:33:31.800 E/pageboostd( 4229): alp end : app comufbdirectudb data_amount 22799956
10-13 20:33:31.800 E/pageboostd( 4229): alp halted comufbdirectudb
10-13 20:33:31.802 I/HYPER-HAL( 1451): [RequestManager.cpp]releaseLocked(): Released ID : 15958447
10-13 20:33:31.801 I/SemDvfsHyPerManager( 5627): acquire hyper - TABoost/5627@22, type = 1090523139
10-13 20:33:31.802 I/HYPER-HAL( 1451): [RequestManager.cpp]acquire(): Acquired ID : 15958447  [5627 / 22]    HINT :      list : [TABoost / 1] [TIMEOUT / 1500] 
10-13 20:33:31.808 D/InputReader( 2385): Btn_touch(4): value=0 when=126242.535492
10-13 20:33:31.808 I/InputReader( 2385): Touch event's action is 0x1 (id=7, t=0) [pCnt=1, s=] when=126242.535492
10-13 20:33:31.808 I/InputDispatcher( 2385): Delivering touch to (3604): action: 0x1, f=0x0, d=0, '1bb084a', t=1 
10-13 20:33:31.808 I/ViewRootImpl@10d93d7[LauncherActivity]( 3604): ViewPostIme pointer 1
10-13 20:33:31.808 I/HoneySpace.ApplistFastRecyclerView( 3604): snapToPageForLooping() velocityX: -14087, isSignificantMove: true, isFling: true, isDeltaXLeft: true, isVelocityXLeft: true, supportInfiniteLoop: false, currentPage: 3, childCount: 6, visibleCount: 1
10-13 20:33:31.809 I/HoneySpace.ApplistFastRecyclerView( 3604): getSnapToFinalPage() currentPage: 3, getNextPage(): 3, scrollDelta: 1
10-13 20:33:31.809 I/HoneySpace.ApplistFastRecyclerView( 3604): snapToPage() currentPage: 3, toPage: 4
10-13 20:33:31.809 I/HoneySpace.FastRecyclerViewModel( 3604): updateNextPage 4
10-13 20:33:31.809 I/HoneySpace.FastRecyclerViewModel( 3604): updateCurrentPage 4
10-13 20:33:31.809 I/HoneySpace.FastRecyclerViewModel( 3604): updateCurrentPage: 4, forSync = 4
10-13 20:33:31.809 D/CompatibilityChangeReporter( 2385): Compat change id reported: 161145287; UID 10321; state: ENABLED
10-13 20:33:31.810 I/HoneySpace.SALoggingUtils( 3604): SA Logging screenID: 201 eventId: 1004 detail: {} value: 0
10-13 20:33:31.810 I/SemDvfsHyPerManager( 2385): acquire hyper - GESTURE_DETECTED_HRR/2385@33, type = -999
10-13 20:33:31.810 I/SemDvfsHyPerManager( 2385): acquire hyper - SMOOTH_SCROLL/2385@26, type = -999
10-13 20:33:31.810 I/SemDvfsHyPerManager( 2385): acquire hyper - GESTURE_DETECTED_HRR/2385@33, type = -999
10-13 20:33:31.811 I/Telecom ( 2385): SamsungTelecomServiceImpl : isInManagedCall - callingPackage : android / callingUser : UserHandle{0} / hasCrossUserAccess : true
10-13 20:33:31.811 I/HYPER-HAL( 1451): [RequestManager.cpp]releaseLocked(): Released ID : 2850080
10-13 20:33:31.811 I/HYPER-HAL( 1451): [RequestManager.cpp]acquire(): Acquired ID : 2924604  [2385 / 33]    HINT : GESTURE_DETECTED_HRR    list : [TIMEOUT / 2344] 
10-13 20:33:31.811 I/HYPER-HAL( 1451): [RequestManager.cpp]acquire(): Acquired ID : 2924604  [2385 / 33]    HINT : GESTURE_DETECTED_HRR    list : [TIMEOUT / 2344] 
10-13 20:33:31.813 I/HoneySpace.PageIndicatorView( 3604): change current page : 4, com.honeyspace.ui.common.pageindicator.PageIndicatorView{f04ddbe V.E...... .......D 0,2239-1080,2340 #7f0a0097 app:id/applist_page_indicator}
10-13 20:33:31.813 I/HoneySpace.PageIndicatorView( 3604): setActiveMarker : 4
10-13 20:33:31.813 I/HoneySpace.PageIndicatorView( 3604): markers.size = 6
10-13 20:33:31.817 D/nativeloader(22765): Load /data/app/~~fn3YprQiy29TYPLF-mo5Zg==/com.ufbdirect.udb-cn2X7NaBSs4AFpPlmJWSbQ==/split_config.arm64_v8a.apk!/lib/arm64-v8a/libmonosgen-2.0.so using class loader ns clns-5 (caller=/data/app/~~fn3YprQiy29TYPLF-mo5Zg==/com.ufbdirect.udb-cn2X7NaBSs4AFpPlmJWSbQ==/base.apk!classes4.dex): ok
10-13 20:33:31.819 D/nativeloader(22765): Load /data/app/~~fn3YprQiy29TYPLF-mo5Zg==/com.ufbdirect.udb-cn2X7NaBSs4AFpPlmJWSbQ==/split_config.arm64_v8a.apk!/lib/arm64-v8a/libxamarin-app.so using class loader ns clns-5 (caller=/data/app/~~fn3YprQiy29TYPLF-mo5Zg==/com.ufbdirect.udb-cn2X7NaBSs4AFpPlmJWSbQ==/base.apk!classes4.dex): ok
10-13 20:33:31.821 D/nativeloader(22765): Load /data/app/~~fn3YprQiy29TYPLF-mo5Zg==/com.ufbdirect.udb-cn2X7NaBSs4AFpPlmJWSbQ==/split_config.arm64_v8a.apk!/lib/arm64-v8a/libSystem.Security.Cryptography.Native.Android.so using class loader ns clns-5 (caller=/data/app/~~fn3YprQiy29TYPLF-mo5Zg==/com.ufbdirect.udb-cn2X7NaBSs4AFpPlmJWSbQ==/base.apk!classes4.dex): ok
10-13 20:33:31.822 I/DOTNET  (22765): JNI_OnLoad: JNI_OnLoad in pal_jni.c
10-13 20:33:31.822 I/HoneySpace.NotificationListener( 3604): onNotificationPosted com.android.systemui: -1|com.android.systemui|2131363698|charging_state|10048: 0
10-13 20:33:31.822 I/HoneySpace.NotificationListener( 3604): invalid notification: com.android.systemui UserHandle{-1}: canShowBadge is false
10-13 20:33:31.824 D/DOTNET  (22765): GetOptionalClassGRef: optional class com/android/org/conscrypt/OpenSSLEngineImpl was not found
10-13 20:33:31.825 I/AODNotificationManager( 3203): updateNotification() 
10-13 20:33:31.829 D/nativeloader(22765): Load /data/app/~~fn3YprQiy29TYPLF-mo5Zg==/com.ufbdirect.udb-cn2X7NaBSs4AFpPlmJWSbQ==/split_config.arm64_v8a.apk!/lib/arm64-v8a/libmonodroid.so using class loader ns clns-5 (caller=/data/app/~~fn3YprQiy29TYPLF-mo5Zg==/com.ufbdirect.udb-cn2X7NaBSs4AFpPlmJWSbQ==/base.apk!classes4.dex): ok
10-13 20:33:31.881 W/monodroid-gc(22765): GREF GC Threshold: 46080
10-13 20:33:31.982 W/FirebaseApp(22765): Default FirebaseApp failed to initialize because no default options were found. This usually means that com.google.gms:google-services was not applied to your gradle project.
10-13 20:33:31.982 I/FirebaseInitProvider(22765): FirebaseApp initialization unsuccessful
10-13 20:33:32.005 I/HoneySpace.DvfsManager( 3604): releasePageSwipe takenTime: 251
10-13 20:33:32.013 I/HoneySpace.ApplistFastRecyclerView( 3604): updateCellLayoutAlpha() showAll: false
10-13 20:33:32.015 D/WM-WrkMgrInitializer(22765): Initializing WorkManager with default configuration.
10-13 20:33:32.018 D/PackageManager( 2385): setEnabledSetting : userId = 0 packageName = com.ufbdirect.udb cmp = androidx.work.impl.background.systemjob.SystemJobService newState = 1 callingPackage = com.ufbdirect.udb
10-13 20:33:32.018 D/ApplicationPolicy( 2385): getApplicationStateEnabled : pkg = com.ufbdirect.udb userId : 0
10-13 20:33:32.019 D/ApplicationPolicy( 2385): getApplicationComponentState : pkg = com.ufbdirect.udb userId : 0
10-13 20:33:32.020 D/BubblesManager( 3203): onEntryUpdated : shouldBubbleUp=false ,key=-1|com.android.systemui|2131363698|charging_state|10048
10-13 20:33:32.020 D/InterruptionStateProvider( 3203):  no Heads up : edgelighting enabled app. -1|com.android.systemui|2131363698|charging_state|10048
10-13 20:33:32.025 E/audit   ( 1347): type=1400 audit(1760402012.023:277361): avc:  denied  { ioctl } for  pid=22765 comm="WM.task-1" path="/data/data/com.ufbdirect.udb/no_backup/androidx.work.workdb" dev="dm-56" ino=377648 ioctlcmd=0xf522 scontext=u:r:untrusted_app:s0:c65,c257,c512,c768 tcontext=u:object_r:app_data_file:s0:c65,c257,c512,c768 tclass=file permissive=0 SEPF_SM-S906U_12_0001 audit_filtered
10-13 20:33:32.025 I/AODNotificationManager( 3203): updateNotification() 
10-13 20:33:32.029 E/audit   ( 1347): type=1400 audit(1760402012.027:277362): avc:  denied  { ioctl } for  pid=22765 comm="WM.task-1" path="/data/data/com.ufbdirect.udb/no_backup/androidx.work.workdb" dev="dm-56" ino=377648 ioctlcmd=0xf522 scontext=u:r:untrusted_app:s0:c65,c257,c512,c768 tcontext=u:object_r:app_data_file:s0:c65,c257,c512,c768 tclass=file permissive=0 SEPF_SM-S906U_12_0001 audit_filtered
10-13 20:33:32.031 E/audit   ( 1347): type=1400 audit(1760402012.027:277363): avc:  denied  { ioctl } for  pid=22765 comm="WM.task-1" path="/data/data/com.ufbdirect.udb/no_backup/androidx.work.workdb" dev="dm-56" ino=377648 ioctlcmd=0xf522 scontext=u:r:untrusted_app:s0:c65,c257,c512,c768 tcontext=u:object_r:app_data_file:s0:c65,c257,c512,c768 tclass=file permissive=0 SEPF_SM-S906U_12_0001 audit_filtered
10-13 20:33:32.032 D/dtxCore (22765): #2.startup configuration: Configuration{applicationId='e7288ae2-9a31-4473-a356-0cd0c8c0f224', appIdEncoded='e7288ae2-9a31-4473-a356-0cd0c8c0f224', beaconUrl='https://bf94607ymy.bf.dynatrace.com/mbeacon', mode=SAAS, certificateValidation=true, keyStore=null, keyManagers=null, graceTime=5000, waitTime=60000, sendEmptyAction=true, namePrivacy=false, applicationMonitoring=true, activityMonitoring=true, crashReporting=true, webRequestTiming=true, monitoredDomains=[], monitoredHttpsDomains=[], hybridApp=false, fileDomainCookies=true, debugLogLevel=true, autoStart=true, communicationProblemListener=null, userOptIn=true, startupLoadBalancing=true, instrumentationFlavor=MAUI, sessionReplayComponentProvider=null, isRageTapDetectionEnabled=true, autoUserActionModifier=null}
10-13 20:33:32.032 I/dtxCore (22765): #2.Dynatrace OneAgent (Android) 8.297.1.1003 Target API 34 Android API 34
10-13 20:33:32.033 D/CompatibilityChangeReporter(22765): Compat change id reported: 160794467; UID 10321; state: ENABLED
10-13 20:33:32.036 D/dtxPreferencesManager(22765): #2.stored configuration: {"mobileAgentConfig":{"maxBeaconSizeKb":150,"selfmonitoring":true,"maxSessionDurationMins":360,"sessionTimeoutSec":600,"sendIntervalSec":120,"maxCachedCrashesCount":10,"rageTapConfig":{"tapDuration":100,"dispersionRadius":100,"timespanDifference":300,"minimumNumberOfTaps":3},"replayConfig":{"protocolVersion":1,"pixelCopy":true}},"appConfig":{"replayConfig":{"capture":false,"imageRetentionTimeInMinutes":1440,"trafficControlPercentage":0,"crashesEnabled":false},"bp4Enabled":false},"dynamicConfig":{"serverId":21},"timestamp":0}
10-13 20:33:32.036 D/dtxAdkSettings(22765): #2.switching settings: ServerConfiguration{maxBeaconSizeKb=150, selfmonitoring=true, sessionSplitConfiguration=SessionSplitConfiguration{maxSessionDuration=360, inactivityTimeout=600}, sendIntervalSec=120, maxCachedCrashesCount=10, rageTapConfiguration=RageTapConfiguration{tapDuration=100, dispersionRadius=100, timespanDifference=300, minimumNumberOfTaps=3}, capture=1, trafficControlPercentage=-1, bp4Enabled=false, replayConfiguration=ReplayConfiguration{capture=false, fullSessionConfigReceived=true, crashesEnabled=false, trafficControlPercentage=0, retentionTime=1440, protocolVersion=1, selfMonitoring=0, pixelCopy=true}, multiplicity=1, serverId=21, switchServer=false, status=OK, timestamp=0}
10-13 20:33:32.036 D/dtxCore (22765): #2.Send event timeout set to: 12 ticks
10-13 20:33:32.041 D/S.S.N.  ( 3203): entryViewBound parent :-1|com.android.systemui|2131363698|charging_state|10048
10-13 20:33:32.047 I/AODNotificationManager( 3203): updateNotification() 
10-13 20:33:32.059 D/InputReader( 2385): Btn_touch(4): value=1 when=126242.786426
10-13 20:33:32.059 I/InputReader( 2385): Touch event's action is 0x0 (id=7, t=0) [pCnt=1, s=0.13716 ] when=126242.786426
10-13 20:33:32.059 I/InputDispatcher( 2385): Delivering touch to (3203): action: 0x4, f=0x0, d=0, '56fa254', t=1 
10-13 20:33:32.060 I/InputDispatcher( 2385): Delivering touch to (3604): action: 0x0, f=0x0, d=0, '1bb084a', t=1 
10-13 20:33:32.060 I/ViewRootImpl@10d93d7[LauncherActivity]( 3604): ViewPostIme pointer 0
10-13 20:33:32.060 I/HoneySpace.AppscreenContainerView( 3604): findActiveTouchController ev = 0
10-13 20:33:32.060 D/SearcleGestureHandler( 3203): allowGesture: false
10-13 20:33:32.060 D/dtxAndroidMetrics(22765): #2.Verbose metrics updated in 1 ms
10-13 20:33:32.060 I/HoneySpace.AppscreenHomeTouchController( 3604): onControllerInterceptTouchEvent ev = 0
10-13 20:33:32.060 I/HoneySpace.AppscreenHomeTouchController( 3604): canIntercept = true
10-13 20:33:32.060 I/HoneySpace.ApplistFastRecyclerView( 3604): dispatchTouchEvent() event.action=0
10-13 20:33:32.060 D/PowerManagerService( 2385): [api] userActivityFromNative : touch displayId=0 eventTime=126242786
10-13 20:33:32.060 I/HoneySpace.ApplistFastRecyclerView( 3604): processDownMotionEvent, index = 0, id = 0
10-13 20:33:32.060 I/HoneySpace.ApplistFastRecyclerView( 3604): initTouchPoint, index = 0, id = 0
10-13 20:33:32.060 I/HoneySpace.ApplistFastRecyclerView( 3604): processDownMotionEvent, index = 0, id = 0
10-13 20:33:32.061 I/GestureDetector( 2385): obtain mCurrentDownEvent. id: 520906213 caller: com.android.server.wm.SystemGesturesPointerEventListener.onPointerEvent:204 com.android.server.wm.PointerEventDispatcher.onInputEvent:53 android.view.InputEventReceiver.dispatchInputEvent:337 
10-13 20:33:32.061 I/GestureDetector( 2385): obtain mCurrentDownEvent. id: 520906213 caller: com.android.server.wm.SystemPerformancePointerEventListener.onPointerEvent:89 com.android.server.wm.PointerEventDispatcher.onInputEvent:53 android.view.InputEventReceiver.dispatchInputEvent:337 
10-13 20:33:32.061 D/dtxAndroidMetrics(22765): #2.Basic metrics updated in 1 ms
10-13 20:33:32.061 D/ConnectivityService( 2385): Returning UNBLOCKED NetworkInfo to uid=10321
10-13 20:33:32.062 I/SemDvfsHyPerManager( 5627): acquire hyper - TABoost/5627@22, type = 1090523139
10-13 20:33:32.062 I/HYPER-HAL( 1451): [RequestManager.cpp]releaseLocked(): Released ID : 15958447
10-13 20:33:32.062 I/HYPER-HAL( 1451): [RequestManager.cpp]acquire(): Acquired ID : 15958447  [5627 / 22]    HINT :      list : [TABoost / 1] [TIMEOUT / 1500] 
10-13 20:33:32.063 D/dtxAndroidMetrics(22765): #2.Common metrics updated in 2 ms
10-13 20:33:32.065 E/audit   ( 1347): type=1400 audit(1760402012.063:277364): avc:  denied  { ioctl } for  pid=22765 comm="m.ufbdirect.udb" path="/data/data/com.ufbdirect.udb/databases/DTXDb" dev="dm-56" ino=377694 ioctlcmd=0xf522 scontext=u:r:untrusted_app:s0:c65,c257,c512,c768 tcontext=u:object_r:app_data_file:s0:c65,c257,c512,c768 tclass=file permissive=0 SEPF_SM-S906U_12_0001 audit_filtered
10-13 20:33:32.067 D/dtxDatabaseWriteQueue(22765): #375.Database write queue running ...
10-13 20:33:32.068 D/dtxEventsDbHelper(22765): #2.Rows deleted: 4
10-13 20:33:32.068 D/dtxCrashCatcher(22765): #2.Registered agent crash handler
10-13 20:33:32.068 D/dtxCore (22765): #2.new session with UserPrivacyOptions{dataCollectionLevel=USER_BEHAVIOR, crashReportingOptedIn=true, crashReplayOptedIn=false, screenRecordOptedIn=null}
10-13 20:33:32.069 E/audit   ( 1347): type=1400 audit(1760402012.067:277365): avc:  denied  { ioctl } for  pid=22765 comm="m.ufbdirect.udb" path="/data/data/com.ufbdirect.udb/databases/DTXDbP" dev="dm-56" ino=377718 ioctlcmd=0xf522 scontext=u:r:untrusted_app:s0:c65,c257,c512,c768 tcontext=u:object_r:app_data_file:s0:c65,c257,c512,c768 tclass=file permissive=0 SEPF_SM-S906U_12_0001 audit_filtered
10-13 20:33:32.070 D/dtxAndroidMetrics(22765): #2.Basic metrics updated in 0 ms
10-13 20:33:32.071 D/dtxAndroidMetrics(22765): #2.Common metrics updated in 1 ms
10-13 20:33:32.072 D/dtxCommunicationManager(22765): #376.EventSender active ... mForceSendEvent=true mForceUemUpdate=true
10-13 20:33:32.072 D/dtxEventsDbHelper(22765): #376.Rows deleted: 0
10-13 20:33:32.073 D/dtxConnectionAttemptMonitor(22765): #2.Connection attempt is scheduled for Mon Oct 13 20:33:32 EDT 2025
10-13 20:33:32.073 D/dtxDTXActionImpl(22765): #2.New action Loading UFB Direct
10-13 20:33:32.073 D/dtxCore (22765): #2.Handle event name=Loading UFB Direct type=1
10-13 20:33:32.073 D/dtxCalloutTable(22765): #2.Add segment Loading UFB Direct159319220 (id=1 pid=0) currTimeout=0
10-13 20:33:32.073 D/dtxDTXAutoAction(22765): #2.onUA: new GAUA Loading UFB Direct @ 9
10-13 20:33:32.073 D/dtxDTXAutoAction(22765): #2.onUA: cancel timer=null graceTimeOver=false
10-13 20:33:32.073 D/dtxDTXAutoAction(22765): #2.onUA: cancel timer=null graceTimeOver=false
10-13 20:33:32.073 D/dtxDTXAutoAction(22765): #2.onUA: start grace period for Loading UFB Direct
10-13 20:33:32.073 D/dtxDTXAutoAction(22765): #2.onUA: startTimer for Loading UFB Direct delay=5000ms period=5000ms #period=0
10-13 20:33:32.073 D/dtxConnectionAttemptMonitor(22765): #377.Connection attempt is scheduled for Mon Oct 13 20:34:32 EDT 2025
10-13 20:33:32.073 D/dtxCommunicationManager(22765): #378.TaskTimer mForceUemUpdate=true mUemActive=true waitingForInitialBPv4Config=false
10-13 20:33:32.073 D/dtxDTXActionImpl(22765): #2.New action UFB Direct
10-13 20:33:32.073 D/dtxDTXAutoAction(22765): #2.onUA: add child UFB Direct to Loading UFB Direct
10-13 20:33:32.073 D/dtxCalloutTable(22765): #2.Add segment UFB Direct96209117 (id=2 pid=1) currTimeout=0
10-13 20:33:32.073 D/dtxCommunicationManager(22765): #378.TaskTimer mForceSendEvent=true thread ID=376
10-13 20:33:32.074 D/dtxCommHandler(22765): #376.Send status request ... https://bf94607ymy.bf.dynatrace.com/mbeacon?type=m&srvid=21&app=e7288ae2-9a31-4473-a356-0cd0c8c0f224&va=8.297.1.1003&tt=maandroid&pt=0&resp=json&cts=0&ns=1&si=534694096_60
10-13 20:33:32.080 I/GestureDetector( 2385): obtain mCurrentMotionEventRaw. action: 2 id: 1041236367
10-13 20:33:32.080 I/GestureDetector( 2385): obtain mCurrentMotionEventRaw. action: 2 id: 1041236367
10-13 20:33:32.097 I/HoneySpace.AppscreenContainerView( 3604): findActiveTouchController ev = 2
10-13 20:33:32.097 I/HoneySpace.AppscreenHomeTouchController( 3604): onControllerInterceptTouchEvent ev = 2
10-13 20:33:32.097 I/HoneySpace.ApplistFastRecyclerView( 3604): updateIsBeingDraggedOnTouchDown touchSlop:23, diff:16, moved:false
10-13 20:33:32.101 I/SemDvfsHyPerManager( 2385): acquire hyper - WM_SCROLL_DETECTED/2385@2, type = 268443651
10-13 20:33:32.102 I/HYPER-HAL( 1451): [RequestManager.cpp]acquire(): Acquired ID : 2850080  [2385 / 2]    HINT :      list : [CoreNumBigMin / 3] 
10-13 20:33:32.105 I/HoneySpace.AppscreenContainerView( 3604): findActiveTouchController ev = 2
10-13 20:33:32.105 I/HoneySpace.AppscreenHomeTouchController( 3604): onControllerInterceptTouchEvent ev = 2
10-13 20:33:32.105 I/HoneySpace.ApplistFastRecyclerView( 3604): updateIsBeingDraggedOnTouchDown touchSlop:23, diff:25, moved:true
10-13 20:33:32.105 I/HoneySpace.ApplistFastRecyclerView( 3604): startScroll
10-13 20:33:32.105 I/HoneySpace.ApplistFastRecyclerView( 3604): updateCellLayoutAlpha() showAll: true
10-13 20:33:32.105 I/HoneySpace.DvfsManager( 3604): boostPageSwipe takenTime: 1760402012105
10-13 20:33:32.105 I/SemDvfsHyPerManager( 3604): acquire hyper - LAUNCHER_TOUCH/3604@2, type = -999
10-13 20:33:32.143 D/NetdEventListenerService( 2385): DNS Requested by 160, 10321, 67
10-13 20:33:32.167 D/InputReader( 2385): Btn_touch(4): value=0 when=126242.894424
10-13 20:33:32.167 I/InputReader( 2385): Touch event's action is 0x1 (id=7, t=0) [pCnt=1, s=] when=126242.894424
10-13 20:33:32.167 I/InputDispatcher( 2385): Delivering touch to (3604): action: 0x1, f=0x0, d=0, '1bb084a', t=1 
10-13 20:33:32.167 I/ViewRootImpl@10d93d7[LauncherActivity]( 3604): ViewPostIme pointer 1
10-13 20:33:32.167 I/HoneySpace.ApplistFastRecyclerView( 3604): snapToPageForLooping() velocityX: -14072, isSignificantMove: true, isFling: true, isDeltaXLeft: true, isVelocityXLeft: true, supportInfiniteLoop: false, currentPage: 4, childCount: 6, visibleCount: 1
10-13 20:33:32.167 I/HoneySpace.ApplistFastRecyclerView( 3604): getSnapToFinalPage() currentPage: 4, getNextPage(): 4, scrollDelta: 1
10-13 20:33:32.167 I/HoneySpace.ApplistFastRecyclerView( 3604): snapToPage() currentPage: 4, toPage: 5
10-13 20:33:32.167 I/HoneySpace.FastRecyclerViewModel( 3604): updateNextPage 5
10-13 20:33:32.167 I/HoneySpace.FastRecyclerViewModel( 3604): updateCurrentPage 5
10-13 20:33:32.168 I/HoneySpace.FastRecyclerViewModel( 3604): updateCurrentPage: 5, forSync = 5
10-13 20:33:32.168 I/HoneySpace.SALoggingUtils( 3604): SA Logging screenID: 201 eventId: 1004 detail: {} value: 0
10-13 20:33:32.169 I/SemDvfsHyPerManager( 2385): acquire hyper - SMOOTH_SCROLL/2385@26, type = -999
10-13 20:33:32.170 I/SemDvfsHyPerManager( 2385): acquire hyper - GESTURE_DETECTED_HRR/2385@33, type = -999
10-13 20:33:32.170 I/SemDvfsHyPerManager( 5627): acquire hyper - TABoost/5627@22, type = 1090523139
10-13 20:33:32.170 I/SemDvfsHyPerManager( 2385): acquire hyper - GESTURE_DETECTED_HRR/2385@33, type = -999
10-13 20:33:32.171 I/HYPER-HAL( 1451): [RequestManager.cpp]releaseLocked(): Released ID : 2850080
10-13 20:33:32.171 I/HYPER-HAL( 1451): [RequestManager.cpp]acquire(): Acquired ID : 2924604  [2385 / 33]    HINT : GESTURE_DETECTED_HRR    list : [TIMEOUT / 2343] 
10-13 20:33:32.172 I/HYPER-HAL( 1451): [RequestManager.cpp]releaseLocked(): Released ID : 15958447
10-13 20:33:32.172 I/HYPER-HAL( 1451): [RequestManager.cpp]acquire(): Acquired ID : 2924604  [2385 / 33]    HINT : GESTURE_DETECTED_HRR    list : [TIMEOUT / 2343] 
10-13 20:33:32.172 I/HoneySpace.PageIndicatorView( 3604): change current page : 5, com.honeyspace.ui.common.pageindicator.PageIndicatorView{f04ddbe V.E...... .......D 0,2239-1080,2340 #7f0a0097 app:id/applist_page_indicator}
10-13 20:33:32.172 I/HoneySpace.PageIndicatorView( 3604): setActiveMarker : 5
10-13 20:33:32.172 I/HoneySpace.PageIndicatorView( 3604): markers.size = 6
10-13 20:33:32.172 I/HYPER-HAL( 1451): [RequestManager.cpp]acquire(): Acquired ID : 15958447  [5627 / 22]    HINT :      list : [TABoost / 1] [TIMEOUT / 1500] 
10-13 20:33:32.183 D/com.daon.sdk.voice.AudioRecorder(22765): Init: [sampleRate: 0 listener: null]
10-13 20:33:32.273 D/dtxCommHandler(22765): #376.Response code: 200, msg: OK, body: {"mobileAgentConfig": {"maxBeaconSizeKb":150,"selfmonitoring":true,"maxSessionDurationMins":360,"maxEventsPerSession":100000,"sessionTimeoutSec":600,"sendIntervalSec":120,"visitStoreVersion":2,"maxCachedCrashesCount":10,"rageTapConfig":{"tapDuration":100,"dispersionRadius":100,"timespanDifference":300,"minimumNumberOfTaps":3},"replayConfig":{"protocolVersion":1,"selfmonitoring":0,"pixelCopy":true,"colorMasking":true,"composeEnabled":true}},"appConfig": {"capture":1,"gen3Enabled":false,"captureLifecycle":1,"reportCrashes":1,"reportErrors":1,"trafficControlPercentage":100,"replayConfig":{"capture":false,"imageRetentionTimeInMinutes":1440,"trafficControlPercentage":0,"crashesEnabled":false},"applicationId":"e7288ae2-9a31-4473-a356-0cd0c8c0f224"},"dynamicConfig": {"serverId":22, "switchServer":false, "status":"OK"},"timestamp": 1759938695829}
10-13 20:33:32.274 D/dtxAdkSettings(22765): #376.switching settings: ServerConfiguration{maxBeaconSizeKb=150, selfmonitoring=true, sessionSplitConfiguration=SessionSplitConfiguration{maxSessionDuration=360, inactivityTimeout=600}, sendIntervalSec=120, maxCachedCrashesCount=10, rageTapConfiguration=RageTapConfiguration{tapDuration=100, dispersionRadius=100, timespanDifference=300, minimumNumberOfTaps=3}, capture=1, trafficControlPercentage=100, bp4Enabled=false, replayConfiguration=ReplayConfiguration{capture=false, fullSessionConfigReceived=true, crashesEnabled=false, trafficControlPercentage=0, retentionTime=1440, protocolVersion=1, selfMonitoring=0, pixelCopy=true}, multiplicity=1, serverId=22, switchServer=false, status=OK, timestamp=1759938695829}
10-13 20:33:32.274 D/dtxCore (22765): #376.Send event timeout set to: 12 ticks
10-13 20:33:32.274 D/dtxCommunicationManager(22765): #376.updateSessionPropertiesForEvents
10-13 20:33:32.274 D/dtxConnectionAttemptMonitor(22765): #376.Connection ok notification
10-13 20:33:32.274 D/dtxCommunicationManager(22765): #376.UEM state update: UEM state: true mForceUemUpdate: false
10-13 20:33:32.280 D/SurfaceFlinger( 1560): GPIS:: requestGPISForClientComposition
10-13 20:33:32.300 D/SemNativeCarrierFeature_vendor( 1901): getInstance
10-13 20:33:32.305 I/System.out( 3161): Broadcasting: Intent { act=com.sec.intent.action.CP_CHAN_INFO flg=0x1000000 (has extras) }
10-13 20:33:32.306 D/SemNativeCarrierFeature_vendor( 1901): getInstance
10-13 20:33:32.307 D/SemNativeCarrierFeature_vendor( 1901): getInstance
10-13 20:33:32.307 I/System.out( 3161): Broadcasting: Intent { act=android.intent.action.LTE_SMS_STATUS (has extras) }
10-13 20:33:32.313 D/StatusBarIconController( 3203): ignoring old pipeline callbacks, because the new mobile icons are enabled
10-13 20:33:32.314 I/System.out( 3161): Broadcasting: Intent { act=android.intent.action.LTE_SMS_STATUS (has extras) }
10-13 20:33:32.315 I/System.out( 3161): Broadcast completed: result=0
10-13 20:33:32.316 D/ConnectivityService( 2385): notifyType CALLBACK_CAP_CHANGED for [159 CELLULAR]
10-13 20:33:32.316 D/MobileSignalTransitionManager( 3203): updateSignalTransition
10-13 20:33:32.317 I/PdnController<0>( 3563): onCapabilitiesChanged: network 159 networkCapabilities [ Transports: CELLULAR Capabilities: IMS&NOT_METERED&TRUSTED&NOT_VPN&VALIDATED&NOT_ROAMING&FOREGROUND&NOT_CONGESTED&NOT_SUSPENDED&NOT_VCN_MANAGED&MMTEL LinkUpBandwidth>=1664Kbps LinkDnBandwidth>=1664Kbps Specifier: <TelephonyNetworkSpecifier [mSubId = 1]> AdminUids: [10345, 10380, 10381] SubscriptionIds: {1} UnderlyingNetworks: Null]
10-13 20:33:32.318 D/SemCellularStateManager( 2385): onSignalStrengthsChanged: mCellularSignalLevel=1
10-13 20:33:32.319 I/VolteServiceModule( 3563): onBarringInfoChanged: barringInfo BarringInfo {mCellIdentity=CellIdentityLte:{ mCi=8*****56 mPci=0 mTac=2***5 mEarfcn=0 mBands=[1] mBandwidth=0 mMcc=310 mMnc=260 mAlphaLong= mAlphaShort= mAdditionalPlmns={} mCsgInfo=null}, mBarringServiceInfos={8={isBarred: false (type: 0, isConditionally: false), factor: 0, timeseconds: 0}}} uacConvertSsac false
10-13 20:33:32.319 I/SsacInfo( 3563): voiceBarringInfo mConditionalBarringFactor:0 mConditionalBarringTimeSeconds:0
10-13 20:33:32.319 I/SsacInfo( 3563): videoBarringInfo mConditionalBarringFactor:0 mConditionalBarringTimeSeconds:0
10-13 20:33:32.319 I/SsacManager<0>( 3563): updateSSACInfo : Voice(100:0) Video(100:0)
10-13 20:33:32.319 I/SsacManager<0>( 3563): Voice Call: updateSSACInfo : f[100], t[0]
10-13 20:33:32.320 I/SsacManager<0>( 3563): Video Call: updateSSACInfo : f[100], t[0]
10-13 20:33:32.321 I/VolteServiceModule( 3563): onBarringInfoChanged: barringInfo BarringInfo {mCellIdentity=CellIdentityLte:{ mCi=8*****56 mPci=0 mTac=2***5 mEarfcn=0 mBands=[1] mBandwidth=0 mMcc=310 mMnc=260 mAlphaLong= mAlphaShort= mAdditionalPlmns={} mCsgInfo=null}, mBarringServiceInfos={8={isBarred: false (type: 0, isConditionally: false), factor: 0, timeseconds: 0}}} uacConvertSsac false
10-13 20:33:32.326 D/ConnectivityService( 2385): notifyType CALLBACK_CAP_CHANGED for [159 CELLULAR]
10-13 20:33:32.327 D/MobileSignalTransitionManager( 3203): updateSignalTransition
10-13 20:33:32.327 I/EPDG -- SIM0 [EpdgInterfaceObserver]( 3277): Interface Number is 1
10-13 20:33:32.327 I/EPDG -- SIM0 [EpdgIntfCont]( 3277): handleMessage msg : 1 cid : 2
10-13 20:33:32.327 I/EPDG -- SIM0 [EpdgIntfCont]( 3277): new EpdgInterface :rmnet_data1
10-13 20:33:32.327 I/EPDG -- SIM0 [EpdgIntfCont]( 3277): ignore interface up events
10-13 20:33:32.328 I/ImsSecChannelCallback( 3563): receive
10-13 20:33:32.328 I/EPDG -- SIM0 [EpdgInterfaceObserver]( 3277): Interface Number is 1
10-13 20:33:32.328 I/EPDG -- SIM1 [EpdgIntfCont]( 3277): handleMessage msg : 1 cid : 2
10-13 20:33:32.328 I/EPDG -- SIM1 [EpdgIntfCont]( 3277): new EpdgInterface :rmnet_data1
10-13 20:33:32.328 I/EPDG -- SIM1 [EpdgIntfCont]( 3277): ignore interface up events
10-13 20:33:32.328 I/EPDG -- SIM0 IwlanNetworkService( 3277): requestNetworkRegistrationInfo for domain 2
10-13 20:33:32.330 I/EPDG -- SIM0 IwlanNetworkService( 3277): Calling onRequestNetworkRegistrationInfoComplete.resultCode = 0, netState = NetworkRegistrationInfo{ domain=PS transportType=WLAN registrationState=UNKNOWN networkRegistrationState=UNKNOWN roamingType=NOT_ROAMING accessNetworkTechnology=IWLAN rejectCause=0 emergencyEnabled=false availableServices=[] cellIdentity=null voiceSpecificInfo=null dataSpecificInfo=null nrState=**** rRplmn= isUsingCarrierAggregation=false isNonTerrestrialNetwork=TERRESTRIAL}
10-13 20:33:32.331 I/EPDG -- SIM0 [IPSECDATACONNSM][1]( 3277): InactiveState[ ] Event: INTERFACE_UP
10-13 20:33:32.331 I/PdnController<0>( 3563): onCapabilitiesChanged: network 159 networkCapabilities [ Transports: CELLULAR Capabilities: IMS&NOT_METERED&TRUSTED&NOT_VPN&VALIDATED&NOT_ROAMING&FOREGROUND&NOT_CONGESTED&NOT_SUSPENDED&NOT_VCN_MANAGED&MMTEL LinkUpBandwidth>=5252Kbps LinkDnBandwidth>=5252Kbps Specifier: <TelephonyNetworkSpecifier [mSubId = 1]> AdminUids: [10345, 10380, 10381] SubscriptionIds: {1} UnderlyingNetworks: Null]
10-13 20:33:32.331 I/System.out( 3161): Broadcast completed: result=0
10-13 20:33:32.332 I/IpcDispatcher<0>( 3563): [Rx]: (M)IPC_IIL_CMD (S)IPC_IIL_SIP_SUSPEND (T)SET l:19
10-13 20:33:32.333 D/StatusBarIconController( 3203): ignoring old pipeline callbacks, because the new mobile icons are enabled
10-13 20:33:32.333 I/SsacInfo( 3563): voiceBarringInfo mConditionalBarringFactor:0 mConditionalBarringTimeSeconds:0
10-13 20:33:32.334 I/SsacInfo( 3563): videoBarringInfo mConditionalBarringFactor:0 mConditionalBarringTimeSeconds:0
10-13 20:33:32.334 I/SsacManager<1>( 3563): updateSSACInfo : Voice(100:0) Video(100:0)
10-13 20:33:32.334 I/SsacManager<1>( 3563): Voice Call: updateSSACInfo : f[100], t[0]
10-13 20:33:32.334 I/SsacManager<1>( 3563): Video Call: updateSSACInfo : f[100], t[0]
10-13 20:33:32.334 E/VolteServiceModule( 3563): sendEPSFBEvent: event 2 sRat: 6  dRat: 3
10-13 20:33:32.337 I/System.out( 3161): Broadcast completed: result=0
10-13 20:33:32.338 W/monodroid-assembly(22765): Assembly 'en-US/Axos.Udb.Mobile.resources' (hash 0xba7e810df33208eb) not found
10-13 20:33:32.338 W/monodroid-assembly(22765): open_from_bundles: failed to load assembly en-US/Axos.Udb.Mobile.resources
10-13 20:33:32.338 W/monodroid-assembly(22765): Assembly 'en-US/Axos.Udb.Mobile.resources' (hash 0xba7e810df33208eb) not found
10-13 20:33:32.338 W/monodroid-assembly(22765): open_from_bundles: failed to load assembly en-US/Axos.Udb.Mobile.resources
10-13 20:33:32.345 D/StatusBarIconController( 3203): ignoring old pipeline callbacks, because the new mobile icons are enabled
10-13 20:33:32.355 W/monodroid-assembly(22765): Assembly 'en/Axos.Udb.Mobile.resources' (hash 0x78cc3eb369b5441b) not found
10-13 20:33:32.355 W/monodroid-assembly(22765): open_from_bundles: failed to load assembly en/Axos.Udb.Mobile.resources
10-13 20:33:32.355 W/monodroid-assembly(22765): Assembly 'en/Axos.Udb.Mobile.resources' (hash 0x78cc3eb369b5441b) not found
10-13 20:33:32.355 W/monodroid-assembly(22765): open_from_bundles: failed to load assembly en/Axos.Udb.Mobile.resources
10-13 20:33:32.359 D/SemWifiService( 2385): onServiceStateChanged : state - 0, dataNetworkType : 13
10-13 20:33:32.359 I/LocationAccessPolicy( 2385): com.android.systemui is aware of fine but the app-ops permission is specifically denied.
10-13 20:33:32.359 I/LocationAccessPolicy( 2385): checkLocationPermission - callingUid: 10048, callingPid: 3203, resultForFine: DENIED_SOFT
10-13 20:33:32.359 I/LocationAccessPolicy( 2385): com.android.systemui is aware of coarse but the app-ops permission is specifically denied.
10-13 20:33:32.359 I/LocationAccessPolicy( 2385): checkLocationPermission - callingUid: 10048, callingPid: 3203, resultForCoarse: DENIED_SOFT
10-13 20:33:32.360 I/LocationAccessPolicy( 2385): com.android.systemui is aware of fine but the app-ops permission is specifically denied.
10-13 20:33:32.360 I/LocationAccessPolicy( 2385): checkLocationPermission - callingUid: 10048, callingPid: 3203, resultForFine: DENIED_SOFT
10-13 20:33:32.360 I/LocationAccessPolicy( 2385): com.android.systemui is aware of coarse but the app-ops permission is specifically denied.
10-13 20:33:32.360 I/LocationAccessPolicy( 2385): checkLocationPermission - callingUid: 10048, callingPid: 3203, resultForCoarse: DENIED_SOFT
10-13 20:33:32.360 I/LocationAccessPolicy( 2385): com.android.systemui is aware of fine but the app-ops permission is specifically denied.
10-13 20:33:32.360 I/LocationAccessPolicy( 2385): checkLocationPermission - callingUid: 10048, callingPid: 3203, resultForFine: DENIED_SOFT
10-13 20:33:32.360 D/SemWifiApServiceImpl( 2385): onServiceStateChanged : 0dataNetworkType : 13
10-13 20:33:32.360 I/LocationAccessPolicy( 2385): com.android.systemui is aware of coarse but the app-ops permission is specifically denied.
10-13 20:33:32.360 I/LocationAccessPolicy( 2385): checkLocationPermission - callingUid: 10048, callingPid: 3203, resultForCoarse: DENIED_SOFT
10-13 20:33:32.360 I/TelephonyCallbackForPdnController<0>( 3563): emcbsIndication: SUPPORTED, mobileDataNetworkType: 13
10-13 20:33:32.361 W/NSLocationMonitor( 2385): onServiceStateChanged, state=0 / channel=1000
10-13 20:33:32.361 I/NSLocationMonitor( 2385): networkType[13]=LTE / nrState=false
10-13 20:33:32.361 W/NSLocationMonitor( 2385): onServiceStateChanged, state=0 / channel=1000
10-13 20:33:32.361 D/SLocation( 2385): CellLocationManager - onServiceStateChanged 0
10-13 20:33:32.361 I/NSLocationMonitor( 2385): networkType[13]=LTE / nrState=false
10-13 20:33:32.361 I/NetworkUtil( 3563): Network Cap check : INTERNET : true
10-13 20:33:32.361 I/NetworkUtil( 3563): isConnected = false isCellularOnly : true
10-13 20:33:32.361 W/ContextImpl( 2385): Calling a method in the system process without a qualified user: android.app.ContextImpl.sendBroadcastMultiplePermissions:1331 android.content.Context.sendBroadcastMultiplePermissions:2480 com.android.server.TelephonyRegistry.broadcastServiceStateChanged:3706 com.android.server.TelephonyRegistry.notifyServiceStateForPhoneId:1767 com.android.internal.telephony.ITelephonyRegistry$Stub.onTransact:549 
10-13 20:33:32.361 I/TelephonyCallbackForPdnController<0>( 3563): onServiceStateChanged: state={mVoiceRegState=0(IN_SERVICE), mDataRegState=0(IN_SERVICE), mChannelNumber=1000, duplexMode()=1, mCellBandwidths=[], mOperatorAlphaLong=Tello, mOperatorAlphaShort=Tello, isManualNetworkSelection=false(automatic), getRilVoiceRadioTechnology=14(LTE), getRilDataRadioTechnology=14(LTE), mCssIndicator=unsupported, mNetworkId=*1, mSystemId=*1, mCdmaRoamingIndicator=-1, mCdmaDefaultRoamingIndicator=-1, VoiceRegType=0, Snap=0, PsOnly=false, FemtocellInd=0, SprDisplayRoam=false, OptRadioTech=0, MsimSubmode=0, IsVoiceCallAvailable=true, mIsEmergencyOnly=false, isUsingCarrierAggregation=true, mArfcnRsrpBoost=0, mNetworkRegistrationInfos=[NetworkRegistrationInfo{ domain=PS transportType=WLAN registrationState=UNKNOWN networkRegistrationState=UNKNOWN roamingType=NOT_ROAMING accessNetworkTechnology=IWLAN rejectCause=0 emergencyEnabled=false availableServices=[] cellIdentity=null voiceSpecificInfo=null dataSpecificInfo=null nrState=**** rRplmn= isUsingCarrierAggregation=false isNonTerrestrialNetwork=TERRESTRIAL}, NetworkRegistrationInfo{ domain=CS transportType=WWAN registrationState=HOME networkRegistrationState=HOME roamingType=NOT_ROAMING accessNetworkTechnology=LTE rejectCause=0 emergencyEnabled=false availableServices=[VOICE,SMS,VIDEO] cellIdentity=CellIdentityLte:{ mCi=8*****56 mPci=477 mTac=2***5 mEarfcn=1000 mBands=[2] mBandwidth=2147483647 mMcc=310 mMnc=260 mAlphaLong=T-Mobile mAlphaShort=T-Mobile mAdditionalPlmns={} mCsgInfo=null} voiceSpecificInfo=VoiceSpecificRegistrationInfo { mCssSupported=false mRoamingIndicator=0 mSystemIsInPrl=0 mDefaultRoamingIndicator=0} dataSpecificInfo=null nrState=**** rRplmn=310260 isUsingCarrierAggregation=false isNonTerrestrialNetwork=TERRESTRIAL}, NetworkRegistrationInfo{ domain=PS transportType=WWAN registrationState=HOME networkRegistrationState=HOME roamingType=NOT_ROAMING accessNetworkTechnology=LTE rejectCause=0 emergencyEnabled=false availableServices=[DATA,MMS] cellIdentity=CellIdentityLte:{ mCi=8*****56 mPci=477 mTac=2***5 mEarfcn=1000 mBands=[2] mBandwidth=2147483647 mMcc=310 mMnc=260 mAlphaLong=T-Mobile mAlphaShort=T-Mobile mAdditionalPlmns={} mCsgInfo=null} voiceSpecificInfo=null dataSpecificInfo=android.telephony.DataSpecificRegistrationInfo :{ maxDataCalls = 16 isDcNrRestricted = false isNrAvailable = true isEnDcAvailable = true mLteAttachResultType = 0 mLteAttachExtraInfo = 0 LteVopsSupportInfo :  mVopsSupport = 2 mEmcBearerSupport = 2 } nrState=**** rRplmn=310260 isUsingCarrierAggregation=true isNonTerrestrialNetwork=TERRESTRIAL}], mNrFrequencyRange=0, mOperatorAlphaLongRaw=T-Mobile, mOperatorAlphaShortRaw=T-Mobile, mIsDataRoamingFromRegistration=false, mIsIwlanPreferred=false}Changed=VoiceNet:20=>13, PsOnly:true=>false
10-13 20:33:32.361 I/PdnController<0>( 3563): notifyDataConnectionState
10-13 20:33:32.361 I/PdnController<0>( 3563): initialize PendedEPDGWeakSignal flag
10-13 20:33:32.361 I/PdnController<0>( 3563): setPendedEPDGWeakSignal
10-13 20:33:32.361 I/PdnController<0>( 3563): notifyDataConnectionState: needNotify=true networkType=13 isEpdgConnected=false dataNetType=20=>13 dataRegState=0=>0
10-13 20:33:32.362 I/RegiMgr-Handler<0>( 3563): onDataConnectionStateChanged(): networkType [LTE], isWifiConnected [true]
10-13 20:33:32.362 E/#IMSREGI( 3563): (0, TMobile_US) [LTE] LATCH(DataConnect changed) : 204015.518s
10-13 20:33:32.362 W/ContextImpl( 2385): Calling a method in the system process without a qualified user: android.app.ContextImpl.sendBroadcastMultiplePermissions:1364 com.android.server.TelephonyRegistry.broadcastServiceStateChanged:3711 com.android.server.TelephonyRegistry.notifyServiceStateForPhoneId:1767 com.android.internal.telephony.ITelephonyRegistry$Stub.onTransact:549 android.os.Binder.execTransactInternal:1380 
10-13 20:33:32.362 I/RegiMgr-Handler( 3563): handleMessage: EVENT_NETWORK_TYPE
10-13 20:33:32.362 I/RegiMgr-NetEvtCtr<0>( 3563): onNetworkChanged: suspendByIrat=false
10-13 20:33:32.362 I/NetworkState( 3563): setAllCellInfo : Cleared by null set !!!!
10-13 20:33:32.363 I/RegiMgr<0>( 3563): updatePani RegisterTask[0][mProfile=TMobile LTE/WiFi, mRegistrationRat=20, mPdnType=11, mState=REGISTERED, mObject=UserAgent - :
10-13 20:33:32.363 I/RegiMgr<0>( 3563):  total records=93
10-13 20:33:32.363 I/RegiMgr<0>( 3563):  rec[0]: time=10-13 19:52:19.055 processed=ReadyState org=RegisteredState dest=<null> what=34(0x22)
10-13 20:33:32.363 I/RegiMgr<0>( 3563):  rec[1]: time=10-13 19:52:19.055 processed=RegisteredState org=RegisteredState dest=<null> what=2000(0x7d0)
10-13 20:33:32.363 I/RegiMgr<0>( 3563):  rec[2]: time=10-13 20:00:31.906 processed=ReadyState org=RegisteredState dest=<null> what=34(0x22)
10-13 20:33:32.363 I/RegiMgr<0>( 3563):  rec[3]: time=10-13 20:00:31.907 processed=RegisteredState org=RegisteredState dest=<null> what=2000(0x7d0)
10-13 20:33:32.363 I/RegiMgr<0>( 3563):  rec[4]: time=10-13 20:02:13.798 processed=ReadyState org=RegisteredState dest=<null> what=34(0x22)
10-13 20:33:32.363 I/RegiMgr<0>( 3563):  rec[5]: time=10-13 20:02:13.799 processed=RegisteredState org=RegisteredState dest=<null> what=2000(0x7d0)
