10-11 19:32:16.288 12221 16384 I ReactNativeJS: [outputs] playMorse.symbol {"timestamp":26522465.299568,"wallClock":1760225536286,"symbol":"-","durationMs":180,"index":11,"source":"console.replay","correlationId":"console-replay:mgmwu49q26byqf47","nativeTimestampMs":26522458.136,"nativeDurationMs":180,"nativeOffsetMs":5.09893200173974,"nativeSequence":12,"monotonicTimestampMs":26522458.136,"nativeExpectedTimestampMs":26522439.061,"nativeStartSkewMs":19.075,"nativeBatchElapsedMs":1939.075,"nativeExpectedSincePriorMs":240,"nativeSincePriorMs":242.558,"nativePatternStartMs":26520519.061,"nativeAgeMs":4.948}
10-11 19:32:16.290 12221 16384 I ReactNativeJS: [outputs] outputs.hapticSymbol {"timestamp":26522467.489255,"wallClock":1760225536288,"enabled":true,"symbol":"-","durationMs":180,"platform":"android","source":"console.replay","correlationId":"console-replay:mgmwu49q26byqf47","timelineOffsetMs":null}
10-11 19:32:16.294 12221 16384 I ReactNativeJS: [outputs] outputs.flashPulse {"timestamp":26522471.776912,"wallClock":1760225536293,"enabled":true,"durationMs":180,"source":"console.replay","correlationId":"console-replay:mgmwu49q26byqf47","timelineOffsetMs":5.09893200173974,"schedulingMode":"timeline","audioStartHeadroomMs":-40.6882550008595,"audioStartGuard":"headroom","audioStartCompensationMs":40.6882550008595}
10-11 19:32:16.353 12221 16384 I ReactNativeJS: [outputs] outputs.flashPulse.commit {"timestamp":26522531.692953,"wallClock":1760225536353,"durationMs":180,"source":"console.replay","correlationId":"console-replay:mgmwu49q26byqf47","latencyMs":68.4480729997158,"timelineOffsetMs":5.09893200173974,"leadMs":8,"scheduleSkewMs":59.930312000215054,"schedulingMode":"timeline","audioStartHeadroomMs":-40.6882550008595,"audioStartGuard":"headroom","audioStartCompensationMs":40.6882550008595}
10-11 19:32:16.460 12221 16864 D OutputsAudio: [outputs-audio] stop gain=1.000 release=6.00
10-11 19:32:16.520 12221 16864 D OutputsAudio: [outputs-audio] start hz=650.0 gain=1.000 attack=2.50 release=6.00
10-11 19:32:16.520 12221 16864 D OutputsAudio: [outputs-audio] playMorse.symbol.start sequence=13 symbol=. expected=26522679.061 actual=26522699.079 skew=20.018 batchElapsed=2180.018
10-11 19:32:16.528 12221 16384 D OutputsAudio: [outputs-audio] symbol.info sequence=13 symbol=. timestamp=26522699.079 duration=60.000 expected=26522679.061 skew=20.018 age=7.703
10-11 19:32:16.534 12221 16384 I ReactNativeJS: [outputs] playMorse.symbol {"timestamp":26522707.021547,"wallClock":1760225536528,"symbol":".","durationMs":60,"index":12,"source":"console.replay","correlationId":"console-replay:v7z54d6d","nativeTimestampMs":26522699.079,"nativeDurationMs":60,"nativeOffsetMs":7.847858998924494,"nativeSequence":13,"monotonicTimestampMs":26522699.079,"nativeExpectedTimestampMs":26522679.061,"nativeStartSkewMs":20.018,"nativeBatchElapsedMs":2180.018,"nativeExpectedSincePriorMs":240,"nativeSincePriorMs":240.943,"nativePatternStartMs":26520519.061,"nativeAgeMs":7.703}
10-11 19:32:16.534 12221 16384 I ReactNativeJS: [outputs] playMorse.symbol {"timestamp":26522712.841234,"wallClock":1760225536534,"symbol":".","durationMs":60,"index":12,"source":"console.replay","correlationId":"console-replay:mgmwu4gmhtksggqw","nativeTimestampMs":26522699.079,"nativeDurationMs":60,"nativeOffsetMs":7.847858998924494,"nativeSequence":13,"monotonicTimestampMs":26522699.079,"nativeExpectedTimestampMs":26522679.061,"nativeStartSkewMs":20.018,"nativeBatchElapsedMs":2180.018,"nativeExpectedSincePriorMs":240,"nativeSincePriorMs":240.943,"nativePatternStartMs":26520519.061,"nativeAgeMs":7.703}
10-11 19:32:16.535 12221 16384 I ReactNativeJS: [outputs] outputs.hapticSymbol {"timestamp":26522713.71462,"wallClock":1760225536535,"enabled":true,"symbol":".","durationMs":60,"platform":"android","source":"console.replay","correlationId":"console-replay:mgmwu4gmhtksggqw","timelineOffsetMs":null}
10-11 19:32:16.537 12221 16384 I ReactNativeJS: [outputs] outputs.flashPulse {"timestamp":26522715.135974,"wallClock":1760225536536,"enabled":true,"durationMs":60,"source":"console.replay","correlationId":"console-replay:mgmwu4gmhtksggqw","timelineOffsetMs":7.847858998924494,"schedulingMode":"timeline","audioStartHeadroomMs":-44.05044300109148,"audioStartGuard":"headroom","audioStartCompensationMs":44.05044300109148}
10-11 19:32:16.580 12221 16864 D OutputsAudio: [outputs-audio] stop gain=1.000 release=6.00
10-11 19:32:16.607 12221 16384 I ReactNativeJS: [outputs] outputs.flashPulse.commit {"timestamp":26522785.347901,"wallClock":1760225536606,"durationMs":60,"source":"console.replay","correlationId":"console-replay:mgmwu4gmhtksggqw","latencyMs":78.41000000014901,"timelineOffsetMs":7.847858998924494,"leadMs":8,"scheduleSkewMs":70.22239499911666,"schedulingMode":"timeline","audioStartHeadroomMs":-44.05044300109148,"audioStartGuard":"headroom","audioStartCompensationMs":44.05044300109148}
10-11 19:32:16.641 12221 16864 D OutputsAudio: [outputs-audio] start hz=650.0 gain=1.000 attack=2.50 release=6.00
10-11 19:32:16.641 12221 16864 D OutputsAudio: [outputs-audio] playMorse.symbol.start sequence=14 symbol=. expected=26522799.061 actual=26522820.156 skew=21.095 batchElapsed=2301.095
10-11 19:32:16.650 12221 16384 D OutputsAudio: [outputs-audio] symbol.info sequence=14 symbol=. timestamp=26522820.156 duration=60.000 expected=26522799.061 skew=21.095 age=9.048
10-11 19:32:16.651 12221 16384 I ReactNativeJS: [outputs] playMorse.symbol {"timestamp":26522829.333422,"wallClock":1760225536650,"symbol":".","durationMs":60,"index":13,"source":"console.replay","correlationId":"console-replay:918hcnp1","nativeTimestampMs":26522820.156,"nativeDurationMs":60,"nativeOffsetMs":9.130442999303341,"nativeSequence":14,"monotonicTimestampMs":26522820.156,"nativeExpectedTimestampMs":26522799.061,"nativeStartSkewMs":21.095,"nativeBatchElapsedMs":2301.095,"nativeExpectedSincePriorMs":120,"nativeSincePriorMs":121.077,"nativePatternStartMs":26520519.061,"nativeAgeMs":9.048}
10-11 19:32:16.651 12221 16384 I ReactNativeJS: [outputs] playMorse.symbol {"timestamp":26522829.965193,"wallClock":1760225536651,"symbol":".","durationMs":60,"index":13,"source":"console.replay","correlationId":"console-replay:mgmwu4jv3tb22xmq","nativeTimestampMs":26522820.156,"nativeDurationMs":60,"nativeOffsetMs":9.130442999303341,"nativeSequence":14,"monotonicTimestampMs":26522820.156,"nativeExpectedTimestampMs":26522799.061,"nativeStartSkewMs":21.095,"nativeBatchElapsedMs":2301.095,"nativeExpectedSincePriorMs":120,"nativeSincePriorMs":121.077,"nativePatternStartMs":26520519.061,"nativeAgeMs":9.048}
10-11 19:32:16.652 12221 16384 I ReactNativeJS: [outputs] outputs.hapticSymbol {"timestamp":26522830.417641,"wallClock":1760225536651,"enabled":true,"symbol":".","durationMs":60,"platform":"android","source":"console.replay","correlationId":"console-replay:mgmwu4jv3tb22xmq","timelineOffsetMs":null}
10-11 19:32:16.652 12221 16384 I ReactNativeJS: [outputs] outputs.flashPulse {"timestamp":26522831.228109,"wallClock":1760225536652,"enabled":true,"durationMs":60,"source":"console.replay","correlationId":"console-replay:mgmwu4jv3tb22xmq","timelineOffsetMs":9.130442999303341,"schedulingMode":"timeline","audioStartHeadroomMs":-40.15565099939704,"audioStartGuard":"headroom","audioStartCompensationMs":40.15565099939704}
10-11 19:32:16.702 12221 16864 D OutputsAudio: [outputs-audio] stop gain=1.000 release=6.00
10-11 19:32:16.710 12221 16384 I ReactNativeJS: [outputs] outputs.flashPulse.commit {"timestamp":26522888.950088,"wallClock":1760225536710,"durationMs":60,"source":"console.replay","correlationId":"console-replay:mgmwu4jv3tb22xmq","latencyMs":59.65380199998617,"timelineOffsetMs":9.130442999303341,"leadMs":8,"scheduleSkewMs":57.72213599830866,"schedulingMode":"timeline","audioStartHeadroomMs":-40.15565099939704,"audioStartGuard":"headroom","audioStartCompensationMs":40.15565099939704}
10-11 19:32:16.764 12221 16864 D OutputsAudio: [outputs-audio] start hz=650.0 gain=1.000 attack=2.50 release=6.00
10-11 19:32:16.764 12221 16864 D OutputsAudio: [outputs-audio] playMorse.symbol.start sequence=15 symbol=. expected=26522919.061 actual=26522943.221 skew=24.160 batchElapsed=2424.160
10-11 19:32:16.770 12221 16384 D OutputsAudio: [outputs-audio] symbol.info sequence=15 symbol=. timestamp=26522943.221 duration=60.000 expected=26522919.061 skew=24.160 age=5.614
10-11 19:32:16.771 12221 16384 I ReactNativeJS: [outputs] playMorse.symbol {"timestamp":26522948.996963,"wallClock":1760225536770,"symbol":".","durationMs":60,"index":14,"source":"console.replay","correlationId":"console-replay:9zxsokyq","nativeTimestampMs":26522943.221,"nativeDurationMs":60,"nativeOffsetMs":5.715755000710487,"nativeSequence":15,"monotonicTimestampMs":26522943.221,"nativeExpectedTimestampMs":26522919.061,"nativeStartSkewMs":24.16,"nativeBatchElapsedMs":2424.16,"nativeExpectedSincePriorMs":120,"nativeSincePriorMs":123.066,"nativePatternStartMs":26520519.061,"nativeAgeMs":5.614}
10-11 19:32:16.771 12221 16384 I ReactNativeJS: [outputs] playMorse.symbol {"timestamp":26522949.841026,"wallClock":1760225536771,"symbol":".","durationMs":60,"index":14,"source":"console.replay","correlationId":"console-replay:mgmwu4n717rz0av9","nativeTimestampMs":26522943.221,"nativeDurationMs":60,"nativeOffsetMs":5.715755000710487,"nativeSequence":15,"monotonicTimestampMs":26522943.221,"nativeExpectedTimestampMs":26522919.061,"nativeStartSkewMs":24.16,"nativeBatchElapsedMs":2424.16,"nativeExpectedSincePriorMs":120,"nativeSincePriorMs":123.066,"nativePatternStartMs":26520519.061,"nativeAgeMs":5.614}
10-11 19:32:16.772 12221 16384 I ReactNativeJS: [outputs] outputs.hapticSymbol {"timestamp":26522950.363266,"wallClock":1760225536771,"enabled":true,"symbol":".","durationMs":60,"platform":"android","source":"console.replay","correlationId":"console-replay:mgmwu4n717rz0av9","timelineOffsetMs":null}
10-11 19:32:16.773 12221 16384 I ReactNativeJS: [outputs] outputs.flashPulse {"timestamp":26522951.369463,"wallClock":1760225536772,"enabled":true,"durationMs":60,"source":"console.replay","correlationId":"console-replay:mgmwu4n717rz0av9","timelineOffsetMs":5.715755000710487,"schedulingMode":"timeline","audioStartHeadroomMs":-40.29440099745989,"audioStartGuard":"headroom","audioStartCompensationMs":40.29440099745989}
10-11 19:32:16.825 12221 16864 D OutputsAudio: [outputs-audio] stop gain=1.000 release=6.00
10-11 19:32:16.827 12221 16384 I ReactNativeJS: [outputs] outputs.flashPulse.commit {"timestamp":26523005.85738,"wallClock":1760225536827,"durationMs":60,"source":"console.replay","correlationId":"console-replay:mgmwu4n717rz0av9","latencyMs":56.91177099943161,"timelineOffsetMs":5.715755000710487,"leadMs":8,"scheduleSkewMs":54.49093800038099,"schedulingMode":"timeline","audioStartHeadroomMs":-40.29440099745989,"audioStartGuard":"headroom","audioStartCompensationMs":40.29440099745989}
10-11 19:32:16.885 12221 16864 D OutputsAudio: [outputs-audio] start hz=650.0 gain=1.000 attack=2.50 release=6.00
10-11 19:32:16.885 12221 16864 D OutputsAudio: [outputs-audio] playMorse.symbol.start sequence=16 symbol=- expected=26523039.061 actual=26523064.385 skew=25.324 batchElapsed=2545.324
10-11 19:32:16.887 12221 16384 D OutputsAudio: [outputs-audio] symbol.info sequence=16 symbol=- timestamp=26523064.385 duration=180.000 expected=26523039.061 skew=25.324 age=1.699
10-11 19:32:16.888 12221 16384 I ReactNativeJS: [outputs] playMorse.symbol {"timestamp":26523066.331859,"wallClock":1760225536887,"symbol":"-","durationMs":180,"index":15,"source":"console.replay","correlationId":"console-replay:6nbkpq3u","nativeTimestampMs":26523064.385,"nativeDurationMs":180,"nativeOffsetMs":1.8518589995801449,"nativeSequence":16,"monotonicTimestampMs":26523064.385,"nativeExpectedTimestampMs":26523039.061,"nativeStartSkewMs":25.324,"nativeBatchElapsedMs":2545.324,"nativeExpectedSincePriorMs":120,"nativeSincePriorMs":121.164,"nativePatternStartMs":26520519.061,"nativeAgeMs":1.699}
10-11 19:32:16.889 12221 16384 I ReactNativeJS: [outputs] playMorse.symbol {"timestamp":26523067.578266,"wallClock":1760225536888,"symbol":"-","durationMs":180,"index":15,"source":"console.replay","correlationId":"console-replay:mgmwu4qgzmzjaotv","nativeTimestampMs":26523064.385,"nativeDurationMs":180,"nativeOffsetMs":1.8518589995801449,"nativeSequence":16,"monotonicTimestampMs":26523064.385,"nativeExpectedTimestampMs":26523039.061,"nativeStartSkewMs":25.324,"nativeBatchElapsedMs":2545.324,"nativeExpectedSincePriorMs":120,"nativeSincePriorMs":121.164,"nativePatternStartMs":26520519.061,"nativeAgeMs":1.699}
10-11 19:32:16.890 12221 16384 I ReactNativeJS: [outputs] outputs.hapticSymbol {"timestamp":26523068.534255,"wallClock":1760225536889,"enabled":true,"symbol":"-","durationMs":180,"platform":"android","source":"console.replay","correlationId":"console-replay:mgmwu4qgzmzjaotv","timelineOffsetMs":null}
10-11 19:32:16.892 12221 16384 I ReactNativeJS: [outputs] outputs.flashPulse {"timestamp":26523070.026651,"wallClock":1760225536891,"enabled":true,"durationMs":180,"source":"console.replay","correlationId":"console-replay:mgmwu4qgzmzjaotv","timelineOffsetMs":1.8518589995801449,"schedulingMode":"timeline","audioStartHeadroomMs":-38.944765999913216,"audioStartGuard":"headroom","audioStartCompensationMs":38.944765999913216}
10-11 19:32:16.947 12221 16384 I ReactNativeJS: [outputs] outputs.flashPulse.commit {"timestamp":26523126.079932,"wallClock":1760225536947,"durationMs":180,"source":"console.replay","correlationId":"console-replay:mgmwu4qgzmzjaotv","latencyMs":59.83354200050235,"timelineOffsetMs":1.8518589995801449,"leadMs":8,"scheduleSkewMs":56.0622400008142,"schedulingMode":"timeline","audioStartHeadroomMs":-38.944765999913216,"audioStartGuard":"headroom","audioStartCompensationMs":38.944765999913216}
10-11 19:32:17.066 12221 16864 D OutputsAudio: [outputs-audio] stop gain=1.000 release=6.00
10-11 19:32:17.126 12221 16864 D OutputsAudio: [outputs-audio] start hz=650.0 gain=1.000 attack=2.50 release=6.00
10-11 19:32:17.127 12221 16864 D OutputsAudio: [outputs-audio] playMorse.symbol.start sequence=17 symbol=- expected=26523279.061 actual=26523305.679 skew=26.618 batchElapsed=2786.618
10-11 19:32:17.127 12221 16384 D OutputsAudio: [outputs-audio] symbol.info sequence=17 symbol=- timestamp=26523305.679 duration=180.000 expected=26523279.061 skew=26.618 age=0.168
10-11 19:32:17.128 12221 16384 I ReactNativeJS: [outputs] playMorse.symbol {"timestamp":26523306.115297,"wallClock":1760225537127,"symbol":"-","durationMs":180,"index":16,"source":"console.replay","correlationId":"console-replay:d5ll00no","nativeTimestampMs":26523305.679,"nativeDurationMs":180,"nativeOffsetMs":0.3325989991426468,"nativeSequence":17,"monotonicTimestampMs":26523305.679,"nativeExpectedTimestampMs":26523279.061,"nativeStartSkewMs":26.618,"nativeBatchElapsedMs":2786.618,"nativeExpectedSincePriorMs":240,"nativeSincePriorMs":241.294,"nativePatternStartMs":26520519.061,"nativeAgeMs":0.168}
10-11 19:32:17.130 12221 16384 I ReactNativeJS: [outputs] playMorse.symbol {"timestamp":26523307.546911,"wallClock":1760225537128,"symbol":"-","durationMs":180,"index":16,"source":"console.replay","correlationId":"console-replay:mgmwu4x4jd6012oz","nativeTimestampMs":26523305.679,"nativeDurationMs":180,"nativeOffsetMs":0.3325989991426468,"nativeSequence":17,"monotonicTimestampMs":26523305.679,"nativeExpectedTimestampMs":26523279.061,"nativeStartSkewMs":26.618,"nativeBatchElapsedMs":2786.618,"nativeExpectedSincePriorMs":240,"nativeSincePriorMs":241.294,"nativePatternStartMs":26520519.061,"nativeAgeMs":0.168}
10-11 19:32:17.131 12221 16384 I ReactNativeJS: [outputs] outputs.hapticSymbol {"timestamp":26523308.983682,"wallClock":1760225537130,"enabled":true,"symbol":"-","durationMs":180,"platform":"android","source":"console.replay","correlationId":"console-replay:mgmwu4x4jd6012oz","timelineOffsetMs":null}
10-11 19:32:17.132 12221 16384 I ReactNativeJS: [outputs] outputs.flashPulse {"timestamp":26523310.654255,"wallClock":1760225537132,"enabled":true,"durationMs":180,"source":"console.replay","correlationId":"console-replay:mgmwu4x4jd6012oz","timelineOffsetMs":0.3325989991426468,"schedulingMode":"timeline","audioStartHeadroomMs":-39.56971300020814,"audioStartGuard":"headroom","audioStartCompensationMs":39.56971300020814}
10-11 19:32:17.207 12221 16384 I ReactNativeJS: [outputs] outputs.flashPulse.commit {"timestamp":26523385.640661,"wallClock":1760225537207,"durationMs":180,"source":"console.replay","correlationId":"console-replay:mgmwu4x4jd6012oz","latencyMs":79.61760399863124,"timelineOffsetMs":0.3325989991426468,"leadMs":8,"scheduleSkewMs":74.99593799933791,"schedulingMode":"timeline","audioStartHeadroomMs":-39.56971300020814,"audioStartGuard":"headroom","audioStartCompensationMs":39.56971300020814}
10-11 19:32:17.308 12221 16864 D OutputsAudio: [outputs-audio] stop gain=1.000 release=6.00
10-11 19:32:17.369 12221 16864 D OutputsAudio: [outputs-audio] start hz=650.0 gain=1.000 attack=2.50 release=6.00
10-11 19:32:17.369 12221 16864 D OutputsAudio: [outputs-audio] playMorse.symbol.start sequence=18 symbol=- expected=26523519.061 actual=26523547.997 skew=28.936 batchElapsed=3028.936
10-11 19:32:17.371 12221 16384 D OutputsAudio: [outputs-audio] symbol.info sequence=18 symbol=- timestamp=26523547.997 duration=180.000 expected=26523519.061 skew=28.936 age=1.857
10-11 19:32:17.372 12221 16384 I ReactNativeJS: [outputs] playMorse.symbol {"timestamp":26523550.137588,"wallClock":1760225537371,"symbol":"-","durationMs":180,"index":17,"source":"console.replay","correlationId":"console-replay:9x0ma6jb","nativeTimestampMs":26523547.997,"nativeDurationMs":180,"nativeOffsetMs":2.0252240002155304,"nativeSequence":18,"monotonicTimestampMs":26523547.997,"nativeExpectedTimestampMs":26523519.061,"nativeStartSkewMs":28.936,"nativeBatchElapsedMs":3028.936,"nativeExpectedSincePriorMs":240,"nativeSincePriorMs":242.318,"nativePatternStartMs":26520519.061,"nativeAgeMs":1.857}
10-11 19:32:17.374 12221 16384 I ReactNativeJS: [outputs] playMorse.symbol {"timestamp":26523551.677276,"wallClock":1760225537373,"symbol":"-","durationMs":180,"index":17,"source":"console.replay","correlationId":"console-replay:mgmwu53x97m3b3y6","nativeTimestampMs":26523547.997,"nativeDurationMs":180,"nativeOffsetMs":2.0252240002155304,"nativeSequence":18,"monotonicTimestampMs":26523547.997,"nativeExpectedTimestampMs":26523519.061,"nativeStartSkewMs":28.936,"nativeBatchElapsedMs":3028.936,"nativeExpectedSincePriorMs":240,"nativeSincePriorMs":242.318,"nativePatternStartMs":26520519.061,"nativeAgeMs":1.857}
10-11 19:32:17.374 12221 16384 I ReactNativeJS: [outputs] outputs.hapticSymbol {"timestamp":26523552.724307,"wallClock":1760225537374,"enabled":true,"symbol":"-","durationMs":180,"platform":"android","source":"console.replay","correlationId":"console-replay:mgmwu53x97m3b3y6","timelineOffsetMs":null}
10-11 19:32:17.376 12221 16384 I ReactNativeJS: [outputs] outputs.flashPulse {"timestamp":26523554.603682,"wallClock":1760225537376,"enabled":true,"durationMs":180,"source":"console.replay","correlationId":"console-replay:mgmwu53x97m3b3y6","timelineOffsetMs":2.0252240002155304,"schedulingMode":"timeline","audioStartHeadroomMs":-43.516849000006914,"audioStartGuard":"headroom","audioStartCompensationMs":43.516849000006914}
10-11 19:32:17.438 12221 16384 I ReactNativeJS: [outputs] outputs.flashPulse.commit {"timestamp":26523616.860869,"wallClock":1760225537438,"durationMs":180,"source":"console.replay","correlationId":"console-replay:mgmwu53x97m3b3y6","latencyMs":66.82749999687076,"timelineOffsetMs":2.0252240002155304,"leadMs":8,"scheduleSkewMs":62.26895899698138,"schedulingMode":"timeline","audioStartHeadroomMs":-43.516849000006914,"audioStartGuard":"headroom","audioStartCompensationMs":43.516849000006914}
10-11 19:32:17.549 12221 16864 D OutputsAudio: [outputs-audio] stop gain=1.000 release=6.00
10-11 19:32:17.611 12221 16864 D OutputsAudio: [outputs-audio] start hz=650.0 gain=1.000 attack=2.50 release=6.00
10-11 19:32:17.611 12221 16864 D OutputsAudio: [outputs-audio] playMorse.symbol.start sequence=19 symbol=. expected=26523759.061 actual=26523789.738 skew=30.677 batchElapsed=3270.677
10-11 19:32:17.611 12221 16384 D OutputsAudio: [outputs-audio] symbol.info sequence=19 symbol=. timestamp=26523789.738 duration=60.000 expected=26523759.061 skew=30.677 age=0.695
10-11 19:32:17.613 12221 16384 I ReactNativeJS: [outputs] playMorse.symbol {"timestamp":26523790.635453,"wallClock":1760225537612,"symbol":".","durationMs":60,"index":18,"source":"console.replay","correlationId":"console-replay:iomd20et","nativeTimestampMs":26523789.738,"nativeDurationMs":60,"nativeOffsetMs":0.8118279986083508,"nativeSequence":19,"monotonicTimestampMs":26523789.738,"nativeExpectedTimestampMs":26523759.061,"nativeStartSkewMs":30.677,"nativeBatchElapsedMs":3270.677,"nativeExpectedSincePriorMs":240,"nativeSincePriorMs":241.742,"nativePatternStartMs":26520519.061,"nativeAgeMs":0.695}
10-11 19:32:17.613 12221 16384 I ReactNativeJS: [outputs] playMorse.symbol {"timestamp":26523791.704776,"wallClock":1760225537613,"symbol":".","durationMs":60,"index":18,"source":"console.replay","correlationId":"console-replay:mgmwu5al1q2l5at9","nativeTimestampMs":26523789.738,"nativeDurationMs":60,"nativeOffsetMs":0.8118279986083508,"nativeSequence":19,"monotonicTimestampMs":26523789.738,"nativeExpectedTimestampMs":26523759.061,"nativeStartSkewMs":30.677,"nativeBatchElapsedMs":3270.677,"nativeExpectedSincePriorMs":240,"nativeSincePriorMs":241.742,"nativePatternStartMs":26520519.061,"nativeAgeMs":0.695}
10-11 19:32:17.614 12221 16384 I ReactNativeJS: [outputs] outputs.hapticSymbol {"timestamp":26523792.447692,"wallClock":1760225537613,"enabled":true,"symbol":".","durationMs":60,"platform":"android","source":"console.replay","correlationId":"console-replay:mgmwu5al1q2l5at9","timelineOffsetMs":null}
10-11 19:32:17.615 12221 16384 I ReactNativeJS: [outputs] outputs.flashPulse {"timestamp":26523793.710296,"wallClock":1760225537615,"enabled":true,"durationMs":60,"source":"console.replay","correlationId":"console-replay:mgmwu5al1q2l5at9","timelineOffsetMs":0.8118279986083508,"schedulingMode":"timeline","audioStartHeadroomMs":-42.62570299953222,"audioStartGuard":"headroom","audioStartCompensationMs":42.62570299953222}
10-11 19:32:17.672 12221 16864 D OutputsAudio: [outputs-audio] stop gain=1.000 release=6.00
10-11 19:32:17.679 12221 16384 I ReactNativeJS: [outputs] outputs.flashPulse.commit {"timestamp":26523857.167171,"wallClock":1760225537678,"durationMs":60,"source":"console.replay","correlationId":"console-replay:mgmwu5al1q2l5at9","latencyMs":66.60718699917197,"timelineOffsetMs":0.8118279986083508,"leadMs":8,"scheduleSkewMs":63.467344000935555,"schedulingMode":"timeline","audioStartHeadroomMs":-42.62570299953222,"audioStartGuard":"headroom","audioStartCompensationMs":42.62570299953222}
10-11 19:32:17.733 12221 16864 D OutputsAudio: [outputs-audio] start hz=650.0 gain=1.000 attack=2.50 release=6.00
10-11 19:32:17.733 12221 16864 D OutputsAudio: [outputs-audio] playMorse.symbol.start sequence=20 symbol=. expected=26523879.061 actual=26523912.221 skew=33.160 batchElapsed=3393.160
10-11 19:32:17.739 12221 16384 D OutputsAudio: [outputs-audio] symbol.info sequence=20 symbol=. timestamp=26523912.221 duration=60.000 expected=26523879.061 skew=33.160 age=5.877
10-11 19:32:17.740 12221 16384 I ReactNativeJS: [outputs] playMorse.symbol {"timestamp":26523918.306911,"wallClock":1760225537739,"symbol":".","durationMs":60,"index":19,"source":"console.replay","correlationId":"console-replay:93vf2wy1","nativeTimestampMs":26523912.221,"nativeDurationMs":60,"nativeOffsetMs":6.006379999220371,"nativeSequence":20,"monotonicTimestampMs":26523912.221,"nativeExpectedTimestampMs":26523879.061,"nativeStartSkewMs":33.16,"nativeBatchElapsedMs":3393.16,"nativeExpectedSincePriorMs":120,"nativeSincePriorMs":122.483,"nativePatternStartMs":26520519.061,"nativeAgeMs":5.877}
10-11 19:32:17.741 12221 16384 I ReactNativeJS: [outputs] playMorse.symbol {"timestamp":26523919.320401,"wallClock":1760225537740,"symbol":".","durationMs":60,"index":19,"source":"console.replay","correlationId":"console-replay:mgmwu5e4uua8syqf","nativeTimestampMs":26523912.221,"nativeDurationMs":60,"nativeOffsetMs":6.006379999220371,"nativeSequence":20,"monotonicTimestampMs":26523912.221,"nativeExpectedTimestampMs":26523879.061,"nativeStartSkewMs":33.16,"nativeBatchElapsedMs":3393.16,"nativeExpectedSincePriorMs":120,"nativeSincePriorMs":122.483,"nativePatternStartMs":26520519.061,"nativeAgeMs":5.877}
10-11 19:32:17.741 12221 16384 I ReactNativeJS: [outputs] outputs.hapticSymbol {"timestamp":26523919.988265,"wallClock":1760225537741,"enabled":true,"symbol":".","durationMs":60,"platform":"android","source":"console.replay","correlationId":"console-replay:mgmwu5e4uua8syqf","timelineOffsetMs":null}
10-11 19:32:17.743 12221 16384 I ReactNativeJS: [outputs] outputs.flashPulse {"timestamp":26523921.198734,"wallClock":1760225537742,"enabled":true,"durationMs":60,"source":"console.replay","correlationId":"console-replay:mgmwu5e4uua8syqf","timelineOffsetMs":6.006379999220371,"schedulingMode":"timeline","audioStartHeadroomMs":-50.12106699869037,"audioStartGuard":"headroom","audioStartCompensationMs":50.12106699869037}
10-11 19:32:17.794 12221 16864 D OutputsAudio: [outputs-audio] stop gain=1.000 release=6.00
10-11 19:32:17.817 12221 16384 I ReactNativeJS: [outputs] outputs.flashPulse.commit {"timestamp":26523995.111651,"wallClock":1760225537816,"durationMs":60,"source":"console.replay","correlationId":"console-replay:mgmwu5e4uua8syqf","latencyMs":76.87177100032568,"timelineOffsetMs":6.006379999220371,"leadMs":8,"scheduleSkewMs":73.91484399884939,"schedulingMode":"timeline","audioStartHeadroomMs":-50.12106699869037,"audioStartGuard":"headroom","audioStartCompensationMs":50.12106699869037}
10-11 19:32:17.854 12221 16864 D OutputsAudio: [outputs-audio] start hz=650.0 gain=1.000 attack=2.50 release=6.00
10-11 19:32:17.854 12221 16864 D OutputsAudio: [outputs-audio] playMorse.symbol.start sequence=21 symbol=. expected=26523999.061 actual=26524033.407 skew=34.346 batchElapsed=3514.346
10-11 19:32:17.861 12221 16384 D OutputsAudio: [outputs-audio] symbol.info sequence=21 symbol=. timestamp=26524033.407 duration=60.000 expected=26523999.061 skew=34.346 age=6.205
10-11 19:32:17.861 12221 16384 I ReactNativeJS: [outputs] playMorse.symbol {"timestamp":26524039.73639,"wallClock":1760225537861,"symbol":".","durationMs":60,"index":20,"source":"console.replay","correlationId":"console-replay:dmsvgzfl","nativeTimestampMs":26524033.407,"nativeDurationMs":60,"nativeOffsetMs":6.283243998885155,"nativeSequence":21,"monotonicTimestampMs":26524033.407,"nativeExpectedTimestampMs":26523999.061,"nativeStartSkewMs":34.346,"nativeBatchElapsedMs":3514.346,"nativeExpectedSincePriorMs":120,"nativeSincePriorMs":121.186,"nativePatternStartMs":26520519.061,"nativeAgeMs":6.205}
10-11 19:32:17.862 12221 16384 I ReactNativeJS: [outputs] playMorse.symbol {"timestamp":26524040.379671,"wallClock":1760225537861,"symbol":".","durationMs":60,"index":20,"source":"console.replay","correlationId":"console-replay:mgmwu5hhgmizuc3f","nativeTimestampMs":26524033.407,"nativeDurationMs":60,"nativeOffsetMs":6.283243998885155,"nativeSequence":21,"monotonicTimestampMs":26524033.407,"nativeExpectedTimestampMs":26523999.061,"nativeStartSkewMs":34.346,"nativeBatchElapsedMs":3514.346,"nativeExpectedSincePriorMs":120,"nativeSincePriorMs":121.186,"nativePatternStartMs":26520519.061,"nativeAgeMs":6.205}
10-11 19:32:17.862 12221 16384 I ReactNativeJS: [outputs] outputs.hapticSymbol {"timestamp":26524040.805661,"wallClock":1760225537862,"enabled":true,"symbol":".","durationMs":60,"platform":"android","source":"console.replay","correlationId":"console-replay:mgmwu5hhgmizuc3f","timelineOffsetMs":null}
10-11 19:32:17.863 12221 16384 I ReactNativeJS: [outputs] outputs.flashPulse {"timestamp":26524041.648421,"wallClock":1760225537863,"enabled":true,"durationMs":60,"source":"console.replay","correlationId":"console-replay:mgmwu5hhgmizuc3f","timelineOffsetMs":6.283243998885155,"schedulingMode":"timeline","audioStartHeadroomMs":-50.57653599977493,"audioStartGuard":"headroom","audioStartCompensationMs":50.57653599977493}
10-11 19:32:17.915 12221 16864 D OutputsAudio: [outputs-audio] stop gain=1.000 release=6.00
10-11 19:32:17.916 12221 16384 I ReactNativeJS: [outputs] outputs.flashPulse.commit {"timestamp":26524094.868994,"wallClock":1760225537916,"durationMs":60,"source":"console.replay","correlationId":"console-replay:mgmwu5hhgmizuc3f","latencyMs":55.16880200058222,"timelineOffsetMs":6.283243998885155,"leadMs":8,"scheduleSkewMs":53.219895001500845,"schedulingMode":"timeline","audioStartHeadroomMs":-50.57653599977493,"audioStartGuard":"headroom","audioStartCompensationMs":50.57653599977493}
10-11 19:32:17.976 12221 16864 D OutputsAudio: [outputs-audio] start hz=650.0 gain=1.000 attack=2.50 release=6.00
10-11 19:32:17.976 12221 16864 D OutputsAudio: [outputs-audio] playMorse.symbol.start sequence=22 symbol=- expected=26524119.061 actual=26524155.319 skew=36.258 batchElapsed=3636.258
10-11 19:32:17.980 12221 16384 D OutputsAudio: [outputs-audio] symbol.info sequence=22 symbol=- timestamp=26524155.319 duration=180.000 expected=26524119.061 skew=36.258 age=3.712
10-11 19:32:17.981 12221 16384 I ReactNativeJS: [outputs] playMorse.symbol {"timestamp":26524159.18113,"wallClock":1760225537980,"symbol":"-","durationMs":180,"index":21,"source":"console.replay","correlationId":"console-replay:af2eh5jk","nativeTimestampMs":26524155.319,"nativeDurationMs":180,"nativeOffsetMs":3.8011920005083084,"nativeSequence":22,"monotonicTimestampMs":26524155.319,"nativeExpectedTimestampMs":26524119.061,"nativeStartSkewMs":36.258,"nativeBatchElapsedMs":3636.258,"nativeExpectedSincePriorMs":120,"nativeSincePriorMs":121.912,"nativePatternStartMs":26520519.061,"nativeAgeMs":3.712}
10-11 19:32:17.981 12221 16384 I ReactNativeJS: [outputs] playMorse.symbol {"timestamp":26524159.925088,"wallClock":1760225537981,"symbol":"-","durationMs":180,"index":21,"source":"console.replay","correlationId":"console-replay:mgmwu5kt8owyk51e","nativeTimestampMs":26524155.319,"nativeDurationMs":180,"nativeOffsetMs":3.8011920005083084,"nativeSequence":22,"monotonicTimestampMs":26524155.319,"nativeExpectedTimestampMs":26524119.061,"nativeStartSkewMs":36.258,"nativeBatchElapsedMs":3636.258,"nativeExpectedSincePriorMs":120,"nativeSincePriorMs":121.912,"nativePatternStartMs":26520519.061,"nativeAgeMs":3.712}
10-11 19:32:17.982 12221 16384 I ReactNativeJS: [outputs] outputs.hapticSymbol {"timestamp":26524160.421651,"wallClock":1760225537981,"enabled":true,"symbol":"-","durationMs":180,"platform":"android","source":"console.replay","correlationId":"console-replay:mgmwu5kt8owyk51e","timelineOffsetMs":null}
10-11 19:32:17.983 12221 16384 I ReactNativeJS: [outputs] outputs.flashPulse {"timestamp":26524161.281026,"wallClock":1760225537982,"enabled":true,"durationMs":180,"source":"console.replay","correlationId":"console-replay:mgmwu5kt8owyk51e","timelineOffsetMs":3.8011920005083084,"schedulingMode":"timeline","audioStartHeadroomMs":-50.20585899800062,"audioStartGuard":"headroom","audioStartCompensationMs":50.20585899800062}
10-11 19:32:18.037 12221 16384 I ReactNativeJS: [outputs] outputs.flashPulse.commit {"timestamp":26524216.052692,"wallClock":1760225538037,"durationMs":180,"source":"console.replay","correlationId":"console-replay:mgmwu5kt8owyk51e","latencyMs":56.92130200192332,"timelineOffsetMs":3.8011920005083084,"leadMs":8,"scheduleSkewMs":54.772708002477884,"schedulingMode":"timeline","audioStartHeadroomMs":-50.20585899800062,"audioStartGuard":"headroom","audioStartCompensationMs":50.20585899800062}
10-11 19:32:18.156 12221 16864 D OutputsAudio: [outputs-audio] stop gain=1.000 release=6.00
10-11 19:32:18.217 12221 16864 D OutputsAudio: [outputs-audio] start hz=650.0 gain=1.000 attack=2.50 release=6.00
10-11 19:32:18.217 12221 16864 D OutputsAudio: [outputs-audio] playMorse.symbol.start sequence=23 symbol=- expected=26524359.061 actual=26524396.334 skew=37.273 batchElapsed=3877.273
10-11 19:32:18.221 12221 16384 D OutputsAudio: [outputs-audio] symbol.info sequence=23 symbol=- timestamp=26524396.334 duration=180.000 expected=26524359.061 skew=37.273 age=3.789
10-11 19:32:18.223 12221 16384 I ReactNativeJS: [outputs] playMorse.symbol {"timestamp":26524400.44738,"wallClock":1760225538221,"symbol":"-","durationMs":180,"index":22,"source":"console.replay","correlationId":"console-replay:e73bowtx","nativeTimestampMs":26524396.334,"nativeDurationMs":180,"nativeOffsetMs":3.983380001038313,"nativeSequence":23,"monotonicTimestampMs":26524396.334,"nativeExpectedTimestampMs":26524359.061,"nativeStartSkewMs":37.273,"nativeBatchElapsedMs":3877.273,"nativeExpectedSincePriorMs":240,"nativeSincePriorMs":241.015,"nativePatternStartMs":26520519.061,"nativeAgeMs":3.789}
10-11 19:32:18.224 12221 16384 I ReactNativeJS: [outputs] playMorse.symbol {"timestamp":26524402.385817,"wallClock":1760225538223,"symbol":"-","durationMs":180,"index":22,"source":"console.replay","correlationId":"console-replay:mgmwu5rjzrhz6cpf","nativeTimestampMs":26524396.334,"nativeDurationMs":180,"nativeOffsetMs":3.983380001038313,"nativeSequence":23,"monotonicTimestampMs":26524396.334,"nativeExpectedTimestampMs":26524359.061,"nativeStartSkewMs":37.273,"nativeBatchElapsedMs":3877.273,"nativeExpectedSincePriorMs":240,"nativeSincePriorMs":241.015,"nativePatternStartMs":26520519.061,"nativeAgeMs":3.789}
10-11 19:32:18.225 12221 16384 I ReactNativeJS: [outputs] outputs.hapticSymbol {"timestamp":26524403.3979,"wallClock":1760225538224,"enabled":true,"symbol":"-","durationMs":180,"platform":"android","source":"console.replay","correlationId":"console-replay:mgmwu5rjzrhz6cpf","timelineOffsetMs":null}
10-11 19:32:18.227 12221 16384 I ReactNativeJS: [outputs] outputs.flashPulse {"timestamp":26524405.274463,"wallClock":1760225538226,"enabled":true,"durationMs":180,"source":"console.replay","correlationId":"console-replay:mgmwu5rjzrhz6cpf","timelineOffsetMs":3.983380001038313,"schedulingMode":"timeline","audioStartHeadroomMs":-54.18617099896073,"audioStartGuard":"headroom","audioStartCompensationMs":54.18617099896073}
10-11 19:32:18.287 12221 16384 I ReactNativeJS: [outputs] outputs.flashPulse.commit {"timestamp":26524466.089202,"wallClock":1760225538287,"durationMs":180,"source":"console.replay","correlationId":"console-replay:mgmwu5rjzrhz6cpf","latencyMs":65.7613539993763,"timelineOffsetMs":3.983380001038313,"leadMs":8,"scheduleSkewMs":60.82734400033951,"schedulingMode":"timeline","audioStartHeadroomMs":-54.18617099896073,"audioStartGuard":"headroom","audioStartCompensationMs":54.18617099896073}
10-11 19:32:18.398 12221 16864 D OutputsAudio: [outputs-audio] stop gain=1.000 release=6.00
10-11 19:32:18.458 12221 16864 D OutputsAudio: [outputs-audio] start hz=650.0 gain=1.000 attack=2.50 release=6.00
10-11 19:32:18.459 12221 16864 D OutputsAudio: [outputs-audio] playMorse.symbol.start sequence=24 symbol=- expected=26524599.061 actual=26524637.756 skew=38.695 batchElapsed=4118.695
10-11 19:32:18.466 12221 16384 D OutputsAudio: [outputs-audio] symbol.info sequence=24 symbol=- timestamp=26524637.756 duration=180.000 expected=26524599.061 skew=38.695 age=7.745
10-11 19:32:18.467 12221 16384 I ReactNativeJS: [outputs] playMorse.symbol {"timestamp":26524645.68165,"wallClock":1760225538467,"symbol":"-","durationMs":180,"index":23,"source":"console.replay","correlationId":"console-replay:i2udktp5","nativeTimestampMs":26524637.756,"nativeDurationMs":180,"nativeOffsetMs":7.851691998541355,"nativeSequence":24,"monotonicTimestampMs":26524637.756,"nativeExpectedTimestampMs":26524599.061,"nativeStartSkewMs":38.695,"nativeBatchElapsedMs":4118.695,"nativeExpectedSincePriorMs":240,"nativeSincePriorMs":241.421,"nativePatternStartMs":26520519.061,"nativeAgeMs":7.745}
10-11 19:32:18.468 12221 16384 I ReactNativeJS: [outputs] playMorse.symbol {"timestamp":26524646.631598,"wallClock":1760225538468,"symbol":"-","durationMs":180,"index":23,"source":"console.replay","correlationId":"console-replay:mgmwu5ycjeyzj0j2","nativeTimestampMs":26524637.756,"nativeDurationMs":180,"nativeOffsetMs":7.851691998541355,"nativeSequence":24,"monotonicTimestampMs":26524637.756,"nativeExpectedTimestampMs":26524599.061,"nativeStartSkewMs":38.695,"nativeBatchElapsedMs":4118.695,"nativeExpectedSincePriorMs":240,"nativeSincePriorMs":241.421,"nativePatternStartMs":26520519.061,"nativeAgeMs":7.745}
10-11 19:32:18.469 12221 16384 I ReactNativeJS: [outputs] outputs.hapticSymbol {"timestamp":26524647.219932,"wallClock":1760225538468,"enabled":true,"symbol":"-","durationMs":180,"platform":"android","source":"console.replay","correlationId":"console-replay:mgmwu5ycjeyzj0j2","timelineOffsetMs":null}
10-11 19:32:18.470 12221 16384 I ReactNativeJS: [outputs] outputs.flashPulse {"timestamp":26524648.450609,"wallClock":1760225538469,"enabled":true,"durationMs":180,"source":"console.replay","correlationId":"console-replay:mgmwu5ycjeyzj0j2","timelineOffsetMs":7.851691998541355,"schedulingMode":"timeline","audioStartHeadroomMs":-57.36861899867654,"audioStartGuard":"headroom","audioStartCompensationMs":57.36861899867654}
10-11 19:32:18.532 12221 16384 I ReactNativeJS: [outputs] outputs.flashPulse.commit {"timestamp":26524710.326702,"wallClock":1760225538531,"durationMs":180,"source":"console.replay","correlationId":"console-replay:mgmwu5ycjeyzj0j2","latencyMs":64.70838500186801,"timelineOffsetMs":7.851691998541355,"leadMs":8,"scheduleSkewMs":61.883541002869606,"schedulingMode":"timeline","audioStartHeadroomMs":-57.36861899867654,"audioStartGuard":"headroom","audioStartCompensationMs":57.36861899867654}
10-11 19:32:18.639 12221 16864 D OutputsAudio: [outputs-audio] stop gain=1.000 release=6.00
10-11 19:32:18.699 12221 16864 D OutputsAudio: [outputs-audio] start hz=650.0 gain=1.000 attack=2.50 release=6.00
10-11 19:32:18.699 12221 16864 D OutputsAudio: [outputs-audio] playMorse.symbol.start sequence=25 symbol=. expected=26524839.061 actual=26524878.538 skew=39.477 batchElapsed=4359.477
10-11 19:32:18.705 12221 16384 D OutputsAudio: [outputs-audio] symbol.info sequence=25 symbol=. timestamp=26524878.538 duration=60.000 expected=26524839.061 skew=39.477 age=5.581
10-11 19:32:18.707 12221 16384 I ReactNativeJS: [outputs] playMorse.symbol {"timestamp":26524884.357848,"wallClock":1760225538705,"symbol":".","durationMs":60,"index":24,"source":"console.replay","correlationId":"console-replay:h2lpa20d","nativeTimestampMs":26524878.538,"nativeDurationMs":60,"nativeOffsetMs":5.728806000202894,"nativeSequence":25,"monotonicTimestampMs":26524878.538,"nativeExpectedTimestampMs":26524839.061,"nativeStartSkewMs":39.477,"nativeBatchElapsedMs":4359.477,"nativeExpectedSincePriorMs":240,"nativeSincePriorMs":240.782,"nativePatternStartMs":26520519.061,"nativeAgeMs":5.581}
10-11 19:32:18.708 12221 16384 I ReactNativeJS: [outputs] playMorse.symbol {"timestamp":26524885.959567,"wallClock":1760225538707,"symbol":".","durationMs":60,"index":24,"source":"console.replay","correlationId":"console-replay:mgmwu64zq4s3h1p0","nativeTimestampMs":26524878.538,"nativeDurationMs":60,"nativeOffsetMs":5.728806000202894,"nativeSequence":25,"monotonicTimestampMs":26524878.538,"nativeExpectedTimestampMs":26524839.061,"nativeStartSkewMs":39.477,"nativeBatchElapsedMs":4359.477,"nativeExpectedSincePriorMs":240,"nativeSincePriorMs":240.782,"nativePatternStartMs":26520519.061,"nativeAgeMs":5.581}
10-11 19:32:18.713 12221 16384 I ReactNativeJS: [outputs] outputs.hapticSymbol {"timestamp":26524887.729619,"wallClock":1760225538709,"enabled":true,"symbol":".","durationMs":60,"platform":"android","source":"console.replay","correlationId":"console-replay:mgmwu64zq4s3h1p0","timelineOffsetMs":null}
10-11 19:32:18.718 12221 16384 I ReactNativeJS: [outputs] outputs.flashPulse {"timestamp":26524895.508161,"wallClock":1760225538716,"enabled":true,"durationMs":60,"source":"console.replay","correlationId":"console-replay:mgmwu64zq4s3h1p0","timelineOffsetMs":5.728806000202894,"schedulingMode":"timeline","audioStartHeadroomMs":-64.42018099874258,"audioStartGuard":"headroom","audioStartCompensationMs":64.42018099874258}
10-11 19:32:18.761 12221 16864 D OutputsAudio: [outputs-audio] stop gain=1.000 release=6.00
10-11 19:32:18.793 12221 16384 I ReactNativeJS: [outputs] outputs.flashPulse.commit {"timestamp":26524971.932744,"wallClock":1760225538793,"durationMs":60,"source":"console.replay","correlationId":"console-replay:mgmwu64zq4s3h1p0","latencyMs":87.65583400055766,"timelineOffsetMs":5.728806000202894,"leadMs":8,"scheduleSkewMs":76.43765600025654,"schedulingMode":"timeline","audioStartHeadroomMs":-64.42018099874258,"audioStartGuard":"headroom","audioStartCompensationMs":64.42018099874258}
10-11 19:32:18.821 12221 16864 D OutputsAudio: [outputs-audio] start hz=650.0 gain=1.000 attack=2.50 release=6.00
10-11 19:32:18.821 12221 16864 D OutputsAudio: [outputs-audio] playMorse.symbol.start sequence=26 symbol=. expected=26524959.061 actual=26525000.436 skew=41.376 batchElapsed=4481.376
10-11 19:32:18.837 12221 16384 D OutputsAudio: [outputs-audio] symbol.info sequence=26 symbol=. timestamp=26525000.436 duration=60.000 expected=26524959.061 skew=41.376 age=15.432
10-11 19:32:18.838 12221 16384 I ReactNativeJS: [outputs] playMorse.symbol {"timestamp":26525015.998994,"wallClock":1760225538837,"symbol":".","durationMs":60,"index":25,"source":"console.replay","correlationId":"console-replay:cs39nvgl","nativeTimestampMs":26525000.436,"nativeDurationMs":60,"nativeOffsetMs":15.51596299931407,"nativeSequence":26,"monotonicTimestampMs":26525000.436,"nativeExpectedTimestampMs":26524959.061,"nativeStartSkewMs":41.376,"nativeBatchElapsedMs":4481.376,"nativeExpectedSincePriorMs":120,"nativeSincePriorMs":121.898,"nativePatternStartMs":26520519.061,"nativeAgeMs":15.432}
10-11 19:32:18.838 12221 16384 I ReactNativeJS: [outputs] playMorse.symbol {"timestamp":26525016.654046,"wallClock":1760225538838,"symbol":".","durationMs":60,"index":25,"source":"console.replay","correlationId":"console-replay:mgmwu68mby41gpe4","nativeTimestampMs":26525000.436,"nativeDurationMs":60,"nativeOffsetMs":15.51596299931407,"nativeSequence":26,"monotonicTimestampMs":26525000.436,"nativeExpectedTimestampMs":26524959.061,"nativeStartSkewMs":41.376,"nativeBatchElapsedMs":4481.376,"nativeExpectedSincePriorMs":120,"nativeSincePriorMs":121.898,"nativePatternStartMs":26520519.061,"nativeAgeMs":15.432}
10-11 19:32:18.838 12221 16384 I ReactNativeJS: [outputs] outputs.hapticSymbol {"timestamp":26525017.067067,"wallClock":1760225538838,"enabled":true,"symbol":".","durationMs":60,"platform":"android","source":"console.replay","correlationId":"console-replay:mgmwu68mby41gpe4","timelineOffsetMs":null}
10-11 19:32:18.839 12221 16384 I ReactNativeJS: [outputs] outputs.flashPulse {"timestamp":26525017.922327,"wallClock":1760225538839,"enabled":true,"durationMs":60,"source":"console.replay","correlationId":"console-replay:mgmwu68mby41gpe4","timelineOffsetMs":15.51596299931407,"schedulingMode":"timeline","audioStartHeadroomMs":-66.84773400053382,"audioStartGuard":"headroom","audioStartCompensationMs":66.84773400053382}
10-11 19:32:18.882 12221 16864 D OutputsAudio: [outputs-audio] stop gain=1.000 release=6.00
10-11 19:32:18.898 12221 16384 I ReactNativeJS: [outputs] outputs.flashPulse.commit {"timestamp":26525076.315296,"wallClock":1760225538897,"durationMs":60,"source":"console.replay","correlationId":"console-replay:mgmwu68mby41gpe4","latencyMs":60.3535929992795,"timelineOffsetMs":15.51596299931407,"leadMs":8,"scheduleSkewMs":58.39494699984789,"schedulingMode":"timeline","audioStartHeadroomMs":-66.84773400053382,"audioStartGuard":"headroom","audioStartCompensationMs":66.84773400053382}
10-11 19:32:18.943 12221 16864 D OutputsAudio: [outputs-audio] start hz=650.0 gain=1.000 attack=2.50 release=6.00
10-11 19:32:18.943 12221 16864 D OutputsAudio: [outputs-audio] playMorse.symbol.start sequence=27 symbol=. expected=26525079.061 actual=26525121.615 skew=42.554 batchElapsed=4602.554
10-11 19:32:18.944 12221 16384 D OutputsAudio: [outputs-audio] symbol.info sequence=27 symbol=. timestamp=26525121.615 duration=60.000 expected=26525079.061 skew=42.554 age=1.584
10-11 19:32:18.945 12221 16384 I ReactNativeJS: [outputs] playMorse.symbol {"timestamp":26525123.350817,"wallClock":1760225538944,"symbol":".","durationMs":60,"index":26,"source":"console.replay","correlationId":"console-replay:wbpcsl3o","nativeTimestampMs":26525121.615,"nativeDurationMs":60,"nativeOffsetMs":1.6865460015833378,"nativeSequence":27,"monotonicTimestampMs":26525121.615,"nativeExpectedTimestampMs":26525079.061,"nativeStartSkewMs":42.554,"nativeBatchElapsedMs":4602.554,"nativeExpectedSincePriorMs":120,"nativeSincePriorMs":121.179,"nativePatternStartMs":26520519.061,"nativeAgeMs":1.584}
10-11 19:32:18.945 12221 16384 I ReactNativeJS: [outputs] playMorse.symbol {"timestamp":26525124.026442,"wallClock":1760225538945,"symbol":".","durationMs":60,"index":26,"source":"console.replay","correlationId":"console-replay:mgmwu6blc25yg87l","nativeTimestampMs":26525121.615,"nativeDurationMs":60,"nativeOffsetMs":1.6865460015833378,"nativeSequence":27,"monotonicTimestampMs":26525121.615,"nativeExpectedTimestampMs":26525079.061,"nativeStartSkewMs":42.554,"nativeBatchElapsedMs":4602.554,"nativeExpectedSincePriorMs":120,"nativeSincePriorMs":121.179,"nativePatternStartMs":26520519.061,"nativeAgeMs":1.584}
10-11 19:32:18.946 12221 16384 I ReactNativeJS: [outputs] outputs.hapticSymbol {"timestamp":26525124.491494,"wallClock":1760225538945,"enabled":true,"symbol":".","durationMs":60,"platform":"android","source":"console.replay","correlationId":"console-replay:mgmwu6blc25yg87l","timelineOffsetMs":null}
10-11 19:32:18.947 12221 16384 I ReactNativeJS: [outputs] outputs.flashPulse {"timestamp":26525125.354515,"wallClock":1760225538946,"enabled":true,"durationMs":60,"source":"console.replay","correlationId":"console-replay:mgmwu6blc25yg87l","timelineOffsetMs":1.6865460015833378,"schedulingMode":"timeline","audioStartHeadroomMs":-54.2822650000453,"audioStartGuard":"headroom","audioStartCompensationMs":54.2822650000453}
10-11 19:32:19.003 12221 16384 I ReactNativeJS: [outputs] outputs.flashPulse.commit {"timestamp":26525181.134567,"wallClock":1760225539002,"durationMs":60,"source":"console.replay","correlationId":"console-replay:mgmwu6blc25yg87l","latencyMs":57.82312500104308,"timelineOffsetMs":1.6865460015833378,"leadMs":8,"scheduleSkewMs":55.77974000200629,"schedulingMode":"timeline","audioStartHeadroomMs":-54.2822650000453,"audioStartGuard":"headroom","audioStartCompensationMs":54.2822650000453}
10-11 19:32:19.003 12221 16864 D OutputsAudio: [outputs-audio] stop gain=1.000 release=6.00
10-11 19:32:19.004 12221 16864 D OutputsAudio: [outputs-audio] stop gain=1.000 release=6.00
10-11 19:32:19.004 12221 16864 D OutputsAudio: [outputs-audio] playMorse.end cancelled=0
10-11 19:32:19.046 12221 16384 I ReactNativeJS: [outputs] playMorse.error {"timestamp":26525224.895713,"wallClock":1760225539046,"message":"Property 'supportsNativeTimeline' doesn't exist","source":"console.replay","audioEnabled":true,"audioVolumePercent":100}
10-11 19:32:19.087 12221 16384 W ReactNativeJS: 'Manual playMorse failed', [ReferenceError: Property 'supportsNativeTimeline' doesn't exist]
10-11 19:32:21.966 12221 16384 I ReactNativeJS: [outputs] playMorse.start {"timestamp":26528141.678576,"wallClock":1760225541963,"unitMs":48,"length":29,"source":"console.replay","audioEnabled":true,"audioVolumePercent":100}
10-11 19:32:22.279 12221 16384 D OutputsAudio: [outputs-audio] warmup hz=650.0
10-11 19:32:22.280 12221 16905 D OutputsAudio: [outputs-audio] playMorse.start count=27 unit=48.0
10-11 19:32:22.280 12221 16905 D OutputsAudio: [outputs-audio] start hz=650.0 gain=1.000 attack=2.50 release=6.00
10-11 19:32:22.280 12221 16905 D OutputsAudio: [outputs-audio] playMorse.symbol.start sequence=1 symbol=. expected=26528458.623 actual=26528458.960 skew=0.336 batchElapsed=0.336
10-11 19:32:22.303 12221 16384 D OutputsAudio: [outputs-audio] symbol.info sequence=1 symbol=. timestamp=26528458.960 duration=48.000 expected=26528458.623 skew=0.336 age=17.120
10-11 19:32:22.304 12221 16384 I ReactNativeJS: [outputs] playMorse.symbol {"timestamp":26528482.311024,"wallClock":1760225542303,"symbol":".","durationMs":48,"index":0,"source":"console.replay","correlationId":"console-replay:eht9gqp5","nativeTimestampMs":26528458.96,"nativeDurationMs":48,"nativeOffsetMs":23.265398997813463,"nativeSequence":1,"monotonicTimestampMs":26528458.96,"nativeExpectedTimestampMs":26528458.623,"nativeStartSkewMs":0.336,"nativeBatchElapsedMs":0.336,"nativeExpectedSincePriorMs":0,"nativeSincePriorMs":0,"nativePatternStartMs":26528458.623,"nativeAgeMs":17.12}
10-11 19:32:22.305 12221 16384 I ReactNativeJS: [outputs] playMorse.symbol {"timestamp":26528483.305868,"wallClock":1760225542304,"symbol":".","durationMs":48,"index":0,"source":"console.replay","correlationId":"console-replay:mgmwu8wwfk6r66zb","nativeTimestampMs":26528458.96,"nativeDurationMs":48,"nativeOffsetMs":23.265398997813463,"nativeSequence":1,"monotonicTimestampMs":26528458.96,"nativeExpectedTimestampMs":26528458.623,"nativeStartSkewMs":0.336,"nativeBatchElapsedMs":0.336,"nativeExpectedSincePriorMs":0,"nativeSincePriorMs":0,"nativePatternStartMs":26528458.623,"nativeAgeMs":17.12}
10-11 19:32:22.306 12221 16384 I ReactNativeJS: [outputs] outputs.hapticSymbol {"timestamp":26528484.11743,"wallClock":1760225542305,"enabled":true,"symbol":".","durationMs":48,"platform":"android","source":"console.replay","correlationId":"console-replay:mgmwu8wwfk6r66zb","timelineOffsetMs":null}
