10-11 18:05:41.437 17746 17829 I ReactNativeJS: [outputs] outputs.flashPulse {"timestamp":21327615.598477,"wallClock":1760220341437,"enabled":true,"durationMs":144,"source":"console.replay","correlationId":"console-replay:mgmtqrwbyedtcceb","timelineOffsetMs":41.94531000033021,"schedulingMode":"timeline","audioStartHeadroomMs":-82.81225800141692,"audioStartGuard":"headroom","audioStartCompensationMs":82.81225800141692}
10-11 18:05:41.496 17746 17829 I ReactNativeJS: [outputs] outputs.flashPulse.commit {"timestamp":21327674.770299,"wallClock":1760220341496,"durationMs":144,"source":"console.replay","correlationId":"console-replay:mgmtqrwbyedtcceb","latencyMs":60.33171899989247,"timelineOffsetMs":41.94531000033021,"leadMs":8,"scheduleSkewMs":59.170313000679016,"schedulingMode":"timeline","audioStartHeadroomMs":-82.81225800141692,"audioStartGuard":"headroom","audioStartCompensationMs":82.81225800141692}
10-11 18:05:41.538 17746 18417 D OutputsAudio: [outputs-audio] stop gain=1.000 release=6.00
10-11 18:05:41.587 17746 18417 D OutputsAudio: [outputs-audio] start hz=700.0 gain=1.000 attack=2.50 release=6.00
10-11 18:05:41.587 17746 18417 D OutputsAudio: [outputs-audio] playMorse.symbol.start sequence=23 symbol=- expected=21327732.777 actual=21327766.424 skew=33.647 batchElapsed=3105.647
10-11 18:05:41.600 17746 17829 D OutputsAudio: [outputs-audio] symbol.info sequence=23 symbol=- timestamp=21327766.424 duration=144.000 expected=21327732.777 skew=33.647 age=12.491
10-11 18:05:41.601 17746 17829 I ReactNativeJS: [outputs] playMorse.symbol {"timestamp":21327779.161289,"wallClock":1760220341600,"symbol":"-","durationMs":144,"index":22,"source":"console.replay","correlationId":"console-replay:mgmtqs0w37e91yys","nativeTimestampMs":21327766.424,"nativeDurationMs":144,"nativeOffsetMs":12.63051800057292,"nativeSequence":23,"monotonicTimestampMs":21327766.424,"nativeExpectedTimestampMs":21327732.777,"nativeStartSkewMs":33.647,"nativeBatchElapsedMs":3105.647,"nativeExpectedSincePriorMs":192,"nativeSincePriorMs":193.94,"nativePatternStartMs":21324660.777,"nativeAgeMs":12.491}
10-11 18:05:41.602 17746 17829 I ReactNativeJS: [outputs] outputs.hapticSymbol {"timestamp":21327780.331029,"wallClock":1760220341601,"enabled":true,"symbol":"-","durationMs":144,"platform":"android","source":"console.replay","correlationId":"console-replay:mgmtqs0w37e91yys","timelineOffsetMs":12.63051800057292}
10-11 18:05:41.603 17746 17829 I ReactNativeJS: [outputs] outputs.flashPulse {"timestamp":21327781.785768,"wallClock":1760220341603,"enabled":true,"durationMs":144,"source":"console.replay","correlationId":"console-replay:mgmtqs0w37e91yys","timelineOffsetMs":12.63051800057292,"schedulingMode":"timeline","audioStartHeadroomMs":-56.988820001482964,"audioStartGuard":"headroom","audioStartCompensationMs":56.988820001482964}
10-11 18:05:41.684 17746 17829 I ReactNativeJS: [outputs] outputs.flashPulse.commit {"timestamp":21327862.458112,"wallClock":1760220341683,"durationMs":144,"source":"console.replay","correlationId":"console-replay:mgmtqs0w37e91yys","latencyMs":83.39411500096321,"timelineOffsetMs":12.63051800057292,"leadMs":8,"scheduleSkewMs":80.67916699871421,"schedulingMode":"timeline","audioStartHeadroomMs":-56.988820001482964,"audioStartGuard":"headroom","audioStartCompensationMs":56.988820001482964}
10-11 18:05:41.732 17746 18417 D OutputsAudio: [outputs-audio] stop gain=1.000 release=6.00
10-11 18:05:41.781 17746 18417 D OutputsAudio: [outputs-audio] start hz=700.0 gain=1.000 attack=2.50 release=6.00
10-11 18:05:41.781 17746 18417 D OutputsAudio: [outputs-audio] playMorse.symbol.start sequence=24 symbol=- expected=21327924.777 actual=21327960.434 skew=35.657 batchElapsed=3299.657
10-11 18:05:41.791 17746 17829 D OutputsAudio: [outputs-audio] symbol.info sequence=24 symbol=- timestamp=21327960.434 duration=144.000 expected=21327924.777 skew=35.657 age=9.761
10-11 18:05:41.792 17746 17829 I ReactNativeJS: [outputs] playMorse.symbol {"timestamp":21327970.396601,"wallClock":1760220341791,"symbol":"-","durationMs":144,"index":23,"source":"console.replay","correlationId":"console-replay:mgmtqs67un6666p7","nativeTimestampMs":21327960.434,"nativeDurationMs":144,"nativeOffsetMs":9.86838299781084,"nativeSequence":24,"monotonicTimestampMs":21327960.434,"nativeExpectedTimestampMs":21327924.777,"nativeStartSkewMs":35.657,"nativeBatchElapsedMs":3299.657,"nativeExpectedSincePriorMs":192,"nativeSincePriorMs":194.009,"nativePatternStartMs":21324660.777,"nativeAgeMs":9.761}
10-11 18:05:41.793 17746 17829 I ReactNativeJS: [outputs] outputs.hapticSymbol {"timestamp":21327971.345456,"wallClock":1760220341792,"enabled":true,"symbol":"-","durationMs":144,"platform":"android","source":"console.replay","correlationId":"console-replay:mgmtqs67un6666p7","timelineOffsetMs":9.86838299781084}
10-11 18:05:41.794 17746 17829 I ReactNativeJS: [outputs] outputs.flashPulse {"timestamp":21327972.53681,"wallClock":1760220341793,"enabled":true,"durationMs":144,"source":"console.replay","correlationId":"console-replay:mgmtqs67un6666p7","timelineOffsetMs":9.86838299781084,"schedulingMode":"timeline","audioStartHeadroomMs":-55.74319500103593,"audioStartGuard":"headroom","audioStartCompensationMs":55.74319500103593}
10-11 18:05:41.882 17746 17829 I ReactNativeJS: [outputs] outputs.flashPulse.commit {"timestamp":21328060.601341,"wallClock":1760220341882,"durationMs":144,"source":"console.replay","correlationId":"console-replay:mgmtqs67un6666p7","latencyMs":90.28958300128579,"timelineOffsetMs":9.86838299781084,"leadMs":8,"scheduleSkewMs":88.0688019990921,"schedulingMode":"timeline","audioStartHeadroomMs":-55.74319500103593,"audioStartGuard":"headroom","audioStartCompensationMs":55.74319500103593}
10-11 18:05:41.926 17746 18417 D OutputsAudio: [outputs-audio] stop gain=1.000 release=6.00
10-11 18:05:41.975 17746 18417 D OutputsAudio: [outputs-audio] start hz=700.0 gain=1.000 attack=2.50 release=6.00
10-11 18:05:41.975 17746 18417 D OutputsAudio: [outputs-audio] playMorse.symbol.start sequence=25 symbol=. expected=21328116.777 actual=21328154.094 skew=37.317 batchElapsed=3493.317
10-11 18:05:41.986 17746 17829 D OutputsAudio: [outputs-audio] symbol.info sequence=25 symbol=. timestamp=21328154.094 duration=48.000 expected=21328116.777 skew=37.317 age=10.712
10-11 18:05:41.987 17746 17829 I ReactNativeJS: [outputs] playMorse.symbol {"timestamp":21328165.052278,"wallClock":1760220341986,"symbol":".","durationMs":48,"index":24,"source":"console.replay","correlationId":"console-replay:mgmtqsbmccs9bjcv","nativeTimestampMs":21328154.094,"nativeDurationMs":48,"nativeOffsetMs":10.863903000950813,"nativeSequence":25,"monotonicTimestampMs":21328154.094,"nativeExpectedTimestampMs":21328116.777,"nativeStartSkewMs":37.317,"nativeBatchElapsedMs":3493.317,"nativeExpectedSincePriorMs":192,"nativeSincePriorMs":193.66,"nativePatternStartMs":21324660.777,"nativeAgeMs":10.712}
10-11 18:05:41.987 17746 17829 I ReactNativeJS: [outputs] outputs.hapticSymbol {"timestamp":21328165.826653,"wallClock":1760220341987,"enabled":true,"symbol":".","durationMs":48,"platform":"android","source":"console.replay","correlationId":"console-replay:mgmtqsbmccs9bjcv","timelineOffsetMs":10.863903000950813}
10-11 18:05:41.988 17746 17829 I ReactNativeJS: [outputs] outputs.flashPulse {"timestamp":21328166.807018,"wallClock":1760220341988,"enabled":true,"durationMs":48,"source":"console.replay","correlationId":"console-replay:mgmtqsbmccs9bjcv","timelineOffsetMs":10.863903000950813,"schedulingMode":"timeline","audioStartHeadroomMs":-58.016945000737906,"audioStartGuard":"headroom","audioStartCompensationMs":58.016945000737906}
10-11 18:05:42.024 17746 18417 D OutputsAudio: [outputs-audio] stop gain=1.000 release=6.00
10-11 18:05:42.046 17746 17829 I ReactNativeJS: [outputs] outputs.flashPulse.commit {"timestamp":21328225.150247,"wallClock":1760220342046,"durationMs":48,"source":"console.replay","correlationId":"console-replay:mgmtqsbmccs9bjcv","latencyMs":60.18291699886322,"timelineOffsetMs":10.863903000950813,"leadMs":8,"scheduleSkewMs":58.344634998589754,"schedulingMode":"timeline","audioStartHeadroomMs":-58.016945000737906,"audioStartGuard":"headroom","audioStartCompensationMs":58.016945000737906}
10-11 18:05:42.072 17746 18417 D OutputsAudio: [outputs-audio] start hz=700.0 gain=1.000 attack=2.50 release=6.00
10-11 18:05:42.072 17746 18417 D OutputsAudio: [outputs-audio] playMorse.symbol.start sequence=26 symbol=. expected=21328212.777 actual=21328251.550 skew=38.773 batchElapsed=3590.773
10-11 18:05:42.090 17746 17829 D OutputsAudio: [outputs-audio] symbol.info sequence=26 symbol=. timestamp=21328251.550 duration=48.000 expected=21328212.777 skew=38.773 age=17.702
10-11 18:05:42.091 17746 17829 I ReactNativeJS: [outputs] playMorse.symbol {"timestamp":21328269.381966,"wallClock":1760220342090,"symbol":".","durationMs":48,"index":25,"source":"console.replay","correlationId":"console-replay:mgmtqseiqpqupfat","nativeTimestampMs":21328251.55,"nativeDurationMs":48,"nativeOffsetMs":17.780611999332905,"nativeSequence":26,"monotonicTimestampMs":21328251.55,"nativeExpectedTimestampMs":21328212.777,"nativeStartSkewMs":38.773,"nativeBatchElapsedMs":3590.773,"nativeExpectedSincePriorMs":96,"nativeSincePriorMs":97.456,"nativePatternStartMs":21324660.777,"nativeAgeMs":17.702}
10-11 18:05:42.091 17746 17829 I ReactNativeJS: [outputs] outputs.hapticSymbol {"timestamp":21328269.880247,"wallClock":1760220342091,"enabled":true,"symbol":".","durationMs":48,"platform":"android","source":"console.replay","correlationId":"console-replay:mgmtqseiqpqupfat","timelineOffsetMs":17.780611999332905}
10-11 18:05:42.092 17746 17829 I ReactNativeJS: [outputs] outputs.flashPulse {"timestamp":21328270.550872,"wallClock":1760220342091,"enabled":true,"durationMs":48,"source":"console.replay","correlationId":"console-replay:mgmtqseiqpqupfat","timelineOffsetMs":17.780611999332905,"schedulingMode":"timeline","audioStartHeadroomMs":-65.76501800119877,"audioStartGuard":"headroom","audioStartCompensationMs":65.76501800119877}
10-11 18:05:42.121 17746 18417 D OutputsAudio: [outputs-audio] stop gain=1.000 release=6.00
10-11 18:05:42.143 17746 17829 I ReactNativeJS: [outputs] outputs.flashPulse.commit {"timestamp":21328322.006393,"wallClock":1760220342143,"durationMs":48,"source":"console.replay","correlationId":"console-replay:mgmtqseiqpqupfat","latencyMs":52.666301999241114,"timelineOffsetMs":17.780611999332905,"leadMs":8,"scheduleSkewMs":51.4533859975636,"schedulingMode":"timeline","audioStartHeadroomMs":-65.76501800119877,"audioStartGuard":"headroom","audioStartCompensationMs":65.76501800119877}
10-11 18:05:42.169 17746 18417 D OutputsAudio: [outputs-audio] start hz=700.0 gain=1.000 attack=2.50 release=6.00
10-11 18:05:42.170 17746 18417 D OutputsAudio: [outputs-audio] playMorse.symbol.start sequence=27 symbol=. expected=21328308.777 actual=21328348.751 skew=39.974 batchElapsed=3687.974
10-11 18:05:42.193 17746 17829 D OutputsAudio: [outputs-audio] symbol.info sequence=27 symbol=. timestamp=21328348.751 duration=48.000 expected=21328308.777 skew=39.974 age=22.828
10-11 18:05:42.193 17746 17829 I ReactNativeJS: [outputs] playMorse.symbol {"timestamp":21328371.712018,"wallClock":1760220342193,"symbol":".","durationMs":48,"index":26,"source":"console.replay","correlationId":"console-replay:mgmtqshdzjgaarjc","nativeTimestampMs":21328348.751,"nativeDurationMs":48,"nativeOffsetMs":22.909924000501633,"nativeSequence":27,"monotonicTimestampMs":21328348.751,"nativeExpectedTimestampMs":21328308.777,"nativeStartSkewMs":39.974,"nativeBatchElapsedMs":3687.974,"nativeExpectedSincePriorMs":96,"nativeSincePriorMs":97.202,"nativePatternStartMs":21324660.777,"nativeAgeMs":22.828}
10-11 18:05:42.193 17746 17829 I ReactNativeJS: [outputs] outputs.hapticSymbol {"timestamp":21328372.287383,"wallClock":1760220342193,"enabled":true,"symbol":".","durationMs":48,"platform":"android","source":"console.replay","correlationId":"console-replay:mgmtqshdzjgaarjc","timelineOffsetMs":22.909924000501633}
10-11 18:05:42.194 17746 17829 I ReactNativeJS: [outputs] outputs.flashPulse {"timestamp":21328372.902435,"wallClock":1760220342194,"enabled":true,"durationMs":48,"source":"console.replay","correlationId":"console-replay:mgmtqshdzjgaarjc","timelineOffsetMs":22.909924000501633,"schedulingMode":"timeline","audioStartHeadroomMs":-72.11527800187469,"audioStartGuard":"headroom","audioStartCompensationMs":72.11527800187469}
10-11 18:05:42.219 17746 18417 D OutputsAudio: [outputs-audio] stop gain=1.000 release=6.00
10-11 18:05:42.219 17746 18417 D OutputsAudio: [outputs-audio] stop gain=0.667 release=6.00
10-11 18:05:42.219 17746 18417 D OutputsAudio: [outputs-audio] playMorse.end cancelled=0
10-11 18:05:42.245 17746 17829 I ReactNativeJS: [outputs] outputs.flashPulse.commit {"timestamp":21328424.139883,"wallClock":1760220342245,"durationMs":48,"source":"console.replay","correlationId":"console-replay:mgmtqshdzjgaarjc","latencyMs":52.46932300180197,"timelineOffsetMs":22.909924000501633,"leadMs":8,"scheduleSkewMs":51.23640600219369,"schedulingMode":"timeline","audioStartHeadroomMs":-72.11527800187469,"audioStartGuard":"headroom","audioStartCompensationMs":72.11527800187469}
10-11 18:05:42.290 17746 17829 I ReactNativeJS: [outputs] playMorse.complete {"timestamp":21328468.404153,"wallClock":1760220342289,"durationMs":3973.6766129992902,"source":"console.replay","audioEnabled":true,"audioVolumePercent":100}
10-11 18:05:45.205 17746 17829 I ReactNativeJS: [outputs] playMorse.start {"timestamp":21331383.223631,"wallClock":1760220345204,"unitMs":40,"length":28,"source":"console.replay","audioEnabled":true,"audioVolumePercent":100}
10-11 18:05:45.354 17746 17829 D OutputsAudio: [outputs-audio] warmup hz=700.0
10-11 18:05:45.355 17746 18461 D OutputsAudio: [outputs-audio] playMorse.start count=27 unit=40.0
10-11 18:05:45.355 17746 18461 D OutputsAudio: [outputs-audio] start hz=700.0 gain=1.000 attack=2.50 release=6.00
10-11 18:05:45.355 17746 18461 D OutputsAudio: [outputs-audio] playMorse.symbol.start sequence=1 symbol=. expected=21331533.885 actual=21331533.902 skew=0.017 batchElapsed=0.017
10-11 18:05:45.371 17746 17829 D OutputsAudio: [outputs-audio] symbol.info sequence=1 symbol=. timestamp=21331533.902 duration=40.000 expected=21331533.885 skew=0.017 age=15.686
10-11 18:05:45.372 17746 17829 I ReactNativeJS: [outputs] playMorse.symbol {"timestamp":21331549.883527,"wallClock":1760220345371,"symbol":".","durationMs":40,"index":0,"source":"console.replay","correlationId":"console-replay:mgmtquxnitzmj2s9","nativeTimestampMs":21331533.902,"nativeDurationMs":40,"nativeOffsetMs":15.863350000232458,"nativeSequence":1,"monotonicTimestampMs":21331533.902,"nativeExpectedTimestampMs":21331533.885,"nativeStartSkewMs":0.017,"nativeBatchElapsedMs":0.017,"nativeExpectedSincePriorMs":0,"nativeSincePriorMs":0,"nativePatternStartMs":21331533.885,"nativeAgeMs":15.686}
10-11 18:05:45.373 17746 17829 I ReactNativeJS: [outputs] outputs.hapticSymbol {"timestamp":21331551.296183,"wallClock":1760220345372,"enabled":true,"symbol":".","durationMs":40,"platform":"android","source":"console.replay","correlationId":"console-replay:mgmtquxnitzmj2s9","timelineOffsetMs":15.863350000232458}
10-11 18:05:45.374 17746 17829 I ReactNativeJS: [outputs] outputs.flashPulse {"timestamp":21331552.955819,"wallClock":1760220345374,"enabled":true,"durationMs":40,"source":"console.replay","correlationId":"console-replay:mgmtquxnitzmj2s9","timelineOffsetMs":15.863350000232458,"schedulingMode":"timeline","audioStartHeadroomMs":-27.049620997160673,"audioStartGuard":"headroom","audioStartCompensationMs":27.049620997160673}
10-11 18:05:45.395 17746 18461 D OutputsAudio: [outputs-audio] stop gain=1.000 release=6.00
10-11 18:05:45.430 17746 17829 I ReactNativeJS: [outputs] outputs.flashPulse.commit {"timestamp":21331608.23686,"wallClock":1760220345429,"durationMs":40,"source":"console.replay","correlationId":"console-replay:mgmtquxnitzmj2s9","latencyMs":58.4621880017221,"timelineOffsetMs":15.863350000232458,"leadMs":8,"scheduleSkewMs":55.289792001247406,"schedulingMode":"timeline","audioStartHeadroomMs":-27.049620997160673,"audioStartGuard":"headroom","audioStartCompensationMs":27.049620997160673}
10-11 18:05:45.436 17746 18461 D OutputsAudio: [outputs-audio] start hz=700.0 gain=1.000 attack=2.50 release=6.00
10-11 18:05:45.436 17746 18461 D OutputsAudio: [outputs-audio] playMorse.symbol.start sequence=2 symbol=. expected=21331613.885 actual=21331614.669 skew=0.784 batchElapsed=80.784
10-11 18:05:45.474 17746 17829 D OutputsAudio: [outputs-audio] symbol.info sequence=2 symbol=. timestamp=21331614.669 duration=40.000 expected=21331613.885 skew=0.784 age=38.584
10-11 18:05:45.475 17746 17829 I ReactNativeJS: [outputs] playMorse.symbol {"timestamp":21331653.391548,"wallClock":1760220345474,"symbol":".","durationMs":40,"index":1,"source":"console.replay","correlationId":"console-replay:mgmtqv0ih09vvehg","nativeTimestampMs":21331614.669,"nativeDurationMs":40,"nativeOffsetMs":38.67145400121808,"nativeSequence":2,"monotonicTimestampMs":21331614.669,"nativeExpectedTimestampMs":21331613.885,"nativeStartSkewMs":0.784,"nativeBatchElapsedMs":80.784,"nativeExpectedSincePriorMs":80,"nativeSincePriorMs":80.767,"nativePatternStartMs":21331533.885,"nativeAgeMs":38.584}
10-11 18:05:45.475 17746 17829 I ReactNativeJS: [outputs] outputs.hapticSymbol {"timestamp":21331653.892329,"wallClock":1760220345475,"enabled":true,"symbol":".","durationMs":40,"platform":"android","source":"console.replay","correlationId":"console-replay:mgmtqv0ih09vvehg","timelineOffsetMs":38.67145400121808}
10-11 18:05:45.476 17746 18461 D OutputsAudio: [outputs-audio] stop gain=1.000 release=6.00
10-11 18:05:45.476 17746 17829 I ReactNativeJS: [outputs] outputs.flashPulse {"timestamp":21331654.498996,"wallClock":1760220345475,"enabled":true,"durationMs":40,"source":"console.replay","correlationId":"console-replay:mgmtqv0ih09vvehg","timelineOffsetMs":38.67145400121808,"schedulingMode":"timeline","audioStartHeadroomMs":-48.603995997458696,"audioStartGuard":"headroom","audioStartCompensationMs":48.603995997458696}
10-11 18:05:45.517 17746 18461 D OutputsAudio: [outputs-audio] start hz=700.0 gain=1.000 attack=2.50 release=6.00
10-11 18:05:45.517 17746 18461 D OutputsAudio: [outputs-audio] playMorse.symbol.start sequence=3 symbol=. expected=21331693.885 actual=21331695.892 skew=2.007 batchElapsed=162.007
10-11 18:05:45.532 17746 17829 I ReactNativeJS: [outputs] outputs.flashPulse.commit {"timestamp":21331710.501027,"wallClock":1760220345531,"durationMs":40,"source":"console.replay","correlationId":"console-replay:mgmtqv0ih09vvehg","latencyMs":57.151875000447035,"timelineOffsetMs":38.67145400121808,"leadMs":8,"scheduleSkewMs":56.00177100300789,"schedulingMode":"timeline","audioStartHeadroomMs":-48.603995997458696,"audioStartGuard":"headroom","audioStartCompensationMs":48.603995997458696}
10-11 18:05:45.557 17746 18461 D OutputsAudio: [outputs-audio] stop gain=1.000 release=6.00
10-11 18:05:45.577 17746 17829 D OutputsAudio: [outputs-audio] symbol.info sequence=3 symbol=. timestamp=21331695.892 duration=40.000 expected=21331693.885 skew=2.007 age=60.032
10-11 18:05:45.578 17746 17829 I ReactNativeJS: [outputs] playMorse.symbol {"timestamp":21331756.106756,"wallClock":1760220345577,"symbol":".","durationMs":40,"index":2,"source":"console.replay","correlationId":"console-replay:mgmtqv3dbtrxqn1y","nativeTimestampMs":21331695.892,"nativeDurationMs":40,"nativeOffsetMs":60.16183999925852,"nativeSequence":3,"monotonicTimestampMs":21331695.892,"nativeExpectedTimestampMs":21331693.885,"nativeStartSkewMs":2.007,"nativeBatchElapsedMs":162.007,"nativeExpectedSincePriorMs":80,"nativeSincePriorMs":81.223,"nativePatternStartMs":21331533.885,"nativeAgeMs":60.032}
10-11 18:05:45.578 17746 17829 I ReactNativeJS: [outputs] outputs.hapticSymbol {"timestamp":21331756.652381,"wallClock":1760220345578,"enabled":true,"symbol":".","durationMs":40,"platform":"android","source":"console.replay","correlationId":"console-replay:mgmtqv3dbtrxqn1y","timelineOffsetMs":60.16183999925852}
10-11 18:05:45.578 17746 17829 I ReactNativeJS: [outputs] outputs.flashPulse {"timestamp":21331757.284881,"wallClock":1760220345578,"enabled":true,"durationMs":40,"source":"console.replay","correlationId":"console-replay:mgmtqv3dbtrxqn1y","timelineOffsetMs":60.16183999925852,"schedulingMode":"timeline","audioStartHeadroomMs":-71.39081899821758,"audioStartGuard":"headroom","audioStartCompensationMs":71.39081899821758}
10-11 18:05:45.597 17746 18461 D OutputsAudio: [outputs-audio] start hz=700.0 gain=1.000 attack=2.50 release=6.00
10-11 18:05:45.597 17746 18461 D OutputsAudio: [outputs-audio] playMorse.symbol.start sequence=4 symbol=- expected=21331773.885 actual=21331776.556 skew=2.671 batchElapsed=242.671
10-11 18:05:45.629 17746 17829 I ReactNativeJS: [outputs] outputs.flashPulse.commit {"timestamp":21331807.841965,"wallClock":1760220345629,"durationMs":40,"source":"console.replay","correlationId":"console-replay:mgmtqv3dbtrxqn1y","latencyMs":51.77937499806285,"timelineOffsetMs":60.16183999925852,"leadMs":8,"scheduleSkewMs":50.55588599666953,"schedulingMode":"timeline","audioStartHeadroomMs":-71.39081899821758,"audioStartGuard":"headroom","audioStartCompensationMs":71.39081899821758}
10-11 18:05:45.679 17746 17829 D OutputsAudio: [outputs-audio] symbol.info sequence=4 symbol=- timestamp=21331776.556 duration=120.000 expected=21331773.885 skew=2.671 age=81.992
10-11 18:05:45.680 17746 17829 I ReactNativeJS: [outputs] playMorse.symbol {"timestamp":21331858.6841,"wallClock":1760220345680,"symbol":"-","durationMs":120,"index":3,"source":"console.replay","correlationId":"console-replay:mgmtqv68yn3cb1zg","nativeTimestampMs":21331776.556,"nativeDurationMs":120,"nativeOffsetMs":82.07830799743533,"nativeSequence":4,"monotonicTimestampMs":21331776.556,"nativeExpectedTimestampMs":21331773.885,"nativeStartSkewMs":2.671,"nativeBatchElapsedMs":242.671,"nativeExpectedSincePriorMs":80,"nativeSincePriorMs":80.664,"nativePatternStartMs":21331533.885,"nativeAgeMs":81.992}
10-11 18:05:45.680 17746 17829 I ReactNativeJS: [outputs] playMorse.nativeOffset.spike {"timestamp":21331859.158631,"wallClock":1760220345680,"source":"console.replay","offsetMs":82.07830799743533,"sequence":4,"unitMs":40,"correlationId":"console-replay:mgmtqv68yn3cb1zg","startSkewMs":2.671,"batchElapsedMs":242.671,"ageMs":81.992}
10-11 18:05:45.681 17746 17829 I ReactNativeJS: [outputs] outputs.hapticSymbol {"timestamp":21331859.474725,"wallClock":1760220345680,"enabled":true,"symbol":"-","durationMs":120,"platform":"android","source":"console.replay","correlationId":"console-replay:mgmtqv68yn3cb1zg","timelineOffsetMs":82.07830799743533}
10-11 18:05:45.681 17746 17829 I ReactNativeJS: [outputs] outputs.flashPulse {"timestamp":21331860.141027,"wallClock":1760220345681,"enabled":true,"durationMs":120,"source":"console.replay","correlationId":"console-replay:mgmtqv68yn3cb1zg","timelineOffsetMs":82.07830799743533,"schedulingMode":"timeline","audioStartHeadroomMs":-94.24649599939585,"audioStartGuard":"headroom","audioStartCompensationMs":94.24649599939585}
10-11 18:05:45.718 17746 18461 D OutputsAudio: [outputs-audio] stop gain=1.000 release=6.00
10-11 18:05:45.739 17746 17829 I ReactNativeJS: [outputs] outputs.flashPulse.commit {"timestamp":21331917.393162,"wallClock":1760220345738,"durationMs":120,"source":"console.replay","correlationId":"console-replay:mgmtqv68yn3cb1zg","latencyMs":58.751145999878645,"timelineOffsetMs":82.07830799743533,"leadMs":8,"scheduleSkewMs":57.252082999795675,"schedulingMode":"timeline","audioStartHeadroomMs":-94.24649599939585,"audioStartGuard":"headroom","audioStartCompensationMs":94.24649599939585}
10-11 18:05:45.759 17746 18461 D OutputsAudio: [outputs-audio] start hz=700.0 gain=1.000 attack=2.50 release=6.00
10-11 18:05:45.759 17746 18461 D OutputsAudio: [outputs-audio] playMorse.symbol.start sequence=5 symbol=- expected=21331933.885 actual=21331938.129 skew=4.244 batchElapsed=404.244
10-11 18:05:45.783 17746 17829 D OutputsAudio: [outputs-audio] symbol.info sequence=5 symbol=- timestamp=21331938.129 duration=120.000 expected=21331933.885 skew=4.244 age=24.089
10-11 18:05:45.784 17746 17829 I ReactNativeJS: [outputs] playMorse.symbol {"timestamp":21331962.348579,"wallClock":1760220345783,"symbol":"-","durationMs":120,"index":4,"source":"console.replay","correlationId":"console-replay:mgmtqv93wp8wqgiv","nativeTimestampMs":21331938.129,"nativeDurationMs":120,"nativeOffsetMs":24.170047998428345,"nativeSequence":5,"monotonicTimestampMs":21331938.129,"nativeExpectedTimestampMs":21331933.885,"nativeStartSkewMs":4.244,"nativeBatchElapsedMs":404.244,"nativeExpectedSincePriorMs":160,"nativeSincePriorMs":161.573,"nativePatternStartMs":21331533.885,"nativeAgeMs":24.089}
10-11 18:05:45.784 17746 17829 I ReactNativeJS: [outputs] outputs.hapticSymbol {"timestamp":21331962.847069,"wallClock":1760220345784,"enabled":true,"symbol":"-","durationMs":120,"platform":"android","source":"console.replay","correlationId":"console-replay:mgmtqv93wp8wqgiv","timelineOffsetMs":24.170047998428345}
10-11 18:05:45.785 17746 17829 I ReactNativeJS: [outputs] outputs.flashPulse {"timestamp":21331963.539673,"wallClock":1760220345784,"enabled":true,"durationMs":120,"source":"console.replay","correlationId":"console-replay:mgmtqv93wp8wqgiv","timelineOffsetMs":24.170047998428345,"schedulingMode":"timeline","audioStartHeadroomMs":-37.64529799669981,"audioStartGuard":"headroom","audioStartCompensationMs":37.64529799669981}
10-11 18:05:45.842 17746 17829 I ReactNativeJS: [outputs] outputs.flashPulse.commit {"timestamp":21332021.214256,"wallClock":1760220345842,"durationMs":120,"source":"console.replay","correlationId":"console-replay:mgmtqv93wp8wqgiv","latencyMs":58.9065099991858,"timelineOffsetMs":24.170047998428345,"leadMs":8,"scheduleSkewMs":57.67385399714112,"schedulingMode":"timeline","audioStartHeadroomMs":-37.64529799669981,"audioStartGuard":"headroom","audioStartCompensationMs":37.64529799669981}
10-11 18:05:45.880 17746 18461 D OutputsAudio: [outputs-audio] stop gain=1.000 release=6.00
10-11 18:05:45.922 17746 18461 D OutputsAudio: [outputs-audio] start hz=700.0 gain=1.000 attack=2.50 release=6.00
10-11 18:05:45.922 17746 18461 D OutputsAudio: [outputs-audio] playMorse.symbol.start sequence=6 symbol=- expected=21332093.885 actual=21332101.216 skew=7.331 batchElapsed=567.331
10-11 18:05:45.939 17746 17829 D OutputsAudio: [outputs-audio] symbol.info sequence=6 symbol=- timestamp=21332101.216 duration=120.000 expected=21332093.885 skew=7.331 age=17.235
10-11 18:05:45.940 17746 17829 I ReactNativeJS: [outputs] playMorse.symbol {"timestamp":21332118.673214,"wallClock":1760220345940,"symbol":"-","durationMs":120,"index":5,"source":"console.replay","correlationId":"console-replay:mgmtqvdglek0xcjq","nativeTimestampMs":21332101.216,"nativeDurationMs":120,"nativeOffsetMs":17.365339003503323,"nativeSequence":6,"monotonicTimestampMs":21332101.216,"nativeExpectedTimestampMs":21332093.885,"nativeStartSkewMs":7.331,"nativeBatchElapsedMs":567.331,"nativeExpectedSincePriorMs":160,"nativeSincePriorMs":163.087,"nativePatternStartMs":21331533.885,"nativeAgeMs":17.235}
10-11 18:05:45.941 17746 17829 I ReactNativeJS: [outputs] outputs.hapticSymbol {"timestamp":21332119.536027,"wallClock":1760220345940,"enabled":true,"symbol":"-","durationMs":120,"platform":"android","source":"console.replay","correlationId":"console-replay:mgmtqvdglek0xcjq","timelineOffsetMs":17.365339003503323}
10-11 18:05:45.942 17746 17829 I ReactNativeJS: [outputs] outputs.flashPulse {"timestamp":21332120.600767,"wallClock":1760220345942,"enabled":true,"durationMs":120,"source":"console.replay","correlationId":"console-replay:mgmtqvdglek0xcjq","timelineOffsetMs":17.365339003503323,"schedulingMode":"timeline","audioStartHeadroomMs":-34.69894399866462,"audioStartGuard":"headroom","audioStartCompensationMs":34.69894399866462}
10-11 18:05:46.004 17746 17829 I ReactNativeJS: [outputs] outputs.flashPulse.commit {"timestamp":21332182.323787,"wallClock":1760220346003,"durationMs":120,"source":"console.replay","correlationId":"console-replay:mgmtqvdglek0xcjq","latencyMs":63.732968997210264,"timelineOffsetMs":17.365339003503323,"leadMs":8,"scheduleSkewMs":61.72713499888778,"schedulingMode":"timeline","audioStartHeadroomMs":-34.69894399866462,"audioStartGuard":"headroom","audioStartCompensationMs":34.69894399866462}
10-11 18:05:46.042 17746 18461 D OutputsAudio: [outputs-audio] stop gain=1.000 release=6.00
10-11 18:05:46.083 17746 18461 D OutputsAudio: [outputs-audio] start hz=700.0 gain=1.000 attack=2.50 release=6.00
10-11 18:05:46.083 17746 18461 D OutputsAudio: [outputs-audio] playMorse.symbol.start sequence=7 symbol=. expected=21332253.885 actual=21332261.951 skew=8.067 batchElapsed=728.067
10-11 18:05:46.093 17746 17829 D OutputsAudio: [outputs-audio] symbol.info sequence=7 symbol=. timestamp=21332261.951 duration=40.000 expected=21332253.885 skew=8.067 age=10.515
10-11 18:05:46.094 17746 17829 I ReactNativeJS: [outputs] playMorse.symbol {"timestamp":21332272.623787,"wallClock":1760220346094,"symbol":".","durationMs":40,"index":6,"source":"console.replay","correlationId":"console-replay:mgmtqvhqvvb976tn","nativeTimestampMs":21332261.951,"nativeDurationMs":40,"nativeOffsetMs":10.610027000308037,"nativeSequence":7,"monotonicTimestampMs":21332261.951,"nativeExpectedTimestampMs":21332253.885,"nativeStartSkewMs":8.067,"nativeBatchElapsedMs":728.067,"nativeExpectedSincePriorMs":160,"nativeSincePriorMs":160.736,"nativePatternStartMs":21331533.885,"nativeAgeMs":10.515}
10-11 18:05:46.094 17746 17829 I ReactNativeJS: [outputs] outputs.hapticSymbol {"timestamp":21332273.208058,"wallClock":1760220346094,"enabled":true,"symbol":".","durationMs":40,"platform":"android","source":"console.replay","correlationId":"console-replay:mgmtqvhqvvb976tn","timelineOffsetMs":10.610027000308037}
10-11 18:05:46.095 17746 17829 I ReactNativeJS: [outputs] outputs.flashPulse {"timestamp":21332273.821339,"wallClock":1760220346095,"enabled":true,"durationMs":40,"source":"console.replay","correlationId":"console-replay:mgmtqvhqvvb976tn","timelineOffsetMs":10.610027000308037,"schedulingMode":"timeline","audioStartHeadroomMs":-27.926338996738195,"audioStartGuard":"headroom","audioStartCompensationMs":27.926338996738195}
10-11 18:05:46.124 17746 18461 D OutputsAudio: [outputs-audio] stop gain=1.000 release=6.00
10-11 18:05:46.152 17746 17829 I ReactNativeJS: [outputs] outputs.flashPulse.commit {"timestamp":21332330.722121,"wallClock":1760220346152,"durationMs":40,"source":"console.replay","correlationId":"console-replay:mgmtqvhqvvb976tn","latencyMs":58.15083299949765,"timelineOffsetMs":10.610027000308037,"leadMs":8,"scheduleSkewMs":56.89885400235653,"schedulingMode":"timeline","audioStartHeadroomMs":-27.926338996738195,"audioStartGuard":"headroom","audioStartCompensationMs":27.926338996738195}
10-11 18:05:46.164 17746 18461 D OutputsAudio: [outputs-audio] start hz=700.0 gain=1.000 attack=2.50 release=6.00
10-11 18:05:46.164 17746 18461 D OutputsAudio: [outputs-audio] playMorse.symbol.start sequence=8 symbol=. expected=21332333.885 actual=21332343.388 skew=9.503 batchElapsed=809.503
10-11 18:05:46.196 17746 17829 D OutputsAudio: [outputs-audio] symbol.info sequence=8 symbol=. timestamp=21332343.388 duration=40.000 expected=21332333.885 skew=9.503 age=31.248
10-11 18:05:46.196 17746 17829 I ReactNativeJS: [outputs] playMorse.symbol {"timestamp":21332374.765506,"wallClock":1760220346196,"symbol":".","durationMs":40,"index":7,"source":"console.replay","correlationId":"console-replay:mgmtqvkkbb0zk1js","nativeTimestampMs":21332343.388,"nativeDurationMs":40,"nativeOffsetMs":31.32854799926281,"nativeSequence":8,"monotonicTimestampMs":21332343.388,"nativeExpectedTimestampMs":21332333.885,"nativeStartSkewMs":9.503,"nativeBatchElapsedMs":809.503,"nativeExpectedSincePriorMs":80,"nativeSincePriorMs":81.437,"nativePatternStartMs":21331533.885,"nativeAgeMs":31.248}
10-11 18:05:46.196 17746 17829 I ReactNativeJS: [outputs] outputs.hapticSymbol {"timestamp":21332375.241652,"wallClock":1760220346196,"enabled":true,"symbol":".","durationMs":40,"platform":"android","source":"console.replay","correlationId":"console-replay:mgmtqvkkbb0zk1js","timelineOffsetMs":31.32854799926281}
10-11 18:05:46.197 17746 17829 I ReactNativeJS: [outputs] outputs.flashPulse {"timestamp":21332375.847329,"wallClock":1760220346197,"enabled":true,"durationMs":40,"source":"console.replay","correlationId":"console-replay:mgmtqvkkbb0zk1js","timelineOffsetMs":31.32854799926281,"schedulingMode":"timeline","audioStartHeadroomMs":-49.95196399837732,"audioStartGuard":"headroom","audioStartCompensationMs":49.95196399837732}
10-11 18:05:46.205 17746 18461 D OutputsAudio: [outputs-audio] stop gain=1.000 release=6.00
10-11 18:05:46.245 17746 18461 D OutputsAudio: [outputs-audio] start hz=700.0 gain=1.000 attack=2.50 release=6.00
10-11 18:05:46.246 17746 18461 D OutputsAudio: [outputs-audio] playMorse.symbol.start sequence=9 symbol=. expected=21332413.885 actual=21332424.701 skew=10.816 batchElapsed=890.816
10-11 18:05:46.256 17746 17829 I ReactNativeJS: [outputs] outputs.flashPulse.commit {"timestamp":21332434.414152,"wallClock":1760220346255,"durationMs":40,"source":"console.replay","correlationId":"console-replay:mgmtqvkkbb0zk1js","latencyMs":59.688645001500845,"timelineOffsetMs":31.32854799926281,"leadMs":8,"scheduleSkewMs":58.56656200066209,"schedulingMode":"timeline","audioStartHeadroomMs":-49.95196399837732,"audioStartGuard":"headroom","audioStartCompensationMs":49.95196399837732}
10-11 18:05:46.286 17746 18461 D OutputsAudio: [outputs-audio] stop gain=1.000 release=6.00
10-11 18:05:46.301 17746 17829 D OutputsAudio: [outputs-audio] symbol.info sequence=9 symbol=. timestamp=21332424.701 duration=40.000 expected=21332413.885 skew=10.816 age=55.046
10-11 18:05:46.301 17746 17829 I ReactNativeJS: [outputs] playMorse.symbol {"timestamp":21332479.87311,"wallClock":1760220346301,"symbol":".","durationMs":40,"index":8,"source":"console.replay","correlationId":"console-replay:mgmtqvnhitya9xc9","nativeTimestampMs":21332424.701,"nativeDurationMs":40,"nativeOffsetMs":55.12065199762583,"nativeSequence":9,"monotonicTimestampMs":21332424.701,"nativeExpectedTimestampMs":21332413.885,"nativeStartSkewMs":10.816,"nativeBatchElapsedMs":890.816,"nativeExpectedSincePriorMs":80,"nativeSincePriorMs":81.313,"nativePatternStartMs":21331533.885,"nativeAgeMs":55.046}
10-11 18:05:46.302 17746 17829 I ReactNativeJS: [outputs] outputs.hapticSymbol {"timestamp":21332480.458162,"wallClock":1760220346301,"enabled":true,"symbol":".","durationMs":40,"platform":"android","source":"console.replay","correlationId":"console-replay:mgmtqvnhitya9xc9","timelineOffsetMs":55.12065199762583}
10-11 18:05:46.302 17746 17829 I ReactNativeJS: [outputs] outputs.flashPulse {"timestamp":21332481.110402,"wallClock":1760220346302,"enabled":true,"durationMs":40,"source":"console.replay","correlationId":"console-replay:mgmtqvnhitya9xc9","timelineOffsetMs":55.12065199762583,"schedulingMode":"timeline","audioStartHeadroomMs":-75.21555799990892,"audioStartGuard":"headroom","audioStartCompensationMs":75.21555799990892}
10-11 18:05:46.326 17746 18461 D OutputsAudio: [outputs-audio] start hz=700.0 gain=1.000 attack=2.50 release=6.00
10-11 18:05:46.326 17746 18461 D OutputsAudio: [outputs-audio] playMorse.symbol.start sequence=10 symbol=- expected=21332493.885 actual=21332505.193 skew=11.308 batchElapsed=971.308
10-11 18:05:46.384 17746 17829 I ReactNativeJS: [outputs] outputs.flashPulse.commit {"timestamp":21332562.559725,"wallClock":1760220346383,"durationMs":40,"source":"console.replay","correlationId":"console-replay:mgmtqvnhitya9xc9","latencyMs":82.72901000082493,"timelineOffsetMs":55.12065199762583,"leadMs":8,"scheduleSkewMs":81.44864600151777,"schedulingMode":"timeline","audioStartHeadroomMs":-75.21555799990892,"audioStartGuard":"headroom","audioStartCompensationMs":75.21555799990892}
10-11 18:05:46.429 17746 17829 D OutputsAudio: [outputs-audio] symbol.info sequence=10 symbol=- timestamp=21332505.193 duration=120.000 expected=21332493.885 skew=11.308 age=103.130
10-11 18:05:46.430 17746 17829 I ReactNativeJS: [outputs] playMorse.symbol {"timestamp":21332608.464152,"wallClock":1760220346429,"symbol":"-","durationMs":120,"index":9,"source":"console.replay","correlationId":"console-replay:mgmtqvr14pwf3lg1","nativeTimestampMs":21332505.193,"nativeDurationMs":120,"nativeOffsetMs":103.21964100003242,"nativeSequence":10,"monotonicTimestampMs":21332505.193,"nativeExpectedTimestampMs":21332493.885,"nativeStartSkewMs":11.308,"nativeBatchElapsedMs":971.308,"nativeExpectedSincePriorMs":80,"nativeSincePriorMs":80.492,"nativePatternStartMs":21331533.885,"nativeAgeMs":103.13}
10-11 18:05:46.430 17746 17829 I ReactNativeJS: [outputs] playMorse.nativeOffset.spike {"timestamp":21332608.938839,"wallClock":1760220346430,"source":"console.replay","offsetMs":103.21964100003242,"sequence":10,"unitMs":40,"correlationId":"console-replay:mgmtqvr14pwf3lg1","startSkewMs":11.308,"batchElapsedMs":971.308,"ageMs":103.13}
10-11 18:05:46.430 17746 17829 I ReactNativeJS: [outputs] outputs.hapticSymbol {"timestamp":21332609.283527,"wallClock":1760220346430,"enabled":true,"symbol":"-","durationMs":120,"platform":"android","source":"console.replay","correlationId":"console-replay:mgmtqvr14pwf3lg1","timelineOffsetMs":103.21964100003242}
10-11 18:05:46.431 17746 17829 I ReactNativeJS: [outputs] outputs.flashPulse {"timestamp":21332609.897485,"wallClock":1760220346431,"enabled":true,"durationMs":120,"source":"console.replay","correlationId":"console-replay:mgmtqvr14pwf3lg1","timelineOffsetMs":103.21964100003242,"schedulingMode":"timeline","audioStartHeadroomMs":-124.00258899852633,"audioStartGuard":"headroom","audioStartCompensationMs":124.00258899852633}
10-11 18:05:46.447 17746 18461 D OutputsAudio: [outputs-audio] stop gain=1.000 release=6.00
10-11 18:05:46.486 17746 17829 I ReactNativeJS: [outputs] outputs.flashPulse.commit {"timestamp":21332665.256079,"wallClock":1760220346486,"durationMs":120,"source":"console.replay","correlationId":"console-replay:mgmtqvr14pwf3lg1","latencyMs":56.834375001490116,"timelineOffsetMs":103.21964100003242,"leadMs":8,"scheduleSkewMs":55.3578639999032,"schedulingMode":"timeline","audioStartHeadroomMs":-124.00258899852633,"audioStartGuard":"headroom","audioStartCompensationMs":124.00258899852633}
10-11 18:05:46.488 17746 18461 D OutputsAudio: [outputs-audio] start hz=700.0 gain=1.000 attack=2.50 release=6.00
10-11 18:05:46.489 17746 18461 D OutputsAudio: [outputs-audio] playMorse.symbol.start sequence=11 symbol=- expected=21332653.885 actual=21332667.812 skew=13.927 batchElapsed=1133.927
10-11 18:05:46.538 17746 17829 D OutputsAudio: [outputs-audio] symbol.info sequence=11 symbol=- timestamp=21332667.812 duration=120.000 expected=21332653.885 skew=13.927 age=49.061
10-11 18:05:46.538 17746 17829 I ReactNativeJS: [outputs] playMorse.symbol {"timestamp":21332717.008058,"wallClock":1760220346538,"symbol":"-","durationMs":120,"index":10,"source":"console.replay","correlationId":"console-replay:mgmtqvu2axeq8ojj","nativeTimestampMs":21332667.812,"nativeDurationMs":120,"nativeOffsetMs":49.14553700014949,"nativeSequence":11,"monotonicTimestampMs":21332667.812,"nativeExpectedTimestampMs":21332653.885,"nativeStartSkewMs":13.927,"nativeBatchElapsedMs":1133.927,"nativeExpectedSincePriorMs":160,"nativeSincePriorMs":162.619,"nativePatternStartMs":21331533.885,"nativeAgeMs":49.061}
10-11 18:05:46.539 17746 17829 I ReactNativeJS: [outputs] outputs.hapticSymbol {"timestamp":21332717.536808,"wallClock":1760220346538,"enabled":true,"symbol":"-","durationMs":120,"platform":"android","source":"console.replay","correlationId":"console-replay:mgmtqvu2axeq8ojj","timelineOffsetMs":49.14553700014949}
10-11 18:05:46.539 17746 17829 I ReactNativeJS: [outputs] outputs.flashPulse {"timestamp":21332718.197068,"wallClock":1760220346539,"enabled":true,"durationMs":120,"source":"console.replay","correlationId":"console-replay:mgmtqvu2axeq8ojj","timelineOffsetMs":49.14553700014949,"schedulingMode":"timeline","audioStartHeadroomMs":-72.30274499952793,"audioStartGuard":"headroom","audioStartCompensationMs":72.30274499952793}
10-11 18:05:46.598 17746 17829 I ReactNativeJS: [outputs] outputs.flashPulse.commit {"timestamp":21332777.066131,"wallClock":1760220346598,"durationMs":120,"source":"console.replay","correlationId":"console-replay:mgmtqvu2axeq8ojj","latencyMs":60.09963599964976,"timelineOffsetMs":49.14553700014949,"leadMs":8,"scheduleSkewMs":58.86776099726558,"schedulingMode":"timeline","audioStartHeadroomMs":-72.30274499952793,"audioStartGuard":"headroom","audioStartCompensationMs":72.30274499952793}
10-11 18:05:46.610 17746 18461 D OutputsAudio: [outputs-audio] stop gain=1.000 release=6.00
10-11 18:05:46.650 17746 18461 D OutputsAudio: [outputs-audio] start hz=700.0 gain=1.000 attack=2.50 release=6.00
10-11 18:05:46.650 17746 18461 D OutputsAudio: [outputs-audio] playMorse.symbol.start sequence=12 symbol=- expected=21332813.885 actual=21332829.396 skew=15.511 batchElapsed=1295.511
10-11 18:05:46.672 17746 17829 D OutputsAudio: [outputs-audio] symbol.info sequence=12 symbol=- timestamp=21332829.396 duration=120.000 expected=21332813.885 skew=15.511 age=21.358
10-11 18:05:46.673 17746 17829 I ReactNativeJS: [outputs] playMorse.symbol {"timestamp":21332850.961495,"wallClock":1760220346672,"symbol":"-","durationMs":120,"index":11,"source":"console.replay","correlationId":"console-replay:mgmtqvxst9g142b6","nativeTimestampMs":21332829.396,"nativeDurationMs":120,"nativeOffsetMs":21.484869997948408,"nativeSequence":12,"monotonicTimestampMs":21332829.396,"nativeExpectedTimestampMs":21332813.885,"nativeStartSkewMs":15.511,"nativeBatchElapsedMs":1295.511,"nativeExpectedSincePriorMs":160,"nativeSincePriorMs":161.584,"nativePatternStartMs":21331533.885,"nativeAgeMs":21.358}
10-11 18:05:46.673 17746 17829 I ReactNativeJS: [outputs] outputs.hapticSymbol {"timestamp":21332851.667173,"wallClock":1760220346673,"enabled":true,"symbol":"-","durationMs":120,"platform":"android","source":"console.replay","correlationId":"console-replay:mgmtqvxst9g142b6","timelineOffsetMs":21.484869997948408}
10-11 18:05:46.674 17746 17829 I ReactNativeJS: [outputs] outputs.flashPulse {"timestamp":21332852.545141,"wallClock":1760220346673,"enabled":true,"durationMs":120,"source":"console.replay","correlationId":"console-replay:mgmtqvxst9g142b6","timelineOffsetMs":21.484869997948408,"schedulingMode":"timeline","audioStartHeadroomMs":-46.644567999988794,"audioStartGuard":"headroom","audioStartCompensationMs":46.644567999988794}
10-11 18:05:46.728 17746 17829 I ReactNativeJS: [outputs] outputs.flashPulse.commit {"timestamp":21332906.560714,"wallClock":1760220346727,"durationMs":120,"source":"console.replay","correlationId":"console-replay:mgmtqvxst9g142b6","latencyMs":55.67015700042248,"timelineOffsetMs":21.484869997948408,"leadMs":8,"scheduleSkewMs":54.01875000074506,"schedulingMode":"timeline","audioStartHeadroomMs":-46.644567999988794,"audioStartGuard":"headroom","audioStartCompensationMs":46.644567999988794}
10-11 18:05:46.771 17746 18461 D OutputsAudio: [outputs-audio] stop gain=1.000 release=6.00
10-11 18:05:46.812 17746 18461 D OutputsAudio: [outputs-audio] start hz=700.0 gain=1.000 attack=2.50 release=6.00
10-11 18:05:46.813 17746 18461 D OutputsAudio: [outputs-audio] playMorse.symbol.start sequence=13 symbol=. expected=21332973.885 actual=21332992.177 skew=18.292 batchElapsed=1458.292
10-11 18:05:46.821 17746 17829 D OutputsAudio: [outputs-audio] symbol.info sequence=13 symbol=. timestamp=21332992.177 duration=40.000 expected=21332973.885 skew=18.292 age=8.163
10-11 18:05:46.822 17746 17829 I ReactNativeJS: [outputs] playMorse.symbol {"timestamp":21333000.541704,"wallClock":1760220346821,"symbol":".","durationMs":40,"index":12,"source":"console.replay","correlationId":"console-replay:mgmtqw1xr6mcu3yc","nativeTimestampMs":21332992.177,"nativeDurationMs":40,"nativeOffsetMs":8.272515997290611,"nativeSequence":13,"monotonicTimestampMs":21332992.177,"nativeExpectedTimestampMs":21332973.885,"nativeStartSkewMs":18.292,"nativeBatchElapsedMs":1458.292,"nativeExpectedSincePriorMs":160,"nativeSincePriorMs":162.781,"nativePatternStartMs":21331533.885,"nativeAgeMs":8.163}
10-11 18:05:46.823 17746 17829 I ReactNativeJS: [outputs] outputs.hapticSymbol {"timestamp":21333001.451704,"wallClock":1760220346822,"enabled":true,"symbol":".","durationMs":40,"platform":"android","source":"console.replay","correlationId":"console-replay:mgmtqw1xr6mcu3yc","timelineOffsetMs":8.272515997290611}
10-11 18:05:46.824 17746 17829 I ReactNativeJS: [outputs] outputs.flashPulse {"timestamp":21333002.530297,"wallClock":1760220346823,"enabled":true,"durationMs":40,"source":"console.replay","correlationId":"console-replay:mgmtqw1xr6mcu3yc","timelineOffsetMs":8.272515997290611,"schedulingMode":"timeline","audioStartHeadroomMs":-36.62680799886584,"audioStartGuard":"headroom","audioStartCompensationMs":36.62680799886584}
10-11 18:05:46.854 17746 18461 D OutputsAudio: [outputs-audio] stop gain=1.000 release=6.00
10-11 18:05:46.891 17746 17829 I ReactNativeJS: [outputs] outputs.flashPulse.commit {"timestamp":21333070.060141,"wallClock":1760220346891,"durationMs":40,"source":"console.replay","correlationId":"console-replay:mgmtqw1xr6mcu3yc","latencyMs":69.60078100115061,"timelineOffsetMs":8.272515997290611,"leadMs":8,"scheduleSkewMs":67.53494700044394,"schedulingMode":"timeline","audioStartHeadroomMs":-36.62680799886584,"audioStartGuard":"headroom","audioStartCompensationMs":36.62680799886584}
10-11 18:05:46.894 17746 18461 D OutputsAudio: [outputs-audio] start hz=700.0 gain=1.000 attack=2.50 release=6.00
10-11 18:05:46.895 17746 18461 D OutputsAudio: [outputs-audio] playMorse.symbol.start sequence=14 symbol=. expected=21333053.885 actual=21333073.701 skew=19.816 batchElapsed=1539.816
10-11 18:05:46.935 17746 18461 D OutputsAudio: [outputs-audio] stop gain=1.000 release=6.00
10-11 18:05:46.943 17746 17829 D OutputsAudio: [outputs-audio] symbol.info sequence=14 symbol=. timestamp=21333073.701 duration=40.000 expected=21333053.885 skew=19.816 age=48.013
10-11 18:05:46.943 17746 17829 I ReactNativeJS: [outputs] playMorse.symbol {"timestamp":21333121.870506,"wallClock":1760220346943,"symbol":".","durationMs":40,"index":13,"source":"console.replay","correlationId":"console-replay:mgmtqw5bvu92odum","nativeTimestampMs":21333073.701,"nativeDurationMs":40,"nativeOffsetMs":48.1124219968915,"nativeSequence":14,"monotonicTimestampMs":21333073.701,"nativeExpectedTimestampMs":21333053.885,"nativeStartSkewMs":19.816,"nativeBatchElapsedMs":1539.816,"nativeExpectedSincePriorMs":80,"nativeSincePriorMs":81.524,"nativePatternStartMs":21331533.885,"nativeAgeMs":48.013}
10-11 18:05:46.944 17746 17829 I ReactNativeJS: [outputs] outputs.hapticSymbol {"timestamp":21333122.614204,"wallClock":1760220346944,"enabled":true,"symbol":".","durationMs":40,"platform":"android","source":"console.replay","correlationId":"console-replay:mgmtqw5bvu92odum","timelineOffsetMs":48.1124219968915}
10-11 18:05:46.944 17746 17829 I ReactNativeJS: [outputs] outputs.flashPulse {"timestamp":21333123.249933,"wallClock":1760220346944,"enabled":true,"durationMs":40,"source":"console.replay","correlationId":"console-replay:mgmtqw5bvu92odum","timelineOffsetMs":48.1124219968915,"schedulingMode":"timeline","audioStartHeadroomMs":-77.35446399822831,"audioStartGuard":"headroom","audioStartCompensationMs":77.35446399822831}
10-11 18:05:46.976 17746 18461 D OutputsAudio: [outputs-audio] start hz=700.0 gain=1.000 attack=2.50 release=6.00
10-11 18:05:46.976 17746 18461 D OutputsAudio: [outputs-audio] playMorse.symbol.start sequence=15 symbol=. expected=21333133.885 actual=21333155.539 skew=21.654 batchElapsed=1621.654
10-11 18:05:47.001 17746 17829 I ReactNativeJS: [outputs] outputs.flashPulse.commit {"timestamp":21333179.414256,"wallClock":1760220347000,"durationMs":40,"source":"console.replay","correlationId":"console-replay:mgmtqw5bvu92odum","latencyMs":57.59177100285888,"timelineOffsetMs":48.1124219968915,"leadMs":8,"scheduleSkewMs":56.16416599974036,"schedulingMode":"timeline","audioStartHeadroomMs":-77.35446399822831,"audioStartGuard":"headroom","audioStartCompensationMs":77.35446399822831}
10-11 18:05:47.017 17746 18461 D OutputsAudio: [outputs-audio] stop gain=1.000 release=6.00
10-11 18:05:47.045 17746 17829 D OutputsAudio: [outputs-audio] symbol.info sequence=15 symbol=. timestamp=21333155.539 duration=40.000 expected=21333133.885 skew=21.654 age=68.250
10-11 18:05:47.045 17746 17829 I ReactNativeJS: [outputs] playMorse.symbol {"timestamp":21333223.927902,"wallClock":1760220347045,"symbol":".","durationMs":40,"index":14,"source":"console.replay","correlationId":"console-replay:mgmtqw85cdb9mkxz","nativeTimestampMs":21333155.539,"nativeDurationMs":40,"nativeOffsetMs":68.33983900025487,"nativeSequence":15,"monotonicTimestampMs":21333155.539,"nativeExpectedTimestampMs":21333133.885,"nativeStartSkewMs":21.654,"nativeBatchElapsedMs":1621.654,"nativeExpectedSincePriorMs":80,"nativeSincePriorMs":81.838,"nativePatternStartMs":21331533.885,"nativeAgeMs":68.25}
10-11 18:05:47.046 17746 17829 I ReactNativeJS: [outputs] outputs.hapticSymbol {"timestamp":21333224.452641,"wallClock":1760220347045,"enabled":true,"symbol":".","durationMs":40,"platform":"android","source":"console.replay","correlationId":"console-replay:mgmtqw85cdb9mkxz","timelineOffsetMs":68.33983900025487}
