--------- beginning of main
10-11 16:12:46.035 12664 12741 I ReactNativeJS: [outputs] playMorse.start {"timestamp":14589556.081724,"wallClock":1760213566034,"unitMs":120,"length":28,"source":"console.replay","audioEnabled":true,"audioVolumePercent":100}
10-11 16:12:46.413 12664 12741 D OutputsAudio: [outputs-audio] warmup hz=700.0
10-11 16:12:46.414 12664 14230 D OutputsAudio: [outputs-audio] playMorse.start count=27 unit=120.0
10-11 16:12:46.414 12664 14230 D OutputsAudio: [outputs-audio] start hz=700.0 gain=1.000 attack=2.50 release=6.00
10-11 16:12:46.416 12664 12741 D OutputsAudio: [outputs-audio] symbol.info sequence=1 symbol=. timestamp=14589935.851 duration=120.000
10-11 16:12:46.417 12664 12741 I ReactNativeJS: [outputs] playMorse.symbol {"timestamp":14589937.952401,"wallClock":1760213566416,"symbol":".","durationMs":120,"index":0,"source":"console.replay","correlationId":"console-replay:mgmppk9cw1w74yuv","nativeTimestampMs":14589935.851,"nativeDurationMs":120,"nativeOffsetMs":1.6546299997717142,"nativeSequence":1,"monotonicTimestampMs":14589935.851}
10-11 16:12:46.418 12664 12741 I ReactNativeJS: [outputs] outputs.hapticSymbol {"timestamp":14589939.314953,"wallClock":1760213566418,"enabled":true,"symbol":".","durationMs":120,"platform":"android","source":"console.replay","correlationId":"console-replay:mgmppk9cw1w74yuv","timelineOffsetMs":1.6546299997717142}
10-11 16:12:46.422 12664 12741 I ReactNativeJS: [outputs] outputs.flashPulse {"timestamp":14589943.032141,"wallClock":1760213566421,"enabled":true,"durationMs":120,"source":"console.replay","correlationId":"console-replay:mgmppk9cw1w74yuv","timelineOffsetMs":null,"audioStartMs":14589935.851}
10-11 16:12:46.436 12664 12741 I ReactNativeJS: [outputs] outputs.flashPulse.commit {"timestamp":14589956.628443,"wallClock":1760213566435,"durationMs":120,"source":"console.replay","correlationId":"console-replay:mgmppk9cw1w74yuv","latencyMs":20.76410900056362,"timelineOffsetMs":null,"leadMs":8,"audioStartMs":14589935.851,"scheduleSkewMs":28.76410900056362}
10-11 16:12:46.535 12664 14230 D OutputsAudio: [outputs-audio] stop gain=1.000 release=6.00
10-11 16:12:46.656 12664 14230 D OutputsAudio: [outputs-audio] start hz=700.0 gain=1.000 attack=2.50 release=6.00
10-11 16:12:46.664 12664 12741 D OutputsAudio: [outputs-audio] symbol.info sequence=2 symbol=. timestamp=14590177.957 duration=120.000
10-11 16:12:46.665 12664 12741 I ReactNativeJS: [outputs] playMorse.symbol {"timestamp":14590185.388911,"wallClock":1760213566664,"symbol":".","durationMs":120,"index":1,"source":"console.replay","correlationId":"console-replay:mgmppkg8qmg8j0b6","nativeTimestampMs":14590177.957,"nativeDurationMs":120,"nativeOffsetMs":7.317901000380516,"nativeSequence":2,"monotonicTimestampMs":14590177.957}
10-11 16:12:46.665 12664 12741 I ReactNativeJS: [outputs] outputs.hapticSymbol {"timestamp":14590186.542036,"wallClock":1760213566665,"enabled":true,"symbol":".","durationMs":120,"platform":"android","source":"console.replay","correlationId":"console-replay:mgmppkg8qmg8j0b6","timelineOffsetMs":7.317901000380516}
10-11 16:12:46.666 12664 12741 I ReactNativeJS: [outputs] outputs.flashPulse {"timestamp":14590187.515995,"wallClock":1760213566666,"enabled":true,"durationMs":120,"source":"console.replay","correlationId":"console-replay:mgmppkg8qmg8j0b6","timelineOffsetMs":null,"audioStartMs":14590177.957}
10-11 16:12:46.765 12664 12741 I ReactNativeJS: [outputs] outputs.flashPulse.commit {"timestamp":14590286.233703,"wallClock":1760213566765,"durationMs":120,"source":"console.replay","correlationId":"console-replay:mgmppkg8qmg8j0b6","latencyMs":108.27050499990582,"timelineOffsetMs":null,"leadMs":8,"audioStartMs":14590177.957,"scheduleSkewMs":116.27050499990582}
10-11 16:12:46.776 12664 14230 D OutputsAudio: [outputs-audio] stop gain=1.000 release=6.00
10-11 16:12:46.897 12664 14230 D OutputsAudio: [outputs-audio] start hz=700.0 gain=1.000 attack=2.50 release=6.00
10-11 16:12:46.911 12664 12741 D OutputsAudio: [outputs-audio] symbol.info sequence=3 symbol=. timestamp=14590419.173 duration=120.000
10-11 16:12:46.912 12664 12741 I ReactNativeJS: [outputs] playMorse.symbol {"timestamp":14590432.544849,"wallClock":1760213566911,"symbol":".","durationMs":120,"index":2,"source":"console.replay","correlationId":"console-replay:mgmppkn3zi9rh32w","nativeTimestampMs":14590419.173,"nativeDurationMs":120,"nativeOffsetMs":13.302108999341726,"nativeSequence":3,"monotonicTimestampMs":14590419.173}
10-11 16:12:46.912 12664 12741 I ReactNativeJS: [outputs] outputs.hapticSymbol {"timestamp":14590433.232349,"wallClock":1760213566912,"enabled":true,"symbol":".","durationMs":120,"platform":"android","source":"console.replay","correlationId":"console-replay:mgmppkn3zi9rh32w","timelineOffsetMs":13.302108999341726}
10-11 16:12:46.913 12664 12741 I ReactNativeJS: [outputs] outputs.flashPulse {"timestamp":14590433.93839,"wallClock":1760213566912,"enabled":true,"durationMs":120,"source":"console.replay","correlationId":"console-replay:mgmppkn3zi9rh32w","timelineOffsetMs":null,"audioStartMs":14590419.173}
10-11 16:12:47.004 12664 12741 I ReactNativeJS: [outputs] outputs.flashPulse.commit {"timestamp":14590525.505526,"wallClock":1760213567004,"durationMs":120,"source":"console.replay","correlationId":"console-replay:mgmppkn3zi9rh32w","latencyMs":106.3263799995184,"timelineOffsetMs":null,"leadMs":8,"audioStartMs":14590419.173,"scheduleSkewMs":114.3263799995184}
10-11 16:12:47.018 12664 14230 D OutputsAudio: [outputs-audio] stop gain=1.000 release=6.00
10-11 16:12:47.140 12664 14230 D OutputsAudio: [outputs-audio] start hz=700.0 gain=1.000 attack=2.50 release=6.00
10-11 16:12:47.156 12664 12741 D OutputsAudio: [outputs-audio] symbol.info sequence=4 symbol=- timestamp=14590661.651 duration=360.000
10-11 16:12:47.156 12664 12741 I ReactNativeJS: [outputs] playMorse.symbol {"timestamp":14590677.451307,"wallClock":1760213567156,"symbol":"-","durationMs":360,"index":3,"source":"console.replay","correlationId":"console-replay:mgmppktw0hlna6av","nativeTimestampMs":14590661.651,"nativeDurationMs":360,"nativeOffsetMs":15.72452599927783,"nativeSequence":4,"monotonicTimestampMs":14590661.651}
10-11 16:12:47.157 12664 12741 I ReactNativeJS: [outputs] outputs.hapticSymbol {"timestamp":14590678.172453,"wallClock":1760213567157,"enabled":true,"symbol":"-","durationMs":360,"platform":"android","source":"console.replay","correlationId":"console-replay:mgmppktw0hlna6av","timelineOffsetMs":15.72452599927783}
10-11 16:12:47.157 12664 12741 I ReactNativeJS: [outputs] outputs.flashPulse {"timestamp":14590678.783078,"wallClock":1760213567157,"enabled":true,"durationMs":360,"source":"console.replay","correlationId":"console-replay:mgmppktw0hlna6av","timelineOffsetMs":null,"audioStartMs":14590661.651}
10-11 16:12:47.260 12664 12741 I ReactNativeJS: [outputs] outputs.flashPulse.commit {"timestamp":14590781.129744,"wallClock":1760213567260,"durationMs":360,"source":"console.replay","correlationId":"console-replay:mgmppktw0hlna6av","latencyMs":119.47124399989843,"timelineOffsetMs":null,"leadMs":8,"audioStartMs":14590661.651,"scheduleSkewMs":127.47124399989843}
10-11 16:12:47.501 12664 14230 D OutputsAudio: [outputs-audio] stop gain=1.000 release=6.00
10-11 16:12:47.622 12664 14230 D OutputsAudio: [outputs-audio] start hz=700.0 gain=1.000 attack=2.50 release=6.00
10-11 16:12:47.632 12664 12741 D OutputsAudio: [outputs-audio] symbol.info sequence=5 symbol=- timestamp=14591143.597 duration=360.000
10-11 16:12:47.633 12664 12741 I ReactNativeJS: [outputs] playMorse.symbol {"timestamp":14591153.480005,"wallClock":1760213567632,"symbol":"-","durationMs":360,"index":4,"source":"console.replay","correlationId":"console-replay:mgmppl746wtcj1p1","nativeTimestampMs":14591143.597,"nativeDurationMs":360,"nativeOffsetMs":9.774307001382113,"nativeSequence":5,"monotonicTimestampMs":14591143.597}
10-11 16:12:47.635 12664 12741 I ReactNativeJS: [outputs] outputs.hapticSymbol {"timestamp":14591154.718703,"wallClock":1760213567633,"enabled":true,"symbol":"-","durationMs":360,"platform":"android","source":"console.replay","correlationId":"console-replay:mgmppl746wtcj1p1","timelineOffsetMs":9.774307001382113}
10-11 16:12:47.636 12664 12741 I ReactNativeJS: [outputs] outputs.flashPulse {"timestamp":14591156.819171,"wallClock":1760213567635,"enabled":true,"durationMs":360,"source":"console.replay","correlationId":"console-replay:mgmppl746wtcj1p1","timelineOffsetMs":null,"audioStartMs":14591143.597}
10-11 16:12:47.738 12664 12741 I ReactNativeJS: [outputs] outputs.flashPulse.commit {"timestamp":14591258.688755,"wallClock":1760213567737,"durationMs":360,"source":"console.replay","correlationId":"console-replay:mgmppl746wtcj1p1","latencyMs":115.08498400077224,"timelineOffsetMs":null,"leadMs":8,"audioStartMs":14591143.597,"scheduleSkewMs":123.08498400077224}
10-11 16:12:47.983 12664 14230 D OutputsAudio: [outputs-audio] stop gain=1.000 release=6.00
10-11 16:12:48.103 12664 14230 D OutputsAudio: [outputs-audio] start hz=700.0 gain=1.000 attack=2.50 release=6.00
10-11 16:12:48.128 12664 12741 D OutputsAudio: [outputs-audio] symbol.info sequence=6 symbol=- timestamp=14591625.401 duration=360.000
10-11 16:12:48.128 12664 12741 I ReactNativeJS: [outputs] playMorse.symbol {"timestamp":14591649.455473,"wallClock":1760213568128,"symbol":"-","durationMs":360,"index":5,"source":"console.replay","correlationId":"console-replay:mgmpplkwhlpc5fzn","nativeTimestampMs":14591625.401,"nativeDurationMs":360,"nativeOffsetMs":23.97223399952054,"nativeSequence":6,"monotonicTimestampMs":14591625.401}
10-11 16:12:48.129 12664 12741 I ReactNativeJS: [outputs] outputs.hapticSymbol {"timestamp":14591650.197036,"wallClock":1760213568129,"enabled":true,"symbol":"-","durationMs":360,"platform":"android","source":"console.replay","correlationId":"console-replay:mgmpplkwhlpc5fzn","timelineOffsetMs":23.97223399952054}
10-11 16:12:48.130 12664 12741 I ReactNativeJS: [outputs] outputs.flashPulse {"timestamp":14591650.905317,"wallClock":1760213568129,"enabled":true,"durationMs":360,"source":"console.replay","correlationId":"console-replay:mgmpplkwhlpc5fzn","timelineOffsetMs":null,"audioStartMs":14591625.401}
10-11 16:12:48.229 12664 12741 I ReactNativeJS: [outputs] outputs.flashPulse.commit {"timestamp":14591750.446723,"wallClock":1760213568229,"durationMs":360,"source":"console.replay","correlationId":"console-replay:mgmpplkwhlpc5fzn","latencyMs":125.03806699998677,"timelineOffsetMs":null,"leadMs":8,"audioStartMs":14591625.401,"scheduleSkewMs":133.03806699998677}
10-11 16:12:48.465 12664 14230 D OutputsAudio: [outputs-audio] stop gain=1.000 release=6.00
10-11 16:12:48.586 12664 14230 D OutputsAudio: [outputs-audio] start hz=700.0 gain=1.000 attack=2.50 release=6.00
10-11 16:12:48.592 12664 12741 D OutputsAudio: [outputs-audio] symbol.info sequence=7 symbol=. timestamp=14592107.595 duration=120.000
10-11 16:12:48.593 12664 12741 I ReactNativeJS: [outputs] playMorse.symbol {"timestamp":14592113.495161,"wallClock":1760213568592,"symbol":".","durationMs":120,"index":6,"source":"console.replay","correlationId":"console-replay:mgmpplxsmzvv9ayi","nativeTimestampMs":14592107.595,"nativeDurationMs":120,"nativeOffsetMs":5.791306000202894,"nativeSequence":7,"monotonicTimestampMs":14592107.595}
10-11 16:12:48.594 12664 12741 I ReactNativeJS: [outputs] outputs.hapticSymbol {"timestamp":14592114.588494,"wallClock":1760213568593,"enabled":true,"symbol":".","durationMs":120,"platform":"android","source":"console.replay","correlationId":"console-replay:mgmpplxsmzvv9ayi","timelineOffsetMs":5.791306000202894}
10-11 16:12:48.595 12664 12741 I ReactNativeJS: [outputs] outputs.flashPulse {"timestamp":14592115.680994,"wallClock":1760213568594,"enabled":true,"durationMs":120,"source":"console.replay","correlationId":"console-replay:mgmpplxsmzvv9ayi","timelineOffsetMs":null,"audioStartMs":14592107.595}
10-11 16:12:48.701 12664 12741 I ReactNativeJS: [outputs] outputs.flashPulse.commit {"timestamp":14592221.958181,"wallClock":1760213568700,"durationMs":120,"source":"console.replay","correlationId":"console-replay:mgmpplxsmzvv9ayi","latencyMs":114.35661899857223,"timelineOffsetMs":null,"leadMs":8,"audioStartMs":14592107.595,"scheduleSkewMs":122.35661899857223}
10-11 16:12:48.707 12664 14230 D OutputsAudio: [outputs-audio] stop gain=1.000 release=6.00
10-11 16:12:48.827 12664 14230 D OutputsAudio: [outputs-audio] start hz=700.0 gain=1.000 attack=2.50 release=6.00
10-11 16:12:48.841 12664 12741 D OutputsAudio: [outputs-audio] symbol.info sequence=8 symbol=. timestamp=14592349.285 duration=120.000
10-11 16:12:48.841 12664 12741 I ReactNativeJS: [outputs] playMorse.symbol {"timestamp":14592362.366827,"wallClock":1760213568841,"symbol":".","durationMs":120,"index":7,"source":"console.replay","correlationId":"console-replay:mgmppm4pdjgwezek","nativeTimestampMs":14592349.285,"nativeDurationMs":120,"nativeOffsetMs":12.998754000291228,"nativeSequence":8,"monotonicTimestampMs":14592349.285}
10-11 16:12:48.842 12664 12741 I ReactNativeJS: [outputs] outputs.hapticSymbol {"timestamp":14592363.08339,"wallClock":1760213568841,"enabled":true,"symbol":".","durationMs":120,"platform":"android","source":"console.replay","correlationId":"console-replay:mgmppm4pdjgwezek","timelineOffsetMs":12.998754000291228}
10-11 16:12:48.842 12664 12741 I ReactNativeJS: [outputs] outputs.flashPulse {"timestamp":14592363.75865,"wallClock":1760213568842,"enabled":true,"durationMs":120,"source":"console.replay","correlationId":"console-replay:mgmppm4pdjgwezek","timelineOffsetMs":null,"audioStartMs":14592349.285}
10-11 16:12:48.944 12664 12741 I ReactNativeJS: [outputs] outputs.flashPulse.commit {"timestamp":14592464.75089,"wallClock":1760213568943,"durationMs":120,"source":"console.replay","correlationId":"console-replay:mgmppm4pdjgwezek","latencyMs":115.45885800011456,"timelineOffsetMs":null,"leadMs":8,"audioStartMs":14592349.285,"scheduleSkewMs":123.45885800011456}
10-11 16:12:48.948 12664 14230 D OutputsAudio: [outputs-audio] stop gain=1.000 release=6.00
10-11 16:12:49.069 12664 14230 D OutputsAudio: [outputs-audio] start hz=700.0 gain=1.000 attack=2.50 release=6.00
10-11 16:12:49.086 12664 12741 D OutputsAudio: [outputs-audio] symbol.info sequence=9 symbol=. timestamp=14592590.961 duration=120.000
10-11 16:12:49.087 12664 12741 I ReactNativeJS: [outputs] playMorse.symbol {"timestamp":14592607.485004,"wallClock":1760213569086,"symbol":".","durationMs":120,"index":8,"source":"console.replay","correlationId":"console-replay:mgmppmbipiwew2vj","nativeTimestampMs":14592590.961,"nativeDurationMs":120,"nativeOffsetMs":16.4504100009799,"nativeSequence":9,"monotonicTimestampMs":14592590.961}
10-11 16:12:49.087 12664 12741 I ReactNativeJS: [outputs] outputs.hapticSymbol {"timestamp":14592608.38266,"wallClock":1760213569087,"enabled":true,"symbol":".","durationMs":120,"platform":"android","source":"console.replay","correlationId":"console-replay:mgmppmbipiwew2vj","timelineOffsetMs":16.4504100009799}
10-11 16:12:49.088 12664 12741 I ReactNativeJS: [outputs] outputs.flashPulse {"timestamp":14592609.06016,"wallClock":1760213569087,"enabled":true,"durationMs":120,"source":"console.replay","correlationId":"console-replay:mgmppmbipiwew2vj","timelineOffsetMs":null,"audioStartMs":14592590.961}
10-11 16:12:49.187 12664 12741 I ReactNativeJS: [outputs] outputs.flashPulse.commit {"timestamp":14592707.681358,"wallClock":1760213569186,"durationMs":120,"source":"console.replay","correlationId":"console-replay:mgmppmbipiwew2vj","latencyMs":116.71358700096607,"timelineOffsetMs":null,"leadMs":8,"audioStartMs":14592590.961,"scheduleSkewMs":124.71358700096607}
10-11 16:12:49.190 12664 14230 D OutputsAudio: [outputs-audio] stop gain=1.000 release=6.00
10-11 16:12:49.311 12664 14230 D OutputsAudio: [outputs-audio] start hz=700.0 gain=1.000 attack=2.50 release=6.00
10-11 16:12:49.333 12664 12741 D OutputsAudio: [outputs-audio] symbol.info sequence=10 symbol=- timestamp=14592832.949 duration=360.000
10-11 16:12:49.334 12664 12741 I ReactNativeJS: [outputs] playMorse.symbol {"timestamp":14592854.605317,"wallClock":1760213569333,"symbol":"-","durationMs":360,"index":9,"source":"console.replay","correlationId":"console-replay:mgmppmidh8rp8ndk","nativeTimestampMs":14592832.949,"nativeDurationMs":360,"nativeOffsetMs":21.58673300035298,"nativeSequence":10,"monotonicTimestampMs":14592832.949}
10-11 16:12:49.334 12664 12741 I ReactNativeJS: [outputs] outputs.hapticSymbol {"timestamp":14592855.304535,"wallClock":1760213569334,"enabled":true,"symbol":"-","durationMs":360,"platform":"android","source":"console.replay","correlationId":"console-replay:mgmppmidh8rp8ndk","timelineOffsetMs":21.58673300035298}
10-11 16:12:49.335 12664 12741 I ReactNativeJS: [outputs] outputs.flashPulse {"timestamp":14592855.946879,"wallClock":1760213569334,"enabled":true,"durationMs":360,"source":"console.replay","correlationId":"console-replay:mgmppmidh8rp8ndk","timelineOffsetMs":null,"audioStartMs":14592832.949}
10-11 16:12:49.441 12664 12741 I ReactNativeJS: [outputs] outputs.flashPulse.commit {"timestamp":14592962.356462,"wallClock":1760213569441,"durationMs":360,"source":"console.replay","correlationId":"console-replay:mgmppmidh8rp8ndk","latencyMs":129.40022300183773,"timelineOffsetMs":null,"leadMs":8,"audioStartMs":14592832.949,"scheduleSkewMs":137.40022300183773}
10-11 16:12:49.672 12664 14230 D OutputsAudio: [outputs-audio] stop gain=1.000 release=6.00
10-11 16:12:49.792 12664 14230 D OutputsAudio: [outputs-audio] start hz=700.0 gain=1.000 attack=2.50 release=6.00
10-11 16:12:49.802 12664 12741 D OutputsAudio: [outputs-audio] symbol.info sequence=11 symbol=- timestamp=14593314.006 duration=360.000
10-11 16:12:49.803 12664 12741 I ReactNativeJS: [outputs] playMorse.symbol {"timestamp":14593323.868493,"wallClock":1760213569802,"symbol":"-","durationMs":360,"index":10,"source":"console.replay","correlationId":"console-replay:mgmppmvel1rm3nvy","nativeTimestampMs":14593314.006,"nativeDurationMs":360,"nativeOffsetMs":9.75374300032854,"nativeSequence":11,"monotonicTimestampMs":14593314.006}
10-11 16:12:49.805 12664 12741 I ReactNativeJS: [outputs] outputs.hapticSymbol {"timestamp":14593325.116306,"wallClock":1760213569803,"enabled":true,"symbol":"-","durationMs":360,"platform":"android","source":"console.replay","correlationId":"console-replay:mgmppmvel1rm3nvy","timelineOffsetMs":9.75374300032854}
10-11 16:12:49.806 12664 12741 I ReactNativeJS: [outputs] outputs.flashPulse {"timestamp":14593326.852504,"wallClock":1760213569805,"enabled":true,"durationMs":360,"source":"console.replay","correlationId":"console-replay:mgmppmvel1rm3nvy","timelineOffsetMs":null,"audioStartMs":14593314.006}
10-11 16:12:49.905 12664 12741 I ReactNativeJS: [outputs] outputs.flashPulse.commit {"timestamp":14593425.686566,"wallClock":1760213569904,"durationMs":360,"source":"console.replay","correlationId":"console-replay:mgmppmvel1rm3nvy","latencyMs":111.67353500053287,"timelineOffsetMs":null,"leadMs":8,"audioStartMs":14593314.006,"scheduleSkewMs":119.67353500053287}
10-11 16:12:50.153 12664 14230 D OutputsAudio: [outputs-audio] stop gain=1.000 release=6.00
10-11 16:12:50.274 12664 14230 D OutputsAudio: [outputs-audio] start hz=700.0 gain=1.000 attack=2.50 release=6.00
10-11 16:12:50.301 12664 12741 D OutputsAudio: [outputs-audio] symbol.info sequence=12 symbol=- timestamp=14593795.720 duration=360.000
10-11 16:12:50.302 12664 12741 I ReactNativeJS: [outputs] playMorse.symbol {"timestamp":14593822.961879,"wallClock":1760213570301,"symbol":"-","durationMs":360,"index":11,"source":"console.replay","correlationId":"console-replay:mgmppn99youx7074","nativeTimestampMs":14593795.72,"nativeDurationMs":360,"nativeOffsetMs":27.166670000180602,"nativeSequence":12,"monotonicTimestampMs":14593795.72}
10-11 16:12:50.303 12664 12741 I ReactNativeJS: [outputs] outputs.hapticSymbol {"timestamp":14593823.703858,"wallClock":1760213570302,"enabled":true,"symbol":"-","durationMs":360,"platform":"android","source":"console.replay","correlationId":"console-replay:mgmppn99youx7074","timelineOffsetMs":27.166670000180602}
10-11 16:12:50.303 12664 12741 I ReactNativeJS: [outputs] outputs.flashPulse {"timestamp":14593824.538806,"wallClock":1760213570303,"enabled":true,"durationMs":360,"source":"console.replay","correlationId":"console-replay:mgmppn99youx7074","timelineOffsetMs":null,"audioStartMs":14593795.72}
10-11 16:12:50.405 12664 12741 I ReactNativeJS: [outputs] outputs.flashPulse.commit {"timestamp":14593926.500316,"wallClock":1760213570405,"durationMs":360,"source":"console.replay","correlationId":"console-replay:mgmppn99youx7074","latencyMs":130.77255599945784,"timelineOffsetMs":null,"leadMs":8,"audioStartMs":14593795.72,"scheduleSkewMs":138.77255599945784}
10-11 16:12:50.634 12664 14230 D OutputsAudio: [outputs-audio] stop gain=1.000 release=6.00
10-11 16:12:50.755 12664 14230 D OutputsAudio: [outputs-audio] start hz=700.0 gain=1.000 attack=2.50 release=6.00
10-11 16:12:50.763 12664 12741 D OutputsAudio: [outputs-audio] symbol.info sequence=13 symbol=. timestamp=14594276.868 duration=120.000
10-11 16:12:50.764 12664 12741 I ReactNativeJS: [outputs] playMorse.symbol {"timestamp":14594284.98516,"wallClock":1760213570763,"symbol":".","durationMs":120,"index":12,"source":"console.replay","correlationId":"console-replay:mgmppnm3c27sy36i","nativeTimestampMs":14594276.868,"nativeDurationMs":120,"nativeOffsetMs":8.011377999559045,"nativeSequence":13,"monotonicTimestampMs":14594276.868}
10-11 16:12:50.765 12664 12741 I ReactNativeJS: [outputs] outputs.hapticSymbol {"timestamp":14594286.112868,"wallClock":1760213570764,"enabled":true,"symbol":".","durationMs":120,"platform":"android","source":"console.replay","correlationId":"console-replay:mgmppnm3c27sy36i","timelineOffsetMs":8.011377999559045}
10-11 16:12:50.767 12664 12741 I ReactNativeJS: [outputs] outputs.flashPulse {"timestamp":14594288.103649,"wallClock":1760213570766,"enabled":true,"durationMs":120,"source":"console.replay","correlationId":"console-replay:mgmppnm3c27sy36i","timelineOffsetMs":null,"audioStartMs":14594276.868}
10-11 16:12:50.865 12664 12741 I ReactNativeJS: [outputs] outputs.flashPulse.commit {"timestamp":14594386.463181,"wallClock":1760213570865,"durationMs":120,"source":"console.replay","correlationId":"console-replay:mgmppnm3c27sy36i","latencyMs":109.58882599882782,"timelineOffsetMs":null,"leadMs":8,"audioStartMs":14594276.868,"scheduleSkewMs":117.58882599882782}
10-11 16:12:50.876 12664 14230 D OutputsAudio: [outputs-audio] stop gain=1.000 release=6.00
10-11 16:12:50.997 12664 14230 D OutputsAudio: [outputs-audio] start hz=700.0 gain=1.000 attack=2.50 release=6.00
10-11 16:12:51.013 12664 12741 D OutputsAudio: [outputs-audio] symbol.info sequence=14 symbol=. timestamp=14594518.705 duration=120.000
10-11 16:12:51.014 12664 12741 I ReactNativeJS: [outputs] playMorse.symbol {"timestamp":14594534.393753,"wallClock":1760213571013,"symbol":".","durationMs":120,"index":13,"source":"console.replay","correlationId":"console-replay:mgmppnt1bredr2yo","nativeTimestampMs":14594518.705,"nativeDurationMs":120,"nativeOffsetMs":15.598596999421716,"nativeSequence":14,"monotonicTimestampMs":14594518.705}
10-11 16:12:51.014 12664 12741 I ReactNativeJS: [outputs] outputs.hapticSymbol {"timestamp":14594535.339326,"wallClock":1760213571014,"enabled":true,"symbol":".","durationMs":120,"platform":"android","source":"console.replay","correlationId":"console-replay:mgmppnt1bredr2yo","timelineOffsetMs":15.598596999421716}
10-11 16:12:51.015 12664 12741 I ReactNativeJS: [outputs] outputs.flashPulse {"timestamp":14594536.305472,"wallClock":1760213571015,"enabled":true,"durationMs":120,"source":"console.replay","correlationId":"console-replay:mgmppnt1bredr2yo","timelineOffsetMs":null,"audioStartMs":14594518.705}
10-11 16:12:51.116 12664 12741 I ReactNativeJS: [outputs] outputs.flashPulse.commit {"timestamp":14594637.072764,"wallClock":1760213571115,"durationMs":120,"source":"console.replay","correlationId":"console-replay:mgmppnt1bredr2yo","latencyMs":118.3609929997474,"timelineOffsetMs":null,"leadMs":8,"audioStartMs":14594518.705,"scheduleSkewMs":126.3609929997474}
10-11 16:12:51.118 12664 14230 D OutputsAudio: [outputs-audio] stop gain=1.000 release=6.00
10-11 16:12:51.238 12664 14230 D OutputsAudio: [outputs-audio] start hz=700.0 gain=1.000 attack=2.50 release=6.00
10-11 16:12:51.261 12664 12741 D OutputsAudio: [outputs-audio] symbol.info sequence=15 symbol=. timestamp=14594760.337 duration=120.000
10-11 16:12:51.262 12664 12741 I ReactNativeJS: [outputs] playMorse.symbol {"timestamp":14594782.389847,"wallClock":1760213571261,"symbol":".","durationMs":120,"index":14,"source":"console.replay","correlationId":"console-replay:mgmppnzxlix1c6kt","nativeTimestampMs":14594760.337,"nativeDurationMs":120,"nativeOffsetMs":21.961441000923514,"nativeSequence":15,"monotonicTimestampMs":14594760.337}
10-11 16:12:51.262 12664 12741 I ReactNativeJS: [outputs] outputs.hapticSymbol {"timestamp":14594783.307451,"wallClock":1760213571262,"enabled":true,"symbol":".","durationMs":120,"platform":"android","source":"console.replay","correlationId":"console-replay:mgmppnzxlix1c6kt","timelineOffsetMs":21.961441000923514}
10-11 16:12:51.263 12664 12741 I ReactNativeJS: [outputs] outputs.flashPulse {"timestamp":14594784.247035,"wallClock":1760213571263,"enabled":true,"durationMs":120,"source":"console.replay","correlationId":"console-replay:mgmppnzxlix1c6kt","timelineOffsetMs":null,"audioStartMs":14594760.337}
10-11 16:12:51.352 12664 12741 I ReactNativeJS: [outputs] outputs.flashPulse.commit {"timestamp":14594873.36792,"wallClock":1760213571352,"durationMs":120,"source":"console.replay","correlationId":"console-replay:mgmppnzxlix1c6kt","latencyMs":113.02420100010931,"timelineOffsetMs":null,"leadMs":8,"audioStartMs":14594760.337,"scheduleSkewMs":121.02420100010931}
10-11 16:12:51.359 12664 14230 D OutputsAudio: [outputs-audio] stop gain=1.000 release=6.00
10-11 16:12:51.480 12664 14230 D OutputsAudio: [outputs-audio] start hz=700.0 gain=1.000 attack=2.50 release=6.00
10-11 16:12:51.497 12664 12741 D OutputsAudio: [outputs-audio] symbol.info sequence=16 symbol=- timestamp=14595002.016 duration=360.000
10-11 16:12:51.498 12664 12741 I ReactNativeJS: [outputs] playMorse.symbol {"timestamp":14595018.672451,"wallClock":1760213571497,"symbol":"-","durationMs":360,"index":15,"source":"console.replay","correlationId":"console-replay:mgmppo6htclw0ra7","nativeTimestampMs":14595002.016,"nativeDurationMs":360,"nativeOffsetMs":16.59098199941218,"nativeSequence":16,"monotonicTimestampMs":14595002.016}
10-11 16:12:51.498 12664 12741 I ReactNativeJS: [outputs] outputs.hapticSymbol {"timestamp":14595019.325212,"wallClock":1760213571498,"enabled":true,"symbol":"-","durationMs":360,"platform":"android","source":"console.replay","correlationId":"console-replay:mgmppo6htclw0ra7","timelineOffsetMs":16.59098199941218}
10-11 16:12:51.499 12664 12741 I ReactNativeJS: [outputs] outputs.flashPulse {"timestamp":14595020.036566,"wallClock":1760213571498,"enabled":true,"durationMs":360,"source":"console.replay","correlationId":"console-replay:mgmppo6htclw0ra7","timelineOffsetMs":null,"audioStartMs":14595002.016}
10-11 16:12:51.605 12664 12741 I ReactNativeJS: [outputs] outputs.flashPulse.commit {"timestamp":14595126.251305,"wallClock":1760213571605,"durationMs":360,"source":"console.replay","correlationId":"console-replay:mgmppo6htclw0ra7","latencyMs":124.22775299847126,"timelineOffsetMs":null,"leadMs":8,"audioStartMs":14595002.016,"scheduleSkewMs":132.22775299847126}
10-11 16:12:51.841 12664 14230 D OutputsAudio: [outputs-audio] stop gain=1.000 release=6.00
10-11 16:12:51.962 12664 14230 D OutputsAudio: [outputs-audio] start hz=700.0 gain=1.000 attack=2.50 release=6.00
10-11 16:12:51.973 12664 12741 D OutputsAudio: [outputs-audio] symbol.info sequence=17 symbol=- timestamp=14595483.662 duration=360.000
10-11 16:12:51.975 12664 12741 I ReactNativeJS: [outputs] playMorse.symbol {"timestamp":14595495.214066,"wallClock":1760213571974,"symbol":"-","durationMs":360,"index":16,"source":"console.replay","correlationId":"console-replay:mgmppojq89de733m","nativeTimestampMs":14595483.662,"nativeDurationMs":360,"nativeOffsetMs":11.446023998782039,"nativeSequence":17,"monotonicTimestampMs":14595483.662}
10-11 16:12:51.975 12664 12741 I ReactNativeJS: [outputs] outputs.hapticSymbol {"timestamp":14595496.494795,"wallClock":1760213571975,"enabled":true,"symbol":"-","durationMs":360,"platform":"android","source":"console.replay","correlationId":"console-replay:mgmppojq89de733m","timelineOffsetMs":11.446023998782039}
10-11 16:12:51.976 12664 12741 I ReactNativeJS: [outputs] outputs.flashPulse {"timestamp":14595497.524638,"wallClock":1760213571976,"enabled":true,"durationMs":360,"source":"console.replay","correlationId":"console-replay:mgmppojq89de733m","timelineOffsetMs":null,"audioStartMs":14595483.662}
10-11 16:12:52.070 12664 12741 I ReactNativeJS: [outputs] outputs.flashPulse.commit {"timestamp":14595591.027451,"wallClock":1760213572069,"durationMs":360,"source":"console.replay","correlationId":"console-replay:mgmppojq89de733m","latencyMs":107.35914899967611,"timelineOffsetMs":null,"leadMs":8,"audioStartMs":14595483.662,"scheduleSkewMs":115.35914899967611}
10-11 16:12:52.322 12664 14230 D OutputsAudio: [outputs-audio] stop gain=1.000 release=6.00
10-11 16:12:52.444 12664 14230 D OutputsAudio: [outputs-audio] start hz=700.0 gain=1.000 attack=2.50 release=6.00
10-11 16:12:52.463 12664 12741 D OutputsAudio: [outputs-audio] symbol.info sequence=18 symbol=- timestamp=14595965.691 duration=360.000
10-11 16:12:52.464 12664 12741 I ReactNativeJS: [outputs] playMorse.symbol {"timestamp":14595984.536722,"wallClock":1760213572463,"symbol":"-","durationMs":360,"index":17,"source":"console.replay","correlationId":"console-replay:mgmppoxb4lvf1kpy","nativeTimestampMs":14595965.691,"nativeDurationMs":360,"nativeOffsetMs":18.77983600087464,"nativeSequence":18,"monotonicTimestampMs":14595965.691}
10-11 16:12:52.464 12664 12741 I ReactNativeJS: [outputs] outputs.hapticSymbol {"timestamp":14595985.232086,"wallClock":1760213572464,"enabled":true,"symbol":"-","durationMs":360,"platform":"android","source":"console.replay","correlationId":"console-replay:mgmppoxb4lvf1kpy","timelineOffsetMs":18.77983600087464}
10-11 16:12:52.465 12664 12741 I ReactNativeJS: [outputs] outputs.flashPulse {"timestamp":14595985.933597,"wallClock":1760213572464,"enabled":true,"durationMs":360,"source":"console.replay","correlationId":"console-replay:mgmppoxb4lvf1kpy","timelineOffsetMs":null,"audioStartMs":14595965.691}
10-11 16:12:52.552 12664 12741 I ReactNativeJS: [outputs] outputs.flashPulse.commit {"timestamp":14596073.382347,"wallClock":1760213572552,"durationMs":360,"source":"console.replay","correlationId":"console-replay:mgmppoxb4lvf1kpy","latencyMs":107.68400300107896,"timelineOffsetMs":null,"leadMs":8,"audioStartMs":14595965.691,"scheduleSkewMs":115.68400300107896}
10-11 16:12:52.805 12664 14230 D OutputsAudio: [outputs-audio] stop gain=1.000 release=6.00
10-11 16:12:52.926 12664 14230 D OutputsAudio: [outputs-audio] start hz=700.0 gain=1.000 attack=2.50 release=6.00
10-11 16:12:52.949 12664 12741 D OutputsAudio: [outputs-audio] symbol.info sequence=19 symbol=. timestamp=14596447.668 duration=120.000
10-11 16:12:52.950 12664 12741 I ReactNativeJS: [outputs] playMorse.symbol {"timestamp":14596470.499326,"wallClock":1760213572949,"symbol":".","durationMs":120,"index":18,"source":"console.replay","correlationId":"console-replay:mgmpppatn4haiqwm","nativeTimestampMs":14596447.668,"nativeDurationMs":120,"nativeOffsetMs":22.731378000229597,"nativeSequence":19,"monotonicTimestampMs":14596447.668}
10-11 16:12:52.950 12664 12741 I ReactNativeJS: [outputs] outputs.hapticSymbol {"timestamp":14596471.557451,"wallClock":1760213572950,"enabled":true,"symbol":".","durationMs":120,"platform":"android","source":"console.replay","correlationId":"console-replay:mgmpppatn4haiqwm","timelineOffsetMs":22.731378000229597}
10-11 16:12:52.951 12664 12741 I ReactNativeJS: [outputs] outputs.flashPulse {"timestamp":14596472.432034,"wallClock":1760213572951,"enabled":true,"durationMs":120,"source":"console.replay","correlationId":"console-replay:mgmpppatn4haiqwm","timelineOffsetMs":null,"audioStartMs":14596447.668}
10-11 16:12:53.043 12664 12741 I ReactNativeJS: [outputs] outputs.flashPulse.commit {"timestamp":14596564.311305,"wallClock":1760213573043,"durationMs":120,"source":"console.replay","correlationId":"console-replay:mgmpppatn4haiqwm","latencyMs":116.63606500066817,"timelineOffsetMs":null,"leadMs":8,"audioStartMs":14596447.668,"scheduleSkewMs":124.63606500066817}
10-11 16:12:53.046 12664 14230 D OutputsAudio: [outputs-audio] stop gain=1.000 release=6.00
10-11 16:12:53.167 12664 14230 D OutputsAudio: [outputs-audio] start hz=700.0 gain=1.000 attack=2.50 release=6.00
10-11 16:12:53.182 12664 12741 D OutputsAudio: [outputs-audio] symbol.info sequence=20 symbol=. timestamp=14596689.365 duration=120.000
10-11 16:12:53.183 12664 12741 I ReactNativeJS: [outputs] playMorse.symbol {"timestamp":14596704.2687,"wallClock":1760213573183,"symbol":".","durationMs":120,"index":19,"source":"console.replay","correlationId":"console-replay:mgmppphbey4glnp7","nativeTimestampMs":14596689.365,"nativeDurationMs":120,"nativeOffsetMs":14.80765900015831,"nativeSequence":20,"monotonicTimestampMs":14596689.365}
10-11 16:12:53.184 12664 12741 I ReactNativeJS: [outputs] outputs.hapticSymbol {"timestamp":14596705.184221,"wallClock":1760213573184,"enabled":true,"symbol":".","durationMs":120,"platform":"android","source":"console.replay","correlationId":"console-replay:mgmppphbey4glnp7","timelineOffsetMs":14.80765900015831}
10-11 16:12:53.185 12664 12741 I ReactNativeJS: [outputs] outputs.flashPulse {"timestamp":14596705.952971,"wallClock":1760213573184,"enabled":true,"durationMs":120,"source":"console.replay","correlationId":"console-replay:mgmppphbey4glnp7","timelineOffsetMs":null,"audioStartMs":14596689.365}
10-11 16:12:53.273 12664 12741 I ReactNativeJS: [outputs] outputs.flashPulse.commit {"timestamp":14596794.523232,"wallClock":1760213573273,"durationMs":120,"source":"console.replay","correlationId":"console-replay:mgmppphbey4glnp7","latencyMs":105.15146099962294,"timelineOffsetMs":null,"leadMs":8,"audioStartMs":14596689.365,"scheduleSkewMs":113.15146099962294}
10-11 16:12:53.288 12664 14230 D OutputsAudio: [outputs-audio] stop gain=1.000 release=6.00
10-11 16:12:53.408 12664 14230 D OutputsAudio: [outputs-audio] start hz=700.0 gain=1.000 attack=2.50 release=6.00
10-11 16:12:53.414 12664 12741 D OutputsAudio: [outputs-audio] symbol.info sequence=21 symbol=. timestamp=14596929.921 duration=120.000
10-11 16:12:53.415 12664 12741 I ReactNativeJS: [outputs] playMorse.symbol {"timestamp":14596935.755055,"wallClock":1760213573414,"symbol":".","durationMs":120,"index":20,"source":"console.replay","correlationId":"console-replay:mgmpppnqxe6tuajp","nativeTimestampMs":14596929.921,"nativeDurationMs":120,"nativeOffsetMs":5.755824999883771,"nativeSequence":21,"monotonicTimestampMs":14596929.921}
10-11 16:12:53.416 12664 12741 I ReactNativeJS: [outputs] outputs.hapticSymbol {"timestamp":14596936.697971,"wallClock":1760213573415,"enabled":true,"symbol":".","durationMs":120,"platform":"android","source":"console.replay","correlationId":"console-replay:mgmpppnqxe6tuajp","timelineOffsetMs":5.755824999883771}
10-11 16:12:53.416 12664 12741 I ReactNativeJS: [outputs] outputs.flashPulse {"timestamp":14596937.510575,"wallClock":1760213573416,"enabled":true,"durationMs":120,"source":"console.replay","correlationId":"console-replay:mgmpppnqxe6tuajp","timelineOffsetMs":null,"audioStartMs":14596929.921}
10-11 16:12:53.507 12664 12741 I ReactNativeJS: [outputs] outputs.flashPulse.commit {"timestamp":14597027.840732,"wallClock":1760213573506,"durationMs":120,"source":"console.replay","correlationId":"console-replay:mgmpppnqxe6tuajp","latencyMs":97.912752000615,"timelineOffsetMs":null,"leadMs":8,"audioStartMs":14596929.921,"scheduleSkewMs":105.912752000615}
10-11 16:12:53.529 12664 14230 D OutputsAudio: [outputs-audio] stop gain=1.000 release=6.00
10-11 16:12:53.650 12664 14230 D OutputsAudio: [outputs-audio] start hz=700.0 gain=1.000 attack=2.50 release=6.00
10-11 16:12:53.658 12664 12741 D OutputsAudio: [outputs-audio] symbol.info sequence=22 symbol=- timestamp=14597171.763 duration=360.000
10-11 16:12:53.661 12664 12741 I ReactNativeJS: [outputs] playMorse.symbol {"timestamp":14597180.39745,"wallClock":1760213573659,"symbol":"-","durationMs":360,"index":21,"source":"console.replay","correlationId":"console-replay:mgmpppujox9tpj6t","nativeTimestampMs":14597171.763,"nativeDurationMs":360,"nativeOffsetMs":8.420803999528289,"nativeSequence":22,"monotonicTimestampMs":14597171.763}
10-11 16:12:53.664 12664 12741 I ReactNativeJS: [outputs] outputs.hapticSymbol {"timestamp":14597182.757763,"wallClock":1760213573661,"enabled":true,"symbol":"-","durationMs":360,"platform":"android","source":"console.replay","correlationId":"console-replay:mgmpppujox9tpj6t","timelineOffsetMs":8.420803999528289}
10-11 16:12:53.665 12664 12741 I ReactNativeJS: [outputs] outputs.flashPulse {"timestamp":14597186.162034,"wallClock":1760213573665,"enabled":true,"durationMs":360,"source":"console.replay","correlationId":"console-replay:mgmpppujox9tpj6t","timelineOffsetMs":null,"audioStartMs":14597171.763}
10-11 16:12:53.760 12664 12741 I ReactNativeJS: [outputs] outputs.flashPulse.commit {"timestamp":14597281.040002,"wallClock":1760213573759,"durationMs":360,"source":"console.replay","correlationId":"console-replay:mgmpppujox9tpj6t","latencyMs":109.26960700005293,"timelineOffsetMs":null,"leadMs":8,"audioStartMs":14597171.763,"scheduleSkewMs":117.26960700005293}
10-11 16:12:54.011 12664 14230 D OutputsAudio: [outputs-audio] stop gain=1.000 release=6.00
10-11 16:12:54.132 12664 14230 D OutputsAudio: [outputs-audio] start hz=700.0 gain=1.000 attack=2.50 release=6.00
10-11 16:12:54.167 12664 12741 D OutputsAudio: [outputs-audio] symbol.info sequence=23 symbol=- timestamp=14597653.880 duration=360.000
10-11 16:12:54.168 12664 12741 I ReactNativeJS: [outputs] playMorse.symbol {"timestamp":14597689.182033,"wallClock":1760213574168,"symbol":"-","durationMs":360,"index":22,"source":"console.replay","correlationId":"console-replay:mgmppq8o2seocbf8","nativeTimestampMs":14597653.88,"nativeDurationMs":360,"nativeOffsetMs":35.22479399852455,"nativeSequence":23,"monotonicTimestampMs":14597653.88}
10-11 16:12:54.169 12664 12741 I ReactNativeJS: [outputs] outputs.hapticSymbol {"timestamp":14597689.935158,"wallClock":1760213574168,"enabled":true,"symbol":"-","durationMs":360,"platform":"android","source":"console.replay","correlationId":"console-replay:mgmppq8o2seocbf8","timelineOffsetMs":35.22479399852455}
10-11 16:12:54.169 12664 12741 I ReactNativeJS: [outputs] outputs.flashPulse {"timestamp":14597690.613908,"wallClock":1760213574169,"enabled":true,"durationMs":360,"source":"console.replay","correlationId":"console-replay:mgmppq8o2seocbf8","timelineOffsetMs":null,"audioStartMs":14597653.88}
10-11 16:12:54.259 12664 12741 I ReactNativeJS: [outputs] outputs.flashPulse.commit {"timestamp":14597779.689429,"wallClock":1760213574258,"durationMs":360,"source":"console.replay","correlationId":"console-replay:mgmppq8o2seocbf8","latencyMs":125.80333499982953,"timelineOffsetMs":null,"leadMs":8,"audioStartMs":14597653.88,"scheduleSkewMs":133.80333499982953}
10-11 16:12:54.493 12664 14230 D OutputsAudio: [outputs-audio] stop gain=1.000 release=6.00
10-11 16:12:54.614 12664 14230 D OutputsAudio: [outputs-audio] start hz=700.0 gain=1.000 attack=2.50 release=6.00
10-11 16:12:54.621 12664 12741 D OutputsAudio: [outputs-audio] symbol.info sequence=24 symbol=- timestamp=14598135.294 duration=360.000
10-11 16:12:54.622 12664 12741 I ReactNativeJS: [outputs] playMorse.symbol {"timestamp":14598142.933908,"wallClock":1760213574621,"symbol":"-","durationMs":360,"index":23,"source":"console.replay","correlationId":"console-replay:mgmppql9fvhrxx1u","nativeTimestampMs":14598135.294,"nativeDurationMs":360,"nativeOffsetMs":7.531315000727773,"nativeSequence":24,"monotonicTimestampMs":14598135.294}
10-11 16:12:54.623 12664 12741 I ReactNativeJS: [outputs] outputs.hapticSymbol {"timestamp":14598144.136512,"wallClock":1760213574623,"enabled":true,"symbol":"-","durationMs":360,"platform":"android","source":"console.replay","correlationId":"console-replay:mgmppql9fvhrxx1u","timelineOffsetMs":7.531315000727773}
10-11 16:12:54.624 12664 12741 I ReactNativeJS: [outputs] outputs.flashPulse {"timestamp":14598145.211356,"wallClock":1760213574624,"enabled":true,"durationMs":360,"source":"console.replay","correlationId":"console-replay:mgmppql9fvhrxx1u","timelineOffsetMs":null,"audioStartMs":14598135.294}
10-11 16:12:54.725 12664 12741 I ReactNativeJS: [outputs] outputs.flashPulse.commit {"timestamp":14598246.609429,"wallClock":1760213574725,"durationMs":360,"source":"console.replay","correlationId":"console-replay:mgmppql9fvhrxx1u","latencyMs":111.30865800008178,"timelineOffsetMs":null,"leadMs":8,"audioStartMs":14598135.294,"scheduleSkewMs":119.30865800008178}
10-11 16:12:54.974 12664 14230 D OutputsAudio: [outputs-audio] stop gain=1.000 release=6.00
10-11 16:12:55.095 12664 14230 D OutputsAudio: [outputs-audio] start hz=700.0 gain=1.000 attack=2.50 release=6.00
10-11 16:12:55.118 12664 12741 D OutputsAudio: [outputs-audio] symbol.info sequence=25 symbol=. timestamp=14598617.390 duration=120.000
10-11 16:12:55.119 12664 12741 I ReactNativeJS: [outputs] playMorse.symbol {"timestamp":14598639.8262,"wallClock":1760213575118,"symbol":".","durationMs":120,"index":24,"source":"console.replay","correlationId":"console-replay:mgmppqz2j5djxrs7","nativeTimestampMs":14598617.39,"nativeDurationMs":120,"nativeOffsetMs":22.360782999545336,"nativeSequence":25,"monotonicTimestampMs":14598617.39}
10-11 16:12:55.120 12664 12741 I ReactNativeJS: [outputs] outputs.hapticSymbol {"timestamp":14598640.727606,"wallClock":1760213575119,"enabled":true,"symbol":".","durationMs":120,"platform":"android","source":"console.replay","correlationId":"console-replay:mgmppqz2j5djxrs7","timelineOffsetMs":22.360782999545336}
10-11 16:12:55.120 12664 12741 I ReactNativeJS: [outputs] outputs.flashPulse {"timestamp":14598641.461304,"wallClock":1760213575120,"enabled":true,"durationMs":120,"source":"console.replay","correlationId":"console-replay:mgmppqz2j5djxrs7","timelineOffsetMs":null,"audioStartMs":14598617.39}
10-11 16:12:55.211 12664 12741 I ReactNativeJS: [outputs] outputs.flashPulse.commit {"timestamp":14598732.607502,"wallClock":1760213575211,"durationMs":120,"source":"console.replay","correlationId":"console-replay:mgmppqz2j5djxrs7","latencyMs":115.21041799895465,"timelineOffsetMs":null,"leadMs":8,"audioStartMs":14598617.39,"scheduleSkewMs":123.21041799895465}
10-11 16:12:55.216 12664 14230 D OutputsAudio: [outputs-audio] stop gain=1.000 release=6.00
10-11 16:12:55.337 12664 14230 D OutputsAudio: [outputs-audio] start hz=700.0 gain=1.000 attack=2.50 release=6.00
10-11 16:12:55.359 12664 12741 D OutputsAudio: [outputs-audio] symbol.info sequence=26 symbol=. timestamp=14598858.331 duration=120.000
10-11 16:12:55.359 12664 12741 I ReactNativeJS: [outputs] playMorse.symbol {"timestamp":14598880.340575,"wallClock":1760213575359,"symbol":".","durationMs":120,"index":25,"source":"console.replay","correlationId":"console-replay:mgmppr5ro4miiss6","nativeTimestampMs":14598858.331,"nativeDurationMs":120,"nativeOffsetMs":21.897074999287724,"nativeSequence":26,"monotonicTimestampMs":14598858.331}
10-11 16:12:55.360 12664 12741 I ReactNativeJS: [outputs] outputs.hapticSymbol {"timestamp":14598880.993283,"wallClock":1760213575359,"enabled":true,"symbol":".","durationMs":120,"platform":"android","source":"console.replay","correlationId":"console-replay:mgmppr5ro4miiss6","timelineOffsetMs":21.897074999287724}
10-11 16:12:55.360 12664 12741 I ReactNativeJS: [outputs] outputs.flashPulse {"timestamp":14598881.688127,"wallClock":1760213575360,"enabled":true,"durationMs":120,"source":"console.replay","correlationId":"console-replay:mgmppr5ro4miiss6","timelineOffsetMs":null,"audioStartMs":14598858.331}
10-11 16:12:55.456 12664 12741 I ReactNativeJS: [outputs] outputs.flashPulse.commit {"timestamp":14598977.078283,"wallClock":1760213575455,"durationMs":120,"source":"console.replay","correlationId":"console-replay:mgmppr5ro4miiss6","latencyMs":118.74004299938679,"timelineOffsetMs":null,"leadMs":8,"audioStartMs":14598858.331,"scheduleSkewMs":126.74004299938679}
10-11 16:12:55.458 12664 14230 D OutputsAudio: [outputs-audio] stop gain=1.000 release=6.00
10-11 16:12:55.578 12664 14230 D OutputsAudio: [outputs-audio] start hz=700.0 gain=1.000 attack=2.50 release=6.00
10-11 16:12:55.597 12664 12741 D OutputsAudio: [outputs-audio] symbol.info sequence=27 symbol=. timestamp=14599099.774 duration=120.000
10-11 16:12:55.598 12664 12741 I ReactNativeJS: [outputs] playMorse.symbol {"timestamp":14599118.512397,"wallClock":1760213575597,"symbol":".","durationMs":120,"index":26,"source":"console.replay","correlationId":"console-replay:mgmpprcdw6ffesa2","nativeTimestampMs":14599099.774,"nativeDurationMs":120,"nativeOffsetMs":18.666001999750733,"nativeSequence":27,"monotonicTimestampMs":14599099.774}
10-11 16:12:55.598 12664 12741 I ReactNativeJS: [outputs] outputs.hapticSymbol {"timestamp":14599119.291877,"wallClock":1760213575598,"enabled":true,"symbol":".","durationMs":120,"platform":"android","source":"console.replay","correlationId":"console-replay:mgmpprcdw6ffesa2","timelineOffsetMs":18.666001999750733}
10-11 16:12:55.599 12664 12741 I ReactNativeJS: [outputs] outputs.flashPulse {"timestamp":14599119.957918,"wallClock":1760213575598,"enabled":true,"durationMs":120,"source":"console.replay","correlationId":"console-replay:mgmpprcdw6ffesa2","timelineOffsetMs":null,"audioStartMs":14599099.774}
10-11 16:12:55.689 12664 12741 I ReactNativeJS: [outputs] outputs.flashPulse.commit {"timestamp":14599209.686564,"wallClock":1760213575688,"durationMs":120,"source":"console.replay","correlationId":"console-replay:mgmpprcdw6ffesa2","latencyMs":109.9058969989419,"timelineOffsetMs":null,"leadMs":8,"audioStartMs":14599099.774,"scheduleSkewMs":117.9058969989419}
10-11 16:12:55.699 12664 14230 D OutputsAudio: [outputs-audio] stop gain=1.000 release=6.00
10-11 16:12:55.773 12664 12741 I ReactNativeJS: [outputs] playMorse.complete {"timestamp":14599294.367918,"wallClock":1760213575773,"durationMs":9739.035048998892,"source":"console.replay","audioEnabled":true,"audioVolumePercent":100}
10-11 16:12:55.820 12664 14230 D OutputsAudio: [outputs-audio] stop gain=0.000 release=6.00
10-11 16:12:55.820 12664 14230 D OutputsAudio: [outputs-audio] playMorse.end cancelled=0
10-11 16:12:58.349 12664 12741 I ReactNativeJS: [outputs] playMorse.start {"timestamp":14601869.833959,"wallClock":1760213578348,"unitMs":80,"length":28,"source":"console.replay","audioEnabled":true,"audioVolumePercent":100}
10-11 16:12:58.608 12664 12741 D OutputsAudio: [outputs-audio] warmup hz=700.0
10-11 16:12:58.608 12664 14272 D OutputsAudio: [outputs-audio] playMorse.start count=27 unit=80.0
10-11 16:12:58.608 12664 14272 D OutputsAudio: [outputs-audio] start hz=700.0 gain=1.000 attack=2.50 release=6.00
10-11 16:12:58.622 12664 12741 D OutputsAudio: [outputs-audio] symbol.info sequence=1 symbol=. timestamp=14602129.776 duration=80.000
10-11 16:12:58.627 12664 12741 I ReactNativeJS: [outputs] playMorse.symbol {"timestamp":14602144.249219,"wallClock":1760213578623,"symbol":".","durationMs":80,"index":0,"source":"console.replay","correlationId":"console-replay:mgmpptofbldrawzx","nativeTimestampMs":14602129.776,"nativeDurationMs":80,"nativeOffsetMs":14.367281999439001,"nativeSequence":1,"monotonicTimestampMs":14602129.776}
10-11 16:12:58.627 12664 12741 I ReactNativeJS: [outputs] outputs.hapticSymbol {"timestamp":14602148.282448,"wallClock":1760213578627,"enabled":true,"symbol":".","durationMs":80,"platform":"android","source":"console.replay","correlationId":"console-replay:mgmpptofbldrawzx","timelineOffsetMs":14.367281999439001}
10-11 16:12:58.628 12664 12741 I ReactNativeJS: [outputs] outputs.flashPulse {"timestamp":14602149.177448,"wallClock":1760213578628,"enabled":true,"durationMs":80,"source":"console.replay","correlationId":"console-replay:mgmpptofbldrawzx","timelineOffsetMs":null,"audioStartMs":14602129.776}
10-11 16:12:58.689 12664 14272 D OutputsAudio: [outputs-audio] stop gain=1.000 release=6.00
10-11 16:12:58.703 12664 12741 I ReactNativeJS: [outputs] outputs.flashPulse.commit {"timestamp":14602224.186198,"wallClock":1760213578703,"durationMs":80,"source":"console.replay","correlationId":"console-replay:mgmpptofbldrawzx","latencyMs":94.40436499938369,"timelineOffsetMs":null,"leadMs":8,"audioStartMs":14602129.776,"scheduleSkewMs":102.40436499938369}
10-11 16:12:58.769 12664 14272 D OutputsAudio: [outputs-audio] start hz=700.0 gain=1.000 attack=2.50 release=6.00
10-11 16:12:58.770 12664 12741 D OutputsAudio: [outputs-audio] symbol.info sequence=2 symbol=. timestamp=14602290.990 duration=80.000
10-11 16:12:58.771 12664 12741 I ReactNativeJS: [outputs] playMorse.symbol {"timestamp":14602291.860365,"wallClock":1760213578770,"symbol":".","durationMs":80,"index":1,"source":"console.replay","correlationId":"console-replay:mgmpptsioquxg8wd","nativeTimestampMs":14602290.99,"nativeDurationMs":80,"nativeOffsetMs":0.8169279992580414,"nativeSequence":2,"monotonicTimestampMs":14602290.99}
10-11 16:12:58.771 12664 12741 I ReactNativeJS: [outputs] outputs.hapticSymbol {"timestamp":14602292.42323,"wallClock":1760213578771,"enabled":true,"symbol":".","durationMs":80,"platform":"android","source":"console.replay","correlationId":"console-replay:mgmpptsioquxg8wd","timelineOffsetMs":0.8169279992580414}
