10-11 18:05:32.113 17746 17829 I ReactNativeJS: [outputs] outputs.hapticSymbol {"timestamp":21318291.378063,"wallClock":1760220332112,"enabled":true,"symbol":".","durationMs":60,"platform":"android","source":"console.replay","correlationId":"console-replay:mgmtqkpcdje247sq","timelineOffsetMs":11.727011002600193}
10-11 18:05:32.113 17746 17829 I ReactNativeJS: [outputs] outputs.flashPulse {"timestamp":21318291.963063,"wallClock":1760220332113,"enabled":true,"durationMs":60,"source":"console.replay","correlationId":"console-replay:mgmtqkpcdje247sq","timelineOffsetMs":11.727011002600193,"schedulingMode":"timeline","audioStartHeadroomMs":-28.876428000628948,"audioStartGuard":"headroom","audioStartCompensationMs":28.876428000628948}
10-11 18:05:32.160 17746 18380 D OutputsAudio: [outputs-audio] stop gain=1.000 release=6.00
10-11 18:05:32.171 17746 17829 I ReactNativeJS: [outputs] outputs.flashPulse.commit {"timestamp":21318349.224001,"wallClock":1760220332170,"durationMs":60,"source":"console.replay","correlationId":"console-replay:mgmtqkpcdje247sq","latencyMs":58.40156299993396,"timelineOffsetMs":11.727011002600193,"leadMs":8,"scheduleSkewMs":57.25984400138259,"schedulingMode":"timeline","audioStartHeadroomMs":-28.876428000628948,"audioStartGuard":"headroom","audioStartCompensationMs":28.876428000628948}
10-11 18:05:32.221 17746 18380 D OutputsAudio: [outputs-audio] start hz=700.0 gain=1.000 attack=2.50 release=6.00
10-11 18:05:32.221 17746 18380 D OutputsAudio: [outputs-audio] playMorse.symbol.start sequence=9 symbol=. expected=21318391.077 actual=21318400.407 skew=9.330 batchElapsed=1329.330
10-11 18:05:32.245 17746 17829 D OutputsAudio: [outputs-audio] symbol.info sequence=9 symbol=. timestamp=21318400.407 duration=60.000 expected=21318391.077 skew=9.330 age=23.535
10-11 18:05:32.246 17746 17829 I ReactNativeJS: [outputs] playMorse.symbol {"timestamp":21318424.269522,"wallClock":1760220332245,"symbol":".","durationMs":60,"index":8,"source":"console.replay","correlationId":"console-replay:mgmtqkt1bn6v8iab","nativeTimestampMs":21318400.407,"nativeDurationMs":60,"nativeOffsetMs":23.747417997568846,"nativeSequence":9,"monotonicTimestampMs":21318400.407,"nativeExpectedTimestampMs":21318391.077,"nativeStartSkewMs":9.33,"nativeBatchElapsedMs":1329.33,"nativeExpectedSincePriorMs":120,"nativeSincePriorMs":121.321,"nativePatternStartMs":21317071.077,"nativeAgeMs":23.535}
10-11 18:05:32.247 17746 17829 I ReactNativeJS: [outputs] outputs.hapticSymbol {"timestamp":21318425.382074,"wallClock":1760220332246,"enabled":true,"symbol":".","durationMs":60,"platform":"android","source":"console.replay","correlationId":"console-replay:mgmtqkt1bn6v8iab","timelineOffsetMs":23.747417997568846}
10-11 18:05:32.248 17746 17829 I ReactNativeJS: [outputs] outputs.flashPulse {"timestamp":21318426.53473,"wallClock":1760220332247,"enabled":true,"durationMs":60,"source":"console.replay","correlationId":"console-replay:mgmtqkt1bn6v8iab","timelineOffsetMs":23.747417997568846,"schedulingMode":"timeline","audioStartHeadroomMs":-43.43997000157833,"audioStartGuard":"headroom","audioStartCompensationMs":43.43997000157833}
10-11 18:05:32.282 17746 18380 D OutputsAudio: [outputs-audio] stop gain=1.000 release=6.00
10-11 18:05:32.305 17746 17829 I ReactNativeJS: [outputs] outputs.flashPulse.commit {"timestamp":21318483.674001,"wallClock":1760220332305,"durationMs":60,"source":"console.replay","correlationId":"console-replay:mgmtqkt1bn6v8iab","latencyMs":59.50901000201702,"timelineOffsetMs":23.747417997568846,"leadMs":8,"scheduleSkewMs":57.142707999795675,"schedulingMode":"timeline","audioStartHeadroomMs":-43.43997000157833,"audioStartGuard":"headroom","audioStartCompensationMs":43.43997000157833}
10-11 18:05:32.343 17746 18380 D OutputsAudio: [outputs-audio] start hz=700.0 gain=1.000 attack=2.50 release=6.00
10-11 18:05:32.343 17746 18380 D OutputsAudio: [outputs-audio] playMorse.symbol.start sequence=10 symbol=- expected=21318511.077 actual=21318521.792 skew=10.715 batchElapsed=1450.715
10-11 18:05:32.352 17746 17829 D OutputsAudio: [outputs-audio] symbol.info sequence=10 symbol=- timestamp=21318521.792 duration=180.000 expected=21318511.077 skew=10.715 age=9.053
10-11 18:05:32.352 17746 17829 I ReactNativeJS: [outputs] playMorse.symbol {"timestamp":21318530.986501,"wallClock":1760220332352,"symbol":"-","durationMs":180,"index":9,"source":"console.replay","correlationId":"console-replay:mgmtqkw04nw26djz","nativeTimestampMs":21318521.792,"nativeDurationMs":180,"nativeOffsetMs":9.142000999301672,"nativeSequence":10,"monotonicTimestampMs":21318521.792,"nativeExpectedTimestampMs":21318511.077,"nativeStartSkewMs":10.715,"nativeBatchElapsedMs":1450.715,"nativeExpectedSincePriorMs":120,"nativeSincePriorMs":121.385,"nativePatternStartMs":21317071.077,"nativeAgeMs":9.053}
10-11 18:05:32.353 17746 17829 I ReactNativeJS: [outputs] outputs.hapticSymbol {"timestamp":21318531.508636,"wallClock":1760220332352,"enabled":true,"symbol":"-","durationMs":180,"platform":"android","source":"console.replay","correlationId":"console-replay:mgmtqkw04nw26djz","timelineOffsetMs":9.142000999301672}
10-11 18:05:32.353 17746 17829 I ReactNativeJS: [outputs] outputs.flashPulse {"timestamp":21318532.093324,"wallClock":1760220332353,"enabled":true,"durationMs":180,"source":"console.replay","correlationId":"console-replay:mgmtqkw04nw26djz","timelineOffsetMs":9.142000999301672,"schedulingMode":"timeline","audioStartHeadroomMs":-29.00585500150919,"audioStartGuard":"headroom","audioStartCompensationMs":29.00585500150919}
10-11 18:05:32.411 17746 17829 I ReactNativeJS: [outputs] outputs.flashPulse.commit {"timestamp":21318589.350355,"wallClock":1760220332410,"durationMs":180,"source":"console.replay","correlationId":"console-replay:mgmtqkw04nw26djz","latencyMs":58.40661400184035,"timelineOffsetMs":9.142000999301672,"leadMs":8,"scheduleSkewMs":57.25588500127196,"schedulingMode":"timeline","audioStartHeadroomMs":-29.00585500150919,"audioStartGuard":"headroom","audioStartCompensationMs":29.00585500150919}
10-11 18:05:32.523 17746 18380 D OutputsAudio: [outputs-audio] stop gain=1.000 release=6.00
10-11 18:05:32.584 17746 18380 D OutputsAudio: [outputs-audio] start hz=700.0 gain=1.000 attack=2.50 release=6.00
10-11 18:05:32.584 17746 18380 D OutputsAudio: [outputs-audio] playMorse.symbol.start sequence=11 symbol=- expected=21318751.077 actual=21318763.432 skew=12.354 batchElapsed=1692.354
10-11 18:05:32.592 17746 17829 D OutputsAudio: [outputs-audio] symbol.info sequence=11 symbol=- timestamp=21318763.432 duration=180.000 expected=21318751.077 skew=12.354 age=7.196
10-11 18:05:32.593 17746 17829 I ReactNativeJS: [outputs] playMorse.symbol {"timestamp":21318770.867282,"wallClock":1760220332592,"symbol":"-","durationMs":180,"index":10,"source":"console.replay","correlationId":"console-replay:mgmtql2ow1m2tqs4","nativeTimestampMs":21318763.432,"nativeDurationMs":180,"nativeOffsetMs":7.332782000303268,"nativeSequence":11,"monotonicTimestampMs":21318763.432,"nativeExpectedTimestampMs":21318751.077,"nativeStartSkewMs":12.354,"nativeBatchElapsedMs":1692.354,"nativeExpectedSincePriorMs":240,"nativeSincePriorMs":241.639,"nativePatternStartMs":21317071.077,"nativeAgeMs":7.196}
10-11 18:05:32.593 17746 17829 I ReactNativeJS: [outputs] outputs.hapticSymbol {"timestamp":21318771.849313,"wallClock":1760220332593,"enabled":true,"symbol":"-","durationMs":180,"platform":"android","source":"console.replay","correlationId":"console-replay:mgmtql2ow1m2tqs4","timelineOffsetMs":7.332782000303268}
10-11 18:05:32.594 17746 17829 I ReactNativeJS: [outputs] outputs.flashPulse {"timestamp":21318772.910667,"wallClock":1760220332594,"enabled":true,"durationMs":180,"source":"console.replay","correlationId":"console-replay:mgmtql2ow1m2tqs4","timelineOffsetMs":7.332782000303268,"schedulingMode":"timeline","audioStartHeadroomMs":-29.815489999949932,"audioStartGuard":"headroom","audioStartCompensationMs":29.815489999949932}
10-11 18:05:32.660 17746 17829 I ReactNativeJS: [outputs] outputs.flashPulse.commit {"timestamp":21318838.729105,"wallClock":1760220332660,"durationMs":180,"source":"console.replay","correlationId":"console-replay:mgmtql2ow1m2tqs4","latencyMs":67.95442700013518,"timelineOffsetMs":7.332782000303268,"leadMs":8,"scheduleSkewMs":65.82328100129962,"schedulingMode":"timeline","audioStartHeadroomMs":-29.815489999949932,"audioStartGuard":"headroom","audioStartCompensationMs":29.815489999949932}
10-11 18:05:32.765 17746 18380 D OutputsAudio: [outputs-audio] stop gain=1.000 release=6.00
10-11 18:05:32.826 17746 18380 D OutputsAudio: [outputs-audio] start hz=700.0 gain=1.000 attack=2.50 release=6.00
10-11 18:05:32.826 17746 18380 D OutputsAudio: [outputs-audio] playMorse.symbol.start sequence=12 symbol=- expected=21318991.077 actual=21319005.314 skew=14.237 batchElapsed=1934.237
10-11 18:05:32.835 17746 17829 D OutputsAudio: [outputs-audio] symbol.info sequence=12 symbol=- timestamp=21319005.314 duration=180.000 expected=21318991.077 skew=14.237 age=8.817
10-11 18:05:32.836 17746 17829 I ReactNativeJS: [outputs] playMorse.symbol {"timestamp":21319014.332699,"wallClock":1760220332835,"symbol":"-","durationMs":180,"index":11,"source":"console.replay","correlationId":"console-replay:mgmtql9fnrq00aef","nativeTimestampMs":21319005.314,"nativeDurationMs":180,"nativeOffsetMs":8.938386000692844,"nativeSequence":12,"monotonicTimestampMs":21319005.314,"nativeExpectedTimestampMs":21318991.077,"nativeStartSkewMs":14.237,"nativeBatchElapsedMs":1934.237,"nativeExpectedSincePriorMs":240,"nativeSincePriorMs":241.883,"nativePatternStartMs":21317071.077,"nativeAgeMs":8.817}
10-11 18:05:32.837 17746 17829 I ReactNativeJS: [outputs] outputs.hapticSymbol {"timestamp":21319015.183844,"wallClock":1760220332836,"enabled":true,"symbol":"-","durationMs":180,"platform":"android","source":"console.replay","correlationId":"console-replay:mgmtql9fnrq00aef","timelineOffsetMs":8.938386000692844}
10-11 18:05:32.837 17746 17829 I ReactNativeJS: [outputs] outputs.flashPulse {"timestamp":21319016.174782,"wallClock":1760220332837,"enabled":true,"durationMs":180,"source":"console.replay","correlationId":"console-replay:mgmtql9fnrq00aef","timelineOffsetMs":8.938386000692844,"schedulingMode":"timeline","audioStartHeadroomMs":-33.08200100064278,"audioStartGuard":"headroom","audioStartCompensationMs":33.08200100064278}
10-11 18:05:32.908 17746 17829 I ReactNativeJS: [outputs] outputs.flashPulse.commit {"timestamp":21319086.785563,"wallClock":1760220332908,"durationMs":180,"source":"console.replay","correlationId":"console-replay:mgmtql9fnrq00aef","latencyMs":72.52364600077271,"timelineOffsetMs":8.938386000692844,"leadMs":8,"scheduleSkewMs":70.61432300135493,"schedulingMode":"timeline","audioStartHeadroomMs":-33.08200100064278,"audioStartGuard":"headroom","audioStartCompensationMs":33.08200100064278}
10-11 18:05:33.007 17746 18380 D OutputsAudio: [outputs-audio] stop gain=1.000 release=6.00
10-11 18:05:33.067 17746 18380 D OutputsAudio: [outputs-audio] start hz=700.0 gain=1.000 attack=2.50 release=6.00
10-11 18:05:33.067 17746 18380 D OutputsAudio: [outputs-audio] playMorse.symbol.start sequence=13 symbol=. expected=21319231.077 actual=21319246.553 skew=15.476 batchElapsed=2175.476
10-11 18:05:33.077 17746 17829 D OutputsAudio: [outputs-audio] symbol.info sequence=13 symbol=. timestamp=21319246.553 duration=60.000 expected=21319231.077 skew=15.476 age=9.751
10-11 18:05:33.078 17746 17829 I ReactNativeJS: [outputs] playMorse.symbol {"timestamp":21319256.539834,"wallClock":1760220333077,"symbol":".","durationMs":60,"index":12,"source":"console.replay","correlationId":"console-replay:mgmtqlg57rgm3vvt","nativeTimestampMs":21319246.553,"nativeDurationMs":60,"nativeOffsetMs":9.889959000051022,"nativeSequence":13,"monotonicTimestampMs":21319246.553,"nativeExpectedTimestampMs":21319231.077,"nativeStartSkewMs":15.476,"nativeBatchElapsedMs":2175.476,"nativeExpectedSincePriorMs":240,"nativeSincePriorMs":241.239,"nativePatternStartMs":21317071.077,"nativeAgeMs":9.751}
10-11 18:05:33.079 17746 17829 I ReactNativeJS: [outputs] outputs.hapticSymbol {"timestamp":21319257.544365,"wallClock":1760220333078,"enabled":true,"symbol":".","durationMs":60,"platform":"android","source":"console.replay","correlationId":"console-replay:mgmtqlg57rgm3vvt","timelineOffsetMs":9.889959000051022}
10-11 18:05:33.080 17746 17829 I ReactNativeJS: [outputs] outputs.flashPulse {"timestamp":21319258.737126,"wallClock":1760220333080,"enabled":true,"durationMs":60,"source":"console.replay","correlationId":"console-replay:mgmtqlg57rgm3vvt","timelineOffsetMs":9.889959000051022,"schedulingMode":"timeline","audioStartHeadroomMs":-35.6409070007503,"audioStartGuard":"headroom","audioStartCompensationMs":35.6409070007503}
10-11 18:05:33.128 17746 18380 D OutputsAudio: [outputs-audio] stop gain=1.000 release=6.00
10-11 18:05:33.189 17746 18380 D OutputsAudio: [outputs-audio] start hz=700.0 gain=1.000 attack=2.50 release=6.00
10-11 18:05:33.189 17746 18380 D OutputsAudio: [outputs-audio] playMorse.symbol.start sequence=14 symbol=. expected=21319351.077 actual=21319368.481 skew=17.404 batchElapsed=2297.404
10-11 18:05:33.204 17746 17829 I ReactNativeJS: [outputs] outputs.flashPulse.commit {"timestamp":21319382.621188,"wallClock":1760220333204,"durationMs":60,"source":"console.replay","correlationId":"console-replay:mgmtqlg57rgm3vvt","latencyMs":126.16614599898458,"timelineOffsetMs":9.889959000051022,"leadMs":8,"scheduleSkewMs":123.88770899921656,"schedulingMode":"timeline","audioStartHeadroomMs":-35.6409070007503,"audioStartGuard":"headroom","audioStartCompensationMs":35.6409070007503}
10-11 18:05:33.250 17746 18380 D OutputsAudio: [outputs-audio] stop gain=1.000 release=6.00
10-11 18:05:33.252 17746 17829 D OutputsAudio: [outputs-audio] symbol.info sequence=14 symbol=. timestamp=21319368.481 duration=60.000 expected=21319351.077 skew=17.404 age=62.292
10-11 18:05:33.252 17746 17829 I ReactNativeJS: [outputs] playMorse.symbol {"timestamp":21319430.894834,"wallClock":1760220333252,"symbol":".","durationMs":60,"index":13,"source":"console.replay","correlationId":"console-replay:mgmtqll0e2t33chk","nativeTimestampMs":21319368.481,"nativeDurationMs":60,"nativeOffsetMs":62.36232300102711,"nativeSequence":14,"monotonicTimestampMs":21319368.481,"nativeExpectedTimestampMs":21319351.077,"nativeStartSkewMs":17.404,"nativeBatchElapsedMs":2297.404,"nativeExpectedSincePriorMs":120,"nativeSincePriorMs":121.928,"nativePatternStartMs":21317071.077,"nativeAgeMs":62.292}
10-11 18:05:33.253 17746 17829 I ReactNativeJS: [outputs] outputs.hapticSymbol {"timestamp":21319431.404209,"wallClock":1760220333252,"enabled":true,"symbol":".","durationMs":60,"platform":"android","source":"console.replay","correlationId":"console-replay:mgmtqll0e2t33chk","timelineOffsetMs":62.36232300102711}
10-11 18:05:33.253 17746 17829 I ReactNativeJS: [outputs] outputs.flashPulse {"timestamp":21319431.995198,"wallClock":1760220333253,"enabled":true,"durationMs":60,"source":"console.replay","correlationId":"console-replay:mgmtqll0e2t33chk","timelineOffsetMs":62.36232300102711,"schedulingMode":"timeline","audioStartHeadroomMs":-88.90835500136018,"audioStartGuard":"headroom","audioStartCompensationMs":88.90835500136018}
10-11 18:05:33.308 17746 17829 I ReactNativeJS: [outputs] outputs.flashPulse.commit {"timestamp":21319486.770094,"wallClock":1760220333308,"durationMs":60,"source":"console.replay","correlationId":"console-replay:mgmtqll0e2t33chk","latencyMs":55.91713599860668,"timelineOffsetMs":62.36232300102711,"leadMs":8,"scheduleSkewMs":54.773645997047424,"schedulingMode":"timeline","audioStartHeadroomMs":-88.90835500136018,"audioStartGuard":"headroom","audioStartCompensationMs":88.90835500136018}
10-11 18:05:33.311 17746 18380 D OutputsAudio: [outputs-audio] start hz=700.0 gain=1.000 attack=2.50 release=6.00
10-11 18:05:33.311 17746 18380 D OutputsAudio: [outputs-audio] playMorse.symbol.start sequence=15 symbol=. expected=21319471.077 actual=21319490.470 skew=19.393 batchElapsed=2419.393
10-11 18:05:33.358 17746 17829 D OutputsAudio: [outputs-audio] symbol.info sequence=15 symbol=. timestamp=21319490.470 duration=60.000 expected=21319471.077 skew=19.393 age=46.654
10-11 18:05:33.359 17746 17829 I ReactNativeJS: [outputs] playMorse.symbol {"timestamp":21319537.253532,"wallClock":1760220333358,"symbol":".","durationMs":60,"index":14,"source":"console.replay","correlationId":"console-replay:mgmtqlnyumcucm2m","nativeTimestampMs":21319490.47,"nativeDurationMs":60,"nativeOffsetMs":46.73488600179553,"nativeSequence":15,"monotonicTimestampMs":21319490.47,"nativeExpectedTimestampMs":21319471.077,"nativeStartSkewMs":19.393,"nativeBatchElapsedMs":2419.393,"nativeExpectedSincePriorMs":120,"nativeSincePriorMs":121.989,"nativePatternStartMs":21317071.077,"nativeAgeMs":46.654}
10-11 18:05:33.359 17746 17829 I ReactNativeJS: [outputs] outputs.hapticSymbol {"timestamp":21319537.744521,"wallClock":1760220333359,"enabled":true,"symbol":".","durationMs":60,"platform":"android","source":"console.replay","correlationId":"console-replay:mgmtqlnyumcucm2m","timelineOffsetMs":46.73488600179553}
10-11 18:05:33.359 17746 17829 I ReactNativeJS: [outputs] outputs.flashPulse {"timestamp":21319538.333063,"wallClock":1760220333359,"enabled":true,"durationMs":60,"source":"console.replay","correlationId":"console-replay:mgmtqlnyumcucm2m","timelineOffsetMs":46.73488600179553,"schedulingMode":"timeline","audioStartHeadroomMs":-75.2354380004108,"audioStartGuard":"headroom","audioStartCompensationMs":75.2354380004108}
10-11 18:05:33.372 17746 18380 D OutputsAudio: [outputs-audio] stop gain=1.000 release=6.00
10-11 18:05:33.415 17746 17829 I ReactNativeJS: [outputs] outputs.flashPulse.commit {"timestamp":21319593.43124,"wallClock":1760220333414,"durationMs":60,"source":"console.replay","correlationId":"console-replay:mgmtqlnyumcucm2m","latencyMs":56.21677099913359,"timelineOffsetMs":46.73488600179553,"leadMs":8,"scheduleSkewMs":55.10749999806285,"schedulingMode":"timeline","audioStartHeadroomMs":-75.2354380004108,"audioStartGuard":"headroom","audioStartCompensationMs":75.2354380004108}
10-11 18:05:33.433 17746 18380 D OutputsAudio: [outputs-audio] start hz=700.0 gain=1.000 attack=2.50 release=6.00
10-11 18:05:33.433 17746 18380 D OutputsAudio: [outputs-audio] playMorse.symbol.start sequence=16 symbol=- expected=21319591.077 actual=21319612.495 skew=21.418 batchElapsed=2541.418
10-11 18:05:33.460 17746 17829 D OutputsAudio: [outputs-audio] symbol.info sequence=16 symbol=- timestamp=21319612.495 duration=180.000 expected=21319591.077 skew=21.418 age=26.731
10-11 18:05:33.461 17746 17829 I ReactNativeJS: [outputs] playMorse.symbol {"timestamp":21319639.354573,"wallClock":1760220333460,"symbol":"-","durationMs":180,"index":15,"source":"console.replay","correlationId":"console-replay:mgmtqlqs12jho8kr","nativeTimestampMs":21319612.495,"nativeDurationMs":180,"nativeOffsetMs":26.81368799880147,"nativeSequence":16,"monotonicTimestampMs":21319612.495,"nativeExpectedTimestampMs":21319591.077,"nativeStartSkewMs":21.418,"nativeBatchElapsedMs":2541.418,"nativeExpectedSincePriorMs":120,"nativeSincePriorMs":122.025,"nativePatternStartMs":21317071.077,"nativeAgeMs":26.731}
10-11 18:05:33.461 17746 17829 I ReactNativeJS: [outputs] outputs.hapticSymbol {"timestamp":21319639.774678,"wallClock":1760220333461,"enabled":true,"symbol":"-","durationMs":180,"platform":"android","source":"console.replay","correlationId":"console-replay:mgmtqlqs12jho8kr","timelineOffsetMs":26.81368799880147}
10-11 18:05:33.462 17746 17829 I ReactNativeJS: [outputs] outputs.flashPulse {"timestamp":21319640.452803,"wallClock":1760220333461,"enabled":true,"durationMs":180,"source":"console.replay","correlationId":"console-replay:mgmtqlqs12jho8kr","timelineOffsetMs":26.81368799880147,"schedulingMode":"timeline","audioStartHeadroomMs":-57.36574999988079,"audioStartGuard":"headroom","audioStartCompensationMs":57.36574999988079}
10-11 18:05:33.519 17746 17829 I ReactNativeJS: [outputs] outputs.flashPulse.commit {"timestamp":21319698.106292,"wallClock":1760220333519,"durationMs":180,"source":"console.replay","correlationId":"console-replay:mgmtqlqs12jho8kr","latencyMs":58.7893229983747,"timelineOffsetMs":26.81368799880147,"leadMs":8,"scheduleSkewMs":57.65354199707508,"schedulingMode":"timeline","audioStartHeadroomMs":-57.36574999988079,"audioStartGuard":"headroom","audioStartCompensationMs":57.36574999988079}
10-11 18:05:33.614 17746 18380 D OutputsAudio: [outputs-audio] stop gain=1.000 release=6.00
10-11 18:05:33.674 17746 18380 D OutputsAudio: [outputs-audio] start hz=700.0 gain=1.000 attack=2.50 release=6.00
10-11 18:05:33.674 17746 18380 D OutputsAudio: [outputs-audio] playMorse.symbol.start sequence=17 symbol=- expected=21319831.077 actual=21319853.509 skew=22.432 batchElapsed=2782.432
10-11 18:05:33.686 17746 17829 D OutputsAudio: [outputs-audio] symbol.info sequence=17 symbol=- timestamp=21319853.509 duration=180.000 expected=21319831.077 skew=22.432 age=11.623
10-11 18:05:33.688 17746 17829 I ReactNativeJS: [outputs] playMorse.symbol {"timestamp":21319865.356188,"wallClock":1760220333686,"symbol":"-","durationMs":180,"index":16,"source":"console.replay","correlationId":"console-replay:mgmtqlx2k4kw2tph","nativeTimestampMs":21319853.509,"nativeDurationMs":180,"nativeOffsetMs":11.757240001112223,"nativeSequence":17,"monotonicTimestampMs":21319853.509,"nativeExpectedTimestampMs":21319831.077,"nativeStartSkewMs":22.432,"nativeBatchElapsedMs":2782.432,"nativeExpectedSincePriorMs":240,"nativeSincePriorMs":241.014,"nativePatternStartMs":21317071.077,"nativeAgeMs":11.623}
10-11 18:05:33.689 17746 17829 I ReactNativeJS: [outputs] outputs.hapticSymbol {"timestamp":21319867.257698,"wallClock":1760220333688,"enabled":true,"symbol":"-","durationMs":180,"platform":"android","source":"console.replay","correlationId":"console-replay:mgmtqlx2k4kw2tph","timelineOffsetMs":11.757240001112223}
10-11 18:05:33.690 17746 17829 I ReactNativeJS: [outputs] outputs.flashPulse {"timestamp":21319868.917282,"wallClock":1760220333690,"enabled":true,"durationMs":180,"source":"console.replay","correlationId":"console-replay:mgmtqlx2k4kw2tph","timelineOffsetMs":11.757240001112223,"schedulingMode":"timeline","audioStartHeadroomMs":-45.82397999987006,"audioStartGuard":"headroom","audioStartCompensationMs":45.82397999987006}
10-11 18:05:33.756 17746 17829 I ReactNativeJS: [outputs] outputs.flashPulse.commit {"timestamp":21319934.818688,"wallClock":1760220333756,"durationMs":180,"source":"console.replay","correlationId":"console-replay:mgmtqlx2k4kw2tph","latencyMs":69.54333299770951,"timelineOffsetMs":11.757240001112223,"leadMs":8,"scheduleSkewMs":65.90562499687076,"schedulingMode":"timeline","audioStartHeadroomMs":-45.82397999987006,"audioStartGuard":"headroom","audioStartCompensationMs":45.82397999987006}
10-11 18:05:33.855 17746 18380 D OutputsAudio: [outputs-audio] stop gain=1.000 release=6.00
10-11 18:05:33.916 17746 18380 D OutputsAudio: [outputs-audio] start hz=700.0 gain=1.000 attack=2.50 release=6.00
10-11 18:05:33.916 17746 18380 D OutputsAudio: [outputs-audio] playMorse.symbol.start sequence=18 symbol=- expected=21320071.077 actual=21320095.300 skew=24.223 batchElapsed=3024.223
10-11 18:05:33.928 17746 17829 D OutputsAudio: [outputs-audio] symbol.info sequence=18 symbol=- timestamp=21320095.300 duration=180.000 expected=21320071.077 skew=24.223 age=12.195
10-11 18:05:33.934 17746 17829 I ReactNativeJS: [outputs] playMorse.symbol {"timestamp":21320107.772334,"wallClock":1760220333929,"symbol":"-","durationMs":180,"index":17,"source":"console.replay","correlationId":"console-replay:mgmtqm3tych3s3q3","nativeTimestampMs":21320095.3,"nativeDurationMs":180,"nativeOffsetMs":12.354938000440598,"nativeSequence":18,"monotonicTimestampMs":21320095.3,"nativeExpectedTimestampMs":21320071.077,"nativeStartSkewMs":24.223,"nativeBatchElapsedMs":3024.223,"nativeExpectedSincePriorMs":240,"nativeSincePriorMs":241.791,"nativePatternStartMs":21317071.077,"nativeAgeMs":12.195}
10-11 18:05:33.935 17746 17829 I ReactNativeJS: [outputs] outputs.hapticSymbol {"timestamp":21320112.790563,"wallClock":1760220333934,"enabled":true,"symbol":"-","durationMs":180,"platform":"android","source":"console.replay","correlationId":"console-replay:mgmtqm3tych3s3q3","timelineOffsetMs":12.354938000440598}
10-11 18:05:33.939 17746 17829 I ReactNativeJS: [outputs] outputs.flashPulse {"timestamp":21320116.740823,"wallClock":1760220333938,"enabled":true,"durationMs":180,"source":"console.replay","correlationId":"console-replay:mgmtqm3tych3s3q3","timelineOffsetMs":12.354938000440598,"schedulingMode":"timeline","audioStartHeadroomMs":-53.64215699955821,"audioStartGuard":"headroom","audioStartCompensationMs":53.64215699955821}
10-11 18:05:34.009 17746 17829 I ReactNativeJS: [outputs] outputs.flashPulse.commit {"timestamp":21320187.529052,"wallClock":1760220334008,"durationMs":180,"source":"console.replay","correlationId":"console-replay:mgmtqm3tych3s3q3","latencyMs":79.86505199968815,"timelineOffsetMs":12.354938000440598,"leadMs":8,"scheduleSkewMs":70.79718800261617,"schedulingMode":"timeline","audioStartHeadroomMs":-53.64215699955821,"audioStartGuard":"headroom","audioStartCompensationMs":53.64215699955821}
10-11 18:05:34.097 17746 18380 D OutputsAudio: [outputs-audio] stop gain=1.000 release=6.00
10-11 18:05:34.157 17746 18380 D OutputsAudio: [outputs-audio] start hz=700.0 gain=1.000 attack=2.50 release=6.00
10-11 18:05:34.157 17746 18380 D OutputsAudio: [outputs-audio] playMorse.symbol.start sequence=19 symbol=. expected=21320311.077 actual=21320336.278 skew=25.201 batchElapsed=3265.201
10-11 18:05:34.172 17746 17829 D OutputsAudio: [outputs-audio] symbol.info sequence=19 symbol=. timestamp=21320336.278 duration=60.000 expected=21320311.077 skew=25.201 age=14.628
10-11 18:05:34.173 17746 17829 I ReactNativeJS: [outputs] playMorse.symbol {"timestamp":21320351.167594,"wallClock":1760220334172,"symbol":".","durationMs":60,"index":18,"source":"console.replay","correlationId":"console-replay:mgmtqmak1iz2n6tc","nativeTimestampMs":21320336.278,"nativeDurationMs":60,"nativeOffsetMs":14.788603998720646,"nativeSequence":19,"monotonicTimestampMs":21320336.278,"nativeExpectedTimestampMs":21320311.077,"nativeStartSkewMs":25.201,"nativeBatchElapsedMs":3265.201,"nativeExpectedSincePriorMs":240,"nativeSincePriorMs":240.978,"nativePatternStartMs":21317071.077,"nativeAgeMs":14.628}
10-11 18:05:34.174 17746 17829 I ReactNativeJS: [outputs] outputs.hapticSymbol {"timestamp":21320352.257125,"wallClock":1760220334173,"enabled":true,"symbol":".","durationMs":60,"platform":"android","source":"console.replay","correlationId":"console-replay:mgmtqmak1iz2n6tc","timelineOffsetMs":14.788603998720646}
10-11 18:05:34.175 17746 17829 I ReactNativeJS: [outputs] outputs.flashPulse {"timestamp":21320353.395094,"wallClock":1760220334174,"enabled":true,"durationMs":60,"source":"console.replay","correlationId":"console-replay:mgmtqmak1iz2n6tc","timelineOffsetMs":14.788603998720646,"schedulingMode":"timeline","audioStartHeadroomMs":-50.29949999973178,"audioStartGuard":"headroom","audioStartCompensationMs":50.29949999973178}
10-11 18:05:34.218 17746 18380 D OutputsAudio: [outputs-audio] stop gain=1.000 release=6.00
10-11 18:05:34.242 17746 17829 I ReactNativeJS: [outputs] outputs.flashPulse.commit {"timestamp":21320420.680042,"wallClock":1760220334242,"durationMs":60,"source":"console.replay","correlationId":"console-replay:mgmtqmak1iz2n6tc","latencyMs":69.60380199924111,"timelineOffsetMs":14.788603998720646,"leadMs":8,"scheduleSkewMs":67.29057199880481,"schedulingMode":"timeline","audioStartHeadroomMs":-50.29949999973178,"audioStartGuard":"headroom","audioStartCompensationMs":50.29949999973178}
10-11 18:05:34.279 17746 18380 D OutputsAudio: [outputs-audio] start hz=700.0 gain=1.000 attack=2.50 release=6.00
10-11 18:05:34.279 17746 18380 D OutputsAudio: [outputs-audio] playMorse.symbol.start sequence=20 symbol=. expected=21320431.077 actual=21320457.810 skew=26.733 batchElapsed=3386.733
10-11 18:05:34.286 17746 17829 D OutputsAudio: [outputs-audio] symbol.info sequence=20 symbol=. timestamp=21320457.810 duration=60.000 expected=21320431.077 skew=26.733 age=7.062
10-11 18:05:34.286 17746 17829 I ReactNativeJS: [outputs] playMorse.symbol {"timestamp":21320465.010615,"wallClock":1760220334286,"symbol":".","durationMs":60,"index":19,"source":"console.replay","correlationId":"console-replay:mgmtqmdq0q001evq","nativeTimestampMs":21320457.81,"nativeDurationMs":60,"nativeOffsetMs":7.1486360020935535,"nativeSequence":20,"monotonicTimestampMs":21320457.81,"nativeExpectedTimestampMs":21320431.077,"nativeStartSkewMs":26.733,"nativeBatchElapsedMs":3386.733,"nativeExpectedSincePriorMs":120,"nativeSincePriorMs":121.532,"nativePatternStartMs":21317071.077,"nativeAgeMs":7.062}
10-11 18:05:34.287 17746 17829 I ReactNativeJS: [outputs] outputs.hapticSymbol {"timestamp":21320465.503844,"wallClock":1760220334286,"enabled":true,"symbol":".","durationMs":60,"platform":"android","source":"console.replay","correlationId":"console-replay:mgmtqmdq0q001evq","timelineOffsetMs":7.1486360020935535}
10-11 18:05:34.287 17746 17829 I ReactNativeJS: [outputs] outputs.flashPulse {"timestamp":21320466.077386,"wallClock":1760220334287,"enabled":true,"durationMs":60,"source":"console.replay","correlationId":"console-replay:mgmtqmdq0q001evq","timelineOffsetMs":7.1486360020935535,"schedulingMode":"timeline","audioStartHeadroomMs":-42.99033300206065,"audioStartGuard":"headroom","audioStartCompensationMs":42.99033300206065}
10-11 18:05:34.339 17746 18380 D OutputsAudio: [outputs-audio] stop gain=1.000 release=6.00
10-11 18:05:34.339 17746 17829 I ReactNativeJS: [outputs] outputs.flashPulse.commit {"timestamp":21320518.044677,"wallClock":1760220334339,"durationMs":60,"source":"console.replay","correlationId":"console-replay:mgmtqmdq0q001evq","latencyMs":53.07708299905062,"timelineOffsetMs":7.1486360020935535,"leadMs":8,"scheduleSkewMs":51.96661499887705,"schedulingMode":"timeline","audioStartHeadroomMs":-42.99033300206065,"audioStartGuard":"headroom","audioStartCompensationMs":42.99033300206065}
10-11 18:05:34.400 17746 18380 D OutputsAudio: [outputs-audio] start hz=700.0 gain=1.000 attack=2.50 release=6.00
10-11 18:05:34.400 17746 18380 D OutputsAudio: [outputs-audio] playMorse.symbol.start sequence=21 symbol=. expected=21320551.077 actual=21320579.048 skew=27.971 batchElapsed=3507.971
10-11 18:05:34.418 17746 17829 D OutputsAudio: [outputs-audio] symbol.info sequence=21 symbol=. timestamp=21320579.048 duration=60.000 expected=21320551.077 skew=27.971 age=18.041
10-11 18:05:34.419 17746 17829 I ReactNativeJS: [outputs] playMorse.symbol {"timestamp":21320597.315927,"wallClock":1760220334418,"symbol":".","durationMs":60,"index":20,"source":"console.replay","correlationId":"console-replay:mgmtqmhezfycsr0u","nativeTimestampMs":21320579.048,"nativeDurationMs":60,"nativeOffsetMs":18.176833000034094,"nativeSequence":21,"monotonicTimestampMs":21320579.048,"nativeExpectedTimestampMs":21320551.077,"nativeStartSkewMs":27.971,"nativeBatchElapsedMs":3507.971,"nativeExpectedSincePriorMs":120,"nativeSincePriorMs":121.238,"nativePatternStartMs":21317071.077,"nativeAgeMs":18.041}
10-11 18:05:34.419 17746 17829 I ReactNativeJS: [outputs] outputs.hapticSymbol {"timestamp":21320598.086344,"wallClock":1760220334419,"enabled":true,"symbol":".","durationMs":60,"platform":"android","source":"console.replay","correlationId":"console-replay:mgmtqmhezfycsr0u","timelineOffsetMs":18.176833000034094}
10-11 18:05:34.420 17746 17829 I ReactNativeJS: [outputs] outputs.flashPulse {"timestamp":21320598.796292,"wallClock":1760220334420,"enabled":true,"durationMs":60,"source":"console.replay","correlationId":"console-replay:mgmtqmhezfycsr0u","timelineOffsetMs":18.176833000034094,"schedulingMode":"timeline","audioStartHeadroomMs":-55.706218998879194,"audioStartGuard":"headroom","audioStartCompensationMs":55.706218998879194}
10-11 18:05:34.461 17746 18380 D OutputsAudio: [outputs-audio] stop gain=1.000 release=6.00
10-11 18:05:34.474 17746 17829 I ReactNativeJS: [outputs] outputs.flashPulse.commit {"timestamp":21320652.342958,"wallClock":1760220334473,"durationMs":60,"source":"console.replay","correlationId":"console-replay:mgmtqmhezfycsr0u","latencyMs":55.10812500119209,"timelineOffsetMs":18.176833000034094,"leadMs":8,"scheduleSkewMs":53.54755200073123,"schedulingMode":"timeline","audioStartHeadroomMs":-55.706218998879194,"audioStartGuard":"headroom","audioStartCompensationMs":55.706218998879194}
10-11 18:05:34.522 17746 18380 D OutputsAudio: [outputs-audio] start hz=700.0 gain=1.000 attack=2.50 release=6.00
10-11 18:05:34.522 17746 18380 D OutputsAudio: [outputs-audio] playMorse.symbol.start sequence=22 symbol=- expected=21320671.077 actual=21320700.870 skew=29.793 batchElapsed=3629.793
10-11 18:05:34.529 17746 17829 D OutputsAudio: [outputs-audio] symbol.info sequence=22 symbol=- timestamp=21320700.870 duration=180.000 expected=21320671.077 skew=29.793 age=7.630
10-11 18:05:34.530 17746 17829 I ReactNativeJS: [outputs] playMorse.symbol {"timestamp":21320708.725667,"wallClock":1760220334530,"symbol":"-","durationMs":180,"index":21,"source":"console.replay","correlationId":"console-replay:mgmtqmkigt2yny27","nativeTimestampMs":21320700.87,"nativeDurationMs":180,"nativeOffsetMs":7.769469000399113,"nativeSequence":22,"monotonicTimestampMs":21320700.87,"nativeExpectedTimestampMs":21320671.077,"nativeStartSkewMs":29.793,"nativeBatchElapsedMs":3629.793,"nativeExpectedSincePriorMs":120,"nativeSincePriorMs":121.822,"nativePatternStartMs":21317071.077,"nativeAgeMs":7.63}
10-11 18:05:34.531 17746 17829 I ReactNativeJS: [outputs] outputs.hapticSymbol {"timestamp":21320709.524104,"wallClock":1760220334530,"enabled":true,"symbol":"-","durationMs":180,"platform":"android","source":"console.replay","correlationId":"console-replay:mgmtqmkigt2yny27","timelineOffsetMs":7.769469000399113}
10-11 18:05:34.532 17746 17829 I ReactNativeJS: [outputs] outputs.flashPulse {"timestamp":21320710.442125,"wallClock":1760220334531,"enabled":true,"durationMs":180,"source":"console.replay","correlationId":"console-replay:mgmtqmkigt2yny27","timelineOffsetMs":7.769469000399113,"schedulingMode":"timeline","audioStartHeadroomMs":-47.35293800011277,"audioStartGuard":"headroom","audioStartCompensationMs":47.35293800011277}
10-11 18:05:34.592 17746 17829 I ReactNativeJS: [outputs] outputs.flashPulse.commit {"timestamp":21320770.907281,"wallClock":1760220334592,"durationMs":180,"source":"console.replay","correlationId":"console-replay:mgmtqmkigt2yny27","latencyMs":62.25750000029802,"timelineOffsetMs":7.769469000399113,"leadMs":8,"scheduleSkewMs":60.465052001178265,"schedulingMode":"timeline","audioStartHeadroomMs":-47.35293800011277,"audioStartGuard":"headroom","audioStartCompensationMs":47.35293800011277}
10-11 18:05:34.702 17746 18380 D OutputsAudio: [outputs-audio] stop gain=1.000 release=6.00
10-11 18:05:34.764 17746 18380 D OutputsAudio: [outputs-audio] start hz=700.0 gain=1.000 attack=2.50 release=6.00
10-11 18:05:34.765 17746 18380 D OutputsAudio: [outputs-audio] playMorse.symbol.start sequence=23 symbol=- expected=21320911.077 actual=21320943.823 skew=32.746 batchElapsed=3872.746
10-11 18:05:34.774 17746 17829 D OutputsAudio: [outputs-audio] symbol.info sequence=23 symbol=- timestamp=21320943.823 duration=180.000 expected=21320911.077 skew=32.746 age=8.878
10-11 18:05:34.775 17746 17829 I ReactNativeJS: [outputs] playMorse.symbol {"timestamp":21320952.922906,"wallClock":1760220334774,"symbol":"-","durationMs":180,"index":22,"source":"console.replay","correlationId":"console-replay:mgmtqmrae66td0cm","nativeTimestampMs":21320943.823,"nativeDurationMs":180,"nativeOffsetMs":9.004280999302864,"nativeSequence":23,"monotonicTimestampMs":21320943.823,"nativeExpectedTimestampMs":21320911.077,"nativeStartSkewMs":32.746,"nativeBatchElapsedMs":3872.746,"nativeExpectedSincePriorMs":240,"nativeSincePriorMs":242.953,"nativePatternStartMs":21317071.077,"nativeAgeMs":8.878}
10-11 18:05:34.776 17746 17829 I ReactNativeJS: [outputs] outputs.hapticSymbol {"timestamp":21320954.172698,"wallClock":1760220334775,"enabled":true,"symbol":"-","durationMs":180,"platform":"android","source":"console.replay","correlationId":"console-replay:mgmtqmrae66td0cm","timelineOffsetMs":9.004280999302864}
10-11 18:05:34.777 17746 17829 I ReactNativeJS: [outputs] outputs.flashPulse {"timestamp":21320955.898635,"wallClock":1760220334777,"enabled":true,"durationMs":180,"source":"console.replay","correlationId":"console-replay:mgmtqmrae66td0cm","timelineOffsetMs":9.004280999302864,"schedulingMode":"timeline","audioStartHeadroomMs":-52.80418699979782,"audioStartGuard":"headroom","audioStartCompensationMs":52.80418699979782}
10-11 18:05:34.842 17746 17829 I ReactNativeJS: [outputs] outputs.flashPulse.commit {"timestamp":21321020.263792,"wallClock":1760220334841,"durationMs":180,"source":"console.replay","correlationId":"console-replay:mgmtqmrae66td0cm","latencyMs":67.42630200088024,"timelineOffsetMs":9.004280999302864,"leadMs":8,"scheduleSkewMs":64.36911400035024,"schedulingMode":"timeline","audioStartHeadroomMs":-52.80418699979782,"audioStartGuard":"headroom","audioStartCompensationMs":52.80418699979782}
10-11 18:05:34.945 17746 18380 D OutputsAudio: [outputs-audio] stop gain=1.000 release=6.00
10-11 18:05:35.006 17746 18380 D OutputsAudio: [outputs-audio] start hz=700.0 gain=1.000 attack=2.50 release=6.00
10-11 18:05:35.006 17746 18380 D OutputsAudio: [outputs-audio] playMorse.symbol.start sequence=24 symbol=- expected=21321151.077 actual=21321185.079 skew=34.002 batchElapsed=4114.002
10-11 18:05:35.013 17746 17829 D OutputsAudio: [outputs-audio] symbol.info sequence=24 symbol=- timestamp=21321185.079 duration=180.000 expected=21321151.077 skew=34.002 age=7.196
10-11 18:05:35.015 17746 17829 I ReactNativeJS: [outputs] playMorse.symbol {"timestamp":21321192.489521,"wallClock":1760220335013,"symbol":"-","durationMs":180,"index":23,"source":"console.replay","correlationId":"console-replay:mgmtqmxxpd23jy6o","nativeTimestampMs":21321185.079,"nativeDurationMs":180,"nativeOffsetMs":7.319844000041485,"nativeSequence":24,"monotonicTimestampMs":21321185.079,"nativeExpectedTimestampMs":21321151.077,"nativeStartSkewMs":34.002,"nativeBatchElapsedMs":4114.002,"nativeExpectedSincePriorMs":240,"nativeSincePriorMs":241.257,"nativePatternStartMs":21317071.077,"nativeAgeMs":7.196}
10-11 18:05:35.015 17746 17829 I ReactNativeJS: [outputs] outputs.hapticSymbol {"timestamp":21321193.986292,"wallClock":1760220335015,"enabled":true,"symbol":"-","durationMs":180,"platform":"android","source":"console.replay","correlationId":"console-replay:mgmtqmxxpd23jy6o","timelineOffsetMs":7.319844000041485}
10-11 18:05:35.016 17746 17829 I ReactNativeJS: [outputs] outputs.flashPulse {"timestamp":21321195.029156,"wallClock":1760220335016,"enabled":true,"durationMs":180,"source":"console.replay","correlationId":"console-replay:mgmtqmxxpd23jy6o","timelineOffsetMs":7.319844000041485,"schedulingMode":"timeline","audioStartHeadroomMs":-51.93408299982548,"audioStartGuard":"headroom","audioStartCompensationMs":51.93408299982548}
10-11 18:05:35.085 17746 17829 I ReactNativeJS: [outputs] outputs.flashPulse.commit {"timestamp":21321263.212906,"wallClock":1760220335084,"durationMs":180,"source":"console.replay","correlationId":"console-replay:mgmtqmxxpd23jy6o","latencyMs":70.80406200140715,"timelineOffsetMs":7.319844000041485,"leadMs":8,"scheduleSkewMs":68.1887500025332,"schedulingMode":"timeline","audioStartHeadroomMs":-51.93408299982548,"audioStartGuard":"headroom","audioStartCompensationMs":51.93408299982548}
10-11 18:05:35.187 17746 18380 D OutputsAudio: [outputs-audio] stop gain=1.000 release=6.00
10-11 18:05:35.248 17746 18380 D OutputsAudio: [outputs-audio] start hz=700.0 gain=1.000 attack=2.50 release=6.00
10-11 18:05:35.248 17746 18380 D OutputsAudio: [outputs-audio] playMorse.symbol.start sequence=25 symbol=. expected=21321391.077 actual=21321426.730 skew=35.653 batchElapsed=4355.653
10-11 18:05:35.258 17746 17829 D OutputsAudio: [outputs-audio] symbol.info sequence=25 symbol=. timestamp=21321426.730 duration=60.000 expected=21321391.077 skew=35.653 age=10.228
10-11 18:05:35.259 17746 17829 I ReactNativeJS: [outputs] playMorse.symbol {"timestamp":21321437.161916,"wallClock":1760220335258,"symbol":".","durationMs":60,"index":24,"source":"console.replay","correlationId":"console-replay:mgmtqn4qzg05mq23","nativeTimestampMs":21321426.73,"nativeDurationMs":60,"nativeOffsetMs":10.359832998365164,"nativeSequence":25,"monotonicTimestampMs":21321426.73,"nativeExpectedTimestampMs":21321391.077,"nativeStartSkewMs":35.653,"nativeBatchElapsedMs":4355.653,"nativeExpectedSincePriorMs":240,"nativeSincePriorMs":241.65,"nativePatternStartMs":21317071.077,"nativeAgeMs":10.228}
10-11 18:05:35.260 17746 17829 I ReactNativeJS: [outputs] outputs.hapticSymbol {"timestamp":21321438.362646,"wallClock":1760220335259,"enabled":true,"symbol":".","durationMs":60,"platform":"android","source":"console.replay","correlationId":"console-replay:mgmtqn4qzg05mq23","timelineOffsetMs":10.359832998365164}
10-11 18:05:35.261 17746 17829 I ReactNativeJS: [outputs] outputs.flashPulse {"timestamp":21321439.499208,"wallClock":1760220335260,"enabled":true,"durationMs":60,"source":"console.replay","correlationId":"console-replay:mgmtqn4qzg05mq23","timelineOffsetMs":10.359832998365164,"schedulingMode":"timeline","audioStartHeadroomMs":-56.406895998865366,"audioStartGuard":"headroom","audioStartCompensationMs":56.406895998865366}
10-11 18:05:35.308 17746 18380 D OutputsAudio: [outputs-audio] stop gain=1.000 release=6.00
10-11 18:05:35.333 17746 17829 I ReactNativeJS: [outputs] outputs.flashPulse.commit {"timestamp":21321511.484521,"wallClock":1760220335332,"durationMs":60,"source":"console.replay","correlationId":"console-replay:mgmtqn4qzg05mq23","latencyMs":74.38526000082493,"timelineOffsetMs":10.359832998365164,"leadMs":8,"scheduleSkewMs":71.98833299800754,"schedulingMode":"timeline","audioStartHeadroomMs":-56.406895998865366,"audioStartGuard":"headroom","audioStartCompensationMs":56.406895998865366}
10-11 18:05:35.369 17746 18380 D OutputsAudio: [outputs-audio] start hz=700.0 gain=1.000 attack=2.50 release=6.00
10-11 18:05:35.369 17746 18380 D OutputsAudio: [outputs-audio] playMorse.symbol.start sequence=26 symbol=. expected=21321511.077 actual=21321547.891 skew=36.813 batchElapsed=4476.813
10-11 18:05:35.378 17746 17829 D OutputsAudio: [outputs-audio] symbol.info sequence=26 symbol=. timestamp=21321547.891 duration=60.000 expected=21321511.077 skew=36.813 age=9.084
10-11 18:05:35.378 17746 17829 I ReactNativeJS: [outputs] playMorse.symbol {"timestamp":21321557.101396,"wallClock":1760220335378,"symbol":".","durationMs":60,"index":25,"source":"console.replay","correlationId":"console-replay:mgmtqn828rrbvlin","nativeTimestampMs":21321547.891,"nativeDurationMs":60,"nativeOffsetMs":9.161125000566244,"nativeSequence":26,"monotonicTimestampMs":21321547.891,"nativeExpectedTimestampMs":21321511.077,"nativeStartSkewMs":36.813,"nativeBatchElapsedMs":4476.813,"nativeExpectedSincePriorMs":120,"nativeSincePriorMs":121.161,"nativePatternStartMs":21317071.077,"nativeAgeMs":9.084}
10-11 18:05:35.379 17746 17829 I ReactNativeJS: [outputs] outputs.hapticSymbol {"timestamp":21321557.547333,"wallClock":1760220335378,"enabled":true,"symbol":".","durationMs":60,"platform":"android","source":"console.replay","correlationId":"console-replay:mgmtqn828rrbvlin","timelineOffsetMs":9.161125000566244}
10-11 18:05:35.379 17746 17829 I ReactNativeJS: [outputs] outputs.flashPulse {"timestamp":21321558.122489,"wallClock":1760220335379,"enabled":true,"durationMs":60,"source":"console.replay","correlationId":"console-replay:mgmtqn828rrbvlin","timelineOffsetMs":9.161125000566244,"schedulingMode":"timeline","audioStartHeadroomMs":-55.036635000258684,"audioStartGuard":"headroom","audioStartCompensationMs":55.036635000258684}
10-11 18:05:35.430 17746 18380 D OutputsAudio: [outputs-audio] stop gain=1.000 release=6.00
10-11 18:05:35.433 17746 17829 I ReactNativeJS: [outputs] outputs.flashPulse.commit {"timestamp":21321611.651083,"wallClock":1760220335433,"durationMs":60,"source":"console.replay","correlationId":"console-replay:mgmtqn828rrbvlin","latencyMs":54.59025999903679,"timelineOffsetMs":9.161125000566244,"leadMs":8,"scheduleSkewMs":53.527291998267174,"schedulingMode":"timeline","audioStartHeadroomMs":-55.036635000258684,"audioStartGuard":"headroom","audioStartCompensationMs":55.036635000258684}
10-11 18:05:35.491 17746 18380 D OutputsAudio: [outputs-audio] start hz=700.0 gain=1.000 attack=2.50 release=6.00
10-11 18:05:35.491 17746 18380 D OutputsAudio: [outputs-audio] playMorse.symbol.start sequence=27 symbol=. expected=21321631.077 actual=21321670.372 skew=39.295 batchElapsed=4599.295
10-11 18:05:35.507 17746 17829 D OutputsAudio: [outputs-audio] symbol.info sequence=27 symbol=. timestamp=21321670.372 duration=60.000 expected=21321631.077 skew=39.295 age=15.749
10-11 18:05:35.508 17746 17829 I ReactNativeJS: [outputs] playMorse.symbol {"timestamp":21321686.359885,"wallClock":1760220335507,"symbol":".","durationMs":60,"index":26,"source":"console.replay","correlationId":"console-replay:mgmtqnbn2zoubssb","nativeTimestampMs":21321670.372,"nativeDurationMs":60,"nativeOffsetMs":15.902363996952772,"nativeSequence":27,"monotonicTimestampMs":21321670.372,"nativeExpectedTimestampMs":21321631.077,"nativeStartSkewMs":39.295,"nativeBatchElapsedMs":4599.295,"nativeExpectedSincePriorMs":120,"nativeSincePriorMs":122.481,"nativePatternStartMs":21317071.077,"nativeAgeMs":15.749}
10-11 18:05:35.509 17746 17829 I ReactNativeJS: [outputs] outputs.hapticSymbol {"timestamp":21321687.227177,"wallClock":1760220335508,"enabled":true,"symbol":".","durationMs":60,"platform":"android","source":"console.replay","correlationId":"console-replay:mgmtqnbn2zoubssb","timelineOffsetMs":15.902363996952772}
10-11 18:05:35.510 17746 17829 I ReactNativeJS: [outputs] outputs.flashPulse {"timestamp":21321688.156343,"wallClock":1760220335509,"enabled":true,"durationMs":60,"source":"console.replay","correlationId":"console-replay:mgmtqnbn2zoubssb","timelineOffsetMs":15.902363996952772,"schedulingMode":"timeline","audioStartHeadroomMs":-65.06741600111127,"audioStartGuard":"headroom","audioStartCompensationMs":65.06741600111127}
10-11 18:05:35.552 17746 18380 D OutputsAudio: [outputs-audio] stop gain=1.000 release=6.00
10-11 18:05:35.552 17746 18380 D OutputsAudio: [outputs-audio] stop gain=1.000 release=6.00
10-11 18:05:35.552 17746 18380 D OutputsAudio: [outputs-audio] playMorse.end cancelled=0
10-11 18:05:35.567 17746 17829 I ReactNativeJS: [outputs] outputs.flashPulse.commit {"timestamp":21321745.737593,"wallClock":1760220335567,"durationMs":60,"source":"console.replay","correlationId":"console-replay:mgmtqnbn2zoubssb","latencyMs":59.45328100025654,"timelineOffsetMs":15.902363996952772,"leadMs":8,"scheduleSkewMs":57.58171799778938,"schedulingMode":"timeline","audioStartHeadroomMs":-65.06741600111127,"audioStartGuard":"headroom","audioStartCompensationMs":65.06741600111127}
10-11 18:05:35.612 17746 17829 I ReactNativeJS: [outputs] playMorse.complete {"timestamp":21321790.18301,"wallClock":1760220335611,"durationMs":4917.868383999914,"source":"console.replay","audioEnabled":true,"audioVolumePercent":100}
10-11 18:05:38.318 17746 17829 I ReactNativeJS: [outputs] playMorse.start {"timestamp":21324494.731759,"wallClock":1760220338316,"unitMs":48,"length":28,"source":"console.replay","audioEnabled":true,"audioVolumePercent":100}
10-11 18:05:38.481 17746 17829 D OutputsAudio: [outputs-audio] warmup hz=700.0
10-11 18:05:38.482 17746 18417 D OutputsAudio: [outputs-audio] playMorse.start count=27 unit=48.0
10-11 18:05:38.482 17746 18417 D OutputsAudio: [outputs-audio] start hz=700.0 gain=1.000 attack=2.50 release=6.00
10-11 18:05:38.482 17746 18417 D OutputsAudio: [outputs-audio] playMorse.symbol.start sequence=1 symbol=. expected=21324660.777 actual=21324660.788 skew=0.011 batchElapsed=0.011
10-11 18:05:38.493 17746 17829 D OutputsAudio: [outputs-audio] symbol.info sequence=1 symbol=. timestamp=21324660.788 duration=48.000 expected=21324660.777 skew=0.011 age=11.583
10-11 18:05:38.494 17746 17829 I ReactNativeJS: [outputs] playMorse.symbol {"timestamp":21324672.590457,"wallClock":1760220338494,"symbol":".","durationMs":48,"index":0,"source":"console.replay","correlationId":"console-replay:mgmtqpmltk3qwhz8","nativeTimestampMs":21324660.788,"nativeDurationMs":48,"nativeOffsetMs":11.710061002522707,"nativeSequence":1,"monotonicTimestampMs":21324660.788,"nativeExpectedTimestampMs":21324660.777,"nativeStartSkewMs":0.011,"nativeBatchElapsedMs":0.011,"nativeExpectedSincePriorMs":0,"nativeSincePriorMs":0,"nativePatternStartMs":21324660.777,"nativeAgeMs":11.583}
10-11 18:05:38.495 17746 17829 I ReactNativeJS: [outputs] outputs.hapticSymbol {"timestamp":21324673.594571,"wallClock":1760220338495,"enabled":true,"symbol":".","durationMs":48,"platform":"android","source":"console.replay","correlationId":"console-replay:mgmtqpmltk3qwhz8","timelineOffsetMs":11.710061002522707}
10-11 18:05:38.496 17746 17829 I ReactNativeJS: [outputs] outputs.flashPulse {"timestamp":21324674.670353,"wallClock":1760220338496,"enabled":true,"durationMs":48,"source":"console.replay","correlationId":"console-replay:mgmtqpmltk3qwhz8","timelineOffsetMs":11.710061002522707,"schedulingMode":"timeline","audioStartHeadroomMs":-21.872988000512123,"audioStartGuard":"headroom","audioStartCompensationMs":21.872988000512123}
10-11 18:05:38.531 17746 18417 D OutputsAudio: [outputs-audio] stop gain=1.000 release=6.00
