10-11 15:02:26.825 21612 21675 I ReactNativeJS: [outputs] playMorse.symbol {"timestamp":10370345.583594,"wallClock":1760209346824,"symbol":".","durationMs":80,"index":25,"source":"console.replay","correlationId":"console-replay:mgmn74eglsavoert","nativeTimestampMs":10370323.612,"nativeDurationMs":80,"nativeOffsetMs":21.889459000900388,"nativeSequence":26,"monotonicTimestampMs":10370323.612}
10-11 15:02:26.825 21612 21675 I ReactNativeJS: [outputs] outputs.hapticSymbol {"timestamp":10370346.357709,"wallClock":1760209346825,"enabled":true,"symbol":".","durationMs":80,"platform":"android","source":"console.replay","correlationId":"console-replay:mgmn74eglsavoert","timelineOffsetMs":21.889459000900388}
10-11 15:02:26.826 21612 21675 I ReactNativeJS: [outputs] outputs.flashPulse {"timestamp":10370347.443698,"wallClock":1760209346826,"enabled":true,"durationMs":80,"source":"console.replay","correlationId":"console-replay:mgmn74eglsavoert","timelineOffsetMs":21.889459000900388}
10-11 15:02:26.878 21612 21675 I ReactNativeJS: [outputs] outputs.flashPulse.commit {"timestamp":10370398.945156,"wallClock":1760209346877,"durationMs":80,"source":"console.replay","correlationId":"console-replay:mgmn74eglsavoert","latencyMs":53.43859300017357,"timelineOffsetMs":21.889459000900388}
10-11 15:02:26.882 21612 26451 D OutputsAudio: [outputs-audio] stop gain=1.000 release=6.00
10-11 15:02:26.962 21612 26451 D OutputsAudio: [outputs-audio] start hz=700.0 gain=1.000 attack=2.50 release=6.00
10-11 15:02:26.972 21612 21675 D OutputsAudio: [outputs-audio] symbol.info sequence=27 symbol=. timestamp=10370484.132 duration=80.000
10-11 15:02:26.973 21612 21675 I ReactNativeJS: [outputs] playMorse.symbol {"timestamp":10370493.906615,"wallClock":1760209346972,"symbol":".","durationMs":80,"index":26,"source":"console.replay","correlationId":"console-replay:mgmn74ikwbm64x85","nativeTimestampMs":10370484.132,"nativeDurationMs":80,"nativeOffsetMs":9.670917000621557,"nativeSequence":27,"monotonicTimestampMs":10370484.132}
10-11 15:02:26.974 21612 21675 I ReactNativeJS: [outputs] outputs.hapticSymbol {"timestamp":10370494.88625,"wallClock":1760209346973,"enabled":true,"symbol":".","durationMs":80,"platform":"android","source":"console.replay","correlationId":"console-replay:mgmn74ikwbm64x85","timelineOffsetMs":9.670917000621557}
10-11 15:02:26.975 21612 21675 I ReactNativeJS: [outputs] outputs.flashPulse {"timestamp":10370496.591511,"wallClock":1760209346975,"enabled":true,"durationMs":80,"source":"console.replay","correlationId":"console-replay:mgmn74ikwbm64x85","timelineOffsetMs":9.670917000621557}
10-11 15:02:27.043 21612 26451 D OutputsAudio: [outputs-audio] stop gain=1.000 release=6.00
10-11 15:02:27.066 21612 21675 I ReactNativeJS: [outputs] outputs.flashPulse.commit {"timestamp":10370587.635886,"wallClock":1760209347066,"durationMs":80,"source":"console.replay","correlationId":"console-replay:mgmn74ikwbm64x85","latencyMs":93.82822900079191,"timelineOffsetMs":9.670917000621557}
10-11 15:02:27.113 21612 21675 I ReactNativeJS: [outputs] playMorse.complete {"timestamp":10370633.727292,"wallClock":1760209347112,"durationMs":6524.322705999017,"source":"console.replay","audioEnabled":true,"audioVolumePercent":100}
10-11 15:02:27.124 21612 26451 D OutputsAudio: [outputs-audio] stop gain=0.000 release=6.00
10-11 15:02:27.124 21612 26451 D OutputsAudio: [outputs-audio] playMorse.end cancelled=0
10-11 15:02:29.840 21612 21675 I ReactNativeJS: [outputs] playMorse.start {"timestamp":10373360.98177,"wallClock":1760209349839,"unitMs":60,"length":28,"source":"console.replay","audioEnabled":true,"audioVolumePercent":100}
10-11 15:02:30.027 21612 21675 D OutputsAudio: [outputs-audio] warmup hz=700.0
10-11 15:02:30.028 21612 26494 D OutputsAudio: [outputs-audio] playMorse.start count=27 unit=60.0
10-11 15:02:30.028 21612 26494 D OutputsAudio: [outputs-audio] start hz=700.0 gain=1.000 attack=2.50 release=6.00
10-11 15:02:30.037 21612 21675 D OutputsAudio: [outputs-audio] symbol.info sequence=1 symbol=. timestamp=10373549.324 duration=60.000
10-11 15:02:30.038 21612 21675 I ReactNativeJS: [outputs] playMorse.symbol {"timestamp":10373558.575155,"wallClock":1760209350037,"symbol":".","durationMs":60,"index":0,"source":"console.replay","correlationId":"console-replay:mgmn76vpnplawahp","nativeTimestampMs":10373549.324,"nativeDurationMs":60,"nativeOffsetMs":9.158134000375867,"nativeSequence":1,"monotonicTimestampMs":10373549.324}
10-11 15:02:30.039 21612 21675 I ReactNativeJS: [outputs] outputs.hapticSymbol {"timestamp":10373559.618176,"wallClock":1760209350038,"enabled":true,"symbol":".","durationMs":60,"platform":"android","source":"console.replay","correlationId":"console-replay:mgmn76vpnplawahp","timelineOffsetMs":9.158134000375867}
10-11 15:02:30.040 21612 21675 I ReactNativeJS: [outputs] outputs.flashPulse {"timestamp":10373561.005259,"wallClock":1760209350039,"enabled":true,"durationMs":60,"source":"console.replay","correlationId":"console-replay:mgmn76vpnplawahp","timelineOffsetMs":9.158134000375867}
10-11 15:02:30.089 21612 26494 D OutputsAudio: [outputs-audio] stop gain=1.000 release=6.00
10-11 15:02:30.108 21612 21675 I ReactNativeJS: [outputs] outputs.flashPulse.commit {"timestamp":10373628.748332,"wallClock":1760209350107,"durationMs":60,"source":"console.replay","correlationId":"console-replay:mgmn76vpnplawahp","latencyMs":70.26177100092173,"timelineOffsetMs":9.158134000375867}
10-11 15:02:30.149 21612 26494 D OutputsAudio: [outputs-audio] start hz=700.0 gain=1.000 attack=2.50 release=6.00
10-11 15:02:30.156 21612 21675 D OutputsAudio: [outputs-audio] symbol.info sequence=2 symbol=. timestamp=10373670.765 duration=60.000
10-11 15:02:30.157 21612 21675 I ReactNativeJS: [outputs] playMorse.symbol {"timestamp":10373677.960572,"wallClock":1760209350156,"symbol":".","durationMs":60,"index":1,"source":"console.replay","correlationId":"console-replay:mgmn76z077mka40f","nativeTimestampMs":10373670.765,"nativeDurationMs":60,"nativeOffsetMs":7.143644999712706,"nativeSequence":2,"monotonicTimestampMs":10373670.765}
10-11 15:02:30.157 21612 21675 I ReactNativeJS: [outputs] outputs.hapticSymbol {"timestamp":10373678.477499,"wallClock":1760209350157,"enabled":true,"symbol":".","durationMs":60,"platform":"android","source":"console.replay","correlationId":"console-replay:mgmn76z077mka40f","timelineOffsetMs":7.143644999712706}
10-11 15:02:30.158 21612 21675 I ReactNativeJS: [outputs] outputs.flashPulse {"timestamp":10373679.187968,"wallClock":1760209350158,"enabled":true,"durationMs":60,"source":"console.replay","correlationId":"console-replay:mgmn76z077mka40f","timelineOffsetMs":7.143644999712706}
10-11 15:02:30.209 21612 26494 D OutputsAudio: [outputs-audio] stop gain=1.000 release=6.00
10-11 15:02:30.214 21612 21675 I ReactNativeJS: [outputs] outputs.flashPulse.commit {"timestamp":10373735.343488,"wallClock":1760209350214,"durationMs":60,"source":"console.replay","correlationId":"console-replay:mgmn76z077mka40f","latencyMs":57.429948000237346,"timelineOffsetMs":7.143644999712706}
10-11 15:02:30.270 21612 26494 D OutputsAudio: [outputs-audio] start hz=700.0 gain=1.000 attack=2.50 release=6.00
10-11 15:02:30.282 21612 21675 D OutputsAudio: [outputs-audio] symbol.info sequence=3 symbol=. timestamp=10373792.183 duration=60.000
10-11 15:02:30.283 21612 21675 I ReactNativeJS: [outputs] playMorse.symbol {"timestamp":10373803.765259,"wallClock":1760209350282,"symbol":".","durationMs":60,"index":2,"source":"console.replay","correlationId":"console-replay:mgmn772iw73bj1gn","nativeTimestampMs":10373792.183,"nativeDurationMs":60,"nativeOffsetMs":11.51137400045991,"nativeSequence":3,"monotonicTimestampMs":10373792.183}
10-11 15:02:30.283 21612 21675 I ReactNativeJS: [outputs] outputs.hapticSymbol {"timestamp":10373804.487655,"wallClock":1760209350283,"enabled":true,"symbol":".","durationMs":60,"platform":"android","source":"console.replay","correlationId":"console-replay:mgmn772iw73bj1gn","timelineOffsetMs":11.51137400045991}
10-11 15:02:30.284 21612 21675 I ReactNativeJS: [outputs] outputs.flashPulse {"timestamp":10373805.36302,"wallClock":1760209350284,"enabled":true,"durationMs":60,"source":"console.replay","correlationId":"console-replay:mgmn772iw73bj1gn","timelineOffsetMs":11.51137400045991}
10-11 15:02:30.331 21612 26494 D OutputsAudio: [outputs-audio] stop gain=1.000 release=6.00
10-11 15:02:30.349 21612 21675 I ReactNativeJS: [outputs] outputs.flashPulse.commit {"timestamp":10373870.398905,"wallClock":1760209350349,"durationMs":60,"source":"console.replay","correlationId":"console-replay:mgmn772iw73bj1gn","latencyMs":66.70005199871957,"timelineOffsetMs":11.51137400045991}
10-11 15:02:30.392 21612 26494 D OutputsAudio: [outputs-audio] start hz=700.0 gain=1.000 attack=2.50 release=6.00
10-11 15:02:30.399 21612 21675 D OutputsAudio: [outputs-audio] symbol.info sequence=4 symbol=- timestamp=10373913.520 duration=180.000
10-11 15:02:30.400 21612 21675 I ReactNativeJS: [outputs] playMorse.symbol {"timestamp":10373920.783801,"wallClock":1760209350399,"symbol":"-","durationMs":180,"index":3,"source":"console.replay","correlationId":"console-replay:mgmn775rqz8ymo63","nativeTimestampMs":10373913.52,"nativeDurationMs":180,"nativeOffsetMs":7.212968001142144,"nativeSequence":4,"monotonicTimestampMs":10373913.52}
10-11 15:02:30.400 21612 21675 I ReactNativeJS: [outputs] outputs.hapticSymbol {"timestamp":10373921.264322,"wallClock":1760209350400,"enabled":true,"symbol":"-","durationMs":180,"platform":"android","source":"console.replay","correlationId":"console-replay:mgmn775rqz8ymo63","timelineOffsetMs":7.212968001142144}
10-11 15:02:30.401 21612 21675 I ReactNativeJS: [outputs] outputs.flashPulse {"timestamp":10373921.982916,"wallClock":1760209350400,"enabled":true,"durationMs":180,"source":"console.replay","correlationId":"console-replay:mgmn775rqz8ymo63","timelineOffsetMs":7.212968001142144}
10-11 15:02:30.462 21612 21675 I ReactNativeJS: [outputs] outputs.flashPulse.commit {"timestamp":10373983.010155,"wallClock":1760209350461,"durationMs":180,"source":"console.replay","correlationId":"console-replay:mgmn775rqz8ymo63","latencyMs":62.27312499843538,"timelineOffsetMs":7.212968001142144}
10-11 15:02:30.572 21612 26494 D OutputsAudio: [outputs-audio] stop gain=1.000 release=6.00
10-11 15:02:30.633 21612 26494 D OutputsAudio: [outputs-audio] start hz=700.0 gain=1.000 attack=2.50 release=6.00
10-11 15:02:30.646 21612 21675 D OutputsAudio: [outputs-audio] symbol.info sequence=5 symbol=- timestamp=10374154.949 duration=180.000
10-11 15:02:30.648 21612 21675 I ReactNativeJS: [outputs] playMorse.symbol {"timestamp":10374167.642238,"wallClock":1760209350646,"symbol":"-","durationMs":180,"index":4,"source":"console.replay","correlationId":"console-replay:mgmn77cmjarmgp31","nativeTimestampMs":10374154.949,"nativeDurationMs":180,"nativeOffsetMs":12.602613000199199,"nativeSequence":5,"monotonicTimestampMs":10374154.949}
10-11 15:02:30.649 21612 21675 I ReactNativeJS: [outputs] outputs.hapticSymbol {"timestamp":10374169.282915,"wallClock":1760209350648,"enabled":true,"symbol":"-","durationMs":180,"platform":"android","source":"console.replay","correlationId":"console-replay:mgmn77cmjarmgp31","timelineOffsetMs":12.602613000199199}
10-11 15:02:30.652 21612 21675 I ReactNativeJS: [outputs] outputs.flashPulse {"timestamp":10374172.946197,"wallClock":1760209350651,"enabled":true,"durationMs":180,"source":"console.replay","correlationId":"console-replay:mgmn77cmjarmgp31","timelineOffsetMs":12.602613000199199}
10-11 15:02:30.711 21612 21675 I ReactNativeJS: [outputs] outputs.flashPulse.commit {"timestamp":10374232.299582,"wallClock":1760209350711,"durationMs":180,"source":"console.replay","correlationId":"console-replay:mgmn77cmjarmgp31","latencyMs":64.74312500096858,"timelineOffsetMs":12.602613000199199}
10-11 15:02:30.813 21612 26494 D OutputsAudio: [outputs-audio] stop gain=1.000 release=6.00
10-11 15:02:30.875 21612 26494 D OutputsAudio: [outputs-audio] start hz=700.0 gain=1.000 attack=2.50 release=6.00
10-11 15:02:30.896 21612 21675 D OutputsAudio: [outputs-audio] symbol.info sequence=6 symbol=- timestamp=10374397.049 duration=180.000
10-11 15:02:30.899 21612 21675 I ReactNativeJS: [outputs] playMorse.symbol {"timestamp":10374417.904947,"wallClock":1760209350896,"symbol":"-","durationMs":180,"index":5,"source":"console.replay","correlationId":"console-replay:mgmn77jk8op8i277","nativeTimestampMs":10374397.049,"nativeDurationMs":180,"nativeOffsetMs":20.73266499862075,"nativeSequence":6,"monotonicTimestampMs":10374397.049}
10-11 15:02:30.900 21612 21675 I ReactNativeJS: [outputs] outputs.hapticSymbol {"timestamp":10374420.484634,"wallClock":1760209350899,"enabled":true,"symbol":"-","durationMs":180,"platform":"android","source":"console.replay","correlationId":"console-replay:mgmn77jk8op8i277","timelineOffsetMs":20.73266499862075}
10-11 15:02:30.904 21612 21675 I ReactNativeJS: [outputs] outputs.flashPulse {"timestamp":10374424.618905,"wallClock":1760209350903,"enabled":true,"durationMs":180,"source":"console.replay","correlationId":"console-replay:mgmn77jk8op8i277","timelineOffsetMs":20.73266499862075}
10-11 15:02:30.963 21612 21675 I ReactNativeJS: [outputs] outputs.flashPulse.commit {"timestamp":10374484.068019,"wallClock":1760209350962,"durationMs":180,"source":"console.replay","correlationId":"console-replay:mgmn77jk8op8i277","latencyMs":66.28182299993932,"timelineOffsetMs":20.73266499862075}
10-11 15:02:31.056 21612 26494 D OutputsAudio: [outputs-audio] stop gain=1.000 release=6.00
10-11 15:02:31.116 21612 26494 D OutputsAudio: [outputs-audio] start hz=700.0 gain=1.000 attack=2.50 release=6.00
10-11 15:02:31.130 21612 21675 D OutputsAudio: [outputs-audio] symbol.info sequence=7 symbol=. timestamp=10374637.581 duration=60.000
10-11 15:02:31.131 21612 21675 I ReactNativeJS: [outputs] playMorse.symbol {"timestamp":10374651.785155,"wallClock":1760209351130,"symbol":".","durationMs":60,"index":6,"source":"console.replay","correlationId":"console-replay:mgmn77q28ankcpu5","nativeTimestampMs":10374637.581,"nativeDurationMs":60,"nativeOffsetMs":14.102800998836756,"nativeSequence":7,"monotonicTimestampMs":10374637.581}
10-11 15:02:31.132 21612 21675 I ReactNativeJS: [outputs] outputs.hapticSymbol {"timestamp":10374653.128332,"wallClock":1760209351132,"enabled":true,"symbol":".","durationMs":60,"platform":"android","source":"console.replay","correlationId":"console-replay:mgmn77q28ankcpu5","timelineOffsetMs":14.102800998836756}
10-11 15:02:31.134 21612 21675 I ReactNativeJS: [outputs] outputs.flashPulse {"timestamp":10374655.433228,"wallClock":1760209351134,"enabled":true,"durationMs":60,"source":"console.replay","correlationId":"console-replay:mgmn77q28ankcpu5","timelineOffsetMs":14.102800998836756}
10-11 15:02:31.176 21612 26494 D OutputsAudio: [outputs-audio] stop gain=1.000 release=6.00
10-11 15:02:31.199 21612 21675 I ReactNativeJS: [outputs] outputs.flashPulse.commit {"timestamp":10374720.306561,"wallClock":1760209351199,"durationMs":60,"source":"console.replay","correlationId":"console-replay:mgmn77q28ankcpu5","latencyMs":68.61770800128579,"timelineOffsetMs":14.102800998836756}
10-11 15:02:31.237 21612 26494 D OutputsAudio: [outputs-audio] start hz=700.0 gain=1.000 attack=2.50 release=6.00
10-11 15:02:31.242 21612 21675 D OutputsAudio: [outputs-audio] symbol.info sequence=8 symbol=. timestamp=10374758.374 duration=60.000
10-11 15:02:31.243 21612 21675 I ReactNativeJS: [outputs] playMorse.symbol {"timestamp":10374763.966665,"wallClock":1760209351242,"symbol":".","durationMs":60,"index":7,"source":"console.replay","correlationId":"console-replay:mgmn77t678meqwby","nativeTimestampMs":10374758.374,"nativeDurationMs":60,"nativeOffsetMs":5.541207000613213,"nativeSequence":8,"monotonicTimestampMs":10374758.374}
10-11 15:02:31.243 21612 21675 I ReactNativeJS: [outputs] outputs.hapticSymbol {"timestamp":10374764.512082,"wallClock":1760209351243,"enabled":true,"symbol":".","durationMs":60,"platform":"android","source":"console.replay","correlationId":"console-replay:mgmn77t678meqwby","timelineOffsetMs":5.541207000613213}
10-11 15:02:31.244 21612 21675 I ReactNativeJS: [outputs] outputs.flashPulse {"timestamp":10374765.265363,"wallClock":1760209351244,"enabled":true,"durationMs":60,"source":"console.replay","correlationId":"console-replay:mgmn77t678meqwby","timelineOffsetMs":5.541207000613213}
10-11 15:02:31.295 21612 21675 I ReactNativeJS: [outputs] outputs.flashPulse.commit {"timestamp":10374816.579738,"wallClock":1760209351295,"durationMs":60,"source":"console.replay","correlationId":"console-replay:mgmn77t678meqwby","latencyMs":52.66020799987018,"timelineOffsetMs":5.541207000613213}
10-11 15:02:31.297 21612 26494 D OutputsAudio: [outputs-audio] stop gain=1.000 release=6.00
10-11 15:02:31.358 21612 26494 D OutputsAudio: [outputs-audio] start hz=700.0 gain=1.000 attack=2.50 release=6.00
10-11 15:02:31.372 21612 21675 D OutputsAudio: [outputs-audio] symbol.info sequence=9 symbol=. timestamp=10374879.799 duration=60.000
10-11 15:02:31.373 21612 21675 I ReactNativeJS: [outputs] playMorse.symbol {"timestamp":10374893.408019,"wallClock":1760209351372,"symbol":".","durationMs":60,"index":8,"source":"console.replay","correlationId":"console-replay:mgmn77wspf90eloa","nativeTimestampMs":10374879.799,"nativeDurationMs":60,"nativeOffsetMs":13.525581998750567,"nativeSequence":9,"monotonicTimestampMs":10374879.799}
10-11 15:02:31.373 21612 21675 I ReactNativeJS: [outputs] outputs.hapticSymbol {"timestamp":10374894.259582,"wallClock":1760209351373,"enabled":true,"symbol":".","durationMs":60,"platform":"android","source":"console.replay","correlationId":"console-replay:mgmn77wspf90eloa","timelineOffsetMs":13.525581998750567}
10-11 15:02:31.374 21612 21675 I ReactNativeJS: [outputs] outputs.flashPulse {"timestamp":10374895.223957,"wallClock":1760209351374,"enabled":true,"durationMs":60,"source":"console.replay","correlationId":"console-replay:mgmn77wspf90eloa","timelineOffsetMs":13.525581998750567}
10-11 15:02:31.419 21612 26494 D OutputsAudio: [outputs-audio] stop gain=1.000 release=6.00
10-11 15:02:31.432 21612 21675 I ReactNativeJS: [outputs] outputs.flashPulse.commit {"timestamp":10374953.053019,"wallClock":1760209351431,"durationMs":60,"source":"console.replay","correlationId":"console-replay:mgmn77wspf90eloa","latencyMs":59.723853999748826,"timelineOffsetMs":13.525581998750567}
10-11 15:02:31.479 21612 26494 D OutputsAudio: [outputs-audio] start hz=700.0 gain=1.000 attack=2.50 release=6.00
10-11 15:02:31.495 21612 21675 D OutputsAudio: [outputs-audio] symbol.info sequence=10 symbol=- timestamp=10375000.726 duration=180.000
10-11 15:02:31.496 21612 21675 I ReactNativeJS: [outputs] playMorse.symbol {"timestamp":10375016.953332,"wallClock":1760209351495,"symbol":"-","durationMs":180,"index":9,"source":"console.replay","correlationId":"console-replay:mgmn7807sgw7xtjt","nativeTimestampMs":10375000.726,"nativeDurationMs":180,"nativeOffsetMs":16.141551000997424,"nativeSequence":10,"monotonicTimestampMs":10375000.726}
10-11 15:02:31.496 21612 21675 I ReactNativeJS: [outputs] outputs.hapticSymbol {"timestamp":10375017.717811,"wallClock":1760209351496,"enabled":true,"symbol":"-","durationMs":180,"platform":"android","source":"console.replay","correlationId":"console-replay:mgmn7807sgw7xtjt","timelineOffsetMs":16.141551000997424}
10-11 15:02:31.497 21612 21675 I ReactNativeJS: [outputs] outputs.flashPulse {"timestamp":10375018.699113,"wallClock":1760209351497,"enabled":true,"durationMs":180,"source":"console.replay","correlationId":"console-replay:mgmn7807sgw7xtjt","timelineOffsetMs":16.141551000997424}
10-11 15:02:31.554 21612 21675 I ReactNativeJS: [outputs] outputs.flashPulse.commit {"timestamp":10375075.374478,"wallClock":1760209351554,"durationMs":180,"source":"console.replay","correlationId":"console-replay:mgmn7807sgw7xtjt","latencyMs":58.502239000052214,"timelineOffsetMs":16.141551000997424}
10-11 15:02:31.660 21612 26494 D OutputsAudio: [outputs-audio] stop gain=1.000 release=6.00
10-11 15:02:31.722 21612 26494 D OutputsAudio: [outputs-audio] start hz=700.0 gain=1.000 attack=2.50 release=6.00
10-11 15:02:31.731 21612 21675 D OutputsAudio: [outputs-audio] symbol.info sequence=11 symbol=- timestamp=10375243.942 duration=180.000
10-11 15:02:31.733 21612 21675 I ReactNativeJS: [outputs] playMorse.symbol {"timestamp":10375253.121769,"wallClock":1760209351731,"symbol":"-","durationMs":180,"index":10,"source":"console.replay","correlationId":"console-replay:mgmn786r3id5pxpv","nativeTimestampMs":10375243.942,"nativeDurationMs":180,"nativeOffsetMs":9.069821000099182,"nativeSequence":11,"monotonicTimestampMs":10375243.942}
10-11 15:02:31.734 21612 21675 I ReactNativeJS: [outputs] outputs.hapticSymbol {"timestamp":10375254.616196,"wallClock":1760209351733,"enabled":true,"symbol":"-","durationMs":180,"platform":"android","source":"console.replay","correlationId":"console-replay:mgmn786r3id5pxpv","timelineOffsetMs":9.069821000099182}
10-11 15:02:31.738 21612 21675 I ReactNativeJS: [outputs] outputs.flashPulse {"timestamp":10375258.24953,"wallClock":1760209351737,"enabled":true,"durationMs":180,"source":"console.replay","correlationId":"console-replay:mgmn786r3id5pxpv","timelineOffsetMs":9.069821000099182}
10-11 15:02:31.796 21612 21675 I ReactNativeJS: [outputs] outputs.flashPulse.commit {"timestamp":10375316.826717,"wallClock":1760209351795,"durationMs":180,"source":"console.replay","correlationId":"console-replay:mgmn786r3id5pxpv","latencyMs":63.80989599972963,"timelineOffsetMs":9.069821000099182}
10-11 15:02:31.903 21612 26494 D OutputsAudio: [outputs-audio] stop gain=1.000 release=6.00
10-11 15:02:31.964 21612 26494 D OutputsAudio: [outputs-audio] start hz=700.0 gain=1.000 attack=2.50 release=6.00
10-11 15:02:31.973 21612 21675 D OutputsAudio: [outputs-audio] symbol.info sequence=12 symbol=- timestamp=10375486.240 duration=180.000
10-11 15:02:31.974 21612 21675 I ReactNativeJS: [outputs] playMorse.symbol {"timestamp":10375495.039686,"wallClock":1760209351973,"symbol":"-","durationMs":180,"index":11,"source":"console.replay","correlationId":"console-replay:mgmn78dhajpeifo9","nativeTimestampMs":10375486.24,"nativeDurationMs":180,"nativeOffsetMs":8.699581999331713,"nativeSequence":12,"monotonicTimestampMs":10375486.24}
10-11 15:02:31.975 21612 21675 I ReactNativeJS: [outputs] outputs.hapticSymbol {"timestamp":10375495.974842,"wallClock":1760209351974,"enabled":true,"symbol":"-","durationMs":180,"platform":"android","source":"console.replay","correlationId":"console-replay:mgmn78dhajpeifo9","timelineOffsetMs":8.699581999331713}
10-11 15:02:31.976 21612 21675 I ReactNativeJS: [outputs] outputs.flashPulse {"timestamp":10375497.279269,"wallClock":1760209351976,"enabled":true,"durationMs":180,"source":"console.replay","correlationId":"console-replay:mgmn78dhajpeifo9","timelineOffsetMs":8.699581999331713}
10-11 15:02:32.028 21612 21675 I ReactNativeJS: [outputs] outputs.flashPulse.commit {"timestamp":10375549.725467,"wallClock":1760209352028,"durationMs":180,"source":"console.replay","correlationId":"console-replay:mgmn78dhajpeifo9","latencyMs":54.780781000852585,"timelineOffsetMs":8.699581999331713}
10-11 15:02:32.145 21612 26494 D OutputsAudio: [outputs-audio] stop gain=1.000 release=6.00
10-11 15:02:32.207 21612 26494 D OutputsAudio: [outputs-audio] start hz=700.0 gain=1.000 attack=2.50 release=6.00
10-11 15:02:32.217 21612 21675 D OutputsAudio: [outputs-audio] symbol.info sequence=13 symbol=. timestamp=10375728.377 duration=60.000
10-11 15:02:32.218 21612 21675 I ReactNativeJS: [outputs] playMorse.symbol {"timestamp":10375738.467759,"wallClock":1760209352217,"symbol":".","durationMs":60,"index":12,"source":"console.replay","correlationId":"console-replay:mgmn78k94qt6qras","nativeTimestampMs":10375728.377,"nativeDurationMs":60,"nativeOffsetMs":10.00216499902308,"nativeSequence":13,"monotonicTimestampMs":10375728.377}
10-11 15:02:32.219 21612 21675 I ReactNativeJS: [outputs] outputs.hapticSymbol {"timestamp":10375740.119581,"wallClock":1760209352218,"enabled":true,"symbol":".","durationMs":60,"platform":"android","source":"console.replay","correlationId":"console-replay:mgmn78k94qt6qras","timelineOffsetMs":10.00216499902308}
10-11 15:02:32.222 21612 21675 I ReactNativeJS: [outputs] outputs.flashPulse {"timestamp":10375743.039321,"wallClock":1760209352221,"enabled":true,"durationMs":60,"source":"console.replay","correlationId":"console-replay:mgmn78k94qt6qras","timelineOffsetMs":10.00216499902308}
10-11 15:02:32.267 21612 26494 D OutputsAudio: [outputs-audio] stop gain=1.000 release=6.00
10-11 15:02:32.275 21612 21675 I ReactNativeJS: [outputs] outputs.flashPulse.commit {"timestamp":10375796.291613,"wallClock":1760209352275,"durationMs":60,"source":"console.replay","correlationId":"console-replay:mgmn78k94qt6qras","latencyMs":57.908125000074506,"timelineOffsetMs":10.00216499902308}
10-11 15:02:32.327 21612 26494 D OutputsAudio: [outputs-audio] start hz=700.0 gain=1.000 attack=2.50 release=6.00
10-11 15:02:32.350 21612 21675 D OutputsAudio: [outputs-audio] symbol.info sequence=14 symbol=. timestamp=10375849.137 duration=60.000
10-11 15:02:32.350 21612 21675 I ReactNativeJS: [outputs] playMorse.symbol {"timestamp":10375871.410936,"wallClock":1760209352350,"symbol":".","durationMs":60,"index":13,"source":"console.replay","correlationId":"console-replay:mgmn78nyfz9pdyuw","nativeTimestampMs":10375849.137,"nativeDurationMs":60,"nativeOffsetMs":22.20029000006616,"nativeSequence":14,"monotonicTimestampMs":10375849.137}
10-11 15:02:32.351 21612 21675 I ReactNativeJS: [outputs] outputs.hapticSymbol {"timestamp":10375872.098488,"wallClock":1760209352350,"enabled":true,"symbol":".","durationMs":60,"platform":"android","source":"console.replay","correlationId":"console-replay:mgmn78nyfz9pdyuw","timelineOffsetMs":22.20029000006616}
10-11 15:02:32.352 21612 21675 I ReactNativeJS: [outputs] outputs.flashPulse {"timestamp":10375873.197759,"wallClock":1760209352352,"enabled":true,"durationMs":60,"source":"console.replay","correlationId":"console-replay:mgmn78nyfz9pdyuw","timelineOffsetMs":22.20029000006616}
10-11 15:02:32.388 21612 26494 D OutputsAudio: [outputs-audio] stop gain=1.000 release=6.00
10-11 15:02:32.411 21612 21675 I ReactNativeJS: [outputs] outputs.flashPulse.commit {"timestamp":10375932.467498,"wallClock":1760209352411,"durationMs":60,"source":"console.replay","correlationId":"console-replay:mgmn78nyfz9pdyuw","latencyMs":61.12604100070894,"timelineOffsetMs":22.20029000006616}
10-11 15:02:32.449 21612 26494 D OutputsAudio: [outputs-audio] start hz=700.0 gain=1.000 attack=2.50 release=6.00
10-11 15:02:32.463 21612 21675 D OutputsAudio: [outputs-audio] symbol.info sequence=15 symbol=. timestamp=10375970.229 duration=60.000
10-11 15:02:32.464 21612 21675 I ReactNativeJS: [outputs] playMorse.symbol {"timestamp":10375984.833748,"wallClock":1760209352463,"symbol":".","durationMs":60,"index":14,"source":"console.replay","correlationId":"console-replay:mgmn78r3s0kihw6n","nativeTimestampMs":10375970.229,"nativeDurationMs":60,"nativeOffsetMs":14.54709200002253,"nativeSequence":15,"monotonicTimestampMs":10375970.229}
10-11 15:02:32.464 21612 21675 I ReactNativeJS: [outputs] outputs.hapticSymbol {"timestamp":10375985.373696,"wallClock":1760209352464,"enabled":true,"symbol":".","durationMs":60,"platform":"android","source":"console.replay","correlationId":"console-replay:mgmn78r3s0kihw6n","timelineOffsetMs":14.54709200002253}
10-11 15:02:32.465 21612 21675 I ReactNativeJS: [outputs] outputs.flashPulse {"timestamp":10375986.199269,"wallClock":1760209352465,"enabled":true,"durationMs":60,"source":"console.replay","correlationId":"console-replay:mgmn78r3s0kihw6n","timelineOffsetMs":14.54709200002253}
10-11 15:02:32.509 21612 26494 D OutputsAudio: [outputs-audio] stop gain=1.000 release=6.00
10-11 15:02:32.516 21612 21675 I ReactNativeJS: [outputs] outputs.flashPulse.commit {"timestamp":10376037.370311,"wallClock":1760209352516,"durationMs":60,"source":"console.replay","correlationId":"console-replay:mgmn78r3s0kihw6n","latencyMs":52.58953099884093,"timelineOffsetMs":14.54709200002253}
10-11 15:02:32.570 21612 26494 D OutputsAudio: [outputs-audio] start hz=700.0 gain=1.000 attack=2.50 release=6.00
10-11 15:02:32.588 21612 21675 D OutputsAudio: [outputs-audio] symbol.info sequence=16 symbol=- timestamp=10376091.621 duration=180.000
10-11 15:02:32.588 21612 21675 I ReactNativeJS: [outputs] playMorse.symbol {"timestamp":10376109.340363,"wallClock":1760209352588,"symbol":"-","durationMs":180,"index":15,"source":"console.replay","correlationId":"console-replay:mgmn78ukpaqy7abn","nativeTimestampMs":10376091.621,"nativeDurationMs":180,"nativeOffsetMs":17.647383000701666,"nativeSequence":16,"monotonicTimestampMs":10376091.621}
10-11 15:02:32.589 21612 21675 I ReactNativeJS: [outputs] outputs.hapticSymbol {"timestamp":10376109.99255,"wallClock":1760209352588,"enabled":true,"symbol":"-","durationMs":180,"platform":"android","source":"console.replay","correlationId":"console-replay:mgmn78ukpaqy7abn","timelineOffsetMs":17.647383000701666}
10-11 15:02:32.590 21612 21675 I ReactNativeJS: [outputs] outputs.flashPulse {"timestamp":10376110.954738,"wallClock":1760209352589,"enabled":true,"durationMs":180,"source":"console.replay","correlationId":"console-replay:mgmn78ukpaqy7abn","timelineOffsetMs":17.647383000701666}
10-11 15:02:32.641 21612 21675 I ReactNativeJS: [outputs] outputs.flashPulse.commit {"timestamp":10376162.060831,"wallClock":1760209352640,"durationMs":180,"source":"console.replay","correlationId":"console-replay:mgmn78ukpaqy7abn","latencyMs":52.788334000855684,"timelineOffsetMs":17.647383000701666}
10-11 15:02:32.751 21612 26494 D OutputsAudio: [outputs-audio] stop gain=1.000 release=6.00
10-11 15:02:32.812 21612 26494 D OutputsAudio: [outputs-audio] start hz=700.0 gain=1.000 attack=2.50 release=6.00
10-11 15:02:32.824 21612 21675 D OutputsAudio: [outputs-audio] symbol.info sequence=17 symbol=- timestamp=10376334.047 duration=180.000
10-11 15:02:32.825 21612 21675 I ReactNativeJS: [outputs] playMorse.symbol {"timestamp":10376345.682342,"wallClock":1760209352824,"symbol":"-","durationMs":180,"index":16,"source":"console.replay","correlationId":"console-replay:mgmn79140gjc6n3b","nativeTimestampMs":10376334.047,"nativeDurationMs":180,"nativeOffsetMs":11.526070998981595,"nativeSequence":17,"monotonicTimestampMs":10376334.047}
10-11 15:02:32.826 21612 21675 I ReactNativeJS: [outputs] outputs.hapticSymbol {"timestamp":10376346.789217,"wallClock":1760209352825,"enabled":true,"symbol":"-","durationMs":180,"platform":"android","source":"console.replay","correlationId":"console-replay:mgmn79140gjc6n3b","timelineOffsetMs":11.526070998981595}
10-11 15:02:32.828 21612 21675 I ReactNativeJS: [outputs] outputs.flashPulse {"timestamp":10376348.424633,"wallClock":1760209352827,"enabled":true,"durationMs":180,"source":"console.replay","correlationId":"console-replay:mgmn79140gjc6n3b","timelineOffsetMs":11.526070998981595}
10-11 15:02:32.898 21612 21675 I ReactNativeJS: [outputs] outputs.flashPulse.commit {"timestamp":10376419.535987,"wallClock":1760209352898,"durationMs":180,"source":"console.replay","correlationId":"console-replay:mgmn79140gjc6n3b","latencyMs":73.95791600085795,"timelineOffsetMs":11.526070998981595}
10-11 15:02:32.993 21612 26494 D OutputsAudio: [outputs-audio] stop gain=1.000 release=6.00
10-11 15:02:33.054 21612 26494 D OutputsAudio: [outputs-audio] start hz=700.0 gain=1.000 attack=2.50 release=6.00
10-11 15:02:33.069 21612 21675 D OutputsAudio: [outputs-audio] symbol.info sequence=18 symbol=- timestamp=10376575.358 duration=180.000
10-11 15:02:33.071 21612 21675 I ReactNativeJS: [outputs] playMorse.symbol {"timestamp":10376590.815623,"wallClock":1760209353069,"symbol":"-","durationMs":180,"index":17,"source":"console.replay","correlationId":"console-replay:mgmn797xwqumtzev","nativeTimestampMs":10376575.358,"nativeDurationMs":180,"nativeOffsetMs":15.355019001290202,"nativeSequence":18,"monotonicTimestampMs":10376575.358}
10-11 15:02:33.072 21612 21675 I ReactNativeJS: [outputs] outputs.hapticSymbol {"timestamp":10376593.135623,"wallClock":1760209353072,"enabled":true,"symbol":"-","durationMs":180,"platform":"android","source":"console.replay","correlationId":"console-replay:mgmn797xwqumtzev","timelineOffsetMs":15.355019001290202}
10-11 15:02:33.074 21612 21675 I ReactNativeJS: [outputs] outputs.flashPulse {"timestamp":10376594.922654,"wallClock":1760209353073,"enabled":true,"durationMs":180,"source":"console.replay","correlationId":"console-replay:mgmn797xwqumtzev","timelineOffsetMs":15.355019001290202}
10-11 15:02:33.133 21612 21675 I ReactNativeJS: [outputs] outputs.flashPulse.commit {"timestamp":10376654.643592,"wallClock":1760209353133,"durationMs":180,"source":"console.replay","correlationId":"console-replay:mgmn797xwqumtzev","latencyMs":63.92551999911666,"timelineOffsetMs":15.355019001290202}
10-11 15:02:33.234 21612 26494 D OutputsAudio: [outputs-audio] stop gain=1.000 release=6.00
10-11 15:02:33.294 21612 26494 D OutputsAudio: [outputs-audio] start hz=700.0 gain=1.000 attack=2.50 release=6.00
10-11 15:02:33.309 21612 21675 D OutputsAudio: [outputs-audio] symbol.info sequence=19 symbol=. timestamp=10376815.943 duration=60.000
10-11 15:02:33.310 21612 21675 I ReactNativeJS: [outputs] playMorse.symbol {"timestamp":10376830.771508,"wallClock":1760209353309,"symbol":".","durationMs":60,"index":18,"source":"console.replay","correlationId":"console-replay:mgmn79elfvvz61iv","nativeTimestampMs":10376815.943,"nativeDurationMs":60,"nativeOffsetMs":14.728143999353051,"nativeSequence":19,"monotonicTimestampMs":10376815.943}
10-11 15:02:33.311 21612 21675 I ReactNativeJS: [outputs] outputs.hapticSymbol {"timestamp":10376831.674685,"wallClock":1760209353310,"enabled":true,"symbol":".","durationMs":60,"platform":"android","source":"console.replay","correlationId":"console-replay:mgmn79elfvvz61iv","timelineOffsetMs":14.728143999353051}
10-11 15:02:33.314 21612 21675 I ReactNativeJS: [outputs] outputs.flashPulse {"timestamp":10376834.825571,"wallClock":1760209353313,"enabled":true,"durationMs":60,"source":"console.replay","correlationId":"console-replay:mgmn79elfvvz61iv","timelineOffsetMs":14.728143999353051}
10-11 15:02:33.354 21612 26494 D OutputsAudio: [outputs-audio] stop gain=1.000 release=6.00
10-11 15:02:33.368 21612 21675 I ReactNativeJS: [outputs] outputs.flashPulse.commit {"timestamp":10376889.653487,"wallClock":1760209353368,"durationMs":60,"source":"console.replay","correlationId":"console-replay:mgmn79elfvvz61iv","latencyMs":58.977708000689745,"timelineOffsetMs":14.728143999353051}
10-11 15:02:33.415 21612 26494 D OutputsAudio: [outputs-audio] start hz=700.0 gain=1.000 attack=2.50 release=6.00
10-11 15:02:33.430 21612 21675 D OutputsAudio: [outputs-audio] symbol.info sequence=20 symbol=. timestamp=10376936.601 duration=60.000
10-11 15:02:33.430 21612 21675 I ReactNativeJS: [outputs] playMorse.symbol {"timestamp":10376951.472446,"wallClock":1760209353430,"symbol":".","durationMs":60,"index":19,"source":"console.replay","correlationId":"console-replay:mgmn79hyindmcmar","nativeTimestampMs":10376936.601,"nativeDurationMs":60,"nativeOffsetMs":14.79785200022161,"nativeSequence":20,"monotonicTimestampMs":10376936.601}
10-11 15:02:33.431 21612 21675 I ReactNativeJS: [outputs] outputs.hapticSymbol {"timestamp":10376952.192602,"wallClock":1760209353431,"enabled":true,"symbol":".","durationMs":60,"platform":"android","source":"console.replay","correlationId":"console-replay:mgmn79hyindmcmar","timelineOffsetMs":14.79785200022161}
10-11 15:02:33.432 21612 21675 I ReactNativeJS: [outputs] outputs.flashPulse {"timestamp":10376953.26406,"wallClock":1760209353432,"enabled":true,"durationMs":60,"source":"console.replay","correlationId":"console-replay:mgmn79hyindmcmar","timelineOffsetMs":14.79785200022161}
10-11 15:02:33.476 21612 26494 D OutputsAudio: [outputs-audio] stop gain=1.000 release=6.00
10-11 15:02:33.490 21612 21675 I ReactNativeJS: [outputs] outputs.flashPulse.commit {"timestamp":10377011.506612,"wallClock":1760209353490,"durationMs":60,"source":"console.replay","correlationId":"console-replay:mgmn79hyindmcmar","latencyMs":60.102708000689745,"timelineOffsetMs":14.79785200022161}
10-11 15:02:33.536 21612 26494 D OutputsAudio: [outputs-audio] start hz=700.0 gain=1.000 attack=2.50 release=6.00
10-11 15:02:33.538 21612 21675 D OutputsAudio: [outputs-audio] symbol.info sequence=21 symbol=. timestamp=10377058.155 duration=60.000
10-11 15:02:33.539 21612 21675 I ReactNativeJS: [outputs] playMorse.symbol {"timestamp":10377059.966508,"wallClock":1760209353538,"symbol":".","durationMs":60,"index":20,"source":"console.replay","correlationId":"console-replay:mgmn79kybxmy4a2d","nativeTimestampMs":10377058.155,"nativeDurationMs":60,"nativeOffsetMs":1.760309999808669,"nativeSequence":21,"monotonicTimestampMs":10377058.155}
10-11 15:02:33.539 21612 21675 I ReactNativeJS: [outputs] outputs.hapticSymbol {"timestamp":10377060.450414,"wallClock":1760209353539,"enabled":true,"symbol":".","durationMs":60,"platform":"android","source":"console.replay","correlationId":"console-replay:mgmn79kybxmy4a2d","timelineOffsetMs":1.760309999808669}
10-11 15:02:33.540 21612 21675 I ReactNativeJS: [outputs] outputs.flashPulse {"timestamp":10377061.194685,"wallClock":1760209353540,"enabled":true,"durationMs":60,"source":"console.replay","correlationId":"console-replay:mgmn79kybxmy4a2d","timelineOffsetMs":1.760309999808669}
10-11 15:02:33.596 21612 21675 I ReactNativeJS: [outputs] outputs.flashPulse.commit {"timestamp":10377117.792029,"wallClock":1760209353596,"durationMs":60,"source":"console.replay","correlationId":"console-replay:mgmn79kybxmy4a2d","latencyMs":57.87270800024271,"timelineOffsetMs":1.760309999808669}
10-11 15:02:33.597 21612 26494 D OutputsAudio: [outputs-audio] stop gain=1.000 release=6.00
10-11 15:02:33.658 21612 26494 D OutputsAudio: [outputs-audio] start hz=700.0 gain=1.000 attack=2.50 release=6.00
10-11 15:02:33.678 21612 21675 D OutputsAudio: [outputs-audio] symbol.info sequence=22 symbol=- timestamp=10377180.159 duration=180.000
10-11 15:02:33.679 21612 21675 I ReactNativeJS: [outputs] playMorse.symbol {"timestamp":10377199.52156,"wallClock":1760209353678,"symbol":"-","durationMs":180,"index":21,"source":"console.replay","correlationId":"console-replay:mgmn79ouwewiztd4","nativeTimestampMs":10377180.159,"nativeDurationMs":180,"nativeOffsetMs":19.284800000488758,"nativeSequence":22,"monotonicTimestampMs":10377180.159}
10-11 15:02:33.679 21612 21675 I ReactNativeJS: [outputs] outputs.hapticSymbol {"timestamp":10377200.467237,"wallClock":1760209353679,"enabled":true,"symbol":"-","durationMs":180,"platform":"android","source":"console.replay","correlationId":"console-replay:mgmn79ouwewiztd4","timelineOffsetMs":19.284800000488758}
10-11 15:02:33.680 21612 21675 I ReactNativeJS: [outputs] outputs.flashPulse {"timestamp":10377201.595466,"wallClock":1760209353680,"enabled":true,"durationMs":180,"source":"console.replay","correlationId":"console-replay:mgmn79ouwewiztd4","timelineOffsetMs":19.284800000488758}
10-11 15:02:33.735 21612 21675 I ReactNativeJS: [outputs] outputs.flashPulse.commit {"timestamp":10377256.647445,"wallClock":1760209353735,"durationMs":180,"source":"console.replay","correlationId":"console-replay:mgmn79ouwewiztd4","latencyMs":57.19953100010753,"timelineOffsetMs":19.284800000488758}
10-11 15:02:33.839 21612 26494 D OutputsAudio: [outputs-audio] stop gain=1.000 release=6.00
10-11 15:02:33.899 21612 26494 D OutputsAudio: [outputs-audio] start hz=700.0 gain=1.000 attack=2.50 release=6.00
10-11 15:02:33.910 21612 21675 D OutputsAudio: [outputs-audio] symbol.info sequence=23 symbol=- timestamp=10377421.341 duration=180.000
10-11 15:02:33.912 21612 21675 I ReactNativeJS: [outputs] playMorse.symbol {"timestamp":10377431.910935,"wallClock":1760209353910,"symbol":"-","durationMs":180,"index":22,"source":"console.replay","correlationId":"console-replay:mgmn79vamrjj0ydi","nativeTimestampMs":10377421.341,"nativeDurationMs":180,"nativeOffsetMs":10.464622000232339,"nativeSequence":23,"monotonicTimestampMs":10377421.341}
10-11 15:02:33.913 21612 21675 I ReactNativeJS: [outputs] outputs.hapticSymbol {"timestamp":10377433.96656,"wallClock":1760209353912,"enabled":true,"symbol":"-","durationMs":180,"platform":"android","source":"console.replay","correlationId":"console-replay:mgmn79vamrjj0ydi","timelineOffsetMs":10.464622000232339}
10-11 15:02:33.915 21612 21675 I ReactNativeJS: [outputs] outputs.flashPulse {"timestamp":10377435.947289,"wallClock":1760209353914,"enabled":true,"durationMs":180,"source":"console.replay","correlationId":"console-replay:mgmn79vamrjj0ydi","timelineOffsetMs":10.464622000232339}
10-11 15:02:33.988 21612 21675 I ReactNativeJS: [outputs] outputs.flashPulse.commit {"timestamp":10377509.17781,"wallClock":1760209353988,"durationMs":180,"source":"console.replay","correlationId":"console-replay:mgmn79vamrjj0ydi","latencyMs":77.3671879991889,"timelineOffsetMs":10.464622000232339}
10-11 15:02:34.080 21612 26494 D OutputsAudio: [outputs-audio] stop gain=1.000 release=6.00
10-11 15:02:34.141 21612 26494 D OutputsAudio: [outputs-audio] start hz=700.0 gain=1.000 attack=2.50 release=6.00
10-11 15:02:34.157 21612 21675 D OutputsAudio: [outputs-audio] symbol.info sequence=24 symbol=- timestamp=10377663.450 duration=180.000
10-11 15:02:34.160 21612 21675 I ReactNativeJS: [outputs] playMorse.symbol {"timestamp":10377678.808487,"wallClock":1760209354157,"symbol":"-","durationMs":180,"index":23,"source":"console.replay","correlationId":"console-replay:mgmn7a25x2c4pnml","nativeTimestampMs":10377663.45,"nativeDurationMs":180,"nativeOffsetMs":15.1498410012573,"nativeSequence":24,"monotonicTimestampMs":10377663.45}
10-11 15:02:34.161 21612 21675 I ReactNativeJS: [outputs] outputs.hapticSymbol {"timestamp":10377681.468695,"wallClock":1760209354160,"enabled":true,"symbol":"-","durationMs":180,"platform":"android","source":"console.replay","correlationId":"console-replay:mgmn7a25x2c4pnml","timelineOffsetMs":15.1498410012573}
10-11 15:02:34.167 21612 21675 I ReactNativeJS: [outputs] outputs.flashPulse {"timestamp":10377683.794008,"wallClock":1760209354162,"enabled":true,"durationMs":180,"source":"console.replay","correlationId":"console-replay:mgmn7a25x2c4pnml","timelineOffsetMs":15.1498410012573}
10-11 15:02:34.225 21612 21675 I ReactNativeJS: [outputs] outputs.flashPulse.commit {"timestamp":10377746.019841,"wallClock":1760209354224,"durationMs":180,"source":"console.replay","correlationId":"console-replay:mgmn7a25x2c4pnml","latencyMs":67.41578099876642,"timelineOffsetMs":15.1498410012573}
10-11 15:02:34.322 21612 26494 D OutputsAudio: [outputs-audio] stop gain=1.000 release=6.00
10-11 15:02:34.383 21612 26494 D OutputsAudio: [outputs-audio] start hz=700.0 gain=1.000 attack=2.50 release=6.00
10-11 15:02:34.394 21612 21675 D OutputsAudio: [outputs-audio] symbol.info sequence=25 symbol=. timestamp=10377905.010 duration=60.000
10-11 15:02:34.395 21612 21675 I ReactNativeJS: [outputs] playMorse.symbol {"timestamp":10377915.855466,"wallClock":1760209354394,"symbol":".","durationMs":60,"index":24,"source":"console.replay","correlationId":"console-replay:mgmn7a8q7uyvuit8","nativeTimestampMs":10377905.01,"nativeDurationMs":60,"nativeOffsetMs":10.756299000233412,"nativeSequence":25,"monotonicTimestampMs":10377905.01}
10-11 15:02:34.396 21612 21675 I ReactNativeJS: [outputs] outputs.hapticSymbol {"timestamp":10377917.010987,"wallClock":1760209354395,"enabled":true,"symbol":".","durationMs":60,"platform":"android","source":"console.replay","correlationId":"console-replay:mgmn7a8q7uyvuit8","timelineOffsetMs":10.756299000233412}
10-11 15:02:34.400 21612 21675 I ReactNativeJS: [outputs] outputs.flashPulse {"timestamp":10377920.417081,"wallClock":1760209354399,"enabled":true,"durationMs":60,"source":"console.replay","correlationId":"console-replay:mgmn7a8q7uyvuit8","timelineOffsetMs":10.756299000233412}
10-11 15:02:34.444 21612 26494 D OutputsAudio: [outputs-audio] stop gain=1.000 release=6.00
10-11 15:02:34.459 21612 21675 I ReactNativeJS: [outputs] outputs.flashPulse.commit {"timestamp":10377980.51281,"wallClock":1760209354459,"durationMs":60,"source":"console.replay","correlationId":"console-replay:mgmn7a8q7uyvuit8","latencyMs":64.74192699976265,"timelineOffsetMs":10.756299000233412}
10-11 15:02:34.505 21612 26494 D OutputsAudio: [outputs-audio] start hz=700.0 gain=1.000 attack=2.50 release=6.00
10-11 15:02:34.513 21612 21675 D OutputsAudio: [outputs-audio] symbol.info sequence=26 symbol=. timestamp=10378026.217 duration=60.000
10-11 15:02:34.514 21612 21675 I ReactNativeJS: [outputs] playMorse.symbol {"timestamp":10378034.879945,"wallClock":1760209354513,"symbol":".","durationMs":60,"index":25,"source":"console.replay","correlationId":"console-replay:mgmn7ac1a4736ard","nativeTimestampMs":10378026.217,"nativeDurationMs":60,"nativeOffsetMs":8.612112000584602,"nativeSequence":26,"monotonicTimestampMs":10378026.217}
10-11 15:02:34.514 21612 21675 I ReactNativeJS: [outputs] outputs.hapticSymbol {"timestamp":10378035.414112,"wallClock":1760209354514,"enabled":true,"symbol":".","durationMs":60,"platform":"android","source":"console.replay","correlationId":"console-replay:mgmn7ac1a4736ard","timelineOffsetMs":8.612112000584602}
10-11 15:02:34.515 21612 21675 I ReactNativeJS: [outputs] outputs.flashPulse {"timestamp":10378036.240831,"wallClock":1760209354515,"enabled":true,"durationMs":60,"source":"console.replay","correlationId":"console-replay:mgmn7ac1a4736ard","timelineOffsetMs":8.612112000584602}
10-11 15:02:34.565 21612 26494 D OutputsAudio: [outputs-audio] stop gain=1.000 release=6.00
10-11 15:02:34.572 21612 21675 I ReactNativeJS: [outputs] outputs.flashPulse.commit {"timestamp":10378093.544737,"wallClock":1760209354572,"durationMs":60,"source":"console.replay","correlationId":"console-replay:mgmn7ac1a4736ard","latencyMs":58.711457999423146,"timelineOffsetMs":8.612112000584602}
10-11 15:02:34.626 21612 26494 D OutputsAudio: [outputs-audio] start hz=700.0 gain=1.000 attack=2.50 release=6.00
10-11 15:02:34.642 21612 21675 D OutputsAudio: [outputs-audio] symbol.info sequence=27 symbol=. timestamp=10378147.457 duration=60.000
10-11 15:02:34.642 21612 21675 I ReactNativeJS: [outputs] playMorse.symbol {"timestamp":10378163.308851,"wallClock":1760209354642,"symbol":".","durationMs":60,"index":26,"source":"console.replay","correlationId":"console-replay:mgmn7afmw8xh07gz","nativeTimestampMs":10378147.457,"nativeDurationMs":60,"nativeOffsetMs":15.772475998848677,"nativeSequence":27,"monotonicTimestampMs":10378147.457}
10-11 15:02:34.643 21612 21675 I ReactNativeJS: [outputs] outputs.hapticSymbol {"timestamp":10378164.068174,"wallClock":1760209354642,"enabled":true,"symbol":".","durationMs":60,"platform":"android","source":"console.replay","correlationId":"console-replay:mgmn7afmw8xh07gz","timelineOffsetMs":15.772475998848677}
10-11 15:02:34.644 21612 21675 I ReactNativeJS: [outputs] outputs.flashPulse {"timestamp":10378165.187758,"wallClock":1760209354644,"enabled":true,"durationMs":60,"source":"console.replay","correlationId":"console-replay:mgmn7afmw8xh07gz","timelineOffsetMs":15.772475998848677}
10-11 15:02:34.686 21612 26494 D OutputsAudio: [outputs-audio] stop gain=1.000 release=6.00
10-11 15:02:34.699 21612 21675 I ReactNativeJS: [outputs] outputs.flashPulse.commit {"timestamp":10378219.862966,"wallClock":1760209354698,"durationMs":60,"source":"console.replay","correlationId":"console-replay:mgmn7afmw8xh07gz","latencyMs":56.62880200147629,"timelineOffsetMs":15.772475998848677}
10-11 15:02:34.744 21612 21675 I ReactNativeJS: [outputs] playMorse.complete {"timestamp":10378264.812601,"wallClock":1760209354743,"durationMs":4903.83150899969,"source":"console.replay","audioEnabled":true,"audioVolumePercent":100}
10-11 15:02:34.747 21612 26494 D OutputsAudio: [outputs-audio] stop gain=0.000 release=6.00
10-11 15:02:34.747 21612 26494 D OutputsAudio: [outputs-audio] playMorse.end cancelled=0
10-11 15:02:37.128 21612 21675 I ReactNativeJS: [outputs] playMorse.start {"timestamp":10380648.4801,"wallClock":1760209357127,"unitMs":48,"length":28,"source":"console.replay","audioEnabled":true,"audioVolumePercent":100}
10-11 15:02:37.286 21612 21675 D OutputsAudio: [outputs-audio] warmup hz=700.0
10-11 15:02:37.287 21612 26522 D OutputsAudio: [outputs-audio] playMorse.start count=27 unit=48.0
10-11 15:02:37.287 21612 26522 D OutputsAudio: [outputs-audio] start hz=700.0 gain=1.000 attack=2.50 release=6.00
10-11 15:02:37.300 21612 21675 D OutputsAudio: [outputs-audio] symbol.info sequence=1 symbol=. timestamp=10380808.282 duration=48.000
10-11 15:02:37.301 21612 21675 I ReactNativeJS: [outputs] playMorse.symbol {"timestamp":10380821.58583,"wallClock":1760209357300,"symbol":".","durationMs":48,"index":0,"source":"console.replay","correlationId":"console-replay:mgmn7chgcujjsktw","nativeTimestampMs":10380808.282,"nativeDurationMs":48,"nativeOffsetMs":13.216382000595331,"nativeSequence":1,"monotonicTimestampMs":10380808.282}
10-11 15:02:37.301 21612 21675 I ReactNativeJS: [outputs] outputs.hapticSymbol {"timestamp":10380822.524319,"wallClock":1760209357301,"enabled":true,"symbol":".","durationMs":48,"platform":"android","source":"console.replay","correlationId":"console-replay:mgmn7chgcujjsktw","timelineOffsetMs":13.216382000595331}
10-11 15:02:37.303 21612 21675 I ReactNativeJS: [outputs] outputs.flashPulse {"timestamp":10380823.763382,"wallClock":1760209357302,"enabled":true,"durationMs":48,"source":"console.replay","correlationId":"console-replay:mgmn7chgcujjsktw","timelineOffsetMs":13.216382000595331}
10-11 15:02:37.335 21612 26522 D OutputsAudio: [outputs-audio] stop gain=1.000 release=6.00
