10-11 17:58:18.114 15336 15524 I ReactNativeJS: [outputs] outputs.flashPulse.commit {"timestamp":20884293.060521,"wallClock":1760219898114,"durationMs":60,"source":"console.replay","correlationId":"console-replay:mgmth9scwh5vb4h6","latencyMs":53.57744799926877,"timelineOffsetMs":3.159281000494957,"leadMs":8,"scheduleSkewMs":52.37932299822569,"schedulingMode":"timeline","audioStartHeadroomMs":-24.236792001873255,"audioStartGuard":"headroom","audioStartCompensationMs":24.236792001873255}
10-11 17:58:18.118 15336 15903 D OutputsAudio: [outputs-audio] stop gain=1.000 release=6.00
10-11 17:58:18.178 15336 15903 D OutputsAudio: [outputs-audio] start hz=700.0 gain=1.000 attack=2.50 release=6.00
10-11 17:58:18.178 15336 15903 D OutputsAudio: [outputs-audio] playMorse.symbol.start sequence=9 symbol=. expected=20884344.433 actual=20884357.511 skew=13.078 batchElapsed=1333.078
10-11 17:58:18.198 15336 15524 D OutputsAudio: [outputs-audio] symbol.info sequence=9 symbol=. timestamp=20884357.511 duration=60.000 expected=20884344.433 skew=13.078 age=19.283
10-11 17:58:18.199 15336 15524 I ReactNativeJS: [outputs] playMorse.symbol {"timestamp":20884377.006823,"wallClock":1760219898198,"symbol":".","durationMs":60,"index":8,"source":"console.replay","correlationId":"console-replay:mgmth9w6eum2tfk8","nativeTimestampMs":20884357.511,"nativeDurationMs":60,"nativeOffsetMs":19.411811999976635,"nativeSequence":9,"monotonicTimestampMs":20884357.511,"nativeExpectedTimestampMs":20884344.433,"nativeStartSkewMs":13.078,"nativeBatchElapsedMs":1333.078,"nativeExpectedSincePriorMs":120,"nativeSincePriorMs":121.197,"nativePatternStartMs":20883024.433,"nativeAgeMs":19.283}
10-11 17:58:18.199 15336 15524 I ReactNativeJS: [outputs] outputs.hapticSymbol {"timestamp":20884377.851979,"wallClock":1760219898199,"enabled":true,"symbol":".","durationMs":60,"platform":"android","source":"console.replay","correlationId":"console-replay:mgmth9w6eum2tfk8","timelineOffsetMs":19.411811999976635}
10-11 17:58:18.200 15336 15524 I ReactNativeJS: [outputs] outputs.flashPulse {"timestamp":20884378.60276,"wallClock":1760219898200,"enabled":true,"durationMs":60,"source":"console.replay","correlationId":"console-replay:mgmth9w6eum2tfk8","timelineOffsetMs":19.411811999976635,"schedulingMode":"timeline","audioStartHeadroomMs":-42.15658299997449,"audioStartGuard":"headroom","audioStartCompensationMs":40}
10-11 17:58:18.239 15336 15903 D OutputsAudio: [outputs-audio] stop gain=1.000 release=6.00
10-11 17:58:18.262 15336 15524 I ReactNativeJS: [outputs] outputs.flashPulse.commit {"timestamp":20884440.518958,"wallClock":1760219898261,"durationMs":60,"source":"console.replay","correlationId":"console-replay:mgmth9w6eum2tfk8","latencyMs":63.586667001247406,"timelineOffsetMs":19.411811999976635,"leadMs":8,"scheduleSkewMs":61.91765600070357,"schedulingMode":"timeline","audioStartHeadroomMs":-42.15658299997449,"audioStartGuard":"headroom","audioStartCompensationMs":40}
10-11 17:58:18.299 15336 15903 D OutputsAudio: [outputs-audio] start hz=700.0 gain=1.000 attack=2.50 release=6.00
10-11 17:58:18.299 15336 15903 D OutputsAudio: [outputs-audio] playMorse.symbol.start sequence=10 symbol=- expected=20884464.433 actual=20884478.367 skew=13.934 batchElapsed=1453.934
10-11 17:58:18.306 15336 15524 D OutputsAudio: [outputs-audio] symbol.info sequence=10 symbol=- timestamp=20884478.367 duration=180.000 expected=20884464.433 skew=13.934 age=6.659
10-11 17:58:18.307 15336 15524 I ReactNativeJS: [outputs] playMorse.symbol {"timestamp":20884485.149375,"wallClock":1760219898306,"symbol":"-","durationMs":180,"index":9,"source":"console.replay","correlationId":"console-replay:mgmth9z6l65ze35j","nativeTimestampMs":20884478.367,"nativeDurationMs":180,"nativeOffsetMs":6.733520999550819,"nativeSequence":10,"monotonicTimestampMs":20884478.367,"nativeExpectedTimestampMs":20884464.433,"nativeStartSkewMs":13.934,"nativeBatchElapsedMs":1453.934,"nativeExpectedSincePriorMs":120,"nativeSincePriorMs":120.855,"nativePatternStartMs":20883024.433,"nativeAgeMs":6.659}
10-11 17:58:18.307 15336 15524 I ReactNativeJS: [outputs] outputs.hapticSymbol {"timestamp":20884485.656562,"wallClock":1760219898307,"enabled":true,"symbol":"-","durationMs":180,"platform":"android","source":"console.replay","correlationId":"console-replay:mgmth9z6l65ze35j","timelineOffsetMs":6.733520999550819}
10-11 17:58:18.307 15336 15524 I ReactNativeJS: [outputs] outputs.flashPulse {"timestamp":20884486.234166,"wallClock":1760219898307,"enabled":true,"durationMs":180,"source":"console.replay","correlationId":"console-replay:mgmth9z6l65ze35j","timelineOffsetMs":6.733520999550819,"schedulingMode":"timeline","audioStartHeadroomMs":-29.792000003159046,"audioStartGuard":"headroom","audioStartCompensationMs":29.792000003159046}
10-11 17:58:18.366 15336 15524 I ReactNativeJS: [outputs] outputs.flashPulse.commit {"timestamp":20884544.724687,"wallClock":1760219898366,"durationMs":180,"source":"console.replay","correlationId":"console-replay:mgmth9z6l65ze35j","latencyMs":59.616302002221346,"timelineOffsetMs":6.733520999550819,"leadMs":8,"scheduleSkewMs":58.49057300016284,"schedulingMode":"timeline","audioStartHeadroomMs":-29.792000003159046,"audioStartGuard":"headroom","audioStartCompensationMs":29.792000003159046}
10-11 17:58:18.480 15336 15903 D OutputsAudio: [outputs-audio] stop gain=1.000 release=6.00
10-11 17:58:18.541 15336 15903 D OutputsAudio: [outputs-audio] start hz=700.0 gain=1.000 attack=2.50 release=6.00
10-11 17:58:18.541 15336 15903 D OutputsAudio: [outputs-audio] playMorse.symbol.start sequence=11 symbol=- expected=20884704.433 actual=20884720.436 skew=16.003 batchElapsed=1696.003
10-11 17:58:18.546 15336 15524 D OutputsAudio: [outputs-audio] symbol.info sequence=11 symbol=- timestamp=20884720.436 duration=180.000 expected=20884704.433 skew=16.003 age=4.689
10-11 17:58:18.547 15336 15524 I ReactNativeJS: [outputs] playMorse.symbol {"timestamp":20884725.368073,"wallClock":1760219898546,"symbol":"-","durationMs":180,"index":10,"source":"console.replay","correlationId":"console-replay:mgmtha5uy6lk3v1r","nativeTimestampMs":20884720.436,"nativeDurationMs":180,"nativeOffsetMs":4.82566599920392,"nativeSequence":11,"monotonicTimestampMs":20884720.436,"nativeExpectedTimestampMs":20884704.433,"nativeStartSkewMs":16.003,"nativeBatchElapsedMs":1696.003,"nativeExpectedSincePriorMs":240,"nativeSincePriorMs":242.069,"nativePatternStartMs":20883024.433,"nativeAgeMs":4.689}
10-11 17:58:18.548 15336 15524 I ReactNativeJS: [outputs] outputs.hapticSymbol {"timestamp":20884726.385885,"wallClock":1760219898547,"enabled":true,"symbol":"-","durationMs":180,"platform":"android","source":"console.replay","correlationId":"console-replay:mgmtha5uy6lk3v1r","timelineOffsetMs":4.82566599920392}
10-11 17:58:18.549 15336 15524 I ReactNativeJS: [outputs] outputs.flashPulse {"timestamp":20884727.556875,"wallClock":1760219898548,"enabled":true,"durationMs":180,"source":"console.replay","correlationId":"console-replay:mgmtha5uy6lk3v1r","timelineOffsetMs":4.82566599920392,"schedulingMode":"timeline","audioStartHeadroomMs":-31.10486400127411,"audioStartGuard":"headroom","audioStartCompensationMs":31.10486400127411}
10-11 17:58:18.615 15336 15524 I ReactNativeJS: [outputs] outputs.flashPulse.commit {"timestamp":20884793.614843,"wallClock":1760219898615,"durationMs":180,"source":"console.replay","correlationId":"console-replay:mgmtha5uy6lk3v1r","latencyMs":68.34427100047469,"timelineOffsetMs":4.82566599920392,"leadMs":8,"scheduleSkewMs":66.06479100137949,"schedulingMode":"timeline","audioStartHeadroomMs":-31.10486400127411,"audioStartGuard":"headroom","audioStartCompensationMs":31.10486400127411}
10-11 17:58:18.722 15336 15903 D OutputsAudio: [outputs-audio] stop gain=1.000 release=6.00
10-11 17:58:18.782 15336 15903 D OutputsAudio: [outputs-audio] start hz=700.0 gain=1.000 attack=2.50 release=6.00
10-11 17:58:18.782 15336 15903 D OutputsAudio: [outputs-audio] playMorse.symbol.start sequence=12 symbol=- expected=20884944.433 actual=20884961.438 skew=17.005 batchElapsed=1937.005
10-11 17:58:18.798 15336 15524 D OutputsAudio: [outputs-audio] symbol.info sequence=12 symbol=- timestamp=20884961.438 duration=180.000 expected=20884944.433 skew=17.005 age=15.583
10-11 17:58:18.799 15336 15524 I ReactNativeJS: [outputs] playMorse.symbol {"timestamp":20884977.267031,"wallClock":1760219898798,"symbol":"-","durationMs":180,"index":11,"source":"console.replay","correlationId":"console-replay:mgmthacu1n4ivq0k","nativeTimestampMs":20884961.438,"nativeDurationMs":180,"nativeOffsetMs":15.726269997656345,"nativeSequence":12,"monotonicTimestampMs":20884961.438,"nativeExpectedTimestampMs":20884944.433,"nativeStartSkewMs":17.005,"nativeBatchElapsedMs":1937.005,"nativeExpectedSincePriorMs":240,"nativeSincePriorMs":241.002,"nativePatternStartMs":20883024.433,"nativeAgeMs":15.583}
10-11 17:58:18.800 15336 15524 I ReactNativeJS: [outputs] outputs.hapticSymbol {"timestamp":20884978.23526,"wallClock":1760219898799,"enabled":true,"symbol":"-","durationMs":180,"platform":"android","source":"console.replay","correlationId":"console-replay:mgmthacu1n4ivq0k","timelineOffsetMs":15.726269997656345}
10-11 17:58:18.806 15336 15524 I ReactNativeJS: [outputs] outputs.flashPulse {"timestamp":20884984.707031,"wallClock":1760219898806,"enabled":true,"durationMs":180,"source":"console.replay","correlationId":"console-replay:mgmthacu1n4ivq0k","timelineOffsetMs":15.726269997656345,"schedulingMode":"timeline","audioStartHeadroomMs":-48.25278099998832,"audioStartGuard":"headroom","audioStartCompensationMs":40}
10-11 17:58:18.868 15336 15524 I ReactNativeJS: [outputs] outputs.flashPulse.commit {"timestamp":20885046.653437,"wallClock":1760219898868,"durationMs":180,"source":"console.replay","correlationId":"console-replay:mgmthacu1n4ivq0k","latencyMs":69.47979200258851,"timelineOffsetMs":15.726269997656345,"leadMs":8,"scheduleSkewMs":61.9543750025332,"schedulingMode":"timeline","audioStartHeadroomMs":-48.25278099998832,"audioStartGuard":"headroom","audioStartCompensationMs":40}
10-11 17:58:18.962 15336 15903 D OutputsAudio: [outputs-audio] stop gain=1.000 release=6.00
10-11 17:58:19.023 15336 15903 D OutputsAudio: [outputs-audio] start hz=700.0 gain=1.000 attack=2.50 release=6.00
10-11 17:58:19.024 15336 15903 D OutputsAudio: [outputs-audio] playMorse.symbol.start sequence=13 symbol=. expected=20885184.433 actual=20885202.697 skew=18.264 batchElapsed=2178.264
10-11 17:58:19.032 15336 15524 D OutputsAudio: [outputs-audio] symbol.info sequence=13 symbol=. timestamp=20885202.697 duration=60.000 expected=20885184.433 skew=18.264 age=8.507
10-11 17:58:19.034 15336 15524 I ReactNativeJS: [outputs] playMorse.symbol {"timestamp":20885211.492656,"wallClock":1760219899032,"symbol":".","durationMs":60,"index":12,"source":"console.replay","correlationId":"console-replay:mgmthajcbndiibym","nativeTimestampMs":20885202.697,"nativeDurationMs":60,"nativeOffsetMs":8.676750000566244,"nativeSequence":13,"monotonicTimestampMs":20885202.697,"nativeExpectedTimestampMs":20885184.433,"nativeStartSkewMs":18.264,"nativeBatchElapsedMs":2178.264,"nativeExpectedSincePriorMs":240,"nativeSincePriorMs":241.259,"nativePatternStartMs":20883024.433,"nativeAgeMs":8.507}
10-11 17:58:19.034 15336 15524 I ReactNativeJS: [outputs] outputs.hapticSymbol {"timestamp":20885212.731718,"wallClock":1760219899034,"enabled":true,"symbol":".","durationMs":60,"platform":"android","source":"console.replay","correlationId":"console-replay:mgmthajcbndiibym","timelineOffsetMs":8.676750000566244}
10-11 17:58:19.035 15336 15524 I ReactNativeJS: [outputs] outputs.flashPulse {"timestamp":20885213.772135,"wallClock":1760219899035,"enabled":true,"durationMs":60,"source":"console.replay","correlationId":"console-replay:mgmthajcbndiibym","timelineOffsetMs":8.676750000566244,"schedulingMode":"timeline","audioStartHeadroomMs":-37.322468001395464,"audioStartGuard":"headroom","audioStartCompensationMs":37.322468001395464}
10-11 17:58:19.085 15336 15903 D OutputsAudio: [outputs-audio] stop gain=1.000 release=6.00
10-11 17:58:19.126 15336 15524 I ReactNativeJS: [outputs] outputs.flashPulse.commit {"timestamp":20885304.209427,"wallClock":1760219899125,"durationMs":60,"source":"console.replay","correlationId":"console-replay:mgmthajcbndiibym","latencyMs":92.82703099772334,"timelineOffsetMs":8.676750000566244,"leadMs":8,"scheduleSkewMs":90.44239600002766,"schedulingMode":"timeline","audioStartHeadroomMs":-37.322468001395464,"audioStartGuard":"headroom","audioStartCompensationMs":37.322468001395464}
10-11 17:58:19.145 15336 15903 D OutputsAudio: [outputs-audio] start hz=700.0 gain=1.000 attack=2.50 release=6.00
10-11 17:58:19.145 15336 15903 D OutputsAudio: [outputs-audio] playMorse.symbol.start sequence=14 symbol=. expected=20885304.433 actual=20885324.195 skew=19.762 batchElapsed=2299.762
10-11 17:58:19.172 15336 15524 D OutputsAudio: [outputs-audio] symbol.info sequence=14 symbol=. timestamp=20885324.195 duration=60.000 expected=20885304.433 skew=19.762 age=26.545
10-11 17:58:19.172 15336 15524 I ReactNativeJS: [outputs] playMorse.symbol {"timestamp":20885350.87052,"wallClock":1760219899172,"symbol":".","durationMs":60,"index":13,"source":"console.replay","correlationId":"console-replay:mgmthan80q6gj1pc","nativeTimestampMs":20885324.195,"nativeDurationMs":60,"nativeOffsetMs":26.6252599991858,"nativeSequence":14,"monotonicTimestampMs":20885324.195,"nativeExpectedTimestampMs":20885304.433,"nativeStartSkewMs":19.762,"nativeBatchElapsedMs":2299.762,"nativeExpectedSincePriorMs":120,"nativeSincePriorMs":121.498,"nativePatternStartMs":20883024.433,"nativeAgeMs":26.545}
10-11 17:58:19.173 15336 15524 I ReactNativeJS: [outputs] outputs.hapticSymbol {"timestamp":20885351.379427,"wallClock":1760219899172,"enabled":true,"symbol":".","durationMs":60,"platform":"android","source":"console.replay","correlationId":"console-replay:mgmthan80q6gj1pc","timelineOffsetMs":26.6252599991858}
10-11 17:58:19.173 15336 15524 I ReactNativeJS: [outputs] outputs.flashPulse {"timestamp":20885351.932499,"wallClock":1760219899173,"enabled":true,"durationMs":60,"source":"console.replay","correlationId":"console-replay:mgmthan80q6gj1pc","timelineOffsetMs":26.6252599991858,"schedulingMode":"timeline","audioStartHeadroomMs":-55.49017700180411,"audioStartGuard":"headroom","audioStartCompensationMs":40}
10-11 17:58:19.206 15336 15903 D OutputsAudio: [outputs-audio] stop gain=1.000 release=6.00
10-11 17:58:19.226 15336 15524 I ReactNativeJS: [outputs] outputs.flashPulse.commit {"timestamp":20885405.197812,"wallClock":1760219899226,"durationMs":60,"source":"console.replay","correlationId":"console-replay:mgmthan80q6gj1pc","latencyMs":54.368750002235174,"timelineOffsetMs":26.6252599991858,"leadMs":8,"scheduleSkewMs":53.26427100226283,"schedulingMode":"timeline","audioStartHeadroomMs":-55.49017700180411,"audioStartGuard":"headroom","audioStartCompensationMs":40}
10-11 17:58:19.266 15336 15903 D OutputsAudio: [outputs-audio] start hz=700.0 gain=1.000 attack=2.50 release=6.00
10-11 17:58:19.266 15336 15903 D OutputsAudio: [outputs-audio] playMorse.symbol.start sequence=15 symbol=. expected=20885424.433 actual=20885445.493 skew=21.060 batchElapsed=2421.060
10-11 17:58:19.278 15336 15524 D OutputsAudio: [outputs-audio] symbol.info sequence=15 symbol=. timestamp=20885445.493 duration=60.000 expected=20885424.433 skew=21.060 age=11.795
10-11 17:58:19.279 15336 15524 I ReactNativeJS: [outputs] playMorse.symbol {"timestamp":20885457.422604,"wallClock":1760219899278,"symbol":".","durationMs":60,"index":14,"source":"console.replay","correlationId":"console-replay:mgmthaq6hrblnrlk","nativeTimestampMs":20885445.493,"nativeDurationMs":60,"nativeOffsetMs":11.881582997739315,"nativeSequence":15,"monotonicTimestampMs":20885445.493,"nativeExpectedTimestampMs":20885424.433,"nativeStartSkewMs":21.06,"nativeBatchElapsedMs":2421.06,"nativeExpectedSincePriorMs":120,"nativeSincePriorMs":121.298,"nativePatternStartMs":20883024.433,"nativeAgeMs":11.795}
10-11 17:58:19.279 15336 15524 I ReactNativeJS: [outputs] outputs.hapticSymbol {"timestamp":20885457.933802,"wallClock":1760219899279,"enabled":true,"symbol":".","durationMs":60,"platform":"android","source":"console.replay","correlationId":"console-replay:mgmthaq6hrblnrlk","timelineOffsetMs":11.881582997739315}
10-11 17:58:19.280 15336 15524 I ReactNativeJS: [outputs] outputs.flashPulse {"timestamp":20885458.541041,"wallClock":1760219899279,"enabled":true,"durationMs":60,"source":"console.replay","correlationId":"console-replay:mgmthaq6hrblnrlk","timelineOffsetMs":11.881582997739315,"schedulingMode":"timeline","audioStartHeadroomMs":-42.09814500063658,"audioStartGuard":"headroom","audioStartCompensationMs":40}
10-11 17:58:19.327 15336 15903 D OutputsAudio: [outputs-audio] stop gain=1.000 release=6.00
10-11 17:58:19.340 15336 15524 I ReactNativeJS: [outputs] outputs.flashPulse.commit {"timestamp":20885518.998749,"wallClock":1760219899340,"durationMs":60,"source":"console.replay","correlationId":"console-replay:mgmthaq6hrblnrlk","latencyMs":61.61708300188184,"timelineOffsetMs":11.881582997739315,"leadMs":8,"scheduleSkewMs":60.45875000208616,"schedulingMode":"timeline","audioStartHeadroomMs":-42.09814500063658,"audioStartGuard":"headroom","audioStartCompensationMs":40}
10-11 17:58:19.388 15336 15903 D OutputsAudio: [outputs-audio] start hz=700.0 gain=1.000 attack=2.50 release=6.00
10-11 17:58:19.388 15336 15903 D OutputsAudio: [outputs-audio] playMorse.symbol.start sequence=16 symbol=- expected=20885544.433 actual=20885567.481 skew=23.048 batchElapsed=2543.048
10-11 17:58:19.391 15336 15524 D OutputsAudio: [outputs-audio] symbol.info sequence=16 symbol=- timestamp=20885567.481 duration=180.000 expected=20885544.433 skew=23.048 age=2.551
10-11 17:58:19.392 15336 15524 I ReactNativeJS: [outputs] playMorse.symbol {"timestamp":20885570.149999,"wallClock":1760219899391,"symbol":"-","durationMs":180,"index":15,"source":"console.replay","correlationId":"console-replay:mgmthatb3ka9gjfw","nativeTimestampMs":20885567.481,"nativeDurationMs":180,"nativeOffsetMs":2.621550999581814,"nativeSequence":16,"monotonicTimestampMs":20885567.481,"nativeExpectedTimestampMs":20885544.433,"nativeStartSkewMs":23.048,"nativeBatchElapsedMs":2543.048,"nativeExpectedSincePriorMs":120,"nativeSincePriorMs":121.988,"nativePatternStartMs":20883024.433,"nativeAgeMs":2.551}
10-11 17:58:19.392 15336 15524 I ReactNativeJS: [outputs] outputs.hapticSymbol {"timestamp":20885570.64052,"wallClock":1760219899392,"enabled":true,"symbol":"-","durationMs":180,"platform":"android","source":"console.replay","correlationId":"console-replay:mgmthatb3ka9gjfw","timelineOffsetMs":2.621550999581814}
10-11 17:58:19.392 15336 15524 I ReactNativeJS: [outputs] outputs.flashPulse {"timestamp":20885571.178176,"wallClock":1760219899392,"enabled":true,"durationMs":180,"source":"console.replay","correlationId":"console-replay:mgmthatb3ka9gjfw","timelineOffsetMs":2.621550999581814,"schedulingMode":"timeline","audioStartHeadroomMs":-34.736531000584364,"audioStartGuard":"headroom","audioStartCompensationMs":34.736531000584364}
10-11 17:58:19.451 15336 15524 I ReactNativeJS: [outputs] outputs.flashPulse.commit {"timestamp":20885630.055312,"wallClock":1760219899451,"durationMs":180,"source":"console.replay","correlationId":"console-replay:mgmthatb3ka9gjfw","latencyMs":59.94380300119519,"timelineOffsetMs":2.621550999581814,"leadMs":8,"scheduleSkewMs":58.875468999147415,"schedulingMode":"timeline","audioStartHeadroomMs":-34.736531000584364,"audioStartGuard":"headroom","audioStartCompensationMs":34.736531000584364}
10-11 17:58:19.569 15336 15903 D OutputsAudio: [outputs-audio] stop gain=1.000 release=6.00
10-11 17:58:19.630 15336 15903 D OutputsAudio: [outputs-audio] start hz=700.0 gain=1.000 attack=2.50 release=6.00
10-11 17:58:19.630 15336 15903 D OutputsAudio: [outputs-audio] playMorse.symbol.start sequence=17 symbol=- expected=20885784.433 actual=20885808.801 skew=24.368 batchElapsed=2784.368
10-11 17:58:19.640 15336 15524 D OutputsAudio: [outputs-audio] symbol.info sequence=17 symbol=- timestamp=20885808.801 duration=180.000 expected=20885784.433 skew=24.368 age=10.108
10-11 17:58:19.641 15336 15524 I ReactNativeJS: [outputs] playMorse.symbol {"timestamp":20885819.159218,"wallClock":1760219899640,"symbol":"-","durationMs":180,"index":16,"source":"console.replay","correlationId":"console-replay:mgmthb08y3che9tf","nativeTimestampMs":20885808.801,"nativeDurationMs":180,"nativeOffsetMs":10.251499000936747,"nativeSequence":17,"monotonicTimestampMs":20885808.801,"nativeExpectedTimestampMs":20885784.433,"nativeStartSkewMs":24.368,"nativeBatchElapsedMs":2784.368,"nativeExpectedSincePriorMs":240,"nativeSincePriorMs":241.32,"nativePatternStartMs":20883024.433,"nativeAgeMs":10.108}
10-11 17:58:19.642 15336 15524 I ReactNativeJS: [outputs] outputs.hapticSymbol {"timestamp":20885820.320312,"wallClock":1760219899641,"enabled":true,"symbol":"-","durationMs":180,"platform":"android","source":"console.replay","correlationId":"console-replay:mgmthb08y3che9tf","timelineOffsetMs":10.251499000936747}
10-11 17:58:19.643 15336 15524 I ReactNativeJS: [outputs] outputs.flashPulse {"timestamp":20885821.545624,"wallClock":1760219899642,"enabled":true,"durationMs":180,"source":"console.replay","correlationId":"console-replay:mgmthb08y3che9tf","timelineOffsetMs":10.251499000936747,"schedulingMode":"timeline","audioStartHeadroomMs":-45.0930410027504,"audioStartGuard":"headroom","audioStartCompensationMs":40}
10-11 17:58:19.709 15336 15524 I ReactNativeJS: [outputs] outputs.flashPulse.commit {"timestamp":20885887.328697,"wallClock":1760219899708,"durationMs":180,"source":"console.replay","correlationId":"console-replay:mgmthb08y3che9tf","latencyMs":68.26677099987864,"timelineOffsetMs":10.251499000936747,"leadMs":8,"scheduleSkewMs":65.78927100077271,"schedulingMode":"timeline","audioStartHeadroomMs":-45.0930410027504,"audioStartGuard":"headroom","audioStartCompensationMs":40}
10-11 17:58:19.810 15336 15903 D OutputsAudio: [outputs-audio] stop gain=1.000 release=6.00
10-11 17:58:19.871 15336 15903 D OutputsAudio: [outputs-audio] start hz=700.0 gain=1.000 attack=2.50 release=6.00
10-11 17:58:19.871 15336 15903 D OutputsAudio: [outputs-audio] playMorse.symbol.start sequence=18 symbol=- expected=20886024.433 actual=20886050.265 skew=25.832 batchElapsed=3025.832
10-11 17:58:19.886 15336 15524 D OutputsAudio: [outputs-audio] symbol.info sequence=18 symbol=- timestamp=20886050.265 duration=180.000 expected=20886024.433 skew=25.832 age=14.448
10-11 17:58:19.887 15336 15524 I ReactNativeJS: [outputs] playMorse.symbol {"timestamp":20886064.940728,"wallClock":1760219899886,"symbol":"-","durationMs":180,"index":17,"source":"console.replay","correlationId":"console-replay:mgmthb72hbdp2o7w","nativeTimestampMs":20886050.265,"nativeDurationMs":180,"nativeOffsetMs":14.57218699902296,"nativeSequence":18,"monotonicTimestampMs":20886050.265,"nativeExpectedTimestampMs":20886024.433,"nativeStartSkewMs":25.832,"nativeBatchElapsedMs":3025.832,"nativeExpectedSincePriorMs":240,"nativeSincePriorMs":241.464,"nativePatternStartMs":20883024.433,"nativeAgeMs":14.448}
10-11 17:58:19.887 15336 15524 I ReactNativeJS: [outputs] outputs.hapticSymbol {"timestamp":20886065.941301,"wallClock":1760219899887,"enabled":true,"symbol":"-","durationMs":180,"platform":"android","source":"console.replay","correlationId":"console-replay:mgmthb72hbdp2o7w","timelineOffsetMs":14.57218699902296}
10-11 17:58:19.888 15336 15524 I ReactNativeJS: [outputs] outputs.flashPulse {"timestamp":20886066.932499,"wallClock":1760219899888,"enabled":true,"durationMs":180,"source":"console.replay","correlationId":"console-replay:mgmthb72hbdp2o7w","timelineOffsetMs":14.57218699902296,"schedulingMode":"timeline","audioStartHeadroomMs":-50.48012400045991,"audioStartGuard":"headroom","audioStartCompensationMs":40}
10-11 17:58:19.953 15336 15524 I ReactNativeJS: [outputs] outputs.flashPulse.commit {"timestamp":20886131.270989,"wallClock":1760219899952,"durationMs":180,"source":"console.replay","correlationId":"console-replay:mgmthb72hbdp2o7w","latencyMs":66.42500000074506,"timelineOffsetMs":14.57218699902296,"leadMs":8,"scheduleSkewMs":64.34578200057149,"schedulingMode":"timeline","audioStartHeadroomMs":-50.48012400045991,"audioStartGuard":"headroom","audioStartCompensationMs":40}
10-11 17:58:20.051 15336 15903 D OutputsAudio: [outputs-audio] stop gain=1.000 release=6.00
10-11 17:58:20.112 15336 15903 D OutputsAudio: [outputs-audio] start hz=700.0 gain=1.000 attack=2.50 release=6.00
10-11 17:58:20.113 15336 15903 D OutputsAudio: [outputs-audio] playMorse.symbol.start sequence=19 symbol=. expected=20886264.433 actual=20886291.843 skew=27.410 batchElapsed=3267.410
10-11 17:58:20.124 15336 15524 D OutputsAudio: [outputs-audio] symbol.info sequence=19 symbol=. timestamp=20886291.843 duration=60.000 expected=20886264.433 skew=27.410 age=11.321
10-11 17:58:20.127 15336 15524 I ReactNativeJS: [outputs] playMorse.symbol {"timestamp":20886303.373176,"wallClock":1760219900124,"symbol":".","durationMs":60,"index":18,"source":"console.replay","correlationId":"console-replay:mgmthbdo9eggyvo4","nativeTimestampMs":20886291.843,"nativeDurationMs":60,"nativeOffsetMs":11.44173900038004,"nativeSequence":19,"monotonicTimestampMs":20886291.843,"nativeExpectedTimestampMs":20886264.433,"nativeStartSkewMs":27.41,"nativeBatchElapsedMs":3267.41,"nativeExpectedSincePriorMs":240,"nativeSincePriorMs":241.578,"nativePatternStartMs":20883024.433,"nativeAgeMs":11.321}
10-11 17:58:20.128 15336 15524 I ReactNativeJS: [outputs] outputs.hapticSymbol {"timestamp":20886305.701978,"wallClock":1760219900127,"enabled":true,"symbol":".","durationMs":60,"platform":"android","source":"console.replay","correlationId":"console-replay:mgmthbdo9eggyvo4","timelineOffsetMs":11.44173900038004}
10-11 17:58:20.132 15336 15524 I ReactNativeJS: [outputs] outputs.flashPulse {"timestamp":20886309.739374,"wallClock":1760219900131,"enabled":true,"durationMs":60,"source":"console.replay","correlationId":"console-replay:mgmthbdo9eggyvo4","timelineOffsetMs":11.44173900038004,"schedulingMode":"timeline","audioStartHeadroomMs":-53.29210299998522,"audioStartGuard":"headroom","audioStartCompensationMs":40}
10-11 17:58:20.174 15336 15903 D OutputsAudio: [outputs-audio] stop gain=1.000 release=6.00
10-11 17:58:20.191 15336 15524 I ReactNativeJS: [outputs] outputs.flashPulse.commit {"timestamp":20886369.300312,"wallClock":1760219900190,"durationMs":60,"source":"console.replay","correlationId":"console-replay:mgmthbdo9eggyvo4","latencyMs":66.00692700222135,"timelineOffsetMs":11.44173900038004,"leadMs":8,"scheduleSkewMs":59.564323000609875,"schedulingMode":"timeline","audioStartHeadroomMs":-53.29210299998522,"audioStartGuard":"headroom","audioStartCompensationMs":40}
10-11 17:58:20.236 15336 15903 D OutputsAudio: [outputs-audio] start hz=700.0 gain=1.000 attack=2.50 release=6.00
10-11 17:58:20.236 15336 15903 D OutputsAudio: [outputs-audio] playMorse.symbol.start sequence=20 symbol=. expected=20886384.433 actual=20886415.230 skew=30.797 batchElapsed=3390.797
10-11 17:58:20.241 15336 15524 D OutputsAudio: [outputs-audio] symbol.info sequence=20 symbol=. timestamp=20886415.230 duration=60.000 expected=20886384.433 skew=30.797 age=5.044
10-11 17:58:20.242 15336 15524 I ReactNativeJS: [outputs] playMorse.symbol {"timestamp":20886420.39927,"wallClock":1760219900241,"symbol":".","durationMs":60,"index":19,"source":"console.replay","correlationId":"console-replay:mgmthbgxel9e820k","nativeTimestampMs":20886415.23,"nativeDurationMs":60,"nativeOffsetMs":5.118071999400854,"nativeSequence":20,"monotonicTimestampMs":20886415.23,"nativeExpectedTimestampMs":20886384.433,"nativeStartSkewMs":30.797,"nativeBatchElapsedMs":3390.797,"nativeExpectedSincePriorMs":120,"nativeSincePriorMs":123.387,"nativePatternStartMs":20883024.433,"nativeAgeMs":5.044}
10-11 17:58:20.242 15336 15524 I ReactNativeJS: [outputs] outputs.hapticSymbol {"timestamp":20886420.920832,"wallClock":1760219900242,"enabled":true,"symbol":".","durationMs":60,"platform":"android","source":"console.replay","correlationId":"console-replay:mgmthbgxel9e820k","timelineOffsetMs":5.118071999400854}
10-11 17:58:20.243 15336 15524 I ReactNativeJS: [outputs] outputs.flashPulse {"timestamp":20886421.466353,"wallClock":1760219900242,"enabled":true,"durationMs":60,"source":"console.replay","correlationId":"console-replay:mgmthbgxel9e820k","timelineOffsetMs":5.118071999400854,"schedulingMode":"timeline","audioStartHeadroomMs":-45.023822002112865,"audioStartGuard":"headroom","audioStartCompensationMs":40}
10-11 17:58:20.296 15336 15903 D OutputsAudio: [outputs-audio] stop gain=1.000 release=6.00
10-11 17:58:20.301 15336 15524 I ReactNativeJS: [outputs] outputs.flashPulse.commit {"timestamp":20886480.154374,"wallClock":1760219900301,"durationMs":60,"source":"console.replay","correlationId":"console-replay:mgmthbgxel9e820k","latencyMs":59.798957999795675,"timelineOffsetMs":5.118071999400854,"leadMs":8,"scheduleSkewMs":58.68848900124431,"schedulingMode":"timeline","audioStartHeadroomMs":-45.023822002112865,"audioStartGuard":"headroom","audioStartCompensationMs":40}
10-11 17:58:20.357 15336 15903 D OutputsAudio: [outputs-audio] start hz=700.0 gain=1.000 attack=2.50 release=6.00
10-11 17:58:20.357 15336 15903 D OutputsAudio: [outputs-audio] playMorse.symbol.start sequence=21 symbol=. expected=20886504.433 actual=20886536.273 skew=31.840 batchElapsed=3511.840
10-11 17:58:20.369 15336 15524 D OutputsAudio: [outputs-audio] symbol.info sequence=21 symbol=. timestamp=20886536.273 duration=60.000 expected=20886504.433 skew=31.840 age=11.881
10-11 17:58:20.370 15336 15524 I ReactNativeJS: [outputs] playMorse.symbol {"timestamp":20886548.307812,"wallClock":1760219900369,"symbol":".","durationMs":60,"index":20,"source":"console.replay","correlationId":"console-replay:mgmthbkh93psxk4r","nativeTimestampMs":20886536.273,"nativeDurationMs":60,"nativeOffsetMs":11.969291001558304,"nativeSequence":21,"monotonicTimestampMs":20886536.273,"nativeExpectedTimestampMs":20886504.433,"nativeStartSkewMs":31.84,"nativeBatchElapsedMs":3511.84,"nativeExpectedSincePriorMs":120,"nativeSincePriorMs":121.043,"nativePatternStartMs":20883024.433,"nativeAgeMs":11.881}
10-11 17:58:20.370 15336 15524 I ReactNativeJS: [outputs] outputs.hapticSymbol {"timestamp":20886548.930676,"wallClock":1760219900370,"enabled":true,"symbol":".","durationMs":60,"platform":"android","source":"console.replay","correlationId":"console-replay:mgmthbkh93psxk4r","timelineOffsetMs":11.969291001558304}
10-11 17:58:20.371 15336 15524 I ReactNativeJS: [outputs] outputs.flashPulse {"timestamp":20886549.554739,"wallClock":1760219900370,"enabled":true,"durationMs":60,"source":"console.replay","correlationId":"console-replay:mgmthbkh93psxk4r","timelineOffsetMs":11.969291001558304,"schedulingMode":"timeline","audioStartHeadroomMs":-53.11012400314212,"audioStartGuard":"headroom","audioStartCompensationMs":40}
10-11 17:58:20.418 15336 15903 D OutputsAudio: [outputs-audio] stop gain=1.000 release=6.00
10-11 17:58:20.428 15336 15524 I ReactNativeJS: [outputs] outputs.flashPulse.commit {"timestamp":20886607.021353,"wallClock":1760219900428,"durationMs":60,"source":"console.replay","correlationId":"console-replay:mgmthbkh93psxk4r","latencyMs":58.77072900161147,"timelineOffsetMs":11.969291001558304,"leadMs":8,"scheduleSkewMs":57.46781300008297,"schedulingMode":"timeline","audioStartHeadroomMs":-53.11012400314212,"audioStartGuard":"headroom","audioStartCompensationMs":40}
10-11 17:58:20.478 15336 15903 D OutputsAudio: [outputs-audio] start hz=700.0 gain=1.000 attack=2.50 release=6.00
10-11 17:58:20.478 15336 15903 D OutputsAudio: [outputs-audio] playMorse.symbol.start sequence=22 symbol=- expected=20886624.433 actual=20886657.195 skew=32.762 batchElapsed=3632.762
10-11 17:58:20.502 15336 15524 D OutputsAudio: [outputs-audio] symbol.info sequence=22 symbol=- timestamp=20886657.195 duration=180.000 expected=20886624.433 skew=32.762 age=24.312
10-11 17:58:20.503 15336 15524 I ReactNativeJS: [outputs] playMorse.symbol {"timestamp":20886681.69578,"wallClock":1760219900503,"symbol":"-","durationMs":180,"index":21,"source":"console.replay","correlationId":"console-replay:mgmthbo7793wu62h","nativeTimestampMs":20886657.195,"nativeDurationMs":180,"nativeOffsetMs":24.42416600137949,"nativeSequence":22,"monotonicTimestampMs":20886657.195,"nativeExpectedTimestampMs":20886624.433,"nativeStartSkewMs":32.762,"nativeBatchElapsedMs":3632.762,"nativeExpectedSincePriorMs":120,"nativeSincePriorMs":120.922,"nativePatternStartMs":20883024.433,"nativeAgeMs":24.312}
10-11 17:58:20.504 15336 15524 I ReactNativeJS: [outputs] outputs.hapticSymbol {"timestamp":20886682.433384,"wallClock":1760219900503,"enabled":true,"symbol":"-","durationMs":180,"platform":"android","source":"console.replay","correlationId":"console-replay:mgmthbo7793wu62h","timelineOffsetMs":24.42416600137949}
10-11 17:58:20.504 15336 15524 I ReactNativeJS: [outputs] outputs.flashPulse {"timestamp":20886683.075416,"wallClock":1760219900504,"enabled":true,"durationMs":180,"source":"console.replay","correlationId":"console-replay:mgmthbo7793wu62h","timelineOffsetMs":24.42416600137949,"schedulingMode":"timeline","audioStartHeadroomMs":-66.63095699995756,"audioStartGuard":"headroom","audioStartCompensationMs":40}
10-11 17:58:20.562 15336 15524 I ReactNativeJS: [outputs] outputs.flashPulse.commit {"timestamp":20886740.801249,"wallClock":1760219900562,"durationMs":180,"source":"console.replay","correlationId":"console-replay:mgmthbo7793wu62h","latencyMs":59.17291599884629,"timelineOffsetMs":24.42416600137949,"leadMs":8,"scheduleSkewMs":57.726093001663685,"schedulingMode":"timeline","audioStartHeadroomMs":-66.63095699995756,"audioStartGuard":"headroom","audioStartCompensationMs":40}
10-11 17:58:20.659 15336 15903 D OutputsAudio: [outputs-audio] stop gain=1.000 release=6.00
10-11 17:58:20.719 15336 15903 D OutputsAudio: [outputs-audio] start hz=700.0 gain=1.000 attack=2.50 release=6.00
10-11 17:58:20.720 15336 15903 D OutputsAudio: [outputs-audio] playMorse.symbol.start sequence=23 symbol=- expected=20886864.433 actual=20886898.557 skew=34.124 batchElapsed=3874.124
10-11 17:58:20.733 15336 15524 D OutputsAudio: [outputs-audio] symbol.info sequence=23 symbol=- timestamp=20886898.557 duration=180.000 expected=20886864.433 skew=34.124 age=13.487
10-11 17:58:20.735 15336 15524 I ReactNativeJS: [outputs] playMorse.symbol {"timestamp":20886912.228436,"wallClock":1760219900733,"symbol":"-","durationMs":180,"index":22,"source":"console.replay","correlationId":"console-replay:mgmthbulzr6umcn3","nativeTimestampMs":20886898.557,"nativeDurationMs":180,"nativeOffsetMs":13.598051000386477,"nativeSequence":23,"monotonicTimestampMs":20886898.557,"nativeExpectedTimestampMs":20886864.433,"nativeStartSkewMs":34.124,"nativeBatchElapsedMs":3874.124,"nativeExpectedSincePriorMs":240,"nativeSincePriorMs":241.362,"nativePatternStartMs":20883024.433,"nativeAgeMs":13.487}
10-11 17:58:20.735 15336 15524 I ReactNativeJS: [outputs] outputs.hapticSymbol {"timestamp":20886913.856041,"wallClock":1760219900735,"enabled":true,"symbol":"-","durationMs":180,"platform":"android","source":"console.replay","correlationId":"console-replay:mgmthbulzr6umcn3","timelineOffsetMs":13.598051000386477}
10-11 17:58:20.736 15336 15524 I ReactNativeJS: [outputs] outputs.flashPulse {"timestamp":20886915.016718,"wallClock":1760219900736,"enabled":true,"durationMs":180,"source":"console.replay","correlationId":"console-replay:mgmthbulzr6umcn3","timelineOffsetMs":13.598051000386477,"schedulingMode":"timeline","audioStartHeadroomMs":-58.57033200189471,"audioStartGuard":"headroom","audioStartCompensationMs":40}
10-11 17:58:20.794 15336 15524 I ReactNativeJS: [outputs] outputs.flashPulse.commit {"timestamp":20886972.586666,"wallClock":1760219900794,"durationMs":180,"source":"console.replay","correlationId":"console-replay:mgmthbulzr6umcn3","latencyMs":60.42270800098777,"timelineOffsetMs":13.598051000386477,"leadMs":8,"scheduleSkewMs":57.571875002235174,"schedulingMode":"timeline","audioStartHeadroomMs":-58.57033200189471,"audioStartGuard":"headroom","audioStartCompensationMs":40}
10-11 17:58:20.900 15336 15903 D OutputsAudio: [outputs-audio] stop gain=1.000 release=6.00
10-11 17:58:20.961 15336 15903 D OutputsAudio: [outputs-audio] start hz=700.0 gain=1.000 attack=2.50 release=6.00
10-11 17:58:20.962 15336 15903 D OutputsAudio: [outputs-audio] playMorse.symbol.start sequence=24 symbol=- expected=20887104.433 actual=20887140.580 skew=36.147 batchElapsed=4116.147
10-11 17:58:20.976 15336 15524 D OutputsAudio: [outputs-audio] symbol.info sequence=24 symbol=- timestamp=20887140.580 duration=180.000 expected=20887104.433 skew=36.147 age=14.793
10-11 17:58:20.978 15336 15524 I ReactNativeJS: [outputs] playMorse.symbol {"timestamp":20887155.649895,"wallClock":1760219900977,"symbol":"-","durationMs":180,"index":23,"source":"console.replay","correlationId":"console-replay:mgmthc1dsnzrdmme","nativeTimestampMs":20887140.58,"nativeDurationMs":180,"nativeOffsetMs":14.957186002284288,"nativeSequence":24,"monotonicTimestampMs":20887140.58,"nativeExpectedTimestampMs":20887104.433,"nativeStartSkewMs":36.147,"nativeBatchElapsedMs":4116.147,"nativeExpectedSincePriorMs":240,"nativeSincePriorMs":242.023,"nativePatternStartMs":20883024.433,"nativeAgeMs":14.793}
10-11 17:58:20.979 15336 15524 I ReactNativeJS: [outputs] outputs.hapticSymbol {"timestamp":20887157.410051,"wallClock":1760219900978,"enabled":true,"symbol":"-","durationMs":180,"platform":"android","source":"console.replay","correlationId":"console-replay:mgmthc1dsnzrdmme","timelineOffsetMs":14.957186002284288}
10-11 17:58:20.980 15336 15524 I ReactNativeJS: [outputs] outputs.flashPulse {"timestamp":20887158.802811,"wallClock":1760219900980,"enabled":true,"durationMs":180,"source":"console.replay","correlationId":"console-replay:mgmthc1dsnzrdmme","timelineOffsetMs":14.957186002284288,"schedulingMode":"timeline","audioStartHeadroomMs":-62.34892600029707,"audioStartGuard":"headroom","audioStartCompensationMs":40}
10-11 17:58:21.045 15336 15524 I ReactNativeJS: [outputs] outputs.flashPulse.commit {"timestamp":20887223.329686,"wallClock":1760219901044,"durationMs":180,"source":"console.replay","correlationId":"console-replay:mgmthc1dsnzrdmme","latencyMs":67.78359400108457,"timelineOffsetMs":14.957186002284288,"leadMs":8,"scheduleSkewMs":64.53432300314307,"schedulingMode":"timeline","audioStartHeadroomMs":-62.34892600029707,"audioStartGuard":"headroom","audioStartCompensationMs":40}
10-11 17:58:21.143 15336 15903 D OutputsAudio: [outputs-audio] stop gain=1.000 release=6.00
10-11 17:58:21.203 15336 15903 D OutputsAudio: [outputs-audio] start hz=700.0 gain=1.000 attack=2.50 release=6.00
10-11 17:58:21.203 15336 15903 D OutputsAudio: [outputs-audio] playMorse.symbol.start sequence=25 symbol=. expected=20887344.433 actual=20887382.125 skew=37.692 batchElapsed=4357.692
10-11 17:58:21.211 15336 15524 D OutputsAudio: [outputs-audio] symbol.info sequence=25 symbol=. timestamp=20887382.125 duration=60.000 expected=20887344.433 skew=37.692 age=7.878
10-11 17:58:21.212 15336 15524 I ReactNativeJS: [outputs] playMorse.symbol {"timestamp":20887390.212395,"wallClock":1760219901211,"symbol":".","durationMs":60,"index":24,"source":"console.replay","correlationId":"console-replay:mgmthc7v7bpw1chi","nativeTimestampMs":20887382.125,"nativeDurationMs":60,"nativeOffsetMs":7.99932200089097,"nativeSequence":25,"monotonicTimestampMs":20887382.125,"nativeExpectedTimestampMs":20887344.433,"nativeStartSkewMs":37.692,"nativeBatchElapsedMs":4357.692,"nativeExpectedSincePriorMs":240,"nativeSincePriorMs":241.544,"nativePatternStartMs":20883024.433,"nativeAgeMs":7.878}
10-11 17:58:21.213 15336 15524 I ReactNativeJS: [outputs] outputs.hapticSymbol {"timestamp":20887391.266405,"wallClock":1760219901212,"enabled":true,"symbol":".","durationMs":60,"platform":"android","source":"console.replay","correlationId":"console-replay:mgmthc7v7bpw1chi","timelineOffsetMs":7.99932200089097}
10-11 17:58:21.213 15336 15524 I ReactNativeJS: [outputs] outputs.flashPulse {"timestamp":20887392.194322,"wallClock":1760219901213,"enabled":true,"durationMs":60,"source":"console.replay","correlationId":"console-replay:mgmthc7v7bpw1chi","timelineOffsetMs":7.99932200089097,"schedulingMode":"timeline","audioStartHeadroomMs":-55.745957002043724,"audioStartGuard":"headroom","audioStartCompensationMs":40}
10-11 17:58:21.264 15336 15903 D OutputsAudio: [outputs-audio] stop gain=1.000 release=6.00
10-11 17:58:21.278 15336 15524 I ReactNativeJS: [outputs] outputs.flashPulse.commit {"timestamp":20887456.508957,"wallClock":1760219901277,"durationMs":60,"source":"console.replay","correlationId":"console-replay:mgmthc7v7bpw1chi","latencyMs":66.37442699819803,"timelineOffsetMs":7.99932200089097,"leadMs":8,"scheduleSkewMs":64.31697899848223,"schedulingMode":"timeline","audioStartHeadroomMs":-55.745957002043724,"audioStartGuard":"headroom","audioStartCompensationMs":40}
10-11 17:58:21.325 15336 15903 D OutputsAudio: [outputs-audio] start hz=700.0 gain=1.000 attack=2.50 release=6.00
10-11 17:58:21.325 15336 15903 D OutputsAudio: [outputs-audio] playMorse.symbol.start sequence=26 symbol=. expected=20887464.433 actual=20887504.198 skew=39.765 batchElapsed=4479.765
10-11 17:58:21.325 15336 15524 D OutputsAudio: [outputs-audio] symbol.info sequence=26 symbol=. timestamp=20887504.198 duration=60.000 expected=20887464.433 skew=39.765 age=0.110
10-11 17:58:21.326 15336 15524 I ReactNativeJS: [outputs] playMorse.symbol {"timestamp":20887504.663072,"wallClock":1760219901326,"symbol":".","durationMs":60,"index":25,"source":"console.replay","correlationId":"console-replay:mgmthcb2abyt8hmq","nativeTimestampMs":20887504.198,"nativeDurationMs":60,"nativeOffsetMs":0.4132490009069443,"nativeSequence":26,"monotonicTimestampMs":20887504.198,"nativeExpectedTimestampMs":20887464.433,"nativeStartSkewMs":39.765,"nativeBatchElapsedMs":4479.765,"nativeExpectedSincePriorMs":120,"nativeSincePriorMs":122.073,"nativePatternStartMs":20883024.433,"nativeAgeMs":0.11}
10-11 17:58:21.326 15336 15524 I ReactNativeJS: [outputs] outputs.hapticSymbol {"timestamp":20887505.17953,"wallClock":1760219901326,"enabled":true,"symbol":".","durationMs":60,"platform":"android","source":"console.replay","correlationId":"console-replay:mgmthcb2abyt8hmq","timelineOffsetMs":0.4132490009069443}
10-11 17:58:21.327 15336 15524 I ReactNativeJS: [outputs] outputs.flashPulse {"timestamp":20887505.780832,"wallClock":1760219901327,"enabled":true,"durationMs":60,"source":"console.replay","correlationId":"console-replay:mgmthcb2abyt8hmq","timelineOffsetMs":0.4132490009069443,"schedulingMode":"timeline","audioStartHeadroomMs":-49.33772800117731,"audioStartGuard":"headroom","audioStartCompensationMs":40}
10-11 17:58:21.379 15336 15524 I ReactNativeJS: [outputs] outputs.flashPulse.commit {"timestamp":20887557.328853,"wallClock":1760219901378,"durationMs":60,"source":"console.replay","correlationId":"console-replay:mgmthcb2abyt8hmq","latencyMs":52.70755200088024,"timelineOffsetMs":0.4132490009069443,"leadMs":8,"scheduleSkewMs":51.54625000059605,"schedulingMode":"timeline","audioStartHeadroomMs":-49.33772800117731,"audioStartGuard":"headroom","audioStartCompensationMs":40}
10-11 17:58:21.386 15336 15903 D OutputsAudio: [outputs-audio] stop gain=1.000 release=6.00
10-11 17:58:21.447 15336 15903 D OutputsAudio: [outputs-audio] start hz=700.0 gain=1.000 attack=2.50 release=6.00
10-11 17:58:21.447 15336 15903 D OutputsAudio: [outputs-audio] playMorse.symbol.start sequence=27 symbol=. expected=20887584.433 actual=20887626.354 skew=41.921 batchElapsed=4601.921
10-11 17:58:21.464 15336 15524 D OutputsAudio: [outputs-audio] symbol.info sequence=27 symbol=. timestamp=20887626.354 duration=60.000 expected=20887584.433 skew=41.921 age=16.437
10-11 17:58:21.465 15336 15524 I ReactNativeJS: [outputs] playMorse.symbol {"timestamp":20887642.994478,"wallClock":1760219901464,"symbol":".","durationMs":60,"index":26,"source":"console.replay","correlationId":"console-replay:mgmthcew8mpqpkls","nativeTimestampMs":20887626.354,"nativeDurationMs":60,"nativeOffsetMs":16.558967001736164,"nativeSequence":27,"monotonicTimestampMs":20887626.354,"nativeExpectedTimestampMs":20887584.433,"nativeStartSkewMs":41.921,"nativeBatchElapsedMs":4601.921,"nativeExpectedSincePriorMs":120,"nativeSincePriorMs":122.157,"nativePatternStartMs":20883024.433,"nativeAgeMs":16.437}
10-11 17:58:21.465 15336 15524 I ReactNativeJS: [outputs] outputs.hapticSymbol {"timestamp":20887643.720519,"wallClock":1760219901465,"enabled":true,"symbol":".","durationMs":60,"platform":"android","source":"console.replay","correlationId":"console-replay:mgmthcew8mpqpkls","timelineOffsetMs":16.558967001736164}
10-11 17:58:21.466 15336 15524 I ReactNativeJS: [outputs] outputs.flashPulse {"timestamp":20887644.587238,"wallClock":1760219901466,"enabled":true,"durationMs":60,"source":"console.replay","correlationId":"console-replay:mgmthcew8mpqpkls","timelineOffsetMs":16.558967001736164,"schedulingMode":"timeline","audioStartHeadroomMs":-68.14199900254607,"audioStartGuard":"headroom","audioStartCompensationMs":40}
10-11 17:58:21.508 15336 15903 D OutputsAudio: [outputs-audio] stop gain=1.000 release=6.00
10-11 17:58:21.508 15336 15903 D OutputsAudio: [outputs-audio] stop gain=1.000 release=6.00
10-11 17:58:21.508 15336 15903 D OutputsAudio: [outputs-audio] playMorse.end cancelled=0
10-11 17:58:21.519 15336 15524 I ReactNativeJS: [outputs] outputs.flashPulse.commit {"timestamp":20887698.040624,"wallClock":1760219901519,"durationMs":60,"source":"console.replay","correlationId":"console-replay:mgmthcew8mpqpkls","latencyMs":55.11880199983716,"timelineOffsetMs":16.558967001736164,"leadMs":8,"scheduleSkewMs":53.45442700013518,"schedulingMode":"timeline","audioStartHeadroomMs":-68.14199900254607,"audioStartGuard":"headroom","audioStartCompensationMs":40}
10-11 17:58:21.568 15336 15524 I ReactNativeJS: [outputs] playMorse.complete {"timestamp":20887746.282967,"wallClock":1760219901567,"durationMs":4921.322863001376,"source":"console.replay","audioEnabled":true,"audioVolumePercent":100}
10-11 17:58:24.568 15336 15524 I ReactNativeJS: [outputs] playMorse.start {"timestamp":20890746.665674,"wallClock":1760219904568,"unitMs":48,"length":28,"source":"console.replay","audioEnabled":true,"audioVolumePercent":100}
10-11 17:58:24.719 15336 15524 D OutputsAudio: [outputs-audio] warmup hz=700.0
10-11 17:58:24.720 15336 15944 D OutputsAudio: [outputs-audio] playMorse.start count=27 unit=48.0
10-11 17:58:24.720 15336 15944 D OutputsAudio: [outputs-audio] start hz=700.0 gain=1.000 attack=2.50 release=6.00
10-11 17:58:24.720 15336 15944 D OutputsAudio: [outputs-audio] playMorse.symbol.start sequence=1 symbol=. expected=20890898.899 actual=20890898.916 skew=0.016 batchElapsed=0.016
10-11 17:58:24.727 15336 15524 D OutputsAudio: [outputs-audio] symbol.info sequence=1 symbol=. timestamp=20890898.916 duration=48.000 expected=20890898.899 skew=0.016 age=7.363
10-11 17:58:24.729 15336 15524 I ReactNativeJS: [outputs] playMorse.symbol {"timestamp":20890906.625883,"wallClock":1760219904728,"symbol":".","durationMs":48,"index":0,"source":"console.replay","correlationId":"console-replay:mgmthexkmmmt9wxx","nativeTimestampMs":20890898.916,"nativeDurationMs":48,"nativeOffsetMs":7.572226997464895,"nativeSequence":1,"monotonicTimestampMs":20890898.916,"nativeExpectedTimestampMs":20890898.899,"nativeStartSkewMs":0.016,"nativeBatchElapsedMs":0.016,"nativeExpectedSincePriorMs":0,"nativeSincePriorMs":0,"nativePatternStartMs":20890898.899,"nativeAgeMs":7.363}
10-11 17:58:24.730 15336 15524 I ReactNativeJS: [outputs] outputs.hapticSymbol {"timestamp":20890908.057862,"wallClock":1760219904729,"enabled":true,"symbol":".","durationMs":48,"platform":"android","source":"console.replay","correlationId":"console-replay:mgmthexkmmmt9wxx","timelineOffsetMs":7.572226997464895}
10-11 17:58:24.731 15336 15524 I ReactNativeJS: [outputs] outputs.flashPulse {"timestamp":20890909.701508,"wallClock":1760219904731,"enabled":true,"durationMs":48,"source":"console.replay","correlationId":"console-replay:mgmthexkmmmt9wxx","timelineOffsetMs":7.572226997464895,"schedulingMode":"timeline","audioStartHeadroomMs":-18.77724700048566,"audioStartGuard":"headroom","audioStartCompensationMs":18.77724700048566}
10-11 17:58:24.769 15336 15944 D OutputsAudio: [outputs-audio] stop gain=1.000 release=6.00
10-11 17:58:24.802 15336 15524 I ReactNativeJS: [outputs] outputs.flashPulse.commit {"timestamp":20890980.858383,"wallClock":1760219904802,"durationMs":48,"source":"console.replay","correlationId":"console-replay:mgmthexkmmmt9wxx","latencyMs":74.36057200282812,"timelineOffsetMs":7.572226997464895,"leadMs":8,"scheduleSkewMs":71.1685930006206,"schedulingMode":"timeline","audioStartHeadroomMs":-18.77724700048566,"audioStartGuard":"headroom","audioStartCompensationMs":18.77724700048566}
10-11 17:58:24.817 15336 15944 D OutputsAudio: [outputs-audio] start hz=700.0 gain=1.000 attack=2.50 release=6.00
10-11 17:58:24.818 15336 15944 D OutputsAudio: [outputs-audio] playMorse.symbol.start sequence=2 symbol=. expected=20890994.899 actual=20890996.722 skew=1.823 batchElapsed=97.823
10-11 17:58:24.846 15336 15524 D OutputsAudio: [outputs-audio] symbol.info sequence=2 symbol=. timestamp=20890996.722 duration=48.000 expected=20890994.899 skew=1.823 age=28.790
