10-11 16:33:23.902 19110 19189 I ReactNativeJS: [outputs] outputs.flashPulse.commit {"timestamp":15827423.3712,"wallClock":1760214803902,"durationMs":48,"source":"console.replay","correlationId":"console-replay:mgmqg320llcvobm0","latencyMs":69.48854099959135,"timelineOffsetMs":13.941501999273896,"leadMs":8,"scheduleSkewMs":77.48854099959135}
10-11 16:33:23.916 19110 19970 D OutputsAudio: [outputs-audio] start hz=700.0 gain=1.000 attack=2.50 release=6.00
10-11 16:33:23.957 19110 19189 D OutputsAudio: [outputs-audio] symbol.info sequence=8 symbol=. timestamp=15827437.200 duration=48.000
10-11 16:33:23.957 19110 19189 I ReactNativeJS: [outputs] playMorse.symbol {"timestamp":15827478.658127,"wallClock":1760214803957,"symbol":".","durationMs":48,"index":7,"source":"console.replay","correlationId":"console-replay:mgmqg35hobxwx3l7","nativeTimestampMs":15827437.2,"nativeDurationMs":48,"nativeOffsetMs":41.407449999824166,"nativeSequence":8,"monotonicTimestampMs":15827437.2}
10-11 16:33:23.958 19110 19189 I ReactNativeJS: [outputs] outputs.hapticSymbol {"timestamp":15827479.145262,"wallClock":1760214803958,"enabled":true,"symbol":".","durationMs":48,"platform":"android","source":"console.replay","correlationId":"console-replay:mgmqg35hobxwx3l7","timelineOffsetMs":41.407449999824166}
10-11 16:33:23.959 19110 19189 I ReactNativeJS: [outputs] outputs.flashPulse {"timestamp":15827479.952085,"wallClock":1760214803958,"enabled":true,"durationMs":48,"source":"console.replay","correlationId":"console-replay:mgmqg35hobxwx3l7","timelineOffsetMs":41.407449999824166}
10-11 16:33:23.965 19110 19970 D OutputsAudio: [outputs-audio] stop gain=1.000 release=6.00
10-11 16:33:24.013 19110 19970 D OutputsAudio: [outputs-audio] start hz=700.0 gain=1.000 attack=2.50 release=6.00
10-11 16:33:24.015 19110 19189 I ReactNativeJS: [outputs] outputs.flashPulse.commit {"timestamp":15827536.575002,"wallClock":1760214804015,"durationMs":48,"source":"console.replay","correlationId":"console-replay:mgmqg35hobxwx3l7","latencyMs":57.962968001142144,"timelineOffsetMs":41.407449999824166,"leadMs":8,"scheduleSkewMs":65.96296800114214}
10-11 16:33:24.059 19110 19189 D OutputsAudio: [outputs-audio] symbol.info sequence=9 symbol=. timestamp=15827535.107 duration=48.000
10-11 16:33:24.059 19110 19189 I ReactNativeJS: [outputs] playMorse.symbol {"timestamp":15827580.635418,"wallClock":1760214804059,"symbol":".","durationMs":48,"index":8,"source":"console.replay","correlationId":"console-replay:mgmqg38by99py62l","nativeTimestampMs":15827535.107,"nativeDurationMs":48,"nativeOffsetMs":45.466022999957204,"nativeSequence":9,"monotonicTimestampMs":15827535.107}
10-11 16:33:24.060 19110 19189 I ReactNativeJS: [outputs] outputs.hapticSymbol {"timestamp":15827581.09896,"wallClock":1760214804059,"enabled":true,"symbol":".","durationMs":48,"platform":"android","source":"console.replay","correlationId":"console-replay:mgmqg38by99py62l","timelineOffsetMs":45.466022999957204}
10-11 16:33:24.060 19110 19189 I ReactNativeJS: [outputs] outputs.flashPulse {"timestamp":15827581.857137,"wallClock":1760214804060,"enabled":true,"durationMs":48,"source":"console.replay","correlationId":"console-replay:mgmqg38by99py62l","timelineOffsetMs":45.466022999957204}
10-11 16:33:24.062 19110 19970 D OutputsAudio: [outputs-audio] stop gain=1.000 release=6.00
10-11 16:33:24.111 19110 19970 D OutputsAudio: [outputs-audio] start hz=700.0 gain=1.000 attack=2.50 release=6.00
10-11 16:33:24.179 19110 19189 I ReactNativeJS: [outputs] outputs.flashPulse.commit {"timestamp":15827668.914741,"wallClock":1760214804147,"durationMs":48,"source":"console.replay","correlationId":"console-replay:mgmqg38by99py62l","latencyMs":88.33182199858129,"timelineOffsetMs":45.466022999957204,"leadMs":8,"scheduleSkewMs":96.33182199858129}
10-11 16:33:24.232 19110 19189 D OutputsAudio: [outputs-audio] symbol.info sequence=10 symbol=- timestamp=15827632.376 duration=144.000
10-11 16:33:24.232 19110 19189 I ReactNativeJS: [outputs] playMorse.symbol {"timestamp":15827753.516929,"wallClock":1760214804232,"symbol":"-","durationMs":144,"index":9,"source":"console.replay","correlationId":"console-replay:mgmqg3d4hhbeik40","nativeTimestampMs":15827632.376,"nativeDurationMs":144,"nativeOffsetMs":121.0944699998945,"nativeSequence":10,"monotonicTimestampMs":15827632.376}
10-11 16:33:24.233 19110 19189 I ReactNativeJS: [outputs] playMorse.nativeOffset.spike {"timestamp":15827754.003127,"wallClock":1760214804232,"source":"console.replay","offsetMs":121.0944699998945,"sequence":10,"unitMs":48,"correlationId":"console-replay:mgmqg3d4hhbeik40"}
10-11 16:33:24.233 19110 19189 I ReactNativeJS: [outputs] outputs.hapticSymbol {"timestamp":15827754.320575,"wallClock":1760214804233,"enabled":true,"symbol":"-","durationMs":144,"platform":"android","source":"console.replay","correlationId":"console-replay:mgmqg3d4hhbeik40","timelineOffsetMs":121.0944699998945}
10-11 16:33:24.234 19110 19189 I ReactNativeJS: [outputs] outputs.flashPulse {"timestamp":15827755.033283,"wallClock":1760214804233,"enabled":true,"durationMs":144,"source":"console.replay","correlationId":"console-replay:mgmqg3d4hhbeik40","timelineOffsetMs":121.0944699998945}
10-11 16:33:24.256 19110 19970 D OutputsAudio: [outputs-audio] stop gain=1.000 release=6.00
10-11 16:33:24.288 19110 19189 I ReactNativeJS: [outputs] outputs.flashPulse.commit {"timestamp":15827809.39396,"wallClock":1760214804288,"durationMs":144,"source":"console.replay","correlationId":"console-replay:mgmqg3d4hhbeik40","latencyMs":55.91869799979031,"timelineOffsetMs":121.0944699998945,"leadMs":8,"scheduleSkewMs":63.91869799979031}
10-11 16:33:24.305 19110 19970 D OutputsAudio: [outputs-audio] start hz=700.0 gain=1.000 attack=2.50 release=6.00
10-11 16:33:24.331 19110 19189 D OutputsAudio: [outputs-audio] symbol.info sequence=11 symbol=- timestamp=15827826.267 duration=144.000
10-11 16:33:24.332 19110 19189 I ReactNativeJS: [outputs] playMorse.symbol {"timestamp":15827853.224012,"wallClock":1760214804332,"symbol":"-","durationMs":144,"index":10,"source":"console.replay","correlationId":"console-replay:mgmqg3fw8emi4rz9","nativeTimestampMs":15827826.267,"nativeDurationMs":144,"nativeOffsetMs":26.90862699970603,"nativeSequence":11,"monotonicTimestampMs":15827826.267}
10-11 16:33:24.332 19110 19189 I ReactNativeJS: [outputs] outputs.hapticSymbol {"timestamp":15827853.701043,"wallClock":1760214804332,"enabled":true,"symbol":"-","durationMs":144,"platform":"android","source":"console.replay","correlationId":"console-replay:mgmqg3fw8emi4rz9","timelineOffsetMs":26.90862699970603}
10-11 16:33:24.333 19110 19189 I ReactNativeJS: [outputs] outputs.flashPulse {"timestamp":15827854.398387,"wallClock":1760214804333,"enabled":true,"durationMs":144,"source":"console.replay","correlationId":"console-replay:mgmqg3fw8emi4rz9","timelineOffsetMs":26.90862699970603}
10-11 16:33:24.385 19110 19189 I ReactNativeJS: [outputs] outputs.flashPulse.commit {"timestamp":15827905.791668,"wallClock":1760214804384,"durationMs":144,"source":"console.replay","correlationId":"console-replay:mgmqg3fw8emi4rz9","latencyMs":52.61119799874723,"timelineOffsetMs":26.90862699970603,"leadMs":8,"scheduleSkewMs":60.61119799874723}
10-11 16:33:24.449 19110 19970 D OutputsAudio: [outputs-audio] stop gain=1.000 release=6.00
10-11 16:33:24.498 19110 19970 D OutputsAudio: [outputs-audio] start hz=700.0 gain=1.000 attack=2.50 release=6.00
10-11 16:33:24.510 19110 19189 D OutputsAudio: [outputs-audio] symbol.info sequence=12 symbol=- timestamp=15828020.045 duration=144.000
10-11 16:33:24.513 19110 19189 I ReactNativeJS: [outputs] playMorse.symbol {"timestamp":15828031.552189,"wallClock":1760214804510,"symbol":"-","durationMs":144,"index":11,"source":"console.replay","correlationId":"console-replay:mgmqg3ku6zc6v1h4","nativeTimestampMs":15828020.045,"nativeDurationMs":144,"nativeOffsetMs":11.409064000472426,"nativeSequence":12,"monotonicTimestampMs":15828020.045}
10-11 16:33:24.516 19110 19189 I ReactNativeJS: [outputs] outputs.hapticSymbol {"timestamp":15828034.549481,"wallClock":1760214804513,"enabled":true,"symbol":"-","durationMs":144,"platform":"android","source":"console.replay","correlationId":"console-replay:mgmqg3ku6zc6v1h4","timelineOffsetMs":11.409064000472426}
10-11 16:33:24.521 19110 19189 I ReactNativeJS: [outputs] outputs.flashPulse {"timestamp":15828041.03922,"wallClock":1760214804519,"enabled":true,"durationMs":144,"source":"console.replay","correlationId":"console-replay:mgmqg3ku6zc6v1h4","timelineOffsetMs":11.409064000472426}
10-11 16:33:24.582 19110 19189 I ReactNativeJS: [outputs] outputs.flashPulse.commit {"timestamp":15828103.298179,"wallClock":1760214804582,"durationMs":144,"source":"console.replay","correlationId":"console-replay:mgmqg3ku6zc6v1h4","latencyMs":71.8389579989016,"timelineOffsetMs":11.409064000472426,"leadMs":8,"scheduleSkewMs":79.8389579989016}
10-11 16:33:24.643 19110 19970 D OutputsAudio: [outputs-audio] stop gain=1.000 release=6.00
10-11 16:33:24.692 19110 19970 D OutputsAudio: [outputs-audio] start hz=700.0 gain=1.000 attack=2.50 release=6.00
10-11 16:33:24.703 19110 19189 D OutputsAudio: [outputs-audio] symbol.info sequence=13 symbol=. timestamp=15828213.480 duration=48.000
10-11 16:33:24.704 19110 19189 I ReactNativeJS: [outputs] playMorse.symbol {"timestamp":15828224.810835,"wallClock":1760214804703,"symbol":".","durationMs":48,"index":12,"source":"console.replay","correlationId":"console-replay:mgmqg3q7ilunc15o","nativeTimestampMs":15828213.48,"nativeDurationMs":48,"nativeOffsetMs":11.257396999746561,"nativeSequence":13,"monotonicTimestampMs":15828213.48}
10-11 16:33:24.704 19110 19189 I ReactNativeJS: [outputs] outputs.hapticSymbol {"timestamp":15828225.511564,"wallClock":1760214804704,"enabled":true,"symbol":".","durationMs":48,"platform":"android","source":"console.replay","correlationId":"console-replay:mgmqg3q7ilunc15o","timelineOffsetMs":11.257396999746561}
10-11 16:33:24.705 19110 19189 I ReactNativeJS: [outputs] outputs.flashPulse {"timestamp":15828226.579064,"wallClock":1760214804705,"enabled":true,"durationMs":48,"source":"console.replay","correlationId":"console-replay:mgmqg3q7ilunc15o","timelineOffsetMs":11.257396999746561}
10-11 16:33:24.740 19110 19970 D OutputsAudio: [outputs-audio] stop gain=1.000 release=6.00
10-11 16:33:24.769 19110 19189 I ReactNativeJS: [outputs] outputs.flashPulse.commit {"timestamp":15828290.573126,"wallClock":1760214804769,"durationMs":48,"source":"console.replay","correlationId":"console-replay:mgmqg3q7ilunc15o","latencyMs":65.83041699975729,"timelineOffsetMs":11.257396999746561,"leadMs":8,"scheduleSkewMs":73.83041699975729}
10-11 16:33:24.789 19110 19970 D OutputsAudio: [outputs-audio] start hz=700.0 gain=1.000 attack=2.50 release=6.00
10-11 16:33:24.813 19110 19189 D OutputsAudio: [outputs-audio] symbol.info sequence=14 symbol=. timestamp=15828310.592 duration=48.000
10-11 16:33:24.814 19110 19189 I ReactNativeJS: [outputs] playMorse.symbol {"timestamp":15828334.988439,"wallClock":1760214804813,"symbol":".","durationMs":48,"index":13,"source":"console.replay","correlationId":"console-replay:mgmqg3t90zb69v02","nativeTimestampMs":15828310.592,"nativeDurationMs":48,"nativeOffsetMs":24.348990999162197,"nativeSequence":14,"monotonicTimestampMs":15828310.592}
10-11 16:33:24.814 19110 19189 I ReactNativeJS: [outputs] outputs.hapticSymbol {"timestamp":15828335.489064,"wallClock":1760214804814,"enabled":true,"symbol":".","durationMs":48,"platform":"android","source":"console.replay","correlationId":"console-replay:mgmqg3t90zb69v02","timelineOffsetMs":24.348990999162197}
10-11 16:33:24.815 19110 19189 I ReactNativeJS: [outputs] outputs.flashPulse {"timestamp":15828336.298751,"wallClock":1760214804815,"enabled":true,"durationMs":48,"source":"console.replay","correlationId":"console-replay:mgmqg3t90zb69v02","timelineOffsetMs":24.348990999162197}
10-11 16:33:24.838 19110 19970 D OutputsAudio: [outputs-audio] stop gain=1.000 release=6.00
10-11 16:33:24.873 19110 19189 I ReactNativeJS: [outputs] outputs.flashPulse.commit {"timestamp":15828391.896304,"wallClock":1760214804870,"durationMs":48,"source":"console.replay","correlationId":"console-replay:mgmqg3t90zb69v02","latencyMs":56.95005200058222,"timelineOffsetMs":24.348990999162197,"leadMs":8,"scheduleSkewMs":64.95005200058222}
10-11 16:33:24.887 19110 19970 D OutputsAudio: [outputs-audio] start hz=700.0 gain=1.000 attack=2.50 release=6.00
10-11 16:33:24.922 19110 19189 D OutputsAudio: [outputs-audio] symbol.info sequence=15 symbol=. timestamp=15828408.949 duration=48.000
10-11 16:33:24.923 19110 19189 I ReactNativeJS: [outputs] playMorse.symbol {"timestamp":15828443.845158,"wallClock":1760214804922,"symbol":".","durationMs":48,"index":14,"source":"console.replay","correlationId":"console-replay:mgmqg3waqvxz5iga","nativeTimestampMs":15828408.949,"nativeDurationMs":48,"nativeOffsetMs":34.84839700162411,"nativeSequence":15,"monotonicTimestampMs":15828408.949}
10-11 16:33:24.923 19110 19189 I ReactNativeJS: [outputs] outputs.hapticSymbol {"timestamp":15828444.363022,"wallClock":1760214804923,"enabled":true,"symbol":".","durationMs":48,"platform":"android","source":"console.replay","correlationId":"console-replay:mgmqg3waqvxz5iga","timelineOffsetMs":34.84839700162411}
10-11 16:33:24.924 19110 19189 I ReactNativeJS: [outputs] outputs.flashPulse {"timestamp":15828445.111095,"wallClock":1760214804923,"enabled":true,"durationMs":48,"source":"console.replay","correlationId":"console-replay:mgmqg3waqvxz5iga","timelineOffsetMs":34.84839700162411}
10-11 16:33:24.936 19110 19970 D OutputsAudio: [outputs-audio] stop gain=1.000 release=6.00
10-11 16:33:24.976 19110 19189 I ReactNativeJS: [outputs] outputs.flashPulse.commit {"timestamp":15828497.558178,"wallClock":1760214804976,"durationMs":48,"source":"console.replay","correlationId":"console-replay:mgmqg3waqvxz5iga","latencyMs":53.75578099861741,"timelineOffsetMs":34.84839700162411,"leadMs":8,"scheduleSkewMs":61.75578099861741}
10-11 16:33:24.984 19110 19970 D OutputsAudio: [outputs-audio] start hz=700.0 gain=1.000 attack=2.50 release=6.00
10-11 16:33:25.019 19110 19189 D OutputsAudio: [outputs-audio] symbol.info sequence=16 symbol=- timestamp=15828506.010 duration=144.000
10-11 16:33:25.020 19110 19189 I ReactNativeJS: [outputs] playMorse.symbol {"timestamp":15828541.185835,"wallClock":1760214805020,"symbol":"-","durationMs":144,"index":15,"source":"console.replay","correlationId":"console-replay:mgmqg3z0xd8dcub9","nativeTimestampMs":15828506.01,"nativeDurationMs":144,"nativeOffsetMs":35.127762001007795,"nativeSequence":16,"monotonicTimestampMs":15828506.01}
10-11 16:33:25.020 19110 19189 I ReactNativeJS: [outputs] outputs.hapticSymbol {"timestamp":15828541.637345,"wallClock":1760214805020,"enabled":true,"symbol":"-","durationMs":144,"platform":"android","source":"console.replay","correlationId":"console-replay:mgmqg3z0xd8dcub9","timelineOffsetMs":35.127762001007795}
10-11 16:33:25.021 19110 19189 I ReactNativeJS: [outputs] outputs.flashPulse {"timestamp":15828542.422085,"wallClock":1760214805021,"enabled":true,"durationMs":144,"source":"console.replay","correlationId":"console-replay:mgmqg3z0xd8dcub9","timelineOffsetMs":35.127762001007795}
10-11 16:33:25.077 19110 19189 I ReactNativeJS: [outputs] outputs.flashPulse.commit {"timestamp":15828598.736981,"wallClock":1760214805077,"durationMs":144,"source":"console.replay","correlationId":"console-replay:mgmqg3z0xd8dcub9","latencyMs":57.595625000074506,"timelineOffsetMs":35.127762001007795,"leadMs":8,"scheduleSkewMs":65.5956250000745}
10-11 16:33:25.129 19110 19970 D OutputsAudio: [outputs-audio] stop gain=1.000 release=6.00
10-11 16:33:25.177 19110 19970 D OutputsAudio: [outputs-audio] start hz=700.0 gain=1.000 attack=2.50 release=6.00
10-11 16:33:25.189 19110 19189 D OutputsAudio: [outputs-audio] symbol.info sequence=17 symbol=- timestamp=15828699.037 duration=144.000
10-11 16:33:25.191 19110 19189 I ReactNativeJS: [outputs] playMorse.symbol {"timestamp":15828710.632553,"wallClock":1760214805189,"symbol":"-","durationMs":144,"index":16,"source":"console.replay","correlationId":"console-replay:mgmqg43pkwk77gq1","nativeTimestampMs":15828699.037,"nativeDurationMs":144,"nativeOffsetMs":11.494302999228239,"nativeSequence":17,"monotonicTimestampMs":15828699.037}
10-11 16:33:25.192 19110 19189 I ReactNativeJS: [outputs] outputs.hapticSymbol {"timestamp":15828712.71396,"wallClock":1760214805191,"enabled":true,"symbol":"-","durationMs":144,"platform":"android","source":"console.replay","correlationId":"console-replay:mgmqg43pkwk77gq1","timelineOffsetMs":11.494302999228239}
10-11 16:33:25.194 19110 19189 I ReactNativeJS: [outputs] outputs.flashPulse {"timestamp":15828714.990262,"wallClock":1760214805193,"enabled":true,"durationMs":144,"source":"console.replay","correlationId":"console-replay:mgmqg43pkwk77gq1","timelineOffsetMs":11.494302999228239}
10-11 16:33:25.257 19110 19189 I ReactNativeJS: [outputs] outputs.flashPulse.commit {"timestamp":15828777.781355,"wallClock":1760214805256,"durationMs":144,"source":"console.replay","correlationId":"console-replay:mgmqg43pkwk77gq1","latencyMs":67.24489600025117,"timelineOffsetMs":11.494302999228239,"leadMs":8,"scheduleSkewMs":75.24489600025117}
10-11 16:33:25.322 19110 19970 D OutputsAudio: [outputs-audio] stop gain=1.000 release=6.00
10-11 16:33:25.370 19110 19970 D OutputsAudio: [outputs-audio] start hz=700.0 gain=1.000 attack=2.50 release=6.00
10-11 16:33:25.379 19110 19189 D OutputsAudio: [outputs-audio] symbol.info sequence=18 symbol=- timestamp=15828891.768 duration=144.000
10-11 16:33:25.380 19110 19189 I ReactNativeJS: [outputs] playMorse.symbol {"timestamp":15828900.561876,"wallClock":1760214805379,"symbol":"-","durationMs":144,"index":17,"source":"console.replay","correlationId":"console-replay:mgmqg48z0g7nih5z","nativeTimestampMs":15828891.768,"nativeDurationMs":144,"nativeOffsetMs":8.689189000055194,"nativeSequence":18,"monotonicTimestampMs":15828891.768}
10-11 16:33:25.381 19110 19189 I ReactNativeJS: [outputs] outputs.hapticSymbol {"timestamp":15828901.59797,"wallClock":1760214805380,"enabled":true,"symbol":"-","durationMs":144,"platform":"android","source":"console.replay","correlationId":"console-replay:mgmqg48z0g7nih5z","timelineOffsetMs":8.689189000055194}
10-11 16:33:25.382 19110 19189 I ReactNativeJS: [outputs] outputs.flashPulse {"timestamp":15828903.125574,"wallClock":1760214805381,"enabled":true,"durationMs":144,"source":"console.replay","correlationId":"console-replay:mgmqg48z0g7nih5z","timelineOffsetMs":8.689189000055194}
10-11 16:33:25.447 19110 19189 I ReactNativeJS: [outputs] outputs.flashPulse.commit {"timestamp":15828968.317657,"wallClock":1760214805447,"durationMs":144,"source":"console.replay","correlationId":"console-replay:mgmqg48z0g7nih5z","latencyMs":67.85531200096011,"timelineOffsetMs":8.689189000055194,"leadMs":8,"scheduleSkewMs":75.85531200096011}
10-11 16:33:25.515 19110 19970 D OutputsAudio: [outputs-audio] stop gain=1.000 release=6.00
10-11 16:33:25.563 19110 19970 D OutputsAudio: [outputs-audio] start hz=700.0 gain=1.000 attack=2.50 release=6.00
10-11 16:33:25.578 19110 19189 D OutputsAudio: [outputs-audio] symbol.info sequence=19 symbol=. timestamp=15829084.944 duration=48.000
10-11 16:33:25.579 19110 19189 I ReactNativeJS: [outputs] playMorse.symbol {"timestamp":15829099.468126,"wallClock":1760214805578,"symbol":".","durationMs":48,"index":18,"source":"console.replay","correlationId":"console-replay:mgmqg4ei4233qa93","nativeTimestampMs":15829084.944,"nativeDurationMs":48,"nativeOffsetMs":14.430740999057889,"nativeSequence":19,"monotonicTimestampMs":15829084.944}
10-11 16:33:25.579 19110 19189 I ReactNativeJS: [outputs] outputs.hapticSymbol {"timestamp":15829100.401199,"wallClock":1760214805579,"enabled":true,"symbol":".","durationMs":48,"platform":"android","source":"console.replay","correlationId":"console-replay:mgmqg4ei4233qa93","timelineOffsetMs":14.430740999057889}
10-11 16:33:25.581 19110 19189 I ReactNativeJS: [outputs] outputs.flashPulse {"timestamp":15829101.707501,"wallClock":1760214805580,"enabled":true,"durationMs":48,"source":"console.replay","correlationId":"console-replay:mgmqg4ei4233qa93","timelineOffsetMs":14.430740999057889}
10-11 16:33:25.612 19110 19970 D OutputsAudio: [outputs-audio] stop gain=1.000 release=6.00
10-11 16:33:25.643 19110 19189 I ReactNativeJS: [outputs] outputs.flashPulse.commit {"timestamp":15829164.551928,"wallClock":1760214805643,"durationMs":48,"source":"console.replay","correlationId":"console-replay:mgmqg4ei4233qa93","latencyMs":65.17244799993932,"timelineOffsetMs":14.430740999057889,"leadMs":8,"scheduleSkewMs":73.17244799993932}
10-11 16:33:25.661 19110 19970 D OutputsAudio: [outputs-audio] start hz=700.0 gain=1.000 attack=2.50 release=6.00
10-11 16:33:25.689 19110 19189 D OutputsAudio: [outputs-audio] symbol.info sequence=20 symbol=. timestamp=15829182.799 duration=48.000
10-11 16:33:25.690 19110 19189 I ReactNativeJS: [outputs] playMorse.symbol {"timestamp":15829211.018699,"wallClock":1760214805689,"symbol":".","durationMs":48,"index":19,"source":"console.replay","correlationId":"console-replay:mgmqg4hlippjtpqf","nativeTimestampMs":15829182.799,"nativeDurationMs":48,"nativeOffsetMs":28.16990699991584,"nativeSequence":20,"monotonicTimestampMs":15829182.799}
10-11 16:33:25.690 19110 19189 I ReactNativeJS: [outputs] outputs.hapticSymbol {"timestamp":15829211.489741,"wallClock":1760214805690,"enabled":true,"symbol":".","durationMs":48,"platform":"android","source":"console.replay","correlationId":"console-replay:mgmqg4hlippjtpqf","timelineOffsetMs":28.16990699991584}
10-11 16:33:25.691 19110 19189 I ReactNativeJS: [outputs] outputs.flashPulse {"timestamp":15829212.240834,"wallClock":1760214805691,"enabled":true,"durationMs":48,"source":"console.replay","correlationId":"console-replay:mgmqg4hlippjtpqf","timelineOffsetMs":28.16990699991584}
10-11 16:33:25.709 19110 19970 D OutputsAudio: [outputs-audio] stop gain=1.000 release=6.00
10-11 16:33:25.741 19110 19189 I ReactNativeJS: [outputs] outputs.flashPulse.commit {"timestamp":15829262.294949,"wallClock":1760214805741,"durationMs":48,"source":"console.replay","correlationId":"console-replay:mgmqg4hlippjtpqf","latencyMs":51.32192699983716,"timelineOffsetMs":28.16990699991584,"leadMs":8,"scheduleSkewMs":59.32192699983716}
10-11 16:33:25.757 19110 19970 D OutputsAudio: [outputs-audio] start hz=700.0 gain=1.000 attack=2.50 release=6.00
10-11 16:33:25.789 19110 19189 D OutputsAudio: [outputs-audio] symbol.info sequence=21 symbol=. timestamp=15829279.065 duration=48.000
10-11 16:33:25.790 19110 19189 I ReactNativeJS: [outputs] playMorse.symbol {"timestamp":15829310.91948,"wallClock":1760214805789,"symbol":".","durationMs":48,"index":20,"source":"console.replay","correlationId":"console-replay:mgmqg4kdjiucxqbh","nativeTimestampMs":15829279.065,"nativeDurationMs":48,"nativeOffsetMs":31.80744899995625,"nativeSequence":21,"monotonicTimestampMs":15829279.065}
10-11 16:33:25.790 19110 19189 I ReactNativeJS: [outputs] outputs.hapticSymbol {"timestamp":15829311.391303,"wallClock":1760214805790,"enabled":true,"symbol":".","durationMs":48,"platform":"android","source":"console.replay","correlationId":"console-replay:mgmqg4kdjiucxqbh","timelineOffsetMs":31.80744899995625}
10-11 16:33:25.791 19110 19189 I ReactNativeJS: [outputs] outputs.flashPulse {"timestamp":15829312.174376,"wallClock":1760214805791,"enabled":true,"durationMs":48,"source":"console.replay","correlationId":"console-replay:mgmqg4kdjiucxqbh","timelineOffsetMs":31.80744899995625}
10-11 16:33:25.806 19110 19970 D OutputsAudio: [outputs-audio] stop gain=1.000 release=6.00
10-11 16:33:25.846 19110 19189 I ReactNativeJS: [outputs] outputs.flashPulse.commit {"timestamp":15829367.720209,"wallClock":1760214805846,"durationMs":48,"source":"console.replay","correlationId":"console-replay:mgmqg4kdjiucxqbh","latencyMs":56.843281000852585,"timelineOffsetMs":31.80744899995625,"leadMs":8,"scheduleSkewMs":64.84328100085258}
10-11 16:33:25.854 19110 19970 D OutputsAudio: [outputs-audio] start hz=700.0 gain=1.000 attack=2.50 release=6.00
10-11 16:33:25.902 19110 19189 D OutputsAudio: [outputs-audio] symbol.info sequence=22 symbol=- timestamp=15829376.075 duration=144.000
10-11 16:33:25.902 19110 19189 I ReactNativeJS: [outputs] playMorse.symbol {"timestamp":15829423.340782,"wallClock":1760214805902,"symbol":"-","durationMs":144,"index":21,"source":"console.replay","correlationId":"console-replay:mgmqg4niju3fhf33","nativeTimestampMs":15829376.075,"nativeDurationMs":144,"nativeOffsetMs":47.216928001493216,"nativeSequence":22,"monotonicTimestampMs":15829376.075}
10-11 16:33:25.903 19110 19189 I ReactNativeJS: [outputs] outputs.hapticSymbol {"timestamp":15829423.819272,"wallClock":1760214805902,"enabled":true,"symbol":"-","durationMs":144,"platform":"android","source":"console.replay","correlationId":"console-replay:mgmqg4niju3fhf33","timelineOffsetMs":47.216928001493216}
10-11 16:33:25.903 19110 19189 I ReactNativeJS: [outputs] outputs.flashPulse {"timestamp":15829424.673074,"wallClock":1760214805903,"enabled":true,"durationMs":144,"source":"console.replay","correlationId":"console-replay:mgmqg4niju3fhf33","timelineOffsetMs":47.216928001493216}
10-11 16:33:25.954 19110 19189 I ReactNativeJS: [outputs] outputs.flashPulse.commit {"timestamp":15829475.416355,"wallClock":1760214805954,"durationMs":144,"source":"console.replay","correlationId":"console-replay:mgmqg4niju3fhf33","latencyMs":52.11953100003302,"timelineOffsetMs":47.216928001493216,"leadMs":8,"scheduleSkewMs":60.11953100003302}
10-11 16:33:25.999 19110 19970 D OutputsAudio: [outputs-audio] stop gain=1.000 release=6.00
10-11 16:33:26.048 19110 19970 D OutputsAudio: [outputs-audio] start hz=700.0 gain=1.000 attack=2.50 release=6.00
10-11 16:33:26.054 19110 19189 D OutputsAudio: [outputs-audio] symbol.info sequence=23 symbol=- timestamp=15829569.615 duration=144.000
10-11 16:33:26.054 19110 19189 I ReactNativeJS: [outputs] playMorse.symbol {"timestamp":15829575.46198,"wallClock":1760214806054,"symbol":"-","durationMs":144,"index":22,"source":"console.replay","correlationId":"console-replay:mgmqg4rqkiwf2285","nativeTimestampMs":15829569.615,"nativeDurationMs":144,"nativeOffsetMs":5.782031999900937,"nativeSequence":23,"monotonicTimestampMs":15829569.615}
10-11 16:33:26.055 19110 19189 I ReactNativeJS: [outputs] outputs.hapticSymbol {"timestamp":15829576.074376,"wallClock":1760214806054,"enabled":true,"symbol":"-","durationMs":144,"platform":"android","source":"console.replay","correlationId":"console-replay:mgmqg4rqkiwf2285","timelineOffsetMs":5.782031999900937}
10-11 16:33:26.056 19110 19189 I ReactNativeJS: [outputs] outputs.flashPulse {"timestamp":15829576.951876,"wallClock":1760214806055,"enabled":true,"durationMs":144,"source":"console.replay","correlationId":"console-replay:mgmqg4rqkiwf2285","timelineOffsetMs":5.782031999900937}
10-11 16:33:26.112 19110 19189 I ReactNativeJS: [outputs] outputs.flashPulse.commit {"timestamp":15829633.582188,"wallClock":1760214806112,"durationMs":144,"source":"console.replay","correlationId":"console-replay:mgmqg4rqkiwf2285","latencyMs":58.1803130004555,"timelineOffsetMs":5.782031999900937,"leadMs":8,"scheduleSkewMs":66.1803130004555}
10-11 16:33:26.192 19110 19970 D OutputsAudio: [outputs-audio] stop gain=1.000 release=6.00
10-11 16:33:26.241 19110 19970 D OutputsAudio: [outputs-audio] start hz=700.0 gain=1.000 attack=2.50 release=6.00
10-11 16:33:26.256 19110 19189 D OutputsAudio: [outputs-audio] symbol.info sequence=24 symbol=- timestamp=15829763.040 duration=144.000
10-11 16:33:26.259 19110 19189 I ReactNativeJS: [outputs] playMorse.symbol {"timestamp":15829777.91797,"wallClock":1760214806256,"symbol":"-","durationMs":144,"index":23,"source":"console.replay","correlationId":"console-replay:mgmqg4xcsjue63gw","nativeTimestampMs":15829763.04,"nativeDurationMs":144,"nativeOffsetMs":14.74656300060451,"nativeSequence":24,"monotonicTimestampMs":15829763.04}
10-11 16:33:26.260 19110 19189 I ReactNativeJS: [outputs] outputs.hapticSymbol {"timestamp":15829780.598491,"wallClock":1760214806259,"enabled":true,"symbol":"-","durationMs":144,"platform":"android","source":"console.replay","correlationId":"console-replay:mgmqg4xcsjue63gw","timelineOffsetMs":14.74656300060451}
10-11 16:33:26.263 19110 19189 I ReactNativeJS: [outputs] outputs.flashPulse {"timestamp":15829784.313907,"wallClock":1760214806263,"enabled":true,"durationMs":144,"source":"console.replay","correlationId":"console-replay:mgmqg4xcsjue63gw","timelineOffsetMs":14.74656300060451}
10-11 16:33:26.320 19110 19189 I ReactNativeJS: [outputs] outputs.flashPulse.commit {"timestamp":15829841.582865,"wallClock":1760214806320,"durationMs":144,"source":"console.replay","correlationId":"console-replay:mgmqg4xcsjue63gw","latencyMs":63.79130200110376,"timelineOffsetMs":14.74656300060451,"leadMs":8,"scheduleSkewMs":71.79130200110376}
10-11 16:33:26.387 19110 19970 D OutputsAudio: [outputs-audio] stop gain=1.000 release=6.00
10-11 16:33:26.435 19110 19970 D OutputsAudio: [outputs-audio] start hz=700.0 gain=1.000 attack=2.50 release=6.00
10-11 16:33:26.444 19110 19189 D OutputsAudio: [outputs-audio] symbol.info sequence=25 symbol=. timestamp=15829957.192 duration=48.000
10-11 16:33:26.445 19110 19189 I ReactNativeJS: [outputs] playMorse.symbol {"timestamp":15829965.494115,"wallClock":1760214806444,"symbol":".","durationMs":48,"index":24,"source":"console.replay","correlationId":"console-replay:mgmqg52kfwu7nnal","nativeTimestampMs":15829957.192,"nativeDurationMs":48,"nativeOffsetMs":8.231437999755144,"nativeSequence":25,"monotonicTimestampMs":15829957.192}
10-11 16:33:26.445 19110 19189 I ReactNativeJS: [outputs] outputs.hapticSymbol {"timestamp":15829966.210053,"wallClock":1760214806445,"enabled":true,"symbol":".","durationMs":48,"platform":"android","source":"console.replay","correlationId":"console-replay:mgmqg52kfwu7nnal","timelineOffsetMs":8.231437999755144}
10-11 16:33:26.447 19110 19189 I ReactNativeJS: [outputs] outputs.flashPulse {"timestamp":15829967.269949,"wallClock":1760214806446,"enabled":true,"durationMs":48,"source":"console.replay","correlationId":"console-replay:mgmqg52kfwu7nnal","timelineOffsetMs":8.231437999755144}
10-11 16:33:26.484 19110 19970 D OutputsAudio: [outputs-audio] stop gain=1.000 release=6.00
10-11 16:33:26.517 19110 19189 I ReactNativeJS: [outputs] outputs.flashPulse.commit {"timestamp":15830038.067345,"wallClock":1760214806516,"durationMs":48,"source":"console.replay","correlationId":"console-replay:mgmqg52kfwu7nnal","latencyMs":72.63911500014365,"timelineOffsetMs":8.231437999755144,"leadMs":8,"scheduleSkewMs":80.63911500014365}
10-11 16:33:26.533 19110 19970 D OutputsAudio: [outputs-audio] start hz=700.0 gain=1.000 attack=2.50 release=6.00
10-11 16:33:26.567 19110 19189 D OutputsAudio: [outputs-audio] symbol.info sequence=26 symbol=. timestamp=15830054.855 duration=48.000
10-11 16:33:26.568 19110 19189 I ReactNativeJS: [outputs] playMorse.symbol {"timestamp":15830088.79224,"wallClock":1760214806567,"symbol":".","durationMs":48,"index":25,"source":"console.replay","correlationId":"console-replay:mgmqg55z9coofjct","nativeTimestampMs":15830054.855,"nativeDurationMs":48,"nativeOffsetMs":33.8870839998126,"nativeSequence":26,"monotonicTimestampMs":15830054.855}
10-11 16:33:26.568 19110 19189 I ReactNativeJS: [outputs] outputs.hapticSymbol {"timestamp":15830089.272449,"wallClock":1760214806568,"enabled":true,"symbol":".","durationMs":48,"platform":"android","source":"console.replay","correlationId":"console-replay:mgmqg55z9coofjct","timelineOffsetMs":33.8870839998126}
10-11 16:33:26.569 19110 19189 I ReactNativeJS: [outputs] outputs.flashPulse {"timestamp":15830089.996095,"wallClock":1760214806568,"enabled":true,"durationMs":48,"source":"console.replay","correlationId":"console-replay:mgmqg55z9coofjct","timelineOffsetMs":33.8870839998126}
10-11 16:33:26.582 19110 19970 D OutputsAudio: [outputs-audio] stop gain=1.000 release=6.00
10-11 16:33:26.625 19110 19189 I ReactNativeJS: [outputs] outputs.flashPulse.commit {"timestamp":15830146.232761,"wallClock":1760214806625,"durationMs":48,"source":"console.replay","correlationId":"console-replay:mgmqg55z9coofjct","latencyMs":57.485728999599814,"timelineOffsetMs":33.8870839998126,"leadMs":8,"scheduleSkewMs":65.48572899959981}
10-11 16:33:26.631 19110 19970 D OutputsAudio: [outputs-audio] start hz=700.0 gain=1.000 attack=2.50 release=6.00
10-11 16:33:26.675 19110 19189 D OutputsAudio: [outputs-audio] symbol.info sequence=27 symbol=. timestamp=15830152.540 duration=48.000
10-11 16:33:26.675 19110 19189 I ReactNativeJS: [outputs] playMorse.symbol {"timestamp":15830196.663699,"wallClock":1760214806675,"symbol":".","durationMs":48,"index":26,"source":"console.replay","correlationId":"console-replay:mgmqg58zt1k568b4","nativeTimestampMs":15830152.54,"nativeDurationMs":48,"nativeOffsetMs":44.07448000088334,"nativeSequence":27,"monotonicTimestampMs":15830152.54}
10-11 16:33:26.676 19110 19189 I ReactNativeJS: [outputs] outputs.hapticSymbol {"timestamp":15830197.129792,"wallClock":1760214806676,"enabled":true,"symbol":".","durationMs":48,"platform":"android","source":"console.replay","correlationId":"console-replay:mgmqg58zt1k568b4","timelineOffsetMs":44.07448000088334}
10-11 16:33:26.676 19110 19189 I ReactNativeJS: [outputs] outputs.flashPulse {"timestamp":15830197.828855,"wallClock":1760214806676,"enabled":true,"durationMs":48,"source":"console.replay","correlationId":"console-replay:mgmqg58zt1k568b4","timelineOffsetMs":44.07448000088334}
10-11 16:33:26.681 19110 19970 D OutputsAudio: [outputs-audio] stop gain=1.000 release=6.00
10-11 16:33:26.729 19110 19970 D OutputsAudio: [outputs-audio] stop gain=0.000 release=6.00
10-11 16:33:26.729 19110 19970 D OutputsAudio: [outputs-audio] playMorse.end cancelled=0
10-11 16:33:26.732 19110 19189 I ReactNativeJS: [outputs] playMorse.complete {"timestamp":15830253.683282,"wallClock":1760214806732,"durationMs":3939.8995819985867,"source":"console.replay","audioEnabled":true,"audioVolumePercent":100}
10-11 16:33:26.780 19110 19189 I ReactNativeJS: [outputs] outputs.flashPulse.commit {"timestamp":15830301.336407,"wallClock":1760214806780,"durationMs":48,"source":"console.replay","correlationId":"console-replay:mgmqg58zt1k568b4","latencyMs":104.71744799986482,"timelineOffsetMs":44.07448000088334,"leadMs":8,"scheduleSkewMs":112.71744799986482}
10-11 16:33:29.337 19110 19189 I ReactNativeJS: [outputs] playMorse.start {"timestamp":15832857.825104,"wallClock":1760214809336,"unitMs":40,"length":28,"source":"console.replay","audioEnabled":true,"audioVolumePercent":100}
10-11 16:33:29.477 19110 19189 D OutputsAudio: [outputs-audio] warmup hz=700.0
10-11 16:33:29.478 19110 20001 D OutputsAudio: [outputs-audio] playMorse.start count=27 unit=40.0
10-11 16:33:29.478 19110 20001 D OutputsAudio: [outputs-audio] start hz=700.0 gain=1.000 attack=2.50 release=6.00
10-11 16:33:29.500 19110 19189 D OutputsAudio: [outputs-audio] symbol.info sequence=1 symbol=. timestamp=15832999.623 duration=40.000
10-11 16:33:29.501 19110 19189 I ReactNativeJS: [outputs] playMorse.symbol {"timestamp":15833021.386146,"wallClock":1760214809500,"symbol":".","durationMs":40,"index":0,"source":"console.replay","correlationId":"console-replay:mgmqg7fgz00nusa9","nativeTimestampMs":15832999.623,"nativeDurationMs":40,"nativeOffsetMs":21.664915999397635,"nativeSequence":1,"monotonicTimestampMs":15832999.623}
10-11 16:33:29.501 19110 19189 I ReactNativeJS: [outputs] outputs.hapticSymbol {"timestamp":15833022.41776,"wallClock":1760214809501,"enabled":true,"symbol":".","durationMs":40,"platform":"android","source":"console.replay","correlationId":"console-replay:mgmqg7fgz00nusa9","timelineOffsetMs":21.664915999397635}
10-11 16:33:29.503 19110 19189 I ReactNativeJS: [outputs] outputs.flashPulse {"timestamp":15833023.738385,"wallClock":1760214809502,"enabled":true,"durationMs":40,"source":"console.replay","correlationId":"console-replay:mgmqg7fgz00nusa9","timelineOffsetMs":21.664915999397635}
10-11 16:33:29.519 19110 20001 D OutputsAudio: [outputs-audio] stop gain=1.000 release=6.00
10-11 16:33:29.559 19110 20001 D OutputsAudio: [outputs-audio] start hz=700.0 gain=1.000 attack=2.50 release=6.00
10-11 16:33:29.562 19110 19189 I ReactNativeJS: [outputs] outputs.flashPulse.commit {"timestamp":15833082.868437,"wallClock":1760214809561,"durationMs":40,"source":"console.replay","correlationId":"console-replay:mgmqg7fgz00nusa9","latencyMs":61.57515700161457,"timelineOffsetMs":21.664915999397635,"leadMs":8,"scheduleSkewMs":69.57515700161457}
10-11 16:33:29.600 19110 20001 D OutputsAudio: [outputs-audio] stop gain=1.000 release=6.00
10-11 16:33:29.607 19110 19189 D OutputsAudio: [outputs-audio] symbol.info sequence=2 symbol=. timestamp=15833081.138 duration=40.000
10-11 16:33:29.608 19110 19189 I ReactNativeJS: [outputs] playMorse.symbol {"timestamp":15833129.016145,"wallClock":1760214809607,"symbol":".","durationMs":40,"index":1,"source":"console.replay","correlationId":"console-replay:mgmqg7if4ggvgmy8","nativeTimestampMs":15833081.138,"nativeDurationMs":40,"nativeOffsetMs":47.827363999560475,"nativeSequence":2,"monotonicTimestampMs":15833081.138}
10-11 16:33:29.608 19110 19189 I ReactNativeJS: [outputs] outputs.hapticSymbol {"timestamp":15833129.518229,"wallClock":1760214809608,"enabled":true,"symbol":".","durationMs":40,"platform":"android","source":"console.replay","correlationId":"console-replay:mgmqg7if4ggvgmy8","timelineOffsetMs":47.827363999560475}
10-11 16:33:29.609 19110 19189 I ReactNativeJS: [outputs] outputs.flashPulse {"timestamp":15833130.247291,"wallClock":1760214809609,"enabled":true,"durationMs":40,"source":"console.replay","correlationId":"console-replay:mgmqg7if4ggvgmy8","timelineOffsetMs":47.827363999560475}
10-11 16:33:29.641 19110 20001 D OutputsAudio: [outputs-audio] start hz=700.0 gain=1.000 attack=2.50 release=6.00
10-11 16:33:29.660 19110 19189 I ReactNativeJS: [outputs] outputs.flashPulse.commit {"timestamp":15833181.399218,"wallClock":1760214809660,"durationMs":40,"source":"console.replay","correlationId":"console-replay:mgmqg7if4ggvgmy8","latencyMs":52.429011000320315,"timelineOffsetMs":47.827363999560475,"leadMs":8,"scheduleSkewMs":60.429011000320315}
10-11 16:33:29.682 19110 20001 D OutputsAudio: [outputs-audio] stop gain=1.000 release=6.00
10-11 16:33:29.706 19110 19189 D OutputsAudio: [outputs-audio] symbol.info sequence=3 symbol=. timestamp=15833163.144 duration=40.000
10-11 16:33:29.706 19110 19189 I ReactNativeJS: [outputs] playMorse.symbol {"timestamp":15833227.657916,"wallClock":1760214809706,"symbol":".","durationMs":40,"index":2,"source":"console.replay","correlationId":"console-replay:mgmqg7l6h4we2ryv","nativeTimestampMs":15833163.144,"nativeDurationMs":40,"nativeOffsetMs":64.46527000144124,"nativeSequence":3,"monotonicTimestampMs":15833163.144}
10-11 16:33:29.707 19110 19189 I ReactNativeJS: [outputs] outputs.hapticSymbol {"timestamp":15833228.163802,"wallClock":1760214809707,"enabled":true,"symbol":".","durationMs":40,"platform":"android","source":"console.replay","correlationId":"console-replay:mgmqg7l6h4we2ryv","timelineOffsetMs":64.46527000144124}
10-11 16:33:29.707 19110 19189 I ReactNativeJS: [outputs] outputs.flashPulse {"timestamp":15833228.859166,"wallClock":1760214809707,"enabled":true,"durationMs":40,"source":"console.replay","correlationId":"console-replay:mgmqg7l6h4we2ryv","timelineOffsetMs":64.46527000144124}
10-11 16:33:29.723 19110 20001 D OutputsAudio: [outputs-audio] start hz=700.0 gain=1.000 attack=2.50 release=6.00
10-11 16:33:29.763 19110 19189 I ReactNativeJS: [outputs] outputs.flashPulse.commit {"timestamp":15833284.436198,"wallClock":1760214809763,"durationMs":40,"source":"console.replay","correlationId":"console-replay:mgmqg7l6h4we2ryv","latencyMs":56.82229200005531,"timelineOffsetMs":64.46527000144124,"leadMs":8,"scheduleSkewMs":64.82229200005531}
10-11 16:33:29.812 19110 19189 D OutputsAudio: [outputs-audio] symbol.info sequence=4 symbol=- timestamp=15833244.595 duration=120.000
10-11 16:33:29.812 19110 19189 I ReactNativeJS: [outputs] playMorse.symbol {"timestamp":15833333.462916,"wallClock":1760214809812,"symbol":"-","durationMs":120,"index":3,"source":"console.replay","correlationId":"console-replay:mgmqg7o4euf7t46k","nativeTimestampMs":15833244.595,"nativeDurationMs":120,"nativeOffsetMs":88.82265600003302,"nativeSequence":4,"monotonicTimestampMs":15833244.595}
10-11 16:33:29.813 19110 19189 I ReactNativeJS: [outputs] playMorse.nativeOffset.spike {"timestamp":15833333.943072,"wallClock":1760214809812,"source":"console.replay","offsetMs":88.82265600003302,"sequence":4,"unitMs":40,"correlationId":"console-replay:mgmqg7o4euf7t46k"}
10-11 16:33:29.813 19110 19189 I ReactNativeJS: [outputs] outputs.hapticSymbol {"timestamp":15833334.211614,"wallClock":1760214809813,"enabled":true,"symbol":"-","durationMs":120,"platform":"android","source":"console.replay","correlationId":"console-replay:mgmqg7o4euf7t46k","timelineOffsetMs":88.82265600003302}
10-11 16:33:29.813 19110 19189 I ReactNativeJS: [outputs] outputs.flashPulse {"timestamp":15833334.865625,"wallClock":1760214809813,"enabled":true,"durationMs":120,"source":"console.replay","correlationId":"console-replay:mgmqg7o4euf7t46k","timelineOffsetMs":88.82265600003302}
10-11 16:33:29.843 19110 20001 D OutputsAudio: [outputs-audio] stop gain=1.000 release=6.00
10-11 16:33:29.880 19110 19189 I ReactNativeJS: [outputs] outputs.flashPulse.commit {"timestamp":15833401.219427,"wallClock":1760214809880,"durationMs":120,"source":"console.replay","correlationId":"console-replay:mgmqg7o4euf7t46k","latencyMs":67.79682299867272,"timelineOffsetMs":88.82265600003302,"leadMs":8,"scheduleSkewMs":75.79682299867272}
10-11 16:33:29.884 19110 20001 D OutputsAudio: [outputs-audio] start hz=700.0 gain=1.000 attack=2.50 release=6.00
10-11 16:33:29.924 19110 19189 D OutputsAudio: [outputs-audio] symbol.info sequence=5 symbol=- timestamp=15833405.385 duration=120.000
10-11 16:33:29.924 19110 19189 I ReactNativeJS: [outputs] playMorse.symbol {"timestamp":15833445.755833,"wallClock":1760214809924,"symbol":"-","durationMs":120,"index":4,"source":"console.replay","correlationId":"console-replay:mgmqg7r8n403kwoj","nativeTimestampMs":15833405.385,"nativeDurationMs":120,"nativeOffsetMs":40.32656200043857,"nativeSequence":5,"monotonicTimestampMs":15833405.385}
10-11 16:33:29.925 19110 19189 I ReactNativeJS: [outputs] outputs.hapticSymbol {"timestamp":15833446.159791,"wallClock":1760214809925,"enabled":true,"symbol":"-","durationMs":120,"platform":"android","source":"console.replay","correlationId":"console-replay:mgmqg7r8n403kwoj","timelineOffsetMs":40.32656200043857}
10-11 16:33:29.925 19110 19189 I ReactNativeJS: [outputs] outputs.flashPulse {"timestamp":15833446.863958,"wallClock":1760214809925,"enabled":true,"durationMs":120,"source":"console.replay","correlationId":"console-replay:mgmqg7r8n403kwoj","timelineOffsetMs":40.32656200043857}
10-11 16:33:29.983 19110 19189 I ReactNativeJS: [outputs] outputs.flashPulse.commit {"timestamp":15833504.620729,"wallClock":1760214809983,"durationMs":120,"source":"console.replay","correlationId":"console-replay:mgmqg7r8n403kwoj","latencyMs":58.904374999925494,"timelineOffsetMs":40.32656200043857,"leadMs":8,"scheduleSkewMs":66.9043749999255}
10-11 16:33:30.004 19110 20001 D OutputsAudio: [outputs-audio] stop gain=1.000 release=6.00
10-11 16:33:30.045 19110 20001 D OutputsAudio: [outputs-audio] start hz=700.0 gain=1.000 attack=2.50 release=6.00
10-11 16:33:30.070 19110 19189 D OutputsAudio: [outputs-audio] symbol.info sequence=6 symbol=- timestamp=15833566.757 duration=120.000
10-11 16:33:30.071 19110 19189 I ReactNativeJS: [outputs] playMorse.symbol {"timestamp":15833591.681562,"wallClock":1760214810070,"symbol":"-","durationMs":120,"index":5,"source":"console.replay","correlationId":"console-replay:mgmqg7va9rysp738","nativeTimestampMs":15833566.757,"nativeDurationMs":120,"nativeOffsetMs":24.82867700047791,"nativeSequence":6,"monotonicTimestampMs":15833566.757}
10-11 16:33:30.072 19110 19189 I ReactNativeJS: [outputs] outputs.hapticSymbol {"timestamp":15833592.860104,"wallClock":1760214810071,"enabled":true,"symbol":"-","durationMs":120,"platform":"android","source":"console.replay","correlationId":"console-replay:mgmqg7va9rysp738","timelineOffsetMs":24.82867700047791}
10-11 16:33:30.073 19110 19189 I ReactNativeJS: [outputs] outputs.flashPulse {"timestamp":15833593.919322,"wallClock":1760214810072,"enabled":true,"durationMs":120,"source":"console.replay","correlationId":"console-replay:mgmqg7va9rysp738","timelineOffsetMs":24.82867700047791}
10-11 16:33:30.130 19110 19189 I ReactNativeJS: [outputs] outputs.flashPulse.commit {"timestamp":15833650.879479,"wallClock":1760214810129,"durationMs":120,"source":"console.replay","correlationId":"console-replay:mgmqg7va9rysp738","latencyMs":59.28812500089407,"timelineOffsetMs":24.82867700047791,"leadMs":8,"scheduleSkewMs":67.28812500089407}
10-11 16:33:30.166 19110 20001 D OutputsAudio: [outputs-audio] stop gain=1.000 release=6.00
10-11 16:33:30.207 19110 20001 D OutputsAudio: [outputs-audio] start hz=700.0 gain=1.000 attack=2.50 release=6.00
10-11 16:33:30.218 19110 19189 D OutputsAudio: [outputs-audio] symbol.info sequence=7 symbol=. timestamp=15833728.860 duration=40.000
10-11 16:33:30.218 19110 19189 I ReactNativeJS: [outputs] playMorse.symbol {"timestamp":15833739.311197,"wallClock":1760214810218,"symbol":".","durationMs":40,"index":6,"source":"console.replay","correlationId":"console-replay:mgmqg7zert6lahmb","nativeTimestampMs":15833728.86,"nativeDurationMs":40,"nativeOffsetMs":10.372759999707341,"nativeSequence":7,"monotonicTimestampMs":15833728.86}
10-11 16:33:30.219 19110 19189 I ReactNativeJS: [outputs] outputs.hapticSymbol {"timestamp":15833740.091145,"wallClock":1760214810218,"enabled":true,"symbol":".","durationMs":40,"platform":"android","source":"console.replay","correlationId":"console-replay:mgmqg7zert6lahmb","timelineOffsetMs":10.372759999707341}
10-11 16:33:30.220 19110 19189 I ReactNativeJS: [outputs] outputs.flashPulse {"timestamp":15833740.993854,"wallClock":1760214810219,"enabled":true,"durationMs":40,"source":"console.replay","correlationId":"console-replay:mgmqg7zert6lahmb","timelineOffsetMs":10.372759999707341}
10-11 16:33:30.248 19110 20001 D OutputsAudio: [outputs-audio] stop gain=1.000 release=6.00
10-11 16:33:30.270 19110 19189 I ReactNativeJS: [outputs] outputs.flashPulse.commit {"timestamp":15833791.202812,"wallClock":1760214810270,"durationMs":40,"source":"console.replay","correlationId":"console-replay:mgmqg7zert6lahmb","latencyMs":51.965312000364065,"timelineOffsetMs":10.372759999707341,"leadMs":8,"scheduleSkewMs":59.965312000364065}
10-11 16:33:30.288 19110 20001 D OutputsAudio: [outputs-audio] start hz=700.0 gain=1.000 attack=2.50 release=6.00
10-11 16:33:30.313 19110 19189 D OutputsAudio: [outputs-audio] symbol.info sequence=8 symbol=. timestamp=15833810.182 duration=40.000
10-11 16:33:30.313 19110 19189 I ReactNativeJS: [outputs] playMorse.symbol {"timestamp":15833834.677499,"wallClock":1760214810313,"symbol":".","durationMs":40,"index":7,"source":"console.replay","correlationId":"console-replay:mgmqg821butcerlt","nativeTimestampMs":15833810.182,"nativeDurationMs":40,"nativeOffsetMs":24.448832999914885,"nativeSequence":8,"monotonicTimestampMs":15833810.182}
10-11 16:33:30.314 19110 19189 I ReactNativeJS: [outputs] outputs.hapticSymbol {"timestamp":15833835.142291,"wallClock":1760214810314,"enabled":true,"symbol":".","durationMs":40,"platform":"android","source":"console.replay","correlationId":"console-replay:mgmqg821butcerlt","timelineOffsetMs":24.448832999914885}
10-11 16:33:30.315 19110 19189 I ReactNativeJS: [outputs] outputs.flashPulse {"timestamp":15833835.886979,"wallClock":1760214810314,"enabled":true,"durationMs":40,"source":"console.replay","correlationId":"console-replay:mgmqg821butcerlt","timelineOffsetMs":24.448832999914885}
10-11 16:33:30.329 19110 20001 D OutputsAudio: [outputs-audio] stop gain=1.000 release=6.00
10-11 16:33:30.370 19110 20001 D OutputsAudio: [outputs-audio] start hz=700.0 gain=1.000 attack=2.50 release=6.00
10-11 16:33:30.370 19110 19189 I ReactNativeJS: [outputs] outputs.flashPulse.commit {"timestamp":15833891.094895,"wallClock":1760214810369,"durationMs":40,"source":"console.replay","correlationId":"console-replay:mgmqg821butcerlt","latencyMs":56.46020800061524,"timelineOffsetMs":24.448832999914885,"leadMs":8,"scheduleSkewMs":64.46020800061524}
10-11 16:33:30.411 19110 20001 D OutputsAudio: [outputs-audio] stop gain=1.000 release=6.00
10-11 16:33:30.414 19110 19189 D OutputsAudio: [outputs-audio] symbol.info sequence=9 symbol=. timestamp=15833891.450 duration=40.000
10-11 16:33:30.415 19110 19189 I ReactNativeJS: [outputs] playMorse.symbol {"timestamp":15833936.130364,"wallClock":1760214810415,"symbol":".","durationMs":40,"index":8,"source":"console.replay","correlationId":"console-replay:mgmqg84ugmhl2ap3","nativeTimestampMs":15833891.45,"nativeDurationMs":40,"nativeOffsetMs":44.62119700014591,"nativeSequence":9,"monotonicTimestampMs":15833891.45}
10-11 16:33:30.415 19110 19189 I ReactNativeJS: [outputs] outputs.hapticSymbol {"timestamp":15833936.616822,"wallClock":1760214810415,"enabled":true,"symbol":".","durationMs":40,"platform":"android","source":"console.replay","correlationId":"console-replay:mgmqg84ugmhl2ap3","timelineOffsetMs":44.62119700014591}
10-11 16:33:30.416 19110 19189 I ReactNativeJS: [outputs] outputs.flashPulse {"timestamp":15833937.343801,"wallClock":1760214810416,"enabled":true,"durationMs":40,"source":"console.replay","correlationId":"console-replay:mgmqg84ugmhl2ap3","timelineOffsetMs":44.62119700014591}
10-11 16:33:30.451 19110 20001 D OutputsAudio: [outputs-audio] start hz=700.0 gain=1.000 attack=2.50 release=6.00
