10-11 14:59:43.226 21612 21675 I ReactNativeJS: [outputs] playMorse.symbol {"timestamp":10206746.805792,"wallClock":1760209183225,"symbol":".","durationMs":80,"index":26,"source":"console.replay","correlationId":"console-replay:mgmn3m61iul9jtuq","nativeTimestampMs":10206736.183,"nativeDurationMs":80,"nativeOffsetMs":10.552896000444889,"nativeSequence":27,"monotonicTimestampMs":10206736.183}
10-11 14:59:43.226 21612 21675 I ReactNativeJS: [outputs] outputs.hapticSymbol {"timestamp":10206747.379021,"wallClock":1760209183226,"enabled":true,"symbol":".","durationMs":80,"platform":"android","source":"console.replay","correlationId":"console-replay:mgmn3m61iul9jtuq","timelineOffsetMs":10.552896000444889}
10-11 14:59:43.227 21612 21675 I ReactNativeJS: [outputs] outputs.flashPulse {"timestamp":10206748.217511,"wallClock":1760209183227,"enabled":true,"durationMs":80,"source":"console.replay","correlationId":"console-replay:mgmn3m61iul9jtuq","timelineOffsetMs":10.552896000444889}
10-11 14:59:43.282 21612 21675 I ReactNativeJS: [outputs] outputs.flashPulse.commit {"timestamp":10206803.457511,"wallClock":1760209183282,"durationMs":80,"source":"console.replay","correlationId":"console-replay:mgmn3m61iul9jtuq","latencyMs":56.716926999390125,"timelineOffsetMs":10.552896000444889}
10-11 14:59:43.295 21612 25838 D OutputsAudio: [outputs-audio] stop gain=1.000 release=6.00
10-11 14:59:43.327 21612 21675 I ReactNativeJS: [outputs] playMorse.complete {"timestamp":10206847.899646,"wallClock":1760209183326,"durationMs":6490.41145600006,"source":"console.replay","audioEnabled":true,"audioVolumePercent":100}
10-11 14:59:43.376 21612 25838 D OutputsAudio: [outputs-audio] stop gain=0.000 release=6.00
10-11 14:59:43.376 21612 25838 D OutputsAudio: [outputs-audio] playMorse.end cancelled=0
10-11 14:59:46.256 21612 21675 I ReactNativeJS: [outputs] playMorse.start {"timestamp":10209776.710114,"wallClock":1760209186255,"unitMs":60,"length":28,"source":"console.replay","audioEnabled":true,"audioVolumePercent":100}
10-11 14:59:46.447 21612 21675 D OutputsAudio: [outputs-audio] warmup hz=700.0
10-11 14:59:46.448 21612 25883 D OutputsAudio: [outputs-audio] playMorse.start count=27 unit=60.0
10-11 14:59:46.448 21612 25883 D OutputsAudio: [outputs-audio] start hz=700.0 gain=1.000 attack=2.50 release=6.00
10-11 14:59:46.458 21612 21675 D OutputsAudio: [outputs-audio] symbol.info sequence=1 symbol=. timestamp=10209969.413 duration=60.000
10-11 14:59:46.459 21612 21675 I ReactNativeJS: [outputs] playMorse.symbol {"timestamp":10209979.679436,"wallClock":1760209186458,"symbol":".","durationMs":60,"index":0,"source":"console.replay","correlationId":"console-replay:mgmn3onuhkkktvry","nativeTimestampMs":10209969.413,"nativeDurationMs":60,"nativeOffsetMs":10.172581998631358,"nativeSequence":1,"monotonicTimestampMs":10209969.413}
10-11 14:59:46.460 21612 21675 I ReactNativeJS: [outputs] outputs.hapticSymbol {"timestamp":10209980.741103,"wallClock":1760209186459,"enabled":true,"symbol":".","durationMs":60,"platform":"android","source":"console.replay","correlationId":"console-replay:mgmn3onuhkkktvry","timelineOffsetMs":10.172581998631358}
10-11 14:59:46.461 21612 21675 I ReactNativeJS: [outputs] outputs.flashPulse {"timestamp":10209982.217561,"wallClock":1760209186461,"enabled":true,"durationMs":60,"source":"console.replay","correlationId":"console-replay:mgmn3onuhkkktvry","timelineOffsetMs":10.172581998631358}
10-11 14:59:46.508 21612 25883 D OutputsAudio: [outputs-audio] stop gain=1.000 release=6.00
10-11 14:59:46.532 21612 21675 I ReactNativeJS: [outputs] outputs.flashPulse.commit {"timestamp":10210053.532666,"wallClock":1760209186532,"durationMs":60,"source":"console.replay","correlationId":"console-replay:mgmn3onuhkkktvry","latencyMs":73.94182300008833,"timelineOffsetMs":10.172581998631358}
10-11 14:59:46.569 21612 25883 D OutputsAudio: [outputs-audio] start hz=700.0 gain=1.000 attack=2.50 release=6.00
10-11 14:59:46.576 21612 21675 D OutputsAudio: [outputs-audio] symbol.info sequence=2 symbol=. timestamp=10210090.957 duration=60.000
10-11 14:59:46.576 21612 21675 I ReactNativeJS: [outputs] playMorse.symbol {"timestamp":10210097.630843,"wallClock":1760209186576,"symbol":".","durationMs":60,"index":1,"source":"console.replay","correlationId":"console-replay:mgmn3or4hp8f30f2","nativeTimestampMs":10210090.957,"nativeDurationMs":60,"nativeOffsetMs":6.619935998693109,"nativeSequence":2,"monotonicTimestampMs":10210090.957}
10-11 14:59:46.577 21612 21675 I ReactNativeJS: [outputs] outputs.hapticSymbol {"timestamp":10210098.127249,"wallClock":1760209186576,"enabled":true,"symbol":".","durationMs":60,"platform":"android","source":"console.replay","correlationId":"console-replay:mgmn3or4hp8f30f2","timelineOffsetMs":6.619935998693109}
10-11 14:59:46.578 21612 21675 I ReactNativeJS: [outputs] outputs.flashPulse {"timestamp":10210098.899176,"wallClock":1760209186577,"enabled":true,"durationMs":60,"source":"console.replay","correlationId":"console-replay:mgmn3or4hp8f30f2","timelineOffsetMs":6.619935998693109}
10-11 14:59:46.630 21612 25883 D OutputsAudio: [outputs-audio] stop gain=1.000 release=6.00
10-11 14:59:46.636 21612 21675 I ReactNativeJS: [outputs] outputs.flashPulse.commit {"timestamp":10210156.800061,"wallClock":1760209186635,"durationMs":60,"source":"console.replay","correlationId":"console-replay:mgmn3or4hp8f30f2","latencyMs":59.21895900182426,"timelineOffsetMs":6.619935998693109}
10-11 14:59:46.691 21612 25883 D OutputsAudio: [outputs-audio] start hz=700.0 gain=1.000 attack=2.50 release=6.00
10-11 14:59:46.703 21612 21675 D OutputsAudio: [outputs-audio] symbol.info sequence=3 symbol=. timestamp=10210213.272 duration=60.000
10-11 14:59:46.704 21612 21675 I ReactNativeJS: [outputs] playMorse.symbol {"timestamp":10210224.766311,"wallClock":1760209186703,"symbol":".","durationMs":60,"index":2,"source":"console.replay","correlationId":"console-replay:mgmn3ounr3qw9y12","nativeTimestampMs":10210213.272,"nativeDurationMs":60,"nativeOffsetMs":11.4083740003407,"nativeSequence":3,"monotonicTimestampMs":10210213.272}
10-11 14:59:46.704 21612 21675 I ReactNativeJS: [outputs] outputs.hapticSymbol {"timestamp":10210225.56178,"wallClock":1760209186704,"enabled":true,"symbol":".","durationMs":60,"platform":"android","source":"console.replay","correlationId":"console-replay:mgmn3ounr3qw9y12","timelineOffsetMs":11.4083740003407}
10-11 14:59:46.706 21612 21675 I ReactNativeJS: [outputs] outputs.flashPulse {"timestamp":10210226.867561,"wallClock":1760209186705,"enabled":true,"durationMs":60,"source":"console.replay","correlationId":"console-replay:mgmn3ounr3qw9y12","timelineOffsetMs":11.4083740003407}
10-11 14:59:46.752 21612 25883 D OutputsAudio: [outputs-audio] stop gain=1.000 release=6.00
10-11 14:59:46.766 21612 21675 I ReactNativeJS: [outputs] outputs.flashPulse.commit {"timestamp":10210286.886155,"wallClock":1760209186765,"durationMs":60,"source":"console.replay","correlationId":"console-replay:mgmn3ounr3qw9y12","latencyMs":62.20088499970734,"timelineOffsetMs":11.4083740003407}
10-11 14:59:46.813 21612 25883 D OutputsAudio: [outputs-audio] start hz=700.0 gain=1.000 attack=2.50 release=6.00
10-11 14:59:46.819 21612 21675 D OutputsAudio: [outputs-audio] symbol.info sequence=4 symbol=- timestamp=10210334.824 duration=180.000
10-11 14:59:46.819 21612 21675 I ReactNativeJS: [outputs] playMorse.symbol {"timestamp":10210340.32053,"wallClock":1760209186819,"symbol":"-","durationMs":180,"index":3,"source":"console.replay","correlationId":"console-replay:mgmn3oxvod6tnc3c","nativeTimestampMs":10210334.824,"nativeDurationMs":180,"nativeOffsetMs":5.447259001433849,"nativeSequence":4,"monotonicTimestampMs":10210334.824}
10-11 14:59:46.820 21612 21675 I ReactNativeJS: [outputs] outputs.hapticSymbol {"timestamp":10210340.833551,"wallClock":1760209186819,"enabled":true,"symbol":"-","durationMs":180,"platform":"android","source":"console.replay","correlationId":"console-replay:mgmn3oxvod6tnc3c","timelineOffsetMs":5.447259001433849}
10-11 14:59:46.820 21612 21675 I ReactNativeJS: [outputs] outputs.flashPulse {"timestamp":10210341.587092,"wallClock":1760209186820,"enabled":true,"durationMs":180,"source":"console.replay","correlationId":"console-replay:mgmn3oxvod6tnc3c","timelineOffsetMs":5.447259001433849}
10-11 14:59:46.877 21612 21675 I ReactNativeJS: [outputs] outputs.flashPulse.commit {"timestamp":10210398.187145,"wallClock":1760209186877,"durationMs":180,"source":"console.replay","correlationId":"console-replay:mgmn3oxvod6tnc3c","latencyMs":57.91140599921346,"timelineOffsetMs":5.447259001433849}
10-11 14:59:46.994 21612 25883 D OutputsAudio: [outputs-audio] stop gain=1.000 release=6.00
10-11 14:59:47.055 21612 25883 D OutputsAudio: [outputs-audio] start hz=700.0 gain=1.000 attack=2.50 release=6.00
10-11 14:59:47.068 21612 21675 D OutputsAudio: [outputs-audio] symbol.info sequence=5 symbol=- timestamp=10210577.222 duration=180.000
10-11 14:59:47.081 21612 21675 I ReactNativeJS: [outputs] playMorse.symbol {"timestamp":10210589.517509,"wallClock":1760209187068,"symbol":"-","durationMs":180,"index":4,"source":"console.replay","correlationId":"console-replay:mgmn3p4s8tnr3x6e","nativeTimestampMs":10210577.222,"nativeDurationMs":180,"nativeOffsetMs":12.154936000704765,"nativeSequence":5,"monotonicTimestampMs":10210577.222}
10-11 14:59:47.083 21612 21675 I ReactNativeJS: [outputs] outputs.hapticSymbol {"timestamp":10210603.185738,"wallClock":1760209187082,"enabled":true,"symbol":"-","durationMs":180,"platform":"android","source":"console.replay","correlationId":"console-replay:mgmn3p4s8tnr3x6e","timelineOffsetMs":12.154936000704765}
10-11 14:59:47.084 21612 21675 I ReactNativeJS: [outputs] outputs.flashPulse {"timestamp":10210605.520269,"wallClock":1760209187084,"enabled":true,"durationMs":180,"source":"console.replay","correlationId":"console-replay:mgmn3p4s8tnr3x6e","timelineOffsetMs":12.154936000704765}
10-11 14:59:47.157 21612 21675 I ReactNativeJS: [outputs] outputs.flashPulse.commit {"timestamp":10210677.980999,"wallClock":1760209187156,"durationMs":180,"source":"console.replay","correlationId":"console-replay:mgmn3p4s8tnr3x6e","latencyMs":88.5973959993571,"timelineOffsetMs":12.154936000704765}
10-11 14:59:47.237 21612 25883 D OutputsAudio: [outputs-audio] stop gain=1.000 release=6.00
10-11 14:59:47.297 21612 25883 D OutputsAudio: [outputs-audio] start hz=700.0 gain=1.000 attack=2.50 release=6.00
10-11 14:59:47.311 21612 21675 D OutputsAudio: [outputs-audio] symbol.info sequence=6 symbol=- timestamp=10210819.579 duration=180.000
10-11 14:59:47.315 21612 21675 I ReactNativeJS: [outputs] playMorse.symbol {"timestamp":10210833.019436,"wallClock":1760209187311,"symbol":"-","durationMs":180,"index":5,"source":"console.replay","correlationId":"console-replay:mgmn3pbj4laywhbn","nativeTimestampMs":10210819.579,"nativeDurationMs":180,"nativeOffsetMs":13.267988000065088,"nativeSequence":6,"monotonicTimestampMs":10210819.579}
10-11 14:59:47.317 21612 21675 I ReactNativeJS: [outputs] outputs.hapticSymbol {"timestamp":10210836.897717,"wallClock":1760209187315,"enabled":true,"symbol":"-","durationMs":180,"platform":"android","source":"console.replay","correlationId":"console-replay:mgmn3pbj4laywhbn","timelineOffsetMs":13.267988000065088}
10-11 14:59:47.320 21612 21675 I ReactNativeJS: [outputs] outputs.flashPulse {"timestamp":10210841.042926,"wallClock":1760209187319,"enabled":true,"durationMs":180,"source":"console.replay","correlationId":"console-replay:mgmn3pbj4laywhbn","timelineOffsetMs":13.267988000065088}
10-11 14:59:47.386 21612 21675 I ReactNativeJS: [outputs] outputs.flashPulse.commit {"timestamp":10210907.241155,"wallClock":1760209187386,"durationMs":180,"source":"console.replay","correlationId":"console-replay:mgmn3pbj4laywhbn","latencyMs":74.39010399952531,"timelineOffsetMs":13.267988000065088}
10-11 14:59:47.478 21612 25883 D OutputsAudio: [outputs-audio] stop gain=1.000 release=6.00
10-11 14:59:47.540 21612 25883 D OutputsAudio: [outputs-audio] start hz=700.0 gain=1.000 attack=2.50 release=6.00
10-11 14:59:47.549 21612 21675 D OutputsAudio: [outputs-audio] symbol.info sequence=7 symbol=. timestamp=10211061.307 duration=60.000
10-11 14:59:47.550 21612 21675 I ReactNativeJS: [outputs] playMorse.symbol {"timestamp":10211070.994123,"wallClock":1760209187549,"symbol":".","durationMs":60,"index":6,"source":"console.replay","correlationId":"console-replay:mgmn3pi5ewwzno1o","nativeTimestampMs":10211061.307,"nativeDurationMs":60,"nativeOffsetMs":9.582539999857545,"nativeSequence":7,"monotonicTimestampMs":10211061.307}
10-11 14:59:47.551 21612 21675 I ReactNativeJS: [outputs] outputs.hapticSymbol {"timestamp":10211072.071519,"wallClock":1760209187550,"enabled":true,"symbol":".","durationMs":60,"platform":"android","source":"console.replay","correlationId":"console-replay:mgmn3pi5ewwzno1o","timelineOffsetMs":9.582539999857545}
10-11 14:59:47.552 21612 21675 I ReactNativeJS: [outputs] outputs.flashPulse {"timestamp":10211073.637144,"wallClock":1760209187552,"enabled":true,"durationMs":60,"source":"console.replay","correlationId":"console-replay:mgmn3pi5ewwzno1o","timelineOffsetMs":9.582539999857545}
10-11 14:59:47.601 21612 25883 D OutputsAudio: [outputs-audio] stop gain=1.000 release=6.00
10-11 14:59:47.633 21612 21675 I ReactNativeJS: [outputs] outputs.flashPulse.commit {"timestamp":10211154.004592,"wallClock":1760209187632,"durationMs":60,"source":"console.replay","correlationId":"console-replay:mgmn3pi5ewwzno1o","latencyMs":83.11010400019586,"timelineOffsetMs":9.582539999857545}
10-11 14:59:47.661 21612 25883 D OutputsAudio: [outputs-audio] start hz=700.0 gain=1.000 attack=2.50 release=6.00
10-11 14:59:47.676 21612 21675 D OutputsAudio: [outputs-audio] symbol.info sequence=8 symbol=. timestamp=10211182.856 duration=60.000
10-11 14:59:47.677 21612 21675 I ReactNativeJS: [outputs] playMorse.symbol {"timestamp":10211198.101675,"wallClock":1760209187676,"symbol":".","durationMs":60,"index":7,"source":"console.replay","correlationId":"console-replay:mgmn3plo9keh9kci","nativeTimestampMs":10211182.856,"nativeDurationMs":60,"nativeOffsetMs":15.196299999952316,"nativeSequence":8,"monotonicTimestampMs":10211182.856}
10-11 14:59:47.677 21612 21675 I ReactNativeJS: [outputs] outputs.hapticSymbol {"timestamp":10211198.58079,"wallClock":1760209187677,"enabled":true,"symbol":".","durationMs":60,"platform":"android","source":"console.replay","correlationId":"console-replay:mgmn3plo9keh9kci","timelineOffsetMs":15.196299999952316}
10-11 14:59:47.678 21612 21675 I ReactNativeJS: [outputs] outputs.flashPulse {"timestamp":10211199.294175,"wallClock":1760209187678,"enabled":true,"durationMs":60,"source":"console.replay","correlationId":"console-replay:mgmn3plo9keh9kci","timelineOffsetMs":15.196299999952316}
10-11 14:59:47.722 21612 25883 D OutputsAudio: [outputs-audio] stop gain=1.000 release=6.00
10-11 14:59:47.742 21612 21675 I ReactNativeJS: [outputs] outputs.flashPulse.commit {"timestamp":10211262.8073,"wallClock":1760209187741,"durationMs":60,"source":"console.replay","correlationId":"console-replay:mgmn3plo9keh9kci","latencyMs":64.75015699863434,"timelineOffsetMs":15.196299999952316}
10-11 14:59:47.782 21612 25883 D OutputsAudio: [outputs-audio] start hz=700.0 gain=1.000 attack=2.50 release=6.00
10-11 14:59:47.797 21612 21675 D OutputsAudio: [outputs-audio] symbol.info sequence=9 symbol=. timestamp=10211303.956 duration=60.000
10-11 14:59:47.797 21612 21675 I ReactNativeJS: [outputs] playMorse.symbol {"timestamp":10211318.2623,"wallClock":1760209187797,"symbol":".","durationMs":60,"index":8,"source":"console.replay","correlationId":"console-replay:mgmn3pp1q0edaf2p","nativeTimestampMs":10211303.956,"nativeDurationMs":60,"nativeOffsetMs":14.25275900028646,"nativeSequence":9,"monotonicTimestampMs":10211303.956}
10-11 14:59:47.797 21612 21675 I ReactNativeJS: [outputs] outputs.hapticSymbol {"timestamp":10211318.747665,"wallClock":1760209187797,"enabled":true,"symbol":".","durationMs":60,"platform":"android","source":"console.replay","correlationId":"console-replay:mgmn3pp1q0edaf2p","timelineOffsetMs":14.25275900028646}
10-11 14:59:47.798 21612 21675 I ReactNativeJS: [outputs] outputs.flashPulse {"timestamp":10211319.50303,"wallClock":1760209187798,"enabled":true,"durationMs":60,"source":"console.replay","correlationId":"console-replay:mgmn3pp1q0edaf2p","timelineOffsetMs":14.25275900028646}
10-11 14:59:47.843 21612 25883 D OutputsAudio: [outputs-audio] stop gain=1.000 release=6.00
10-11 14:59:47.854 21612 21675 I ReactNativeJS: [outputs] outputs.flashPulse.commit {"timestamp":10211375.231623,"wallClock":1760209187854,"durationMs":60,"source":"console.replay","correlationId":"console-replay:mgmn3pp1q0edaf2p","latencyMs":57.01822900027037,"timelineOffsetMs":14.25275900028646}
10-11 14:59:47.903 21612 25883 D OutputsAudio: [outputs-audio] start hz=700.0 gain=1.000 attack=2.50 release=6.00
10-11 14:59:47.922 21612 21675 D OutputsAudio: [outputs-audio] symbol.info sequence=10 symbol=- timestamp=10211425.039 duration=180.000
10-11 14:59:47.923 21612 21675 I ReactNativeJS: [outputs] playMorse.symbol {"timestamp":10211443.915894,"wallClock":1760209187922,"symbol":"-","durationMs":180,"index":9,"source":"console.replay","correlationId":"console-replay:mgmn3psif4cktvk8","nativeTimestampMs":10211425.039,"nativeDurationMs":180,"nativeOffsetMs":18.776685999706388,"nativeSequence":10,"monotonicTimestampMs":10211425.039}
10-11 14:59:47.924 21612 21675 I ReactNativeJS: [outputs] outputs.hapticSymbol {"timestamp":10211445.009123,"wallClock":1760209187923,"enabled":true,"symbol":"-","durationMs":180,"platform":"android","source":"console.replay","correlationId":"console-replay:mgmn3psif4cktvk8","timelineOffsetMs":18.776685999706388}
10-11 14:59:47.925 21612 21675 I ReactNativeJS: [outputs] outputs.flashPulse {"timestamp":10211446.3973,"wallClock":1760209187925,"enabled":true,"durationMs":180,"source":"console.replay","correlationId":"console-replay:mgmn3psif4cktvk8","timelineOffsetMs":18.776685999706388}
10-11 14:59:47.987 21612 21675 I ReactNativeJS: [outputs] outputs.flashPulse.commit {"timestamp":10211508.349852,"wallClock":1760209187987,"durationMs":180,"source":"console.replay","correlationId":"console-replay:mgmn3psif4cktvk8","latencyMs":64.52958299964666,"timelineOffsetMs":18.776685999706388}
10-11 14:59:48.084 21612 25883 D OutputsAudio: [outputs-audio] stop gain=1.000 release=6.00
10-11 14:59:48.145 21612 25883 D OutputsAudio: [outputs-audio] start hz=700.0 gain=1.000 attack=2.50 release=6.00
10-11 14:59:48.152 21612 21675 D OutputsAudio: [outputs-audio] symbol.info sequence=11 symbol=- timestamp=10211666.310 duration=180.000
10-11 14:59:48.153 21612 21675 I ReactNativeJS: [outputs] playMorse.symbol {"timestamp":10211673.800269,"wallClock":1760209188152,"symbol":"-","durationMs":180,"index":10,"source":"console.replay","correlationId":"console-replay:mgmn3pyw5i28sghf","nativeTimestampMs":10211666.31,"nativeDurationMs":180,"nativeOffsetMs":7.384383998811245,"nativeSequence":11,"monotonicTimestampMs":10211666.31}
10-11 14:59:48.154 21612 21675 I ReactNativeJS: [outputs] outputs.hapticSymbol {"timestamp":10211674.842248,"wallClock":1760209188153,"enabled":true,"symbol":"-","durationMs":180,"platform":"android","source":"console.replay","correlationId":"console-replay:mgmn3pyw5i28sghf","timelineOffsetMs":7.384383998811245}
10-11 14:59:48.155 21612 21675 I ReactNativeJS: [outputs] outputs.flashPulse {"timestamp":10211676.173134,"wallClock":1760209188155,"enabled":true,"durationMs":180,"source":"console.replay","correlationId":"console-replay:mgmn3pyw5i28sghf","timelineOffsetMs":7.384383998811245}
10-11 14:59:48.209 21612 21675 I ReactNativeJS: [outputs] outputs.flashPulse.commit {"timestamp":10211730.50954,"wallClock":1760209188209,"durationMs":180,"source":"console.replay","correlationId":"console-replay:mgmn3pyw5i28sghf","latencyMs":56.81093700043857,"timelineOffsetMs":7.384383998811245}
10-11 14:59:48.325 21612 25883 D OutputsAudio: [outputs-audio] stop gain=1.000 release=6.00
10-11 14:59:48.386 21612 25883 D OutputsAudio: [outputs-audio] start hz=700.0 gain=1.000 attack=2.50 release=6.00
10-11 14:59:48.393 21612 21675 D OutputsAudio: [outputs-audio] symbol.info sequence=12 symbol=- timestamp=10211907.661 duration=180.000
10-11 14:59:48.394 21612 21675 I ReactNativeJS: [outputs] playMorse.symbol {"timestamp":10211914.478967,"wallClock":1760209188393,"symbol":"-","durationMs":180,"index":11,"source":"console.replay","correlationId":"console-replay:mgmn3q5lazqxezkb","nativeTimestampMs":10211907.661,"nativeDurationMs":180,"nativeOffsetMs":6.724789999425411,"nativeSequence":12,"monotonicTimestampMs":10211907.661}
10-11 14:59:48.394 21612 21675 I ReactNativeJS: [outputs] outputs.hapticSymbol {"timestamp":10211915.473186,"wallClock":1760209188394,"enabled":true,"symbol":"-","durationMs":180,"platform":"android","source":"console.replay","correlationId":"console-replay:mgmn3q5lazqxezkb","timelineOffsetMs":6.724789999425411}
10-11 14:59:48.396 21612 21675 I ReactNativeJS: [outputs] outputs.flashPulse {"timestamp":10211916.906936,"wallClock":1760209188395,"enabled":true,"durationMs":180,"source":"console.replay","correlationId":"console-replay:mgmn3q5lazqxezkb","timelineOffsetMs":6.724789999425411}
10-11 14:59:48.461 21612 21675 I ReactNativeJS: [outputs] outputs.flashPulse.commit {"timestamp":10211981.90829,"wallClock":1760209188460,"durationMs":180,"source":"console.replay","correlationId":"console-replay:mgmn3q5lazqxezkb","latencyMs":67.51796900108457,"timelineOffsetMs":6.724789999425411}
10-11 14:59:48.566 21612 25883 D OutputsAudio: [outputs-audio] stop gain=1.000 release=6.00
10-11 14:59:48.628 21612 25883 D OutputsAudio: [outputs-audio] start hz=700.0 gain=1.000 attack=2.50 release=6.00
10-11 14:59:48.636 21612 21675 D OutputsAudio: [outputs-audio] symbol.info sequence=13 symbol=. timestamp=10212149.228 duration=60.000
10-11 14:59:48.637 21612 21675 I ReactNativeJS: [outputs] playMorse.symbol {"timestamp":10212157.330113,"wallClock":1760209188636,"symbol":".","durationMs":60,"index":12,"source":"console.replay","correlationId":"console-replay:mgmn3qcc44r7ckw9","nativeTimestampMs":10212149.228,"nativeDurationMs":60,"nativeOffsetMs":8.011644000187516,"nativeSequence":13,"monotonicTimestampMs":10212149.228}
10-11 14:59:48.637 21612 21675 I ReactNativeJS: [outputs] outputs.hapticSymbol {"timestamp":10212158.246258,"wallClock":1760209188637,"enabled":true,"symbol":".","durationMs":60,"platform":"android","source":"console.replay","correlationId":"console-replay:mgmn3qcc44r7ckw9","timelineOffsetMs":8.011644000187516}
10-11 14:59:48.639 21612 21675 I ReactNativeJS: [outputs] outputs.flashPulse {"timestamp":10212159.837248,"wallClock":1760209188638,"enabled":true,"durationMs":60,"source":"console.replay","correlationId":"console-replay:mgmn3qcc44r7ckw9","timelineOffsetMs":8.011644000187516}
10-11 14:59:48.689 21612 25883 D OutputsAudio: [outputs-audio] stop gain=1.000 release=6.00
10-11 14:59:48.715 21612 21675 I ReactNativeJS: [outputs] outputs.flashPulse.commit {"timestamp":10212236.131831,"wallClock":1760209188715,"durationMs":60,"source":"console.replay","correlationId":"console-replay:mgmn3qcc44r7ckw9","latencyMs":78.88760400004685,"timelineOffsetMs":8.011644000187516}
10-11 14:59:48.749 21612 25883 D OutputsAudio: [outputs-audio] start hz=700.0 gain=1.000 attack=2.50 release=6.00
10-11 14:59:48.765 21612 21675 D OutputsAudio: [outputs-audio] symbol.info sequence=14 symbol=. timestamp=10212270.978 duration=60.000
10-11 14:59:48.766 21612 21675 I ReactNativeJS: [outputs] playMorse.symbol {"timestamp":10212286.814227,"wallClock":1760209188765,"symbol":".","durationMs":60,"index":13,"source":"console.replay","correlationId":"console-replay:mgmn3qfxwb8wphm2","nativeTimestampMs":10212270.978,"nativeDurationMs":60,"nativeOffsetMs":15.78502899967134,"nativeSequence":14,"monotonicTimestampMs":10212270.978}
10-11 14:59:48.766 21612 21675 I ReactNativeJS: [outputs] outputs.hapticSymbol {"timestamp":10212287.333394,"wallClock":1760209188766,"enabled":true,"symbol":".","durationMs":60,"platform":"android","source":"console.replay","correlationId":"console-replay:mgmn3qfxwb8wphm2","timelineOffsetMs":15.78502899967134}
10-11 14:59:48.767 21612 21675 I ReactNativeJS: [outputs] outputs.flashPulse {"timestamp":10212288.119019,"wallClock":1760209188766,"enabled":true,"durationMs":60,"source":"console.replay","correlationId":"console-replay:mgmn3qfxwb8wphm2","timelineOffsetMs":15.78502899967134}
10-11 14:59:48.810 21612 25883 D OutputsAudio: [outputs-audio] stop gain=1.000 release=6.00
10-11 14:59:48.817 21612 21675 I ReactNativeJS: [outputs] outputs.flashPulse.commit {"timestamp":10212338.537613,"wallClock":1760209188817,"durationMs":60,"source":"console.replay","correlationId":"console-replay:mgmn3qfxwb8wphm2","latencyMs":51.770417001098394,"timelineOffsetMs":15.78502899967134}
10-11 14:59:48.870 21612 25883 D OutputsAudio: [outputs-audio] start hz=700.0 gain=1.000 attack=2.50 release=6.00
10-11 14:59:48.882 21612 21675 D OutputsAudio: [outputs-audio] symbol.info sequence=15 symbol=. timestamp=10212391.665 duration=60.000
10-11 14:59:48.882 21612 21675 I ReactNativeJS: [outputs] playMorse.symbol {"timestamp":10212403.28605,"wallClock":1760209188882,"symbol":".","durationMs":60,"index":14,"source":"console.replay","correlationId":"console-replay:mgmn3qj6x6kq0n27","nativeTimestampMs":10212391.665,"nativeDurationMs":60,"nativeOffsetMs":11.536519000306726,"nativeSequence":15,"monotonicTimestampMs":10212391.665}
10-11 14:59:48.883 21612 21675 I ReactNativeJS: [outputs] outputs.hapticSymbol {"timestamp":10212404.146727,"wallClock":1760209188883,"enabled":true,"symbol":".","durationMs":60,"platform":"android","source":"console.replay","correlationId":"console-replay:mgmn3qj6x6kq0n27","timelineOffsetMs":11.536519000306726}
10-11 14:59:48.884 21612 21675 I ReactNativeJS: [outputs] outputs.flashPulse {"timestamp":10212405.322613,"wallClock":1760209188884,"enabled":true,"durationMs":60,"source":"console.replay","correlationId":"console-replay:mgmn3qj6x6kq0n27","timelineOffsetMs":11.536519000306726}
10-11 14:59:48.931 21612 25883 D OutputsAudio: [outputs-audio] stop gain=1.000 release=6.00
10-11 14:59:48.943 21612 21675 I ReactNativeJS: [outputs] outputs.flashPulse.commit {"timestamp":10212464.122404,"wallClock":1760209188942,"durationMs":60,"source":"console.replay","correlationId":"console-replay:mgmn3qj6x6kq0n27","latencyMs":60.915937000885606,"timelineOffsetMs":11.536519000306726}
10-11 14:59:48.992 21612 25883 D OutputsAudio: [outputs-audio] start hz=700.0 gain=1.000 attack=2.50 release=6.00
10-11 14:59:49.007 21612 21675 D OutputsAudio: [outputs-audio] symbol.info sequence=16 symbol=- timestamp=10212513.724 duration=180.000
10-11 14:59:49.007 21612 21675 I ReactNativeJS: [outputs] playMorse.symbol {"timestamp":10212528.319956,"wallClock":1760209189007,"symbol":"-","durationMs":180,"index":15,"source":"console.replay","correlationId":"console-replay:mgmn3qmnn8vkf7kk","nativeTimestampMs":10212513.724,"nativeDurationMs":180,"nativeOffsetMs":14.516008000820875,"nativeSequence":16,"monotonicTimestampMs":10212513.724}
10-11 14:59:49.008 21612 21675 I ReactNativeJS: [outputs] outputs.hapticSymbol {"timestamp":10212529.104696,"wallClock":1760209189007,"enabled":true,"symbol":"-","durationMs":180,"platform":"android","source":"console.replay","correlationId":"console-replay:mgmn3qmnn8vkf7kk","timelineOffsetMs":14.516008000820875}
10-11 14:59:49.009 21612 21675 I ReactNativeJS: [outputs] outputs.flashPulse {"timestamp":10212530.325998,"wallClock":1760209189009,"enabled":true,"durationMs":180,"source":"console.replay","correlationId":"console-replay:mgmn3qmnn8vkf7kk","timelineOffsetMs":14.516008000820875}
10-11 14:59:49.068 21612 21675 I ReactNativeJS: [outputs] outputs.flashPulse.commit {"timestamp":10212588.997456,"wallClock":1760209189067,"durationMs":180,"source":"console.replay","correlationId":"console-replay:mgmn3qmnn8vkf7kk","latencyMs":60.75296900048852,"timelineOffsetMs":14.516008000820875}
10-11 14:59:49.173 21612 25883 D OutputsAudio: [outputs-audio] stop gain=1.000 release=6.00
10-11 14:59:49.233 21612 25883 D OutputsAudio: [outputs-audio] start hz=700.0 gain=1.000 attack=2.50 release=6.00
10-11 14:59:49.246 21612 21675 D OutputsAudio: [outputs-audio] symbol.info sequence=17 symbol=- timestamp=10212755.428 duration=180.000
10-11 14:59:49.250 21612 21675 I ReactNativeJS: [outputs] playMorse.symbol {"timestamp":10212768.192977,"wallClock":1760209189247,"symbol":"-","durationMs":180,"index":16,"source":"console.replay","correlationId":"console-replay:mgmn3qtbg48ezyma","nativeTimestampMs":10212755.428,"nativeDurationMs":180,"nativeOffsetMs":12.637685000896454,"nativeSequence":17,"monotonicTimestampMs":10212755.428}
10-11 14:59:49.251 21612 21675 I ReactNativeJS: [outputs] outputs.hapticSymbol {"timestamp":10212771.445842,"wallClock":1760209189250,"enabled":true,"symbol":"-","durationMs":180,"platform":"android","source":"console.replay","correlationId":"console-replay:mgmn3qtbg48ezyma","timelineOffsetMs":12.637685000896454}
10-11 14:59:49.255 21612 21675 I ReactNativeJS: [outputs] outputs.flashPulse {"timestamp":10212774.702664,"wallClock":1760209189253,"enabled":true,"durationMs":180,"source":"console.replay","correlationId":"console-replay:mgmn3qtbg48ezyma","timelineOffsetMs":12.637685000896454}
10-11 14:59:49.307 21612 21675 I ReactNativeJS: [outputs] outputs.flashPulse.commit {"timestamp":10212827.829592,"wallClock":1760209189306,"durationMs":180,"source":"console.replay","correlationId":"console-replay:mgmn3qtbg48ezyma","latencyMs":59.75937500037253,"timelineOffsetMs":12.637685000896454}
10-11 14:59:49.415 21612 25883 D OutputsAudio: [outputs-audio] stop gain=1.000 release=6.00
10-11 14:59:49.476 21612 25883 D OutputsAudio: [outputs-audio] start hz=700.0 gain=1.000 attack=2.50 release=6.00
10-11 14:59:49.485 21612 21675 D OutputsAudio: [outputs-audio] symbol.info sequence=18 symbol=- timestamp=10212997.806 duration=180.000
10-11 14:59:49.486 21612 21675 I ReactNativeJS: [outputs] playMorse.symbol {"timestamp":10213007.141779,"wallClock":1760209189486,"symbol":"-","durationMs":180,"index":17,"source":"console.replay","correlationId":"console-replay:mgmn3qzxuzntu6sx","nativeTimestampMs":10212997.806,"nativeDurationMs":180,"nativeOffsetMs":9.253279000520706,"nativeSequence":18,"monotonicTimestampMs":10212997.806}
10-11 14:59:49.487 21612 21675 I ReactNativeJS: [outputs] outputs.hapticSymbol {"timestamp":10213007.960946,"wallClock":1760209189486,"enabled":true,"symbol":"-","durationMs":180,"platform":"android","source":"console.replay","correlationId":"console-replay:mgmn3qzxuzntu6sx","timelineOffsetMs":9.253279000520706}
10-11 14:59:49.489 21612 21675 I ReactNativeJS: [outputs] outputs.flashPulse {"timestamp":10213009.840581,"wallClock":1760209189488,"enabled":true,"durationMs":180,"source":"console.replay","correlationId":"console-replay:mgmn3qzxuzntu6sx","timelineOffsetMs":9.253279000520706}
10-11 14:59:49.555 21612 21675 I ReactNativeJS: [outputs] outputs.flashPulse.commit {"timestamp":10213076.338602,"wallClock":1760209189555,"durationMs":180,"source":"console.replay","correlationId":"console-replay:mgmn3qzxuzntu6sx","latencyMs":69.27453099936247,"timelineOffsetMs":9.253279000520706}
10-11 14:59:49.657 21612 25883 D OutputsAudio: [outputs-audio] stop gain=1.000 release=6.00
10-11 14:59:49.717 21612 25883 D OutputsAudio: [outputs-audio] start hz=700.0 gain=1.000 attack=2.50 release=6.00
10-11 14:59:49.730 21612 21675 D OutputsAudio: [outputs-audio] symbol.info sequence=19 symbol=. timestamp=10213238.545 duration=60.000
10-11 14:59:49.731 21612 21675 I ReactNativeJS: [outputs] playMorse.symbol {"timestamp":10213251.443602,"wallClock":1760209189730,"symbol":".","durationMs":60,"index":18,"source":"console.replay","correlationId":"console-replay:mgmn3r6qthmlerdk","nativeTimestampMs":10213238.545,"nativeDurationMs":60,"nativeOffsetMs":12.787404000759125,"nativeSequence":19,"monotonicTimestampMs":10213238.545}
10-11 14:59:49.732 21612 21675 I ReactNativeJS: [outputs] outputs.hapticSymbol {"timestamp":10213252.531102,"wallClock":1760209189731,"enabled":true,"symbol":".","durationMs":60,"platform":"android","source":"console.replay","correlationId":"console-replay:mgmn3r6qthmlerdk","timelineOffsetMs":12.787404000759125}
10-11 14:59:49.735 21612 21675 I ReactNativeJS: [outputs] outputs.flashPulse {"timestamp":10213255.775633,"wallClock":1760209189734,"enabled":true,"durationMs":60,"source":"console.replay","correlationId":"console-replay:mgmn3r6qthmlerdk","timelineOffsetMs":12.787404000759125}
10-11 14:59:49.777 21612 25883 D OutputsAudio: [outputs-audio] stop gain=1.000 release=6.00
10-11 14:59:49.794 21612 21675 I ReactNativeJS: [outputs] outputs.flashPulse.commit {"timestamp":10213315.552196,"wallClock":1760209189794,"durationMs":60,"source":"console.replay","correlationId":"console-replay:mgmn3r6qthmlerdk","latencyMs":64.21531199850142,"timelineOffsetMs":12.787404000759125}
10-11 14:59:49.837 21612 25883 D OutputsAudio: [outputs-audio] start hz=700.0 gain=1.000 attack=2.50 release=6.00
10-11 14:59:49.844 21612 21675 D OutputsAudio: [outputs-audio] symbol.info sequence=20 symbol=. timestamp=10213359.073 duration=60.000
10-11 14:59:49.845 21612 21675 I ReactNativeJS: [outputs] playMorse.symbol {"timestamp":10213365.984591,"wallClock":1760209189844,"symbol":".","durationMs":60,"index":19,"source":"console.replay","correlationId":"console-replay:mgmn3r9wtky0c6ms","nativeTimestampMs":10213359.073,"nativeDurationMs":60,"nativeOffsetMs":6.8477889988571405,"nativeSequence":20,"monotonicTimestampMs":10213359.073}
10-11 14:59:49.845 21612 21675 I ReactNativeJS: [outputs] outputs.hapticSymbol {"timestamp":10213366.574643,"wallClock":1760209189845,"enabled":true,"symbol":".","durationMs":60,"platform":"android","source":"console.replay","correlationId":"console-replay:mgmn3r9wtky0c6ms","timelineOffsetMs":6.8477889988571405}
10-11 14:59:49.846 21612 21675 I ReactNativeJS: [outputs] outputs.flashPulse {"timestamp":10213367.454071,"wallClock":1760209189846,"enabled":true,"durationMs":60,"source":"console.replay","correlationId":"console-replay:mgmn3r9wtky0c6ms","timelineOffsetMs":6.8477889988571405}
10-11 14:59:49.898 21612 25883 D OutputsAudio: [outputs-audio] stop gain=1.000 release=6.00
10-11 14:59:49.903 21612 21675 I ReactNativeJS: [outputs] outputs.flashPulse.commit {"timestamp":10213423.908185,"wallClock":1760209189902,"durationMs":60,"source":"console.replay","correlationId":"console-replay:mgmn3r9wtky0c6ms","latencyMs":57.98244800046086,"timelineOffsetMs":6.8477889988571405}
10-11 14:59:49.959 21612 25883 D OutputsAudio: [outputs-audio] start hz=700.0 gain=1.000 attack=2.50 release=6.00
10-11 14:59:49.978 21612 21675 D OutputsAudio: [outputs-audio] symbol.info sequence=21 symbol=. timestamp=10213480.563 duration=60.000
10-11 14:59:49.979 21612 21675 I ReactNativeJS: [outputs] playMorse.symbol {"timestamp":10213500.160945,"wallClock":1760209189979,"symbol":".","durationMs":60,"index":20,"source":"console.replay","correlationId":"console-replay:mgmn3rdnllnivpkh","nativeTimestampMs":10213480.563,"nativeDurationMs":60,"nativeOffsetMs":19.528987001627684,"nativeSequence":21,"monotonicTimestampMs":10213480.563}
10-11 14:59:49.980 21612 21675 I ReactNativeJS: [outputs] outputs.hapticSymbol {"timestamp":10213500.865633,"wallClock":1760209189979,"enabled":true,"symbol":".","durationMs":60,"platform":"android","source":"console.replay","correlationId":"console-replay:mgmn3rdnllnivpkh","timelineOffsetMs":19.528987001627684}
10-11 14:59:49.981 21612 21675 I ReactNativeJS: [outputs] outputs.flashPulse {"timestamp":10213501.854956,"wallClock":1760209189980,"enabled":true,"durationMs":60,"source":"console.replay","correlationId":"console-replay:mgmn3rdnllnivpkh","timelineOffsetMs":19.528987001627684}
10-11 14:59:50.019 21612 25883 D OutputsAudio: [outputs-audio] stop gain=1.000 release=6.00
10-11 14:59:50.040 21612 21675 I ReactNativeJS: [outputs] outputs.flashPulse.commit {"timestamp":10213561.275477,"wallClock":1760209190040,"durationMs":60,"source":"console.replay","correlationId":"console-replay:mgmn3rdnllnivpkh","latencyMs":61.17911499924958,"timelineOffsetMs":19.528987001627684}
10-11 14:59:50.080 21612 25883 D OutputsAudio: [outputs-audio] start hz=700.0 gain=1.000 attack=2.50 release=6.00
10-11 14:59:50.083 21612 21675 D OutputsAudio: [outputs-audio] symbol.info sequence=22 symbol=- timestamp=10213601.448 duration=180.000
10-11 14:59:50.083 21612 21675 I ReactNativeJS: [outputs] playMorse.symbol {"timestamp":10213604.654331,"wallClock":1760209190083,"symbol":"-","durationMs":180,"index":21,"source":"console.replay","correlationId":"console-replay:mgmn3rgjlopu3e3i","nativeTimestampMs":10213601.448,"nativeDurationMs":180,"nativeOffsetMs":3.15726799890399,"nativeSequence":22,"monotonicTimestampMs":10213601.448}
10-11 14:59:50.084 21612 21675 I ReactNativeJS: [outputs] outputs.hapticSymbol {"timestamp":10213605.13131,"wallClock":1760209190084,"enabled":true,"symbol":"-","durationMs":180,"platform":"android","source":"console.replay","correlationId":"console-replay:mgmn3rgjlopu3e3i","timelineOffsetMs":3.15726799890399}
10-11 14:59:50.084 21612 21675 I ReactNativeJS: [outputs] outputs.flashPulse {"timestamp":10213605.847977,"wallClock":1760209190084,"enabled":true,"durationMs":180,"source":"console.replay","correlationId":"console-replay:mgmn3rgjlopu3e3i","timelineOffsetMs":3.15726799890399}
10-11 14:59:50.140 21612 21675 I ReactNativeJS: [outputs] outputs.flashPulse.commit {"timestamp":10213661.608914,"wallClock":1760209190140,"durationMs":180,"source":"console.replay","correlationId":"console-replay:mgmn3rgjlopu3e3i","latencyMs":56.99937500059605,"timelineOffsetMs":3.15726799890399}
10-11 14:59:50.261 21612 25883 D OutputsAudio: [outputs-audio] stop gain=1.000 release=6.00
10-11 14:59:50.321 21612 25883 D OutputsAudio: [outputs-audio] start hz=700.0 gain=1.000 attack=2.50 release=6.00
10-11 14:59:50.329 21612 21675 D OutputsAudio: [outputs-audio] symbol.info sequence=23 symbol=- timestamp=10213843.070 duration=180.000
10-11 14:59:50.330 21612 21675 I ReactNativeJS: [outputs] playMorse.symbol {"timestamp":10213850.677872,"wallClock":1760209190329,"symbol":"-","durationMs":180,"index":22,"source":"console.replay","correlationId":"console-replay:mgmn3rndbzjgz83f","nativeTimestampMs":10213843.07,"nativeDurationMs":180,"nativeOffsetMs":7.516465999186039,"nativeSequence":23,"monotonicTimestampMs":10213843.07}
10-11 14:59:50.330 21612 21675 I ReactNativeJS: [outputs] outputs.hapticSymbol {"timestamp":10213851.599122,"wallClock":1760209190330,"enabled":true,"symbol":"-","durationMs":180,"platform":"android","source":"console.replay","correlationId":"console-replay:mgmn3rndbzjgz83f","timelineOffsetMs":7.516465999186039}
10-11 14:59:50.332 21612 21675 I ReactNativeJS: [outputs] outputs.flashPulse {"timestamp":10213852.845008,"wallClock":1760209190331,"enabled":true,"durationMs":180,"source":"console.replay","correlationId":"console-replay:mgmn3rndbzjgz83f","timelineOffsetMs":7.516465999186039}
10-11 14:59:50.395 21612 21675 I ReactNativeJS: [outputs] outputs.flashPulse.commit {"timestamp":10213916.672664,"wallClock":1760209190395,"durationMs":180,"source":"console.replay","correlationId":"console-replay:mgmn3rndbzjgz83f","latencyMs":66.08135399967432,"timelineOffsetMs":7.516465999186039}
10-11 14:59:50.502 21612 25883 D OutputsAudio: [outputs-audio] stop gain=1.000 release=6.00
10-11 14:59:50.563 21612 25883 D OutputsAudio: [outputs-audio] start hz=700.0 gain=1.000 attack=2.50 release=6.00
10-11 14:59:50.573 21612 21675 D OutputsAudio: [outputs-audio] symbol.info sequence=24 symbol=- timestamp=10214084.990 duration=180.000
10-11 14:59:50.574 21612 21675 I ReactNativeJS: [outputs] playMorse.symbol {"timestamp":10214094.363445,"wallClock":1760209190573,"symbol":"-","durationMs":180,"index":23,"source":"console.replay","correlationId":"console-replay:mgmn3ru573adwdvd","nativeTimestampMs":10214084.99,"nativeDurationMs":180,"nativeOffsetMs":9.276726000010967,"nativeSequence":24,"monotonicTimestampMs":10214084.99}
10-11 14:59:50.575 21612 21675 I ReactNativeJS: [outputs] outputs.hapticSymbol {"timestamp":10214095.709747,"wallClock":1760209190574,"enabled":true,"symbol":"-","durationMs":180,"platform":"android","source":"console.replay","correlationId":"console-replay:mgmn3ru573adwdvd","timelineOffsetMs":9.276726000010967}
10-11 14:59:50.579 21612 21675 I ReactNativeJS: [outputs] outputs.flashPulse {"timestamp":10214099.258706,"wallClock":1760209190578,"enabled":true,"durationMs":180,"source":"console.replay","correlationId":"console-replay:mgmn3ru573adwdvd","timelineOffsetMs":9.276726000010967}
10-11 14:59:50.632 21612 21675 I ReactNativeJS: [outputs] outputs.flashPulse.commit {"timestamp":10214152.821935,"wallClock":1760209190631,"durationMs":180,"source":"console.replay","correlationId":"console-replay:mgmn3ru573adwdvd","latencyMs":58.550520999357104,"timelineOffsetMs":9.276726000010967}
10-11 14:59:50.744 21612 25883 D OutputsAudio: [outputs-audio] stop gain=1.000 release=6.00
10-11 14:59:50.804 21612 25883 D OutputsAudio: [outputs-audio] start hz=700.0 gain=1.000 attack=2.50 release=6.00
10-11 14:59:50.821 21612 21675 D OutputsAudio: [outputs-audio] symbol.info sequence=25 symbol=. timestamp=10214326.051 duration=60.000
10-11 14:59:50.825 21612 21675 I ReactNativeJS: [outputs] playMorse.symbol {"timestamp":10214342.737976,"wallClock":1760209190821,"symbol":".","durationMs":60,"index":24,"source":"console.replay","correlationId":"console-replay:mgmn3s1168jcpy0y","nativeTimestampMs":10214326.051,"nativeDurationMs":60,"nativeOffsetMs":16.54708099924028,"nativeSequence":25,"monotonicTimestampMs":10214326.051}
10-11 14:59:50.827 21612 21675 I ReactNativeJS: [outputs] outputs.hapticSymbol {"timestamp":10214347.162403,"wallClock":1760209190826,"enabled":true,"symbol":".","durationMs":60,"platform":"android","source":"console.replay","correlationId":"console-replay:mgmn3s1168jcpy0y","timelineOffsetMs":16.54708099924028}
10-11 14:59:50.831 21612 21675 I ReactNativeJS: [outputs] outputs.flashPulse {"timestamp":10214351.572403,"wallClock":1760209190830,"enabled":true,"durationMs":60,"source":"console.replay","correlationId":"console-replay:mgmn3s1168jcpy0y","timelineOffsetMs":16.54708099924028}
10-11 14:59:50.866 21612 25883 D OutputsAudio: [outputs-audio] stop gain=1.000 release=6.00
10-11 14:59:50.882 21612 21675 I ReactNativeJS: [outputs] outputs.flashPulse.commit {"timestamp":10214403.700737,"wallClock":1760209190882,"durationMs":60,"source":"console.replay","correlationId":"console-replay:mgmn3s1168jcpy0y","latencyMs":61.09734299965203,"timelineOffsetMs":16.54708099924028}
10-11 14:59:50.926 21612 25883 D OutputsAudio: [outputs-audio] start hz=700.0 gain=1.000 attack=2.50 release=6.00
10-11 14:59:50.932 21612 21675 D OutputsAudio: [outputs-audio] symbol.info sequence=26 symbol=. timestamp=10214447.451 duration=60.000
10-11 14:59:50.932 21612 21675 I ReactNativeJS: [outputs] playMorse.symbol {"timestamp":10214453.238133,"wallClock":1760209190932,"symbol":".","durationMs":60,"index":25,"source":"console.replay","correlationId":"console-replay:mgmn3s44pc3rrlfc","nativeTimestampMs":10214447.451,"nativeDurationMs":60,"nativeOffsetMs":5.736091000959277,"nativeSequence":26,"monotonicTimestampMs":10214447.451}
10-11 14:59:50.932 21612 21675 I ReactNativeJS: [outputs] outputs.hapticSymbol {"timestamp":10214453.733133,"wallClock":1760209190932,"enabled":true,"symbol":".","durationMs":60,"platform":"android","source":"console.replay","correlationId":"console-replay:mgmn3s44pc3rrlfc","timelineOffsetMs":5.736091000959277}
10-11 14:59:50.933 21612 21675 I ReactNativeJS: [outputs] outputs.flashPulse {"timestamp":10214454.513758,"wallClock":1760209190933,"enabled":true,"durationMs":60,"source":"console.replay","correlationId":"console-replay:mgmn3s44pc3rrlfc","timelineOffsetMs":5.736091000959277}
10-11 14:59:50.986 21612 25883 D OutputsAudio: [outputs-audio] stop gain=1.000 release=6.00
10-11 14:59:50.989 21612 21675 I ReactNativeJS: [outputs] outputs.flashPulse.commit {"timestamp":10214509.993705,"wallClock":1760209190988,"durationMs":60,"source":"console.replay","correlationId":"console-replay:mgmn3s44pc3rrlfc","latencyMs":56.801927000284195,"timelineOffsetMs":5.736091000959277}
10-11 14:59:51.047 21612 25883 D OutputsAudio: [outputs-audio] start hz=700.0 gain=1.000 attack=2.50 release=6.00
10-11 14:59:51.060 21612 21675 D OutputsAudio: [outputs-audio] symbol.info sequence=27 symbol=. timestamp=10214568.767 duration=60.000
10-11 14:59:51.061 21612 21675 I ReactNativeJS: [outputs] playMorse.symbol {"timestamp":10214581.931153,"wallClock":1760209191060,"symbol":".","durationMs":60,"index":26,"source":"console.replay","correlationId":"console-replay:mgmn3s7o75fnw40z","nativeTimestampMs":10214568.767,"nativeDurationMs":60,"nativeOffsetMs":13.09175799973309,"nativeSequence":27,"monotonicTimestampMs":10214568.767}
10-11 14:59:51.061 21612 21675 I ReactNativeJS: [outputs] outputs.hapticSymbol {"timestamp":10214582.581987,"wallClock":1760209191061,"enabled":true,"symbol":".","durationMs":60,"platform":"android","source":"console.replay","correlationId":"console-replay:mgmn3s7o75fnw40z","timelineOffsetMs":13.09175799973309}
10-11 14:59:51.062 21612 21675 I ReactNativeJS: [outputs] outputs.flashPulse {"timestamp":10214583.578289,"wallClock":1760209191062,"enabled":true,"durationMs":60,"source":"console.replay","correlationId":"console-replay:mgmn3s7o75fnw40z","timelineOffsetMs":13.09175799973309}
10-11 14:59:51.108 21612 25883 D OutputsAudio: [outputs-audio] stop gain=1.000 release=6.00
10-11 14:59:51.116 21612 21675 I ReactNativeJS: [outputs] outputs.flashPulse.commit {"timestamp":10214637.24683,"wallClock":1760209191116,"durationMs":60,"source":"console.replay","correlationId":"console-replay:mgmn3s7o75fnw40z","latencyMs":55.38322899863124,"timelineOffsetMs":13.09175799973309}
10-11 14:59:51.160 21612 21675 I ReactNativeJS: [outputs] playMorse.complete {"timestamp":10214681.388862,"wallClock":1760209191160,"durationMs":4904.680779000744,"source":"console.replay","audioEnabled":true,"audioVolumePercent":100}
10-11 14:59:51.168 21612 25883 D OutputsAudio: [outputs-audio] stop gain=0.000 release=6.00
10-11 14:59:51.168 21612 25883 D OutputsAudio: [outputs-audio] playMorse.end cancelled=0
10-11 14:59:53.683 21612 21675 I ReactNativeJS: [outputs] playMorse.start {"timestamp":10217204.204277,"wallClock":1760209193683,"unitMs":48,"length":28,"source":"console.replay","audioEnabled":true,"audioVolumePercent":100}
10-11 14:59:53.851 21612 21675 D OutputsAudio: [outputs-audio] warmup hz=700.0
10-11 14:59:53.851 21612 25916 D OutputsAudio: [outputs-audio] playMorse.start count=27 unit=48.0
10-11 14:59:53.851 21612 25916 D OutputsAudio: [outputs-audio] start hz=700.0 gain=1.000 attack=2.50 release=6.00
10-11 14:59:53.866 21612 21675 D OutputsAudio: [outputs-audio] symbol.info sequence=1 symbol=. timestamp=10217373.053 duration=48.000
10-11 14:59:53.867 21612 21675 I ReactNativeJS: [outputs] playMorse.symbol {"timestamp":10217387.310319,"wallClock":1760209193866,"symbol":".","durationMs":48,"index":0,"source":"console.replay","correlationId":"console-replay:mgmn3udmbqfkqusm","nativeTimestampMs":10217373.053,"nativeDurationMs":48,"nativeOffsetMs":14.176434000954032,"nativeSequence":1,"monotonicTimestampMs":10217373.053}
10-11 14:59:53.867 21612 21675 I ReactNativeJS: [outputs] outputs.hapticSymbol {"timestamp":10217388.204173,"wallClock":1760209193867,"enabled":true,"symbol":".","durationMs":48,"platform":"android","source":"console.replay","correlationId":"console-replay:mgmn3udmbqfkqusm","timelineOffsetMs":14.176434000954032}
10-11 14:59:53.868 21612 21675 I ReactNativeJS: [outputs] outputs.flashPulse {"timestamp":10217389.322663,"wallClock":1760209193868,"enabled":true,"durationMs":48,"source":"console.replay","correlationId":"console-replay:mgmn3udmbqfkqusm","timelineOffsetMs":14.176434000954032}
10-11 14:59:53.900 21612 25916 D OutputsAudio: [outputs-audio] stop gain=1.000 release=6.00
10-11 14:59:53.921 21612 21675 I ReactNativeJS: [outputs] outputs.flashPulse.commit {"timestamp":10217442.400944,"wallClock":1760209193921,"durationMs":48,"source":"console.replay","correlationId":"console-replay:mgmn3udmbqfkqusm","latencyMs":55.16682199947536,"timelineOffsetMs":14.176434000954032}
10-11 14:59:53.948 21612 25916 D OutputsAudio: [outputs-audio] start hz=700.0 gain=1.000 attack=2.50 release=6.00
10-11 14:59:53.965 21612 21675 D OutputsAudio: [outputs-audio] symbol.info sequence=2 symbol=. timestamp=10217470.160 duration=48.000
10-11 14:59:53.966 21612 21675 I ReactNativeJS: [outputs] playMorse.symbol {"timestamp":10217486.865475,"wallClock":1760209193965,"symbol":".","durationMs":48,"index":1,"source":"console.replay","correlationId":"console-replay:mgmn3ugdap89nebl","nativeTimestampMs":10217470.16,"nativeDurationMs":48,"nativeOffsetMs":16.65417299978435,"nativeSequence":2,"monotonicTimestampMs":10217470.16}
10-11 14:59:53.966 21612 21675 I ReactNativeJS: [outputs] outputs.hapticSymbol {"timestamp":10217487.401361,"wallClock":1760209193966,"enabled":true,"symbol":".","durationMs":48,"platform":"android","source":"console.replay","correlationId":"console-replay:mgmn3ugdap89nebl","timelineOffsetMs":16.65417299978435}
10-11 14:59:53.967 21612 21675 I ReactNativeJS: [outputs] outputs.flashPulse {"timestamp":10217488.1586,"wallClock":1760209193967,"enabled":true,"durationMs":48,"source":"console.replay","correlationId":"console-replay:mgmn3ugdap89nebl","timelineOffsetMs":16.65417299978435}
10-11 14:59:53.997 21612 25916 D OutputsAudio: [outputs-audio] stop gain=1.000 release=6.00
