10-11 15:27:54.814  2422  2607 I ReactNativeJS: [outputs] playMorse.nativeOffset.spike {"timestamp":11898335.450511,"wallClock":1760210874814,"source":"console.replay","offsetMs":109.1980010010302,"sequence":16,"unitMs":34,"correlationId":"console-replay:mgmo3velby09mbuk"}
10-11 15:27:54.815  2422  2607 I ReactNativeJS: [outputs] outputs.hapticSymbol {"timestamp":11898335.804157,"wallClock":1760210874814,"enabled":true,"symbol":".","durationMs":34,"platform":"android","source":"console.replay","correlationId":"console-replay:mgmo3velby09mbuk","timelineOffsetMs":109.1980010010302}
10-11 15:27:54.815  2422  2607 I ReactNativeJS: [outputs] outputs.flashPulse {"timestamp":11898336.614261,"wallClock":1760210874815,"enabled":true,"durationMs":34,"source":"console.replay","correlationId":"console-replay:mgmo3velby09mbuk","timelineOffsetMs":109.1980010010302}
10-11 15:27:54.841  2422  3978 D OutputsAudio: [outputs-audio] start hz=700.0 gain=1.000 attack=2.50 release=6.00
10-11 15:27:54.885  2422  2607 I ReactNativeJS: [outputs] outputs.flashPulse.commit {"timestamp":11898406.134469,"wallClock":1760210874885,"durationMs":34,"source":"console.replay","correlationId":"console-replay:mgmo3vb9ep6qevt5","latencyMs":248.50848999992013,"timelineOffsetMs":0.7057190015912056,"leadMs":8}
10-11 15:27:54.943  2422  2607 I ReactNativeJS: [outputs] outputs.flashPulse.commit {"timestamp":11898463.838896,"wallClock":1760210874942,"durationMs":34,"source":"console.replay","correlationId":"console-replay:mgmo3velby09mbuk","latencyMs":128.9699999988079,"timelineOffsetMs":109.1980010010302,"leadMs":8}
10-11 15:27:54.945  2422  3978 D OutputsAudio: [outputs-audio] stop gain=1.000 release=6.00
10-11 15:27:54.979  2422  3978 D OutputsAudio: [outputs-audio] start hz=700.0 gain=1.000 attack=2.50 release=6.00
10-11 15:27:54.997  2422  2607 D OutputsAudio: [outputs-audio] symbol.info sequence=18 symbol=- timestamp=11898500.583 duration=102.000
10-11 15:27:54.997  2422  2607 W ReactNativeJS: '[outputs-audio] native sequence jump', { previous: 16, next: 18, delta: 2 }
10-11 15:27:54.998  2422  2607 I ReactNativeJS: [outputs] playMorse.symbol {"timestamp":11898519.10624,"wallClock":1760210874997,"symbol":".","durationMs":34,"index":14,"source":"console.replay","correlationId":"console-replay:mgmo3vjpf5zyo461","nativeTimestampMs":11898500.583,"nativeDurationMs":102,"nativeOffsetMs":18.482093999162316,"nativeSequence":18,"monotonicTimestampMs":11898500.583}
10-11 15:27:54.998  2422  2607 I ReactNativeJS: [outputs] outputs.hapticSymbol {"timestamp":11898519.521917,"wallClock":1760210874998,"enabled":true,"symbol":".","durationMs":34,"platform":"android","source":"console.replay","correlationId":"console-replay:mgmo3vjpf5zyo461","timelineOffsetMs":18.482093999162316}
10-11 15:27:54.999  2422  2607 I ReactNativeJS: [outputs] outputs.flashPulse {"timestamp":11898520.398948,"wallClock":1760210874999,"enabled":true,"durationMs":34,"source":"console.replay","correlationId":"console-replay:mgmo3vjpf5zyo461","timelineOffsetMs":18.482093999162316}
10-11 15:27:55.058  2422  2607 I ReactNativeJS: [outputs] outputs.flashPulse.commit {"timestamp":11898579.217021,"wallClock":1760210875058,"durationMs":34,"source":"console.replay","correlationId":"console-replay:mgmo3vjpf5zyo461","latencyMs":60.14677100069821,"timelineOffsetMs":18.482093999162316,"leadMs":8}
10-11 15:27:55.082  2422  3978 D OutputsAudio: [outputs-audio] stop gain=1.000 release=6.00
10-11 15:27:55.116  2422  3978 D OutputsAudio: [outputs-audio] start hz=700.0 gain=1.000 attack=2.50 release=6.00
10-11 15:27:55.140  2422  2607 D OutputsAudio: [outputs-audio] symbol.info sequence=19 symbol=. timestamp=11898638.331 duration=34.000
10-11 15:27:55.141  2422  2607 I ReactNativeJS: [outputs] playMorse.symbol {"timestamp":11898661.589573,"wallClock":1760210875140,"symbol":"-","durationMs":102,"index":15,"source":"console.replay","correlationId":"console-replay:mgmo3vno15u380cm","nativeTimestampMs":11898638.331,"nativeDurationMs":34,"nativeOffsetMs":23.166333999484777,"nativeSequence":19,"monotonicTimestampMs":11898638.331}
10-11 15:27:55.141  2422  2607 I ReactNativeJS: [outputs] outputs.hapticSymbol {"timestamp":11898662.625198,"wallClock":1760210875141,"enabled":true,"symbol":"-","durationMs":102,"platform":"android","source":"console.replay","correlationId":"console-replay:mgmo3vno15u380cm","timelineOffsetMs":23.166333999484777}
10-11 15:27:55.142  2422  2607 I ReactNativeJS: [outputs] outputs.flashPulse {"timestamp":11898663.586084,"wallClock":1760210875142,"enabled":true,"durationMs":102,"source":"console.replay","correlationId":"console-replay:mgmo3vno15u380cm","timelineOffsetMs":23.166333999484777}
10-11 15:27:55.151  2422  3978 D OutputsAudio: [outputs-audio] stop gain=1.000 release=6.00
10-11 15:27:55.186  2422  3978 D OutputsAudio: [outputs-audio] start hz=700.0 gain=1.000 attack=2.50 release=6.00
10-11 15:27:55.203  2422  2607 I ReactNativeJS: [outputs] outputs.flashPulse.commit {"timestamp":11898724.622907,"wallClock":1760210875203,"durationMs":102,"source":"console.replay","correlationId":"console-replay:mgmo3vno15u380cm","latencyMs":63.119896000251174,"timelineOffsetMs":23.166333999484777,"leadMs":8}
10-11 15:27:55.221  2422  3978 D OutputsAudio: [outputs-audio] stop gain=1.000 release=6.00
10-11 15:27:55.256  2422  3978 D OutputsAudio: [outputs-audio] start hz=700.0 gain=1.000 attack=2.50 release=6.00
10-11 15:27:55.256  2422  2607 D OutputsAudio: [outputs-audio] symbol.info sequence=21 symbol=. timestamp=11898777.537 duration=34.000
10-11 15:27:55.257  2422  2607 W ReactNativeJS: '[outputs-audio] native sequence jump', { previous: 19, next: 21, delta: 2 }
10-11 15:27:55.257  2422  2607 I ReactNativeJS: [outputs] playMorse.symbol {"timestamp":11898778.504886,"wallClock":1760210875257,"symbol":"-","durationMs":102,"index":16,"source":"console.replay","correlationId":"console-replay:mgmo3vqxv4o3ygrw","nativeTimestampMs":11898777.537,"nativeDurationMs":34,"nativeOffsetMs":0.9261670000851154,"nativeSequence":21,"monotonicTimestampMs":11898777.537}
10-11 15:27:55.258  2422  2607 I ReactNativeJS: [outputs] outputs.hapticSymbol {"timestamp":11898778.944261,"wallClock":1760210875257,"enabled":true,"symbol":"-","durationMs":102,"platform":"android","source":"console.replay","correlationId":"console-replay:mgmo3vqxv4o3ygrw","timelineOffsetMs":0.9261670000851154}
10-11 15:27:55.258  2422  2607 I ReactNativeJS: [outputs] outputs.flashPulse {"timestamp":11898779.711709,"wallClock":1760210875258,"enabled":true,"durationMs":102,"source":"console.replay","correlationId":"console-replay:mgmo3vqxv4o3ygrw","timelineOffsetMs":0.9261670000851154}
10-11 15:27:55.291  2422  3978 D OutputsAudio: [outputs-audio] stop gain=1.000 release=6.00
10-11 15:27:55.322  2422  2607 I ReactNativeJS: [outputs] outputs.flashPulse.commit {"timestamp":11898842.86624,"wallClock":1760210875321,"durationMs":102,"source":"console.replay","correlationId":"console-replay:mgmo3vqxv4o3ygrw","latencyMs":64.39791699871421,"timelineOffsetMs":0.9261670000851154,"leadMs":8}
10-11 15:27:55.326  2422  3978 D OutputsAudio: [outputs-audio] start hz=700.0 gain=1.000 attack=2.50 release=6.00
10-11 15:27:55.373  2422  2607 D OutputsAudio: [outputs-audio] symbol.info sequence=22 symbol=- timestamp=11898847.439 duration=102.000
10-11 15:27:55.374  2422  2607 I ReactNativeJS: [outputs] playMorse.symbol {"timestamp":11898894.778271,"wallClock":1760210875373,"symbol":"-","durationMs":102,"index":17,"source":"console.replay","correlationId":"console-replay:mgmo3vu5iecknd4u","nativeTimestampMs":11898847.439,"nativeDurationMs":102,"nativeOffsetMs":47.286250000819564,"nativeSequence":22,"monotonicTimestampMs":11898847.439}
10-11 15:27:55.374  2422  2607 I ReactNativeJS: [outputs] outputs.hapticSymbol {"timestamp":11898895.332386,"wallClock":1760210875374,"enabled":true,"symbol":"-","durationMs":102,"platform":"android","source":"console.replay","correlationId":"console-replay:mgmo3vu5iecknd4u","timelineOffsetMs":47.286250000819564}
10-11 15:27:55.375  2422  2607 I ReactNativeJS: [outputs] outputs.flashPulse {"timestamp":11898896.171344,"wallClock":1760210875375,"enabled":true,"durationMs":102,"source":"console.replay","correlationId":"console-replay:mgmo3vu5iecknd4u","timelineOffsetMs":47.286250000819564}
10-11 15:27:55.428  2422  3978 D OutputsAudio: [outputs-audio] stop gain=1.000 release=6.00
10-11 15:27:55.441  2422  2607 I ReactNativeJS: [outputs] outputs.flashPulse.commit {"timestamp":11898962.551813,"wallClock":1760210875441,"durationMs":102,"source":"console.replay","correlationId":"console-replay:mgmo3vu5iecknd4u","latencyMs":67.82140699960291,"timelineOffsetMs":47.286250000819564,"leadMs":8}
10-11 15:27:55.463  2422  3978 D OutputsAudio: [outputs-audio] start hz=700.0 gain=1.000 attack=2.50 release=6.00
10-11 15:27:55.501  2422  2607 D OutputsAudio: [outputs-audio] symbol.info sequence=23 symbol=- timestamp=11898984.204 duration=102.000
10-11 15:27:55.501  2422  2607 I ReactNativeJS: [outputs] playMorse.symbol {"timestamp":11899022.588323,"wallClock":1760210875501,"symbol":".","durationMs":34,"index":18,"source":"console.replay","correlationId":"console-replay:mgmo3vxpiv52kvwa","nativeTimestampMs":11898984.204,"nativeDurationMs":102,"nativeOffsetMs":38.33213599957526,"nativeSequence":23,"monotonicTimestampMs":11898984.204}
10-11 15:27:55.502  2422  2607 I ReactNativeJS: [outputs] outputs.hapticSymbol {"timestamp":11899023.080407,"wallClock":1760210875501,"enabled":true,"symbol":".","durationMs":34,"platform":"android","source":"console.replay","correlationId":"console-replay:mgmo3vxpiv52kvwa","timelineOffsetMs":38.33213599957526}
10-11 15:27:55.503  2422  2607 I ReactNativeJS: [outputs] outputs.flashPulse {"timestamp":11899023.849938,"wallClock":1760210875502,"enabled":true,"durationMs":34,"source":"console.replay","correlationId":"console-replay:mgmo3vxpiv52kvwa","timelineOffsetMs":38.33213599957526}
10-11 15:27:55.561  2422  2607 I ReactNativeJS: [outputs] outputs.flashPulse.commit {"timestamp":11899082.367438,"wallClock":1760210875561,"durationMs":34,"source":"console.replay","correlationId":"console-replay:mgmo3vxpiv52kvwa","latencyMs":59.82619800046086,"timelineOffsetMs":38.33213599957526,"leadMs":8}
10-11 15:27:55.565  2422  3978 D OutputsAudio: [outputs-audio] stop gain=1.000 release=6.00
10-11 15:27:55.600  2422  3978 D OutputsAudio: [outputs-audio] start hz=700.0 gain=1.000 attack=2.50 release=6.00
10-11 15:27:55.619  2422  2607 D OutputsAudio: [outputs-audio] symbol.info sequence=24 symbol=- timestamp=11899121.420 duration=102.000
10-11 15:27:55.620  2422  2607 I ReactNativeJS: [outputs] playMorse.symbol {"timestamp":11899140.942334,"wallClock":1760210875619,"symbol":".","durationMs":34,"index":19,"source":"console.replay","correlationId":"console-replay:mgmo3w0z3o96khvn","nativeTimestampMs":11899121.42,"nativeDurationMs":102,"nativeOffsetMs":19.466864999383688,"nativeSequence":24,"monotonicTimestampMs":11899121.42}
10-11 15:27:55.620  2422  2607 I ReactNativeJS: [outputs] outputs.hapticSymbol {"timestamp":11899141.493844,"wallClock":1760210875620,"enabled":true,"symbol":".","durationMs":34,"platform":"android","source":"console.replay","correlationId":"console-replay:mgmo3w0z3o96khvn","timelineOffsetMs":19.466864999383688}
10-11 15:27:55.621  2422  2607 I ReactNativeJS: [outputs] outputs.flashPulse {"timestamp":11899142.27973,"wallClock":1760210875621,"enabled":true,"durationMs":34,"source":"console.replay","correlationId":"console-replay:mgmo3w0z3o96khvn","timelineOffsetMs":19.466864999383688}
10-11 15:27:55.684  2422  2607 I ReactNativeJS: [outputs] outputs.flashPulse.commit {"timestamp":11899205.011604,"wallClock":1760210875683,"durationMs":34,"source":"console.replay","correlationId":"console-replay:mgmo3w0z3o96khvn","latencyMs":64.11994800157845,"timelineOffsetMs":19.466864999383688,"leadMs":8}
10-11 15:27:55.703  2422  3978 D OutputsAudio: [outputs-audio] stop gain=1.000 release=6.00
10-11 15:27:55.738  2422  3978 D OutputsAudio: [outputs-audio] start hz=700.0 gain=1.000 attack=2.50 release=6.00
10-11 15:27:55.742  2422  2607 D OutputsAudio: [outputs-audio] symbol.info sequence=25 symbol=. timestamp=11899259.554 duration=34.000
10-11 15:27:55.742  2422  2607 I ReactNativeJS: [outputs] playMorse.symbol {"timestamp":11899263.573427,"wallClock":1760210875742,"symbol":".","durationMs":34,"index":20,"source":"console.replay","correlationId":"console-replay:mgmo3w4eqjrmluuc","nativeTimestampMs":11899259.554,"nativeDurationMs":34,"nativeOffsetMs":3.9654690008610487,"nativeSequence":25,"monotonicTimestampMs":11899259.554}
10-11 15:27:55.743  2422  2607 I ReactNativeJS: [outputs] outputs.hapticSymbol {"timestamp":11899264.150146,"wallClock":1760210875743,"enabled":true,"symbol":".","durationMs":34,"platform":"android","source":"console.replay","correlationId":"console-replay:mgmo3w4eqjrmluuc","timelineOffsetMs":3.9654690008610487}
10-11 15:27:55.744  2422  2607 I ReactNativeJS: [outputs] outputs.flashPulse {"timestamp":11899264.901396,"wallClock":1760210875743,"enabled":true,"durationMs":34,"source":"console.replay","correlationId":"console-replay:mgmo3w4eqjrmluuc","timelineOffsetMs":3.9654690008610487}
10-11 15:27:55.772  2422  3978 D OutputsAudio: [outputs-audio] stop gain=1.000 release=6.00
10-11 15:27:55.802  2422  2607 I ReactNativeJS: [outputs] outputs.flashPulse.commit {"timestamp":11899323.60124,"wallClock":1760210875802,"durationMs":34,"source":"console.replay","correlationId":"console-replay:mgmo3w4eqjrmluuc","latencyMs":60.07682299986482,"timelineOffsetMs":3.9654690008610487,"leadMs":8}
10-11 15:27:55.807  2422  3978 D OutputsAudio: [outputs-audio] start hz=700.0 gain=1.000 attack=2.50 release=6.00
10-11 15:27:55.842  2422  3978 D OutputsAudio: [outputs-audio] stop gain=1.000 release=6.00
10-11 15:27:55.863  2422  2607 D OutputsAudio: [outputs-audio] symbol.info sequence=26 symbol=. timestamp=11899329.089 duration=34.000
10-11 15:27:55.864  2422  2607 I ReactNativeJS: [outputs] playMorse.symbol {"timestamp":11899385.063219,"wallClock":1760210875863,"symbol":"-","durationMs":102,"index":21,"source":"console.replay","correlationId":"console-replay:mgmo3w7rv7gt02nh","nativeTimestampMs":11899329.089,"nativeDurationMs":34,"nativeOffsetMs":55.914271000772715,"nativeSequence":26,"monotonicTimestampMs":11899329.089}
10-11 15:27:55.864  2422  2607 I ReactNativeJS: [outputs] outputs.hapticSymbol {"timestamp":11899385.653636,"wallClock":1760210875864,"enabled":true,"symbol":"-","durationMs":102,"platform":"android","source":"console.replay","correlationId":"console-replay:mgmo3w7rv7gt02nh","timelineOffsetMs":55.914271000772715}
10-11 15:27:55.865  2422  2607 I ReactNativeJS: [outputs] outputs.flashPulse {"timestamp":11899386.45775,"wallClock":1760210875865,"enabled":true,"durationMs":102,"source":"console.replay","correlationId":"console-replay:mgmo3w7rv7gt02nh","timelineOffsetMs":55.914271000772715}
10-11 15:27:55.876  2422  3978 D OutputsAudio: [outputs-audio] start hz=700.0 gain=1.000 attack=2.50 release=6.00
10-11 15:27:55.911  2422  3978 D OutputsAudio: [outputs-audio] stop gain=1.000 release=6.00
10-11 15:27:55.925  2422  2607 I ReactNativeJS: [outputs] outputs.flashPulse.commit {"timestamp":11899445.905354,"wallClock":1760210875924,"durationMs":102,"source":"console.replay","correlationId":"console-replay:mgmo3w7rv7gt02nh","latencyMs":60.89703099988401,"timelineOffsetMs":55.914271000772715,"leadMs":8}
10-11 15:27:55.946  2422  3978 D OutputsAudio: [outputs-audio] stop gain=0.000 release=6.00
10-11 15:27:55.946  2422  3978 D OutputsAudio: [outputs-audio] playMorse.end cancelled=0
10-11 15:27:55.983  2422  2607 D OutputsAudio: [outputs-audio] symbol.info sequence=27 symbol=. timestamp=11899398.088 duration=34.000
10-11 15:27:55.983  2422  2607 I ReactNativeJS: [outputs] playMorse.symbol {"timestamp":11899504.285302,"wallClock":1760210875983,"symbol":"-","durationMs":102,"index":22,"source":"console.replay","correlationId":"console-replay:mgmo3wb3wp7dakeg","nativeTimestampMs":11899398.088,"nativeDurationMs":34,"nativeOffsetMs":106.14219800010324,"nativeSequence":27,"monotonicTimestampMs":11899398.088}
10-11 15:27:55.983  2422  2607 I ReactNativeJS: [outputs] playMorse.nativeOffset.spike {"timestamp":11899504.808271,"wallClock":1760210875983,"source":"console.replay","offsetMs":106.14219800010324,"sequence":27,"unitMs":34,"correlationId":"console-replay:mgmo3wb3wp7dakeg"}
10-11 15:27:55.984  2422  2607 I ReactNativeJS: [outputs] outputs.hapticSymbol {"timestamp":11899505.168063,"wallClock":1760210875984,"enabled":true,"symbol":"-","durationMs":102,"platform":"android","source":"console.replay","correlationId":"console-replay:mgmo3wb3wp7dakeg","timelineOffsetMs":106.14219800010324}
10-11 15:27:55.985  2422  2607 I ReactNativeJS: [outputs] outputs.flashPulse {"timestamp":11899505.893427,"wallClock":1760210875984,"enabled":true,"durationMs":102,"source":"console.replay","correlationId":"console-replay:mgmo3wb3wp7dakeg","timelineOffsetMs":106.14219800010324}
10-11 15:27:56.052  2422  2607 I ReactNativeJS: [outputs] outputs.flashPulse.commit {"timestamp":11899573.171136,"wallClock":1760210876052,"durationMs":102,"source":"console.replay","correlationId":"console-replay:mgmo3wb3wp7dakeg","latencyMs":68.93593800067902,"timelineOffsetMs":106.14219800010324,"leadMs":8}
10-11 15:27:56.147  2422  2607 I ReactNativeJS: [outputs] playMorse.symbol {"timestamp":11899667.874938,"wallClock":1760210876146,"symbol":"-","durationMs":102,"index":23,"source":"console.replay","correlationId":"console-replay:mgmo3wfmkzrvyhr7","nativeTimestampMs":null,"nativeDurationMs":null,"nativeOffsetMs":null,"nativeSequence":null,"monotonicTimestampMs":null}
10-11 15:27:56.148  2422  2607 I ReactNativeJS: [outputs] outputs.hapticSymbol {"timestamp":11899669.01499,"wallClock":1760210876147,"enabled":true,"symbol":"-","durationMs":102,"platform":"android","source":"console.replay","correlationId":"console-replay:mgmo3wfmkzrvyhr7","timelineOffsetMs":null}
10-11 15:27:56.149  2422  2607 I ReactNativeJS: [outputs] outputs.flashPulse {"timestamp":11899670.120094,"wallClock":1760210876148,"enabled":true,"durationMs":102,"source":"console.replay","correlationId":"console-replay:mgmo3wfmkzrvyhr7","timelineOffsetMs":null}
10-11 15:27:56.216  2422  2607 I ReactNativeJS: [outputs] outputs.flashPulse.commit {"timestamp":11899736.897229,"wallClock":1760210876215,"durationMs":102,"source":"console.replay","correlationId":"console-replay:mgmo3wfmkzrvyhr7","latencyMs":69.03171899914742,"timelineOffsetMs":null,"leadMs":8}
10-11 15:27:56.472  2422  2607 I ReactNativeJS: [outputs] playMorse.symbol {"timestamp":11899990.328375,"wallClock":1760210876469,"symbol":".","durationMs":34,"index":24,"source":"console.replay","correlationId":"console-replay:mgmo3wolqgmwv8yy","nativeTimestampMs":null,"nativeDurationMs":null,"nativeOffsetMs":null,"nativeSequence":null,"monotonicTimestampMs":null}
10-11 15:27:56.474  2422  2607 I ReactNativeJS: [outputs] outputs.hapticSymbol {"timestamp":11899994.047594,"wallClock":1760210876472,"enabled":true,"symbol":".","durationMs":34,"platform":"android","source":"console.replay","correlationId":"console-replay:mgmo3wolqgmwv8yy","timelineOffsetMs":null}
10-11 15:27:56.479  2422  2607 I ReactNativeJS: [outputs] outputs.flashPulse {"timestamp":11899998.779521,"wallClock":1760210876477,"enabled":true,"durationMs":34,"source":"console.replay","correlationId":"console-replay:mgmo3wolqgmwv8yy","timelineOffsetMs":null}
10-11 15:27:56.552  2422  2607 I ReactNativeJS: [outputs] outputs.flashPulse.commit {"timestamp":11900072.96801,"wallClock":1760210876551,"durationMs":34,"source":"console.replay","correlationId":"console-replay:mgmo3wolqgmwv8yy","latencyMs":82.64739600010216,"timelineOffsetMs":null,"leadMs":8}
10-11 15:27:56.818  2422  2607 I ReactNativeJS: [outputs] playMorse.symbol {"timestamp":11900338.713427,"wallClock":1760210876817,"symbol":".","durationMs":34,"index":25,"source":"console.replay","correlationId":"console-replay:mgmo3wy9m3vqql8v","nativeTimestampMs":null,"nativeDurationMs":null,"nativeOffsetMs":null,"nativeSequence":null,"monotonicTimestampMs":null}
10-11 15:27:56.819  2422  2607 I ReactNativeJS: [outputs] outputs.hapticSymbol {"timestamp":11900339.722854,"wallClock":1760210876818,"enabled":true,"symbol":".","durationMs":34,"platform":"android","source":"console.replay","correlationId":"console-replay:mgmo3wy9m3vqql8v","timelineOffsetMs":null}
10-11 15:27:56.820  2422  2607 I ReactNativeJS: [outputs] outputs.flashPulse {"timestamp":11900341.100146,"wallClock":1760210876819,"enabled":true,"durationMs":34,"source":"console.replay","correlationId":"console-replay:mgmo3wy9m3vqql8v","timelineOffsetMs":null}
10-11 15:27:56.891  2422  2607 I ReactNativeJS: [outputs] outputs.flashPulse.commit {"timestamp":11900412.181604,"wallClock":1760210876891,"durationMs":34,"source":"console.replay","correlationId":"console-replay:mgmo3wy9m3vqql8v","latencyMs":73.47229200042784,"timelineOffsetMs":null,"leadMs":8}
10-11 15:27:57.153  2422  2607 I ReactNativeJS: [outputs] playMorse.symbol {"timestamp":11900673.760666,"wallClock":1760210877152,"symbol":".","durationMs":34,"index":26,"source":"console.replay","correlationId":"console-replay:mgmo3x7kze0kyvsn","nativeTimestampMs":null,"nativeDurationMs":null,"nativeOffsetMs":null,"nativeSequence":null,"monotonicTimestampMs":null}
10-11 15:27:57.154  2422  2607 I ReactNativeJS: [outputs] outputs.hapticSymbol {"timestamp":11900675.027073,"wallClock":1760210877153,"enabled":true,"symbol":".","durationMs":34,"platform":"android","source":"console.replay","correlationId":"console-replay:mgmo3x7kze0kyvsn","timelineOffsetMs":null}
10-11 15:27:57.157  2422  2607 I ReactNativeJS: [outputs] outputs.flashPulse {"timestamp":11900677.722646,"wallClock":1760210877156,"enabled":true,"durationMs":34,"source":"console.replay","correlationId":"console-replay:mgmo3x7kze0kyvsn","timelineOffsetMs":null}
10-11 15:27:57.230  2422  2607 I ReactNativeJS: [outputs] outputs.flashPulse.commit {"timestamp":11900750.758531,"wallClock":1760210877229,"durationMs":34,"source":"console.replay","correlationId":"console-replay:mgmo3x7kze0kyvsn","latencyMs":77.00432300008833,"timelineOffsetMs":null,"leadMs":8}
10-11 15:27:57.282  2422  2607 I ReactNativeJS: [outputs] playMorse.complete {"timestamp":11900802.657854,"wallClock":1760210877281,"durationMs":4156.406872998923,"source":"console.replay","audioEnabled":true,"audioVolumePercent":100}
10-11 15:28:00.080  2422  2607 I ReactNativeJS: [outputs] playMorse.start {"timestamp":11903600.818217,"wallClock":1760210880079,"unitMs":30,"length":28,"source":"console.replay","audioEnabled":true,"audioVolumePercent":100}
10-11 15:28:00.189  2422  2607 D OutputsAudio: [outputs-audio] warmup hz=700.0
10-11 15:28:00.189  2422  4079 D OutputsAudio: [outputs-audio] playMorse.start count=27 unit=30.0
10-11 15:28:00.189  2422  4079 D OutputsAudio: [outputs-audio] start hz=700.0 gain=1.000 attack=2.50 release=6.00
10-11 15:28:00.206  2422  2607 D OutputsAudio: [outputs-audio] symbol.info sequence=1 symbol=. timestamp=11903710.754 duration=30.000
10-11 15:28:00.207  2422  2607 I ReactNativeJS: [outputs] playMorse.symbol {"timestamp":11903727.912228,"wallClock":1760210880206,"symbol":".","durationMs":30,"index":0,"source":"console.replay","correlationId":"console-replay:mgmo3zkeh54pclv4","nativeTimestampMs":11903710.754,"nativeDurationMs":30,"nativeOffsetMs":17.075675999745727,"nativeSequence":1,"monotonicTimestampMs":11903710.754}
10-11 15:28:00.208  2422  2607 I ReactNativeJS: [outputs] outputs.hapticSymbol {"timestamp":11903728.790717,"wallClock":1760210880207,"enabled":true,"symbol":".","durationMs":30,"platform":"android","source":"console.replay","correlationId":"console-replay:mgmo3zkeh54pclv4","timelineOffsetMs":17.075675999745727}
10-11 15:28:00.209  2422  2607 I ReactNativeJS: [outputs] outputs.flashPulse {"timestamp":11903729.924624,"wallClock":1760210880208,"enabled":true,"durationMs":30,"source":"console.replay","correlationId":"console-replay:mgmo3zkeh54pclv4","timelineOffsetMs":17.075675999745727}
10-11 15:28:00.220  2422  4079 D OutputsAudio: [outputs-audio] stop gain=1.000 release=6.00
10-11 15:28:00.251  2422  4079 D OutputsAudio: [outputs-audio] start hz=700.0 gain=1.000 attack=2.50 release=6.00
10-11 15:28:00.270  2422  2607 I ReactNativeJS: [outputs] outputs.flashPulse.commit {"timestamp":11903791.34879,"wallClock":1760210880270,"durationMs":30,"source":"console.replay","correlationId":"console-replay:mgmo3zkeh54pclv4","latencyMs":63.51416599936783,"timelineOffsetMs":17.075675999745727,"leadMs":8}
10-11 15:28:00.281  2422  4079 D OutputsAudio: [outputs-audio] stop gain=1.000 release=6.00
10-11 15:28:00.312  2422  4079 D OutputsAudio: [outputs-audio] start hz=700.0 gain=1.000 attack=2.50 release=6.00
10-11 15:28:00.322  2422  2607 D OutputsAudio: [outputs-audio] symbol.info sequence=3 symbol=. timestamp=11903833.435 duration=30.000
10-11 15:28:00.323  2422  2607 W ReactNativeJS: '[outputs-audio] native sequence jump', { previous: 1, next: 3, delta: 2 }
10-11 15:28:00.323  2422  2607 I ReactNativeJS: [outputs] playMorse.symbol {"timestamp":11903844.561811,"wallClock":1760210880323,"symbol":".","durationMs":30,"index":1,"source":"console.replay","correlationId":"console-replay:mgmo3znnaxajmpbj","nativeTimestampMs":11903833.435,"nativeDurationMs":30,"nativeOffsetMs":11.087279999628663,"nativeSequence":3,"monotonicTimestampMs":11903833.435}
10-11 15:28:00.324  2422  2607 I ReactNativeJS: [outputs] outputs.hapticSymbol {"timestamp":11903844.986863,"wallClock":1760210880323,"enabled":true,"symbol":".","durationMs":30,"platform":"android","source":"console.replay","correlationId":"console-replay:mgmo3znnaxajmpbj","timelineOffsetMs":11.087279999628663}
10-11 15:28:00.324  2422  2607 I ReactNativeJS: [outputs] outputs.flashPulse {"timestamp":11903845.708061,"wallClock":1760210880324,"enabled":true,"durationMs":30,"source":"console.replay","correlationId":"console-replay:mgmo3znnaxajmpbj","timelineOffsetMs":11.087279999628663}
10-11 15:28:00.343  2422  4079 D OutputsAudio: [outputs-audio] stop gain=1.000 release=6.00
10-11 15:28:00.374  2422  4079 D OutputsAudio: [outputs-audio] start hz=700.0 gain=1.000 attack=2.50 release=6.00
10-11 15:28:00.393  2422  2607 I ReactNativeJS: [outputs] outputs.flashPulse.commit {"timestamp":11903913.909728,"wallClock":1760210880392,"durationMs":30,"source":"console.replay","correlationId":"console-replay:mgmo3znnaxajmpbj","latencyMs":69.38234400004148,"timelineOffsetMs":11.087279999628663,"leadMs":8}
10-11 15:28:00.440  2422  2607 D OutputsAudio: [outputs-audio] symbol.info sequence=4 symbol=- timestamp=11903895.676 duration=90.000
10-11 15:28:00.440  2422  2607 I ReactNativeJS: [outputs] playMorse.symbol {"timestamp":11903961.395717,"wallClock":1760210880440,"symbol":".","durationMs":30,"index":2,"source":"console.replay","correlationId":"console-replay:mgmo3zqwuptulmy1","nativeTimestampMs":11903895.676,"nativeDurationMs":90,"nativeOffsetMs":65.66893599927425,"nativeSequence":4,"monotonicTimestampMs":11903895.676}
10-11 15:28:00.441  2422  2607 I ReactNativeJS: [outputs] outputs.hapticSymbol {"timestamp":11903961.911811,"wallClock":1760210880440,"enabled":true,"symbol":".","durationMs":30,"platform":"android","source":"console.replay","correlationId":"console-replay:mgmo3zqwuptulmy1","timelineOffsetMs":65.66893599927425}
10-11 15:28:00.441  2422  2607 I ReactNativeJS: [outputs] outputs.flashPulse {"timestamp":11903962.599415,"wallClock":1760210880441,"enabled":true,"durationMs":30,"source":"console.replay","correlationId":"console-replay:mgmo3zqwuptulmy1","timelineOffsetMs":65.66893599927425}
10-11 15:28:00.465  2422  4079 D OutputsAudio: [outputs-audio] stop gain=1.000 release=6.00
10-11 15:28:00.495  2422  2607 I ReactNativeJS: [outputs] outputs.flashPulse.commit {"timestamp":11904016.523686,"wallClock":1760210880495,"durationMs":30,"source":"console.replay","correlationId":"console-replay:mgmo3zqwuptulmy1","latencyMs":55.174009999260306,"timelineOffsetMs":65.66893599927425,"leadMs":8}
10-11 15:28:00.496  2422  4079 D OutputsAudio: [outputs-audio] start hz=700.0 gain=1.000 attack=2.50 release=6.00
10-11 15:28:00.550  2422  2607 D OutputsAudio: [outputs-audio] symbol.info sequence=5 symbol=- timestamp=11904018.428 duration=90.000
10-11 15:28:00.550  2422  2607 I ReactNativeJS: [outputs] playMorse.symbol {"timestamp":11904071.309051,"wallClock":1760210880550,"symbol":"-","durationMs":90,"index":3,"source":"console.replay","correlationId":"console-replay:mgmo3zty9sw4kvft","nativeTimestampMs":11904018.428,"nativeDurationMs":90,"nativeOffsetMs":52.829228000715375,"nativeSequence":5,"monotonicTimestampMs":11904018.428}
10-11 15:28:00.551  2422  2607 I ReactNativeJS: [outputs] outputs.hapticSymbol {"timestamp":11904071.808894,"wallClock":1760210880550,"enabled":true,"symbol":"-","durationMs":90,"platform":"android","source":"console.replay","correlationId":"console-replay:mgmo3zty9sw4kvft","timelineOffsetMs":52.829228000715375}
10-11 15:28:00.551  2422  2607 I ReactNativeJS: [outputs] outputs.flashPulse {"timestamp":11904072.649571,"wallClock":1760210880551,"enabled":true,"durationMs":90,"source":"console.replay","correlationId":"console-replay:mgmo3zty9sw4kvft","timelineOffsetMs":52.829228000715375}
10-11 15:28:00.587  2422  4079 D OutputsAudio: [outputs-audio] stop gain=1.000 release=6.00
10-11 15:28:00.610  2422  2607 I ReactNativeJS: [outputs] outputs.flashPulse.commit {"timestamp":11904131.16754,"wallClock":1760210880610,"durationMs":90,"source":"console.replay","correlationId":"console-replay:mgmo3zty9sw4kvft","latencyMs":59.90567700006068,"timelineOffsetMs":52.829228000715375,"leadMs":8}
10-11 15:28:00.619  2422  4079 D OutputsAudio: [outputs-audio] start hz=700.0 gain=1.000 attack=2.50 release=6.00
10-11 15:28:00.658  2422  2607 D OutputsAudio: [outputs-audio] symbol.info sequence=6 symbol=- timestamp=11904140.629 duration=90.000
10-11 15:28:00.659  2422  2607 I ReactNativeJS: [outputs] playMorse.symbol {"timestamp":11904179.84629,"wallClock":1760210880658,"symbol":"-","durationMs":90,"index":4,"source":"console.replay","correlationId":"console-replay:mgmo3zwyxoevuzly","nativeTimestampMs":11904140.629,"nativeDurationMs":90,"nativeOffsetMs":39.162185998633504,"nativeSequence":6,"monotonicTimestampMs":11904140.629}
10-11 15:28:00.659  2422  2607 I ReactNativeJS: [outputs] outputs.hapticSymbol {"timestamp":11904180.464728,"wallClock":1760210880659,"enabled":true,"symbol":"-","durationMs":90,"platform":"android","source":"console.replay","correlationId":"console-replay:mgmo3zwyxoevuzly","timelineOffsetMs":39.162185998633504}
10-11 15:28:00.660  2422  2607 I ReactNativeJS: [outputs] outputs.flashPulse {"timestamp":11904181.259832,"wallClock":1760210880660,"enabled":true,"durationMs":90,"source":"console.replay","correlationId":"console-replay:mgmo3zwyxoevuzly","timelineOffsetMs":39.162185998633504}
10-11 15:28:00.709  2422  4079 D OutputsAudio: [outputs-audio] stop gain=1.000 release=6.00
10-11 15:28:00.728  2422  2607 I ReactNativeJS: [outputs] outputs.flashPulse.commit {"timestamp":11904249.141915,"wallClock":1760210880728,"durationMs":90,"source":"console.replay","correlationId":"console-replay:mgmo3zwyxoevuzly","latencyMs":69.34598900005221,"timelineOffsetMs":39.162185998633504,"leadMs":8}
10-11 15:28:00.740  2422  4079 D OutputsAudio: [outputs-audio] start hz=700.0 gain=1.000 attack=2.50 release=6.00
10-11 15:28:00.770  2422  4079 D OutputsAudio: [outputs-audio] stop gain=1.000 release=6.00
10-11 15:28:00.779  2422  2607 D OutputsAudio: [outputs-audio] symbol.info sequence=7 symbol=. timestamp=11904261.818 duration=30.000
10-11 15:28:00.779  2422  2607 I ReactNativeJS: [outputs] playMorse.symbol {"timestamp":11904300.322853,"wallClock":1760210880779,"symbol":"-","durationMs":90,"index":5,"source":"console.replay","correlationId":"console-replay:mgmo400bt0uw6p1v","nativeTimestampMs":11904261.818,"nativeDurationMs":30,"nativeOffsetMs":38.44537300057709,"nativeSequence":7,"monotonicTimestampMs":11904261.818}
10-11 15:28:00.780  2422  2607 I ReactNativeJS: [outputs] outputs.hapticSymbol {"timestamp":11904300.895978,"wallClock":1760210880779,"enabled":true,"symbol":"-","durationMs":90,"platform":"android","source":"console.replay","correlationId":"console-replay:mgmo400bt0uw6p1v","timelineOffsetMs":38.44537300057709}
10-11 15:28:00.780  2422  2607 I ReactNativeJS: [outputs] outputs.flashPulse {"timestamp":11904301.677384,"wallClock":1760210880780,"enabled":true,"durationMs":90,"source":"console.replay","correlationId":"console-replay:mgmo400bt0uw6p1v","timelineOffsetMs":38.44537300057709}
10-11 15:28:00.801  2422  4079 D OutputsAudio: [outputs-audio] start hz=700.0 gain=1.000 attack=2.50 release=6.00
10-11 15:28:00.832  2422  4079 D OutputsAudio: [outputs-audio] stop gain=1.000 release=6.00
10-11 15:28:00.839  2422  2607 I ReactNativeJS: [outputs] outputs.flashPulse.commit {"timestamp":11904360.411134,"wallClock":1760210880839,"durationMs":90,"source":"console.replay","correlationId":"console-replay:mgmo400bt0uw6p1v","latencyMs":60.141822999343276,"timelineOffsetMs":38.44537300057709,"leadMs":8}
10-11 15:28:00.863  2422  4079 D OutputsAudio: [outputs-audio] start hz=700.0 gain=1.000 attack=2.50 release=6.00
10-11 15:28:00.891  2422  2607 D OutputsAudio: [outputs-audio] symbol.info sequence=9 symbol=. timestamp=11904384.713 duration=30.000
10-11 15:28:00.892  2422  2607 W ReactNativeJS: '[outputs-audio] native sequence jump', { previous: 7, next: 9, delta: 2 }
10-11 15:28:00.892  2422  2607 I ReactNativeJS: [outputs] playMorse.symbol {"timestamp":11904413.52879,"wallClock":1760210880892,"symbol":".","durationMs":30,"index":6,"source":"console.replay","correlationId":"console-replay:mgmo403g759bdlwi","nativeTimestampMs":11904384.713,"nativeDurationMs":30,"nativeOffsetMs":28.771050000563264,"nativeSequence":9,"monotonicTimestampMs":11904384.713}
10-11 15:28:00.893  2422  2607 I ReactNativeJS: [outputs] outputs.hapticSymbol {"timestamp":11904413.965248,"wallClock":1760210880892,"enabled":true,"symbol":".","durationMs":30,"platform":"android","source":"console.replay","correlationId":"console-replay:mgmo403g759bdlwi","timelineOffsetMs":28.771050000563264}
10-11 15:28:00.893  2422  2607 I ReactNativeJS: [outputs] outputs.flashPulse {"timestamp":11904414.775821,"wallClock":1760210880893,"enabled":true,"durationMs":30,"source":"console.replay","correlationId":"console-replay:mgmo403g759bdlwi","timelineOffsetMs":28.771050000563264}
10-11 15:28:00.894  2422  4079 D OutputsAudio: [outputs-audio] stop gain=1.000 release=6.00
10-11 15:28:00.925  2422  4079 D OutputsAudio: [outputs-audio] start hz=700.0 gain=1.000 attack=2.50 release=6.00
10-11 15:28:00.960  2422  2607 I ReactNativeJS: [outputs] outputs.flashPulse.commit {"timestamp":11904480.814884,"wallClock":1760210880959,"durationMs":30,"source":"console.replay","correlationId":"console-replay:mgmo403g759bdlwi","latencyMs":67.32583400048316,"timelineOffsetMs":28.771050000563264,"leadMs":8}
10-11 15:28:01.013  2422  2607 D OutputsAudio: [outputs-audio] symbol.info sequence=10 symbol=- timestamp=11904447.115 duration=90.000
10-11 15:28:01.014  2422  2607 I ReactNativeJS: [outputs] playMorse.symbol {"timestamp":11904534.846915,"wallClock":1760210881013,"symbol":".","durationMs":30,"index":7,"source":"console.replay","correlationId":"console-replay:mgmo406tkia9k2l1","nativeTimestampMs":11904447.115,"nativeDurationMs":90,"nativeOffsetMs":87.6709770001471,"nativeSequence":10,"monotonicTimestampMs":11904447.115}
10-11 15:28:01.014  2422  2607 I ReactNativeJS: [outputs] playMorse.nativeOffset.spike {"timestamp":11904535.399832,"wallClock":1760210881014,"source":"console.replay","offsetMs":87.6709770001471,"sequence":10,"unitMs":30,"correlationId":"console-replay:mgmo406tkia9k2l1"}
10-11 15:28:01.014  2422  2607 I ReactNativeJS: [outputs] outputs.hapticSymbol {"timestamp":11904535.744936,"wallClock":1760210881014,"enabled":true,"symbol":".","durationMs":30,"platform":"android","source":"console.replay","correlationId":"console-replay:mgmo406tkia9k2l1","timelineOffsetMs":87.6709770001471}
10-11 15:28:01.015  2422  2607 I ReactNativeJS: [outputs] outputs.flashPulse {"timestamp":11904536.559155,"wallClock":1760210881015,"enabled":true,"durationMs":30,"source":"console.replay","correlationId":"console-replay:mgmo406tkia9k2l1","timelineOffsetMs":87.6709770001471}
10-11 15:28:01.017  2422  4079 D OutputsAudio: [outputs-audio] stop gain=1.000 release=6.00
10-11 15:28:01.047  2422  4079 D OutputsAudio: [outputs-audio] start hz=700.0 gain=1.000 attack=2.50 release=6.00
10-11 15:28:01.138  2422  4079 D OutputsAudio: [outputs-audio] stop gain=1.000 release=6.00
10-11 15:28:01.139  2422  2607 D OutputsAudio: [outputs-audio] symbol.info sequence=11 symbol=- timestamp=11904569.079 duration=90.000
10-11 15:28:01.140  2422  2607 I ReactNativeJS: [outputs] playMorse.symbol {"timestamp":11904660.905665,"wallClock":1760210881139,"symbol":".","durationMs":30,"index":8,"source":"console.replay","correlationId":"console-replay:mgmo40abh187o9vm","nativeTimestampMs":11904569.079,"nativeDurationMs":90,"nativeOffsetMs":91.77161299996078,"nativeSequence":11,"monotonicTimestampMs":11904569.079}
10-11 15:28:01.140  2422  2607 I ReactNativeJS: [outputs] playMorse.nativeOffset.spike {"timestamp":11904661.401238,"wallClock":1760210881140,"source":"console.replay","offsetMs":91.77161299996078,"sequence":11,"unitMs":30,"correlationId":"console-replay:mgmo40abh187o9vm"}
10-11 15:28:01.140  2422  2607 I ReactNativeJS: [outputs] outputs.hapticSymbol {"timestamp":11904661.754988,"wallClock":1760210881140,"enabled":true,"symbol":".","durationMs":30,"platform":"android","source":"console.replay","correlationId":"console-replay:mgmo40abh187o9vm","timelineOffsetMs":91.77161299996078}
10-11 15:28:01.141  2422  2607 I ReactNativeJS: [outputs] outputs.flashPulse {"timestamp":11904662.517852,"wallClock":1760210881141,"enabled":true,"durationMs":30,"source":"console.replay","correlationId":"console-replay:mgmo40abh187o9vm","timelineOffsetMs":91.77161299996078}
10-11 15:28:01.168  2422  4079 D OutputsAudio: [outputs-audio] start hz=700.0 gain=1.000 attack=2.50 release=6.00
10-11 15:28:01.217  2422  2607 I ReactNativeJS: [outputs] outputs.flashPulse.commit {"timestamp":11904738.478894,"wallClock":1760210881217,"durationMs":30,"source":"console.replay","correlationId":"console-replay:mgmo406tkia9k2l1","latencyMs":203.68692700006068,"timelineOffsetMs":87.6709770001471,"leadMs":8}
10-11 15:28:01.259  2422  4079 D OutputsAudio: [outputs-audio] stop gain=1.000 release=6.00
10-11 15:28:01.278  2422  2607 I ReactNativeJS: [outputs] outputs.flashPulse.commit {"timestamp":11904799.219154,"wallClock":1760210881278,"durationMs":30,"source":"console.replay","correlationId":"console-replay:mgmo40abh187o9vm","latencyMs":138.36333299987018,"timelineOffsetMs":91.77161299996078,"leadMs":8}
10-11 15:28:01.291  2422  4079 D OutputsAudio: [outputs-audio] start hz=700.0 gain=1.000 attack=2.50 release=6.00
10-11 15:28:01.321  2422  4079 D OutputsAudio: [outputs-audio] stop gain=1.000 release=6.00
10-11 15:28:01.331  2422  2607 D OutputsAudio: [outputs-audio] symbol.info sequence=13 symbol=. timestamp=11904812.657 duration=30.000
10-11 15:28:01.331  2422  2607 W ReactNativeJS: '[outputs-audio] native sequence jump', { previous: 11, next: 13, delta: 2 }
10-11 15:28:01.332  2422  2607 I ReactNativeJS: [outputs] playMorse.symbol {"timestamp":11904853.078894,"wallClock":1760210881331,"symbol":"-","durationMs":90,"index":9,"source":"console.replay","correlationId":"console-replay:mgmo40fnkmywxzi0","nativeTimestampMs":11904812.657,"nativeDurationMs":30,"nativeOffsetMs":40.37856100127101,"nativeSequence":13,"monotonicTimestampMs":11904812.657}
10-11 15:28:01.332  2422  2607 I ReactNativeJS: [outputs] outputs.hapticSymbol {"timestamp":11904853.544727,"wallClock":1760210881332,"enabled":true,"symbol":"-","durationMs":90,"platform":"android","source":"console.replay","correlationId":"console-replay:mgmo40fnkmywxzi0","timelineOffsetMs":40.37856100127101}
10-11 15:28:01.333  2422  2607 I ReactNativeJS: [outputs] outputs.flashPulse {"timestamp":11904854.337957,"wallClock":1760210881333,"enabled":true,"durationMs":90,"source":"console.replay","correlationId":"console-replay:mgmo40fnkmywxzi0","timelineOffsetMs":40.37856100127101}
10-11 15:28:01.352  2422  4079 D OutputsAudio: [outputs-audio] start hz=700.0 gain=1.000 attack=2.50 release=6.00
10-11 15:28:01.383  2422  4079 D OutputsAudio: [outputs-audio] stop gain=1.000 release=6.00
10-11 15:28:01.395  2422  2607 I ReactNativeJS: [outputs] outputs.flashPulse.commit {"timestamp":11904915.973269,"wallClock":1760210881394,"durationMs":90,"source":"console.replay","correlationId":"console-replay:mgmo40fnkmywxzi0","latencyMs":62.93260399997234,"timelineOffsetMs":40.37856100127101,"leadMs":8}
10-11 15:28:01.414  2422  4079 D OutputsAudio: [outputs-audio] start hz=700.0 gain=1.000 attack=2.50 release=6.00
10-11 15:28:01.444  2422  4079 D OutputsAudio: [outputs-audio] stop gain=1.000 release=6.00
10-11 15:28:01.454  2422  2607 D OutputsAudio: [outputs-audio] symbol.info sequence=15 symbol=. timestamp=11904935.257 duration=30.000
10-11 15:28:01.455  2422  2607 W ReactNativeJS: '[outputs-audio] native sequence jump', { previous: 13, next: 15, delta: 2 }
10-11 15:28:01.455  2422  2607 I ReactNativeJS: [outputs] playMorse.symbol {"timestamp":11904976.683321,"wallClock":1760210881455,"symbol":"-","durationMs":90,"index":10,"source":"console.replay","correlationId":"console-replay:mgmo40j3den8hdy7","nativeTimestampMs":11904935.257,"nativeDurationMs":30,"nativeOffsetMs":41.38272700086236,"nativeSequence":15,"monotonicTimestampMs":11904935.257}
10-11 15:28:01.456  2422  2607 I ReactNativeJS: [outputs] outputs.hapticSymbol {"timestamp":11904977.131863,"wallClock":1760210881456,"enabled":true,"symbol":"-","durationMs":90,"platform":"android","source":"console.replay","correlationId":"console-replay:mgmo40j3den8hdy7","timelineOffsetMs":41.38272700086236}
10-11 15:28:01.457  2422  2607 I ReactNativeJS: [outputs] outputs.flashPulse {"timestamp":11904977.934727,"wallClock":1760210881456,"enabled":true,"durationMs":90,"source":"console.replay","correlationId":"console-replay:mgmo40j3den8hdy7","timelineOffsetMs":41.38272700086236}
10-11 15:28:01.474  2422  4079 D OutputsAudio: [outputs-audio] start hz=700.0 gain=1.000 attack=2.50 release=6.00
10-11 15:28:01.520  2422  2607 I ReactNativeJS: [outputs] outputs.flashPulse.commit {"timestamp":11905041.05504,"wallClock":1760210881519,"durationMs":90,"source":"console.replay","correlationId":"console-replay:mgmo40j3den8hdy7","latencyMs":64.40994800068438,"timelineOffsetMs":41.38272700086236,"leadMs":8}
10-11 15:28:01.565  2422  4079 D OutputsAudio: [outputs-audio] stop gain=1.000 release=6.00
10-11 15:28:01.580  2422  2607 D OutputsAudio: [outputs-audio] symbol.info sequence=16 symbol=- timestamp=11904995.615 duration=90.000
10-11 15:28:01.581  2422  2607 I ReactNativeJS: [outputs] playMorse.symbol {"timestamp":11905101.8653,"wallClock":1760210881580,"symbol":"-","durationMs":90,"index":11,"source":"console.replay","correlationId":"console-replay:mgmo40mkxohzhmqc","nativeTimestampMs":11904995.615,"nativeDurationMs":90,"nativeOffsetMs":106.19483100064099,"nativeSequence":16,"monotonicTimestampMs":11904995.615}
10-11 15:28:01.581  2422  2607 I ReactNativeJS: [outputs] playMorse.nativeOffset.spike {"timestamp":11905102.391654,"wallClock":1760210881581,"source":"console.replay","offsetMs":106.19483100064099,"sequence":16,"unitMs":30,"correlationId":"console-replay:mgmo40mkxohzhmqc"}
10-11 15:28:01.581  2422  2607 I ReactNativeJS: [outputs] outputs.hapticSymbol {"timestamp":11905102.752383,"wallClock":1760210881581,"enabled":true,"symbol":"-","durationMs":90,"platform":"android","source":"console.replay","correlationId":"console-replay:mgmo40mkxohzhmqc","timelineOffsetMs":106.19483100064099}
10-11 15:28:01.582  2422  2607 I ReactNativeJS: [outputs] outputs.flashPulse {"timestamp":11905103.55004,"wallClock":1760210881582,"enabled":true,"durationMs":90,"source":"console.replay","correlationId":"console-replay:mgmo40mkxohzhmqc","timelineOffsetMs":106.19483100064099}
10-11 15:28:01.596  2422  4079 D OutputsAudio: [outputs-audio] start hz=700.0 gain=1.000 attack=2.50 release=6.00
10-11 15:28:01.646  2422  2607 I ReactNativeJS: [outputs] outputs.flashPulse.commit {"timestamp":11905166.812331,"wallClock":1760210881645,"durationMs":90,"source":"console.replay","correlationId":"console-replay:mgmo40mkxohzhmqc","latencyMs":64.99729199893773,"timelineOffsetMs":106.19483100064099,"leadMs":8}
10-11 15:28:01.687  2422  4079 D OutputsAudio: [outputs-audio] stop gain=1.000 release=6.00
10-11 15:28:01.697  2422  2607 D OutputsAudio: [outputs-audio] symbol.info sequence=17 symbol=- timestamp=11905117.930 duration=90.000
10-11 15:28:01.698  2422  2607 I ReactNativeJS: [outputs] playMorse.symbol {"timestamp":11905218.876238,"wallClock":1760210881697,"symbol":".","durationMs":30,"index":12,"source":"console.replay","correlationId":"console-replay:mgmo40pt5bwlhawv","nativeTimestampMs":11905117.93,"nativeDurationMs":90,"nativeOffsetMs":100.88837300054729,"nativeSequence":17,"monotonicTimestampMs":11905117.93}
10-11 15:28:01.698  2422  2607 I ReactNativeJS: [outputs] playMorse.nativeOffset.spike {"timestamp":11905219.41754,"wallClock":1760210881698,"source":"console.replay","offsetMs":100.88837300054729,"sequence":17,"unitMs":30,"correlationId":"console-replay:mgmo40pt5bwlhawv"}
10-11 15:28:01.698  2422  2607 I ReactNativeJS: [outputs] outputs.hapticSymbol {"timestamp":11905219.772644,"wallClock":1760210881698,"enabled":true,"symbol":".","durationMs":30,"platform":"android","source":"console.replay","correlationId":"console-replay:mgmo40pt5bwlhawv","timelineOffsetMs":100.88837300054729}
10-11 15:28:01.699  2422  2607 I ReactNativeJS: [outputs] outputs.flashPulse {"timestamp":11905220.576706,"wallClock":1760210881699,"enabled":true,"durationMs":30,"source":"console.replay","correlationId":"console-replay:mgmo40pt5bwlhawv","timelineOffsetMs":100.88837300054729}
10-11 15:28:01.718  2422  4079 D OutputsAudio: [outputs-audio] start hz=700.0 gain=1.000 attack=2.50 release=6.00
10-11 15:28:01.772  2422  2607 I ReactNativeJS: [outputs] outputs.flashPulse.commit {"timestamp":11905293.186394,"wallClock":1760210881772,"durationMs":30,"source":"console.replay","correlationId":"console-replay:mgmo40pt5bwlhawv","latencyMs":74.3630209993571,"timelineOffsetMs":100.88837300054729,"leadMs":8}
10-11 15:28:01.809  2422  4079 D OutputsAudio: [outputs-audio] stop gain=1.000 release=6.00
10-11 15:28:01.823  2422  2607 D OutputsAudio: [outputs-audio] symbol.info sequence=18 symbol=- timestamp=11905239.577 duration=90.000
10-11 15:28:01.824  2422  2607 I ReactNativeJS: [outputs] playMorse.symbol {"timestamp":11905344.767331,"wallClock":1760210881823,"symbol":".","durationMs":30,"index":13,"source":"console.replay","correlationId":"console-replay:mgmo40tbrbjj8xu9","nativeTimestampMs":11905239.577,"nativeDurationMs":90,"nativeOffsetMs":105.13512299954891,"nativeSequence":18,"monotonicTimestampMs":11905239.577}
10-11 15:28:01.824  2422  2607 I ReactNativeJS: [outputs] playMorse.nativeOffset.spike {"timestamp":11905345.31306,"wallClock":1760210881824,"source":"console.replay","offsetMs":105.13512299954891,"sequence":18,"unitMs":30,"correlationId":"console-replay:mgmo40tbrbjj8xu9"}
10-11 15:28:01.824  2422  2607 I ReactNativeJS: [outputs] outputs.hapticSymbol {"timestamp":11905345.6653,"wallClock":1760210881824,"enabled":true,"symbol":".","durationMs":30,"platform":"android","source":"console.replay","correlationId":"console-replay:mgmo40tbrbjj8xu9","timelineOffsetMs":105.13512299954891}
10-11 15:28:01.828  2422  2607 I ReactNativeJS: [outputs] outputs.flashPulse {"timestamp":11905349.193008,"wallClock":1760210881828,"enabled":true,"durationMs":30,"source":"console.replay","correlationId":"console-replay:mgmo40tbrbjj8xu9","timelineOffsetMs":105.13512299954891}
10-11 15:28:01.839  2422  4079 D OutputsAudio: [outputs-audio] start hz=700.0 gain=1.000 attack=2.50 release=6.00
10-11 15:28:01.870  2422  4079 D OutputsAudio: [outputs-audio] stop gain=1.000 release=6.00
10-11 15:28:01.901  2422  4079 D OutputsAudio: [outputs-audio] start hz=700.0 gain=1.000 attack=2.50 release=6.00
10-11 15:28:01.911  2422  2607 I ReactNativeJS: [outputs] outputs.flashPulse.commit {"timestamp":11905432.102383,"wallClock":1760210881910,"durationMs":30,"source":"console.replay","correlationId":"console-replay:mgmo40tbrbjj8xu9","latencyMs":87.38349000178277,"timelineOffsetMs":105.13512299954891,"leadMs":8}
10-11 15:28:01.932  2422  4079 D OutputsAudio: [outputs-audio] stop gain=1.000 release=6.00
10-11 15:28:01.962  2422  4079 D OutputsAudio: [outputs-audio] start hz=700.0 gain=1.000 attack=2.50 release=6.00
10-11 15:28:01.969  2422  2607 D OutputsAudio: [outputs-audio] symbol.info sequence=21 symbol=. timestamp=11905484.132 duration=30.000
10-11 15:28:01.970  2422  2607 W ReactNativeJS: '[outputs-audio] native sequence jump', { previous: 18, next: 21, delta: 3 }
10-11 15:28:01.970  2422  2607 I ReactNativeJS: [outputs] playMorse.symbol {"timestamp":11905491.318373,"wallClock":1760210881970,"symbol":".","durationMs":30,"index":14,"source":"console.replay","correlationId":"console-replay:mgmo40xe3nfj3w4e","nativeTimestampMs":11905484.132,"nativeDurationMs":30,"nativeOffsetMs":7.143300000578165,"nativeSequence":21,"monotonicTimestampMs":11905484.132}
10-11 15:28:01.970  2422  2607 I ReactNativeJS: [outputs] outputs.hapticSymbol {"timestamp":11905491.764206,"wallClock":1760210881970,"enabled":true,"symbol":".","durationMs":30,"platform":"android","source":"console.replay","correlationId":"console-replay:mgmo40xe3nfj3w4e","timelineOffsetMs":7.143300000578165}
