10-14 21:54:55.154 16074 16137 I ReactNativeJS: [outputs] playMorse.symbol {"timestamp":164410659.60327,"wallClock":1760493295152,"symbol":"-","durationMs":360,"index":17,"source":"console.replay","correlationId":"console-replay:2o1fbw48","nativeTimestampMs":164410659.851655,"nativeDurationMs":360,"nativeOffsetMs":6000,"nativeSequence":18,"monotonicTimestampMs":164410659.851655,"nativeExpectedTimestampMs":164410658.721241,"nativeStartSkewMs":1.1304140090942383,"nativeBatchElapsedMs":6001.130414009094,"nativeExpectedSincePriorMs":480,"nativeSincePriorMs":480.05302000045776,"nativePatternStartMs":164404658.721241,"nativeAgeMs":null,"nativeFlashHandled":true,"nativeFlashAvailable":true}
10-14 21:54:55.157 16074 16137 I ReactNativeJS: [outputs] playMorse.nativeOffset.spike {"timestamp":164410661.864624,"wallClock":1760493295154,"source":"console.replay","offsetMs":6000,"sequence":18,"unitMs":120,"correlationId":"console-replay:2o1fbw48","startSkewMs":1.1304140090942383,"batchElapsedMs":6001.130414009094}
10-14 21:54:55.160 16074 16137 I ReactNativeJS: [outputs] outputs.hapticSymbol {"timestamp":164410664.83853,"wallClock":1760493295157,"enabled":true,"symbol":"-","durationMs":360,"platform":"android","source":"console.replay","correlationId":"console-replay:2o1fbw48","timelineOffsetMs":null,"dispatchPhase":"actual"}
10-14 21:54:55.162 16074 16137 I ReactNativeJS: [outputs] outputs.flashPulse.nativeHandled {"timestamp":164410668.102905,"wallClock":1760493295161,"durationMs":360,"source":"console.replay","dispatchPhase":"actual","correlationId":"console-replay:2o1fbw48","flashIntensity":0.8,"brightnessPercent":80,"nativeFlashAvailable":true}
10-14 21:54:55.514 16074 16629 D OutputsAudio: [outputs-audio] stop gain=1.000 release=6.00
10-14 21:54:55.514 16074 16629 D OutputsAudio: [outputs-audio] playMorse.gap sequence=18 nextOffset=6480.000 gapTarget=164411138.721
10-14 21:54:55.514 16074 16629 D OutputsAudio: [outputs-audio] playMorse.dispatch sequence=19 symbol=. offset=6480.000 lead=4.000 dispatchAt=164411134.721 gapLead=120.000
10-14 21:54:55.520 16074 16258 D OutputsAudio: [outputs-audio] tone.stop.actual stoppedAt=164411027.052
10-14 21:54:55.628 16074 16629 D OutputsAudio: [outputs-audio] start hz=600.0 gain=1.000 attack=2.50 release=6.00
10-14 21:54:55.628 16074 16629 D OutputsAudio: [outputs-audio] tone.request hz=600.0 gain=1.000 requestedAt=164411135.369
10-14 21:54:55.628 16074 16629 D OutputsAudio: [outputs-audio] playMorse.symbol.start sequence=19 symbol=. expected=164411138.721 actual=164411139.797 skew=1.076 batchElapsed=6481.076
10-14 21:54:55.629 16074 16258 D OutputsAudio: [outputs-audio] tone.start.actual actual=164411136.975 requested=164411135.369 delta=1.606
10-14 21:54:55.632 16074 16258 D OutputsAudio: [outputs-audio] tone.gain.steady target=1.000 reachedAt=164411139.004 delta=2.029
10-14 21:54:55.649 16074 16137 I ReactNativeJS: [outputs] playMorse.symbol {"timestamp":164411153.993947,"wallClock":1760493295646,"symbol":".","durationMs":120,"index":18,"source":"console.replay","correlationId":"console-replay:a3ph6tcr","nativeTimestampMs":164411139.79702,"nativeDurationMs":120,"nativeOffsetMs":6480,"nativeSequence":19,"monotonicTimestampMs":164411139.79702,"nativeExpectedTimestampMs":164411138.721241,"nativeStartSkewMs":1.075778990983963,"nativeBatchElapsedMs":6481.075778990984,"nativeExpectedSincePriorMs":480,"nativeSincePriorMs":479.9453649818897,"nativePatternStartMs":164404658.721241,"nativeAgeMs":null,"nativeFlashHandled":true,"nativeFlashAvailable":true}
10-14 21:54:55.650 16074 16137 I ReactNativeJS: [outputs] playMorse.nativeOffset.spike {"timestamp":164411156.478165,"wallClock":1760493295649,"source":"console.replay","offsetMs":6480,"sequence":19,"unitMs":120,"correlationId":"console-replay:a3ph6tcr","startSkewMs":1.075778990983963,"batchElapsedMs":6481.075778990984}
10-14 21:54:55.651 16074 16137 I ReactNativeJS: [outputs] outputs.hapticSymbol {"timestamp":164411157.650665,"wallClock":1760493295650,"enabled":true,"symbol":".","durationMs":120,"platform":"android","source":"console.replay","correlationId":"console-replay:a3ph6tcr","timelineOffsetMs":null,"dispatchPhase":"actual"}
10-14 21:54:55.654 16074 16137 I ReactNativeJS: [outputs] outputs.flashPulse.nativeHandled {"timestamp":164411160.734207,"wallClock":1760493295653,"durationMs":120,"source":"console.replay","dispatchPhase":"actual","correlationId":"console-replay:a3ph6tcr","flashIntensity":0.8,"brightnessPercent":80,"nativeFlashAvailable":true}
10-14 21:54:55.761 16074 16629 D OutputsAudio: [outputs-audio] stop gain=1.000 release=6.00
10-14 21:54:55.761 16074 16629 D OutputsAudio: [outputs-audio] playMorse.gap sequence=19 nextOffset=6720.000 gapTarget=164411378.721
10-14 21:54:55.761 16074 16629 D OutputsAudio: [outputs-audio] playMorse.dispatch sequence=20 symbol=. offset=6720.000 lead=4.000 dispatchAt=164411374.721 gapLead=120.000
10-14 21:54:55.766 16074 16258 D OutputsAudio: [outputs-audio] tone.stop.actual stoppedAt=164411273.010
10-14 21:54:55.868 16074 16629 D OutputsAudio: [outputs-audio] start hz=600.0 gain=1.000 attack=2.50 release=6.00
10-14 21:54:55.868 16074 16629 D OutputsAudio: [outputs-audio] tone.request hz=600.0 gain=1.000 requestedAt=164411375.308
10-14 21:54:55.868 16074 16629 D OutputsAudio: [outputs-audio] playMorse.symbol.start sequence=20 symbol=. expected=164411378.721 actual=164411379.476 skew=0.754 batchElapsed=6720.754
10-14 21:54:55.870 16074 16258 D OutputsAudio: [outputs-audio] tone.start.actual actual=164411377.000 requested=164411375.308 delta=1.692
10-14 21:54:55.871 16074 16258 D OutputsAudio: [outputs-audio] tone.gain.steady target=1.000 reachedAt=164411378.981 delta=1.981
10-14 21:54:55.873 16074 16137 I ReactNativeJS: [outputs] playMorse.symbol {"timestamp":164411379.210717,"wallClock":1760493295872,"symbol":".","durationMs":120,"index":19,"source":"console.replay","correlationId":"console-replay:q4ax1lj7","nativeTimestampMs":164411379.475613,"nativeDurationMs":120,"nativeOffsetMs":6720,"nativeSequence":20,"monotonicTimestampMs":164411379.475613,"nativeExpectedTimestampMs":164411378.721241,"nativeStartSkewMs":0.7543720006942749,"nativeBatchElapsedMs":6720.754372000694,"nativeExpectedSincePriorMs":240,"nativeSincePriorMs":239.6785930097103,"nativePatternStartMs":164404658.721241,"nativeAgeMs":null,"nativeFlashHandled":true,"nativeFlashAvailable":true}
10-14 21:54:55.874 16074 16137 I ReactNativeJS: [outputs] playMorse.nativeOffset.spike {"timestamp":164411380.185769,"wallClock":1760493295873,"source":"console.replay","offsetMs":6720,"sequence":20,"unitMs":120,"correlationId":"console-replay:q4ax1lj7","startSkewMs":0.7543720006942749,"batchElapsedMs":6720.754372000694}
10-14 21:54:55.875 16074 16137 I ReactNativeJS: [outputs] outputs.hapticSymbol {"timestamp":164411381.886238,"wallClock":1760493295874,"enabled":true,"symbol":".","durationMs":120,"platform":"android","source":"console.replay","correlationId":"console-replay:q4ax1lj7","timelineOffsetMs":null,"dispatchPhase":"actual"}
10-14 21:54:55.879 16074 16137 I ReactNativeJS: [outputs] outputs.flashPulse.nativeHandled {"timestamp":164411385.28504,"wallClock":1760493295878,"durationMs":120,"source":"console.replay","dispatchPhase":"actual","correlationId":"console-replay:q4ax1lj7","flashIntensity":0.8,"brightnessPercent":80,"nativeFlashAvailable":true}
10-14 21:54:56.018 16074 16629 D OutputsAudio: [outputs-audio] stop gain=1.000 release=6.00
10-14 21:54:56.018 16074 16629 D OutputsAudio: [outputs-audio] playMorse.gap sequence=20 nextOffset=6960.000 gapTarget=164411618.721
10-14 21:54:56.018 16074 16629 D OutputsAudio: [outputs-audio] playMorse.dispatch sequence=21 symbol=. offset=6960.000 lead=4.000 dispatchAt=164411614.721 gapLead=120.000
10-14 21:54:56.024 16074 16258 D OutputsAudio: [outputs-audio] tone.stop.actual stoppedAt=164411531.002
10-14 21:54:56.108 16074 16629 D OutputsAudio: [outputs-audio] start hz=600.0 gain=1.000 attack=2.50 release=6.00
10-14 21:54:56.108 16074 16629 D OutputsAudio: [outputs-audio] tone.request hz=600.0 gain=1.000 requestedAt=164411615.427
10-14 21:54:56.108 16074 16629 D OutputsAudio: [outputs-audio] playMorse.symbol.start sequence=21 symbol=. expected=164411618.721 actual=164411619.927 skew=1.206 batchElapsed=6961.206
10-14 21:54:56.110 16074 16258 D OutputsAudio: [outputs-audio] tone.start.actual actual=164411616.993 requested=164411615.427 delta=1.567
10-14 21:54:56.112 16074 16258 D OutputsAudio: [outputs-audio] tone.gain.steady target=1.000 reachedAt=164411618.993 delta=1.999
10-14 21:54:56.119 16074 16137 I ReactNativeJS: [outputs] playMorse.symbol {"timestamp":164411623.679259,"wallClock":1760493296116,"symbol":".","durationMs":120,"index":20,"source":"console.replay","correlationId":"console-replay:ypqt4hp4","nativeTimestampMs":164411619.927332,"nativeDurationMs":120,"nativeOffsetMs":6960,"nativeSequence":21,"monotonicTimestampMs":164411619.927332,"nativeExpectedTimestampMs":164411618.721241,"nativeStartSkewMs":1.2060910165309906,"nativeBatchElapsedMs":6961.206091016531,"nativeExpectedSincePriorMs":240,"nativeSincePriorMs":240.45171901583672,"nativePatternStartMs":164404658.721241,"nativeAgeMs":null,"nativeFlashHandled":true,"nativeFlashAvailable":true}
10-14 21:54:56.120 16074 16137 I ReactNativeJS: [outputs] playMorse.nativeOffset.spike {"timestamp":164411626.799832,"wallClock":1760493296119,"source":"console.replay","offsetMs":6960,"sequence":21,"unitMs":120,"correlationId":"console-replay:ypqt4hp4","startSkewMs":1.2060910165309906,"batchElapsedMs":6961.206091016531}
10-14 21:54:56.122 16074 16137 I ReactNativeJS: [outputs] outputs.hapticSymbol {"timestamp":164411628.093946,"wallClock":1760493296121,"enabled":true,"symbol":".","durationMs":120,"platform":"android","source":"console.replay","correlationId":"console-replay:ypqt4hp4","timelineOffsetMs":null,"dispatchPhase":"actual"}
10-14 21:54:56.125 16074 16137 I ReactNativeJS: [outputs] outputs.flashPulse.nativeHandled {"timestamp":164411632.536551,"wallClock":1760493296125,"durationMs":120,"source":"console.replay","dispatchPhase":"actual","correlationId":"console-replay:ypqt4hp4","flashIntensity":0.8,"brightnessPercent":80,"nativeFlashAvailable":true}
10-14 21:54:56.248 16074 16629 D OutputsAudio: [outputs-audio] stop gain=1.000 release=6.00
10-14 21:54:56.248 16074 16629 D OutputsAudio: [outputs-audio] playMorse.gap sequence=21 nextOffset=7200.000 gapTarget=164411858.721
10-14 21:54:56.248 16074 16629 D OutputsAudio: [outputs-audio] playMorse.dispatch sequence=22 symbol=- offset=7200.000 lead=4.000 dispatchAt=164411854.721 gapLead=120.000
10-14 21:54:56.254 16074 16258 D OutputsAudio: [outputs-audio] tone.stop.actual stoppedAt=164411760.989
10-14 21:54:56.348 16074 16629 D OutputsAudio: [outputs-audio] start hz=600.0 gain=1.000 attack=2.50 release=6.00
10-14 21:54:56.348 16074 16629 D OutputsAudio: [outputs-audio] tone.request hz=600.0 gain=1.000 requestedAt=164411855.028
10-14 21:54:56.348 16074 16629 D OutputsAudio: [outputs-audio] playMorse.symbol.start sequence=22 symbol=- expected=164411858.721 actual=164411859.123 skew=0.402 batchElapsed=7200.402
10-14 21:54:56.350 16074 16258 D OutputsAudio: [outputs-audio] tone.start.actual actual=164411857.007 requested=164411855.028 delta=1.979
10-14 21:54:56.351 16074 16137 I ReactNativeJS: [outputs] playMorse.symbol {"timestamp":164411856.749103,"wallClock":1760493296349,"symbol":"-","durationMs":360,"index":21,"source":"console.replay","correlationId":"console-replay:2z330sj1","nativeTimestampMs":164411859.123426,"nativeDurationMs":360,"nativeOffsetMs":7200,"nativeSequence":22,"monotonicTimestampMs":164411859.123426,"nativeExpectedTimestampMs":164411858.721241,"nativeStartSkewMs":0.40218499302864075,"nativeBatchElapsedMs":7200.402184993029,"nativeExpectedSincePriorMs":240,"nativeSincePriorMs":239.19609397649765,"nativePatternStartMs":164404658.721241,"nativeAgeMs":null,"nativeFlashHandled":true,"nativeFlashAvailable":true}
10-14 21:54:56.352 16074 16258 D OutputsAudio: [outputs-audio] tone.gain.steady target=1.000 reachedAt=164411858.984 delta=1.976
10-14 21:54:56.352 16074 16137 I ReactNativeJS: [outputs] playMorse.nativeOffset.spike {"timestamp":164411858.89728,"wallClock":1760493296351,"source":"console.replay","offsetMs":7200,"sequence":22,"unitMs":120,"correlationId":"console-replay:2z330sj1","startSkewMs":0.40218499302864075,"batchElapsedMs":7200.402184993029}
10-14 21:54:56.353 16074 16137 I ReactNativeJS: [outputs] outputs.hapticSymbol {"timestamp":164411859.614728,"wallClock":1760493296352,"enabled":true,"symbol":"-","durationMs":360,"platform":"android","source":"console.replay","correlationId":"console-replay:2z330sj1","timelineOffsetMs":null,"dispatchPhase":"actual"}
10-14 21:54:56.355 16074 16137 I ReactNativeJS: [outputs] outputs.flashPulse.nativeHandled {"timestamp":164411861.754936,"wallClock":1760493296354,"durationMs":360,"source":"console.replay","dispatchPhase":"actual","correlationId":"console-replay:2z330sj1","flashIntensity":0.8,"brightnessPercent":80,"nativeFlashAvailable":true}
10-14 21:54:56.730 16074 16629 D OutputsAudio: [outputs-audio] stop gain=1.000 release=6.00
10-14 21:54:56.730 16074 16629 D OutputsAudio: [outputs-audio] playMorse.gap sequence=22 nextOffset=7680.000 gapTarget=164412338.721
10-14 21:54:56.730 16074 16629 D OutputsAudio: [outputs-audio] playMorse.dispatch sequence=23 symbol=- offset=7680.000 lead=4.000 dispatchAt=164412334.721 gapLead=120.000
10-14 21:54:56.735 16074 16258 D OutputsAudio: [outputs-audio] tone.stop.actual stoppedAt=164412242.990
10-14 21:54:56.828 16074 16629 D OutputsAudio: [outputs-audio] start hz=600.0 gain=1.000 attack=2.50 release=6.00
10-14 21:54:56.828 16074 16629 D OutputsAudio: [outputs-audio] tone.request hz=600.0 gain=1.000 requestedAt=164412335.091
10-14 21:54:56.828 16074 16629 D OutputsAudio: [outputs-audio] playMorse.symbol.start sequence=23 symbol=- expected=164412338.721 actual=164412339.663 skew=0.942 batchElapsed=7680.942
10-14 21:54:56.830 16074 16258 D OutputsAudio: [outputs-audio] tone.start.actual actual=164412337.038 requested=164412335.091 delta=1.947
10-14 21:54:56.832 16074 16258 D OutputsAudio: [outputs-audio] tone.gain.steady target=1.000 reachedAt=164412339.042 delta=2.005
10-14 21:54:56.867 16074 16137 I ReactNativeJS: [outputs] playMorse.symbol {"timestamp":164412370.954936,"wallClock":1760493296863,"symbol":"-","durationMs":360,"index":22,"source":"console.replay","correlationId":"console-replay:nojmqh5k","nativeTimestampMs":164412339.663217,"nativeDurationMs":360,"nativeOffsetMs":7680,"nativeSequence":23,"monotonicTimestampMs":164412339.663217,"nativeExpectedTimestampMs":164412338.721241,"nativeStartSkewMs":0.941976010799408,"nativeBatchElapsedMs":7680.941976010799,"nativeExpectedSincePriorMs":480,"nativeSincePriorMs":480.53979101777077,"nativePatternStartMs":164404658.721241,"nativeAgeMs":null,"nativeFlashHandled":true,"nativeFlashAvailable":true}
10-14 21:54:56.868 16074 16137 I ReactNativeJS: [outputs] playMorse.nativeOffset.spike {"timestamp":164412374.154727,"wallClock":1760493296867,"source":"console.replay","offsetMs":7680,"sequence":23,"unitMs":120,"correlationId":"console-replay:nojmqh5k","startSkewMs":0.941976010799408,"batchElapsedMs":7680.941976010799}
10-14 21:54:56.869 16074 16137 I ReactNativeJS: [outputs] outputs.hapticSymbol {"timestamp":164412375.775717,"wallClock":1760493296868,"enabled":true,"symbol":"-","durationMs":360,"platform":"android","source":"console.replay","correlationId":"console-replay:nojmqh5k","timelineOffsetMs":null,"dispatchPhase":"actual"}
10-14 21:54:56.870 16074 16137 I ReactNativeJS: [outputs] outputs.flashPulse.nativeHandled {"timestamp":164412376.890352,"wallClock":1760493296869,"durationMs":360,"source":"console.replay","dispatchPhase":"actual","correlationId":"console-replay:nojmqh5k","flashIntensity":0.8,"brightnessPercent":80,"nativeFlashAvailable":true}
10-14 21:54:57.195 16074 16629 D OutputsAudio: [outputs-audio] stop gain=1.000 release=6.00
10-14 21:54:57.196 16074 16629 D OutputsAudio: [outputs-audio] playMorse.gap sequence=23 nextOffset=8160.000 gapTarget=164412818.721
10-14 21:54:57.196 16074 16629 D OutputsAudio: [outputs-audio] playMorse.dispatch sequence=24 symbol=- offset=8160.000 lead=4.000 dispatchAt=164412814.721 gapLead=120.000
10-14 21:54:57.200 16074 16258 D OutputsAudio: [outputs-audio] tone.stop.actual stoppedAt=164412707.051
10-14 21:54:57.308 16074 16629 D OutputsAudio: [outputs-audio] start hz=600.0 gain=1.000 attack=2.50 release=6.00
10-14 21:54:57.308 16074 16629 D OutputsAudio: [outputs-audio] tone.request hz=600.0 gain=1.000 requestedAt=164412815.517
10-14 21:54:57.308 16074 16629 D OutputsAudio: [outputs-audio] playMorse.symbol.start sequence=24 symbol=- expected=164412818.721 actual=164412819.748 skew=1.027 batchElapsed=8161.027
10-14 21:54:57.309 16074 16258 D OutputsAudio: [outputs-audio] tone.start.actual actual=164412816.973 requested=164412815.517 delta=1.456
10-14 21:54:57.311 16074 16258 D OutputsAudio: [outputs-audio] tone.gain.steady target=1.000 reachedAt=164412818.973 delta=2.001
10-14 21:54:57.342 16074 16137 I ReactNativeJS: [outputs] playMorse.symbol {"timestamp":164412848.642956,"wallClock":1760493297341,"symbol":"-","durationMs":360,"index":23,"source":"console.replay","correlationId":"console-replay:10zjggwn","nativeTimestampMs":164412819.747748,"nativeDurationMs":360,"nativeOffsetMs":8160,"nativeSequence":24,"monotonicTimestampMs":164412819.747748,"nativeExpectedTimestampMs":164412818.721241,"nativeStartSkewMs":1.0265069901943207,"nativeBatchElapsedMs":8161.026506990194,"nativeExpectedSincePriorMs":480,"nativeSincePriorMs":480.0845309793949,"nativePatternStartMs":164404658.721241,"nativeAgeMs":null,"nativeFlashHandled":true,"nativeFlashAvailable":true}
10-14 21:54:57.343 16074 16137 I ReactNativeJS: [outputs] playMorse.nativeOffset.spike {"timestamp":164412849.604311,"wallClock":1760493297342,"source":"console.replay","offsetMs":8160,"sequence":24,"unitMs":120,"correlationId":"console-replay:10zjggwn","startSkewMs":1.0265069901943207,"batchElapsedMs":8161.026506990194}
10-14 21:54:57.343 16074 16137 I ReactNativeJS: [outputs] outputs.hapticSymbol {"timestamp":164412850.132488,"wallClock":1760493297343,"enabled":true,"symbol":"-","durationMs":360,"platform":"android","source":"console.replay","correlationId":"console-replay:10zjggwn","timelineOffsetMs":null,"dispatchPhase":"actual"}
10-14 21:54:57.344 16074 16137 I ReactNativeJS: [outputs] outputs.flashPulse.nativeHandled {"timestamp":164412850.979936,"wallClock":1760493297343,"durationMs":360,"source":"console.replay","dispatchPhase":"actual","correlationId":"console-replay:10zjggwn","flashIntensity":0.8,"brightnessPercent":80,"nativeFlashAvailable":true}
10-14 21:54:57.675 16074 16629 D OutputsAudio: [outputs-audio] stop gain=1.000 release=6.00
10-14 21:54:57.675 16074 16629 D OutputsAudio: [outputs-audio] playMorse.gap sequence=24 nextOffset=8640.000 gapTarget=164413298.721
10-14 21:54:57.676 16074 16629 D OutputsAudio: [outputs-audio] playMorse.dispatch sequence=25 symbol=. offset=8640.000 lead=4.000 dispatchAt=164413294.721 gapLead=120.000
10-14 21:54:57.680 16074 16258 D OutputsAudio: [outputs-audio] tone.stop.actual stoppedAt=164413187.040
10-14 21:54:57.788 16074 16629 D OutputsAudio: [outputs-audio] start hz=600.0 gain=1.000 attack=2.50 release=6.00
10-14 21:54:57.789 16074 16629 D OutputsAudio: [outputs-audio] tone.request hz=600.0 gain=1.000 requestedAt=164413295.722
10-14 21:54:57.789 16074 16629 D OutputsAudio: [outputs-audio] playMorse.symbol.start sequence=25 symbol=. expected=164413298.721 actual=164413300.502 skew=1.781 batchElapsed=8641.781
10-14 21:54:57.790 16074 16258 D OutputsAudio: [outputs-audio] tone.start.actual actual=164413296.981 requested=164413295.722 delta=1.259
10-14 21:54:57.792 16074 16258 D OutputsAudio: [outputs-audio] tone.gain.steady target=1.000 reachedAt=164413299.043 delta=2.062
10-14 21:54:57.820 16074 16137 I ReactNativeJS: [outputs] playMorse.symbol {"timestamp":164413326.556654,"wallClock":1760493297819,"symbol":".","durationMs":120,"index":24,"source":"console.replay","correlationId":"console-replay:s9fixefr","nativeTimestampMs":164413300.502019,"nativeDurationMs":120,"nativeOffsetMs":8640,"nativeSequence":25,"monotonicTimestampMs":164413300.502019,"nativeExpectedTimestampMs":164413298.721241,"nativeStartSkewMs":1.7807779908180237,"nativeBatchElapsedMs":8641.780777990818,"nativeExpectedSincePriorMs":480,"nativeSincePriorMs":480.7542710006237,"nativePatternStartMs":164404658.721241,"nativeAgeMs":null,"nativeFlashHandled":true,"nativeFlashAvailable":true}
10-14 21:54:57.820 16074 16137 I ReactNativeJS: [outputs] playMorse.nativeOffset.spike {"timestamp":164413327.483477,"wallClock":1760493297820,"source":"console.replay","offsetMs":8640,"sequence":25,"unitMs":120,"correlationId":"console-replay:s9fixefr","startSkewMs":1.7807779908180237,"batchElapsedMs":8641.780777990818}
10-14 21:54:57.821 16074 16137 I ReactNativeJS: [outputs] outputs.hapticSymbol {"timestamp":164413328.033425,"wallClock":1760493297821,"enabled":true,"symbol":".","durationMs":120,"platform":"android","source":"console.replay","correlationId":"console-replay:s9fixefr","timelineOffsetMs":null,"dispatchPhase":"actual"}
10-14 21:54:57.822 16074 16137 I ReactNativeJS: [outputs] outputs.flashPulse.nativeHandled {"timestamp":164413328.912279,"wallClock":1760493297821,"durationMs":120,"source":"console.replay","dispatchPhase":"actual","correlationId":"console-replay:s9fixefr","flashIntensity":0.8,"brightnessPercent":80,"nativeFlashAvailable":true}
10-14 21:54:57.941 16074 16629 D OutputsAudio: [outputs-audio] stop gain=1.000 release=6.00
10-14 21:54:57.941 16074 16629 D OutputsAudio: [outputs-audio] playMorse.gap sequence=25 nextOffset=8880.000 gapTarget=164413538.721
10-14 21:54:57.941 16074 16629 D OutputsAudio: [outputs-audio] playMorse.dispatch sequence=26 symbol=. offset=8880.000 lead=4.000 dispatchAt=164413534.721 gapLead=120.000
10-14 21:54:57.946 16074 16258 D OutputsAudio: [outputs-audio] tone.stop.actual stoppedAt=164413453.035
10-14 21:54:58.028 16074 16629 D OutputsAudio: [outputs-audio] start hz=600.0 gain=1.000 attack=2.50 release=6.00
10-14 21:54:58.028 16074 16629 D OutputsAudio: [outputs-audio] tone.request hz=600.0 gain=1.000 requestedAt=164413535.089
10-14 21:54:58.028 16074 16629 D OutputsAudio: [outputs-audio] playMorse.symbol.start sequence=26 symbol=. expected=164413538.721 actual=164413539.167 skew=0.446 batchElapsed=8880.446
10-14 21:54:58.029 16074 16258 D OutputsAudio: [outputs-audio] tone.start.actual actual=164413536.969 requested=164413535.089 delta=1.880
10-14 21:54:58.032 16074 16258 D OutputsAudio: [outputs-audio] tone.gain.steady target=1.000 reachedAt=164413539.005 delta=2.036
10-14 21:54:58.038 16074 16137 I ReactNativeJS: [outputs] playMorse.symbol {"timestamp":164413543.381394,"wallClock":1760493298036,"symbol":".","durationMs":120,"index":25,"source":"console.replay","correlationId":"console-replay:80b7uexo","nativeTimestampMs":164413539.167071,"nativeDurationMs":120,"nativeOffsetMs":8880,"nativeSequence":26,"monotonicTimestampMs":164413539.167071,"nativeExpectedTimestampMs":164413538.721241,"nativeStartSkewMs":0.44583001732826233,"nativeBatchElapsedMs":8880.445830017328,"nativeExpectedSincePriorMs":240,"nativeSincePriorMs":238.66505202651024,"nativePatternStartMs":164404658.721241,"nativeAgeMs":null,"nativeFlashHandled":true,"nativeFlashAvailable":true}
10-14 21:54:58.040 16074 16137 I ReactNativeJS: [outputs] playMorse.nativeOffset.spike {"timestamp":164413545.879519,"wallClock":1760493298038,"source":"console.replay","offsetMs":8880,"sequence":26,"unitMs":120,"correlationId":"console-replay:80b7uexo","startSkewMs":0.44583001732826233,"batchElapsedMs":8880.445830017328}
10-14 21:54:58.041 16074 16137 I ReactNativeJS: [outputs] outputs.hapticSymbol {"timestamp":164413547.25431,"wallClock":1760493298040,"enabled":true,"symbol":".","durationMs":120,"platform":"android","source":"console.replay","correlationId":"console-replay:80b7uexo","timelineOffsetMs":null,"dispatchPhase":"actual"}
10-14 21:54:58.044 16074 16137 I ReactNativeJS: [outputs] outputs.flashPulse.nativeHandled {"timestamp":164413549.963112,"wallClock":1760493298042,"durationMs":120,"source":"console.replay","dispatchPhase":"actual","correlationId":"console-replay:80b7uexo","flashIntensity":0.8,"brightnessPercent":80,"nativeFlashAvailable":true}
10-14 21:54:58.153 16074 16629 D OutputsAudio: [outputs-audio] stop gain=1.000 release=6.00
10-14 21:54:58.153 16074 16629 D OutputsAudio: [outputs-audio] playMorse.gap sequence=26 nextOffset=9120.000 gapTarget=164413778.721
10-14 21:54:58.153 16074 16629 D OutputsAudio: [outputs-audio] playMorse.dispatch sequence=27 symbol=. offset=9120.000 lead=4.000 dispatchAt=164413774.721 gapLead=120.000
10-14 21:54:58.158 16074 16258 D OutputsAudio: [outputs-audio] tone.stop.actual stoppedAt=164413665.000
10-14 21:54:58.268 16074 16629 D OutputsAudio: [outputs-audio] start hz=600.0 gain=1.000 attack=2.50 release=6.00
10-14 21:54:58.268 16074 16629 D OutputsAudio: [outputs-audio] tone.request hz=600.0 gain=1.000 requestedAt=164413775.649
10-14 21:54:58.268 16074 16629 D OutputsAudio: [outputs-audio] playMorse.symbol.start sequence=27 symbol=. expected=164413778.721 actual=164413779.768 skew=1.047 batchElapsed=9121.047
10-14 21:54:58.270 16074 16258 D OutputsAudio: [outputs-audio] tone.start.actual actual=164413777.064 requested=164413775.649 delta=1.415
10-14 21:54:58.272 16074 16258 D OutputsAudio: [outputs-audio] tone.gain.steady target=1.000 reachedAt=164413779.103 delta=2.038
10-14 21:54:58.279 16074 16137 I ReactNativeJS: [outputs] playMorse.symbol {"timestamp":164413785.017279,"wallClock":1760493298278,"symbol":".","durationMs":120,"index":26,"source":"console.replay","correlationId":"console-replay:a1jeiip2","nativeTimestampMs":164413779.768112,"nativeDurationMs":120,"nativeOffsetMs":9120,"nativeSequence":27,"monotonicTimestampMs":164413779.768112,"nativeExpectedTimestampMs":164413778.721241,"nativeStartSkewMs":1.0468710064888,"nativeBatchElapsedMs":9121.046871006489,"nativeExpectedSincePriorMs":240,"nativeSincePriorMs":240.60104098916054,"nativePatternStartMs":164404658.721241,"nativeAgeMs":null,"nativeFlashHandled":true,"nativeFlashAvailable":true}
10-14 21:54:58.280 16074 16137 I ReactNativeJS: [outputs] playMorse.nativeOffset.spike {"timestamp":164413786.646029,"wallClock":1760493298279,"source":"console.replay","offsetMs":9120,"sequence":27,"unitMs":120,"correlationId":"console-replay:a1jeiip2","startSkewMs":1.0468710064888,"batchElapsedMs":9121.046871006489}
10-14 21:54:58.282 16074 16137 I ReactNativeJS: [outputs] outputs.hapticSymbol {"timestamp":164413788.115612,"wallClock":1760493298281,"enabled":true,"symbol":".","durationMs":120,"platform":"android","source":"console.replay","correlationId":"console-replay:a1jeiip2","timelineOffsetMs":null,"dispatchPhase":"actual"}
10-14 21:54:58.285 16074 16137 I ReactNativeJS: [outputs] outputs.flashPulse.nativeHandled {"timestamp":164413791.228112,"wallClock":1760493298284,"durationMs":120,"source":"console.replay","dispatchPhase":"actual","correlationId":"console-replay:a1jeiip2","flashIntensity":0.8,"brightnessPercent":80,"nativeFlashAvailable":true}
10-14 21:54:58.394 16074 16629 D OutputsAudio: [outputs-audio] stop gain=1.000 release=6.00
10-14 21:54:58.394 16074 16629 D OutputsAudio: [outputs-audio] stop gain=1.000 release=6.00
10-14 21:54:58.397 16074 16629 D OutputsAudio: [outputs-audio] playMorse.end cancelled=0
10-14 21:54:58.400 16074 16258 D OutputsAudio: [outputs-audio] tone.stop.actual stoppedAt=164413907.040
10-14 21:54:58.409 16074 16137 I ReactNativeJS: [outputs] playMorse.complete {"timestamp":164413916.377904,"wallClock":1760493298409,"durationMs":9709.058173000813,"source":"console.replay","audioEnabled":true,"audioVolumePercent":100,"screenBrightnessBoost":false}
