--------- beginning of main
10-12 10:32:09.652 21246 22662 I ReactNativeJS: [outputs] keyer.teardown {"timestamp":47304718.326432,"wallClock":1760279529651}
10-12 10:32:09.652 21246 22662 D OutputsAudio: [outputs-audio] stop gain=0.000 release=6.00
10-12 10:32:09.652 21246 22662 I ReactNativeJS: [outputs] keyer.teardown {"timestamp":47304719.375182,"wallClock":1760279529652}
10-12 10:32:09.653 21246 22662 D OutputsAudio: [outputs-audio] stop gain=0.000 release=6.00
10-12 10:32:11.140 21246 24367 I ReactNativeJS: Running "main" with {"rootTag":1,"initialProps":{},"fabric":true}
10-12 10:32:12.025 21246 24367 I ReactNativeJS: [RootLayout] configureAudio start
10-12 10:32:12.029 21246 24367 D OutputsAudio: [outputs-audio] constructor
10-12 10:32:12.343 21246 24367 D OutputsAudio: [outputs-audio] stream.open sampleRate=48000.0 burst=96 api=2
10-12 10:32:12.411 21246 24367 D OutputsAudio: [outputs-audio] warmup hz=650.0
10-12 10:32:12.415 21246 24367 I ReactNativeJS: [RootLayout] initI18n start
10-12 10:32:12.452 21246 24367 I ReactNativeJS: '[RootLayout] configureAudio success', { elapsedMs: 420 }
10-12 10:32:12.469 21246 24367 I ReactNativeJS: '[RootLayout] initI18n success', { elapsedMs: 57 }
10-12 10:32:38.008 21246 24367 W ReactNativeJS: Cannot connect to Metro.
10-12 10:32:38.008 21246 24367 W ReactNativeJS: 
10-12 10:32:38.008 21246 24367 W ReactNativeJS: Try the following to fix the issue:
10-12 10:32:38.008 21246 24367 W ReactNativeJS: - Ensure that Metro is running and available on the same network
10-12 10:32:38.008 21246 24367 W ReactNativeJS: - Ensure that your device/emulator is connected to your machine and has USB debugging enabled - run 'adb devices' to see a list of connected devices
10-12 10:32:38.008 21246 24367 W ReactNativeJS: - If you're on a physical device connected to the same machine, run 'adb reverse tcp:8081 tcp:8081' to forward requests from your device
10-12 10:32:38.008 21246 24367 W ReactNativeJS: - If your device is on the same Wi-Fi network, set 'Debug server host & port for device' in 'Dev settings' to your machine's IP address and the port of the local dev server - e.g. 10.0.1.1:8081
10-12 10:32:38.008 21246 24367 W ReactNativeJS: 
10-12 10:32:38.008 21246 24367 W ReactNativeJS: URL: localhost:8081
10-12 10:32:38.008 21246 24367 W ReactNativeJS: 
10-12 10:32:38.008 21246 24367 W ReactNativeJS: Error: undefined
10-12 10:33:44.833 25077 25158 I ReactNativeJS: Running "main" with {"rootTag":1,"initialProps":{},"fabric":true}
10-12 10:33:45.669 25077 25158 I ReactNativeJS: [RootLayout] configureAudio start
10-12 10:33:45.673 25077 25158 D OutputsAudio: [outputs-audio] constructor
10-12 10:33:45.982 25077 25158 D OutputsAudio: [outputs-audio] stream.open sampleRate=48000.0 burst=96 api=2
10-12 10:33:46.056 25077 25158 D OutputsAudio: [outputs-audio] warmup hz=650.0
10-12 10:33:46.059 25077 25158 I ReactNativeJS: [RootLayout] initI18n start
10-12 10:33:46.093 25077 25158 I ReactNativeJS: '[RootLayout] configureAudio success', { elapsedMs: 417 }
10-12 10:33:46.112 25077 25158 I ReactNativeJS: '[RootLayout] initI18n success', { elapsedMs: 55 }
10-12 10:34:16.043 25077 25158 I ReactNativeJS: [outputs] playMorse.start {"timestamp":47431109.635498,"wallClock":1760279656043,"unitMs":120,"length":29,"source":"console.replay","audioEnabled":true,"audioVolumePercent":100}
10-12 10:34:16.826 25077 25158 D OutputsAudio: [outputs-audio] warmup hz=650.0
10-12 10:34:16.827 25077 25247 D OutputsAudio: [outputs-audio] playMorse.start count=27 unit=120.0
10-12 10:34:16.827 25077 25247 D OutputsAudio: [outputs-audio] playMorse.dispatch sequence=1 symbol=. offset=0.000 lead=0.000 dispatchAt=47431893.784
10-12 10:34:16.827 25077 25247 D OutputsAudio: [outputs-audio] start hz=650.0 gain=1.000 attack=2.50 release=6.00
10-12 10:34:16.827 25077 25247 D OutputsAudio: [outputs-audio] playMorse.symbol.start sequence=1 symbol=. expected=47431893.784 actual=47431894.500 skew=0.716 batchElapsed=0.716
10-12 10:34:16.831 25077 25158 D OutputsAudio: [outputs-audio] symbol.info sequence=1 symbol=. timestamp=47431894.500 duration=120.000 expected=47431893.784 skew=0.716 age=3.477
10-12 10:34:16.834 25077 25158 I ReactNativeJS: [outputs] playMorse.symbol {"timestamp":47431899.30706,"wallClock":1760279656832,"symbol":".","durationMs":120,"index":0,"source":"console.replay","correlationId":"console-replay:vk8dhnhh","nativeTimestampMs":47431894.5,"nativeDurationMs":120,"nativeOffsetMs":4.004352003335953,"nativeSequence":1,"monotonicTimestampMs":47431894.5,"nativeExpectedTimestampMs":47431893.784,"nativeStartSkewMs":0.716,"nativeBatchElapsedMs":0.716,"nativeExpectedSincePriorMs":0,"nativeSincePriorMs":0,"nativePatternStartMs":47431893.784,"nativeAgeMs":3.477}
10-12 10:34:16.835 25077 25158 I ReactNativeJS: [outputs] playMorse.symbol {"timestamp":47431901.611852,"wallClock":1760279656835,"symbol":".","durationMs":120,"index":0,"source":"console.replay","correlationId":"console-replay:mgnt23yaqcvvolnq","nativeTimestampMs":47431894.5,"nativeDurationMs":120,"nativeOffsetMs":4.004352003335953,"nativeSequence":1,"monotonicTimestampMs":47431894.5,"nativeExpectedTimestampMs":47431893.784,"nativeStartSkewMs":0.716,"nativeBatchElapsedMs":0.716,"nativeExpectedSincePriorMs":0,"nativeSincePriorMs":0,"nativePatternStartMs":47431893.784,"nativeAgeMs":3.477}
10-12 10:34:16.839 25077 25158 I ReactNativeJS: [outputs] outputs.hapticSymbol {"timestamp":47431905.363258,"wallClock":1760279656838,"enabled":true,"symbol":".","durationMs":120,"platform":"android","source":"console.replay","correlationId":"console-replay:mgnt23yaqcvvolnq","timelineOffsetMs":null}
10-12 10:34:16.846 25077 25158 I ReactNativeJS: [outputs] outputs.flashPulse {"timestamp":47431912.434977,"wallClock":1760279656845,"enabled":true,"durationMs":120,"source":"console.replay","correlationId":"console-replay:mgnt23yaqcvvolnq","timelineOffsetMs":4.004352003335953,"schedulingMode":"timeline","audioStartHeadroomMs":-26.624361999332905,"audioStartGuard":"headroom","audioStartCompensationMs":26.624361999332905}
10-12 10:34:16.856 25077 25158 I ReactNativeJS: [outputs] outputs.flashPulse.commit {"timestamp":47431922.142321,"wallClock":1760279656855,"durationMs":120,"source":"console.replay","correlationId":"console-replay:mgnt23yaqcvvolnq","latencyMs":23.618332996964455,"timelineOffsetMs":4.004352003335953,"leadMs":8,"scheduleSkewMs":9.709531001746655,"schedulingMode":"timeline","audioStartHeadroomMs":-26.624361999332905,"audioStartGuard":"headroom","audioStartCompensationMs":26.624361999332905}
10-12 10:34:16.948 25077 25247 D OutputsAudio: [outputs-audio] stop gain=1.000 release=6.00
10-12 10:34:16.948 25077 25247 D OutputsAudio: [outputs-audio] playMorse.gap sequence=1 nextOffset=240.000 gapTarget=47432133.784
10-12 10:34:16.948 25077 25247 D OutputsAudio: [outputs-audio] playMorse.dispatch sequence=2 symbol=. offset=240.000 lead=90.000 dispatchAt=47432043.784
10-12 10:34:16.978 25077 25247 D OutputsAudio: [outputs-audio] start hz=650.0 gain=1.000 attack=2.50 release=6.00
10-12 10:34:16.978 25077 25247 D OutputsAudio: [outputs-audio] playMorse.symbol.start sequence=2 symbol=. expected=47432133.784 actual=47432134.988 skew=1.203 batchElapsed=241.203
10-12 10:34:17.085 25077 25158 D OutputsAudio: [outputs-audio] symbol.info sequence=2 symbol=. timestamp=47432134.988 duration=120.000 expected=47432133.784 skew=1.203 age=16.650
10-12 10:34:17.086 25077 25158 I ReactNativeJS: [outputs] playMorse.symbol {"timestamp":47432151.899508,"wallClock":1760279657085,"symbol":".","durationMs":120,"index":1,"source":"console.replay","correlationId":"console-replay:80zm1tnl","nativeTimestampMs":47432134.988,"nativeDurationMs":120,"nativeOffsetMs":16.81223700195551,"nativeSequence":2,"monotonicTimestampMs":47432134.988,"nativeExpectedTimestampMs":47432133.784,"nativeStartSkewMs":1.203,"nativeBatchElapsedMs":241.203,"nativeExpectedSincePriorMs":240,"nativeSincePriorMs":240.487,"nativePatternStartMs":47431893.784,"nativeAgeMs":16.65}
10-12 10:34:17.086 25077 25158 I ReactNativeJS: [outputs] playMorse.symbol {"timestamp":47432152.844925,"wallClock":1760279657086,"symbol":".","durationMs":120,"index":1,"source":"console.replay","correlationId":"console-replay:mgnt245as5ukplip","nativeTimestampMs":47432134.988,"nativeDurationMs":120,"nativeOffsetMs":16.81223700195551,"nativeSequence":2,"monotonicTimestampMs":47432134.988,"nativeExpectedTimestampMs":47432133.784,"nativeStartSkewMs":1.203,"nativeBatchElapsedMs":241.203,"nativeExpectedSincePriorMs":240,"nativeSincePriorMs":240.487,"nativePatternStartMs":47431893.784,"nativeAgeMs":16.65}
10-12 10:34:17.086 25077 25158 I ReactNativeJS: [outputs] outputs.hapticSymbol {"timestamp":47432153.227425,"wallClock":1760279657086,"enabled":true,"symbol":".","durationMs":120,"platform":"android","source":"console.replay","correlationId":"console-replay:mgnt245as5ukplip","timelineOffsetMs":null}
10-12 10:34:17.091 25077 25158 I ReactNativeJS: [outputs] outputs.flashPulse {"timestamp":47432157.281539,"wallClock":1760279657090,"enabled":true,"durationMs":120,"source":"console.replay","correlationId":"console-replay:mgnt245as5ukplip","timelineOffsetMs":16.81223700195551,"schedulingMode":"timeline","audioStartHeadroomMs":-28.031861998140812,"audioStartGuard":"headroom","audioStartCompensationMs":28.031861998140812}
10-12 10:34:17.158 25077 25158 I ReactNativeJS: [outputs] outputs.flashPulse.commit {"timestamp":47432225.122216,"wallClock":1760279657158,"durationMs":120,"source":"console.replay","correlationId":"console-replay:mgnt245as5ukplip","latencyMs":73.3125,"timelineOffsetMs":16.81223700195551,"leadMs":8,"scheduleSkewMs":67.85869800299406,"schedulingMode":"timeline","audioStartHeadroomMs":-28.031861998140812,"audioStartGuard":"headroom","audioStartCompensationMs":28.031861998140812}
10-12 10:34:17.189 25077 25247 D OutputsAudio: [outputs-audio] stop gain=1.000 release=6.00
10-12 10:34:17.189 25077 25247 D OutputsAudio: [outputs-audio] playMorse.gap sequence=2 nextOffset=480.000 gapTarget=47432373.784
10-12 10:34:17.189 25077 25247 D OutputsAudio: [outputs-audio] playMorse.dispatch sequence=3 symbol=. offset=480.000 lead=90.000 dispatchAt=47432283.784
10-12 10:34:17.217 25077 25247 D OutputsAudio: [outputs-audio] start hz=650.0 gain=1.000 attack=2.50 release=6.00
10-12 10:34:17.217 25077 25247 D OutputsAudio: [outputs-audio] playMorse.symbol.start sequence=3 symbol=. expected=47432373.784 actual=47432374.161 skew=0.377 batchElapsed=480.377
10-12 10:34:17.324 25077 25158 D OutputsAudio: [outputs-audio] symbol.info sequence=3 symbol=. timestamp=47432374.161 duration=120.000 expected=47432373.784 skew=0.377 age=16.622
10-12 10:34:17.326 25077 25158 I ReactNativeJS: [outputs] playMorse.symbol {"timestamp":47432391.102581,"wallClock":1760279657324,"symbol":".","durationMs":120,"index":2,"source":"console.replay","correlationId":"console-replay:moyrbewa","nativeTimestampMs":47432374.161,"nativeDurationMs":120,"nativeOffsetMs":16.81309100240469,"nativeSequence":3,"monotonicTimestampMs":47432374.161,"nativeExpectedTimestampMs":47432373.784,"nativeStartSkewMs":0.377,"nativeBatchElapsedMs":480.377,"nativeExpectedSincePriorMs":240,"nativeSincePriorMs":239.174,"nativePatternStartMs":47431893.784,"nativeAgeMs":16.622}
10-12 10:34:17.328 25077 25158 I ReactNativeJS: [outputs] playMorse.symbol {"timestamp":47432393.701227,"wallClock":1760279657327,"symbol":".","durationMs":120,"index":2,"source":"console.replay","correlationId":"console-replay:mgnt24bz6x1d5r8w","nativeTimestampMs":47432374.161,"nativeDurationMs":120,"nativeOffsetMs":16.81309100240469,"nativeSequence":3,"monotonicTimestampMs":47432374.161,"nativeExpectedTimestampMs":47432373.784,"nativeStartSkewMs":0.377,"nativeBatchElapsedMs":480.377,"nativeExpectedSincePriorMs":240,"nativeSincePriorMs":239.174,"nativePatternStartMs":47431893.784,"nativeAgeMs":16.622}
10-12 10:34:17.330 25077 25158 I ReactNativeJS: [outputs] outputs.hapticSymbol {"timestamp":47432395.249508,"wallClock":1760279657328,"enabled":true,"symbol":".","durationMs":120,"platform":"android","source":"console.replay","correlationId":"console-replay:mgnt24bz6x1d5r8w","timelineOffsetMs":null}
10-12 10:34:17.334 25077 25158 I ReactNativeJS: [outputs] outputs.flashPulse {"timestamp":47432398.924716,"wallClock":1760279657332,"enabled":true,"durationMs":120,"source":"console.replay","correlationId":"console-replay:mgnt24bz6x1d5r8w","timelineOffsetMs":16.81309100240469,"schedulingMode":"timeline","audioStartHeadroomMs":-33.118007995188236,"audioStartGuard":"headroom","audioStartCompensationMs":33.118007995188236}
10-12 10:34:17.411 25077 25158 I ReactNativeJS: [outputs] outputs.flashPulse.commit {"timestamp":47432478.183831,"wallClock":1760279657411,"durationMs":120,"source":"console.replay","correlationId":"console-replay:mgnt24bz6x1d5r8w","latencyMs":87.20135399699211,"timelineOffsetMs":16.81309100240469,"leadMs":8,"scheduleSkewMs":79.27046799659729,"schedulingMode":"timeline","audioStartHeadroomMs":-33.118007995188236,"audioStartGuard":"headroom","audioStartCompensationMs":33.118007995188236}
10-12 10:34:17.427 25077 25247 D OutputsAudio: [outputs-audio] stop gain=1.000 release=6.00
10-12 10:34:17.427 25077 25247 D OutputsAudio: [outputs-audio] playMorse.gap sequence=3 nextOffset=720.000 gapTarget=47432613.784
10-12 10:34:17.427 25077 25247 D OutputsAudio: [outputs-audio] playMorse.dispatch sequence=4 symbol=- offset=720.000 lead=90.000 dispatchAt=47432523.784
10-12 10:34:17.457 25077 25247 D OutputsAudio: [outputs-audio] start hz=650.0 gain=1.000 attack=2.50 release=6.00
10-12 10:34:17.457 25077 25247 D OutputsAudio: [outputs-audio] playMorse.symbol.start sequence=4 symbol=- expected=47432613.784 actual=47432613.979 skew=0.195 batchElapsed=720.195
10-12 10:34:17.555 25077 25158 D OutputsAudio: [outputs-audio] symbol.info sequence=4 symbol=- timestamp=47432613.979 duration=360.000 expected=47432613.784 skew=0.195 age=8.494
10-12 10:34:17.556 25077 25158 I ReactNativeJS: [outputs] playMorse.symbol {"timestamp":47432622.641435,"wallClock":1760279657556,"symbol":"-","durationMs":360,"index":3,"source":"console.replay","correlationId":"console-replay:1pc8sgze","nativeTimestampMs":47432613.979,"nativeDurationMs":360,"nativeOffsetMs":8.600194998085499,"nativeSequence":4,"monotonicTimestampMs":47432613.979,"nativeExpectedTimestampMs":47432613.784,"nativeStartSkewMs":0.195,"nativeBatchElapsedMs":720.195,"nativeExpectedSincePriorMs":240,"nativeSincePriorMs":239.818,"nativePatternStartMs":47431893.784,"nativeAgeMs":8.494}
10-12 10:34:17.557 25077 25158 I ReactNativeJS: [outputs] playMorse.symbol {"timestamp":47432623.297789,"wallClock":1760279657556,"symbol":"-","durationMs":360,"index":3,"source":"console.replay","correlationId":"console-replay:mgnt24icibvp5sxu","nativeTimestampMs":47432613.979,"nativeDurationMs":360,"nativeOffsetMs":8.600194998085499,"nativeSequence":4,"monotonicTimestampMs":47432613.979,"nativeExpectedTimestampMs":47432613.784,"nativeStartSkewMs":0.195,"nativeBatchElapsedMs":720.195,"nativeExpectedSincePriorMs":240,"nativeSincePriorMs":239.818,"nativePatternStartMs":47431893.784,"nativeAgeMs":8.494}
10-12 10:34:17.557 25077 25158 I ReactNativeJS: [outputs] outputs.hapticSymbol {"timestamp":47432623.69732,"wallClock":1760279657557,"enabled":true,"symbol":"-","durationMs":360,"platform":"android","source":"console.replay","correlationId":"console-replay:mgnt24icibvp5sxu","timelineOffsetMs":null}
10-12 10:34:17.558 25077 25158 I ReactNativeJS: [outputs] outputs.flashPulse {"timestamp":47432624.582841,"wallClock":1760279657557,"enabled":true,"durationMs":360,"source":"console.replay","correlationId":"console-replay:mgnt24icibvp5sxu","timelineOffsetMs":8.600194998085499,"schedulingMode":"timeline","audioStartHeadroomMs":-18.776445001363754,"audioStartGuard":"headroom","audioStartCompensationMs":18.776445001363754}
10-12 10:34:17.637 25077 25158 I ReactNativeJS: [outputs] outputs.flashPulse.commit {"timestamp":47432703.924768,"wallClock":1760279657637,"durationMs":360,"source":"console.replay","correlationId":"console-replay:mgnt24icibvp5sxu","latencyMs":81.33489599823952,"timelineOffsetMs":8.600194998085499,"leadMs":8,"scheduleSkewMs":79.3508329987526,"schedulingMode":"timeline","audioStartHeadroomMs":-18.776445001363754,"audioStartGuard":"headroom","audioStartCompensationMs":18.776445001363754}
10-12 10:34:17.907 25077 25247 D OutputsAudio: [outputs-audio] stop gain=1.000 release=6.00
10-12 10:34:17.907 25077 25247 D OutputsAudio: [outputs-audio] playMorse.gap sequence=4 nextOffset=1200.000 gapTarget=47433093.784
10-12 10:34:17.908 25077 25247 D OutputsAudio: [outputs-audio] playMorse.dispatch sequence=5 symbol=- offset=1200.000 lead=90.000 dispatchAt=47433003.784
10-12 10:34:17.937 25077 25247 D OutputsAudio: [outputs-audio] start hz=650.0 gain=1.000 attack=2.50 release=6.00
10-12 10:34:17.938 25077 25247 D OutputsAudio: [outputs-audio] playMorse.symbol.start sequence=5 symbol=- expected=47433093.784 actual=47433094.624 skew=0.839 batchElapsed=1200.839
10-12 10:34:18.043 25077 25158 D OutputsAudio: [outputs-audio] symbol.info sequence=5 symbol=- timestamp=47433094.624 duration=360.000 expected=47433093.784 skew=0.839 age=15.436
10-12 10:34:18.044 25077 25158 I ReactNativeJS: [outputs] playMorse.symbol {"timestamp":47433110.402529,"wallClock":1760279658043,"symbol":"-","durationMs":360,"index":4,"source":"console.replay","correlationId":"console-replay:gx13j750","nativeTimestampMs":47433094.624,"nativeDurationMs":360,"nativeOffsetMs":15.647486999630928,"nativeSequence":5,"monotonicTimestampMs":47433094.624,"nativeExpectedTimestampMs":47433093.784,"nativeStartSkewMs":0.839,"nativeBatchElapsedMs":1200.839,"nativeExpectedSincePriorMs":480,"nativeSincePriorMs":480.645,"nativePatternStartMs":47431893.784,"nativeAgeMs":15.436}
10-12 10:34:18.046 25077 25158 I ReactNativeJS: [outputs] playMorse.symbol {"timestamp":47433111.736435,"wallClock":1760279658045,"symbol":"-","durationMs":360,"index":4,"source":"console.replay","correlationId":"console-replay:mgnt24vxyuhf7x1g","nativeTimestampMs":47433094.624,"nativeDurationMs":360,"nativeOffsetMs":15.647486999630928,"nativeSequence":5,"monotonicTimestampMs":47433094.624,"nativeExpectedTimestampMs":47433093.784,"nativeStartSkewMs":0.839,"nativeBatchElapsedMs":1200.839,"nativeExpectedSincePriorMs":480,"nativeSincePriorMs":480.645,"nativePatternStartMs":47431893.784,"nativeAgeMs":15.436}
10-12 10:34:18.047 25077 25158 I ReactNativeJS: [outputs] outputs.hapticSymbol {"timestamp":47433113.169351,"wallClock":1760279658046,"enabled":true,"symbol":"-","durationMs":360,"platform":"android","source":"console.replay","correlationId":"console-replay:mgnt24vxyuhf7x1g","timelineOffsetMs":null}
10-12 10:34:18.050 25077 25158 I ReactNativeJS: [outputs] outputs.flashPulse {"timestamp":47433115.594456,"wallClock":1760279658048,"enabled":true,"durationMs":360,"source":"console.replay","correlationId":"console-replay:mgnt24vxyuhf7x1g","timelineOffsetMs":15.647486999630928,"schedulingMode":"timeline","audioStartHeadroomMs":-29.76045599579811,"audioStartGuard":"headroom","audioStartCompensationMs":29.76045599579811}
10-12 10:34:18.145 25077 25158 I ReactNativeJS: [outputs] outputs.flashPulse.commit {"timestamp":47433211.483101,"wallClock":1760279658144,"durationMs":360,"source":"console.replay","correlationId":"console-replay:mgnt24vxyuhf7x1g","latencyMs":101.2018230035901,"timelineOffsetMs":15.647486999630928,"leadMs":8,"scheduleSkewMs":95.92088600248098,"schedulingMode":"timeline","audioStartHeadroomMs":-29.76045599579811,"audioStartGuard":"headroom","audioStartCompensationMs":29.76045599579811}
10-12 10:34:18.388 25077 25247 D OutputsAudio: [outputs-audio] stop gain=1.000 release=6.00
10-12 10:34:18.388 25077 25247 D OutputsAudio: [outputs-audio] playMorse.gap sequence=5 nextOffset=1680.000 gapTarget=47433573.784
10-12 10:34:18.388 25077 25247 D OutputsAudio: [outputs-audio] playMorse.dispatch sequence=6 symbol=- offset=1680.000 lead=90.000 dispatchAt=47433483.784
10-12 10:34:18.417 25077 25247 D OutputsAudio: [outputs-audio] start hz=650.0 gain=1.000 attack=2.50 release=6.00
10-12 10:34:18.417 25077 25247 D OutputsAudio: [outputs-audio] playMorse.symbol.start sequence=6 symbol=- expected=47433573.784 actual=47433574.224 skew=0.439 batchElapsed=1680.439
10-12 10:34:18.564 25077 25158 D OutputsAudio: [outputs-audio] symbol.info sequence=6 symbol=- timestamp=47433574.224 duration=360.000 expected=47433573.784 skew=0.439 age=57.181
10-12 10:34:18.565 25077 25158 I ReactNativeJS: [outputs] playMorse.symbol {"timestamp":47433631.655653,"wallClock":1760279658565,"symbol":"-","durationMs":360,"index":5,"source":"console.replay","correlationId":"console-replay:y9etztq3","nativeTimestampMs":47433574.224,"nativeDurationMs":360,"nativeOffsetMs":57.33795499801636,"nativeSequence":6,"monotonicTimestampMs":47433574.224,"nativeExpectedTimestampMs":47433573.784,"nativeStartSkewMs":0.439,"nativeBatchElapsedMs":1680.439,"nativeExpectedSincePriorMs":480,"nativeSincePriorMs":479.6,"nativePatternStartMs":47431893.784,"nativeAgeMs":57.181}
10-12 10:34:18.566 25077 25158 I ReactNativeJS: [outputs] playMorse.symbol {"timestamp":47433632.655705,"wallClock":1760279658566,"symbol":"-","durationMs":360,"index":5,"source":"console.replay","correlationId":"console-replay:mgnt25aep01kyi9s","nativeTimestampMs":47433574.224,"nativeDurationMs":360,"nativeOffsetMs":57.33795499801636,"nativeSequence":6,"monotonicTimestampMs":47433574.224,"nativeExpectedTimestampMs":47433573.784,"nativeStartSkewMs":0.439,"nativeBatchElapsedMs":1680.439,"nativeExpectedSincePriorMs":480,"nativeSincePriorMs":479.6,"nativePatternStartMs":47431893.784,"nativeAgeMs":57.181}
10-12 10:34:18.567 25077 25158 I ReactNativeJS: [outputs] outputs.hapticSymbol {"timestamp":47433633.203518,"wallClock":1760279658566,"enabled":true,"symbol":"-","durationMs":360,"platform":"android","source":"console.replay","correlationId":"console-replay:mgnt25aep01kyi9s","timelineOffsetMs":null}
10-12 10:34:18.567 25077 25158 I ReactNativeJS: [outputs] outputs.flashPulse {"timestamp":47433634.048622,"wallClock":1760279658567,"enabled":true,"durationMs":360,"source":"console.replay","correlationId":"console-replay:mgnt25aep01kyi9s","timelineOffsetMs":57.33795499801636,"schedulingMode":"timeline","audioStartHeadroomMs":-68.24535100162029,"audioStartGuard":"headroom","audioStartCompensationMs":68.24535100162029}
10-12 10:34:18.646 25077 25158 I ReactNativeJS: [outputs] outputs.flashPulse.commit {"timestamp":47433712.607216,"wallClock":1760279658646,"durationMs":360,"source":"console.replay","correlationId":"console-replay:mgnt25aep01kyi9s","latencyMs":81.03661499917507,"timelineOffsetMs":57.33795499801636,"leadMs":8,"scheduleSkewMs":78.56619799882174,"schedulingMode":"timeline","audioStartHeadroomMs":-68.24535100162029,"audioStartGuard":"headroom","audioStartCompensationMs":68.24535100162029}
10-12 10:34:18.867 25077 25247 D OutputsAudio: [outputs-audio] stop gain=1.000 release=6.00
10-12 10:34:18.868 25077 25247 D OutputsAudio: [outputs-audio] playMorse.gap sequence=6 nextOffset=2160.000 gapTarget=47434053.784
10-12 10:34:18.868 25077 25247 D OutputsAudio: [outputs-audio] playMorse.dispatch sequence=7 symbol=. offset=2160.000 lead=90.000 dispatchAt=47433963.784
10-12 10:34:18.898 25077 25247 D OutputsAudio: [outputs-audio] start hz=650.0 gain=1.000 attack=2.50 release=6.00
10-12 10:34:18.898 25077 25247 D OutputsAudio: [outputs-audio] playMorse.symbol.start sequence=7 symbol=. expected=47434053.784 actual=47434054.791 skew=1.007 batchElapsed=2161.007
10-12 10:34:19.044 25077 25158 D OutputsAudio: [outputs-audio] symbol.info sequence=7 symbol=. timestamp=47434054.791 duration=120.000 expected=47434053.784 skew=1.007 age=56.341
10-12 10:34:19.045 25077 25158 I ReactNativeJS: [outputs] playMorse.symbol {"timestamp":47434111.297164,"wallClock":1760279659044,"symbol":".","durationMs":120,"index":6,"source":"console.replay","correlationId":"console-replay:1oid2cno","nativeTimestampMs":47434054.791,"nativeDurationMs":120,"nativeOffsetMs":56.443402998149395,"nativeSequence":7,"monotonicTimestampMs":47434054.791,"nativeExpectedTimestampMs":47434053.784,"nativeStartSkewMs":1.007,"nativeBatchElapsedMs":2161.007,"nativeExpectedSincePriorMs":480,"nativeSincePriorMs":480.567,"nativePatternStartMs":47431893.784,"nativeAgeMs":56.341}
10-12 10:34:19.045 25077 25158 I ReactNativeJS: [outputs] playMorse.symbol {"timestamp":47434111.881278,"wallClock":1760279659045,"symbol":".","durationMs":120,"index":6,"source":"console.replay","correlationId":"console-replay:mgnt25npnkmqy0pv","nativeTimestampMs":47434054.791,"nativeDurationMs":120,"nativeOffsetMs":56.443402998149395,"nativeSequence":7,"monotonicTimestampMs":47434054.791,"nativeExpectedTimestampMs":47434053.784,"nativeStartSkewMs":1.007,"nativeBatchElapsedMs":2161.007,"nativeExpectedSincePriorMs":480,"nativeSincePriorMs":480.567,"nativePatternStartMs":47431893.784,"nativeAgeMs":56.341}
10-12 10:34:19.046 25077 25158 I ReactNativeJS: [outputs] outputs.hapticSymbol {"timestamp":47434112.38732,"wallClock":1760279659045,"enabled":true,"symbol":".","durationMs":120,"platform":"android","source":"console.replay","correlationId":"console-replay:mgnt25npnkmqy0pv","timelineOffsetMs":null}
10-12 10:34:19.046 25077 25158 I ReactNativeJS: [outputs] outputs.flashPulse {"timestamp":47434112.908101,"wallClock":1760279659046,"enabled":true,"durationMs":120,"source":"console.replay","correlationId":"console-replay:mgnt25npnkmqy0pv","timelineOffsetMs":56.443402998149395,"schedulingMode":"timeline","audioStartHeadroomMs":-67.11295499652624,"audioStartGuard":"headroom","audioStartCompensationMs":67.11295499652624}
10-12 10:34:19.108 25077 25247 D OutputsAudio: [outputs-audio] stop gain=1.000 release=6.00
10-12 10:34:19.108 25077 25247 D OutputsAudio: [outputs-audio] playMorse.gap sequence=7 nextOffset=2400.000 gapTarget=47434293.784
10-12 10:34:19.108 25077 25247 D OutputsAudio: [outputs-audio] playMorse.dispatch sequence=8 symbol=. offset=2400.000 lead=90.000 dispatchAt=47434203.784
10-12 10:34:19.119 25077 25158 I ReactNativeJS: [outputs] outputs.flashPulse.commit {"timestamp":47434185.848101,"wallClock":1760279659119,"durationMs":120,"source":"console.replay","correlationId":"console-replay:mgnt25npnkmqy0pv","latencyMs":74.6038020029664,"timelineOffsetMs":56.443402998149395,"leadMs":8,"scheduleSkewMs":72.93968699872494,"schedulingMode":"timeline","audioStartHeadroomMs":-67.11295499652624,"audioStartGuard":"headroom","audioStartCompensationMs":67.11295499652624}
10-12 10:34:19.137 25077 25247 D OutputsAudio: [outputs-audio] start hz=650.0 gain=1.000 attack=2.50 release=6.00
10-12 10:34:19.137 25077 25247 D OutputsAudio: [outputs-audio] playMorse.symbol.start sequence=8 symbol=. expected=47434293.784 actual=47434294.119 skew=0.334 batchElapsed=2400.334
10-12 10:34:19.237 25077 25158 D OutputsAudio: [outputs-audio] symbol.info sequence=8 symbol=. timestamp=47434294.119 duration=120.000 expected=47434293.784 skew=0.334 age=10.341
10-12 10:34:19.238 25077 25158 I ReactNativeJS: [outputs] playMorse.symbol {"timestamp":47434304.705757,"wallClock":1760279659238,"symbol":".","durationMs":120,"index":7,"source":"console.replay","correlationId":"console-replay:row2ad1f","nativeTimestampMs":47434294.119,"nativeDurationMs":120,"nativeOffsetMs":10.506704993546009,"nativeSequence":8,"monotonicTimestampMs":47434294.119,"nativeExpectedTimestampMs":47434293.784,"nativeStartSkewMs":0.334,"nativeBatchElapsedMs":2400.334,"nativeExpectedSincePriorMs":240,"nativeSincePriorMs":239.328,"nativePatternStartMs":47431893.784,"nativeAgeMs":10.341}
10-12 10:34:19.239 25077 25158 I ReactNativeJS: [outputs] playMorse.symbol {"timestamp":47434305.546486,"wallClock":1760279659238,"symbol":".","durationMs":120,"index":7,"source":"console.replay","correlationId":"console-replay:mgnt25t2j1ueb77u","nativeTimestampMs":47434294.119,"nativeDurationMs":120,"nativeOffsetMs":10.506704993546009,"nativeSequence":8,"monotonicTimestampMs":47434294.119,"nativeExpectedTimestampMs":47434293.784,"nativeStartSkewMs":0.334,"nativeBatchElapsedMs":2400.334,"nativeExpectedSincePriorMs":240,"nativeSincePriorMs":239.328,"nativePatternStartMs":47431893.784,"nativeAgeMs":10.341}
10-12 10:34:19.240 25077 25158 I ReactNativeJS: [outputs] outputs.hapticSymbol {"timestamp":47434306.399247,"wallClock":1760279659239,"enabled":true,"symbol":".","durationMs":120,"platform":"android","source":"console.replay","correlationId":"console-replay:mgnt25t2j1ueb77u","timelineOffsetMs":null}
10-12 10:34:19.241 25077 25158 I ReactNativeJS: [outputs] outputs.flashPulse {"timestamp":47434307.555445,"wallClock":1760279659240,"enabled":true,"durationMs":120,"source":"console.replay","correlationId":"console-replay:mgnt25t2j1ueb77u","timelineOffsetMs":10.506704993546009,"schedulingMode":"timeline","audioStartHeadroomMs":-21.746808998286724,"audioStartGuard":"headroom","audioStartCompensationMs":21.746808998286724}
10-12 10:34:19.320 25077 25158 I ReactNativeJS: [outputs] outputs.flashPulse.commit {"timestamp":47434386.70508,"wallClock":1760279659320,"durationMs":120,"source":"console.replay","correlationId":"console-replay:mgnt25t2j1ueb77u","latencyMs":82.07015600055456,"timelineOffsetMs":10.506704993546009,"leadMs":8,"scheduleSkewMs":79.16109299659729,"schedulingMode":"timeline","audioStartHeadroomMs":-21.746808998286724,"audioStartGuard":"headroom","audioStartCompensationMs":21.746808998286724}
10-12 10:34:19.347 25077 25247 D OutputsAudio: [outputs-audio] stop gain=1.000 release=6.00
10-12 10:34:19.348 25077 25247 D OutputsAudio: [outputs-audio] playMorse.gap sequence=8 nextOffset=2640.000 gapTarget=47434533.784
10-12 10:34:19.348 25077 25247 D OutputsAudio: [outputs-audio] playMorse.dispatch sequence=9 symbol=. offset=2640.000 lead=90.000 dispatchAt=47434443.784
10-12 10:34:19.378 25077 25247 D OutputsAudio: [outputs-audio] start hz=650.0 gain=1.000 attack=2.50 release=6.00
10-12 10:34:19.378 25077 25247 D OutputsAudio: [outputs-audio] playMorse.symbol.start sequence=9 symbol=. expected=47434533.784 actual=47434534.702 skew=0.918 batchElapsed=2640.918
10-12 10:34:19.490 25077 25158 D OutputsAudio: [outputs-audio] symbol.info sequence=9 symbol=. timestamp=47434534.702 duration=120.000 expected=47434533.784 skew=0.918 age=22.669
10-12 10:34:19.493 25077 25158 I ReactNativeJS: [outputs] playMorse.symbol {"timestamp":47434557.887268,"wallClock":1760279659491,"symbol":".","durationMs":120,"index":8,"source":"console.replay","correlationId":"console-replay:j46n4t9k","nativeTimestampMs":47434534.702,"nativeDurationMs":120,"nativeOffsetMs":22.984485998749733,"nativeSequence":9,"monotonicTimestampMs":47434534.702,"nativeExpectedTimestampMs":47434533.784,"nativeStartSkewMs":0.918,"nativeBatchElapsedMs":2640.918,"nativeExpectedSincePriorMs":240,"nativeSincePriorMs":240.583,"nativePatternStartMs":47431893.784,"nativeAgeMs":22.669}
10-12 10:34:19.495 25077 25158 I ReactNativeJS: [outputs] playMorse.symbol {"timestamp":47434560.212684,"wallClock":1760279659493,"symbol":".","durationMs":120,"index":8,"source":"console.replay","correlationId":"console-replay:mgnt260550zj15v0","nativeTimestampMs":47434534.702,"nativeDurationMs":120,"nativeOffsetMs":22.984485998749733,"nativeSequence":9,"monotonicTimestampMs":47434534.702,"nativeExpectedTimestampMs":47434533.784,"nativeStartSkewMs":0.918,"nativeBatchElapsedMs":2640.918,"nativeExpectedSincePriorMs":240,"nativeSincePriorMs":240.583,"nativePatternStartMs":47431893.784,"nativeAgeMs":22.669}
10-12 10:34:19.496 25077 25158 I ReactNativeJS: [outputs] outputs.hapticSymbol {"timestamp":47434561.954715,"wallClock":1760279659495,"enabled":true,"symbol":".","durationMs":120,"platform":"android","source":"console.replay","correlationId":"console-replay:mgnt260550zj15v0","timelineOffsetMs":null}
10-12 10:34:19.502 25077 25158 I ReactNativeJS: [outputs] outputs.flashPulse {"timestamp":47434567.026955,"wallClock":1760279659500,"enabled":true,"durationMs":120,"source":"console.replay","correlationId":"console-replay:mgnt260550zj15v0","timelineOffsetMs":22.984485998749733,"schedulingMode":"timeline","audioStartHeadroomMs":-41.218787997961044,"audioStartGuard":"headroom","audioStartCompensationMs":41.218787997961044}
10-12 10:34:19.578 25077 25158 I ReactNativeJS: [outputs] outputs.flashPulse.commit {"timestamp":47434644.308622,"wallClock":1760279659577,"durationMs":120,"source":"console.replay","correlationId":"console-replay:mgnt260550zj15v0","latencyMs":86.61182300001383,"timelineOffsetMs":22.984485998749733,"leadMs":8,"scheduleSkewMs":77.29244799911976,"schedulingMode":"timeline","audioStartHeadroomMs":-41.218787997961044,"audioStartGuard":"headroom","audioStartCompensationMs":41.218787997961044}
10-12 10:34:19.588 25077 25247 D OutputsAudio: [outputs-audio] stop gain=1.000 release=6.00
10-12 10:34:19.588 25077 25247 D OutputsAudio: [outputs-audio] playMorse.gap sequence=9 nextOffset=2880.000 gapTarget=47434773.784
10-12 10:34:19.588 25077 25247 D OutputsAudio: [outputs-audio] playMorse.dispatch sequence=10 symbol=- offset=2880.000 lead=90.000 dispatchAt=47434683.784
10-12 10:34:19.618 25077 25247 D OutputsAudio: [outputs-audio] start hz=650.0 gain=1.000 attack=2.50 release=6.00
10-12 10:34:19.618 25077 25247 D OutputsAudio: [outputs-audio] playMorse.symbol.start sequence=10 symbol=- expected=47434773.784 actual=47434774.994 skew=1.210 batchElapsed=2881.210
10-12 10:34:19.719 25077 25158 D OutputsAudio: [outputs-audio] symbol.info sequence=10 symbol=- timestamp=47434774.994 duration=360.000 expected=47434773.784 skew=1.210 age=10.630
10-12 10:34:19.720 25077 25158 I ReactNativeJS: [outputs] playMorse.symbol {"timestamp":47434785.915236,"wallClock":1760279659719,"symbol":"-","durationMs":360,"index":9,"source":"console.replay","correlationId":"console-replay:bqgqr8ed","nativeTimestampMs":47434774.994,"nativeDurationMs":360,"nativeOffsetMs":10.81462199985981,"nativeSequence":10,"monotonicTimestampMs":47434774.994,"nativeExpectedTimestampMs":47434773.784,"nativeStartSkewMs":1.21,"nativeBatchElapsedMs":2881.21,"nativeExpectedSincePriorMs":240,"nativeSincePriorMs":240.292,"nativePatternStartMs":47431893.784,"nativeAgeMs":10.63}
10-12 10:34:19.721 25077 25158 I ReactNativeJS: [outputs] playMorse.symbol {"timestamp":47434787.076695,"wallClock":1760279659720,"symbol":"-","durationMs":360,"index":9,"source":"console.replay","correlationId":"console-replay:mgnt266gmqxrir3q","nativeTimestampMs":47434774.994,"nativeDurationMs":360,"nativeOffsetMs":10.81462199985981,"nativeSequence":10,"monotonicTimestampMs":47434774.994,"nativeExpectedTimestampMs":47434773.784,"nativeStartSkewMs":1.21,"nativeBatchElapsedMs":2881.21,"nativeExpectedSincePriorMs":240,"nativeSincePriorMs":240.292,"nativePatternStartMs":47431893.784,"nativeAgeMs":10.63}
10-12 10:34:19.722 25077 25158 I ReactNativeJS: [outputs] outputs.hapticSymbol {"timestamp":47434787.973674,"wallClock":1760279659721,"enabled":true,"symbol":"-","durationMs":360,"platform":"android","source":"console.replay","correlationId":"console-replay:mgnt266gmqxrir3q","timelineOffsetMs":null}
10-12 10:34:19.723 25077 25158 I ReactNativeJS: [outputs] outputs.flashPulse {"timestamp":47434789.23732,"wallClock":1760279659722,"enabled":true,"durationMs":360,"source":"console.replay","correlationId":"console-replay:mgnt266gmqxrir3q","timelineOffsetMs":10.81462199985981,"schedulingMode":"timeline","audioStartHeadroomMs":-23.429986000061035,"audioStartGuard":"headroom","audioStartCompensationMs":23.429986000061035}
10-12 10:34:19.798 25077 25158 I ReactNativeJS: [outputs] outputs.flashPulse.commit {"timestamp":47434864.790861,"wallClock":1760279659798,"durationMs":360,"source":"console.replay","correlationId":"console-replay:mgnt266gmqxrir3q","latencyMs":78.97296799719334,"timelineOffsetMs":10.81462199985981,"leadMs":8,"scheduleSkewMs":75.56484299898148,"schedulingMode":"timeline","audioStartHeadroomMs":-23.429986000061035,"audioStartGuard":"headroom","audioStartCompensationMs":23.429986000061035}
10-12 10:34:20.069 25077 25247 D OutputsAudio: [outputs-audio] stop gain=1.000 release=6.00
10-12 10:34:20.069 25077 25247 D OutputsAudio: [outputs-audio] playMorse.gap sequence=10 nextOffset=3360.000 gapTarget=47435253.784
10-12 10:34:20.069 25077 25247 D OutputsAudio: [outputs-audio] playMorse.dispatch sequence=11 symbol=- offset=3360.000 lead=90.000 dispatchAt=47435163.784
10-12 10:34:20.097 25077 25247 D OutputsAudio: [outputs-audio] start hz=650.0 gain=1.000 attack=2.50 release=6.00
10-12 10:34:20.097 25077 25247 D OutputsAudio: [outputs-audio] playMorse.symbol.start sequence=11 symbol=- expected=47435253.784 actual=47435254.496 skew=0.712 batchElapsed=3360.712
10-12 10:34:20.210 25077 25158 D OutputsAudio: [outputs-audio] symbol.info sequence=11 symbol=- timestamp=47435254.496 duration=360.000 expected=47435253.784 skew=0.712 age=22.072
10-12 10:34:20.211 25077 25158 I ReactNativeJS: [outputs] playMorse.symbol {"timestamp":47435276.896903,"wallClock":1760279660210,"symbol":"-","durationMs":360,"index":10,"source":"console.replay","correlationId":"console-replay:iryh3eqo","nativeTimestampMs":47435254.496,"nativeDurationMs":360,"nativeOffsetMs":22.275954999029636,"nativeSequence":11,"monotonicTimestampMs":47435254.496,"nativeExpectedTimestampMs":47435253.784,"nativeStartSkewMs":0.712,"nativeBatchElapsedMs":3360.712,"nativeExpectedSincePriorMs":480,"nativeSincePriorMs":479.502,"nativePatternStartMs":47431893.784,"nativeAgeMs":22.072}
10-12 10:34:20.212 25077 25158 I ReactNativeJS: [outputs] playMorse.symbol {"timestamp":47435278.155705,"wallClock":1760279660211,"symbol":"-","durationMs":360,"index":10,"source":"console.replay","correlationId":"console-replay:mgnt26k3za806lcv","nativeTimestampMs":47435254.496,"nativeDurationMs":360,"nativeOffsetMs":22.275954999029636,"nativeSequence":11,"monotonicTimestampMs":47435254.496,"nativeExpectedTimestampMs":47435253.784,"nativeStartSkewMs":0.712,"nativeBatchElapsedMs":3360.712,"nativeExpectedSincePriorMs":480,"nativeSincePriorMs":479.502,"nativePatternStartMs":47431893.784,"nativeAgeMs":22.072}
10-12 10:34:20.212 25077 25158 I ReactNativeJS: [outputs] outputs.hapticSymbol {"timestamp":47435278.821434,"wallClock":1760279660212,"enabled":true,"symbol":"-","durationMs":360,"platform":"android","source":"console.replay","correlationId":"console-replay:mgnt26k3za806lcv","timelineOffsetMs":null}
10-12 10:34:20.213 25077 25158 I ReactNativeJS: [outputs] outputs.flashPulse {"timestamp":47435279.773882,"wallClock":1760279660213,"enabled":true,"durationMs":360,"source":"console.replay","correlationId":"console-replay:mgnt26k3za806lcv","timelineOffsetMs":22.275954999029636,"schedulingMode":"timeline","audioStartHeadroomMs":-33.96764200180769,"audioStartGuard":"headroom","audioStartCompensationMs":33.96764200180769}
10-12 10:34:20.287 25077 25158 I ReactNativeJS: [outputs] outputs.flashPulse.commit {"timestamp":47435353.351382,"wallClock":1760279660286,"durationMs":360,"source":"console.replay","correlationId":"console-replay:mgnt26k3za806lcv","latencyMs":76.56984400004148,"timelineOffsetMs":22.275954999029636,"leadMs":8,"scheduleSkewMs":73.58786499500275,"schedulingMode":"timeline","audioStartHeadroomMs":-33.96764200180769,"audioStartGuard":"headroom","audioStartCompensationMs":33.96764200180769}
10-12 10:34:20.548 25077 25247 D OutputsAudio: [outputs-audio] stop gain=1.000 release=6.00
10-12 10:34:20.548 25077 25247 D OutputsAudio: [outputs-audio] playMorse.gap sequence=11 nextOffset=3840.000 gapTarget=47435733.784
10-12 10:34:20.548 25077 25247 D OutputsAudio: [outputs-audio] playMorse.dispatch sequence=12 symbol=- offset=3840.000 lead=90.000 dispatchAt=47435643.784
10-12 10:34:20.578 25077 25247 D OutputsAudio: [outputs-audio] start hz=650.0 gain=1.000 attack=2.50 release=6.00
10-12 10:34:20.578 25077 25247 D OutputsAudio: [outputs-audio] playMorse.symbol.start sequence=12 symbol=- expected=47435733.784 actual=47435735.308 skew=1.524 batchElapsed=3841.524
10-12 10:34:20.693 25077 25158 D OutputsAudio: [outputs-audio] symbol.info sequence=12 symbol=- timestamp=47435735.308 duration=360.000 expected=47435733.784 skew=1.524 age=24.978
10-12 10:34:20.694 25077 25158 I ReactNativeJS: [outputs] playMorse.symbol {"timestamp":47435760.568882,"wallClock":1760279660693,"symbol":"-","durationMs":360,"index":11,"source":"console.replay","correlationId":"console-replay:274x1fci","nativeTimestampMs":47435735.308,"nativeDurationMs":360,"nativeOffsetMs":25.122913002967834,"nativeSequence":12,"monotonicTimestampMs":47435735.308,"nativeExpectedTimestampMs":47435733.784,"nativeStartSkewMs":1.524,"nativeBatchElapsedMs":3841.524,"nativeExpectedSincePriorMs":480,"nativeSincePriorMs":480.812,"nativePatternStartMs":47431893.784,"nativeAgeMs":24.978}
10-12 10:34:20.695 25077 25158 I ReactNativeJS: [outputs] playMorse.symbol {"timestamp":47435761.528882,"wallClock":1760279660694,"symbol":"-","durationMs":360,"index":11,"source":"console.replay","correlationId":"console-replay:mgnt26xis2tvx04f","nativeTimestampMs":47435735.308,"nativeDurationMs":360,"nativeOffsetMs":25.122913002967834,"nativeSequence":12,"monotonicTimestampMs":47435735.308,"nativeExpectedTimestampMs":47435733.784,"nativeStartSkewMs":1.524,"nativeBatchElapsedMs":3841.524,"nativeExpectedSincePriorMs":480,"nativeSincePriorMs":480.812,"nativePatternStartMs":47431893.784,"nativeAgeMs":24.978}
10-12 10:34:20.695 25077 25158 I ReactNativeJS: [outputs] outputs.hapticSymbol {"timestamp":47435762.095757,"wallClock":1760279660695,"enabled":true,"symbol":"-","durationMs":360,"platform":"android","source":"console.replay","correlationId":"console-replay:mgnt26xis2tvx04f","timelineOffsetMs":null}
10-12 10:34:20.696 25077 25158 I ReactNativeJS: [outputs] outputs.flashPulse {"timestamp":47435762.981225,"wallClock":1760279660696,"enabled":true,"durationMs":360,"source":"console.replay","correlationId":"console-replay:mgnt26xis2tvx04f","timelineOffsetMs":25.122913002967834,"schedulingMode":"timeline","audioStartHeadroomMs":-37.17384000122547,"audioStartGuard":"headroom","audioStartCompensationMs":37.17384000122547}
10-12 10:34:20.784 25077 25158 I ReactNativeJS: [outputs] outputs.flashPulse.commit {"timestamp":47435850.398621,"wallClock":1760279660783,"durationMs":360,"source":"console.replay","correlationId":"console-replay:mgnt26xis2tvx04f","latencyMs":89.9573960006237,"timelineOffsetMs":25.122913002967834,"leadMs":8,"scheduleSkewMs":87.42697900533676,"schedulingMode":"timeline","audioStartHeadroomMs":-37.17384000122547,"audioStartGuard":"headroom","audioStartCompensationMs":37.17384000122547}
10-12 10:34:21.029 25077 25247 D OutputsAudio: [outputs-audio] stop gain=1.000 release=6.00
10-12 10:34:21.029 25077 25247 D OutputsAudio: [outputs-audio] playMorse.gap sequence=12 nextOffset=4320.000 gapTarget=47436213.784
10-12 10:34:21.029 25077 25247 D OutputsAudio: [outputs-audio] playMorse.dispatch sequence=13 symbol=. offset=4320.000 lead=90.000 dispatchAt=47436123.784
10-12 10:34:21.058 25077 25247 D OutputsAudio: [outputs-audio] start hz=650.0 gain=1.000 attack=2.50 release=6.00
10-12 10:34:21.058 25077 25247 D OutputsAudio: [outputs-audio] playMorse.symbol.start sequence=13 symbol=. expected=47436213.784 actual=47436214.912 skew=1.128 batchElapsed=4321.128
10-12 10:34:21.193 25077 25158 D OutputsAudio: [outputs-audio] symbol.info sequence=13 symbol=. timestamp=47436214.912 duration=120.000 expected=47436213.784 skew=1.128 age=45.323
10-12 10:34:21.194 25077 25158 I ReactNativeJS: [outputs] playMorse.symbol {"timestamp":47436260.521434,"wallClock":1760279661193,"symbol":".","durationMs":120,"index":12,"source":"console.replay","correlationId":"console-replay:yteddn6m","nativeTimestampMs":47436214.912,"nativeDurationMs":120,"nativeOffsetMs":45.478547997772694,"nativeSequence":13,"monotonicTimestampMs":47436214.912,"nativeExpectedTimestampMs":47436213.784,"nativeStartSkewMs":1.128,"nativeBatchElapsedMs":4321.128,"nativeExpectedSincePriorMs":480,"nativeSincePriorMs":479.604,"nativePatternStartMs":47431893.784,"nativeAgeMs":45.323}
10-12 10:34:21.195 25077 25158 I ReactNativeJS: [outputs] playMorse.symbol {"timestamp":47436261.655757,"wallClock":1760279661195,"symbol":".","durationMs":120,"index":12,"source":"console.replay","correlationId":"console-replay:mgnt27bfuo0u2vwv","nativeTimestampMs":47436214.912,"nativeDurationMs":120,"nativeOffsetMs":45.478547997772694,"nativeSequence":13,"monotonicTimestampMs":47436214.912,"nativeExpectedTimestampMs":47436213.784,"nativeStartSkewMs":1.128,"nativeBatchElapsedMs":4321.128,"nativeExpectedSincePriorMs":480,"nativeSincePriorMs":479.604,"nativePatternStartMs":47431893.784,"nativeAgeMs":45.323}
10-12 10:34:21.196 25077 25158 I ReactNativeJS: [outputs] outputs.hapticSymbol {"timestamp":47436262.372892,"wallClock":1760279661195,"enabled":true,"symbol":".","durationMs":120,"platform":"android","source":"console.replay","correlationId":"console-replay:mgnt27bfuo0u2vwv","timelineOffsetMs":null}
10-12 10:34:21.197 25077 25158 I ReactNativeJS: [outputs] outputs.flashPulse {"timestamp":47436263.57284,"wallClock":1760279661196,"enabled":true,"durationMs":120,"source":"console.replay","correlationId":"console-replay:mgnt27bfuo0u2vwv","timelineOffsetMs":45.478547997772694,"schedulingMode":"timeline","audioStartHeadroomMs":-57.76331900060177,"audioStartGuard":"headroom","audioStartCompensationMs":57.76331900060177}
10-12 10:34:21.269 25077 25247 D OutputsAudio: [outputs-audio] stop gain=1.000 release=6.00
10-12 10:34:21.269 25077 25247 D OutputsAudio: [outputs-audio] playMorse.gap sequence=13 nextOffset=4560.000 gapTarget=47436453.784
10-12 10:34:21.269 25077 25247 D OutputsAudio: [outputs-audio] playMorse.dispatch sequence=14 symbol=. offset=4560.000 lead=90.000 dispatchAt=47436363.784
10-12 10:34:21.272 25077 25158 I ReactNativeJS: [outputs] outputs.flashPulse.commit {"timestamp":47436338.454506,"wallClock":1760279661271,"durationMs":120,"source":"console.replay","correlationId":"console-replay:mgnt27bfuo0u2vwv","latencyMs":78.05494800209999,"timelineOffsetMs":45.478547997772694,"leadMs":8,"scheduleSkewMs":74.89525999873877,"schedulingMode":"timeline","audioStartHeadroomMs":-57.76331900060177,"audioStartGuard":"headroom","audioStartCompensationMs":57.76331900060177}
10-12 10:34:21.298 25077 25247 D OutputsAudio: [outputs-audio] start hz=650.0 gain=1.000 attack=2.50 release=6.00
10-12 10:34:21.298 25077 25247 D OutputsAudio: [outputs-audio] playMorse.symbol.start sequence=14 symbol=. expected=47436453.784 actual=47436454.635 skew=0.850 batchElapsed=4560.850
10-12 10:34:21.414 25077 25158 D OutputsAudio: [outputs-audio] symbol.info sequence=14 symbol=. timestamp=47436454.635 duration=120.000 expected=47436453.784 skew=0.850 age=26.023
10-12 10:34:21.415 25077 25158 I ReactNativeJS: [outputs] playMorse.symbol {"timestamp":47436480.917371,"wallClock":1760279661414,"symbol":".","durationMs":120,"index":13,"source":"console.replay","correlationId":"console-replay:quqw3mpo","nativeTimestampMs":47436454.635,"nativeDurationMs":120,"nativeOffsetMs":26.17987100034952,"nativeSequence":14,"monotonicTimestampMs":47436454.635,"nativeExpectedTimestampMs":47436453.784,"nativeStartSkewMs":0.85,"nativeBatchElapsedMs":4560.85,"nativeExpectedSincePriorMs":240,"nativeSincePriorMs":239.722,"nativePatternStartMs":47431893.784,"nativeAgeMs":26.023}
10-12 10:34:21.415 25077 25158 I ReactNativeJS: [outputs] playMorse.symbol {"timestamp":47436481.969038,"wallClock":1760279661415,"symbol":".","durationMs":120,"index":13,"source":"console.replay","correlationId":"console-replay:mgnt27hjqbu8ivyr","nativeTimestampMs":47436454.635,"nativeDurationMs":120,"nativeOffsetMs":26.17987100034952,"nativeSequence":14,"monotonicTimestampMs":47436454.635,"nativeExpectedTimestampMs":47436453.784,"nativeStartSkewMs":0.85,"nativeBatchElapsedMs":4560.85,"nativeExpectedSincePriorMs":240,"nativeSincePriorMs":239.722,"nativePatternStartMs":47431893.784,"nativeAgeMs":26.023}
10-12 10:34:21.416 25077 25158 I ReactNativeJS: [outputs] outputs.hapticSymbol {"timestamp":47436482.606902,"wallClock":1760279661416,"enabled":true,"symbol":".","durationMs":120,"platform":"android","source":"console.replay","correlationId":"console-replay:mgnt27hjqbu8ivyr","timelineOffsetMs":null}
10-12 10:34:21.417 25077 25158 I ReactNativeJS: [outputs] outputs.flashPulse {"timestamp":47436483.670079,"wallClock":1760279661417,"enabled":true,"durationMs":120,"source":"console.replay","correlationId":"console-replay:mgnt27hjqbu8ivyr","timelineOffsetMs":26.17987100034952,"schedulingMode":"timeline","audioStartHeadroomMs":-37.86201699823141,"audioStartGuard":"headroom","audioStartCompensationMs":37.86201699823141}
10-12 10:34:21.508 25077 25247 D OutputsAudio: [outputs-audio] stop gain=1.000 release=6.00
10-12 10:34:21.508 25077 25247 D OutputsAudio: [outputs-audio] playMorse.gap sequence=14 nextOffset=4800.000 gapTarget=47436693.784
10-12 10:34:21.508 25077 25247 D OutputsAudio: [outputs-audio] playMorse.dispatch sequence=15 symbol=. offset=4800.000 lead=90.000 dispatchAt=47436603.784
10-12 10:34:21.537 25077 25247 D OutputsAudio: [outputs-audio] start hz=650.0 gain=1.000 attack=2.50 release=6.00
10-12 10:34:21.537 25077 25247 D OutputsAudio: [outputs-audio] playMorse.symbol.start sequence=15 symbol=. expected=47436693.784 actual=47436694.365 skew=0.581 batchElapsed=4800.581
10-12 10:34:21.541 25077 25158 I ReactNativeJS: [outputs] outputs.flashPulse.commit {"timestamp":47436607.347683,"wallClock":1760279661540,"durationMs":120,"source":"console.replay","correlationId":"console-replay:mgnt27hjqbu8ivyr","latencyMs":126.52338500320911,"timelineOffsetMs":26.17987100034952,"leadMs":8,"scheduleSkewMs":123.68864499777555,"schedulingMode":"timeline","audioStartHeadroomMs":-37.86201699823141,"audioStartGuard":"headroom","audioStartCompensationMs":37.86201699823141}
