10-11 17:35:32.096  8013  8101 I ReactNativeJS: [outputs] outputs.hapticSymbol {"timestamp":19555617.31983,"wallClock":1760218532096,"enabled":true,"symbol":"-","durationMs":180,"platform":"android","source":"console.replay","correlationId":"console-replay:mgmsnzsvcq8ssoxg","timelineOffsetMs":22.648080002516508}
10-11 17:35:32.097  8013  8101 I ReactNativeJS: [outputs] outputs.flashPulse {"timestamp":19555617.984882,"wallClock":1760218532096,"enabled":true,"durationMs":180,"source":"console.replay","correlationId":"console-replay:mgmsnzsvcq8ssoxg","timelineOffsetMs":22.648080002516508,"schedulingMode":"timeline","audioStartHeadroomMs":-45.566110998392105,"audioStartGuard":"headroom"}
10-11 17:35:32.154  8013  8101 I ReactNativeJS: [outputs] outputs.flashPulse.commit {"timestamp":19555675.661496,"wallClock":1760218532154,"durationMs":180,"source":"console.replay","correlationId":"console-replay:mgmsnzsvcq8ssoxg","latencyMs":59.21765599772334,"timelineOffsetMs":22.648080002516508,"leadMs":8,"scheduleSkewMs":67.21765599772334,"schedulingMode":"timeline","audioStartHeadroomMs":-45.566110998392105,"audioStartGuard":"headroom"}
10-11 17:35:32.252  8013  8425 D OutputsAudio: [outputs-audio] stop gain=1.000 release=6.00
10-11 17:35:32.313  8013  8425 D OutputsAudio: [outputs-audio] start hz=700.0 gain=1.000 attack=2.50 release=6.00
10-11 17:35:32.313  8013  8425 D OutputsAudio: [outputs-audio] playMorse.symbol.start sequence=11 symbol=- expected=19555820.407 actual=19555834.225 skew=13.818 batchElapsed=1693.818
10-11 17:35:32.325  8013  8101 D OutputsAudio: [outputs-audio] symbol.info sequence=11 symbol=- timestamp=19555834.225 duration=180.000 expected=19555820.407 skew=13.818 age=12.468
10-11 17:35:32.326  8013  8101 I ReactNativeJS: [outputs] playMorse.symbol {"timestamp":19555846.925715,"wallClock":1760218532325,"symbol":"-","durationMs":180,"index":10,"source":"console.replay","correlationId":"console-replay:mgmsnzz9fz9m2z3n","nativeTimestampMs":19555834.225,"nativeDurationMs":180,"nativeOffsetMs":12.599516998976469,"nativeSequence":11,"monotonicTimestampMs":19555834.225,"nativeExpectedTimestampMs":19555820.407,"nativeStartSkewMs":13.818,"nativeBatchElapsedMs":1693.818,"nativeExpectedSincePriorMs":240,"nativeSincePriorMs":240.438,"nativePatternStartMs":19554140.407,"nativeAgeMs":12.468}
10-11 17:35:32.327  8013  8101 I ReactNativeJS: [outputs] outputs.hapticSymbol {"timestamp":19555847.864777,"wallClock":1760218532326,"enabled":true,"symbol":"-","durationMs":180,"platform":"android","source":"console.replay","correlationId":"console-replay:mgmsnzz9fz9m2z3n","timelineOffsetMs":12.599516998976469}
10-11 17:35:32.328  8013  8101 I ReactNativeJS: [outputs] outputs.flashPulse {"timestamp":19555849.167955,"wallClock":1760218532328,"enabled":true,"durationMs":180,"source":"console.replay","correlationId":"console-replay:mgmsnzz9fz9m2z3n","timelineOffsetMs":12.599516998976469,"schedulingMode":"timeline","audioStartHeadroomMs":-36.74413199722767,"audioStartGuard":"headroom"}
10-11 17:35:32.398  8013  8101 I ReactNativeJS: [outputs] outputs.flashPulse.commit {"timestamp":19555919.094986,"wallClock":1760218532397,"durationMs":180,"source":"console.replay","correlationId":"console-replay:mgmsnzz9fz9m2z3n","latencyMs":72.26140600070357,"timelineOffsetMs":12.599516998976469,"leadMs":8,"scheduleSkewMs":80.26140600070357,"schedulingMode":"timeline","audioStartHeadroomMs":-36.74413199722767,"audioStartGuard":"headroom"}
10-11 17:35:32.493  8013  8425 D OutputsAudio: [outputs-audio] stop gain=1.000 release=6.00
10-11 17:35:32.554  8013  8425 D OutputsAudio: [outputs-audio] start hz=700.0 gain=1.000 attack=2.50 release=6.00
10-11 17:35:32.554  8013  8425 D OutputsAudio: [outputs-audio] playMorse.symbol.start sequence=12 symbol=- expected=19556060.407 actual=19556075.756 skew=15.349 batchElapsed=1935.349
10-11 17:35:32.560  8013  8101 D OutputsAudio: [outputs-audio] symbol.info sequence=12 symbol=- timestamp=19556075.756 duration=180.000 expected=19556060.407 skew=15.349 age=5.608
10-11 17:35:32.561  8013  8101 I ReactNativeJS: [outputs] playMorse.symbol {"timestamp":19556081.581965,"wallClock":1760218532560,"symbol":"-","durationMs":180,"index":11,"source":"console.replay","correlationId":"console-replay:mgmso05sscqczyzp","nativeTimestampMs":19556075.756,"nativeDurationMs":180,"nativeOffsetMs":5.73080899938941,"nativeSequence":12,"monotonicTimestampMs":19556075.756,"nativeExpectedTimestampMs":19556060.407,"nativeStartSkewMs":15.349,"nativeBatchElapsedMs":1935.349,"nativeExpectedSincePriorMs":240,"nativeSincePriorMs":241.531,"nativePatternStartMs":19554140.407,"nativeAgeMs":5.608}
10-11 17:35:32.562  8013  8101 I ReactNativeJS: [outputs] outputs.hapticSymbol {"timestamp":19556082.530194,"wallClock":1760218532561,"enabled":true,"symbol":"-","durationMs":180,"platform":"android","source":"console.replay","correlationId":"console-replay:mgmso05sscqczyzp","timelineOffsetMs":5.73080899938941}
10-11 17:35:32.563  8013  8101 I ReactNativeJS: [outputs] outputs.flashPulse {"timestamp":19556083.753579,"wallClock":1760218532562,"enabled":true,"durationMs":180,"source":"console.replay","correlationId":"console-replay:mgmso05sscqczyzp","timelineOffsetMs":5.73080899938941,"schedulingMode":"timeline","audioStartHeadroomMs":-31.32777699828148,"audioStartGuard":"headroom"}
10-11 17:35:32.631  8013  8101 I ReactNativeJS: [outputs] outputs.flashPulse.commit {"timestamp":19556152.177694,"wallClock":1760218532631,"durationMs":180,"source":"console.replay","correlationId":"console-replay:mgmso05sscqczyzp","latencyMs":70.68260399997234,"timelineOffsetMs":5.73080899938941,"leadMs":8,"scheduleSkewMs":78.68260399997234,"schedulingMode":"timeline","audioStartHeadroomMs":-31.32777699828148,"audioStartGuard":"headroom"}
10-11 17:35:32.734  8013  8425 D OutputsAudio: [outputs-audio] stop gain=1.000 release=6.00
10-11 17:35:32.795  8013  8425 D OutputsAudio: [outputs-audio] start hz=700.0 gain=1.000 attack=2.50 release=6.00
10-11 17:35:32.795  8013  8425 D OutputsAudio: [outputs-audio] playMorse.symbol.start sequence=13 symbol=. expected=19556300.407 actual=19556316.816 skew=16.409 batchElapsed=2176.409
10-11 17:35:32.803  8013  8101 D OutputsAudio: [outputs-audio] symbol.info sequence=13 symbol=. timestamp=19556316.816 duration=60.000 expected=19556300.407 skew=16.409 age=7.376
10-11 17:35:32.804  8013  8101 I ReactNativeJS: [outputs] playMorse.symbol {"timestamp":19556324.416288,"wallClock":1760218532803,"symbol":".","durationMs":60,"index":12,"source":"console.replay","correlationId":"console-replay:mgmso0cjef5l0sue","nativeTimestampMs":19556316.816,"nativeDurationMs":60,"nativeOffsetMs":7.506069000810385,"nativeSequence":13,"monotonicTimestampMs":19556316.816,"nativeExpectedTimestampMs":19556300.407,"nativeStartSkewMs":16.409,"nativeBatchElapsedMs":2176.409,"nativeExpectedSincePriorMs":240,"nativeSincePriorMs":241.06,"nativePatternStartMs":19554140.407,"nativeAgeMs":7.376}
10-11 17:35:32.804  8013  8101 I ReactNativeJS: [outputs] outputs.hapticSymbol {"timestamp":19556325.325663,"wallClock":1760218532804,"enabled":true,"symbol":".","durationMs":60,"platform":"android","source":"console.replay","correlationId":"console-replay:mgmso0cjef5l0sue","timelineOffsetMs":7.506069000810385}
10-11 17:35:32.805  8013  8101 I ReactNativeJS: [outputs] outputs.flashPulse {"timestamp":19556326.369621,"wallClock":1760218532805,"enabled":true,"durationMs":60,"source":"console.replay","correlationId":"console-replay:mgmso0cjef5l0sue","timelineOffsetMs":7.506069000810385,"schedulingMode":"timeline","audioStartHeadroomMs":-33.9481939971447,"audioStartGuard":"headroom"}
10-11 17:35:32.855  8013  8425 D OutputsAudio: [outputs-audio] stop gain=1.000 release=6.00
10-11 17:35:32.916  8013  8425 D OutputsAudio: [outputs-audio] start hz=700.0 gain=1.000 attack=2.50 release=6.00
10-11 17:35:32.916  8013  8425 D OutputsAudio: [outputs-audio] playMorse.symbol.start sequence=14 symbol=. expected=19556420.407 actual=19556438.060 skew=17.653 batchElapsed=2297.653
10-11 17:35:32.920  8013  8101 I ReactNativeJS: [outputs] outputs.flashPulse.commit {"timestamp":19556441.16259,"wallClock":1760218532920,"durationMs":60,"source":"console.replay","correlationId":"console-replay:mgmso0cjef5l0sue","latencyMs":116.8308850005269,"timelineOffsetMs":7.506069000810385,"leadMs":8,"scheduleSkewMs":124.8308850005269,"schedulingMode":"timeline","audioStartHeadroomMs":-33.9481939971447,"audioStartGuard":"headroom"}
10-11 17:35:32.967  8013  8101 D OutputsAudio: [outputs-audio] symbol.info sequence=14 symbol=. timestamp=19556438.060 duration=60.000 expected=19556420.407 skew=17.653 age=50.889
10-11 17:35:32.968  8013  8101 I ReactNativeJS: [outputs] playMorse.symbol {"timestamp":19556489.09009,"wallClock":1760218532967,"symbol":".","durationMs":60,"index":13,"source":"console.replay","correlationId":"console-replay:mgmso0h3u7sar949","nativeTimestampMs":19556438.06,"nativeDurationMs":60,"nativeOffsetMs":50.97831900045276,"nativeSequence":14,"monotonicTimestampMs":19556438.06,"nativeExpectedTimestampMs":19556420.407,"nativeStartSkewMs":17.653,"nativeBatchElapsedMs":2297.653,"nativeExpectedSincePriorMs":120,"nativeSincePriorMs":121.244,"nativePatternStartMs":19554140.407,"nativeAgeMs":50.889}
10-11 17:35:32.968  8013  8101 I ReactNativeJS: [outputs] outputs.hapticSymbol {"timestamp":19556489.598319,"wallClock":1760218532968,"enabled":true,"symbol":".","durationMs":60,"platform":"android","source":"console.replay","correlationId":"console-replay:mgmso0h3u7sar949","timelineOffsetMs":50.97831900045276}
10-11 17:35:32.969  8013  8101 I ReactNativeJS: [outputs] outputs.flashPulse {"timestamp":19556490.215663,"wallClock":1760218532969,"enabled":true,"durationMs":60,"source":"console.replay","correlationId":"console-replay:mgmso0h3u7sar949","timelineOffsetMs":50.97831900045276,"schedulingMode":"timeline","audioStartHeadroomMs":-77.80038099735975,"audioStartGuard":"headroom"}
10-11 17:35:32.977  8013  8425 D OutputsAudio: [outputs-audio] stop gain=1.000 release=6.00
10-11 17:35:33.022  8013  8101 I ReactNativeJS: [outputs] outputs.flashPulse.commit {"timestamp":19556543.692173,"wallClock":1760218533022,"durationMs":60,"source":"console.replay","correlationId":"console-replay:mgmso0h3u7sar949","latencyMs":54.645260002464056,"timelineOffsetMs":50.97831900045276,"leadMs":8,"scheduleSkewMs":62.645260002464056,"schedulingMode":"timeline","audioStartHeadroomMs":-77.80038099735975,"audioStartGuard":"headroom"}
10-11 17:35:33.038  8013  8425 D OutputsAudio: [outputs-audio] start hz=700.0 gain=1.000 attack=2.50 release=6.00
10-11 17:35:33.038  8013  8425 D OutputsAudio: [outputs-audio] playMorse.symbol.start sequence=15 symbol=. expected=19556540.407 actual=19556559.669 skew=19.262 batchElapsed=2419.262
10-11 17:35:33.067  8013  8101 D OutputsAudio: [outputs-audio] symbol.info sequence=15 symbol=. timestamp=19556559.669 duration=60.000 expected=19556540.407 skew=19.262 age=29.232
10-11 17:35:33.068  8013  8101 I ReactNativeJS: [outputs] playMorse.symbol {"timestamp":19556589.030038,"wallClock":1760218533067,"symbol":".","durationMs":60,"index":14,"source":"console.replay","correlationId":"console-replay:mgmso0jvcjq7fk3p","nativeTimestampMs":19556559.669,"nativeDurationMs":60,"nativeOffsetMs":29.31020399928093,"nativeSequence":15,"monotonicTimestampMs":19556559.669,"nativeExpectedTimestampMs":19556540.407,"nativeStartSkewMs":19.262,"nativeBatchElapsedMs":2419.262,"nativeExpectedSincePriorMs":120,"nativeSincePriorMs":121.609,"nativePatternStartMs":19554140.407,"nativeAgeMs":29.232}
10-11 17:35:33.068  8013  8101 I ReactNativeJS: [outputs] outputs.hapticSymbol {"timestamp":19556589.526496,"wallClock":1760218533068,"enabled":true,"symbol":".","durationMs":60,"platform":"android","source":"console.replay","correlationId":"console-replay:mgmso0jvcjq7fk3p","timelineOffsetMs":29.31020399928093}
10-11 17:35:33.069  8013  8101 I ReactNativeJS: [outputs] outputs.flashPulse {"timestamp":19556590.078163,"wallClock":1760218533068,"enabled":true,"durationMs":60,"source":"console.replay","correlationId":"console-replay:mgmso0jvcjq7fk3p","timelineOffsetMs":29.31020399928093,"schedulingMode":"timeline","audioStartHeadroomMs":-57.663089998066425,"audioStartGuard":"headroom"}
10-11 17:35:33.099  8013  8425 D OutputsAudio: [outputs-audio] stop gain=1.000 release=6.00
10-11 17:35:33.123  8013  8101 I ReactNativeJS: [outputs] outputs.flashPulse.commit {"timestamp":19556644.185142,"wallClock":1760218533123,"durationMs":60,"source":"console.replay","correlationId":"console-replay:mgmso0jvcjq7fk3p","latencyMs":55.19791699945927,"timelineOffsetMs":29.31020399928093,"leadMs":8,"scheduleSkewMs":63.19791699945927,"schedulingMode":"timeline","audioStartHeadroomMs":-57.663089998066425,"audioStartGuard":"headroom"}
10-11 17:35:33.159  8013  8425 D OutputsAudio: [outputs-audio] start hz=700.0 gain=1.000 attack=2.50 release=6.00
10-11 17:35:33.159  8013  8425 D OutputsAudio: [outputs-audio] playMorse.symbol.start sequence=16 symbol=- expected=19556660.407 actual=19556680.525 skew=20.117 batchElapsed=2540.117
10-11 17:35:33.167  8013  8101 D OutputsAudio: [outputs-audio] symbol.info sequence=16 symbol=- timestamp=19556680.525 duration=180.000 expected=19556660.407 skew=20.117 age=8.143
10-11 17:35:33.168  8013  8101 I ReactNativeJS: [outputs] playMorse.symbol {"timestamp":19556688.819413,"wallClock":1760218533167,"symbol":"-","durationMs":180,"index":15,"source":"console.replay","correlationId":"console-replay:mgmso0mn7rrelal5","nativeTimestampMs":19556680.525,"nativeDurationMs":180,"nativeOffsetMs":8.242329001426697,"nativeSequence":16,"monotonicTimestampMs":19556680.525,"nativeExpectedTimestampMs":19556660.407,"nativeStartSkewMs":20.117,"nativeBatchElapsedMs":2540.117,"nativeExpectedSincePriorMs":120,"nativeSincePriorMs":120.855,"nativePatternStartMs":19554140.407,"nativeAgeMs":8.143}
10-11 17:35:33.168  8013  8101 I ReactNativeJS: [outputs] outputs.hapticSymbol {"timestamp":19556689.310506,"wallClock":1760218533168,"enabled":true,"symbol":"-","durationMs":180,"platform":"android","source":"console.replay","correlationId":"console-replay:mgmso0mn7rrelal5","timelineOffsetMs":8.242329001426697}
10-11 17:35:33.168  8013  8101 I ReactNativeJS: [outputs] outputs.flashPulse {"timestamp":19556689.835819,"wallClock":1760218533168,"enabled":true,"durationMs":180,"source":"console.replay","correlationId":"console-replay:mgmso0mn7rrelal5","timelineOffsetMs":8.242329001426697,"schedulingMode":"timeline","audioStartHeadroomMs":-37.42084999755025,"audioStartGuard":"headroom"}
10-11 17:35:33.221  8013  8101 I ReactNativeJS: [outputs] outputs.flashPulse.commit {"timestamp":19556742.399829,"wallClock":1760218533221,"durationMs":180,"source":"console.replay","correlationId":"console-replay:mgmso0mn7rrelal5","latencyMs":53.625208999961615,"timelineOffsetMs":8.242329001426697,"leadMs":8,"scheduleSkewMs":61.625208999961615,"schedulingMode":"timeline","audioStartHeadroomMs":-37.42084999755025,"audioStartGuard":"headroom"}
10-11 17:35:33.340  8013  8425 D OutputsAudio: [outputs-audio] stop gain=1.000 release=6.00
10-11 17:35:33.400  8013  8425 D OutputsAudio: [outputs-audio] start hz=700.0 gain=1.000 attack=2.50 release=6.00
10-11 17:35:33.401  8013  8425 D OutputsAudio: [outputs-audio] playMorse.symbol.start sequence=17 symbol=- expected=19556900.407 actual=19556922.178 skew=21.771 batchElapsed=2781.771
10-11 17:35:33.410  8013  8101 D OutputsAudio: [outputs-audio] symbol.info sequence=17 symbol=- timestamp=19556922.178 duration=180.000 expected=19556900.407 skew=21.771 age=9.642
10-11 17:35:33.411  8013  8101 I ReactNativeJS: [outputs] playMorse.symbol {"timestamp":19556932.070819,"wallClock":1760218533410,"symbol":"-","durationMs":180,"index":16,"source":"console.replay","correlationId":"console-replay:mgmso0tetko2voma","nativeTimestampMs":19556922.178,"nativeDurationMs":180,"nativeOffsetMs":9.766465000808239,"nativeSequence":17,"monotonicTimestampMs":19556922.178,"nativeExpectedTimestampMs":19556900.407,"nativeStartSkewMs":21.771,"nativeBatchElapsedMs":2781.771,"nativeExpectedSincePriorMs":240,"nativeSincePriorMs":241.653,"nativePatternStartMs":19554140.407,"nativeAgeMs":9.642}
10-11 17:35:33.412  8013  8101 I ReactNativeJS: [outputs] outputs.hapticSymbol {"timestamp":19556932.971496,"wallClock":1760218533411,"enabled":true,"symbol":"-","durationMs":180,"platform":"android","source":"console.replay","correlationId":"console-replay:mgmso0tetko2voma","timelineOffsetMs":9.766465000808239}
10-11 17:35:33.413  8013  8101 I ReactNativeJS: [outputs] outputs.flashPulse {"timestamp":19556934.643423,"wallClock":1760218533413,"enabled":true,"durationMs":180,"source":"console.replay","correlationId":"console-replay:mgmso0tetko2voma","timelineOffsetMs":9.766465000808239,"schedulingMode":"timeline","audioStartHeadroomMs":-42.224391996860504,"audioStartGuard":"headroom"}
10-11 17:35:33.494  8013  8101 I ReactNativeJS: [outputs] outputs.flashPulse.commit {"timestamp":19557015.685454,"wallClock":1760218533494,"durationMs":180,"source":"console.replay","correlationId":"console-replay:mgmso0tetko2voma","latencyMs":83.73255199939013,"timelineOffsetMs":9.766465000808239,"leadMs":8,"scheduleSkewMs":91.73255199939013,"schedulingMode":"timeline","audioStartHeadroomMs":-42.224391996860504,"audioStartGuard":"headroom"}
10-11 17:35:33.582  8013  8425 D OutputsAudio: [outputs-audio] stop gain=1.000 release=6.00
10-11 17:35:33.643  8013  8425 D OutputsAudio: [outputs-audio] start hz=700.0 gain=1.000 attack=2.50 release=6.00
10-11 17:35:33.643  8013  8425 D OutputsAudio: [outputs-audio] playMorse.symbol.start sequence=18 symbol=- expected=19557140.407 actual=19557164.433 skew=24.026 batchElapsed=3024.026
10-11 17:35:33.654  8013  8101 D OutputsAudio: [outputs-audio] symbol.info sequence=18 symbol=- timestamp=19557164.433 duration=180.000 expected=19557140.407 skew=24.026 age=11.492
10-11 17:35:33.656  8013  8101 I ReactNativeJS: [outputs] playMorse.symbol {"timestamp":19557176.177589,"wallClock":1760218533655,"symbol":"-","durationMs":180,"index":17,"source":"console.replay","correlationId":"console-replay:mgmso1075ckmkiib","nativeTimestampMs":19557164.433,"nativeDurationMs":180,"nativeOffsetMs":11.631777003407478,"nativeSequence":18,"monotonicTimestampMs":19557164.433,"nativeExpectedTimestampMs":19557140.407,"nativeStartSkewMs":24.026,"nativeBatchElapsedMs":3024.026,"nativeExpectedSincePriorMs":240,"nativeSincePriorMs":242.255,"nativePatternStartMs":19554140.407,"nativeAgeMs":11.492}
10-11 17:35:33.657  8013  8101 I ReactNativeJS: [outputs] outputs.hapticSymbol {"timestamp":19557178.107121,"wallClock":1760218533656,"enabled":true,"symbol":"-","durationMs":180,"platform":"android","source":"console.replay","correlationId":"console-replay:mgmso1075ckmkiib","timelineOffsetMs":11.631777003407478}
10-11 17:35:33.659  8013  8101 I ReactNativeJS: [outputs] outputs.flashPulse {"timestamp":19557179.876287,"wallClock":1760218533658,"enabled":true,"durationMs":180,"source":"console.replay","correlationId":"console-replay:mgmso1075ckmkiib","timelineOffsetMs":11.631777003407478,"schedulingMode":"timeline","audioStartHeadroomMs":-47.45387099683285,"audioStartGuard":"headroom"}
10-11 17:35:33.728  8013  8101 I ReactNativeJS: [outputs] outputs.flashPulse.commit {"timestamp":19557249.457277,"wallClock":1760218533728,"durationMs":180,"source":"console.replay","correlationId":"console-replay:mgmso1075ckmkiib","latencyMs":73.38338499888778,"timelineOffsetMs":11.631777003407478,"leadMs":8,"scheduleSkewMs":81.38338499888778,"schedulingMode":"timeline","audioStartHeadroomMs":-47.45387099683285,"audioStartGuard":"headroom"}
10-11 17:35:33.823  8013  8425 D OutputsAudio: [outputs-audio] stop gain=1.000 release=6.00
10-11 17:35:33.885  8013  8425 D OutputsAudio: [outputs-audio] start hz=700.0 gain=1.000 attack=2.50 release=6.00
10-11 17:35:33.885  8013  8425 D OutputsAudio: [outputs-audio] playMorse.symbol.start sequence=19 symbol=. expected=19557380.407 actual=19557406.551 skew=26.144 batchElapsed=3266.144
10-11 17:35:33.909  8013  8101 D OutputsAudio: [outputs-audio] symbol.info sequence=19 symbol=. timestamp=19557406.551 duration=60.000 expected=19557380.407 skew=26.144 age=23.803
10-11 17:35:33.910  8013  8101 I ReactNativeJS: [outputs] playMorse.symbol {"timestamp":19557430.605558,"wallClock":1760218533909,"symbol":".","durationMs":60,"index":18,"source":"console.replay","correlationId":"console-replay:mgmso1799sm41480","nativeTimestampMs":19557406.551,"nativeDurationMs":60,"nativeOffsetMs":23.949349999427795,"nativeSequence":19,"monotonicTimestampMs":19557406.551,"nativeExpectedTimestampMs":19557380.407,"nativeStartSkewMs":26.144,"nativeBatchElapsedMs":3266.144,"nativeExpectedSincePriorMs":240,"nativeSincePriorMs":242.118,"nativePatternStartMs":19554140.407,"nativeAgeMs":23.803}
10-11 17:35:33.911  8013  8101 I ReactNativeJS: [outputs] outputs.hapticSymbol {"timestamp":19557431.747641,"wallClock":1760218533910,"enabled":true,"symbol":".","durationMs":60,"platform":"android","source":"console.replay","correlationId":"console-replay:mgmso1799sm41480","timelineOffsetMs":23.949349999427795}
10-11 17:35:33.912  8013  8101 I ReactNativeJS: [outputs] outputs.flashPulse {"timestamp":19557432.773006,"wallClock":1760218533911,"enabled":true,"durationMs":60,"source":"console.replay","correlationId":"console-replay:mgmso1799sm41480","timelineOffsetMs":23.949349999427795,"schedulingMode":"timeline","audioStartHeadroomMs":-60.35043299943209,"audioStartGuard":"headroom"}
10-11 17:35:33.945  8013  8425 D OutputsAudio: [outputs-audio] stop gain=1.000 release=6.00
10-11 17:35:33.971  8013  8101 I ReactNativeJS: [outputs] outputs.flashPulse.commit {"timestamp":19557492.507746,"wallClock":1760218533971,"durationMs":60,"source":"console.replay","correlationId":"console-replay:mgmso1799sm41480","latencyMs":61.99807300046086,"timelineOffsetMs":23.949349999427795,"leadMs":8,"scheduleSkewMs":69.99807300046086,"schedulingMode":"timeline","audioStartHeadroomMs":-60.35043299943209,"audioStartGuard":"headroom"}
10-11 17:35:34.006  8013  8425 D OutputsAudio: [outputs-audio] start hz=700.0 gain=1.000 attack=2.50 release=6.00
10-11 17:35:34.006  8013  8425 D OutputsAudio: [outputs-audio] playMorse.symbol.start sequence=20 symbol=. expected=19557500.407 actual=19557527.438 skew=27.031 batchElapsed=3387.031
10-11 17:35:34.020  8013  8101 D OutputsAudio: [outputs-audio] symbol.info sequence=20 symbol=. timestamp=19557527.438 duration=60.000 expected=19557500.407 skew=27.031 age=14.546
10-11 17:35:34.021  8013  8101 I ReactNativeJS: [outputs] playMorse.symbol {"timestamp":19557542.112954,"wallClock":1760218534020,"symbol":".","durationMs":60,"index":19,"source":"console.replay","correlationId":"console-replay:mgmso1acoe4uar05","nativeTimestampMs":19557527.438,"nativeDurationMs":60,"nativeOffsetMs":14.624329000711441,"nativeSequence":20,"monotonicTimestampMs":19557527.438,"nativeExpectedTimestampMs":19557500.407,"nativeStartSkewMs":27.031,"nativeBatchElapsedMs":3387.031,"nativeExpectedSincePriorMs":120,"nativeSincePriorMs":120.887,"nativePatternStartMs":19554140.407,"nativeAgeMs":14.546}
10-11 17:35:34.021  8013  8101 I ReactNativeJS: [outputs] outputs.hapticSymbol {"timestamp":19557542.629412,"wallClock":1760218534021,"enabled":true,"symbol":".","durationMs":60,"platform":"android","source":"console.replay","correlationId":"console-replay:mgmso1acoe4uar05","timelineOffsetMs":14.624329000711441}
10-11 17:35:34.022  8013  8101 I ReactNativeJS: [outputs] outputs.flashPulse {"timestamp":19557543.238266,"wallClock":1760218534022,"enabled":true,"durationMs":60,"source":"console.replay","correlationId":"console-replay:mgmso1acoe4uar05","timelineOffsetMs":14.624329000711441,"schedulingMode":"timeline","audioStartHeadroomMs":-50.82235999777913,"audioStartGuard":"headroom"}
10-11 17:35:34.066  8013  8425 D OutputsAudio: [outputs-audio] stop gain=1.000 release=6.00
10-11 17:35:34.074  8013  8101 I ReactNativeJS: [outputs] outputs.flashPulse.commit {"timestamp":19557594.941808,"wallClock":1760218534073,"durationMs":60,"source":"console.replay","correlationId":"console-replay:mgmso1acoe4uar05","latencyMs":52.8709889985621,"timelineOffsetMs":14.624329000711441,"leadMs":8,"scheduleSkewMs":60.8709889985621,"schedulingMode":"timeline","audioStartHeadroomMs":-50.82235999777913,"audioStartGuard":"headroom"}
10-11 17:35:34.127  8013  8425 D OutputsAudio: [outputs-audio] start hz=700.0 gain=1.000 attack=2.50 release=6.00
10-11 17:35:34.127  8013  8425 D OutputsAudio: [outputs-audio] playMorse.symbol.start sequence=21 symbol=. expected=19557620.407 actual=19557648.414 skew=28.007 batchElapsed=3508.007
10-11 17:35:34.154  8013  8101 D OutputsAudio: [outputs-audio] symbol.info sequence=21 symbol=. timestamp=19557648.414 duration=60.000 expected=19557620.407 skew=28.007 age=26.837
10-11 17:35:34.155  8013  8101 I ReactNativeJS: [outputs] playMorse.symbol {"timestamp":19557675.461339,"wallClock":1760218534154,"symbol":".","durationMs":60,"index":20,"source":"console.replay","correlationId":"console-replay:mgmso1e2lg5hudvk","nativeTimestampMs":19557648.414,"nativeDurationMs":60,"nativeOffsetMs":26.96332899853587,"nativeSequence":21,"monotonicTimestampMs":19557648.414,"nativeExpectedTimestampMs":19557620.407,"nativeStartSkewMs":28.007,"nativeBatchElapsedMs":3508.007,"nativeExpectedSincePriorMs":120,"nativeSincePriorMs":120.976,"nativePatternStartMs":19554140.407,"nativeAgeMs":26.837}
10-11 17:35:34.155  8013  8101 I ReactNativeJS: [outputs] outputs.hapticSymbol {"timestamp":19557676.428423,"wallClock":1760218534155,"enabled":true,"symbol":".","durationMs":60,"platform":"android","source":"console.replay","correlationId":"console-replay:mgmso1e2lg5hudvk","timelineOffsetMs":26.96332899853587}
10-11 17:35:34.156  8013  8101 I ReactNativeJS: [outputs] outputs.flashPulse {"timestamp":19557677.215298,"wallClock":1760218534156,"enabled":true,"durationMs":60,"source":"console.replay","correlationId":"console-replay:mgmso1e2lg5hudvk","timelineOffsetMs":26.96332899853587,"schedulingMode":"timeline","audioStartHeadroomMs":-64.79663099721074,"audioStartGuard":"headroom"}
10-11 17:35:34.188  8013  8425 D OutputsAudio: [outputs-audio] stop gain=1.000 release=6.00
10-11 17:35:34.218  8013  8101 I ReactNativeJS: [outputs] outputs.flashPulse.commit {"timestamp":19557739.673006,"wallClock":1760218534218,"durationMs":60,"source":"console.replay","correlationId":"console-replay:mgmso1e2lg5hudvk","latencyMs":64.28677099943161,"timelineOffsetMs":26.96332899853587,"leadMs":8,"scheduleSkewMs":72.28677099943161,"schedulingMode":"timeline","audioStartHeadroomMs":-64.79663099721074,"audioStartGuard":"headroom"}
10-11 17:35:34.249  8013  8425 D OutputsAudio: [outputs-audio] start hz=700.0 gain=1.000 attack=2.50 release=6.00
10-11 17:35:34.249  8013  8425 D OutputsAudio: [outputs-audio] playMorse.symbol.start sequence=22 symbol=- expected=19557740.407 actual=19557770.541 skew=30.134 batchElapsed=3630.134
10-11 17:35:34.275  8013  8101 D OutputsAudio: [outputs-audio] symbol.info sequence=22 symbol=- timestamp=19557770.541 duration=180.000 expected=19557740.407 skew=30.134 age=25.651
10-11 17:35:34.275  8013  8101 I ReactNativeJS: [outputs] playMorse.symbol {"timestamp":19557796.341548,"wallClock":1760218534275,"symbol":"-","durationMs":180,"index":21,"source":"console.replay","correlationId":"console-replay:mgmso1hftuthpveh","nativeTimestampMs":19557770.541,"nativeDurationMs":180,"nativeOffsetMs":25.752265997231007,"nativeSequence":22,"monotonicTimestampMs":19557770.541,"nativeExpectedTimestampMs":19557740.407,"nativeStartSkewMs":30.134,"nativeBatchElapsedMs":3630.134,"nativeExpectedSincePriorMs":120,"nativeSincePriorMs":122.128,"nativePatternStartMs":19554140.407,"nativeAgeMs":25.651}
10-11 17:35:34.275  8013  8101 I ReactNativeJS: [outputs] outputs.hapticSymbol {"timestamp":19557796.828162,"wallClock":1760218534275,"enabled":true,"symbol":"-","durationMs":180,"platform":"android","source":"console.replay","correlationId":"console-replay:mgmso1hftuthpveh","timelineOffsetMs":25.752265997231007}
10-11 17:35:34.276  8013  8101 I ReactNativeJS: [outputs] outputs.flashPulse {"timestamp":19557797.391235,"wallClock":1760218534276,"enabled":true,"durationMs":180,"source":"console.replay","correlationId":"console-replay:mgmso1hftuthpveh","timelineOffsetMs":25.752265997231007,"schedulingMode":"timeline","audioStartHeadroomMs":-64.97397499904037,"audioStartGuard":"headroom"}
10-11 17:35:34.333  8013  8101 I ReactNativeJS: [outputs] outputs.flashPulse.commit {"timestamp":19557854.443214,"wallClock":1760218534333,"durationMs":180,"source":"console.replay","correlationId":"console-replay:mgmso1hftuthpveh","latencyMs":58.1418750025332,"timelineOffsetMs":25.752265997231007,"leadMs":8,"scheduleSkewMs":66.1418750025332,"schedulingMode":"timeline","audioStartHeadroomMs":-64.97397499904037,"audioStartGuard":"headroom"}
10-11 17:35:34.430  8013  8425 D OutputsAudio: [outputs-audio] stop gain=1.000 release=6.00
10-11 17:35:34.490  8013  8425 D OutputsAudio: [outputs-audio] start hz=700.0 gain=1.000 attack=2.50 release=6.00
10-11 17:35:34.490  8013  8425 D OutputsAudio: [outputs-audio] playMorse.symbol.start sequence=23 symbol=- expected=19557980.407 actual=19558011.861 skew=31.454 batchElapsed=3871.454
10-11 17:35:34.497  8013  8101 D OutputsAudio: [outputs-audio] symbol.info sequence=23 symbol=- timestamp=19558011.861 duration=180.000 expected=19557980.407 skew=31.454 age=6.534
10-11 17:35:34.499  8013  8101 I ReactNativeJS: [outputs] playMorse.symbol {"timestamp":19558018.595193,"wallClock":1760218534497,"symbol":"-","durationMs":180,"index":22,"source":"console.replay","correlationId":"console-replay:mgmso1nl6ml8j90a","nativeTimestampMs":19558011.861,"nativeDurationMs":180,"nativeOffsetMs":6.647005997598171,"nativeSequence":23,"monotonicTimestampMs":19558011.861,"nativeExpectedTimestampMs":19557980.407,"nativeStartSkewMs":31.454,"nativeBatchElapsedMs":3871.454,"nativeExpectedSincePriorMs":240,"nativeSincePriorMs":241.32,"nativePatternStartMs":19554140.407,"nativeAgeMs":6.534}
10-11 17:35:34.500  8013  8101 I ReactNativeJS: [outputs] outputs.hapticSymbol {"timestamp":19558020.713735,"wallClock":1760218534499,"enabled":true,"symbol":"-","durationMs":180,"platform":"android","source":"console.replay","correlationId":"console-replay:mgmso1nl6ml8j90a","timelineOffsetMs":6.647005997598171}
10-11 17:35:34.501  8013  8101 I ReactNativeJS: [outputs] outputs.flashPulse {"timestamp":19558022.185662,"wallClock":1760218534501,"enabled":true,"durationMs":180,"source":"console.replay","correlationId":"console-replay:mgmso1nl6ml8j90a","timelineOffsetMs":6.647005997598171,"schedulingMode":"timeline","audioStartHeadroomMs":-49.76293299719691,"audioStartGuard":"headroom"}
10-11 17:35:34.576  8013  8101 I ReactNativeJS: [outputs] outputs.flashPulse.commit {"timestamp":19558097.083475,"wallClock":1760218534575,"durationMs":180,"source":"console.replay","correlationId":"console-replay:mgmso1nl6ml8j90a","latencyMs":78.56650999933481,"timelineOffsetMs":6.647005997598171,"leadMs":8,"scheduleSkewMs":86.56650999933481,"schedulingMode":"timeline","audioStartHeadroomMs":-49.76293299719691,"audioStartGuard":"headroom"}
10-11 17:35:34.671  8013  8425 D OutputsAudio: [outputs-audio] stop gain=1.000 release=6.00
10-11 17:35:34.732  8013  8425 D OutputsAudio: [outputs-audio] start hz=700.0 gain=1.000 attack=2.50 release=6.00
10-11 17:35:34.733  8013  8425 D OutputsAudio: [outputs-audio] playMorse.symbol.start sequence=24 symbol=- expected=19558220.407 actual=19558254.278 skew=33.871 batchElapsed=4113.871
10-11 17:35:34.739  8013  8101 D OutputsAudio: [outputs-audio] symbol.info sequence=24 symbol=- timestamp=19558254.278 duration=180.000 expected=19558220.407 skew=33.871 age=5.846
10-11 17:35:34.741  8013  8101 I ReactNativeJS: [outputs] playMorse.symbol {"timestamp":19558260.641131,"wallClock":1760218534739,"symbol":"-","durationMs":180,"index":23,"source":"console.replay","correlationId":"console-replay:mgmso1ubvexs1yj6","nativeTimestampMs":19558254.278,"nativeDurationMs":180,"nativeOffsetMs":6.177037000656128,"nativeSequence":24,"monotonicTimestampMs":19558254.278,"nativeExpectedTimestampMs":19558220.407,"nativeStartSkewMs":33.871,"nativeBatchElapsedMs":4113.871,"nativeExpectedSincePriorMs":240,"nativeSincePriorMs":242.417,"nativePatternStartMs":19554140.407,"nativeAgeMs":5.846}
10-11 17:35:34.742  8013  8101 I ReactNativeJS: [outputs] outputs.hapticSymbol {"timestamp":19558262.499256,"wallClock":1760218534741,"enabled":true,"symbol":"-","durationMs":180,"platform":"android","source":"console.replay","correlationId":"console-replay:mgmso1ubvexs1yj6","timelineOffsetMs":6.177037000656128}
10-11 17:35:34.748  8013  8101 I ReactNativeJS: [outputs] outputs.flashPulse {"timestamp":19558267.228318,"wallClock":1760218534746,"enabled":true,"durationMs":180,"source":"console.replay","correlationId":"console-replay:mgmso1ubvexs1yj6","timelineOffsetMs":6.177037000656128,"schedulingMode":"timeline","audioStartHeadroomMs":-54.806005999445915,"audioStartGuard":"headroom"}
10-11 17:35:34.811  8013  8101 I ReactNativeJS: [outputs] outputs.flashPulse.commit {"timestamp":19558331.853943,"wallClock":1760218534810,"durationMs":180,"source":"console.replay","correlationId":"console-replay:mgmso1ubvexs1yj6","latencyMs":71.39083299785852,"timelineOffsetMs":6.177037000656128,"leadMs":8,"scheduleSkewMs":79.39083299785852,"schedulingMode":"timeline","audioStartHeadroomMs":-54.806005999445915,"audioStartGuard":"headroom"}
10-11 17:35:34.914  8013  8425 D OutputsAudio: [outputs-audio] stop gain=1.000 release=6.00
10-11 17:35:34.975  8013  8425 D OutputsAudio: [outputs-audio] start hz=700.0 gain=1.000 attack=2.50 release=6.00
10-11 17:35:34.975  8013  8425 D OutputsAudio: [outputs-audio] playMorse.symbol.start sequence=25 symbol=. expected=19558460.407 actual=19558497.013 skew=36.605 batchElapsed=4356.605
10-11 17:35:34.984  8013  8101 D OutputsAudio: [outputs-audio] symbol.info sequence=25 symbol=. timestamp=19558497.013 duration=60.000 expected=19558460.407 skew=36.605 age=8.324
10-11 17:35:34.985  8013  8101 I ReactNativeJS: [outputs] playMorse.symbol {"timestamp":19558505.57337,"wallClock":1760218534984,"symbol":".","durationMs":60,"index":24,"source":"console.replay","correlationId":"console-replay:mgmso214vbrzt2j8","nativeTimestampMs":19558497.013,"nativeDurationMs":60,"nativeOffsetMs":8.46000599861145,"nativeSequence":25,"monotonicTimestampMs":19558497.013,"nativeExpectedTimestampMs":19558460.407,"nativeStartSkewMs":36.605,"nativeBatchElapsedMs":4356.605,"nativeExpectedSincePriorMs":240,"nativeSincePriorMs":242.735,"nativePatternStartMs":19554140.407,"nativeAgeMs":8.324}
10-11 17:35:34.987  8013  8101 I ReactNativeJS: [outputs] outputs.hapticSymbol {"timestamp":19558507.062224,"wallClock":1760218534985,"enabled":true,"symbol":".","durationMs":60,"platform":"android","source":"console.replay","correlationId":"console-replay:mgmso214vbrzt2j8","timelineOffsetMs":8.46000599861145}
10-11 17:35:34.988  8013  8101 I ReactNativeJS: [outputs] outputs.flashPulse {"timestamp":19558509.260454,"wallClock":1760218534988,"enabled":true,"durationMs":60,"source":"console.replay","correlationId":"console-replay:mgmso214vbrzt2j8","timelineOffsetMs":8.46000599861145,"schedulingMode":"timeline","audioStartHeadroomMs":-56.82694299891591,"audioStartGuard":"headroom"}
10-11 17:35:35.036  8013  8425 D OutputsAudio: [outputs-audio] stop gain=1.000 release=6.00
10-11 17:35:35.067  8013  8101 I ReactNativeJS: [outputs] outputs.flashPulse.commit {"timestamp":19558588.357068,"wallClock":1760218535067,"durationMs":60,"source":"console.replay","correlationId":"console-replay:mgmso214vbrzt2j8","latencyMs":82.87510400265455,"timelineOffsetMs":8.46000599861145,"leadMs":8,"scheduleSkewMs":90.87510400265455,"schedulingMode":"timeline","audioStartHeadroomMs":-56.82694299891591,"audioStartGuard":"headroom"}
10-11 17:35:35.097  8013  8425 D OutputsAudio: [outputs-audio] start hz=700.0 gain=1.000 attack=2.50 release=6.00
10-11 17:35:35.098  8013  8425 D OutputsAudio: [outputs-audio] playMorse.symbol.start sequence=26 symbol=. expected=19558580.407 actual=19558619.159 skew=38.752 batchElapsed=4478.752
10-11 17:35:35.112  8013  8101 D OutputsAudio: [outputs-audio] symbol.info sequence=26 symbol=. timestamp=19558619.159 duration=60.000 expected=19558580.407 skew=38.752 age=14.561
10-11 17:35:35.113  8013  8101 I ReactNativeJS: [outputs] playMorse.symbol {"timestamp":19558633.849464,"wallClock":1760218535112,"symbol":".","durationMs":60,"index":25,"source":"console.replay","correlationId":"console-replay:mgmso24oho7m3whw","nativeTimestampMs":19558619.159,"nativeDurationMs":60,"nativeOffsetMs":14.640307996422052,"nativeSequence":26,"monotonicTimestampMs":19558619.159,"nativeExpectedTimestampMs":19558580.407,"nativeStartSkewMs":38.752,"nativeBatchElapsedMs":4478.752,"nativeExpectedSincePriorMs":120,"nativeSincePriorMs":122.147,"nativePatternStartMs":19554140.407,"nativeAgeMs":14.561}
10-11 17:35:35.113  8013  8101 I ReactNativeJS: [outputs] outputs.hapticSymbol {"timestamp":19558634.293995,"wallClock":1760218535113,"enabled":true,"symbol":".","durationMs":60,"platform":"android","source":"console.replay","correlationId":"console-replay:mgmso24oho7m3whw","timelineOffsetMs":14.640307996422052}
10-11 17:35:35.113  8013  8101 I ReactNativeJS: [outputs] outputs.flashPulse {"timestamp":19558634.878214,"wallClock":1760218535113,"enabled":true,"durationMs":60,"source":"console.replay","correlationId":"console-replay:mgmso24oho7m3whw","timelineOffsetMs":14.640307996422052,"schedulingMode":"timeline","audioStartHeadroomMs":-62.46303699910641,"audioStartGuard":"headroom"}
10-11 17:35:35.158  8013  8425 D OutputsAudio: [outputs-audio] stop gain=1.000 release=6.00
10-11 17:35:35.164  8013  8101 I ReactNativeJS: [outputs] outputs.flashPulse.commit {"timestamp":19558685.75561,"wallClock":1760218535164,"durationMs":60,"source":"console.replay","correlationId":"console-replay:mgmso24oho7m3whw","latencyMs":51.94802000001073,"timelineOffsetMs":14.640307996422052,"leadMs":8,"scheduleSkewMs":59.94802000001073,"schedulingMode":"timeline","audioStartHeadroomMs":-62.46303699910641,"audioStartGuard":"headroom"}
10-11 17:35:35.218  8013  8425 D OutputsAudio: [outputs-audio] start hz=700.0 gain=1.000 attack=2.50 release=6.00
10-11 17:35:35.218  8013  8425 D OutputsAudio: [outputs-audio] playMorse.symbol.start sequence=27 symbol=. expected=19558700.407 actual=19558739.993 skew=39.586 batchElapsed=4599.586
10-11 17:35:35.234  8013  8101 D OutputsAudio: [outputs-audio] symbol.info sequence=27 symbol=. timestamp=19558739.993 duration=60.000 expected=19558700.407 skew=39.586 age=15.555
10-11 17:35:35.235  8013  8101 I ReactNativeJS: [outputs] playMorse.symbol {"timestamp":19558755.731495,"wallClock":1760218535234,"symbol":".","durationMs":60,"index":26,"source":"console.replay","correlationId":"console-replay:mgmso2824z9kbloa","nativeTimestampMs":19558739.993,"nativeDurationMs":60,"nativeOffsetMs":15.657818000763655,"nativeSequence":27,"monotonicTimestampMs":19558739.993,"nativeExpectedTimestampMs":19558700.407,"nativeStartSkewMs":39.586,"nativeBatchElapsedMs":4599.586,"nativeExpectedSincePriorMs":120,"nativeSincePriorMs":120.834,"nativePatternStartMs":19554140.407,"nativeAgeMs":15.555}
10-11 17:35:35.235  8013  8101 I ReactNativeJS: [outputs] outputs.hapticSymbol {"timestamp":19558756.574412,"wallClock":1760218535235,"enabled":true,"symbol":".","durationMs":60,"platform":"android","source":"console.replay","correlationId":"console-replay:mgmso2824z9kbloa","timelineOffsetMs":15.657818000763655}
10-11 17:35:35.236  8013  8101 I ReactNativeJS: [outputs] outputs.flashPulse {"timestamp":19558757.476235,"wallClock":1760218535236,"enabled":true,"durationMs":60,"source":"console.replay","correlationId":"console-replay:mgmso2824z9kbloa","timelineOffsetMs":15.657818000763655,"schedulingMode":"timeline","audioStartHeadroomMs":-65.05616199970245,"audioStartGuard":"headroom"}
10-11 17:35:35.279  8013  8425 D OutputsAudio: [outputs-audio] stop gain=1.000 release=6.00
10-11 17:35:35.279  8013  8425 D OutputsAudio: [outputs-audio] stop gain=1.000 release=6.00
10-11 17:35:35.279  8013  8425 D OutputsAudio: [outputs-audio] playMorse.end cancelled=0
10-11 17:35:35.289  8013  8101 I ReactNativeJS: [outputs] outputs.flashPulse.commit {"timestamp":19558810.582068,"wallClock":1760218535289,"durationMs":60,"source":"console.replay","correlationId":"console-replay:mgmso2824z9kbloa","latencyMs":54.92218699678779,"timelineOffsetMs":15.657818000763655,"leadMs":8,"scheduleSkewMs":62.92218699678779,"schedulingMode":"timeline","audioStartHeadroomMs":-65.05616199970245,"audioStartGuard":"headroom"}
10-11 17:35:35.339  8013  8101 I ReactNativeJS: [outputs] playMorse.complete {"timestamp":19558860.503943,"wallClock":1760218535339,"durationMs":4916.0079139992595,"source":"console.replay","audioEnabled":true,"audioVolumePercent":100}
10-11 17:35:37.496  8013  8101 I ReactNativeJS: [outputs] playMorse.start {"timestamp":19561017.341911,"wallClock":1760218537496,"unitMs":48,"length":28,"source":"console.replay","audioEnabled":true,"audioVolumePercent":100}
10-11 17:35:37.652  8013  8101 D OutputsAudio: [outputs-audio] warmup hz=700.0
10-11 17:35:37.652  8013  8457 D OutputsAudio: [outputs-audio] playMorse.start count=27 unit=48.0
10-11 17:35:37.652  8013  8457 D OutputsAudio: [outputs-audio] start hz=700.0 gain=1.000 attack=2.50 release=6.00
10-11 17:35:37.652  8013  8457 D OutputsAudio: [outputs-audio] playMorse.symbol.start sequence=1 symbol=. expected=19561173.714 actual=19561173.727 skew=0.013 batchElapsed=0.013
10-11 17:35:37.661  8013  8101 D OutputsAudio: [outputs-audio] symbol.info sequence=1 symbol=. timestamp=19561173.727 duration=48.000 expected=19561173.714 skew=0.013 age=8.613
10-11 17:35:37.662  8013  8101 I ReactNativeJS: [outputs] playMorse.symbol {"timestamp":19561182.585661,"wallClock":1760218537661,"symbol":".","durationMs":48,"index":0,"source":"console.replay","correlationId":"console-replay:mgmso43hr2xobwil","nativeTimestampMs":19561173.727,"nativeDurationMs":48,"nativeOffsetMs":8.766160998493433,"nativeSequence":1,"monotonicTimestampMs":19561173.727,"nativeExpectedTimestampMs":19561173.714,"nativeStartSkewMs":0.013,"nativeBatchElapsedMs":0.013,"nativeExpectedSincePriorMs":0,"nativeSincePriorMs":0,"nativePatternStartMs":19561173.714,"nativeAgeMs":8.613}
10-11 17:35:37.663  8013  8101 I ReactNativeJS: [outputs] outputs.hapticSymbol {"timestamp":19561183.624619,"wallClock":1760218537662,"enabled":true,"symbol":".","durationMs":48,"platform":"android","source":"console.replay","correlationId":"console-replay:mgmso43hr2xobwil","timelineOffsetMs":8.766160998493433}
10-11 17:35:37.664  8013  8101 I ReactNativeJS: [outputs] outputs.flashPulse {"timestamp":19561184.772536,"wallClock":1760218537663,"enabled":true,"durationMs":48,"source":"console.replay","correlationId":"console-replay:mgmso43hr2xobwil","timelineOffsetMs":8.766160998493433,"schedulingMode":"timeline","audioStartHeadroomMs":-19.04280699789524,"audioStartGuard":"headroom"}
10-11 17:35:37.700  8013  8457 D OutputsAudio: [outputs-audio] stop gain=1.000 release=6.00
10-11 17:35:37.733  8013  8101 I ReactNativeJS: [outputs] outputs.flashPulse.commit {"timestamp":19561253.864098,"wallClock":1760218537732,"durationMs":48,"source":"console.replay","correlationId":"console-replay:mgmso43hr2xobwil","latencyMs":71.36234400048852,"timelineOffsetMs":8.766160998493433,"leadMs":8,"scheduleSkewMs":79.36234400048852,"schedulingMode":"timeline","audioStartHeadroomMs":-19.04280699789524,"audioStartGuard":"headroom"}
10-11 17:35:37.749  8013  8457 D OutputsAudio: [outputs-audio] start hz=700.0 gain=1.000 attack=2.50 release=6.00
10-11 17:35:37.749  8013  8457 D OutputsAudio: [outputs-audio] playMorse.symbol.start sequence=2 symbol=. expected=19561269.714 actual=19561270.967 skew=1.253 batchElapsed=97.253
10-11 17:35:37.782  8013  8101 D OutputsAudio: [outputs-audio] symbol.info sequence=2 symbol=. timestamp=19561270.967 duration=48.000 expected=19561269.714 skew=1.253 age=32.482
10-11 17:35:37.782  8013  8101 I ReactNativeJS: [outputs] playMorse.symbol {"timestamp":19561303.585765,"wallClock":1760218537782,"symbol":".","durationMs":48,"index":1,"source":"console.replay","correlationId":"console-replay:mgmso46uvai9wh80","nativeTimestampMs":19561270.967,"nativeDurationMs":48,"nativeOffsetMs":32.56819200143218,"nativeSequence":2,"monotonicTimestampMs":19561270.967,"nativeExpectedTimestampMs":19561269.714,"nativeStartSkewMs":1.253,"nativeBatchElapsedMs":97.253,"nativeExpectedSincePriorMs":96,"nativeSincePriorMs":97.24,"nativePatternStartMs":19561173.714,"nativeAgeMs":32.482}
10-11 17:35:37.783  8013  8101 I ReactNativeJS: [outputs] outputs.hapticSymbol {"timestamp":19561304.195452,"wallClock":1760218537783,"enabled":true,"symbol":".","durationMs":48,"platform":"android","source":"console.replay","correlationId":"console-replay:mgmso46uvai9wh80","timelineOffsetMs":32.56819200143218}
10-11 17:35:37.783  8013  8101 I ReactNativeJS: [outputs] outputs.flashPulse {"timestamp":19561304.781338,"wallClock":1760218537783,"enabled":true,"durationMs":48,"source":"console.replay","correlationId":"console-replay:mgmso46uvai9wh80","timelineOffsetMs":32.56819200143218,"schedulingMode":"timeline","audioStartHeadroomMs":-43.058380000293255,"audioStartGuard":"headroom"}
10-11 17:35:37.798  8013  8457 D OutputsAudio: [outputs-audio] stop gain=1.000 release=6.00
10-11 17:35:37.841  8013  8101 I ReactNativeJS: [outputs] outputs.flashPulse.commit {"timestamp":19561361.899255,"wallClock":1760218537840,"durationMs":48,"source":"console.replay","correlationId":"console-replay:mgmso46uvai9wh80","latencyMs":58.3560939989984,"timelineOffsetMs":32.56819200143218,"leadMs":8,"scheduleSkewMs":66.3560939989984,"schedulingMode":"timeline","audioStartHeadroomMs":-43.058380000293255,"audioStartGuard":"headroom"}
10-11 17:35:37.847  8013  8457 D OutputsAudio: [outputs-audio] start hz=700.0 gain=1.000 attack=2.50 release=6.00
10-11 17:35:37.847  8013  8457 D OutputsAudio: [outputs-audio] playMorse.symbol.start sequence=3 symbol=. expected=19561365.714 actual=19561368.654 skew=2.940 batchElapsed=194.940
10-11 17:35:37.891  8013  8101 D OutputsAudio: [outputs-audio] symbol.info sequence=3 symbol=. timestamp=19561368.654 duration=48.000 expected=19561365.714 skew=2.940 age=43.576
10-11 17:35:37.891  8013  8101 I ReactNativeJS: [outputs] playMorse.symbol {"timestamp":19561412.357275,"wallClock":1760218537891,"symbol":".","durationMs":48,"index":2,"source":"console.replay","correlationId":"console-replay:mgmso49vhc19ql02","nativeTimestampMs":19561368.654,"nativeDurationMs":48,"nativeOffsetMs":43.655618999153376,"nativeSequence":3,"monotonicTimestampMs":19561368.654,"nativeExpectedTimestampMs":19561365.714,"nativeStartSkewMs":2.94,"nativeBatchElapsedMs":194.94,"nativeExpectedSincePriorMs":96,"nativeSincePriorMs":97.687,"nativePatternStartMs":19561173.714,"nativeAgeMs":43.576}
10-11 17:35:37.892  8013  8101 I ReactNativeJS: [outputs] outputs.hapticSymbol {"timestamp":19561412.841598,"wallClock":1760218537891,"enabled":true,"symbol":".","durationMs":48,"platform":"android","source":"console.replay","correlationId":"console-replay:mgmso49vhc19ql02","timelineOffsetMs":43.655618999153376}
10-11 17:35:37.892  8013  8101 I ReactNativeJS: [outputs] outputs.flashPulse {"timestamp":19561413.470817,"wallClock":1760218537892,"enabled":true,"durationMs":48,"source":"console.replay","correlationId":"console-replay:mgmso49vhc19ql02","timelineOffsetMs":43.655618999153376,"schedulingMode":"timeline","audioStartHeadroomMs":-55.748691998422146,"audioStartGuard":"headroom"}
10-11 17:35:37.896  8013  8457 D OutputsAudio: [outputs-audio] stop gain=1.000 release=6.00
10-11 17:35:37.945  8013  8457 D OutputsAudio: [outputs-audio] start hz=700.0 gain=1.000 attack=2.50 release=6.00
10-11 17:35:37.945  8013  8457 D OutputsAudio: [outputs-audio] playMorse.symbol.start sequence=4 symbol=- expected=19561461.714 actual=19561466.462 skew=4.748 batchElapsed=292.748
10-11 17:35:37.952  8013  8101 D OutputsAudio: [outputs-audio] symbol.info sequence=4 symbol=- timestamp=19561466.462 duration=144.000 expected=19561461.714 skew=4.748 age=6.977
10-11 17:35:37.952  8013  8101 I ReactNativeJS: [outputs] playMorse.symbol {"timestamp":19561473.570452,"wallClock":1760218537952,"symbol":"-","durationMs":144,"index":3,"source":"console.replay","correlationId":"console-replay:mgmso4bkxyj23k88","nativeTimestampMs":19561466.462,"nativeDurationMs":144,"nativeOffsetMs":7.061003997921944,"nativeSequence":4,"monotonicTimestampMs":19561466.462,"nativeExpectedTimestampMs":19561461.714,"nativeStartSkewMs":4.748,"nativeBatchElapsedMs":292.748,"nativeExpectedSincePriorMs":96,"nativeSincePriorMs":97.808,"nativePatternStartMs":19561173.714,"nativeAgeMs":6.977}
10-11 17:35:37.953  8013  8101 I ReactNativeJS: [outputs] outputs.hapticSymbol {"timestamp":19561474.00389,"wallClock":1760218537952,"enabled":true,"symbol":"-","durationMs":144,"platform":"android","source":"console.replay","correlationId":"console-replay:mgmso4bkxyj23k88","timelineOffsetMs":7.061003997921944}
10-11 17:35:37.953  8013  8101 I ReactNativeJS: [outputs] outputs.flashPulse {"timestamp":19561474.573421,"wallClock":1760218537953,"enabled":true,"durationMs":144,"source":"console.replay","correlationId":"console-replay:mgmso4bkxyj23k88","timelineOffsetMs":7.061003997921944,"schedulingMode":"timeline","audioStartHeadroomMs":-20.851087998598814,"audioStartGuard":"headroom"}
