10-11 14:59:55.024 21612 21675 I ReactNativeJS: [outputs] outputs.hapticSymbol {"timestamp":10218545.361985,"wallClock":1760209195024,"enabled":true,"symbol":"-","durationMs":144,"platform":"android","source":"console.replay","correlationId":"console-replay:mgmn3v9r18mea9yx","timelineOffsetMs":5.376610001549125}
10-11 14:59:55.025 21612 21675 I ReactNativeJS: [outputs] outputs.flashPulse {"timestamp":10218546.111777,"wallClock":1760209195024,"enabled":true,"durationMs":144,"source":"console.replay","correlationId":"console-replay:mgmn3v9r18mea9yx","timelineOffsetMs":5.376610001549125}
10-11 14:59:55.075 21612 21675 I ReactNativeJS: [outputs] outputs.flashPulse.commit {"timestamp":10218595.789746,"wallClock":1760209195074,"durationMs":48,"source":"console.replay","correlationId":"console-replay:mgmn3v8730e0ci41","latencyMs":107.4332289993763,"timelineOffsetMs":46.09577700123191}
10-11 14:59:55.124 21612 21675 I ReactNativeJS: [outputs] outputs.flashPulse.commit {"timestamp":10218645.404277,"wallClock":1760209195124,"durationMs":144,"source":"console.replay","correlationId":"console-replay:mgmn3v9r18mea9yx","latencyMs":100.56380200013518,"timelineOffsetMs":5.376610001549125}
10-11 14:59:55.163 21612 25916 D OutputsAudio: [outputs-audio] stop gain=1.000 release=6.00
10-11 14:59:55.211 21612 25916 D OutputsAudio: [outputs-audio] start hz=700.0 gain=1.000 attack=2.50 release=6.00
10-11 14:59:55.231 21612 21675 D OutputsAudio: [outputs-audio] symbol.info sequence=11 symbol=- timestamp=10218732.629 duration=144.000
10-11 14:59:55.232 21612 21675 I ReactNativeJS: [outputs] playMorse.symbol {"timestamp":10218752.642818,"wallClock":1760209195231,"symbol":"-","durationMs":144,"index":10,"source":"console.replay","correlationId":"console-replay:mgmn3vfjt1f8kd2o","nativeTimestampMs":10218732.629,"nativeDurationMs":144,"nativeOffsetMs":19.92340200021863,"nativeSequence":11,"monotonicTimestampMs":10218732.629}
10-11 14:59:55.236 21612 21675 I ReactNativeJS: [outputs] outputs.hapticSymbol {"timestamp":10218753.450318,"wallClock":1760209195232,"enabled":true,"symbol":"-","durationMs":144,"platform":"android","source":"console.replay","correlationId":"console-replay:mgmn3vfjt1f8kd2o","timelineOffsetMs":19.92340200021863}
10-11 14:59:55.237 21612 21675 I ReactNativeJS: [outputs] outputs.flashPulse {"timestamp":10218758.1336,"wallClock":1760209195237,"enabled":true,"durationMs":144,"source":"console.replay","correlationId":"console-replay:mgmn3vfjt1f8kd2o","timelineOffsetMs":19.92340200021863}
10-11 14:59:55.292 21612 21675 I ReactNativeJS: [outputs] outputs.flashPulse.commit {"timestamp":10218813.450371,"wallClock":1760209195292,"durationMs":144,"source":"console.replay","correlationId":"console-replay:mgmn3vfjt1f8kd2o","latencyMs":60.8935409989208,"timelineOffsetMs":19.92340200021863}
10-11 14:59:55.356 21612 25916 D OutputsAudio: [outputs-audio] stop gain=1.000 release=6.00
10-11 14:59:55.404 21612 25916 D OutputsAudio: [outputs-audio] start hz=700.0 gain=1.000 attack=2.50 release=6.00
10-11 14:59:55.414 21612 21675 D OutputsAudio: [outputs-audio] symbol.info sequence=12 symbol=- timestamp=10218926.135 duration=144.000
10-11 14:59:55.415 21612 21675 I ReactNativeJS: [outputs] playMorse.symbol {"timestamp":10218936.28636,"wallClock":1760209195415,"symbol":"-","durationMs":144,"index":11,"source":"console.replay","correlationId":"console-replay:mgmn3vknnwvwvdv3","nativeTimestampMs":10218926.135,"nativeDurationMs":144,"nativeOffsetMs":10.052662000060081,"nativeSequence":12,"monotonicTimestampMs":10218926.135}
10-11 14:59:55.416 21612 21675 I ReactNativeJS: [outputs] outputs.hapticSymbol {"timestamp":10218937.209016,"wallClock":1760209195416,"enabled":true,"symbol":"-","durationMs":144,"platform":"android","source":"console.replay","correlationId":"console-replay:mgmn3vknnwvwvdv3","timelineOffsetMs":10.052662000060081}
10-11 14:59:55.418 21612 21675 I ReactNativeJS: [outputs] outputs.flashPulse {"timestamp":10218938.745579,"wallClock":1760209195417,"enabled":true,"durationMs":144,"source":"console.replay","correlationId":"console-replay:mgmn3vknnwvwvdv3","timelineOffsetMs":10.052662000060081}
10-11 14:59:55.525 21612 21675 I ReactNativeJS: [outputs] outputs.flashPulse.commit {"timestamp":10219045.992193,"wallClock":1760209195524,"durationMs":144,"source":"console.replay","correlationId":"console-replay:mgmn3vknnwvwvdv3","latencyMs":109.80005200020969,"timelineOffsetMs":10.052662000060081}
10-11 14:59:55.549 21612 25916 D OutputsAudio: [outputs-audio] stop gain=1.000 release=6.00
10-11 14:59:55.598 21612 25916 D OutputsAudio: [outputs-audio] start hz=700.0 gain=1.000 attack=2.50 release=6.00
10-11 14:59:55.612 21612 21675 D OutputsAudio: [outputs-audio] symbol.info sequence=13 symbol=. timestamp=10219119.787 duration=48.000
10-11 14:59:55.613 21612 21675 I ReactNativeJS: [outputs] playMorse.symbol {"timestamp":10219134.292766,"wallClock":1760209195613,"symbol":".","durationMs":48,"index":12,"source":"console.replay","correlationId":"console-replay:mgmn3vq5fqzht4s8","nativeTimestampMs":10219119.787,"nativeDurationMs":48,"nativeOffsetMs":14.396599998697639,"nativeSequence":13,"monotonicTimestampMs":10219119.787}
10-11 14:59:55.614 21612 21675 I ReactNativeJS: [outputs] outputs.hapticSymbol {"timestamp":10219135.103235,"wallClock":1760209195613,"enabled":true,"symbol":".","durationMs":48,"platform":"android","source":"console.replay","correlationId":"console-replay:mgmn3vq5fqzht4s8","timelineOffsetMs":14.396599998697639}
10-11 14:59:55.615 21612 21675 I ReactNativeJS: [outputs] outputs.flashPulse {"timestamp":10219136.357245,"wallClock":1760209195615,"enabled":true,"durationMs":48,"source":"console.replay","correlationId":"console-replay:mgmn3vq5fqzht4s8","timelineOffsetMs":14.396599998697639}
10-11 14:59:55.647 21612 25916 D OutputsAudio: [outputs-audio] stop gain=1.000 release=6.00
10-11 14:59:55.681 21612 21675 I ReactNativeJS: [outputs] outputs.flashPulse.commit {"timestamp":10219201.834589,"wallClock":1760209195680,"durationMs":48,"source":"console.replay","correlationId":"console-replay:mgmn3vq5fqzht4s8","latencyMs":67.6465620007366,"timelineOffsetMs":14.396599998697639}
10-11 14:59:55.695 21612 25916 D OutputsAudio: [outputs-audio] start hz=700.0 gain=1.000 attack=2.50 release=6.00
10-11 14:59:55.727 21612 21675 D OutputsAudio: [outputs-audio] symbol.info sequence=14 symbol=. timestamp=10219217.090 duration=48.000
10-11 14:59:55.727 21612 21675 I ReactNativeJS: [outputs] playMorse.symbol {"timestamp":10219248.600631,"wallClock":1760209195727,"symbol":".","durationMs":48,"index":13,"source":"console.replay","correlationId":"console-replay:mgmn3vtb35tuow7b","nativeTimestampMs":10219217.09,"nativeDurationMs":48,"nativeOffsetMs":31.45911999978125,"nativeSequence":14,"monotonicTimestampMs":10219217.09}
10-11 14:59:55.728 21612 21675 I ReactNativeJS: [outputs] outputs.hapticSymbol {"timestamp":10219249.091256,"wallClock":1760209195727,"enabled":true,"symbol":".","durationMs":48,"platform":"android","source":"console.replay","correlationId":"console-replay:mgmn3vtb35tuow7b","timelineOffsetMs":31.45911999978125}
10-11 14:59:55.728 21612 21675 I ReactNativeJS: [outputs] outputs.flashPulse {"timestamp":10219249.833391,"wallClock":1760209195728,"enabled":true,"durationMs":48,"source":"console.replay","correlationId":"console-replay:mgmn3vtb35tuow7b","timelineOffsetMs":31.45911999978125}
10-11 14:59:55.744 21612 25916 D OutputsAudio: [outputs-audio] stop gain=1.000 release=6.00
10-11 14:59:55.784 21612 21675 I ReactNativeJS: [outputs] outputs.flashPulse.commit {"timestamp":10219305.128495,"wallClock":1760209195784,"durationMs":48,"source":"console.replay","correlationId":"console-replay:mgmn3vtb35tuow7b","latencyMs":56.57526100054383,"timelineOffsetMs":31.45911999978125}
10-11 14:59:55.793 21612 25916 D OutputsAudio: [outputs-audio] start hz=700.0 gain=1.000 attack=2.50 release=6.00
10-11 14:59:55.833 21612 21675 D OutputsAudio: [outputs-audio] symbol.info sequence=15 symbol=. timestamp=10219314.197 duration=48.000
10-11 14:59:55.834 21612 21675 I ReactNativeJS: [outputs] playMorse.symbol {"timestamp":10219354.995474,"wallClock":1760209195833,"symbol":".","durationMs":48,"index":14,"source":"console.replay","correlationId":"console-replay:mgmn3vw9oonkwwzl","nativeTimestampMs":10219314.197,"nativeDurationMs":48,"nativeOffsetMs":40.748474000021815,"nativeSequence":15,"monotonicTimestampMs":10219314.197}
10-11 14:59:55.834 21612 21675 I ReactNativeJS: [outputs] outputs.hapticSymbol {"timestamp":10219355.471256,"wallClock":1760209195834,"enabled":true,"symbol":".","durationMs":48,"platform":"android","source":"console.replay","correlationId":"console-replay:mgmn3vw9oonkwwzl","timelineOffsetMs":40.748474000021815}
10-11 14:59:55.835 21612 21675 I ReactNativeJS: [outputs] outputs.flashPulse {"timestamp":10219356.248652,"wallClock":1760209195835,"enabled":true,"durationMs":48,"source":"console.replay","correlationId":"console-replay:mgmn3vw9oonkwwzl","timelineOffsetMs":40.748474000021815}
10-11 14:59:55.842 21612 25916 D OutputsAudio: [outputs-audio] stop gain=1.000 release=6.00
10-11 14:59:55.890 21612 25916 D OutputsAudio: [outputs-audio] start hz=700.0 gain=1.000 attack=2.50 release=6.00
10-11 14:59:55.892 21612 21675 I ReactNativeJS: [outputs] outputs.flashPulse.commit {"timestamp":10219413.662766,"wallClock":1760209195892,"durationMs":48,"source":"console.replay","correlationId":"console-replay:mgmn3vw9oonkwwzl","latencyMs":58.713072998449206,"timelineOffsetMs":40.748474000021815}
10-11 14:59:55.942 21612 21675 D OutputsAudio: [outputs-audio] symbol.info sequence=16 symbol=- timestamp=10219411.936 duration=144.000
10-11 14:59:55.942 21612 21675 I ReactNativeJS: [outputs] playMorse.symbol {"timestamp":10219463.38386,"wallClock":1760209195942,"symbol":"-","durationMs":144,"index":15,"source":"console.replay","correlationId":"console-replay:mgmn3vza9nd8ogxe","nativeTimestampMs":10219411.936,"nativeDurationMs":144,"nativeOffsetMs":51.39775599911809,"nativeSequence":16,"monotonicTimestampMs":10219411.936}
10-11 14:59:55.943 21612 21675 I ReactNativeJS: [outputs] outputs.hapticSymbol {"timestamp":10219463.860162,"wallClock":1760209195942,"enabled":true,"symbol":"-","durationMs":144,"platform":"android","source":"console.replay","correlationId":"console-replay:mgmn3vza9nd8ogxe","timelineOffsetMs":51.39775599911809}
10-11 14:59:55.943 21612 21675 I ReactNativeJS: [outputs] outputs.flashPulse {"timestamp":10219464.58662,"wallClock":1760209195943,"enabled":true,"durationMs":144,"source":"console.replay","correlationId":"console-replay:mgmn3vza9nd8ogxe","timelineOffsetMs":51.39775599911809}
10-11 14:59:55.999 21612 21675 I ReactNativeJS: [outputs] outputs.flashPulse.commit {"timestamp":10219520.67511,"wallClock":1760209195999,"durationMs":144,"source":"console.replay","correlationId":"console-replay:mgmn3vza9nd8ogxe","latencyMs":57.33697899989784,"timelineOffsetMs":51.39775599911809}
10-11 14:59:56.035 21612 25916 D OutputsAudio: [outputs-audio] stop gain=1.000 release=6.00
10-11 14:59:56.084 21612 25916 D OutputsAudio: [outputs-audio] start hz=700.0 gain=1.000 attack=2.50 release=6.00
10-11 14:59:56.100 21612 21675 D OutputsAudio: [outputs-audio] symbol.info sequence=17 symbol=- timestamp=10219606.736 duration=144.000
10-11 14:59:56.101 21612 21675 I ReactNativeJS: [outputs] playMorse.symbol {"timestamp":10219621.65261,"wallClock":1760209196100,"symbol":"-","durationMs":144,"index":16,"source":"console.replay","correlationId":"console-replay:mgmn3w3o9s21nj9l","nativeTimestampMs":10219606.736,"nativeDurationMs":144,"nativeOffsetMs":14.848693000152707,"nativeSequence":17,"monotonicTimestampMs":10219606.736}
10-11 14:59:56.101 21612 21675 I ReactNativeJS: [outputs] outputs.hapticSymbol {"timestamp":10219622.33636,"wallClock":1760209196101,"enabled":true,"symbol":"-","durationMs":144,"platform":"android","source":"console.replay","correlationId":"console-replay:mgmn3w3o9s21nj9l","timelineOffsetMs":14.848693000152707}
10-11 14:59:56.103 21612 21675 I ReactNativeJS: [outputs] outputs.flashPulse {"timestamp":10219624.000162,"wallClock":1760209196102,"enabled":true,"durationMs":144,"source":"console.replay","correlationId":"console-replay:mgmn3w3o9s21nj9l","timelineOffsetMs":14.848693000152707}
10-11 14:59:56.161 21612 21675 I ReactNativeJS: [outputs] outputs.flashPulse.commit {"timestamp":10219681.906933,"wallClock":1760209196160,"durationMs":144,"source":"console.replay","correlationId":"console-replay:mgmn3w3o9s21nj9l","latencyMs":60.317603999748826,"timelineOffsetMs":14.848693000152707}
10-11 14:59:56.229 21612 25916 D OutputsAudio: [outputs-audio] stop gain=1.000 release=6.00
10-11 14:59:56.279 21612 25916 D OutputsAudio: [outputs-audio] start hz=700.0 gain=1.000 attack=2.50 release=6.00
10-11 14:59:56.292 21612 21675 D OutputsAudio: [outputs-audio] symbol.info sequence=18 symbol=- timestamp=10219800.823 duration=144.000
10-11 14:59:56.293 21612 21675 I ReactNativeJS: [outputs] playMorse.symbol {"timestamp":10219814.125787,"wallClock":1760209196292,"symbol":"-","durationMs":144,"index":17,"source":"console.replay","correlationId":"console-replay:mgmn3w905bsgokte","nativeTimestampMs":10219800.823,"nativeDurationMs":144,"nativeOffsetMs":13.22023499943316,"nativeSequence":18,"monotonicTimestampMs":10219800.823}
10-11 14:59:56.294 21612 21675 I ReactNativeJS: [outputs] outputs.hapticSymbol {"timestamp":10219814.901308,"wallClock":1760209196293,"enabled":true,"symbol":"-","durationMs":144,"platform":"android","source":"console.replay","correlationId":"console-replay:mgmn3w905bsgokte","timelineOffsetMs":13.22023499943316}
10-11 14:59:56.295 21612 21675 I ReactNativeJS: [outputs] outputs.flashPulse {"timestamp":10219816.102349,"wallClock":1760209196294,"enabled":true,"durationMs":144,"source":"console.replay","correlationId":"console-replay:mgmn3w905bsgokte","timelineOffsetMs":13.22023499943316}
10-11 14:59:56.365 21612 21675 I ReactNativeJS: [outputs] outputs.flashPulse.commit {"timestamp":10219886.380162,"wallClock":1760209196365,"durationMs":144,"source":"console.replay","correlationId":"console-replay:mgmn3w905bsgokte","latencyMs":72.33249999955297,"timelineOffsetMs":13.22023499943316}
10-11 14:59:56.424 21612 25916 D OutputsAudio: [outputs-audio] stop gain=1.000 release=6.00
10-11 14:59:56.472 21612 25916 D OutputsAudio: [outputs-audio] start hz=700.0 gain=1.000 attack=2.50 release=6.00
10-11 14:59:56.488 21612 21675 D OutputsAudio: [outputs-audio] symbol.info sequence=19 symbol=. timestamp=10219994.177 duration=48.000
10-11 14:59:56.489 21612 21675 I ReactNativeJS: [outputs] playMorse.symbol {"timestamp":10220009.372922,"wallClock":1760209196488,"symbol":".","durationMs":48,"index":18,"source":"console.replay","correlationId":"console-replay:mgmn3wego49s6q5h","nativeTimestampMs":10219994.177,"nativeDurationMs":48,"nativeOffsetMs":15.069047000259161,"nativeSequence":19,"monotonicTimestampMs":10219994.177}
10-11 14:59:56.490 21612 21675 I ReactNativeJS: [outputs] outputs.hapticSymbol {"timestamp":10220010.587141,"wallClock":1760209196489,"enabled":true,"symbol":".","durationMs":48,"platform":"android","source":"console.replay","correlationId":"console-replay:mgmn3wego49s6q5h","timelineOffsetMs":15.069047000259161}
10-11 14:59:56.492 21612 21675 I ReactNativeJS: [outputs] outputs.flashPulse {"timestamp":10220012.689485,"wallClock":1760209196491,"enabled":true,"durationMs":48,"source":"console.replay","correlationId":"console-replay:mgmn3wego49s6q5h","timelineOffsetMs":15.069047000259161}
10-11 14:59:56.521 21612 25916 D OutputsAudio: [outputs-audio] stop gain=1.000 release=6.00
10-11 14:59:56.562 21612 21675 I ReactNativeJS: [outputs] outputs.flashPulse.commit {"timestamp":10220082.757558,"wallClock":1760209196561,"durationMs":48,"source":"console.replay","correlationId":"console-replay:mgmn3wego49s6q5h","latencyMs":73.50536500103772,"timelineOffsetMs":15.069047000259161}
10-11 14:59:56.570 21612 25916 D OutputsAudio: [outputs-audio] start hz=700.0 gain=1.000 attack=2.50 release=6.00
10-11 14:59:56.608 21612 21675 D OutputsAudio: [outputs-audio] symbol.info sequence=20 symbol=. timestamp=10220092.073 duration=48.000
10-11 14:59:56.608 21612 21675 I ReactNativeJS: [outputs] playMorse.symbol {"timestamp":10220129.485474,"wallClock":1760209196608,"symbol":".","durationMs":48,"index":19,"source":"console.replay","correlationId":"console-replay:mgmn3whsc0c039d2","nativeTimestampMs":10220092.073,"nativeDurationMs":48,"nativeOffsetMs":37.363150998950005,"nativeSequence":20,"monotonicTimestampMs":10220092.073}
10-11 14:59:56.609 21612 21675 I ReactNativeJS: [outputs] outputs.hapticSymbol {"timestamp":10220129.989641,"wallClock":1760209196608,"enabled":true,"symbol":".","durationMs":48,"platform":"android","source":"console.replay","correlationId":"console-replay:mgmn3whsc0c039d2","timelineOffsetMs":37.363150998950005}
10-11 14:59:56.609 21612 21675 I ReactNativeJS: [outputs] outputs.flashPulse {"timestamp":10220130.757401,"wallClock":1760209196609,"enabled":true,"durationMs":48,"source":"console.replay","correlationId":"console-replay:mgmn3whsc0c039d2","timelineOffsetMs":37.363150998950005}
10-11 14:59:56.619 21612 25916 D OutputsAudio: [outputs-audio] stop gain=1.000 release=6.00
10-11 14:59:56.666 21612 21675 I ReactNativeJS: [outputs] outputs.flashPulse.commit {"timestamp":10220187.191672,"wallClock":1760209196666,"durationMs":48,"source":"console.replay","correlationId":"console-replay:mgmn3whsc0c039d2","latencyMs":57.751094000414014,"timelineOffsetMs":37.363150998950005}
10-11 14:59:56.668 21612 25916 D OutputsAudio: [outputs-audio] start hz=700.0 gain=1.000 attack=2.50 release=6.00
10-11 14:59:56.713 21612 21675 D OutputsAudio: [outputs-audio] symbol.info sequence=21 symbol=. timestamp=10220189.655 duration=48.000
10-11 14:59:56.714 21612 21675 I ReactNativeJS: [outputs] playMorse.symbol {"timestamp":10220234.97511,"wallClock":1760209196713,"symbol":".","durationMs":48,"index":20,"source":"console.replay","correlationId":"console-replay:mgmn3wkph91l22is","nativeTimestampMs":10220189.655,"nativeDurationMs":48,"nativeOffsetMs":45.26958900131285,"nativeSequence":21,"monotonicTimestampMs":10220189.655}
10-11 14:59:56.714 21612 21675 I ReactNativeJS: [outputs] outputs.hapticSymbol {"timestamp":10220235.447453,"wallClock":1760209196714,"enabled":true,"symbol":".","durationMs":48,"platform":"android","source":"console.replay","correlationId":"console-replay:mgmn3wkph91l22is","timelineOffsetMs":45.26958900131285}
10-11 14:59:56.715 21612 21675 I ReactNativeJS: [outputs] outputs.flashPulse {"timestamp":10220236.224849,"wallClock":1760209196715,"enabled":true,"durationMs":48,"source":"console.replay","correlationId":"console-replay:mgmn3wkph91l22is","timelineOffsetMs":45.26958900131285}
10-11 14:59:56.716 21612 25916 D OutputsAudio: [outputs-audio] stop gain=1.000 release=6.00
10-11 14:59:56.766 21612 25916 D OutputsAudio: [outputs-audio] start hz=700.0 gain=1.000 attack=2.50 release=6.00
10-11 14:59:56.766 21612 21675 I ReactNativeJS: [outputs] outputs.flashPulse.commit {"timestamp":10220287.200422,"wallClock":1760209196766,"durationMs":48,"source":"console.replay","correlationId":"console-replay:mgmn3wkph91l22is","latencyMs":52.27145799994469,"timelineOffsetMs":45.26958900131285}
10-11 14:59:56.809 21612 21675 D OutputsAudio: [outputs-audio] symbol.info sequence=22 symbol=- timestamp=10220287.171 duration=144.000
10-11 14:59:56.810 21612 21675 I ReactNativeJS: [outputs] playMorse.symbol {"timestamp":10220330.806099,"wallClock":1760209196809,"symbol":"-","durationMs":144,"index":21,"source":"console.replay","correlationId":"console-replay:mgmn3wndg7gidypv","nativeTimestampMs":10220287.171,"nativeDurationMs":144,"nativeOffsetMs":43.58983900025487,"nativeSequence":22,"monotonicTimestampMs":10220287.171}
10-11 14:59:56.810 21612 21675 I ReactNativeJS: [outputs] outputs.hapticSymbol {"timestamp":10220331.289693,"wallClock":1760209196810,"enabled":true,"symbol":"-","durationMs":144,"platform":"android","source":"console.replay","correlationId":"console-replay:mgmn3wndg7gidypv","timelineOffsetMs":43.58983900025487}
10-11 14:59:56.813 21612 21675 I ReactNativeJS: [outputs] outputs.flashPulse {"timestamp":10220334.531672,"wallClock":1760209196813,"enabled":true,"durationMs":144,"source":"console.replay","correlationId":"console-replay:mgmn3wndg7gidypv","timelineOffsetMs":43.58983900025487}
10-11 14:59:56.870 21612 21675 I ReactNativeJS: [outputs] outputs.flashPulse.commit {"timestamp":10220391.217557,"wallClock":1760209196870,"durationMs":144,"source":"console.replay","correlationId":"console-replay:mgmn3wndg7gidypv","latencyMs":60.45234300009906,"timelineOffsetMs":43.58983900025487}
10-11 14:59:56.910 21612 25916 D OutputsAudio: [outputs-audio] stop gain=1.000 release=6.00
10-11 14:59:56.958 21612 25916 D OutputsAudio: [outputs-audio] start hz=700.0 gain=1.000 attack=2.50 release=6.00
10-11 14:59:56.967 21612 21675 D OutputsAudio: [outputs-audio] symbol.info sequence=23 symbol=- timestamp=10220479.920 duration=144.000
10-11 14:59:56.968 21612 21675 I ReactNativeJS: [outputs] playMorse.symbol {"timestamp":10220489.110526,"wallClock":1760209196967,"symbol":"-","durationMs":144,"index":22,"source":"console.replay","correlationId":"console-replay:mgmn3wrr1jkw7q5v","nativeTimestampMs":10220479.92,"nativeDurationMs":144,"nativeOffsetMs":9.12563000060618,"nativeSequence":23,"monotonicTimestampMs":10220479.92}
10-11 14:59:56.968 21612 21675 I ReactNativeJS: [outputs] outputs.hapticSymbol {"timestamp":10220489.677453,"wallClock":1760209196968,"enabled":true,"symbol":"-","durationMs":144,"platform":"android","source":"console.replay","correlationId":"console-replay:mgmn3wrr1jkw7q5v","timelineOffsetMs":9.12563000060618}
10-11 14:59:56.969 21612 21675 I ReactNativeJS: [outputs] outputs.flashPulse {"timestamp":10220490.453599,"wallClock":1760209196969,"enabled":true,"durationMs":144,"source":"console.replay","correlationId":"console-replay:mgmn3wrr1jkw7q5v","timelineOffsetMs":9.12563000060618}
10-11 14:59:57.026 21612 21675 I ReactNativeJS: [outputs] outputs.flashPulse.commit {"timestamp":10220547.678912,"wallClock":1760209197026,"durationMs":144,"source":"console.replay","correlationId":"console-replay:mgmn3wrr1jkw7q5v","latencyMs":58.629374999552965,"timelineOffsetMs":9.12563000060618}
10-11 14:59:57.103 21612 25916 D OutputsAudio: [outputs-audio] stop gain=1.000 release=6.00
10-11 14:59:57.152 21612 25916 D OutputsAudio: [outputs-audio] start hz=700.0 gain=1.000 attack=2.50 release=6.00
10-11 14:59:57.159 21612 21675 D OutputsAudio: [outputs-audio] symbol.info sequence=24 symbol=- timestamp=10220673.895 duration=144.000
10-11 14:59:57.160 21612 21675 I ReactNativeJS: [outputs] playMorse.symbol {"timestamp":10220681.078182,"wallClock":1760209197159,"symbol":"-","durationMs":144,"index":23,"source":"console.replay","correlationId":"console-replay:mgmn3wx3xj1c895x","nativeTimestampMs":10220673.895,"nativeDurationMs":144,"nativeOffsetMs":7.0831819996237755,"nativeSequence":24,"monotonicTimestampMs":10220673.895}
10-11 14:59:57.161 21612 21675 I ReactNativeJS: [outputs] outputs.hapticSymbol {"timestamp":10220682.123443,"wallClock":1760209197160,"enabled":true,"symbol":"-","durationMs":144,"platform":"android","source":"console.replay","correlationId":"console-replay:mgmn3wx3xj1c895x","timelineOffsetMs":7.0831819996237755}
10-11 14:59:57.163 21612 21675 I ReactNativeJS: [outputs] outputs.flashPulse {"timestamp":10220683.660109,"wallClock":1760209197162,"enabled":true,"durationMs":144,"source":"console.replay","correlationId":"console-replay:mgmn3wx3xj1c895x","timelineOffsetMs":7.0831819996237755}
10-11 14:59:57.239 21612 21675 I ReactNativeJS: [outputs] outputs.flashPulse.commit {"timestamp":10220759.945995,"wallClock":1760209197238,"durationMs":144,"source":"console.replay","correlationId":"console-replay:mgmn3wx3xj1c895x","latencyMs":78.96354200132191,"timelineOffsetMs":7.0831819996237755}
10-11 14:59:57.296 21612 25916 D OutputsAudio: [outputs-audio] stop gain=1.000 release=6.00
10-11 14:59:57.345 21612 25916 D OutputsAudio: [outputs-audio] start hz=700.0 gain=1.000 attack=2.50 release=6.00
10-11 14:59:57.364 21612 21675 D OutputsAudio: [outputs-audio] symbol.info sequence=25 symbol=. timestamp=10220866.628 duration=48.000
10-11 14:59:57.365 21612 21675 I ReactNativeJS: [outputs] playMorse.symbol {"timestamp":10220885.870943,"wallClock":1760209197364,"symbol":".","durationMs":48,"index":24,"source":"console.replay","correlationId":"console-replay:mgmn3x2sfxy7snfo","nativeTimestampMs":10220866.628,"nativeDurationMs":48,"nativeOffsetMs":19.13065099902451,"nativeSequence":25,"monotonicTimestampMs":10220866.628}
10-11 14:59:57.366 21612 21675 I ReactNativeJS: [outputs] outputs.hapticSymbol {"timestamp":10220887.051724,"wallClock":1760209197365,"enabled":true,"symbol":".","durationMs":48,"platform":"android","source":"console.replay","correlationId":"console-replay:mgmn3x2sfxy7snfo","timelineOffsetMs":19.13065099902451}
10-11 14:59:57.367 21612 21675 I ReactNativeJS: [outputs] outputs.flashPulse {"timestamp":10220888.57912,"wallClock":1760209197367,"enabled":true,"durationMs":48,"source":"console.replay","correlationId":"console-replay:mgmn3x2sfxy7snfo","timelineOffsetMs":19.13065099902451}
10-11 14:59:57.393 21612 25916 D OutputsAudio: [outputs-audio] stop gain=1.000 release=6.00
10-11 14:59:57.427 21612 21675 I ReactNativeJS: [outputs] outputs.flashPulse.commit {"timestamp":10220948.756203,"wallClock":1760209197427,"durationMs":48,"source":"console.replay","correlationId":"console-replay:mgmn3x2sfxy7snfo","latencyMs":62.992812000215054,"timelineOffsetMs":19.13065099902451}
10-11 14:59:57.442 21612 25916 D OutputsAudio: [outputs-audio] start hz=700.0 gain=1.000 attack=2.50 release=6.00
10-11 14:59:57.472 21612 21675 D OutputsAudio: [outputs-audio] symbol.info sequence=26 symbol=. timestamp=10220963.876 duration=48.000
10-11 14:59:57.473 21612 21675 I ReactNativeJS: [outputs] playMorse.symbol {"timestamp":10220993.798234,"wallClock":1760209197472,"symbol":".","durationMs":48,"index":25,"source":"console.replay","correlationId":"console-replay:mgmn3x5sojf6galv","nativeTimestampMs":10220963.876,"nativeDurationMs":48,"nativeOffsetMs":29.872391000390053,"nativeSequence":26,"monotonicTimestampMs":10220963.876}
10-11 14:59:57.473 21612 21675 I ReactNativeJS: [outputs] outputs.hapticSymbol {"timestamp":10220994.29313,"wallClock":1760209197473,"enabled":true,"symbol":".","durationMs":48,"platform":"android","source":"console.replay","correlationId":"console-replay:mgmn3x5sojf6galv","timelineOffsetMs":29.872391000390053}
10-11 14:59:57.474 21612 21675 I ReactNativeJS: [outputs] outputs.flashPulse {"timestamp":10220995.058338,"wallClock":1760209197473,"enabled":true,"durationMs":48,"source":"console.replay","correlationId":"console-replay:mgmn3x5sojf6galv","timelineOffsetMs":29.872391000390053}
10-11 14:59:57.491 21612 25916 D OutputsAudio: [outputs-audio] stop gain=1.000 release=6.00
10-11 14:59:57.530 21612 21675 I ReactNativeJS: [outputs] outputs.flashPulse.commit {"timestamp":10221051.082453,"wallClock":1760209197529,"durationMs":48,"source":"console.replay","correlationId":"console-replay:mgmn3x5sojf6galv","latencyMs":57.32942700013518,"timelineOffsetMs":29.872391000390053}
10-11 14:59:57.540 21612 25916 D OutputsAudio: [outputs-audio] start hz=700.0 gain=1.000 attack=2.50 release=6.00
10-11 14:59:57.580 21612 21675 D OutputsAudio: [outputs-audio] symbol.info sequence=27 symbol=. timestamp=10221061.477 duration=48.000
10-11 14:59:57.580 21612 21675 I ReactNativeJS: [outputs] playMorse.symbol {"timestamp":10221101.291776,"wallClock":1760209197580,"symbol":".","durationMs":48,"index":26,"source":"console.replay","correlationId":"console-replay:mgmn3x8sbmt4xiuh","nativeTimestampMs":10221061.477,"nativeDurationMs":48,"nativeOffsetMs":39.76685900054872,"nativeSequence":27,"monotonicTimestampMs":10221061.477}
10-11 14:59:57.580 21612 21675 I ReactNativeJS: [outputs] outputs.hapticSymbol {"timestamp":10221101.759953,"wallClock":1760209197580,"enabled":true,"symbol":".","durationMs":48,"platform":"android","source":"console.replay","correlationId":"console-replay:mgmn3x8sbmt4xiuh","timelineOffsetMs":39.76685900054872}
10-11 14:59:57.581 21612 21675 I ReactNativeJS: [outputs] outputs.flashPulse {"timestamp":10221102.495838,"wallClock":1760209197581,"enabled":true,"durationMs":48,"source":"console.replay","correlationId":"console-replay:mgmn3x8sbmt4xiuh","timelineOffsetMs":39.76685900054872}
10-11 14:59:57.588 21612 25916 D OutputsAudio: [outputs-audio] stop gain=1.000 release=6.00
10-11 14:59:57.638 21612 25916 D OutputsAudio: [outputs-audio] stop gain=0.000 release=6.00
10-11 14:59:57.638 21612 25916 D OutputsAudio: [outputs-audio] playMorse.end cancelled=0
10-11 14:59:57.640 21612 21675 I ReactNativeJS: [outputs] outputs.flashPulse.commit {"timestamp":10221161.048026,"wallClock":1760209197639,"durationMs":48,"source":"console.replay","correlationId":"console-replay:mgmn3x8sbmt4xiuh","latencyMs":59.79968800023198,"timelineOffsetMs":39.76685900054872}
10-11 14:59:57.690 21612 21675 I ReactNativeJS: [outputs] playMorse.complete {"timestamp":10221210.724328,"wallClock":1760209197689,"durationMs":4006.518957000226,"source":"console.replay","audioEnabled":true,"audioVolumePercent":100}
10-11 15:00:00.352 21612 21675 I ReactNativeJS: [outputs] playMorse.start {"timestamp":10223873.116723,"wallClock":1760209200351,"unitMs":40,"length":28,"source":"console.replay","audioEnabled":true,"audioVolumePercent":100}
10-11 15:00:00.486 21612 21675 D OutputsAudio: [outputs-audio] warmup hz=700.0
10-11 15:00:00.486 21612 25960 D OutputsAudio: [outputs-audio] playMorse.start count=27 unit=40.0
10-11 15:00:00.486 21612 25960 D OutputsAudio: [outputs-audio] start hz=700.0 gain=1.000 attack=2.50 release=6.00
10-11 15:00:00.495 21612 21675 D OutputsAudio: [outputs-audio] symbol.info sequence=1 symbol=. timestamp=10224008.098 duration=40.000
10-11 15:00:00.497 21612 21675 I ReactNativeJS: [outputs] playMorse.symbol {"timestamp":10224017.055264,"wallClock":1760209200495,"symbol":".","durationMs":40,"index":0,"source":"console.replay","correlationId":"console-replay:mgmn3zhre708nsnk","nativeTimestampMs":10224008.098,"nativeDurationMs":40,"nativeOffsetMs":8.839348001405597,"nativeSequence":1,"monotonicTimestampMs":10224008.098}
10-11 15:00:00.497 21612 21675 I ReactNativeJS: [outputs] outputs.hapticSymbol {"timestamp":10224018.410785,"wallClock":1760209200497,"enabled":true,"symbol":".","durationMs":40,"platform":"android","source":"console.replay","correlationId":"console-replay:mgmn3zhre708nsnk","timelineOffsetMs":8.839348001405597}
10-11 15:00:00.499 21612 21675 I ReactNativeJS: [outputs] outputs.flashPulse {"timestamp":10224020.091723,"wallClock":1760209200498,"enabled":true,"durationMs":40,"source":"console.replay","correlationId":"console-replay:mgmn3zhre708nsnk","timelineOffsetMs":8.839348001405597}
10-11 15:00:00.527 21612 25960 D OutputsAudio: [outputs-audio] stop gain=1.000 release=6.00
10-11 15:00:00.566 21612 21675 I ReactNativeJS: [outputs] outputs.flashPulse.commit {"timestamp":10224087.229431,"wallClock":1760209200566,"durationMs":40,"source":"console.replay","correlationId":"console-replay:mgmn3zhre708nsnk","latencyMs":70.28775999881327,"timelineOffsetMs":8.839348001405597}
10-11 15:00:00.567 21612 25960 D OutputsAudio: [outputs-audio] start hz=700.0 gain=1.000 attack=2.50 release=6.00
10-11 15:00:00.608 21612 25960 D OutputsAudio: [outputs-audio] stop gain=1.000 release=6.00
10-11 15:00:00.613 21612 21675 D OutputsAudio: [outputs-audio] symbol.info sequence=2 symbol=. timestamp=10224089.133 duration=40.000
10-11 15:00:00.613 21612 21675 I ReactNativeJS: [outputs] playMorse.symbol {"timestamp":10224134.360473,"wallClock":1760209200613,"symbol":".","durationMs":40,"index":1,"source":"console.replay","correlationId":"console-replay:mgmn3zl1huun4uxa","nativeTimestampMs":10224089.133,"nativeDurationMs":40,"nativeOffsetMs":45.173879001289606,"nativeSequence":2,"monotonicTimestampMs":10224089.133}
10-11 15:00:00.614 21612 21675 I ReactNativeJS: [outputs] outputs.hapticSymbol {"timestamp":10224134.879327,"wallClock":1760209200613,"enabled":true,"symbol":".","durationMs":40,"platform":"android","source":"console.replay","correlationId":"console-replay:mgmn3zl1huun4uxa","timelineOffsetMs":45.173879001289606}
10-11 15:00:00.614 21612 21675 I ReactNativeJS: [outputs] outputs.flashPulse {"timestamp":10224135.641983,"wallClock":1760209200614,"enabled":true,"durationMs":40,"source":"console.replay","correlationId":"console-replay:mgmn3zl1huun4uxa","timelineOffsetMs":45.173879001289606}
10-11 15:00:00.649 21612 25960 D OutputsAudio: [outputs-audio] start hz=700.0 gain=1.000 attack=2.50 release=6.00
10-11 15:00:00.671 21612 21675 I ReactNativeJS: [outputs] outputs.flashPulse.commit {"timestamp":10224192.181202,"wallClock":1760209200671,"durationMs":40,"source":"console.replay","correlationId":"console-replay:mgmn3zl1huun4uxa","latencyMs":57.869999999180436,"timelineOffsetMs":45.173879001289606}
10-11 15:00:00.690 21612 25960 D OutputsAudio: [outputs-audio] stop gain=1.000 release=6.00
10-11 15:00:00.720 21612 21675 D OutputsAudio: [outputs-audio] symbol.info sequence=3 symbol=. timestamp=10224171.173 duration=40.000
10-11 15:00:00.720 21612 21675 I ReactNativeJS: [outputs] playMorse.symbol {"timestamp":10224241.332191,"wallClock":1760209200720,"symbol":".","durationMs":40,"index":2,"source":"console.replay","correlationId":"console-replay:mgmn3zo01gdixzbg","nativeTimestampMs":10224171.173,"nativeDurationMs":40,"nativeOffsetMs":70.10575399920344,"nativeSequence":3,"monotonicTimestampMs":10224171.173}
10-11 15:00:00.721 21612 21675 I ReactNativeJS: [outputs] outputs.hapticSymbol {"timestamp":10224241.916306,"wallClock":1760209200720,"enabled":true,"symbol":".","durationMs":40,"platform":"android","source":"console.replay","correlationId":"console-replay:mgmn3zo01gdixzbg","timelineOffsetMs":70.10575399920344}
10-11 15:00:00.721 21612 21675 I ReactNativeJS: [outputs] outputs.flashPulse {"timestamp":10224242.615421,"wallClock":1760209200721,"enabled":true,"durationMs":40,"source":"console.replay","correlationId":"console-replay:mgmn3zo01gdixzbg","timelineOffsetMs":70.10575399920344}
10-11 15:00:00.732 21612 25960 D OutputsAudio: [outputs-audio] start hz=700.0 gain=1.000 attack=2.50 release=6.00
10-11 15:00:00.777 21612 21675 I ReactNativeJS: [outputs] outputs.flashPulse.commit {"timestamp":10224298.440264,"wallClock":1760209200777,"durationMs":40,"source":"console.replay","correlationId":"console-replay:mgmn3zo01gdixzbg","latencyMs":57.15723900124431,"timelineOffsetMs":70.10575399920344}
10-11 15:00:00.826 21612 21675 D OutputsAudio: [outputs-audio] symbol.info sequence=4 symbol=- timestamp=10224253.303 duration=120.000
10-11 15:00:00.827 21612 21675 I ReactNativeJS: [outputs] playMorse.symbol {"timestamp":10224348.196514,"wallClock":1760209200827,"symbol":"-","durationMs":120,"index":3,"source":"console.replay","correlationId":"console-replay:mgmn3zqz4gs4pnos","nativeTimestampMs":10224253.303,"nativeDurationMs":120,"nativeOffsetMs":94.84455600008368,"nativeSequence":4,"monotonicTimestampMs":10224253.303}
10-11 15:00:00.827 21612 21675 I ReactNativeJS: [outputs] playMorse.nativeOffset.spike {"timestamp":10224348.693962,"wallClock":1760209200827,"source":"console.replay","offsetMs":94.84455600008368,"sequence":4,"unitMs":40,"correlationId":"console-replay:mgmn3zqz4gs4pnos"}
10-11 15:00:00.828 21612 21675 I ReactNativeJS: [outputs] outputs.hapticSymbol {"timestamp":10224348.966983,"wallClock":1760209200827,"enabled":true,"symbol":"-","durationMs":120,"platform":"android","source":"console.replay","correlationId":"console-replay:mgmn3zqz4gs4pnos","timelineOffsetMs":94.84455600008368}
10-11 15:00:00.828 21612 21675 I ReactNativeJS: [outputs] outputs.flashPulse {"timestamp":10224349.615889,"wallClock":1760209200828,"enabled":true,"durationMs":120,"source":"console.replay","correlationId":"console-replay:mgmn3zqz4gs4pnos","timelineOffsetMs":94.84455600008368}
10-11 15:00:00.852 21612 25960 D OutputsAudio: [outputs-audio] stop gain=1.000 release=6.00
10-11 15:00:00.888 21612 21675 I ReactNativeJS: [outputs] outputs.flashPulse.commit {"timestamp":10224409.335212,"wallClock":1760209200888,"durationMs":120,"source":"console.replay","correlationId":"console-replay:mgmn3zqz4gs4pnos","latencyMs":61.18276000022888,"timelineOffsetMs":94.84455600008368}
10-11 15:00:00.892 21612 25960 D OutputsAudio: [outputs-audio] start hz=700.0 gain=1.000 attack=2.50 release=6.00
10-11 15:00:00.939 21612 21675 D OutputsAudio: [outputs-audio] symbol.info sequence=5 symbol=- timestamp=10224414.046 duration=120.000
10-11 15:00:00.940 21612 21675 I ReactNativeJS: [outputs] playMorse.symbol {"timestamp":10224461.182608,"wallClock":1760209200940,"symbol":"-","durationMs":120,"index":4,"source":"console.replay","correlationId":"console-replay:mgmn3zu4vw4xjx1e","nativeTimestampMs":10224414.046,"nativeDurationMs":120,"nativeOffsetMs":47.08447300083935,"nativeSequence":5,"monotonicTimestampMs":10224414.046}
10-11 15:00:00.940 21612 21675 I ReactNativeJS: [outputs] outputs.hapticSymbol {"timestamp":10224461.704691,"wallClock":1760209200940,"enabled":true,"symbol":"-","durationMs":120,"platform":"android","source":"console.replay","correlationId":"console-replay:mgmn3zu4vw4xjx1e","timelineOffsetMs":47.08447300083935}
10-11 15:00:00.941 21612 21675 I ReactNativeJS: [outputs] outputs.flashPulse {"timestamp":10224462.432243,"wallClock":1760209200941,"enabled":true,"durationMs":120,"source":"console.replay","correlationId":"console-replay:mgmn3zu4vw4xjx1e","timelineOffsetMs":47.08447300083935}
10-11 15:00:00.997 21612 21675 I ReactNativeJS: [outputs] outputs.flashPulse.commit {"timestamp":10224517.889014,"wallClock":1760209200996,"durationMs":120,"source":"console.replay","correlationId":"console-replay:mgmn3zu4vw4xjx1e","latencyMs":56.754634998738766,"timelineOffsetMs":47.08447300083935}
10-11 15:00:01.014 21612 25960 D OutputsAudio: [outputs-audio] stop gain=1.000 release=6.00
10-11 15:00:01.055 21612 25960 D OutputsAudio: [outputs-audio] start hz=700.0 gain=1.000 attack=2.50 release=6.00
10-11 15:00:01.074 21612 21675 D OutputsAudio: [outputs-audio] symbol.info sequence=6 symbol=- timestamp=10224576.326 duration=120.000
10-11 15:00:01.075 21612 21675 I ReactNativeJS: [outputs] playMorse.symbol {"timestamp":10224595.335941,"wallClock":1760209201074,"symbol":"-","durationMs":120,"index":5,"source":"console.replay","correlationId":"console-replay:mgmn3zxu90vlozv3","nativeTimestampMs":10224576.326,"nativeDurationMs":120,"nativeOffsetMs":18.922493001446128,"nativeSequence":6,"monotonicTimestampMs":10224576.326}
10-11 15:00:01.075 21612 21675 I ReactNativeJS: [outputs] outputs.hapticSymbol {"timestamp":10224596.269587,"wallClock":1760209201075,"enabled":true,"symbol":"-","durationMs":120,"platform":"android","source":"console.replay","correlationId":"console-replay:mgmn3zxu90vlozv3","timelineOffsetMs":18.922493001446128}
10-11 15:00:01.076 21612 21675 I ReactNativeJS: [outputs] outputs.flashPulse {"timestamp":10224597.404222,"wallClock":1760209201076,"enabled":true,"durationMs":120,"source":"console.replay","correlationId":"console-replay:mgmn3zxu90vlozv3","timelineOffsetMs":18.922493001446128}
10-11 15:00:01.128 21612 21675 I ReactNativeJS: [outputs] outputs.flashPulse.commit {"timestamp":10224649.564275,"wallClock":1760209201128,"durationMs":120,"source":"console.replay","correlationId":"console-replay:mgmn3zxu90vlozv3","latencyMs":54.310728998854756,"timelineOffsetMs":18.922493001446128}
10-11 15:00:01.175 21612 25960 D OutputsAudio: [outputs-audio] stop gain=1.000 release=6.00
10-11 15:00:01.216 21612 25960 D OutputsAudio: [outputs-audio] start hz=700.0 gain=1.000 attack=2.50 release=6.00
10-11 15:00:01.231 21612 21675 D OutputsAudio: [outputs-audio] symbol.info sequence=7 symbol=. timestamp=10224737.538 duration=40.000
10-11 15:00:01.232 21612 21675 I ReactNativeJS: [outputs] playMorse.symbol {"timestamp":10224752.591827,"wallClock":1760209201231,"symbol":".","durationMs":40,"index":6,"source":"console.replay","correlationId":"console-replay:mgmn40271rjamt94","nativeTimestampMs":10224737.538,"nativeDurationMs":40,"nativeOffsetMs":14.952471999451518,"nativeSequence":7,"monotonicTimestampMs":10224737.538}
10-11 15:00:01.232 21612 21675 I ReactNativeJS: [outputs] outputs.hapticSymbol {"timestamp":10224753.562764,"wallClock":1760209201232,"enabled":true,"symbol":".","durationMs":40,"platform":"android","source":"console.replay","correlationId":"console-replay:mgmn40271rjamt94","timelineOffsetMs":14.952471999451518}
10-11 15:00:01.234 21612 21675 I ReactNativeJS: [outputs] outputs.flashPulse {"timestamp":10224754.995524,"wallClock":1760209201233,"enabled":true,"durationMs":40,"source":"console.replay","correlationId":"console-replay:mgmn40271rjamt94","timelineOffsetMs":14.952471999451518}
10-11 15:00:01.256 21612 25960 D OutputsAudio: [outputs-audio] stop gain=1.000 release=6.00
10-11 15:00:01.296 21612 25960 D OutputsAudio: [outputs-audio] start hz=700.0 gain=1.000 attack=2.50 release=6.00
10-11 15:00:01.304 21612 21675 I ReactNativeJS: [outputs] outputs.flashPulse.commit {"timestamp":10224824.978597,"wallClock":1760209201303,"durationMs":40,"source":"console.replay","correlationId":"console-replay:mgmn40271rjamt94","latencyMs":72.48328199982643,"timelineOffsetMs":14.952471999451518}
10-11 15:00:01.337 21612 25960 D OutputsAudio: [outputs-audio] stop gain=1.000 release=6.00
10-11 15:00:01.356 21612 21675 D OutputsAudio: [outputs-audio] symbol.info sequence=8 symbol=. timestamp=10224817.977 duration=40.000
10-11 15:00:01.357 21612 21675 I ReactNativeJS: [outputs] playMorse.symbol {"timestamp":10224877.738702,"wallClock":1760209201356,"symbol":".","durationMs":40,"index":7,"source":"console.replay","correlationId":"console-replay:mgmn405ohygpba4k","nativeTimestampMs":10224817.977,"nativeDurationMs":40,"nativeOffsetMs":59.710607999935746,"nativeSequence":8,"monotonicTimestampMs":10224817.977}
10-11 15:00:01.357 21612 21675 I ReactNativeJS: [outputs] outputs.hapticSymbol {"timestamp":10224878.235629,"wallClock":1760209201357,"enabled":true,"symbol":".","durationMs":40,"platform":"android","source":"console.replay","correlationId":"console-replay:mgmn405ohygpba4k","timelineOffsetMs":59.710607999935746}
10-11 15:00:01.358 21612 21675 I ReactNativeJS: [outputs] outputs.flashPulse {"timestamp":10224878.96917,"wallClock":1760209201357,"enabled":true,"durationMs":40,"source":"console.replay","correlationId":"console-replay:mgmn405ohygpba4k","timelineOffsetMs":59.710607999935746}
10-11 15:00:01.377 21612 25960 D OutputsAudio: [outputs-audio] start hz=700.0 gain=1.000 attack=2.50 release=6.00
10-11 15:00:01.408 21612 21675 I ReactNativeJS: [outputs] outputs.flashPulse.commit {"timestamp":10224929.30292,"wallClock":1760209201408,"durationMs":40,"source":"console.replay","correlationId":"console-replay:mgmn405ohygpba4k","latencyMs":51.61083300039172,"timelineOffsetMs":59.710607999935746}
10-11 15:00:01.418 21612 25960 D OutputsAudio: [outputs-audio] stop gain=1.000 release=6.00
10-11 15:00:01.451 21612 21675 D OutputsAudio: [outputs-audio] symbol.info sequence=9 symbol=. timestamp=10224898.940 duration=40.000
10-11 15:00:01.452 21612 21675 I ReactNativeJS: [outputs] playMorse.symbol {"timestamp":10224973.058962,"wallClock":1760209201451,"symbol":".","durationMs":40,"index":8,"source":"console.replay","correlationId":"console-replay:mgmn408bxkr9hxeh","nativeTimestampMs":10224898.94,"nativeDurationMs":40,"nativeOffsetMs":74.0692740008235,"nativeSequence":9,"monotonicTimestampMs":10224898.94}
10-11 15:00:01.452 21612 21675 I ReactNativeJS: [outputs] outputs.hapticSymbol {"timestamp":10224973.538962,"wallClock":1760209201452,"enabled":true,"symbol":".","durationMs":40,"platform":"android","source":"console.replay","correlationId":"console-replay:mgmn408bxkr9hxeh","timelineOffsetMs":74.0692740008235}
10-11 15:00:01.453 21612 21675 I ReactNativeJS: [outputs] outputs.flashPulse {"timestamp":10224974.283129,"wallClock":1760209201453,"enabled":true,"durationMs":40,"source":"console.replay","correlationId":"console-replay:mgmn408bxkr9hxeh","timelineOffsetMs":74.0692740008235}
10-11 15:00:01.459 21612 25960 D OutputsAudio: [outputs-audio] start hz=700.0 gain=1.000 attack=2.50 release=6.00
10-11 15:00:01.509 21612 21675 I ReactNativeJS: [outputs] outputs.flashPulse.commit {"timestamp":10225030.322347,"wallClock":1760209201509,"durationMs":40,"source":"console.replay","correlationId":"console-replay:mgmn408bxkr9hxeh","latencyMs":57.30874999985099,"timelineOffsetMs":74.0692740008235}
10-11 15:00:01.552 21612 21675 D OutputsAudio: [outputs-audio] symbol.info sequence=10 symbol=- timestamp=10224980.281 duration=120.000
10-11 15:00:01.553 21612 21675 I ReactNativeJS: [outputs] playMorse.symbol {"timestamp":10225073.906879,"wallClock":1760209201552,"symbol":"-","durationMs":120,"index":9,"source":"console.replay","correlationId":"console-replay:mgmn40b414riz3d0","nativeTimestampMs":10224980.281,"nativeDurationMs":120,"nativeOffsetMs":93.57468100078404,"nativeSequence":10,"monotonicTimestampMs":10224980.281}
10-11 15:00:01.553 21612 21675 I ReactNativeJS: [outputs] playMorse.nativeOffset.spike {"timestamp":10225074.351931,"wallClock":1760209201553,"source":"console.replay","offsetMs":93.57468100078404,"sequence":10,"unitMs":40,"correlationId":"console-replay:mgmn40b414riz3d0"}
10-11 15:00:01.553 21612 21675 I ReactNativeJS: [outputs] outputs.hapticSymbol {"timestamp":10225074.638754,"wallClock":1760209201553,"enabled":true,"symbol":"-","durationMs":120,"platform":"android","source":"console.replay","correlationId":"console-replay:mgmn40b414riz3d0","timelineOffsetMs":93.57468100078404}
10-11 15:00:01.554 21612 21675 I ReactNativeJS: [outputs] outputs.flashPulse {"timestamp":10225075.312243,"wallClock":1760209201554,"enabled":true,"durationMs":120,"source":"console.replay","correlationId":"console-replay:mgmn40b414riz3d0","timelineOffsetMs":93.57468100078404}
10-11 15:00:01.579 21612 25960 D OutputsAudio: [outputs-audio] stop gain=1.000 release=6.00
10-11 15:00:01.613 21612 21675 I ReactNativeJS: [outputs] outputs.flashPulse.commit {"timestamp":10225134.298233,"wallClock":1760209201613,"durationMs":120,"source":"console.replay","correlationId":"console-replay:mgmn40b414riz3d0","latencyMs":60.43833299912512,"timelineOffsetMs":93.57468100078404}
10-11 15:00:01.620 21612 25960 D OutputsAudio: [outputs-audio] start hz=700.0 gain=1.000 attack=2.50 release=6.00
10-11 15:00:01.665 21612 21675 D OutputsAudio: [outputs-audio] symbol.info sequence=11 symbol=- timestamp=10225141.845 duration=120.000
10-11 15:00:01.666 21612 21675 I ReactNativeJS: [outputs] playMorse.symbol {"timestamp":10225186.997556,"wallClock":1760209201665,"symbol":"-","durationMs":120,"index":10,"source":"console.replay","correlationId":"console-replay:mgmn40e9pyj2slsv","nativeTimestampMs":10225141.845,"nativeDurationMs":120,"nativeOffsetMs":45.10239899903536,"nativeSequence":11,"monotonicTimestampMs":10225141.845}
10-11 15:00:01.666 21612 21675 I ReactNativeJS: [outputs] outputs.hapticSymbol {"timestamp":10225187.466149,"wallClock":1760209201666,"enabled":true,"symbol":"-","durationMs":120,"platform":"android","source":"console.replay","correlationId":"console-replay:mgmn40e9pyj2slsv","timelineOffsetMs":45.10239899903536}
10-11 15:00:01.667 21612 21675 I ReactNativeJS: [outputs] outputs.flashPulse {"timestamp":10225188.216983,"wallClock":1760209201667,"enabled":true,"durationMs":120,"source":"console.replay","correlationId":"console-replay:mgmn40e9pyj2slsv","timelineOffsetMs":45.10239899903536}
10-11 15:00:01.733 21612 21675 I ReactNativeJS: [outputs] outputs.flashPulse.commit {"timestamp":10225254.512972,"wallClock":1760209201733,"durationMs":120,"source":"console.replay","correlationId":"console-replay:mgmn40e9pyj2slsv","latencyMs":67.5616149995476,"timelineOffsetMs":45.10239899903536}
10-11 15:00:01.741 21612 25960 D OutputsAudio: [outputs-audio] stop gain=1.000 release=6.00
10-11 15:00:01.782 21612 25960 D OutputsAudio: [outputs-audio] start hz=700.0 gain=1.000 attack=2.50 release=6.00
10-11 15:00:01.800 21612 21675 D OutputsAudio: [outputs-audio] symbol.info sequence=12 symbol=- timestamp=10225303.758 duration=120.000
10-11 15:00:01.801 21612 21675 I ReactNativeJS: [outputs] playMorse.symbol {"timestamp":10225322.27766,"wallClock":1760209201801,"symbol":"-","durationMs":120,"index":11,"source":"console.replay","correlationId":"console-replay:mgmn40i1lixuwxov","nativeTimestampMs":10225303.758,"nativeDurationMs":120,"nativeOffsetMs":18.433722000569105,"nativeSequence":12,"monotonicTimestampMs":10225303.758}
10-11 15:00:01.802 21612 21675 I ReactNativeJS: [outputs] outputs.hapticSymbol {"timestamp":10225323.037816,"wallClock":1760209201801,"enabled":true,"symbol":"-","durationMs":120,"platform":"android","source":"console.replay","correlationId":"console-replay:mgmn40i1lixuwxov","timelineOffsetMs":18.433722000569105}
10-11 15:00:01.803 21612 21675 I ReactNativeJS: [outputs] outputs.flashPulse {"timestamp":10225324.134014,"wallClock":1760209201803,"enabled":true,"durationMs":120,"source":"console.replay","correlationId":"console-replay:mgmn40i1lixuwxov","timelineOffsetMs":18.433722000569105}
10-11 15:00:01.865 21612 21675 I ReactNativeJS: [outputs] outputs.flashPulse.commit {"timestamp":10225386.793805,"wallClock":1760209201865,"durationMs":120,"source":"console.replay","correlationId":"console-replay:mgmn40i1lixuwxov","latencyMs":64.59760399907827,"timelineOffsetMs":18.433722000569105}
10-11 15:00:01.902 21612 25960 D OutputsAudio: [outputs-audio] stop gain=1.000 release=6.00
10-11 15:00:01.943 21612 25960 D OutputsAudio: [outputs-audio] start hz=700.0 gain=1.000 attack=2.50 release=6.00
