10-11 17:35:41.275  8013  8101 D OutputsAudio: [outputs-audio] symbol.info sequence=26 symbol=. timestamp=19564764.492 duration=48.000 expected=19564725.714 skew=38.778 age=31.829
10-11 17:35:41.275  8013  8101 I ReactNativeJS: [outputs] playMorse.symbol {"timestamp":19564796.455243,"wallClock":1760218541275,"symbol":".","durationMs":48,"index":25,"source":"console.replay","correlationId":"console-replay:mgmso6vv9wy0nmu4","nativeTimestampMs":19564764.492,"nativeDurationMs":48,"nativeOffsetMs":31.91381600126624,"nativeSequence":26,"monotonicTimestampMs":19564764.492,"nativeExpectedTimestampMs":19564725.714,"nativeStartSkewMs":38.778,"nativeBatchElapsedMs":3590.778,"nativeExpectedSincePriorMs":96,"nativeSincePriorMs":97.031,"nativePatternStartMs":19561173.714,"nativeAgeMs":31.829}
10-11 17:35:41.276  8013  8101 I ReactNativeJS: [outputs] outputs.hapticSymbol {"timestamp":19564796.96467,"wallClock":1760218541275,"enabled":true,"symbol":".","durationMs":48,"platform":"android","source":"console.replay","correlationId":"console-replay:mgmso6vv9wy0nmu4","timelineOffsetMs":31.91381600126624}
10-11 17:35:41.276  8013  8101 I ReactNativeJS: [outputs] outputs.flashPulse {"timestamp":19564797.606076,"wallClock":1760218541276,"enabled":true,"durationMs":48,"source":"console.replay","correlationId":"console-replay:mgmso6vv9wy0nmu4","timelineOffsetMs":31.91381600126624,"schedulingMode":"timeline","audioStartHeadroomMs":-79.88358699902892,"audioStartGuard":"headroom"}
10-11 17:35:41.292  8013  8457 D OutputsAudio: [outputs-audio] stop gain=1.000 release=6.00
10-11 17:35:41.328  8013  8101 I ReactNativeJS: [outputs] outputs.flashPulse.commit {"timestamp":19564849.044253,"wallClock":1760218541327,"durationMs":48,"source":"console.replay","correlationId":"console-replay:mgmso6vv9wy0nmu4","latencyMs":52.63052099943161,"timelineOffsetMs":31.91381600126624,"leadMs":8,"scheduleSkewMs":60.63052099943161,"schedulingMode":"timeline","audioStartHeadroomMs":-79.88358699902892,"audioStartGuard":"headroom"}
10-11 17:35:41.340  8013  8457 D OutputsAudio: [outputs-audio] start hz=700.0 gain=1.000 attack=2.50 release=6.00
10-11 17:35:41.341  8013  8457 D OutputsAudio: [outputs-audio] playMorse.symbol.start sequence=27 symbol=. expected=19564821.714 actual=19564862.144 skew=40.430 batchElapsed=3688.430
10-11 17:35:41.371  8013  8101 D OutputsAudio: [outputs-audio] symbol.info sequence=27 symbol=. timestamp=19564862.144 duration=48.000 expected=19564821.714 skew=40.430 age=30.891
10-11 17:35:41.372  8013  8101 I ReactNativeJS: [outputs] playMorse.symbol {"timestamp":19564893.196076,"wallClock":1760218541372,"symbol":".","durationMs":48,"index":26,"source":"console.replay","correlationId":"console-replay:mgmso6yk2u9hhprb","nativeTimestampMs":19564862.144,"nativeDurationMs":48,"nativeOffsetMs":30.99905499815941,"nativeSequence":27,"monotonicTimestampMs":19564862.144,"nativeExpectedTimestampMs":19564821.714,"nativeStartSkewMs":40.43,"nativeBatchElapsedMs":3688.43,"nativeExpectedSincePriorMs":96,"nativeSincePriorMs":97.652,"nativePatternStartMs":19561173.714,"nativeAgeMs":30.891}
10-11 17:35:41.372  8013  8101 I ReactNativeJS: [outputs] outputs.hapticSymbol {"timestamp":19564893.697534,"wallClock":1760218541372,"enabled":true,"symbol":".","durationMs":48,"platform":"android","source":"console.replay","correlationId":"console-replay:mgmso6yk2u9hhprb","timelineOffsetMs":30.99905499815941}
10-11 17:35:41.373  8013  8101 I ReactNativeJS: [outputs] outputs.flashPulse {"timestamp":19564894.269409,"wallClock":1760218541373,"enabled":true,"durationMs":48,"source":"console.replay","correlationId":"console-replay:mgmso6yk2u9hhprb","timelineOffsetMs":30.99905499815941,"schedulingMode":"timeline","audioStartHeadroomMs":-80.54728399962187,"audioStartGuard":"headroom"}
10-11 17:35:41.389  8013  8457 D OutputsAudio: [outputs-audio] stop gain=1.000 release=6.00
10-11 17:35:41.389  8013  8457 D OutputsAudio: [outputs-audio] stop gain=1.000 release=6.00
10-11 17:35:41.390  8013  8457 D OutputsAudio: [outputs-audio] playMorse.end cancelled=0
10-11 17:35:41.431  8013  8101 I ReactNativeJS: [outputs] outputs.flashPulse.commit {"timestamp":19564952.613316,"wallClock":1760218541431,"durationMs":48,"source":"console.replay","correlationId":"console-replay:mgmso6yk2u9hhprb","latencyMs":59.461823001503944,"timelineOffsetMs":30.99905499815941,"leadMs":8,"scheduleSkewMs":67.46182300150394,"schedulingMode":"timeline","audioStartHeadroomMs":-80.54728399962187,"audioStartGuard":"headroom"}
10-11 17:35:41.476  8013  8101 I ReactNativeJS: [outputs] playMorse.complete {"timestamp":19564996.74993,"wallClock":1760218541475,"durationMs":3979.4076020009816,"source":"console.replay","audioEnabled":true,"audioVolumePercent":100}
10-11 17:35:44.278  8013  8101 I ReactNativeJS: [outputs] playMorse.start {"timestamp":19567798.755242,"wallClock":1760218544277,"unitMs":40,"length":28,"source":"console.replay","audioEnabled":true,"audioVolumePercent":100}
10-11 17:35:44.414  8013  8101 D OutputsAudio: [outputs-audio] warmup hz=700.0
10-11 17:35:44.414  8013  8503 D OutputsAudio: [outputs-audio] playMorse.start count=27 unit=40.0
10-11 17:35:44.414  8013  8503 D OutputsAudio: [outputs-audio] start hz=700.0 gain=1.000 attack=2.50 release=6.00
10-11 17:35:44.414  8013  8503 D OutputsAudio: [outputs-audio] playMorse.symbol.start sequence=1 symbol=. expected=19567935.923 actual=19567935.934 skew=0.011 batchElapsed=0.011
10-11 17:35:44.423  8013  8101 D OutputsAudio: [outputs-audio] symbol.info sequence=1 symbol=. timestamp=19567935.934 duration=40.000 expected=19567935.923 skew=0.011 age=8.201
10-11 17:35:44.423  8013  8101 I ReactNativeJS: [outputs] playMorse.symbol {"timestamp":19567944.323835,"wallClock":1760218544423,"symbol":".","durationMs":40,"index":0,"source":"console.replay","correlationId":"console-replay:mgmso9bblm6xr8hy","nativeTimestampMs":19567935.934,"nativeDurationMs":40,"nativeOffsetMs":8.306345999240875,"nativeSequence":1,"monotonicTimestampMs":19567935.934,"nativeExpectedTimestampMs":19567935.923,"nativeStartSkewMs":0.011,"nativeBatchElapsedMs":0.011,"nativeExpectedSincePriorMs":0,"nativeSincePriorMs":0,"nativePatternStartMs":19567935.923,"nativeAgeMs":8.201}
10-11 17:35:44.424  8013  8101 I ReactNativeJS: [outputs] outputs.hapticSymbol {"timestamp":19567945.188887,"wallClock":1760218544424,"enabled":true,"symbol":".","durationMs":40,"platform":"android","source":"console.replay","correlationId":"console-replay:mgmso9bblm6xr8hy","timelineOffsetMs":8.306345999240875}
10-11 17:35:44.425  8013  8101 I ReactNativeJS: [outputs] outputs.flashPulse {"timestamp":19567946.113992,"wallClock":1760218544424,"enabled":true,"durationMs":40,"source":"console.replay","correlationId":"console-replay:mgmso9bblm6xr8hy","timelineOffsetMs":8.306345999240875,"schedulingMode":"timeline","audioStartHeadroomMs":-18.174532998353243,"audioStartGuard":"headroom"}
10-11 17:35:44.455  8013  8503 D OutputsAudio: [outputs-audio] stop gain=1.000 release=6.00
10-11 17:35:44.483  8013  8101 I ReactNativeJS: [outputs] outputs.flashPulse.commit {"timestamp":19568004.593419,"wallClock":1760218544483,"durationMs":40,"source":"console.replay","correlationId":"console-replay:mgmso9bblm6xr8hy","latencyMs":60.344218000769615,"timelineOffsetMs":8.306345999240875,"leadMs":8,"scheduleSkewMs":68.34421800076962,"schedulingMode":"timeline","audioStartHeadroomMs":-18.174532998353243,"audioStartGuard":"headroom"}
10-11 17:35:44.496  8013  8503 D OutputsAudio: [outputs-audio] start hz=700.0 gain=1.000 attack=2.50 release=6.00
10-11 17:35:44.496  8013  8503 D OutputsAudio: [outputs-audio] playMorse.symbol.start sequence=2 symbol=. expected=19568015.923 actual=19568017.330 skew=1.407 batchElapsed=81.407
10-11 17:35:44.533  8013  8101 D OutputsAudio: [outputs-audio] symbol.info sequence=2 symbol=. timestamp=19568017.330 duration=40.000 expected=19568015.923 skew=1.407 age=36.954
10-11 17:35:44.533  8013  8101 I ReactNativeJS: [outputs] playMorse.symbol {"timestamp":19568054.414304,"wallClock":1760218544533,"symbol":".","durationMs":40,"index":1,"source":"console.replay","correlationId":"console-replay:mgmso9ed5g4fp2vr","nativeTimestampMs":19568017.33,"nativeDurationMs":40,"nativeOffsetMs":37.03336700052023,"nativeSequence":2,"monotonicTimestampMs":19568017.33,"nativeExpectedTimestampMs":19568015.923,"nativeStartSkewMs":1.407,"nativeBatchElapsedMs":81.407,"nativeExpectedSincePriorMs":80,"nativeSincePriorMs":81.396,"nativePatternStartMs":19567935.923,"nativeAgeMs":36.954}
10-11 17:35:44.534  8013  8101 I ReactNativeJS: [outputs] outputs.hapticSymbol {"timestamp":19568054.899304,"wallClock":1760218544533,"enabled":true,"symbol":".","durationMs":40,"platform":"android","source":"console.replay","correlationId":"console-replay:mgmso9ed5g4fp2vr","timelineOffsetMs":37.03336700052023}
10-11 17:35:44.534  8013  8101 I ReactNativeJS: [outputs] outputs.flashPulse {"timestamp":19568055.481596,"wallClock":1760218544534,"enabled":true,"durationMs":40,"source":"console.replay","correlationId":"console-replay:mgmso9ed5g4fp2vr","timelineOffsetMs":37.03336700052023,"schedulingMode":"timeline","audioStartHeadroomMs":-47.54901199787855,"audioStartGuard":"headroom"}
10-11 17:35:44.537  8013  8503 D OutputsAudio: [outputs-audio] stop gain=1.000 release=6.00
10-11 17:35:44.577  8013  8503 D OutputsAudio: [outputs-audio] start hz=700.0 gain=1.000 attack=2.50 release=6.00
10-11 17:35:44.577  8013  8503 D OutputsAudio: [outputs-audio] playMorse.symbol.start sequence=3 symbol=. expected=19568095.923 actual=19568099.025 skew=3.102 batchElapsed=163.102
10-11 17:35:44.585  8013  8101 I ReactNativeJS: [outputs] outputs.flashPulse.commit {"timestamp":19568106.661179,"wallClock":1760218544585,"durationMs":40,"source":"console.replay","correlationId":"console-replay:mgmso9ed5g4fp2vr","latencyMs":52.289114002138376,"timelineOffsetMs":37.03336700052023,"leadMs":8,"scheduleSkewMs":60.289114002138376,"schedulingMode":"timeline","audioStartHeadroomMs":-47.54901199787855,"audioStartGuard":"headroom"}
10-11 17:35:44.619  8013  8503 D OutputsAudio: [outputs-audio] stop gain=1.000 release=6.00
10-11 17:35:44.629  8013  8101 D OutputsAudio: [outputs-audio] symbol.info sequence=3 symbol=. timestamp=19568099.025 duration=40.000 expected=19568095.923 skew=3.102 age=51.887
10-11 17:35:44.630  8013  8101 I ReactNativeJS: [outputs] playMorse.symbol {"timestamp":19568151.049408,"wallClock":1760218544629,"symbol":".","durationMs":40,"index":2,"source":"console.replay","correlationId":"console-replay:mgmso9h1d8abe3vr","nativeTimestampMs":19568099.025,"nativeDurationMs":40,"nativeOffsetMs":51.97357499971986,"nativeSequence":3,"monotonicTimestampMs":19568099.025,"nativeExpectedTimestampMs":19568095.923,"nativeStartSkewMs":3.102,"nativeBatchElapsedMs":163.102,"nativeExpectedSincePriorMs":80,"nativeSincePriorMs":81.695,"nativePatternStartMs":19567935.923,"nativeAgeMs":51.887}
10-11 17:35:44.630  8013  8101 I ReactNativeJS: [outputs] outputs.hapticSymbol {"timestamp":19568151.547429,"wallClock":1760218544630,"enabled":true,"symbol":".","durationMs":40,"platform":"android","source":"console.replay","correlationId":"console-replay:mgmso9h1d8abe3vr","timelineOffsetMs":51.97357499971986}
10-11 17:35:44.631  8013  8101 I ReactNativeJS: [outputs] outputs.flashPulse {"timestamp":19568152.169512,"wallClock":1760218544631,"enabled":true,"durationMs":40,"source":"console.replay","correlationId":"console-replay:mgmso9h1d8abe3vr","timelineOffsetMs":51.97357499971986,"schedulingMode":"timeline","audioStartHeadroomMs":-64.23744999989867,"audioStartGuard":"headroom"}
10-11 17:35:44.660  8013  8503 D OutputsAudio: [outputs-audio] start hz=700.0 gain=1.000 attack=2.50 release=6.00
10-11 17:35:44.660  8013  8503 D OutputsAudio: [outputs-audio] playMorse.symbol.start sequence=4 symbol=- expected=19568175.923 actual=19568181.403 skew=5.480 batchElapsed=245.480
10-11 17:35:44.690  8013  8101 I ReactNativeJS: [outputs] outputs.flashPulse.commit {"timestamp":19568211.003783,"wallClock":1760218544689,"durationMs":40,"source":"console.replay","correlationId":"console-replay:mgmso9h1d8abe3vr","latencyMs":59.99677100032568,"timelineOffsetMs":51.97357499971986,"leadMs":8,"scheduleSkewMs":67.99677100032568,"schedulingMode":"timeline","audioStartHeadroomMs":-64.23744999989867,"audioStartGuard":"headroom"}
10-11 17:35:44.739  8013  8101 D OutputsAudio: [outputs-audio] symbol.info sequence=4 symbol=- timestamp=19568181.403 duration=120.000 expected=19568175.923 skew=5.480 age=79.592
10-11 17:35:44.740  8013  8101 I ReactNativeJS: [outputs] playMorse.symbol {"timestamp":19568261.130294,"wallClock":1760218544740,"symbol":"-","durationMs":120,"index":3,"source":"console.replay","correlationId":"console-replay:mgmso9k3e2dbr43z","nativeTimestampMs":19568181.403,"nativeDurationMs":120,"nativeOffsetMs":79.67828299850225,"nativeSequence":4,"monotonicTimestampMs":19568181.403,"nativeExpectedTimestampMs":19568175.923,"nativeStartSkewMs":5.48,"nativeBatchElapsedMs":245.48,"nativeExpectedSincePriorMs":80,"nativeSincePriorMs":82.378,"nativePatternStartMs":19567935.923,"nativeAgeMs":79.592}
10-11 17:35:44.740  8013  8101 I ReactNativeJS: [outputs] outputs.hapticSymbol {"timestamp":19568261.64696,"wallClock":1760218544740,"enabled":true,"symbol":"-","durationMs":120,"platform":"android","source":"console.replay","correlationId":"console-replay:mgmso9k3e2dbr43z","timelineOffsetMs":79.67828299850225}
10-11 17:35:44.741  8013  8101 I ReactNativeJS: [outputs] outputs.flashPulse {"timestamp":19568262.320033,"wallClock":1760218544741,"enabled":true,"durationMs":120,"source":"console.replay","correlationId":"console-replay:mgmso9k3e2dbr43z","timelineOffsetMs":79.67828299850225,"schedulingMode":"timeline","audioStartHeadroomMs":-94.38875199854374,"audioStartGuard":"headroom"}
10-11 17:35:44.781  8013  8503 D OutputsAudio: [outputs-audio] stop gain=1.000 release=6.00
10-11 17:35:44.792  8013  8101 I ReactNativeJS: [outputs] outputs.flashPulse.commit {"timestamp":19568313.207429,"wallClock":1760218544792,"durationMs":120,"source":"console.replay","correlationId":"console-replay:mgmso9k3e2dbr43z","latencyMs":52.11796899884939,"timelineOffsetMs":79.67828299850225,"leadMs":8,"scheduleSkewMs":60.11796899884939,"schedulingMode":"timeline","audioStartHeadroomMs":-94.38875199854374,"audioStartGuard":"headroom"}
10-11 17:35:44.821  8013  8503 D OutputsAudio: [outputs-audio] start hz=700.0 gain=1.000 attack=2.50 release=6.00
10-11 17:35:44.821  8013  8503 D OutputsAudio: [outputs-audio] playMorse.symbol.start sequence=5 symbol=- expected=19568335.923 actual=19568342.772 skew=6.849 batchElapsed=406.849
10-11 17:35:44.841  8013  8101 D OutputsAudio: [outputs-audio] symbol.info sequence=5 symbol=- timestamp=19568342.772 duration=120.000 expected=19568335.923 skew=6.849 age=20.088
10-11 17:35:44.842  8013  8101 I ReactNativeJS: [outputs] playMorse.symbol {"timestamp":19568362.991283,"wallClock":1760218544841,"symbol":"-","durationMs":120,"index":4,"source":"console.replay","correlationId":"console-replay:mgmso9mxnigjdrjb","nativeTimestampMs":19568342.772,"nativeDurationMs":120,"nativeOffsetMs":20.16959600150585,"nativeSequence":5,"monotonicTimestampMs":19568342.772,"nativeExpectedTimestampMs":19568335.923,"nativeStartSkewMs":6.849,"nativeBatchElapsedMs":406.849,"nativeExpectedSincePriorMs":160,"nativeSincePriorMs":161.37,"nativePatternStartMs":19567935.923,"nativeAgeMs":20.088}
10-11 17:35:44.842  8013  8101 I ReactNativeJS: [outputs] outputs.hapticSymbol {"timestamp":19568363.472116,"wallClock":1760218544842,"enabled":true,"symbol":"-","durationMs":120,"platform":"android","source":"console.replay","correlationId":"console-replay:mgmso9mxnigjdrjb","timelineOffsetMs":20.16959600150585}
10-11 17:35:44.843  8013  8101 I ReactNativeJS: [outputs] outputs.flashPulse {"timestamp":19568364.0642,"wallClock":1760218544842,"enabled":true,"durationMs":120,"source":"console.replay","correlationId":"console-replay:mgmso9mxnigjdrjb","timelineOffsetMs":20.16959600150585,"schedulingMode":"timeline","audioStartHeadroomMs":-36.13109599798918,"audioStartGuard":"headroom"}
10-11 17:35:44.895  8013  8101 I ReactNativeJS: [outputs] outputs.flashPulse.commit {"timestamp":19568416.53821,"wallClock":1760218544895,"durationMs":120,"source":"console.replay","correlationId":"console-replay:mgmso9mxnigjdrjb","latencyMs":53.58781199902296,"timelineOffsetMs":20.16959600150585,"leadMs":8,"scheduleSkewMs":61.58781199902296,"schedulingMode":"timeline","audioStartHeadroomMs":-36.13109599798918,"audioStartGuard":"headroom"}
10-11 17:35:44.942  8013  8503 D OutputsAudio: [outputs-audio] stop gain=1.000 release=6.00
10-11 17:35:44.984  8013  8503 D OutputsAudio: [outputs-audio] start hz=700.0 gain=1.000 attack=2.50 release=6.00
10-11 17:35:44.984  8013  8503 D OutputsAudio: [outputs-audio] playMorse.symbol.start sequence=6 symbol=- expected=19568495.923 actual=19568505.599 skew=9.676 batchElapsed=569.676
10-11 17:35:44.998  8013  8101 D OutputsAudio: [outputs-audio] symbol.info sequence=6 symbol=- timestamp=19568505.599 duration=120.000 expected=19568495.923 skew=9.676 age=14.291
10-11 17:35:45.000  8013  8101 I ReactNativeJS: [outputs] playMorse.symbol {"timestamp":19568520.214356,"wallClock":1760218544999,"symbol":"-","durationMs":120,"index":5,"source":"console.replay","correlationId":"console-replay:mgmso9rb653baq2i","nativeTimestampMs":19568505.599,"nativeDurationMs":120,"nativeOffsetMs":14.463897999376059,"nativeSequence":6,"monotonicTimestampMs":19568505.599,"nativeExpectedTimestampMs":19568495.923,"nativeStartSkewMs":9.676,"nativeBatchElapsedMs":569.676,"nativeExpectedSincePriorMs":160,"nativeSincePriorMs":162.827,"nativePatternStartMs":19567935.923,"nativeAgeMs":14.291}
10-11 17:35:45.000  8013  8101 I ReactNativeJS: [outputs] outputs.hapticSymbol {"timestamp":19568521.362064,"wallClock":1760218545000,"enabled":true,"symbol":"-","durationMs":120,"platform":"android","source":"console.replay","correlationId":"console-replay:mgmso9rb653baq2i","timelineOffsetMs":14.463897999376059}
10-11 17:35:45.002  8013  8101 I ReactNativeJS: [outputs] outputs.flashPulse {"timestamp":19568522.912064,"wallClock":1760218545001,"enabled":true,"durationMs":120,"source":"console.replay","correlationId":"console-replay:mgmso9rb653baq2i","timelineOffsetMs":14.463897999376059,"schedulingMode":"timeline","audioStartHeadroomMs":-34.96984599903226,"audioStartGuard":"headroom"}
10-11 17:35:45.072  8013  8101 I ReactNativeJS: [outputs] outputs.flashPulse.commit {"timestamp":19568593.13045,"wallClock":1760218545072,"durationMs":120,"source":"console.replay","correlationId":"console-replay:mgmso9rb653baq2i","latencyMs":73.05932300165296,"timelineOffsetMs":14.463897999376059,"leadMs":8,"scheduleSkewMs":81.05932300165296,"schedulingMode":"timeline","audioStartHeadroomMs":-34.96984599903226,"audioStartGuard":"headroom"}
10-11 17:35:45.104  8013  8503 D OutputsAudio: [outputs-audio] stop gain=1.000 release=6.00
10-11 17:35:45.144  8013  8503 D OutputsAudio: [outputs-audio] start hz=700.0 gain=1.000 attack=2.50 release=6.00
10-11 17:35:45.145  8013  8503 D OutputsAudio: [outputs-audio] playMorse.symbol.start sequence=7 symbol=. expected=19568655.923 actual=19568666.265 skew=10.342 batchElapsed=730.342
10-11 17:35:45.155  8013  8101 D OutputsAudio: [outputs-audio] symbol.info sequence=7 symbol=. timestamp=19568666.265 duration=40.000 expected=19568655.923 skew=10.342 age=10.394
10-11 17:35:45.156  8013  8101 I ReactNativeJS: [outputs] playMorse.symbol {"timestamp":19568676.828106,"wallClock":1760218545155,"symbol":".","durationMs":40,"index":6,"source":"console.replay","correlationId":"console-replay:mgmso9vnzmzhda7o","nativeTimestampMs":19568666.265,"nativeDurationMs":40,"nativeOffsetMs":10.49039800092578,"nativeSequence":7,"monotonicTimestampMs":19568666.265,"nativeExpectedTimestampMs":19568655.923,"nativeStartSkewMs":10.342,"nativeBatchElapsedMs":730.342,"nativeExpectedSincePriorMs":160,"nativeSincePriorMs":160.665,"nativePatternStartMs":19567935.923,"nativeAgeMs":10.394}
10-11 17:35:45.156  8013  8101 I ReactNativeJS: [outputs] outputs.hapticSymbol {"timestamp":19568677.485345,"wallClock":1760218545156,"enabled":true,"symbol":".","durationMs":40,"platform":"android","source":"console.replay","correlationId":"console-replay:mgmso9vnzmzhda7o","timelineOffsetMs":10.49039800092578}
10-11 17:35:45.157  8013  8101 I ReactNativeJS: [outputs] outputs.flashPulse {"timestamp":19568678.1267,"wallClock":1760218545156,"enabled":true,"durationMs":40,"source":"console.replay","correlationId":"console-replay:mgmso9vnzmzhda7o","timelineOffsetMs":10.49039800092578,"schedulingMode":"timeline","audioStartHeadroomMs":-30.193594999611378,"audioStartGuard":"headroom"}
10-11 17:35:45.185  8013  8503 D OutputsAudio: [outputs-audio] stop gain=1.000 release=6.00
10-11 17:35:45.208  8013  8101 I ReactNativeJS: [outputs] outputs.flashPulse.commit {"timestamp":19568729.67295,"wallClock":1760218545208,"durationMs":40,"source":"console.replay","correlationId":"console-replay:mgmso9vnzmzhda7o","latencyMs":52.908489000052214,"timelineOffsetMs":10.49039800092578,"leadMs":8,"scheduleSkewMs":60.908489000052214,"schedulingMode":"timeline","audioStartHeadroomMs":-30.193594999611378,"audioStartGuard":"headroom"}
10-11 17:35:45.226  8013  8503 D OutputsAudio: [outputs-audio] start hz=700.0 gain=1.000 attack=2.50 release=6.00
10-11 17:35:45.226  8013  8503 D OutputsAudio: [outputs-audio] playMorse.symbol.start sequence=8 symbol=. expected=19568735.923 actual=19568747.540 skew=11.617 batchElapsed=811.617
10-11 17:35:45.258  8013  8101 D OutputsAudio: [outputs-audio] symbol.info sequence=8 symbol=. timestamp=19568747.540 duration=40.000 expected=19568735.923 skew=11.617 age=31.567
10-11 17:35:45.258  8013  8101 I ReactNativeJS: [outputs] playMorse.symbol {"timestamp":19568779.234408,"wallClock":1760218545258,"symbol":".","durationMs":40,"index":7,"source":"console.replay","correlationId":"console-replay:mgmso9yiperv9kxx","nativeTimestampMs":19568747.54,"nativeDurationMs":40,"nativeOffsetMs":31.644981000572443,"nativeSequence":8,"monotonicTimestampMs":19568747.54,"nativeExpectedTimestampMs":19568735.923,"nativeStartSkewMs":11.617,"nativeBatchElapsedMs":811.617,"nativeExpectedSincePriorMs":80,"nativeSincePriorMs":81.275,"nativePatternStartMs":19567935.923,"nativeAgeMs":31.567}
10-11 17:35:45.258  8013  8101 I ReactNativeJS: [outputs] outputs.hapticSymbol {"timestamp":19568779.725658,"wallClock":1760218545258,"enabled":true,"symbol":".","durationMs":40,"platform":"android","source":"console.replay","correlationId":"console-replay:mgmso9yiperv9kxx","timelineOffsetMs":31.644981000572443}
10-11 17:35:45.259  8013  8101 I ReactNativeJS: [outputs] outputs.flashPulse {"timestamp":19568780.42222,"wallClock":1760218545259,"enabled":true,"durationMs":40,"source":"console.replay","correlationId":"console-replay:mgmso9yiperv9kxx","timelineOffsetMs":31.644981000572443,"schedulingMode":"timeline","audioStartHeadroomMs":-52.4916680008173,"audioStartGuard":"headroom"}
10-11 17:35:45.266  8013  8503 D OutputsAudio: [outputs-audio] stop gain=1.000 release=6.00
10-11 17:35:45.307  8013  8503 D OutputsAudio: [outputs-audio] start hz=700.0 gain=1.000 attack=2.50 release=6.00
10-11 17:35:45.307  8013  8503 D OutputsAudio: [outputs-audio] playMorse.symbol.start sequence=9 symbol=. expected=19568815.923 actual=19568828.430 skew=12.507 batchElapsed=892.507
10-11 17:35:45.310  8013  8101 I ReactNativeJS: [outputs] outputs.flashPulse.commit {"timestamp":19568831.583575,"wallClock":1760218545310,"durationMs":40,"source":"console.replay","correlationId":"console-replay:mgmso9yiperv9kxx","latencyMs":52.39093700051308,"timelineOffsetMs":31.644981000572443,"leadMs":8,"scheduleSkewMs":60.39093700051308,"schedulingMode":"timeline","audioStartHeadroomMs":-52.4916680008173,"audioStartGuard":"headroom"}
10-11 17:35:45.348  8013  8503 D OutputsAudio: [outputs-audio] stop gain=1.000 release=6.00
10-11 17:35:45.353  8013  8101 D OutputsAudio: [outputs-audio] symbol.info sequence=9 symbol=. timestamp=19568828.430 duration=40.000 expected=19568815.923 skew=12.507 age=46.438
10-11 17:35:45.354  8013  8101 I ReactNativeJS: [outputs] playMorse.symbol {"timestamp":19568874.990293,"wallClock":1760218545353,"symbol":".","durationMs":40,"index":8,"source":"console.replay","correlationId":"console-replay:mgmsoa156fzacw7p","nativeTimestampMs":19568828.43,"nativeDurationMs":40,"nativeOffsetMs":46.512272000312805,"nativeSequence":9,"monotonicTimestampMs":19568828.43,"nativeExpectedTimestampMs":19568815.923,"nativeStartSkewMs":12.507,"nativeBatchElapsedMs":892.507,"nativeExpectedSincePriorMs":80,"nativeSincePriorMs":80.891,"nativePatternStartMs":19567935.923,"nativeAgeMs":46.438}
10-11 17:35:45.354  8013  8101 I ReactNativeJS: [outputs] outputs.hapticSymbol {"timestamp":19568875.504929,"wallClock":1760218545354,"enabled":true,"symbol":".","durationMs":40,"platform":"android","source":"console.replay","correlationId":"console-replay:mgmsoa156fzacw7p","timelineOffsetMs":46.512272000312805}
10-11 17:35:45.355  8013  8101 I ReactNativeJS: [outputs] outputs.flashPulse {"timestamp":19568876.203314,"wallClock":1760218545355,"enabled":true,"durationMs":40,"source":"console.replay","correlationId":"console-replay:mgmsoa156fzacw7p","timelineOffsetMs":46.512272000312805,"schedulingMode":"timeline","audioStartHeadroomMs":-68.27010599896312,"audioStartGuard":"headroom"}
10-11 17:35:45.388  8013  8503 D OutputsAudio: [outputs-audio] start hz=700.0 gain=1.000 attack=2.50 release=6.00
10-11 17:35:45.388  8013  8503 D OutputsAudio: [outputs-audio] playMorse.symbol.start sequence=10 symbol=- expected=19568895.923 actual=19568909.928 skew=14.005 batchElapsed=974.005
10-11 17:35:45.414  8013  8101 I ReactNativeJS: [outputs] outputs.flashPulse.commit {"timestamp":19568935.347637,"wallClock":1760218545414,"durationMs":40,"source":"console.replay","correlationId":"console-replay:mgmsoa156fzacw7p","latencyMs":60.3986979983747,"timelineOffsetMs":46.512272000312805,"leadMs":8,"scheduleSkewMs":68.3986979983747,"schedulingMode":"timeline","audioStartHeadroomMs":-68.27010599896312,"audioStartGuard":"headroom"}
10-11 17:35:45.504  8013  8101 D OutputsAudio: [outputs-audio] symbol.info sequence=10 symbol=- timestamp=19568909.928 duration=120.000 expected=19568895.923 skew=14.005 age=115.937
10-11 17:35:45.505  8013  8101 I ReactNativeJS: [outputs] playMorse.symbol {"timestamp":19569026.018002,"wallClock":1760218545504,"symbol":"-","durationMs":120,"index":9,"source":"console.replay","correlationId":"console-replay:mgmsoa5cmr6qbmby","nativeTimestampMs":19568909.928,"nativeDurationMs":120,"nativeOffsetMs":116.0360429994762,"nativeSequence":10,"monotonicTimestampMs":19568909.928,"nativeExpectedTimestampMs":19568895.923,"nativeStartSkewMs":14.005,"nativeBatchElapsedMs":974.005,"nativeExpectedSincePriorMs":80,"nativeSincePriorMs":81.497,"nativePatternStartMs":19567935.923,"nativeAgeMs":115.937}
10-11 17:35:45.505  8013  8101 I ReactNativeJS: [outputs] playMorse.nativeOffset.spike {"timestamp":19569026.521335,"wallClock":1760218545505,"source":"console.replay","offsetMs":116.0360429994762,"sequence":10,"unitMs":40,"correlationId":"console-replay:mgmsoa5cmr6qbmby","startSkewMs":14.005,"batchElapsedMs":974.005,"ageMs":115.937}
10-11 17:35:45.505  8013  8101 I ReactNativeJS: [outputs] outputs.hapticSymbol {"timestamp":19569026.820189,"wallClock":1760218545505,"enabled":true,"symbol":"-","durationMs":120,"platform":"android","source":"console.replay","correlationId":"console-replay:mgmsoa5cmr6qbmby","timelineOffsetMs":116.0360429994762}
10-11 17:35:45.506  8013  8101 I ReactNativeJS: [outputs] outputs.flashPulse {"timestamp":19569027.456075,"wallClock":1760218545506,"enabled":true,"durationMs":120,"source":"console.replay","correlationId":"console-replay:mgmsoa5cmr6qbmby","timelineOffsetMs":116.0360429994762,"schedulingMode":"timeline","audioStartHeadroomMs":-139.5233869999647,"audioStartGuard":"headroom"}
10-11 17:35:45.509  8013  8503 D OutputsAudio: [outputs-audio] stop gain=1.000 release=6.00
10-11 17:35:45.549  8013  8503 D OutputsAudio: [outputs-audio] start hz=700.0 gain=1.000 attack=2.50 release=6.00
10-11 17:35:45.549  8013  8503 D OutputsAudio: [outputs-audio] playMorse.symbol.start sequence=11 symbol=- expected=19569055.923 actual=19569071.056 skew=15.133 batchElapsed=1135.133
10-11 17:35:45.563  8013  8101 D OutputsAudio: [outputs-audio] symbol.info sequence=11 symbol=- timestamp=19569071.056 duration=120.000 expected=19569055.923 skew=15.133 age=13.662
10-11 17:35:45.564  8013  8101 I ReactNativeJS: [outputs] playMorse.symbol {"timestamp":19569084.839095,"wallClock":1760218545563,"symbol":"-","durationMs":120,"index":10,"source":"console.replay","correlationId":"console-replay:mgmsoa6zz2oaoa1u","nativeTimestampMs":19569071.056,"nativeDurationMs":120,"nativeOffsetMs":13.736688997596502,"nativeSequence":11,"monotonicTimestampMs":19569071.056,"nativeExpectedTimestampMs":19569055.923,"nativeStartSkewMs":15.133,"nativeBatchElapsedMs":1135.133,"nativeExpectedSincePriorMs":160,"nativeSincePriorMs":161.128,"nativePatternStartMs":19567935.923,"nativeAgeMs":13.662}
10-11 17:35:45.564  8013  8101 I ReactNativeJS: [outputs] outputs.hapticSymbol {"timestamp":19569085.32222,"wallClock":1760218545564,"enabled":true,"symbol":"-","durationMs":120,"platform":"android","source":"console.replay","correlationId":"console-replay:mgmsoa6zz2oaoa1u","timelineOffsetMs":13.736688997596502}
10-11 17:35:45.565  8013  8101 I ReactNativeJS: [outputs] outputs.flashPulse {"timestamp":19569085.943106,"wallClock":1760218545564,"enabled":true,"durationMs":120,"source":"console.replay","correlationId":"console-replay:mgmsoa6zz2oaoa1u","timelineOffsetMs":13.736688997596502,"schedulingMode":"timeline","audioStartHeadroomMs":-38.01135599985719,"audioStartGuard":"headroom"}
10-11 17:35:45.622  8013  8101 I ReactNativeJS: [outputs] outputs.flashPulse.commit {"timestamp":19569142.909356,"wallClock":1760218545621,"durationMs":120,"source":"console.replay","correlationId":"console-replay:mgmsoa5cmr6qbmby","latencyMs":116.93651100248098,"timelineOffsetMs":116.0360429994762,"leadMs":8,"scheduleSkewMs":124.93651100248098,"schedulingMode":"timeline","audioStartHeadroomMs":-139.5233869999647,"audioStartGuard":"headroom"}
10-11 17:35:45.667  8013  8101 I ReactNativeJS: [outputs] outputs.flashPulse.commit {"timestamp":19569187.890137,"wallClock":1760218545666,"durationMs":120,"source":"console.replay","correlationId":"console-replay:mgmsoa6zz2oaoa1u","latencyMs":103.0889579989016,"timelineOffsetMs":13.736688997596502,"leadMs":8,"scheduleSkewMs":111.0889579989016,"schedulingMode":"timeline","audioStartHeadroomMs":-38.01135599985719,"audioStartGuard":"headroom"}
10-11 17:35:45.670  8013  8503 D OutputsAudio: [outputs-audio] stop gain=1.000 release=6.00
10-11 17:35:45.711  8013  8503 D OutputsAudio: [outputs-audio] start hz=700.0 gain=1.000 attack=2.50 release=6.00
10-11 17:35:45.711  8013  8503 D OutputsAudio: [outputs-audio] playMorse.symbol.start sequence=12 symbol=- expected=19569215.923 actual=19569232.186 skew=16.263 batchElapsed=1296.263
10-11 17:35:45.714  8013  8101 D OutputsAudio: [outputs-audio] symbol.info sequence=12 symbol=- timestamp=19569232.186 duration=120.000 expected=19569215.923 skew=16.263 age=3.208
10-11 17:35:45.714  8013  8101 I ReactNativeJS: [outputs] playMorse.symbol {"timestamp":19569235.51196,"wallClock":1760218545714,"symbol":"-","durationMs":120,"index":11,"source":"console.replay","correlationId":"console-replay:mgmsoab614runhv9","nativeTimestampMs":19569232.186,"nativeDurationMs":120,"nativeOffsetMs":3.2750220000743866,"nativeSequence":12,"monotonicTimestampMs":19569232.186,"nativeExpectedTimestampMs":19569215.923,"nativeStartSkewMs":16.263,"nativeBatchElapsedMs":1296.263,"nativeExpectedSincePriorMs":160,"nativeSincePriorMs":161.13,"nativePatternStartMs":19567935.923,"nativeAgeMs":3.208}
10-11 17:35:45.715  8013  8101 I ReactNativeJS: [outputs] outputs.hapticSymbol {"timestamp":19569235.994772,"wallClock":1760218545714,"enabled":true,"symbol":"-","durationMs":120,"platform":"android","source":"console.replay","correlationId":"console-replay:mgmsoab614runhv9","timelineOffsetMs":3.2750220000743866}
10-11 17:35:45.715  8013  8101 I ReactNativeJS: [outputs] outputs.flashPulse {"timestamp":19569236.704356,"wallClock":1760218545715,"enabled":true,"durationMs":120,"source":"console.replay","correlationId":"console-replay:mgmsoab614runhv9","timelineOffsetMs":3.2750220000743866,"schedulingMode":"timeline","audioStartHeadroomMs":-28.77302199974656,"audioStartGuard":"headroom"}
10-11 17:35:45.773  8013  8101 I ReactNativeJS: [outputs] outputs.flashPulse.commit {"timestamp":19569294.507793,"wallClock":1760218545773,"durationMs":120,"source":"console.replay","correlationId":"console-replay:mgmsoab614runhv9","latencyMs":59.038437999784946,"timelineOffsetMs":3.2750220000743866,"leadMs":8,"scheduleSkewMs":67.03843799978495,"schedulingMode":"timeline","audioStartHeadroomMs":-28.77302199974656,"audioStartGuard":"headroom"}
10-11 17:35:45.832  8013  8503 D OutputsAudio: [outputs-audio] stop gain=1.000 release=6.00
10-11 17:35:45.873  8013  8503 D OutputsAudio: [outputs-audio] start hz=700.0 gain=1.000 attack=2.50 release=6.00
10-11 17:35:45.873  8013  8503 D OutputsAudio: [outputs-audio] playMorse.symbol.start sequence=13 symbol=. expected=19569375.923 actual=19569394.252 skew=18.329 batchElapsed=1458.329
10-11 17:35:45.885  8013  8101 D OutputsAudio: [outputs-audio] symbol.info sequence=13 symbol=. timestamp=19569394.252 duration=40.000 expected=19569375.923 skew=18.329 age=11.877
10-11 17:35:45.886  8013  8101 I ReactNativeJS: [outputs] playMorse.symbol {"timestamp":19569406.343887,"wallClock":1760218545885,"symbol":".","durationMs":40,"index":12,"source":"console.replay","correlationId":"console-replay:mgmsoafxo4ef1id8","nativeTimestampMs":19569394.252,"nativeDurationMs":40,"nativeOffsetMs":12.00016799941659,"nativeSequence":13,"monotonicTimestampMs":19569394.252,"nativeExpectedTimestampMs":19569375.923,"nativeStartSkewMs":18.329,"nativeBatchElapsedMs":1458.329,"nativeExpectedSincePriorMs":160,"nativeSincePriorMs":162.066,"nativePatternStartMs":19567935.923,"nativeAgeMs":11.877}
10-11 17:35:45.886  8013  8101 I ReactNativeJS: [outputs] outputs.hapticSymbol {"timestamp":19569407.257272,"wallClock":1760218545886,"enabled":true,"symbol":".","durationMs":40,"platform":"android","source":"console.replay","correlationId":"console-replay:mgmsoafxo4ef1id8","timelineOffsetMs":12.00016799941659}
10-11 17:35:45.887  8013  8101 I ReactNativeJS: [outputs] outputs.flashPulse {"timestamp":19569408.448783,"wallClock":1760218545887,"enabled":true,"durationMs":40,"source":"console.replay","correlationId":"console-replay:mgmsoafxo4ef1id8","timelineOffsetMs":12.00016799941659,"schedulingMode":"timeline","audioStartHeadroomMs":-40.50750099867582,"audioStartGuard":"headroom"}
10-11 17:35:45.913  8013  8503 D OutputsAudio: [outputs-audio] stop gain=1.000 release=6.00
10-11 17:35:45.954  8013  8503 D OutputsAudio: [outputs-audio] start hz=700.0 gain=1.000 attack=2.50 release=6.00
10-11 17:35:45.954  8013  8503 D OutputsAudio: [outputs-audio] playMorse.symbol.start sequence=14 symbol=. expected=19569455.923 actual=19569475.578 skew=19.655 batchElapsed=1539.655
10-11 17:35:45.957  8013  8101 I ReactNativeJS: [outputs] outputs.flashPulse.commit {"timestamp":19569478.25071,"wallClock":1760218545957,"durationMs":40,"source":"console.replay","correlationId":"console-replay:mgmsoafxo4ef1id8","latencyMs":71.99031300097704,"timelineOffsetMs":12.00016799941659,"leadMs":8,"scheduleSkewMs":79.99031300097704,"schedulingMode":"timeline","audioStartHeadroomMs":-40.50750099867582,"audioStartGuard":"headroom"}
10-11 17:35:45.995  8013  8503 D OutputsAudio: [outputs-audio] stop gain=1.000 release=6.00
10-11 17:35:46.002  8013  8101 D OutputsAudio: [outputs-audio] symbol.info sequence=14 symbol=. timestamp=19569475.578 duration=40.000 expected=19569455.923 skew=19.655 age=47.659
10-11 17:35:46.002  8013  8101 I ReactNativeJS: [outputs] playMorse.symbol {"timestamp":19569523.370189,"wallClock":1760218546002,"symbol":".","durationMs":40,"index":13,"source":"console.replay","correlationId":"console-replay:mgmsoaj65s4ga2kx","nativeTimestampMs":19569475.578,"nativeDurationMs":40,"nativeOffsetMs":47.74083499982953,"nativeSequence":14,"monotonicTimestampMs":19569475.578,"nativeExpectedTimestampMs":19569455.923,"nativeStartSkewMs":19.655,"nativeBatchElapsedMs":1539.655,"nativeExpectedSincePriorMs":80,"nativeSincePriorMs":81.326,"nativePatternStartMs":19567935.923,"nativeAgeMs":47.659}
10-11 17:35:46.003  8013  8101 I ReactNativeJS: [outputs] outputs.hapticSymbol {"timestamp":19569523.877897,"wallClock":1760218546002,"enabled":true,"symbol":".","durationMs":40,"platform":"android","source":"console.replay","correlationId":"console-replay:mgmsoaj65s4ga2kx","timelineOffsetMs":47.74083499982953}
10-11 17:35:46.003  8013  8101 I ReactNativeJS: [outputs] outputs.flashPulse {"timestamp":19569524.59097,"wallClock":1760218546003,"enabled":true,"durationMs":40,"source":"console.replay","correlationId":"console-replay:mgmsoaj65s4ga2kx","timelineOffsetMs":47.74083499982953,"schedulingMode":"timeline","audioStartHeadroomMs":-76.65942800045013,"audioStartGuard":"headroom"}
10-11 17:35:46.035  8013  8503 D OutputsAudio: [outputs-audio] start hz=700.0 gain=1.000 attack=2.50 release=6.00
10-11 17:35:46.036  8013  8503 D OutputsAudio: [outputs-audio] playMorse.symbol.start sequence=15 symbol=. expected=19569535.923 actual=19569557.295 skew=21.372 batchElapsed=1621.372
10-11 17:35:46.056  8013  8101 I ReactNativeJS: [outputs] outputs.flashPulse.commit {"timestamp":19569576.91696,"wallClock":1760218546055,"durationMs":40,"source":"console.replay","correlationId":"console-replay:mgmsoaj65s4ga2kx","latencyMs":53.58927099779248,"timelineOffsetMs":47.74083499982953,"leadMs":8,"scheduleSkewMs":61.58927099779248,"schedulingMode":"timeline","audioStartHeadroomMs":-76.65942800045013,"audioStartGuard":"headroom"}
10-11 17:35:46.077  8013  8503 D OutputsAudio: [outputs-audio] stop gain=1.000 release=6.00
10-11 17:35:46.102  8013  8101 D OutputsAudio: [outputs-audio] symbol.info sequence=15 symbol=. timestamp=19569557.295 duration=40.000 expected=19569535.923 skew=21.372 age=66.238
10-11 17:35:46.103  8013  8101 I ReactNativeJS: [outputs] playMorse.symbol {"timestamp":19569623.666699,"wallClock":1760218546102,"symbol":".","durationMs":40,"index":14,"source":"console.replay","correlationId":"console-replay:mgmsoalylg83x4jc","nativeTimestampMs":19569557.295,"nativeDurationMs":40,"nativeOffsetMs":66.32034499943256,"nativeSequence":15,"monotonicTimestampMs":19569557.295,"nativeExpectedTimestampMs":19569535.923,"nativeStartSkewMs":21.372,"nativeBatchElapsedMs":1621.372,"nativeExpectedSincePriorMs":80,"nativeSincePriorMs":81.717,"nativePatternStartMs":19567935.923,"nativeAgeMs":66.238}
10-11 17:35:46.103  8013  8101 I ReactNativeJS: [outputs] outputs.hapticSymbol {"timestamp":19569624.212481,"wallClock":1760218546103,"enabled":true,"symbol":".","durationMs":40,"platform":"android","source":"console.replay","correlationId":"console-replay:mgmsoalylg83x4jc","timelineOffsetMs":66.32034499943256}
10-11 17:35:46.103  8013  8101 I ReactNativeJS: [outputs] outputs.flashPulse {"timestamp":19569624.86097,"wallClock":1760218546103,"enabled":true,"durationMs":40,"source":"console.replay","correlationId":"console-replay:mgmsoalylg83x4jc","timelineOffsetMs":66.32034499943256,"schedulingMode":"timeline","audioStartHeadroomMs":-96.92854300141335,"audioStartGuard":"headroom"}
10-11 17:35:46.117  8013  8503 D OutputsAudio: [outputs-audio] start hz=700.0 gain=1.000 attack=2.50 release=6.00
10-11 17:35:46.117  8013  8503 D OutputsAudio: [outputs-audio] playMorse.symbol.start sequence=16 symbol=- expected=19569615.923 actual=19569639.074 skew=23.151 batchElapsed=1703.151
10-11 17:35:46.154  8013  8101 I ReactNativeJS: [outputs] outputs.flashPulse.commit {"timestamp":19569675.325918,"wallClock":1760218546154,"durationMs":40,"source":"console.replay","correlationId":"console-replay:mgmsoalylg83x4jc","latencyMs":51.70182299986482,"timelineOffsetMs":66.32034499943256,"leadMs":8,"scheduleSkewMs":59.70182299986482,"schedulingMode":"timeline","audioStartHeadroomMs":-96.92854300141335,"audioStartGuard":"headroom"}
10-11 17:35:46.200  8013  8101 D OutputsAudio: [outputs-audio] symbol.info sequence=16 symbol=- timestamp=19569639.074 duration=120.000 expected=19569615.923 skew=23.151 age=82.589
10-11 17:35:46.201  8013  8101 I ReactNativeJS: [outputs] playMorse.symbol {"timestamp":19569721.799668,"wallClock":1760218546200,"symbol":"-","durationMs":120,"index":15,"source":"console.replay","correlationId":"console-replay:mgmsoaoo64l089aa","nativeTimestampMs":19569639.074,"nativeDurationMs":120,"nativeOffsetMs":82.6762409992516,"nativeSequence":16,"monotonicTimestampMs":19569639.074,"nativeExpectedTimestampMs":19569615.923,"nativeStartSkewMs":23.151,"nativeBatchElapsedMs":1703.151,"nativeExpectedSincePriorMs":80,"nativeSincePriorMs":81.779,"nativePatternStartMs":19567935.923,"nativeAgeMs":82.589}
10-11 17:35:46.201  8013  8101 I ReactNativeJS: [outputs] playMorse.nativeOffset.spike {"timestamp":19569722.28597,"wallClock":1760218546201,"source":"console.replay","offsetMs":82.6762409992516,"sequence":16,"unitMs":40,"correlationId":"console-replay:mgmsoaoo64l089aa","startSkewMs":23.151,"batchElapsedMs":1703.151,"ageMs":82.589}
10-11 17:35:46.201  8013  8101 I ReactNativeJS: [outputs] outputs.hapticSymbol {"timestamp":19569722.567637,"wallClock":1760218546201,"enabled":true,"symbol":"-","durationMs":120,"platform":"android","source":"console.replay","correlationId":"console-replay:mgmsoaoo64l089aa","timelineOffsetMs":82.6762409992516}
10-11 17:35:46.202  8013  8101 I ReactNativeJS: [outputs] outputs.flashPulse {"timestamp":19569723.165658,"wallClock":1760218546202,"enabled":true,"durationMs":120,"source":"console.replay","correlationId":"console-replay:mgmsoaoo64l089aa","timelineOffsetMs":82.6762409992516,"schedulingMode":"timeline","audioStartHeadroomMs":-115.23380300030112,"audioStartGuard":"headroom"}
10-11 17:35:46.238  8013  8503 D OutputsAudio: [outputs-audio] stop gain=1.000 release=6.00
10-11 17:35:46.264  8013  8101 I ReactNativeJS: [outputs] outputs.flashPulse.commit {"timestamp":19569785.032637,"wallClock":1760218546263,"durationMs":120,"source":"console.replay","correlationId":"console-replay:mgmsoaoo64l089aa","latencyMs":63.27473900094628,"timelineOffsetMs":82.6762409992516,"leadMs":8,"scheduleSkewMs":71.27473900094628,"schedulingMode":"timeline","audioStartHeadroomMs":-115.23380300030112,"audioStartGuard":"headroom"}
10-11 17:35:46.278  8013  8503 D OutputsAudio: [outputs-audio] start hz=700.0 gain=1.000 attack=2.50 release=6.00
10-11 17:35:46.278  8013  8503 D OutputsAudio: [outputs-audio] playMorse.symbol.start sequence=17 symbol=- expected=19569775.923 actual=19569800.087 skew=24.164 batchElapsed=1864.164
10-11 17:35:46.314  8013  8101 D OutputsAudio: [outputs-audio] symbol.info sequence=17 symbol=- timestamp=19569800.087 duration=120.000 expected=19569775.923 skew=24.164 age=35.603
10-11 17:35:46.315  8013  8101 I ReactNativeJS: [outputs] playMorse.symbol {"timestamp":19569835.824147,"wallClock":1760218546314,"symbol":"-","durationMs":120,"index":16,"source":"console.replay","correlationId":"console-replay:mgmsoaruhuc2xvbz","nativeTimestampMs":19569800.087,"nativeDurationMs":120,"nativeOffsetMs":35.685427997261286,"nativeSequence":17,"monotonicTimestampMs":19569800.087,"nativeExpectedTimestampMs":19569775.923,"nativeStartSkewMs":24.164,"nativeBatchElapsedMs":1864.164,"nativeExpectedSincePriorMs":160,"nativeSincePriorMs":161.013,"nativePatternStartMs":19567935.923,"nativeAgeMs":35.603}
10-11 17:35:46.315  8013  8101 I ReactNativeJS: [outputs] outputs.hapticSymbol {"timestamp":19569836.35097,"wallClock":1760218546315,"enabled":true,"symbol":"-","durationMs":120,"platform":"android","source":"console.replay","correlationId":"console-replay:mgmsoaruhuc2xvbz","timelineOffsetMs":35.685427997261286}
10-11 17:35:46.316  8013  8101 I ReactNativeJS: [outputs] outputs.flashPulse {"timestamp":19569837.003783,"wallClock":1760218546315,"enabled":true,"durationMs":120,"source":"console.replay","correlationId":"console-replay:mgmsoaruhuc2xvbz","timelineOffsetMs":35.685427997261286,"schedulingMode":"timeline","audioStartHeadroomMs":-69.07177199795842,"audioStartGuard":"headroom"}
10-11 17:35:46.373  8013  8101 I ReactNativeJS: [outputs] outputs.flashPulse.commit {"timestamp":19569894.007428,"wallClock":1760218546372,"durationMs":120,"source":"console.replay","correlationId":"console-replay:mgmsoaruhuc2xvbz","latencyMs":58.22682300209999,"timelineOffsetMs":35.685427997261286,"leadMs":8,"scheduleSkewMs":66.22682300209999,"schedulingMode":"timeline","audioStartHeadroomMs":-69.07177199795842,"audioStartGuard":"headroom"}
10-11 17:35:46.399  8013  8503 D OutputsAudio: [outputs-audio] stop gain=1.000 release=6.00
10-11 17:35:46.440  8013  8503 D OutputsAudio: [outputs-audio] start hz=700.0 gain=1.000 attack=2.50 release=6.00
10-11 17:35:46.440  8013  8503 D OutputsAudio: [outputs-audio] playMorse.symbol.start sequence=18 symbol=- expected=19569935.923 actual=19569961.845 skew=25.922 batchElapsed=2025.922
10-11 17:35:46.459  8013  8101 D OutputsAudio: [outputs-audio] symbol.info sequence=18 symbol=- timestamp=19569961.845 duration=120.000 expected=19569935.923 skew=25.922 age=18.388
10-11 17:35:46.460  8013  8101 I ReactNativeJS: [outputs] playMorse.symbol {"timestamp":19569980.454251,"wallClock":1760218546459,"symbol":"-","durationMs":120,"index":17,"source":"console.replay","correlationId":"console-replay:mgmsoavvp7r2y4a4","nativeTimestampMs":19569961.845,"nativeDurationMs":120,"nativeOffsetMs":18.522637002170086,"nativeSequence":18,"monotonicTimestampMs":19569961.845,"nativeExpectedTimestampMs":19569935.923,"nativeStartSkewMs":25.922,"nativeBatchElapsedMs":2025.922,"nativeExpectedSincePriorMs":160,"nativeSincePriorMs":161.758,"nativePatternStartMs":19567935.923,"nativeAgeMs":18.388}
10-11 17:35:46.460  8013  8101 I ReactNativeJS: [outputs] outputs.hapticSymbol {"timestamp":19569981.265605,"wallClock":1760218546460,"enabled":true,"symbol":"-","durationMs":120,"platform":"android","source":"console.replay","correlationId":"console-replay:mgmsoavvp7r2y4a4","timelineOffsetMs":18.522637002170086}
10-11 17:35:46.461  8013  8101 I ReactNativeJS: [outputs] outputs.flashPulse {"timestamp":19569982.062845,"wallClock":1760218546460,"enabled":true,"durationMs":120,"source":"console.replay","correlationId":"console-replay:mgmsoavvp7r2y4a4","timelineOffsetMs":18.522637002170086,"schedulingMode":"timeline","audioStartHeadroomMs":-54.12770999968052,"audioStartGuard":"headroom"}
10-11 17:35:46.519  8013  8101 I ReactNativeJS: [outputs] outputs.flashPulse.commit {"timestamp":19570040.420032,"wallClock":1760218546519,"durationMs":120,"source":"console.replay","correlationId":"console-replay:mgmsoavvp7r2y4a4","latencyMs":60.043176997452974,"timelineOffsetMs":18.522637002170086,"leadMs":8,"scheduleSkewMs":68.04317699745297,"schedulingMode":"timeline","audioStartHeadroomMs":-54.12770999968052,"audioStartGuard":"headroom"}
10-11 17:35:46.561  8013  8503 D OutputsAudio: [outputs-audio] stop gain=1.000 release=6.00
10-11 17:35:46.601  8013  8503 D OutputsAudio: [outputs-audio] start hz=700.0 gain=1.000 attack=2.50 release=6.00
10-11 17:35:46.601  8013  8503 D OutputsAudio: [outputs-audio] playMorse.symbol.start sequence=19 symbol=. expected=19570095.923 actual=19570123.036 skew=27.113 batchElapsed=2187.113
10-11 17:35:46.617  8013  8101 D OutputsAudio: [outputs-audio] symbol.info sequence=19 symbol=. timestamp=19570123.036 duration=40.000 expected=19570095.923 skew=27.113 age=15.803
10-11 17:35:46.618  8013  8101 I ReactNativeJS: [outputs] playMorse.symbol {"timestamp":19570139.042897,"wallClock":1760218546617,"symbol":".","durationMs":40,"index":18,"source":"console.replay","correlationId":"console-replay:mgmsob09y51xezi9","nativeTimestampMs":19570123.036,"nativeDurationMs":40,"nativeOffsetMs":15.920907001942396,"nativeSequence":19,"monotonicTimestampMs":19570123.036,"nativeExpectedTimestampMs":19570095.923,"nativeStartSkewMs":27.113,"nativeBatchElapsedMs":2187.113,"nativeExpectedSincePriorMs":160,"nativeSincePriorMs":161.191,"nativePatternStartMs":19567935.923,"nativeAgeMs":15.803}
10-11 17:35:46.619  8013  8101 I ReactNativeJS: [outputs] outputs.hapticSymbol {"timestamp":19570139.82722,"wallClock":1760218546618,"enabled":true,"symbol":".","durationMs":40,"platform":"android","source":"console.replay","correlationId":"console-replay:mgmsob09y51xezi9","timelineOffsetMs":15.920907001942396}
10-11 17:35:46.620  8013  8101 I ReactNativeJS: [outputs] outputs.flashPulse {"timestamp":19570141.02472,"wallClock":1760218546619,"enabled":true,"durationMs":40,"source":"console.replay","correlationId":"console-replay:mgmsob09y51xezi9","timelineOffsetMs":15.920907001942396,"schedulingMode":"timeline","audioStartHeadroomMs":-53.08901200070977,"audioStartGuard":"headroom"}
10-11 17:35:46.643  8013  8503 D OutputsAudio: [outputs-audio] stop gain=1.000 release=6.00
10-11 17:35:46.680  8013  8101 I ReactNativeJS: [outputs] outputs.flashPulse.commit {"timestamp":19570201.093522,"wallClock":1760218546679,"durationMs":40,"source":"console.replay","correlationId":"console-replay:mgmsob09y51xezi9","latencyMs":62.12812500074506,"timelineOffsetMs":15.920907001942396,"leadMs":8,"scheduleSkewMs":70.12812500074506,"schedulingMode":"timeline","audioStartHeadroomMs":-53.08901200070977,"audioStartGuard":"headroom"}
10-11 17:35:46.684  8013  8503 D OutputsAudio: [outputs-audio] start hz=700.0 gain=1.000 attack=2.50 release=6.00
