10-11 19:25:11.892 12221 14039 I ReactNativeJS: [outputs] playMorse.symbol {"timestamp":26098070.238636,"wallClock":1760225111891,"symbol":"-","durationMs":144,"index":17,"source":"console.replay","correlationId":"console-replay:mgmwl0szj3c3m26p","nativeTimestampMs":26098057.443,"nativeDurationMs":144,"nativeOffsetMs":10.927719000726938,"nativeSequence":18,"monotonicTimestampMs":26098057.443,"nativeExpectedTimestampMs":26098031.792,"nativeStartSkewMs":25.652,"nativeBatchElapsedMs":2425.652,"nativeExpectedSincePriorMs":192,"nativeSincePriorMs":193.774,"nativePatternStartMs":26095631.792,"nativeAgeMs":10.734}
10-11 19:25:11.893 12221 14039 I ReactNativeJS: [outputs] outputs.hapticSymbol {"timestamp":26098071.380823,"wallClock":1760225111892,"enabled":true,"symbol":"-","durationMs":144,"platform":"android","source":"console.replay","correlationId":"console-replay:mgmwl0szj3c3m26p","timelineOffsetMs":null}
10-11 19:25:11.895 12221 14039 I ReactNativeJS: [outputs] outputs.flashPulse {"timestamp":26098073.350511,"wallClock":1760225111894,"enabled":true,"durationMs":144,"source":"console.replay","correlationId":"console-replay:mgmwl0szj3c3m26p","timelineOffsetMs":10.927719000726938,"schedulingMode":"timeline","audioStartHeadroomMs":-49.53793799877167,"audioStartGuard":"headroom","audioStartCompensationMs":49.53793799877167}
10-11 19:25:11.977 12221 14039 I ReactNativeJS: [outputs] outputs.flashPulse.commit {"timestamp":26098155.373115,"wallClock":1760225111976,"durationMs":144,"source":"console.replay","correlationId":"console-replay:mgmwl0szj3c3m26p","latencyMs":86.99161500111222,"timelineOffsetMs":10.927719000726938,"leadMs":8,"scheduleSkewMs":82.02880199998617,"schedulingMode":"timeline","audioStartHeadroomMs":-49.53793799877167,"audioStartGuard":"headroom","audioStartCompensationMs":49.53793799877167}
10-11 19:25:12.023 12221 14829 D OutputsAudio: [outputs-audio] stop gain=1.000 release=6.00
10-11 19:25:12.072 12221 14829 D OutputsAudio: [outputs-audio] start hz=650.0 gain=1.000 attack=2.50 release=6.00
10-11 19:25:12.072 12221 14829 D OutputsAudio: [outputs-audio] playMorse.symbol.start sequence=19 symbol=. expected=26098223.792 actual=26098250.909 skew=27.117 batchElapsed=2619.117
10-11 19:25:12.079 12221 14039 D OutputsAudio: [outputs-audio] symbol.info sequence=19 symbol=. timestamp=26098250.909 duration=48.000 expected=26098223.792 skew=27.117 age=7.143
10-11 19:25:12.080 12221 14039 I ReactNativeJS: [outputs] playMorse.symbol {"timestamp":26098258.301292,"wallClock":1760225112079,"symbol":".","durationMs":48,"index":18,"source":"console.replay","correlationId":"console-replay:t0d3pwaq","nativeTimestampMs":26098250.909,"nativeDurationMs":48,"nativeOffsetMs":7.285989999771118,"nativeSequence":19,"monotonicTimestampMs":26098250.909,"nativeExpectedTimestampMs":26098223.792,"nativeStartSkewMs":27.117,"nativeBatchElapsedMs":2619.117,"nativeExpectedSincePriorMs":192,"nativeSincePriorMs":193.466,"nativePatternStartMs":26095631.792,"nativeAgeMs":7.143}
10-11 19:25:12.082 12221 14039 I ReactNativeJS: [outputs] playMorse.symbol {"timestamp":26098259.669469,"wallClock":1760225112081,"symbol":".","durationMs":48,"index":18,"source":"console.replay","correlationId":"console-replay:mgmwl0y967jy6oro","nativeTimestampMs":26098250.909,"nativeDurationMs":48,"nativeOffsetMs":7.285989999771118,"nativeSequence":19,"monotonicTimestampMs":26098250.909,"nativeExpectedTimestampMs":26098223.792,"nativeStartSkewMs":27.117,"nativeBatchElapsedMs":2619.117,"nativeExpectedSincePriorMs":192,"nativeSincePriorMs":193.466,"nativePatternStartMs":26095631.792,"nativeAgeMs":7.143}
10-11 19:25:12.082 12221 14039 I ReactNativeJS: [outputs] outputs.hapticSymbol {"timestamp":26098260.709625,"wallClock":1760225112082,"enabled":true,"symbol":".","durationMs":48,"platform":"android","source":"console.replay","correlationId":"console-replay:mgmwl0y967jy6oro","timelineOffsetMs":null}
10-11 19:25:12.086 12221 14039 I ReactNativeJS: [outputs] outputs.flashPulse {"timestamp":26098263.936344,"wallClock":1760225112085,"enabled":true,"durationMs":48,"source":"console.replay","correlationId":"console-replay:mgmwl0y967jy6oro","timelineOffsetMs":7.285989999771118,"schedulingMode":"timeline","audioStartHeadroomMs":-48.12340699881315,"audioStartGuard":"headroom","audioStartCompensationMs":48.12340699881315}
10-11 19:25:12.121 12221 14829 D OutputsAudio: [outputs-audio] stop gain=1.000 release=6.00
10-11 19:25:12.159 12221 14039 I ReactNativeJS: [outputs] outputs.flashPulse.commit {"timestamp":26098337.82624,"wallClock":1760225112159,"durationMs":48,"source":"console.replay","correlationId":"console-replay:mgmwl0y967jy6oro","latencyMs":79.6222399994731,"timelineOffsetMs":7.285989999771118,"leadMs":8,"scheduleSkewMs":73.89823000133038,"schedulingMode":"timeline","audioStartHeadroomMs":-48.12340699881315,"audioStartGuard":"headroom","audioStartCompensationMs":48.12340699881315}
10-11 19:25:12.170 12221 14829 D OutputsAudio: [outputs-audio] start hz=650.0 gain=1.000 attack=2.50 release=6.00
10-11 19:25:12.170 12221 14829 D OutputsAudio: [outputs-audio] playMorse.symbol.start sequence=20 symbol=. expected=26098319.792 actual=26098348.795 skew=29.003 batchElapsed=2717.003
10-11 19:25:12.203 12221 14039 D OutputsAudio: [outputs-audio] symbol.info sequence=20 symbol=. timestamp=26098348.795 duration=48.000 expected=26098319.792 skew=29.003 age=33.189
10-11 19:25:12.204 12221 14039 I ReactNativeJS: [outputs] playMorse.symbol {"timestamp":26098382.142855,"wallClock":1760225112203,"symbol":".","durationMs":48,"index":19,"source":"console.replay","correlationId":"console-replay:otcr7uim","nativeTimestampMs":26098348.795,"nativeDurationMs":48,"nativeOffsetMs":33.29926100000739,"nativeSequence":20,"monotonicTimestampMs":26098348.795,"nativeExpectedTimestampMs":26098319.792,"nativeStartSkewMs":29.003,"nativeBatchElapsedMs":2717.003,"nativeExpectedSincePriorMs":96,"nativeSincePriorMs":97.886,"nativePatternStartMs":26095631.792,"nativeAgeMs":33.189}
10-11 19:25:12.206 12221 14039 I ReactNativeJS: [outputs] playMorse.symbol {"timestamp":26098382.973532,"wallClock":1760225112204,"symbol":".","durationMs":48,"index":19,"source":"console.replay","correlationId":"console-replay:mgmwl11o5lxb1n8j","nativeTimestampMs":26098348.795,"nativeDurationMs":48,"nativeOffsetMs":33.29926100000739,"nativeSequence":20,"monotonicTimestampMs":26098348.795,"nativeExpectedTimestampMs":26098319.792,"nativeStartSkewMs":29.003,"nativeBatchElapsedMs":2717.003,"nativeExpectedSincePriorMs":96,"nativeSincePriorMs":97.886,"nativePatternStartMs":26095631.792,"nativeAgeMs":33.189}
10-11 19:25:12.207 12221 14039 I ReactNativeJS: [outputs] outputs.hapticSymbol {"timestamp":26098385.101396,"wallClock":1760225112206,"enabled":true,"symbol":".","durationMs":48,"platform":"android","source":"console.replay","correlationId":"console-replay:mgmwl11o5lxb1n8j","timelineOffsetMs":null}
10-11 19:25:12.209 12221 14039 I ReactNativeJS: [outputs] outputs.flashPulse {"timestamp":26098387.060928,"wallClock":1760225112208,"enabled":true,"durationMs":48,"source":"console.replay","correlationId":"console-replay:mgmwl11o5lxb1n8j","timelineOffsetMs":33.29926100000739,"schedulingMode":"timeline","audioStartHeadroomMs":-75.23538599908352,"audioStartGuard":"headroom","audioStartCompensationMs":75.23538599908352}
10-11 19:25:12.218 12221 14829 D OutputsAudio: [outputs-audio] stop gain=1.000 release=6.00
10-11 19:25:12.267 12221 14829 D OutputsAudio: [outputs-audio] start hz=650.0 gain=1.000 attack=2.50 release=6.00
10-11 19:25:12.267 12221 14829 D OutputsAudio: [outputs-audio] playMorse.symbol.start sequence=21 symbol=. expected=26098415.792 actual=26098445.691 skew=29.899 batchElapsed=2813.899
10-11 19:25:12.271 12221 14039 I ReactNativeJS: [outputs] outputs.flashPulse.commit {"timestamp":26098449.9365,"wallClock":1760225112271,"durationMs":48,"source":"console.replay","correlationId":"console-replay:mgmwl11o5lxb1n8j","latencyMs":67.83249999955297,"timelineOffsetMs":33.29926100000739,"leadMs":8,"scheduleSkewMs":62.89494800195098,"schedulingMode":"timeline","audioStartHeadroomMs":-75.23538599908352,"audioStartGuard":"headroom","audioStartCompensationMs":75.23538599908352}
10-11 19:25:12.314 12221 14039 D OutputsAudio: [outputs-audio] symbol.info sequence=21 symbol=. timestamp=26098445.691 duration=48.000 expected=26098415.792 skew=29.899 age=47.533
10-11 19:25:12.315 12221 14039 I ReactNativeJS: [outputs] playMorse.symbol {"timestamp":26098493.356396,"wallClock":1760225112314,"symbol":".","durationMs":48,"index":20,"source":"console.replay","correlationId":"console-replay:ot5m8jbo","nativeTimestampMs":26098445.691,"nativeDurationMs":48,"nativeOffsetMs":47.6188860014081,"nativeSequence":21,"monotonicTimestampMs":26098445.691,"nativeExpectedTimestampMs":26098415.792,"nativeStartSkewMs":29.899,"nativeBatchElapsedMs":2813.899,"nativeExpectedSincePriorMs":96,"nativeSincePriorMs":96.896,"nativePatternStartMs":26095631.792,"nativeAgeMs":47.533}
10-11 19:25:12.315 12221 14039 I ReactNativeJS: [outputs] playMorse.symbol {"timestamp":26098493.980355,"wallClock":1760225112315,"symbol":".","durationMs":48,"index":20,"source":"console.replay","correlationId":"console-replay:mgmwl14ricg7k779","nativeTimestampMs":26098445.691,"nativeDurationMs":48,"nativeOffsetMs":47.6188860014081,"nativeSequence":21,"monotonicTimestampMs":26098445.691,"nativeExpectedTimestampMs":26098415.792,"nativeStartSkewMs":29.899,"nativeBatchElapsedMs":2813.899,"nativeExpectedSincePriorMs":96,"nativeSincePriorMs":96.896,"nativePatternStartMs":26095631.792,"nativeAgeMs":47.533}
10-11 19:25:12.316 12221 14829 D OutputsAudio: [outputs-audio] stop gain=1.000 release=6.00
10-11 19:25:12.316 12221 14039 I ReactNativeJS: [outputs] outputs.hapticSymbol {"timestamp":26098494.415146,"wallClock":1760225112315,"enabled":true,"symbol":".","durationMs":48,"platform":"android","source":"console.replay","correlationId":"console-replay:mgmwl14ricg7k779","timelineOffsetMs":null}
10-11 19:25:12.317 12221 14039 I ReactNativeJS: [outputs] outputs.flashPulse {"timestamp":26098495.254417,"wallClock":1760225112316,"enabled":true,"durationMs":48,"source":"console.replay","correlationId":"console-replay:mgmwl14ricg7k779","timelineOffsetMs":47.6188860014081,"schedulingMode":"timeline","audioStartHeadroomMs":-87.45226100087166,"audioStartGuard":"headroom","audioStartCompensationMs":87.45226100087166}
10-11 19:25:12.364 12221 14829 D OutputsAudio: [outputs-audio] start hz=650.0 gain=1.000 attack=2.50 release=6.00
10-11 19:25:12.365 12221 14829 D OutputsAudio: [outputs-audio] playMorse.symbol.start sequence=22 symbol=- expected=26098511.792 actual=26098543.676 skew=31.885 batchElapsed=2911.885
10-11 19:25:12.378 12221 14039 I ReactNativeJS: [outputs] outputs.flashPulse.commit {"timestamp":26098556.590459,"wallClock":1760225112378,"durationMs":48,"source":"console.replay","correlationId":"console-replay:mgmwl14ricg7k779","latencyMs":63.27171899750829,"timelineOffsetMs":47.6188860014081,"leadMs":8,"scheduleSkewMs":61.3356780000031,"schedulingMode":"timeline","audioStartHeadroomMs":-87.45226100087166,"audioStartGuard":"headroom","audioStartCompensationMs":87.45226100087166}
10-11 19:25:12.426 12221 14039 D OutputsAudio: [outputs-audio] symbol.info sequence=22 symbol=- timestamp=26098543.676 duration=144.000 expected=26098511.792 skew=31.885 age=60.891
10-11 19:25:12.426 12221 14039 I ReactNativeJS: [outputs] playMorse.symbol {"timestamp":26098604.700823,"wallClock":1760225112426,"symbol":"-","durationMs":144,"index":21,"source":"console.replay","correlationId":"console-replay:xs5h3mps","nativeTimestampMs":26098543.676,"nativeDurationMs":144,"nativeOffsetMs":60.97690699994564,"nativeSequence":22,"monotonicTimestampMs":26098543.676,"nativeExpectedTimestampMs":26098511.792,"nativeStartSkewMs":31.885,"nativeBatchElapsedMs":2911.885,"nativeExpectedSincePriorMs":96,"nativeSincePriorMs":97.985,"nativePatternStartMs":26095631.792,"nativeAgeMs":60.891}
10-11 19:25:12.427 12221 14039 I ReactNativeJS: [outputs] playMorse.symbol {"timestamp":26098605.348219,"wallClock":1760225112426,"symbol":"-","durationMs":144,"index":21,"source":"console.replay","correlationId":"console-replay:mgmwl17u8rpao857","nativeTimestampMs":26098543.676,"nativeDurationMs":144,"nativeOffsetMs":60.97690699994564,"nativeSequence":22,"monotonicTimestampMs":26098543.676,"nativeExpectedTimestampMs":26098511.792,"nativeStartSkewMs":31.885,"nativeBatchElapsedMs":2911.885,"nativeExpectedSincePriorMs":96,"nativeSincePriorMs":97.985,"nativePatternStartMs":26095631.792,"nativeAgeMs":60.891}
10-11 19:25:12.427 12221 14039 I ReactNativeJS: [outputs] outputs.hapticSymbol {"timestamp":26098605.803427,"wallClock":1760225112427,"enabled":true,"symbol":"-","durationMs":144,"platform":"android","source":"console.replay","correlationId":"console-replay:mgmwl17u8rpao857","timelineOffsetMs":null}
10-11 19:25:12.428 12221 14039 I ReactNativeJS: [outputs] outputs.flashPulse {"timestamp":26098606.65775,"wallClock":1760225112428,"enabled":true,"durationMs":144,"source":"console.replay","correlationId":"console-replay:mgmwl17u8rpao857","timelineOffsetMs":60.97690699994564,"schedulingMode":"timeline","audioStartHeadroomMs":-102.85465700179338,"audioStartGuard":"headroom","audioStartCompensationMs":102.85465700179338}
10-11 19:25:12.482 12221 14039 I ReactNativeJS: [outputs] outputs.flashPulse.commit {"timestamp":26098660.486084,"wallClock":1760225112481,"durationMs":144,"source":"console.replay","correlationId":"console-replay:mgmwl17u8rpao857","latencyMs":55.82479099929333,"timelineOffsetMs":60.97690699994564,"leadMs":8,"scheduleSkewMs":53.82916599884629,"schedulingMode":"timeline","audioStartHeadroomMs":-102.85465700179338,"audioStartGuard":"headroom","audioStartCompensationMs":102.85465700179338}
10-11 19:25:12.509 12221 14829 D OutputsAudio: [outputs-audio] stop gain=1.000 release=6.00
10-11 19:25:12.558 12221 14829 D OutputsAudio: [outputs-audio] start hz=650.0 gain=1.000 attack=2.50 release=6.00
10-11 19:25:12.558 12221 14829 D OutputsAudio: [outputs-audio] playMorse.symbol.start sequence=23 symbol=- expected=26098703.792 actual=26098737.524 skew=33.732 batchElapsed=3105.732
10-11 19:25:12.566 12221 14039 D OutputsAudio: [outputs-audio] symbol.info sequence=23 symbol=- timestamp=26098737.524 duration=144.000 expected=26098703.792 skew=33.732 age=7.752
10-11 19:25:12.569 12221 14039 I ReactNativeJS: [outputs] playMorse.symbol {"timestamp":26098745.52374,"wallClock":1760225112566,"symbol":"-","durationMs":144,"index":22,"source":"console.replay","correlationId":"console-replay:84xoand9","nativeTimestampMs":26098737.524,"nativeDurationMs":144,"nativeOffsetMs":7.895312998443842,"nativeSequence":23,"monotonicTimestampMs":26098737.524,"nativeExpectedTimestampMs":26098703.792,"nativeStartSkewMs":33.732,"nativeBatchElapsedMs":3105.732,"nativeExpectedSincePriorMs":192,"nativeSincePriorMs":193.848,"nativePatternStartMs":26095631.792,"nativeAgeMs":7.752}
10-11 19:25:12.571 12221 14039 I ReactNativeJS: [outputs] playMorse.symbol {"timestamp":26098748.470875,"wallClock":1760225112569,"symbol":"-","durationMs":144,"index":22,"source":"console.replay","correlationId":"console-replay:mgmwl1bty3hmq49k","nativeTimestampMs":26098737.524,"nativeDurationMs":144,"nativeOffsetMs":7.895312998443842,"nativeSequence":23,"monotonicTimestampMs":26098737.524,"nativeExpectedTimestampMs":26098703.792,"nativeStartSkewMs":33.732,"nativeBatchElapsedMs":3105.732,"nativeExpectedSincePriorMs":192,"nativeSincePriorMs":193.848,"nativePatternStartMs":26095631.792,"nativeAgeMs":7.752}
10-11 19:25:12.572 12221 14039 I ReactNativeJS: [outputs] outputs.hapticSymbol {"timestamp":26098749.834417,"wallClock":1760225112571,"enabled":true,"symbol":"-","durationMs":144,"platform":"android","source":"console.replay","correlationId":"console-replay:mgmwl1bty3hmq49k","timelineOffsetMs":null}
10-11 19:25:12.573 12221 14039 I ReactNativeJS: [outputs] outputs.flashPulse {"timestamp":26098751.579052,"wallClock":1760225112572,"enabled":true,"durationMs":144,"source":"console.replay","correlationId":"console-replay:mgmwl1bty3hmq49k","timelineOffsetMs":7.895312998443842,"schedulingMode":"timeline","audioStartHeadroomMs":-55.76470899954438,"audioStartGuard":"headroom","audioStartCompensationMs":55.76470899954438}
10-11 19:25:12.637 12221 14039 I ReactNativeJS: [outputs] outputs.flashPulse.commit {"timestamp":26098815.636344,"wallClock":1760225112637,"durationMs":144,"source":"console.replay","correlationId":"console-replay:mgmwl1bty3hmq49k","latencyMs":70.20697900280356,"timelineOffsetMs":7.895312998443842,"leadMs":8,"scheduleSkewMs":64.06619800254703,"schedulingMode":"timeline","audioStartHeadroomMs":-55.76470899954438,"audioStartGuard":"headroom","audioStartCompensationMs":55.76470899954438}
10-11 19:25:12.704 12221 14829 D OutputsAudio: [outputs-audio] stop gain=1.000 release=6.00
10-11 19:25:12.753 12221 14829 D OutputsAudio: [outputs-audio] start hz=650.0 gain=1.000 attack=2.50 release=6.00
10-11 19:25:12.753 12221 14829 D OutputsAudio: [outputs-audio] playMorse.symbol.start sequence=24 symbol=- expected=26098895.792 actual=26098931.968 skew=36.177 batchElapsed=3300.177
10-11 19:25:12.765 12221 14039 D OutputsAudio: [outputs-audio] symbol.info sequence=24 symbol=- timestamp=26098931.968 duration=144.000 expected=26098895.792 skew=36.177 age=11.746
10-11 19:25:12.766 12221 14039 I ReactNativeJS: [outputs] playMorse.symbol {"timestamp":26098943.973427,"wallClock":1760225112765,"symbol":"-","durationMs":144,"index":23,"source":"console.replay","correlationId":"console-replay:6fm5y5gu","nativeTimestampMs":26098931.968,"nativeDurationMs":144,"nativeOffsetMs":11.905531000345945,"nativeSequence":24,"monotonicTimestampMs":26098931.968,"nativeExpectedTimestampMs":26098895.792,"nativeStartSkewMs":36.177,"nativeBatchElapsedMs":3300.177,"nativeExpectedSincePriorMs":192,"nativeSincePriorMs":194.444,"nativePatternStartMs":26095631.792,"nativeAgeMs":11.746}
10-11 19:25:12.768 12221 14039 I ReactNativeJS: [outputs] playMorse.symbol {"timestamp":26098946.037854,"wallClock":1760225112767,"symbol":"-","durationMs":144,"index":23,"source":"console.replay","correlationId":"console-replay:mgmwl1hbf2omdqio","nativeTimestampMs":26098931.968,"nativeDurationMs":144,"nativeOffsetMs":11.905531000345945,"nativeSequence":24,"monotonicTimestampMs":26098931.968,"nativeExpectedTimestampMs":26098895.792,"nativeStartSkewMs":36.177,"nativeBatchElapsedMs":3300.177,"nativeExpectedSincePriorMs":192,"nativeSincePriorMs":194.444,"nativePatternStartMs":26095631.792,"nativeAgeMs":11.746}
10-11 19:25:12.769 12221 14039 I ReactNativeJS: [outputs] outputs.hapticSymbol {"timestamp":26098946.925198,"wallClock":1760225112768,"enabled":true,"symbol":"-","durationMs":144,"platform":"android","source":"console.replay","correlationId":"console-replay:mgmwl1hbf2omdqio","timelineOffsetMs":null}
10-11 19:25:12.770 12221 14039 I ReactNativeJS: [outputs] outputs.flashPulse {"timestamp":26098948.782125,"wallClock":1760225112770,"enabled":true,"durationMs":144,"source":"console.replay","correlationId":"console-replay:mgmwl1hbf2omdqio","timelineOffsetMs":11.905531000345945,"schedulingMode":"timeline","audioStartHeadroomMs":-60.96976099908352,"audioStartGuard":"headroom","audioStartCompensationMs":60.96976099908352}
10-11 19:25:12.840 12221 14039 I ReactNativeJS: [outputs] outputs.flashPulse.commit {"timestamp":26099018.299938,"wallClock":1760225112839,"durationMs":144,"source":"console.replay","correlationId":"console-replay:mgmwl1hbf2omdqio","latencyMs":74.41625000163913,"timelineOffsetMs":11.905531000345945,"leadMs":8,"scheduleSkewMs":69.52468699961901,"schedulingMode":"timeline","audioStartHeadroomMs":-60.96976099908352,"audioStartGuard":"headroom","audioStartCompensationMs":60.96976099908352}
10-11 19:25:12.897 12221 14829 D OutputsAudio: [outputs-audio] stop gain=1.000 release=6.00
10-11 19:25:12.946 12221 14829 D OutputsAudio: [outputs-audio] start hz=650.0 gain=1.000 attack=2.50 release=6.00
10-11 19:25:12.946 12221 14829 D OutputsAudio: [outputs-audio] playMorse.symbol.start sequence=25 symbol=. expected=26099087.792 actual=26099124.895 skew=37.104 batchElapsed=3493.104
10-11 19:25:12.957 12221 14039 D OutputsAudio: [outputs-audio] symbol.info sequence=25 symbol=. timestamp=26099124.895 duration=48.000 expected=26099087.792 skew=37.104 age=10.698
10-11 19:25:12.958 12221 14039 I ReactNativeJS: [outputs] playMorse.symbol {"timestamp":26099135.82025,"wallClock":1760225112957,"symbol":".","durationMs":48,"index":24,"source":"console.replay","correlationId":"console-replay:e4gvsp2j","nativeTimestampMs":26099124.895,"nativeDurationMs":48,"nativeOffsetMs":10.830354001373053,"nativeSequence":25,"monotonicTimestampMs":26099124.895,"nativeExpectedTimestampMs":26099087.792,"nativeStartSkewMs":37.104,"nativeBatchElapsedMs":3493.104,"nativeExpectedSincePriorMs":192,"nativeSincePriorMs":192.927,"nativePatternStartMs":26095631.792,"nativeAgeMs":10.698}
10-11 19:25:12.959 12221 14039 I ReactNativeJS: [outputs] playMorse.symbol {"timestamp":26099137.165719,"wallClock":1760225112958,"symbol":".","durationMs":48,"index":24,"source":"console.replay","correlationId":"console-replay:mgmwl1mmyfy25y5z","nativeTimestampMs":26099124.895,"nativeDurationMs":48,"nativeOffsetMs":10.830354001373053,"nativeSequence":25,"monotonicTimestampMs":26099124.895,"nativeExpectedTimestampMs":26099087.792,"nativeStartSkewMs":37.104,"nativeBatchElapsedMs":3493.104,"nativeExpectedSincePriorMs":192,"nativeSincePriorMs":192.927,"nativePatternStartMs":26095631.792,"nativeAgeMs":10.698}
10-11 19:25:12.960 12221 14039 I ReactNativeJS: [outputs] outputs.hapticSymbol {"timestamp":26099138.138479,"wallClock":1760225112959,"enabled":true,"symbol":".","durationMs":48,"platform":"android","source":"console.replay","correlationId":"console-replay:mgmwl1mmyfy25y5z","timelineOffsetMs":null}
10-11 19:25:12.961 12221 14039 I ReactNativeJS: [outputs] outputs.flashPulse {"timestamp":26099139.872177,"wallClock":1760225112961,"enabled":true,"durationMs":48,"source":"console.replay","correlationId":"console-replay:mgmwl1mmyfy25y5z","timelineOffsetMs":10.830354001373053,"schedulingMode":"timeline","audioStartHeadroomMs":-60.06418799981475,"audioStartGuard":"headroom","audioStartCompensationMs":60.06418799981475}
10-11 19:25:12.995 12221 14829 D OutputsAudio: [outputs-audio] stop gain=1.000 release=6.00
10-11 19:25:13.044 12221 14829 D OutputsAudio: [outputs-audio] start hz=650.0 gain=1.000 attack=2.50 release=6.00
10-11 19:25:13.044 12221 14829 D OutputsAudio: [outputs-audio] playMorse.symbol.start sequence=26 symbol=. expected=26099183.792 actual=26099222.727 skew=38.936 batchElapsed=3590.936
10-11 19:25:13.093 12221 14829 D OutputsAudio: [outputs-audio] stop gain=1.000 release=6.00
10-11 19:25:13.094 12221 14039 I ReactNativeJS: [outputs] outputs.flashPulse.commit {"timestamp":26099272.985198,"wallClock":1760225113094,"durationMs":48,"source":"console.replay","correlationId":"console-replay:mgmwl1mmyfy25y5z","latencyMs":137.25020899996161,"timelineOffsetMs":10.830354001373053,"leadMs":8,"scheduleSkewMs":133.1166670024395,"schedulingMode":"timeline","audioStartHeadroomMs":-60.06418799981475,"audioStartGuard":"headroom","audioStartCompensationMs":60.06418799981475}
10-11 19:25:13.139 12221 14039 D OutputsAudio: [outputs-audio] symbol.info sequence=26 symbol=. timestamp=26099222.727 duration=48.000 expected=26099183.792 skew=38.936 age=94.935
10-11 19:25:13.139 12221 14039 I ReactNativeJS: [outputs] playMorse.symbol {"timestamp":26099317.80749,"wallClock":1760225113139,"symbol":".","durationMs":48,"index":25,"source":"console.replay","correlationId":"console-replay:bai6yupr","nativeTimestampMs":26099222.727,"nativeDurationMs":48,"nativeOffsetMs":95.03184399753809,"nativeSequence":26,"monotonicTimestampMs":26099222.727,"nativeExpectedTimestampMs":26099183.792,"nativeStartSkewMs":38.936,"nativeBatchElapsedMs":3590.936,"nativeExpectedSincePriorMs":96,"nativeSincePriorMs":97.832,"nativePatternStartMs":26095631.792,"nativeAgeMs":94.935}
10-11 19:25:13.140 12221 14039 I ReactNativeJS: [outputs] playMorse.nativeOffset.spike {"timestamp":26099318.402177,"wallClock":1760225113139,"source":"console.replay","offsetMs":95.03184399753809,"sequence":26,"unitMs":48,"correlationId":"console-replay:bai6yupr"}
10-11 19:25:13.140 12221 14039 I ReactNativeJS: [outputs] playMorse.symbol {"timestamp":26099318.816552,"wallClock":1760225113140,"symbol":".","durationMs":48,"index":25,"source":"console.replay","correlationId":"console-replay:mgmwl1ro6w8g2wzg","nativeTimestampMs":26099222.727,"nativeDurationMs":48,"nativeOffsetMs":95.03184399753809,"nativeSequence":26,"monotonicTimestampMs":26099222.727,"nativeExpectedTimestampMs":26099183.792,"nativeStartSkewMs":38.936,"nativeBatchElapsedMs":3590.936,"nativeExpectedSincePriorMs":96,"nativeSincePriorMs":97.832,"nativePatternStartMs":26095631.792,"nativeAgeMs":94.935}
10-11 19:25:13.140 12221 14039 I ReactNativeJS: [outputs] playMorse.nativeOffset.spike {"timestamp":26099319.211135,"wallClock":1760225113140,"source":"console.replay","offsetMs":95.03184399753809,"sequence":26,"unitMs":48,"correlationId":"console-replay:mgmwl1ro6w8g2wzg","startSkewMs":38.936,"batchElapsedMs":3590.936,"ageMs":94.935}
10-11 19:25:13.141 12221 14829 D OutputsAudio: [outputs-audio] start hz=650.0 gain=1.000 attack=2.50 release=6.00
10-11 19:25:13.141 12221 14829 D OutputsAudio: [outputs-audio] playMorse.symbol.start sequence=27 symbol=. expected=26099279.792 actual=26099319.857 skew=40.065 batchElapsed=3688.065
10-11 19:25:13.141 12221 14039 I ReactNativeJS: [outputs] outputs.hapticSymbol {"timestamp":26099319.614313,"wallClock":1760225113141,"enabled":true,"symbol":".","durationMs":48,"platform":"android","source":"console.replay","correlationId":"console-replay:mgmwl1ro6w8g2wzg","timelineOffsetMs":null}
10-11 19:25:13.142 12221 14039 I ReactNativeJS: [outputs] outputs.flashPulse {"timestamp":26099320.506344,"wallClock":1760225113141,"enabled":true,"durationMs":48,"source":"console.replay","correlationId":"console-replay:mgmwl1ro6w8g2wzg","timelineOffsetMs":95.03184399753809,"schedulingMode":"timeline","audioStartHeadroomMs":-144.7039269991219,"audioStartGuard":"headroom","audioStartCompensationMs":144.7039269991219}
10-11 19:25:13.142 12221 14039 D OutputsAudio: [outputs-audio] symbol.info sequence=27 symbol=. timestamp=26099319.857 duration=48.000 expected=26099279.792 skew=40.065 age=1.191
10-11 19:25:13.189 12221 14829 D OutputsAudio: [outputs-audio] stop gain=1.000 release=6.00
10-11 19:25:13.189 12221 14829 D OutputsAudio: [outputs-audio] stop gain=1.000 release=6.00
10-11 19:25:13.189 12221 14829 D OutputsAudio: [outputs-audio] playMorse.end cancelled=0
10-11 19:25:13.207 12221 14039 I ReactNativeJS: [outputs] playMorse.symbol {"timestamp":26099385.482594,"wallClock":1760225113206,"symbol":".","durationMs":48,"index":26,"source":"console.replay","correlationId":"console-replay:d7d65pil","nativeTimestampMs":26099319.857,"nativeDurationMs":48,"nativeOffsetMs":1.2612709999084473,"nativeSequence":27,"monotonicTimestampMs":26099319.857,"nativeExpectedTimestampMs":26099279.792,"nativeStartSkewMs":40.065,"nativeBatchElapsedMs":3688.065,"nativeExpectedSincePriorMs":96,"nativeSincePriorMs":97.13,"nativePatternStartMs":26095631.792,"nativeAgeMs":1.191}
10-11 19:25:13.207 12221 14039 I ReactNativeJS: [outputs] playMorse.symbol {"timestamp":26099386.16249,"wallClock":1760225113207,"symbol":".","durationMs":48,"index":26,"source":"console.replay","correlationId":"console-replay:mgmwl1tj1ppcyxgi","nativeTimestampMs":26099319.857,"nativeDurationMs":48,"nativeOffsetMs":1.2612709999084473,"nativeSequence":27,"monotonicTimestampMs":26099319.857,"nativeExpectedTimestampMs":26099279.792,"nativeStartSkewMs":40.065,"nativeBatchElapsedMs":3688.065,"nativeExpectedSincePriorMs":96,"nativeSincePriorMs":97.13,"nativePatternStartMs":26095631.792,"nativeAgeMs":1.191}
10-11 19:25:13.208 12221 14039 I ReactNativeJS: [outputs] outputs.hapticSymbol {"timestamp":26099386.601396,"wallClock":1760225113208,"enabled":true,"symbol":".","durationMs":48,"platform":"android","source":"console.replay","correlationId":"console-replay:mgmwl1tj1ppcyxgi","timelineOffsetMs":null}
10-11 19:25:13.209 12221 14039 I ReactNativeJS: [outputs] outputs.flashPulse {"timestamp":26099387.464625,"wallClock":1760225113208,"enabled":true,"durationMs":48,"source":"console.replay","correlationId":"console-replay:mgmwl1tj1ppcyxgi","timelineOffsetMs":1.2612709999084473,"schedulingMode":"timeline","audioStartHeadroomMs":-115.66174000129104,"audioStartGuard":"headroom","audioStartCompensationMs":115.66174000129104}
10-11 19:25:13.262 12221 14039 I ReactNativeJS: [outputs] playMorse.complete {"timestamp":26099440.243479,"wallClock":1760225113261,"durationMs":4125.483435999602,"source":"console.replay","audioEnabled":true,"audioVolumePercent":100}
10-11 19:25:13.306 12221 14039 I ReactNativeJS: [outputs] outputs.flashPulse.commit {"timestamp":26099484.2865,"wallClock":1760225113305,"durationMs":48,"source":"console.replay","correlationId":"console-replay:mgmwl1ro6w8g2wzg","latencyMs":166.51869799941778,"timelineOffsetMs":95.03184399753809,"leadMs":8,"scheduleSkewMs":163.779739998281,"schedulingMode":"timeline","audioStartHeadroomMs":-144.7039269991219,"audioStartGuard":"headroom","audioStartCompensationMs":144.7039269991219}
10-11 19:25:13.351 12221 14039 I ReactNativeJS: [outputs] outputs.flashPulse.commit {"timestamp":26099529.324729,"wallClock":1760225113350,"durationMs":48,"source":"console.replay","correlationId":"console-replay:mgmwl1tj1ppcyxgi","latencyMs":208.19776000082493,"timelineOffsetMs":1.2612709999084473,"leadMs":8,"scheduleSkewMs":141.8606250025332,"schedulingMode":"timeline","audioStartHeadroomMs":-115.66174000129104,"audioStartGuard":"headroom","audioStartCompensationMs":115.66174000129104}
10-11 19:25:17.251 12221 14039 I ReactNativeJS: [outputs] playMorse.start {"timestamp":26103429.094467,"wallClock":1760225117250,"unitMs":40,"length":29,"source":"console.replay","audioEnabled":true,"audioVolumePercent":100}
10-11 19:25:17.515 12221 14039 D OutputsAudio: [outputs-audio] warmup hz=650.0
10-11 19:25:17.516 12221 14872 D OutputsAudio: [outputs-audio] playMorse.start count=27 unit=40.0
10-11 19:25:17.516 12221 14872 D OutputsAudio: [outputs-audio] start hz=650.0 gain=1.000 attack=2.50 release=6.00
10-11 19:25:17.516 12221 14872 D OutputsAudio: [outputs-audio] playMorse.symbol.start sequence=1 symbol=. expected=26103694.425 actual=26103695.170 skew=0.744 batchElapsed=0.744
10-11 19:25:17.525 12221 14039 D OutputsAudio: [outputs-audio] symbol.info sequence=1 symbol=. timestamp=26103695.170 duration=40.000 expected=26103694.425 skew=0.744 age=9.052
10-11 19:25:17.526 12221 14039 I ReactNativeJS: [outputs] playMorse.symbol {"timestamp":26103704.475665,"wallClock":1760225117525,"symbol":".","durationMs":40,"index":0,"source":"console.replay","correlationId":"console-replay:6vefn19c","nativeTimestampMs":26103695.17,"nativeDurationMs":40,"nativeOffsetMs":9.224622998386621,"nativeSequence":1,"monotonicTimestampMs":26103695.17,"nativeExpectedTimestampMs":26103694.425,"nativeStartSkewMs":0.744,"nativeBatchElapsedMs":0.744,"nativeExpectedSincePriorMs":0,"nativeSincePriorMs":0,"nativePatternStartMs":26103694.425,"nativeAgeMs":9.052}
10-11 19:25:17.527 12221 14039 I ReactNativeJS: [outputs] playMorse.symbol {"timestamp":26103705.576915,"wallClock":1760225117526,"symbol":".","durationMs":40,"index":0,"source":"console.replay","correlationId":"console-replay:mgmwl55i8vfq9q8g","nativeTimestampMs":26103695.17,"nativeDurationMs":40,"nativeOffsetMs":9.224622998386621,"nativeSequence":1,"monotonicTimestampMs":26103695.17,"nativeExpectedTimestampMs":26103694.425,"nativeStartSkewMs":0.744,"nativeBatchElapsedMs":0.744,"nativeExpectedSincePriorMs":0,"nativeSincePriorMs":0,"nativePatternStartMs":26103694.425,"nativeAgeMs":9.052}
10-11 19:25:17.528 12221 14039 I ReactNativeJS: [outputs] outputs.hapticSymbol {"timestamp":26103706.327488,"wallClock":1760225117527,"enabled":true,"symbol":".","durationMs":40,"platform":"android","source":"console.replay","correlationId":"console-replay:mgmwl55i8vfq9q8g","timelineOffsetMs":null}
10-11 19:25:17.532 12221 14039 I ReactNativeJS: [outputs] outputs.flashPulse {"timestamp":26103707.741603,"wallClock":1760225117529,"enabled":true,"durationMs":40,"source":"console.replay","correlationId":"console-replay:mgmwl55i8vfq9q8g","timelineOffsetMs":9.224622998386621,"schedulingMode":"timeline","audioStartHeadroomMs":-21.299831997603178,"audioStartGuard":"headroom","audioStartCompensationMs":21.299831997603178}
10-11 19:25:17.557 12221 14872 D OutputsAudio: [outputs-audio] stop gain=1.000 release=6.00
10-11 19:25:17.588 12221 14039 I ReactNativeJS: [outputs] outputs.flashPulse.commit {"timestamp":26103766.783217,"wallClock":1760225117588,"durationMs":40,"source":"console.replay","correlationId":"console-replay:mgmwl55i8vfq9q8g","latencyMs":62.37921899929643,"timelineOffsetMs":9.224622998386621,"leadMs":8,"scheduleSkewMs":59.046666998416185,"schedulingMode":"timeline","audioStartHeadroomMs":-21.299831997603178,"audioStartGuard":"headroom","audioStartCompensationMs":21.299831997603178}
10-11 19:25:17.598 12221 14872 D OutputsAudio: [outputs-audio] start hz=650.0 gain=1.000 attack=2.50 release=6.00
10-11 19:25:17.598 12221 14872 D OutputsAudio: [outputs-audio] playMorse.symbol.start sequence=2 symbol=. expected=26103774.425 actual=26103776.831 skew=2.405 batchElapsed=82.405
10-11 19:25:17.634 12221 14039 D OutputsAudio: [outputs-audio] symbol.info sequence=2 symbol=. timestamp=26103776.831 duration=40.000 expected=26103774.425 skew=2.405 age=36.125
10-11 19:25:17.635 12221 14039 I ReactNativeJS: [outputs] playMorse.symbol {"timestamp":26103813.091655,"wallClock":1760225117634,"symbol":".","durationMs":40,"index":1,"source":"console.replay","correlationId":"console-replay:l6cqxlna","nativeTimestampMs":26103776.831,"nativeDurationMs":40,"nativeOffsetMs":36.21289400011301,"nativeSequence":2,"monotonicTimestampMs":26103776.831,"nativeExpectedTimestampMs":26103774.425,"nativeStartSkewMs":2.405,"nativeBatchElapsedMs":82.405,"nativeExpectedSincePriorMs":80,"nativeSincePriorMs":81.661,"nativePatternStartMs":26103694.425,"nativeAgeMs":36.125}
10-11 19:25:17.635 12221 14039 I ReactNativeJS: [outputs] playMorse.symbol {"timestamp":26103813.667957,"wallClock":1760225117635,"symbol":".","durationMs":40,"index":1,"source":"console.replay","correlationId":"console-replay:mgmwl58jzyx365og","nativeTimestampMs":26103776.831,"nativeDurationMs":40,"nativeOffsetMs":36.21289400011301,"nativeSequence":2,"monotonicTimestampMs":26103776.831,"nativeExpectedTimestampMs":26103774.425,"nativeStartSkewMs":2.405,"nativeBatchElapsedMs":82.405,"nativeExpectedSincePriorMs":80,"nativeSincePriorMs":81.661,"nativePatternStartMs":26103694.425,"nativeAgeMs":36.125}
10-11 19:25:17.635 12221 14039 I ReactNativeJS: [outputs] outputs.hapticSymbol {"timestamp":26103814.094415,"wallClock":1760225117635,"enabled":true,"symbol":".","durationMs":40,"platform":"android","source":"console.replay","correlationId":"console-replay:mgmwl58jzyx365og","timelineOffsetMs":null}
10-11 19:25:17.636 12221 14039 I ReactNativeJS: [outputs] outputs.flashPulse {"timestamp":26103814.949832,"wallClock":1760225117636,"enabled":true,"durationMs":40,"source":"console.replay","correlationId":"console-replay:mgmwl58jzyx365og","timelineOffsetMs":36.21289400011301,"schedulingMode":"timeline","audioStartHeadroomMs":-48.51441499963403,"audioStartGuard":"headroom","audioStartCompensationMs":48.51441499963403}
10-11 19:25:17.639 12221 14872 D OutputsAudio: [outputs-audio] stop gain=1.000 release=6.00
10-11 19:25:17.679 12221 14872 D OutputsAudio: [outputs-audio] start hz=650.0 gain=1.000 attack=2.50 release=6.00
10-11 19:25:17.680 12221 14872 D OutputsAudio: [outputs-audio] playMorse.symbol.start sequence=3 symbol=. expected=26103854.425 actual=26103858.618 skew=4.193 batchElapsed=164.193
10-11 19:25:17.720 12221 14872 D OutputsAudio: [outputs-audio] stop gain=1.000 release=6.00
10-11 19:25:17.739 12221 14039 D OutputsAudio: [outputs-audio] symbol.info sequence=3 symbol=. timestamp=26103858.618 duration=40.000 expected=26103854.425 skew=4.193 age=59.700
10-11 19:25:17.740 12221 14039 I ReactNativeJS: [outputs] playMorse.symbol {"timestamp":26103918.4828,"wallClock":1760225117739,"symbol":".","durationMs":40,"index":2,"source":"console.replay","correlationId":"console-replay:zb2tuyk5","nativeTimestampMs":26103858.618,"nativeDurationMs":40,"nativeOffsetMs":59.79969599843025,"nativeSequence":3,"monotonicTimestampMs":26103858.618,"nativeExpectedTimestampMs":26103854.425,"nativeStartSkewMs":4.193,"nativeBatchElapsedMs":164.193,"nativeExpectedSincePriorMs":80,"nativeSincePriorMs":81.788,"nativePatternStartMs":26103694.425,"nativeAgeMs":59.7}
10-11 19:25:17.741 12221 14039 I ReactNativeJS: [outputs] playMorse.symbol {"timestamp":26103919.241707,"wallClock":1760225117740,"symbol":".","durationMs":40,"index":2,"source":"console.replay","correlationId":"console-replay:mgmwl5bglexm9uwg","nativeTimestampMs":26103858.618,"nativeDurationMs":40,"nativeOffsetMs":59.79969599843025,"nativeSequence":3,"monotonicTimestampMs":26103858.618,"nativeExpectedTimestampMs":26103854.425,"nativeStartSkewMs":4.193,"nativeBatchElapsedMs":164.193,"nativeExpectedSincePriorMs":80,"nativeSincePriorMs":81.788,"nativePatternStartMs":26103694.425,"nativeAgeMs":59.7}
10-11 19:25:17.742 12221 14039 I ReactNativeJS: [outputs] outputs.hapticSymbol {"timestamp":26103919.921707,"wallClock":1760225117741,"enabled":true,"symbol":".","durationMs":40,"platform":"android","source":"console.replay","correlationId":"console-replay:mgmwl5bglexm9uwg","timelineOffsetMs":null}
10-11 19:25:17.743 12221 14039 I ReactNativeJS: [outputs] outputs.flashPulse {"timestamp":26103921.39978,"wallClock":1760225117742,"enabled":true,"durationMs":40,"source":"console.replay","correlationId":"console-replay:mgmwl5bglexm9uwg","timelineOffsetMs":59.79969599843025,"schedulingMode":"timeline","audioStartHeadroomMs":-74.95962299779058,"audioStartGuard":"headroom","audioStartCompensationMs":74.95962299779058}
10-11 19:25:17.761 12221 14872 D OutputsAudio: [outputs-audio] start hz=650.0 gain=1.000 attack=2.50 release=6.00
10-11 19:25:17.762 12221 14872 D OutputsAudio: [outputs-audio] playMorse.symbol.start sequence=4 symbol=- expected=26103934.425 actual=26103940.274 skew=5.849 batchElapsed=245.849
10-11 19:25:17.811 12221 14039 I ReactNativeJS: [outputs] outputs.flashPulse.commit {"timestamp":26103989.779727,"wallClock":1760225117811,"durationMs":40,"source":"console.replay","correlationId":"console-replay:mgmwl58jzyx365og","latencyMs":176.72666699811816,"timelineOffsetMs":36.21289400011301,"leadMs":8,"scheduleSkewMs":174.82947899773717,"schedulingMode":"timeline","audioStartHeadroomMs":-48.51441499963403,"audioStartGuard":"headroom","audioStartCompensationMs":48.51441499963403}
10-11 19:25:17.862 12221 14039 I ReactNativeJS: [outputs] outputs.flashPulse.commit {"timestamp":26104040.481186,"wallClock":1760225117861,"durationMs":40,"source":"console.replay","correlationId":"console-replay:mgmwl5bglexm9uwg","latencyMs":122.05255199968815,"timelineOffsetMs":59.79969599843025,"leadMs":8,"scheduleSkewMs":119.08302100002766,"schedulingMode":"timeline","audioStartHeadroomMs":-74.95962299779058,"audioStartGuard":"headroom","audioStartCompensationMs":74.95962299779058}
10-11 19:25:17.882 12221 14872 D OutputsAudio: [outputs-audio] stop gain=1.000 release=6.00
10-11 19:25:17.906 12221 14039 D OutputsAudio: [outputs-audio] symbol.info sequence=4 symbol=- timestamp=26103940.274 duration=120.000 expected=26103934.425 skew=5.849 age=144.872
10-11 19:25:17.907 12221 14039 I ReactNativeJS: [outputs] playMorse.symbol {"timestamp":26104085.27353,"wallClock":1760225117906,"symbol":"-","durationMs":120,"index":3,"source":"console.replay","correlationId":"console-replay:upo9y73j","nativeTimestampMs":26103940.274,"nativeDurationMs":120,"nativeOffsetMs":144.95176899805665,"nativeSequence":4,"monotonicTimestampMs":26103940.274,"nativeExpectedTimestampMs":26103934.425,"nativeStartSkewMs":5.849,"nativeBatchElapsedMs":245.849,"nativeExpectedSincePriorMs":80,"nativeSincePriorMs":81.655,"nativePatternStartMs":26103694.425,"nativeAgeMs":144.872}
10-11 19:25:17.907 12221 14039 I ReactNativeJS: [outputs] playMorse.nativeOffset.spike {"timestamp":26104085.861707,"wallClock":1760225117907,"source":"console.replay","offsetMs":144.95176899805665,"sequence":4,"unitMs":40,"correlationId":"console-replay:upo9y73j"}
10-11 19:25:17.908 12221 14039 I ReactNativeJS: [outputs] playMorse.symbol {"timestamp":26104086.270248,"wallClock":1760225117907,"symbol":"-","durationMs":120,"index":3,"source":"console.replay","correlationId":"console-replay:mgmwl5g3c29jw32l","nativeTimestampMs":26103940.274,"nativeDurationMs":120,"nativeOffsetMs":144.95176899805665,"nativeSequence":4,"monotonicTimestampMs":26103940.274,"nativeExpectedTimestampMs":26103934.425,"nativeStartSkewMs":5.849,"nativeBatchElapsedMs":245.849,"nativeExpectedSincePriorMs":80,"nativeSincePriorMs":81.655,"nativePatternStartMs":26103694.425,"nativeAgeMs":144.872}
10-11 19:25:17.908 12221 14039 I ReactNativeJS: [outputs] playMorse.nativeOffset.spike {"timestamp":26104086.65478,"wallClock":1760225117908,"source":"console.replay","offsetMs":144.95176899805665,"sequence":4,"unitMs":40,"correlationId":"console-replay:mgmwl5g3c29jw32l","startSkewMs":5.849,"batchElapsedMs":245.849,"ageMs":144.872}
10-11 19:25:17.908 12221 14039 I ReactNativeJS: [outputs] outputs.hapticSymbol {"timestamp":26104087.034415,"wallClock":1760225117908,"enabled":true,"symbol":"-","durationMs":120,"platform":"android","source":"console.replay","correlationId":"console-replay:mgmwl5g3c29jw32l","timelineOffsetMs":null}
10-11 19:25:17.909 12221 14039 I ReactNativeJS: [outputs] outputs.flashPulse {"timestamp":26104087.90103,"wallClock":1760225117909,"enabled":true,"durationMs":120,"source":"console.replay","correlationId":"console-replay:mgmwl5g3c29jw32l","timelineOffsetMs":144.95176899805665,"schedulingMode":"timeline","audioStartHeadroomMs":-161.46477999910712,"audioStartGuard":"headroom","audioStartCompensationMs":160}
10-11 19:25:17.923 12221 14872 D OutputsAudio: [outputs-audio] start hz=650.0 gain=1.000 attack=2.50 release=6.00
10-11 19:25:17.923 12221 14872 D OutputsAudio: [outputs-audio] playMorse.symbol.start sequence=5 symbol=- expected=26104094.425 actual=26104101.810 skew=7.384 batchElapsed=407.384
10-11 19:25:17.971 12221 14039 I ReactNativeJS: [outputs] outputs.flashPulse.commit {"timestamp":26104149.901394,"wallClock":1760225117971,"durationMs":120,"source":"console.replay","correlationId":"console-replay:mgmwl5g3c29jw32l","latencyMs":64.66724000126123,"timelineOffsetMs":144.95176899805665,"leadMs":8,"scheduleSkewMs":62.00161499902606,"schedulingMode":"timeline","audioStartHeadroomMs":-161.46477999910712,"audioStartGuard":"headroom","audioStartCompensationMs":160}
10-11 19:25:18.015 12221 14039 D OutputsAudio: [outputs-audio] symbol.info sequence=5 symbol=- timestamp=26104101.810 duration=120.000 expected=26104094.425 skew=7.384 age=92.344
10-11 19:25:18.016 12221 14039 I ReactNativeJS: [outputs] playMorse.symbol {"timestamp":26104194.296915,"wallClock":1760225118015,"symbol":"-","durationMs":120,"index":4,"source":"console.replay","correlationId":"console-replay:yy8poz9l","nativeTimestampMs":26104101.81,"nativeDurationMs":120,"nativeOffsetMs":92.43998800218105,"nativeSequence":5,"monotonicTimestampMs":26104101.81,"nativeExpectedTimestampMs":26104094.425,"nativeStartSkewMs":7.384,"nativeBatchElapsedMs":407.384,"nativeExpectedSincePriorMs":160,"nativeSincePriorMs":161.536,"nativePatternStartMs":26103694.425,"nativeAgeMs":92.344}
10-11 19:25:18.016 12221 14039 I ReactNativeJS: [outputs] playMorse.nativeOffset.spike {"timestamp":26104194.881759,"wallClock":1760225118016,"source":"console.replay","offsetMs":92.43998800218105,"sequence":5,"unitMs":40,"correlationId":"console-replay:yy8poz9l"}
10-11 19:25:18.017 12221 14039 I ReactNativeJS: [outputs] playMorse.symbol {"timestamp":26104195.310977,"wallClock":1760225118016,"symbol":"-","durationMs":120,"index":4,"source":"console.replay","correlationId":"console-replay:mgmwl5j4elkd5em9","nativeTimestampMs":26104101.81,"nativeDurationMs":120,"nativeOffsetMs":92.43998800218105,"nativeSequence":5,"monotonicTimestampMs":26104101.81,"nativeExpectedTimestampMs":26104094.425,"nativeStartSkewMs":7.384,"nativeBatchElapsedMs":407.384,"nativeExpectedSincePriorMs":160,"nativeSincePriorMs":161.536,"nativePatternStartMs":26103694.425,"nativeAgeMs":92.344}
10-11 19:25:18.017 12221 14039 I ReactNativeJS: [outputs] playMorse.nativeOffset.spike {"timestamp":26104195.708634,"wallClock":1760225118017,"source":"console.replay","offsetMs":92.43998800218105,"sequence":5,"unitMs":40,"correlationId":"console-replay:mgmwl5j4elkd5em9","startSkewMs":7.384,"batchElapsedMs":407.384,"ageMs":92.344}
10-11 19:25:18.017 12221 14039 I ReactNativeJS: [outputs] outputs.hapticSymbol {"timestamp":26104196.138269,"wallClock":1760225118017,"enabled":true,"symbol":"-","durationMs":120,"platform":"android","source":"console.replay","correlationId":"console-replay:mgmwl5j4elkd5em9","timelineOffsetMs":null}
10-11 19:25:18.018 12221 14039 I ReactNativeJS: [outputs] outputs.flashPulse {"timestamp":26104197.002852,"wallClock":1760225118018,"enabled":true,"durationMs":120,"source":"console.replay","correlationId":"console-replay:mgmwl5j4elkd5em9","timelineOffsetMs":92.43998800218105,"schedulingMode":"timeline","audioStartHeadroomMs":-110.56753999739885,"audioStartGuard":"headroom","audioStartCompensationMs":110.56753999739885}
10-11 19:25:18.044 12221 14872 D OutputsAudio: [outputs-audio] stop gain=1.000 release=6.00
10-11 19:25:18.082 12221 14039 I ReactNativeJS: [outputs] outputs.flashPulse.commit {"timestamp":26104260.623946,"wallClock":1760225118082,"durationMs":120,"source":"console.replay","correlationId":"console-replay:mgmwl5j4elkd5em9","latencyMs":66.36479099839926,"timelineOffsetMs":92.43998800218105,"leadMs":8,"scheduleSkewMs":63.620467998087406,"schedulingMode":"timeline","audioStartHeadroomMs":-110.56753999739885,"audioStartGuard":"headroom","audioStartCompensationMs":110.56753999739885}
10-11 19:25:18.084 12221 14872 D OutputsAudio: [outputs-audio] start hz=650.0 gain=1.000 attack=2.50 release=6.00
10-11 19:25:18.085 12221 14872 D OutputsAudio: [outputs-audio] playMorse.symbol.start sequence=6 symbol=- expected=26104254.425 actual=26104263.573 skew=9.148 batchElapsed=569.148
10-11 19:25:18.126 12221 14039 D OutputsAudio: [outputs-audio] symbol.info sequence=6 symbol=- timestamp=26104263.573 duration=120.000 expected=26104254.425 skew=9.148 age=41.191
10-11 19:25:18.126 12221 14039 I ReactNativeJS: [outputs] playMorse.symbol {"timestamp":26104304.895665,"wallClock":1760225118126,"symbol":"-","durationMs":120,"index":5,"source":"console.replay","correlationId":"console-replay:dusijxvi","nativeTimestampMs":26104263.573,"nativeDurationMs":120,"nativeOffsetMs":41.276622999459505,"nativeSequence":6,"monotonicTimestampMs":26104263.573,"nativeExpectedTimestampMs":26104254.425,"nativeStartSkewMs":9.148,"nativeBatchElapsedMs":569.148,"nativeExpectedSincePriorMs":160,"nativeSincePriorMs":161.764,"nativePatternStartMs":26103694.425,"nativeAgeMs":41.191}
10-11 19:25:18.127 12221 14039 I ReactNativeJS: [outputs] playMorse.symbol {"timestamp":26104305.509727,"wallClock":1760225118126,"symbol":"-","durationMs":120,"index":5,"source":"console.replay","correlationId":"console-replay:mgmwl5m6dx7nvzf7","nativeTimestampMs":26104263.573,"nativeDurationMs":120,"nativeOffsetMs":41.276622999459505,"nativeSequence":6,"monotonicTimestampMs":26104263.573,"nativeExpectedTimestampMs":26104254.425,"nativeStartSkewMs":9.148,"nativeBatchElapsedMs":569.148,"nativeExpectedSincePriorMs":160,"nativeSincePriorMs":161.764,"nativePatternStartMs":26103694.425,"nativeAgeMs":41.191}
10-11 19:25:18.127 12221 14039 I ReactNativeJS: [outputs] outputs.hapticSymbol {"timestamp":26104305.937957,"wallClock":1760225118127,"enabled":true,"symbol":"-","durationMs":120,"platform":"android","source":"console.replay","correlationId":"console-replay:mgmwl5m6dx7nvzf7","timelineOffsetMs":null}
10-11 19:25:18.128 12221 14039 I ReactNativeJS: [outputs] outputs.flashPulse {"timestamp":26104306.74905,"wallClock":1760225118128,"enabled":true,"durationMs":120,"source":"console.replay","correlationId":"console-replay:mgmwl5m6dx7nvzf7","timelineOffsetMs":41.276622999459505,"schedulingMode":"timeline","audioStartHeadroomMs":-60.31451899930835,"audioStartGuard":"headroom","audioStartCompensationMs":60.31451899930835}
10-11 19:25:18.182 12221 14039 I ReactNativeJS: [outputs] outputs.flashPulse.commit {"timestamp":26104361.037904,"wallClock":1760225118182,"durationMs":120,"source":"console.replay","correlationId":"console-replay:mgmwl5m6dx7nvzf7","latencyMs":56.17911500111222,"timelineOffsetMs":41.276622999459505,"leadMs":8,"scheduleSkewMs":54.287655998021364,"schedulingMode":"timeline","audioStartHeadroomMs":-60.31451899930835,"audioStartGuard":"headroom","audioStartCompensationMs":60.31451899930835}
10-11 19:25:18.205 12221 14872 D OutputsAudio: [outputs-audio] stop gain=1.000 release=6.00
10-11 19:25:18.245 12221 14872 D OutputsAudio: [outputs-audio] start hz=650.0 gain=1.000 attack=2.50 release=6.00
10-11 19:25:18.246 12221 14872 D OutputsAudio: [outputs-audio] playMorse.symbol.start sequence=7 symbol=. expected=26104414.425 actual=26104424.833 skew=10.408 batchElapsed=730.408
10-11 19:25:18.264 12221 14039 D OutputsAudio: [outputs-audio] symbol.info sequence=7 symbol=. timestamp=26104424.833 duration=40.000 expected=26104414.425 skew=10.408 age=17.949
