--------- beginning of main
10-11 14:42:01.798 21612 21675 I ReactNativeJS: [outputs] playMorse.start {"timestamp":9145318.648957,"wallClock":1760208121797,"unitMs":120,"length":28,"source":"console.replay","audioEnabled":true,"audioVolumePercent":100}
10-11 14:42:02.174 21612 21675 D OutputsAudio: [outputs-audio] warmup hz=700.0
10-11 14:42:02.175 21612 22148 D OutputsAudio: [outputs-audio] playMorse.start count=27 unit=120.0
10-11 14:42:02.175 21612 22148 D OutputsAudio: [outputs-audio] start hz=700.0 gain=1.000 attack=2.50 release=6.00
10-11 14:42:02.176 21612 21675 D OutputsAudio: [outputs-audio] symbol.info sequence=1 symbol=. timestamp=9145696.536 duration=120.000
10-11 14:42:02.178 21612 21675 I ReactNativeJS: [outputs] playMorse.symbol {"timestamp":9145698.731613,"wallClock":1760208122177,"symbol":".","durationMs":120,"index":0,"source":"console.replay","correlationId":"console-replay:mgmmgvghtqe3pi62","nativeTimestampMs":9145696.536,"nativeDurationMs":120,"nativeOffsetMs":1.7600919995456934,"nativeSequence":1,"monotonicTimestampMs":9145696.536}
10-11 14:42:02.181 21612 21675 I ReactNativeJS: [outputs] outputs.hapticSymbol {"timestamp":9145702.065728,"wallClock":1760208122180,"enabled":true,"symbol":".","durationMs":120,"platform":"android","source":"console.replay","correlationId":"console-replay:mgmmgvghtqe3pi62","timelineOffsetMs":1.7600919995456934}
10-11 14:42:02.185 21612 21675 I ReactNativeJS: [outputs] outputs.flashPulse {"timestamp":9145706.40578,"wallClock":1760208122185,"enabled":true,"durationMs":120,"source":"console.replay","correlationId":"console-replay:mgmmgvghtqe3pi62","timelineOffsetMs":1.7600919995456934}
10-11 14:42:02.200 21612 21675 I ReactNativeJS: [outputs] outputs.flashPulse.commit {"timestamp":9145721.096874,"wallClock":1760208122199,"durationMs":120,"source":"console.replay","correlationId":"console-replay:mgmmgvghtqe3pi62","latencyMs":22.78656299971044,"timelineOffsetMs":1.7600919995456934}
10-11 14:42:02.295 21612 22148 D OutputsAudio: [outputs-audio] stop gain=1.000 release=6.00
10-11 14:42:02.416 21612 22148 D OutputsAudio: [outputs-audio] start hz=700.0 gain=1.000 attack=2.50 release=6.00
10-11 14:42:02.425 21612 21675 D OutputsAudio: [outputs-audio] symbol.info sequence=2 symbol=. timestamp=9145937.629 duration=120.000
10-11 14:42:02.426 21612 21675 I ReactNativeJS: [outputs] playMorse.symbol {"timestamp":9145947.122603,"wallClock":1760208122425,"symbol":".","durationMs":120,"index":1,"source":"console.replay","correlationId":"console-replay:mgmmgvndq5nvukr5","nativeTimestampMs":9145937.629,"nativeDurationMs":120,"nativeOffsetMs":9.391258999705315,"nativeSequence":2,"monotonicTimestampMs":9145937.629}
10-11 14:42:02.427 21612 21675 I ReactNativeJS: [outputs] outputs.hapticSymbol {"timestamp":9145948.17354,"wallClock":1760208122427,"enabled":true,"symbol":".","durationMs":120,"platform":"android","source":"console.replay","correlationId":"console-replay:mgmmgvndq5nvukr5","timelineOffsetMs":9.391258999705315}
10-11 14:42:02.428 21612 21675 I ReactNativeJS: [outputs] outputs.flashPulse {"timestamp":9145948.97979,"wallClock":1760208122427,"enabled":true,"durationMs":120,"source":"console.replay","correlationId":"console-replay:mgmmgvndq5nvukr5","timelineOffsetMs":9.391258999705315}
10-11 14:42:02.492 21612 21675 I ReactNativeJS: [outputs] outputs.flashPulse.commit {"timestamp":9146013.247498,"wallClock":1760208122492,"durationMs":120,"source":"console.replay","correlationId":"console-replay:mgmmgvndq5nvukr5","latencyMs":66.2223959993571,"timelineOffsetMs":9.391258999705315}
10-11 14:42:02.537 21612 22148 D OutputsAudio: [outputs-audio] stop gain=1.000 release=6.00
10-11 14:42:02.658 21612 22148 D OutputsAudio: [outputs-audio] start hz=700.0 gain=1.000 attack=2.50 release=6.00
10-11 14:42:02.669 21612 21675 D OutputsAudio: [outputs-audio] symbol.info sequence=3 symbol=. timestamp=9146179.937 duration=120.000
10-11 14:42:02.672 21612 21675 I ReactNativeJS: [outputs] playMorse.symbol {"timestamp":9146191.202342,"wallClock":1760208122670,"symbol":".","durationMs":120,"index":2,"source":"console.replay","correlationId":"console-replay:mgmmgvu6zzpqofqw","nativeTimestampMs":9146179.937,"nativeDurationMs":120,"nativeOffsetMs":11.17336299829185,"nativeSequence":3,"monotonicTimestampMs":9146179.937}
10-11 14:42:02.673 21612 21675 I ReactNativeJS: [outputs] outputs.hapticSymbol {"timestamp":9146193.320103,"wallClock":1760208122672,"enabled":true,"symbol":".","durationMs":120,"platform":"android","source":"console.replay","correlationId":"console-replay:mgmmgvu6zzpqofqw","timelineOffsetMs":11.17336299829185}
10-11 14:42:02.676 21612 21675 I ReactNativeJS: [outputs] outputs.flashPulse {"timestamp":9146196.631821,"wallClock":1760208122675,"enabled":true,"durationMs":120,"source":"console.replay","correlationId":"console-replay:mgmmgvu6zzpqofqw","timelineOffsetMs":11.17336299829185}
10-11 14:42:02.743 21612 21675 I ReactNativeJS: [outputs] outputs.flashPulse.commit {"timestamp":9146264.440259,"wallClock":1760208122743,"durationMs":120,"source":"console.replay","correlationId":"console-replay:mgmmgvu6zzpqofqw","latencyMs":73.32536500133574,"timelineOffsetMs":11.17336299829185}
10-11 14:42:02.779 21612 22148 D OutputsAudio: [outputs-audio] stop gain=1.000 release=6.00
10-11 14:42:02.900 21612 22148 D OutputsAudio: [outputs-audio] start hz=700.0 gain=1.000 attack=2.50 release=6.00
10-11 14:42:02.918 21612 21675 D OutputsAudio: [outputs-audio] symbol.info sequence=4 symbol=- timestamp=9146421.659 duration=360.000
10-11 14:42:02.921 21612 21675 I ReactNativeJS: [outputs] playMorse.symbol {"timestamp":9146440.36104,"wallClock":1760208122919,"symbol":"-","durationMs":360,"index":3,"source":"console.replay","correlationId":"console-replay:mgmmgw13sn3v0za5","nativeTimestampMs":9146421.659,"nativeDurationMs":360,"nativeOffsetMs":18.56250900030136,"nativeSequence":4,"monotonicTimestampMs":9146421.659}
10-11 14:42:02.922 21612 21675 I ReactNativeJS: [outputs] outputs.hapticSymbol {"timestamp":9146442.472967,"wallClock":1760208122921,"enabled":true,"symbol":"-","durationMs":360,"platform":"android","source":"console.replay","correlationId":"console-replay:mgmmgw13sn3v0za5","timelineOffsetMs":18.56250900030136}
10-11 14:42:02.925 21612 21675 I ReactNativeJS: [outputs] outputs.flashPulse {"timestamp":9146445.734113,"wallClock":1760208122924,"enabled":true,"durationMs":360,"source":"console.replay","correlationId":"console-replay:mgmmgw13sn3v0za5","timelineOffsetMs":18.56250900030136}
10-11 14:42:03.002 21612 21675 I ReactNativeJS: [outputs] outputs.flashPulse.commit {"timestamp":9146523.68078,"wallClock":1760208123002,"durationMs":360,"source":"console.replay","correlationId":"console-replay:mgmmgw13sn3v0za5","latencyMs":83.45536400005221,"timelineOffsetMs":18.56250900030136}
10-11 14:42:03.261 21612 22148 D OutputsAudio: [outputs-audio] stop gain=1.000 release=6.00
10-11 14:42:03.382 21612 22148 D OutputsAudio: [outputs-audio] start hz=700.0 gain=1.000 attack=2.50 release=6.00
10-11 14:42:03.408 21612 21675 D OutputsAudio: [outputs-audio] symbol.info sequence=5 symbol=- timestamp=9146903.378 duration=360.000
10-11 14:42:03.409 21612 21675 I ReactNativeJS: [outputs] playMorse.symbol {"timestamp":9146929.440311,"wallClock":1760208123408,"symbol":"-","durationMs":360,"index":4,"source":"console.replay","correlationId":"console-replay:mgmmgweoldctha4a","nativeTimestampMs":9146903.378,"nativeDurationMs":360,"nativeOffsetMs":25.964393999427557,"nativeSequence":5,"monotonicTimestampMs":9146903.378}
10-11 14:42:03.409 21612 21675 I ReactNativeJS: [outputs] outputs.hapticSymbol {"timestamp":9146930.469165,"wallClock":1760208123409,"enabled":true,"symbol":"-","durationMs":360,"platform":"android","source":"console.replay","correlationId":"console-replay:mgmmgweoldctha4a","timelineOffsetMs":25.964393999427557}
10-11 14:42:03.410 21612 21675 I ReactNativeJS: [outputs] outputs.flashPulse {"timestamp":9146931.339529,"wallClock":1760208123410,"enabled":true,"durationMs":360,"source":"console.replay","correlationId":"console-replay:mgmmgweoldctha4a","timelineOffsetMs":25.964393999427557}
10-11 14:42:03.478 21612 21675 I ReactNativeJS: [outputs] outputs.flashPulse.commit {"timestamp":9146998.898123,"wallClock":1760208123477,"durationMs":360,"source":"console.replay","correlationId":"console-replay:mgmmgweoldctha4a","latencyMs":69.5514059998095,"timelineOffsetMs":25.964393999427557}
10-11 14:42:03.743 21612 22148 D OutputsAudio: [outputs-audio] stop gain=1.000 release=6.00
10-11 14:42:03.864 21612 22148 D OutputsAudio: [outputs-audio] start hz=700.0 gain=1.000 attack=2.50 release=6.00
10-11 14:42:03.870 21612 21675 D OutputsAudio: [outputs-audio] symbol.info sequence=6 symbol=- timestamp=9147385.620 duration=360.000
10-11 14:42:03.872 21612 21675 I ReactNativeJS: [outputs] playMorse.symbol {"timestamp":9147391.953852,"wallClock":1760208123870,"symbol":"-","durationMs":360,"index":5,"source":"console.replay","correlationId":"console-replay:mgmmgwrisf5emkgs","nativeTimestampMs":9147385.62,"nativeDurationMs":360,"nativeOffsetMs":6.250518999993801,"nativeSequence":6,"monotonicTimestampMs":9147385.62}
10-11 14:42:03.872 21612 21675 I ReactNativeJS: [outputs] outputs.hapticSymbol {"timestamp":9147393.343852,"wallClock":1760208123872,"enabled":true,"symbol":"-","durationMs":360,"platform":"android","source":"console.replay","correlationId":"console-replay:mgmmgwrisf5emkgs","timelineOffsetMs":6.250518999993801}
10-11 14:42:03.873 21612 21675 I ReactNativeJS: [outputs] outputs.flashPulse {"timestamp":9147394.126508,"wallClock":1760208123872,"enabled":true,"durationMs":360,"source":"console.replay","correlationId":"console-replay:mgmmgwrisf5emkgs","timelineOffsetMs":6.250518999993801}
10-11 14:42:03.951 21612 21675 I ReactNativeJS: [outputs] outputs.flashPulse.commit {"timestamp":9147471.930519,"wallClock":1760208123950,"durationMs":360,"source":"console.replay","correlationId":"console-replay:mgmmgwrisf5emkgs","latencyMs":80.05562500096858,"timelineOffsetMs":6.250518999993801}
10-11 14:42:04.224 21612 22148 D OutputsAudio: [outputs-audio] stop gain=1.000 release=6.00
10-11 14:42:04.345 21612 22148 D OutputsAudio: [outputs-audio] start hz=700.0 gain=1.000 attack=2.50 release=6.00
10-11 14:42:04.349 21612 21675 D OutputsAudio: [outputs-audio] symbol.info sequence=7 symbol=. timestamp=9147867.212 duration=120.000
10-11 14:42:04.351 21612 21675 I ReactNativeJS: [outputs] playMorse.symbol {"timestamp":9147870.872185,"wallClock":1760208124349,"symbol":".","durationMs":120,"index":6,"source":"console.replay","correlationId":"console-replay:mgmmgx4th57oy3kl","nativeTimestampMs":9147867.212,"nativeDurationMs":120,"nativeOffsetMs":3.4891960006207228,"nativeSequence":7,"monotonicTimestampMs":9147867.212}
10-11 14:42:04.352 21612 21675 I ReactNativeJS: [outputs] outputs.hapticSymbol {"timestamp":9147872.481352,"wallClock":1760208124351,"enabled":true,"symbol":".","durationMs":120,"platform":"android","source":"console.replay","correlationId":"console-replay:mgmmgx4th57oy3kl","timelineOffsetMs":3.4891960006207228}
10-11 14:42:04.353 21612 21675 I ReactNativeJS: [outputs] outputs.flashPulse {"timestamp":9147874.465935,"wallClock":1760208124353,"enabled":true,"durationMs":120,"source":"console.replay","correlationId":"console-replay:mgmmgx4th57oy3kl","timelineOffsetMs":3.4891960006207228}
10-11 14:42:04.436 21612 21675 I ReactNativeJS: [outputs] outputs.flashPulse.commit {"timestamp":9147957.151821,"wallClock":1760208124436,"durationMs":120,"source":"console.replay","correlationId":"console-replay:mgmmgx4th57oy3kl","latencyMs":86.4463020004332,"timelineOffsetMs":3.4891960006207228}
10-11 14:42:04.466 21612 22148 D OutputsAudio: [outputs-audio] stop gain=1.000 release=6.00
10-11 14:42:04.587 21612 22148 D OutputsAudio: [outputs-audio] start hz=700.0 gain=1.000 attack=2.50 release=6.00
10-11 14:42:04.605 21612 21675 D OutputsAudio: [outputs-audio] symbol.info sequence=8 symbol=. timestamp=9148108.285 duration=120.000
10-11 14:42:04.608 21612 21675 I ReactNativeJS: [outputs] playMorse.symbol {"timestamp":9148127.251769,"wallClock":1760208124606,"symbol":".","durationMs":120,"index":7,"source":"console.replay","correlationId":"console-replay:mgmmgxby5gsc6ihu","nativeTimestampMs":9148108.285,"nativeDurationMs":120,"nativeOffsetMs":18.840831000357866,"nativeSequence":8,"monotonicTimestampMs":9148108.285}
10-11 14:42:04.609 21612 21675 I ReactNativeJS: [outputs] outputs.hapticSymbol {"timestamp":9148129.389477,"wallClock":1760208124608,"enabled":true,"symbol":".","durationMs":120,"platform":"android","source":"console.replay","correlationId":"console-replay:mgmmgxby5gsc6ihu","timelineOffsetMs":18.840831000357866}
10-11 14:42:04.613 21612 21675 I ReactNativeJS: [outputs] outputs.flashPulse {"timestamp":9148133.391664,"wallClock":1760208124612,"enabled":true,"durationMs":120,"source":"console.replay","correlationId":"console-replay:mgmmgxby5gsc6ihu","timelineOffsetMs":18.840831000357866}
10-11 14:42:04.683 21612 21675 I ReactNativeJS: [outputs] outputs.flashPulse.commit {"timestamp":9148203.937029,"wallClock":1760208124682,"durationMs":120,"source":"console.replay","correlationId":"console-replay:mgmmgxby5gsc6ihu","latencyMs":76.80687499977648,"timelineOffsetMs":18.840831000357866}
10-11 14:42:04.707 21612 22148 D OutputsAudio: [outputs-audio] stop gain=1.000 release=6.00
10-11 14:42:04.828 21612 22148 D OutputsAudio: [outputs-audio] start hz=700.0 gain=1.000 attack=2.50 release=6.00
10-11 14:42:04.831 21612 21675 D OutputsAudio: [outputs-audio] symbol.info sequence=9 symbol=. timestamp=9148349.862 duration=120.000
10-11 14:42:04.832 21612 21675 I ReactNativeJS: [outputs] playMorse.symbol {"timestamp":9148352.765675,"wallClock":1760208124831,"symbol":".","durationMs":120,"index":8,"source":"console.replay","correlationId":"console-replay:mgmmgxi7go9qlizj","nativeTimestampMs":9148349.862,"nativeDurationMs":120,"nativeOffsetMs":2.8188829999417067,"nativeSequence":9,"monotonicTimestampMs":9148349.862}
10-11 14:42:04.832 21612 21675 I ReactNativeJS: [outputs] outputs.hapticSymbol {"timestamp":9148353.619893,"wallClock":1760208124832,"enabled":true,"symbol":".","durationMs":120,"platform":"android","source":"console.replay","correlationId":"console-replay:mgmmgxi7go9qlizj","timelineOffsetMs":2.8188829999417067}
10-11 14:42:04.833 21612 21675 I ReactNativeJS: [outputs] outputs.flashPulse {"timestamp":9148354.401143,"wallClock":1760208124833,"enabled":true,"durationMs":120,"source":"console.replay","correlationId":"console-replay:mgmmgxi7go9qlizj","timelineOffsetMs":2.8188829999417067}
10-11 14:42:04.911 21612 21675 I ReactNativeJS: [outputs] outputs.flashPulse.commit {"timestamp":9148431.968123,"wallClock":1760208124910,"durationMs":120,"source":"console.replay","correlationId":"console-replay:mgmmgxi7go9qlizj","latencyMs":79.28270800039172,"timelineOffsetMs":2.8188829999417067}
10-11 14:42:04.949 21612 22148 D OutputsAudio: [outputs-audio] stop gain=1.000 release=6.00
10-11 14:42:05.070 21612 22148 D OutputsAudio: [outputs-audio] start hz=700.0 gain=1.000 attack=2.50 release=6.00
10-11 14:42:05.080 21612 21675 D OutputsAudio: [outputs-audio] symbol.info sequence=10 symbol=- timestamp=9148591.901 duration=360.000
10-11 14:42:05.082 21612 21675 I ReactNativeJS: [outputs] playMorse.symbol {"timestamp":9148601.67682,"wallClock":1760208125080,"symbol":"-","durationMs":360,"index":9,"source":"console.replay","correlationId":"console-replay:mgmmgxp40ge91rnj","nativeTimestampMs":9148591.901,"nativeDurationMs":360,"nativeOffsetMs":9.692017998546362,"nativeSequence":10,"monotonicTimestampMs":9148591.901}
10-11 14:42:05.083 21612 21675 I ReactNativeJS: [outputs] outputs.hapticSymbol {"timestamp":9148603.682602,"wallClock":1760208125082,"enabled":true,"symbol":"-","durationMs":360,"platform":"android","source":"console.replay","correlationId":"console-replay:mgmmgxp40ge91rnj","timelineOffsetMs":9.692017998546362}
10-11 14:42:05.086 21612 21675 I ReactNativeJS: [outputs] outputs.flashPulse {"timestamp":9148606.610258,"wallClock":1760208125085,"enabled":true,"durationMs":360,"source":"console.replay","correlationId":"console-replay:mgmmgxp40ge91rnj","timelineOffsetMs":9.692017998546362}
10-11 14:42:05.153 21612 21675 I ReactNativeJS: [outputs] outputs.flashPulse.commit {"timestamp":9148674.116508,"wallClock":1760208125152,"durationMs":360,"source":"console.replay","correlationId":"console-replay:mgmmgxp40ge91rnj","latencyMs":72.519532000646,"timelineOffsetMs":9.692017998546362}
10-11 14:42:05.431 21612 22148 D OutputsAudio: [outputs-audio] stop gain=1.000 release=6.00
10-11 14:42:05.552 21612 22148 D OutputsAudio: [outputs-audio] start hz=700.0 gain=1.000 attack=2.50 release=6.00
10-11 14:42:05.559 21612 21675 D OutputsAudio: [outputs-audio] symbol.info sequence=11 symbol=- timestamp=9149073.774 duration=360.000
10-11 14:42:05.560 21612 21675 I ReactNativeJS: [outputs] playMorse.symbol {"timestamp":9149080.626247,"wallClock":1760208125559,"symbol":"-","durationMs":360,"index":10,"source":"console.replay","correlationId":"console-replay:mgmmgy2fh3vmccmg","nativeTimestampMs":9149073.774,"nativeDurationMs":360,"nativeOffsetMs":6.650892999023199,"nativeSequence":11,"monotonicTimestampMs":9149073.774}
10-11 14:42:05.561 21612 21675 I ReactNativeJS: [outputs] outputs.hapticSymbol {"timestamp":9149082.129633,"wallClock":1760208125561,"enabled":true,"symbol":"-","durationMs":360,"platform":"android","source":"console.replay","correlationId":"console-replay:mgmmgy2fh3vmccmg","timelineOffsetMs":6.650892999023199}
10-11 14:42:05.563 21612 21675 I ReactNativeJS: [outputs] outputs.flashPulse {"timestamp":9149083.602393,"wallClock":1760208125562,"enabled":true,"durationMs":360,"source":"console.replay","correlationId":"console-replay:mgmmgy2fh3vmccmg","timelineOffsetMs":6.650892999023199}
10-11 14:42:05.631 21612 21675 I ReactNativeJS: [outputs] outputs.flashPulse.commit {"timestamp":9149152.150674,"wallClock":1760208125631,"durationMs":360,"source":"console.replay","correlationId":"console-replay:mgmmgy2fh3vmccmg","latencyMs":71.7208860013634,"timelineOffsetMs":6.650892999023199}
10-11 14:42:05.912 21612 22148 D OutputsAudio: [outputs-audio] stop gain=1.000 release=6.00
10-11 14:42:06.033 21612 22148 D OutputsAudio: [outputs-audio] start hz=700.0 gain=1.000 attack=2.50 release=6.00
10-11 14:42:06.057 21612 21675 D OutputsAudio: [outputs-audio] symbol.info sequence=12 symbol=- timestamp=9149555.063 duration=360.000
10-11 14:42:06.059 21612 21675 I ReactNativeJS: [outputs] playMorse.symbol {"timestamp":9149578.535153,"wallClock":1760208126057,"symbol":"-","durationMs":360,"index":11,"source":"console.replay","correlationId":"console-replay:mgmmgyg9aomu3pbt","nativeTimestampMs":9149555.063,"nativeDurationMs":360,"nativeOffsetMs":23.36324700154364,"nativeSequence":12,"monotonicTimestampMs":9149555.063}
10-11 14:42:06.060 21612 21675 I ReactNativeJS: [outputs] outputs.hapticSymbol {"timestamp":9149580.860935,"wallClock":1760208126059,"enabled":true,"symbol":"-","durationMs":360,"platform":"android","source":"console.replay","correlationId":"console-replay:mgmmgyg9aomu3pbt","timelineOffsetMs":23.36324700154364}
10-11 14:42:06.061 21612 21675 I ReactNativeJS: [outputs] outputs.flashPulse {"timestamp":9149582.171716,"wallClock":1760208126061,"enabled":true,"durationMs":360,"source":"console.replay","correlationId":"console-replay:mgmmgyg9aomu3pbt","timelineOffsetMs":23.36324700154364}
10-11 14:42:06.141 21612 21675 I ReactNativeJS: [outputs] outputs.flashPulse.commit {"timestamp":9149662.144737,"wallClock":1760208126141,"durationMs":360,"source":"console.replay","correlationId":"console-replay:mgmmgyg9aomu3pbt","latencyMs":83.71442699991167,"timelineOffsetMs":23.36324700154364}
10-11 14:42:06.394 21612 22148 D OutputsAudio: [outputs-audio] stop gain=1.000 release=6.00
10-11 14:42:06.515 21612 22148 D OutputsAudio: [outputs-audio] start hz=700.0 gain=1.000 attack=2.50 release=6.00
10-11 14:42:06.524 21612 21675 D OutputsAudio: [outputs-audio] symbol.info sequence=13 symbol=. timestamp=9150036.851 duration=120.000
10-11 14:42:06.525 21612 21675 I ReactNativeJS: [outputs] playMorse.symbol {"timestamp":9150046.033591,"wallClock":1760208126524,"symbol":".","durationMs":120,"index":12,"source":"console.replay","correlationId":"console-replay:mgmmgyt8iuenacjt","nativeTimestampMs":9150036.851,"nativeDurationMs":120,"nativeOffsetMs":9.086028000339866,"nativeSequence":13,"monotonicTimestampMs":9150036.851}
10-11 14:42:06.526 21612 21675 I ReactNativeJS: [outputs] outputs.hapticSymbol {"timestamp":9150046.968018,"wallClock":1760208126525,"enabled":true,"symbol":".","durationMs":120,"platform":"android","source":"console.replay","correlationId":"console-replay:mgmmgyt8iuenacjt","timelineOffsetMs":9.086028000339866}
10-11 14:42:06.527 21612 21675 I ReactNativeJS: [outputs] outputs.flashPulse {"timestamp":9150047.825309,"wallClock":1760208126526,"enabled":true,"durationMs":120,"source":"console.replay","correlationId":"console-replay:mgmmgyt8iuenacjt","timelineOffsetMs":9.086028000339866}
10-11 14:42:06.599 21612 21675 I ReactNativeJS: [outputs] outputs.flashPulse.commit {"timestamp":9150120.619945,"wallClock":1760208126599,"durationMs":120,"source":"console.replay","correlationId":"console-replay:mgmmgyt8iuenacjt","latencyMs":74.67864600010216,"timelineOffsetMs":9.086028000339866}
10-11 14:42:06.636 21612 22148 D OutputsAudio: [outputs-audio] stop gain=1.000 release=6.00
10-11 14:42:06.756 21612 22148 D OutputsAudio: [outputs-audio] start hz=700.0 gain=1.000 attack=2.50 release=6.00
10-11 14:42:06.776 21612 21675 D OutputsAudio: [outputs-audio] symbol.info sequence=14 symbol=. timestamp=9150278.448 duration=120.000
10-11 14:42:06.778 21612 21675 I ReactNativeJS: [outputs] playMorse.symbol {"timestamp":9150297.846247,"wallClock":1760208126776,"symbol":".","durationMs":120,"index":13,"source":"console.replay","correlationId":"console-replay:mgmmgz08ua7rwuey","nativeTimestampMs":9150278.448,"nativeDurationMs":120,"nativeOffsetMs":19.22678899951279,"nativeSequence":14,"monotonicTimestampMs":9150278.448}
10-11 14:42:06.780 21612 21675 I ReactNativeJS: [outputs] outputs.hapticSymbol {"timestamp":9150299.584424,"wallClock":1760208126778,"enabled":true,"symbol":".","durationMs":120,"platform":"android","source":"console.replay","correlationId":"console-replay:mgmmgz08ua7rwuey","timelineOffsetMs":19.22678899951279}
10-11 14:42:06.781 21612 21675 I ReactNativeJS: [outputs] outputs.flashPulse {"timestamp":9150302.446039,"wallClock":1760208126781,"enabled":true,"durationMs":120,"source":"console.replay","correlationId":"console-replay:mgmmgz08ua7rwuey","timelineOffsetMs":19.22678899951279}
10-11 14:42:06.859 21612 21675 I ReactNativeJS: [outputs] outputs.flashPulse.commit {"timestamp":9150379.843018,"wallClock":1760208126858,"durationMs":120,"source":"console.replay","correlationId":"console-replay:mgmmgz08ua7rwuey","latencyMs":82.16333300061524,"timelineOffsetMs":19.22678899951279}
10-11 14:42:06.878 21612 22148 D OutputsAudio: [outputs-audio] stop gain=1.000 release=6.00
10-11 14:42:06.999 21612 22148 D OutputsAudio: [outputs-audio] start hz=700.0 gain=1.000 attack=2.50 release=6.00
10-11 14:42:07.009 21612 21675 D OutputsAudio: [outputs-audio] symbol.info sequence=15 symbol=. timestamp=9150520.397 duration=120.000
10-11 14:42:07.010 21612 21675 I ReactNativeJS: [outputs] playMorse.symbol {"timestamp":9150530.943486,"wallClock":1760208127009,"symbol":".","durationMs":120,"index":14,"source":"console.replay","correlationId":"console-replay:mgmmgz6pbpecilg1","nativeTimestampMs":9150520.397,"nativeDurationMs":120,"nativeOffsetMs":10.46174699999392,"nativeSequence":15,"monotonicTimestampMs":9150520.397}
10-11 14:42:07.011 21612 21675 I ReactNativeJS: [outputs] outputs.hapticSymbol {"timestamp":9150531.806038,"wallClock":1760208127010,"enabled":true,"symbol":".","durationMs":120,"platform":"android","source":"console.replay","correlationId":"console-replay:mgmmgz6pbpecilg1","timelineOffsetMs":10.46174699999392}
10-11 14:42:07.011 21612 21675 I ReactNativeJS: [outputs] outputs.flashPulse {"timestamp":9150532.580049,"wallClock":1760208127011,"enabled":true,"durationMs":120,"source":"console.replay","correlationId":"console-replay:mgmmgz6pbpecilg1","timelineOffsetMs":10.46174699999392}
10-11 14:42:07.085 21612 21675 I ReactNativeJS: [outputs] outputs.flashPulse.commit {"timestamp":9150606.239632,"wallClock":1760208127085,"durationMs":120,"source":"console.replay","correlationId":"console-replay:mgmmgz6pbpecilg1","latencyMs":75.37635399959981,"timelineOffsetMs":10.46174699999392}
10-11 14:42:07.119 21612 22148 D OutputsAudio: [outputs-audio] stop gain=1.000 release=6.00
10-11 14:42:07.240 21612 22148 D OutputsAudio: [outputs-audio] start hz=700.0 gain=1.000 attack=2.50 release=6.00
10-11 14:42:07.244 21612 21675 D OutputsAudio: [outputs-audio] symbol.info sequence=16 symbol=- timestamp=9150761.593 duration=360.000
10-11 14:42:07.245 21612 21675 I ReactNativeJS: [outputs] playMorse.symbol {"timestamp":9150765.423434,"wallClock":1760208127244,"symbol":"-","durationMs":360,"index":15,"source":"console.replay","correlationId":"console-replay:mgmmgzd8qz0liisk","nativeTimestampMs":9150761.593,"nativeDurationMs":360,"nativeOffsetMs":3.696110999211669,"nativeSequence":16,"monotonicTimestampMs":9150761.593}
10-11 14:42:07.247 21612 21675 I ReactNativeJS: [outputs] outputs.hapticSymbol {"timestamp":9150766.755309,"wallClock":1760208127245,"enabled":true,"symbol":"-","durationMs":360,"platform":"android","source":"console.replay","correlationId":"console-replay:mgmmgzd8qz0liisk","timelineOffsetMs":3.696110999211669}
10-11 14:42:07.249 21612 21675 I ReactNativeJS: [outputs] outputs.flashPulse {"timestamp":9150769.387757,"wallClock":1760208127248,"enabled":true,"durationMs":360,"source":"console.replay","correlationId":"console-replay:mgmmgzd8qz0liisk","timelineOffsetMs":3.696110999211669}
10-11 14:42:07.326 21612 21675 I ReactNativeJS: [outputs] outputs.flashPulse.commit {"timestamp":9150847.571299,"wallClock":1760208127326,"durationMs":360,"source":"console.replay","correlationId":"console-replay:mgmmgzd8qz0liisk","latencyMs":82.27781300060451,"timelineOffsetMs":3.696110999211669}
10-11 14:42:07.600 21612 22148 D OutputsAudio: [outputs-audio] stop gain=1.000 release=6.00
10-11 14:42:07.721 21612 22148 D OutputsAudio: [outputs-audio] start hz=700.0 gain=1.000 attack=2.50 release=6.00
10-11 14:42:07.744 21612 21675 D OutputsAudio: [outputs-audio] symbol.info sequence=17 symbol=- timestamp=9151243.466 duration=360.000
10-11 14:42:07.745 21612 21675 I ReactNativeJS: [outputs] playMorse.symbol {"timestamp":9151265.669788,"wallClock":1760208127744,"symbol":"-","durationMs":360,"index":16,"source":"console.replay","correlationId":"console-replay:mgmmgzr4b4h4keie","nativeTimestampMs":9151243.466,"nativeDurationMs":360,"nativeOffsetMs":22.122798999771476,"nativeSequence":17,"monotonicTimestampMs":9151243.466}
10-11 14:42:07.745 21612 21675 I ReactNativeJS: [outputs] outputs.hapticSymbol {"timestamp":9151266.436924,"wallClock":1760208127745,"enabled":true,"symbol":"-","durationMs":360,"platform":"android","source":"console.replay","correlationId":"console-replay:mgmmgzr4b4h4keie","timelineOffsetMs":22.122798999771476}
10-11 14:42:07.746 21612 21675 I ReactNativeJS: [outputs] outputs.flashPulse {"timestamp":9151267.04458,"wallClock":1760208127745,"enabled":true,"durationMs":360,"source":"console.replay","correlationId":"console-replay:mgmmgzr4b4h4keie","timelineOffsetMs":22.122798999771476}
10-11 14:42:07.810 21612 21675 I ReactNativeJS: [outputs] outputs.flashPulse.commit {"timestamp":9151331.06958,"wallClock":1760208127809,"durationMs":360,"source":"console.replay","correlationId":"console-replay:mgmmgzr4b4h4keie","latencyMs":65.47677000053227,"timelineOffsetMs":22.122798999771476}
10-11 14:42:08.083 21612 22148 D OutputsAudio: [outputs-audio] stop gain=1.000 release=6.00
10-11 14:42:08.204 21612 22148 D OutputsAudio: [outputs-audio] start hz=700.0 gain=1.000 attack=2.50 release=6.00
10-11 14:42:08.211 21612 21675 D OutputsAudio: [outputs-audio] symbol.info sequence=18 symbol=- timestamp=9151725.548 duration=360.000
10-11 14:42:08.213 21612 21675 I ReactNativeJS: [outputs] playMorse.symbol {"timestamp":9151732.84708,"wallClock":1760208128211,"symbol":"-","durationMs":360,"index":17,"source":"console.replay","correlationId":"console-replay:mgmmh043h6y50888","nativeTimestampMs":9151725.548,"nativeDurationMs":360,"nativeOffsetMs":7.004235999658704,"nativeSequence":18,"monotonicTimestampMs":9151725.548}
10-11 14:42:08.215 21612 21675 I ReactNativeJS: [outputs] outputs.hapticSymbol {"timestamp":9151734.8276,"wallClock":1760208128213,"enabled":true,"symbol":"-","durationMs":360,"platform":"android","source":"console.replay","correlationId":"console-replay:mgmmh043h6y50888","timelineOffsetMs":7.004235999658704}
10-11 14:42:08.216 21612 21675 I ReactNativeJS: [outputs] outputs.flashPulse {"timestamp":9151737.530517,"wallClock":1760208128216,"enabled":true,"durationMs":360,"source":"console.replay","correlationId":"console-replay:mgmmh043h6y50888","timelineOffsetMs":7.004235999658704}
10-11 14:42:08.295 21612 21675 I ReactNativeJS: [outputs] outputs.flashPulse.commit {"timestamp":9151815.828903,"wallClock":1760208128294,"durationMs":360,"source":"console.replay","correlationId":"console-replay:mgmmh043h6y50888","latencyMs":83.27187499962747,"timelineOffsetMs":7.004235999658704}
10-11 14:42:08.564 21612 22148 D OutputsAudio: [outputs-audio] stop gain=1.000 release=6.00
10-11 14:42:08.686 21612 22148 D OutputsAudio: [outputs-audio] start hz=700.0 gain=1.000 attack=2.50 release=6.00
10-11 14:42:08.711 21612 21675 D OutputsAudio: [outputs-audio] symbol.info sequence=19 symbol=. timestamp=9152207.774 duration=120.000
10-11 14:42:08.714 21612 21675 I ReactNativeJS: [outputs] playMorse.symbol {"timestamp":9152233.020725,"wallClock":1760208128711,"symbol":".","durationMs":120,"index":18,"source":"console.replay","correlationId":"console-replay:mgmmh0hz01bfbb96","nativeTimestampMs":9152207.774,"nativeDurationMs":120,"nativeOffsetMs":25.152089999988675,"nativeSequence":19,"monotonicTimestampMs":9152207.774}
10-11 14:42:08.715 21612 21675 I ReactNativeJS: [outputs] outputs.hapticSymbol {"timestamp":9152235.330048,"wallClock":1760208128714,"enabled":true,"symbol":".","durationMs":120,"platform":"android","source":"console.replay","correlationId":"console-replay:mgmmh0hz01bfbb96","timelineOffsetMs":25.152089999988675}
10-11 14:42:08.716 21612 21675 I ReactNativeJS: [outputs] outputs.flashPulse {"timestamp":9152236.676975,"wallClock":1760208128715,"enabled":true,"durationMs":120,"source":"console.replay","correlationId":"console-replay:mgmmh0hz01bfbb96","timelineOffsetMs":25.152089999988675}
10-11 14:42:08.784 21612 21675 I ReactNativeJS: [outputs] outputs.flashPulse.commit {"timestamp":9152305.739996,"wallClock":1760208128784,"durationMs":120,"source":"console.replay","correlationId":"console-replay:mgmmh0hz01bfbb96","latencyMs":72.80937499925494,"timelineOffsetMs":25.152089999988675}
10-11 14:42:08.807 21612 22148 D OutputsAudio: [outputs-audio] stop gain=1.000 release=6.00
10-11 14:42:08.928 21612 22148 D OutputsAudio: [outputs-audio] start hz=700.0 gain=1.000 attack=2.50 release=6.00
10-11 14:42:08.951 21612 21675 D OutputsAudio: [outputs-audio] symbol.info sequence=20 symbol=. timestamp=9152449.613 duration=120.000
10-11 14:42:08.953 21612 21675 I ReactNativeJS: [outputs] playMorse.symbol {"timestamp":9152472.959059,"wallClock":1760208128951,"symbol":".","durationMs":120,"index":19,"source":"console.replay","correlationId":"console-replay:mgmmh0ond00h4jwf","nativeTimestampMs":9152449.613,"nativeDurationMs":120,"nativeOffsetMs":23.190538000315428,"nativeSequence":20,"monotonicTimestampMs":9152449.613}
10-11 14:42:08.954 21612 21675 I ReactNativeJS: [outputs] outputs.hapticSymbol {"timestamp":9152474.554423,"wallClock":1760208128953,"enabled":true,"symbol":".","durationMs":120,"platform":"android","source":"console.replay","correlationId":"console-replay:mgmmh0ond00h4jwf","timelineOffsetMs":23.190538000315428}
10-11 14:42:08.955 21612 21675 I ReactNativeJS: [outputs] outputs.flashPulse {"timestamp":9152475.992704,"wallClock":1760208128954,"enabled":true,"durationMs":120,"source":"console.replay","correlationId":"console-replay:mgmmh0ond00h4jwf","timelineOffsetMs":23.190538000315428}
10-11 14:42:09.027 21612 21675 I ReactNativeJS: [outputs] outputs.flashPulse.commit {"timestamp":9152548.275621,"wallClock":1760208129027,"durationMs":120,"source":"console.replay","correlationId":"console-replay:mgmmh0ond00h4jwf","latencyMs":75.46749999932945,"timelineOffsetMs":23.190538000315428}
10-11 14:42:09.049 21612 22148 D OutputsAudio: [outputs-audio] stop gain=1.000 release=6.00
10-11 14:42:09.170 21612 22148 D OutputsAudio: [outputs-audio] start hz=700.0 gain=1.000 attack=2.50 release=6.00
10-11 14:42:09.171 21612 21675 D OutputsAudio: [outputs-audio] symbol.info sequence=21 symbol=. timestamp=9152691.912 duration=120.000
10-11 14:42:09.173 21612 21675 I ReactNativeJS: [outputs] playMorse.symbol {"timestamp":9152693.286715,"wallClock":1760208129172,"symbol":".","durationMs":120,"index":20,"source":"console.replay","correlationId":"console-replay:mgmmh0usgeafxn9x","nativeTimestampMs":9152691.912,"nativeDurationMs":120,"nativeOffsetMs":1.2395580001175404,"nativeSequence":21,"monotonicTimestampMs":9152691.912}
10-11 14:42:09.174 21612 21675 I ReactNativeJS: [outputs] outputs.hapticSymbol {"timestamp":9152694.985465,"wallClock":1760208129173,"enabled":true,"symbol":".","durationMs":120,"platform":"android","source":"console.replay","correlationId":"console-replay:mgmmh0usgeafxn9x","timelineOffsetMs":1.2395580001175404}
10-11 14:42:09.176 21612 21675 I ReactNativeJS: [outputs] outputs.flashPulse {"timestamp":9152696.845569,"wallClock":1760208129175,"enabled":true,"durationMs":120,"source":"console.replay","correlationId":"console-replay:mgmmh0usgeafxn9x","timelineOffsetMs":1.2395580001175404}
10-11 14:42:09.247 21612 21675 I ReactNativeJS: [outputs] outputs.flashPulse.commit {"timestamp":9152767.768746,"wallClock":1760208129246,"durationMs":120,"source":"console.replay","correlationId":"console-replay:mgmmh0usgeafxn9x","latencyMs":74.6127610001713,"timelineOffsetMs":1.2395580001175404}
10-11 14:42:09.290 21612 22148 D OutputsAudio: [outputs-audio] stop gain=1.000 release=6.00
10-11 14:42:09.411 21612 22148 D OutputsAudio: [outputs-audio] start hz=700.0 gain=1.000 attack=2.50 release=6.00
10-11 14:42:09.442 21612 21675 D OutputsAudio: [outputs-audio] symbol.info sequence=22 symbol=- timestamp=9152933.281 duration=360.000
10-11 14:42:09.446 21612 21675 I ReactNativeJS: [outputs] playMorse.symbol {"timestamp":9152963.930413,"wallClock":1760208129442,"symbol":"-","durationMs":360,"index":21,"source":"console.replay","correlationId":"console-replay:mgmmh12ar3rwm0zn","nativeTimestampMs":9152933.281,"nativeDurationMs":360,"nativeOffsetMs":30.52701700106263,"nativeSequence":22,"monotonicTimestampMs":9152933.281}
10-11 14:42:09.448 21612 21675 I ReactNativeJS: [outputs] outputs.hapticSymbol {"timestamp":9152968.126454,"wallClock":1760208129447,"enabled":true,"symbol":"-","durationMs":360,"platform":"android","source":"console.replay","correlationId":"console-replay:mgmmh12ar3rwm0zn","timelineOffsetMs":30.52701700106263}
10-11 14:42:09.451 21612 21675 I ReactNativeJS: [outputs] outputs.flashPulse {"timestamp":9152971.451298,"wallClock":1760208129450,"enabled":true,"durationMs":360,"source":"console.replay","correlationId":"console-replay:mgmmh12ar3rwm0zn","timelineOffsetMs":30.52701700106263}
10-11 14:42:09.524 21612 21675 I ReactNativeJS: [outputs] outputs.flashPulse.commit {"timestamp":9153045.569006,"wallClock":1760208129524,"durationMs":360,"source":"console.replay","correlationId":"console-replay:mgmmh12ar3rwm0zn","latencyMs":81.75671799853444,"timelineOffsetMs":30.52701700106263}
10-11 14:42:09.772 21612 22148 D OutputsAudio: [outputs-audio] stop gain=1.000 release=6.00
10-11 14:42:09.893 21612 22148 D OutputsAudio: [outputs-audio] start hz=700.0 gain=1.000 attack=2.50 release=6.00
10-11 14:42:09.916 21612 21675 D OutputsAudio: [outputs-audio] symbol.info sequence=23 symbol=- timestamp=9153414.275 duration=360.000
10-11 14:42:09.916 21612 21675 I ReactNativeJS: [outputs] playMorse.symbol {"timestamp":9153437.37036,"wallClock":1760208129916,"symbol":"-","durationMs":360,"index":22,"source":"console.replay","correlationId":"console-replay:mgmmh1fgnq4sxgfa","nativeTimestampMs":9153414.275,"nativeDurationMs":360,"nativeOffsetMs":23.031298000365496,"nativeSequence":23,"monotonicTimestampMs":9153414.275}
10-11 14:42:09.917 21612 21675 I ReactNativeJS: [outputs] outputs.hapticSymbol {"timestamp":9153438.010985,"wallClock":1760208129916,"enabled":true,"symbol":"-","durationMs":360,"platform":"android","source":"console.replay","correlationId":"console-replay:mgmmh1fgnq4sxgfa","timelineOffsetMs":23.031298000365496}
10-11 14:42:09.917 21612 21675 I ReactNativeJS: [outputs] outputs.flashPulse {"timestamp":9153438.556402,"wallClock":1760208129917,"enabled":true,"durationMs":360,"source":"console.replay","correlationId":"console-replay:mgmmh1fgnq4sxgfa","timelineOffsetMs":23.031298000365496}
10-11 14:42:09.987 21612 21675 I ReactNativeJS: [outputs] outputs.flashPulse.commit {"timestamp":9153508.594839,"wallClock":1760208129987,"durationMs":360,"source":"console.replay","correlationId":"console-replay:mgmmh1fgnq4sxgfa","latencyMs":71.28411399945617,"timelineOffsetMs":23.031298000365496}
10-11 14:42:10.253 21612 22148 D OutputsAudio: [outputs-audio] stop gain=1.000 release=6.00
10-11 14:42:10.373 21612 22148 D OutputsAudio: [outputs-audio] start hz=700.0 gain=1.000 attack=2.50 release=6.00
10-11 14:42:10.387 21612 21675 D OutputsAudio: [outputs-audio] symbol.info sequence=24 symbol=- timestamp=9153895.178 duration=360.000
10-11 14:42:10.388 21612 21675 I ReactNativeJS: [outputs] playMorse.symbol {"timestamp":9153908.855152,"wallClock":1760208130387,"symbol":"-","durationMs":360,"index":23,"source":"console.replay","correlationId":"console-replay:mgmmh1sjqrx445ae","nativeTimestampMs":9153895.178,"nativeDurationMs":360,"nativeOffsetMs":13.585589000955224,"nativeSequence":24,"monotonicTimestampMs":9153895.178}
10-11 14:42:10.389 21612 21675 I ReactNativeJS: [outputs] outputs.hapticSymbol {"timestamp":9153909.777495,"wallClock":1760208130388,"enabled":true,"symbol":"-","durationMs":360,"platform":"android","source":"console.replay","correlationId":"console-replay:mgmmh1sjqrx445ae","timelineOffsetMs":13.585589000955224}
10-11 14:42:10.389 21612 21675 I ReactNativeJS: [outputs] outputs.flashPulse {"timestamp":9153910.682756,"wallClock":1760208130389,"enabled":true,"durationMs":360,"source":"console.replay","correlationId":"console-replay:mgmmh1sjqrx445ae","timelineOffsetMs":13.585589000955224}
10-11 14:42:10.454 21612 21675 I ReactNativeJS: [outputs] outputs.flashPulse.commit {"timestamp":9153974.877131,"wallClock":1760208130453,"durationMs":360,"source":"console.replay","correlationId":"console-replay:mgmmh1sjqrx445ae","latencyMs":66.10942699946463,"timelineOffsetMs":13.585589000955224}
10-11 14:42:10.734 21612 22148 D OutputsAudio: [outputs-audio] stop gain=1.000 release=6.00
10-11 14:42:10.855 21612 22148 D OutputsAudio: [outputs-audio] start hz=700.0 gain=1.000 attack=2.50 release=6.00
10-11 14:42:10.880 21612 21675 D OutputsAudio: [outputs-audio] symbol.info sequence=25 symbol=. timestamp=9154376.911 duration=120.000
10-11 14:42:10.882 21612 21675 I ReactNativeJS: [outputs] playMorse.symbol {"timestamp":9154402.304318,"wallClock":1760208130881,"symbol":".","durationMs":120,"index":24,"source":"console.replay","correlationId":"console-replay:mgmmh26931uuwcri","nativeTimestampMs":9154376.911,"nativeDurationMs":120,"nativeOffsetMs":25.293995000422,"nativeSequence":25,"monotonicTimestampMs":9154376.911}
10-11 14:42:10.882 21612 21675 I ReactNativeJS: [outputs] outputs.hapticSymbol {"timestamp":9154403.251922,"wallClock":1760208130882,"enabled":true,"symbol":".","durationMs":120,"platform":"android","source":"console.replay","correlationId":"console-replay:mgmmh26931uuwcri","timelineOffsetMs":25.293995000422}
10-11 14:42:10.883 21612 21675 I ReactNativeJS: [outputs] outputs.flashPulse {"timestamp":9154404.102547,"wallClock":1760208130882,"enabled":true,"durationMs":120,"source":"console.replay","correlationId":"console-replay:mgmmh26931uuwcri","timelineOffsetMs":25.293995000422}
10-11 14:42:10.956 21612 21675 I ReactNativeJS: [outputs] outputs.flashPulse.commit {"timestamp":9154477.311714,"wallClock":1760208130956,"durationMs":120,"source":"console.replay","correlationId":"console-replay:mgmmh26931uuwcri","latencyMs":75.10223999992013,"timelineOffsetMs":25.293995000422}
10-11 14:42:10.976 21612 22148 D OutputsAudio: [outputs-audio] stop gain=1.000 release=6.00
10-11 14:42:11.096 21612 22148 D OutputsAudio: [outputs-audio] start hz=700.0 gain=1.000 attack=2.50 release=6.00
10-11 14:42:11.107 21612 21675 D OutputsAudio: [outputs-audio] symbol.info sequence=26 symbol=. timestamp=9154618.198 duration=120.000
10-11 14:42:11.109 21612 21675 I ReactNativeJS: [outputs] playMorse.symbol {"timestamp":9154629.014058,"wallClock":1760208131107,"symbol":".","durationMs":120,"index":25,"source":"console.replay","correlationId":"console-replay:mgmmh2cjmrgamoca","nativeTimestampMs":9154618.198,"nativeDurationMs":120,"nativeOffsetMs":10.703609999269247,"nativeSequence":26,"monotonicTimestampMs":9154618.198}
10-11 14:42:11.109 21612 21675 I ReactNativeJS: [outputs] outputs.hapticSymbol {"timestamp":9154630.26812,"wallClock":1760208131109,"enabled":true,"symbol":".","durationMs":120,"platform":"android","source":"console.replay","correlationId":"console-replay:mgmmh2cjmrgamoca","timelineOffsetMs":10.703609999269247}
10-11 14:42:11.111 21612 21675 I ReactNativeJS: [outputs] outputs.flashPulse {"timestamp":9154631.692183,"wallClock":1760208131110,"enabled":true,"durationMs":120,"source":"console.replay","correlationId":"console-replay:mgmmh2cjmrgamoca","timelineOffsetMs":10.703609999269247}
10-11 14:42:11.177 21612 21675 I ReactNativeJS: [outputs] outputs.flashPulse.commit {"timestamp":9154697.949839,"wallClock":1760208131176,"durationMs":120,"source":"console.replay","correlationId":"console-replay:mgmmh2cjmrgamoca","latencyMs":69.04385400004685,"timelineOffsetMs":10.703609999269247}
10-11 14:42:11.217 21612 22148 D OutputsAudio: [outputs-audio] stop gain=1.000 release=6.00
10-11 14:42:11.337 21612 22148 D OutputsAudio: [outputs-audio] start hz=700.0 gain=1.000 attack=2.50 release=6.00
10-11 14:42:11.361 21612 21675 D OutputsAudio: [outputs-audio] symbol.info sequence=27 symbol=. timestamp=9154859.193 duration=120.000
10-11 14:42:11.364 21612 21675 I ReactNativeJS: [outputs] playMorse.symbol {"timestamp":9154882.866922,"wallClock":1760208131361,"symbol":".","durationMs":120,"index":26,"source":"console.replay","correlationId":"console-replay:mgmmh2jl8vyqge4a","nativeTimestampMs":9154859.193,"nativeDurationMs":120,"nativeOffsetMs":23.529391000047326,"nativeSequence":27,"monotonicTimestampMs":9154859.193}
10-11 14:42:11.367 21612 21675 I ReactNativeJS: [outputs] outputs.hapticSymbol {"timestamp":9154886.479839,"wallClock":1760208131365,"enabled":true,"symbol":".","durationMs":120,"platform":"android","source":"console.replay","correlationId":"console-replay:mgmmh2jl8vyqge4a","timelineOffsetMs":23.529391000047326}
10-11 14:42:11.370 21612 21675 I ReactNativeJS: [outputs] outputs.flashPulse {"timestamp":9154890.280256,"wallClock":1760208131369,"enabled":true,"durationMs":120,"source":"console.replay","correlationId":"console-replay:mgmmh2jl8vyqge4a","timelineOffsetMs":23.529391000047326}
10-11 14:42:11.439 21612 21675 I ReactNativeJS: [outputs] outputs.flashPulse.commit {"timestamp":9154959.827547,"wallClock":1760208131438,"durationMs":120,"source":"console.replay","correlationId":"console-replay:mgmmh2jl8vyqge4a","latencyMs":77.10104200057685,"timelineOffsetMs":23.529391000047326}
10-11 14:42:11.459 21612 22148 D OutputsAudio: [outputs-audio] stop gain=1.000 release=6.00
10-11 14:42:11.498 21612 21675 I ReactNativeJS: [outputs] playMorse.complete {"timestamp":9155019.298641,"wallClock":1760208131498,"durationMs":9700.950308999047,"source":"console.replay","audioEnabled":true,"audioVolumePercent":100}
10-11 14:42:11.580 21612 22148 D OutputsAudio: [outputs-audio] stop gain=0.000 release=6.00
10-11 14:42:11.580 21612 22148 D OutputsAudio: [outputs-audio] playMorse.end cancelled=0
10-11 14:42:14.622 21612 21675 I ReactNativeJS: [outputs] playMorse.start {"timestamp":9158143.231713,"wallClock":1760208134622,"unitMs":80,"length":28,"source":"console.replay","audioEnabled":true,"audioVolumePercent":100}
10-11 14:42:14.876 21612 21675 D OutputsAudio: [outputs-audio] warmup hz=700.0
10-11 14:42:14.877 21612 22196 D OutputsAudio: [outputs-audio] playMorse.start count=27 unit=80.0
10-11 14:42:14.877 21612 22196 D OutputsAudio: [outputs-audio] start hz=700.0 gain=1.000 attack=2.50 release=6.00
10-11 14:42:14.891 21612 21675 D OutputsAudio: [outputs-audio] symbol.info sequence=1 symbol=. timestamp=9158398.845 duration=80.000
10-11 14:42:14.892 21612 21675 I ReactNativeJS: [outputs] playMorse.symbol {"timestamp":9158413.164994,"wallClock":1760208134892,"symbol":".","durationMs":80,"index":0,"source":"console.replay","correlationId":"console-replay:mgmmh59oeizqks0t","nativeTimestampMs":9158398.845,"nativeDurationMs":80,"nativeOffsetMs":14.220670999959111,"nativeSequence":1,"monotonicTimestampMs":9158398.845}
10-11 14:42:14.893 21612 21675 I ReactNativeJS: [outputs] outputs.hapticSymbol {"timestamp":9158414.162546,"wallClock":1760208134893,"enabled":true,"symbol":".","durationMs":80,"platform":"android","source":"console.replay","correlationId":"console-replay:mgmmh59oeizqks0t","timelineOffsetMs":14.220670999959111}
10-11 14:42:14.894 21612 21675 I ReactNativeJS: [outputs] outputs.flashPulse {"timestamp":9158414.987025,"wallClock":1760208134893,"enabled":true,"durationMs":80,"source":"console.replay","correlationId":"console-replay:mgmmh59oeizqks0t","timelineOffsetMs":14.220670999959111}
10-11 14:42:14.958 21612 22196 D OutputsAudio: [outputs-audio] stop gain=1.000 release=6.00
10-11 14:42:14.969 21612 21675 I ReactNativeJS: [outputs] outputs.flashPulse.commit {"timestamp":9158490.585931,"wallClock":1760208134969,"durationMs":80,"source":"console.replay","correlationId":"console-replay:mgmmh59oeizqks0t","latencyMs":77.51552099920809,"timelineOffsetMs":14.220670999959111}
10-11 14:42:15.039 21612 22196 D OutputsAudio: [outputs-audio] start hz=700.0 gain=1.000 attack=2.50 release=6.00
10-11 14:42:15.063 21612 21675 D OutputsAudio: [outputs-audio] symbol.info sequence=2 symbol=. timestamp=9158560.595 duration=80.000
10-11 14:42:15.064 21612 21675 I ReactNativeJS: [outputs] playMorse.symbol {"timestamp":9158585.099994,"wallClock":1760208135063,"symbol":".","durationMs":80,"index":1,"source":"console.replay","correlationId":"console-replay:mgmmh5ef8d1hmpwc","nativeTimestampMs":9158560.595,"nativeDurationMs":80,"nativeOffsetMs":24.430670998990536,"nativeSequence":2,"monotonicTimestampMs":9158560.595}
10-11 14:42:15.064 21612 21675 I ReactNativeJS: [outputs] outputs.hapticSymbol {"timestamp":9158585.81765,"wallClock":1760208135064,"enabled":true,"symbol":".","durationMs":80,"platform":"android","source":"console.replay","correlationId":"console-replay:mgmmh5ef8d1hmpwc","timelineOffsetMs":24.430670998990536}
10-11 14:42:15.065 21612 21675 I ReactNativeJS: [outputs] outputs.flashPulse {"timestamp":9158586.404108,"wallClock":1760208135065,"enabled":true,"durationMs":80,"source":"console.replay","correlationId":"console-replay:mgmmh5ef8d1hmpwc","timelineOffsetMs":24.430670998990536}
10-11 14:42:15.120 21612 22196 D OutputsAudio: [outputs-audio] stop gain=1.000 release=6.00
10-11 14:42:15.138 21612 21675 I ReactNativeJS: [outputs] outputs.flashPulse.commit {"timestamp":9158659.001817,"wallClock":1760208135137,"durationMs":80,"source":"console.replay","correlationId":"console-replay:mgmmh5ef8d1hmpwc","latencyMs":73.97161399945617,"timelineOffsetMs":24.430670998990536}
10-11 14:42:15.200 21612 22196 D OutputsAudio: [outputs-audio] start hz=700.0 gain=1.000 attack=2.50 release=6.00
10-11 14:42:15.214 21612 21675 D OutputsAudio: [outputs-audio] symbol.info sequence=3 symbol=. timestamp=9158722.425 duration=80.000
10-11 14:42:15.215 21612 21675 I ReactNativeJS: [outputs] playMorse.symbol {"timestamp":9158735.98015,"wallClock":1760208135214,"symbol":".","durationMs":80,"index":2,"source":"console.replay","correlationId":"console-replay:mgmmh5imcexi765x","nativeTimestampMs":9158722.425,"nativeDurationMs":80,"nativeOffsetMs":13.483586998656392,"nativeSequence":3,"monotonicTimestampMs":9158722.425}
10-11 14:42:15.215 21612 21675 I ReactNativeJS: [outputs] outputs.hapticSymbol {"timestamp":9158736.728483,"wallClock":1760208135215,"enabled":true,"symbol":".","durationMs":80,"platform":"android","source":"console.replay","correlationId":"console-replay:mgmmh5imcexi765x","timelineOffsetMs":13.483586998656392}
10-11 14:42:15.216 21612 21675 I ReactNativeJS: [outputs] outputs.flashPulse {"timestamp":9158737.352025,"wallClock":1760208135216,"enabled":true,"durationMs":80,"source":"console.replay","correlationId":"console-replay:mgmmh5imcexi765x","timelineOffsetMs":13.483586998656392}
10-11 14:42:15.279 21612 21675 I ReactNativeJS: [outputs] outputs.flashPulse.commit {"timestamp":9158799.811244,"wallClock":1760208135278,"durationMs":80,"source":"console.replay","correlationId":"console-replay:mgmmh5imcexi765x","latencyMs":63.89812500029802,"timelineOffsetMs":13.483586998656392}
10-11 14:42:15.281 21612 22196 D OutputsAudio: [outputs-audio] stop gain=1.000 release=6.00
10-11 14:42:15.361 21612 22196 D OutputsAudio: [outputs-audio] start hz=700.0 gain=1.000 attack=2.50 release=6.00
