10-11 17:19:10.066 28938 29004 I ReactNativeJS: [outputs] outputs.flashPulse.commit {"timestamp":18573587.19911,"wallClock":1760217550066,"durationMs":60,"source":"console.replay","correlationId":"console-replay:mgms2y0osi8p9uvo","latencyMs":57.96130200102925,"timelineOffsetMs":5.5026110000908375,"leadMs":8,"scheduleSkewMs":65.96130200102925,"schedulingMode":"timeline"}
10-11 17:19:10.123 28938 32062 D OutputsAudio: [outputs-audio] start hz=700.0 gain=1.000 attack=2.50 release=6.00
10-11 17:19:10.124 28938 32062 D OutputsAudio: [outputs-audio] playMorse.symbol.start sequence=15 symbol=. expected=18573624.481 actual=18573645.168 skew=20.687 batchElapsed=2420.687
10-11 17:19:10.149 28938 29004 D OutputsAudio: [outputs-audio] symbol.info sequence=15 symbol=. timestamp=18573645.168 duration=60.000 expected=18573624.481 skew=20.687 age=25.859
10-11 17:19:10.150 28938 29004 I ReactNativeJS: [outputs] playMorse.symbol {"timestamp":18573671.206298,"wallClock":1760217550150,"symbol":".","durationMs":60,"index":14,"source":"console.replay","correlationId":"console-replay:mgms2y4mc9cy8ywj","nativeTimestampMs":18573645.168,"nativeDurationMs":60,"nativeOffsetMs":25.968349996954203,"nativeSequence":15,"monotonicTimestampMs":18573645.168,"nativeExpectedTimestampMs":18573624.481,"nativeStartSkewMs":20.687,"nativeBatchElapsedMs":2420.687,"nativeExpectedSincePriorMs":120,"nativeSincePriorMs":121.44,"nativePatternStartMs":18571224.481,"nativeAgeMs":25.859}
10-11 17:19:10.151 28938 29004 I ReactNativeJS: [outputs] outputs.hapticSymbol {"timestamp":18573671.853433,"wallClock":1760217550150,"enabled":true,"symbol":".","durationMs":60,"platform":"android","source":"console.replay","correlationId":"console-replay:mgms2y4mc9cy8ywj","timelineOffsetMs":25.968349996954203}
10-11 17:19:10.151 28938 29004 I ReactNativeJS: [outputs] outputs.flashPulse {"timestamp":18573672.790569,"wallClock":1760217550151,"enabled":true,"durationMs":60,"source":"console.replay","correlationId":"console-replay:mgms2y4mc9cy8ywj","timelineOffsetMs":25.968349996954203,"schedulingMode":"timeline"}
10-11 17:19:10.184 28938 32062 D OutputsAudio: [outputs-audio] stop gain=1.000 release=6.00
10-11 17:19:10.210 28938 29004 I ReactNativeJS: [outputs] outputs.flashPulse.commit {"timestamp":18573730.99234,"wallClock":1760217550209,"durationMs":60,"source":"console.replay","correlationId":"console-replay:mgms2y4mc9cy8ywj","latencyMs":59.849479001015425,"timelineOffsetMs":25.968349996954203,"leadMs":8,"scheduleSkewMs":67.84947900101542,"schedulingMode":"timeline"}
10-11 17:19:10.246 28938 32062 D OutputsAudio: [outputs-audio] start hz=700.0 gain=1.000 attack=2.50 release=6.00
10-11 17:19:10.246 28938 32062 D OutputsAudio: [outputs-audio] playMorse.symbol.start sequence=16 symbol=- expected=18573744.481 actual=18573767.205 skew=22.724 batchElapsed=2542.724
10-11 17:19:10.253 28938 29004 D OutputsAudio: [outputs-audio] symbol.info sequence=16 symbol=- timestamp=18573767.205 duration=180.000 expected=18573744.481 skew=22.724 age=7.732
10-11 17:19:10.254 28938 29004 I ReactNativeJS: [outputs] playMorse.symbol {"timestamp":18573775.06536,"wallClock":1760217550253,"symbol":"-","durationMs":180,"index":15,"source":"console.replay","correlationId":"console-replay:mgms2y7hsoi6tmjh","nativeTimestampMs":18573767.205,"nativeDurationMs":180,"nativeOffsetMs":7.811089999973774,"nativeSequence":16,"monotonicTimestampMs":18573767.205,"nativeExpectedTimestampMs":18573744.481,"nativeStartSkewMs":22.724,"nativeBatchElapsedMs":2542.724,"nativeExpectedSincePriorMs":120,"nativeSincePriorMs":122.037,"nativePatternStartMs":18571224.481,"nativeAgeMs":7.732}
10-11 17:19:10.254 28938 29004 I ReactNativeJS: [outputs] outputs.hapticSymbol {"timestamp":18573775.548329,"wallClock":1760217550254,"enabled":true,"symbol":"-","durationMs":180,"platform":"android","source":"console.replay","correlationId":"console-replay:mgms2y7hsoi6tmjh","timelineOffsetMs":7.811089999973774}
10-11 17:19:10.255 28938 29004 I ReactNativeJS: [outputs] outputs.flashPulse {"timestamp":18573776.23484,"wallClock":1760217550255,"enabled":true,"durationMs":180,"source":"console.replay","correlationId":"console-replay:mgms2y7hsoi6tmjh","timelineOffsetMs":7.811089999973774,"schedulingMode":"timeline"}
10-11 17:19:10.312 28938 29004 I ReactNativeJS: [outputs] outputs.flashPulse.commit {"timestamp":18573833.385985,"wallClock":1760217550312,"durationMs":180,"source":"console.replay","correlationId":"console-replay:mgms2y7hsoi6tmjh","latencyMs":58.36359300091863,"timelineOffsetMs":7.811089999973774,"leadMs":8,"scheduleSkewMs":66.36359300091863,"schedulingMode":"timeline"}
10-11 17:19:10.427 28938 32062 D OutputsAudio: [outputs-audio] stop gain=1.000 release=6.00
10-11 17:19:10.488 28938 32062 D OutputsAudio: [outputs-audio] start hz=700.0 gain=1.000 attack=2.50 release=6.00
10-11 17:19:10.488 28938 32062 D OutputsAudio: [outputs-audio] playMorse.symbol.start sequence=17 symbol=- expected=18573984.481 actual=18574009.653 skew=25.172 batchElapsed=2785.172
10-11 17:19:10.506 28938 29004 D OutputsAudio: [outputs-audio] symbol.info sequence=17 symbol=- timestamp=18574009.653 duration=180.000 expected=18573984.481 skew=25.172 age=17.445
10-11 17:19:10.507 28938 29004 I ReactNativeJS: [outputs] playMorse.symbol {"timestamp":18574027.32036,"wallClock":1760217550506,"symbol":"-","durationMs":180,"index":16,"source":"console.replay","correlationId":"console-replay:mgms2yei00oinlw6","nativeTimestampMs":18574009.653,"nativeDurationMs":180,"nativeOffsetMs":17.572568997740746,"nativeSequence":17,"monotonicTimestampMs":18574009.653,"nativeExpectedTimestampMs":18573984.481,"nativeStartSkewMs":25.172,"nativeBatchElapsedMs":2785.172,"nativeExpectedSincePriorMs":240,"nativeSincePriorMs":242.448,"nativePatternStartMs":18571224.481,"nativeAgeMs":17.445}
10-11 17:19:10.507 28938 29004 I ReactNativeJS: [outputs] outputs.hapticSymbol {"timestamp":18574028.246714,"wallClock":1760217550507,"enabled":true,"symbol":"-","durationMs":180,"platform":"android","source":"console.replay","correlationId":"console-replay:mgms2yei00oinlw6","timelineOffsetMs":17.572568997740746}
10-11 17:19:10.509 28938 29004 I ReactNativeJS: [outputs] outputs.flashPulse {"timestamp":18574029.617339,"wallClock":1760217550508,"enabled":true,"durationMs":180,"source":"console.replay","correlationId":"console-replay:mgms2yei00oinlw6","timelineOffsetMs":17.572568997740746,"schedulingMode":"timeline"}
10-11 17:19:10.572 28938 29004 I ReactNativeJS: [outputs] outputs.flashPulse.commit {"timestamp":18574093.162912,"wallClock":1760217550572,"durationMs":180,"source":"console.replay","correlationId":"console-replay:mgms2yei00oinlw6","latencyMs":65.93072900176048,"timelineOffsetMs":17.572568997740746,"leadMs":8,"scheduleSkewMs":73.93072900176048,"schedulingMode":"timeline"}
10-11 17:19:10.668 28938 32062 D OutputsAudio: [outputs-audio] stop gain=1.000 release=6.00
10-11 17:19:10.730 28938 32062 D OutputsAudio: [outputs-audio] start hz=700.0 gain=1.000 attack=2.50 release=6.00
10-11 17:19:10.730 28938 32062 D OutputsAudio: [outputs-audio] playMorse.symbol.start sequence=18 symbol=- expected=18574224.481 actual=18574251.628 skew=27.147 batchElapsed=3027.147
10-11 17:19:10.746 28938 29004 D OutputsAudio: [outputs-audio] symbol.info sequence=18 symbol=- timestamp=18574251.628 duration=180.000 expected=18574224.481 skew=27.147 age=15.559
10-11 17:19:10.749 28938 29004 I ReactNativeJS: [outputs] playMorse.symbol {"timestamp":18574267.554058,"wallClock":1760217550746,"symbol":"-","durationMs":180,"index":17,"source":"console.replay","correlationId":"console-replay:mgms2yl6qybacumy","nativeTimestampMs":18574251.628,"nativeDurationMs":180,"nativeOffsetMs":15.790173001587391,"nativeSequence":18,"monotonicTimestampMs":18574251.628,"nativeExpectedTimestampMs":18574224.481,"nativeStartSkewMs":27.147,"nativeBatchElapsedMs":3027.147,"nativeExpectedSincePriorMs":240,"nativeSincePriorMs":241.975,"nativePatternStartMs":18571224.481,"nativeAgeMs":15.559}
10-11 17:19:10.750 28938 29004 I ReactNativeJS: [outputs] outputs.hapticSymbol {"timestamp":18574270.339266,"wallClock":1760217550749,"enabled":true,"symbol":"-","durationMs":180,"platform":"android","source":"console.replay","correlationId":"console-replay:mgms2yl6qybacumy","timelineOffsetMs":15.790173001587391}
10-11 17:19:10.752 28938 29004 I ReactNativeJS: [outputs] outputs.flashPulse {"timestamp":18574273.250308,"wallClock":1760217550752,"enabled":true,"durationMs":180,"source":"console.replay","correlationId":"console-replay:mgms2yl6qybacumy","timelineOffsetMs":15.790173001587391,"schedulingMode":"timeline"}
10-11 17:19:10.819 28938 29004 I ReactNativeJS: [outputs] outputs.flashPulse.commit {"timestamp":18574339.932131,"wallClock":1760217550818,"durationMs":180,"source":"console.replay","correlationId":"console-replay:mgms2yl6qybacumy","latencyMs":72.50666600093246,"timelineOffsetMs":15.790173001587391,"leadMs":8,"scheduleSkewMs":80.50666600093246,"schedulingMode":"timeline"}
10-11 17:19:10.911 28938 32062 D OutputsAudio: [outputs-audio] stop gain=1.000 release=6.00
10-11 17:19:10.972 28938 32062 D OutputsAudio: [outputs-audio] start hz=700.0 gain=1.000 attack=2.50 release=6.00
10-11 17:19:10.972 28938 32062 D OutputsAudio: [outputs-audio] playMorse.symbol.start sequence=19 symbol=. expected=18574464.481 actual=18574493.632 skew=29.151 batchElapsed=3269.151
10-11 17:19:10.984 28938 29004 D OutputsAudio: [outputs-audio] symbol.info sequence=19 symbol=. timestamp=18574493.632 duration=60.000 expected=18574464.481 skew=29.151 age=12.323
10-11 17:19:10.986 28938 29004 I ReactNativeJS: [outputs] playMorse.symbol {"timestamp":18574506.144579,"wallClock":1760217550985,"symbol":".","durationMs":60,"index":18,"source":"console.replay","correlationId":"console-replay:mgms2yrsnlx8yl3m","nativeTimestampMs":18574493.632,"nativeDurationMs":60,"nativeOffsetMs":12.435860000550747,"nativeSequence":19,"monotonicTimestampMs":18574493.632,"nativeExpectedTimestampMs":18574464.481,"nativeStartSkewMs":29.151,"nativeBatchElapsedMs":3269.151,"nativeExpectedSincePriorMs":240,"nativeSincePriorMs":242.004,"nativePatternStartMs":18571224.481,"nativeAgeMs":12.323}
10-11 17:19:10.986 28938 29004 I ReactNativeJS: [outputs] outputs.hapticSymbol {"timestamp":18574507.431454,"wallClock":1760217550986,"enabled":true,"symbol":".","durationMs":60,"platform":"android","source":"console.replay","correlationId":"console-replay:mgms2yrsnlx8yl3m","timelineOffsetMs":12.435860000550747}
10-11 17:19:10.987 28938 29004 I ReactNativeJS: [outputs] outputs.flashPulse {"timestamp":18574508.559214,"wallClock":1760217550987,"enabled":true,"durationMs":60,"source":"console.replay","correlationId":"console-replay:mgms2yrsnlx8yl3m","timelineOffsetMs":12.435860000550747,"schedulingMode":"timeline"}
10-11 17:19:11.033 28938 32062 D OutputsAudio: [outputs-audio] stop gain=1.000 release=6.00
10-11 17:19:11.063 28938 29004 I ReactNativeJS: [outputs] outputs.flashPulse.commit {"timestamp":18574584.522808,"wallClock":1760217551063,"durationMs":60,"source":"console.replay","correlationId":"console-replay:mgms2yrsnlx8yl3m","latencyMs":78.44838599860668,"timelineOffsetMs":12.435860000550747,"leadMs":8,"scheduleSkewMs":86.44838599860668,"schedulingMode":"timeline"}
10-11 17:19:11.094 28938 32062 D OutputsAudio: [outputs-audio] start hz=700.0 gain=1.000 attack=2.50 release=6.00
10-11 17:19:11.094 28938 32062 D OutputsAudio: [outputs-audio] playMorse.symbol.start sequence=20 symbol=. expected=18574584.481 actual=18574615.790 skew=31.309 batchElapsed=3391.309
10-11 17:19:11.129 28938 29004 D OutputsAudio: [outputs-audio] symbol.info sequence=20 symbol=. timestamp=18574615.790 duration=60.000 expected=18574584.481 skew=31.309 age=35.134
10-11 17:19:11.130 28938 29004 I ReactNativeJS: [outputs] playMorse.symbol {"timestamp":18574651.067443,"wallClock":1760217551129,"symbol":".","durationMs":60,"index":19,"source":"console.replay","correlationId":"console-replay:mgms2yvt60ipf854","nativeTimestampMs":18574615.79,"nativeDurationMs":60,"nativeOffsetMs":35.22572500258684,"nativeSequence":20,"monotonicTimestampMs":18574615.79,"nativeExpectedTimestampMs":18574584.481,"nativeStartSkewMs":31.309,"nativeBatchElapsedMs":3391.309,"nativeExpectedSincePriorMs":120,"nativeSincePriorMs":122.158,"nativePatternStartMs":18571224.481,"nativeAgeMs":35.134}
10-11 17:19:11.130 28938 29004 I ReactNativeJS: [outputs] outputs.hapticSymbol {"timestamp":18574651.58036,"wallClock":1760217551130,"enabled":true,"symbol":".","durationMs":60,"platform":"android","source":"console.replay","correlationId":"console-replay:mgms2yvt60ipf854","timelineOffsetMs":35.22572500258684}
10-11 17:19:11.131 28938 29004 I ReactNativeJS: [outputs] outputs.flashPulse {"timestamp":18574652.33911,"wallClock":1760217551131,"enabled":true,"durationMs":60,"source":"console.replay","correlationId":"console-replay:mgms2yvt60ipf854","timelineOffsetMs":35.22572500258684,"schedulingMode":"timeline"}
10-11 17:19:11.155 28938 32062 D OutputsAudio: [outputs-audio] stop gain=1.000 release=6.00
10-11 17:19:11.190 28938 29004 I ReactNativeJS: [outputs] outputs.flashPulse.commit {"timestamp":18574711.143589,"wallClock":1760217551190,"durationMs":60,"source":"console.replay","correlationId":"console-replay:mgms2yvt60ipf854","latencyMs":60.12145799770951,"timelineOffsetMs":35.22572500258684,"leadMs":8,"scheduleSkewMs":68.12145799770951,"schedulingMode":"timeline"}
10-11 17:19:11.215 28938 32062 D OutputsAudio: [outputs-audio] start hz=700.0 gain=1.000 attack=2.50 release=6.00
10-11 17:19:11.215 28938 32062 D OutputsAudio: [outputs-audio] playMorse.symbol.start sequence=21 symbol=. expected=18574704.481 actual=18574736.934 skew=32.452 batchElapsed=3512.452
10-11 17:19:11.242 28938 29004 D OutputsAudio: [outputs-audio] symbol.info sequence=21 symbol=. timestamp=18574736.934 duration=60.000 expected=18574704.481 skew=32.452 age=26.254
10-11 17:19:11.242 28938 29004 I ReactNativeJS: [outputs] playMorse.symbol {"timestamp":18574763.318068,"wallClock":1760217551242,"symbol":".","durationMs":60,"index":20,"source":"console.replay","correlationId":"console-replay:mgms2yyyf8gr9maj","nativeTimestampMs":18574736.934,"nativeDurationMs":60,"nativeOffsetMs":26.33703700080514,"nativeSequence":21,"monotonicTimestampMs":18574736.934,"nativeExpectedTimestampMs":18574704.481,"nativeStartSkewMs":32.452,"nativeBatchElapsedMs":3512.452,"nativeExpectedSincePriorMs":120,"nativeSincePriorMs":121.144,"nativePatternStartMs":18571224.481,"nativeAgeMs":26.254}
10-11 17:19:11.243 28938 29004 I ReactNativeJS: [outputs] outputs.hapticSymbol {"timestamp":18574763.838693,"wallClock":1760217551242,"enabled":true,"symbol":".","durationMs":60,"platform":"android","source":"console.replay","correlationId":"console-replay:mgms2yyyf8gr9maj","timelineOffsetMs":26.33703700080514}
10-11 17:19:11.243 28938 29004 I ReactNativeJS: [outputs] outputs.flashPulse {"timestamp":18574764.580933,"wallClock":1760217551243,"enabled":true,"durationMs":60,"source":"console.replay","correlationId":"console-replay:mgms2yyyf8gr9maj","timelineOffsetMs":26.33703700080514,"schedulingMode":"timeline"}
10-11 17:19:11.276 28938 32062 D OutputsAudio: [outputs-audio] stop gain=1.000 release=6.00
10-11 17:19:11.307 28938 29004 I ReactNativeJS: [outputs] outputs.flashPulse.commit {"timestamp":18574828.688485,"wallClock":1760217551307,"durationMs":60,"source":"console.replay","correlationId":"console-replay:mgms2yyyf8gr9maj","latencyMs":65.41171899810433,"timelineOffsetMs":26.33703700080514,"leadMs":8,"scheduleSkewMs":73.41171899810433,"schedulingMode":"timeline"}
10-11 17:19:11.337 28938 32062 D OutputsAudio: [outputs-audio] start hz=700.0 gain=1.000 attack=2.50 release=6.00
10-11 17:19:11.337 28938 32062 D OutputsAudio: [outputs-audio] playMorse.symbol.start sequence=22 symbol=- expected=18574824.481 actual=18574858.777 skew=34.296 batchElapsed=3634.296
10-11 17:19:11.357 28938 29004 D OutputsAudio: [outputs-audio] symbol.info sequence=22 symbol=- timestamp=18574858.777 duration=180.000 expected=18574824.481 skew=34.296 age=20.091
10-11 17:19:11.358 28938 29004 I ReactNativeJS: [outputs] playMorse.symbol {"timestamp":18574878.988641,"wallClock":1760217551357,"symbol":"-","durationMs":180,"index":21,"source":"console.replay","correlationId":"console-replay:mgms2z25ov0hbhhs","nativeTimestampMs":18574858.777,"nativeDurationMs":180,"nativeOffsetMs":20.163359999656677,"nativeSequence":22,"monotonicTimestampMs":18574858.777,"nativeExpectedTimestampMs":18574824.481,"nativeStartSkewMs":34.296,"nativeBatchElapsedMs":3634.296,"nativeExpectedSincePriorMs":120,"nativeSincePriorMs":121.843,"nativePatternStartMs":18571224.481,"nativeAgeMs":20.091}
10-11 17:19:11.358 28938 29004 I ReactNativeJS: [outputs] outputs.hapticSymbol {"timestamp":18574879.483485,"wallClock":1760217551358,"enabled":true,"symbol":"-","durationMs":180,"platform":"android","source":"console.replay","correlationId":"console-replay:mgms2z25ov0hbhhs","timelineOffsetMs":20.163359999656677}
10-11 17:19:11.359 28938 29004 I ReactNativeJS: [outputs] outputs.flashPulse {"timestamp":18574880.118225,"wallClock":1760217551358,"enabled":true,"durationMs":180,"source":"console.replay","correlationId":"console-replay:mgms2z25ov0hbhhs","timelineOffsetMs":20.163359999656677,"schedulingMode":"timeline"}
10-11 17:19:11.410 28938 29004 I ReactNativeJS: [outputs] outputs.flashPulse.commit {"timestamp":18574931.766506,"wallClock":1760217551410,"durationMs":180,"source":"console.replay","correlationId":"console-replay:mgms2z25ov0hbhhs","latencyMs":52.8200520016253,"timelineOffsetMs":20.163359999656677,"leadMs":8,"scheduleSkewMs":60.8200520016253,"schedulingMode":"timeline"}
10-11 17:19:11.518 28938 32062 D OutputsAudio: [outputs-audio] stop gain=1.000 release=6.00
10-11 17:19:11.578 28938 32062 D OutputsAudio: [outputs-audio] start hz=700.0 gain=1.000 attack=2.50 release=6.00
10-11 17:19:11.579 28938 32062 D OutputsAudio: [outputs-audio] playMorse.symbol.start sequence=23 symbol=- expected=18575064.481 actual=18575100.182 skew=35.701 batchElapsed=3875.701
10-11 17:19:11.587 28938 29004 D OutputsAudio: [outputs-audio] symbol.info sequence=23 symbol=- timestamp=18575100.182 duration=180.000 expected=18575064.481 skew=35.701 age=8.070
10-11 17:19:11.589 28938 29004 I ReactNativeJS: [outputs] playMorse.symbol {"timestamp":18575108.485516,"wallClock":1760217551587,"symbol":"-","durationMs":180,"index":22,"source":"console.replay","correlationId":"console-replay:mgms2z8jnsogvuvo","nativeTimestampMs":18575100.182,"nativeDurationMs":180,"nativeOffsetMs":8.200599998235703,"nativeSequence":23,"monotonicTimestampMs":18575100.182,"nativeExpectedTimestampMs":18575064.481,"nativeStartSkewMs":35.701,"nativeBatchElapsedMs":3875.701,"nativeExpectedSincePriorMs":240,"nativeSincePriorMs":241.406,"nativePatternStartMs":18571224.481,"nativeAgeMs":8.07}
10-11 17:19:11.589 28938 29004 I ReactNativeJS: [outputs] outputs.hapticSymbol {"timestamp":18575110.434318,"wallClock":1760217551589,"enabled":true,"symbol":"-","durationMs":180,"platform":"android","source":"console.replay","correlationId":"console-replay:mgms2z8jnsogvuvo","timelineOffsetMs":8.200599998235703}
10-11 17:19:11.590 28938 29004 I ReactNativeJS: [outputs] outputs.flashPulse {"timestamp":18575111.654735,"wallClock":1760217551590,"enabled":true,"durationMs":180,"source":"console.replay","correlationId":"console-replay:mgms2z8jnsogvuvo","timelineOffsetMs":8.200599998235703,"schedulingMode":"timeline"}
10-11 17:19:11.661 28938 29004 I ReactNativeJS: [outputs] outputs.flashPulse.commit {"timestamp":18575182.739527,"wallClock":1760217551661,"durationMs":180,"source":"console.replay","correlationId":"console-replay:mgms2z8jnsogvuvo","latencyMs":74.35041600093246,"timelineOffsetMs":8.200599998235703,"leadMs":8,"scheduleSkewMs":82.35041600093246,"schedulingMode":"timeline"}
10-11 17:19:11.759 28938 32062 D OutputsAudio: [outputs-audio] stop gain=1.000 release=6.00
10-11 17:19:11.820 28938 32062 D OutputsAudio: [outputs-audio] start hz=700.0 gain=1.000 attack=2.50 release=6.00
10-11 17:19:11.820 28938 32062 D OutputsAudio: [outputs-audio] playMorse.symbol.start sequence=24 symbol=- expected=18575304.481 actual=18575341.347 skew=36.866 batchElapsed=4116.866
10-11 17:19:11.831 28938 29004 D OutputsAudio: [outputs-audio] symbol.info sequence=24 symbol=- timestamp=18575341.347 duration=180.000 expected=18575304.481 skew=36.866 age=11.705
10-11 17:19:11.834 28938 29004 I ReactNativeJS: [outputs] playMorse.symbol {"timestamp":18575353.277443,"wallClock":1760217551832,"symbol":"-","durationMs":180,"index":23,"source":"console.replay","correlationId":"console-replay:mgms2zfcianw98um","nativeTimestampMs":18575341.347,"nativeDurationMs":180,"nativeOffsetMs":11.838619999587536,"nativeSequence":24,"monotonicTimestampMs":18575341.347,"nativeExpectedTimestampMs":18575304.481,"nativeStartSkewMs":36.866,"nativeBatchElapsedMs":4116.866,"nativeExpectedSincePriorMs":240,"nativeSincePriorMs":241.165,"nativePatternStartMs":18571224.481,"nativeAgeMs":11.705}
10-11 17:19:11.835 28938 29004 I ReactNativeJS: [outputs] outputs.hapticSymbol {"timestamp":18575355.873537,"wallClock":1760217551834,"enabled":true,"symbol":"-","durationMs":180,"platform":"android","source":"console.replay","correlationId":"console-replay:mgms2zfcianw98um","timelineOffsetMs":11.838619999587536}
10-11 17:19:11.839 28938 29004 I ReactNativeJS: [outputs] outputs.flashPulse {"timestamp":18575359.368016,"wallClock":1760217551838,"enabled":true,"durationMs":180,"source":"console.replay","correlationId":"console-replay:mgms2zfcianw98um","timelineOffsetMs":11.838619999587536,"schedulingMode":"timeline"}
10-11 17:19:11.905 28938 29004 I ReactNativeJS: [outputs] outputs.flashPulse.commit {"timestamp":18575425.864631,"wallClock":1760217551904,"durationMs":180,"source":"console.replay","correlationId":"console-replay:mgms2zfcianw98um","latencyMs":72.6716150008142,"timelineOffsetMs":11.838619999587536,"leadMs":8,"scheduleSkewMs":80.6716150008142,"schedulingMode":"timeline"}
10-11 17:19:12.000 28938 32062 D OutputsAudio: [outputs-audio] stop gain=1.000 release=6.00
10-11 17:19:12.061 28938 32062 D OutputsAudio: [outputs-audio] start hz=700.0 gain=1.000 attack=2.50 release=6.00
10-11 17:19:12.061 28938 32062 D OutputsAudio: [outputs-audio] playMorse.symbol.start sequence=25 symbol=. expected=18575544.481 actual=18575582.765 skew=38.284 batchElapsed=4358.284
10-11 17:19:12.076 28938 29004 D OutputsAudio: [outputs-audio] symbol.info sequence=25 symbol=. timestamp=18575582.765 duration=60.000 expected=18575544.481 skew=38.284 age=14.724
10-11 17:19:12.079 28938 29004 I ReactNativeJS: [outputs] playMorse.symbol {"timestamp":18575597.80437,"wallClock":1760217552076,"symbol":".","durationMs":60,"index":24,"source":"console.replay","correlationId":"console-replay:mgms2zm4xuuho1sf","nativeTimestampMs":18575582.765,"nativeDurationMs":60,"nativeOffsetMs":14.890150997787714,"nativeSequence":25,"monotonicTimestampMs":18575582.765,"nativeExpectedTimestampMs":18575544.481,"nativeStartSkewMs":38.284,"nativeBatchElapsedMs":4358.284,"nativeExpectedSincePriorMs":240,"nativeSincePriorMs":241.417,"nativePatternStartMs":18571224.481,"nativeAgeMs":14.724}
10-11 17:19:12.081 28938 29004 I ReactNativeJS: [outputs] outputs.hapticSymbol {"timestamp":18575601.164787,"wallClock":1760217552080,"enabled":true,"symbol":".","durationMs":60,"platform":"android","source":"console.replay","correlationId":"console-replay:mgms2zm4xuuho1sf","timelineOffsetMs":14.890150997787714}
10-11 17:19:12.084 28938 29004 I ReactNativeJS: [outputs] outputs.flashPulse {"timestamp":18575605.278953,"wallClock":1760217552084,"enabled":true,"durationMs":60,"source":"console.replay","correlationId":"console-replay:mgms2zm4xuuho1sf","timelineOffsetMs":14.890150997787714,"schedulingMode":"timeline"}
10-11 17:19:12.121 28938 32062 D OutputsAudio: [outputs-audio] stop gain=1.000 release=6.00
10-11 17:19:12.137 28938 29004 I ReactNativeJS: [outputs] outputs.flashPulse.commit {"timestamp":18575658.586558,"wallClock":1760217552137,"durationMs":60,"source":"console.replay","correlationId":"console-replay:mgms2zm4xuuho1sf","latencyMs":60.92515700310469,"timelineOffsetMs":14.890150997787714,"leadMs":8,"scheduleSkewMs":68.92515700310469,"schedulingMode":"timeline"}
10-11 17:19:12.182 28938 32062 D OutputsAudio: [outputs-audio] start hz=700.0 gain=1.000 attack=2.50 release=6.00
10-11 17:19:12.182 28938 32062 D OutputsAudio: [outputs-audio] playMorse.symbol.start sequence=26 symbol=. expected=18575664.481 actual=18575703.524 skew=39.043 batchElapsed=4479.043
10-11 17:19:12.184 28938 29004 D OutputsAudio: [outputs-audio] symbol.info sequence=26 symbol=. timestamp=18575703.524 duration=60.000 expected=18575664.481 skew=39.043 age=2.281
10-11 17:19:12.185 28938 29004 I ReactNativeJS: [outputs] playMorse.symbol {"timestamp":18575705.940464,"wallClock":1760217552184,"symbol":".","durationMs":60,"index":25,"source":"console.replay","correlationId":"console-replay:mgms2zp4dkigz3yv","nativeTimestampMs":18575703.524,"nativeDurationMs":60,"nativeOffsetMs":2.363391000777483,"nativeSequence":26,"monotonicTimestampMs":18575703.524,"nativeExpectedTimestampMs":18575664.481,"nativeStartSkewMs":39.043,"nativeBatchElapsedMs":4479.043,"nativeExpectedSincePriorMs":120,"nativeSincePriorMs":120.76,"nativePatternStartMs":18571224.481,"nativeAgeMs":2.281}
10-11 17:19:12.185 28938 29004 I ReactNativeJS: [outputs] outputs.hapticSymbol {"timestamp":18575706.441506,"wallClock":1760217552185,"enabled":true,"symbol":".","durationMs":60,"platform":"android","source":"console.replay","correlationId":"console-replay:mgms2zp4dkigz3yv","timelineOffsetMs":2.363391000777483}
10-11 17:19:12.186 28938 29004 I ReactNativeJS: [outputs] outputs.flashPulse {"timestamp":18575707.148953,"wallClock":1760217552186,"enabled":true,"durationMs":60,"source":"console.replay","correlationId":"console-replay:mgms2zp4dkigz3yv","timelineOffsetMs":2.363391000777483,"schedulingMode":"timeline"}
10-11 17:19:12.237 28938 29004 I ReactNativeJS: [outputs] outputs.flashPulse.commit {"timestamp":18575758.702756,"wallClock":1760217552237,"durationMs":60,"source":"console.replay","correlationId":"console-replay:mgms2zp4dkigz3yv","latencyMs":52.80916699767113,"timelineOffsetMs":2.363391000777483,"leadMs":8,"scheduleSkewMs":60.80916699767113,"schedulingMode":"timeline"}
10-11 17:19:12.242 28938 32062 D OutputsAudio: [outputs-audio] stop gain=1.000 release=6.00
10-11 17:19:12.303 28938 32062 D OutputsAudio: [outputs-audio] start hz=700.0 gain=1.000 attack=2.50 release=6.00
10-11 17:19:12.303 28938 32062 D OutputsAudio: [outputs-audio] playMorse.symbol.start sequence=27 symbol=. expected=18575784.481 actual=18575824.897 skew=40.416 batchElapsed=4600.416
10-11 17:19:12.319 28938 29004 D OutputsAudio: [outputs-audio] symbol.info sequence=27 symbol=. timestamp=18575824.897 duration=60.000 expected=18575784.481 skew=40.416 age=15.483
10-11 17:19:12.320 28938 29004 I ReactNativeJS: [outputs] playMorse.symbol {"timestamp":18575840.622443,"wallClock":1760217552319,"symbol":".","durationMs":60,"index":26,"source":"console.replay","correlationId":"console-replay:mgms2zsvwhiqs0x7","nativeTimestampMs":18575824.897,"nativeDurationMs":60,"nativeOffsetMs":15.627004999667406,"nativeSequence":27,"monotonicTimestampMs":18575824.897,"nativeExpectedTimestampMs":18575784.481,"nativeStartSkewMs":40.416,"nativeBatchElapsedMs":4600.416,"nativeExpectedSincePriorMs":120,"nativeSincePriorMs":121.373,"nativePatternStartMs":18571224.481,"nativeAgeMs":15.483}
10-11 17:19:12.320 28938 29004 I ReactNativeJS: [outputs] outputs.hapticSymbol {"timestamp":18575841.502026,"wallClock":1760217552320,"enabled":true,"symbol":".","durationMs":60,"platform":"android","source":"console.replay","correlationId":"console-replay:mgms2zsvwhiqs0x7","timelineOffsetMs":15.627004999667406}
10-11 17:19:12.321 28938 29004 I ReactNativeJS: [outputs] outputs.flashPulse {"timestamp":18575842.458953,"wallClock":1760217552321,"enabled":true,"durationMs":60,"source":"console.replay","correlationId":"console-replay:mgms2zsvwhiqs0x7","timelineOffsetMs":15.627004999667406,"schedulingMode":"timeline"}
10-11 17:19:12.364 28938 32062 D OutputsAudio: [outputs-audio] stop gain=1.000 release=6.00
10-11 17:19:12.364 28938 32062 D OutputsAudio: [outputs-audio] stop gain=1.000 release=6.00
10-11 17:19:12.364 28938 32062 D OutputsAudio: [outputs-audio] playMorse.end cancelled=0
10-11 17:19:12.381 28938 29004 I ReactNativeJS: [outputs] outputs.flashPulse.commit {"timestamp":18575901.813953,"wallClock":1760217552380,"durationMs":60,"source":"console.replay","correlationId":"console-replay:mgms2zsvwhiqs0x7","latencyMs":61.28322999924421,"timelineOffsetMs":15.627004999667406,"leadMs":8,"scheduleSkewMs":69.28322999924421,"schedulingMode":"timeline"}
10-11 17:19:12.432 28938 29004 I ReactNativeJS: [outputs] playMorse.complete {"timestamp":18575953.131662,"wallClock":1760217552432,"durationMs":4921.390154000372,"source":"console.replay","audioEnabled":true,"audioVolumePercent":100}
10-11 17:19:14.754 28938 29004 I ReactNativeJS: [outputs] playMorse.start {"timestamp":18578274.683275,"wallClock":1760217554753,"unitMs":48,"length":28,"source":"console.replay","audioEnabled":true,"audioVolumePercent":100}
10-11 17:19:14.906 28938 29004 D OutputsAudio: [outputs-audio] warmup hz=700.0
10-11 17:19:14.907 28938 32090 D OutputsAudio: [outputs-audio] playMorse.start count=27 unit=48.0
10-11 17:19:14.907 28938 32090 D OutputsAudio: [outputs-audio] start hz=700.0 gain=1.000 attack=2.50 release=6.00
10-11 17:19:14.907 28938 32090 D OutputsAudio: [outputs-audio] playMorse.symbol.start sequence=1 symbol=. expected=18578428.980 actual=18578428.994 skew=0.014 batchElapsed=0.014
10-11 17:19:14.921 28938 29004 D OutputsAudio: [outputs-audio] symbol.info sequence=1 symbol=. timestamp=18578428.994 duration=48.000 expected=18578428.980 skew=0.014 age=14.020
10-11 17:19:14.922 28938 29004 I ReactNativeJS: [outputs] playMorse.symbol {"timestamp":18578443.246973,"wallClock":1760217554922,"symbol":".","durationMs":48,"index":0,"source":"console.replay","correlationId":"console-replay:mgms31t67abt5qt7","nativeTimestampMs":18578428.994,"nativeDurationMs":48,"nativeOffsetMs":14.166723001748323,"nativeSequence":1,"monotonicTimestampMs":18578428.994,"nativeExpectedTimestampMs":18578428.98,"nativeStartSkewMs":0.014,"nativeBatchElapsedMs":0.014,"nativeExpectedSincePriorMs":0,"nativeSincePriorMs":0,"nativePatternStartMs":18578428.98,"nativeAgeMs":14.02}
10-11 17:19:14.923 28938 29004 I ReactNativeJS: [outputs] outputs.hapticSymbol {"timestamp":18578444.080202,"wallClock":1760217554922,"enabled":true,"symbol":".","durationMs":48,"platform":"android","source":"console.replay","correlationId":"console-replay:mgms31t67abt5qt7","timelineOffsetMs":14.166723001748323}
10-11 17:19:14.924 28938 29004 I ReactNativeJS: [outputs] outputs.flashPulse {"timestamp":18578445.012286,"wallClock":1760217554923,"enabled":true,"durationMs":48,"source":"console.replay","correlationId":"console-replay:mgms31t67abt5qt7","timelineOffsetMs":14.166723001748323,"schedulingMode":"timeline"}
10-11 17:19:14.956 28938 32090 D OutputsAudio: [outputs-audio] stop gain=1.000 release=6.00
10-11 17:19:14.985 28938 29004 I ReactNativeJS: [outputs] outputs.flashPulse.commit {"timestamp":18578506.639734,"wallClock":1760217554985,"durationMs":48,"source":"console.replay","correlationId":"console-replay:mgms31t67abt5qt7","latencyMs":63.47276099771261,"timelineOffsetMs":14.166723001748323,"leadMs":8,"scheduleSkewMs":71.47276099771261,"schedulingMode":"timeline"}
10-11 17:19:15.005 28938 32090 D OutputsAudio: [outputs-audio] start hz=700.0 gain=1.000 attack=2.50 release=6.00
10-11 17:19:15.006 28938 32090 D OutputsAudio: [outputs-audio] playMorse.symbol.start sequence=2 symbol=. expected=18578524.980 actual=18578527.604 skew=2.625 batchElapsed=98.625
10-11 17:19:15.032 28938 29004 D OutputsAudio: [outputs-audio] symbol.info sequence=2 symbol=. timestamp=18578527.604 duration=48.000 expected=18578524.980 skew=2.625 age=26.359
10-11 17:19:15.033 28938 29004 I ReactNativeJS: [outputs] playMorse.symbol {"timestamp":18578554.10265,"wallClock":1760217555032,"symbol":".","durationMs":48,"index":1,"source":"console.replay","correlationId":"console-replay:mgms31w8j468svr3","nativeTimestampMs":18578527.604,"nativeDurationMs":48,"nativeOffsetMs":26.447973001748323,"nativeSequence":2,"monotonicTimestampMs":18578527.604,"nativeExpectedTimestampMs":18578524.98,"nativeStartSkewMs":2.625,"nativeBatchElapsedMs":98.625,"nativeExpectedSincePriorMs":96,"nativeSincePriorMs":98.611,"nativePatternStartMs":18578428.98,"nativeAgeMs":26.359}
10-11 17:19:15.033 28938 29004 I ReactNativeJS: [outputs] outputs.hapticSymbol {"timestamp":18578554.599057,"wallClock":1760217555033,"enabled":true,"symbol":".","durationMs":48,"platform":"android","source":"console.replay","correlationId":"console-replay:mgms31w8j468svr3","timelineOffsetMs":26.447973001748323}
10-11 17:19:15.034 28938 29004 I ReactNativeJS: [outputs] outputs.flashPulse {"timestamp":18578555.234682,"wallClock":1760217555034,"enabled":true,"durationMs":48,"source":"console.replay","correlationId":"console-replay:mgms31w8j468svr3","timelineOffsetMs":26.447973001748323,"schedulingMode":"timeline"}
10-11 17:19:15.055 28938 32090 D OutputsAudio: [outputs-audio] stop gain=1.000 release=6.00
10-11 17:19:15.092 28938 29004 I ReactNativeJS: [outputs] outputs.flashPulse.commit {"timestamp":18578613.101452,"wallClock":1760217555091,"durationMs":48,"source":"console.replay","correlationId":"console-replay:mgms31w8j468svr3","latencyMs":59.04427099972963,"timelineOffsetMs":26.447973001748323,"leadMs":8,"scheduleSkewMs":67.04427099972963,"schedulingMode":"timeline"}
10-11 17:19:15.103 28938 32090 D OutputsAudio: [outputs-audio] start hz=700.0 gain=1.000 attack=2.50 release=6.00
10-11 17:19:15.103 28938 32090 D OutputsAudio: [outputs-audio] playMorse.symbol.start sequence=3 symbol=. expected=18578620.980 actual=18578625.068 skew=4.089 batchElapsed=196.089
10-11 17:19:15.144 28938 29004 D OutputsAudio: [outputs-audio] symbol.info sequence=3 symbol=. timestamp=18578625.068 duration=48.000 expected=18578620.980 skew=4.089 age=40.348
10-11 17:19:15.144 28938 29004 I ReactNativeJS: [outputs] playMorse.symbol {"timestamp":18578665.543484,"wallClock":1760217555144,"symbol":".","durationMs":48,"index":2,"source":"console.replay","correlationId":"console-replay:mgms31zc3gn1pjul","nativeTimestampMs":18578625.068,"nativeDurationMs":48,"nativeOffsetMs":40.42699399963021,"nativeSequence":3,"monotonicTimestampMs":18578625.068,"nativeExpectedTimestampMs":18578620.98,"nativeStartSkewMs":4.089,"nativeBatchElapsedMs":196.089,"nativeExpectedSincePriorMs":96,"nativeSincePriorMs":97.464,"nativePatternStartMs":18578428.98,"nativeAgeMs":40.348}
10-11 17:19:15.145 28938 29004 I ReactNativeJS: [outputs] outputs.hapticSymbol {"timestamp":18578666.003275,"wallClock":1760217555144,"enabled":true,"symbol":".","durationMs":48,"platform":"android","source":"console.replay","correlationId":"console-replay:mgms31zc3gn1pjul","timelineOffsetMs":40.42699399963021}
10-11 17:19:15.145 28938 29004 I ReactNativeJS: [outputs] outputs.flashPulse {"timestamp":18578666.579213,"wallClock":1760217555145,"enabled":true,"durationMs":48,"source":"console.replay","correlationId":"console-replay:mgms31zc3gn1pjul","timelineOffsetMs":40.42699399963021,"schedulingMode":"timeline"}
10-11 17:19:15.152 28938 32090 D OutputsAudio: [outputs-audio] stop gain=1.000 release=6.00
10-11 17:19:15.197 28938 29004 I ReactNativeJS: [outputs] outputs.flashPulse.commit {"timestamp":18578718.380567,"wallClock":1760217555197,"durationMs":48,"source":"console.replay","correlationId":"console-replay:mgms31zc3gn1pjul","latencyMs":52.88020800054073,"timelineOffsetMs":40.42699399963021,"leadMs":8,"scheduleSkewMs":60.88020800054073,"schedulingMode":"timeline"}
10-11 17:19:15.201 28938 32090 D OutputsAudio: [outputs-audio] start hz=700.0 gain=1.000 attack=2.50 release=6.00
10-11 17:19:15.201 28938 32090 D OutputsAudio: [outputs-audio] playMorse.symbol.start sequence=4 symbol=- expected=18578716.980 actual=18578722.441 skew=5.461 batchElapsed=293.461
10-11 17:19:15.248 28938 29004 D OutputsAudio: [outputs-audio] symbol.info sequence=4 symbol=- timestamp=18578722.441 duration=144.000 expected=18578716.980 skew=5.461 age=47.305
10-11 17:19:15.249 28938 29004 I ReactNativeJS: [outputs] playMorse.symbol {"timestamp":18578769.874004,"wallClock":1760217555248,"symbol":"-","durationMs":144,"index":3,"source":"console.replay","correlationId":"console-replay:mgms3228pd8rb5dy","nativeTimestampMs":18578722.441,"nativeDurationMs":144,"nativeOffsetMs":47.38368099927902,"nativeSequence":4,"monotonicTimestampMs":18578722.441,"nativeExpectedTimestampMs":18578716.98,"nativeStartSkewMs":5.461,"nativeBatchElapsedMs":293.461,"nativeExpectedSincePriorMs":96,"nativeSincePriorMs":97.373,"nativePatternStartMs":18578428.98,"nativeAgeMs":47.305}
10-11 17:19:15.249 28938 29004 I ReactNativeJS: [outputs] outputs.hapticSymbol {"timestamp":18578770.34614,"wallClock":1760217555249,"enabled":true,"symbol":"-","durationMs":144,"platform":"android","source":"console.replay","correlationId":"console-replay:mgms3228pd8rb5dy","timelineOffsetMs":47.38368099927902}
10-11 17:19:15.250 28938 29004 I ReactNativeJS: [outputs] outputs.flashPulse {"timestamp":18578770.960411,"wallClock":1760217555249,"enabled":true,"durationMs":144,"source":"console.replay","correlationId":"console-replay:mgms3228pd8rb5dy","timelineOffsetMs":47.38368099927902,"schedulingMode":"timeline"}
10-11 17:19:15.301 28938 29004 I ReactNativeJS: [outputs] outputs.flashPulse.commit {"timestamp":18578822.472442,"wallClock":1760217555301,"durationMs":144,"source":"console.replay","correlationId":"console-replay:mgms3228pd8rb5dy","latencyMs":52.64182300120592,"timelineOffsetMs":47.38368099927902,"leadMs":8,"scheduleSkewMs":60.64182300120592,"schedulingMode":"timeline"}
10-11 17:19:15.345 28938 32090 D OutputsAudio: [outputs-audio] stop gain=1.000 release=6.00
10-11 17:19:15.394 28938 32090 D OutputsAudio: [outputs-audio] start hz=700.0 gain=1.000 attack=2.50 release=6.00
10-11 17:19:15.394 28938 32090 D OutputsAudio: [outputs-audio] playMorse.symbol.start sequence=5 symbol=- expected=18578908.980 actual=18578915.691 skew=6.711 batchElapsed=486.711
10-11 17:19:15.404 28938 29004 D OutputsAudio: [outputs-audio] symbol.info sequence=5 symbol=- timestamp=18578915.691 duration=144.000 expected=18578908.980 skew=6.711 age=9.771
10-11 17:19:15.405 28938 29004 I ReactNativeJS: [outputs] playMorse.symbol {"timestamp":18578925.697494,"wallClock":1760217555404,"symbol":"-","durationMs":144,"index":4,"source":"console.replay","correlationId":"console-replay:mgms326klpnpi2th","nativeTimestampMs":18578915.691,"nativeDurationMs":144,"nativeOffsetMs":9.90769200026989,"nativeSequence":5,"monotonicTimestampMs":18578915.691,"nativeExpectedTimestampMs":18578908.98,"nativeStartSkewMs":6.711,"nativeBatchElapsedMs":486.711,"nativeExpectedSincePriorMs":192,"nativeSincePriorMs":193.25,"nativePatternStartMs":18578428.98,"nativeAgeMs":9.771}
10-11 17:19:15.406 28938 29004 I ReactNativeJS: [outputs] outputs.hapticSymbol {"timestamp":18578926.678015,"wallClock":1760217555405,"enabled":true,"symbol":"-","durationMs":144,"platform":"android","source":"console.replay","correlationId":"console-replay:mgms326klpnpi2th","timelineOffsetMs":9.90769200026989}
10-11 17:19:15.407 28938 29004 I ReactNativeJS: [outputs] outputs.flashPulse {"timestamp":18578927.950775,"wallClock":1760217555406,"enabled":true,"durationMs":144,"source":"console.replay","correlationId":"console-replay:mgms326klpnpi2th","timelineOffsetMs":9.90769200026989,"schedulingMode":"timeline"}
10-11 17:19:15.484 28938 29004 I ReactNativeJS: [outputs] outputs.flashPulse.commit {"timestamp":18579005.282129,"wallClock":1760217555484,"durationMs":144,"source":"console.replay","correlationId":"console-replay:mgms326klpnpi2th","latencyMs":79.67671899870038,"timelineOffsetMs":9.90769200026989,"leadMs":8,"scheduleSkewMs":87.67671899870038,"schedulingMode":"timeline"}
10-11 17:19:15.539 28938 32090 D OutputsAudio: [outputs-audio] stop gain=1.000 release=6.00
10-11 17:19:15.588 28938 32090 D OutputsAudio: [outputs-audio] start hz=700.0 gain=1.000 attack=2.50 release=6.00
10-11 17:19:15.588 28938 32090 D OutputsAudio: [outputs-audio] playMorse.symbol.start sequence=6 symbol=- expected=18579100.980 actual=18579109.568 skew=8.588 batchElapsed=680.588
10-11 17:19:15.594 28938 29004 D OutputsAudio: [outputs-audio] symbol.info sequence=6 symbol=- timestamp=18579109.568 duration=144.000 expected=18579100.980 skew=8.588 age=5.913
10-11 17:19:15.595 28938 29004 I ReactNativeJS: [outputs] playMorse.symbol {"timestamp":18579115.726348,"wallClock":1760217555594,"symbol":"-","durationMs":144,"index":5,"source":"console.replay","correlationId":"console-replay:mgms32bulc2zsuub","nativeTimestampMs":18579109.568,"nativeDurationMs":144,"nativeOffsetMs":6.0475150011479855,"nativeSequence":6,"monotonicTimestampMs":18579109.568,"nativeExpectedTimestampMs":18579100.98,"nativeStartSkewMs":8.588,"nativeBatchElapsedMs":680.588,"nativeExpectedSincePriorMs":192,"nativeSincePriorMs":193.877,"nativePatternStartMs":18578428.98,"nativeAgeMs":5.913}
10-11 17:19:15.596 28938 29004 I ReactNativeJS: [outputs] outputs.hapticSymbol {"timestamp":18579116.818483,"wallClock":1760217555595,"enabled":true,"symbol":"-","durationMs":144,"platform":"android","source":"console.replay","correlationId":"console-replay:mgms32bulc2zsuub","timelineOffsetMs":6.0475150011479855}
10-11 17:19:15.597 28938 29004 I ReactNativeJS: [outputs] outputs.flashPulse {"timestamp":18579118.128848,"wallClock":1760217555597,"enabled":true,"durationMs":144,"source":"console.replay","correlationId":"console-replay:mgms32bulc2zsuub","timelineOffsetMs":6.0475150011479855,"schedulingMode":"timeline"}
10-11 17:19:15.654 28938 29004 I ReactNativeJS: [outputs] outputs.flashPulse.commit {"timestamp":18579175.577442,"wallClock":1760217555654,"durationMs":144,"source":"console.replay","correlationId":"console-replay:mgms32bulc2zsuub","latencyMs":59.95609299838543,"timelineOffsetMs":6.0475150011479855,"leadMs":8,"scheduleSkewMs":67.95609299838543,"schedulingMode":"timeline"}
10-11 17:19:15.733 28938 32090 D OutputsAudio: [outputs-audio] stop gain=1.000 release=6.00
10-11 17:19:15.782 28938 32090 D OutputsAudio: [outputs-audio] start hz=700.0 gain=1.000 attack=2.50 release=6.00
10-11 17:19:15.782 28938 32090 D OutputsAudio: [outputs-audio] playMorse.symbol.start sequence=7 symbol=. expected=18579292.980 actual=18579303.375 skew=10.395 batchElapsed=874.395
10-11 17:19:15.794 28938 29004 D OutputsAudio: [outputs-audio] symbol.info sequence=7 symbol=. timestamp=18579303.375 duration=48.000 expected=18579292.980 skew=10.395 age=12.092
10-11 17:19:15.795 28938 29004 I ReactNativeJS: [outputs] playMorse.symbol {"timestamp":18579315.720515,"wallClock":1760217555794,"symbol":".","durationMs":48,"index":6,"source":"console.replay","correlationId":"console-replay:mgms32hezy2ydsdz","nativeTimestampMs":18579303.375,"nativeDurationMs":48,"nativeOffsetMs":12.243847999721766,"nativeSequence":7,"monotonicTimestampMs":18579303.375,"nativeExpectedTimestampMs":18579292.98,"nativeStartSkewMs":10.395,"nativeBatchElapsedMs":874.395,"nativeExpectedSincePriorMs":192,"nativeSincePriorMs":193.807,"nativePatternStartMs":18578428.98,"nativeAgeMs":12.092}
10-11 17:19:15.796 28938 29004 I ReactNativeJS: [outputs] outputs.hapticSymbol {"timestamp":18579316.719837,"wallClock":1760217555795,"enabled":true,"symbol":".","durationMs":48,"platform":"android","source":"console.replay","correlationId":"console-replay:mgms32hezy2ydsdz","timelineOffsetMs":12.243847999721766}
10-11 17:19:15.797 28938 29004 I ReactNativeJS: [outputs] outputs.flashPulse {"timestamp":18579317.97614,"wallClock":1760217555796,"enabled":true,"durationMs":48,"source":"console.replay","correlationId":"console-replay:mgms32hezy2ydsdz","timelineOffsetMs":12.243847999721766,"schedulingMode":"timeline"}
10-11 17:19:15.831 28938 32090 D OutputsAudio: [outputs-audio] stop gain=1.000 release=6.00
10-11 17:19:15.855 28938 29004 I ReactNativeJS: [outputs] outputs.flashPulse.commit {"timestamp":18579376.340827,"wallClock":1760217555855,"durationMs":48,"source":"console.replay","correlationId":"console-replay:mgms32hezy2ydsdz","latencyMs":60.715573001652956,"timelineOffsetMs":12.243847999721766,"leadMs":8,"scheduleSkewMs":68.71557300165296,"schedulingMode":"timeline"}
10-11 17:19:15.880 28938 32090 D OutputsAudio: [outputs-audio] start hz=700.0 gain=1.000 attack=2.50 release=6.00
10-11 17:19:15.880 28938 32090 D OutputsAudio: [outputs-audio] playMorse.symbol.start sequence=8 symbol=. expected=18579388.980 actual=18579401.168 skew=12.189 batchElapsed=972.189
10-11 17:19:15.900 28938 29004 D OutputsAudio: [outputs-audio] symbol.info sequence=8 symbol=. timestamp=18579401.168 duration=48.000 expected=18579388.980 skew=12.189 age=20.272
10-11 17:19:15.900 28938 29004 I ReactNativeJS: [outputs] playMorse.symbol {"timestamp":18579421.574108,"wallClock":1760217555900,"symbol":".","durationMs":48,"index":7,"source":"console.replay","correlationId":"console-replay:mgms32kcar6zav6b","nativeTimestampMs":18579401.168,"nativeDurationMs":48,"nativeOffsetMs":20.356420997530222,"nativeSequence":8,"monotonicTimestampMs":18579401.168,"nativeExpectedTimestampMs":18579388.98,"nativeStartSkewMs":12.189,"nativeBatchElapsedMs":972.189,"nativeExpectedSincePriorMs":96,"nativeSincePriorMs":97.794,"nativePatternStartMs":18578428.98,"nativeAgeMs":20.272}
10-11 17:19:15.901 28938 29004 I ReactNativeJS: [outputs] outputs.hapticSymbol {"timestamp":18579422.079473,"wallClock":1760217555900,"enabled":true,"symbol":".","durationMs":48,"platform":"android","source":"console.replay","correlationId":"console-replay:mgms32kcar6zav6b","timelineOffsetMs":20.356420997530222}
10-11 17:19:15.901 28938 29004 I ReactNativeJS: [outputs] outputs.flashPulse {"timestamp":18579422.781452,"wallClock":1760217555901,"enabled":true,"durationMs":48,"source":"console.replay","correlationId":"console-replay:mgms32kcar6zav6b","timelineOffsetMs":20.356420997530222,"schedulingMode":"timeline"}
10-11 17:19:15.929 28938 32090 D OutputsAudio: [outputs-audio] stop gain=1.000 release=6.00
10-11 17:19:15.953 28938 29004 I ReactNativeJS: [outputs] outputs.flashPulse.commit {"timestamp":18579474.26364,"wallClock":1760217555953,"durationMs":48,"source":"console.replay","correlationId":"console-replay:mgms32kcar6zav6b","latencyMs":52.73302100226283,"timelineOffsetMs":20.356420997530222,"leadMs":8,"scheduleSkewMs":60.73302100226283,"schedulingMode":"timeline"}
10-11 17:19:15.977 28938 32090 D OutputsAudio: [outputs-audio] start hz=700.0 gain=1.000 attack=2.50 release=6.00
10-11 17:19:15.977 28938 32090 D OutputsAudio: [outputs-audio] playMorse.symbol.start sequence=9 symbol=. expected=18579484.980 actual=18579499.104 skew=14.124 batchElapsed=1070.124
10-11 17:19:15.997 28938 29004 D OutputsAudio: [outputs-audio] symbol.info sequence=9 symbol=. timestamp=18579499.104 duration=48.000 expected=18579484.980 skew=14.124 age=19.780
10-11 17:19:15.998 28938 29004 I ReactNativeJS: [outputs] playMorse.symbol {"timestamp":18579519.013692,"wallClock":1760217555997,"symbol":".","durationMs":48,"index":8,"source":"console.replay","correlationId":"console-replay:mgms32n1xt4ell02","nativeTimestampMs":18579499.104,"nativeDurationMs":48,"nativeOffsetMs":19.859327003359795,"nativeSequence":9,"monotonicTimestampMs":18579499.104,"nativeExpectedTimestampMs":18579484.98,"nativeStartSkewMs":14.124,"nativeBatchElapsedMs":1070.124,"nativeExpectedSincePriorMs":96,"nativeSincePriorMs":97.936,"nativePatternStartMs":18578428.98,"nativeAgeMs":19.78}
10-11 17:19:15.998 28938 29004 I ReactNativeJS: [outputs] outputs.hapticSymbol {"timestamp":18579519.504681,"wallClock":1760217555998,"enabled":true,"symbol":".","durationMs":48,"platform":"android","source":"console.replay","correlationId":"console-replay:mgms32n1xt4ell02","timelineOffsetMs":19.859327003359795}
10-11 17:19:15.999 28938 29004 I ReactNativeJS: [outputs] outputs.flashPulse {"timestamp":18579520.256556,"wallClock":1760217555999,"enabled":true,"durationMs":48,"source":"console.replay","correlationId":"console-replay:mgms32n1xt4ell02","timelineOffsetMs":19.859327003359795,"schedulingMode":"timeline"}
10-11 17:19:16.026 28938 32090 D OutputsAudio: [outputs-audio] stop gain=1.000 release=6.00
10-11 17:19:16.056 28938 29004 I ReactNativeJS: [outputs] outputs.flashPulse.commit {"timestamp":18579577.664577,"wallClock":1760217556056,"durationMs":48,"source":"console.replay","correlationId":"console-replay:mgms32n1xt4ell02","latencyMs":58.69479199871421,"timelineOffsetMs":19.859327003359795,"leadMs":8,"scheduleSkewMs":66.69479199871421,"schedulingMode":"timeline"}
10-11 17:19:16.075 28938 32090 D OutputsAudio: [outputs-audio] start hz=700.0 gain=1.000 attack=2.50 release=6.00
10-11 17:19:16.075 28938 32090 D OutputsAudio: [outputs-audio] playMorse.symbol.start sequence=10 symbol=- expected=18579580.980 actual=18579596.936 skew=15.956 batchElapsed=1167.956
10-11 17:19:16.106 28938 29004 D OutputsAudio: [outputs-audio] symbol.info sequence=10 symbol=- timestamp=18579596.936 duration=144.000 expected=18579580.980 skew=15.956 age=31.008
