--------- beginning of main
10-11 18:05:07.725 17746 17829 I ReactNativeJS: [outputs] playMorse.start {"timestamp":21293903.655937,"wallClock":1760220307725,"unitMs":120,"length":28,"source":"console.replay","audioEnabled":true,"audioVolumePercent":100}
10-11 18:05:08.102 17746 17829 D OutputsAudio: [outputs-audio] warmup hz=700.0
10-11 18:05:08.102 17746 18282 D OutputsAudio: [outputs-audio] playMorse.start count=27 unit=120.0
10-11 18:05:08.102 17746 18282 D OutputsAudio: [outputs-audio] start hz=700.0 gain=1.000 attack=2.50 release=6.00
10-11 18:05:08.102 17746 18282 D OutputsAudio: [outputs-audio] playMorse.symbol.start sequence=1 symbol=. expected=21294281.297 actual=21294281.308 skew=0.011 batchElapsed=0.011
10-11 18:05:08.104 17746 17829 D OutputsAudio: [outputs-audio] symbol.info sequence=1 symbol=. timestamp=21294281.308 duration=120.000 expected=21294281.297 skew=0.011 age=1.869
10-11 18:05:08.106 17746 17829 I ReactNativeJS: [outputs] playMorse.symbol {"timestamp":21294283.84625,"wallClock":1760220308105,"symbol":".","durationMs":120,"index":0,"source":"console.replay","correlationId":"console-replay:mgmtq26hycntfnm5","nativeTimestampMs":21294281.308,"nativeDurationMs":120,"nativeOffsetMs":2.1613750010728836,"nativeSequence":1,"monotonicTimestampMs":21294281.308,"nativeExpectedTimestampMs":21294281.297,"nativeStartSkewMs":0.011,"nativeBatchElapsedMs":0.011,"nativeExpectedSincePriorMs":0,"nativeSincePriorMs":0,"nativePatternStartMs":21294281.297,"nativeAgeMs":1.869}
10-11 18:05:08.109 17746 17829 I ReactNativeJS: [outputs] outputs.hapticSymbol {"timestamp":21294287.243906,"wallClock":1760220308108,"enabled":true,"symbol":".","durationMs":120,"platform":"android","source":"console.replay","correlationId":"console-replay:mgmtq26hycntfnm5","timelineOffsetMs":2.1613750010728836}
10-11 18:05:08.115 17746 17829 I ReactNativeJS: [outputs] outputs.flashPulse {"timestamp":21294293.39875,"wallClock":1760220308114,"enabled":true,"durationMs":120,"source":"console.replay","correlationId":"console-replay:mgmtq26hycntfnm5","timelineOffsetMs":2.1613750010728836,"schedulingMode":"timeline","audioStartHeadroomMs":-20.07550000026822,"audioStartGuard":"headroom","audioStartCompensationMs":20.07550000026822}
10-11 18:05:08.131 17746 17829 I ReactNativeJS: [outputs] outputs.flashPulse.commit {"timestamp":21294309.520208,"wallClock":1760220308130,"durationMs":120,"source":"console.replay","correlationId":"console-replay:mgmtq26hycntfnm5","latencyMs":26.02531199902296,"timelineOffsetMs":2.1613750010728836,"leadMs":8,"scheduleSkewMs":16.117238998413086,"schedulingMode":"timeline","audioStartHeadroomMs":-20.07550000026822,"audioStartGuard":"headroom","audioStartCompensationMs":20.07550000026822}
10-11 18:05:08.223 17746 18282 D OutputsAudio: [outputs-audio] stop gain=1.000 release=6.00
10-11 18:05:08.345 17746 18282 D OutputsAudio: [outputs-audio] start hz=700.0 gain=1.000 attack=2.50 release=6.00
10-11 18:05:08.345 17746 18282 D OutputsAudio: [outputs-audio] playMorse.symbol.start sequence=2 symbol=. expected=21294521.297 actual=21294523.820 skew=2.523 batchElapsed=242.523
10-11 18:05:08.359 17746 17829 D OutputsAudio: [outputs-audio] symbol.info sequence=2 symbol=. timestamp=21294523.820 duration=120.000 expected=21294521.297 skew=2.523 age=13.871
10-11 18:05:08.360 17746 17829 I ReactNativeJS: [outputs] playMorse.symbol {"timestamp":21294537.969635,"wallClock":1760220308359,"symbol":".","durationMs":120,"index":1,"source":"console.replay","correlationId":"console-replay:mgmtq2djhekgo4lk","nativeTimestampMs":21294523.82,"nativeDurationMs":120,"nativeOffsetMs":14.037863999605179,"nativeSequence":2,"monotonicTimestampMs":21294523.82,"nativeExpectedTimestampMs":21294521.297,"nativeStartSkewMs":2.523,"nativeBatchElapsedMs":242.523,"nativeExpectedSincePriorMs":240,"nativeSincePriorMs":242.512,"nativePatternStartMs":21294281.297,"nativeAgeMs":13.871}
10-11 18:05:08.361 17746 17829 I ReactNativeJS: [outputs] outputs.hapticSymbol {"timestamp":21294539.105573,"wallClock":1760220308360,"enabled":true,"symbol":".","durationMs":120,"platform":"android","source":"console.replay","correlationId":"console-replay:mgmtq2djhekgo4lk","timelineOffsetMs":14.037863999605179}
10-11 18:05:08.362 17746 17829 I ReactNativeJS: [outputs] outputs.flashPulse {"timestamp":21294540.088437,"wallClock":1760220308361,"enabled":true,"durationMs":120,"source":"console.replay","correlationId":"console-replay:mgmtq2djhekgo4lk","timelineOffsetMs":14.037863999605179,"schedulingMode":"timeline","audioStartHeadroomMs":-26.775187000632286,"audioStartGuard":"headroom","audioStartCompensationMs":26.775187000632286}
10-11 18:05:08.439 17746 17829 I ReactNativeJS: [outputs] outputs.flashPulse.commit {"timestamp":21294617.838802,"wallClock":1760220308439,"durationMs":120,"source":"console.replay","correlationId":"console-replay:mgmtq2djhekgo4lk","latencyMs":79.97234399989247,"timelineOffsetMs":14.037863999605179,"leadMs":8,"scheduleSkewMs":77.75520800054073,"schedulingMode":"timeline","audioStartHeadroomMs":-26.775187000632286,"audioStartGuard":"headroom","audioStartCompensationMs":26.775187000632286}
10-11 18:05:08.466 17746 18282 D OutputsAudio: [outputs-audio] stop gain=1.000 release=6.00
10-11 18:05:08.587 17746 18282 D OutputsAudio: [outputs-audio] start hz=700.0 gain=1.000 attack=2.50 release=6.00
10-11 18:05:08.587 17746 18282 D OutputsAudio: [outputs-audio] playMorse.symbol.start sequence=3 symbol=. expected=21294761.297 actual=21294765.924 skew=4.628 batchElapsed=484.628
10-11 18:05:08.613 17746 17829 D OutputsAudio: [outputs-audio] symbol.info sequence=3 symbol=. timestamp=21294765.924 duration=120.000 expected=21294761.297 skew=4.628 age=25.845
10-11 18:05:08.616 17746 17829 I ReactNativeJS: [outputs] playMorse.symbol {"timestamp":21294792.080104,"wallClock":1760220308613,"symbol":".","durationMs":120,"index":2,"source":"console.replay","correlationId":"console-replay:mgmtq2klxth4qjcr","nativeTimestampMs":21294765.924,"nativeDurationMs":120,"nativeOffsetMs":26.007666002959013,"nativeSequence":3,"monotonicTimestampMs":21294765.924,"nativeExpectedTimestampMs":21294761.297,"nativeStartSkewMs":4.628,"nativeBatchElapsedMs":484.628,"nativeExpectedSincePriorMs":240,"nativeSincePriorMs":242.105,"nativePatternStartMs":21294281.297,"nativeAgeMs":25.845}
10-11 18:05:08.617 17746 17829 I ReactNativeJS: [outputs] outputs.hapticSymbol {"timestamp":21294794.744583,"wallClock":1760220308616,"enabled":true,"symbol":".","durationMs":120,"platform":"android","source":"console.replay","correlationId":"console-replay:mgmtq2klxth4qjcr","timelineOffsetMs":26.007666002959013}
10-11 18:05:08.620 17746 17829 I ReactNativeJS: [outputs] outputs.flashPulse {"timestamp":21294798.136406,"wallClock":1760220308619,"enabled":true,"durationMs":120,"source":"console.replay","correlationId":"console-replay:mgmtq2klxth4qjcr","timelineOffsetMs":26.007666002959013,"schedulingMode":"timeline","audioStartHeadroomMs":-44.82602000236511,"audioStartGuard":"headroom","audioStartCompensationMs":44.82602000236511}
10-11 18:05:08.700 17746 17829 I ReactNativeJS: [outputs] outputs.flashPulse.commit {"timestamp":21294878.224843,"wallClock":1760220308699,"durationMs":120,"source":"console.replay","correlationId":"console-replay:mgmtq2klxth4qjcr","latencyMs":86.28354199975729,"timelineOffsetMs":26.007666002959013,"leadMs":8,"scheduleSkewMs":80.08984399959445,"schedulingMode":"timeline","audioStartHeadroomMs":-44.82602000236511,"audioStartGuard":"headroom","audioStartCompensationMs":44.82602000236511}
10-11 18:05:08.707 17746 18282 D OutputsAudio: [outputs-audio] stop gain=1.000 release=6.00
10-11 18:05:08.829 17746 18282 D OutputsAudio: [outputs-audio] start hz=700.0 gain=1.000 attack=2.50 release=6.00
10-11 18:05:08.829 17746 18282 D OutputsAudio: [outputs-audio] playMorse.symbol.start sequence=4 symbol=- expected=21295001.297 actual=21295007.773 skew=6.477 batchElapsed=726.477
10-11 18:05:08.841 17746 17829 D OutputsAudio: [outputs-audio] symbol.info sequence=4 symbol=- timestamp=21295007.773 duration=360.000 expected=21295001.297 skew=6.477 age=12.001
10-11 18:05:08.842 17746 17829 I ReactNativeJS: [outputs] playMorse.symbol {"timestamp":21295020.053281,"wallClock":1760220308841,"symbol":"-","durationMs":360,"index":3,"source":"console.replay","correlationId":"console-replay:mgmtq2qxogqx9vhv","nativeTimestampMs":21295007.773,"nativeDurationMs":360,"nativeOffsetMs":12.146270003169775,"nativeSequence":4,"monotonicTimestampMs":21295007.773,"nativeExpectedTimestampMs":21295001.297,"nativeStartSkewMs":6.477,"nativeBatchElapsedMs":726.477,"nativeExpectedSincePriorMs":240,"nativeSincePriorMs":241.849,"nativePatternStartMs":21294281.297,"nativeAgeMs":12.001}
10-11 18:05:08.843 17746 17829 I ReactNativeJS: [outputs] outputs.hapticSymbol {"timestamp":21295021.098385,"wallClock":1760220308842,"enabled":true,"symbol":"-","durationMs":360,"platform":"android","source":"console.replay","correlationId":"console-replay:mgmtq2qxogqx9vhv","timelineOffsetMs":12.146270003169775}
10-11 18:05:08.844 17746 17829 I ReactNativeJS: [outputs] outputs.flashPulse {"timestamp":21295022.791197,"wallClock":1760220308844,"enabled":true,"durationMs":360,"source":"console.replay","correlationId":"console-replay:mgmtq2qxogqx9vhv","timelineOffsetMs":12.146270003169775,"schedulingMode":"timeline","audioStartHeadroomMs":-29.465916000306606,"audioStartGuard":"headroom","audioStartCompensationMs":29.465916000306606}
10-11 18:05:08.925 17746 17829 I ReactNativeJS: [outputs] outputs.flashPulse.commit {"timestamp":21295103.929426,"wallClock":1760220308925,"durationMs":360,"source":"console.replay","correlationId":"console-replay:mgmtq2qxogqx9vhv","latencyMs":84.00005199760199,"timelineOffsetMs":12.146270003169775,"leadMs":8,"scheduleSkewMs":81.15218699723482,"schedulingMode":"timeline","audioStartHeadroomMs":-29.465916000306606,"audioStartGuard":"headroom","audioStartCompensationMs":29.465916000306606}
10-11 18:05:09.189 17746 18282 D OutputsAudio: [outputs-audio] stop gain=1.000 release=6.00
10-11 18:05:09.310 17746 18282 D OutputsAudio: [outputs-audio] start hz=700.0 gain=1.000 attack=2.50 release=6.00
10-11 18:05:09.310 17746 18282 D OutputsAudio: [outputs-audio] playMorse.symbol.start sequence=5 symbol=- expected=21295481.297 actual=21295489.014 skew=7.717 batchElapsed=1207.717
10-11 18:05:09.319 17746 17829 D OutputsAudio: [outputs-audio] symbol.info sequence=5 symbol=- timestamp=21295489.014 duration=360.000 expected=21295481.297 skew=7.717 age=9.327
10-11 18:05:09.320 17746 17829 I ReactNativeJS: [outputs] playMorse.symbol {"timestamp":21295498.507603,"wallClock":1760220309319,"symbol":"-","durationMs":360,"index":4,"source":"console.replay","correlationId":"console-replay:mgmtq34798gcbziq","nativeTimestampMs":21295489.014,"nativeDurationMs":360,"nativeOffsetMs":9.427978001534939,"nativeSequence":5,"monotonicTimestampMs":21295489.014,"nativeExpectedTimestampMs":21295481.297,"nativeStartSkewMs":7.717,"nativeBatchElapsedMs":1207.717,"nativeExpectedSincePriorMs":480,"nativeSincePriorMs":481.24,"nativePatternStartMs":21294281.297,"nativeAgeMs":9.327}
10-11 18:05:09.320 17746 17829 I ReactNativeJS: [outputs] outputs.hapticSymbol {"timestamp":21295499.16901,"wallClock":1760220309320,"enabled":true,"symbol":"-","durationMs":360,"platform":"android","source":"console.replay","correlationId":"console-replay:mgmtq34798gcbziq","timelineOffsetMs":9.427978001534939}
10-11 18:05:09.321 17746 17829 I ReactNativeJS: [outputs] outputs.flashPulse {"timestamp":21295499.731145,"wallClock":1760220309321,"enabled":true,"durationMs":360,"source":"console.replay","correlationId":"console-replay:mgmtq34798gcbziq","timelineOffsetMs":9.427978001534939,"schedulingMode":"timeline","audioStartHeadroomMs":-26.425499003380537,"audioStartGuard":"headroom","audioStartCompensationMs":26.425499003380537}
10-11 18:05:09.387 17746 17829 I ReactNativeJS: [outputs] outputs.flashPulse.commit {"timestamp":21295565.369739,"wallClock":1760220309386,"durationMs":360,"source":"console.replay","correlationId":"console-replay:mgmtq34798gcbziq","latencyMs":66.91916700080037,"timelineOffsetMs":9.427978001534939,"leadMs":8,"scheduleSkewMs":65.63697900250554,"schedulingMode":"timeline","audioStartHeadroomMs":-26.425499003380537,"audioStartGuard":"headroom","audioStartCompensationMs":26.425499003380537}
10-11 18:05:09.670 17746 18282 D OutputsAudio: [outputs-audio] stop gain=1.000 release=6.00
10-11 18:05:09.792 17746 18282 D OutputsAudio: [outputs-audio] start hz=700.0 gain=1.000 attack=2.50 release=6.00
10-11 18:05:09.792 17746 18282 D OutputsAudio: [outputs-audio] playMorse.symbol.start sequence=6 symbol=- expected=21295961.297 actual=21295971.233 skew=9.937 batchElapsed=1689.937
10-11 18:05:09.799 17746 17829 D OutputsAudio: [outputs-audio] symbol.info sequence=6 symbol=- timestamp=21295971.233 duration=360.000 expected=21295961.297 skew=9.937 age=6.690
10-11 18:05:09.801 17746 17829 I ReactNativeJS: [outputs] playMorse.symbol {"timestamp":21295978.299114,"wallClock":1760220309799,"symbol":"-","durationMs":360,"index":5,"source":"console.replay","correlationId":"console-replay:mgmtq3hjnrwhi0i3","nativeTimestampMs":21295971.233,"nativeDurationMs":360,"nativeOffsetMs":6.901791002601385,"nativeSequence":6,"monotonicTimestampMs":21295971.233,"nativeExpectedTimestampMs":21295961.297,"nativeStartSkewMs":9.937,"nativeBatchElapsedMs":1689.937,"nativeExpectedSincePriorMs":480,"nativeSincePriorMs":482.22,"nativePatternStartMs":21294281.297,"nativeAgeMs":6.69}
10-11 18:05:09.802 17746 17829 I ReactNativeJS: [outputs] outputs.hapticSymbol {"timestamp":21295980.180937,"wallClock":1760220309801,"enabled":true,"symbol":"-","durationMs":360,"platform":"android","source":"console.replay","correlationId":"console-replay:mgmtq3hjnrwhi0i3","timelineOffsetMs":6.901791002601385}
10-11 18:05:09.807 17746 17829 I ReactNativeJS: [outputs] outputs.flashPulse {"timestamp":21295984.977239,"wallClock":1760220309806,"enabled":true,"durationMs":360,"source":"console.replay","correlationId":"console-replay:mgmtq3hjnrwhi0i3","timelineOffsetMs":6.901791002601385,"schedulingMode":"timeline","audioStartHeadroomMs":-31.661228001117706,"audioStartGuard":"headroom","audioStartCompensationMs":31.661228001117706}
10-11 18:05:09.891 17746 17829 I ReactNativeJS: [outputs] outputs.flashPulse.commit {"timestamp":21296069.39427,"wallClock":1760220309890,"durationMs":360,"source":"console.replay","correlationId":"console-replay:mgmtq3hjnrwhi0i3","latencyMs":91.25083299726248,"timelineOffsetMs":6.901791002601385,"leadMs":8,"scheduleSkewMs":84.42406199872494,"schedulingMode":"timeline","audioStartHeadroomMs":-31.661228001117706,"audioStartGuard":"headroom","audioStartCompensationMs":31.661228001117706}
10-11 18:05:10.153 17746 18282 D OutputsAudio: [outputs-audio] stop gain=1.000 release=6.00
10-11 18:05:10.274 17746 18282 D OutputsAudio: [outputs-audio] start hz=700.0 gain=1.000 attack=2.50 release=6.00
10-11 18:05:10.274 17746 18282 D OutputsAudio: [outputs-audio] playMorse.symbol.start sequence=7 symbol=. expected=21296441.297 actual=21296453.540 skew=12.243 batchElapsed=2172.243
10-11 18:05:10.295 17746 17829 D OutputsAudio: [outputs-audio] symbol.info sequence=7 symbol=. timestamp=21296453.540 duration=120.000 expected=21296441.297 skew=12.243 age=20.486
10-11 18:05:10.298 17746 17829 I ReactNativeJS: [outputs] playMorse.symbol {"timestamp":21296474.38328,"wallClock":1760220310295,"symbol":".","durationMs":120,"index":6,"source":"console.replay","correlationId":"console-replay:mgmtq3vbdvv967na","nativeTimestampMs":21296453.54,"nativeDurationMs":120,"nativeOffsetMs":20.708957001566887,"nativeSequence":7,"monotonicTimestampMs":21296453.54,"nativeExpectedTimestampMs":21296441.297,"nativeStartSkewMs":12.243,"nativeBatchElapsedMs":2172.243,"nativeExpectedSincePriorMs":480,"nativeSincePriorMs":482.306,"nativePatternStartMs":21294281.297,"nativeAgeMs":20.486}
10-11 18:05:10.299 17746 17829 I ReactNativeJS: [outputs] outputs.hapticSymbol {"timestamp":21296476.996249,"wallClock":1760220310298,"enabled":true,"symbol":".","durationMs":120,"platform":"android","source":"console.replay","correlationId":"console-replay:mgmtq3vbdvv967na","timelineOffsetMs":20.708957001566887}
10-11 18:05:10.301 17746 17829 I ReactNativeJS: [outputs] outputs.flashPulse {"timestamp":21296478.916561,"wallClock":1760220310300,"enabled":true,"durationMs":120,"source":"console.replay","correlationId":"console-replay:mgmtq3vbdvv967na","timelineOffsetMs":20.708957001566887,"schedulingMode":"timeline","audioStartHeadroomMs":-45.60164500027895,"audioStartGuard":"headroom","audioStartCompensationMs":45.60164500027895}
10-11 18:05:10.386 17746 17829 I ReactNativeJS: [outputs] outputs.flashPulse.commit {"timestamp":21296564.901874,"wallClock":1760220310386,"durationMs":120,"source":"console.replay","correlationId":"console-replay:mgmtq3vbdvv967na","latencyMs":90.64385399967432,"timelineOffsetMs":20.708957001566887,"leadMs":8,"scheduleSkewMs":85.9909370020032,"schedulingMode":"timeline","audioStartHeadroomMs":-45.60164500027895,"audioStartGuard":"headroom","audioStartCompensationMs":45.60164500027895}
10-11 18:05:10.395 17746 18282 D OutputsAudio: [outputs-audio] stop gain=1.000 release=6.00
10-11 18:05:10.516 17746 18282 D OutputsAudio: [outputs-audio] start hz=700.0 gain=1.000 attack=2.50 release=6.00
10-11 18:05:10.516 17746 18282 D OutputsAudio: [outputs-audio] playMorse.symbol.start sequence=8 symbol=. expected=21296681.297 actual=21296694.904 skew=13.607 batchElapsed=2413.607
10-11 18:05:10.522 17746 17829 D OutputsAudio: [outputs-audio] symbol.info sequence=8 symbol=. timestamp=21296694.904 duration=120.000 expected=21296681.297 skew=13.607 age=6.537
10-11 18:05:10.525 17746 17829 I ReactNativeJS: [outputs] playMorse.symbol {"timestamp":21296701.842811,"wallClock":1760220310523,"symbol":".","durationMs":120,"index":7,"source":"console.replay","correlationId":"console-replay:mgmtq41nlbk2owbt","nativeTimestampMs":21296694.904,"nativeDurationMs":120,"nativeOffsetMs":6.758290000259876,"nativeSequence":8,"monotonicTimestampMs":21296694.904,"nativeExpectedTimestampMs":21296681.297,"nativeStartSkewMs":13.607,"nativeBatchElapsedMs":2413.607,"nativeExpectedSincePriorMs":240,"nativeSincePriorMs":241.364,"nativePatternStartMs":21294281.297,"nativeAgeMs":6.537}
10-11 18:05:10.526 17746 17829 I ReactNativeJS: [outputs] outputs.hapticSymbol {"timestamp":21296703.953593,"wallClock":1760220310525,"enabled":true,"symbol":".","durationMs":120,"platform":"android","source":"console.replay","correlationId":"console-replay:mgmtq41nlbk2owbt","timelineOffsetMs":6.758290000259876}
10-11 18:05:10.527 17746 17829 I ReactNativeJS: [outputs] outputs.flashPulse {"timestamp":21296705.501978,"wallClock":1760220310526,"enabled":true,"durationMs":120,"source":"console.replay","correlationId":"console-replay:mgmtq41nlbk2owbt","timelineOffsetMs":6.758290000259876,"schedulingMode":"timeline","audioStartHeadroomMs":-32.18700900301337,"audioStartGuard":"headroom","audioStartCompensationMs":32.18700900301337}
10-11 18:05:10.606 17746 17829 I ReactNativeJS: [outputs] outputs.flashPulse.commit {"timestamp":21296785.060311,"wallClock":1760220310606,"durationMs":120,"source":"console.replay","correlationId":"console-replay:mgmtq41nlbk2owbt","latencyMs":83.38843800127506,"timelineOffsetMs":6.758290000259876,"leadMs":8,"scheduleSkewMs":79.56328099966049,"schedulingMode":"timeline","audioStartHeadroomMs":-32.18700900301337,"audioStartGuard":"headroom","audioStartCompensationMs":32.18700900301337}
10-11 18:05:10.637 17746 18282 D OutputsAudio: [outputs-audio] stop gain=1.000 release=6.00
10-11 18:05:10.758 17746 18282 D OutputsAudio: [outputs-audio] start hz=700.0 gain=1.000 attack=2.50 release=6.00
10-11 18:05:10.758 17746 18282 D OutputsAudio: [outputs-audio] playMorse.symbol.start sequence=9 symbol=. expected=21296921.297 actual=21296937.176 skew=15.879 batchElapsed=2655.879
10-11 18:05:10.767 17746 17829 D OutputsAudio: [outputs-audio] symbol.info sequence=9 symbol=. timestamp=21296937.176 duration=120.000 expected=21296921.297 skew=15.879 age=8.668
10-11 18:05:10.769 17746 17829 I ReactNativeJS: [outputs] playMorse.symbol {"timestamp":21296946.284842,"wallClock":1760220310767,"symbol":".","durationMs":120,"index":8,"source":"console.replay","correlationId":"console-replay:mgmtq48filsgut4b","nativeTimestampMs":21296937.176,"nativeDurationMs":120,"nativeOffsetMs":8.9161860011518,"nativeSequence":9,"monotonicTimestampMs":21296937.176,"nativeExpectedTimestampMs":21296921.297,"nativeStartSkewMs":15.879,"nativeBatchElapsedMs":2655.879,"nativeExpectedSincePriorMs":240,"nativeSincePriorMs":242.272,"nativePatternStartMs":21294281.297,"nativeAgeMs":8.668}
10-11 18:05:10.774 17746 17829 I ReactNativeJS: [outputs] outputs.hapticSymbol {"timestamp":21296948.607499,"wallClock":1760220310770,"enabled":true,"symbol":".","durationMs":120,"platform":"android","source":"console.replay","correlationId":"console-replay:mgmtq48filsgut4b","timelineOffsetMs":8.9161860011518}
10-11 18:05:10.781 17746 17829 I ReactNativeJS: [outputs] outputs.flashPulse {"timestamp":21296957.947134,"wallClock":1760220310779,"enabled":true,"durationMs":120,"source":"console.replay","correlationId":"console-replay:mgmtq48filsgut4b","timelineOffsetMs":8.9161860011518,"schedulingMode":"timeline","audioStartHeadroomMs":-44.618936002254486,"audioStartGuard":"headroom","audioStartCompensationMs":44.618936002254486}
10-11 18:05:10.875 17746 17829 I ReactNativeJS: [outputs] outputs.flashPulse.commit {"timestamp":21297053.988332,"wallClock":1760220310875,"durationMs":120,"source":"console.replay","correlationId":"console-replay:mgmtq48filsgut4b","latencyMs":107.88718799874187,"timelineOffsetMs":8.9161860011518,"leadMs":8,"scheduleSkewMs":96.05791699886322,"schedulingMode":"timeline","audioStartHeadroomMs":-44.618936002254486,"audioStartGuard":"headroom","audioStartCompensationMs":44.618936002254486}
10-11 18:05:10.878 17746 18282 D OutputsAudio: [outputs-audio] stop gain=1.000 release=6.00
10-11 18:05:10.999 17746 18282 D OutputsAudio: [outputs-audio] start hz=700.0 gain=1.000 attack=2.50 release=6.00
10-11 18:05:10.999 17746 18282 D OutputsAudio: [outputs-audio] playMorse.symbol.start sequence=10 symbol=- expected=21297161.297 actual=21297177.760 skew=16.464 batchElapsed=2896.464
10-11 18:05:11.032 17746 17829 D OutputsAudio: [outputs-audio] symbol.info sequence=10 symbol=- timestamp=21297177.760 duration=360.000 expected=21297161.297 skew=16.464 age=33.620
10-11 18:05:11.034 17746 17829 I ReactNativeJS: [outputs] playMorse.symbol {"timestamp":21297211.696561,"wallClock":1760220311033,"symbol":"-","durationMs":360,"index":9,"source":"console.replay","correlationId":"console-replay:mgmtq4ftzg9skags","nativeTimestampMs":21297177.76,"nativeDurationMs":360,"nativeOffsetMs":33.819164998829365,"nativeSequence":10,"monotonicTimestampMs":21297177.76,"nativeExpectedTimestampMs":21297161.297,"nativeStartSkewMs":16.464,"nativeBatchElapsedMs":2896.464,"nativeExpectedSincePriorMs":240,"nativeSincePriorMs":240.585,"nativePatternStartMs":21294281.297,"nativeAgeMs":33.62}
10-11 18:05:11.034 17746 17829 I ReactNativeJS: [outputs] outputs.hapticSymbol {"timestamp":21297212.850676,"wallClock":1760220311034,"enabled":true,"symbol":"-","durationMs":360,"platform":"android","source":"console.replay","correlationId":"console-replay:mgmtq4ftzg9skags","timelineOffsetMs":33.819164998829365}
10-11 18:05:11.035 17746 17829 I ReactNativeJS: [outputs] outputs.flashPulse {"timestamp":21297213.687238,"wallClock":1760220311035,"enabled":true,"durationMs":360,"source":"console.replay","correlationId":"console-replay:mgmtq4ftzg9skags","timelineOffsetMs":33.819164998829365,"schedulingMode":"timeline","audioStartHeadroomMs":-60.37706100195646,"audioStartGuard":"headroom","audioStartCompensationMs":60.37706100195646}
10-11 18:05:11.111 17746 17829 I ReactNativeJS: [outputs] outputs.flashPulse.commit {"timestamp":21297289.739113,"wallClock":1760220311111,"durationMs":360,"source":"console.replay","correlationId":"console-replay:mgmtq4ftzg9skags","latencyMs":78.15140600129962,"timelineOffsetMs":33.819164998829365,"leadMs":8,"scheduleSkewMs":76.05411400273442,"schedulingMode":"timeline","audioStartHeadroomMs":-60.37706100195646,"audioStartGuard":"headroom","audioStartCompensationMs":60.37706100195646}
10-11 18:05:11.359 17746 18282 D OutputsAudio: [outputs-audio] stop gain=1.000 release=6.00
10-11 18:05:11.480 17746 18282 D OutputsAudio: [outputs-audio] start hz=700.0 gain=1.000 attack=2.50 release=6.00
10-11 18:05:11.480 17746 18282 D OutputsAudio: [outputs-audio] playMorse.symbol.start sequence=11 symbol=- expected=21297641.297 actual=21297659.294 skew=17.998 batchElapsed=3377.998
10-11 18:05:11.499 17746 17829 D OutputsAudio: [outputs-audio] symbol.info sequence=11 symbol=- timestamp=21297659.294 duration=360.000 expected=21297641.297 skew=17.998 age=19.219
10-11 18:05:11.500 17746 17829 I ReactNativeJS: [outputs] playMorse.symbol {"timestamp":21297678.681978,"wallClock":1760220311500,"symbol":"-","durationMs":360,"index":10,"source":"console.replay","correlationId":"console-replay:mgmtq4ss6o1f30hf","nativeTimestampMs":21297659.294,"nativeDurationMs":360,"nativeOffsetMs":19.323394000530243,"nativeSequence":11,"monotonicTimestampMs":21297659.294,"nativeExpectedTimestampMs":21297641.297,"nativeStartSkewMs":17.998,"nativeBatchElapsedMs":3377.998,"nativeExpectedSincePriorMs":480,"nativeSincePriorMs":481.534,"nativePatternStartMs":21294281.297,"nativeAgeMs":19.219}
10-11 18:05:11.501 17746 17829 I ReactNativeJS: [outputs] outputs.hapticSymbol {"timestamp":21297679.333228,"wallClock":1760220311500,"enabled":true,"symbol":"-","durationMs":360,"platform":"android","source":"console.replay","correlationId":"console-replay:mgmtq4ss6o1f30hf","timelineOffsetMs":19.323394000530243}
10-11 18:05:11.501 17746 17829 I ReactNativeJS: [outputs] outputs.flashPulse {"timestamp":21297679.898957,"wallClock":1760220311501,"enabled":true,"durationMs":360,"source":"console.replay","correlationId":"console-replay:mgmtq4ss6o1f30hf","timelineOffsetMs":19.323394000530243,"schedulingMode":"timeline","audioStartHeadroomMs":-46.59315500035882,"audioStartGuard":"headroom","audioStartCompensationMs":46.59315500035882}
10-11 18:05:11.565 17746 17829 I ReactNativeJS: [outputs] outputs.flashPulse.commit {"timestamp":21297743.236613,"wallClock":1760220311564,"durationMs":360,"source":"console.replay","correlationId":"console-replay:mgmtq4ss6o1f30hf","latencyMs":64.61057300120592,"timelineOffsetMs":19.323394000530243,"leadMs":8,"scheduleSkewMs":63.33619800209999,"schedulingMode":"timeline","audioStartHeadroomMs":-46.59315500035882,"audioStartGuard":"headroom","audioStartCompensationMs":46.59315500035882}
10-11 18:05:11.841 17746 18282 D OutputsAudio: [outputs-audio] stop gain=1.000 release=6.00
10-11 18:05:11.962 17746 18282 D OutputsAudio: [outputs-audio] start hz=700.0 gain=1.000 attack=2.50 release=6.00
10-11 18:05:11.962 17746 18282 D OutputsAudio: [outputs-audio] playMorse.symbol.start sequence=12 symbol=- expected=21298121.297 actual=21298140.846 skew=19.550 batchElapsed=3859.550
10-11 18:05:11.966 17746 17829 D OutputsAudio: [outputs-audio] symbol.info sequence=12 symbol=- timestamp=21298140.846 duration=360.000 expected=21298121.297 skew=19.550 age=4.688
10-11 18:05:11.967 17746 17829 I ReactNativeJS: [outputs] playMorse.symbol {"timestamp":21298145.737707,"wallClock":1760220311967,"symbol":"-","durationMs":360,"index":11,"source":"console.replay","correlationId":"console-replay:mgmtq55rcrfypbc5","nativeTimestampMs":21298140.846,"nativeDurationMs":360,"nativeOffsetMs":4.804570998996496,"nativeSequence":12,"monotonicTimestampMs":21298140.846,"nativeExpectedTimestampMs":21298121.297,"nativeStartSkewMs":19.55,"nativeBatchElapsedMs":3859.55,"nativeExpectedSincePriorMs":480,"nativeSincePriorMs":481.552,"nativePatternStartMs":21294281.297,"nativeAgeMs":4.688}
10-11 18:05:11.968 17746 17829 I ReactNativeJS: [outputs] outputs.hapticSymbol {"timestamp":21298146.652029,"wallClock":1760220311968,"enabled":true,"symbol":"-","durationMs":360,"platform":"android","source":"console.replay","correlationId":"console-replay:mgmtq55rcrfypbc5","timelineOffsetMs":4.804570998996496}
10-11 18:05:11.969 17746 17829 I ReactNativeJS: [outputs] outputs.flashPulse {"timestamp":21298147.807134,"wallClock":1760220311969,"enabled":true,"durationMs":360,"source":"console.replay","correlationId":"console-replay:mgmtq55rcrfypbc5","timelineOffsetMs":4.804570998996496,"schedulingMode":"timeline","audioStartHeadroomMs":-34.49362300336361,"audioStartGuard":"headroom","audioStartCompensationMs":34.49362300336361}
10-11 18:05:12.101 17746 17829 I ReactNativeJS: [outputs] outputs.flashPulse.commit {"timestamp":21298260.208279,"wallClock":1760220312081,"durationMs":360,"source":"console.replay","correlationId":"console-replay:mgmtq55rcrfypbc5","latencyMs":102.84562500193715,"timelineOffsetMs":4.804570998996496,"leadMs":8,"scheduleSkewMs":100.70244800299406,"schedulingMode":"timeline","audioStartHeadroomMs":-34.49362300336361,"audioStartGuard":"headroom","audioStartCompensationMs":34.49362300336361}
10-11 18:05:12.323 17746 18282 D OutputsAudio: [outputs-audio] stop gain=1.000 release=6.00
10-11 18:05:12.444 17746 18282 D OutputsAudio: [outputs-audio] start hz=700.0 gain=1.000 attack=2.50 release=6.00
10-11 18:05:12.444 17746 18282 D OutputsAudio: [outputs-audio] playMorse.symbol.start sequence=13 symbol=. expected=21298601.297 actual=21298622.810 skew=21.514 batchElapsed=4341.514
10-11 18:05:12.521 17746 17829 D OutputsAudio: [outputs-audio] symbol.info sequence=13 symbol=. timestamp=21298622.810 duration=120.000 expected=21298601.297 skew=21.514 age=77.059
10-11 18:05:12.522 17746 17829 I ReactNativeJS: [outputs] playMorse.symbol {"timestamp":21298700.291561,"wallClock":1760220312521,"symbol":".","durationMs":120,"index":12,"source":"console.replay","correlationId":"console-replay:mgmtq5l5wbq9u8vk","nativeTimestampMs":21298622.81,"nativeDurationMs":120,"nativeOffsetMs":77.29171700030565,"nativeSequence":13,"monotonicTimestampMs":21298622.81,"nativeExpectedTimestampMs":21298601.297,"nativeStartSkewMs":21.514,"nativeBatchElapsedMs":4341.514,"nativeExpectedSincePriorMs":480,"nativeSincePriorMs":481.964,"nativePatternStartMs":21294281.297,"nativeAgeMs":77.059}
10-11 18:05:12.523 17746 17829 I ReactNativeJS: [outputs] outputs.hapticSymbol {"timestamp":21298701.555623,"wallClock":1760220312522,"enabled":true,"symbol":".","durationMs":120,"platform":"android","source":"console.replay","correlationId":"console-replay:mgmtq5l5wbq9u8vk","timelineOffsetMs":77.29171700030565}
10-11 18:05:12.524 17746 17829 I ReactNativeJS: [outputs] outputs.flashPulse {"timestamp":21298702.68729,"wallClock":1760220312524,"enabled":true,"durationMs":120,"source":"console.replay","correlationId":"console-replay:mgmtq5l5wbq9u8vk","timelineOffsetMs":77.29171700030565,"schedulingMode":"timeline","audioStartHeadroomMs":-109.3694040030241,"audioStartGuard":"headroom","audioStartCompensationMs":109.3694040030241}
10-11 18:05:12.565 17746 18282 D OutputsAudio: [outputs-audio] stop gain=1.000 release=6.00
10-11 18:05:12.605 17746 17829 I ReactNativeJS: [outputs] outputs.flashPulse.commit {"timestamp":21298783.988019,"wallClock":1760220312605,"durationMs":120,"source":"console.replay","correlationId":"console-replay:mgmtq5l5wbq9u8vk","latencyMs":83.8775000013411,"timelineOffsetMs":77.29171700030565,"leadMs":8,"scheduleSkewMs":81.30989599972963,"schedulingMode":"timeline","audioStartHeadroomMs":-109.3694040030241,"audioStartGuard":"headroom","audioStartCompensationMs":109.3694040030241}
10-11 18:05:12.686 17746 18282 D OutputsAudio: [outputs-audio] start hz=700.0 gain=1.000 attack=2.50 release=6.00
10-11 18:05:12.686 17746 18282 D OutputsAudio: [outputs-audio] playMorse.symbol.start sequence=14 symbol=. expected=21298841.297 actual=21298864.665 skew=23.369 batchElapsed=4583.369
10-11 18:05:12.706 17746 17829 D OutputsAudio: [outputs-audio] symbol.info sequence=14 symbol=. timestamp=21298864.665 duration=120.000 expected=21298841.297 skew=23.369 age=20.131
10-11 18:05:12.707 17746 17829 I ReactNativeJS: [outputs] playMorse.symbol {"timestamp":21298885.017185,"wallClock":1760220312706,"symbol":".","durationMs":120,"index":13,"source":"console.replay","correlationId":"console-replay:mgmtq5qawbf9n3f2","nativeTimestampMs":21298864.665,"nativeDurationMs":120,"nativeOffsetMs":20.26859200000763,"nativeSequence":14,"monotonicTimestampMs":21298864.665,"nativeExpectedTimestampMs":21298841.297,"nativeStartSkewMs":23.369,"nativeBatchElapsedMs":4583.369,"nativeExpectedSincePriorMs":240,"nativeSincePriorMs":241.855,"nativePatternStartMs":21294281.297,"nativeAgeMs":20.131}
10-11 18:05:12.707 17746 17829 I ReactNativeJS: [outputs] outputs.hapticSymbol {"timestamp":21298885.887654,"wallClock":1760220312707,"enabled":true,"symbol":".","durationMs":120,"platform":"android","source":"console.replay","correlationId":"console-replay:mgmtq5qawbf9n3f2","timelineOffsetMs":20.26859200000763}
10-11 18:05:12.708 17746 17829 I ReactNativeJS: [outputs] outputs.flashPulse {"timestamp":21298886.562498,"wallClock":1760220312707,"enabled":true,"durationMs":120,"source":"console.replay","correlationId":"console-replay:mgmtq5qawbf9n3f2","timelineOffsetMs":20.26859200000763,"schedulingMode":"timeline","audioStartHeadroomMs":-53.25200800225139,"audioStartGuard":"headroom","audioStartCompensationMs":53.25200800225139}
10-11 18:05:12.777 17746 17829 I ReactNativeJS: [outputs] outputs.flashPulse.commit {"timestamp":21298956.132133,"wallClock":1760220312777,"durationMs":120,"source":"console.replay","correlationId":"console-replay:mgmtq5qawbf9n3f2","latencyMs":71.189010001719,"timelineOffsetMs":20.26859200000763,"leadMs":8,"scheduleSkewMs":69.5718230009079,"schedulingMode":"timeline","audioStartHeadroomMs":-53.25200800225139,"audioStartGuard":"headroom","audioStartCompensationMs":53.25200800225139}
10-11 18:05:12.806 17746 18282 D OutputsAudio: [outputs-audio] stop gain=1.000 release=6.00
10-11 18:05:12.927 17746 18282 D OutputsAudio: [outputs-audio] start hz=700.0 gain=1.000 attack=2.50 release=6.00
10-11 18:05:12.927 17746 18282 D OutputsAudio: [outputs-audio] playMorse.symbol.start sequence=15 symbol=. expected=21299081.297 actual=21299105.857 skew=24.561 batchElapsed=4824.561
10-11 18:05:12.951 17746 17829 D OutputsAudio: [outputs-audio] symbol.info sequence=15 symbol=. timestamp=21299105.857 duration=120.000 expected=21299081.297 skew=24.561 age=24.494
10-11 18:05:12.954 17746 17829 I ReactNativeJS: [outputs] playMorse.symbol {"timestamp":21299130.631456,"wallClock":1760220312952,"symbol":".","durationMs":120,"index":14,"source":"console.replay","correlationId":"console-replay:mgmtq5x4l0otmwh1","nativeTimestampMs":21299105.857,"nativeDurationMs":120,"nativeOffsetMs":24.666540000587702,"nativeSequence":15,"monotonicTimestampMs":21299105.857,"nativeExpectedTimestampMs":21299081.297,"nativeStartSkewMs":24.561,"nativeBatchElapsedMs":4824.561,"nativeExpectedSincePriorMs":240,"nativeSincePriorMs":241.192,"nativePatternStartMs":21294281.297,"nativeAgeMs":24.494}
10-11 18:05:12.955 17746 17829 I ReactNativeJS: [outputs] outputs.hapticSymbol {"timestamp":21299133.502967,"wallClock":1760220312954,"enabled":true,"symbol":".","durationMs":120,"platform":"android","source":"console.replay","correlationId":"console-replay:mgmtq5x4l0otmwh1","timelineOffsetMs":24.666540000587702}
10-11 18:05:12.957 17746 17829 I ReactNativeJS: [outputs] outputs.flashPulse {"timestamp":21299135.213227,"wallClock":1760220312956,"enabled":true,"durationMs":120,"source":"console.replay","correlationId":"console-replay:mgmtq5x4l0otmwh1","timelineOffsetMs":24.666540000587702,"schedulingMode":"timeline","audioStartHeadroomMs":-61.89961200207472,"audioStartGuard":"headroom","audioStartCompensationMs":61.89961200207472}
10-11 18:05:13.028 17746 17829 I ReactNativeJS: [outputs] outputs.flashPulse.commit {"timestamp":21299206.37229,"wallClock":1760220313027,"durationMs":120,"source":"console.replay","correlationId":"console-replay:mgmtq5x4l0otmwh1","latencyMs":75.83906199783087,"timelineOffsetMs":24.666540000587702,"leadMs":8,"scheduleSkewMs":71.1633329987526,"schedulingMode":"timeline","audioStartHeadroomMs":-61.89961200207472,"audioStartGuard":"headroom","audioStartCompensationMs":61.89961200207472}
10-11 18:05:13.047 17746 18282 D OutputsAudio: [outputs-audio] stop gain=1.000 release=6.00
10-11 18:05:13.168 17746 18282 D OutputsAudio: [outputs-audio] start hz=700.0 gain=1.000 attack=2.50 release=6.00
10-11 18:05:13.168 17746 18282 D OutputsAudio: [outputs-audio] playMorse.symbol.start sequence=16 symbol=- expected=21299321.297 actual=21299347.451 skew=26.154 batchElapsed=5066.154
10-11 18:05:13.178 17746 17829 D OutputsAudio: [outputs-audio] symbol.info sequence=16 symbol=- timestamp=21299347.451 duration=360.000 expected=21299321.297 skew=26.154 age=9.274
10-11 18:05:13.179 17746 17829 I ReactNativeJS: [outputs] playMorse.symbol {"timestamp":21299356.932706,"wallClock":1760220313178,"symbol":"-","durationMs":360,"index":15,"source":"console.replay","correlationId":"console-replay:mgmtq63e4oh81tp0","nativeTimestampMs":21299347.451,"nativeDurationMs":360,"nativeOffsetMs":9.399049997329712,"nativeSequence":16,"monotonicTimestampMs":21299347.451,"nativeExpectedTimestampMs":21299321.297,"nativeStartSkewMs":26.154,"nativeBatchElapsedMs":5066.154,"nativeExpectedSincePriorMs":240,"nativeSincePriorMs":241.594,"nativePatternStartMs":21294281.297,"nativeAgeMs":9.274}
10-11 18:05:13.179 17746 17829 I ReactNativeJS: [outputs] outputs.hapticSymbol {"timestamp":21299357.759112,"wallClock":1760220313179,"enabled":true,"symbol":"-","durationMs":360,"platform":"android","source":"console.replay","correlationId":"console-replay:mgmtq63e4oh81tp0","timelineOffsetMs":9.399049997329712}
10-11 18:05:13.180 17746 17829 I ReactNativeJS: [outputs] outputs.flashPulse {"timestamp":21299358.557914,"wallClock":1760220313179,"enabled":true,"durationMs":360,"source":"console.replay","correlationId":"console-replay:mgmtq63e4oh81tp0","timelineOffsetMs":9.399049997329712,"schedulingMode":"timeline","audioStartHeadroomMs":-45.24539400264621,"audioStartGuard":"headroom","audioStartCompensationMs":45.24539400264621}
10-11 18:05:13.254 17746 17829 I ReactNativeJS: [outputs] outputs.flashPulse.commit {"timestamp":21299432.852446,"wallClock":1760220313254,"durationMs":360,"source":"console.replay","correlationId":"console-replay:mgmtq63e4oh81tp0","latencyMs":75.99249999970198,"timelineOffsetMs":9.399049997329712,"leadMs":8,"scheduleSkewMs":74.29677099734545,"schedulingMode":"timeline","audioStartHeadroomMs":-45.24539400264621,"audioStartGuard":"headroom","audioStartCompensationMs":45.24539400264621}
10-11 18:05:13.529 17746 18282 D OutputsAudio: [outputs-audio] stop gain=1.000 release=6.00
10-11 18:05:13.649 17746 18282 D OutputsAudio: [outputs-audio] start hz=700.0 gain=1.000 attack=2.50 release=6.00
10-11 18:05:13.649 17746 18282 D OutputsAudio: [outputs-audio] playMorse.symbol.start sequence=17 symbol=- expected=21299801.297 actual=21299827.960 skew=26.664 batchElapsed=5546.664
10-11 18:05:13.656 17746 17829 D OutputsAudio: [outputs-audio] symbol.info sequence=17 symbol=- timestamp=21299827.960 duration=360.000 expected=21299801.297 skew=26.664 age=7.267
10-11 18:05:13.658 17746 17829 I ReactNativeJS: [outputs] playMorse.symbol {"timestamp":21299835.495414,"wallClock":1760220313656,"symbol":"-","durationMs":360,"index":16,"source":"console.replay","correlationId":"console-replay:mgmtq6gojuwip3rf","nativeTimestampMs":21299827.96,"nativeDurationMs":360,"nativeOffsetMs":7.417705997824669,"nativeSequence":17,"monotonicTimestampMs":21299827.96,"nativeExpectedTimestampMs":21299801.297,"nativeStartSkewMs":26.664,"nativeBatchElapsedMs":5546.664,"nativeExpectedSincePriorMs":480,"nativeSincePriorMs":480.509,"nativePatternStartMs":21294281.297,"nativeAgeMs":7.267}
10-11 18:05:13.659 17746 17829 I ReactNativeJS: [outputs] outputs.hapticSymbol {"timestamp":21299837.191352,"wallClock":1760220313658,"enabled":true,"symbol":"-","durationMs":360,"platform":"android","source":"console.replay","correlationId":"console-replay:mgmtq6gojuwip3rf","timelineOffsetMs":7.417705997824669}
10-11 18:05:13.665 17746 17829 I ReactNativeJS: [outputs] outputs.flashPulse {"timestamp":21299843.040102,"wallClock":1760220313664,"enabled":true,"durationMs":360,"source":"console.replay","correlationId":"console-replay:mgmtq6gojuwip3rf","timelineOffsetMs":7.417705997824669,"schedulingMode":"timeline","audioStartHeadroomMs":-49.72080999985337,"audioStartGuard":"headroom","audioStartCompensationMs":49.72080999985337}
10-11 18:05:13.738 17746 17829 I ReactNativeJS: [outputs] outputs.flashPulse.commit {"timestamp":21299916.9363,"wallClock":1760220313738,"durationMs":360,"source":"console.replay","correlationId":"console-replay:mgmtq6gojuwip3rf","latencyMs":81.54890600219369,"timelineOffsetMs":7.417705997824669,"leadMs":8,"scheduleSkewMs":73.90604100003839,"schedulingMode":"timeline","audioStartHeadroomMs":-49.72080999985337,"audioStartGuard":"headroom","audioStartCompensationMs":49.72080999985337}
10-11 18:05:14.010 17746 18282 D OutputsAudio: [outputs-audio] stop gain=1.000 release=6.00
10-11 18:05:14.130 17746 18282 D OutputsAudio: [outputs-audio] start hz=700.0 gain=1.000 attack=2.50 release=6.00
10-11 18:05:14.130 17746 18282 D OutputsAudio: [outputs-audio] playMorse.symbol.start sequence=18 symbol=- expected=21300281.297 actual=21300309.408 skew=28.112 batchElapsed=6028.112
10-11 18:05:14.140 17746 17829 D OutputsAudio: [outputs-audio] symbol.info sequence=18 symbol=- timestamp=21300309.408 duration=360.000 expected=21300281.297 skew=28.112 age=9.752
10-11 18:05:14.142 17746 17829 I ReactNativeJS: [outputs] playMorse.symbol {"timestamp":21300319.449789,"wallClock":1760220314140,"symbol":"-","durationMs":360,"index":17,"source":"console.replay","correlationId":"console-replay:mgmtq6u4x5ws7kxa","nativeTimestampMs":21300309.408,"nativeDurationMs":360,"nativeOffsetMs":9.917049001902342,"nativeSequence":18,"monotonicTimestampMs":21300309.408,"nativeExpectedTimestampMs":21300281.297,"nativeStartSkewMs":28.112,"nativeBatchElapsedMs":6028.112,"nativeExpectedSincePriorMs":480,"nativeSincePriorMs":481.448,"nativePatternStartMs":21294281.297,"nativeAgeMs":9.752}
10-11 18:05:14.144 17746 17829 I ReactNativeJS: [outputs] outputs.hapticSymbol {"timestamp":21300321.706612,"wallClock":1760220314143,"enabled":true,"symbol":"-","durationMs":360,"platform":"android","source":"console.replay","correlationId":"console-replay:mgmtq6u4x5ws7kxa","timelineOffsetMs":9.917049001902342}
10-11 18:05:14.147 17746 17829 I ReactNativeJS: [outputs] outputs.flashPulse {"timestamp":21300325.202914,"wallClock":1760220314146,"enabled":true,"durationMs":360,"source":"console.replay","correlationId":"console-replay:mgmtq6u4x5ws7kxa","timelineOffsetMs":9.917049001902342,"schedulingMode":"timeline","audioStartHeadroomMs":-51.87278900295496,"audioStartGuard":"headroom","audioStartCompensationMs":51.87278900295496}
10-11 18:05:14.238 17746 17829 I ReactNativeJS: [outputs] outputs.flashPulse.commit {"timestamp":21300417.050362,"wallClock":1760220314238,"durationMs":360,"source":"console.replay","correlationId":"console-replay:mgmtq6u4x5ws7kxa","latencyMs":97.71604199707508,"timelineOffsetMs":9.917049001902342,"leadMs":8,"scheduleSkewMs":91.8659369982779,"schedulingMode":"timeline","audioStartHeadroomMs":-51.87278900295496,"audioStartGuard":"headroom","audioStartCompensationMs":51.87278900295496}
10-11 18:05:14.491 17746 18282 D OutputsAudio: [outputs-audio] stop gain=1.000 release=6.00
10-11 18:05:14.611 17746 18282 D OutputsAudio: [outputs-audio] start hz=700.0 gain=1.000 attack=2.50 release=6.00
10-11 18:05:14.611 17746 18282 D OutputsAudio: [outputs-audio] playMorse.symbol.start sequence=19 symbol=. expected=21300761.297 actual=21300790.480 skew=29.183 batchElapsed=6509.183
10-11 18:05:14.636 17746 17829 D OutputsAudio: [outputs-audio] symbol.info sequence=19 symbol=. timestamp=21300790.480 duration=120.000 expected=21300761.297 skew=29.183 age=25.017
10-11 18:05:14.637 17746 17829 I ReactNativeJS: [outputs] playMorse.symbol {"timestamp":21300815.695101,"wallClock":1760220314637,"symbol":".","durationMs":120,"index":18,"source":"console.replay","correlationId":"console-replay:mgmtq77xufx57vov","nativeTimestampMs":21300790.48,"nativeDurationMs":120,"nativeOffsetMs":25.14129899814725,"nativeSequence":19,"monotonicTimestampMs":21300790.48,"nativeExpectedTimestampMs":21300761.297,"nativeStartSkewMs":29.183,"nativeBatchElapsedMs":6509.183,"nativeExpectedSincePriorMs":480,"nativeSincePriorMs":481.071,"nativePatternStartMs":21294281.297,"nativeAgeMs":25.017}
10-11 18:05:14.638 17746 17829 I ReactNativeJS: [outputs] outputs.hapticSymbol {"timestamp":21300816.498122,"wallClock":1760220314637,"enabled":true,"symbol":".","durationMs":120,"platform":"android","source":"console.replay","correlationId":"console-replay:mgmtq77xufx57vov","timelineOffsetMs":25.14129899814725}
10-11 18:05:14.639 17746 17829 I ReactNativeJS: [outputs] outputs.flashPulse {"timestamp":21300817.253487,"wallClock":1760220314638,"enabled":true,"durationMs":120,"source":"console.replay","correlationId":"console-replay:mgmtq77xufx57vov","timelineOffsetMs":25.14129899814725,"schedulingMode":"timeline","audioStartHeadroomMs":-63.94299700111151,"audioStartGuard":"headroom","audioStartCompensationMs":63.94299700111151}
10-11 18:05:14.705 17746 17829 I ReactNativeJS: [outputs] outputs.flashPulse.commit {"timestamp":21300883.274476,"wallClock":1760220314704,"durationMs":120,"source":"console.replay","correlationId":"console-replay:mgmtq77xufx57vov","latencyMs":67.64296900108457,"timelineOffsetMs":25.14129899814725,"leadMs":8,"scheduleSkewMs":66.02213500067592,"schedulingMode":"timeline","audioStartHeadroomMs":-63.94299700111151,"audioStartGuard":"headroom","audioStartCompensationMs":63.94299700111151}
10-11 18:05:14.732 17746 18282 D OutputsAudio: [outputs-audio] stop gain=1.000 release=6.00
10-11 18:05:14.853 17746 18282 D OutputsAudio: [outputs-audio] start hz=700.0 gain=1.000 attack=2.50 release=6.00
10-11 18:05:14.854 17746 18282 D OutputsAudio: [outputs-audio] playMorse.symbol.start sequence=20 symbol=. expected=21301001.297 actual=21301032.826 skew=31.530 batchElapsed=6751.530
10-11 18:05:14.856 17746 17829 D OutputsAudio: [outputs-audio] symbol.info sequence=20 symbol=. timestamp=21301032.826 duration=120.000 expected=21301001.297 skew=31.530 age=2.687
10-11 18:05:14.858 17746 17829 I ReactNativeJS: [outputs] playMorse.symbol {"timestamp":21301035.784268,"wallClock":1760220314857,"symbol":".","durationMs":120,"index":19,"source":"console.replay","correlationId":"console-replay:mgmtq7e1j178plsv","nativeTimestampMs":21301032.826,"nativeDurationMs":120,"nativeOffsetMs":2.8434239998459816,"nativeSequence":20,"monotonicTimestampMs":21301032.826,"nativeExpectedTimestampMs":21301001.297,"nativeStartSkewMs":31.53,"nativeBatchElapsedMs":6751.53,"nativeExpectedSincePriorMs":240,"nativeSincePriorMs":242.347,"nativePatternStartMs":21294281.297,"nativeAgeMs":2.687}
10-11 18:05:14.860 17746 17829 I ReactNativeJS: [outputs] outputs.hapticSymbol {"timestamp":21301037.289893,"wallClock":1760220314858,"enabled":true,"symbol":".","durationMs":120,"platform":"android","source":"console.replay","correlationId":"console-replay:mgmtq7e1j178plsv","timelineOffsetMs":2.8434239998459816}
10-11 18:05:14.862 17746 17829 I ReactNativeJS: [outputs] outputs.flashPulse {"timestamp":21301039.61557,"wallClock":1760220314861,"enabled":true,"durationMs":120,"source":"console.replay","correlationId":"console-replay:mgmtq7e1j178plsv","timelineOffsetMs":2.8434239998459816,"schedulingMode":"timeline","audioStartHeadroomMs":-46.301591001451015,"audioStartGuard":"headroom","audioStartCompensationMs":46.301591001451015}
10-11 18:05:14.951 17746 17829 I ReactNativeJS: [outputs] outputs.flashPulse.commit {"timestamp":21301129.584268,"wallClock":1760220314951,"durationMs":120,"source":"console.replay","correlationId":"console-replay:mgmtq7e1j178plsv","latencyMs":93.90411499887705,"timelineOffsetMs":2.8434239998459816,"leadMs":8,"scheduleSkewMs":89.97208400070667,"schedulingMode":"timeline","audioStartHeadroomMs":-46.301591001451015,"audioStartGuard":"headroom","audioStartCompensationMs":46.301591001451015}
10-11 18:05:14.974 17746 18282 D OutputsAudio: [outputs-audio] stop gain=1.000 release=6.00
10-11 18:05:15.095 17746 18282 D OutputsAudio: [outputs-audio] start hz=700.0 gain=1.000 attack=2.50 release=6.00
10-11 18:05:15.095 17746 18282 D OutputsAudio: [outputs-audio] playMorse.symbol.start sequence=21 symbol=. expected=21301241.297 actual=21301274.340 skew=33.044 batchElapsed=6993.044
10-11 18:05:15.098 17746 17829 D OutputsAudio: [outputs-audio] symbol.info sequence=21 symbol=. timestamp=21301274.340 duration=120.000 expected=21301241.297 skew=33.044 age=2.818
10-11 18:05:15.099 17746 17829 I ReactNativeJS: [outputs] playMorse.symbol {"timestamp":21301277.405362,"wallClock":1760220315098,"symbol":".","durationMs":120,"index":20,"source":"console.replay","correlationId":"console-replay:mgmtq7kqm0b6ba20","nativeTimestampMs":21301274.34,"nativeDurationMs":120,"nativeOffsetMs":2.9597369991242886,"nativeSequence":21,"monotonicTimestampMs":21301274.34,"nativeExpectedTimestampMs":21301241.297,"nativeStartSkewMs":33.044,"nativeBatchElapsedMs":6993.044,"nativeExpectedSincePriorMs":240,"nativeSincePriorMs":241.514,"nativePatternStartMs":21294281.297,"nativeAgeMs":2.818}
10-11 18:05:15.101 17746 17829 I ReactNativeJS: [outputs] outputs.hapticSymbol {"timestamp":21301278.472132,"wallClock":1760220315099,"enabled":true,"symbol":".","durationMs":120,"platform":"android","source":"console.replay","correlationId":"console-replay:mgmtq7kqm0b6ba20","timelineOffsetMs":2.9597369991242886}
