10-11 15:00:15.225 21612 21675 I ReactNativeJS: [outputs] outputs.flashPulse.commit {"timestamp":10238746.265207,"wallClock":1760209215225,"durationMs":90,"source":"console.replay","correlationId":"console-replay:mgmn4at4fjdn8ngg","latencyMs":64.26369800046086,"timelineOffsetMs":72.47634200006723}
10-11 15:00:15.271 21612 21675 D OutputsAudio: [outputs-audio] symbol.info sequence=23 symbol=- timestamp=10238731.103 duration=90.000
10-11 15:00:15.272 21612 21675 I ReactNativeJS: [outputs] playMorse.symbol {"timestamp":10238793.1563,"wallClock":1760209215272,"symbol":".","durationMs":30,"index":18,"source":"console.replay","correlationId":"console-replay:mgmn4aw8whueaw0h","nativeTimestampMs":10238731.103,"nativeDurationMs":90,"nativeOffsetMs":62.001009000465274,"nativeSequence":23,"monotonicTimestampMs":10238731.103}
10-11 15:00:15.272 21612 21675 I ReactNativeJS: [outputs] outputs.hapticSymbol {"timestamp":10238793.653175,"wallClock":1760209215272,"enabled":true,"symbol":".","durationMs":30,"platform":"android","source":"console.replay","correlationId":"console-replay:mgmn4aw8whueaw0h","timelineOffsetMs":62.001009000465274}
10-11 15:00:15.273 21612 21675 I ReactNativeJS: [outputs] outputs.flashPulse {"timestamp":10238794.403227,"wallClock":1760209215273,"enabled":true,"durationMs":30,"source":"console.replay","correlationId":"console-replay:mgmn4aw8whueaw0h","timelineOffsetMs":62.001009000465274}
10-11 15:00:15.300 21612 26023 D OutputsAudio: [outputs-audio] stop gain=1.000 release=6.00
10-11 15:00:15.330 21612 21675 I ReactNativeJS: [outputs] outputs.flashPulse.commit {"timestamp":10238851.72854,"wallClock":1760209215330,"durationMs":30,"source":"console.replay","correlationId":"console-replay:mgmn4aw8whueaw0h","latencyMs":58.62031199969351,"timelineOffsetMs":62.001009000465274}
10-11 15:00:15.331 21612 26023 D OutputsAudio: [outputs-audio] start hz=700.0 gain=1.000 attack=2.50 release=6.00
10-11 15:00:15.380 21612 21675 D OutputsAudio: [outputs-audio] symbol.info sequence=24 symbol=- timestamp=10238852.527 duration=90.000
10-11 15:00:15.381 21612 21675 I ReactNativeJS: [outputs] playMorse.symbol {"timestamp":10238902.0313,"wallClock":1760209215380,"symbol":".","durationMs":30,"index":19,"source":"console.replay","correlationId":"console-replay:mgmn4az87qo8ac4d","nativeTimestampMs":10238852.527,"nativeDurationMs":90,"nativeOffsetMs":49.455550000071526,"nativeSequence":24,"monotonicTimestampMs":10238852.527}
10-11 15:00:15.381 21612 21675 I ReactNativeJS: [outputs] outputs.hapticSymbol {"timestamp":10238902.515102,"wallClock":1760209215381,"enabled":true,"symbol":".","durationMs":30,"platform":"android","source":"console.replay","correlationId":"console-replay:mgmn4az87qo8ac4d","timelineOffsetMs":49.455550000071526}
10-11 15:00:15.382 21612 21675 I ReactNativeJS: [outputs] outputs.flashPulse {"timestamp":10238903.270207,"wallClock":1760209215382,"enabled":true,"durationMs":30,"source":"console.replay","correlationId":"console-replay:mgmn4az87qo8ac4d","timelineOffsetMs":49.455550000071526}
10-11 15:00:15.421 21612 26023 D OutputsAudio: [outputs-audio] stop gain=1.000 release=6.00
10-11 15:00:15.438 21612 21675 I ReactNativeJS: [outputs] outputs.flashPulse.commit {"timestamp":10238958.843332,"wallClock":1760209215437,"durationMs":30,"source":"console.replay","correlationId":"console-replay:mgmn4az87qo8ac4d","latencyMs":56.856563000008464,"timelineOffsetMs":49.455550000071526}
10-11 15:00:15.452 21612 26023 D OutputsAudio: [outputs-audio] start hz=700.0 gain=1.000 attack=2.50 release=6.00
10-11 15:00:15.483 21612 26023 D OutputsAudio: [outputs-audio] stop gain=1.000 release=6.00
10-11 15:00:15.487 21612 21675 D OutputsAudio: [outputs-audio] symbol.info sequence=25 symbol=. timestamp=10238973.664 duration=30.000
10-11 15:00:15.487 21612 21675 I ReactNativeJS: [outputs] playMorse.symbol {"timestamp":10239008.245988,"wallClock":1760209215487,"symbol":".","durationMs":30,"index":20,"source":"console.replay","correlationId":"console-replay:mgmn4b27xxhkrm4o","nativeTimestampMs":10238973.664,"nativeDurationMs":30,"nativeOffsetMs":34.53068599849939,"nativeSequence":25,"monotonicTimestampMs":10238973.664}
10-11 15:00:15.487 21612 21675 I ReactNativeJS: [outputs] outputs.hapticSymbol {"timestamp":10239008.737602,"wallClock":1760209215487,"enabled":true,"symbol":".","durationMs":30,"platform":"android","source":"console.replay","correlationId":"console-replay:mgmn4b27xxhkrm4o","timelineOffsetMs":34.53068599849939}
10-11 15:00:15.488 21612 21675 I ReactNativeJS: [outputs] outputs.flashPulse {"timestamp":10239009.45005,"wallClock":1760209215488,"enabled":true,"durationMs":30,"source":"console.replay","correlationId":"console-replay:mgmn4b27xxhkrm4o","timelineOffsetMs":34.53068599849939}
10-11 15:00:15.513 21612 26023 D OutputsAudio: [outputs-audio] start hz=700.0 gain=1.000 attack=2.50 release=6.00
10-11 15:00:15.544 21612 26023 D OutputsAudio: [outputs-audio] stop gain=1.000 release=6.00
10-11 15:00:15.544 21612 21675 I ReactNativeJS: [outputs] outputs.flashPulse.commit {"timestamp":10239065.080623,"wallClock":1760209215543,"durationMs":30,"source":"console.replay","correlationId":"console-replay:mgmn4b27xxhkrm4o","latencyMs":56.88135400041938,"timelineOffsetMs":34.53068599849939}
10-11 15:00:15.575 21612 26023 D OutputsAudio: [outputs-audio] start hz=700.0 gain=1.000 attack=2.50 release=6.00
10-11 15:00:15.590 21612 21675 D OutputsAudio: [outputs-audio] symbol.info sequence=27 symbol=. timestamp=10239096.405 duration=30.000
10-11 15:00:15.590 21612 21675 W ReactNativeJS: '[outputs-audio] native sequence jump', { previous: 25, next: 27, delta: 2 }
10-11 15:00:15.591 21612 21675 I ReactNativeJS: [outputs] playMorse.symbol {"timestamp":10239112.214373,"wallClock":1760209215591,"symbol":"-","durationMs":90,"index":21,"source":"console.replay","correlationId":"console-replay:mgmn4b53zh9ti2ta","nativeTimestampMs":10239096.405,"nativeDurationMs":30,"nativeOffsetMs":15.771247999742627,"nativeSequence":27,"monotonicTimestampMs":10239096.405}
10-11 15:00:15.591 21612 21675 I ReactNativeJS: [outputs] outputs.hapticSymbol {"timestamp":10239112.606925,"wallClock":1760209215591,"enabled":true,"symbol":"-","durationMs":90,"platform":"android","source":"console.replay","correlationId":"console-replay:mgmn4b53zh9ti2ta","timelineOffsetMs":15.771247999742627}
10-11 15:00:15.592 21612 21675 I ReactNativeJS: [outputs] outputs.flashPulse {"timestamp":10239113.314738,"wallClock":1760209215592,"enabled":true,"durationMs":90,"source":"console.replay","correlationId":"console-replay:mgmn4b53zh9ti2ta","timelineOffsetMs":15.771247999742627}
10-11 15:00:15.606 21612 26023 D OutputsAudio: [outputs-audio] stop gain=1.000 release=6.00
10-11 15:00:15.636 21612 26023 D OutputsAudio: [outputs-audio] stop gain=0.000 release=6.00
10-11 15:00:15.636 21612 26023 D OutputsAudio: [outputs-audio] playMorse.end cancelled=0
10-11 15:00:15.642 21612 21675 I ReactNativeJS: [outputs] outputs.flashPulse.commit {"timestamp":10239163.669946,"wallClock":1760209215642,"durationMs":90,"source":"console.replay","correlationId":"console-replay:mgmn4b53zh9ti2ta","latencyMs":51.48911500163376,"timelineOffsetMs":15.771247999742627}
10-11 15:00:15.844 21612 21675 I ReactNativeJS: [outputs] playMorse.symbol {"timestamp":10239364.626092,"wallClock":1760209215843,"symbol":"-","durationMs":90,"index":22,"source":"console.replay","correlationId":"console-replay:mgmn4bc3mr94iudg","nativeTimestampMs":null,"nativeDurationMs":null,"nativeOffsetMs":null,"nativeSequence":null,"monotonicTimestampMs":null}
10-11 15:00:15.847 21612 21675 I ReactNativeJS: [outputs] outputs.hapticSymbol {"timestamp":10239365.736509,"wallClock":1760209215844,"enabled":true,"symbol":"-","durationMs":90,"platform":"android","source":"console.replay","correlationId":"console-replay:mgmn4bc3mr94iudg","timelineOffsetMs":null}
10-11 15:00:15.852 21612 21675 I ReactNativeJS: [outputs] outputs.flashPulse {"timestamp":10239371.570675,"wallClock":1760209215850,"enabled":true,"durationMs":90,"source":"console.replay","correlationId":"console-replay:mgmn4bc3mr94iudg","timelineOffsetMs":null}
10-11 15:00:15.915 21612 21675 I ReactNativeJS: [outputs] outputs.flashPulse.commit {"timestamp":10239436.401248,"wallClock":1760209215915,"durationMs":90,"source":"console.replay","correlationId":"console-replay:mgmn4bc3mr94iudg","latencyMs":71.78583300113678,"timelineOffsetMs":null}
10-11 15:00:16.175 21612 21675 I ReactNativeJS: [outputs] playMorse.symbol {"timestamp":10239691.647133,"wallClock":1760209216170,"symbol":"-","durationMs":90,"index":23,"source":"console.replay","correlationId":"console-replay:mgmn4bl69o7d1w5y","nativeTimestampMs":null,"nativeDurationMs":null,"nativeOffsetMs":null,"nativeSequence":null,"monotonicTimestampMs":null}
10-11 15:00:16.176 21612 21675 I ReactNativeJS: [outputs] outputs.hapticSymbol {"timestamp":10239696.752654,"wallClock":1760209216175,"enabled":true,"symbol":"-","durationMs":90,"platform":"android","source":"console.replay","correlationId":"console-replay:mgmn4bl69o7d1w5y","timelineOffsetMs":null}
10-11 15:00:16.177 21612 21675 I ReactNativeJS: [outputs] outputs.flashPulse {"timestamp":10239698.300206,"wallClock":1760209216177,"enabled":true,"durationMs":90,"source":"console.replay","correlationId":"console-replay:mgmn4bl69o7d1w5y","timelineOffsetMs":null}
10-11 15:00:16.232 21612 21675 I ReactNativeJS: [outputs] outputs.flashPulse.commit {"timestamp":10239753.526196,"wallClock":1760209216232,"durationMs":90,"source":"console.replay","correlationId":"console-replay:mgmn4bl69o7d1w5y","latencyMs":61.89713599905372,"timelineOffsetMs":null}
10-11 15:00:16.487 21612 21675 I ReactNativeJS: [outputs] playMorse.symbol {"timestamp":10240007.569737,"wallClock":1760209216486,"symbol":".","durationMs":30,"index":24,"source":"console.replay","correlationId":"console-replay:mgmn4bty89y5guca","nativeTimestampMs":null,"nativeDurationMs":null,"nativeOffsetMs":null,"nativeSequence":null,"monotonicTimestampMs":null}
10-11 15:00:16.490 21612 21675 I ReactNativeJS: [outputs] outputs.hapticSymbol {"timestamp":10240008.950987,"wallClock":1760209216487,"enabled":true,"symbol":".","durationMs":30,"platform":"android","source":"console.replay","correlationId":"console-replay:mgmn4bty89y5guca","timelineOffsetMs":null}
10-11 15:00:16.494 21612 21675 I ReactNativeJS: [outputs] outputs.flashPulse {"timestamp":10240014.491144,"wallClock":1760209216493,"enabled":true,"durationMs":30,"source":"console.replay","correlationId":"console-replay:mgmn4bty89y5guca","timelineOffsetMs":null}
10-11 15:00:16.552 21612 21675 I ReactNativeJS: [outputs] outputs.flashPulse.commit {"timestamp":10240073.551664,"wallClock":1760209216552,"durationMs":30,"source":"console.replay","correlationId":"console-replay:mgmn4bty89y5guca","latencyMs":65.99322900176048,"timelineOffsetMs":null}
10-11 15:00:16.805 21612 21675 I ReactNativeJS: [outputs] playMorse.symbol {"timestamp":10240325.108331,"wallClock":1760209216803,"symbol":".","durationMs":30,"index":25,"source":"console.replay","correlationId":"console-replay:mgmn4c2rnis8nkzi","nativeTimestampMs":null,"nativeDurationMs":null,"nativeOffsetMs":null,"nativeSequence":null,"monotonicTimestampMs":null}
10-11 15:00:16.805 21612 21675 I ReactNativeJS: [outputs] outputs.hapticSymbol {"timestamp":10240326.27781,"wallClock":1760209216805,"enabled":true,"symbol":".","durationMs":30,"platform":"android","source":"console.replay","correlationId":"console-replay:mgmn4c2rnis8nkzi","timelineOffsetMs":null}
10-11 15:00:16.807 21612 21675 I ReactNativeJS: [outputs] outputs.flashPulse {"timestamp":10240327.829321,"wallClock":1760209216806,"enabled":true,"durationMs":30,"source":"console.replay","correlationId":"console-replay:mgmn4c2rnis8nkzi","timelineOffsetMs":null}
10-11 15:00:16.883 21612 21675 I ReactNativeJS: [outputs] outputs.flashPulse.commit {"timestamp":10240404.088852,"wallClock":1760209216882,"durationMs":30,"source":"console.replay","correlationId":"console-replay:mgmn4c2rnis8nkzi","latencyMs":78.98984299972653,"timelineOffsetMs":null}
10-11 15:00:17.138 21612 21675 I ReactNativeJS: [outputs] playMorse.symbol {"timestamp":10240658.959477,"wallClock":1760209217137,"symbol":".","durationMs":30,"index":26,"source":"console.replay","correlationId":"console-replay:mgmn4cc10q4stw43","nativeTimestampMs":null,"nativeDurationMs":null,"nativeOffsetMs":null,"nativeSequence":null,"monotonicTimestampMs":null}
10-11 15:00:17.141 21612 21675 I ReactNativeJS: [outputs] outputs.hapticSymbol {"timestamp":10240661.404008,"wallClock":1760209217140,"enabled":true,"symbol":".","durationMs":30,"platform":"android","source":"console.replay","correlationId":"console-replay:mgmn4cc10q4stw43","timelineOffsetMs":null}
10-11 15:00:17.145 21612 21675 I ReactNativeJS: [outputs] outputs.flashPulse {"timestamp":10240665.612029,"wallClock":1760209217144,"enabled":true,"durationMs":30,"source":"console.replay","correlationId":"console-replay:mgmn4cc10q4stw43","timelineOffsetMs":null}
10-11 15:00:17.209 21612 21675 I ReactNativeJS: [outputs] outputs.flashPulse.commit {"timestamp":10240730.242081,"wallClock":1760209217209,"durationMs":30,"source":"console.replay","correlationId":"console-replay:mgmn4cc10q4stw43","latencyMs":71.29057199880481,"timelineOffsetMs":null}
10-11 15:00:17.261 21612 21675 I ReactNativeJS: [outputs] playMorse.complete {"timestamp":10240782.60005,"wallClock":1760209217261,"durationMs":4113.231300000101,"source":"console.replay","audioEnabled":true,"audioVolumePercent":100}
10-11 15:02:08.472 21612 21675 I ReactNativeJS: [outputs] playMorse.start {"timestamp":10351992.488705,"wallClock":1760209328471,"unitMs":120,"length":28,"source":"console.replay","audioEnabled":true,"audioVolumePercent":100}
10-11 15:02:08.847 21612 21675 D OutputsAudio: [outputs-audio] warmup hz=700.0
10-11 15:02:08.848 21612 26414 D OutputsAudio: [outputs-audio] playMorse.start count=27 unit=120.0
10-11 15:02:08.848 21612 26414 D OutputsAudio: [outputs-audio] start hz=700.0 gain=1.000 attack=2.50 release=6.00
10-11 15:02:08.862 21612 21675 D OutputsAudio: [outputs-audio] symbol.info sequence=1 symbol=. timestamp=10352369.684 duration=120.000
10-11 15:02:08.863 21612 21675 I ReactNativeJS: [outputs] playMorse.symbol {"timestamp":10352383.328445,"wallClock":1760209328862,"symbol":".","durationMs":120,"index":0,"source":"console.replay","correlationId":"console-replay:mgmn6qji1zpwejcz","nativeTimestampMs":10352369.684,"nativeDurationMs":120,"nativeOffsetMs":13.542464999482036,"nativeSequence":1,"monotonicTimestampMs":10352369.684}
10-11 15:02:08.863 21612 21675 I ReactNativeJS: [outputs] outputs.hapticSymbol {"timestamp":10352384.595267,"wallClock":1760209328863,"enabled":true,"symbol":".","durationMs":120,"platform":"android","source":"console.replay","correlationId":"console-replay:mgmn6qji1zpwejcz","timelineOffsetMs":13.542464999482036}
10-11 15:02:08.864 21612 21675 I ReactNativeJS: [outputs] outputs.flashPulse {"timestamp":10352385.746049,"wallClock":1760209328864,"enabled":true,"durationMs":120,"source":"console.replay","correlationId":"console-replay:mgmn6qji1zpwejcz","timelineOffsetMs":13.542464999482036}
10-11 15:02:08.922 21612 21675 I ReactNativeJS: [outputs] outputs.flashPulse.commit {"timestamp":10352442.961934,"wallClock":1760209328921,"durationMs":120,"source":"console.replay","correlationId":"console-replay:mgmn6qji1zpwejcz","latencyMs":59.73067699931562,"timelineOffsetMs":13.542464999482036}
10-11 15:02:08.969 21612 26414 D OutputsAudio: [outputs-audio] stop gain=1.000 release=6.00
10-11 15:02:09.090 21612 26414 D OutputsAudio: [outputs-audio] start hz=700.0 gain=1.000 attack=2.50 release=6.00
10-11 15:02:09.100 21612 21675 D OutputsAudio: [outputs-audio] symbol.info sequence=2 symbol=. timestamp=10352611.683 duration=120.000
10-11 15:02:09.103 21612 21675 I ReactNativeJS: [outputs] playMorse.symbol {"timestamp":10352622.104903,"wallClock":1760209329100,"symbol":".","durationMs":120,"index":1,"source":"console.replay","correlationId":"console-replay:mgmn6qq4vdiqahr9","nativeTimestampMs":10352611.683,"nativeDurationMs":120,"nativeOffsetMs":10.301225999370217,"nativeSequence":2,"monotonicTimestampMs":10352611.683}
10-11 15:02:09.104 21612 21675 I ReactNativeJS: [outputs] outputs.hapticSymbol {"timestamp":10352624.721934,"wallClock":1760209329103,"enabled":true,"symbol":".","durationMs":120,"platform":"android","source":"console.replay","correlationId":"console-replay:mgmn6qq4vdiqahr9","timelineOffsetMs":10.301225999370217}
10-11 15:02:09.105 21612 21675 I ReactNativeJS: [outputs] outputs.flashPulse {"timestamp":10352626.229538,"wallClock":1760209329105,"enabled":true,"durationMs":120,"source":"console.replay","correlationId":"console-replay:mgmn6qq4vdiqahr9","timelineOffsetMs":10.301225999370217}
10-11 15:02:09.165 21612 21675 I ReactNativeJS: [outputs] outputs.flashPulse.commit {"timestamp":10352686.684174,"wallClock":1760209329165,"durationMs":120,"source":"console.replay","correlationId":"console-replay:mgmn6qq4vdiqahr9","latencyMs":64.69520800001919,"timelineOffsetMs":10.301225999370217}
10-11 15:02:09.211 21612 26414 D OutputsAudio: [outputs-audio] stop gain=1.000 release=6.00
10-11 15:02:09.332 21612 26414 D OutputsAudio: [outputs-audio] start hz=700.0 gain=1.000 attack=2.50 release=6.00
10-11 15:02:09.351 21612 21675 D OutputsAudio: [outputs-audio] symbol.info sequence=3 symbol=. timestamp=10352853.323 duration=120.000
10-11 15:02:09.353 21612 21675 I ReactNativeJS: [outputs] playMorse.symbol {"timestamp":10352872.80334,"wallClock":1760209329351,"symbol":".","durationMs":120,"index":2,"source":"console.replay","correlationId":"console-replay:mgmn6qx3blq21n1b","nativeTimestampMs":10352853.323,"nativeDurationMs":120,"nativeOffsetMs":19.328048998489976,"nativeSequence":3,"monotonicTimestampMs":10352853.323}
10-11 15:02:09.353 21612 21675 I ReactNativeJS: [outputs] outputs.hapticSymbol {"timestamp":10352874.349121,"wallClock":1760209329353,"enabled":true,"symbol":".","durationMs":120,"platform":"android","source":"console.replay","correlationId":"console-replay:mgmn6qx3blq21n1b","timelineOffsetMs":19.328048998489976}
10-11 15:02:09.355 21612 21675 I ReactNativeJS: [outputs] outputs.flashPulse {"timestamp":10352876.513809,"wallClock":1760209329355,"enabled":true,"durationMs":120,"source":"console.replay","correlationId":"console-replay:mgmn6qx3blq21n1b","timelineOffsetMs":19.328048998489976}
10-11 15:02:09.419 21612 21675 I ReactNativeJS: [outputs] outputs.flashPulse.commit {"timestamp":10352939.823496,"wallClock":1760209329418,"durationMs":120,"source":"console.replay","correlationId":"console-replay:mgmn6qx3blq21n1b","latencyMs":67.16765600070357,"timelineOffsetMs":19.328048998489976}
10-11 15:02:09.452 21612 26414 D OutputsAudio: [outputs-audio] stop gain=1.000 release=6.00
10-11 15:02:09.573 21612 26414 D OutputsAudio: [outputs-audio] start hz=700.0 gain=1.000 attack=2.50 release=6.00
10-11 15:02:09.590 21612 21675 D OutputsAudio: [outputs-audio] symbol.info sequence=4 symbol=- timestamp=10353095.081 duration=360.000
10-11 15:02:09.591 21612 21675 I ReactNativeJS: [outputs] playMorse.symbol {"timestamp":10353112.151621,"wallClock":1760209329591,"symbol":"-","durationMs":360,"index":3,"source":"console.replay","correlationId":"console-replay:mgmn6r3rzbgeoe5u","nativeTimestampMs":10353095.081,"nativeDurationMs":360,"nativeOffsetMs":16.986715000122786,"nativeSequence":4,"monotonicTimestampMs":10353095.081}
10-11 15:02:09.592 21612 21675 I ReactNativeJS: [outputs] outputs.hapticSymbol {"timestamp":10353113.050736,"wallClock":1760209329591,"enabled":true,"symbol":"-","durationMs":360,"platform":"android","source":"console.replay","correlationId":"console-replay:mgmn6r3rzbgeoe5u","timelineOffsetMs":16.986715000122786}
10-11 15:02:09.593 21612 21675 I ReactNativeJS: [outputs] outputs.flashPulse {"timestamp":10353114.128861,"wallClock":1760209329592,"enabled":true,"durationMs":360,"source":"console.replay","correlationId":"console-replay:mgmn6r3rzbgeoe5u","timelineOffsetMs":16.986715000122786}
10-11 15:02:09.650 21612 21675 I ReactNativeJS: [outputs] outputs.flashPulse.commit {"timestamp":10353171.385111,"wallClock":1760209329650,"durationMs":360,"source":"console.replay","correlationId":"console-replay:mgmn6r3rzbgeoe5u","latencyMs":59.31281299889088,"timelineOffsetMs":16.986715000122786}
10-11 15:02:09.934 21612 26414 D OutputsAudio: [outputs-audio] stop gain=1.000 release=6.00
10-11 15:02:10.055 21612 26414 D OutputsAudio: [outputs-audio] start hz=700.0 gain=1.000 attack=2.50 release=6.00
10-11 15:02:10.078 21612 21675 D OutputsAudio: [outputs-audio] symbol.info sequence=5 symbol=- timestamp=10353576.616 duration=360.000
10-11 15:02:10.079 21612 21675 I ReactNativeJS: [outputs] playMorse.symbol {"timestamp":10353599.526205,"wallClock":1760209330078,"symbol":"-","durationMs":360,"index":4,"source":"console.replay","correlationId":"console-replay:mgmn6rhaga5b5zvg","nativeTimestampMs":10353576.616,"nativeDurationMs":360,"nativeOffsetMs":22.80213199928403,"nativeSequence":5,"monotonicTimestampMs":10353576.616}
10-11 15:02:10.080 21612 21675 I ReactNativeJS: [outputs] outputs.hapticSymbol {"timestamp":10353600.75084,"wallClock":1760209330079,"enabled":true,"symbol":"-","durationMs":360,"platform":"android","source":"console.replay","correlationId":"console-replay:mgmn6rhaga5b5zvg","timelineOffsetMs":22.80213199928403}
10-11 15:02:10.081 21612 21675 I ReactNativeJS: [outputs] outputs.flashPulse {"timestamp":10353602.031361,"wallClock":1760209330080,"enabled":true,"durationMs":360,"source":"console.replay","correlationId":"console-replay:mgmn6rhaga5b5zvg","timelineOffsetMs":22.80213199928403}
10-11 15:02:10.139 21612 21675 I ReactNativeJS: [outputs] outputs.flashPulse.commit {"timestamp":10353659.781048,"wallClock":1760209330138,"durationMs":360,"source":"console.replay","correlationId":"console-replay:mgmn6rhaga5b5zvg","latencyMs":60.358177000656724,"timelineOffsetMs":22.80213199928403}
10-11 15:02:10.416 21612 26414 D OutputsAudio: [outputs-audio] stop gain=1.000 release=6.00
10-11 15:02:10.537 21612 26414 D OutputsAudio: [outputs-audio] start hz=700.0 gain=1.000 attack=2.50 release=6.00
10-11 15:02:10.562 21612 21675 D OutputsAudio: [outputs-audio] symbol.info sequence=6 symbol=- timestamp=10354058.988 duration=360.000
10-11 15:02:10.567 21612 21675 I ReactNativeJS: [outputs] playMorse.symbol {"timestamp":10354084.22334,"wallClock":1760209330563,"symbol":"-","durationMs":360,"index":5,"source":"console.replay","correlationId":"console-replay:mgmn6rur5yjpqpzt","nativeTimestampMs":10354058.988,"nativeDurationMs":360,"nativeOffsetMs":25.063308000564575,"nativeSequence":6,"monotonicTimestampMs":10354058.988}
10-11 15:02:10.568 21612 21675 I ReactNativeJS: [outputs] outputs.hapticSymbol {"timestamp":10354088.49485,"wallClock":1760209330567,"enabled":true,"symbol":"-","durationMs":360,"platform":"android","source":"console.replay","correlationId":"console-replay:mgmn6rur5yjpqpzt","timelineOffsetMs":25.063308000564575}
10-11 15:02:10.572 21612 21675 I ReactNativeJS: [outputs] outputs.flashPulse {"timestamp":10354092.386204,"wallClock":1760209330571,"enabled":true,"durationMs":360,"source":"console.replay","correlationId":"console-replay:mgmn6rur5yjpqpzt","timelineOffsetMs":25.063308000564575}
10-11 15:02:10.628 21612 21675 I ReactNativeJS: [outputs] outputs.flashPulse.commit {"timestamp":10354149.280788,"wallClock":1760209330628,"durationMs":360,"source":"console.replay","correlationId":"console-replay:mgmn6rur5yjpqpzt","latencyMs":65.2247919999063,"timelineOffsetMs":25.063308000564575}
10-11 15:02:10.898 21612 26414 D OutputsAudio: [outputs-audio] stop gain=1.000 release=6.00
10-11 15:02:11.020 21612 26414 D OutputsAudio: [outputs-audio] start hz=700.0 gain=1.000 attack=2.50 release=6.00
10-11 15:02:11.022 21612 21675 D OutputsAudio: [outputs-audio] symbol.info sequence=7 symbol=. timestamp=10354541.277 duration=120.000
10-11 15:02:11.023 21612 21675 I ReactNativeJS: [outputs] playMorse.symbol {"timestamp":10354543.976777,"wallClock":1760209331022,"symbol":".","durationMs":120,"index":6,"source":"console.replay","correlationId":"console-replay:mgmn6s7islezmntq","nativeTimestampMs":10354541.277,"nativeDurationMs":120,"nativeOffsetMs":2.638162000104785,"nativeSequence":7,"monotonicTimestampMs":10354541.277}
10-11 15:02:11.023 21612 21675 I ReactNativeJS: [outputs] outputs.hapticSymbol {"timestamp":10354544.841829,"wallClock":1760209331023,"enabled":true,"symbol":".","durationMs":120,"platform":"android","source":"console.replay","correlationId":"console-replay:mgmn6s7islezmntq","timelineOffsetMs":2.638162000104785}
10-11 15:02:11.024 21612 21675 I ReactNativeJS: [outputs] outputs.flashPulse {"timestamp":10354545.589642,"wallClock":1760209331024,"enabled":true,"durationMs":120,"source":"console.replay","correlationId":"console-replay:mgmn6s7islezmntq","timelineOffsetMs":2.638162000104785}
10-11 15:02:11.074 21612 21675 I ReactNativeJS: [outputs] outputs.flashPulse.commit {"timestamp":10354595.401569,"wallClock":1760209331074,"durationMs":120,"source":"console.replay","correlationId":"console-replay:mgmn6s7islezmntq","latencyMs":51.48197999969125,"timelineOffsetMs":2.638162000104785}
10-11 15:02:11.141 21612 26414 D OutputsAudio: [outputs-audio] stop gain=1.000 release=6.00
10-11 15:02:11.262 21612 26414 D OutputsAudio: [outputs-audio] start hz=700.0 gain=1.000 attack=2.50 release=6.00
10-11 15:02:11.273 21612 21675 D OutputsAudio: [outputs-audio] symbol.info sequence=8 symbol=. timestamp=10354783.893 duration=120.000
10-11 15:02:11.275 21612 21675 I ReactNativeJS: [outputs] playMorse.symbol {"timestamp":10354794.51261,"wallClock":1760209331273,"symbol":".","durationMs":120,"index":7,"source":"console.replay","correlationId":"console-replay:mgmn6sehl51iff88","nativeTimestampMs":10354783.893,"nativeDurationMs":120,"nativeOffsetMs":10.496642000973225,"nativeSequence":8,"monotonicTimestampMs":10354783.893}
10-11 15:02:11.275 21612 21675 I ReactNativeJS: [outputs] outputs.hapticSymbol {"timestamp":10354796.381464,"wallClock":1760209331275,"enabled":true,"symbol":".","durationMs":120,"platform":"android","source":"console.replay","correlationId":"console-replay:mgmn6sehl51iff88","timelineOffsetMs":10.496642000973225}
10-11 15:02:11.277 21612 21675 I ReactNativeJS: [outputs] outputs.flashPulse {"timestamp":10354798.023652,"wallClock":1760209331276,"enabled":true,"durationMs":120,"source":"console.replay","correlationId":"console-replay:mgmn6sehl51iff88","timelineOffsetMs":10.496642000973225}
10-11 15:02:11.346 21612 21675 I ReactNativeJS: [outputs] outputs.flashPulse.commit {"timestamp":10354867.710423,"wallClock":1760209331346,"durationMs":120,"source":"console.replay","correlationId":"console-replay:mgmn6sehl51iff88","latencyMs":73.31656200066209,"timelineOffsetMs":10.496642000973225}
10-11 15:02:11.383 21612 26414 D OutputsAudio: [outputs-audio] stop gain=1.000 release=6.00
10-11 15:02:11.504 21612 26414 D OutputsAudio: [outputs-audio] start hz=700.0 gain=1.000 attack=2.50 release=6.00
10-11 15:02:11.527 21612 21675 D OutputsAudio: [outputs-audio] symbol.info sequence=9 symbol=. timestamp=10355025.847 duration=120.000
10-11 15:02:11.529 21612 21675 I ReactNativeJS: [outputs] playMorse.symbol {"timestamp":10355049.22261,"wallClock":1760209331528,"symbol":".","durationMs":120,"index":8,"source":"console.replay","correlationId":"console-replay:mgmn6slkhzl0kp5e","nativeTimestampMs":10355025.847,"nativeDurationMs":120,"nativeOffsetMs":23.279152000322938,"nativeSequence":9,"monotonicTimestampMs":10355025.847}
10-11 15:02:11.531 21612 21675 I ReactNativeJS: [outputs] outputs.hapticSymbol {"timestamp":10355051.101308,"wallClock":1760209331529,"enabled":true,"symbol":".","durationMs":120,"platform":"android","source":"console.replay","correlationId":"console-replay:mgmn6slkhzl0kp5e","timelineOffsetMs":23.279152000322938}
10-11 15:02:11.534 21612 21675 I ReactNativeJS: [outputs] outputs.flashPulse {"timestamp":10355054.798339,"wallClock":1760209331533,"enabled":true,"durationMs":120,"source":"console.replay","correlationId":"console-replay:mgmn6slkhzl0kp5e","timelineOffsetMs":23.279152000322938}
10-11 15:02:11.600 21612 21675 I ReactNativeJS: [outputs] outputs.flashPulse.commit {"timestamp":10355121.500423,"wallClock":1760209331600,"durationMs":120,"source":"console.replay","correlationId":"console-replay:mgmn6slkhzl0kp5e","latencyMs":72.36968700028956,"timelineOffsetMs":23.279152000322938}
10-11 15:02:11.624 21612 26414 D OutputsAudio: [outputs-audio] stop gain=1.000 release=6.00
10-11 15:02:11.745 21612 26414 D OutputsAudio: [outputs-audio] start hz=700.0 gain=1.000 attack=2.50 release=6.00
10-11 15:02:11.774 21612 21675 D OutputsAudio: [outputs-audio] symbol.info sequence=10 symbol=- timestamp=10355266.625 duration=360.000
10-11 15:02:11.775 21612 21675 I ReactNativeJS: [outputs] playMorse.symbol {"timestamp":10355295.833496,"wallClock":1760209331774,"symbol":"-","durationMs":360,"index":9,"source":"console.replay","correlationId":"console-replay:mgmn6ssezc8gu9ei","nativeTimestampMs":10355266.625,"nativeDurationMs":360,"nativeOffsetMs":29.10813100077212,"nativeSequence":10,"monotonicTimestampMs":10355266.625}
10-11 15:02:11.775 21612 21675 I ReactNativeJS: [outputs] outputs.hapticSymbol {"timestamp":10355296.719798,"wallClock":1760209331775,"enabled":true,"symbol":"-","durationMs":360,"platform":"android","source":"console.replay","correlationId":"console-replay:mgmn6ssezc8gu9ei","timelineOffsetMs":29.10813100077212}
10-11 15:02:11.776 21612 21675 I ReactNativeJS: [outputs] outputs.flashPulse {"timestamp":10355297.616725,"wallClock":1760209331776,"enabled":true,"durationMs":360,"source":"console.replay","correlationId":"console-replay:mgmn6ssezc8gu9ei","timelineOffsetMs":29.10813100077212}
10-11 15:02:11.831 21612 21675 I ReactNativeJS: [outputs] outputs.flashPulse.commit {"timestamp":10355352.536048,"wallClock":1760209331831,"durationMs":360,"source":"console.replay","correlationId":"console-replay:mgmn6ssezc8gu9ei","latencyMs":56.798750000074506,"timelineOffsetMs":29.10813100077212}
10-11 15:02:12.106 21612 26414 D OutputsAudio: [outputs-audio] stop gain=1.000 release=6.00
10-11 15:02:12.227 21612 26414 D OutputsAudio: [outputs-audio] start hz=700.0 gain=1.000 attack=2.50 release=6.00
10-11 15:02:12.230 21612 21675 D OutputsAudio: [outputs-audio] symbol.info sequence=11 symbol=- timestamp=10355749.129 duration=360.000
10-11 15:02:12.233 21612 21675 I ReactNativeJS: [outputs] playMorse.symbol {"timestamp":10355752.290579,"wallClock":1760209332231,"symbol":"-","durationMs":360,"index":10,"source":"console.replay","correlationId":"console-replay:mgmn6t53mnwvp1kp","nativeTimestampMs":10355749.129,"nativeDurationMs":360,"nativeOffsetMs":2.9225679989904165,"nativeSequence":11,"monotonicTimestampMs":10355749.129}
10-11 15:02:12.235 21612 21675 I ReactNativeJS: [outputs] outputs.hapticSymbol {"timestamp":10355754.575162,"wallClock":1760209332233,"enabled":true,"symbol":"-","durationMs":360,"platform":"android","source":"console.replay","correlationId":"console-replay:mgmn6t53mnwvp1kp","timelineOffsetMs":2.9225679989904165}
10-11 15:02:12.238 21612 21675 I ReactNativeJS: [outputs] outputs.flashPulse {"timestamp":10355758.517193,"wallClock":1760209332237,"enabled":true,"durationMs":360,"source":"console.replay","correlationId":"console-replay:mgmn6t53mnwvp1kp","timelineOffsetMs":2.9225679989904165}
10-11 15:02:12.313 21612 21675 I ReactNativeJS: [outputs] outputs.flashPulse.commit {"timestamp":10355833.868964,"wallClock":1760209332312,"durationMs":360,"source":"console.replay","correlationId":"console-replay:mgmn6t53mnwvp1kp","latencyMs":81.81239600107074,"timelineOffsetMs":2.9225679989904165}
10-11 15:02:12.588 21612 26414 D OutputsAudio: [outputs-audio] stop gain=1.000 release=6.00
10-11 15:02:12.708 21612 26414 D OutputsAudio: [outputs-audio] start hz=700.0 gain=1.000 attack=2.50 release=6.00
10-11 15:02:12.733 21612 21675 D OutputsAudio: [outputs-audio] symbol.info sequence=12 symbol=- timestamp=10356229.989 duration=360.000
10-11 15:02:12.741 21612 21675 I ReactNativeJS: [outputs] playMorse.symbol {"timestamp":10356254.914068,"wallClock":1760209332733,"symbol":"-","durationMs":360,"index":11,"source":"console.replay","correlationId":"console-replay:mgmn6tj1nyny34av","nativeTimestampMs":10356229.989,"nativeDurationMs":360,"nativeOffsetMs":24.80413099937141,"nativeSequence":12,"monotonicTimestampMs":10356229.989}
10-11 15:02:12.742 21612 21675 I ReactNativeJS: [outputs] outputs.hapticSymbol {"timestamp":10356262.706308,"wallClock":1760209332741,"enabled":true,"symbol":"-","durationMs":360,"platform":"android","source":"console.replay","correlationId":"console-replay:mgmn6tj1nyny34av","timelineOffsetMs":24.80413099937141}
10-11 15:02:12.744 21612 21675 I ReactNativeJS: [outputs] outputs.flashPulse {"timestamp":10356264.707037,"wallClock":1760209332743,"enabled":true,"durationMs":360,"source":"console.replay","correlationId":"console-replay:mgmn6tj1nyny34av","timelineOffsetMs":24.80413099937141}
10-11 15:02:12.805 21612 21675 I ReactNativeJS: [outputs] outputs.flashPulse.commit {"timestamp":10356325.833443,"wallClock":1760209332804,"durationMs":360,"source":"console.replay","correlationId":"console-replay:mgmn6tj1nyny34av","latencyMs":71.03552000038326,"timelineOffsetMs":24.80413099937141}
10-11 15:02:13.069 21612 26414 D OutputsAudio: [outputs-audio] stop gain=1.000 release=6.00
10-11 15:02:13.189 21612 26414 D OutputsAudio: [outputs-audio] start hz=700.0 gain=1.000 attack=2.50 release=6.00
10-11 15:02:13.195 21612 21675 D OutputsAudio: [outputs-audio] symbol.info sequence=13 symbol=. timestamp=10356710.588 duration=120.000
10-11 15:02:13.196 21612 21675 I ReactNativeJS: [outputs] playMorse.symbol {"timestamp":10356716.321151,"wallClock":1760209333195,"symbol":".","durationMs":120,"index":12,"source":"console.replay","correlationId":"console-replay:mgmn6tvv2gjrp8oq","nativeTimestampMs":10356710.588,"nativeDurationMs":120,"nativeOffsetMs":5.634140999987721,"nativeSequence":13,"monotonicTimestampMs":10356710.588}
10-11 15:02:13.197 21612 21675 I ReactNativeJS: [outputs] outputs.hapticSymbol {"timestamp":10356717.415474,"wallClock":1760209333196,"enabled":true,"symbol":".","durationMs":120,"platform":"android","source":"console.replay","correlationId":"console-replay:mgmn6tvv2gjrp8oq","timelineOffsetMs":5.634140999987721}
10-11 15:02:13.198 21612 21675 I ReactNativeJS: [outputs] outputs.flashPulse {"timestamp":10356719.42011,"wallClock":1760209333198,"enabled":true,"durationMs":120,"source":"console.replay","correlationId":"console-replay:mgmn6tvv2gjrp8oq","timelineOffsetMs":5.634140999987721}
10-11 15:02:13.256 21612 21675 I ReactNativeJS: [outputs] outputs.flashPulse.commit {"timestamp":10356777.697089,"wallClock":1760209333256,"durationMs":120,"source":"console.replay","correlationId":"console-replay:mgmn6tvv2gjrp8oq","latencyMs":61.47005200013518,"timelineOffsetMs":5.634140999987721}
10-11 15:02:13.309 21612 26414 D OutputsAudio: [outputs-audio] stop gain=1.000 release=6.00
10-11 15:02:13.429 21612 26414 D OutputsAudio: [outputs-audio] start hz=700.0 gain=1.000 attack=2.50 release=6.00
10-11 15:02:13.440 21612 21675 D OutputsAudio: [outputs-audio] symbol.info sequence=14 symbol=. timestamp=10356951.068 duration=120.000
10-11 15:02:13.441 21612 21675 I ReactNativeJS: [outputs] playMorse.symbol {"timestamp":10356962.103182,"wallClock":1760209333440,"symbol":".","durationMs":120,"index":13,"source":"console.replay","correlationId":"console-replay:mgmn6u2odt3g3pdm","nativeTimestampMs":10356951.068,"nativeDurationMs":120,"nativeOffsetMs":10.918932000175118,"nativeSequence":14,"monotonicTimestampMs":10356951.068}
10-11 15:02:13.442 21612 21675 I ReactNativeJS: [outputs] outputs.hapticSymbol {"timestamp":10356963.23313,"wallClock":1760209333442,"enabled":true,"symbol":".","durationMs":120,"platform":"android","source":"console.replay","correlationId":"console-replay:mgmn6u2odt3g3pdm","timelineOffsetMs":10.918932000175118}
10-11 15:02:13.444 21612 21675 I ReactNativeJS: [outputs] outputs.flashPulse {"timestamp":10356964.943495,"wallClock":1760209333443,"enabled":true,"durationMs":120,"source":"console.replay","correlationId":"console-replay:mgmn6u2odt3g3pdm","timelineOffsetMs":10.918932000175118}
10-11 15:02:13.510 21612 21675 I ReactNativeJS: [outputs] outputs.flashPulse.commit {"timestamp":10357031.687818,"wallClock":1760209333510,"durationMs":120,"source":"console.replay","correlationId":"console-replay:mgmn6u2odt3g3pdm","latencyMs":69.69624999910593,"timelineOffsetMs":10.918932000175118}
10-11 15:02:13.550 21612 26414 D OutputsAudio: [outputs-audio] stop gain=1.000 release=6.00
10-11 15:02:13.670 21612 26414 D OutputsAudio: [outputs-audio] start hz=700.0 gain=1.000 attack=2.50 release=6.00
10-11 15:02:13.695 21612 21675 D OutputsAudio: [outputs-audio] symbol.info sequence=15 symbol=. timestamp=10357191.849 duration=120.000
10-11 15:02:13.697 21612 21675 I ReactNativeJS: [outputs] playMorse.symbol {"timestamp":10357216.570682,"wallClock":1760209333695,"symbol":".","durationMs":120,"index":14,"source":"console.replay","correlationId":"console-replay:mgmn6u9rqsaiq2ej","nativeTimestampMs":10357191.849,"nativeDurationMs":120,"nativeOffsetMs":24.47517200000584,"nativeSequence":15,"monotonicTimestampMs":10357191.849}
10-11 15:02:13.698 21612 21675 I ReactNativeJS: [outputs] outputs.hapticSymbol {"timestamp":10357218.709953,"wallClock":1760209333697,"enabled":true,"symbol":".","durationMs":120,"platform":"android","source":"console.replay","correlationId":"console-replay:mgmn6u9rqsaiq2ej","timelineOffsetMs":24.47517200000584}
10-11 15:02:13.701 21612 21675 I ReactNativeJS: [outputs] outputs.flashPulse {"timestamp":10357221.963286,"wallClock":1760209333700,"enabled":true,"durationMs":120,"source":"console.replay","correlationId":"console-replay:mgmn6u9rqsaiq2ej","timelineOffsetMs":24.47517200000584}
10-11 15:02:13.764 21612 21675 I ReactNativeJS: [outputs] outputs.flashPulse.commit {"timestamp":10357284.978339,"wallClock":1760209333763,"durationMs":120,"source":"console.replay","correlationId":"console-replay:mgmn6u9rqsaiq2ej","latencyMs":68.6494270004332,"timelineOffsetMs":24.47517200000584}
10-11 15:02:13.791 21612 26414 D OutputsAudio: [outputs-audio] stop gain=1.000 release=6.00
10-11 15:02:13.911 21612 26414 D OutputsAudio: [outputs-audio] start hz=700.0 gain=1.000 attack=2.50 release=6.00
10-11 15:02:13.935 21612 21675 D OutputsAudio: [outputs-audio] symbol.info sequence=16 symbol=- timestamp=10357433.082 duration=360.000
10-11 15:02:13.938 21612 21675 I ReactNativeJS: [outputs] playMorse.symbol {"timestamp":10357457.260422,"wallClock":1760209333936,"symbol":"-","durationMs":360,"index":15,"source":"console.replay","correlationId":"console-replay:mgmn6ugg1i1q80t5","nativeTimestampMs":10357433.082,"nativeDurationMs":360,"nativeOffsetMs":24.01154699921608,"nativeSequence":16,"monotonicTimestampMs":10357433.082}
10-11 15:02:13.939 21612 21675 I ReactNativeJS: [outputs] outputs.hapticSymbol {"timestamp":10357459.404588,"wallClock":1760209333938,"enabled":true,"symbol":"-","durationMs":360,"platform":"android","source":"console.replay","correlationId":"console-replay:mgmn6ugg1i1q80t5","timelineOffsetMs":24.01154699921608}
10-11 15:02:13.940 21612 21675 I ReactNativeJS: [outputs] outputs.flashPulse {"timestamp":10357461.26037,"wallClock":1760209333940,"enabled":true,"durationMs":360,"source":"console.replay","correlationId":"console-replay:mgmn6ugg1i1q80t5","timelineOffsetMs":24.01154699921608}
10-11 15:02:14.009 21612 21675 I ReactNativeJS: [outputs] outputs.flashPulse.commit {"timestamp":10357530.261307,"wallClock":1760209334009,"durationMs":360,"source":"console.replay","correlationId":"console-replay:mgmn6ugg1i1q80t5","latencyMs":73.158905999735,"timelineOffsetMs":24.01154699921608}
10-11 15:02:14.272 21612 26414 D OutputsAudio: [outputs-audio] stop gain=1.000 release=6.00
10-11 15:02:14.393 21612 26414 D OutputsAudio: [outputs-audio] start hz=700.0 gain=1.000 attack=2.50 release=6.00
10-11 15:02:14.404 21612 21675 D OutputsAudio: [outputs-audio] symbol.info sequence=17 symbol=- timestamp=10357914.298 duration=360.000
10-11 15:02:14.406 21612 21675 I ReactNativeJS: [outputs] playMorse.symbol {"timestamp":10357925.554172,"wallClock":1760209334404,"symbol":"-","durationMs":360,"index":16,"source":"console.replay","correlationId":"console-replay:mgmn6utgnda7y3bi","nativeTimestampMs":10357914.298,"nativeDurationMs":360,"nativeOffsetMs":11.061535999178886,"nativeSequence":17,"monotonicTimestampMs":10357914.298}
10-11 15:02:14.408 21612 21675 I ReactNativeJS: [outputs] outputs.hapticSymbol {"timestamp":10357928.269588,"wallClock":1760209334407,"enabled":true,"symbol":"-","durationMs":360,"platform":"android","source":"console.replay","correlationId":"console-replay:mgmn6utgnda7y3bi","timelineOffsetMs":11.061535999178886}
10-11 15:02:14.410 21612 21675 I ReactNativeJS: [outputs] outputs.flashPulse {"timestamp":10357930.784953,"wallClock":1760209334409,"enabled":true,"durationMs":360,"source":"console.replay","correlationId":"console-replay:mgmn6utgnda7y3bi","timelineOffsetMs":11.061535999178886}
10-11 15:02:14.479 21612 21675 I ReactNativeJS: [outputs] outputs.flashPulse.commit {"timestamp":10358000.535838,"wallClock":1760209334479,"durationMs":360,"source":"console.replay","correlationId":"console-replay:mgmn6utgnda7y3bi","latencyMs":75.17156299948692,"timelineOffsetMs":11.061535999178886}
10-11 15:02:14.753 21612 26414 D OutputsAudio: [outputs-audio] stop gain=1.000 release=6.00
10-11 15:02:14.874 21612 26414 D OutputsAudio: [outputs-audio] start hz=700.0 gain=1.000 attack=2.50 release=6.00
10-11 15:02:14.881 21612 21675 D OutputsAudio: [outputs-audio] symbol.info sequence=18 symbol=- timestamp=10358396.135 duration=360.000
10-11 15:02:14.912 21612 21675 I ReactNativeJS: [outputs] playMorse.symbol {"timestamp":10358417.601515,"wallClock":1760209334896,"symbol":"-","durationMs":360,"index":17,"source":"console.replay","correlationId":"console-replay:mgmn6v70fawhcx7a","nativeTimestampMs":10358396.135,"nativeDurationMs":360,"nativeOffsetMs":16.980838000774384,"nativeSequence":18,"monotonicTimestampMs":10358396.135}
10-11 15:02:14.913 21612 21675 I ReactNativeJS: [outputs] outputs.hapticSymbol {"timestamp":10358433.692557,"wallClock":1760209334912,"enabled":true,"symbol":"-","durationMs":360,"platform":"android","source":"console.replay","correlationId":"console-replay:mgmn6v70fawhcx7a","timelineOffsetMs":16.980838000774384}
10-11 15:02:14.914 21612 21675 I ReactNativeJS: [outputs] outputs.flashPulse {"timestamp":10358434.890265,"wallClock":1760209334913,"enabled":true,"durationMs":360,"source":"console.replay","correlationId":"console-replay:mgmn6v70fawhcx7a","timelineOffsetMs":16.980838000774384}
10-11 15:02:14.978 21612 21675 I ReactNativeJS: [outputs] outputs.flashPulse.commit {"timestamp":10358499.218598,"wallClock":1760209334978,"durationMs":360,"source":"console.replay","correlationId":"console-replay:mgmn6v70fawhcx7a","latencyMs":86.0976559985429,"timelineOffsetMs":16.980838000774384}
10-11 15:02:15.235 21612 26414 D OutputsAudio: [outputs-audio] stop gain=1.000 release=6.00
10-11 15:02:15.356 21612 26414 D OutputsAudio: [outputs-audio] start hz=700.0 gain=1.000 attack=2.50 release=6.00
10-11 15:02:15.366 21612 21675 D OutputsAudio: [outputs-audio] symbol.info sequence=19 symbol=. timestamp=10358877.764 duration=120.000
10-11 15:02:15.367 21612 21675 I ReactNativeJS: [outputs] playMorse.symbol {"timestamp":10358887.97839,"wallClock":1760209335366,"symbol":".","durationMs":120,"index":18,"source":"console.replay","correlationId":"console-replay:mgmn6vk610resqhm","nativeTimestampMs":10358877.764,"nativeDurationMs":120,"nativeOffsetMs":10.104337999597192,"nativeSequence":19,"monotonicTimestampMs":10358877.764}
10-11 15:02:15.368 21612 21675 I ReactNativeJS: [outputs] outputs.hapticSymbol {"timestamp":10358889.227244,"wallClock":1760209335368,"enabled":true,"symbol":".","durationMs":120,"platform":"android","source":"console.replay","correlationId":"console-replay:mgmn6vk610resqhm","timelineOffsetMs":10.104337999597192}
10-11 15:02:15.370 21612 21675 I ReactNativeJS: [outputs] outputs.flashPulse {"timestamp":10358890.750786,"wallClock":1760209335369,"enabled":true,"durationMs":120,"source":"console.replay","correlationId":"console-replay:mgmn6vk610resqhm","timelineOffsetMs":10.104337999597192}
10-11 15:02:15.423 21612 21675 I ReactNativeJS: [outputs] outputs.flashPulse.commit {"timestamp":10358943.831046,"wallClock":1760209335422,"durationMs":120,"source":"console.replay","correlationId":"console-replay:mgmn6vk610resqhm","latencyMs":55.958436999469995,"timelineOffsetMs":10.104337999597192}
10-11 15:02:15.476 21612 26414 D OutputsAudio: [outputs-audio] stop gain=1.000 release=6.00
10-11 15:02:15.597 21612 26414 D OutputsAudio: [outputs-audio] start hz=700.0 gain=1.000 attack=2.50 release=6.00
10-11 15:02:15.619 21612 21675 D OutputsAudio: [outputs-audio] symbol.info sequence=20 symbol=. timestamp=10359119.056 duration=120.000
10-11 15:02:15.623 21612 21675 I ReactNativeJS: [outputs] playMorse.symbol {"timestamp":10359141.097296,"wallClock":1760209335619,"symbol":".","durationMs":120,"index":19,"source":"console.replay","correlationId":"console-replay:mgmn6vr71xfo41l7","nativeTimestampMs":10359119.056,"nativeDurationMs":120,"nativeOffsetMs":21.913900000974536,"nativeSequence":20,"monotonicTimestampMs":10359119.056}
10-11 15:02:15.625 21612 21675 I ReactNativeJS: [outputs] outputs.hapticSymbol {"timestamp":10359144.654067,"wallClock":1760209335623,"enabled":true,"symbol":".","durationMs":120,"platform":"android","source":"console.replay","correlationId":"console-replay:mgmn6vr71xfo41l7","timelineOffsetMs":21.913900000974536}
10-11 15:02:15.629 21612 21675 I ReactNativeJS: [outputs] outputs.flashPulse {"timestamp":10359149.526202,"wallClock":1760209335628,"enabled":true,"durationMs":120,"source":"console.replay","correlationId":"console-replay:mgmn6vr71xfo41l7","timelineOffsetMs":21.913900000974536}
10-11 15:02:15.686 21612 21675 I ReactNativeJS: [outputs] outputs.flashPulse.commit {"timestamp":10359207.389119,"wallClock":1760209335686,"durationMs":120,"source":"console.replay","correlationId":"console-replay:mgmn6vr71xfo41l7","latencyMs":66.41453199833632,"timelineOffsetMs":21.913900000974536}
10-11 15:02:15.718 21612 26414 D OutputsAudio: [outputs-audio] stop gain=1.000 release=6.00
10-11 15:02:15.839 21612 26414 D OutputsAudio: [outputs-audio] start hz=700.0 gain=1.000 attack=2.50 release=6.00
10-11 15:02:15.864 21612 21675 D OutputsAudio: [outputs-audio] symbol.info sequence=21 symbol=. timestamp=10359360.605 duration=120.000
10-11 15:02:15.867 21612 21675 I ReactNativeJS: [outputs] playMorse.symbol {"timestamp":10359385.636411,"wallClock":1760209335864,"symbol":".","durationMs":120,"index":20,"source":"console.replay","correlationId":"console-replay:mgmn6vy0gzpxj5vu","nativeTimestampMs":10359360.605,"nativeDurationMs":120,"nativeOffsetMs":24.86984799988568,"nativeSequence":21,"monotonicTimestampMs":10359360.605}
10-11 15:02:15.869 21612 21675 I ReactNativeJS: [outputs] outputs.hapticSymbol {"timestamp":10359389.222765,"wallClock":1760209335868,"enabled":true,"symbol":".","durationMs":120,"platform":"android","source":"console.replay","correlationId":"console-replay:mgmn6vy0gzpxj5vu","timelineOffsetMs":24.86984799988568}
10-11 15:02:15.875 21612 21675 I ReactNativeJS: [outputs] outputs.flashPulse {"timestamp":10359394.6099,"wallClock":1760209335873,"enabled":true,"durationMs":120,"source":"console.replay","correlationId":"console-replay:mgmn6vy0gzpxj5vu","timelineOffsetMs":24.86984799988568}
10-11 15:02:15.934 21612 21675 I ReactNativeJS: [outputs] outputs.flashPulse.commit {"timestamp":10359455.029119,"wallClock":1760209335933,"durationMs":120,"source":"console.replay","correlationId":"console-replay:mgmn6vy0gzpxj5vu","latencyMs":69.54947900027037,"timelineOffsetMs":24.86984799988568}
10-11 15:02:15.959 21612 26414 D OutputsAudio: [outputs-audio] stop gain=1.000 release=6.00
10-11 15:02:16.080 21612 26414 D OutputsAudio: [outputs-audio] start hz=700.0 gain=1.000 attack=2.50 release=6.00
10-11 15:02:16.105 21612 21675 D OutputsAudio: [outputs-audio] symbol.info sequence=22 symbol=- timestamp=10359602.059 duration=360.000
10-11 15:02:16.108 21612 21675 I ReactNativeJS: [outputs] playMorse.symbol {"timestamp":10359626.696306,"wallClock":1760209336105,"symbol":"-","durationMs":360,"index":21,"source":"console.replay","correlationId":"console-replay:mgmn6w4pearetrch","nativeTimestampMs":10359602.059,"nativeDurationMs":360,"nativeOffsetMs":24.50011899881065,"nativeSequence":22,"monotonicTimestampMs":10359602.059}
10-11 15:02:16.110 21612 21675 I ReactNativeJS: [outputs] outputs.hapticSymbol {"timestamp":10359630.218546,"wallClock":1760209336109,"enabled":true,"symbol":"-","durationMs":360,"platform":"android","source":"console.replay","correlationId":"console-replay:mgmn6w4pearetrch","timelineOffsetMs":24.50011899881065}
10-11 15:02:16.115 21612 21675 I ReactNativeJS: [outputs] outputs.flashPulse {"timestamp":10359635.155473,"wallClock":1760209336114,"enabled":true,"durationMs":360,"source":"console.replay","correlationId":"console-replay:mgmn6w4pearetrch","timelineOffsetMs":24.50011899881065}
10-11 15:02:16.178 21612 21675 I ReactNativeJS: [outputs] outputs.flashPulse.commit {"timestamp":10359698.805213,"wallClock":1760209336177,"durationMs":360,"source":"console.replay","correlationId":"console-replay:mgmn6w4pearetrch","latencyMs":72.24156200140715,"timelineOffsetMs":24.50011899881065}
10-11 15:02:16.441 21612 26414 D OutputsAudio: [outputs-audio] stop gain=1.000 release=6.00
10-11 15:02:16.561 21612 26414 D OutputsAudio: [outputs-audio] start hz=700.0 gain=1.000 attack=2.50 release=6.00
