10-12 10:34:21.643 25077 25158 D OutputsAudio: [outputs-audio] symbol.info sequence=15 symbol=. timestamp=47436694.365 duration=120.000 expected=47436693.784 skew=0.581 age=15.488
10-12 10:34:21.644 25077 25158 I ReactNativeJS: [outputs] playMorse.symbol {"timestamp":47436710.117163,"wallClock":1760279661643,"symbol":".","durationMs":120,"index":14,"source":"console.replay","correlationId":"console-replay:j76d5fo0","nativeTimestampMs":47436694.365,"nativeDurationMs":120,"nativeOffsetMs":15.65362099558115,"nativeSequence":15,"monotonicTimestampMs":47436694.365,"nativeExpectedTimestampMs":47436693.784,"nativeStartSkewMs":0.581,"nativeBatchElapsedMs":4800.581,"nativeExpectedSincePriorMs":240,"nativeSincePriorMs":239.731,"nativePatternStartMs":47431893.784,"nativeAgeMs":15.488}
10-12 10:34:21.645 25077 25158 I ReactNativeJS: [outputs] playMorse.symbol {"timestamp":47436711.160236,"wallClock":1760279661644,"symbol":".","durationMs":120,"index":14,"source":"console.replay","correlationId":"console-replay:mgnt27nwilfffopy","nativeTimestampMs":47436694.365,"nativeDurationMs":120,"nativeOffsetMs":15.65362099558115,"nativeSequence":15,"monotonicTimestampMs":47436694.365,"nativeExpectedTimestampMs":47436693.784,"nativeStartSkewMs":0.581,"nativeBatchElapsedMs":4800.581,"nativeExpectedSincePriorMs":240,"nativeSincePriorMs":239.731,"nativePatternStartMs":47431893.784,"nativeAgeMs":15.488}
10-12 10:34:21.645 25077 25158 I ReactNativeJS: [outputs] outputs.hapticSymbol {"timestamp":47436711.840548,"wallClock":1760279661645,"enabled":true,"symbol":".","durationMs":120,"platform":"android","source":"console.replay","correlationId":"console-replay:mgnt27nwilfffopy","timelineOffsetMs":null}
10-12 10:34:21.646 25077 25158 I ReactNativeJS: [outputs] outputs.flashPulse {"timestamp":47436712.800652,"wallClock":1760279661646,"enabled":true,"durationMs":120,"source":"console.replay","correlationId":"console-replay:mgnt27nwilfffopy","timelineOffsetMs":15.65362099558115,"schedulingMode":"timeline","audioStartHeadroomMs":-26.996078997850418,"audioStartGuard":"headroom","audioStartCompensationMs":26.996078997850418}
10-12 10:34:21.722 25077 25158 I ReactNativeJS: [outputs] outputs.flashPulse.commit {"timestamp":47436789.157475,"wallClock":1760279661722,"durationMs":120,"source":"console.replay","correlationId":"console-replay:mgnt27nwilfffopy","latencyMs":79.1280210018158,"timelineOffsetMs":15.65362099558115,"leadMs":8,"scheduleSkewMs":76.36374999582767,"schedulingMode":"timeline","audioStartHeadroomMs":-26.996078997850418,"audioStartGuard":"headroom","audioStartCompensationMs":26.996078997850418}
10-12 10:34:21.748 25077 25247 D OutputsAudio: [outputs-audio] stop gain=1.000 release=6.00
10-12 10:34:21.748 25077 25247 D OutputsAudio: [outputs-audio] playMorse.gap sequence=15 nextOffset=5040.000 gapTarget=47436933.784
10-12 10:34:21.748 25077 25247 D OutputsAudio: [outputs-audio] playMorse.dispatch sequence=16 symbol=- offset=5040.000 lead=90.000 dispatchAt=47436843.784
10-12 10:34:21.778 25077 25247 D OutputsAudio: [outputs-audio] start hz=650.0 gain=1.000 attack=2.50 release=6.00
10-12 10:34:21.778 25077 25247 D OutputsAudio: [outputs-audio] playMorse.symbol.start sequence=16 symbol=- expected=47436933.784 actual=47436935.126 skew=1.341 batchElapsed=5041.341
10-12 10:34:21.875 25077 25158 D OutputsAudio: [outputs-audio] symbol.info sequence=16 symbol=- timestamp=47436935.126 duration=360.000 expected=47436933.784 skew=1.341 age=6.629
10-12 10:34:21.878 25077 25158 I ReactNativeJS: [outputs] playMorse.symbol {"timestamp":47436942.437579,"wallClock":1760279661875,"symbol":"-","durationMs":360,"index":15,"source":"console.replay","correlationId":"console-replay:lsw02t87","nativeTimestampMs":47436935.126,"nativeDurationMs":360,"nativeOffsetMs":7.069651998579502,"nativeSequence":16,"monotonicTimestampMs":47436935.126,"nativeExpectedTimestampMs":47436933.784,"nativeStartSkewMs":1.341,"nativeBatchElapsedMs":5041.341,"nativeExpectedSincePriorMs":240,"nativeSincePriorMs":240.76,"nativePatternStartMs":47431893.784,"nativeAgeMs":6.629}
10-12 10:34:21.880 25077 25158 I ReactNativeJS: [outputs] playMorse.symbol {"timestamp":47436945.048465,"wallClock":1760279661878,"symbol":"-","durationMs":360,"index":15,"source":"console.replay","correlationId":"console-replay:mgnt27uesgoqanj4","nativeTimestampMs":47436935.126,"nativeDurationMs":360,"nativeOffsetMs":7.069651998579502,"nativeSequence":16,"monotonicTimestampMs":47436935.126,"nativeExpectedTimestampMs":47436933.784,"nativeStartSkewMs":1.341,"nativeBatchElapsedMs":5041.341,"nativeExpectedSincePriorMs":240,"nativeSincePriorMs":240.76,"nativePatternStartMs":47431893.784,"nativeAgeMs":6.629}
10-12 10:34:21.883 25077 25158 I ReactNativeJS: [outputs] outputs.hapticSymbol {"timestamp":47436947.105965,"wallClock":1760279661880,"enabled":true,"symbol":"-","durationMs":360,"platform":"android","source":"console.replay","correlationId":"console-replay:mgnt27uesgoqanj4","timelineOffsetMs":null}
10-12 10:34:21.886 25077 25158 I ReactNativeJS: [outputs] outputs.flashPulse {"timestamp":47436951.210965,"wallClock":1760279661884,"enabled":true,"durationMs":360,"source":"console.replay","correlationId":"console-replay:mgnt27uesgoqanj4","timelineOffsetMs":7.069651998579502,"schedulingMode":"timeline","audioStartHeadroomMs":-25.37295399606228,"audioStartGuard":"headroom","audioStartCompensationMs":25.37295399606228}
10-12 10:34:21.976 25077 25158 I ReactNativeJS: [outputs] outputs.flashPulse.commit {"timestamp":47437043.08185,"wallClock":1760279661976,"durationMs":360,"source":"console.replay","correlationId":"console-replay:mgnt27uesgoqanj4","latencyMs":100.87734399735928,"timelineOffsetMs":7.069651998579502,"leadMs":8,"scheduleSkewMs":91.90739599615335,"schedulingMode":"timeline","audioStartHeadroomMs":-25.37295399606228,"audioStartGuard":"headroom","audioStartCompensationMs":25.37295399606228}
10-12 10:34:22.229 25077 25247 D OutputsAudio: [outputs-audio] stop gain=1.000 release=6.00
10-12 10:34:22.229 25077 25247 D OutputsAudio: [outputs-audio] playMorse.gap sequence=16 nextOffset=5520.000 gapTarget=47437413.784
10-12 10:34:22.229 25077 25247 D OutputsAudio: [outputs-audio] playMorse.dispatch sequence=17 symbol=- offset=5520.000 lead=90.000 dispatchAt=47437323.784
10-12 10:34:22.257 25077 25247 D OutputsAudio: [outputs-audio] start hz=650.0 gain=1.000 attack=2.50 release=6.00
10-12 10:34:22.257 25077 25247 D OutputsAudio: [outputs-audio] playMorse.symbol.start sequence=17 symbol=- expected=47437413.784 actual=47437414.461 skew=0.677 batchElapsed=5520.677
10-12 10:34:22.369 25077 25158 D OutputsAudio: [outputs-audio] symbol.info sequence=17 symbol=- timestamp=47437414.461 duration=360.000 expected=47437413.784 skew=0.677 age=21.436
10-12 10:34:22.369 25077 25158 I ReactNativeJS: [outputs] playMorse.symbol {"timestamp":47437436.080912,"wallClock":1760279662369,"symbol":"-","durationMs":360,"index":16,"source":"console.replay","correlationId":"console-replay:m2mfdx7l","nativeTimestampMs":47437414.461,"nativeDurationMs":360,"nativeOffsetMs":21.52887099981308,"nativeSequence":17,"monotonicTimestampMs":47437414.461,"nativeExpectedTimestampMs":47437413.784,"nativeStartSkewMs":0.677,"nativeBatchElapsedMs":5520.677,"nativeExpectedSincePriorMs":480,"nativeSincePriorMs":479.336,"nativePatternStartMs":47431893.784,"nativeAgeMs":21.436}
10-12 10:34:22.370 25077 25158 I ReactNativeJS: [outputs] playMorse.symbol {"timestamp":47437436.609037,"wallClock":1760279662370,"symbol":"-","durationMs":360,"index":16,"source":"console.replay","correlationId":"console-replay:mgnt2881pvn3rzoe","nativeTimestampMs":47437414.461,"nativeDurationMs":360,"nativeOffsetMs":21.52887099981308,"nativeSequence":17,"monotonicTimestampMs":47437414.461,"nativeExpectedTimestampMs":47437413.784,"nativeStartSkewMs":0.677,"nativeBatchElapsedMs":5520.677,"nativeExpectedSincePriorMs":480,"nativeSincePriorMs":479.336,"nativePatternStartMs":47431893.784,"nativeAgeMs":21.436}
10-12 10:34:22.370 25077 25158 I ReactNativeJS: [outputs] outputs.hapticSymbol {"timestamp":47437436.944714,"wallClock":1760279662370,"enabled":true,"symbol":"-","durationMs":360,"platform":"android","source":"console.replay","correlationId":"console-replay:mgnt2881pvn3rzoe","timelineOffsetMs":null}
10-12 10:34:22.371 25077 25158 I ReactNativeJS: [outputs] outputs.flashPulse {"timestamp":47437437.457944,"wallClock":1760279662370,"enabled":true,"durationMs":360,"source":"console.replay","correlationId":"console-replay:mgnt2881pvn3rzoe","timelineOffsetMs":21.52887099981308,"schedulingMode":"timeline","audioStartHeadroomMs":-31.66144400089979,"audioStartGuard":"headroom","audioStartCompensationMs":31.66144400089979}
10-12 10:34:22.438 25077 25158 I ReactNativeJS: [outputs] outputs.flashPulse.commit {"timestamp":47437504.805287,"wallClock":1760279662438,"durationMs":360,"source":"console.replay","correlationId":"console-replay:mgnt2881pvn3rzoe","latencyMs":68.80609299987555,"timelineOffsetMs":21.52887099981308,"leadMs":8,"scheduleSkewMs":67.34875000268221,"schedulingMode":"timeline","audioStartHeadroomMs":-31.66144400089979,"audioStartGuard":"headroom","audioStartCompensationMs":31.66144400089979}
10-12 10:34:22.708 25077 25247 D OutputsAudio: [outputs-audio] stop gain=1.000 release=6.00
10-12 10:34:22.708 25077 25247 D OutputsAudio: [outputs-audio] playMorse.gap sequence=17 nextOffset=6000.000 gapTarget=47437893.784
10-12 10:34:22.708 25077 25247 D OutputsAudio: [outputs-audio] playMorse.dispatch sequence=18 symbol=- offset=6000.000 lead=90.000 dispatchAt=47437803.784
10-12 10:34:22.737 25077 25247 D OutputsAudio: [outputs-audio] start hz=650.0 gain=1.000 attack=2.50 release=6.00
10-12 10:34:22.737 25077 25247 D OutputsAudio: [outputs-audio] playMorse.symbol.start sequence=18 symbol=- expected=47437893.784 actual=47437893.988 skew=0.204 batchElapsed=6000.204
10-12 10:34:22.842 25077 25158 D OutputsAudio: [outputs-audio] symbol.info sequence=18 symbol=- timestamp=47437893.988 duration=360.000 expected=47437893.784 skew=0.204 age=14.579
10-12 10:34:22.844 25077 25158 I ReactNativeJS: [outputs] playMorse.symbol {"timestamp":47437909.07362,"wallClock":1760279662842,"symbol":"-","durationMs":360,"index":17,"source":"console.replay","correlationId":"console-replay:hagg95tj","nativeTimestampMs":47437893.988,"nativeDurationMs":360,"nativeOffsetMs":14.885568000376225,"nativeSequence":18,"monotonicTimestampMs":47437893.988,"nativeExpectedTimestampMs":47437893.784,"nativeStartSkewMs":0.204,"nativeBatchElapsedMs":6000.204,"nativeExpectedSincePriorMs":480,"nativeSincePriorMs":479.527,"nativePatternStartMs":47431893.784,"nativeAgeMs":14.579}
10-12 10:34:22.846 25077 25158 I ReactNativeJS: [outputs] playMorse.symbol {"timestamp":47437911.342839,"wallClock":1760279662844,"symbol":"-","durationMs":360,"index":17,"source":"console.replay","correlationId":"console-replay:mgnt28l86bsbuo30","nativeTimestampMs":47437893.988,"nativeDurationMs":360,"nativeOffsetMs":14.885568000376225,"nativeSequence":18,"monotonicTimestampMs":47437893.988,"nativeExpectedTimestampMs":47437893.784,"nativeStartSkewMs":0.204,"nativeBatchElapsedMs":6000.204,"nativeExpectedSincePriorMs":480,"nativeSincePriorMs":479.527,"nativePatternStartMs":47431893.784,"nativeAgeMs":14.579}
10-12 10:34:22.849 25077 25158 I ReactNativeJS: [outputs] outputs.hapticSymbol {"timestamp":47437913.704089,"wallClock":1760279662847,"enabled":true,"symbol":"-","durationMs":360,"platform":"android","source":"console.replay","correlationId":"console-replay:mgnt28l86bsbuo30","timelineOffsetMs":null}
10-12 10:34:22.854 25077 25158 I ReactNativeJS: [outputs] outputs.flashPulse {"timestamp":47437920.000339,"wallClock":1760279662853,"enabled":true,"durationMs":360,"source":"console.replay","correlationId":"console-replay:mgnt28l86bsbuo30","timelineOffsetMs":14.885568000376225,"schedulingMode":"timeline","audioStartHeadroomMs":-34.18144299834967,"audioStartGuard":"headroom","audioStartCompensationMs":34.18144299834967}
10-12 10:34:22.932 25077 25158 I ReactNativeJS: [outputs] outputs.flashPulse.commit {"timestamp":47437998.957839,"wallClock":1760279662932,"durationMs":360,"source":"console.replay","correlationId":"console-replay:mgnt28l86bsbuo30","latencyMs":90.07510500401258,"timelineOffsetMs":14.885568000376225,"leadMs":8,"scheduleSkewMs":78.97802100330591,"schedulingMode":"timeline","audioStartHeadroomMs":-34.18144299834967,"audioStartGuard":"headroom","audioStartCompensationMs":34.18144299834967}
10-12 10:34:23.188 25077 25247 D OutputsAudio: [outputs-audio] stop gain=1.000 release=6.00
10-12 10:34:23.188 25077 25247 D OutputsAudio: [outputs-audio] playMorse.gap sequence=18 nextOffset=6480.000 gapTarget=47438373.784
10-12 10:34:23.188 25077 25247 D OutputsAudio: [outputs-audio] playMorse.dispatch sequence=19 symbol=. offset=6480.000 lead=90.000 dispatchAt=47438283.784
10-12 10:34:23.217 25077 25247 D OutputsAudio: [outputs-audio] start hz=650.0 gain=1.000 attack=2.50 release=6.00
10-12 10:34:23.217 25077 25247 D OutputsAudio: [outputs-audio] playMorse.symbol.start sequence=19 symbol=. expected=47438373.784 actual=47438374.172 skew=0.388 batchElapsed=6480.388
10-12 10:34:23.343 25077 25158 D OutputsAudio: [outputs-audio] symbol.info sequence=19 symbol=. timestamp=47438374.172 duration=120.000 expected=47438373.784 skew=0.388 age=35.683
10-12 10:34:23.344 25077 25158 I ReactNativeJS: [outputs] playMorse.symbol {"timestamp":47438410.109089,"wallClock":1760279663343,"symbol":".","durationMs":120,"index":18,"source":"console.replay","correlationId":"console-replay:nabpgc67","nativeTimestampMs":47438374.172,"nativeDurationMs":120,"nativeOffsetMs":35.842349000275135,"nativeSequence":19,"monotonicTimestampMs":47438374.172,"nativeExpectedTimestampMs":47438373.784,"nativeStartSkewMs":0.388,"nativeBatchElapsedMs":6480.388,"nativeExpectedSincePriorMs":480,"nativeSincePriorMs":480.184,"nativePatternStartMs":47431893.784,"nativeAgeMs":35.683}
10-12 10:34:23.344 25077 25158 I ReactNativeJS: [outputs] playMorse.symbol {"timestamp":47438411.019558,"wallClock":1760279663344,"symbol":".","durationMs":120,"index":18,"source":"console.replay","correlationId":"console-replay:mgnt28z4n1387oyw","nativeTimestampMs":47438374.172,"nativeDurationMs":120,"nativeOffsetMs":35.842349000275135,"nativeSequence":19,"monotonicTimestampMs":47438374.172,"nativeExpectedTimestampMs":47438373.784,"nativeStartSkewMs":0.388,"nativeBatchElapsedMs":6480.388,"nativeExpectedSincePriorMs":480,"nativeSincePriorMs":480.184,"nativePatternStartMs":47431893.784,"nativeAgeMs":35.683}
10-12 10:34:23.345 25077 25158 I ReactNativeJS: [outputs] outputs.hapticSymbol {"timestamp":47438411.582527,"wallClock":1760279663344,"enabled":true,"symbol":".","durationMs":120,"platform":"android","source":"console.replay","correlationId":"console-replay:mgnt28z4n1387oyw","timelineOffsetMs":null}
10-12 10:34:23.346 25077 25158 I ReactNativeJS: [outputs] outputs.flashPulse {"timestamp":47438412.589558,"wallClock":1760279663345,"enabled":true,"durationMs":120,"source":"console.replay","correlationId":"console-replay:mgnt28z4n1387oyw","timelineOffsetMs":35.842349000275135,"schedulingMode":"timeline","audioStartHeadroomMs":-46.78456799685955,"audioStartGuard":"headroom","audioStartCompensationMs":46.78456799685955}
10-12 10:34:23.424 25077 25158 I ReactNativeJS: [outputs] outputs.flashPulse.commit {"timestamp":47438490.637891,"wallClock":1760279663424,"durationMs":120,"source":"console.replay","correlationId":"console-replay:mgnt28z4n1387oyw","latencyMs":80.6123960018158,"timelineOffsetMs":35.842349000275135,"leadMs":8,"scheduleSkewMs":78.05479100346565,"schedulingMode":"timeline","audioStartHeadroomMs":-46.78456799685955,"audioStartGuard":"headroom","audioStartCompensationMs":46.78456799685955}
10-12 10:34:23.428 25077 25247 D OutputsAudio: [outputs-audio] stop gain=1.000 release=6.00
10-12 10:34:23.428 25077 25247 D OutputsAudio: [outputs-audio] playMorse.gap sequence=19 nextOffset=6720.000 gapTarget=47438613.784
10-12 10:34:23.428 25077 25247 D OutputsAudio: [outputs-audio] playMorse.dispatch sequence=20 symbol=. offset=6720.000 lead=90.000 dispatchAt=47438523.784
10-12 10:34:23.457 25077 25247 D OutputsAudio: [outputs-audio] start hz=650.0 gain=1.000 attack=2.50 release=6.00
10-12 10:34:23.457 25077 25247 D OutputsAudio: [outputs-audio] playMorse.symbol.start sequence=20 symbol=. expected=47438613.784 actual=47438614.544 skew=0.760 batchElapsed=6720.760
10-12 10:34:23.570 25077 25158 D OutputsAudio: [outputs-audio] symbol.info sequence=20 symbol=. timestamp=47438614.544 duration=120.000 expected=47438613.784 skew=0.760 age=22.355
10-12 10:34:23.574 25077 25158 I ReactNativeJS: [outputs] playMorse.symbol {"timestamp":47438637.24112,"wallClock":1760279663570,"symbol":".","durationMs":120,"index":19,"source":"console.replay","correlationId":"console-replay:64mf9hjv","nativeTimestampMs":47438614.544,"nativeDurationMs":120,"nativeOffsetMs":22.56123500317335,"nativeSequence":20,"monotonicTimestampMs":47438614.544,"nativeExpectedTimestampMs":47438613.784,"nativeStartSkewMs":0.76,"nativeBatchElapsedMs":6720.76,"nativeExpectedSincePriorMs":240,"nativeSincePriorMs":240.372,"nativePatternStartMs":47431893.784,"nativeAgeMs":22.355}
10-12 10:34:23.575 25077 25158 I ReactNativeJS: [outputs] playMorse.symbol {"timestamp":47438640.950651,"wallClock":1760279663574,"symbol":".","durationMs":120,"index":19,"source":"console.replay","correlationId":"console-replay:mgnt295i5d4dmee6","nativeTimestampMs":47438614.544,"nativeDurationMs":120,"nativeOffsetMs":22.56123500317335,"nativeSequence":20,"monotonicTimestampMs":47438614.544,"nativeExpectedTimestampMs":47438613.784,"nativeStartSkewMs":0.76,"nativeBatchElapsedMs":6720.76,"nativeExpectedSincePriorMs":240,"nativeSincePriorMs":240.372,"nativePatternStartMs":47431893.784,"nativeAgeMs":22.355}
10-12 10:34:23.575 25077 25158 I ReactNativeJS: [outputs] outputs.hapticSymbol {"timestamp":47438642.022318,"wallClock":1760279663575,"enabled":true,"symbol":".","durationMs":120,"platform":"android","source":"console.replay","correlationId":"console-replay:mgnt295i5d4dmee6","timelineOffsetMs":null}
10-12 10:34:23.576 25077 25158 I ReactNativeJS: [outputs] outputs.flashPulse {"timestamp":47438643.040495,"wallClock":1760279663576,"enabled":true,"durationMs":120,"source":"console.replay","correlationId":"console-replay:mgnt295i5d4dmee6","timelineOffsetMs":22.56123500317335,"schedulingMode":"timeline","audioStartHeadroomMs":-37.23545400053263,"audioStartGuard":"headroom","audioStartCompensationMs":37.23545400053263}
10-12 10:34:23.657 25077 25158 I ReactNativeJS: [outputs] outputs.flashPulse.commit {"timestamp":47438723.907683,"wallClock":1760279663657,"durationMs":120,"source":"console.replay","correlationId":"console-replay:mgnt295i5d4dmee6","latencyMs":86.79484299570322,"timelineOffsetMs":22.56123500317335,"leadMs":8,"scheduleSkewMs":80.87749899923801,"schedulingMode":"timeline","audioStartHeadroomMs":-37.23545400053263,"audioStartGuard":"headroom","audioStartCompensationMs":37.23545400053263}
10-12 10:34:23.669 25077 25247 D OutputsAudio: [outputs-audio] stop gain=1.000 release=6.00
10-12 10:34:23.669 25077 25247 D OutputsAudio: [outputs-audio] playMorse.gap sequence=20 nextOffset=6960.000 gapTarget=47438853.784
10-12 10:34:23.669 25077 25247 D OutputsAudio: [outputs-audio] playMorse.dispatch sequence=21 symbol=. offset=6960.000 lead=90.000 dispatchAt=47438763.784
10-12 10:34:23.697 25077 25247 D OutputsAudio: [outputs-audio] start hz=650.0 gain=1.000 attack=2.50 release=6.00
10-12 10:34:23.697 25077 25247 D OutputsAudio: [outputs-audio] playMorse.symbol.start sequence=21 symbol=. expected=47438853.784 actual=47438854.412 skew=0.628 batchElapsed=6960.628
10-12 10:34:23.803 25077 25158 D OutputsAudio: [outputs-audio] symbol.info sequence=21 symbol=. timestamp=47438854.412 duration=120.000 expected=47438853.784 skew=0.628 age=15.956
10-12 10:34:23.805 25077 25158 I ReactNativeJS: [outputs] playMorse.symbol {"timestamp":47438870.63961,"wallClock":1760279663804,"symbol":".","durationMs":120,"index":20,"source":"console.replay","correlationId":"console-replay:msg2kqvs","nativeTimestampMs":47438854.412,"nativeDurationMs":120,"nativeOffsetMs":16.122140996158123,"nativeSequence":21,"monotonicTimestampMs":47438854.412,"nativeExpectedTimestampMs":47438853.784,"nativeStartSkewMs":0.628,"nativeBatchElapsedMs":6960.628,"nativeExpectedSincePriorMs":240,"nativeSincePriorMs":239.868,"nativePatternStartMs":47431893.784,"nativeAgeMs":15.956}
10-12 10:34:23.806 25077 25158 I ReactNativeJS: [outputs] playMorse.symbol {"timestamp":47438871.722006,"wallClock":1760279663805,"symbol":".","durationMs":120,"index":20,"source":"console.replay","correlationId":"console-replay:mgnt29bx37lfb3tq","nativeTimestampMs":47438854.412,"nativeDurationMs":120,"nativeOffsetMs":16.122140996158123,"nativeSequence":21,"monotonicTimestampMs":47438854.412,"nativeExpectedTimestampMs":47438853.784,"nativeStartSkewMs":0.628,"nativeBatchElapsedMs":6960.628,"nativeExpectedSincePriorMs":240,"nativeSincePriorMs":239.868,"nativePatternStartMs":47431893.784,"nativeAgeMs":15.956}
10-12 10:34:23.806 25077 25158 I ReactNativeJS: [outputs] outputs.hapticSymbol {"timestamp":47438873.033881,"wallClock":1760279663806,"enabled":true,"symbol":".","durationMs":120,"platform":"android","source":"console.replay","correlationId":"console-replay:mgnt29bx37lfb3tq","timelineOffsetMs":null}
10-12 10:34:23.807 25077 25158 I ReactNativeJS: [outputs] outputs.flashPulse {"timestamp":47438873.823047,"wallClock":1760279663807,"enabled":true,"durationMs":120,"source":"console.replay","correlationId":"console-replay:mgnt29bx37lfb3tq","timelineOffsetMs":16.122140996158123,"schedulingMode":"timeline","audioStartHeadroomMs":-28.022693000733852,"audioStartGuard":"headroom","audioStartCompensationMs":28.022693000733852}
10-12 10:34:23.875 25077 25158 I ReactNativeJS: [outputs] outputs.flashPulse.commit {"timestamp":47438942.204714,"wallClock":1760279663875,"durationMs":120,"source":"console.replay","correlationId":"console-replay:mgnt29bx37lfb3tq","latencyMs":71.66125000268221,"timelineOffsetMs":16.122140996158123,"leadMs":8,"scheduleSkewMs":68.38666699826717,"schedulingMode":"timeline","audioStartHeadroomMs":-28.022693000733852,"audioStartGuard":"headroom","audioStartCompensationMs":28.022693000733852}
10-12 10:34:23.907 25077 25247 D OutputsAudio: [outputs-audio] stop gain=1.000 release=6.00
10-12 10:34:23.908 25077 25247 D OutputsAudio: [outputs-audio] playMorse.gap sequence=21 nextOffset=7200.000 gapTarget=47439093.784
10-12 10:34:23.908 25077 25247 D OutputsAudio: [outputs-audio] playMorse.dispatch sequence=22 symbol=- offset=7200.000 lead=90.000 dispatchAt=47439003.784
10-12 10:34:23.937 25077 25247 D OutputsAudio: [outputs-audio] start hz=650.0 gain=1.000 attack=2.50 release=6.00
10-12 10:34:23.937 25077 25247 D OutputsAudio: [outputs-audio] playMorse.symbol.start sequence=22 symbol=- expected=47439093.784 actual=47439094.511 skew=0.727 batchElapsed=7200.727
10-12 10:34:24.050 25077 25158 D OutputsAudio: [outputs-audio] symbol.info sequence=22 symbol=- timestamp=47439094.511 duration=360.000 expected=47439093.784 skew=0.727 age=22.584
10-12 10:34:24.052 25077 25158 I ReactNativeJS: [outputs] playMorse.symbol {"timestamp":47439117.46737,"wallClock":1760279664050,"symbol":"-","durationMs":360,"index":21,"source":"console.replay","correlationId":"console-replay:eb88siua","nativeTimestampMs":47439094.511,"nativeDurationMs":360,"nativeOffsetMs":22.807933002710342,"nativeSequence":22,"monotonicTimestampMs":47439094.511,"nativeExpectedTimestampMs":47439093.784,"nativeStartSkewMs":0.727,"nativeBatchElapsedMs":7200.727,"nativeExpectedSincePriorMs":240,"nativeSincePriorMs":240.099,"nativePatternStartMs":47431893.784,"nativeAgeMs":22.584}
10-12 10:34:24.053 25077 25158 I ReactNativeJS: [outputs] playMorse.symbol {"timestamp":47439119.078776,"wallClock":1760279664052,"symbol":"-","durationMs":360,"index":21,"source":"console.replay","correlationId":"console-replay:mgnt29is1h0h1owh","nativeTimestampMs":47439094.511,"nativeDurationMs":360,"nativeOffsetMs":22.807933002710342,"nativeSequence":22,"monotonicTimestampMs":47439094.511,"nativeExpectedTimestampMs":47439093.784,"nativeStartSkewMs":0.727,"nativeBatchElapsedMs":7200.727,"nativeExpectedSincePriorMs":240,"nativeSincePriorMs":240.099,"nativePatternStartMs":47431893.784,"nativeAgeMs":22.584}
10-12 10:34:24.054 25077 25158 I ReactNativeJS: [outputs] outputs.hapticSymbol {"timestamp":47439119.979766,"wallClock":1760279664053,"enabled":true,"symbol":"-","durationMs":360,"platform":"android","source":"console.replay","correlationId":"console-replay:mgnt29is1h0h1owh","timelineOffsetMs":null}
10-12 10:34:24.054 25077 25158 I ReactNativeJS: [outputs] outputs.flashPulse {"timestamp":47439121.151537,"wallClock":1760279664054,"enabled":true,"durationMs":360,"source":"console.replay","correlationId":"console-replay:mgnt29is1h0h1owh","timelineOffsetMs":22.807933002710342,"schedulingMode":"timeline","audioStartHeadroomMs":-35.341338999569416,"audioStartGuard":"headroom","audioStartCompensationMs":35.341338999569416}
10-12 10:34:24.141 25077 25158 I ReactNativeJS: [outputs] outputs.flashPulse.commit {"timestamp":47439207.884349,"wallClock":1760279664141,"durationMs":360,"source":"console.replay","correlationId":"console-replay:mgnt29is1h0h1owh","latencyMs":90.55666599422693,"timelineOffsetMs":22.807933002710342,"leadMs":8,"scheduleSkewMs":86.74656199663877,"schedulingMode":"timeline","audioStartHeadroomMs":-35.341338999569416,"audioStartGuard":"headroom","audioStartCompensationMs":35.341338999569416}
10-12 10:34:24.388 25077 25247 D OutputsAudio: [outputs-audio] stop gain=1.000 release=6.00
10-12 10:34:24.388 25077 25247 D OutputsAudio: [outputs-audio] playMorse.gap sequence=22 nextOffset=7680.000 gapTarget=47439573.784
10-12 10:34:24.388 25077 25247 D OutputsAudio: [outputs-audio] playMorse.dispatch sequence=23 symbol=- offset=7680.000 lead=90.000 dispatchAt=47439483.784
10-12 10:34:24.418 25077 25247 D OutputsAudio: [outputs-audio] start hz=650.0 gain=1.000 attack=2.50 release=6.00
10-12 10:34:24.419 25077 25247 D OutputsAudio: [outputs-audio] playMorse.symbol.start sequence=23 symbol=- expected=47439573.784 actual=47439575.285 skew=1.501 batchElapsed=7681.501
10-12 10:34:24.534 25077 25158 D OutputsAudio: [outputs-audio] symbol.info sequence=23 symbol=- timestamp=47439575.285 duration=360.000 expected=47439573.784 skew=1.501 age=26.201
10-12 10:34:24.535 25077 25158 I ReactNativeJS: [outputs] playMorse.symbol {"timestamp":47439601.717422,"wallClock":1760279664535,"symbol":"-","durationMs":360,"index":22,"source":"console.replay","correlationId":"console-replay:vn7gl3sh","nativeTimestampMs":47439575.285,"nativeDurationMs":360,"nativeOffsetMs":26.34164100140333,"nativeSequence":23,"monotonicTimestampMs":47439575.285,"nativeExpectedTimestampMs":47439573.784,"nativeStartSkewMs":1.501,"nativeBatchElapsedMs":7681.501,"nativeExpectedSincePriorMs":480,"nativeSincePriorMs":480.774,"nativePatternStartMs":47431893.784,"nativeAgeMs":26.201}
10-12 10:34:24.536 25077 25158 I ReactNativeJS: [outputs] playMorse.symbol {"timestamp":47439602.620703,"wallClock":1760279664536,"symbol":"-","durationMs":360,"index":22,"source":"console.replay","correlationId":"console-replay:mgnt29w8rbnql9jh","nativeTimestampMs":47439575.285,"nativeDurationMs":360,"nativeOffsetMs":26.34164100140333,"nativeSequence":23,"monotonicTimestampMs":47439575.285,"nativeExpectedTimestampMs":47439573.784,"nativeStartSkewMs":1.501,"nativeBatchElapsedMs":7681.501,"nativeExpectedSincePriorMs":480,"nativeSincePriorMs":480.774,"nativePatternStartMs":47431893.784,"nativeAgeMs":26.201}
10-12 10:34:24.537 25077 25158 I ReactNativeJS: [outputs] outputs.hapticSymbol {"timestamp":47439603.242266,"wallClock":1760279664536,"enabled":true,"symbol":"-","durationMs":360,"platform":"android","source":"console.replay","correlationId":"console-replay:mgnt29w8rbnql9jh","timelineOffsetMs":null}
10-12 10:34:24.538 25077 25158 I ReactNativeJS: [outputs] outputs.flashPulse {"timestamp":47439604.101224,"wallClock":1760279664537,"enabled":true,"durationMs":360,"source":"console.replay","correlationId":"console-replay:mgnt29w8rbnql9jh","timelineOffsetMs":26.34164100140333,"schedulingMode":"timeline","audioStartHeadroomMs":-38.297015994787216,"audioStartGuard":"headroom","audioStartCompensationMs":38.297015994787216}
10-12 10:34:24.609 25077 25158 I ReactNativeJS: [outputs] outputs.flashPulse.commit {"timestamp":47439675.225755,"wallClock":1760279664608,"durationMs":360,"source":"console.replay","correlationId":"console-replay:mgnt29w8rbnql9jh","latencyMs":73.5894789993763,"timelineOffsetMs":26.34164100140333,"leadMs":8,"scheduleSkewMs":71.13229199498892,"schedulingMode":"timeline","audioStartHeadroomMs":-38.297015994787216,"audioStartGuard":"headroom","audioStartCompensationMs":38.297015994787216}
10-12 10:34:24.869 25077 25247 D OutputsAudio: [outputs-audio] stop gain=1.000 release=6.00
10-12 10:34:24.869 25077 25247 D OutputsAudio: [outputs-audio] playMorse.gap sequence=23 nextOffset=8160.000 gapTarget=47440053.784
10-12 10:34:24.869 25077 25247 D OutputsAudio: [outputs-audio] playMorse.dispatch sequence=24 symbol=- offset=8160.000 lead=90.000 dispatchAt=47439963.784
10-12 10:34:24.897 25077 25247 D OutputsAudio: [outputs-audio] start hz=650.0 gain=1.000 attack=2.50 release=6.00
10-12 10:34:24.898 25077 25247 D OutputsAudio: [outputs-audio] playMorse.symbol.start sequence=24 symbol=- expected=47440053.784 actual=47440054.700 skew=0.915 batchElapsed=8160.915
10-12 10:34:25.023 25077 25158 D OutputsAudio: [outputs-audio] symbol.info sequence=24 symbol=- timestamp=47440054.700 duration=360.000 expected=47440053.784 skew=0.915 age=35.520
10-12 10:34:25.025 25077 25158 I ReactNativeJS: [outputs] playMorse.symbol {"timestamp":47440090.523515,"wallClock":1760279665023,"symbol":"-","durationMs":360,"index":23,"source":"console.replay","correlationId":"console-replay:iqpjjytm","nativeTimestampMs":47440054.7,"nativeDurationMs":360,"nativeOffsetMs":35.70085899531841,"nativeSequence":24,"monotonicTimestampMs":47440054.7,"nativeExpectedTimestampMs":47440053.784,"nativeStartSkewMs":0.915,"nativeBatchElapsedMs":8160.915,"nativeExpectedSincePriorMs":480,"nativeSincePriorMs":479.414,"nativePatternStartMs":47431893.784,"nativeAgeMs":35.52}
10-12 10:34:25.026 25077 25158 I ReactNativeJS: [outputs] playMorse.symbol {"timestamp":47440092.396536,"wallClock":1760279665025,"symbol":"-","durationMs":360,"index":23,"source":"console.replay","correlationId":"console-replay:mgnt2a9tyodhcuvb","nativeTimestampMs":47440054.7,"nativeDurationMs":360,"nativeOffsetMs":35.70085899531841,"nativeSequence":24,"monotonicTimestampMs":47440054.7,"nativeExpectedTimestampMs":47440053.784,"nativeStartSkewMs":0.915,"nativeBatchElapsedMs":8160.915,"nativeExpectedSincePriorMs":480,"nativeSincePriorMs":479.414,"nativePatternStartMs":47431893.784,"nativeAgeMs":35.52}
10-12 10:34:25.028 25077 25158 I ReactNativeJS: [outputs] outputs.hapticSymbol {"timestamp":47440093.638463,"wallClock":1760279665027,"enabled":true,"symbol":"-","durationMs":360,"platform":"android","source":"console.replay","correlationId":"console-replay:mgnt2a9tyodhcuvb","timelineOffsetMs":null}
10-12 10:34:25.029 25077 25158 I ReactNativeJS: [outputs] outputs.flashPulse {"timestamp":47440095.209401,"wallClock":1760279665028,"enabled":true,"durationMs":360,"source":"console.replay","correlationId":"console-replay:mgnt2a9tyodhcuvb","timelineOffsetMs":35.70085899531841,"schedulingMode":"timeline","audioStartHeadroomMs":-49.39821299910545,"audioStartGuard":"headroom","audioStartCompensationMs":49.39821299910545}
10-12 10:34:25.115 25077 25158 I ReactNativeJS: [outputs] outputs.flashPulse.commit {"timestamp":47440181.899818,"wallClock":1760279665115,"durationMs":360,"source":"console.replay","correlationId":"console-replay:mgnt2a9tyodhcuvb","latencyMs":91.48802100121975,"timelineOffsetMs":35.70085899531841,"leadMs":8,"scheduleSkewMs":86.70322900265455,"schedulingMode":"timeline","audioStartHeadroomMs":-49.39821299910545,"audioStartGuard":"headroom","audioStartCompensationMs":49.39821299910545}
10-12 10:34:25.348 25077 25247 D OutputsAudio: [outputs-audio] stop gain=1.000 release=6.00
10-12 10:34:25.348 25077 25247 D OutputsAudio: [outputs-audio] playMorse.gap sequence=24 nextOffset=8640.000 gapTarget=47440533.784
10-12 10:34:25.349 25077 25247 D OutputsAudio: [outputs-audio] playMorse.dispatch sequence=25 symbol=. offset=8640.000 lead=90.000 dispatchAt=47440443.784
10-12 10:34:25.377 25077 25247 D OutputsAudio: [outputs-audio] start hz=650.0 gain=1.000 attack=2.50 release=6.00
10-12 10:34:25.377 25077 25247 D OutputsAudio: [outputs-audio] playMorse.symbol.start sequence=25 symbol=. expected=47440533.784 actual=47440534.307 skew=0.523 batchElapsed=8640.523
10-12 10:34:25.517 25077 25158 D OutputsAudio: [outputs-audio] symbol.info sequence=25 symbol=. timestamp=47440534.307 duration=120.000 expected=47440533.784 skew=0.523 age=49.979
10-12 10:34:25.519 25077 25158 I ReactNativeJS: [outputs] playMorse.symbol {"timestamp":47440584.618359,"wallClock":1760279665518,"symbol":".","durationMs":120,"index":24,"source":"console.replay","correlationId":"console-replay:9oyusd08","nativeTimestampMs":47440534.307,"nativeDurationMs":120,"nativeOffsetMs":50.19167200475931,"nativeSequence":25,"monotonicTimestampMs":47440534.307,"nativeExpectedTimestampMs":47440533.784,"nativeStartSkewMs":0.523,"nativeBatchElapsedMs":8640.523,"nativeExpectedSincePriorMs":480,"nativeSincePriorMs":479.607,"nativePatternStartMs":47431893.784,"nativeAgeMs":49.979}
10-12 10:34:25.520 25077 25158 I ReactNativeJS: [outputs] playMorse.symbol {"timestamp":47440585.902317,"wallClock":1760279665519,"symbol":".","durationMs":120,"index":24,"source":"console.replay","correlationId":"console-replay:mgnt2anj301efbkx","nativeTimestampMs":47440534.307,"nativeDurationMs":120,"nativeOffsetMs":50.19167200475931,"nativeSequence":25,"monotonicTimestampMs":47440534.307,"nativeExpectedTimestampMs":47440533.784,"nativeStartSkewMs":0.523,"nativeBatchElapsedMs":8640.523,"nativeExpectedSincePriorMs":480,"nativeSincePriorMs":479.607,"nativePatternStartMs":47431893.784,"nativeAgeMs":49.979}
10-12 10:34:25.520 25077 25158 I ReactNativeJS: [outputs] outputs.hapticSymbol {"timestamp":47440586.873984,"wallClock":1760279665520,"enabled":true,"symbol":".","durationMs":120,"platform":"android","source":"console.replay","correlationId":"console-replay:mgnt2anj301efbkx","timelineOffsetMs":null}
10-12 10:34:25.522 25077 25158 I ReactNativeJS: [outputs] outputs.flashPulse {"timestamp":47440588.208724,"wallClock":1760279665521,"enabled":true,"durationMs":120,"source":"console.replay","correlationId":"console-replay:mgnt2anj301efbkx","timelineOffsetMs":50.19167200475931,"schedulingMode":"timeline","audioStartHeadroomMs":-62.39935899525881,"audioStartGuard":"headroom","audioStartCompensationMs":62.39935899525881}
10-12 10:34:25.588 25077 25247 D OutputsAudio: [outputs-audio] stop gain=1.000 release=6.00
10-12 10:34:25.588 25077 25247 D OutputsAudio: [outputs-audio] playMorse.gap sequence=25 nextOffset=8880.000 gapTarget=47440773.784
10-12 10:34:25.588 25077 25247 D OutputsAudio: [outputs-audio] playMorse.dispatch sequence=26 symbol=. offset=8880.000 lead=90.000 dispatchAt=47440683.784
10-12 10:34:25.602 25077 25158 I ReactNativeJS: [outputs] outputs.flashPulse.commit {"timestamp":47440668.926744,"wallClock":1760279665602,"durationMs":120,"source":"console.replay","correlationId":"console-replay:mgnt2anj301efbkx","latencyMs":84.41900999844074,"timelineOffsetMs":50.19167200475931,"leadMs":8,"scheduleSkewMs":80.7313539981842,"schedulingMode":"timeline","audioStartHeadroomMs":-62.39935899525881,"audioStartGuard":"headroom","audioStartCompensationMs":62.39935899525881}
10-12 10:34:25.618 25077 25247 D OutputsAudio: [outputs-audio] start hz=650.0 gain=1.000 attack=2.50 release=6.00
10-12 10:34:25.618 25077 25247 D OutputsAudio: [outputs-audio] playMorse.symbol.start sequence=26 symbol=. expected=47440773.784 actual=47440775.002 skew=1.217 batchElapsed=8881.217
10-12 10:34:25.723 25077 25158 D OutputsAudio: [outputs-audio] symbol.info sequence=26 symbol=. timestamp=47440775.002 duration=120.000 expected=47440773.784 skew=1.217 age=15.170
10-12 10:34:25.725 25077 25158 I ReactNativeJS: [outputs] playMorse.symbol {"timestamp":47440790.426588,"wallClock":1760279665723,"symbol":".","durationMs":120,"index":25,"source":"console.replay","correlationId":"console-replay:c1cmsjw1","nativeTimestampMs":47440775.002,"nativeDurationMs":120,"nativeOffsetMs":15.322557002305984,"nativeSequence":26,"monotonicTimestampMs":47440775.002,"nativeExpectedTimestampMs":47440773.784,"nativeStartSkewMs":1.217,"nativeBatchElapsedMs":8881.217,"nativeExpectedSincePriorMs":240,"nativeSincePriorMs":240.695,"nativePatternStartMs":47431893.784,"nativeAgeMs":15.17}
10-12 10:34:25.727 25077 25158 I ReactNativeJS: [outputs] playMorse.symbol {"timestamp":47440792.687682,"wallClock":1760279665726,"symbol":".","durationMs":120,"index":25,"source":"console.replay","correlationId":"console-replay:mgnt2ata35hwoej3","nativeTimestampMs":47440775.002,"nativeDurationMs":120,"nativeOffsetMs":15.322557002305984,"nativeSequence":26,"monotonicTimestampMs":47440775.002,"nativeExpectedTimestampMs":47440773.784,"nativeStartSkewMs":1.217,"nativeBatchElapsedMs":8881.217,"nativeExpectedSincePriorMs":240,"nativeSincePriorMs":240.695,"nativePatternStartMs":47431893.784,"nativeAgeMs":15.17}
10-12 10:34:25.729 25077 25158 I ReactNativeJS: [outputs] outputs.hapticSymbol {"timestamp":47440794.499453,"wallClock":1760279665727,"enabled":true,"symbol":".","durationMs":120,"platform":"android","source":"console.replay","correlationId":"console-replay:mgnt2ata35hwoej3","timelineOffsetMs":null}
10-12 10:34:25.736 25077 25158 I ReactNativeJS: [outputs] outputs.flashPulse {"timestamp":47440799.061484,"wallClock":1760279665732,"enabled":true,"durationMs":120,"source":"console.replay","correlationId":"console-replay:mgnt2ata35hwoej3","timelineOffsetMs":15.322557002305984,"schedulingMode":"timeline","audioStartHeadroomMs":-33.255295999348164,"audioStartGuard":"headroom","audioStartCompensationMs":33.255295999348164}
10-12 10:34:25.815 25077 25158 I ReactNativeJS: [outputs] outputs.flashPulse.commit {"timestamp":47440882.059921,"wallClock":1760279665815,"durationMs":120,"source":"console.replay","correlationId":"console-replay:mgnt2ata35hwoej3","latencyMs":91.72494800388813,"timelineOffsetMs":15.322557002305984,"leadMs":8,"scheduleSkewMs":83.00765600055456,"schedulingMode":"timeline","audioStartHeadroomMs":-33.255295999348164,"audioStartGuard":"headroom","audioStartCompensationMs":33.255295999348164}
10-12 10:34:25.828 25077 25247 D OutputsAudio: [outputs-audio] stop gain=1.000 release=6.00
10-12 10:34:25.828 25077 25247 D OutputsAudio: [outputs-audio] playMorse.gap sequence=26 nextOffset=9120.000 gapTarget=47441013.784
10-12 10:34:25.828 25077 25247 D OutputsAudio: [outputs-audio] playMorse.dispatch sequence=27 symbol=. offset=9120.000 lead=90.000 dispatchAt=47440923.784
10-12 10:34:25.858 25077 25247 D OutputsAudio: [outputs-audio] start hz=650.0 gain=1.000 attack=2.50 release=6.00
10-12 10:34:25.858 25077 25247 D OutputsAudio: [outputs-audio] playMorse.symbol.start sequence=27 symbol=. expected=47441013.784 actual=47441014.910 skew=1.126 batchElapsed=9121.126
10-12 10:34:25.953 25077 25158 D OutputsAudio: [outputs-audio] symbol.info sequence=27 symbol=. timestamp=47441014.910 duration=120.000 expected=47441013.784 skew=1.126 age=4.719
10-12 10:34:25.953 25077 25158 I ReactNativeJS: [outputs] playMorse.symbol {"timestamp":47441019.782473,"wallClock":1760279665953,"symbol":".","durationMs":120,"index":26,"source":"console.replay","correlationId":"console-replay:kq3t9m0b","nativeTimestampMs":47441014.91,"nativeDurationMs":120,"nativeOffsetMs":4.814401000738144,"nativeSequence":27,"monotonicTimestampMs":47441014.91,"nativeExpectedTimestampMs":47441013.784,"nativeStartSkewMs":1.126,"nativeBatchElapsedMs":9121.126,"nativeExpectedSincePriorMs":240,"nativeSincePriorMs":239.908,"nativePatternStartMs":47431893.784,"nativeAgeMs":4.719}
10-12 10:34:25.954 25077 25158 I ReactNativeJS: [outputs] playMorse.symbol {"timestamp":47441020.425182,"wallClock":1760279665953,"symbol":".","durationMs":120,"index":26,"source":"console.replay","correlationId":"console-replay:mgnt2azl81kdtjiu","nativeTimestampMs":47441014.91,"nativeDurationMs":120,"nativeOffsetMs":4.814401000738144,"nativeSequence":27,"monotonicTimestampMs":47441014.91,"nativeExpectedTimestampMs":47441013.784,"nativeStartSkewMs":1.126,"nativeBatchElapsedMs":9121.126,"nativeExpectedSincePriorMs":240,"nativeSincePriorMs":239.908,"nativePatternStartMs":47431893.784,"nativeAgeMs":4.719}
10-12 10:34:25.954 25077 25158 I ReactNativeJS: [outputs] outputs.hapticSymbol {"timestamp":47441020.790442,"wallClock":1760279665954,"enabled":true,"symbol":".","durationMs":120,"platform":"android","source":"console.replay","correlationId":"console-replay:mgnt2azl81kdtjiu","timelineOffsetMs":null}
10-12 10:34:25.955 25077 25158 I ReactNativeJS: [outputs] outputs.flashPulse {"timestamp":47441021.336015,"wallClock":1760279665954,"enabled":true,"durationMs":120,"source":"console.replay","correlationId":"console-replay:mgnt2azl81kdtjiu","timelineOffsetMs":4.814401000738144,"schedulingMode":"timeline","audioStartHeadroomMs":-15.539670996367931,"audioStartGuard":"headroom","audioStartCompensationMs":15.539670996367931}
10-12 10:34:26.028 25077 25158 I ReactNativeJS: [outputs] outputs.flashPulse.commit {"timestamp":47441094.871692,"wallClock":1760279666028,"durationMs":120,"source":"console.replay","correlationId":"console-replay:mgnt2azl81kdtjiu","latencyMs":75.13828100264072,"timelineOffsetMs":4.814401000738144,"leadMs":8,"scheduleSkewMs":73.53734400123358,"schedulingMode":"timeline","audioStartHeadroomMs":-15.539670996367931,"audioStartGuard":"headroom","audioStartCompensationMs":15.539670996367931}
10-12 10:34:26.068 25077 25247 D OutputsAudio: [outputs-audio] stop gain=1.000 release=6.00
10-12 10:34:26.069 25077 25247 D OutputsAudio: [outputs-audio] stop gain=1.000 release=6.00
10-12 10:34:26.069 25077 25247 D OutputsAudio: [outputs-audio] playMorse.end cancelled=0
10-12 10:34:26.092 25077 25158 I ReactNativeJS: [outputs] playMorse.complete {"timestamp":47441158.137057,"wallClock":1760279666091,"durationMs":10048.840516999364,"source":"console.replay","audioEnabled":true,"audioVolumePercent":100}
10-12 10:34:28.264 25077 25158 I ReactNativeJS: [outputs] playMorse.start {"timestamp":47443330.019712,"wallClock":1760279668263,"unitMs":80,"length":29,"source":"console.replay","audioEnabled":true,"audioVolumePercent":100}
10-12 10:34:28.770 25077 25158 D OutputsAudio: [outputs-audio] warmup hz=650.0
10-12 10:34:28.771 25077 25297 D OutputsAudio: [outputs-audio] playMorse.start count=27 unit=80.0
10-12 10:34:28.771 25077 25297 D OutputsAudio: [outputs-audio] playMorse.dispatch sequence=1 symbol=. offset=0.000 lead=0.000 dispatchAt=47443837.374
10-12 10:34:28.771 25077 25297 D OutputsAudio: [outputs-audio] start hz=650.0 gain=1.000 attack=2.50 release=6.00
10-12 10:34:28.771 25077 25297 D OutputsAudio: [outputs-audio] playMorse.symbol.start sequence=1 symbol=. expected=47443837.374 actual=47443838.162 skew=0.789 batchElapsed=0.789
10-12 10:34:28.784 25077 25158 D OutputsAudio: [outputs-audio] symbol.info sequence=1 symbol=. timestamp=47443838.162 duration=80.000 expected=47443837.374 skew=0.789 age=13.034
10-12 10:34:28.785 25077 25158 I ReactNativeJS: [outputs] playMorse.symbol {"timestamp":47443851.408879,"wallClock":1760279668784,"symbol":".","durationMs":80,"index":0,"source":"console.replay","correlationId":"console-replay:drncvnb1","nativeTimestampMs":47443838.162,"nativeDurationMs":80,"nativeOffsetMs":13.14979500323534,"nativeSequence":1,"monotonicTimestampMs":47443838.162,"nativeExpectedTimestampMs":47443837.374,"nativeStartSkewMs":0.789,"nativeBatchElapsedMs":0.789,"nativeExpectedSincePriorMs":0,"nativeSincePriorMs":0,"nativePatternStartMs":47443837.374,"nativeAgeMs":13.034}
10-12 10:34:28.786 25077 25158 I ReactNativeJS: [outputs] playMorse.symbol {"timestamp":47443852.556639,"wallClock":1760279668785,"symbol":".","durationMs":80,"index":0,"source":"console.replay","correlationId":"console-replay:mgnt2d69dxvaqk4r","nativeTimestampMs":47443838.162,"nativeDurationMs":80,"nativeOffsetMs":13.14979500323534,"nativeSequence":1,"monotonicTimestampMs":47443838.162,"nativeExpectedTimestampMs":47443837.374,"nativeStartSkewMs":0.789,"nativeBatchElapsedMs":0.789,"nativeExpectedSincePriorMs":0,"nativeSincePriorMs":0,"nativePatternStartMs":47443837.374,"nativeAgeMs":13.034}
10-12 10:34:28.787 25077 25158 I ReactNativeJS: [outputs] outputs.hapticSymbol {"timestamp":47443853.16492,"wallClock":1760279668786,"enabled":true,"symbol":".","durationMs":80,"platform":"android","source":"console.replay","correlationId":"console-replay:mgnt2d69dxvaqk4r","timelineOffsetMs":null}
10-12 10:34:28.787 25077 25158 I ReactNativeJS: [outputs] outputs.flashPulse {"timestamp":47443854.113774,"wallClock":1760279668787,"enabled":true,"durationMs":80,"source":"console.replay","correlationId":"console-replay:mgnt2d69dxvaqk4r","timelineOffsetMs":13.14979500323534,"schedulingMode":"timeline","audioStartHeadroomMs":-24.716076999902725,"audioStartGuard":"headroom","audioStartCompensationMs":24.716076999902725}
10-12 10:34:28.852 25077 25297 D OutputsAudio: [outputs-audio] stop gain=1.000 release=6.00
10-12 10:34:28.852 25077 25297 D OutputsAudio: [outputs-audio] playMorse.gap sequence=1 nextOffset=160.000 gapTarget=47443997.374
10-12 10:34:28.852 25077 25297 D OutputsAudio: [outputs-audio] playMorse.dispatch sequence=2 symbol=. offset=160.000 lead=90.000 dispatchAt=47443907.374
10-12 10:34:28.852 25077 25297 D OutputsAudio: [outputs-audio] start hz=650.0 gain=1.000 attack=2.50 release=6.00
10-12 10:34:28.852 25077 25297 D OutputsAudio: [outputs-audio] playMorse.symbol.start sequence=2 symbol=. expected=47443997.374 actual=47444008.979 skew=11.605 batchElapsed=171.605
10-12 10:34:28.867 25077 25158 I ReactNativeJS: [outputs] outputs.flashPulse.commit {"timestamp":47443934.169087,"wallClock":1760279668867,"durationMs":80,"source":"console.replay","correlationId":"console-replay:mgnt2d69dxvaqk4r","latencyMs":82.84713599830866,"timelineOffsetMs":13.14979500323534,"leadMs":8,"scheduleSkewMs":80.06536500155926,"schedulingMode":"timeline","audioStartHeadroomMs":-24.716076999902725,"audioStartGuard":"headroom","audioStartCompensationMs":24.716076999902725}
10-12 10:34:28.992 25077 25158 D OutputsAudio: [outputs-audio] symbol.info sequence=2 symbol=. timestamp=47444008.979 duration=80.000 expected=47443997.374 skew=11.605 age=49.930
10-12 10:34:28.992 25077 25158 I ReactNativeJS: [outputs] playMorse.symbol {"timestamp":47444059.061587,"wallClock":1760279668992,"symbol":".","durationMs":80,"index":1,"source":"console.replay","correlationId":"console-replay:yibtsaea","nativeTimestampMs":47444008.979,"nativeDurationMs":80,"nativeOffsetMs":50.03123299777508,"nativeSequence":2,"monotonicTimestampMs":47444008.979,"nativeExpectedTimestampMs":47443997.374,"nativeStartSkewMs":11.605,"nativeBatchElapsedMs":171.605,"nativeExpectedSincePriorMs":160,"nativeSincePriorMs":170.817,"nativePatternStartMs":47443837.374,"nativeAgeMs":49.93}
10-12 10:34:28.993 25077 25158 I ReactNativeJS: [outputs] playMorse.symbol {"timestamp":47444059.608045,"wallClock":1760279668993,"symbol":".","durationMs":80,"index":1,"source":"console.replay","correlationId":"console-replay:mgnt2dc04fw0n8v4","nativeTimestampMs":47444008.979,"nativeDurationMs":80,"nativeOffsetMs":50.03123299777508,"nativeSequence":2,"monotonicTimestampMs":47444008.979,"nativeExpectedTimestampMs":47443997.374,"nativeStartSkewMs":11.605,"nativeBatchElapsedMs":171.605,"nativeExpectedSincePriorMs":160,"nativeSincePriorMs":170.817,"nativePatternStartMs":47443837.374,"nativeAgeMs":49.93}
10-12 10:34:28.993 25077 25158 I ReactNativeJS: [outputs] outputs.hapticSymbol {"timestamp":47444059.96867,"wallClock":1760279668993,"enabled":true,"symbol":".","durationMs":80,"platform":"android","source":"console.replay","correlationId":"console-replay:mgnt2dc04fw0n8v4","timelineOffsetMs":null}
10-12 10:34:28.994 25077 25158 I ReactNativeJS: [outputs] outputs.flashPulse {"timestamp":47444060.569556,"wallClock":1760279668993,"enabled":true,"durationMs":80,"source":"console.replay","correlationId":"console-replay:mgnt2dc04fw0n8v4","timelineOffsetMs":50.03123299777508,"schedulingMode":"timeline","audioStartHeadroomMs":-71.18274300545454,"audioStartGuard":"headroom","audioStartCompensationMs":71.18274300545454}
10-12 10:34:29.022 25077 25297 D OutputsAudio: [outputs-audio] stop gain=1.000 release=6.00
10-12 10:34:29.022 25077 25297 D OutputsAudio: [outputs-audio] playMorse.gap sequence=2 nextOffset=320.000 gapTarget=47444157.374
10-12 10:34:29.022 25077 25297 D OutputsAudio: [outputs-audio] playMorse.dispatch sequence=3 symbol=. offset=320.000 lead=90.000 dispatchAt=47444067.374
10-12 10:34:29.022 25077 25297 D OutputsAudio: [outputs-audio] start hz=650.0 gain=1.000 attack=2.50 release=6.00
10-12 10:34:29.022 25077 25297 D OutputsAudio: [outputs-audio] playMorse.symbol.start sequence=3 symbol=. expected=47444157.374 actual=47444179.480 skew=22.107 batchElapsed=342.107
10-12 10:34:29.062 25077 25158 I ReactNativeJS: [outputs] outputs.flashPulse.commit {"timestamp":47444128.647108,"wallClock":1760279669062,"durationMs":80,"source":"console.replay","correlationId":"console-replay:mgnt2dc04fw0n8v4","latencyMs":69.62786400318146,"timelineOffsetMs":50.03123299777508,"leadMs":8,"scheduleSkewMs":68.07984299957752,"schedulingMode":"timeline","audioStartHeadroomMs":-71.18274300545454,"audioStartGuard":"headroom","audioStartCompensationMs":71.18274300545454}
