10-11 15:46:59.983  2422  2607 I ReactNativeJS: [outputs] outputs.hapticSymbol {"timestamp":13043503.893303,"wallClock":1760212019982,"enabled":true,"symbol":".","durationMs":80,"platform":"android","source":"console.replay","correlationId":"console-replay:mgmosf0u9oyroow3","timelineOffsetMs":12.239625999704003}
10-11 15:46:59.983  2422  2607 I ReactNativeJS: [outputs] outputs.flashPulse {"timestamp":13043504.803772,"wallClock":1760212019983,"enabled":true,"durationMs":80,"source":"console.replay","correlationId":"console-replay:mgmosf0u9oyroow3","timelineOffsetMs":12.239625999704003}
10-11 15:47:00.040  2422  2607 I ReactNativeJS: [outputs] outputs.flashPulse.commit {"timestamp":13043561.28648,"wallClock":1760212020040,"durationMs":80,"source":"console.replay","correlationId":"console-replay:mgmosf0u9oyroow3","latencyMs":58.083228999748826,"timelineOffsetMs":12.239625999704003,"leadMs":8,"scheduleSkewMs":66.08322899974883}
10-11 15:47:00.050  2422  9344 D OutputsAudio: [outputs-audio] stop gain=1.000 release=6.00
10-11 15:47:00.131  2422  9344 D OutputsAudio: [outputs-audio] start hz=700.0 gain=1.000 attack=2.50 release=6.00
10-11 15:47:00.141  2422  2607 D OutputsAudio: [outputs-audio] symbol.info sequence=22 symbol=- timestamp=13043653.171 duration=240.000
10-11 15:47:00.142  2422  2607 I ReactNativeJS: [outputs] playMorse.symbol {"timestamp":13043662.677157,"wallClock":1760212020141,"symbol":"-","durationMs":240,"index":21,"source":"console.replay","correlationId":"console-replay:mgmosf59o06ai4ye","nativeTimestampMs":13043653.171,"nativeDurationMs":240,"nativeOffsetMs":9.438710000365973,"nativeSequence":22,"monotonicTimestampMs":13043653.171}
10-11 15:47:00.142  2422  2607 I ReactNativeJS: [outputs] outputs.hapticSymbol {"timestamp":13043663.275074,"wallClock":1760212020142,"enabled":true,"symbol":"-","durationMs":240,"platform":"android","source":"console.replay","correlationId":"console-replay:mgmosf59o06ai4ye","timelineOffsetMs":9.438710000365973}
10-11 15:47:00.143  2422  2607 I ReactNativeJS: [outputs] outputs.flashPulse {"timestamp":13043664.18997,"wallClock":1760212020143,"enabled":true,"durationMs":240,"source":"console.replay","correlationId":"console-replay:mgmosf59o06ai4ye","timelineOffsetMs":9.438710000365973}
10-11 15:47:00.199  2422  2607 I ReactNativeJS: [outputs] outputs.flashPulse.commit {"timestamp":13043720.661793,"wallClock":1760212020199,"durationMs":240,"source":"console.replay","correlationId":"console-replay:mgmosf59o06ai4ye","latencyMs":58.046666000038385,"timelineOffsetMs":9.438710000365973,"leadMs":8,"scheduleSkewMs":66.04666600003839}
10-11 15:47:00.372  2422  9344 D OutputsAudio: [outputs-audio] stop gain=1.000 release=6.00
10-11 15:47:00.454  2422  9344 D OutputsAudio: [outputs-audio] start hz=700.0 gain=1.000 attack=2.50 release=6.00
10-11 15:47:00.478  2422  2607 D OutputsAudio: [outputs-audio] symbol.info sequence=23 symbol=- timestamp=13043975.572 duration=240.000
10-11 15:47:00.480  2422  2607 I ReactNativeJS: [outputs] playMorse.symbol {"timestamp":13043999.410959,"wallClock":1760212020478,"symbol":"-","durationMs":240,"index":22,"source":"console.replay","correlationId":"console-replay:mgmosfemslw7komp","nativeTimestampMs":13043975.572,"nativeDurationMs":240,"nativeOffsetMs":23.72614699974656,"nativeSequence":23,"monotonicTimestampMs":13043975.572}
10-11 15:47:00.481  2422  2607 I ReactNativeJS: [outputs] outputs.hapticSymbol {"timestamp":13044001.961428,"wallClock":1760212020480,"enabled":true,"symbol":"-","durationMs":240,"platform":"android","source":"console.replay","correlationId":"console-replay:mgmosfemslw7komp","timelineOffsetMs":23.72614699974656}
10-11 15:47:00.483  2422  2607 I ReactNativeJS: [outputs] outputs.flashPulse {"timestamp":13044004.279084,"wallClock":1760212020483,"enabled":true,"durationMs":240,"source":"console.replay","correlationId":"console-replay:mgmosfemslw7komp","timelineOffsetMs":23.72614699974656}
10-11 15:47:00.543  2422  2607 I ReactNativeJS: [outputs] outputs.flashPulse.commit {"timestamp":13044063.779397,"wallClock":1760212020542,"durationMs":240,"source":"console.replay","correlationId":"console-replay:mgmosfemslw7komp","latencyMs":64.4756770003587,"timelineOffsetMs":23.72614699974656,"leadMs":8,"scheduleSkewMs":72.4756770003587}
10-11 15:47:00.694  2422  9344 D OutputsAudio: [outputs-audio] stop gain=1.000 release=6.00
10-11 15:47:00.775  2422  9344 D OutputsAudio: [outputs-audio] start hz=700.0 gain=1.000 attack=2.50 release=6.00
10-11 15:47:00.783  2422  2607 D OutputsAudio: [outputs-audio] symbol.info sequence=24 symbol=- timestamp=13044296.441 duration=240.000
10-11 15:47:00.784  2422  2607 I ReactNativeJS: [outputs] playMorse.symbol {"timestamp":13044304.446168,"wallClock":1760212020783,"symbol":"-","durationMs":240,"index":23,"source":"console.replay","correlationId":"console-replay:mgmosfn3bub2vx4i","nativeTimestampMs":13044296.441,"nativeDurationMs":240,"nativeOffsetMs":7.911886001005769,"nativeSequence":24,"monotonicTimestampMs":13044296.441}
10-11 15:47:00.785  2422  2607 I ReactNativeJS: [outputs] outputs.hapticSymbol {"timestamp":13044305.340386,"wallClock":1760212020784,"enabled":true,"symbol":"-","durationMs":240,"platform":"android","source":"console.replay","correlationId":"console-replay:mgmosfn3bub2vx4i","timelineOffsetMs":7.911886001005769}
10-11 15:47:00.788  2422  2607 I ReactNativeJS: [outputs] outputs.flashPulse {"timestamp":13044308.810022,"wallClock":1760212020787,"enabled":true,"durationMs":240,"source":"console.replay","correlationId":"console-replay:mgmosfn3bub2vx4i","timelineOffsetMs":7.911886001005769}
10-11 15:47:00.858  2422  2607 I ReactNativeJS: [outputs] outputs.flashPulse.commit {"timestamp":13044379.211272,"wallClock":1760212020858,"durationMs":240,"source":"console.replay","correlationId":"console-replay:mgmosfn3bub2vx4i","latencyMs":74.85098999924958,"timelineOffsetMs":7.911886001005769,"leadMs":8,"scheduleSkewMs":82.85098999924958}
10-11 15:47:01.015  2422  9344 D OutputsAudio: [outputs-audio] stop gain=1.000 release=6.00
10-11 15:47:01.096  2422  9344 D OutputsAudio: [outputs-audio] start hz=700.0 gain=1.000 attack=2.50 release=6.00
10-11 15:47:01.108  2422  2607 D OutputsAudio: [outputs-audio] symbol.info sequence=25 symbol=. timestamp=13044618.434 duration=80.000
10-11 15:47:01.109  2422  2607 I ReactNativeJS: [outputs] playMorse.symbol {"timestamp":13044630.044188,"wallClock":1760212021108,"symbol":".","durationMs":80,"index":24,"source":"console.replay","correlationId":"console-replay:mgmosfw40euehnms","nativeTimestampMs":13044618.434,"nativeDurationMs":80,"nativeOffsetMs":11.519251000136137,"nativeSequence":25,"monotonicTimestampMs":13044618.434}
10-11 15:47:01.113  2422  2607 I ReactNativeJS: [outputs] outputs.hapticSymbol {"timestamp":13044630.932001,"wallClock":1760212021109,"enabled":true,"symbol":".","durationMs":80,"platform":"android","source":"console.replay","correlationId":"console-replay:mgmosfw40euehnms","timelineOffsetMs":11.519251000136137}
10-11 15:47:01.117  2422  2607 I ReactNativeJS: [outputs] outputs.flashPulse {"timestamp":13044637.277261,"wallClock":1760212021116,"enabled":true,"durationMs":80,"source":"console.replay","correlationId":"console-replay:mgmosfw40euehnms","timelineOffsetMs":11.519251000136137}
10-11 15:47:01.174  2422  2607 I ReactNativeJS: [outputs] outputs.flashPulse.commit {"timestamp":13044694.867313,"wallClock":1760212021173,"durationMs":80,"source":"console.replay","correlationId":"console-replay:mgmosfw40euehnms","latencyMs":64.90828100033104,"timelineOffsetMs":11.519251000136137,"leadMs":8,"scheduleSkewMs":72.90828100033104}
10-11 15:47:01.178  2422  9344 D OutputsAudio: [outputs-audio] stop gain=1.000 release=6.00
10-11 15:47:01.259  2422  9344 D OutputsAudio: [outputs-audio] start hz=700.0 gain=1.000 attack=2.50 release=6.00
10-11 15:47:01.272  2422  2607 D OutputsAudio: [outputs-audio] symbol.info sequence=26 symbol=. timestamp=13044780.541 duration=80.000
10-11 15:47:01.274  2422  2607 I ReactNativeJS: [outputs] playMorse.symbol {"timestamp":13044794.174917,"wallClock":1760212021273,"symbol":".","durationMs":80,"index":25,"source":"console.replay","correlationId":"console-replay:mgmosg0p84g0w7g3","nativeTimestampMs":13044780.541,"nativeDurationMs":80,"nativeOffsetMs":13.548605000600219,"nativeSequence":26,"monotonicTimestampMs":13044780.541}
10-11 15:47:01.275  2422  2607 I ReactNativeJS: [outputs] outputs.hapticSymbol {"timestamp":13044795.62049,"wallClock":1760212021274,"enabled":true,"symbol":".","durationMs":80,"platform":"android","source":"console.replay","correlationId":"console-replay:mgmosg0p84g0w7g3","timelineOffsetMs":13.548605000600219}
10-11 15:47:01.276  2422  2607 I ReactNativeJS: [outputs] outputs.flashPulse {"timestamp":13044797.115647,"wallClock":1760212021275,"enabled":true,"durationMs":80,"source":"console.replay","correlationId":"console-replay:mgmosg0p84g0w7g3","timelineOffsetMs":13.548605000600219}
10-11 15:47:01.336  2422  2607 I ReactNativeJS: [outputs] outputs.flashPulse.commit {"timestamp":13044857.124553,"wallClock":1760212021335,"durationMs":80,"source":"console.replay","correlationId":"console-replay:mgmosg0p84g0w7g3","latencyMs":63.029896000400186,"timelineOffsetMs":13.548605000600219,"leadMs":8,"scheduleSkewMs":71.02989600040019}
10-11 15:47:01.340  2422  9344 D OutputsAudio: [outputs-audio] stop gain=1.000 release=6.00
10-11 15:47:01.421  2422  9344 D OutputsAudio: [outputs-audio] start hz=700.0 gain=1.000 attack=2.50 release=6.00
10-11 15:47:01.440  2422  2607 D OutputsAudio: [outputs-audio] symbol.info sequence=27 symbol=. timestamp=13044942.484 duration=80.000
10-11 15:47:01.441  2422  2607 I ReactNativeJS: [outputs] playMorse.symbol {"timestamp":13044962.237365,"wallClock":1760212021441,"symbol":".","durationMs":80,"index":26,"source":"console.replay","correlationId":"console-replay:mgmosg5d6sxi5l65","nativeTimestampMs":13044942.484,"nativeDurationMs":80,"nativeOffsetMs":19.672687999904156,"nativeSequence":27,"monotonicTimestampMs":13044942.484}
10-11 15:47:01.442  2422  2607 I ReactNativeJS: [outputs] outputs.hapticSymbol {"timestamp":13044963.066063,"wallClock":1760212021441,"enabled":true,"symbol":".","durationMs":80,"platform":"android","source":"console.replay","correlationId":"console-replay:mgmosg5d6sxi5l65","timelineOffsetMs":19.672687999904156}
10-11 15:47:01.443  2422  2607 I ReactNativeJS: [outputs] outputs.flashPulse {"timestamp":13044964.51398,"wallClock":1760212021443,"enabled":true,"durationMs":80,"source":"console.replay","correlationId":"console-replay:mgmosg5d6sxi5l65","timelineOffsetMs":19.672687999904156}
10-11 15:47:01.502  2422  9344 D OutputsAudio: [outputs-audio] stop gain=1.000 release=6.00
10-11 15:47:01.514  2422  2607 I ReactNativeJS: [outputs] outputs.flashPulse.commit {"timestamp":13045035.415647,"wallClock":1760212021514,"durationMs":80,"source":"console.replay","correlationId":"console-replay:mgmosg5d6sxi5l65","latencyMs":73.25343800149858,"timelineOffsetMs":19.672687999904156,"leadMs":8,"scheduleSkewMs":81.25343800149858}
10-11 15:47:01.564  2422  2607 I ReactNativeJS: [outputs] playMorse.complete {"timestamp":13045085.665126,"wallClock":1760212021564,"durationMs":6519.367132999003,"source":"console.replay","audioEnabled":true,"audioVolumePercent":100}
10-11 15:47:01.583  2422  9344 D OutputsAudio: [outputs-audio] stop gain=0.000 release=6.00
10-11 15:47:01.583  2422  9344 D OutputsAudio: [outputs-audio] playMorse.end cancelled=0
10-11 15:47:04.484  2422  2607 I ReactNativeJS: [outputs] playMorse.start {"timestamp":13048005.117625,"wallClock":1760212024483,"unitMs":60,"length":28,"source":"console.replay","audioEnabled":true,"audioVolumePercent":100}
10-11 15:47:04.681  2422  2607 D OutputsAudio: [outputs-audio] warmup hz=700.0
10-11 15:47:04.681  2422  9392 D OutputsAudio: [outputs-audio] playMorse.start count=27 unit=60.0
10-11 15:47:04.682  2422  9392 D OutputsAudio: [outputs-audio] start hz=700.0 gain=1.000 attack=2.50 release=6.00
10-11 15:47:04.691  2422  2607 D OutputsAudio: [outputs-audio] symbol.info sequence=1 symbol=. timestamp=13048203.138 duration=60.000
10-11 15:47:04.692  2422  2607 I ReactNativeJS: [outputs] playMorse.symbol {"timestamp":13048212.737677,"wallClock":1760212024691,"symbol":".","durationMs":60,"index":0,"source":"console.replay","correlationId":"console-replay:mgmosinnwolav0c3","nativeTimestampMs":13048203.138,"nativeDurationMs":60,"nativeOffsetMs":9.506759999319911,"nativeSequence":1,"monotonicTimestampMs":13048203.138}
10-11 15:47:04.692  2422  2607 I ReactNativeJS: [outputs] outputs.hapticSymbol {"timestamp":13048213.591791,"wallClock":1760212024692,"enabled":true,"symbol":".","durationMs":60,"platform":"android","source":"console.replay","correlationId":"console-replay:mgmosinnwolav0c3","timelineOffsetMs":9.506759999319911}
10-11 15:47:04.693  2422  2607 I ReactNativeJS: [outputs] outputs.flashPulse {"timestamp":13048214.713302,"wallClock":1760212024693,"enabled":true,"durationMs":60,"source":"console.replay","correlationId":"console-replay:mgmosinnwolav0c3","timelineOffsetMs":9.506759999319911}
10-11 15:47:04.742  2422  9392 D OutputsAudio: [outputs-audio] stop gain=1.000 release=6.00
10-11 15:47:04.756  2422  2607 I ReactNativeJS: [outputs] outputs.flashPulse.commit {"timestamp":13048277.545802,"wallClock":1760212024756,"durationMs":60,"source":"console.replay","correlationId":"console-replay:mgmosinnwolav0c3","latencyMs":64.8954170010984,"timelineOffsetMs":9.506759999319911,"leadMs":8,"scheduleSkewMs":72.8954170010984}
10-11 15:47:04.803  2422  9392 D OutputsAudio: [outputs-audio] start hz=700.0 gain=1.000 attack=2.50 release=6.00
10-11 15:47:04.819  2422  2607 D OutputsAudio: [outputs-audio] symbol.info sequence=2 symbol=. timestamp=13048324.419 duration=60.000
10-11 15:47:04.820  2422  2607 I ReactNativeJS: [outputs] playMorse.symbol {"timestamp":13048341.153666,"wallClock":1760212024820,"symbol":".","durationMs":60,"index":1,"source":"console.replay","correlationId":"console-replay:mgmosir81jbxjxa6","nativeTimestampMs":13048324.419,"nativeDurationMs":60,"nativeOffsetMs":16.66169700026512,"nativeSequence":2,"monotonicTimestampMs":13048324.419}
10-11 15:47:04.821  2422  2607 I ReactNativeJS: [outputs] outputs.hapticSymbol {"timestamp":13048341.858041,"wallClock":1760212024820,"enabled":true,"symbol":".","durationMs":60,"platform":"android","source":"console.replay","correlationId":"console-replay:mgmosir81jbxjxa6","timelineOffsetMs":16.66169700026512}
10-11 15:47:04.821  2422  2607 I ReactNativeJS: [outputs] outputs.flashPulse {"timestamp":13048342.842364,"wallClock":1760212024821,"enabled":true,"durationMs":60,"source":"console.replay","correlationId":"console-replay:mgmosir81jbxjxa6","timelineOffsetMs":16.66169700026512}
10-11 15:47:04.864  2422  9392 D OutputsAudio: [outputs-audio] stop gain=1.000 release=6.00
10-11 15:47:04.875  2422  2607 I ReactNativeJS: [outputs] outputs.flashPulse.commit {"timestamp":13048395.770697,"wallClock":1760212024874,"durationMs":60,"source":"console.replay","correlationId":"console-replay:mgmosir81jbxjxa6","latencyMs":54.684010999277234,"timelineOffsetMs":16.66169700026512,"leadMs":8,"scheduleSkewMs":62.684010999277234}
10-11 15:47:04.924  2422  9392 D OutputsAudio: [outputs-audio] start hz=700.0 gain=1.000 attack=2.50 release=6.00
10-11 15:47:04.936  2422  2607 D OutputsAudio: [outputs-audio] symbol.info sequence=3 symbol=. timestamp=13048446.576 duration=60.000
10-11 15:47:04.937  2422  2607 I ReactNativeJS: [outputs] playMorse.symbol {"timestamp":13048457.910645,"wallClock":1760212024936,"symbol":".","durationMs":60,"index":2,"source":"console.replay","correlationId":"console-replay:mgmosiug3htre8f9","nativeTimestampMs":13048446.576,"nativeDurationMs":60,"nativeOffsetMs":11.268707999959588,"nativeSequence":3,"monotonicTimestampMs":13048446.576}
10-11 15:47:04.937  2422  2607 I ReactNativeJS: [outputs] outputs.hapticSymbol {"timestamp":13048458.544031,"wallClock":1760212024937,"enabled":true,"symbol":".","durationMs":60,"platform":"android","source":"console.replay","correlationId":"console-replay:mgmosiug3htre8f9","timelineOffsetMs":11.268707999959588}
10-11 15:47:04.938  2422  2607 I ReactNativeJS: [outputs] outputs.flashPulse {"timestamp":13048459.389812,"wallClock":1760212024938,"enabled":true,"durationMs":60,"source":"console.replay","correlationId":"console-replay:mgmosiug3htre8f9","timelineOffsetMs":11.268707999959588}
10-11 15:47:04.985  2422  9392 D OutputsAudio: [outputs-audio] stop gain=1.000 release=6.00
10-11 15:47:04.990  2422  2607 I ReactNativeJS: [outputs] outputs.flashPulse.commit {"timestamp":13048511.108562,"wallClock":1760212024989,"durationMs":60,"source":"console.replay","correlationId":"console-replay:mgmosiug3htre8f9","latencyMs":53.25817700102925,"timelineOffsetMs":11.268707999959588,"leadMs":8,"scheduleSkewMs":61.25817700102925}
10-11 15:47:05.046  2422  9392 D OutputsAudio: [outputs-audio] start hz=700.0 gain=1.000 attack=2.50 release=6.00
10-11 15:47:05.067  2422  2607 D OutputsAudio: [outputs-audio] symbol.info sequence=4 symbol=- timestamp=13048568.200 duration=180.000
10-11 15:47:05.067  2422  2607 I ReactNativeJS: [outputs] playMorse.symbol {"timestamp":13048588.399447,"wallClock":1760212025067,"symbol":"-","durationMs":180,"index":3,"source":"console.replay","correlationId":"console-replay:mgmosiy3xyxjomv3","nativeTimestampMs":13048568.2,"nativeDurationMs":180,"nativeOffsetMs":20.12991600111127,"nativeSequence":4,"monotonicTimestampMs":13048568.2}
10-11 15:47:05.068  2422  2607 I ReactNativeJS: [outputs] outputs.hapticSymbol {"timestamp":13048589.10502,"wallClock":1760212025067,"enabled":true,"symbol":"-","durationMs":180,"platform":"android","source":"console.replay","correlationId":"console-replay:mgmosiy3xyxjomv3","timelineOffsetMs":20.12991600111127}
10-11 15:47:05.069  2422  2607 I ReactNativeJS: [outputs] outputs.flashPulse {"timestamp":13048589.939447,"wallClock":1760212025068,"enabled":true,"durationMs":180,"source":"console.replay","correlationId":"console-replay:mgmosiy3xyxjomv3","timelineOffsetMs":20.12991600111127}
10-11 15:47:05.139  2422  2607 I ReactNativeJS: [outputs] outputs.flashPulse.commit {"timestamp":13048659.861843,"wallClock":1760212025138,"durationMs":180,"source":"console.replay","correlationId":"console-replay:mgmosiy3xyxjomv3","latencyMs":71.5261979997158,"timelineOffsetMs":20.12991600111127,"leadMs":8,"scheduleSkewMs":79.5261979997158}
10-11 15:47:05.227  2422  9392 D OutputsAudio: [outputs-audio] stop gain=1.000 release=6.00
10-11 15:47:05.288  2422  9392 D OutputsAudio: [outputs-audio] start hz=700.0 gain=1.000 attack=2.50 release=6.00
10-11 15:47:05.299  2422  2607 D OutputsAudio: [outputs-audio] symbol.info sequence=5 symbol=- timestamp=13048810.164 duration=180.000
10-11 15:47:05.300  2422  2607 I ReactNativeJS: [outputs] playMorse.symbol {"timestamp":13048821.190437,"wallClock":1760212025300,"symbol":"-","durationMs":180,"index":4,"source":"console.replay","correlationId":"console-replay:mgmosj4k6qw3ogxy","nativeTimestampMs":13048810.164,"nativeDurationMs":180,"nativeOffsetMs":10.927217999473214,"nativeSequence":5,"monotonicTimestampMs":13048810.164}
10-11 15:47:05.302  2422  2607 I ReactNativeJS: [outputs] outputs.hapticSymbol {"timestamp":13048822.216531,"wallClock":1760212025301,"enabled":true,"symbol":"-","durationMs":180,"platform":"android","source":"console.replay","correlationId":"console-replay:mgmosj4k6qw3ogxy","timelineOffsetMs":10.927217999473214}
10-11 15:47:05.304  2422  2607 I ReactNativeJS: [outputs] outputs.flashPulse {"timestamp":13048825.103978,"wallClock":1760212025303,"enabled":true,"durationMs":180,"source":"console.replay","correlationId":"console-replay:mgmosj4k6qw3ogxy","timelineOffsetMs":10.927217999473214}
10-11 15:47:05.366  2422  2607 I ReactNativeJS: [outputs] outputs.flashPulse.commit {"timestamp":13048887.443093,"wallClock":1760212025366,"durationMs":180,"source":"console.replay","correlationId":"console-replay:mgmosj4k6qw3ogxy","latencyMs":66.34624999947846,"timelineOffsetMs":10.927217999473214,"leadMs":8,"scheduleSkewMs":74.34624999947846}
10-11 15:47:05.469  2422  9392 D OutputsAudio: [outputs-audio] stop gain=1.000 release=6.00
10-11 15:47:05.530  2422  9392 D OutputsAudio: [outputs-audio] start hz=700.0 gain=1.000 attack=2.50 release=6.00
10-11 15:47:05.542  2422  2607 D OutputsAudio: [outputs-audio] symbol.info sequence=6 symbol=- timestamp=13049051.969 duration=180.000
10-11 15:47:05.543  2422  2607 I ReactNativeJS: [outputs] playMorse.symbol {"timestamp":13049063.550228,"wallClock":1760212025542,"symbol":"-","durationMs":180,"index":5,"source":"console.replay","correlationId":"console-replay:mgmosjbat1g18688","nativeTimestampMs":13049051.969,"nativeDurationMs":180,"nativeOffsetMs":11.486228000372648,"nativeSequence":6,"monotonicTimestampMs":13049051.969}
10-11 15:47:05.543  2422  2607 I ReactNativeJS: [outputs] outputs.hapticSymbol {"timestamp":13049064.466687,"wallClock":1760212025543,"enabled":true,"symbol":"-","durationMs":180,"platform":"android","source":"console.replay","correlationId":"console-replay:mgmosjbat1g18688","timelineOffsetMs":11.486228000372648}
10-11 15:47:05.544  2422  2607 I ReactNativeJS: [outputs] outputs.flashPulse {"timestamp":13049065.595645,"wallClock":1760212025544,"enabled":true,"durationMs":180,"source":"console.replay","correlationId":"console-replay:mgmosjbat1g18688","timelineOffsetMs":11.486228000372648}
10-11 15:47:05.597  2422  2607 I ReactNativeJS: [outputs] outputs.flashPulse.commit {"timestamp":13049118.674968,"wallClock":1760212025597,"durationMs":180,"source":"console.replay","correlationId":"console-replay:mgmosjbat1g18688","latencyMs":55.21416699886322,"timelineOffsetMs":11.486228000372648,"leadMs":8,"scheduleSkewMs":63.21416699886322}
10-11 15:47:05.712  2422  9392 D OutputsAudio: [outputs-audio] stop gain=1.000 release=6.00
10-11 15:47:05.773  2422  9392 D OutputsAudio: [outputs-audio] start hz=700.0 gain=1.000 attack=2.50 release=6.00
10-11 15:47:05.784  2422  2607 D OutputsAudio: [outputs-audio] symbol.info sequence=7 symbol=. timestamp=13049294.753 duration=60.000
10-11 15:47:05.785  2422  2607 I ReactNativeJS: [outputs] playMorse.symbol {"timestamp":13049305.730332,"wallClock":1760212025784,"symbol":".","durationMs":60,"index":6,"source":"console.replay","correlationId":"console-replay:mgmosji06hh1kxqh","nativeTimestampMs":13049294.753,"nativeDurationMs":60,"nativeOffsetMs":10.9017069991678,"nativeSequence":7,"monotonicTimestampMs":13049294.753}
10-11 15:47:05.786  2422  2607 I ReactNativeJS: [outputs] outputs.hapticSymbol {"timestamp":13049306.84476,"wallClock":1760212025785,"enabled":true,"symbol":".","durationMs":60,"platform":"android","source":"console.replay","correlationId":"console-replay:mgmosji06hh1kxqh","timelineOffsetMs":10.9017069991678}
10-11 15:47:05.789  2422  2607 I ReactNativeJS: [outputs] outputs.flashPulse {"timestamp":13049309.531582,"wallClock":1760212025788,"enabled":true,"durationMs":60,"source":"console.replay","correlationId":"console-replay:mgmosji06hh1kxqh","timelineOffsetMs":10.9017069991678}
10-11 15:47:05.834  2422  9392 D OutputsAudio: [outputs-audio] stop gain=1.000 release=6.00
10-11 15:47:05.853  2422  2607 I ReactNativeJS: [outputs] outputs.flashPulse.commit {"timestamp":13049373.837259,"wallClock":1760212025852,"durationMs":60,"source":"console.replay","correlationId":"console-replay:mgmosji06hh1kxqh","latencyMs":68.17708400078118,"timelineOffsetMs":10.9017069991678,"leadMs":8,"scheduleSkewMs":76.17708400078118}
10-11 15:47:05.895  2422  9392 D OutputsAudio: [outputs-audio] start hz=700.0 gain=1.000 attack=2.50 release=6.00
10-11 15:47:05.903  2422  2607 D OutputsAudio: [outputs-audio] symbol.info sequence=8 symbol=. timestamp=13049416.291 duration=60.000
10-11 15:47:05.903  2422  2607 I ReactNativeJS: [outputs] playMorse.symbol {"timestamp":13049424.513562,"wallClock":1760212025903,"symbol":".","durationMs":60,"index":7,"source":"console.replay","correlationId":"console-replay:mgmosjlbd78jrv0r","nativeTimestampMs":13049416.291,"nativeDurationMs":60,"nativeOffsetMs":8.174697000533342,"nativeSequence":8,"monotonicTimestampMs":13049416.291}
10-11 15:47:05.904  2422  2607 I ReactNativeJS: [outputs] outputs.hapticSymbol {"timestamp":13049424.919864,"wallClock":1760212025903,"enabled":true,"symbol":".","durationMs":60,"platform":"android","source":"console.replay","correlationId":"console-replay:mgmosjlbd78jrv0r","timelineOffsetMs":8.174697000533342}
10-11 15:47:05.904  2422  2607 I ReactNativeJS: [outputs] outputs.flashPulse {"timestamp":13049425.640593,"wallClock":1760212025904,"enabled":true,"durationMs":60,"source":"console.replay","correlationId":"console-replay:mgmosjlbd78jrv0r","timelineOffsetMs":8.174697000533342}
10-11 15:47:05.955  2422  9392 D OutputsAudio: [outputs-audio] stop gain=1.000 release=6.00
10-11 15:47:05.963  2422  2607 I ReactNativeJS: [outputs] outputs.flashPulse.commit {"timestamp":13049484.346426,"wallClock":1760212025963,"durationMs":60,"source":"console.replay","correlationId":"console-replay:mgmosjlbd78jrv0r","latencyMs":59.875416999682784,"timelineOffsetMs":8.174697000533342,"leadMs":8,"scheduleSkewMs":67.87541699968278}
10-11 15:47:06.016  2422  9392 D OutputsAudio: [outputs-audio] start hz=700.0 gain=1.000 attack=2.50 release=6.00
10-11 15:47:06.034  2422  2607 D OutputsAudio: [outputs-audio] symbol.info sequence=9 symbol=. timestamp=13049538.033 duration=60.000
10-11 15:47:06.036  2422  2607 I ReactNativeJS: [outputs] playMorse.symbol {"timestamp":13049556.258197,"wallClock":1760212026035,"symbol":".","durationMs":60,"index":8,"source":"console.replay","correlationId":"console-replay:mgmosjozziklypim","nativeTimestampMs":13049538.033,"nativeDurationMs":60,"nativeOffsetMs":18.105717999860644,"nativeSequence":9,"monotonicTimestampMs":13049538.033}
10-11 15:47:06.036  2422  2607 I ReactNativeJS: [outputs] outputs.hapticSymbol {"timestamp":13049557.552051,"wallClock":1760212026036,"enabled":true,"symbol":".","durationMs":60,"platform":"android","source":"console.replay","correlationId":"console-replay:mgmosjozziklypim","timelineOffsetMs":18.105717999860644}
10-11 15:47:06.038  2422  2607 I ReactNativeJS: [outputs] outputs.flashPulse {"timestamp":13049558.905853,"wallClock":1760212026037,"enabled":true,"durationMs":60,"source":"console.replay","correlationId":"console-replay:mgmosjozziklypim","timelineOffsetMs":18.105717999860644}
10-11 15:47:06.077  2422  9392 D OutputsAudio: [outputs-audio] stop gain=1.000 release=6.00
10-11 15:47:06.093  2422  2607 I ReactNativeJS: [outputs] outputs.flashPulse.commit {"timestamp":13049614.191009,"wallClock":1760212026093,"durationMs":60,"source":"console.replay","correlationId":"console-replay:mgmosjozziklypim","latencyMs":58.04671799950302,"timelineOffsetMs":18.105717999860644,"leadMs":8,"scheduleSkewMs":66.04671799950302}
10-11 15:47:06.137  2422  9392 D OutputsAudio: [outputs-audio] start hz=700.0 gain=1.000 attack=2.50 release=6.00
10-11 15:47:06.156  2422  2607 D OutputsAudio: [outputs-audio] symbol.info sequence=10 symbol=- timestamp=13049659.098 duration=180.000
10-11 15:47:06.157  2422  2607 I ReactNativeJS: [outputs] playMorse.symbol {"timestamp":13049678.120332,"wallClock":1760212026156,"symbol":"-","durationMs":180,"index":9,"source":"console.replay","correlationId":"console-replay:mgmosjsct6z841us","nativeTimestampMs":13049659.098,"nativeDurationMs":180,"nativeOffsetMs":18.932749001309276,"nativeSequence":10,"monotonicTimestampMs":13049659.098}
10-11 15:47:06.158  2422  2607 I ReactNativeJS: [outputs] outputs.hapticSymbol {"timestamp":13049678.983561,"wallClock":1760212026157,"enabled":true,"symbol":"-","durationMs":180,"platform":"android","source":"console.replay","correlationId":"console-replay:mgmosjsct6z841us","timelineOffsetMs":18.932749001309276}
10-11 15:47:06.159  2422  2607 I ReactNativeJS: [outputs] outputs.flashPulse {"timestamp":13049680.122676,"wallClock":1760212026158,"enabled":true,"durationMs":180,"source":"console.replay","correlationId":"console-replay:mgmosjsct6z841us","timelineOffsetMs":18.932749001309276}
10-11 15:47:06.215  2422  2607 I ReactNativeJS: [outputs] outputs.flashPulse.commit {"timestamp":13049735.654082,"wallClock":1760212026214,"durationMs":180,"source":"console.replay","correlationId":"console-replay:mgmosjsct6z841us","latencyMs":57.6165619995445,"timelineOffsetMs":18.932749001309276,"leadMs":8,"scheduleSkewMs":65.6165619995445}
10-11 15:47:06.318  2422  9392 D OutputsAudio: [outputs-audio] stop gain=1.000 release=6.00
10-11 15:47:06.378  2422  9392 D OutputsAudio: [outputs-audio] start hz=700.0 gain=1.000 attack=2.50 release=6.00
10-11 15:47:06.386  2422  2607 D OutputsAudio: [outputs-audio] symbol.info sequence=11 symbol=- timestamp=13049900.288 duration=180.000
10-11 15:47:06.387  2422  2607 I ReactNativeJS: [outputs] playMorse.symbol {"timestamp":13049907.639343,"wallClock":1760212026386,"symbol":"-","durationMs":180,"index":10,"source":"console.replay","correlationId":"console-replay:mgmosjyqquxrty5j","nativeTimestampMs":13049900.288,"nativeDurationMs":180,"nativeOffsetMs":7.252383999526501,"nativeSequence":11,"monotonicTimestampMs":13049900.288}
10-11 15:47:06.388  2422  2607 I ReactNativeJS: [outputs] outputs.hapticSymbol {"timestamp":13049908.587155,"wallClock":1760212026387,"enabled":true,"symbol":"-","durationMs":180,"platform":"android","source":"console.replay","correlationId":"console-replay:mgmosjyqquxrty5j","timelineOffsetMs":7.252383999526501}
10-11 15:47:06.389  2422  2607 I ReactNativeJS: [outputs] outputs.flashPulse {"timestamp":13049910.488613,"wallClock":1760212026389,"enabled":true,"durationMs":180,"source":"console.replay","correlationId":"console-replay:mgmosjyqquxrty5j","timelineOffsetMs":7.252383999526501}
10-11 15:47:06.445  2422  2607 I ReactNativeJS: [outputs] outputs.flashPulse.commit {"timestamp":13049966.031634,"wallClock":1760212026444,"durationMs":180,"source":"console.replay","correlationId":"console-replay:mgmosjyqquxrty5j","latencyMs":58.48515699990094,"timelineOffsetMs":7.252383999526501,"leadMs":8,"scheduleSkewMs":66.48515699990094}
10-11 15:47:06.560  2422  9392 D OutputsAudio: [outputs-audio] stop gain=1.000 release=6.00
10-11 15:47:06.621  2422  9392 D OutputsAudio: [outputs-audio] start hz=700.0 gain=1.000 attack=2.50 release=6.00
10-11 15:47:06.633  2422  2607 D OutputsAudio: [outputs-audio] symbol.info sequence=12 symbol=- timestamp=13050142.258 duration=180.000
10-11 15:47:06.635  2422  2607 I ReactNativeJS: [outputs] playMorse.symbol {"timestamp":13050154.938718,"wallClock":1760212026633,"symbol":"-","durationMs":180,"index":11,"source":"console.replay","correlationId":"console-replay:mgmosk5lyytbbeai","nativeTimestampMs":13050142.258,"nativeDurationMs":180,"nativeOffsetMs":12.55451999977231,"nativeSequence":12,"monotonicTimestampMs":13050142.258}
10-11 15:47:06.636  2422  2607 I ReactNativeJS: [outputs] outputs.hapticSymbol {"timestamp":13050156.795801,"wallClock":1760212026635,"enabled":true,"symbol":"-","durationMs":180,"platform":"android","source":"console.replay","correlationId":"console-replay:mgmosk5lyytbbeai","timelineOffsetMs":12.55451999977231}
10-11 15:47:06.637  2422  2607 I ReactNativeJS: [outputs] outputs.flashPulse {"timestamp":13050158.549811,"wallClock":1760212026637,"enabled":true,"durationMs":180,"source":"console.replay","correlationId":"console-replay:mgmosk5lyytbbeai","timelineOffsetMs":12.55451999977231}
10-11 15:47:06.693  2422  2607 I ReactNativeJS: [outputs] outputs.flashPulse.commit {"timestamp":13050214.027988,"wallClock":1760212026692,"durationMs":180,"source":"console.replay","correlationId":"console-replay:mgmosk5lyytbbeai","latencyMs":59.20994700118899,"timelineOffsetMs":12.55451999977231,"leadMs":8,"scheduleSkewMs":67.209947001189}
10-11 15:47:06.802  2422  9392 D OutputsAudio: [outputs-audio] stop gain=1.000 release=6.00
10-11 15:47:06.862  2422  9392 D OutputsAudio: [outputs-audio] start hz=700.0 gain=1.000 attack=2.50 release=6.00
10-11 15:47:06.869  2422  2607 D OutputsAudio: [outputs-audio] symbol.info sequence=13 symbol=. timestamp=13050384.156 duration=60.000
10-11 15:47:06.870  2422  2607 I ReactNativeJS: [outputs] playMorse.symbol {"timestamp":13050391.079395,"wallClock":1760212026869,"symbol":".","durationMs":60,"index":12,"source":"console.replay","correlationId":"console-replay:mgmoskc5enta6dw7","nativeTimestampMs":13050384.156,"nativeDurationMs":60,"nativeOffsetMs":6.845374001190066,"nativeSequence":13,"monotonicTimestampMs":13050384.156}
10-11 15:47:06.871  2422  2607 I ReactNativeJS: [outputs] outputs.hapticSymbol {"timestamp":13050391.952259,"wallClock":1760212026870,"enabled":true,"symbol":".","durationMs":60,"platform":"android","source":"console.replay","correlationId":"console-replay:mgmoskc5enta6dw7","timelineOffsetMs":6.845374001190066}
10-11 15:47:06.872  2422  2607 I ReactNativeJS: [outputs] outputs.flashPulse {"timestamp":13050393.19179,"wallClock":1760212026872,"enabled":true,"durationMs":60,"source":"console.replay","correlationId":"console-replay:mgmoskc5enta6dw7","timelineOffsetMs":6.845374001190066}
10-11 15:47:06.923  2422  9392 D OutputsAudio: [outputs-audio] stop gain=1.000 release=6.00
10-11 15:47:06.938  2422  2607 I ReactNativeJS: [outputs] outputs.flashPulse.commit {"timestamp":13050459.077572,"wallClock":1760212026937,"durationMs":60,"source":"console.replay","correlationId":"console-replay:mgmoskc5enta6dw7","latencyMs":68.0711979996413,"timelineOffsetMs":6.845374001190066,"leadMs":8,"scheduleSkewMs":76.0711979996413}
10-11 15:47:06.984  2422  9392 D OutputsAudio: [outputs-audio] start hz=700.0 gain=1.000 attack=2.50 release=6.00
10-11 15:47:07.007  2422  2607 D OutputsAudio: [outputs-audio] symbol.info sequence=14 symbol=. timestamp=13050505.967 duration=60.000
10-11 15:47:07.008  2422  2607 I ReactNativeJS: [outputs] playMorse.symbol {"timestamp":13050528.397051,"wallClock":1760212027007,"symbol":".","durationMs":60,"index":13,"source":"console.replay","correlationId":"console-replay:mgmoskfzy5vwu56w","nativeTimestampMs":13050505.967,"nativeDurationMs":60,"nativeOffsetMs":22.327082000672817,"nativeSequence":14,"monotonicTimestampMs":13050505.967}
10-11 15:47:07.008  2422  2607 I ReactNativeJS: [outputs] outputs.hapticSymbol {"timestamp":13050529.279759,"wallClock":1760212027008,"enabled":true,"symbol":".","durationMs":60,"platform":"android","source":"console.replay","correlationId":"console-replay:mgmoskfzy5vwu56w","timelineOffsetMs":22.327082000672817}
10-11 15:47:07.009  2422  2607 I ReactNativeJS: [outputs] outputs.flashPulse {"timestamp":13050530.529342,"wallClock":1760212027009,"enabled":true,"durationMs":60,"source":"console.replay","correlationId":"console-replay:mgmoskfzy5vwu56w","timelineOffsetMs":22.327082000672817}
10-11 15:47:07.045  2422  9392 D OutputsAudio: [outputs-audio] stop gain=1.000 release=6.00
10-11 15:47:07.069  2422  2607 I ReactNativeJS: [outputs] outputs.flashPulse.commit {"timestamp":13050589.845228,"wallClock":1760212027068,"durationMs":60,"source":"console.replay","correlationId":"console-replay:mgmoskfzy5vwu56w","latencyMs":61.54562499932945,"timelineOffsetMs":22.327082000672817,"leadMs":8,"scheduleSkewMs":69.54562499932945}
10-11 15:47:07.106  2422  9392 D OutputsAudio: [outputs-audio] start hz=700.0 gain=1.000 attack=2.50 release=6.00
10-11 15:47:07.114  2422  2607 D OutputsAudio: [outputs-audio] symbol.info sequence=15 symbol=. timestamp=13050627.691 duration=60.000
10-11 15:47:07.115  2422  2607 I ReactNativeJS: [outputs] playMorse.symbol {"timestamp":13050635.92903,"wallClock":1760212027114,"symbol":".","durationMs":60,"index":14,"source":"console.replay","correlationId":"console-replay:mgmoskiyj22cjcok","nativeTimestampMs":13050627.691,"nativeDurationMs":60,"nativeOffsetMs":8.166051000356674,"nativeSequence":15,"monotonicTimestampMs":13050627.691}
10-11 15:47:07.116  2422  2607 I ReactNativeJS: [outputs] outputs.hapticSymbol {"timestamp":13050636.969551,"wallClock":1760212027115,"enabled":true,"symbol":".","durationMs":60,"platform":"android","source":"console.replay","correlationId":"console-replay:mgmoskiyj22cjcok","timelineOffsetMs":8.166051000356674}
10-11 15:47:07.117  2422  2607 I ReactNativeJS: [outputs] outputs.flashPulse {"timestamp":13050638.142728,"wallClock":1760212027117,"enabled":true,"durationMs":60,"source":"console.replay","correlationId":"console-replay:mgmoskiyj22cjcok","timelineOffsetMs":8.166051000356674}
10-11 15:47:07.166  2422  9392 D OutputsAudio: [outputs-audio] stop gain=1.000 release=6.00
10-11 15:47:07.172  2422  2607 I ReactNativeJS: [outputs] outputs.flashPulse.commit {"timestamp":13050693.500176,"wallClock":1760212027172,"durationMs":60,"source":"console.replay","correlationId":"console-replay:mgmoskiyj22cjcok","latencyMs":57.63828100077808,"timelineOffsetMs":8.166051000356674,"leadMs":8,"scheduleSkewMs":65.63828100077808}
10-11 15:47:07.227  2422  9392 D OutputsAudio: [outputs-audio] start hz=700.0 gain=1.000 attack=2.50 release=6.00
10-11 15:47:07.242  2422  2607 D OutputsAudio: [outputs-audio] symbol.info sequence=16 symbol=- timestamp=13050748.992 duration=180.000
10-11 15:47:07.243  2422  2607 I ReactNativeJS: [outputs] playMorse.symbol {"timestamp":13050763.644238,"wallClock":1760212027242,"symbol":"-","durationMs":180,"index":15,"source":"console.replay","correlationId":"console-replay:mgmoskmizke88ans","nativeTimestampMs":13050748.992,"nativeDurationMs":180,"nativeOffsetMs":14.5491649992764,"nativeSequence":16,"monotonicTimestampMs":13050748.992}
10-11 15:47:07.243  2422  2607 I ReactNativeJS: [outputs] outputs.hapticSymbol {"timestamp":13050764.622884,"wallClock":1760212027243,"enabled":true,"symbol":"-","durationMs":180,"platform":"android","source":"console.replay","correlationId":"console-replay:mgmoskmizke88ans","timelineOffsetMs":14.5491649992764}
10-11 15:47:07.244  2422  2607 I ReactNativeJS: [outputs] outputs.flashPulse {"timestamp":13050765.764186,"wallClock":1760212027244,"enabled":true,"durationMs":180,"source":"console.replay","correlationId":"console-replay:mgmoskmizke88ans","timelineOffsetMs":14.5491649992764}
10-11 15:47:07.295  2422  2607 I ReactNativeJS: [outputs] outputs.flashPulse.commit {"timestamp":13050816.178249,"wallClock":1760212027295,"durationMs":180,"source":"console.replay","correlationId":"console-replay:mgmoskmizke88ans","latencyMs":52.631666999310255,"timelineOffsetMs":14.5491649992764,"leadMs":8,"scheduleSkewMs":60.631666999310255}
10-11 15:47:07.408  2422  9392 D OutputsAudio: [outputs-audio] stop gain=1.000 release=6.00
10-11 15:47:07.469  2422  9392 D OutputsAudio: [outputs-audio] start hz=700.0 gain=1.000 attack=2.50 release=6.00
10-11 15:47:07.479  2422  2607 D OutputsAudio: [outputs-audio] symbol.info sequence=17 symbol=- timestamp=13050991.138 duration=180.000
10-11 15:47:07.480  2422  2607 I ReactNativeJS: [outputs] playMorse.symbol {"timestamp":13051000.75929,"wallClock":1760212027479,"symbol":"-","durationMs":180,"index":16,"source":"console.replay","correlationId":"console-replay:mgmoskt3kjsg6as5","nativeTimestampMs":13050991.138,"nativeDurationMs":180,"nativeOffsetMs":9.523582000285387,"nativeSequence":17,"monotonicTimestampMs":13050991.138}
10-11 15:47:07.481  2422  2607 I ReactNativeJS: [outputs] outputs.hapticSymbol {"timestamp":13051001.75554,"wallClock":1760212027480,"enabled":true,"symbol":"-","durationMs":180,"platform":"android","source":"console.replay","correlationId":"console-replay:mgmoskt3kjsg6as5","timelineOffsetMs":9.523582000285387}
10-11 15:47:07.483  2422  2607 I ReactNativeJS: [outputs] outputs.flashPulse {"timestamp":13051003.925019,"wallClock":1760212027482,"enabled":true,"durationMs":180,"source":"console.replay","correlationId":"console-replay:mgmoskt3kjsg6as5","timelineOffsetMs":9.523582000285387}
10-11 15:47:07.546  2422  2607 I ReactNativeJS: [outputs] outputs.flashPulse.commit {"timestamp":13051067.441113,"wallClock":1760212027546,"durationMs":180,"source":"console.replay","correlationId":"console-replay:mgmoskt3kjsg6as5","latencyMs":66.77343699894845,"timelineOffsetMs":9.523582000285387,"leadMs":8,"scheduleSkewMs":74.77343699894845}
10-11 15:47:07.651  2422  9392 D OutputsAudio: [outputs-audio] stop gain=1.000 release=6.00
10-11 15:47:07.711  2422  9392 D OutputsAudio: [outputs-audio] start hz=700.0 gain=1.000 attack=2.50 release=6.00
10-11 15:47:07.726  2422  2607 D OutputsAudio: [outputs-audio] symbol.info sequence=18 symbol=- timestamp=13051233.144 duration=180.000
10-11 15:47:07.728  2422  2607 I ReactNativeJS: [outputs] playMorse.symbol {"timestamp":13051247.644603,"wallClock":1760212027726,"symbol":"-","durationMs":180,"index":17,"source":"console.replay","correlationId":"console-replay:mgmoskzyny1xres7","nativeTimestampMs":13051233.144,"nativeDurationMs":180,"nativeOffsetMs":14.388155000284314,"nativeSequence":18,"monotonicTimestampMs":13051233.144}
10-11 15:47:07.728  2422  2607 I ReactNativeJS: [outputs] outputs.hapticSymbol {"timestamp":13051249.444134,"wallClock":1760212027728,"enabled":true,"symbol":"-","durationMs":180,"platform":"android","source":"console.replay","correlationId":"console-replay:mgmoskzyny1xres7","timelineOffsetMs":14.388155000284314}
10-11 15:47:07.729  2422  2607 I ReactNativeJS: [outputs] outputs.flashPulse {"timestamp":13051250.69955,"wallClock":1760212027729,"enabled":true,"durationMs":180,"source":"console.replay","correlationId":"console-replay:mgmoskzyny1xres7","timelineOffsetMs":14.388155000284314}
10-11 15:47:07.791  2422  2607 I ReactNativeJS: [outputs] outputs.flashPulse.commit {"timestamp":13051311.898352,"wallClock":1760212027790,"durationMs":180,"source":"console.replay","correlationId":"console-replay:mgmoskzyny1xres7","latencyMs":64.36083300039172,"timelineOffsetMs":14.388155000284314,"leadMs":8,"scheduleSkewMs":72.36083300039172}
10-11 15:47:07.892  2422  9392 D OutputsAudio: [outputs-audio] stop gain=1.000 release=6.00
10-11 15:47:07.953  2422  9392 D OutputsAudio: [outputs-audio] start hz=700.0 gain=1.000 attack=2.50 release=6.00
10-11 15:47:07.964  2422  2607 D OutputsAudio: [outputs-audio] symbol.info sequence=19 symbol=. timestamp=13051474.823 duration=60.000
10-11 15:47:07.965  2422  2607 I ReactNativeJS: [outputs] playMorse.symbol {"timestamp":13051485.663717,"wallClock":1760212027964,"symbol":".","durationMs":60,"index":18,"source":"console.replay","correlationId":"console-replay:mgmosl6kpxcqp417","nativeTimestampMs":13051474.823,"nativeDurationMs":60,"nativeOffsetMs":10.747436000034213,"nativeSequence":19,"monotonicTimestampMs":13051474.823}
10-11 15:47:07.965  2422  2607 I ReactNativeJS: [outputs] outputs.hapticSymbol {"timestamp":13051486.560123,"wallClock":1760212027965,"enabled":true,"symbol":".","durationMs":60,"platform":"android","source":"console.replay","correlationId":"console-replay:mgmosl6kpxcqp417","timelineOffsetMs":10.747436000034213}
10-11 15:47:07.967  2422  2607 I ReactNativeJS: [outputs] outputs.flashPulse {"timestamp":13051487.800852,"wallClock":1760212027966,"enabled":true,"durationMs":60,"source":"console.replay","correlationId":"console-replay:mgmosl6kpxcqp417","timelineOffsetMs":10.747436000034213}
10-11 15:47:08.014  2422  9392 D OutputsAudio: [outputs-audio] stop gain=1.000 release=6.00
10-11 15:47:08.024  2422  2607 I ReactNativeJS: [outputs] outputs.flashPulse.commit {"timestamp":13051545.38705,"wallClock":1760212028024,"durationMs":60,"source":"console.replay","correlationId":"console-replay:mgmosl6kpxcqp417","latencyMs":59.81078099831939,"timelineOffsetMs":10.747436000034213,"leadMs":8,"scheduleSkewMs":67.81078099831939}
10-11 15:47:08.075  2422  9392 D OutputsAudio: [outputs-audio] start hz=700.0 gain=1.000 attack=2.50 release=6.00
10-11 15:47:08.078  2422  2607 D OutputsAudio: [outputs-audio] symbol.info sequence=20 symbol=. timestamp=13051596.392 duration=60.000
10-11 15:47:08.079  2422  2607 I ReactNativeJS: [outputs] playMorse.symbol {"timestamp":13051600.148873,"wallClock":1760212028079,"symbol":".","durationMs":60,"index":19,"source":"console.replay","correlationId":"console-replay:mgmosl9rqhcncbqc","nativeTimestampMs":13051596.392,"nativeDurationMs":60,"nativeOffsetMs":3.7077589984983206,"nativeSequence":20,"monotonicTimestampMs":13051596.392}
10-11 15:47:08.079  2422  2607 I ReactNativeJS: [outputs] outputs.hapticSymbol {"timestamp":13051600.783196,"wallClock":1760212028079,"enabled":true,"symbol":".","durationMs":60,"platform":"android","source":"console.replay","correlationId":"console-replay:mgmosl9rqhcncbqc","timelineOffsetMs":3.7077589984983206}
10-11 15:47:08.080  2422  2607 I ReactNativeJS: [outputs] outputs.flashPulse {"timestamp":13051601.620488,"wallClock":1760212028080,"enabled":true,"durationMs":60,"source":"console.replay","correlationId":"console-replay:mgmosl9rqhcncbqc","timelineOffsetMs":3.7077589984983206}
10-11 15:47:08.136  2422  9392 D OutputsAudio: [outputs-audio] stop gain=1.000 release=6.00
10-11 15:47:08.136  2422  2607 I ReactNativeJS: [outputs] outputs.flashPulse.commit {"timestamp":13051657.612467,"wallClock":1760212028136,"durationMs":60,"source":"console.replay","correlationId":"console-replay:mgmosl9rqhcncbqc","latencyMs":57.50713500007987,"timelineOffsetMs":3.7077589984983206,"leadMs":8,"scheduleSkewMs":65.50713500007987}
10-11 15:47:08.197  2422  9392 D OutputsAudio: [outputs-audio] start hz=700.0 gain=1.000 attack=2.50 release=6.00
10-11 15:47:08.210  2422  2607 D OutputsAudio: [outputs-audio] symbol.info sequence=21 symbol=. timestamp=13051718.315 duration=60.000
10-11 15:47:08.212  2422  2607 I ReactNativeJS: [outputs] playMorse.symbol {"timestamp":13051731.915279,"wallClock":1760212028210,"symbol":".","durationMs":60,"index":20,"source":"console.replay","correlationId":"console-replay:mgmoslde6o2thzs2","nativeTimestampMs":13051718.315,"nativeDurationMs":60,"nativeOffsetMs":13.489654000848532,"nativeSequence":21,"monotonicTimestampMs":13051718.315}
10-11 15:47:08.213  2422  2607 I ReactNativeJS: [outputs] outputs.hapticSymbol {"timestamp":13051733.887623,"wallClock":1760212028212,"enabled":true,"symbol":".","durationMs":60,"platform":"android","source":"console.replay","correlationId":"console-replay:mgmoslde6o2thzs2","timelineOffsetMs":13.489654000848532}
10-11 15:47:08.217  2422  2607 I ReactNativeJS: [outputs] outputs.flashPulse {"timestamp":13051737.977102,"wallClock":1760212028216,"enabled":true,"durationMs":60,"source":"console.replay","correlationId":"console-replay:mgmoslde6o2thzs2","timelineOffsetMs":13.489654000848532}
10-11 15:47:08.257  2422  9392 D OutputsAudio: [outputs-audio] stop gain=1.000 release=6.00
10-11 15:47:08.291  2422  2607 I ReactNativeJS: [outputs] outputs.flashPulse.commit {"timestamp":13051812.522779,"wallClock":1760212028291,"durationMs":60,"source":"console.replay","correlationId":"console-replay:mgmoslde6o2thzs2","latencyMs":80.7119270004332,"timelineOffsetMs":13.489654000848532,"leadMs":8,"scheduleSkewMs":88.7119270004332}
10-11 15:47:08.318  2422  9392 D OutputsAudio: [outputs-audio] start hz=700.0 gain=1.000 attack=2.50 release=6.00
10-11 15:47:08.334  2422  2607 D OutputsAudio: [outputs-audio] symbol.info sequence=22 symbol=- timestamp=13051839.603 duration=180.000
10-11 15:47:08.335  2422  2607 I ReactNativeJS: [outputs] playMorse.symbol {"timestamp":13051855.660019,"wallClock":1760212028334,"symbol":"-","durationMs":180,"index":21,"source":"console.replay","correlationId":"console-replay:mgmoslgucdoap43s","nativeTimestampMs":13051839.603,"nativeDurationMs":180,"nativeOffsetMs":16.00696700066328,"nativeSequence":22,"monotonicTimestampMs":13051839.603}
10-11 15:47:08.335  2422  2607 I ReactNativeJS: [outputs] outputs.hapticSymbol {"timestamp":13051856.187415,"wallClock":1760212028335,"enabled":true,"symbol":"-","durationMs":180,"platform":"android","source":"console.replay","correlationId":"console-replay:mgmoslgucdoap43s","timelineOffsetMs":16.00696700066328}
10-11 15:47:08.336  2422  2607 I ReactNativeJS: [outputs] outputs.flashPulse {"timestamp":13051856.944134,"wallClock":1760212028335,"enabled":true,"durationMs":180,"source":"console.replay","correlationId":"console-replay:mgmoslgucdoap43s","timelineOffsetMs":16.00696700066328}
10-11 15:47:08.391  2422  2607 I ReactNativeJS: [outputs] outputs.flashPulse.commit {"timestamp":13051911.863248,"wallClock":1760212028390,"durationMs":180,"source":"console.replay","correlationId":"console-replay:mgmoslgucdoap43s","latencyMs":56.24775999970734,"timelineOffsetMs":16.00696700066328,"leadMs":8,"scheduleSkewMs":64.24775999970734}
10-11 15:47:08.498  2422  9392 D OutputsAudio: [outputs-audio] stop gain=1.000 release=6.00
10-11 15:47:08.559  2422  9392 D OutputsAudio: [outputs-audio] start hz=700.0 gain=1.000 attack=2.50 release=6.00
10-11 15:47:08.573  2422  2607 D OutputsAudio: [outputs-audio] symbol.info sequence=23 symbol=- timestamp=13052080.512 duration=180.000
10-11 15:47:08.574  2422  2607 I ReactNativeJS: [outputs] playMorse.symbol {"timestamp":13052094.634081,"wallClock":1760212028573,"symbol":"-","durationMs":180,"index":22,"source":"console.replay","correlationId":"console-replay:mgmoslnhm078nm5m","nativeTimestampMs":13052080.512,"nativeDurationMs":180,"nativeOffsetMs":14.04369599930942,"nativeSequence":23,"monotonicTimestampMs":13052080.512}
10-11 15:47:08.574  2422  2607 I ReactNativeJS: [outputs] outputs.hapticSymbol {"timestamp":13052095.460748,"wallClock":1760212028574,"enabled":true,"symbol":"-","durationMs":180,"platform":"android","source":"console.replay","correlationId":"console-replay:mgmoslnhm078nm5m","timelineOffsetMs":14.04369599930942}
10-11 15:47:08.576  2422  2607 I ReactNativeJS: [outputs] outputs.flashPulse {"timestamp":13052096.913613,"wallClock":1760212028575,"enabled":true,"durationMs":180,"source":"console.replay","correlationId":"console-replay:mgmoslnhm078nm5m","timelineOffsetMs":14.04369599930942}
