10-11 15:02:38.499 21612 21675 I ReactNativeJS: [outputs] playMorse.symbol {"timestamp":10382019.697496,"wallClock":1760209358498,"symbol":"-","durationMs":144,"index":9,"source":"console.replay","correlationId":"console-replay:mgmn7deqjqxejtbb","nativeTimestampMs":10381974.278,"nativeDurationMs":144,"nativeOffsetMs":45.37090199999511,"nativeSequence":10,"monotonicTimestampMs":10381974.278}
10-11 15:02:38.499 21612 21675 I ReactNativeJS: [outputs] outputs.hapticSymbol {"timestamp":10382020.211402,"wallClock":1760209358499,"enabled":true,"symbol":"-","durationMs":144,"platform":"android","source":"console.replay","correlationId":"console-replay:mgmn7deqjqxejtbb","timelineOffsetMs":45.37090199999511}
10-11 15:02:38.500 21612 21675 I ReactNativeJS: [outputs] outputs.flashPulse {"timestamp":10382020.919371,"wallClock":1760209358499,"enabled":true,"durationMs":144,"source":"console.replay","correlationId":"console-replay:mgmn7deqjqxejtbb","timelineOffsetMs":45.37090199999511}
10-11 15:02:38.555 21612 21675 I ReactNativeJS: [outputs] outputs.flashPulse.commit {"timestamp":10382076.020517,"wallClock":1760209358554,"durationMs":144,"source":"console.replay","correlationId":"console-replay:mgmn7deqjqxejtbb","latencyMs":56.350624999031425,"timelineOffsetMs":45.37090199999511}
10-11 15:02:38.597 21612 26522 D OutputsAudio: [outputs-audio] stop gain=1.000 release=6.00
10-11 15:02:38.646 21612 26522 D OutputsAudio: [outputs-audio] start hz=700.0 gain=1.000 attack=2.50 release=6.00
10-11 15:02:38.652 21612 21675 D OutputsAudio: [outputs-audio] symbol.info sequence=11 symbol=- timestamp=10382167.456 duration=144.000
10-11 15:02:38.653 21612 21675 I ReactNativeJS: [outputs] playMorse.symbol {"timestamp":10382173.434058,"wallClock":1760209358652,"symbol":"-","durationMs":144,"index":10,"source":"console.replay","correlationId":"console-replay:mgmn7dj09shgqif8","nativeTimestampMs":10382167.456,"nativeDurationMs":144,"nativeOffsetMs":5.888474998995662,"nativeSequence":11,"monotonicTimestampMs":10382167.456}
10-11 15:02:38.653 21612 21675 I ReactNativeJS: [outputs] outputs.hapticSymbol {"timestamp":10382174.301142,"wallClock":1760209358653,"enabled":true,"symbol":"-","durationMs":144,"platform":"android","source":"console.replay","correlationId":"console-replay:mgmn7dj09shgqif8","timelineOffsetMs":5.888474998995662}
10-11 15:02:38.654 21612 21675 I ReactNativeJS: [outputs] outputs.flashPulse {"timestamp":10382175.573902,"wallClock":1760209358654,"enabled":true,"durationMs":144,"source":"console.replay","correlationId":"console-replay:mgmn7dj09shgqif8","timelineOffsetMs":5.888474998995662}
10-11 15:02:38.723 21612 21675 I ReactNativeJS: [outputs] outputs.flashPulse.commit {"timestamp":10382244.050985,"wallClock":1760209358722,"durationMs":144,"source":"console.replay","correlationId":"console-replay:mgmn7dj09shgqif8","latencyMs":70.7018750011921,"timelineOffsetMs":5.888474998995662}
10-11 15:02:38.791 21612 26522 D OutputsAudio: [outputs-audio] stop gain=1.000 release=6.00
10-11 15:02:38.839 21612 26522 D OutputsAudio: [outputs-audio] start hz=700.0 gain=1.000 attack=2.50 release=6.00
10-11 15:02:38.844 21612 21675 D OutputsAudio: [outputs-audio] symbol.info sequence=12 symbol=- timestamp=10382360.667 duration=144.000
10-11 15:02:38.846 21612 21675 I ReactNativeJS: [outputs] playMorse.symbol {"timestamp":10382366.291246,"wallClock":1760209358845,"symbol":"-","durationMs":144,"index":11,"source":"console.replay","correlationId":"console-replay:mgmn7dodr8uqk6xb","nativeTimestampMs":10382360.667,"nativeDurationMs":144,"nativeOffsetMs":5.51528700068593,"nativeSequence":12,"monotonicTimestampMs":10382360.667}
10-11 15:02:38.846 21612 21675 I ReactNativeJS: [outputs] outputs.hapticSymbol {"timestamp":10382367.315985,"wallClock":1760209358846,"enabled":true,"symbol":"-","durationMs":144,"platform":"android","source":"console.replay","correlationId":"console-replay:mgmn7dodr8uqk6xb","timelineOffsetMs":5.51528700068593}
10-11 15:02:38.848 21612 21675 I ReactNativeJS: [outputs] outputs.flashPulse {"timestamp":10382369.034839,"wallClock":1760209358847,"enabled":true,"durationMs":144,"source":"console.replay","correlationId":"console-replay:mgmn7dodr8uqk6xb","timelineOffsetMs":5.51528700068593}
10-11 15:02:38.912 21612 21675 I ReactNativeJS: [outputs] outputs.flashPulse.commit {"timestamp":10382433.50036,"wallClock":1760209358912,"durationMs":144,"source":"console.replay","correlationId":"console-replay:mgmn7dodr8uqk6xb","latencyMs":67.31354199908674,"timelineOffsetMs":5.51528700068593}
10-11 15:02:38.983 21612 26522 D OutputsAudio: [outputs-audio] stop gain=1.000 release=6.00
10-11 15:02:39.033 21612 26522 D OutputsAudio: [outputs-audio] start hz=700.0 gain=1.000 attack=2.50 release=6.00
10-11 15:02:39.047 21612 21675 D OutputsAudio: [outputs-audio] symbol.info sequence=13 symbol=. timestamp=10382555.262 duration=48.000
10-11 15:02:39.051 21612 21675 I ReactNativeJS: [outputs] playMorse.symbol {"timestamp":10382569.114891,"wallClock":1760209359047,"symbol":".","durationMs":48,"index":12,"source":"console.replay","correlationId":"console-replay:mgmn7dtz0rs35t5l","nativeTimestampMs":10382555.262,"nativeDurationMs":48,"nativeOffsetMs":13.727527000010014,"nativeSequence":13,"monotonicTimestampMs":10382555.262}
10-11 15:02:39.052 21612 21675 I ReactNativeJS: [outputs] outputs.hapticSymbol {"timestamp":10382572.413798,"wallClock":1760209359051,"enabled":true,"symbol":".","durationMs":48,"platform":"android","source":"console.replay","correlationId":"console-replay:mgmn7dtz0rs35t5l","timelineOffsetMs":13.727527000010014}
10-11 15:02:39.056 21612 21675 I ReactNativeJS: [outputs] outputs.flashPulse {"timestamp":10382576.765308,"wallClock":1760209359055,"enabled":true,"durationMs":48,"source":"console.replay","correlationId":"console-replay:mgmn7dtz0rs35t5l","timelineOffsetMs":13.727527000010014}
10-11 15:02:39.082 21612 26522 D OutputsAudio: [outputs-audio] stop gain=1.000 release=6.00
10-11 15:02:39.113 21612 21675 I ReactNativeJS: [outputs] outputs.flashPulse.commit {"timestamp":10382634.617496,"wallClock":1760209359113,"durationMs":48,"source":"console.replay","correlationId":"console-replay:mgmn7dtz0rs35t5l","latencyMs":65.62328100018203,"timelineOffsetMs":13.727527000010014}
10-11 15:02:39.131 21612 26522 D OutputsAudio: [outputs-audio] start hz=700.0 gain=1.000 attack=2.50 release=6.00
10-11 15:02:39.156 21612 21675 D OutputsAudio: [outputs-audio] symbol.info sequence=14 symbol=. timestamp=10382652.724 duration=48.000
10-11 15:02:39.157 21612 21675 I ReactNativeJS: [outputs] playMorse.symbol {"timestamp":10382677.898954,"wallClock":1760209359156,"symbol":".","durationMs":48,"index":13,"source":"console.replay","correlationId":"console-replay:mgmn7dx0cs5rskz5","nativeTimestampMs":10382652.724,"nativeDurationMs":48,"nativeOffsetMs":25.123183000832796,"nativeSequence":14,"monotonicTimestampMs":10382652.724}
10-11 15:02:39.157 21612 21675 I ReactNativeJS: [outputs] outputs.hapticSymbol {"timestamp":10382678.378693,"wallClock":1760209359157,"enabled":true,"symbol":".","durationMs":48,"platform":"android","source":"console.replay","correlationId":"console-replay:mgmn7dx0cs5rskz5","timelineOffsetMs":25.123183000832796}
10-11 15:02:39.158 21612 21675 I ReactNativeJS: [outputs] outputs.flashPulse {"timestamp":10382679.178745,"wallClock":1760209359158,"enabled":true,"durationMs":48,"source":"console.replay","correlationId":"console-replay:mgmn7dx0cs5rskz5","timelineOffsetMs":25.123183000832796}
10-11 15:02:39.179 21612 26522 D OutputsAudio: [outputs-audio] stop gain=1.000 release=6.00
10-11 15:02:39.210 21612 21675 I ReactNativeJS: [outputs] outputs.flashPulse.commit {"timestamp":10382731.593329,"wallClock":1760209359210,"durationMs":48,"source":"console.replay","correlationId":"console-replay:mgmn7dx0cs5rskz5","latencyMs":53.74182299897075,"timelineOffsetMs":25.123183000832796}
10-11 15:02:39.228 21612 26522 D OutputsAudio: [outputs-audio] start hz=700.0 gain=1.000 attack=2.50 release=6.00
10-11 15:02:39.259 21612 21675 D OutputsAudio: [outputs-audio] symbol.info sequence=15 symbol=. timestamp=10382749.526 duration=48.000
10-11 15:02:39.259 21612 21675 I ReactNativeJS: [outputs] playMorse.symbol {"timestamp":10382780.37911,"wallClock":1760209359259,"symbol":".","durationMs":48,"index":14,"source":"console.replay","correlationId":"console-replay:mgmn7dzvfg9fv2ce","nativeTimestampMs":10382749.526,"nativeDurationMs":48,"nativeOffsetMs":30.803161999210715,"nativeSequence":15,"monotonicTimestampMs":10382749.526}
10-11 15:02:39.260 21612 21675 I ReactNativeJS: [outputs] outputs.hapticSymbol {"timestamp":10382780.868954,"wallClock":1760209359259,"enabled":true,"symbol":".","durationMs":48,"platform":"android","source":"console.replay","correlationId":"console-replay:mgmn7dzvfg9fv2ce","timelineOffsetMs":30.803161999210715}
10-11 15:02:39.260 21612 21675 I ReactNativeJS: [outputs] outputs.flashPulse {"timestamp":10382781.60687,"wallClock":1760209359260,"enabled":true,"durationMs":48,"source":"console.replay","correlationId":"console-replay:mgmn7dzvfg9fv2ce","timelineOffsetMs":30.803161999210715}
10-11 15:02:39.276 21612 26522 D OutputsAudio: [outputs-audio] stop gain=1.000 release=6.00
10-11 15:02:39.323 21612 21675 I ReactNativeJS: [outputs] outputs.flashPulse.commit {"timestamp":10382843.780829,"wallClock":1760209359322,"durationMs":48,"source":"console.replay","correlationId":"console-replay:mgmn7dzvfg9fv2ce","latencyMs":63.44755200110376,"timelineOffsetMs":30.803161999210715}
10-11 15:02:39.325 21612 26522 D OutputsAudio: [outputs-audio] start hz=700.0 gain=1.000 attack=2.50 release=6.00
10-11 15:02:39.371 21612 21675 D OutputsAudio: [outputs-audio] symbol.info sequence=16 symbol=- timestamp=10382846.814 duration=144.000
10-11 15:02:39.372 21612 21675 I ReactNativeJS: [outputs] playMorse.symbol {"timestamp":10382892.968902,"wallClock":1760209359371,"symbol":"-","durationMs":144,"index":15,"source":"console.replay","correlationId":"console-replay:mgmn7e2zzrtekziz","nativeTimestampMs":10382846.814,"nativeDurationMs":144,"nativeOffsetMs":46.10646400041878,"nativeSequence":16,"monotonicTimestampMs":10382846.814}
10-11 15:02:39.372 21612 21675 I ReactNativeJS: [outputs] outputs.hapticSymbol {"timestamp":10382893.451454,"wallClock":1760209359372,"enabled":true,"symbol":"-","durationMs":144,"platform":"android","source":"console.replay","correlationId":"console-replay:mgmn7e2zzrtekziz","timelineOffsetMs":46.10646400041878}
10-11 15:02:39.373 21612 21675 I ReactNativeJS: [outputs] outputs.flashPulse {"timestamp":10382894.245308,"wallClock":1760209359373,"enabled":true,"durationMs":144,"source":"console.replay","correlationId":"console-replay:mgmn7e2zzrtekziz","timelineOffsetMs":46.10646400041878}
10-11 15:02:39.429 21612 21675 I ReactNativeJS: [outputs] outputs.flashPulse.commit {"timestamp":10382950.696662,"wallClock":1760209359429,"durationMs":144,"source":"console.replay","correlationId":"console-replay:mgmn7e2zzrtekziz","latencyMs":57.77145799994469,"timelineOffsetMs":46.10646400041878}
10-11 15:02:39.469 21612 26522 D OutputsAudio: [outputs-audio] stop gain=1.000 release=6.00
10-11 15:02:39.518 21612 26522 D OutputsAudio: [outputs-audio] start hz=700.0 gain=1.000 attack=2.50 release=6.00
10-11 15:02:39.531 21612 21675 D OutputsAudio: [outputs-audio] symbol.info sequence=17 symbol=- timestamp=10383039.514 duration=144.000
10-11 15:02:39.532 21612 21675 I ReactNativeJS: [outputs] playMorse.symbol {"timestamp":10383052.978693,"wallClock":1760209359531,"symbol":"-","durationMs":144,"index":16,"source":"console.replay","correlationId":"console-replay:mgmn7e7ftj1jsd31","nativeTimestampMs":10383039.514,"nativeDurationMs":144,"nativeOffsetMs":13.38807899877429,"nativeSequence":17,"monotonicTimestampMs":10383039.514}
10-11 15:02:39.532 21612 21675 I ReactNativeJS: [outputs] outputs.hapticSymbol {"timestamp":10383053.497183,"wallClock":1760209359532,"enabled":true,"symbol":"-","durationMs":144,"platform":"android","source":"console.replay","correlationId":"console-replay:mgmn7e7ftj1jsd31","timelineOffsetMs":13.38807899877429}
10-11 15:02:39.535 21612 21675 I ReactNativeJS: [outputs] outputs.flashPulse {"timestamp":10383054.317287,"wallClock":1760209359533,"enabled":true,"durationMs":144,"source":"console.replay","correlationId":"console-replay:mgmn7e7ftj1jsd31","timelineOffsetMs":13.38807899877429}
10-11 15:02:39.591 21612 21675 I ReactNativeJS: [outputs] outputs.flashPulse.commit {"timestamp":10383112.148277,"wallClock":1760209359591,"durationMs":144,"source":"console.replay","correlationId":"console-replay:mgmn7e7ftj1jsd31","latencyMs":59.24166600033641,"timelineOffsetMs":13.38807899877429}
10-11 15:02:39.663 21612 26522 D OutputsAudio: [outputs-audio] stop gain=1.000 release=6.00
10-11 15:02:39.712 21612 26522 D OutputsAudio: [outputs-audio] start hz=700.0 gain=1.000 attack=2.50 release=6.00
10-11 15:02:39.722 21612 21675 D OutputsAudio: [outputs-audio] symbol.info sequence=18 symbol=- timestamp=10383233.281 duration=144.000
10-11 15:02:39.723 21612 21675 I ReactNativeJS: [outputs] playMorse.symbol {"timestamp":10383243.521037,"wallClock":1760209359722,"symbol":"-","durationMs":144,"index":17,"source":"console.replay","correlationId":"console-replay:mgmn7ecqi8wemmc0","nativeTimestampMs":10383233.281,"nativeDurationMs":144,"nativeOffsetMs":10.14571399986744,"nativeSequence":18,"monotonicTimestampMs":10383233.281}
10-11 15:02:39.723 21612 21675 I ReactNativeJS: [outputs] outputs.hapticSymbol {"timestamp":10383244.578485,"wallClock":1760209359723,"enabled":true,"symbol":"-","durationMs":144,"platform":"android","source":"console.replay","correlationId":"console-replay:mgmn7ecqi8wemmc0","timelineOffsetMs":10.14571399986744}
10-11 15:02:39.725 21612 21675 I ReactNativeJS: [outputs] outputs.flashPulse {"timestamp":10383245.943641,"wallClock":1760209359724,"enabled":true,"durationMs":144,"source":"console.replay","correlationId":"console-replay:mgmn7ecqi8wemmc0","timelineOffsetMs":10.14571399986744}
10-11 15:02:39.790 21612 21675 I ReactNativeJS: [outputs] outputs.flashPulse.commit {"timestamp":10383311.528641,"wallClock":1760209359790,"durationMs":144,"source":"console.replay","correlationId":"console-replay:mgmn7ecqi8wemmc0","latencyMs":68.0970310010016,"timelineOffsetMs":10.14571399986744}
10-11 15:02:39.857 21612 26522 D OutputsAudio: [outputs-audio] stop gain=1.000 release=6.00
10-11 15:02:39.905 21612 26522 D OutputsAudio: [outputs-audio] start hz=700.0 gain=1.000 attack=2.50 release=6.00
10-11 15:02:39.914 21612 21675 D OutputsAudio: [outputs-audio] symbol.info sequence=19 symbol=. timestamp=10383426.823 duration=48.000
10-11 15:02:39.916 21612 21675 I ReactNativeJS: [outputs] playMorse.symbol {"timestamp":10383436.271297,"wallClock":1760209359915,"symbol":".","durationMs":48,"index":18,"source":"console.replay","correlationId":"console-replay:mgmn7ei3v9v1qvmk","nativeTimestampMs":10383426.823,"nativeDurationMs":48,"nativeOffsetMs":9.324703998863697,"nativeSequence":19,"monotonicTimestampMs":10383426.823}
10-11 15:02:39.916 21612 21675 I ReactNativeJS: [outputs] outputs.hapticSymbol {"timestamp":10383437.386297,"wallClock":1760209359916,"enabled":true,"symbol":".","durationMs":48,"platform":"android","source":"console.replay","correlationId":"console-replay:mgmn7ei3v9v1qvmk","timelineOffsetMs":9.324703998863697}
10-11 15:02:39.918 21612 21675 I ReactNativeJS: [outputs] outputs.flashPulse {"timestamp":10383439.151401,"wallClock":1760209359918,"enabled":true,"durationMs":48,"source":"console.replay","correlationId":"console-replay:mgmn7ei3v9v1qvmk","timelineOffsetMs":9.324703998863697}
10-11 15:02:39.954 21612 26522 D OutputsAudio: [outputs-audio] stop gain=1.000 release=6.00
10-11 15:02:40.001 21612 21675 I ReactNativeJS: [outputs] outputs.flashPulse.commit {"timestamp":10383522.489995,"wallClock":1760209360001,"durationMs":48,"source":"console.replay","correlationId":"console-replay:mgmn7ei3v9v1qvmk","latencyMs":86.33796800114214,"timelineOffsetMs":9.324703998863697}
10-11 15:02:40.003 21612 26522 D OutputsAudio: [outputs-audio] start hz=700.0 gain=1.000 attack=2.50 release=6.00
10-11 15:02:40.044 21612 21675 D OutputsAudio: [outputs-audio] symbol.info sequence=20 symbol=. timestamp=10383524.216 duration=48.000
10-11 15:02:40.045 21612 21675 I ReactNativeJS: [outputs] playMorse.symbol {"timestamp":10383566.140933,"wallClock":1760209360045,"symbol":".","durationMs":48,"index":19,"source":"console.replay","correlationId":"console-replay:mgmn7elpcatl4zcz","nativeTimestampMs":10383524.216,"nativeDurationMs":48,"nativeOffsetMs":41.87383900023997,"nativeSequence":20,"monotonicTimestampMs":10383524.216}
10-11 15:02:40.045 21612 21675 I ReactNativeJS: [outputs] outputs.hapticSymbol {"timestamp":10383566.612964,"wallClock":1760209360045,"enabled":true,"symbol":".","durationMs":48,"platform":"android","source":"console.replay","correlationId":"console-replay:mgmn7elpcatl4zcz","timelineOffsetMs":41.87383900023997}
10-11 15:02:40.046 21612 21675 I ReactNativeJS: [outputs] outputs.flashPulse {"timestamp":10383567.359526,"wallClock":1760209360046,"enabled":true,"durationMs":48,"source":"console.replay","correlationId":"console-replay:mgmn7elpcatl4zcz","timelineOffsetMs":41.87383900023997}
10-11 15:02:40.051 21612 26522 D OutputsAudio: [outputs-audio] stop gain=1.000 release=6.00
10-11 15:02:40.096 21612 21675 I ReactNativeJS: [outputs] outputs.flashPulse.commit {"timestamp":10383617.164578,"wallClock":1760209360096,"durationMs":48,"source":"console.replay","correlationId":"console-replay:mgmn7elpcatl4zcz","latencyMs":51.07036400027573,"timelineOffsetMs":41.87383900023997}
10-11 15:02:40.099 21612 26522 D OutputsAudio: [outputs-audio] start hz=700.0 gain=1.000 attack=2.50 release=6.00
10-11 15:02:40.139 21612 21675 D OutputsAudio: [outputs-audio] symbol.info sequence=21 symbol=. timestamp=10383621.142 duration=48.000
10-11 15:02:40.140 21612 21675 I ReactNativeJS: [outputs] playMorse.symbol {"timestamp":10383660.761506,"wallClock":1760209360139,"symbol":".","durationMs":48,"index":20,"source":"console.replay","correlationId":"console-replay:mgmn7eobe31olyqp","nativeTimestampMs":10383621.142,"nativeDurationMs":48,"nativeOffsetMs":39.569452999159694,"nativeSequence":21,"monotonicTimestampMs":10383621.142}
10-11 15:02:40.140 21612 21675 I ReactNativeJS: [outputs] outputs.hapticSymbol {"timestamp":10383661.247964,"wallClock":1760209360140,"enabled":true,"symbol":".","durationMs":48,"platform":"android","source":"console.replay","correlationId":"console-replay:mgmn7eobe31olyqp","timelineOffsetMs":39.569452999159694}
10-11 15:02:40.141 21612 21675 I ReactNativeJS: [outputs] outputs.flashPulse {"timestamp":10383661.982599,"wallClock":1760209360140,"enabled":true,"durationMs":48,"source":"console.replay","correlationId":"console-replay:mgmn7eobe31olyqp","timelineOffsetMs":39.569452999159694}
10-11 15:02:40.148 21612 26522 D OutputsAudio: [outputs-audio] stop gain=1.000 release=6.00
10-11 15:02:40.197 21612 26522 D OutputsAudio: [outputs-audio] start hz=700.0 gain=1.000 attack=2.50 release=6.00
10-11 15:02:40.197 21612 21675 I ReactNativeJS: [outputs] outputs.flashPulse.commit {"timestamp":10383718.280308,"wallClock":1760209360197,"durationMs":48,"source":"console.replay","correlationId":"console-replay:mgmn7eobe31olyqp","latencyMs":57.56447999924421,"timelineOffsetMs":39.569452999159694}
10-11 15:02:40.240 21612 21675 D OutputsAudio: [outputs-audio] symbol.info sequence=22 symbol=- timestamp=10383718.502 duration=144.000
10-11 15:02:40.240 21612 21675 I ReactNativeJS: [outputs] playMorse.symbol {"timestamp":10383761.53937,"wallClock":1760209360240,"symbol":"-","durationMs":144,"index":21,"source":"console.replay","correlationId":"console-replay:mgmn7er41adh5zna","nativeTimestampMs":10383718.502,"nativeDurationMs":144,"nativeOffsetMs":42.99059899896383,"nativeSequence":22,"monotonicTimestampMs":10383718.502}
10-11 15:02:40.241 21612 21675 I ReactNativeJS: [outputs] outputs.hapticSymbol {"timestamp":10383762.011766,"wallClock":1760209360240,"enabled":true,"symbol":"-","durationMs":144,"platform":"android","source":"console.replay","correlationId":"console-replay:mgmn7er41adh5zna","timelineOffsetMs":42.99059899896383}
10-11 15:02:40.241 21612 21675 I ReactNativeJS: [outputs] outputs.flashPulse {"timestamp":10383762.756141,"wallClock":1760209360241,"enabled":true,"durationMs":144,"source":"console.replay","correlationId":"console-replay:mgmn7er41adh5zna","timelineOffsetMs":42.99059899896383}
10-11 15:02:40.299 21612 21675 I ReactNativeJS: [outputs] outputs.flashPulse.commit {"timestamp":10383820.24088,"wallClock":1760209360299,"durationMs":144,"source":"console.replay","correlationId":"console-replay:mgmn7er41adh5zna","latencyMs":58.74390600062907,"timelineOffsetMs":42.99059899896383}
10-11 15:02:40.342 21612 26522 D OutputsAudio: [outputs-audio] stop gain=1.000 release=6.00
10-11 15:02:40.391 21612 26522 D OutputsAudio: [outputs-audio] start hz=700.0 gain=1.000 attack=2.50 release=6.00
10-11 15:02:40.397 21612 21675 D OutputsAudio: [outputs-audio] symbol.info sequence=23 symbol=- timestamp=10383913.230 duration=144.000
10-11 15:02:40.398 21612 21675 I ReactNativeJS: [outputs] playMorse.symbol {"timestamp":10383918.579318,"wallClock":1760209360397,"symbol":"-","durationMs":144,"index":22,"source":"console.replay","correlationId":"console-replay:mgmn7evhtcc156pk","nativeTimestampMs":10383913.23,"nativeDurationMs":144,"nativeOffsetMs":5.248328000307083,"nativeSequence":23,"monotonicTimestampMs":10383913.23}
10-11 15:02:40.398 21612 21675 I ReactNativeJS: [outputs] outputs.hapticSymbol {"timestamp":10383919.532547,"wallClock":1760209360398,"enabled":true,"symbol":"-","durationMs":144,"platform":"android","source":"console.replay","correlationId":"console-replay:mgmn7evhtcc156pk","timelineOffsetMs":5.248328000307083}
10-11 15:02:40.400 21612 21675 I ReactNativeJS: [outputs] outputs.flashPulse {"timestamp":10383920.929995,"wallClock":1760209360399,"enabled":true,"durationMs":144,"source":"console.replay","correlationId":"console-replay:mgmn7evhtcc156pk","timelineOffsetMs":5.248328000307083}
10-11 15:02:40.469 21612 21675 I ReactNativeJS: [outputs] outputs.flashPulse.commit {"timestamp":10383989.891557,"wallClock":1760209360468,"durationMs":144,"source":"console.replay","correlationId":"console-replay:mgmn7evhtcc156pk","latencyMs":71.4081250000745,"timelineOffsetMs":5.248328000307083}
10-11 15:02:40.536 21612 26522 D OutputsAudio: [outputs-audio] stop gain=1.000 release=6.00
10-11 15:02:40.585 21612 26522 D OutputsAudio: [outputs-audio] start hz=700.0 gain=1.000 attack=2.50 release=6.00
10-11 15:02:40.597 21612 21675 D OutputsAudio: [outputs-audio] symbol.info sequence=24 symbol=- timestamp=10384106.452 duration=144.000
10-11 15:02:40.598 21612 21675 I ReactNativeJS: [outputs] playMorse.symbol {"timestamp":10384119.052807,"wallClock":1760209360597,"symbol":"-","durationMs":144,"index":23,"source":"console.replay","correlationId":"console-replay:mgmn7f11wfl6x1vw","nativeTimestampMs":10384106.452,"nativeDurationMs":144,"nativeOffsetMs":12.49992199987173,"nativeSequence":24,"monotonicTimestampMs":10384106.452}
10-11 15:02:40.599 21612 21675 I ReactNativeJS: [outputs] outputs.hapticSymbol {"timestamp":10384120.079526,"wallClock":1760209360598,"enabled":true,"symbol":"-","durationMs":144,"platform":"android","source":"console.replay","correlationId":"console-replay:mgmn7f11wfl6x1vw","timelineOffsetMs":12.49992199987173}
10-11 15:02:40.600 21612 21675 I ReactNativeJS: [outputs] outputs.flashPulse {"timestamp":10384121.634526,"wallClock":1760209360600,"enabled":true,"durationMs":144,"source":"console.replay","correlationId":"console-replay:mgmn7f11wfl6x1vw","timelineOffsetMs":12.49992199987173}
10-11 15:02:40.675 21612 21675 I ReactNativeJS: [outputs] outputs.flashPulse.commit {"timestamp":10384196.642651,"wallClock":1760209360675,"durationMs":144,"source":"console.replay","correlationId":"console-replay:mgmn7f11wfl6x1vw","latencyMs":77.68593800067902,"timelineOffsetMs":12.49992199987173}
10-11 15:02:40.729 21612 26522 D OutputsAudio: [outputs-audio] stop gain=1.000 release=6.00
10-11 15:02:40.778 21612 26522 D OutputsAudio: [outputs-audio] start hz=700.0 gain=1.000 attack=2.50 release=6.00
10-11 15:02:40.789 21612 21675 D OutputsAudio: [outputs-audio] symbol.info sequence=25 symbol=. timestamp=10384299.206 duration=48.000
10-11 15:02:40.791 21612 21675 I ReactNativeJS: [outputs] playMorse.symbol {"timestamp":10384311.092599,"wallClock":1760209360789,"symbol":".","durationMs":48,"index":24,"source":"console.replay","correlationId":"console-replay:mgmn7f6dromx750b","nativeTimestampMs":10384299.206,"nativeDurationMs":48,"nativeOffsetMs":11.796911999583244,"nativeSequence":25,"monotonicTimestampMs":10384299.206}
10-11 15:02:40.792 21612 21675 I ReactNativeJS: [outputs] outputs.hapticSymbol {"timestamp":10384312.544682,"wallClock":1760209360791,"enabled":true,"symbol":".","durationMs":48,"platform":"android","source":"console.replay","correlationId":"console-replay:mgmn7f6dromx750b","timelineOffsetMs":11.796911999583244}
10-11 15:02:40.793 21612 21675 I ReactNativeJS: [outputs] outputs.flashPulse {"timestamp":10384314.107495,"wallClock":1760209360792,"enabled":true,"durationMs":48,"source":"console.replay","correlationId":"console-replay:mgmn7f6dromx750b","timelineOffsetMs":11.796911999583244}
10-11 15:02:40.826 21612 26522 D OutputsAudio: [outputs-audio] stop gain=1.000 release=6.00
10-11 15:02:40.860 21612 21675 I ReactNativeJS: [outputs] outputs.flashPulse.commit {"timestamp":10384381.005099,"wallClock":1760209360859,"durationMs":48,"source":"console.replay","correlationId":"console-replay:mgmn7f6dromx750b","latencyMs":69.99770800024271,"timelineOffsetMs":11.796911999583244}
10-11 15:02:40.875 21612 26522 D OutputsAudio: [outputs-audio] start hz=700.0 gain=1.000 attack=2.50 release=6.00
10-11 15:02:40.923 21612 26522 D OutputsAudio: [outputs-audio] stop gain=1.000 release=6.00
10-11 15:02:40.945 21612 21675 D OutputsAudio: [outputs-audio] symbol.info sequence=26 symbol=. timestamp=10384396.175 duration=48.000
10-11 15:02:40.946 21612 21675 I ReactNativeJS: [outputs] playMorse.symbol {"timestamp":10384466.702964,"wallClock":1760209360945,"symbol":".","durationMs":48,"index":25,"source":"console.replay","correlationId":"console-replay:mgmn7fapen2x7azp","nativeTimestampMs":10384396.175,"nativeDurationMs":48,"nativeOffsetMs":70.47509899921715,"nativeSequence":26,"monotonicTimestampMs":10384396.175}
10-11 15:02:40.946 21612 21675 I ReactNativeJS: [outputs] outputs.hapticSymbol {"timestamp":10384467.248328,"wallClock":1760209360946,"enabled":true,"symbol":".","durationMs":48,"platform":"android","source":"console.replay","correlationId":"console-replay:mgmn7fapen2x7azp","timelineOffsetMs":70.47509899921715}
10-11 15:02:40.947 21612 21675 I ReactNativeJS: [outputs] outputs.flashPulse {"timestamp":10384468.104161,"wallClock":1760209360946,"enabled":true,"durationMs":48,"source":"console.replay","correlationId":"console-replay:mgmn7fapen2x7azp","timelineOffsetMs":70.47509899921715}
10-11 15:02:40.972 21612 26522 D OutputsAudio: [outputs-audio] start hz=700.0 gain=1.000 attack=2.50 release=6.00
10-11 15:02:40.999 21612 21675 I ReactNativeJS: [outputs] outputs.flashPulse.commit {"timestamp":10384519.766245,"wallClock":1760209360998,"durationMs":48,"source":"console.replay","correlationId":"console-replay:mgmn7fapen2x7azp","latencyMs":53.11171899922192,"timelineOffsetMs":70.47509899921715}
10-11 15:02:41.021 21612 26522 D OutputsAudio: [outputs-audio] stop gain=1.000 release=6.00
10-11 15:02:41.049 21612 21675 D OutputsAudio: [outputs-audio] symbol.info sequence=27 symbol=. timestamp=10384493.992 duration=48.000
10-11 15:02:41.049 21612 21675 I ReactNativeJS: [outputs] playMorse.symbol {"timestamp":10384570.666036,"wallClock":1760209361049,"symbol":".","durationMs":48,"index":26,"source":"console.replay","correlationId":"console-replay:mgmn7fdlm5tssm77","nativeTimestampMs":10384493.992,"nativeDurationMs":48,"nativeOffsetMs":76.62481799907982,"nativeSequence":27,"monotonicTimestampMs":10384493.992}
10-11 15:02:41.050 21612 21675 I ReactNativeJS: [outputs] outputs.hapticSymbol {"timestamp":10384571.155724,"wallClock":1760209361050,"enabled":true,"symbol":".","durationMs":48,"platform":"android","source":"console.replay","correlationId":"console-replay:mgmn7fdlm5tssm77","timelineOffsetMs":76.62481799907982}
10-11 15:02:41.051 21612 21675 I ReactNativeJS: [outputs] outputs.flashPulse {"timestamp":10384571.882286,"wallClock":1760209361050,"enabled":true,"durationMs":48,"source":"console.replay","correlationId":"console-replay:mgmn7fdlm5tssm77","timelineOffsetMs":76.62481799907982}
10-11 15:02:41.070 21612 26522 D OutputsAudio: [outputs-audio] stop gain=0.000 release=6.00
10-11 15:02:41.070 21612 26522 D OutputsAudio: [outputs-audio] playMorse.end cancelled=0
10-11 15:02:41.114 21612 21675 I ReactNativeJS: [outputs] playMorse.complete {"timestamp":10384635.462339,"wallClock":1760209361114,"durationMs":3986.9839040003717,"source":"console.replay","audioEnabled":true,"audioVolumePercent":100}
10-11 15:02:41.162 21612 21675 I ReactNativeJS: [outputs] outputs.flashPulse.commit {"timestamp":10384682.804161,"wallClock":1760209361161,"durationMs":48,"source":"console.replay","correlationId":"console-replay:mgmn7fdlm5tssm77","latencyMs":112.18359300121665,"timelineOffsetMs":76.62481799907982}
10-11 15:02:44.236 21612 21675 I ReactNativeJS: [outputs] playMorse.start {"timestamp":10387756.807181,"wallClock":1760209364235,"unitMs":40,"length":28,"source":"console.replay","audioEnabled":true,"audioVolumePercent":100}
10-11 15:02:44.378 21612 21675 D OutputsAudio: [outputs-audio] warmup hz=700.0
10-11 15:02:44.379 21612 26560 D OutputsAudio: [outputs-audio] playMorse.start count=27 unit=40.0
10-11 15:02:44.379 21612 26560 D OutputsAudio: [outputs-audio] start hz=700.0 gain=1.000 attack=2.50 release=6.00
10-11 15:02:44.393 21612 21675 D OutputsAudio: [outputs-audio] symbol.info sequence=1 symbol=. timestamp=10387900.312 duration=40.000
10-11 15:02:44.394 21612 21675 I ReactNativeJS: [outputs] playMorse.symbol {"timestamp":10387914.499785,"wallClock":1760209364393,"symbol":".","durationMs":40,"index":0,"source":"console.replay","correlationId":"console-replay:mgmn7hyhy1bshfy9","nativeTimestampMs":10387900.312,"nativeDurationMs":40,"nativeOffsetMs":13.947159999981523,"nativeSequence":1,"monotonicTimestampMs":10387900.312}
10-11 15:02:44.394 21612 21675 I ReactNativeJS: [outputs] outputs.hapticSymbol {"timestamp":10387915.416556,"wallClock":1760209364394,"enabled":true,"symbol":".","durationMs":40,"platform":"android","source":"console.replay","correlationId":"console-replay:mgmn7hyhy1bshfy9","timelineOffsetMs":13.947159999981523}
10-11 15:02:44.395 21612 21675 I ReactNativeJS: [outputs] outputs.flashPulse {"timestamp":10387916.549681,"wallClock":1760209364395,"enabled":true,"durationMs":40,"source":"console.replay","correlationId":"console-replay:mgmn7hyhy1bshfy9","timelineOffsetMs":13.947159999981523}
10-11 15:02:44.419 21612 26560 D OutputsAudio: [outputs-audio] stop gain=1.000 release=6.00
10-11 15:02:44.450 21612 21675 I ReactNativeJS: [outputs] outputs.flashPulse.commit {"timestamp":10387971.180254,"wallClock":1760209364450,"durationMs":40,"source":"console.replay","correlationId":"console-replay:mgmn7hyhy1bshfy9","latencyMs":56.916301999241114,"timelineOffsetMs":13.947159999981523}
10-11 15:02:44.459 21612 26560 D OutputsAudio: [outputs-audio] start hz=700.0 gain=1.000 attack=2.50 release=6.00
10-11 15:02:44.494 21612 21675 D OutputsAudio: [outputs-audio] symbol.info sequence=2 symbol=. timestamp=10387981.110 duration=40.000
10-11 15:02:44.494 21612 21675 I ReactNativeJS: [outputs] playMorse.symbol {"timestamp":10388015.49541,"wallClock":1760209364494,"symbol":".","durationMs":40,"index":1,"source":"console.replay","correlationId":"console-replay:mgmn7i1apo9sqybr","nativeTimestampMs":10387981.11,"nativeDurationMs":40,"nativeOffsetMs":34.334367999807,"nativeSequence":2,"monotonicTimestampMs":10387981.11}
10-11 15:02:44.495 21612 21675 I ReactNativeJS: [outputs] outputs.hapticSymbol {"timestamp":10388015.977233,"wallClock":1760209364494,"enabled":true,"symbol":".","durationMs":40,"platform":"android","source":"console.replay","correlationId":"console-replay:mgmn7i1apo9sqybr","timelineOffsetMs":34.334367999807}
10-11 15:02:44.495 21612 21675 I ReactNativeJS: [outputs] outputs.flashPulse {"timestamp":10388016.737337,"wallClock":1760209364495,"enabled":true,"durationMs":40,"source":"console.replay","correlationId":"console-replay:mgmn7i1apo9sqybr","timelineOffsetMs":34.334367999807}
10-11 15:02:44.500 21612 26560 D OutputsAudio: [outputs-audio] stop gain=1.000 release=6.00
10-11 15:02:44.540 21612 26560 D OutputsAudio: [outputs-audio] start hz=700.0 gain=1.000 attack=2.50 release=6.00
10-11 15:02:44.548 21612 21675 I ReactNativeJS: [outputs] outputs.flashPulse.commit {"timestamp":10388069.761712,"wallClock":1760209364548,"durationMs":40,"source":"console.replay","correlationId":"console-replay:mgmn7i1apo9sqybr","latencyMs":54.31307299993932,"timelineOffsetMs":34.334367999807}
10-11 15:02:44.581 21612 26560 D OutputsAudio: [outputs-audio] stop gain=1.000 release=6.00
10-11 15:02:44.592 21612 21675 D OutputsAudio: [outputs-audio] symbol.info sequence=3 symbol=. timestamp=10388061.918 duration=40.000
10-11 15:02:44.593 21612 21675 I ReactNativeJS: [outputs] playMorse.symbol {"timestamp":10388113.873796,"wallClock":1760209364592,"symbol":".","durationMs":40,"index":2,"source":"console.replay","correlationId":"console-replay:mgmn7i40daj5j88d","nativeTimestampMs":10388061.918,"nativeDurationMs":40,"nativeOffsetMs":51.905899999663234,"nativeSequence":3,"monotonicTimestampMs":10388061.918}
10-11 15:02:44.593 21612 21675 I ReactNativeJS: [outputs] outputs.hapticSymbol {"timestamp":10388114.359733,"wallClock":1760209364593,"enabled":true,"symbol":".","durationMs":40,"platform":"android","source":"console.replay","correlationId":"console-replay:mgmn7i40daj5j88d","timelineOffsetMs":51.905899999663234}
10-11 15:02:44.594 21612 21675 I ReactNativeJS: [outputs] outputs.flashPulse {"timestamp":10388115.098066,"wallClock":1760209364593,"enabled":true,"durationMs":40,"source":"console.replay","correlationId":"console-replay:mgmn7i40daj5j88d","timelineOffsetMs":51.905899999663234}
10-11 15:02:44.621 21612 26560 D OutputsAudio: [outputs-audio] start hz=700.0 gain=1.000 attack=2.50 release=6.00
10-11 15:02:44.650 21612 21675 I ReactNativeJS: [outputs] outputs.flashPulse.commit {"timestamp":10388170.868795,"wallClock":1760209364649,"durationMs":40,"source":"console.replay","correlationId":"console-replay:mgmn7i40daj5j88d","latencyMs":57.04031200148165,"timelineOffsetMs":51.905899999663234}
10-11 15:02:44.700 21612 21675 D OutputsAudio: [outputs-audio] symbol.info sequence=4 symbol=- timestamp=10388142.749 duration=120.000
10-11 15:02:44.700 21612 21675 I ReactNativeJS: [outputs] playMorse.symbol {"timestamp":10388221.429681,"wallClock":1760209364700,"symbol":"-","durationMs":120,"index":3,"source":"console.replay","correlationId":"console-replay:mgmn7i70g5xw39et","nativeTimestampMs":10388142.749,"nativeDurationMs":120,"nativeOffsetMs":78.63344099931419,"nativeSequence":4,"monotonicTimestampMs":10388142.749}
10-11 15:02:44.701 21612 21675 I ReactNativeJS: [outputs] outputs.hapticSymbol {"timestamp":10388221.934681,"wallClock":1760209364700,"enabled":true,"symbol":"-","durationMs":120,"platform":"android","source":"console.replay","correlationId":"console-replay:mgmn7i70g5xw39et","timelineOffsetMs":78.63344099931419}
10-11 15:02:44.701 21612 21675 I ReactNativeJS: [outputs] outputs.flashPulse {"timestamp":10388222.618795,"wallClock":1760209364701,"enabled":true,"durationMs":120,"source":"console.replay","correlationId":"console-replay:mgmn7i70g5xw39et","timelineOffsetMs":78.63344099931419}
10-11 15:02:44.742 21612 26560 D OutputsAudio: [outputs-audio] stop gain=1.000 release=6.00
10-11 15:02:44.757 21612 21675 I ReactNativeJS: [outputs] outputs.flashPulse.commit {"timestamp":10388278.450566,"wallClock":1760209364757,"durationMs":120,"source":"console.replay","correlationId":"console-replay:mgmn7i70g5xw39et","latencyMs":57.06385400146246,"timelineOffsetMs":78.63344099931419}
10-11 15:02:44.783 21612 26560 D OutputsAudio: [outputs-audio] start hz=700.0 gain=1.000 attack=2.50 release=6.00
10-11 15:02:44.801 21612 21675 D OutputsAudio: [outputs-audio] symbol.info sequence=5 symbol=- timestamp=10388304.596 duration=120.000
10-11 15:02:44.802 21612 21675 I ReactNativeJS: [outputs] playMorse.symbol {"timestamp":10388322.792545,"wallClock":1760209364801,"symbol":"-","durationMs":120,"index":4,"source":"console.replay","correlationId":"console-replay:mgmn7i9tgpxd1mss","nativeTimestampMs":10388304.596,"nativeDurationMs":120,"nativeOffsetMs":18.14503499865532,"nativeSequence":5,"monotonicTimestampMs":10388304.596}
10-11 15:02:44.802 21612 21675 I ReactNativeJS: [outputs] outputs.hapticSymbol {"timestamp":10388323.300775,"wallClock":1760209364802,"enabled":true,"symbol":"-","durationMs":120,"platform":"android","source":"console.replay","correlationId":"console-replay:mgmn7i9tgpxd1mss","timelineOffsetMs":18.14503499865532}
10-11 15:02:44.803 21612 21675 I ReactNativeJS: [outputs] outputs.flashPulse {"timestamp":10388324.046973,"wallClock":1760209364802,"enabled":true,"durationMs":120,"source":"console.replay","correlationId":"console-replay:mgmn7i9tgpxd1mss","timelineOffsetMs":18.14503499865532}
10-11 15:02:44.861 21612 21675 I ReactNativeJS: [outputs] outputs.flashPulse.commit {"timestamp":10388382.28265,"wallClock":1760209364861,"durationMs":120,"source":"console.replay","correlationId":"console-replay:mgmn7i9tgpxd1mss","latencyMs":59.5372919999063,"timelineOffsetMs":18.14503499865532}
10-11 15:02:44.904 21612 26560 D OutputsAudio: [outputs-audio] stop gain=1.000 release=6.00
10-11 15:02:44.944 21612 26560 D OutputsAudio: [outputs-audio] start hz=700.0 gain=1.000 attack=2.50 release=6.00
10-11 15:02:44.958 21612 21675 D OutputsAudio: [outputs-audio] symbol.info sequence=6 symbol=- timestamp=10388465.930 duration=120.000
10-11 15:02:44.959 21612 21675 I ReactNativeJS: [outputs] playMorse.symbol {"timestamp":10388480.121712,"wallClock":1760209364958,"symbol":"-","durationMs":120,"index":5,"source":"console.replay","correlationId":"console-replay:mgmn7ie6c02yn3w7","nativeTimestampMs":10388465.93,"nativeDurationMs":120,"nativeOffsetMs":14.128587000072002,"nativeSequence":6,"monotonicTimestampMs":10388465.93}
10-11 15:02:44.960 21612 21675 I ReactNativeJS: [outputs] outputs.hapticSymbol {"timestamp":10388480.773379,"wallClock":1760209364959,"enabled":true,"symbol":"-","durationMs":120,"platform":"android","source":"console.replay","correlationId":"console-replay:mgmn7ie6c02yn3w7","timelineOffsetMs":14.128587000072002}
10-11 15:02:44.961 21612 21675 I ReactNativeJS: [outputs] outputs.flashPulse {"timestamp":10388482.572754,"wallClock":1760209364961,"enabled":true,"durationMs":120,"source":"console.replay","correlationId":"console-replay:mgmn7ie6c02yn3w7","timelineOffsetMs":14.128587000072002}
10-11 15:02:45.023 21612 21675 I ReactNativeJS: [outputs] outputs.flashPulse.commit {"timestamp":10388544.055983,"wallClock":1760209365022,"durationMs":120,"source":"console.replay","correlationId":"console-replay:mgmn7ie6c02yn3w7","latencyMs":63.992240000516176,"timelineOffsetMs":14.128587000072002}
10-11 15:02:45.065 21612 26560 D OutputsAudio: [outputs-audio] stop gain=1.000 release=6.00
10-11 15:02:45.105 21612 26560 D OutputsAudio: [outputs-audio] start hz=700.0 gain=1.000 attack=2.50 release=6.00
10-11 15:02:45.120 21612 21675 D OutputsAudio: [outputs-audio] symbol.info sequence=7 symbol=. timestamp=10388627.150 duration=40.000
10-11 15:02:45.121 21612 21675 I ReactNativeJS: [outputs] playMorse.symbol {"timestamp":10388641.678483,"wallClock":1760209365120,"symbol":".","durationMs":40,"index":6,"source":"console.replay","correlationId":"console-replay:mgmn7iiomtvqvto3","nativeTimestampMs":10388627.15,"nativeDurationMs":40,"nativeOffsetMs":14.414628999307752,"nativeSequence":7,"monotonicTimestampMs":10388627.15}
10-11 15:02:45.121 21612 21675 I ReactNativeJS: [outputs] outputs.hapticSymbol {"timestamp":10388642.637337,"wallClock":1760209365121,"enabled":true,"symbol":".","durationMs":40,"platform":"android","source":"console.replay","correlationId":"console-replay:mgmn7iiomtvqvto3","timelineOffsetMs":14.414628999307752}
10-11 15:02:45.122 21612 21675 I ReactNativeJS: [outputs] outputs.flashPulse {"timestamp":10388643.721035,"wallClock":1760209365122,"enabled":true,"durationMs":40,"source":"console.replay","correlationId":"console-replay:mgmn7iiomtvqvto3","timelineOffsetMs":14.414628999307752}
10-11 15:02:45.146 21612 26560 D OutputsAudio: [outputs-audio] stop gain=1.000 release=6.00
10-11 15:02:45.176 21612 21675 I ReactNativeJS: [outputs] outputs.flashPulse.commit {"timestamp":10388697.068847,"wallClock":1760209365175,"durationMs":40,"source":"console.replay","correlationId":"console-replay:mgmn7iiomtvqvto3","latencyMs":55.49963499978185,"timelineOffsetMs":14.414628999307752}
10-11 15:02:45.187 21612 26560 D OutputsAudio: [outputs-audio] start hz=700.0 gain=1.000 attack=2.50 release=6.00
10-11 15:02:45.224 21612 21675 D OutputsAudio: [outputs-audio] symbol.info sequence=8 symbol=. timestamp=10388708.290 duration=40.000
10-11 15:02:45.225 21612 21675 I ReactNativeJS: [outputs] playMorse.symbol {"timestamp":10388746.144316,"wallClock":1760209365225,"symbol":".","durationMs":40,"index":7,"source":"console.replay","correlationId":"console-replay:mgmn7illg9a32vl5","nativeTimestampMs":10388708.29,"nativeDurationMs":40,"nativeOffsetMs":37.80509700067341,"nativeSequence":8,"monotonicTimestampMs":10388708.29}
10-11 15:02:45.225 21612 21675 I ReactNativeJS: [outputs] outputs.hapticSymbol {"timestamp":10388746.611347,"wallClock":1760209365225,"enabled":true,"symbol":".","durationMs":40,"platform":"android","source":"console.replay","correlationId":"console-replay:mgmn7illg9a32vl5","timelineOffsetMs":37.80509700067341}
10-11 15:02:45.226 21612 21675 I ReactNativeJS: [outputs] outputs.flashPulse {"timestamp":10388747.299212,"wallClock":1760209365226,"enabled":true,"durationMs":40,"source":"console.replay","correlationId":"console-replay:mgmn7illg9a32vl5","timelineOffsetMs":37.80509700067341}
10-11 15:02:45.227 21612 26560 D OutputsAudio: [outputs-audio] stop gain=1.000 release=6.00
10-11 15:02:45.268 21612 26560 D OutputsAudio: [outputs-audio] start hz=700.0 gain=1.000 attack=2.50 release=6.00
10-11 15:02:45.284 21612 21675 I ReactNativeJS: [outputs] outputs.flashPulse.commit {"timestamp":10388805.34666,"wallClock":1760209365284,"durationMs":40,"source":"console.replay","correlationId":"console-replay:mgmn7illg9a32vl5","latencyMs":59.247344000265,"timelineOffsetMs":37.80509700067341}
10-11 15:02:45.309 21612 26560 D OutputsAudio: [outputs-audio] stop gain=1.000 release=6.00
10-11 15:02:45.327 21612 21675 D OutputsAudio: [outputs-audio] symbol.info sequence=9 symbol=. timestamp=10388789.464 duration=40.000
10-11 15:02:45.328 21612 21675 I ReactNativeJS: [outputs] playMorse.symbol {"timestamp":10388848.699629,"wallClock":1760209365327,"symbol":".","durationMs":40,"index":8,"source":"console.replay","correlationId":"console-replay:mgmn7iofuk5lz7bv","nativeTimestampMs":10388789.464,"nativeDurationMs":40,"nativeOffsetMs":59.18698300048709,"nativeSequence":9,"monotonicTimestampMs":10388789.464}
10-11 15:02:45.328 21612 21675 I ReactNativeJS: [outputs] outputs.hapticSymbol {"timestamp":10388849.174681,"wallClock":1760209365328,"enabled":true,"symbol":".","durationMs":40,"platform":"android","source":"console.replay","correlationId":"console-replay:mgmn7iofuk5lz7bv","timelineOffsetMs":59.18698300048709}
10-11 15:02:45.328 21612 21675 I ReactNativeJS: [outputs] outputs.flashPulse {"timestamp":10388849.87666,"wallClock":1760209365328,"enabled":true,"durationMs":40,"source":"console.replay","correlationId":"console-replay:mgmn7iofuk5lz7bv","timelineOffsetMs":59.18698300048709}
10-11 15:02:45.349 21612 26560 D OutputsAudio: [outputs-audio] start hz=700.0 gain=1.000 attack=2.50 release=6.00
10-11 15:02:45.383 21612 21675 I ReactNativeJS: [outputs] outputs.flashPulse.commit {"timestamp":10388904.429837,"wallClock":1760209365383,"durationMs":40,"source":"console.replay","correlationId":"console-replay:mgmn7iofuk5lz7bv","latencyMs":55.77453099936247,"timelineOffsetMs":59.18698300048709}
10-11 15:02:45.432 21612 21675 D OutputsAudio: [outputs-audio] symbol.info sequence=10 symbol=- timestamp=10388871.153 duration=120.000
10-11 15:02:45.433 21612 21675 I ReactNativeJS: [outputs] playMorse.symbol {"timestamp":10388954.181504,"wallClock":1760209365433,"symbol":"-","durationMs":120,"index":9,"source":"console.replay","correlationId":"console-replay:mgmn7irdg135a06s","nativeTimestampMs":10388871.153,"nativeDurationMs":120,"nativeOffsetMs":82.98089899867773,"nativeSequence":10,"monotonicTimestampMs":10388871.153}
10-11 15:02:45.433 21612 21675 I ReactNativeJS: [outputs] playMorse.nativeOffset.spike {"timestamp":10388954.62041,"wallClock":1760209365433,"source":"console.replay","offsetMs":82.98089899867773,"sequence":10,"unitMs":40,"correlationId":"console-replay:mgmn7irdg135a06s"}
10-11 15:02:45.434 21612 21675 I ReactNativeJS: [outputs] outputs.hapticSymbol {"timestamp":10388954.928014,"wallClock":1760209365433,"enabled":true,"symbol":"-","durationMs":120,"platform":"android","source":"console.replay","correlationId":"console-replay:mgmn7irdg135a06s","timelineOffsetMs":82.98089899867773}
10-11 15:02:45.434 21612 21675 I ReactNativeJS: [outputs] outputs.flashPulse {"timestamp":10388955.643535,"wallClock":1760209365434,"enabled":true,"durationMs":120,"source":"console.replay","correlationId":"console-replay:mgmn7irdg135a06s","timelineOffsetMs":82.98089899867773}
10-11 15:02:45.471 21612 26560 D OutputsAudio: [outputs-audio] stop gain=1.000 release=6.00
10-11 15:02:45.488 21612 21675 I ReactNativeJS: [outputs] outputs.flashPulse.commit {"timestamp":10389009.270826,"wallClock":1760209365488,"durationMs":120,"source":"console.replay","correlationId":"console-replay:mgmn7irdg135a06s","latencyMs":55.13265700079501,"timelineOffsetMs":82.98089899867773}
10-11 15:02:45.512 21612 26560 D OutputsAudio: [outputs-audio] start hz=700.0 gain=1.000 attack=2.50 release=6.00
10-11 15:02:45.537 21612 21675 D OutputsAudio: [outputs-audio] symbol.info sequence=11 symbol=- timestamp=10389033.528 duration=120.000
10-11 15:02:45.538 21612 21675 I ReactNativeJS: [outputs] playMorse.symbol {"timestamp":10389059.149003,"wallClock":1760209365538,"symbol":"-","durationMs":120,"index":10,"source":"console.replay","correlationId":"console-replay:mgmn7iuaixyixb59","nativeTimestampMs":10389033.528,"nativeDurationMs":120,"nativeOffsetMs":25.57089899852872,"nativeSequence":11,"monotonicTimestampMs":10389033.528}
10-11 15:02:45.538 21612 21675 I ReactNativeJS: [outputs] outputs.hapticSymbol {"timestamp":10389059.615306,"wallClock":1760209365538,"enabled":true,"symbol":"-","durationMs":120,"platform":"android","source":"console.replay","correlationId":"console-replay:mgmn7iuaixyixb59","timelineOffsetMs":25.57089899852872}
10-11 15:02:45.539 21612 21675 I ReactNativeJS: [outputs] outputs.flashPulse {"timestamp":10389060.35916,"wallClock":1760209365539,"enabled":true,"durationMs":120,"source":"console.replay","correlationId":"console-replay:mgmn7iuaixyixb59","timelineOffsetMs":25.57089899852872}
10-11 15:02:45.596 21612 21675 I ReactNativeJS: [outputs] outputs.flashPulse.commit {"timestamp":10389117.539628,"wallClock":1760209365596,"durationMs":120,"source":"console.replay","correlationId":"console-replay:mgmn7iuaixyixb59","latencyMs":58.43671900033951,"timelineOffsetMs":25.57089899852872}
10-11 15:02:45.633 21612 26560 D OutputsAudio: [outputs-audio] stop gain=1.000 release=6.00
10-11 15:02:45.674 21612 26560 D OutputsAudio: [outputs-audio] start hz=700.0 gain=1.000 attack=2.50 release=6.00
10-11 15:02:45.689 21612 21675 D OutputsAudio: [outputs-audio] symbol.info sequence=12 symbol=- timestamp=10389195.372 duration=120.000
10-11 15:02:45.689 21612 21675 I ReactNativeJS: [outputs] playMorse.symbol {"timestamp":10389210.494889,"wallClock":1760209365689,"symbol":"-","durationMs":120,"index":11,"source":"console.replay","correlationId":"console-replay:mgmn7iyhfp8mp3qa","nativeTimestampMs":10389195.372,"nativeDurationMs":120,"nativeOffsetMs":15.055858001112938,"nativeSequence":12,"monotonicTimestampMs":10389195.372}
10-11 15:02:45.690 21612 21675 I ReactNativeJS: [outputs] outputs.hapticSymbol {"timestamp":10389211.088431,"wallClock":1760209365689,"enabled":true,"symbol":"-","durationMs":120,"platform":"android","source":"console.replay","correlationId":"console-replay:mgmn7iyhfp8mp3qa","timelineOffsetMs":15.055858001112938}
10-11 15:02:45.690 21612 21675 I ReactNativeJS: [outputs] outputs.flashPulse {"timestamp":10389211.848274,"wallClock":1760209365690,"enabled":true,"durationMs":120,"source":"console.replay","correlationId":"console-replay:mgmn7iyhfp8mp3qa","timelineOffsetMs":15.055858001112938}
10-11 15:02:45.747 21612 21675 I ReactNativeJS: [outputs] outputs.flashPulse.commit {"timestamp":10389268.152805,"wallClock":1760209365747,"durationMs":120,"source":"console.replay","correlationId":"console-replay:mgmn7iyhfp8mp3qa","latencyMs":57.72005200013518,"timelineOffsetMs":15.055858001112938}
10-11 15:02:45.794 21612 26560 D OutputsAudio: [outputs-audio] stop gain=1.000 release=6.00
10-11 15:02:45.835 21612 26560 D OutputsAudio: [outputs-audio] start hz=700.0 gain=1.000 attack=2.50 release=6.00
10-11 15:02:45.843 21612 21675 D OutputsAudio: [outputs-audio] symbol.info sequence=13 symbol=. timestamp=10389356.264 duration=40.000
