10-11 20:49:29.705 12221  1670 D OutputsAudio: [outputs-audio] playMorse.symbol.start sequence=26 symbol=. expected=31155853.295 actual=31155884.231 skew=30.936 batchElapsed=2990.936
10-11 20:49:29.745 12221  1670 D OutputsAudio: [outputs-audio] stop gain=1.000 release=6.00
10-11 20:49:29.751 12221   678 D OutputsAudio: [outputs-audio] symbol.info sequence=26 symbol=. timestamp=31155884.231 duration=40.000 expected=31155853.295 skew=30.936 age=45.971
10-11 20:49:29.752 12221   678 I ReactNativeJS: [outputs] playMorse.symbol {"timestamp":31155930.355144,"wallClock":1760230169751,"symbol":"-","durationMs":120,"index":23,"source":"console.replay","correlationId":"console-replay:vrb54o30","nativeTimestampMs":31155884.231,"nativeDurationMs":40,"nativeOffsetMs":46.071123000234365,"nativeSequence":26,"monotonicTimestampMs":31155884.231,"nativeExpectedTimestampMs":31155853.295,"nativeStartSkewMs":30.936,"nativeBatchElapsedMs":2990.936,"nativeExpectedSincePriorMs":80,"nativeSincePriorMs":80.607,"nativePatternStartMs":31152893.295,"nativeAgeMs":45.971}
10-11 20:49:29.752 12221   678 I ReactNativeJS: [outputs] playMorse.symbol {"timestamp":31155931.020613,"wallClock":1760230169752,"symbol":"-","durationMs":120,"index":23,"source":"console.replay","correlationId":"console-replay:mgmzlfh4qgna418a","nativeTimestampMs":31155884.231,"nativeDurationMs":40,"nativeOffsetMs":46.071123000234365,"nativeSequence":26,"monotonicTimestampMs":31155884.231,"nativeExpectedTimestampMs":31155853.295,"nativeStartSkewMs":30.936,"nativeBatchElapsedMs":2990.936,"nativeExpectedSincePriorMs":80,"nativeSincePriorMs":80.607,"nativePatternStartMs":31152893.295,"nativeAgeMs":45.971}
10-11 20:49:29.753 12221   678 I ReactNativeJS: [outputs] outputs.hapticSymbol {"timestamp":31155931.472227,"wallClock":1760230169752,"enabled":true,"symbol":"-","durationMs":120,"platform":"android","source":"console.replay","correlationId":"console-replay:mgmzlfh4qgna418a","timelineOffsetMs":null}
10-11 20:49:29.754 12221   678 I ReactNativeJS: [outputs] outputs.flashPulse {"timestamp":31155932.304884,"wallClock":1760230169753,"enabled":true,"durationMs":120,"source":"console.replay","correlationId":"console-replay:mgmzlfh4qgna418a","timelineOffsetMs":46.071123000234365,"schedulingMode":"timeline","audioStartHeadroomMs":-86.99910199642181,"audioStartGuard":"headroom","audioStartCompensationMs":86.99910199642181}
10-11 20:49:29.786 12221  1670 D OutputsAudio: [outputs-audio] start hz=650.0 gain=1.000 attack=2.50 release=6.00
10-11 20:49:29.786 12221  1670 D OutputsAudio: [outputs-audio] playMorse.symbol.start sequence=27 symbol=. expected=31155933.295 actual=31155964.785 skew=31.490 batchElapsed=3071.490
10-11 20:49:29.819 12221   678 I ReactNativeJS: [outputs] outputs.flashPulse.commit {"timestamp":31155997.380196,"wallClock":1760230169818,"durationMs":120,"source":"console.replay","correlationId":"console-replay:mgmzlfh4qgna418a","latencyMs":67.06838599964976,"timelineOffsetMs":46.071123000234365,"leadMs":8,"scheduleSkewMs":65.07447999715805,"schedulingMode":"timeline","audioStartHeadroomMs":-86.99910199642181,"audioStartGuard":"headroom","audioStartCompensationMs":86.99910199642181}
10-11 20:49:29.826 12221  1670 D OutputsAudio: [outputs-audio] stop gain=1.000 release=6.00
10-11 20:49:29.826 12221  1670 D OutputsAudio: [outputs-audio] stop gain=1.000 release=6.00
10-11 20:49:29.826 12221  1670 D OutputsAudio: [outputs-audio] playMorse.end cancelled=0
10-11 20:49:29.862 12221   678 D OutputsAudio: [outputs-audio] symbol.info sequence=27 symbol=. timestamp=31155964.785 duration=40.000 expected=31155933.295 skew=31.490 age=76.663
10-11 20:49:29.863 12221   678 I ReactNativeJS: [outputs] playMorse.symbol {"timestamp":31156041.591186,"wallClock":1760230169863,"symbol":".","durationMs":40,"index":24,"source":"console.replay","correlationId":"console-replay:urv1a8y6","nativeTimestampMs":31155964.785,"nativeDurationMs":40,"nativeOffsetMs":76.75634200125933,"nativeSequence":27,"monotonicTimestampMs":31155964.785,"nativeExpectedTimestampMs":31155933.295,"nativeStartSkewMs":31.49,"nativeBatchElapsedMs":3071.49,"nativeExpectedSincePriorMs":80,"nativeSincePriorMs":80.554,"nativePatternStartMs":31152893.295,"nativeAgeMs":76.663}
10-11 20:49:29.864 12221   678 I ReactNativeJS: [outputs] playMorse.symbol {"timestamp":31156042.252332,"wallClock":1760230169863,"symbol":".","durationMs":40,"index":24,"source":"console.replay","correlationId":"console-replay:mgmzlfk7awpm5ywp","nativeTimestampMs":31155964.785,"nativeDurationMs":40,"nativeOffsetMs":76.75634200125933,"nativeSequence":27,"monotonicTimestampMs":31155964.785,"nativeExpectedTimestampMs":31155933.295,"nativeStartSkewMs":31.49,"nativeBatchElapsedMs":3071.49,"nativeExpectedSincePriorMs":80,"nativeSincePriorMs":80.554,"nativePatternStartMs":31152893.295,"nativeAgeMs":76.663}
10-11 20:49:29.864 12221   678 I ReactNativeJS: [outputs] outputs.hapticSymbol {"timestamp":31156042.724415,"wallClock":1760230169864,"enabled":true,"symbol":".","durationMs":40,"platform":"android","source":"console.replay","correlationId":"console-replay:mgmzlfk7awpm5ywp","timelineOffsetMs":null}
10-11 20:49:29.865 12221   678 I ReactNativeJS: [outputs] outputs.flashPulse {"timestamp":31156043.494571,"wallClock":1760230169864,"enabled":true,"durationMs":40,"source":"console.replay","correlationId":"console-replay:mgmzlfk7awpm5ywp","timelineOffsetMs":76.75634200125933,"schedulingMode":"timeline","audioStartHeadroomMs":-118.18696699663997,"audioStartGuard":"headroom","audioStartCompensationMs":118.18696699663997}
10-11 20:49:29.919 12221   678 I ReactNativeJS: [outputs] outputs.flashPulse.commit {"timestamp":31156098.068113,"wallClock":1760230169919,"durationMs":40,"source":"console.replay","correlationId":"console-replay:mgmzlfk7awpm5ywp","latencyMs":56.517030999064445,"timelineOffsetMs":76.75634200125933,"leadMs":8,"scheduleSkewMs":54.57473900169134,"schedulingMode":"timeline","audioStartHeadroomMs":-118.18696699663997,"audioStartGuard":"headroom","audioStartCompensationMs":118.18696699663997}
10-11 20:49:30.121 12221   678 I ReactNativeJS: [outputs] playMorse.symbol {"timestamp":31156297.672904,"wallClock":1760230170119,"symbol":".","durationMs":40,"index":25,"source":"console.replay","correlationId":"console-replay:dymdrszl","nativeTimestampMs":null,"nativeDurationMs":40,"nativeOffsetMs":null,"nativeSequence":null,"monotonicTimestampMs":null,"nativeExpectedTimestampMs":null,"nativeStartSkewMs":null,"nativeBatchElapsedMs":null,"nativeExpectedSincePriorMs":null,"nativeSincePriorMs":null,"nativePatternStartMs":null,"nativeAgeMs":null}
10-11 20:49:30.123 12221   678 I ReactNativeJS: [outputs] playMorse.symbol {"timestamp":31156300.222904,"wallClock":1760230170121,"symbol":".","durationMs":40,"index":25,"source":"console.replay","correlationId":"console-replay:mgmzlfrd2mt5pdpq","nativeTimestampMs":null,"nativeDurationMs":40,"nativeOffsetMs":null,"nativeSequence":null,"monotonicTimestampMs":null,"nativeExpectedTimestampMs":null,"nativeStartSkewMs":null,"nativeBatchElapsedMs":null,"nativeExpectedSincePriorMs":null,"nativeSincePriorMs":null,"nativePatternStartMs":null,"nativeAgeMs":null}
10-11 20:49:30.124 12221   678 I ReactNativeJS: [outputs] outputs.hapticSymbol {"timestamp":31156302.211498,"wallClock":1760230170123,"enabled":true,"symbol":".","durationMs":40,"platform":"android","source":"console.replay","correlationId":"console-replay:mgmzlfrd2mt5pdpq","timelineOffsetMs":null}
10-11 20:49:30.127 12221   678 I ReactNativeJS: [outputs] outputs.flashPulse {"timestamp":31156305.369883,"wallClock":1760230170126,"enabled":true,"durationMs":40,"source":"console.replay","correlationId":"console-replay:mgmzlfrd2mt5pdpq","timelineOffsetMs":24,"schedulingMode":"timeline"}
10-11 20:49:30.204 12221   678 I ReactNativeJS: [outputs] outputs.flashPulse.commit {"timestamp":31156381.670144,"wallClock":1760230170203,"durationMs":40,"source":"console.replay","correlationId":"console-replay:mgmzlfrd2mt5pdpq","latencyMs":57.43317700177431,"timelineOffsetMs":24,"leadMs":8,"scheduleSkewMs":65.43317700177431,"schedulingMode":"timeline"}
10-11 20:49:30.410 12221   678 I ReactNativeJS: [outputs] playMorse.symbol {"timestamp":31156588.114727,"wallClock":1760230170409,"symbol":".","durationMs":40,"index":26,"source":"console.replay","correlationId":"console-replay:k008zrjj","nativeTimestampMs":null,"nativeDurationMs":40,"nativeOffsetMs":null,"nativeSequence":null,"monotonicTimestampMs":null,"nativeExpectedTimestampMs":null,"nativeStartSkewMs":null,"nativeBatchElapsedMs":null,"nativeExpectedSincePriorMs":null,"nativeSincePriorMs":null,"nativePatternStartMs":null,"nativeAgeMs":null}
10-11 20:49:30.411 12221   678 I ReactNativeJS: [outputs] playMorse.symbol {"timestamp":31156589.362956,"wallClock":1760230170410,"symbol":".","durationMs":40,"index":26,"source":"console.replay","correlationId":"console-replay:mgmzlfzezd1435d3","nativeTimestampMs":null,"nativeDurationMs":40,"nativeOffsetMs":null,"nativeSequence":null,"monotonicTimestampMs":null,"nativeExpectedTimestampMs":null,"nativeStartSkewMs":null,"nativeBatchElapsedMs":null,"nativeExpectedSincePriorMs":null,"nativeSincePriorMs":null,"nativePatternStartMs":null,"nativeAgeMs":null}
10-11 20:49:30.412 12221   678 I ReactNativeJS: [outputs] outputs.hapticSymbol {"timestamp":31156590.226394,"wallClock":1760230170411,"enabled":true,"symbol":".","durationMs":40,"platform":"android","source":"console.replay","correlationId":"console-replay:mgmzlfzezd1435d3","timelineOffsetMs":null}
10-11 20:49:30.413 12221   678 I ReactNativeJS: [outputs] outputs.flashPulse {"timestamp":31156591.610508,"wallClock":1760230170413,"enabled":true,"durationMs":40,"source":"console.replay","correlationId":"console-replay:mgmzlfzezd1435d3","timelineOffsetMs":24,"schedulingMode":"timeline"}
10-11 20:49:30.479 12221   678 I ReactNativeJS: [outputs] playMorse.complete {"timestamp":31156657.787071,"wallClock":1760230170479,"durationMs":4038.5214050002396,"source":"console.replay","audioEnabled":true,"audioVolumePercent":100}
10-11 20:49:30.525 12221   678 I ReactNativeJS: [outputs] outputs.flashPulse.commit {"timestamp":31156703.570717,"wallClock":1760230170524,"durationMs":40,"source":"console.replay","correlationId":"console-replay:mgmzlfzezd1435d3","latencyMs":90.21046900004148,"timelineOffsetMs":24,"leadMs":8,"scheduleSkewMs":98.21046900004148,"schedulingMode":"timeline"}
10-11 20:49:32.883 12221   678 I ReactNativeJS: [outputs] playMorse.start {"timestamp":31159060.925351,"wallClock":1760230172882,"unitMs":34,"length":29,"source":"console.replay","audioEnabled":true,"audioVolumePercent":100}
10-11 20:49:33.117 12221   678 D OutputsAudio: [outputs-audio] warmup hz=650.0
10-11 20:49:33.117 12221  1699 D OutputsAudio: [outputs-audio] playMorse.start count=27 unit=34.0
10-11 20:49:33.117 12221  1699 D OutputsAudio: [outputs-audio] start hz=650.0 gain=1.000 attack=2.50 release=6.00
10-11 20:49:33.117 12221  1699 D OutputsAudio: [outputs-audio] playMorse.symbol.start sequence=1 symbol=. expected=31159295.684 actual=31159296.055 skew=0.371 batchElapsed=0.371
10-11 20:49:33.125 12221   678 D OutputsAudio: [outputs-audio] symbol.info sequence=1 symbol=. timestamp=31159296.055 duration=34.000 expected=31159295.684 skew=0.371 age=7.856
10-11 20:49:33.126 12221   678 I ReactNativeJS: [outputs] playMorse.symbol {"timestamp":31159304.168372,"wallClock":1760230173125,"symbol":".","durationMs":34,"index":0,"source":"console.replay","correlationId":"console-replay:klfizn08","nativeTimestampMs":31159296.055,"nativeDurationMs":34,"nativeOffsetMs":8.018268000334501,"nativeSequence":1,"monotonicTimestampMs":31159296.055,"nativeExpectedTimestampMs":31159295.684,"nativeStartSkewMs":0.371,"nativeBatchElapsedMs":0.371,"nativeExpectedSincePriorMs":0,"nativeSincePriorMs":0,"nativePatternStartMs":31159295.684,"nativeAgeMs":7.856}
10-11 20:49:33.127 12221   678 I ReactNativeJS: [outputs] playMorse.symbol {"timestamp":31159305.338112,"wallClock":1760230173126,"symbol":".","durationMs":34,"index":0,"source":"console.replay","correlationId":"console-replay:mgmzli2ulv6fouzf","nativeTimestampMs":31159296.055,"nativeDurationMs":34,"nativeOffsetMs":8.018268000334501,"nativeSequence":1,"monotonicTimestampMs":31159296.055,"nativeExpectedTimestampMs":31159295.684,"nativeStartSkewMs":0.371,"nativeBatchElapsedMs":0.371,"nativeExpectedSincePriorMs":0,"nativeSincePriorMs":0,"nativePatternStartMs":31159295.684,"nativeAgeMs":7.856}
10-11 20:49:33.127 12221   678 I ReactNativeJS: [outputs] outputs.hapticSymbol {"timestamp":31159305.96582,"wallClock":1760230173127,"enabled":true,"symbol":".","durationMs":34,"platform":"android","source":"console.replay","correlationId":"console-replay:mgmzli2ulv6fouzf","timelineOffsetMs":null}
10-11 20:49:33.129 12221   678 I ReactNativeJS: [outputs] outputs.flashPulse {"timestamp":31159307.143007,"wallClock":1760230173128,"enabled":true,"durationMs":34,"source":"console.replay","correlationId":"console-replay:mgmzli2ulv6fouzf","timelineOffsetMs":8.018268000334501,"schedulingMode":"timeline","audioStartHeadroomMs":-19.44046599790454,"audioStartGuard":"headroom","audioStartCompensationMs":19.44046599790454}
10-11 20:49:33.151 12221  1699 D OutputsAudio: [outputs-audio] stop gain=1.000 release=6.00
10-11 20:49:33.185 12221  1699 D OutputsAudio: [outputs-audio] start hz=650.0 gain=1.000 attack=2.50 release=6.00
10-11 20:49:33.186 12221  1699 D OutputsAudio: [outputs-audio] playMorse.symbol.start sequence=2 symbol=. expected=31159363.684 actual=31159364.554 skew=0.870 batchElapsed=68.870
10-11 20:49:33.197 12221   678 I ReactNativeJS: [outputs] outputs.flashPulse.commit {"timestamp":31159375.883528,"wallClock":1760230173197,"durationMs":34,"source":"console.replay","correlationId":"console-replay:mgmzli2ulv6fouzf","latencyMs":71.8001560010016,"timelineOffsetMs":8.018268000334501,"leadMs":8,"scheduleSkewMs":68.74614600092173,"schedulingMode":"timeline","audioStartHeadroomMs":-19.44046599790454,"audioStartGuard":"headroom","audioStartCompensationMs":19.44046599790454}
10-11 20:49:33.220 12221  1699 D OutputsAudio: [outputs-audio] stop gain=1.000 release=6.00
10-11 20:49:33.246 12221   678 D OutputsAudio: [outputs-audio] symbol.info sequence=2 symbol=. timestamp=31159364.554 duration=34.000 expected=31159363.684 skew=0.870 age=60.636
10-11 20:49:33.247 12221   678 I ReactNativeJS: [outputs] playMorse.symbol {"timestamp":31159425.333111,"wallClock":1760230173246,"symbol":".","durationMs":34,"index":1,"source":"console.replay","correlationId":"console-replay:9tr1ktu2","nativeTimestampMs":31159364.554,"nativeDurationMs":34,"nativeOffsetMs":60.7276009991765,"nativeSequence":2,"monotonicTimestampMs":31159364.554,"nativeExpectedTimestampMs":31159363.684,"nativeStartSkewMs":0.87,"nativeBatchElapsedMs":68.87,"nativeExpectedSincePriorMs":68,"nativeSincePriorMs":68.498,"nativePatternStartMs":31159295.684,"nativeAgeMs":60.636}
10-11 20:49:33.247 12221   678 I ReactNativeJS: [outputs] playMorse.symbol {"timestamp":31159425.950299,"wallClock":1760230173247,"symbol":".","durationMs":34,"index":1,"source":"console.replay","correlationId":"console-replay:mgmzli67gsnsszw2","nativeTimestampMs":31159364.554,"nativeDurationMs":34,"nativeOffsetMs":60.7276009991765,"nativeSequence":2,"monotonicTimestampMs":31159364.554,"nativeExpectedTimestampMs":31159363.684,"nativeStartSkewMs":0.87,"nativeBatchElapsedMs":68.87,"nativeExpectedSincePriorMs":68,"nativeSincePriorMs":68.498,"nativePatternStartMs":31159295.684,"nativeAgeMs":60.636}
10-11 20:49:33.248 12221   678 I ReactNativeJS: [outputs] outputs.hapticSymbol {"timestamp":31159426.391705,"wallClock":1760230173247,"enabled":true,"symbol":".","durationMs":34,"platform":"android","source":"console.replay","correlationId":"console-replay:mgmzli67gsnsszw2","timelineOffsetMs":null}
10-11 20:49:33.248 12221   678 I ReactNativeJS: [outputs] outputs.flashPulse {"timestamp":31159427.174205,"wallClock":1760230173248,"enabled":true,"durationMs":34,"source":"console.replay","correlationId":"console-replay:mgmzli67gsnsszw2","timelineOffsetMs":60.7276009991765,"schedulingMode":"timeline","audioStartHeadroomMs":-71.47932000085711,"audioStartGuard":"headroom","audioStartCompensationMs":71.47932000085711}
10-11 20:49:33.255 12221  1699 D OutputsAudio: [outputs-audio] start hz=650.0 gain=1.000 attack=2.50 release=6.00
10-11 20:49:33.256 12221  1699 D OutputsAudio: [outputs-audio] playMorse.symbol.start sequence=3 symbol=. expected=31159431.684 actual=31159434.575 skew=2.891 batchElapsed=138.891
10-11 20:49:33.290 12221  1699 D OutputsAudio: [outputs-audio] stop gain=1.000 release=6.00
10-11 20:49:33.303 12221   678 I ReactNativeJS: [outputs] outputs.flashPulse.commit {"timestamp":31159481.048684,"wallClock":1760230173302,"durationMs":34,"source":"console.replay","correlationId":"console-replay:mgmzli67gsnsszw2","latencyMs":55.75812499970198,"timelineOffsetMs":60.7276009991765,"leadMs":8,"scheduleSkewMs":53.874947998672724,"schedulingMode":"timeline","audioStartHeadroomMs":-71.47932000085711,"audioStartGuard":"headroom","audioStartCompensationMs":71.47932000085711}
10-11 20:49:33.325 12221  1699 D OutputsAudio: [outputs-audio] start hz=650.0 gain=1.000 attack=2.50 release=6.00
10-11 20:49:33.325 12221  1699 D OutputsAudio: [outputs-audio] playMorse.symbol.start sequence=4 symbol=- expected=31159499.684 actual=31159504.418 skew=4.734 batchElapsed=208.734
10-11 20:49:33.346 12221   678 D OutputsAudio: [outputs-audio] symbol.info sequence=4 symbol=- timestamp=31159504.418 duration=102.000 expected=31159499.684 skew=4.734 age=20.934
10-11 20:49:33.347 12221   678 W ReactNativeJS: '[outputs-audio] native sequence jump', { previous: 2, next: 4, delta: 2 }
10-11 20:49:33.348 12221   678 I ReactNativeJS: [outputs] playMorse.symbol {"timestamp":31159526.178945,"wallClock":1760230173347,"symbol":".","durationMs":34,"index":2,"source":"console.replay","correlationId":"console-replay:fp3rheqb","nativeTimestampMs":31159504.418,"nativeDurationMs":102,"nativeOffsetMs":21.720424000173807,"nativeSequence":4,"monotonicTimestampMs":31159504.418,"nativeExpectedTimestampMs":31159499.684,"nativeStartSkewMs":4.734,"nativeBatchElapsedMs":208.734,"nativeExpectedSincePriorMs":68,"nativeSincePriorMs":69.843,"nativePatternStartMs":31159295.684,"nativeAgeMs":20.934}
10-11 20:49:33.348 12221   678 I ReactNativeJS: [outputs] playMorse.symbol {"timestamp":31159526.675455,"wallClock":1760230173348,"symbol":".","durationMs":34,"index":2,"source":"console.replay","correlationId":"console-replay:mgmzli906w2j8mau","nativeTimestampMs":31159504.418,"nativeDurationMs":102,"nativeOffsetMs":21.720424000173807,"nativeSequence":4,"monotonicTimestampMs":31159504.418,"nativeExpectedTimestampMs":31159499.684,"nativeStartSkewMs":4.734,"nativeBatchElapsedMs":208.734,"nativeExpectedSincePriorMs":68,"nativeSincePriorMs":69.843,"nativePatternStartMs":31159295.684,"nativeAgeMs":20.934}
10-11 20:49:33.348 12221   678 I ReactNativeJS: [outputs] outputs.hapticSymbol {"timestamp":31159527.086497,"wallClock":1760230173348,"enabled":true,"symbol":".","durationMs":34,"platform":"android","source":"console.replay","correlationId":"console-replay:mgmzli906w2j8mau","timelineOffsetMs":null}
10-11 20:49:33.349 12221   678 I ReactNativeJS: [outputs] outputs.flashPulse {"timestamp":31159527.845507,"wallClock":1760230173349,"enabled":true,"durationMs":34,"source":"console.replay","correlationId":"console-replay:mgmzli906w2j8mau","timelineOffsetMs":21.720424000173807,"schedulingMode":"timeline","audioStartHeadroomMs":-36.14989300072193,"audioStartGuard":"headroom","audioStartCompensationMs":36.14989300072193}
10-11 20:49:33.403 12221   678 I ReactNativeJS: [outputs] outputs.flashPulse.commit {"timestamp":31159581.820716,"wallClock":1760230173403,"durationMs":34,"source":"console.replay","correlationId":"console-replay:mgmzli906w2j8mau","latencyMs":55.67244799807668,"timelineOffsetMs":21.720424000173807,"leadMs":8,"scheduleSkewMs":53.97526099905372,"schedulingMode":"timeline","audioStartHeadroomMs":-36.14989300072193,"audioStartGuard":"headroom","audioStartCompensationMs":36.14989300072193}
10-11 20:49:33.428 12221  1699 D OutputsAudio: [outputs-audio] stop gain=1.000 release=6.00
10-11 20:49:33.463 12221  1699 D OutputsAudio: [outputs-audio] start hz=650.0 gain=1.000 attack=2.50 release=6.00
10-11 20:49:33.464 12221  1699 D OutputsAudio: [outputs-audio] playMorse.symbol.start sequence=5 symbol=- expected=31159635.684 actual=31159642.681 skew=6.997 batchElapsed=346.997
10-11 20:49:33.476 12221   678 D OutputsAudio: [outputs-audio] symbol.info sequence=5 symbol=- timestamp=31159642.681 duration=102.000 expected=31159635.684 skew=6.997 age=12.566
10-11 20:49:33.477 12221   678 I ReactNativeJS: [outputs] playMorse.symbol {"timestamp":31159655.443945,"wallClock":1760230173476,"symbol":"-","durationMs":102,"index":3,"source":"console.replay","correlationId":"console-replay:syp8oljr","nativeTimestampMs":31159642.681,"nativeDurationMs":102,"nativeOffsetMs":12.683569997549057,"nativeSequence":5,"monotonicTimestampMs":31159642.681,"nativeExpectedTimestampMs":31159635.684,"nativeStartSkewMs":6.997,"nativeBatchElapsedMs":346.997,"nativeExpectedSincePriorMs":136,"nativeSincePriorMs":138.263,"nativePatternStartMs":31159295.684,"nativeAgeMs":12.566}
10-11 20:49:33.478 12221   678 I ReactNativeJS: [outputs] playMorse.symbol {"timestamp":31159656.403684,"wallClock":1760230173477,"symbol":"-","durationMs":102,"index":3,"source":"console.replay","correlationId":"console-replay:mgmzliclnwutw8zm","nativeTimestampMs":31159642.681,"nativeDurationMs":102,"nativeOffsetMs":12.683569997549057,"nativeSequence":5,"monotonicTimestampMs":31159642.681,"nativeExpectedTimestampMs":31159635.684,"nativeStartSkewMs":6.997,"nativeBatchElapsedMs":346.997,"nativeExpectedSincePriorMs":136,"nativeSincePriorMs":138.263,"nativePatternStartMs":31159295.684,"nativeAgeMs":12.566}
10-11 20:49:33.478 12221   678 I ReactNativeJS: [outputs] outputs.hapticSymbol {"timestamp":31159657.00108,"wallClock":1760230173478,"enabled":true,"symbol":"-","durationMs":102,"platform":"android","source":"console.replay","correlationId":"console-replay:mgmzliclnwutw8zm","timelineOffsetMs":null}
10-11 20:49:33.479 12221   678 I ReactNativeJS: [outputs] outputs.flashPulse {"timestamp":31159657.894309,"wallClock":1760230173479,"enabled":true,"durationMs":102,"source":"console.replay","correlationId":"console-replay:mgmzliclnwutw8zm","timelineOffsetMs":12.683569997549057,"schedulingMode":"timeline","audioStartHeadroomMs":-30.186506997793913,"audioStartGuard":"headroom","audioStartCompensationMs":30.186506997793913}
10-11 20:49:33.539 12221   678 I ReactNativeJS: [outputs] outputs.flashPulse.commit {"timestamp":31159718.073893,"wallClock":1760230173539,"durationMs":102,"source":"console.replay","correlationId":"console-replay:mgmzliclnwutw8zm","latencyMs":62.699009999632835,"timelineOffsetMs":12.683569997549057,"leadMs":8,"scheduleSkewMs":60.19015599787235,"schedulingMode":"timeline","audioStartHeadroomMs":-30.186506997793913,"audioStartGuard":"headroom","audioStartCompensationMs":30.186506997793913}
10-11 20:49:33.566 12221  1699 D OutputsAudio: [outputs-audio] stop gain=1.000 release=6.00
10-11 20:49:33.600 12221  1699 D OutputsAudio: [outputs-audio] start hz=650.0 gain=1.000 attack=2.50 release=6.00
10-11 20:49:33.601 12221  1699 D OutputsAudio: [outputs-audio] playMorse.symbol.start sequence=6 symbol=- expected=31159771.684 actual=31159779.733 skew=8.049 batchElapsed=484.049
10-11 20:49:33.613 12221   678 D OutputsAudio: [outputs-audio] symbol.info sequence=6 symbol=- timestamp=31159779.733 duration=102.000 expected=31159771.684 skew=8.049 age=12.315
10-11 20:49:33.614 12221   678 I ReactNativeJS: [outputs] playMorse.symbol {"timestamp":31159792.294257,"wallClock":1760230173613,"symbol":"-","durationMs":102,"index":4,"source":"console.replay","correlationId":"console-replay:pravccpk","nativeTimestampMs":31159779.733,"nativeDurationMs":102,"nativeOffsetMs":12.459226001054049,"nativeSequence":6,"monotonicTimestampMs":31159779.733,"nativeExpectedTimestampMs":31159771.684,"nativeStartSkewMs":8.049,"nativeBatchElapsedMs":484.049,"nativeExpectedSincePriorMs":136,"nativeSincePriorMs":137.052,"nativePatternStartMs":31159295.684,"nativeAgeMs":12.315}
10-11 20:49:33.615 12221   678 I ReactNativeJS: [outputs] playMorse.symbol {"timestamp":31159793.245768,"wallClock":1760230173614,"symbol":"-","durationMs":102,"index":4,"source":"console.replay","correlationId":"console-replay:mgmzligeo36rdv3r","nativeTimestampMs":31159779.733,"nativeDurationMs":102,"nativeOffsetMs":12.459226001054049,"nativeSequence":6,"monotonicTimestampMs":31159779.733,"nativeExpectedTimestampMs":31159771.684,"nativeStartSkewMs":8.049,"nativeBatchElapsedMs":484.049,"nativeExpectedSincePriorMs":136,"nativeSincePriorMs":137.052,"nativePatternStartMs":31159295.684,"nativeAgeMs":12.315}
10-11 20:49:33.615 12221   678 I ReactNativeJS: [outputs] outputs.hapticSymbol {"timestamp":31159793.835611,"wallClock":1760230173615,"enabled":true,"symbol":"-","durationMs":102,"platform":"android","source":"console.replay","correlationId":"console-replay:mgmzligeo36rdv3r","timelineOffsetMs":null}
10-11 20:49:33.616 12221   678 I ReactNativeJS: [outputs] outputs.flashPulse {"timestamp":31159794.789049,"wallClock":1760230173616,"enabled":true,"durationMs":102,"source":"console.replay","correlationId":"console-replay:mgmzligeo36rdv3r","timelineOffsetMs":12.459226001054049,"schedulingMode":"timeline","audioStartHeadroomMs":-31.08916299790144,"audioStartGuard":"headroom","audioStartCompensationMs":31.08916299790144}
10-11 20:49:33.690 12221   678 I ReactNativeJS: [outputs] outputs.flashPulse.commit {"timestamp":31159868.873997,"wallClock":1760230173690,"durationMs":102,"source":"console.replay","correlationId":"console-replay:mgmzligeo36rdv3r","latencyMs":76.6706250011921,"timelineOffsetMs":12.459226001054049,"leadMs":8,"scheduleSkewMs":74.08760400116444,"schedulingMode":"timeline","audioStartHeadroomMs":-31.08916299790144,"audioStartGuard":"headroom","audioStartCompensationMs":31.08916299790144}
10-11 20:49:33.703 12221  1699 D OutputsAudio: [outputs-audio] stop gain=1.000 release=6.00
10-11 20:49:33.738 12221  1699 D OutputsAudio: [outputs-audio] start hz=650.0 gain=1.000 attack=2.50 release=6.00
10-11 20:49:33.738 12221  1699 D OutputsAudio: [outputs-audio] playMorse.symbol.start sequence=7 symbol=. expected=31159907.684 actual=31159917.135 skew=9.451 batchElapsed=621.451
10-11 20:49:33.740 12221   678 D OutputsAudio: [outputs-audio] symbol.info sequence=7 symbol=. timestamp=31159917.135 duration=34.000 expected=31159907.684 skew=9.451 age=2.205
10-11 20:49:33.741 12221   678 I ReactNativeJS: [outputs] playMorse.symbol {"timestamp":31159919.45358,"wallClock":1760230173740,"symbol":"-","durationMs":102,"index":5,"source":"console.replay","correlationId":"console-replay:laqdg7r6","nativeTimestampMs":31159917.135,"nativeDurationMs":34,"nativeOffsetMs":2.272173997014761,"nativeSequence":7,"monotonicTimestampMs":31159917.135,"nativeExpectedTimestampMs":31159907.684,"nativeStartSkewMs":9.451,"nativeBatchElapsedMs":621.451,"nativeExpectedSincePriorMs":136,"nativeSincePriorMs":137.402,"nativePatternStartMs":31159295.684,"nativeAgeMs":2.205}
10-11 20:49:33.741 12221   678 I ReactNativeJS: [outputs] playMorse.symbol {"timestamp":31159920.167018,"wallClock":1760230173741,"symbol":"-","durationMs":102,"index":5,"source":"console.replay","correlationId":"console-replay:mgmzlijx1z7hluv6","nativeTimestampMs":31159917.135,"nativeDurationMs":34,"nativeOffsetMs":2.272173997014761,"nativeSequence":7,"monotonicTimestampMs":31159917.135,"nativeExpectedTimestampMs":31159907.684,"nativeStartSkewMs":9.451,"nativeBatchElapsedMs":621.451,"nativeExpectedSincePriorMs":136,"nativeSincePriorMs":137.402,"nativePatternStartMs":31159295.684,"nativeAgeMs":2.205}
10-11 20:49:33.742 12221   678 I ReactNativeJS: [outputs] outputs.hapticSymbol {"timestamp":31159920.601445,"wallClock":1760230173742,"enabled":true,"symbol":"-","durationMs":102,"platform":"android","source":"console.replay","correlationId":"console-replay:mgmzlijx1z7hluv6","timelineOffsetMs":null}
10-11 20:49:33.743 12221   678 I ReactNativeJS: [outputs] outputs.flashPulse {"timestamp":31159921.381705,"wallClock":1760230173742,"enabled":true,"durationMs":102,"source":"console.replay","correlationId":"console-replay:mgmzlijx1z7hluv6","timelineOffsetMs":2.272173997014761,"schedulingMode":"timeline","audioStartHeadroomMs":-21.687183998525143,"audioStartGuard":"headroom","audioStartCompensationMs":21.687183998525143}
10-11 20:49:33.773 12221  1699 D OutputsAudio: [outputs-audio] stop gain=1.000 release=6.00
10-11 20:49:33.808 12221  1699 D OutputsAudio: [outputs-audio] start hz=650.0 gain=1.000 attack=2.50 release=6.00
10-11 20:49:33.808 12221  1699 D OutputsAudio: [outputs-audio] playMorse.symbol.start sequence=8 symbol=. expected=31159975.684 actual=31159987.063 skew=11.379 batchElapsed=691.379
10-11 20:49:33.813 12221   678 I ReactNativeJS: [outputs] outputs.flashPulse.commit {"timestamp":31159991.31509,"wallClock":1760230173812,"durationMs":102,"source":"console.replay","correlationId":"console-replay:mgmzlijx1z7hluv6","latencyMs":71.8991660028696,"timelineOffsetMs":2.272173997014761,"leadMs":8,"scheduleSkewMs":69.93354099988937,"schedulingMode":"timeline","audioStartHeadroomMs":-21.687183998525143,"audioStartGuard":"headroom","audioStartCompensationMs":21.687183998525143}
10-11 20:49:33.843 12221  1699 D OutputsAudio: [outputs-audio] stop gain=1.000 release=6.00
10-11 20:49:33.863 12221   678 D OutputsAudio: [outputs-audio] symbol.info sequence=8 symbol=. timestamp=31159987.063 duration=34.000 expected=31159975.684 skew=11.379 age=54.615
10-11 20:49:33.863 12221   678 I ReactNativeJS: [outputs] playMorse.symbol {"timestamp":31160041.820611,"wallClock":1760230173863,"symbol":".","durationMs":34,"index":6,"source":"console.replay","correlationId":"console-replay:djq8o1r3","nativeTimestampMs":31159987.063,"nativeDurationMs":34,"nativeOffsetMs":54.70719499886036,"nativeSequence":8,"monotonicTimestampMs":31159987.063,"nativeExpectedTimestampMs":31159975.684,"nativeStartSkewMs":11.379,"nativeBatchElapsedMs":691.379,"nativeExpectedSincePriorMs":68,"nativeSincePriorMs":69.928,"nativePatternStartMs":31159295.684,"nativeAgeMs":54.615}
10-11 20:49:33.864 12221   678 I ReactNativeJS: [outputs] playMorse.symbol {"timestamp":31160042.462903,"wallClock":1760230173863,"symbol":".","durationMs":34,"index":6,"source":"console.replay","correlationId":"console-replay:mgmzlinbng1cqlky","nativeTimestampMs":31159987.063,"nativeDurationMs":34,"nativeOffsetMs":54.70719499886036,"nativeSequence":8,"monotonicTimestampMs":31159987.063,"nativeExpectedTimestampMs":31159975.684,"nativeStartSkewMs":11.379,"nativeBatchElapsedMs":691.379,"nativeExpectedSincePriorMs":68,"nativeSincePriorMs":69.928,"nativePatternStartMs":31159295.684,"nativeAgeMs":54.615}
10-11 20:49:33.864 12221   678 I ReactNativeJS: [outputs] outputs.hapticSymbol {"timestamp":31160042.907747,"wallClock":1760230173864,"enabled":true,"symbol":".","durationMs":34,"platform":"android","source":"console.replay","correlationId":"console-replay:mgmzlinbng1cqlky","timelineOffsetMs":null}
10-11 20:49:33.865 12221   678 I ReactNativeJS: [outputs] outputs.flashPulse {"timestamp":31160043.668788,"wallClock":1760230173865,"enabled":true,"durationMs":34,"source":"console.replay","correlationId":"console-replay:mgmzlinbng1cqlky","timelineOffsetMs":54.70719499886036,"schedulingMode":"timeline","audioStartHeadroomMs":-75.97343400120735,"audioStartGuard":"headroom","audioStartCompensationMs":75.97343400120735}
10-11 20:49:33.877 12221  1699 D OutputsAudio: [outputs-audio] start hz=650.0 gain=1.000 attack=2.50 release=6.00
10-11 20:49:33.877 12221  1699 D OutputsAudio: [outputs-audio] playMorse.symbol.start sequence=9 symbol=. expected=31160043.684 actual=31160056.401 skew=12.717 batchElapsed=760.717
10-11 20:49:33.912 12221  1699 D OutputsAudio: [outputs-audio] stop gain=1.000 release=6.00
10-11 20:49:33.947 12221  1699 D OutputsAudio: [outputs-audio] start hz=650.0 gain=1.000 attack=2.50 release=6.00
10-11 20:49:33.947 12221  1699 D OutputsAudio: [outputs-audio] playMorse.symbol.start sequence=10 symbol=- expected=31160111.684 actual=31160125.870 skew=14.186 batchElapsed=830.186
10-11 20:49:33.952 12221   678 I ReactNativeJS: [outputs] outputs.flashPulse.commit {"timestamp":31160130.434361,"wallClock":1760230173951,"durationMs":34,"source":"console.replay","correlationId":"console-replay:mgmzlinbng1cqlky","latencyMs":88.65458299964666,"timelineOffsetMs":54.70719499886036,"leadMs":8,"scheduleSkewMs":86.76578100025654,"schedulingMode":"timeline","audioStartHeadroomMs":-75.97343400120735,"audioStartGuard":"headroom","audioStartCompensationMs":75.97343400120735}
10-11 20:49:33.998 12221   678 D OutputsAudio: [outputs-audio] symbol.info sequence=10 symbol=- timestamp=31160125.870 duration=102.000 expected=31160111.684 skew=14.186 age=50.965
10-11 20:49:33.998 12221   678 W ReactNativeJS: '[outputs-audio] native sequence jump', { previous: 8, next: 10, delta: 2 }
10-11 20:49:33.999 12221   678 I ReactNativeJS: [outputs] playMorse.symbol {"timestamp":31160177.701445,"wallClock":1760230173999,"symbol":".","durationMs":34,"index":7,"source":"console.replay","correlationId":"console-replay:6x8zmpo2","nativeTimestampMs":31160125.87,"nativeDurationMs":102,"nativeOffsetMs":51.78967399895191,"nativeSequence":10,"monotonicTimestampMs":31160125.87,"nativeExpectedTimestampMs":31160111.684,"nativeStartSkewMs":14.186,"nativeBatchElapsedMs":830.186,"nativeExpectedSincePriorMs":68,"nativeSincePriorMs":69.469,"nativePatternStartMs":31159295.684,"nativeAgeMs":50.965}
10-11 20:49:34.000 12221   678 I ReactNativeJS: [outputs] playMorse.symbol {"timestamp":31160178.232382,"wallClock":1760230173999,"symbol":".","durationMs":34,"index":7,"source":"console.replay","correlationId":"console-replay:mgmzlir3svacmrei","nativeTimestampMs":31160125.87,"nativeDurationMs":102,"nativeOffsetMs":51.78967399895191,"nativeSequence":10,"monotonicTimestampMs":31160125.87,"nativeExpectedTimestampMs":31160111.684,"nativeStartSkewMs":14.186,"nativeBatchElapsedMs":830.186,"nativeExpectedSincePriorMs":68,"nativeSincePriorMs":69.469,"nativePatternStartMs":31159295.684,"nativeAgeMs":50.965}
10-11 20:49:34.000 12221   678 I ReactNativeJS: [outputs] outputs.hapticSymbol {"timestamp":31160178.691861,"wallClock":1760230174000,"enabled":true,"symbol":".","durationMs":34,"platform":"android","source":"console.replay","correlationId":"console-replay:mgmzlir3svacmrei","timelineOffsetMs":null}
10-11 20:49:34.001 12221   678 I ReactNativeJS: [outputs] outputs.flashPulse {"timestamp":31160179.591705,"wallClock":1760230174001,"enabled":true,"durationMs":34,"source":"console.replay","correlationId":"console-replay:mgmzlir3svacmrei","timelineOffsetMs":51.78967399895191,"schedulingMode":"timeline","audioStartHeadroomMs":-75.89640299975872,"audioStartGuard":"headroom","audioStartCompensationMs":75.89640299975872}
10-11 20:49:34.050 12221  1699 D OutputsAudio: [outputs-audio] stop gain=1.000 release=6.00
10-11 20:49:34.061 12221   678 I ReactNativeJS: [outputs] outputs.flashPulse.commit {"timestamp":31160239.567278,"wallClock":1760230174060,"durationMs":34,"source":"console.replay","correlationId":"console-replay:mgmzlir3svacmrei","latencyMs":61.89947900176048,"timelineOffsetMs":51.78967399895191,"leadMs":8,"scheduleSkewMs":59.97682300209999,"schedulingMode":"timeline","audioStartHeadroomMs":-75.89640299975872,"audioStartGuard":"headroom","audioStartCompensationMs":75.89640299975872}
10-11 20:49:34.084 12221  1699 D OutputsAudio: [outputs-audio] start hz=650.0 gain=1.000 attack=2.50 release=6.00
10-11 20:49:34.084 12221  1699 D OutputsAudio: [outputs-audio] playMorse.symbol.start sequence=11 symbol=- expected=31160247.684 actual=31160263.009 skew=15.325 batchElapsed=967.325
10-11 20:49:34.105 12221   678 D OutputsAudio: [outputs-audio] symbol.info sequence=11 symbol=- timestamp=31160263.009 duration=102.000 expected=31160247.684 skew=15.325 age=20.691
10-11 20:49:34.105 12221   678 I ReactNativeJS: [outputs] playMorse.symbol {"timestamp":31160283.832122,"wallClock":1760230174105,"symbol":".","durationMs":34,"index":8,"source":"console.replay","correlationId":"console-replay:qckn0qfo","nativeTimestampMs":31160263.009,"nativeDurationMs":102,"nativeOffsetMs":20.775933999568224,"nativeSequence":11,"monotonicTimestampMs":31160263.009,"nativeExpectedTimestampMs":31160247.684,"nativeStartSkewMs":15.325,"nativeBatchElapsedMs":967.325,"nativeExpectedSincePriorMs":136,"nativeSincePriorMs":137.14,"nativePatternStartMs":31159295.684,"nativeAgeMs":20.691}
10-11 20:49:34.106 12221   678 I ReactNativeJS: [outputs] playMorse.symbol {"timestamp":31160284.493944,"wallClock":1760230174105,"symbol":".","durationMs":34,"index":8,"source":"console.replay","correlationId":"console-replay:mgmzliu1b8gx79ty","nativeTimestampMs":31160263.009,"nativeDurationMs":102,"nativeOffsetMs":20.775933999568224,"nativeSequence":11,"monotonicTimestampMs":31160263.009,"nativeExpectedTimestampMs":31160247.684,"nativeStartSkewMs":15.325,"nativeBatchElapsedMs":967.325,"nativeExpectedSincePriorMs":136,"nativeSincePriorMs":137.14,"nativePatternStartMs":31159295.684,"nativeAgeMs":20.691}
10-11 20:49:34.106 12221   678 I ReactNativeJS: [outputs] outputs.hapticSymbol {"timestamp":31160284.936028,"wallClock":1760230174106,"enabled":true,"symbol":".","durationMs":34,"platform":"android","source":"console.replay","correlationId":"console-replay:mgmzliu1b8gx79ty","timelineOffsetMs":null}
10-11 20:49:34.107 12221   678 I ReactNativeJS: [outputs] outputs.flashPulse {"timestamp":31160285.685299,"wallClock":1760230174107,"enabled":true,"durationMs":34,"source":"console.replay","correlationId":"console-replay:mgmzliu1b8gx79ty","timelineOffsetMs":20.775933999568224,"schedulingMode":"timeline","audioStartHeadroomMs":-45.99093399941921,"audioStartGuard":"headroom","audioStartCompensationMs":45.99093399941921}
10-11 20:49:34.164 12221   678 I ReactNativeJS: [outputs] outputs.flashPulse.commit {"timestamp":31160342.407538,"wallClock":1760230174163,"durationMs":34,"source":"console.replay","correlationId":"console-replay:mgmzliu1b8gx79ty","latencyMs":58.61432300135493,"timelineOffsetMs":20.775933999568224,"leadMs":8,"scheduleSkewMs":56.72255200147629,"schedulingMode":"timeline","audioStartHeadroomMs":-45.99093399941921,"audioStartGuard":"headroom","audioStartCompensationMs":45.99093399941921}
10-11 20:49:34.187 12221  1699 D OutputsAudio: [outputs-audio] stop gain=1.000 release=6.00
10-11 20:49:34.221 12221  1699 D OutputsAudio: [outputs-audio] start hz=650.0 gain=1.000 attack=2.50 release=6.00
10-11 20:49:34.221 12221  1699 D OutputsAudio: [outputs-audio] playMorse.symbol.start sequence=12 symbol=- expected=31160383.684 actual=31160399.904 skew=16.220 batchElapsed=1104.220
10-11 20:49:34.236 12221   678 D OutputsAudio: [outputs-audio] symbol.info sequence=12 symbol=- timestamp=31160399.904 duration=102.000 expected=31160383.684 skew=16.220 age=15.576
10-11 20:49:34.238 12221   678 I ReactNativeJS: [outputs] playMorse.symbol {"timestamp":31160415.732382,"wallClock":1760230174237,"symbol":"-","durationMs":102,"index":9,"source":"console.replay","correlationId":"console-replay:g8w7pt4k","nativeTimestampMs":31160399.904,"nativeDurationMs":102,"nativeOffsetMs":15.71874700114131,"nativeSequence":12,"monotonicTimestampMs":31160399.904,"nativeExpectedTimestampMs":31160383.684,"nativeStartSkewMs":16.22,"nativeBatchElapsedMs":1104.22,"nativeExpectedSincePriorMs":136,"nativeSincePriorMs":136.895,"nativePatternStartMs":31159295.684,"nativeAgeMs":15.576}
10-11 20:49:34.238 12221   678 I ReactNativeJS: [outputs] playMorse.symbol {"timestamp":31160416.979205,"wallClock":1760230174238,"symbol":"-","durationMs":102,"index":9,"source":"console.replay","correlationId":"console-replay:mgmzlixqahdgu4ed","nativeTimestampMs":31160399.904,"nativeDurationMs":102,"nativeOffsetMs":15.71874700114131,"nativeSequence":12,"monotonicTimestampMs":31160399.904,"nativeExpectedTimestampMs":31160383.684,"nativeStartSkewMs":16.22,"nativeBatchElapsedMs":1104.22,"nativeExpectedSincePriorMs":136,"nativeSincePriorMs":136.895,"nativePatternStartMs":31159295.684,"nativeAgeMs":15.576}
10-11 20:49:34.239 12221   678 I ReactNativeJS: [outputs] outputs.hapticSymbol {"timestamp":31160417.596653,"wallClock":1760230174239,"enabled":true,"symbol":"-","durationMs":102,"platform":"android","source":"console.replay","correlationId":"console-replay:mgmzlixqahdgu4ed","timelineOffsetMs":null}
10-11 20:49:34.240 12221   678 I ReactNativeJS: [outputs] outputs.flashPulse {"timestamp":31160418.674413,"wallClock":1760230174240,"enabled":true,"durationMs":102,"source":"console.replay","correlationId":"console-replay:mgmzlixqahdgu4ed","timelineOffsetMs":15.71874700114131,"schedulingMode":"timeline","audioStartHeadroomMs":-42.97327800095081,"audioStartGuard":"headroom","audioStartCompensationMs":42.97327800095081}
10-11 20:49:34.301 12221   678 I ReactNativeJS: [outputs] outputs.flashPulse.commit {"timestamp":31160479.591705,"wallClock":1760230174301,"durationMs":102,"source":"console.replay","correlationId":"console-replay:mgmzlixqahdgu4ed","latencyMs":63.95833300054073,"timelineOffsetMs":15.71874700114131,"leadMs":8,"scheduleSkewMs":60.92145800217986,"schedulingMode":"timeline","audioStartHeadroomMs":-42.97327800095081,"audioStartGuard":"headroom","audioStartCompensationMs":42.97327800095081}
10-11 20:49:34.323 12221  1699 D OutputsAudio: [outputs-audio] stop gain=1.000 release=6.00
10-11 20:49:34.357 12221  1699 D OutputsAudio: [outputs-audio] start hz=650.0 gain=1.000 attack=2.50 release=6.00
10-11 20:49:34.358 12221  1699 D OutputsAudio: [outputs-audio] playMorse.symbol.start sequence=13 symbol=. expected=31160519.684 actual=31160536.595 skew=16.911 batchElapsed=1240.911
10-11 20:49:34.374 12221   678 D OutputsAudio: [outputs-audio] symbol.info sequence=13 symbol=. timestamp=31160536.595 duration=34.000 expected=31160519.684 skew=16.911 age=15.987
10-11 20:49:34.375 12221   678 I ReactNativeJS: [outputs] playMorse.symbol {"timestamp":31160552.781132,"wallClock":1760230174374,"symbol":"-","durationMs":102,"index":10,"source":"console.replay","correlationId":"console-replay:q9ponna3","nativeTimestampMs":31160536.595,"nativeDurationMs":34,"nativeOffsetMs":16.111287999898195,"nativeSequence":13,"monotonicTimestampMs":31160536.595,"nativeExpectedTimestampMs":31160519.684,"nativeStartSkewMs":16.911,"nativeBatchElapsedMs":1240.911,"nativeExpectedSincePriorMs":136,"nativeSincePriorMs":136.691,"nativePatternStartMs":31159295.684,"nativeAgeMs":15.987}
10-11 20:49:34.375 12221   678 I ReactNativeJS: [outputs] playMorse.symbol {"timestamp":31160553.731028,"wallClock":1760230174375,"symbol":"-","durationMs":102,"index":10,"source":"console.replay","correlationId":"console-replay:mgmzlj1j4o44lry0","nativeTimestampMs":31160536.595,"nativeDurationMs":34,"nativeOffsetMs":16.111287999898195,"nativeSequence":13,"monotonicTimestampMs":31160536.595,"nativeExpectedTimestampMs":31160519.684,"nativeStartSkewMs":16.911,"nativeBatchElapsedMs":1240.911,"nativeExpectedSincePriorMs":136,"nativeSincePriorMs":136.691,"nativePatternStartMs":31159295.684,"nativeAgeMs":15.987}
10-11 20:49:34.376 12221   678 I ReactNativeJS: [outputs] outputs.hapticSymbol {"timestamp":31160554.263215,"wallClock":1760230174375,"enabled":true,"symbol":"-","durationMs":102,"platform":"android","source":"console.replay","correlationId":"console-replay:mgmzlj1j4o44lry0","timelineOffsetMs":null}
10-11 20:49:34.377 12221   678 I ReactNativeJS: [outputs] outputs.flashPulse {"timestamp":31160555.164205,"wallClock":1760230174376,"enabled":true,"durationMs":102,"source":"console.replay","correlationId":"console-replay:mgmzlj1j4o44lry0","timelineOffsetMs":16.111287999898195,"schedulingMode":"timeline","audioStartHeadroomMs":-43.466246001422405,"audioStartGuard":"headroom","audioStartCompensationMs":43.466246001422405}
10-11 20:49:34.392 12221  1699 D OutputsAudio: [outputs-audio] stop gain=1.000 release=6.00
10-11 20:49:34.427 12221  1699 D OutputsAudio: [outputs-audio] start hz=650.0 gain=1.000 attack=2.50 release=6.00
10-11 20:49:34.427 12221  1699 D OutputsAudio: [outputs-audio] playMorse.symbol.start sequence=14 symbol=. expected=31160587.684 actual=31160606.134 skew=18.449 batchElapsed=1310.449
10-11 20:49:34.438 12221   678 I ReactNativeJS: [outputs] outputs.flashPulse.commit {"timestamp":31160616.292851,"wallClock":1760230174437,"durationMs":102,"source":"console.replay","correlationId":"console-replay:mgmzlj1j4o44lry0","latencyMs":63.57557300105691,"timelineOffsetMs":16.111287999898195,"leadMs":8,"scheduleSkewMs":61.12968700006604,"schedulingMode":"timeline","audioStartHeadroomMs":-43.466246001422405,"audioStartGuard":"headroom","audioStartCompensationMs":43.466246001422405}
10-11 20:49:34.462 12221  1699 D OutputsAudio: [outputs-audio] stop gain=1.000 release=6.00
10-11 20:49:34.488 12221   678 D OutputsAudio: [outputs-audio] symbol.info sequence=14 symbol=. timestamp=31160606.134 duration=34.000 expected=31160587.684 skew=18.449 age=60.727
10-11 20:49:34.488 12221   678 I ReactNativeJS: [outputs] playMorse.symbol {"timestamp":31160666.992226,"wallClock":1760230174488,"symbol":"-","durationMs":102,"index":11,"source":"console.replay","correlationId":"console-replay:gp935e5s","nativeTimestampMs":31160606.134,"nativeDurationMs":34,"nativeOffsetMs":60.808798000216484,"nativeSequence":14,"monotonicTimestampMs":31160606.134,"nativeExpectedTimestampMs":31160587.684,"nativeStartSkewMs":18.449,"nativeBatchElapsedMs":1310.449,"nativeExpectedSincePriorMs":68,"nativeSincePriorMs":69.539,"nativePatternStartMs":31159295.684,"nativeAgeMs":60.727}
10-11 20:49:34.489 12221   678 I ReactNativeJS: [outputs] playMorse.symbol {"timestamp":31160667.616392,"wallClock":1760230174489,"symbol":"-","durationMs":102,"index":11,"source":"console.replay","correlationId":"console-replay:mgmzlj4px6vnisas","nativeTimestampMs":31160606.134,"nativeDurationMs":34,"nativeOffsetMs":60.808798000216484,"nativeSequence":14,"monotonicTimestampMs":31160606.134,"nativeExpectedTimestampMs":31160587.684,"nativeStartSkewMs":18.449,"nativeBatchElapsedMs":1310.449,"nativeExpectedSincePriorMs":68,"nativeSincePriorMs":69.539,"nativePatternStartMs":31159295.684,"nativeAgeMs":60.727}
10-11 20:49:34.489 12221   678 I ReactNativeJS: [outputs] outputs.hapticSymbol {"timestamp":31160668.049569,"wallClock":1760230174489,"enabled":true,"symbol":"-","durationMs":102,"platform":"android","source":"console.replay","correlationId":"console-replay:mgmzlj4px6vnisas","timelineOffsetMs":null}
10-11 20:49:34.490 12221   678 I ReactNativeJS: [outputs] outputs.flashPulse {"timestamp":31160668.885559,"wallClock":1760230174490,"enabled":true,"durationMs":102,"source":"console.replay","correlationId":"console-replay:mgmzlj4px6vnisas","timelineOffsetMs":60.808798000216484,"schedulingMode":"timeline","audioStartHeadroomMs":-89.18952799960971,"audioStartGuard":"headroom","audioStartCompensationMs":89.18952799960971}
10-11 20:49:34.496 12221  1699 D OutputsAudio: [outputs-audio] start hz=650.0 gain=1.000 attack=2.50 release=6.00
10-11 20:49:34.496 12221  1699 D OutputsAudio: [outputs-audio] playMorse.symbol.start sequence=15 symbol=. expected=31160655.684 actual=31160675.423 skew=19.739 batchElapsed=1379.739
10-11 20:49:34.531 12221  1699 D OutputsAudio: [outputs-audio] stop gain=1.000 release=6.00
10-11 20:49:34.543 12221   678 D OutputsAudio: [outputs-audio] symbol.info sequence=15 symbol=. timestamp=31160675.423 duration=34.000 expected=31160655.684 skew=19.739 age=46.556
10-11 20:49:34.544 12221   678 I ReactNativeJS: [outputs] playMorse.symbol {"timestamp":31160722.095298,"wallClock":1760230174543,"symbol":".","durationMs":34,"index":12,"source":"console.replay","correlationId":"console-replay:h8frndo8","nativeTimestampMs":31160675.423,"nativeDurationMs":34,"nativeOffsetMs":46.62729800119996,"nativeSequence":15,"monotonicTimestampMs":31160675.423,"nativeExpectedTimestampMs":31160655.684,"nativeStartSkewMs":19.739,"nativeBatchElapsedMs":1379.739,"nativeExpectedSincePriorMs":68,"nativeSincePriorMs":69.289,"nativePatternStartMs":31159295.684,"nativeAgeMs":46.556}
10-11 20:49:34.544 12221   678 I ReactNativeJS: [outputs] playMorse.symbol {"timestamp":31160722.717642,"wallClock":1760230174544,"symbol":".","durationMs":34,"index":12,"source":"console.replay","correlationId":"console-replay:mgmzlj68p1ynt63v","nativeTimestampMs":31160675.423,"nativeDurationMs":34,"nativeOffsetMs":46.62729800119996,"nativeSequence":15,"monotonicTimestampMs":31160675.423,"nativeExpectedTimestampMs":31160655.684,"nativeStartSkewMs":19.739,"nativeBatchElapsedMs":1379.739,"nativeExpectedSincePriorMs":68,"nativeSincePriorMs":69.289,"nativePatternStartMs":31159295.684,"nativeAgeMs":46.556}
10-11 20:49:34.544 12221   678 I ReactNativeJS: [outputs] outputs.hapticSymbol {"timestamp":31160723.134153,"wallClock":1760230174544,"enabled":true,"symbol":".","durationMs":34,"platform":"android","source":"console.replay","correlationId":"console-replay:mgmzlj68p1ynt63v","timelineOffsetMs":null}
10-11 20:49:34.545 12221   678 I ReactNativeJS: [outputs] outputs.flashPulse {"timestamp":31160723.907538,"wallClock":1760230174545,"enabled":true,"durationMs":34,"source":"console.replay","correlationId":"console-replay:mgmzlj68p1ynt63v","timelineOffsetMs":46.62729800119996,"schedulingMode":"timeline","audioStartHeadroomMs":-76.21343399956822,"audioStartGuard":"headroom","audioStartCompensationMs":76.21343399956822}
10-11 20:49:34.566 12221  1699 D OutputsAudio: [outputs-audio] start hz=650.0 gain=1.000 attack=2.50 release=6.00
10-11 20:49:34.566 12221  1699 D OutputsAudio: [outputs-audio] playMorse.symbol.start sequence=16 symbol=- expected=31160723.684 actual=31160744.913 skew=21.228 batchElapsed=1449.228
