10-11 19:44:20.115 12221 19570 I ReactNativeJS: [outputs] playMorse.symbol {"timestamp":27246293.328354,"wallClock":1760226260114,"symbol":"-","durationMs":240,"index":22,"source":"console.replay","correlationId":"console-replay:smfben6j","nativeTimestampMs":27246283.694,"nativeDurationMs":240,"nativeOffsetMs":9.541125003248453,"nativeSequence":23,"monotonicTimestampMs":27246283.694,"nativeExpectedTimestampMs":27246252.049,"nativeStartSkewMs":31.645,"nativeBatchElapsedMs":5151.645,"nativeExpectedSincePriorMs":320,"nativeSincePriorMs":321.732,"nativePatternStartMs":27241132.049,"nativeAgeMs":9.415}
10-11 19:44:20.116 12221 19570 I ReactNativeJS: [outputs] playMorse.symbol {"timestamp":27246294.466271,"wallClock":1760226260115,"symbol":"-","durationMs":240,"index":22,"source":"console.replay","correlationId":"console-replay:mgmx9ms3t1j7mrm1","nativeTimestampMs":27246283.694,"nativeDurationMs":240,"nativeOffsetMs":9.541125003248453,"nativeSequence":23,"monotonicTimestampMs":27246283.694,"nativeExpectedTimestampMs":27246252.049,"nativeStartSkewMs":31.645,"nativeBatchElapsedMs":5151.645,"nativeExpectedSincePriorMs":320,"nativeSincePriorMs":321.732,"nativePatternStartMs":27241132.049,"nativeAgeMs":9.415}
10-11 19:44:20.117 12221 19570 I ReactNativeJS: [outputs] outputs.hapticSymbol {"timestamp":27246295.142052,"wallClock":1760226260116,"enabled":true,"symbol":"-","durationMs":240,"platform":"android","source":"console.replay","correlationId":"console-replay:mgmx9ms3t1j7mrm1","timelineOffsetMs":null}
10-11 19:44:20.118 12221 19570 I ReactNativeJS: [outputs] outputs.flashPulse {"timestamp":27246296.374344,"wallClock":1760226260117,"enabled":true,"durationMs":240,"source":"console.replay","correlationId":"console-replay:mgmx9ms3t1j7mrm1","timelineOffsetMs":9.541125003248453,"schedulingMode":"timeline","audioStartHeadroomMs":-52.307114999741316,"audioStartGuard":"headroom","audioStartCompensationMs":52.307114999741316}
10-11 19:44:20.187 12221 19570 I ReactNativeJS: [outputs] outputs.flashPulse.commit {"timestamp":27246366.011896,"wallClock":1760226260187,"durationMs":240,"source":"console.replay","correlationId":"console-replay:mgmx9ms3t1j7mrm1","latencyMs":72.76708299666643,"timelineOffsetMs":9.541125003248453,"leadMs":8,"scheduleSkewMs":69.64317699894309,"schedulingMode":"timeline","audioStartHeadroomMs":-52.307114999741316,"audioStartGuard":"headroom","audioStartCompensationMs":52.307114999741316}
10-11 19:44:20.346 12221 19870 D OutputsAudio: [outputs-audio] stop gain=1.000 release=6.00
10-11 19:44:20.426 12221 19870 D OutputsAudio: [outputs-audio] start hz=650.0 gain=1.000 attack=2.50 release=6.00
10-11 19:44:20.426 12221 19870 D OutputsAudio: [outputs-audio] playMorse.symbol.start sequence=24 symbol=- expected=27246572.049 actual=27246605.557 skew=33.508 batchElapsed=5473.508
10-11 19:44:20.439 12221 19570 D OutputsAudio: [outputs-audio] symbol.info sequence=24 symbol=- timestamp=27246605.557 duration=240.000 expected=27246572.049 skew=33.508 age=12.612
10-11 19:44:20.440 12221 19570 I ReactNativeJS: [outputs] playMorse.symbol {"timestamp":27246618.426844,"wallClock":1760226260439,"symbol":"-","durationMs":240,"index":23,"source":"console.replay","correlationId":"console-replay:dyjak0vf","nativeTimestampMs":27246605.557,"nativeDurationMs":240,"nativeOffsetMs":12.765781000256538,"nativeSequence":24,"monotonicTimestampMs":27246605.557,"nativeExpectedTimestampMs":27246572.049,"nativeStartSkewMs":33.508,"nativeBatchElapsedMs":5473.508,"nativeExpectedSincePriorMs":320,"nativeSincePriorMs":321.863,"nativePatternStartMs":27241132.049,"nativeAgeMs":12.612}
10-11 19:44:20.441 12221 19570 I ReactNativeJS: [outputs] playMorse.symbol {"timestamp":27246619.617729,"wallClock":1760226260441,"symbol":"-","durationMs":240,"index":23,"source":"console.replay","correlationId":"console-replay:mgmx9n15vdiv76d3","nativeTimestampMs":27246605.557,"nativeDurationMs":240,"nativeOffsetMs":12.765781000256538,"nativeSequence":24,"monotonicTimestampMs":27246605.557,"nativeExpectedTimestampMs":27246572.049,"nativeStartSkewMs":33.508,"nativeBatchElapsedMs":5473.508,"nativeExpectedSincePriorMs":320,"nativeSincePriorMs":321.863,"nativePatternStartMs":27241132.049,"nativeAgeMs":12.612}
10-11 19:44:20.442 12221 19570 I ReactNativeJS: [outputs] outputs.hapticSymbol {"timestamp":27246620.394656,"wallClock":1760226260441,"enabled":true,"symbol":"-","durationMs":240,"platform":"android","source":"console.replay","correlationId":"console-replay:mgmx9n15vdiv76d3","timelineOffsetMs":null}
10-11 19:44:20.443 12221 19570 I ReactNativeJS: [outputs] outputs.flashPulse {"timestamp":27246621.632885,"wallClock":1760226260443,"enabled":true,"durationMs":240,"source":"console.replay","correlationId":"console-replay:mgmx9n15vdiv76d3","timelineOffsetMs":12.765781000256538,"schedulingMode":"timeline","audioStartHeadroomMs":-57.56497900187969,"audioStartGuard":"headroom","audioStartCompensationMs":57.56497900187969}
10-11 19:44:20.517 12221 19570 I ReactNativeJS: [outputs] outputs.flashPulse.commit {"timestamp":27246695.567208,"wallClock":1760226260516,"durationMs":240,"source":"console.replay","correlationId":"console-replay:mgmx9n15vdiv76d3","latencyMs":77.23526100069284,"timelineOffsetMs":12.765781000256538,"leadMs":8,"scheduleSkewMs":73.94041699916124,"schedulingMode":"timeline","audioStartHeadroomMs":-57.56497900187969,"audioStartGuard":"headroom","audioStartCompensationMs":57.56497900187969}
10-11 19:44:20.667 12221 19870 D OutputsAudio: [outputs-audio] stop gain=1.000 release=6.00
10-11 19:44:20.748 12221 19870 D OutputsAudio: [outputs-audio] start hz=650.0 gain=1.000 attack=2.50 release=6.00
10-11 19:44:20.748 12221 19870 D OutputsAudio: [outputs-audio] playMorse.symbol.start sequence=25 symbol=. expected=27246892.049 actual=27246927.468 skew=35.418 batchElapsed=5795.418
10-11 19:44:20.756 12221 19570 D OutputsAudio: [outputs-audio] symbol.info sequence=25 symbol=. timestamp=27246927.468 duration=80.000 expected=27246892.049 skew=35.418 age=7.868
10-11 19:44:20.758 12221 19570 I ReactNativeJS: [outputs] playMorse.symbol {"timestamp":27246935.55851,"wallClock":1760226260756,"symbol":".","durationMs":80,"index":24,"source":"console.replay","correlationId":"console-replay:svug14gl","nativeTimestampMs":27246927.468,"nativeDurationMs":80,"nativeOffsetMs":7.995250001549721,"nativeSequence":25,"monotonicTimestampMs":27246927.468,"nativeExpectedTimestampMs":27246892.049,"nativeStartSkewMs":35.418,"nativeBatchElapsedMs":5795.418,"nativeExpectedSincePriorMs":320,"nativeSincePriorMs":321.911,"nativePatternStartMs":27241132.049,"nativeAgeMs":7.868}
10-11 19:44:20.758 12221 19570 I ReactNativeJS: [outputs] playMorse.symbol {"timestamp":27246936.894344,"wallClock":1760226260758,"symbol":".","durationMs":80,"index":24,"source":"console.replay","correlationId":"console-replay:mgmx9n9y1s83d2vd","nativeTimestampMs":27246927.468,"nativeDurationMs":80,"nativeOffsetMs":7.995250001549721,"nativeSequence":25,"monotonicTimestampMs":27246927.468,"nativeExpectedTimestampMs":27246892.049,"nativeStartSkewMs":35.418,"nativeBatchElapsedMs":5795.418,"nativeExpectedSincePriorMs":320,"nativeSincePriorMs":321.911,"nativePatternStartMs":27241132.049,"nativeAgeMs":7.868}
10-11 19:44:20.759 12221 19570 I ReactNativeJS: [outputs] outputs.hapticSymbol {"timestamp":27246937.577833,"wallClock":1760226260758,"enabled":true,"symbol":".","durationMs":80,"platform":"android","source":"console.replay","correlationId":"console-replay:mgmx9n9y1s83d2vd","timelineOffsetMs":null}
10-11 19:44:20.760 12221 19570 I ReactNativeJS: [outputs] outputs.flashPulse {"timestamp":27246938.875177,"wallClock":1760226260760,"enabled":true,"durationMs":80,"source":"console.replay","correlationId":"console-replay:mgmx9n9y1s83d2vd","timelineOffsetMs":7.995250001549721,"schedulingMode":"timeline","audioStartHeadroomMs":-54.80581200122833,"audioStartGuard":"headroom","audioStartCompensationMs":54.80581200122833}
10-11 19:44:20.825 12221 19570 I ReactNativeJS: [outputs] outputs.flashPulse.commit {"timestamp":27247003.182,"wallClock":1760226260824,"durationMs":80,"source":"console.replay","correlationId":"console-replay:mgmx9n9y1s83d2vd","latencyMs":67.70984400063753,"timelineOffsetMs":7.995250001549721,"leadMs":8,"scheduleSkewMs":64.31432300060987,"schedulingMode":"timeline","audioStartHeadroomMs":-54.80581200122833,"audioStartGuard":"headroom","audioStartCompensationMs":54.80581200122833}
10-11 19:44:20.830 12221 19870 D OutputsAudio: [outputs-audio] stop gain=1.000 release=6.00
10-11 19:44:20.910 12221 19870 D OutputsAudio: [outputs-audio] start hz=650.0 gain=1.000 attack=2.50 release=6.00
10-11 19:44:20.911 12221 19870 D OutputsAudio: [outputs-audio] playMorse.symbol.start sequence=26 symbol=. expected=27247052.049 actual=27247089.558 skew=37.509 batchElapsed=5957.509
10-11 19:44:20.915 12221 19570 D OutputsAudio: [outputs-audio] symbol.info sequence=26 symbol=. timestamp=27247089.558 duration=80.000 expected=27247052.049 skew=37.509 age=4.742
10-11 19:44:20.916 12221 19570 I ReactNativeJS: [outputs] playMorse.symbol {"timestamp":27247094.452468,"wallClock":1760226260915,"symbol":".","durationMs":80,"index":25,"source":"console.replay","correlationId":"console-replay:bk5rpz6v","nativeTimestampMs":27247089.558,"nativeDurationMs":80,"nativeOffsetMs":4.829052001237869,"nativeSequence":26,"monotonicTimestampMs":27247089.558,"nativeExpectedTimestampMs":27247052.049,"nativeStartSkewMs":37.509,"nativeBatchElapsedMs":5957.509,"nativeExpectedSincePriorMs":160,"nativeSincePriorMs":162.09,"nativePatternStartMs":27241132.049,"nativeAgeMs":4.742}
10-11 19:44:20.917 12221 19570 I ReactNativeJS: [outputs] playMorse.symbol {"timestamp":27247095.220802,"wallClock":1760226260916,"symbol":".","durationMs":80,"index":25,"source":"console.replay","correlationId":"console-replay:mgmx9necgcocr9dz","nativeTimestampMs":27247089.558,"nativeDurationMs":80,"nativeOffsetMs":4.829052001237869,"nativeSequence":26,"monotonicTimestampMs":27247089.558,"nativeExpectedTimestampMs":27247052.049,"nativeStartSkewMs":37.509,"nativeBatchElapsedMs":5957.509,"nativeExpectedSincePriorMs":160,"nativeSincePriorMs":162.09,"nativePatternStartMs":27241132.049,"nativeAgeMs":4.742}
10-11 19:44:20.917 12221 19570 I ReactNativeJS: [outputs] outputs.hapticSymbol {"timestamp":27247095.662208,"wallClock":1760226260917,"enabled":true,"symbol":".","durationMs":80,"platform":"android","source":"console.replay","correlationId":"console-replay:mgmx9necgcocr9dz","timelineOffsetMs":null}
10-11 19:44:20.918 12221 19570 I ReactNativeJS: [outputs] outputs.flashPulse {"timestamp":27247096.587104,"wallClock":1760226260918,"enabled":true,"durationMs":80,"source":"console.replay","correlationId":"console-replay:mgmx9necgcocr9dz","timelineOffsetMs":4.829052001237869,"schedulingMode":"timeline","audioStartHeadroomMs":-52.527896001935005,"audioStartGuard":"headroom","audioStartCompensationMs":52.527896001935005}
10-11 19:44:20.974 12221 19570 I ReactNativeJS: [outputs] outputs.flashPulse.commit {"timestamp":27247152.655333,"wallClock":1760226260974,"durationMs":80,"source":"console.replay","correlationId":"console-replay:mgmx9necgcocr9dz","latencyMs":58.25885400176048,"timelineOffsetMs":4.829052001237869,"leadMs":8,"scheduleSkewMs":56.06734400242567,"schedulingMode":"timeline","audioStartHeadroomMs":-52.527896001935005,"audioStartGuard":"headroom","audioStartCompensationMs":52.527896001935005}
10-11 19:44:20.991 12221 19870 D OutputsAudio: [outputs-audio] stop gain=1.000 release=6.00
10-11 19:44:21.071 12221 19870 D OutputsAudio: [outputs-audio] start hz=650.0 gain=1.000 attack=2.50 release=6.00
10-11 19:44:21.071 12221 19870 D OutputsAudio: [outputs-audio] playMorse.symbol.start sequence=27 symbol=. expected=27247212.049 actual=27247250.259 skew=38.209 batchElapsed=6118.209
10-11 19:44:21.082 12221 19570 D OutputsAudio: [outputs-audio] symbol.info sequence=27 symbol=. timestamp=27247250.259 duration=80.000 expected=27247212.049 skew=38.209 age=10.840
10-11 19:44:21.086 12221 19570 I ReactNativeJS: [outputs] playMorse.symbol {"timestamp":27247261.364031,"wallClock":1760226261082,"symbol":".","durationMs":80,"index":26,"source":"console.replay","correlationId":"console-replay:n39ygup3","nativeTimestampMs":27247250.259,"nativeDurationMs":80,"nativeOffsetMs":10.997948002070189,"nativeSequence":27,"monotonicTimestampMs":27247250.259,"nativeExpectedTimestampMs":27247212.049,"nativeStartSkewMs":38.209,"nativeBatchElapsedMs":6118.209,"nativeExpectedSincePriorMs":160,"nativeSincePriorMs":160.701,"nativePatternStartMs":27241132.049,"nativeAgeMs":10.84}
10-11 19:44:21.088 12221 19570 I ReactNativeJS: [outputs] playMorse.symbol {"timestamp":27247265.001323,"wallClock":1760226261086,"symbol":".","durationMs":80,"index":26,"source":"console.replay","correlationId":"console-replay:mgmx9nj2spy0gyyk","nativeTimestampMs":27247250.259,"nativeDurationMs":80,"nativeOffsetMs":10.997948002070189,"nativeSequence":27,"monotonicTimestampMs":27247250.259,"nativeExpectedTimestampMs":27247212.049,"nativeStartSkewMs":38.209,"nativeBatchElapsedMs":6118.209,"nativeExpectedSincePriorMs":160,"nativeSincePriorMs":160.701,"nativePatternStartMs":27241132.049,"nativeAgeMs":10.84}
10-11 19:44:21.089 12221 19570 I ReactNativeJS: [outputs] outputs.hapticSymbol {"timestamp":27247266.719343,"wallClock":1760226261088,"enabled":true,"symbol":".","durationMs":80,"platform":"android","source":"console.replay","correlationId":"console-replay:mgmx9nj2spy0gyyk","timelineOffsetMs":null}
10-11 19:44:21.091 12221 19570 I ReactNativeJS: [outputs] outputs.flashPulse {"timestamp":27247269.612989,"wallClock":1760226261091,"enabled":true,"durationMs":80,"source":"console.replay","correlationId":"console-replay:mgmx9nj2spy0gyyk","timelineOffsetMs":10.997948002070189,"schedulingMode":"timeline","audioStartHeadroomMs":-65.5478430017829,"audioStartGuard":"headroom","audioStartCompensationMs":65.5478430017829}
10-11 19:44:21.148 12221 19570 I ReactNativeJS: [outputs] outputs.flashPulse.commit {"timestamp":27247327.088198,"wallClock":1760226261148,"durationMs":80,"source":"console.replay","correlationId":"console-replay:mgmx9nj2spy0gyyk","latencyMs":65.82093699648976,"timelineOffsetMs":10.997948002070189,"leadMs":8,"scheduleSkewMs":57.47760399803519,"schedulingMode":"timeline","audioStartHeadroomMs":-65.5478430017829,"audioStartGuard":"headroom","audioStartCompensationMs":65.5478430017829}
10-11 19:44:21.151 12221 19870 D OutputsAudio: [outputs-audio] stop gain=1.000 release=6.00
10-11 19:44:21.152 12221 19870 D OutputsAudio: [outputs-audio] stop gain=1.000 release=6.00
10-11 19:44:21.152 12221 19870 D OutputsAudio: [outputs-audio] playMorse.end cancelled=0
10-11 19:44:21.193 12221 19570 I ReactNativeJS: [outputs] playMorse.complete {"timestamp":27247371.58476,"wallClock":1760226261193,"durationMs":6760.373018000275,"source":"console.replay","audioEnabled":true,"audioVolumePercent":100}
10-11 19:44:24.671 12221 19570 I ReactNativeJS: [outputs] playMorse.start {"timestamp":27250848.93903,"wallClock":1760226264670,"unitMs":60,"length":29,"source":"console.replay","audioEnabled":true,"audioVolumePercent":100}
10-11 19:44:25.058 12221 19570 D OutputsAudio: [outputs-audio] warmup hz=650.0
10-11 19:44:25.059 12221 19914 D OutputsAudio: [outputs-audio] playMorse.start count=27 unit=60.0
10-11 19:44:25.059 12221 19914 D OutputsAudio: [outputs-audio] start hz=650.0 gain=1.000 attack=2.50 release=6.00
10-11 19:44:25.059 12221 19914 D OutputsAudio: [outputs-audio] playMorse.symbol.start sequence=1 symbol=. expected=27251237.470 actual=27251238.256 skew=0.786 batchElapsed=0.786
10-11 19:44:25.119 12221 19914 D OutputsAudio: [outputs-audio] stop gain=1.000 release=6.00
10-11 19:44:25.146 12221 19570 D OutputsAudio: [outputs-audio] symbol.info sequence=1 symbol=. timestamp=27251238.256 duration=60.000 expected=27251237.470 skew=0.786 age=86.867
10-11 19:44:25.148 12221 19570 I ReactNativeJS: [outputs] playMorse.symbol {"timestamp":27251325.442884,"wallClock":1760226265146,"symbol":".","durationMs":60,"index":0,"source":"console.replay","correlationId":"console-replay:voex5da5","nativeTimestampMs":27251238.256,"nativeDurationMs":60,"nativeOffsetMs":87.06526900082827,"nativeSequence":1,"monotonicTimestampMs":27251238.256,"nativeExpectedTimestampMs":27251237.47,"nativeStartSkewMs":0.786,"nativeBatchElapsedMs":0.786,"nativeExpectedSincePriorMs":0,"nativeSincePriorMs":0,"nativePatternStartMs":27251237.47,"nativeAgeMs":86.867}
10-11 19:44:25.149 12221 19570 I ReactNativeJS: [outputs] playMorse.nativeOffset.spike {"timestamp":27251327.143196,"wallClock":1760226265148,"source":"console.replay","offsetMs":87.06526900082827,"sequence":1,"unitMs":60,"correlationId":"console-replay:voex5da5"}
10-11 19:44:25.150 12221 19570 I ReactNativeJS: [outputs] playMorse.symbol {"timestamp":27251328.367623,"wallClock":1760226265149,"symbol":".","durationMs":60,"index":0,"source":"console.replay","correlationId":"console-replay:mgmx9qnxpzde3cbm","nativeTimestampMs":27251238.256,"nativeDurationMs":60,"nativeOffsetMs":87.06526900082827,"nativeSequence":1,"monotonicTimestampMs":27251238.256,"nativeExpectedTimestampMs":27251237.47,"nativeStartSkewMs":0.786,"nativeBatchElapsedMs":0.786,"nativeExpectedSincePriorMs":0,"nativeSincePriorMs":0,"nativePatternStartMs":27251237.47,"nativeAgeMs":86.867}
10-11 19:44:25.152 12221 19570 I ReactNativeJS: [outputs] playMorse.nativeOffset.spike {"timestamp":27251329.609134,"wallClock":1760226265151,"source":"console.replay","offsetMs":87.06526900082827,"sequence":1,"unitMs":60,"correlationId":"console-replay:mgmx9qnxpzde3cbm","startSkewMs":0.786,"batchElapsedMs":0.786,"ageMs":86.867}
10-11 19:44:25.152 12221 19570 I ReactNativeJS: [outputs] outputs.hapticSymbol {"timestamp":27251330.683456,"wallClock":1760226265152,"enabled":true,"symbol":".","durationMs":60,"platform":"android","source":"console.replay","correlationId":"console-replay:mgmx9qnxpzde3cbm","timelineOffsetMs":null}
10-11 19:44:25.154 12221 19570 I ReactNativeJS: [outputs] outputs.flashPulse {"timestamp":27251332.277467,"wallClock":1760226265153,"enabled":true,"durationMs":60,"source":"console.replay","correlationId":"console-replay:mgmx9qnxpzde3cbm","timelineOffsetMs":87.06526900082827,"schedulingMode":"timeline","audioStartHeadroomMs":-102.78173800185323,"audioStartGuard":"headroom","audioStartCompensationMs":102.78173800185323}
10-11 19:44:25.180 12221 19914 D OutputsAudio: [outputs-audio] start hz=650.0 gain=1.000 attack=2.50 release=6.00
10-11 19:44:25.180 12221 19914 D OutputsAudio: [outputs-audio] playMorse.symbol.start sequence=2 symbol=. expected=27251357.470 actual=27251358.953 skew=1.483 batchElapsed=121.483
10-11 19:44:25.235 12221 19570 I ReactNativeJS: [outputs] outputs.flashPulse.commit {"timestamp":27251412.990852,"wallClock":1760226265234,"durationMs":60,"source":"console.replay","correlationId":"console-replay:mgmx9qnxpzde3cbm","latencyMs":87.65916699916124,"timelineOffsetMs":87.06526900082827,"leadMs":8,"scheduleSkewMs":80.72437500208616,"schedulingMode":"timeline","audioStartHeadroomMs":-102.78173800185323,"audioStartGuard":"headroom","audioStartCompensationMs":102.78173800185323}
10-11 19:44:25.240 12221 19914 D OutputsAudio: [outputs-audio] stop gain=1.000 release=6.00
10-11 19:44:25.279 12221 19570 D OutputsAudio: [outputs-audio] symbol.info sequence=2 symbol=. timestamp=27251358.953 duration=60.000 expected=27251357.470 skew=1.483 age=98.788
10-11 19:44:25.279 12221 19570 I ReactNativeJS: [outputs] playMorse.symbol {"timestamp":27251457.889915,"wallClock":1760226265279,"symbol":".","durationMs":60,"index":1,"source":"console.replay","correlationId":"console-replay:kvh81v6a","nativeTimestampMs":27251358.953,"nativeDurationMs":60,"nativeOffsetMs":98.88931099697948,"nativeSequence":2,"monotonicTimestampMs":27251358.953,"nativeExpectedTimestampMs":27251357.47,"nativeStartSkewMs":1.483,"nativeBatchElapsedMs":121.483,"nativeExpectedSincePriorMs":120,"nativeSincePriorMs":120.697,"nativePatternStartMs":27251237.47,"nativeAgeMs":98.788}
10-11 19:44:25.280 12221 19570 I ReactNativeJS: [outputs] playMorse.nativeOffset.spike {"timestamp":27251458.465175,"wallClock":1760226265279,"source":"console.replay","offsetMs":98.88931099697948,"sequence":2,"unitMs":60,"correlationId":"console-replay:kvh81v6a"}
10-11 19:44:25.280 12221 19570 I ReactNativeJS: [outputs] playMorse.symbol {"timestamp":27251458.862311,"wallClock":1760226265280,"symbol":".","durationMs":60,"index":1,"source":"console.replay","correlationId":"console-replay:mgmx9qrkh6iy8o2a","nativeTimestampMs":27251358.953,"nativeDurationMs":60,"nativeOffsetMs":98.88931099697948,"nativeSequence":2,"monotonicTimestampMs":27251358.953,"nativeExpectedTimestampMs":27251357.47,"nativeStartSkewMs":1.483,"nativeBatchElapsedMs":121.483,"nativeExpectedSincePriorMs":120,"nativeSincePriorMs":120.697,"nativePatternStartMs":27251237.47,"nativeAgeMs":98.788}
10-11 19:44:25.280 12221 19570 I ReactNativeJS: [outputs] playMorse.nativeOffset.spike {"timestamp":27251459.233092,"wallClock":1760226265280,"source":"console.replay","offsetMs":98.88931099697948,"sequence":2,"unitMs":60,"correlationId":"console-replay:mgmx9qrkh6iy8o2a","startSkewMs":1.483,"batchElapsedMs":121.483,"ageMs":98.788}
10-11 19:44:25.281 12221 19570 I ReactNativeJS: [outputs] outputs.hapticSymbol {"timestamp":27251459.6058,"wallClock":1760226265281,"enabled":true,"symbol":".","durationMs":60,"platform":"android","source":"console.replay","correlationId":"console-replay:mgmx9qrkh6iy8o2a","timelineOffsetMs":null}
10-11 19:44:25.282 12221 19570 I ReactNativeJS: [outputs] outputs.flashPulse {"timestamp":27251460.354811,"wallClock":1760226265281,"enabled":true,"durationMs":60,"source":"console.replay","correlationId":"console-replay:mgmx9qrkh6iy8o2a","timelineOffsetMs":98.88931099697948,"schedulingMode":"timeline","audioStartHeadroomMs":-110.874811001122,"audioStartGuard":"headroom","audioStartCompensationMs":110.874811001122}
10-11 19:44:25.300 12221 19914 D OutputsAudio: [outputs-audio] start hz=650.0 gain=1.000 attack=2.50 release=6.00
10-11 19:44:25.300 12221 19914 D OutputsAudio: [outputs-audio] playMorse.symbol.start sequence=3 symbol=. expected=27251477.470 actual=27251479.454 skew=1.984 batchElapsed=241.984
10-11 19:44:25.346 12221 19570 D OutputsAudio: [outputs-audio] symbol.info sequence=3 symbol=. timestamp=27251479.454 duration=60.000 expected=27251477.470 skew=1.984 age=45.520
10-11 19:44:25.347 12221 19570 I ReactNativeJS: [outputs] playMorse.symbol {"timestamp":27251525.09429,"wallClock":1760226265346,"symbol":".","durationMs":60,"index":2,"source":"console.replay","correlationId":"console-replay:bf5ne092","nativeTimestampMs":27251479.454,"nativeDurationMs":60,"nativeOffsetMs":45.59607100114226,"nativeSequence":3,"monotonicTimestampMs":27251479.454,"nativeExpectedTimestampMs":27251477.47,"nativeStartSkewMs":1.984,"nativeBatchElapsedMs":241.984,"nativeExpectedSincePriorMs":120,"nativeSincePriorMs":120.501,"nativePatternStartMs":27251237.47,"nativeAgeMs":45.52}
10-11 19:44:25.347 12221 19570 I ReactNativeJS: [outputs] playMorse.symbol {"timestamp":27251525.685019,"wallClock":1760226265347,"symbol":".","durationMs":60,"index":2,"source":"console.replay","correlationId":"console-replay:mgmx9qtfm75zy19g","nativeTimestampMs":27251479.454,"nativeDurationMs":60,"nativeOffsetMs":45.59607100114226,"nativeSequence":3,"monotonicTimestampMs":27251479.454,"nativeExpectedTimestampMs":27251477.47,"nativeStartSkewMs":1.984,"nativeBatchElapsedMs":241.984,"nativeExpectedSincePriorMs":120,"nativeSincePriorMs":120.501,"nativePatternStartMs":27251237.47,"nativeAgeMs":45.52}
10-11 19:44:25.347 12221 19570 I ReactNativeJS: [outputs] outputs.hapticSymbol {"timestamp":27251526.124133,"wallClock":1760226265347,"enabled":true,"symbol":".","durationMs":60,"platform":"android","source":"console.replay","correlationId":"console-replay:mgmx9qtfm75zy19g","timelineOffsetMs":null}
10-11 19:44:25.348 12221 19570 I ReactNativeJS: [outputs] outputs.flashPulse {"timestamp":27251526.820592,"wallClock":1760226265348,"enabled":true,"durationMs":60,"source":"console.replay","correlationId":"console-replay:mgmx9qtfm75zy19g","timelineOffsetMs":45.59607100114226,"schedulingMode":"timeline","audioStartHeadroomMs":-57.3387690000236,"audioStartGuard":"headroom","audioStartCompensationMs":57.3387690000236}
10-11 19:44:25.361 12221 19914 D OutputsAudio: [outputs-audio] stop gain=1.000 release=6.00
10-11 19:44:25.413 12221 19570 I ReactNativeJS: [outputs] outputs.flashPulse.commit {"timestamp":27251591.321269,"wallClock":1760226265412,"durationMs":60,"source":"console.replay","correlationId":"console-replay:mgmx9qrkh6iy8o2a","latencyMs":133.4661970026791,"timelineOffsetMs":98.88931099697948,"leadMs":8,"scheduleSkewMs":130.9619270004332,"schedulingMode":"timeline","audioStartHeadroomMs":-110.874811001122,"audioStartGuard":"headroom","audioStartCompensationMs":110.874811001122}
10-11 19:44:25.421 12221 19914 D OutputsAudio: [outputs-audio] start hz=650.0 gain=1.000 attack=2.50 release=6.00
10-11 19:44:25.421 12221 19914 D OutputsAudio: [outputs-audio] playMorse.symbol.start sequence=4 symbol=- expected=27251597.470 actual=27251600.499 skew=3.029 batchElapsed=363.029
10-11 19:44:25.473 12221 19570 I ReactNativeJS: [outputs] outputs.flashPulse.commit {"timestamp":27251651.727415,"wallClock":1760226265473,"durationMs":60,"source":"console.replay","correlationId":"console-replay:mgmx9qtfm75zy19g","latencyMs":126.66750000044703,"timelineOffsetMs":45.59607100114226,"leadMs":8,"scheduleSkewMs":124.90713500231504,"schedulingMode":"timeline","audioStartHeadroomMs":-57.3387690000236,"audioStartGuard":"headroom","audioStartCompensationMs":57.3387690000236}
10-11 19:44:25.520 12221 19570 D OutputsAudio: [outputs-audio] symbol.info sequence=4 symbol=- timestamp=27251600.499 duration=180.000 expected=27251597.470 skew=3.029 age=98.402
10-11 19:44:25.521 12221 19570 I ReactNativeJS: [outputs] playMorse.symbol {"timestamp":27251699.042675,"wallClock":1760226265520,"symbol":"-","durationMs":180,"index":3,"source":"console.replay","correlationId":"console-replay:5rjudipj","nativeTimestampMs":27251600.499,"nativeDurationMs":180,"nativeOffsetMs":98.49883099645376,"nativeSequence":4,"monotonicTimestampMs":27251600.499,"nativeExpectedTimestampMs":27251597.47,"nativeStartSkewMs":3.029,"nativeBatchElapsedMs":363.029,"nativeExpectedSincePriorMs":120,"nativeSincePriorMs":121.045,"nativePatternStartMs":27251237.47,"nativeAgeMs":98.402}
10-11 19:44:25.521 12221 19570 I ReactNativeJS: [outputs] playMorse.nativeOffset.spike {"timestamp":27251699.6383,"wallClock":1760226265521,"source":"console.replay","offsetMs":98.49883099645376,"sequence":4,"unitMs":60,"correlationId":"console-replay:5rjudipj"}
10-11 19:44:25.521 12221 19570 I ReactNativeJS: [outputs] playMorse.symbol {"timestamp":27251700.066477,"wallClock":1760226265521,"symbol":"-","durationMs":180,"index":3,"source":"console.replay","correlationId":"console-replay:mgmx9qy9pauep5mg","nativeTimestampMs":27251600.499,"nativeDurationMs":180,"nativeOffsetMs":98.49883099645376,"nativeSequence":4,"monotonicTimestampMs":27251600.499,"nativeExpectedTimestampMs":27251597.47,"nativeStartSkewMs":3.029,"nativeBatchElapsedMs":363.029,"nativeExpectedSincePriorMs":120,"nativeSincePriorMs":121.045,"nativePatternStartMs":27251237.47,"nativeAgeMs":98.402}
10-11 19:44:25.522 12221 19570 I ReactNativeJS: [outputs] playMorse.nativeOffset.spike {"timestamp":27251700.478665,"wallClock":1760226265521,"source":"console.replay","offsetMs":98.49883099645376,"sequence":4,"unitMs":60,"correlationId":"console-replay:mgmx9qy9pauep5mg","startSkewMs":3.029,"batchElapsedMs":363.029,"ageMs":98.402}
10-11 19:44:25.522 12221 19570 I ReactNativeJS: [outputs] outputs.hapticSymbol {"timestamp":27251700.90231,"wallClock":1760226265522,"enabled":true,"symbol":"-","durationMs":180,"platform":"android","source":"console.replay","correlationId":"console-replay:mgmx9qy9pauep5mg","timelineOffsetMs":null}
10-11 19:44:25.523 12221 19570 I ReactNativeJS: [outputs] outputs.flashPulse {"timestamp":27251701.592779,"wallClock":1760226265523,"enabled":true,"durationMs":180,"source":"console.replay","correlationId":"console-replay:mgmx9qy9pauep5mg","timelineOffsetMs":98.49883099645376,"schedulingMode":"timeline","audioStartHeadroomMs":-112.11335200071335,"audioStartGuard":"headroom","audioStartCompensationMs":112.11335200071335}
10-11 19:44:25.590 12221 19570 I ReactNativeJS: [outputs] outputs.flashPulse.commit {"timestamp":27251768.485748,"wallClock":1760226265589,"durationMs":180,"source":"console.replay","correlationId":"console-replay:mgmx9qy9pauep5mg","latencyMs":69.47942700237036,"timelineOffsetMs":98.49883099645376,"leadMs":8,"scheduleSkewMs":66.8923950009048,"schedulingMode":"timeline","audioStartHeadroomMs":-112.11335200071335,"audioStartGuard":"headroom","audioStartCompensationMs":112.11335200071335}
10-11 19:44:25.602 12221 19914 D OutputsAudio: [outputs-audio] stop gain=1.000 release=6.00
10-11 19:44:25.663 12221 19914 D OutputsAudio: [outputs-audio] start hz=650.0 gain=1.000 attack=2.50 release=6.00
10-11 19:44:25.664 12221 19914 D OutputsAudio: [outputs-audio] playMorse.symbol.start sequence=5 symbol=- expected=27251837.470 actual=27251842.651 skew=5.181 batchElapsed=605.181
10-11 19:44:25.673 12221 19570 D OutputsAudio: [outputs-audio] symbol.info sequence=5 symbol=- timestamp=27251842.651 duration=180.000 expected=27251837.470 skew=5.181 age=9.732
10-11 19:44:25.674 12221 19570 I ReactNativeJS: [outputs] playMorse.symbol {"timestamp":27251852.574654,"wallClock":1760226265673,"symbol":"-","durationMs":180,"index":4,"source":"console.replay","correlationId":"console-replay:46bmcc94","nativeTimestampMs":27251842.651,"nativeDurationMs":180,"nativeOffsetMs":9.845998000353575,"nativeSequence":5,"monotonicTimestampMs":27251842.651,"nativeExpectedTimestampMs":27251837.47,"nativeStartSkewMs":5.181,"nativeBatchElapsedMs":605.181,"nativeExpectedSincePriorMs":240,"nativeSincePriorMs":242.152,"nativePatternStartMs":27251237.47,"nativeAgeMs":9.732}
10-11 19:44:25.675 12221 19570 I ReactNativeJS: [outputs] playMorse.symbol {"timestamp":27251853.532206,"wallClock":1760226265674,"symbol":"-","durationMs":180,"index":4,"source":"console.replay","correlationId":"console-replay:mgmx9r2iwlq2cwdy","nativeTimestampMs":27251842.651,"nativeDurationMs":180,"nativeOffsetMs":9.845998000353575,"nativeSequence":5,"monotonicTimestampMs":27251842.651,"nativeExpectedTimestampMs":27251837.47,"nativeStartSkewMs":5.181,"nativeBatchElapsedMs":605.181,"nativeExpectedSincePriorMs":240,"nativeSincePriorMs":242.152,"nativePatternStartMs":27251237.47,"nativeAgeMs":9.732}
10-11 19:44:25.675 12221 19570 I ReactNativeJS: [outputs] outputs.hapticSymbol {"timestamp":27251854.093665,"wallClock":1760226265675,"enabled":true,"symbol":"-","durationMs":180,"platform":"android","source":"console.replay","correlationId":"console-replay:mgmx9r2iwlq2cwdy","timelineOffsetMs":null}
10-11 19:44:25.676 12221 19570 I ReactNativeJS: [outputs] outputs.flashPulse {"timestamp":27251854.989081,"wallClock":1760226265676,"enabled":true,"durationMs":180,"source":"console.replay","correlationId":"console-replay:mgmx9r2iwlq2cwdy","timelineOffsetMs":9.845998000353575,"schedulingMode":"timeline","audioStartHeadroomMs":-25.5043420009315,"audioStartGuard":"headroom","audioStartCompensationMs":25.5043420009315}
10-11 19:44:25.733 12221 19570 I ReactNativeJS: [outputs] outputs.flashPulse.commit {"timestamp":27251911.206842,"wallClock":1760226265732,"durationMs":180,"source":"console.replay","correlationId":"console-replay:mgmx9r2iwlq2cwdy","latencyMs":58.69973899796605,"timelineOffsetMs":9.845998000353575,"leadMs":8,"scheduleSkewMs":56.219738997519016,"schedulingMode":"timeline","audioStartHeadroomMs":-25.5043420009315,"audioStartGuard":"headroom","audioStartCompensationMs":25.5043420009315}
10-11 19:44:25.844 12221 19914 D OutputsAudio: [outputs-audio] stop gain=1.000 release=6.00
10-11 19:44:25.905 12221 19914 D OutputsAudio: [outputs-audio] start hz=650.0 gain=1.000 attack=2.50 release=6.00
10-11 19:44:25.905 12221 19914 D OutputsAudio: [outputs-audio] playMorse.symbol.start sequence=6 symbol=- expected=27252077.470 actual=27252083.835 skew=6.365 batchElapsed=846.365
10-11 19:44:25.915 12221 19570 D OutputsAudio: [outputs-audio] symbol.info sequence=6 symbol=- timestamp=27252083.835 duration=180.000 expected=27252077.470 skew=6.365 age=10.131
10-11 19:44:25.916 12221 19570 I ReactNativeJS: [outputs] playMorse.symbol {"timestamp":27252094.23705,"wallClock":1760226265915,"symbol":"-","durationMs":180,"index":5,"source":"console.replay","correlationId":"console-replay:v8zz1tra","nativeTimestampMs":27252083.835,"nativeDurationMs":180,"nativeOffsetMs":10.287934999912977,"nativeSequence":6,"monotonicTimestampMs":27252083.835,"nativeExpectedTimestampMs":27252077.47,"nativeStartSkewMs":6.365,"nativeBatchElapsedMs":846.365,"nativeExpectedSincePriorMs":240,"nativeSincePriorMs":241.184,"nativePatternStartMs":27251237.47,"nativeAgeMs":10.131}
10-11 19:44:25.919 12221 19570 I ReactNativeJS: [outputs] playMorse.symbol {"timestamp":27252095.65455,"wallClock":1760226265917,"symbol":"-","durationMs":180,"index":5,"source":"console.replay","correlationId":"console-replay:mgmx9r99hfywz32y","nativeTimestampMs":27252083.835,"nativeDurationMs":180,"nativeOffsetMs":10.287934999912977,"nativeSequence":6,"monotonicTimestampMs":27252083.835,"nativeExpectedTimestampMs":27252077.47,"nativeStartSkewMs":6.365,"nativeBatchElapsedMs":846.365,"nativeExpectedSincePriorMs":240,"nativeSincePriorMs":241.184,"nativePatternStartMs":27251237.47,"nativeAgeMs":10.131}
10-11 19:44:25.921 12221 19570 I ReactNativeJS: [outputs] outputs.hapticSymbol {"timestamp":27252098.586269,"wallClock":1760226265920,"enabled":true,"symbol":"-","durationMs":180,"platform":"android","source":"console.replay","correlationId":"console-replay:mgmx9r99hfywz32y","timelineOffsetMs":null}
10-11 19:44:25.924 12221 19570 I ReactNativeJS: [outputs] outputs.flashPulse {"timestamp":27252102.375071,"wallClock":1760226265923,"enabled":true,"durationMs":180,"source":"console.replay","correlationId":"console-replay:mgmx9r99hfywz32y","timelineOffsetMs":10.287934999912977,"schedulingMode":"timeline","audioStartHeadroomMs":-32.88678900152445,"audioStartGuard":"headroom","audioStartCompensationMs":32.88678900152445}
10-11 19:44:25.989 12221 19570 I ReactNativeJS: [outputs] outputs.flashPulse.commit {"timestamp":27252167.386789,"wallClock":1760226265988,"durationMs":180,"source":"console.replay","correlationId":"console-replay:mgmx9r99hfywz32y","latencyMs":73.25447899848223,"timelineOffsetMs":10.287934999912977,"leadMs":8,"scheduleSkewMs":65.01703099906445,"schedulingMode":"timeline","audioStartHeadroomMs":-32.88678900152445,"audioStartGuard":"headroom","audioStartCompensationMs":32.88678900152445}
10-11 19:44:26.086 12221 19914 D OutputsAudio: [outputs-audio] stop gain=1.000 release=6.00
10-11 19:44:26.146 12221 19914 D OutputsAudio: [outputs-audio] start hz=650.0 gain=1.000 attack=2.50 release=6.00
10-11 19:44:26.146 12221 19914 D OutputsAudio: [outputs-audio] playMorse.symbol.start sequence=7 symbol=. expected=27252317.470 actual=27252325.514 skew=8.044 batchElapsed=1088.044
10-11 19:44:26.157 12221 19570 D OutputsAudio: [outputs-audio] symbol.info sequence=7 symbol=. timestamp=27252325.514 duration=60.000 expected=27252317.470 skew=8.044 age=10.071
10-11 19:44:26.158 12221 19570 I ReactNativeJS: [outputs] playMorse.symbol {"timestamp":27252335.819498,"wallClock":1760226266157,"symbol":".","durationMs":60,"index":6,"source":"console.replay","correlationId":"console-replay:y6yzkwus","nativeTimestampMs":27252325.514,"nativeDurationMs":60,"nativeOffsetMs":10.214144002646208,"nativeSequence":7,"monotonicTimestampMs":27252325.514,"nativeExpectedTimestampMs":27252317.47,"nativeStartSkewMs":8.044,"nativeBatchElapsedMs":1088.044,"nativeExpectedSincePriorMs":240,"nativeSincePriorMs":241.68,"nativePatternStartMs":27251237.47,"nativeAgeMs":10.071}
10-11 19:44:26.159 12221 19570 I ReactNativeJS: [outputs] playMorse.symbol {"timestamp":27252336.891894,"wallClock":1760226266158,"symbol":".","durationMs":60,"index":6,"source":"console.replay","correlationId":"console-replay:mgmx9rfymm5etch0","nativeTimestampMs":27252325.514,"nativeDurationMs":60,"nativeOffsetMs":10.214144002646208,"nativeSequence":7,"monotonicTimestampMs":27252325.514,"nativeExpectedTimestampMs":27252317.47,"nativeStartSkewMs":8.044,"nativeBatchElapsedMs":1088.044,"nativeExpectedSincePriorMs":240,"nativeSincePriorMs":241.68,"nativePatternStartMs":27251237.47,"nativeAgeMs":10.071}
10-11 19:44:26.159 12221 19570 I ReactNativeJS: [outputs] outputs.hapticSymbol {"timestamp":27252337.767414,"wallClock":1760226266159,"enabled":true,"symbol":".","durationMs":60,"platform":"android","source":"console.replay","correlationId":"console-replay:mgmx9rfymm5etch0","timelineOffsetMs":null}
10-11 19:44:26.161 12221 19570 I ReactNativeJS: [outputs] outputs.flashPulse {"timestamp":27252339.643925,"wallClock":1760226266161,"enabled":true,"durationMs":60,"source":"console.replay","correlationId":"console-replay:mgmx9rfymm5etch0","timelineOffsetMs":10.214144002646208,"schedulingMode":"timeline","audioStartHeadroomMs":-30.15897700190544,"audioStartGuard":"headroom","audioStartCompensationMs":30.15897700190544}
10-11 19:44:26.208 12221 19914 D OutputsAudio: [outputs-audio] stop gain=1.000 release=6.00
10-11 19:44:26.225 12221 19570 I ReactNativeJS: [outputs] outputs.flashPulse.commit {"timestamp":27252403.173404,"wallClock":1760226266224,"durationMs":60,"source":"console.replay","correlationId":"console-replay:mgmx9rfymm5etch0","latencyMs":67.4355199970305,"timelineOffsetMs":10.214144002646208,"leadMs":8,"scheduleSkewMs":63.532134998589754,"schedulingMode":"timeline","audioStartHeadroomMs":-30.15897700190544,"audioStartGuard":"headroom","audioStartCompensationMs":30.15897700190544}
10-11 19:44:26.268 12221 19914 D OutputsAudio: [outputs-audio] start hz=650.0 gain=1.000 attack=2.50 release=6.00
10-11 19:44:26.269 12221 19914 D OutputsAudio: [outputs-audio] playMorse.symbol.start sequence=8 symbol=. expected=27252437.470 actual=27252447.610 skew=10.140 batchElapsed=1210.140
10-11 19:44:26.290 12221 19570 D OutputsAudio: [outputs-audio] symbol.info sequence=8 symbol=. timestamp=27252447.610 duration=60.000 expected=27252437.470 skew=10.140 age=21.066
10-11 19:44:26.291 12221 19570 I ReactNativeJS: [outputs] playMorse.symbol {"timestamp":27252468.90455,"wallClock":1760226266290,"symbol":".","durationMs":60,"index":7,"source":"console.replay","correlationId":"console-replay:2bfxcjk7","nativeTimestampMs":27252447.61,"nativeDurationMs":60,"nativeOffsetMs":21.208248000591993,"nativeSequence":8,"monotonicTimestampMs":27252447.61,"nativeExpectedTimestampMs":27252437.47,"nativeStartSkewMs":10.14,"nativeBatchElapsedMs":1210.14,"nativeExpectedSincePriorMs":120,"nativeSincePriorMs":122.096,"nativePatternStartMs":27251237.47,"nativeAgeMs":21.066}
10-11 19:44:26.292 12221 19570 I ReactNativeJS: [outputs] playMorse.symbol {"timestamp":27252470.030227,"wallClock":1760226266291,"symbol":".","durationMs":60,"index":7,"source":"console.replay","correlationId":"console-replay:mgmx9rjn4mj29gag","nativeTimestampMs":27252447.61,"nativeDurationMs":60,"nativeOffsetMs":21.208248000591993,"nativeSequence":8,"monotonicTimestampMs":27252447.61,"nativeExpectedTimestampMs":27252437.47,"nativeStartSkewMs":10.14,"nativeBatchElapsedMs":1210.14,"nativeExpectedSincePriorMs":120,"nativeSincePriorMs":122.096,"nativePatternStartMs":27251237.47,"nativeAgeMs":21.066}
10-11 19:44:26.292 12221 19570 I ReactNativeJS: [outputs] outputs.hapticSymbol {"timestamp":27252470.697883,"wallClock":1760226266292,"enabled":true,"symbol":".","durationMs":60,"platform":"android","source":"console.replay","correlationId":"console-replay:mgmx9rjn4mj29gag","timelineOffsetMs":null}
10-11 19:44:26.293 12221 19570 I ReactNativeJS: [outputs] outputs.flashPulse {"timestamp":27252471.792466,"wallClock":1760226266293,"enabled":true,"durationMs":60,"source":"console.replay","correlationId":"console-replay:mgmx9rjn4mj29gag","timelineOffsetMs":21.208248000591993,"schedulingMode":"timeline","audioStartHeadroomMs":-42.30798700079322,"audioStartGuard":"headroom","audioStartCompensationMs":42.30798700079322}
10-11 19:44:26.329 12221 19914 D OutputsAudio: [outputs-audio] stop gain=1.000 release=6.00
10-11 19:44:26.351 12221 19570 I ReactNativeJS: [outputs] outputs.flashPulse.commit {"timestamp":27252529.59955,"wallClock":1760226266351,"durationMs":60,"source":"console.replay","correlationId":"console-replay:mgmx9rjn4mj29gag","latencyMs":60.77197900041938,"timelineOffsetMs":21.208248000591993,"leadMs":8,"scheduleSkewMs":57.809999998658895,"schedulingMode":"timeline","audioStartHeadroomMs":-42.30798700079322,"audioStartGuard":"headroom","audioStartCompensationMs":42.30798700079322}
10-11 19:44:26.390 12221 19914 D OutputsAudio: [outputs-audio] start hz=650.0 gain=1.000 attack=2.50 release=6.00
10-11 19:44:26.390 12221 19914 D OutputsAudio: [outputs-audio] playMorse.symbol.start sequence=9 symbol=. expected=27252557.470 actual=27252568.987 skew=11.517 batchElapsed=1331.517
10-11 19:44:26.402 12221 19570 D OutputsAudio: [outputs-audio] symbol.info sequence=9 symbol=. timestamp=27252568.987 duration=60.000 expected=27252557.470 skew=11.517 age=11.801
10-11 19:44:26.402 12221 19570 I ReactNativeJS: [outputs] playMorse.symbol {"timestamp":27252580.912779,"wallClock":1760226266402,"symbol":".","durationMs":60,"index":8,"source":"console.replay","correlationId":"console-replay:ao9v1985","nativeTimestampMs":27252568.987,"nativeDurationMs":60,"nativeOffsetMs":11.876924999058247,"nativeSequence":9,"monotonicTimestampMs":27252568.987,"nativeExpectedTimestampMs":27252557.47,"nativeStartSkewMs":11.517,"nativeBatchElapsedMs":1331.517,"nativeExpectedSincePriorMs":120,"nativeSincePriorMs":121.377,"nativePatternStartMs":27251237.47,"nativeAgeMs":11.801}
10-11 19:44:26.403 12221 19570 I ReactNativeJS: [outputs] playMorse.symbol {"timestamp":27252581.53106,"wallClock":1760226266402,"symbol":".","durationMs":60,"index":8,"source":"console.replay","correlationId":"console-replay:mgmx9rmqq8tosal0","nativeTimestampMs":27252568.987,"nativeDurationMs":60,"nativeOffsetMs":11.876924999058247,"nativeSequence":9,"monotonicTimestampMs":27252568.987,"nativeExpectedTimestampMs":27252557.47,"nativeStartSkewMs":11.517,"nativeBatchElapsedMs":1331.517,"nativeExpectedSincePriorMs":120,"nativeSincePriorMs":121.377,"nativePatternStartMs":27251237.47,"nativeAgeMs":11.801}
10-11 19:44:26.403 12221 19570 I ReactNativeJS: [outputs] outputs.hapticSymbol {"timestamp":27252582.004185,"wallClock":1760226266403,"enabled":true,"symbol":".","durationMs":60,"platform":"android","source":"console.replay","correlationId":"console-replay:mgmx9rmqq8tosal0","timelineOffsetMs":null}
10-11 19:44:26.404 12221 19570 I ReactNativeJS: [outputs] outputs.flashPulse {"timestamp":27252582.735331,"wallClock":1760226266404,"enabled":true,"durationMs":60,"source":"console.replay","correlationId":"console-replay:mgmx9rmqq8tosal0","timelineOffsetMs":11.876924999058247,"schedulingMode":"timeline","audioStartHeadroomMs":-33.25533100217581,"audioStartGuard":"headroom","audioStartCompensationMs":33.25533100217581}
10-11 19:44:26.451 12221 19914 D OutputsAudio: [outputs-audio] stop gain=1.000 release=6.00
10-11 19:44:26.459 12221 19570 I ReactNativeJS: [outputs] outputs.flashPulse.commit {"timestamp":27252637.2108,"wallClock":1760226266458,"durationMs":60,"source":"console.replay","correlationId":"console-replay:mgmx9rmqq8tosal0","latencyMs":56.338281001895666,"timelineOffsetMs":11.876924999058247,"leadMs":8,"scheduleSkewMs":54.47520799934864,"schedulingMode":"timeline","audioStartHeadroomMs":-33.25533100217581,"audioStartGuard":"headroom","audioStartCompensationMs":33.25533100217581}
10-11 19:44:26.511 12221 19914 D OutputsAudio: [outputs-audio] start hz=650.0 gain=1.000 attack=2.50 release=6.00
10-11 19:44:26.511 12221 19914 D OutputsAudio: [outputs-audio] playMorse.symbol.start sequence=10 symbol=- expected=27252677.470 actual=27252690.009 skew=12.539 batchElapsed=1452.539
10-11 19:44:26.526 12221 19570 D OutputsAudio: [outputs-audio] symbol.info sequence=10 symbol=- timestamp=27252690.009 duration=180.000 expected=27252677.470 skew=12.539 age=15.355
10-11 19:44:26.527 12221 19570 I ReactNativeJS: [outputs] playMorse.symbol {"timestamp":27252705.535956,"wallClock":1760226266526,"symbol":"-","durationMs":180,"index":9,"source":"console.replay","correlationId":"console-replay:wgl0a7no","nativeTimestampMs":27252690.009,"nativeDurationMs":180,"nativeOffsetMs":15.460914000868797,"nativeSequence":10,"monotonicTimestampMs":27252690.009,"nativeExpectedTimestampMs":27252677.47,"nativeStartSkewMs":12.539,"nativeBatchElapsedMs":1452.539,"nativeExpectedSincePriorMs":120,"nativeSincePriorMs":121.021,"nativePatternStartMs":27251237.47,"nativeAgeMs":15.355}
10-11 19:44:26.528 12221 19570 I ReactNativeJS: [outputs] playMorse.symbol {"timestamp":27252706.330383,"wallClock":1760226266527,"symbol":"-","durationMs":180,"index":9,"source":"console.replay","correlationId":"console-replay:mgmx9rq7eszgc5cf","nativeTimestampMs":27252690.009,"nativeDurationMs":180,"nativeOffsetMs":15.460914000868797,"nativeSequence":10,"monotonicTimestampMs":27252690.009,"nativeExpectedTimestampMs":27252677.47,"nativeStartSkewMs":12.539,"nativeBatchElapsedMs":1452.539,"nativeExpectedSincePriorMs":120,"nativeSincePriorMs":121.021,"nativePatternStartMs":27251237.47,"nativeAgeMs":15.355}
10-11 19:44:26.528 12221 19570 I ReactNativeJS: [outputs] outputs.hapticSymbol {"timestamp":27252706.792466,"wallClock":1760226266528,"enabled":true,"symbol":"-","durationMs":180,"platform":"android","source":"console.replay","correlationId":"console-replay:mgmx9rq7eszgc5cf","timelineOffsetMs":null}
10-11 19:44:26.529 12221 19570 I ReactNativeJS: [outputs] outputs.flashPulse {"timestamp":27252707.556737,"wallClock":1760226266528,"enabled":true,"durationMs":180,"source":"console.replay","correlationId":"console-replay:mgmx9rq7eszgc5cf","timelineOffsetMs":15.460914000868797,"schedulingMode":"timeline","audioStartHeadroomMs":-38.0764250010252,"audioStartGuard":"headroom","audioStartCompensationMs":38.0764250010252}
10-11 19:44:26.591 12221 19570 I ReactNativeJS: [outputs] outputs.flashPulse.commit {"timestamp":27252769.541789,"wallClock":1760226266590,"durationMs":180,"source":"console.replay","correlationId":"console-replay:mgmx9rq7eszgc5cf","latencyMs":64.06156300008297,"timelineOffsetMs":15.460914000868797,"leadMs":8,"scheduleSkewMs":61.98338599875569,"schedulingMode":"timeline","audioStartHeadroomMs":-38.0764250010252,"audioStartGuard":"headroom","audioStartCompensationMs":38.0764250010252}
10-11 19:44:26.691 12221 19914 D OutputsAudio: [outputs-audio] stop gain=1.000 release=6.00
10-11 19:44:26.752 12221 19914 D OutputsAudio: [outputs-audio] start hz=650.0 gain=1.000 attack=2.50 release=6.00
10-11 19:44:26.752 12221 19914 D OutputsAudio: [outputs-audio] playMorse.symbol.start sequence=11 symbol=- expected=27252917.470 actual=27252931.450 skew=13.980 batchElapsed=1693.980
10-11 19:44:26.758 12221 19570 D OutputsAudio: [outputs-audio] symbol.info sequence=11 symbol=- timestamp=27252931.450 duration=180.000 expected=27252917.470 skew=13.980 age=5.910
10-11 19:44:26.761 12221 19570 I ReactNativeJS: [outputs] playMorse.symbol {"timestamp":27252937.63257,"wallClock":1760226266759,"symbol":"-","durationMs":180,"index":10,"source":"console.replay","correlationId":"console-replay:ixd81xa2","nativeTimestampMs":27252931.45,"nativeDurationMs":180,"nativeOffsetMs":6.078352000564337,"nativeSequence":11,"monotonicTimestampMs":27252931.45,"nativeExpectedTimestampMs":27252917.47,"nativeStartSkewMs":13.98,"nativeBatchElapsedMs":1693.98,"nativeExpectedSincePriorMs":240,"nativeSincePriorMs":241.442,"nativePatternStartMs":27251237.47,"nativeAgeMs":5.91}
10-11 19:44:26.763 12221 19570 I ReactNativeJS: [outputs] playMorse.symbol {"timestamp":27252940.51882,"wallClock":1760226266761,"symbol":"-","durationMs":180,"index":10,"source":"console.replay","correlationId":"console-replay:mgmx9rwp8oigtdxk","nativeTimestampMs":27252931.45,"nativeDurationMs":180,"nativeOffsetMs":6.078352000564337,"nativeSequence":11,"monotonicTimestampMs":27252931.45,"nativeExpectedTimestampMs":27252917.47,"nativeStartSkewMs":13.98,"nativeBatchElapsedMs":1693.98,"nativeExpectedSincePriorMs":240,"nativeSincePriorMs":241.442,"nativePatternStartMs":27251237.47,"nativeAgeMs":5.91}
10-11 19:44:26.764 12221 19570 I ReactNativeJS: [outputs] outputs.hapticSymbol {"timestamp":27252941.942258,"wallClock":1760226266763,"enabled":true,"symbol":"-","durationMs":180,"platform":"android","source":"console.replay","correlationId":"console-replay:mgmx9rwp8oigtdxk","timelineOffsetMs":null}
10-11 19:44:26.765 12221 19570 I ReactNativeJS: [outputs] outputs.flashPulse {"timestamp":27252943.647258,"wallClock":1760226266765,"enabled":true,"durationMs":180,"source":"console.replay","correlationId":"console-replay:mgmx9rwp8oigtdxk","timelineOffsetMs":6.078352000564337,"schedulingMode":"timeline","audioStartHeadroomMs":-34.1590810008347,"audioStartGuard":"headroom","audioStartCompensationMs":34.1590810008347}
10-11 19:44:26.835 12221 19570 I ReactNativeJS: [outputs] outputs.flashPulse.commit {"timestamp":27253013.607727,"wallClock":1760226266835,"durationMs":180,"source":"console.replay","correlationId":"console-replay:mgmx9rwp8oigtdxk","latencyMs":76.06895799934864,"timelineOffsetMs":6.078352000564337,"leadMs":8,"scheduleSkewMs":69.96541699767113,"schedulingMode":"timeline","audioStartHeadroomMs":-34.1590810008347,"audioStartGuard":"headroom","audioStartCompensationMs":34.1590810008347}
10-11 19:44:26.933 12221 19914 D OutputsAudio: [outputs-audio] stop gain=1.000 release=6.00
